02-19 23:07:03.536  4449  4467 V WindowManagerShell: onTransitionReady (#1291) android.os.BinderProxy@c350f93: {id=1291 t=OPEN f=0x0 trk=0 r=[0@Point(0, 0)] c=[
02-19 23:07:03.536  4449  4467 V WindowManagerShell:         {m=OPEN f=NONE leash=Surface(name=Task=241)/@0x496d77e sb=Rect(0, 0 - 1080, 2400) eb=Rect(0, 0 - 1080, 2400) epz=Point(1080, 2400) d=0 taskParent=-1},
02-19 23:07:03.536  4449  4467 V WindowManagerShell:         {m=TO_BACK f=SHOW_WALLPAPER leash=Surface(name=Task=1)/@0x35654df sb=Rect(0, 0 - 1080, 2400) eb=Rect(0, 0 - 1080, 2400) epz=Point(1080, 2400) d=0 taskParent=-1},
02-19 23:07:03.536  4449  4467 V WindowManagerShell:         {m=TO_BACK f=IS_WALLPAPER leash=Surface(name=WallpaperWindowToken{35e0c0f showWhenLocked=false})/@0xd18452c sb=Rect(0, 0 - 1080, 2400) eb=Rect(0, 0 - 1080, 2400) epz=Point(1080, 2400) d=0}
02-19 23:07:03.536  4449  4467 V WindowManagerShell:     ]}
02-19 23:07:03.537  4449  4467 V WindowManagerShell: Playing animation for (#1291) android.os.BinderProxy@c350f93@0
02-19 23:07:03.538  4449  4467 V ShellRecents: RecentsTransitionHandler.startAnimation: no controller found
02-19 23:07:03.538  4449  4467 V WindowManagerShell: Transition doesn't have explicit remote, search filters for match for {id=1291 t=OPEN f=0x0 trk=0 r=[0@Point(0, 0)] c=[{m=OPEN f=NONE leash=Surface(name=Task=241)/@0x496d77e sb=Rect(0, 0 - 1080, 2400) eb=Rect(0, 0 - 1080, 2400) epz=Point(1080, 2400) d=0 taskParent=-1},{m=TO_BACK f=SHOW_WALLPAPER leash=Surface(name=Task=1)/@0x35654df sb=Rect(0, 0 - 1080, 2400) eb=Rect(0, 0 - 1080, 2400) epz=Point(1080, 2400) d=0 taskParent=-1},{m=TO_BACK f=IS_WALLPAPER leash=Surface(name=WallpaperWindowToken{35e0c0f showWhenLocked=false})/@0xd18452c sb=Rect(0, 0 - 1080, 2400) eb=Rect(0, 0 - 1080, 2400) epz=Point(1080, 2400) d=0}]}
02-19 23:07:03.538  4449  4467 V WindowManagerShell:  Checking filter Pair{{types=[] flags=0x0] notFlags=0x0 checks=[{atype=undefined independent=true modes=[CLOSE,TO_BACK] flags=IN_TASK_WITH_EMBEDDED_ACTIVITY mustBeTask=false order=ANY topActivity=null launchCookie=null taskFragmentToken=android.os.BinderProxy@71546f0 windowingMode=undefined}]} RemoteTransition { remoteTransition = android.window.IRemoteTransition$Stub$Proxy@d4c8469, appThread = android.app.IApplicationThread$Stub$Proxy@c228eee, debugName = overlayBackTransition }}
02-19 23:07:03.538  4449  4467 V WindowManagerShell:  Checking filter Pair{{types=[] flags=0x0] notFlags=0x0 checks=[{atype=dream independent=true modes=[OPEN,TO_FRONT] flags=NONE mustBeTask=false order=ANY topActivity=null launchCookie=null windowingMode=undefined},{atype=home independent=true modes=[CLOSE,TO_BACK] flags=NONE mustBeTask=false order=ANY topActivity=null launchCookie=null windowingMode=undefined}]} RemoteTransition { remoteTransition = android.window.IRemoteTransition$Stub$Proxy@c578f8f, appThread = android.app.IApplicationThread$Stub$Proxy@69fe21c, debugName = LauncherToDream }}
02-19 23:07:03.538  4449  4467 V WindowManagerShell:  Checking filter Pair{{types=[] flags=0x0] notFlags=0x100 checks=[{atype=home independent=true modes=[OPEN,TO_FRONT] flags=NONE mustBeTask=false order=TOP topActivity=ComponentInfo{com.google.android.apps.nexuslauncher/com.google.android.apps.nexuslauncher.NexusLauncherActivity} launchCookie=null windowingMode=undefined},{atype=standard independent=true modes=[CLOSE,TO_BACK] flags=NONE mustBeTask=false order=ANY topActivity=null launchCookie=null windowingMode=undefined},{NOT atype=undefined independent=true modes=[] flags=NONE mustBeTask=true order=ANY topActivity=null launchCookie=null customAnim=true windowingMode=undefined}]} RemoteTransition { remoteTransition = android.window.IRemoteTransition$Stub$Proxy@69ffe25, appThread = android.app.IApplicationThread$Stub$Proxy@72cabfa, debugName = QuickstepLaunchHome }}
02-19 23:07:03.538  4449  4467 V WindowManagerShell:  Checking filter Pair{{types=[] flags=0x0] notFlags=0x0 checks=[{atype=undefined independent=true modes=[CLOSE,TO_BACK] flags=IN_TASK_WITH_EMBEDDED_ACTIVITY mustBeTask=false order=ANY topActivity=null launchCookie=null taskFragmentToken=android.os.BinderProxy@71546f0 windowingMode=undefined}]} RemoteTransition { remoteTransition = android.window.IRemoteTransition$Stub$Proxy@7c795ab, appThread = android.app.IApplicationThread$Stub$Proxy@cd70408, debugName = overlayBackTransition }}
02-19 23:07:03.538  4449  4467 V WindowManagerShell:  Checking filter Pair{{types=[] flags=0x0] notFlags=0x0 checks=[{atype=dream independent=true modes=[OPEN,TO_FRONT] flags=NONE mustBeTask=false order=ANY topActivity=null launchCookie=null windowingMode=undefined},{atype=home independent=true modes=[CLOSE,TO_BACK] flags=NONE mustBeTask=false order=ANY topActivity=null launchCookie=null windowingMode=undefined}]} RemoteTransition { remoteTransition = android.window.IRemoteTransition$Stub$Proxy@f757a1, appThread = android.app.IApplicationThread$Stub$Proxy@d898dc6, debugName = LauncherToDream }}
02-19 23:07:03.538  4449  4467 V WindowManagerShell:  Checking filter Pair{{types=[] flags=0x0] notFlags=0x100 checks=[{atype=home independent=true modes=[OPEN,TO_FRONT] flags=NONE mustBeTask=false order=TOP topActivity=ComponentInfo{com.google.android.apps.nexuslauncher/com.google.android.apps.nexuslauncher.NexusLauncherActivity} launchCookie=null windowingMode=undefined},{atype=standard independent=true modes=[CLOSE,TO_BACK] flags=NONE mustBeTask=false order=ANY topActivity=null launchCookie=null windowingMode=undefined},{NOT atype=undefined independent=true modes=[] flags=NONE mustBeTask=true order=ANY topActivity=null launchCookie=null customAnim=true windowingMode=undefined}]} RemoteTransition { remoteTransition = android.window.IRemoteTransition$Stub$Proxy@9e7e187, appThread = android.app.IApplicationThread$Stub$Proxy@3dc58b4, debugName = QuickstepLaunchHome }}
02-19 23:07:03.538  4449  4467 V WindowManagerShell:  Delegate animation for (#1291) to null
02-19 23:07:03.539  4449  4467 V WindowManagerShell: start default transition animation, info = {id=1291 t=OPEN f=0x0 trk=0 r=[0@Point(0, 0)] c=[{m=OPEN f=NONE leash=Surface(name=Task=241)/@0x496d77e sb=Rect(0, 0 - 1080, 2400) eb=Rect(0, 0 - 1080, 2400) epz=Point(1080, 2400) d=0 taskParent=-1},{m=TO_BACK f=SHOW_WALLPAPER leash=Surface(name=Task=1)/@0x35654df sb=Rect(0, 0 - 1080, 2400) eb=Rect(0, 0 - 1080, 2400) epz=Point(1080, 2400) d=0 taskParent=-1},{m=TO_BACK f=IS_WALLPAPER leash=Surface(name=WallpaperWindowToken{35e0c0f showWhenLocked=false})/@0xd18452c sb=Rect(0, 0 - 1080, 2400) eb=Rect(0, 0 - 1080, 2400) epz=Point(1080, 2400) d=0}]}
02-19 23:07:03.539  4449  4467 V WindowManagerShell: loadAnimation: anim=android.view.animation.AnimationSet@a44ed8a animAttr=0x13 type=OPEN isEntrance=false
02-19 23:07:03.539  4449  4467 V WindowManagerShell: loadAnimation: anim=android.view.animation.AnimationSet@2755ffb animAttr=0x12 type=OPEN isEntrance=true
02-19 23:07:03.542  4449  4467 V WindowManagerShell:  animated by com.android.wm.shell.transition.DefaultTransitionHandler@f74d823
02-19 23:07:03.766 14485 14585 W okhttp.OkHttpClient: A connection to http://localhost:8081/ was leaked. Did you forget to close a response body? To see where this was allocated, set the OkHttpClient logger level to FINE: Logger.getLogger(OkHttpClient.class.getName()).setLevel(Level.FINE);
02-19 23:07:03.821   537   537 W adbd    : timeout expired while flushing socket, closing
02-19 23:07:03.848   752   969 D ActivityManager: freezing 19378 com.google.android.webview:webview_service
02-19 23:07:03.855   752  2503 D CoreBackPreview: Window{2fdc95 u0 viva.republica.toss.test/im.toss.rn.granite.core.GraniteActivity}: Setting back callback OnBackInvokedCallbackInfo{mCallback=android.window.IOnBackInvokedCallback$Stub$Proxy@97ead11, mPriority=0, mIsAnimationCallback=false, mOverrideBehavior=0}
02-19 23:07:03.855 14485 14485 W unknown:ReactRootView: Unable to update root layout specs for uninitialized ReactInstanceManager
02-19 23:07:03.862   752  1029 D InetDiagMessage: Destroyed 0 sockets, proto=IPPROTO_TCP, family=AF_INET, states=14
02-19 23:07:03.865   752  1029 D InetDiagMessage: Destroyed 0 sockets, proto=IPPROTO_TCP, family=AF_INET6, states=14
02-19 23:07:03.866   752  1029 D InetDiagMessage: Destroyed live tcp sockets for uids={10168} in 7ms
02-19 23:07:03.895  4449  4467 V WindowManagerShell: Transition animation finished (aborted=false), notifying core (#1291) android.os.BinderProxy@c350f93@0
02-19 23:07:03.911   752   794 V WindowManager: Finish Transition (#1291): created at 02-19 23:07:03.166 collect-started=0.249ms request-sent=31.828ms started=53.723ms ready=100.9ms sent=365.385ms commit=53.298ms finished=740.315ms
02-19 23:07:03.919 19166 19166 D VRI[NexusLauncherActivity]: visibilityChanged oldVisibility=true newVisibility=false
02-19 23:07:03.922  4449  4467 V WindowManagerShell: Track 0 became idle
02-19 23:07:03.922  4449  4467 V WindowManagerShell: All active transition animations finished
02-19 23:07:03.937 19166 19166 D NexusLauncherModelDelegate: notifySmartspaceEvent: SmartspaceTargetEvent{mSmartspaceTarget=null, mSmartspaceActionId='null', mEventType=7}
02-19 23:07:03.955   752   794 I ActivityTaskManager: Displayed viva.republica.toss.test/im.toss.rn.granite.core.GraniteActivity for user 0: +786ms
02-19 23:07:04.070   752   989 I ImeTracker: viva.republica.toss.test:7ae55c13: onRequestHide at ORIGIN_SERVER reason HIDE_UNSPECIFIED_WINDOW fromUser false
02-19 23:07:04.075 14485 14485 D InsetsController: hide(ime(), fromIme=false)
02-19 23:07:04.075 14485 14485 I ImeTracker: viva.republica.toss.test:7ae55c13: onCancelled at PHASE_CLIENT_ALREADY_HIDDEN
02-19 23:07:04.125 20022 20022 I GoogleInputMethodService: GoogleInputMethodService.onFinishInput():2043 
02-19 23:07:04.128 20022 20022 I Module  : DeviceLockedStatusModuleProvider$Module.updateDeviceLockedStatus():100 repeatCheckTimes = 0, locked = false
02-19 23:07:04.129   752  1509 I ImeTracker: system_server:9e929b43: onRequestHide at ORIGIN_SERVER reason IME_REQUESTED_CHANGED_LISTENER fromUser false
02-19 23:07:04.138 20022 20022 I GoogleInputMethodService: GoogleInputMethodService.onStartInput():1293 onStartInput(EditorInfo{EditorInfo{packageName=viva.republica.toss.test, inputType=0, inputTypeString=NULL, enableLearning=false, autoCorrection=false, autoComplete=false, imeOptions=0, privateImeOptions=null, actionName=UNSPECIFIED, actionLabel=null, initialSelStart=-1, initialSelEnd=-1, initialCapsMode=0, label=null, fieldId=0, fieldName=null, extras=null, hintText=null, hintLocales=[]}}, false)
02-19 23:07:04.141 20022 20022 I EmojiCompatManager: EmojiCompatManager.getEmojiCompatIfLoaded():343 EmojiCompat.init() was never called.
02-19 23:07:04.141 20022 20022 I EmojiCompatManager: java.lang.IllegalStateException: EmojiCompat is not initialized. Please call EmojiCompat.init() first
02-19 23:07:04.141 20022 20022 I EmojiCompatManager: 	at asx.p(PG:6)
02-19 23:07:04.141 20022 20022 I EmojiCompatManager: 	at axb.b(PG:13)
02-19 23:07:04.141 20022 20022 I EmojiCompatManager: 	at jnr.b(PG:2)
02-19 23:07:04.141 20022 20022 I EmojiCompatManager: 	at jnr.c(PG:4)
02-19 23:07:04.141 20022 20022 I EmojiCompatManager: 	at jnr.f(PG:3)
02-19 23:07:04.141 20022 20022 I EmojiCompatManager: 	at jnx.c(PG:3)
02-19 23:07:04.141 20022 20022 I EmojiCompatManager: 	at kif.cz(PG:47)
02-19 23:07:04.141 20022 20022 I EmojiCompatManager: 	at lhl.run(PG:1025)
02-19 23:07:04.141 20022 20022 I EmojiCompatManager: 	at jaf.execute(PG:12)
02-19 23:07:04.141 20022 20022 I EmojiCompatManager: 	at nco.v(PG:13)
02-19 23:07:04.141 20022 20022 I EmojiCompatManager: 	at lhn.m(PG:96)
02-19 23:07:04.141 20022 20022 I EmojiCompatManager: 	at lhn.k(PG:25)
02-19 23:07:04.141 20022 20022 I EmojiCompatManager: 	at kgn.onStartInput(PG:250)
02-19 23:07:04.141 20022 20022 I EmojiCompatManager: 	at android.inputmethodservice.InputMethodService.doStartInput(InputMethodService.java:3521)
02-19 23:07:04.141 20022 20022 I EmojiCompatManager: 	at android.inputmethodservice.InputMethodService$InputMethodImpl.startInput(InputMethodService.java:879)
02-19 23:07:04.141 20022 20022 I EmojiCompatManager: 	at android.inputmethodservice.InputMethodService$InputMethodImpl.dispatchStartInput(InputMethodService.java:908)
02-19 23:07:04.141 20022 20022 I EmojiCompatManager: 	at android.inputmethodservice.IInputMethodWrapper.executeMessage(IInputMethodWrapper.java:201)
02-19 23:07:04.141 20022 20022 I EmojiCompatManager: 	at com.android.internal.os.HandlerCaller$MyHandler.handleMessage(HandlerCaller.java:44)
02-19 23:07:04.141 20022 20022 I EmojiCompatManager: 	at android.os.Handler.dispatchMessage(Handler.java:110)
02-19 23:07:04.141 20022 20022 I EmojiCompatManager: 	at android.os.Looper.loopOnce(Looper.java:248)
02-19 23:07:04.141 20022 20022 I EmojiCompatManager: 	at android.os.Looper.loop(Looper.java:338)
02-19 23:07:04.141 20022 20022 I EmojiCompatManager: 	at android.app.ActivityThread.main(ActivityThread.java:9067)
02-19 23:07:04.141 20022 20022 I EmojiCompatManager: 	at java.lang.reflect.Method.invoke(Native Method)
02-19 23:07:04.141 20022 20022 I EmojiCompatManager: 	at com.android.internal.os.RuntimeInit$MethodAndArgsCaller.run(RuntimeInit.java:593)
02-19 23:07:04.141 20022 20022 I EmojiCompatManager: 	at com.android.internal.os.ZygoteInit.main(ZygoteInit.java:932)
02-19 23:07:04.155 20022 20022 I Module  : DeviceLockedStatusModuleProvider$Module.updateDeviceLockedStatus():100 repeatCheckTimes = 1, locked = false
02-19 23:07:04.182   752   797 W IPCThreadState: Sending oneway calls to frozen process.
02-19 23:07:04.201   752   797 W IPCThreadState: Sending oneway calls to frozen process.
02-19 23:07:04.220   752   797 W IPCThreadState: Sending oneway calls to frozen process.
02-19 23:07:04.221 19166 19166 D BaseDepthController: setSurface:
02-19 23:07:04.221 19166 19166 D BaseDepthController: 	mWaitingOnSurfaceValidity: false
02-19 23:07:04.221 19166 19166 D BaseDepthController: 	mBaseSurface: null
02-19 23:07:04.221   752   797 W IPCThreadState: Sending oneway calls to frozen process.
02-19 23:07:04.222 19166 19166 D BaseDepthController: mSurface is null and mCurrentBlur is: 0
02-19 23:07:04.225 19166 19166 D StateManager: goToState - fromState: Normal, toState: Normal, partial trace:
02-19 23:07:04.225 19166 19166 D StateManager: 	at com.android.launcher3.statemanager.StateManager.moveToRestState(go/retraceme 72a59688580715d19f0e415c69e80376c2f062d1648c80db6730905005a27c20:4)
02-19 23:07:04.225 19166 19166 D StateManager: 	at com.android.launcher3.statemanager.StateManager.moveToRestState(go/retraceme 72a59688580715d19f0e415c69e80376c2f062d1648c80db6730905005a27c20:1)
02-19 23:07:04.225 19166 19166 D StateManager: 	at com.android.launcher3.statemanager.StatefulActivity.onStop(go/retraceme 72a59688580715d19f0e415c69e80376c2f062d1648c80db6730905005a27c20:34)
02-19 23:07:04.226   752   797 W IPCThreadState: Sending oneway calls to frozen process.
02-19 23:07:04.239   752   797 W IPCThreadState: Sending oneway calls to frozen process.
02-19 23:07:04.247   752  1509 W PackageConfigPersister: App-specific configuration not found for packageName: viva.republica.toss.test and userId: 0
02-19 23:07:04.251 20022 20022 W NotificationCenter: NotificationCenter$NotificationQueue.notifyPendingNotificationsOnExecutor():877 Heavy notify work detected on UI thread: [kig->jjs] takes 95ms
02-19 23:07:04.261   752   797 I ImeTracker: system_server:9e929b43: onCancelled at PHASE_SERVER_SHOULD_HIDE
02-19 23:07:04.305 14485 14680 W unknown:InspectorPackagerConnection: Couldn't connect to packager, will silently retry
02-19 23:07:04.249 19166 19166 D StatsLog: LAUNCHER_ONSTOP
02-19 23:07:04.309 19166 19172 W System  : A resource failed to call release. 
02-19 23:07:04.309 19166 19172 W System  : A resource failed to call release. 
02-19 23:07:04.309 19166 19172 W System  : A resource failed to call release. 
02-19 23:07:04.316 19166 19166 D StatsLog: LAUNCHER_GOOGLE_SEARCH_RESTORE_LIST_SIZE_AFTER_ACTIVITY_RESTART
02-19 23:07:04.328 14485 14682 W unknown:ReconnectingWebSocket: Couldn't connect to "ws://10.0.2.2:8081/message?device=sdk_gphone64_x86_64%20-%2016%20-%20API%2036&app=viva.republica.toss.test&clientid=BridgeDevSupportManager", will silently retry
02-19 23:07:04.332   615 17673 W IPCThreadState: Sending oneway calls to frozen process.
02-19 23:07:04.337   752  1095 D BackgroundInstallControlService: Package event received: 0
02-19 23:07:04.389   752  1509 W IPCThreadState: Sending oneway calls to frozen process.
02-19 23:07:04.389   752  1509 W IPCThreadState: Sending oneway calls to frozen process.
02-19 23:07:04.390   752  1509 W IPCThreadState: Sending oneway calls to frozen process.
02-19 23:07:04.390 14485 14485 E unknown:ReactRootView: Unhandled SoftException
02-19 23:07:04.390 14485 14485 E unknown:ReactRootView: com.facebook.react.uimanager.IllegalViewOperationException: Trying to attach a ReactRootView with an explicit id already set to [2131362676]. React Native uses the id field to track react tags and will overwrite this field. If that is fine, explicitly overwrite the id field to View.NO_ID.
02-19 23:07:04.390 14485 14485 E unknown:ReactRootView: 	at com.facebook.react.ReactRootView.attachToReactInstanceManager(:799)
02-19 23:07:04.390 14485 14485 E unknown:ReactRootView: 	at com.facebook.react.ReactRootView.startReactApplication(:509)
02-19 23:07:04.390 14485 14485 E unknown:ReactRootView: 	at com.facebook.react.ReactRootView.startReactApplication(:469)
02-19 23:07:04.390 14485 14485 E unknown:ReactRootView: 	at im.toss.rn.granite.core.GraniteActivity.write(:486)
02-19 23:07:04.390 14485 14485 E unknown:ReactRootView: 	at im.toss.rn.granite.core.GraniteActivity.RemoteActionCompatParcelizer(:124)
02-19 23:07:04.390 14485 14485 E unknown:ReactRootView: 	at im.toss.rn.granite.core.GraniteActivity$RemoteActionCompatParcelizer.IconCompatParcelizer(:65353)
02-19 23:07:04.390 14485 14485 E unknown:ReactRootView: 	at o.sh.a_(:33)
02-19 23:07:04.390 14485 14485 E unknown:ReactRootView: 	at o.xP.run(:100)
02-19 23:07:04.390 14485 14485 E unknown:ReactRootView: 	at android.os.Handler.handleCallback(Handler.java:995)
02-19 23:07:04.390 14485 14485 E unknown:ReactRootView: 	at android.os.Handler.dispatchMessage(Handler.java:103)
02-19 23:07:04.390 14485 14485 E unknown:ReactRootView: 	at android.os.Looper.loopOnce(Looper.java:248)
02-19 23:07:04.390 14485 14485 E unknown:ReactRootView: 	at android.os.Looper.loop(Looper.java:338)
02-19 23:07:04.390 14485 14485 E unknown:ReactRootView: 	at android.app.ActivityThread.main(ActivityThread.java:9067)
02-19 23:07:04.390 14485 14485 E unknown:ReactRootView: 	at java.lang.reflect.Method.invoke(Native Method)
02-19 23:07:04.390 14485 14485 E unknown:ReactRootView: 	at com.android.internal.os.RuntimeInit$MethodAndArgsCaller.run(RuntimeInit.java:593)
02-19 23:07:04.390 14485 14485 E unknown:ReactRootView: 	at com.android.internal.os.ZygoteInit.main(ZygoteInit.java:932)
02-19 23:07:04.390   752  1509 W IPCThreadState: Sending oneway calls to frozen process.
02-19 23:07:04.392   752  1509 W IPCThreadState: Sending oneway calls to frozen process.
02-19 23:07:04.392   752  1509 W IPCThreadState: Sending oneway calls to frozen process.
02-19 23:07:04.393   752  1509 W IPCThreadState: Sending oneway calls to frozen process.
02-19 23:07:04.393   752  1509 W IPCThreadState: Sending oneway calls to frozen process.
02-19 23:07:04.453  4449  4474 W WindowOnBackDispatcher: sendCancelIfRunning: isInProgress=false callback=android.view.ViewRootImpl$$ExternalSyntheticLambda13@5094fe7
02-19 23:07:04.461   752  1509 D CoreBackPreview: Window{28927c6 u0 Splash Screen viva.republica.toss.test EXITING}: Setting back callback null
02-19 23:07:04.541   752  1848 D CoreBackPreview: Window{7c2bab9 u0 PopupWindow:55a18d0}: Setting back callback OnBackInvokedCallbackInfo{mCallback=android.window.IOnBackInvokedCallback$Stub$Proxy@21ff65f, mPriority=0, mIsAnimationCallback=false, mOverrideBehavior=0}
02-19 23:07:05.465 14485 14485 I Ads     : JS: The jsLoaded GMSG has been sent (https://googleads.g.doubleclick.net/mads/static/sdk/native/sdk-core-v40.html:1025)
02-19 23:07:05.801 14485 14652 W libc    : Access denied finding property "vendor.mesa.vk.trace.per.submit"
02-19 23:07:05.801 14485 14652 W libc    : Access denied finding property "vendor.mesa.gallium.print.optio"
02-19 23:07:05.802 14485 14652 W libc    : Access denied finding property "vendor.mesa.vk.trace.frame"
02-19 23:07:05.811 14485 14652 W libc    : Access denied finding property "vendor.mesa.vk.wsi.headless.swa"
02-19 23:07:06.036 14485 14645 D nativeloader: Load /data/app/~~NUQj-rdXzuicW-16SIRtKA==/viva.republica.toss.test-Si406wFvb_sqEA2GTBV6RQ==/lib/x86_64/libreactnativeblob.so using class loader ns clns-9 (caller=<unknown>): ok
02-19 23:07:06.077 14485 14652 W chromium: [WARNING:viz_main_impl.cc(85)] VizNullHypothesis is disabled (not a warning)
02-19 23:07:06.216 14485 14485 E unknown:ReactNative: Unable to launch logbox because react was unable to create the root view
02-19 23:07:06.453   752  2503 D CompatChangeReporter: Compat change id reported: 297989574; UID 10217; state: ENABLED
02-19 23:07:06.475 14485 14645 W unknown:ViewManagerPropertyUpdater: Could not find generated setter for class com.facebook.react.views.traceupdateoverlay.TraceUpdateOverlayManager
02-19 23:07:06.488 14485 14645 W unknown:ViewManagerPropertyUpdater: Could not find generated setter for class com.facebook.react.uimanager.LayoutShadowNode
02-19 23:07:06.493 14485 14645 W unknown:ViewManagerPropertyUpdater: Could not find generated setter for class com.facebook.react.views.drawer.ReactDrawerLayoutManager
02-19 23:07:06.495 14485 14645 W unknown:ViewManagerPropertyUpdater: Could not find generated setter for class com.facebook.react.views.scroll.ReactHorizontalScrollViewManager
02-19 23:07:06.505 14485 14645 W unknown:ViewManagerPropertyUpdater: Could not find generated setter for class com.facebook.react.views.scroll.ReactHorizontalScrollContainerViewManager
02-19 23:07:06.508 14485 14645 W unknown:ViewManagerPropertyUpdater: Could not find generated setter for class com.facebook.react.views.progressbar.ReactProgressBarViewManager
02-19 23:07:06.509 14485 14645 W unknown:ViewManagerPropertyUpdater: Could not find generated setter for class com.facebook.react.views.progressbar.ProgressBarShadowNode
02-19 23:07:06.511 14485 14645 W unknown:ViewManagerPropertyUpdater: Could not find generated setter for class com.facebook.react.views.scroll.ReactScrollViewManager
02-19 23:07:06.515 14485 14645 W unknown:ViewManagerPropertyUpdater: Could not find generated setter for class com.facebook.react.views.switchview.ReactSwitchManager
02-19 23:07:06.520 14485 14645 W unknown:ViewManagerPropertyUpdater: Could not find generated setter for class com.facebook.react.views.switchview.ReactSwitchManager$ReactSwitchShadowNode
02-19 23:07:06.520 14485 14645 W unknown:ViewManagerPropertyUpdater: Could not find generated setter for class com.facebook.react.views.swiperefresh.SwipeRefreshLayoutManager
02-19 23:07:06.527 14485 14645 W unknown:ViewManagerPropertyUpdater: Could not find generated setter for class com.facebook.react.views.text.frescosupport.FrescoBasedReactTextInlineImageViewManager
02-19 23:07:06.528 14485 14645 W unknown:ViewManagerPropertyUpdater: Could not find generated setter for class com.facebook.react.views.text.frescosupport.FrescoBasedReactTextInlineImageShadowNode
02-19 23:07:06.532 14485 14645 W unknown:ViewManagerPropertyUpdater: Could not find generated setter for class com.facebook.react.views.image.ReactImageManager
02-19 23:07:06.537 14485 14645 W unknown:ViewManagerPropertyUpdater: Could not find generated setter for class com.facebook.react.views.modal.ReactModalHostManager
02-19 23:07:06.539 14485 14645 W unknown:ViewManagerPropertyUpdater: Could not find generated setter for class com.facebook.react.views.modal.ModalHostShadowNode
02-19 23:07:06.541 14485 14645 W unknown:ViewManagerPropertyUpdater: Could not find generated setter for class com.facebook.react.views.text.ReactRawTextManager
02-19 23:07:06.544 14485 14645 W unknown:ViewManagerPropertyUpdater: Could not find generated setter for class com.facebook.react.views.text.ReactRawTextShadowNode
02-19 23:07:06.547 14485 14645 W unknown:ViewManagerPropertyUpdater: Could not find generated setter for class com.facebook.react.views.textinput.ReactTextInputManager
02-19 23:07:06.553 14691 14691 W dumpsys : Thread Pool max thread count is 0. Cannot cache binder as linkToDeath cannot be implemented. serviceName: window
02-19 23:07:06.554 14485 14645 W unknown:ViewManagerPropertyUpdater: Could not find generated setter for class com.facebook.react.views.textinput.ReactTextInputShadowNode
02-19 23:07:06.560 14485 14645 W unknown:ViewManagerPropertyUpdater: Could not find generated setter for class com.facebook.react.views.text.ReactTextViewManager
02-19 23:07:06.562 14485 14645 W unknown:ViewManagerPropertyUpdater: Could not find generated setter for class com.facebook.react.views.text.ReactTextShadowNode
02-19 23:07:06.564 14485 14645 W unknown:ViewManagerPropertyUpdater: Could not find generated setter for class com.facebook.react.views.view.ReactViewManager
02-19 23:07:06.572 14485 14645 W unknown:ViewManagerPropertyUpdater: Could not find generated setter for class com.facebook.react.views.text.ReactVirtualTextViewManager
02-19 23:07:06.573 14485 14645 W unknown:ViewManagerPropertyUpdater: Could not find generated setter for class com.facebook.react.views.text.ReactVirtualTextShadowNode
02-19 23:07:06.574 14485 14645 W unknown:ViewManagerPropertyUpdater: Could not find generated setter for class com.facebook.react.views.unimplementedview.ReactUnimplementedViewManager
02-19 23:07:06.576 14485 14645 W unknown:ViewManagerPropertyUpdater: Could not find generated setter for class com.shopify.reactnative.flash_list.AutoLayoutViewManager
02-19 23:07:06.579 14485 14645 W unknown:ViewManagerPropertyUpdater: Could not find generated setter for class com.shopify.reactnative.flash_list.CellContainerManager
02-19 23:07:06.583 14485 14645 W unknown:ViewManagerPropertyUpdater: Could not find generated setter for class com.airbnb.android.react.lottie.LottieAnimationViewManager
02-19 23:07:06.588 14485 14645 W unknown:ViewManagerPropertyUpdater: Could not find generated setter for class com.swmansion.gesturehandler.react.RNGestureHandlerRootViewManager
02-19 23:07:06.590 14485 14645 W unknown:ViewManagerPropertyUpdater: Could not find generated setter for class com.swmansion.gesturehandler.react.RNGestureHandlerButtonViewManager
02-19 23:07:06.592 14485 14645 W unknown:ViewManagerPropertyUpdater: Could not find generated setter for class io.invertase.googlemobileads.ReactNativeGoogleMobileAdsBannerAdViewManager
02-19 23:07:06.593 14485 14645 W unknown:ViewManagerPropertyUpdater: Could not find generated setter for class com.reactnativepagerview.PagerViewViewManager
02-19 23:07:06.597 14485 14645 W unknown:ViewManagerPropertyUpdater: Could not find generated setter for class com.th3rdwave.safeareacontext.SafeAreaProviderManager
02-19 23:07:06.600 14485 14645 W unknown:ViewManagerPropertyUpdater: Could not find generated setter for class com.th3rdwave.safeareacontext.SafeAreaViewManager
02-19 23:07:06.606 14485 14645 W unknown:ViewManagerPropertyUpdater: Could not find generated setter for class o.eglCreatePlatformPixmapSurface
02-19 23:07:06.607 14485 14645 W unknown:ViewManagerPropertyUpdater: Could not find generated setter for class com.swmansion.rnscreens.ScreenContainerViewManager
02-19 23:07:06.610 14485 14645 W unknown:ViewManagerPropertyUpdater: Could not find generated setter for class com.swmansion.rnscreens.ScreenViewManager
02-19 23:07:06.614 14485 14645 W unknown:ViewManagerPropertyUpdater: Could not find generated setter for class com.swmansion.rnscreens.ScreenStackViewManager
02-19 23:07:06.616 14485 14645 W unknown:ViewManagerPropertyUpdater: Could not find generated setter for class com.swmansion.rnscreens.ScreenStackHeaderConfigViewManager
02-19 23:07:06.618 14485 14645 W unknown:ViewManagerPropertyUpdater: Could not find generated setter for class com.swmansion.rnscreens.ScreenStackHeaderSubviewManager
02-19 23:07:06.620 14485 14645 W unknown:ViewManagerPropertyUpdater: Could not find generated setter for class com.swmansion.rnscreens.SearchBarManager
02-19 23:07:06.623 14485 14645 W unknown:ViewManagerPropertyUpdater: Could not find generated setter for class com.horcrux.svg.RenderableViewManager$DefsViewManager
02-19 23:07:06.626 14485 14645 W unknown:ViewManagerPropertyUpdater: Could not find generated setter for class com.horcrux.svg.VirtualViewManager$RemoteActionCompatParcelizer
02-19 23:07:06.627 14485 14645 W unknown:ViewManagerPropertyUpdater: Could not find generated setter for class com.horcrux.svg.RenderableViewManager$MarkerManager
02-19 23:07:06.630 14485 14645 W unknown:ViewManagerPropertyUpdater: Could not find generated setter for class com.horcrux.svg.RenderableViewManager$ForeignObjectManager
02-19 23:07:06.632 14485 14645 W unknown:ViewManagerPropertyUpdater: Could not find generated setter for class com.horcrux.svg.RenderableViewManager$EllipseViewManager
02-19 23:07:06.633 14485 14645 W unknown:ViewManagerPropertyUpdater: Could not find generated setter for class com.horcrux.svg.RenderableViewManager$LineViewManager
02-19 23:07:06.637 14485 14645 W unknown:ViewManagerPropertyUpdater: Could not find generated setter for class com.horcrux.svg.RenderableViewManager$LinearGradientManager
02-19 23:07:06.642 14485 14645 W unknown:ViewManagerPropertyUpdater: Could not find generated setter for class com.horcrux.svg.RenderableViewManager$GroupViewManager
02-19 23:07:06.643 14485 14645 W unknown:ViewManagerPropertyUpdater: Could not find generated setter for class com.horcrux.svg.RenderableViewManager$TextViewManager
02-19 23:07:06.646 14485 14645 W unknown:ViewManagerPropertyUpdater: Could not find generated setter for class com.horcrux.svg.RenderableViewManager$ImageViewManager
02-19 23:07:06.649 14485 14645 W unknown:ViewManagerPropertyUpdater: Could not find generated setter for class com.horcrux.svg.RenderableViewManager$ClipPathViewManager
02-19 23:07:06.651 14485 14645 W unknown:ViewManagerPropertyUpdater: Could not find generated setter for class com.horcrux.svg.RenderableViewManager$RadialGradientManager
02-19 23:07:06.655 14485 14645 W unknown:ViewManagerPropertyUpdater: Could not find generated setter for class com.horcrux.svg.RenderableViewManager$MaskManager
02-19 23:07:06.657 14485 14645 W unknown:ViewManagerPropertyUpdater: Could not find generated setter for class com.horcrux.svg.RenderableViewManager$SymbolManager
02-19 23:07:06.663 14485 14645 W unknown:ViewManagerPropertyUpdater: Could not find generated setter for class com.horcrux.svg.RenderableViewManager$PatternManager
02-19 23:07:06.667 14485 14645 W unknown:ViewManagerPropertyUpdater: Could not find generated setter for class com.horcrux.svg.RenderableViewManager$RectViewManager
02-19 23:07:06.669 14485 14645 W unknown:ViewManagerPropertyUpdater: Could not find generated setter for class com.horcrux.svg.RenderableViewManager$TextPathViewManager
02-19 23:07:06.673 14485 14645 W unknown:ViewManagerPropertyUpdater: Could not find generated setter for class com.horcrux.svg.SvgViewManager
02-19 23:07:06.678 14485 14645 W unknown:ViewManagerPropertyUpdater: Could not find generated setter for class com.horcrux.svg.RenderableViewManager$PathViewManager
02-19 23:07:06.681 14485 14645 W unknown:ViewManagerPropertyUpdater: Could not find generated setter for class com.horcrux.svg.RenderableViewManager$UseViewManager
02-19 23:07:06.687 14485 14645 W unknown:ViewManagerPropertyUpdater: Could not find generated setter for class com.horcrux.svg.RenderableViewManager$CircleViewManager
02-19 23:07:06.691 14485 14645 W unknown:ViewManagerPropertyUpdater: Could not find generated setter for class com.horcrux.svg.RenderableViewManager$TSpanViewManager
02-19 23:07:06.695 14485 14645 W unknown:ViewManagerPropertyUpdater: Could not find generated setter for class com.brentvatne.exoplayer.ReactExoplayerViewManager
02-19 23:07:06.700 14485 14645 W unknown:ViewManagerPropertyUpdater: Could not find generated setter for class com.reactnativecommunity.webview.RNCWebViewManager
02-19 23:07:06.706 14485 14645 W unknown:ViewManagerPropertyUpdater: Could not find generated setter for class im.toss.rn.granite.core.module.image.FastImageViewManager
02-19 23:07:06.734   752  1856 E TaskPersister: File error accessing recents directory (directory doesn't exist?).
02-19 23:07:06.851   752  2503 W PackageConfigPersister: App-specific configuration not found for packageName: viva.republica.toss.test and userId: 0
02-19 23:07:07.257 14696 14696 W screencap: Thread Pool max thread count is 0. Cannot cache binder as linkToDeath cannot be implemented. serviceName: SurfaceFlingerAIDL
02-19 23:07:07.259 14696 14696 W BpBinder: Linking to death on android.gui.ISurfaceComposer but there are no threads (yet?) listening to incoming transactions. See ProcessState::startThreadPool and ProcessState::setThreadPoolMaxThreadCount. Generally you should setup the binder threadpool before other initialization steps.
02-19 23:07:07.260 14696 14696 W ProcessState: Extra binder thread started, but 0 threads requested. Do not use *startThreadPool when zero threads are requested.
02-19 23:07:07.270   531   549 E HwcComposer: getLuts failed Status(-8, EX_SERVICE_SPECIFIC): '8: '
02-19 23:07:07.270   531   549 E HWComposer: getLuts: getLuts failed for display 4619827259835644672: UNSUPPORTED (8)
