02-19 14:41:27.940  4449  4467 V WindowManagerShell:  Checking filter Pair{{types=[] flags=0x0] notFlags=0x0 checks=[{atype=dream independent=true modes=[OPEN,TO_FRONT] flags=NONE mustBeTask=false order=ANY topActivity=null launchCookie=null windowingMode=undefined},{atype=home independent=true modes=[CLOSE,TO_BACK] flags=NONE mustBeTask=false order=ANY topActivity=null launchCookie=null windowingMode=undefined}]} RemoteTransition { remoteTransition = android.window.IRemoteTransition$Stub$Proxy@c23e29c, appThread = android.app.IApplicationThread$Stub$Proxy@afb34a5, debugName = LauncherToDream }}
02-19 14:41:27.941  4449  4467 V WindowManagerShell:  Checking filter Pair{{types=[] flags=0x0] notFlags=0x100 checks=[{atype=home independent=true modes=[OPEN,TO_FRONT] flags=NONE mustBeTask=false order=TOP topActivity=ComponentInfo{com.google.android.apps.nexuslauncher/com.google.android.apps.nexuslauncher.NexusLauncherActivity} launchCookie=null windowingMode=undefined},{atype=standard independent=true modes=[CLOSE,TO_BACK] flags=NONE mustBeTask=false order=ANY topActivity=null launchCookie=null windowingMode=undefined},{NOT atype=undefined independent=true modes=[] flags=NONE mustBeTask=true order=ANY topActivity=null launchCookie=null customAnim=true windowingMode=undefined}]} RemoteTransition { remoteTransition = android.window.IRemoteTransition$Stub$Proxy@39de07a, appThread = android.app.IApplicationThread$Stub$Proxy@cf9f02b, debugName = QuickstepLaunchHome }}
02-19 14:41:27.941  4449  4467 V WindowManagerShell:  Delegate animation for (#571) to null
02-19 14:41:27.941  4449  4467 V WindowManagerShell: start default transition animation, info = {id=571 t=OPEN f=0x0 trk=0 r=[0@Point(0, 0)] c=[{m=TO_FRONT f=MOVE_TO_TOP leash=Surface(name=Task=56)/@0xd961a94 sb=Rect(0, 0 - 1080, 2400) eb=Rect(0, 0 - 1080, 2400) epz=Point(1080, 2400) d=0 taskParent=-1},{m=TO_BACK f=SHOW_WALLPAPER leash=Surface(name=Task=1)/@0x77a993d sb=Rect(0, 0 - 1080, 2400) eb=Rect(0, 0 - 1080, 2400) epz=Point(1080, 2400) d=0 taskParent=-1},{m=TO_BACK f=IS_WALLPAPER leash=Surface(name=WallpaperWindowToken{35e0c0f showWhenLocked=false})/@0xc120532 sb=Rect(0, 0 - 1080, 2400) eb=Rect(0, 0 - 1080, 2400) epz=Point(1080, 2400) d=0}]}
02-19 14:41:27.941  4449  4467 V WindowManagerShell: loadAnimation: anim=android.view.animation.AnimationSet@c044c00 animAttr=0x13 type=OPEN isEntrance=false
02-19 14:41:27.941  4449  4467 V WindowManagerShell: loadAnimation: anim=android.view.animation.AnimationSet@4fc8c39 animAttr=0x12 type=OPEN isEntrance=true
02-19 14:41:27.942  4449  4467 V WindowManagerShell:  animated by com.android.wm.shell.transition.DefaultTransitionHandler@f74d823
02-19 14:41:28.152  7388  8382 I ReactNativeJS: Running "shared" with {"initialProps":{"initialColorPreference":"light","loadingStartTs":1771479678748,"initialFontScale":"100"},"rootTag":171}
02-19 14:41:28.162  7388  7388 D ViewRootImpl: Skipping stats log for color mode
02-19 14:41:28.234   531   531 I BpBinder: onLastStrongRef automatically unlinking death recipients: 
02-19 14:41:28.310  7388  8422 W unknown:ReconnectingWebSocket: Couldn't connect to "ws://10.0.2.2:8081/message?device=sdk_gphone64_x86_64%20-%2016%20-%20API%2036&app=viva.republica.toss.test&clientid=BridgeDevSupportManager", will silently retry
02-19 14:41:28.457  4449  4467 V WindowManagerShell: Transition animation finished (aborted=false), notifying core (#571) android.os.BinderProxy@c709d0b@0
02-19 14:41:28.459   752   794 V WindowManager: Finish Transition (#571): created at 02-19 14:41:27.895 collect-started=0.027ms request-sent=3.969ms started=28.316ms ready=39.591ms sent=41.285ms commit=215.943ms finished=562.959ms
02-19 14:41:28.599  4449  4467 V WindowManagerShell: Track 0 became idle
02-19 14:41:28.599  4449  4467 V WindowManagerShell: All active transition animations finished
02-19 14:41:28.608  7804  7804 D VRI[NexusLauncherActivity]: visibilityChanged oldVisibility=true newVisibility=false
02-19 14:41:28.633  7804  7804 D RecentsView: updateTaskStackListenerState: false
02-19 14:41:28.636  7804  7804 D NexusLauncherModelDelegate: notifySmartspaceEvent: SmartspaceTargetEvent{mSmartspaceTarget=null, mSmartspaceActionId='null', mEventType=7}
02-19 14:41:28.765   752   989 I ImeTracker: viva.republica.toss.test:cd5a305e: onRequestHide at ORIGIN_SERVER reason HIDE_UNSPECIFIED_WINDOW fromUser false
02-19 14:41:28.766  7804  7804 D BaseDepthController: setSurface:
02-19 14:41:28.766  7804  7804 D BaseDepthController: 	mWaitingOnSurfaceValidity: false
02-19 14:41:28.766  7804  7804 D BaseDepthController: 	mBaseSurface: null
02-19 14:41:28.766  7804  7804 D BaseDepthController: mSurface is null and mCurrentBlur is: 23
02-19 14:41:28.768  7804  7804 D StateManager: goToState - fromState: Overview, toState: Normal, partial trace:
02-19 14:41:28.768  7804  7804 D StateManager: 	at com.android.launcher3.statemanager.StateManager.moveToRestState(go/retraceme 72a59688580715d19f0e415c69e80376c2f062d1648c80db6730905005a27c20:4)
02-19 14:41:28.768  7804  7804 D StateManager: 	at com.android.launcher3.statemanager.StateManager.moveToRestState(go/retraceme 72a59688580715d19f0e415c69e80376c2f062d1648c80db6730905005a27c20:1)
02-19 14:41:28.768  7804  7804 D StateManager: 	at com.android.launcher3.statemanager.StatefulActivity.onStop(go/retraceme 72a59688580715d19f0e415c69e80376c2f062d1648c80db6730905005a27c20:34)
02-19 14:41:28.768  7804  7804 D StateManager: onStateTransitionStart - state: Normal
02-19 14:41:28.770  1563  1563 I GoogleInputMethodService: GoogleInputMethodService.onFinishInput():2043 
02-19 14:41:28.771  1563  1563 I Module  : DeviceLockedStatusModuleProvider$Module.updateDeviceLockedStatus():100 repeatCheckTimes = 0, locked = false
02-19 14:41:28.771  1563  1563 I GoogleInputMethodService: GoogleInputMethodService.onStartInput():1293 onStartInput(EditorInfo{EditorInfo{packageName=viva.republica.toss.test, inputType=0, inputTypeString=NULL, enableLearning=false, autoCorrection=false, autoComplete=false, imeOptions=0, privateImeOptions=null, actionName=UNSPECIFIED, actionLabel=null, initialSelStart=-1, initialSelEnd=-1, initialCapsMode=0, label=null, fieldId=0, fieldName=null, extras=null, hintText=null, hintLocales=[]}}, false)
02-19 14:41:28.772  7388  7388 D InsetsController: hide(ime(), fromIme=false)
02-19 14:41:28.772  7388  7388 I ImeTracker: viva.republica.toss.test:cd5a305e: onCancelled at PHASE_CLIENT_ALREADY_HIDDEN
02-19 14:41:28.773   752  2368 I ImeTracker: system_server:684b994e: onRequestHide at ORIGIN_SERVER reason IME_REQUESTED_CHANGED_LISTENER fromUser false
02-19 14:41:28.774   752   797 I ImeTracker: system_server:684b994e: onCancelled at PHASE_SERVER_SHOULD_HIDE
02-19 14:41:28.777  7804  7804 D BaseDepthController: mSurface is null and mCurrentBlur is: 23
02-19 14:41:28.777   752  1095 D BackgroundInstallControlService: Package event received: 0
02-19 14:41:28.779  7804  7804 D KeyboardInsetsHandler: setState, toState:Normal StateManager(mLastStableState:Normal, mCurrentStableState:Overview, mState:Normal, mRestState:null, isInTransition:false)
02-19 14:41:28.779  7804  7804 D StateManager: onStateTransitionEnd - state: Normal
02-19 14:41:28.779  7804  7804 D RecentsView: reset - mEnableDrawingLiveTile: false, mRecentsAnimationController: null
02-19 14:41:28.779  7804  7804 I AiAiSuggestUi: Clearing suggestions.
02-19 14:41:28.779  7804  7804 I AiAiSuggestUi: Clearing suggestions.
02-19 14:41:28.780  7804  7804 D ActivityAllAppsContainerView: rebindAdapters: force: false
02-19 14:41:28.780  7804  7804 D ActivityAllAppsContainerView: rebindAdapters: Not needed.
02-19 14:41:28.782  7804  7804 D StatsLog: LAUNCHER_ONSTOP
02-19 14:41:28.783  7804  7804 D StatsLog: LAUNCHER_GOOGLE_SEARCH_RESTORE_LIST_SIZE_AFTER_ACTIVITY_RESTART
02-19 14:41:28.825  1563  1563 I Module  : DeviceLockedStatusModuleProvider$Module.updateDeviceLockedStatus():100 repeatCheckTimes = 1, locked = false
02-19 14:41:28.826  1563  1563 I EmojiCompatManager: EmojiCompatManager.getEmojiCompatIfLoaded():343 EmojiCompat.init() was never called.
02-19 14:41:28.826  1563  1563 I EmojiCompatManager: java.lang.IllegalStateException: EmojiCompat is not initialized. Please call EmojiCompat.init() first
02-19 14:41:28.826  1563  1563 I EmojiCompatManager: 	at asx.p(PG:6)
02-19 14:41:28.826  1563  1563 I EmojiCompatManager: 	at axb.b(PG:13)
02-19 14:41:28.826  1563  1563 I EmojiCompatManager: 	at jnr.b(PG:2)
02-19 14:41:28.826  1563  1563 I EmojiCompatManager: 	at jnr.c(PG:4)
02-19 14:41:28.826  1563  1563 I EmojiCompatManager: 	at jnr.f(PG:3)
02-19 14:41:28.826  1563  1563 I EmojiCompatManager: 	at jnx.c(PG:3)
02-19 14:41:28.826  1563  1563 I EmojiCompatManager: 	at kif.cz(PG:47)
02-19 14:41:28.826  1563  1563 I EmojiCompatManager: 	at lhl.run(PG:1025)
02-19 14:41:28.826  1563  1563 I EmojiCompatManager: 	at jaf.execute(PG:12)
02-19 14:41:28.826  1563  1563 I EmojiCompatManager: 	at nco.v(PG:13)
02-19 14:41:28.826  1563  1563 I EmojiCompatManager: 	at lhn.m(PG:96)
02-19 14:41:28.826  1563  1563 I EmojiCompatManager: 	at lhn.k(PG:25)
02-19 14:41:28.826  1563  1563 I EmojiCompatManager: 	at kgn.onStartInput(PG:250)
02-19 14:41:28.826  1563  1563 I EmojiCompatManager: 	at android.inputmethodservice.InputMethodService.doStartInput(InputMethodService.java:3521)
02-19 14:41:28.826  1563  1563 I EmojiCompatManager: 	at android.inputmethodservice.InputMethodService$InputMethodImpl.startInput(InputMethodService.java:879)
02-19 14:41:28.826  1563  1563 I EmojiCompatManager: 	at android.inputmethodservice.InputMethodService$InputMethodImpl.dispatchStartInput(InputMethodService.java:908)
02-19 14:41:28.826  1563  1563 I EmojiCompatManager: 	at android.inputmethodservice.IInputMethodWrapper.executeMessage(IInputMethodWrapper.java:201)
02-19 14:41:28.826  1563  1563 I EmojiCompatManager: 	at com.android.internal.os.HandlerCaller$MyHandler.handleMessage(HandlerCaller.java:44)
02-19 14:41:28.826  1563  1563 I EmojiCompatManager: 	at android.os.Handler.dispatchMessage(Handler.java:110)
02-19 14:41:28.826  1563  1563 I EmojiCompatManager: 	at android.os.Looper.loopOnce(Looper.java:248)
02-19 14:41:28.826  1563  1563 I EmojiCompatManager: 	at android.os.Looper.loop(Looper.java:338)
02-19 14:41:28.826  1563  1563 I EmojiCompatManager: 	at android.app.ActivityThread.main(ActivityThread.java:9067)
02-19 14:41:28.826  1563  1563 I EmojiCompatManager: 	at java.lang.reflect.Method.invoke(Native Method)
02-19 14:41:28.826  1563  1563 I EmojiCompatManager: 	at com.android.internal.os.RuntimeInit$MethodAndArgsCaller.run(RuntimeInit.java:593)
02-19 14:41:28.826  1563  1563 I EmojiCompatManager: 	at com.android.internal.os.ZygoteInit.main(ZygoteInit.java:932)
02-19 14:41:28.827   752  1509 W PackageConfigPersister: App-specific configuration not found for packageName: viva.republica.toss.test and userId: 0
02-19 14:41:28.828  7804  7804 D OverviewActionsView: updateForGroupedTask() called with: isGroupedTask = [false], canSaveAppPair = [false]
02-19 14:41:28.828  7804  7804 D OverviewActionsView: updateActionButtonsVisibility() called: showSingleTaskActions = [true], showGroupActions = [false]
02-19 14:41:28.830   752  1095 D BackgroundInstallControlService: Package event received: 0
02-19 14:41:28.838  7388  8382 I ReactNativeJNI: Memory warning (pressure level: TRIM_MEMORY_UI_HIDDEN) received by JS VM, ignoring because it's non-severe
02-19 14:41:28.917   752   794 W Looper  : Slow dispatch took 316ms android.fg app=system_server main=false group=FOREGROUND h=android.os.Handler c=com.android.server.wm.ActivityMetricsLogger$$ExternalSyntheticLambda0@1c72c3f m=0
02-19 14:41:28.918   752   794 W Looper  : Slow delivery took 323ms android.fg app=system_server main=false group=FOREGROUND h=android.os.Handler c=com.android.server.wm.ActivityMetricsLogger$$ExternalSyntheticLambda8@903390c m=0
02-19 14:41:29.441  7388  8382 D ReactNativeJS: '[Analytics]', '{\n  "log_type": "screen",\n  "log_name": "/::screen",\n  "params": {\n    "referrer": null,\n    "deployment_id": "local",\n    "deployment_timestamp": null\n  }\n}'
02-19 14:41:29.664  7388  8382 E ReactNativeJS: '    :', [Error: SERVICE_NAME is missing]
02-19 14:41:29.679   752  1095 D BackgroundInstallControlService: Package event received: 0
02-19 14:41:29.690  3453  3453 D BoundBrokerSvc: onBind: Intent { act=com.google.android.gms.safebrowsing.SafeBrowsingService.START dat=chimera-action:/... xflg=0x4 cmp=com.google.android.gms/.chimera.GmsBoundBrokerService }
02-19 14:41:29.690  3453  3453 D BoundBrokerSvc: Loading bound service for intent: Intent { act=com.google.android.gms.safebrowsing.SafeBrowsingService.START dat=chimera-action:/... xflg=0x4 cmp=com.google.android.gms/.chimera.GmsBoundBrokerService }
02-19 14:41:29.851  7388  7393 I blica.toss.test: NativeAlloc concurrent mark compact GC freed 3031KB AllocSpace bytes, 12(240KB) LOS objects, 49% free, 22MB/44MB, paused 1.354ms,3.180ms total 295.326ms
02-19 14:41:30.999   531   568 W EventThread: Faking VSYNC due to driver stall for thread app
02-19 14:41:31.020   752  1856 E TaskPersister: File error accessing recents directory (directory doesn't exist?).
02-19 14:41:31.038  7388  7901 I HWUI    : Davey! duration=1383ms; Flags=0, FrameTimelineVsyncId=1643675, IntendedVsync=91163488626984, Vsync=91163571960314, InputEventId=0, HandleInputStart=91163579781918, AnimationStart=91163579783052, PerformTraversalsStart=91163696670677, DrawStart=91163734341073, FrameDeadline=91163771960306, FrameStartTime=91163579778987, FrameInterval=16666666, WorkloadTarget=16666666, SyncQueued=91163739835326, SyncStart=91163740149431, IssueDrawCommandsStart=91163740410739, SwapBuffers=91163742183908, FrameCompleted=91164872586932, DequeueBufferDuration=1113710772, QueueBufferDuration=542203, GpuCompleted=91164872586932, SwapBuffersCompleted=91164861967420, DisplayPresentTime=0, CommandSubmissionCompleted=91163742183908, 
02-19 14:41:31.071  8430  8430 W dumpsys : Thread Pool max thread count is 0. Cannot cache binder as linkToDeath cannot be implemented. serviceName: window
02-19 14:41:31.217  7388  8382 I ReactNativeJS: '[eventLogDebug]', { log_name: '/::screen',
02-19 14:41:31.217  7388  8382 I ReactNativeJS:   log_type: 'screen',
02-19 14:41:31.217  7388  8382 I ReactNativeJS:   params: 
02-19 14:41:31.217  7388  8382 I ReactNativeJS:    { search: '',
02-19 14:41:31.217  7388  8382 I ReactNativeJS:      referrer: 'null',
02-19 14:41:31.217  7388  8382 I ReactNativeJS:      deployment_id: 'local',
02-19 14:41:31.217  7388  8382 I ReactNativeJS:      deployment_timestamp: 'NaN' } }
02-19 14:41:32.276  7388  8382 I ReactNativeJS: '[eventLogDebug]', { log_name: '/::screen',
02-19 14:41:32.276  7388  8382 I ReactNativeJS:   log_type: 'screen',
02-19 14:41:32.276  7388  8382 I ReactNativeJS:   params: 
02-19 14:41:32.276  7388  8382 I ReactNativeJS:    { search: '',
02-19 14:41:32.276  7388  8382 I ReactNativeJS:      referrer: 'null',
02-19 14:41:32.276  7388  8382 I ReactNativeJS:      deployment_id: 'local',
02-19 14:41:32.276  7388  8382 I ReactNativeJS:      deployment_timestamp: 'NaN' } }
02-19 14:41:32.345  7388  8382 I ReactNativeJS: '[eventLogDebug]', { log_name: '/::screen',
02-19 14:41:32.345  7388  8382 I ReactNativeJS:   log_type: 'screen',
02-19 14:41:32.345  7388  8382 I ReactNativeJS:   params: 
02-19 14:41:32.345  7388  8382 I ReactNativeJS:    { search: '',
02-19 14:41:32.345  7388  8382 I ReactNativeJS:      referrer: 'null',
02-19 14:41:32.345  7388  8382 I ReactNativeJS:      deployment_id: 'local',
02-19 14:41:32.345  7388  8382 I ReactNativeJS:      deployment_timestamp: 'NaN' } }
02-19 14:41:32.355  7388  8382 I ReactNativeJS: '[eventLogDebug]', { log_name: '/::screen',
02-19 14:41:32.355  7388  8382 I ReactNativeJS:   log_type: 'screen',
02-19 14:41:32.355  7388  8382 I ReactNativeJS:   params: 
02-19 14:41:32.355  7388  8382 I ReactNativeJS:    { search: '',
02-19 14:41:32.355  7388  8382 I ReactNativeJS:      referrer: 'null',
02-19 14:41:32.355  7388  8382 I ReactNativeJS:      deployment_id: 'local',
02-19 14:41:32.355  7388  8382 I ReactNativeJS:      deployment_timestamp: 'NaN' } }
02-19 14:41:32.537  7388  8382 I ReactNativeJS: '[eventLogDebug]', { log_name: '/login::screen',
02-19 14:41:32.537  7388  8382 I ReactNativeJS:   log_type: 'screen',
02-19 14:41:32.537  7388  8382 I ReactNativeJS:   params: 
02-19 14:41:32.537  7388  8382 I ReactNativeJS:    { search: 'next=%2F',
02-19 14:41:32.537  7388  8382 I ReactNativeJS:      referrer: 'null',
02-19 14:41:32.537  7388  8382 I ReactNativeJS:      deployment_id: 'local',
02-19 14:41:32.537  7388  8382 I ReactNativeJS:      deployment_timestamp: 'NaN' } }
02-19 14:41:32.601  7388  8382 I ReactNativeJS: '[eventLogDebug]', { log_name: '/login::screen',
02-19 14:41:32.601  7388  8382 I ReactNativeJS:   log_type: 'screen',
02-19 14:41:32.601  7388  8382 I ReactNativeJS:   params: 
02-19 14:41:32.601  7388  8382 I ReactNativeJS:    { search: 'next=%2F',
02-19 14:41:32.601  7388  8382 I ReactNativeJS:      referrer: 'null',
02-19 14:41:32.601  7388  8382 I ReactNativeJS:      deployment_id: 'local',
02-19 14:41:32.601  7388  8382 I ReactNativeJS:      deployment_timestamp: 'NaN' } }
02-19 14:41:32.608  7388  8382 I ReactNativeJS: '[eventLogDebug]', { log_name: '/login::screen',
02-19 14:41:32.608  7388  8382 I ReactNativeJS:   log_type: 'screen',
02-19 14:41:32.608  7388  8382 I ReactNativeJS:   params: 
02-19 14:41:32.608  7388  8382 I ReactNativeJS:    { search: 'next=%2F',
02-19 14:41:32.608  7388  8382 I ReactNativeJS:      referrer: 'null',
02-19 14:41:32.608  7388  8382 I ReactNativeJS:      deployment_id: 'local',
02-19 14:41:32.608  7388  8382 I ReactNativeJS:      deployment_timestamp: 'NaN' } }
02-19 14:41:33.039  8435  8435 W screencap: Thread Pool max thread count is 0. Cannot cache binder as linkToDeath cannot be implemented. serviceName: SurfaceFlingerAIDL
02-19 14:41:33.040  8435  8435 W BpBinder: Linking to death on android.gui.ISurfaceComposer but there are no threads (yet?) listening to incoming transactions. See ProcessState::startThreadPool and ProcessState::setThreadPoolMaxThreadCount. Generally you should setup the binder threadpool before other initialization steps.
02-19 14:41:33.040  8435  8435 W ProcessState: Extra binder thread started, but 0 threads requested. Do not use *startThreadPool when zero threads are requested.
02-19 14:41:33.043   531   548 E HwcComposer: getLuts failed Status(-8, EX_SERVICE_SPECIFIC): '8: '
02-19 14:41:33.043   531   548 E HWComposer: getLuts: getLuts failed for display 4619827259835644672: UNSUPPORTED (8)
