--------- beginning of system
02-19 12:12:23.958   752   933 W ActivityTaskManager: Force removing ActivityRecord{169895330 u0 viva.republica.toss.test/im.toss.rn.granite.core.GraniteActivity t46 f}}: app died, no saved state
02-19 12:12:23.958   752   933 W ActivityTaskManager: Force removing ActivityRecord{211353643 u0 viva.republica.toss.test/im.toss.rn.granite.core.GraniteActivity t46 f}}: app died, no saved state
02-19 12:12:23.962   752   795 W Looper  : Slow dispatch took 202ms android.ui app=system_server main=false group=TOP_APP h=com.android.server.am.ActivityManagerService$UiHandler c=com.android.server.am.UidObserverController$$ExternalSyntheticLambda0@6a2cd6d m=0
--------- beginning of main
02-19 12:12:23.963 24059 24059 I cr_ChildProcessService: Destroying ChildProcessService pid=24059
02-19 12:12:23.964   752   955 W UsageStatsService: Unexpected activity event reported! (viva.republica.toss.test/im.toss.rn.granite.core.GraniteActivity event : 23 instanceId : 112150901)
02-19 12:12:23.964   752   955 W UsageStatsService: Unexpected activity event reported! (viva.republica.toss.test/im.toss.rn.granite.core.GraniteActivity event : 23 instanceId : 108502395)
02-19 12:12:23.964   752   955 W UsageStatsService: Unexpected activity event reported! (viva.republica.toss.test/im.toss.rn.granite.core.GraniteActivity event : 23 instanceId : 202297907)
02-19 12:12:23.964   752   955 W UsageStatsService: Unexpected activity event reported! (viva.republica.toss.test/im.toss.rn.granite.core.GraniteActivity event : 23 instanceId : 166528545)
02-19 12:12:23.971   752  1029 D InetDiagMessage: Destroyed 0 sockets, proto=IPPROTO_TCP, family=AF_INET, states=14
02-19 12:12:23.973   531   548 I BpBinder: onLastStrongRef automatically unlinking death recipients: 
02-19 12:12:23.975   752  1095 D BackgroundInstallControlService: Package event received: 0
02-19 12:12:23.976   752  1029 D InetDiagMessage: Destroyed 0 sockets, proto=IPPROTO_TCP, family=AF_INET6, states=14
02-19 12:12:23.976   752  1029 D InetDiagMessage: Destroyed live tcp sockets for uids={10217} in 6ms
02-19 12:12:23.977   752  1029 D InetDiagMessage: Destroyed 0 sockets, proto=IPPROTO_TCP, family=AF_INET, states=14
02-19 12:12:23.979  1341  1341 D StatsLog: LAUNCHER_ONRESUME
02-19 12:12:23.987   752  1029 D InetDiagMessage: Destroyed 0 sockets, proto=IPPROTO_TCP, family=AF_INET6, states=14
02-19 12:12:23.987  1341  1341 D NexusLauncherModelDelegate: notifySmartspaceEvent: SmartspaceTargetEvent{mSmartspaceTarget=null, mSmartspaceActionId='null', mEventType=6}
02-19 12:12:23.987  4449  4467 D WindowManagerShell: setLauncherKeepClearAreaHeight: visible=true, height=527
02-19 12:12:23.987   752  1029 D InetDiagMessage: Destroyed live tcp sockets for uids={20217} in 10ms
02-19 12:12:23.987   752   933 I ActivityManager: Killing 24059:com.google.android.webview:sandboxed_process0:org.chromium.content.app.SandboxedProcessService0:0/u0a217i17 (adj 0): isolated not needed
02-19 12:12:23.988   752   933 W IPCThreadState: Sending oneway calls to frozen process.
02-19 12:12:23.988   752   933 W IPCThreadState: Sending oneway calls to frozen process.
02-19 12:12:23.988   752   933 W IPCThreadState: Sending oneway calls to frozen process.
02-19 12:12:23.988   752   933 W IPCThreadState: Sending oneway calls to frozen process.
02-19 12:12:23.988   752   933 W IPCThreadState: Sending oneway calls to frozen process.
02-19 12:12:23.988   752   933 W IPCThreadState: Sending oneway calls to frozen process.
02-19 12:12:23.988   752   933 W IPCThreadState: Sending oneway calls to frozen process.
02-19 12:12:23.988   752   933 W IPCThreadState: Sending oneway calls to frozen process.
02-19 12:12:23.989   752   933 W IPCThreadState: Sending oneway calls to frozen process.
02-19 12:12:23.989   752   933 W IPCThreadState: Sending oneway calls to frozen process.
02-19 12:12:23.989   752   933 W IPCThreadState: Sending oneway calls to frozen process.
02-19 12:12:23.989   752   933 W IPCThreadState: Sending oneway calls to frozen process.
02-19 12:12:23.989   752   933 W IPCThreadState: Sending oneway calls to frozen process.
02-19 12:12:23.989   752   933 W IPCThreadState: Sending oneway calls to frozen process.
02-19 12:12:23.990   752   933 W ProcessStats: Tracking association SourceState{1b917ca system/1000 BFgs #13013} whose proc state 4 is better than process ProcessState{42c4ef0 com.google.android.ext.services/10208 pkg=com.google.android.ext.services} proc state 14 (27 skipped)
02-19 12:12:23.991  1341  1407 D QuickstepModelDelegate: notifyAppTargetEvent action=1 launchLocation=workspace/0/[-1,-1]/[1,1]
02-19 12:12:23.998   531   531 I BpBinder: onLastStrongRef automatically unlinking death recipients: 
02-19 12:12:24.017  1341  1341 D BaseDepthController: setSurface:
02-19 12:12:24.017  1341  1341 D BaseDepthController: 	mWaitingOnSurfaceValidity: false
02-19 12:12:24.017  1341  1341 D BaseDepthController: 	mBaseSurface: Surface(name=com.google.android.apps.nexuslauncher/com.google.android.apps.nexuslauncher.NexusLauncherActivity)/@0x94d8eb8
02-19 12:12:24.163   752  1095 D BackgroundInstallControlService: Package event received: 0
02-19 12:12:24.163   752  1095 D BackgroundInstallControlService: Package event received: 0
02-19 12:12:24.163   752  1095 D BackgroundInstallControlService: Package event received: 0
02-19 12:12:24.226   752  1095 D BackgroundInstallControlService: Package event received: 0
02-19 12:12:24.226   752  1095 D BackgroundInstallControlService: Package event received: 0
02-19 12:12:24.226   752  1095 D BackgroundInstallControlService: Package event received: 0
02-19 12:12:24.226   752  1095 D BackgroundInstallControlService: Package event received: 0
02-19 12:12:24.226   752  1095 D BackgroundInstallControlService: Package event received: 0
02-19 12:12:24.226   752  1095 D BackgroundInstallControlService: Package event received: 0
02-19 12:12:24.226   752  1095 D BackgroundInstallControlService: Package event received: 0
02-19 12:12:24.226   752  1095 D BackgroundInstallControlService: Package event received: 0
02-19 12:12:24.226   752  1095 D BackgroundInstallControlService: Package event received: 0
02-19 12:12:24.226   752  1095 D BackgroundInstallControlService: Package event received: 0
02-19 12:12:24.228   752  1095 D BackgroundInstallControlService: Package event received: 0
02-19 12:12:24.244   531   549 W VsyncModulator: setTransactionSchedule: Unexpected EarlyEnd
02-19 12:12:24.249  1341  1341 I NotificationListener: Handling notification state refresh for com.google.android.adservices.api#0
02-19 12:12:24.249  1341  1341 I NotificationListener: Handling notification state refresh for android#0
02-19 12:12:24.249  1341  1341 I NotificationListener: Handling notification state refresh for com.android.systemui#0
02-19 12:12:24.253  1971  2198 I AiAiEcho: Predicting[0]:  [CONTEXT sampling_count=5 ]
02-19 12:12:24.253  1971  2198 I AiAiEcho: EchoTargets: 
02-19 12:12:24.253  1971  2198 I AiAiEcho: Filtered by AiAi flag check: 
02-19 12:12:24.253  1971  2198 I AiAiEcho: [CONTEXT ratelimit_period="10 SECONDS" ]
02-19 12:12:24.254  1971  2198 I AiAiEcho: #remoteViewsTwiddler: feature disabled.
02-19 12:12:24.305   752   933 I AppsFilter: interaction: PackageSetting{d389813 com.android.microdroid.empty_payload/10204} -> PackageSetting{a5de4b9 viva.republica.toss.test/10217} BLOCKED
02-19 12:12:24.305   752   933 I AppsFilter: interaction: PackageSetting{120ba50 com.android.adbkeyboard/10219} -> PackageSetting{a5de4b9 viva.republica.toss.test/10217} BLOCKED
02-19 12:12:24.319  1971  2198 I AiAiEcho: #postPredictionTargets: Sending updates to UISurface home with targets# 0 (types=[])
02-19 12:12:24.322  1341  1341 D SsBaseTemplateCard: No text view can be set up
02-19 12:12:24.323  1341  1341 D SsBaseTemplateCard: Passed-in item info is null
02-19 12:12:24.323  1341  1341 D SsBaseTemplateCard: Passed-in item info is null
02-19 12:12:24.323  1341  1341 D SsBaseTemplateCard: Passed-in item info is null
02-19 12:12:24.323  1341  1341 I SsBaseTemplateCard: Secondary card pane is null
02-19 12:12:24.329   752   794 V WindowManager: Sent Transition (#268) createdAt=02-19 12:12:23.952 via request=TransitionRequestInfo { type = CLOSE, triggerTask = null, pipChange = null, remoteTransition = null, displayChange = null, flags = 0, debugId = 268 }
02-19 12:12:24.329   752   794 V WindowManager:     startWCT=WindowContainerTransaction { changes= {} hops= [] errorCallbackToken=null taskFragmentOrganizer=null }
02-19 12:12:24.337   752   794 V WindowManager:     info={id=268 t=CLOSE f=0x0 trk=0 r=[0@Point(0, 0)] c=[
02-19 12:12:24.337   752   794 V WindowManager:         {WCT{RemoteToken{5218fe8 Task{dd43522 #1 type=home}}} m=TO_FRONT f=SHOW_WALLPAPER|MOVE_TO_TOP leash=Surface(name=Task=1)/@0x8ddbd2e sb=Rect(0, 0 - 1080, 2400) eb=Rect(0, 0 - 1080, 2400) epz=Point(1080, 2400) d=0 taskParent=-1},
02-19 12:12:24.337   752   794 V WindowManager:         {WCT{RemoteToken{a585dcd Task{7745c88 #46 type=standard A=10217:viva.republica.toss.test}}} m=TO_BACK f=NONE leash=Surface(name=Task=46)/@0xe2d6cf7 sb=Rect(0, 0 - 1080, 2400) eb=Rect(0, 0 - 1080, 2400) epz=Point(1080, 2400) d=0 taskParent=-1},
02-19 12:12:24.337   752   794 V WindowManager:         {m=TO_FRONT f=IS_WALLPAPER leash=Surface(name=WallpaperWindowToken{35e0c0f showWhenLocked=false})/@0x512f5be sb=Rect(0, 0 - 1080, 2400) eb=Rect(0, 0 - 1080, 2400) epz=Point(1080, 2400) d=0}
02-19 12:12:24.337   752   794 V WindowManager:     ]}
02-19 12:12:24.347  4449  4461 V WindowManagerShell: onTransitionReady(transaction=3229815413987)
02-19 12:12:24.349  4449  4467 V WindowManagerShell: onTransitionReady (#268) android.os.BinderProxy@e98dafc: {id=268 t=CLOSE f=0x0 trk=0 r=[0@Point(0, 0)] c=[
02-19 12:12:24.349  4449  4467 V WindowManagerShell:         {m=TO_FRONT f=SHOW_WALLPAPER|MOVE_TO_TOP leash=Surface(name=Task=1)/@0x4b63585 sb=Rect(0, 0 - 1080, 2400) eb=Rect(0, 0 - 1080, 2400) epz=Point(1080, 2400) d=0 taskParent=-1},
02-19 12:12:24.349  4449  4467 V WindowManagerShell:         {m=TO_BACK f=NONE leash=Surface(name=Task=46)/@0xfc17fda sb=Rect(0, 0 - 1080, 2400) eb=Rect(0, 0 - 1080, 2400) epz=Point(1080, 2400) d=0 taskParent=-1},
02-19 12:12:24.349  4449  4467 V WindowManagerShell:         {m=TO_FRONT f=IS_WALLPAPER leash=Surface(name=WallpaperWindowToken{35e0c0f showWhenLocked=false})/@0x6f40c0b sb=Rect(0, 0 - 1080, 2400) eb=Rect(0, 0 - 1080, 2400) epz=Point(1080, 2400) d=0}
02-19 12:12:24.349  4449  4467 V WindowManagerShell:     ]}
02-19 12:12:24.352  4449  4467 V WindowManagerShell: Playing animation for (#268) android.os.BinderProxy@e98dafc@0
02-19 12:12:24.357  4449  4467 V ShellRecents: RecentsTransitionHandler.startAnimation: no controller found
02-19 12:12:24.363  4449  4467 V WindowManagerShell: Transition doesn't have explicit remote, search filters for match for {id=268 t=CLOSE f=0x0 trk=0 r=[0@Point(0, 0)] c=[{m=TO_FRONT f=SHOW_WALLPAPER|MOVE_TO_TOP leash=Surface(name=Task=1)/@0x4b63585 sb=Rect(0, 0 - 1080, 2400) eb=Rect(0, 0 - 1080, 2400) epz=Point(1080, 2400) d=0 taskParent=-1},{m=TO_BACK f=NONE leash=Surface(name=Task=46)/@0xfc17fda sb=Rect(0, 0 - 1080, 2400) eb=Rect(0, 0 - 1080, 2400) epz=Point(1080, 2400) d=0 taskParent=-1},{m=TO_FRONT f=IS_WALLPAPER leash=Surface(name=WallpaperWindowToken{35e0c0f showWhenLocked=false})/@0x6f40c0b sb=Rect(0, 0 - 1080, 2400) eb=Rect(0, 0 - 1080, 2400) epz=Point(1080, 2400) d=0}]}
02-19 12:12:24.374  4449  4467 V WindowManagerShell:  Checking filter Pair{{types=[] flags=0x0] notFlags=0x0 checks=[{atype=undefined independent=true modes=[CLOSE,TO_BACK] flags=IN_TASK_WITH_EMBEDDED_ACTIVITY mustBeTask=false order=ANY topActivity=null launchCookie=null taskFragmentToken=android.os.BinderProxy@188d51a windowingMode=undefined}]} RemoteTransition { remoteTransition = android.window.IRemoteTransition$Stub$Proxy@44cd84b, appThread = android.app.IApplicationThread$Stub$Proxy@3a12228, debugName = overlayBackTransition }}
02-19 12:12:24.374  4449  4467 V WindowManagerShell:  Checking filter Pair{{types=[] flags=0x0] notFlags=0x0 checks=[{atype=dream independent=true modes=[OPEN,TO_FRONT] flags=NONE mustBeTask=false order=ANY topActivity=null launchCookie=null windowingMode=undefined},{atype=home independent=true modes=[CLOSE,TO_BACK] flags=NONE mustBeTask=false order=ANY topActivity=null launchCookie=null windowingMode=undefined}]} RemoteTransition { remoteTransition = android.window.IRemoteTransition$Stub$Proxy@6f3eb41, appThread = android.app.IApplicationThread$Stub$Proxy@ccf28e6, debugName = LauncherToDream }}
02-19 12:12:24.375  4449  4467 V WindowManagerShell:  Checking filter Pair{{types=[] flags=0x0] notFlags=0x100 checks=[{atype=home independent=true modes=[OPEN,TO_FRONT] flags=NONE mustBeTask=false order=TOP topActivity=ComponentInfo{com.google.android.apps.nexuslauncher/com.google.android.apps.nexuslauncher.NexusLauncherActivity} launchCookie=null windowingMode=undefined},{atype=standard independent=true modes=[CLOSE,TO_BACK] flags=NONE mustBeTask=false order=ANY topActivity=null launchCookie=null windowingMode=undefined},{NOT atype=undefined independent=true modes=[] flags=NONE mustBeTask=true order=ANY topActivity=null launchCookie=null customAnim=true windowingMode=undefined}]} RemoteTransition { remoteTransition = android.window.IRemoteTransition$Stub$Proxy@a8eae27, appThread = android.app.IApplicationThread$Stub$Proxy@fa38d4, debugName = QuickstepLaunchHome }}
02-19 12:12:24.376  4449  4467 D RemoteTransitionHandler: Found filterPair{{types=[] flags=0x0] notFlags=0x100 checks=[{atype=home independent=true modes=[OPEN,TO_FRONT] flags=NONE mustBeTask=false order=TOP topActivity=ComponentInfo{com.google.android.apps.nexuslauncher/com.google.android.apps.nexuslauncher.NexusLauncherActivity} launchCookie=null windowingMode=undefined},{atype=standard independent=true modes=[CLOSE,TO_BACK] flags=NONE mustBeTask=false order=ANY topActivity=null launchCookie=null windowingMode=undefined},{NOT atype=undefined independent=true modes=[] flags=NONE mustBeTask=true order=ANY topActivity=null launchCookie=null customAnim=true windowingMode=undefined}]} RemoteTransition { remoteTransition = android.window.IRemoteTransition$Stub$Proxy@a8eae27, appThread = android.app.IApplicationThread$Stub$Proxy@fa38d4, debugName = QuickstepLaunchHome }}
02-19 12:12:24.376  4449  4467 V WindowManagerShell:  Delegate animation for (#268) to RemoteTransition { remoteTransition = android.window.IRemoteTransition$Stub$Proxy@a8eae27, appThread = android.app.IApplicationThread$Stub$Proxy@fa38d4, debugName = QuickstepLaunchHome }
02-19 12:12:24.381  4449  4467 V WindowManagerShell:  animated by com.android.wm.shell.transition.RemoteTransitionHandler@ef09705
02-19 12:12:24.411  1341  1341 D StateManager: createAtomicAnimation - fromState: Background, toState: Normal, partial trace:
02-19 12:12:24.411  1341  1341 D StateManager: 	at com.android.quickstep.util.ScalingWorkspaceRevealAnim.<init>(go/retraceme 72a59688580715d19f0e415c69e80376c2f062d1648c80db6730905005a27c20:39)
02-19 12:12:24.411  1341  1341 D StateManager: 	at com.android.launcher3.QuickstepTransitionManager.createWallpaperOpenAnimations(go/retraceme 72a59688580715d19f0e415c69e80376c2f062d1648c80db6730905005a27c20:168)
02-19 12:12:24.411  1341  1341 D StateManager: 	at com.android.launcher3.QuickstepTransitionManager$WallpaperOpenLauncherAnimationRunner.onAnimationStart(go/retraceme 72a59688580715d19f0e415c69e80376c2f062d1648c80db6730905005a27c20:17)
02-19 12:12:24.414  1341  1341 D b/311077782: LauncherAnimationRunner.setAnimation
02-19 12:12:24.415  1341  1407 I s.nexuslauncher: AssetManager2(0x7d8fac43cd18) locale list changing from [] to [en-US]
02-19 12:12:24.435  1336  1336 D CarrierSvcBindHelper: onHandleForceStop: [viva.republica.toss.test]
02-19 12:12:24.441  1336  1336 D CarrierSvcBindHelper: No carrier app for: 0
02-19 12:12:24.444  1341  1407 W HWUI    : Image decoding logging dropped!
02-19 12:12:24.660   752   752 W Looper  : Slow dispatch took 236ms main app=system_server main=true group=FOREGROUND h=android.app.ActivityThread$H c=android.app.LoadedApk$ReceiverDispatcher$Args$$ExternalSyntheticLambda0@251cc57 m=0
02-19 12:12:24.665   752   752 W Looper  : Slow delivery took 274ms main app=system_server main=true group=FOREGROUND h=com.android.server.notification.NotificationManagerService$WorkerHandler c=com.android.server.notification.NotificationManagerService$16@b60b344 m=0
02-19 12:12:24.685  1263  1263 I Zygote  : Process 24059 exited due to signal 9 (Killed)
02-19 12:12:24.695   752   990 I system_server: AssetManager2(0x7d8fac47b1f8) locale list changing from [] to [en-US]
02-19 12:12:24.727   531   531 I BpBinder: onLastStrongRef automatically unlinking death recipients: 
02-19 12:12:24.741   752   989 I ImeTracker: com.google.android.apps.nexuslauncher:2359fb7f: onRequestHide at ORIGIN_SERVER reason HIDE_UNSPECIFIED_WINDOW fromUser false
02-19 12:12:24.742   752   989 W IPCThreadState: Sending oneway calls to frozen process.
02-19 12:12:24.770   752   989 W IPCThreadState: Sending oneway calls to frozen process.
02-19 12:12:24.771   752   752 W Looper  : Drained
02-19 12:12:24.817  1563  1563 I GoogleInputMethodService: GoogleInputMethodService.onFinishInput():2043 
02-19 12:12:24.817   752  2305 I ImeTracker: system_server:1599920d: onRequestHide at ORIGIN_SERVER reason IME_REQUESTED_CHANGED_LISTENER fromUser false
02-19 12:12:24.825   752   797 I ImeTracker: system_server:1599920d: onCancelled at PHASE_SERVER_SHOULD_HIDE
02-19 12:12:24.827  1563  1563 I Module  : DeviceLockedStatusModuleProvider$Module.updateDeviceLockedStatus():100 repeatCheckTimes = 0, locked = false
02-19 12:12:24.829  1563  1563 I GoogleInputMethodService: GoogleInputMethodService.onStartInput():1293 onStartInput(EditorInfo{EditorInfo{packageName=com.google.android.apps.nexuslauncher, inputType=0, inputTypeString=NULL, enableLearning=false, autoCorrection=false, autoComplete=false, imeOptions=0, privateImeOptions=null, actionName=UNSPECIFIED, actionLabel=null, initialSelStart=-1, initialSelEnd=-1, initialCapsMode=0, label=null, fieldId=0, fieldName=null, extras=null, hintText=null, hintLocales=[]}}, false)
02-19 12:12:24.836  1563  1563 I Module  : DeviceLockedStatusModuleProvider$Module.updateDeviceLockedStatus():100 repeatCheckTimes = 1, locked = false
02-19 12:12:24.838  1563  1563 I EmojiCompatManager: EmojiCompatManager.getEmojiCompatIfLoaded():343 EmojiCompat.init() was never called.
02-19 12:12:24.838  1563  1563 I EmojiCompatManager: java.lang.IllegalStateException: EmojiCompat is not initialized. Please call EmojiCompat.init() first
02-19 12:12:24.838  1563  1563 I EmojiCompatManager: 	at asx.p(PG:6)
02-19 12:12:24.838  1563  1563 I EmojiCompatManager: 	at axb.b(PG:13)
02-19 12:12:24.838  1563  1563 I EmojiCompatManager: 	at jnr.b(PG:2)
02-19 12:12:24.838  1563  1563 I EmojiCompatManager: 	at jnr.c(PG:4)
02-19 12:12:24.838  1563  1563 I EmojiCompatManager: 	at jnr.f(PG:3)
02-19 12:12:24.838  1563  1563 I EmojiCompatManager: 	at jnx.c(PG:3)
02-19 12:12:24.838  1563  1563 I EmojiCompatManager: 	at kif.cz(PG:47)
02-19 12:12:24.838  1563  1563 I EmojiCompatManager: 	at lhl.run(PG:1025)
02-19 12:12:24.838  1563  1563 I EmojiCompatManager: 	at jaf.execute(PG:12)
02-19 12:12:24.838  1563  1563 I EmojiCompatManager: 	at nco.v(PG:13)
02-19 12:12:24.838  1563  1563 I EmojiCompatManager: 	at lhn.m(PG:96)
02-19 12:12:24.838  1563  1563 I EmojiCompatManager: 	at lhn.k(PG:25)
02-19 12:12:24.838  1563  1563 I EmojiCompatManager: 	at kgn.onStartInput(PG:250)
02-19 12:12:24.838  1563  1563 I EmojiCompatManager: 	at android.inputmethodservice.InputMethodService.doStartInput(InputMethodService.java:3521)
02-19 12:12:24.838  1563  1563 I EmojiCompatManager: 	at android.inputmethodservice.InputMethodService$InputMethodImpl.startInput(InputMethodService.java:879)
02-19 12:12:24.838  1563  1563 I EmojiCompatManager: 	at android.inputmethodservice.InputMethodService$InputMethodImpl.dispatchStartInput(InputMethodService.java:908)
02-19 12:12:24.838  1563  1563 I EmojiCompatManager: 	at android.inputmethodservice.IInputMethodWrapper.executeMessage(IInputMethodWrapper.java:201)
02-19 12:12:24.838  1563  1563 I EmojiCompatManager: 	at com.android.internal.os.HandlerCaller$MyHandler.handleMessage(HandlerCaller.java:44)
02-19 12:12:24.838  1563  1563 I EmojiCompatManager: 	at android.os.Handler.dispatchMessage(Handler.java:110)
02-19 12:12:24.838  1563  1563 I EmojiCompatManager: 	at android.os.Looper.loopOnce(Looper.java:248)
02-19 12:12:24.838  1563  1563 I EmojiCompatManager: 	at android.os.Looper.loop(Looper.java:338)
02-19 12:12:24.838  1563  1563 I EmojiCompatManager: 	at android.app.ActivityThread.main(ActivityThread.java:9067)
02-19 12:12:24.838  1563  1563 I EmojiCompatManager: 	at java.lang.reflect.Method.invoke(Native Method)
02-19 12:12:24.838  1563  1563 I EmojiCompatManager: 	at com.android.internal.os.RuntimeInit$MethodAndArgsCaller.run(RuntimeInit.java:593)
02-19 12:12:24.838  1563  1563 I EmojiCompatManager: 	at com.android.internal.os.ZygoteInit.main(ZygoteInit.java:932)
02-19 12:12:24.841   752  2305 W PackageConfigPersister: App-specific configuration not found for packageName: com.google.android.apps.nexuslauncher and userId: 0
02-19 12:12:24.900  1341  1341 D InsetsController: hide(ime(), fromIme=false)
02-19 12:12:24.900  1341  1341 I ImeTracker: com.google.android.apps.nexuslauncher:2359fb7f: onCancelled at PHASE_CLIENT_ALREADY_HIDDEN
02-19 12:12:25.029   752   990 I system_server: AssetManager2(0x7d8fac49d1b8) locale list changing from [] to [en-US]
02-19 12:12:25.088   752   990 I system_server: AssetManager2(0x7d8fac508558) locale list changing from [] to [en-US]
02-19 12:12:25.128   752   990 I system_server: AssetManager2(0x7d8fac505cb8) locale list changing from [] to [en-US]
02-19 12:12:25.395  4449  4458 W System  : A resource failed to call release. 
02-19 12:12:25.395  4449  4458 W System  : A resource failed to call release. 
02-19 12:12:25.395  4449  4458 W System  : A resource failed to call release. 
02-19 12:12:25.395  4449  4458 W System  : A resource failed to call release. 
02-19 12:12:25.395  4449  4458 W System  : A resource failed to call release. 
02-19 12:12:25.395  4449  4458 W System  : A resource failed to call release. 
02-19 12:12:25.443  1341  1341 D ScalingWorkspaceRevealAnim: alpha of workspace at the end of animation: 1.0
02-19 12:12:25.444  4449  4467 V WindowManagerShell: Transition animation finished (aborted=false), notifying core (#268) android.os.BinderProxy@e98dafc@0
02-19 12:12:25.463   752   794 V WindowManager: Finish Transition (#268): created at 02-19 12:12:23.952 collect-started=0.048ms request-sent=0.073ms started=33.601ms ready=300.396ms sent=305.979ms commit=164.525ms finished=1500.391ms
02-19 12:12:25.493   458   458 I Zygote  : Process 24035 exited due to signal 9 (Killed)
02-19 12:12:25.493   752   779 V ActivityManager: Got obituary of 24035:viva.republica.toss.test
02-19 12:12:25.494   752   807 I libprocessgroup: Removed cgroup /sys/fs/cgroup/apps/uid_10217/pid_24035
02-19 12:12:25.503   752  1456 E IPCThreadState: Binder transaction failure. id: 1469621, BR_*: 29189, error: -3 (No such process)
02-19 12:12:25.503   752  1456 W ActivityManager: pid 752 system sent binder code 7 with flags 1 to frozen apps and got error -32
02-19 12:12:25.503   752   807 I libprocessgroup: Removed cgroup /sys/fs/cgroup/apps/uid_99017/pid_24059
02-19 12:12:25.508   752  1029 D ConnectivityService: releasing NetworkRequest [ REQUEST id=388, [ Capabilities: INTERNET&NOT_RESTRICTED&TRUSTED&NOT_VCN_MANAGED&NOT_BANDWIDTH_CONSTRAINED Uid: 10217 RequestorUid: 10217 RequestorPkg: viva.republica.toss.test UnderlyingNetworks: Null] ] (release request)
02-19 12:12:25.550   752  1456 W WindowManager: Exception thrown during dispatchAppVisibility Window{9ec06c2 u0 viva.republica.toss.test/im.toss.rn.granite.core.GraniteActivity}
02-19 12:12:25.550   752  1456 W WindowManager: android.os.DeadObjectException
02-19 12:12:25.550   752  1456 W WindowManager: 	at android.os.BinderProxy.transactNative(Native Method)
02-19 12:12:25.550   752  1456 W WindowManager: 	at android.os.BinderProxy.transact(BinderProxy.java:592)
02-19 12:12:25.550   752  1456 W WindowManager: 	at android.view.IWindow$Stub$Proxy.dispatchAppVisibility(IWindow.java:557)
02-19 12:12:25.550   752  1456 W WindowManager: 	at com.android.server.wm.WindowState.sendAppVisibilityToClients(WindowState.java:3151)
02-19 12:12:25.550   752  1456 W WindowManager: 	at com.android.server.wm.WindowContainer.sendAppVisibilityToClients(WindowContainer.java:1311)
02-19 12:12:25.550   752  1456 W WindowManager: 	at com.android.server.wm.WindowToken.setClientVisible(WindowToken.java:389)
02-19 12:12:25.550   752  1456 W WindowManager: 	at com.android.server.wm.ActivityRecord.setClientVisible(ActivityRecord.java:6650)
02-19 12:12:25.550   752  1456 W WindowManager: 	at com.android.server.wm.ActivityRecord.commitVisibility(ActivityRecord.java:5561)
02-19 12:12:25.550   752  1456 W WindowManager: 	at com.android.server.wm.Transition.finishTransition(Transition.java:1391)
02-19 12:12:25.550   752  1456 W WindowManager: 	at com.android.server.wm.TransitionController.finishTransition(TransitionController.java:1029)
02-19 12:12:25.550   752  1456 W WindowManager: 	at com.android.server.wm.WindowOrganizerController.finishTransition(WindowOrganizerController.java:496)
02-19 12:12:25.550   752  1456 W WindowManager: 	at android.window.IWindowOrganizerController$Stub.onTransact(IWindowOrganizerController.java:261)
02-19 12:12:25.550   752  1456 W WindowManager: 	at com.android.server.wm.WindowOrganizerController.onTransact(WindowOrganizerController.java:223)
02-19 12:12:25.550   752  1456 W WindowManager: 	at android.os.Binder.execTransactInternal(Binder.java:1426)
02-19 12:12:25.550   752  1456 W WindowManager: 	at android.os.Binder.execTransact(Binder.java:1365)
02-19 12:12:25.551   752  1456 W Process : Unable to open /proc/24035/status
02-19 12:12:25.553   752  1029 D ConnectivityService: releasing NetworkRequest [ REQUEST id=386, [ Capabilities: INTERNET&NOT_RESTRICTED&TRUSTED&NOT_VCN_MANAGED&NOT_BANDWIDTH_CONSTRAINED Uid: 10217 RequestorUid: 10217 RequestorPkg: viva.republica.toss.test UnderlyingNetworks: Null] ] (release request)
02-19 12:12:25.556   752  1029 D ConnectivityService: releasing NetworkRequest [ REQUEST id=390, [ Capabilities: INTERNET&NOT_RESTRICTED&TRUSTED&NOT_VCN_MANAGED&NOT_BANDWIDTH_CONSTRAINED Uid: 10217 RequestorUid: 10217 RequestorPkg: viva.republica.toss.test UnderlyingNetworks: Null] ] (release request)
02-19 12:12:25.818  4449  4467 V WindowManagerShell: Track 0 became idle
02-19 12:12:25.819  4449  4467 V WindowManagerShell: All active transition animations finished
02-19 12:12:25.830   752   797 W ActivityManager: setHasOverlayUi called on unknown pid: 24035
02-19 12:12:25.903   531   531 E BpTransactionCompletedListener: Failed to transact (-32)
02-19 12:12:26.014  1341  1341 D RecentsView: onTaskRemoved: 46, not handling task stack changes
02-19 12:12:26.016  1341  1341 D RecentsView: onTaskRemoved: 46, not handling task stack changes
02-19 12:12:26.129   752  1852 W ActivityTaskManager: callingPackage for (uid=2000, pid=28064) has no WPC
02-19 12:12:26.130   752  1852 V GrammaticalInflectionUtils: AttributionSource: android.content.AttributionSource@56784557 does not have READ_SYSTEM_GRAMMATICAL_GENDER permission.
02-19 12:12:26.131   752  1852 W OptProp : Cannot read opt property android.window.PROPERTY_COMPAT_ALLOW_USER_ASPECT_RATIO_OVERRIDE
02-19 12:12:26.131   752  1852 W OptProp : Cannot read opt property android.window.PROPERTY_COMPAT_ALLOW_USER_ASPECT_RATIO_FULLSCREEN_OVERRIDE
02-19 12:12:26.131   752  1852 W OptProp : Cannot read opt property android.window.PROPERTY_COMPAT_ALLOW_RESIZEABLE_ACTIVITY_OVERRIDES
02-19 12:12:26.131   752  1852 W OptProp : Cannot read opt property android.window.PROPERTY_COMPAT_ALLOW_MIN_ASPECT_RATIO_OVERRIDE
02-19 12:12:26.151   752  1852 W OptProp : Cannot read opt property android.window.PROPERTY_COMPAT_ALLOW_ORIENTATION_OVERRIDE
02-19 12:12:26.155   531   602 I BpBinder: onLastStrongRef automatically unlinking death recipients: 
02-19 12:12:26.157   752  1852 I ActivityTaskManager: START u0 {act=android.intent.action.VIEW dat=intoss://takealook/... flg=0x10000000 xflg=0x4 cmp=viva.republica.toss.test/im.toss.rn.granite.core.GraniteActivity} with LAUNCH_MULTIPLE from uid 2000 (BAL_ALLOW_PERMISSION) result code=0
02-19 12:12:26.157  4449  4467 V WindowManagerShell: Transition requested (#269): android.os.BinderProxy@e31ef00 TransitionRequestInfo { type = OPEN, triggerTask = TaskInfo{userId=0 taskId=47 effectiveUid=10217 displayId=0 isRunning=true baseIntent=Intent { act=android.intent.action.VIEW dat=intoss://takealook/... flg=0x10000000 cmp=viva.republica.toss.test/im.toss.rn.granite.core.GraniteActivity } baseActivity=ComponentInfo{viva.republica.toss.test/im.toss.rn.granite.core.GraniteActivity} topActivity=ComponentInfo{viva.republica.toss.test/im.toss.rn.granite.core.GraniteActivity} origActivity=null realActivity=ComponentInfo{viva.republica.toss.test/im.toss.rn.granite.core.GraniteActivity} numActivities=1 lastActiveTime=82220002 supportsMultiWindow=true resizeMode=1 isResizeable=true minWidth=-1 minHeight=-1 defaultMinSize=220 token=WCT{android.window.IWindowContainerToken$Stub$Proxy@c14f339} topActivityType=1 pictureInPictureParams=null shouldDockBigOverlays=false launchIntoPipHostTaskId=-1 lastParentTaskIdBeforePip=-1 displayCutoutSafeInsets=Rect(0, 0 - 0, 0) topActivityInfo=ActivityInfo{e1d1d7e im.toss.rn.granite.core.GraniteActivity} launchCookies=[] positionInParent=Point(0, 0) parentTaskId=-1 isFocused=false isVisible=false isVisibleRequested=false isTopActivityNoDisplay=false isSleeping=false locusId=null displayAreaFeatureId=1 isTopActivityTransparent=false isActivityStackTransparent=false lastNonFullscreenBounds=Rect(284, 660 - 796, 1740) capturedLink=null capturedLinkTimestamp=0 requestedVisibleTypes=-9 topActivityRequestOpenInBrowserEducationTimestamp=0 appCompatTaskInfo=AppCompatTaskInfo { topActivityInSizeCompat=false eligibleForLetterboxEducation= false isLetterboxEducationEnabled= true isLetterboxDoubleTapEnabled= false eligibleForUserAspectRatioButton= false topActivityBoundsLetterboxed= false isFromLetterboxDoubleTap= false topActivityLetterboxVerticalPosition= -1 topActivityLetterboxHorizontalPosition= -1 topActivityLetterboxWidth=-1 topActivityLetterboxHeight=-1 topActivityAppBounds=Rect(0, 0 - 1080, 2400) isUserFullscreenOverrideEnabled=false isSystemFullscreenOverrideEnabled=false hasMinAspectRatioOverride=false topActivityLetterboxBounds=null cameraCompatTaskInfo=CameraCompatTaskInfo { freeformCameraCompatMode=inactive}} topActivityMainWindowFrame=null}, pipChange = null, remoteTransition = null, displayChange = null, flags = 0, debugId = 269 }
02-19 12:12:26.157  4449  4467 D ShellSplitScreen: logExit: no-op, mLoggerSessionId is null
02-19 12:12:26.161  4449  4474 I ndroid.systemui: AssetManager2(0x7d8fac47caf8) locale list changing from [] to [en-US]
02-19 12:12:26.161  1341  1341 W SplitSelectStateCtor: Missing session instanceIds
02-19 12:12:26.161  1341  1341 D StatsLog: LAUNCHER_SPLIT_SELECTION_EXIT_INTERRUPTED
02-19 12:12:26.163   531   531 I BpBinder: onLastStrongRef automatically unlinking death recipients: 
02-19 12:12:26.166  4449  4467 D WindowManagerShell: setLauncherKeepClearAreaHeight: visible=false, height=527
02-19 12:12:26.175   752  2377 I AppsFilter: interaction: PackageSetting{d389813 com.android.microdroid.empty_payload/10204} -> PackageSetting{f7fa15 viva.republica.toss.test/10217} BLOCKED
02-19 12:12:26.176   752  2377 I AppsFilter: interaction: PackageSetting{120ba50 com.android.adbkeyboard/10219} -> PackageSetting{f7fa15 viva.republica.toss.test/10217} BLOCKED
02-19 12:12:26.184   752   797 V GrammaticalInflectionUtils: AttributionSource: android.content.AttributionSource@56784557 does not have READ_SYSTEM_GRAMMATICAL_GENDER permission.
02-19 12:12:26.198  4449  4475 W HWUI    : Image decoding logging dropped!
02-19 12:12:26.215   752   797 W ActivityManager: Slow operation: 54ms so far, now at startProcess: done starting proc!
02-19 12:12:26.220   752  1095 D BackgroundInstallControlService: Package event received: 0
02-19 12:12:26.223   615 21625 W IPCThreadState: Sending oneway calls to frozen process.
02-19 12:12:26.249   458   458 D Zygote  : Forked child process 28067
02-19 12:12:26.250   752   806 W ActivityManager: Slow operation: 65ms so far, now at startProcess: returned from zygote!
02-19 12:12:26.250   752   806 W ActivityManager: Slow operation: 65ms so far, now at startProcess: done updating battery stats
02-19 12:12:26.250   752   806 W ActivityManager: Slow operation: 66ms so far, now at startProcess: building log message
02-19 12:12:26.251   752   806 I ActivityManager: Start proc 28067:viva.republica.toss.test/u0a217 for next-top-activity {viva.republica.toss.test/im.toss.rn.granite.core.GraniteActivity}
02-19 12:12:26.251   752   806 W ActivityManager: Slow operation: 67ms so far, now at startProcess: starting to update pids map
02-19 12:12:26.251   752   806 I ActivityManager: ProcessObserver broadcast disabled
02-19 12:12:26.251   752   806 W ActivityManager: Slow operation: 67ms so far, now at startProcess: done updating pids map
02-19 12:12:26.322   752  2305 D CoreBackPreview: Window{78a8bfc u0 Splash Screen viva.republica.toss.test}: Setting back callback OnBackInvokedCallbackInfo{mCallback=android.window.IOnBackInvokedCallback$Stub$Proxy@4d2310b, mPriority=0, mIsAnimationCallback=false, mOverrideBehavior=0}
02-19 12:12:26.484   752   794 V WindowManager: Sent Transition (#269) createdAt=02-19 12:12:26.132 via request=TransitionRequestInfo { type = OPEN, triggerTask = TaskInfo{userId=0 taskId=47 effectiveUid=10217 displayId=0 isRunning=true baseIntent=Intent { act=android.intent.action.VIEW dat=intoss://takealook/... flg=0x10000000 cmp=viva.republica.toss.test/im.toss.rn.granite.core.GraniteActivity } baseActivity=ComponentInfo{viva.republica.toss.test/im.toss.rn.granite.core.GraniteActivity} topActivity=ComponentInfo{viva.republica.toss.test/im.toss.rn.granite.core.GraniteActivity} origActivity=null realActivity=ComponentInfo{viva.republica.toss.test/im.toss.rn.granite.core.GraniteActivity} numActivities=1 lastActiveTime=82220002 supportsMultiWindow=true resizeMode=1 isResizeable=true minWidth=-1 minHeight=-1 defaultMinSize=220 token=WCT{RemoteToken{e03e8a6 Task{f6f011e #47 type=standard A=10217:viva.republica.toss.test}}} topActivityType=1 pictureInPictureParams=null shouldDockBigOverlays=false launchIntoPipHostTaskId=-1 lastParentTaskIdBeforePip=-1 displayCutoutSafeInsets=Rect(0, 0 - 0, 0) topActivityInfo=ActivityInfo{2765e94 im.toss.rn.granite.core.GraniteActivity} launchCookies=[] positionInParent=Point(0, 0) parentTaskId=-1 isFocused=false isVisible=false isVisibleRequested=false isTopActivityNoDisplay=false isSleeping=false locusId=null displayAreaFeatureId=1 isTopActivityTransparent=false isActivityStackTransparent=false lastNonFullscreenBounds=Rect(284, 660 - 796, 1740) capturedLink=null capturedLinkTimestamp=0 requestedVisibleTypes=-9 topActivityRequestOpenInBrowserEducationTimestamp=0 appCompatTaskInfo=AppCompatTaskInfo { topActivityInSizeCompat=false eligibleForLetterboxEducation= false isLetterboxEducationEnabled= true isLetterboxDoubleTapEnabled= false eligibleForUserAspectRatioButton= false topActivityBoundsLetterboxed= false isFromLetterboxDoubleTap= false topActivityLetterboxVerticalPosition= -1 topActivityLetterboxHorizontalPosition= -1 topActivityLetterboxWidth=-1 topActivityLetterboxHeight=-1 topActivityAppBounds=Rect(0, 0 - 1080, 2400) isUserFullscreenOverrideEnabled=false isSystemFullscreenOverrideEnabled=false hasMinAspectRatioOverride=false topActivityLetterboxBounds=null cameraCompatTaskInfo=CameraCompatTaskInfo { freeformCameraCompatMode=inactive}} topActivityMainWindowFrame=null}, pipChange = null, remoteTransition = null, displayChange = null, flags = 0, debugId = 269 }
02-19 12:12:26.484   752   794 V WindowManager:     startWCT=WindowContainerTransaction { changes= {} hops= [] errorCallbackToken=null taskFragmentOrganizer=null }
02-19 12:12:26.489  4449 22136 V WindowManagerShell: onTransitionReady(transaction=3229815414012)
02-19 12:12:26.485   752   794 V WindowManager:     info={id=269 t=OPEN f=0x0 trk=0 r=[0@Point(0, 0)] c=[
02-19 12:12:26.485   752   794 V WindowManager:         {WCT{RemoteToken{e03e8a6 Task{f6f011e #47 type=standard A=10217:viva.republica.toss.test}}} m=OPEN f=NONE leash=Surface(name=Task=47)/@0x1f26be8 sb=Rect(0, 0 - 1080, 2400) eb=Rect(0, 0 - 1080, 2400) epz=Point(1080, 2400) d=0 taskParent=-1},
02-19 12:12:26.485   752   794 V WindowManager:         {WCT{RemoteToken{5218fe8 Task{dd43522 #1 type=home}}} m=TO_BACK f=SHOW_WALLPAPER leash=Surface(name=Task=1)/@0x8ddbd2e sb=Rect(0, 0 - 1080, 2400) eb=Rect(0, 0 - 1080, 2400) epz=Point(1080, 2400) d=0 taskParent=-1},
02-19 12:12:26.485   752   794 V WindowManager:         {m=TO_BACK f=IS_WALLPAPER leash=Surface(name=WallpaperWindowToken{35e0c0f showWhenLocked=false})/@0x512f5be sb=Rect(0, 0 - 1080, 2400) eb=Rect(0, 0 - 1080, 2400) epz=Point(1080, 2400) d=0}
02-19 12:12:26.485   752   794 V WindowManager:     ]}
02-19 12:12:26.496  4449  4467 V WindowManagerShell: onTransitionReady (#269) android.os.BinderProxy@e31ef00: {id=269 t=OPEN f=0x0 trk=0 r=[0@Point(0, 0)] c=[
02-19 12:12:26.496  4449  4467 V WindowManagerShell:         {m=OPEN f=NONE leash=Surface(name=Task=47)/@0xcb965f4 sb=Rect(0, 0 - 1080, 2400) eb=Rect(0, 0 - 1080, 2400) epz=Point(1080, 2400) d=0 taskParent=-1},
02-19 12:12:26.496  4449  4467 V WindowManagerShell:         {m=TO_BACK f=SHOW_WALLPAPER leash=Surface(name=Task=1)/@0x6b8f11d sb=Rect(0, 0 - 1080, 2400) eb=Rect(0, 0 - 1080, 2400) epz=Point(1080, 2400) d=0 taskParent=-1},
02-19 12:12:26.496  4449  4467 V WindowManagerShell:         {m=TO_BACK f=IS_WALLPAPER leash=Surface(name=WallpaperWindowToken{35e0c0f showWhenLocked=false})/@0xfa3af92 sb=Rect(0, 0 - 1080, 2400) eb=Rect(0, 0 - 1080, 2400) epz=Point(1080, 2400) d=0}
02-19 12:12:26.496  4449  4467 V WindowManagerShell:     ]}
02-19 12:12:26.512  4449  4467 V WindowManagerShell: Playing animation for (#269) android.os.BinderProxy@e31ef00@0
02-19 12:12:26.512  4449  4467 V ShellRecents: RecentsTransitionHandler.startAnimation: no controller found
02-19 12:12:26.534  4449  4467 V WindowManagerShell: Transition doesn't have explicit remote, search filters for match for {id=269 t=OPEN f=0x0 trk=0 r=[0@Point(0, 0)] c=[{m=OPEN f=NONE leash=Surface(name=Task=47)/@0xcb965f4 sb=Rect(0, 0 - 1080, 2400) eb=Rect(0, 0 - 1080, 2400) epz=Point(1080, 2400) d=0 taskParent=-1},{m=TO_BACK f=SHOW_WALLPAPER leash=Surface(name=Task=1)/@0x6b8f11d sb=Rect(0, 0 - 1080, 2400) eb=Rect(0, 0 - 1080, 2400) epz=Point(1080, 2400) d=0 taskParent=-1},{m=TO_BACK f=IS_WALLPAPER leash=Surface(name=WallpaperWindowToken{35e0c0f showWhenLocked=false})/@0xfa3af92 sb=Rect(0, 0 - 1080, 2400) eb=Rect(0, 0 - 1080, 2400) epz=Point(1080, 2400) d=0}]}
02-19 12:12:26.551 28067 28067 I blica.toss.test: Using CollectorTypeCMC GC.
02-19 12:12:26.555  4449  4467 V WindowManagerShell:  Checking filter Pair{{types=[] flags=0x0] notFlags=0x0 checks=[{atype=undefined independent=true modes=[CLOSE,TO_BACK] flags=IN_TASK_WITH_EMBEDDED_ACTIVITY mustBeTask=false order=ANY topActivity=null launchCookie=null taskFragmentToken=android.os.BinderProxy@188d51a windowingMode=undefined}]} RemoteTransition { remoteTransition = android.window.IRemoteTransition$Stub$Proxy@44cd84b, appThread = android.app.IApplicationThread$Stub$Proxy@3a12228, debugName = overlayBackTransition }}
02-19 12:12:26.556  4449  4467 V WindowManagerShell:  Checking filter Pair{{types=[] flags=0x0] notFlags=0x0 checks=[{atype=dream independent=true modes=[OPEN,TO_FRONT] flags=NONE mustBeTask=false order=ANY topActivity=null launchCookie=null windowingMode=undefined},{atype=home independent=true modes=[CLOSE,TO_BACK] flags=NONE mustBeTask=false order=ANY topActivity=null launchCookie=null windowingMode=undefined}]} RemoteTransition { remoteTransition = android.window.IRemoteTransition$Stub$Proxy@6f3eb41, appThread = android.app.IApplicationThread$Stub$Proxy@ccf28e6, debugName = LauncherToDream }}
02-19 12:12:26.556  4449  4467 V WindowManagerShell:  Checking filter Pair{{types=[] flags=0x0] notFlags=0x100 checks=[{atype=home independent=true modes=[OPEN,TO_FRONT] flags=NONE mustBeTask=false order=TOP topActivity=ComponentInfo{com.google.android.apps.nexuslauncher/com.google.android.apps.nexuslauncher.NexusLauncherActivity} launchCookie=null windowingMode=undefined},{atype=standard independent=true modes=[CLOSE,TO_BACK] flags=NONE mustBeTask=false order=ANY topActivity=null launchCookie=null windowingMode=undefined},{NOT atype=undefined independent=true modes=[] flags=NONE mustBeTask=true order=ANY topActivity=null launchCookie=null customAnim=true windowingMode=undefined}]} RemoteTransition { remoteTransition = android.window.IRemoteTransition$Stub$Proxy@a8eae27, appThread = android.app.IApplicationThread$Stub$Proxy@fa38d4, debugName = QuickstepLaunchHome }}
02-19 12:12:26.556  4449  4467 V WindowManagerShell:  Delegate animation for (#269) to null
02-19 12:12:26.556  4449  4467 V WindowManagerShell: start default transition animation, info = {id=269 t=OPEN f=0x0 trk=0 r=[0@Point(0, 0)] c=[{m=OPEN f=NONE leash=Surface(name=Task=47)/@0xcb965f4 sb=Rect(0, 0 - 1080, 2400) eb=Rect(0, 0 - 1080, 2400) epz=Point(1080, 2400) d=0 taskParent=-1},{m=TO_BACK f=SHOW_WALLPAPER leash=Surface(name=Task=1)/@0x6b8f11d sb=Rect(0, 0 - 1080, 2400) eb=Rect(0, 0 - 1080, 2400) epz=Point(1080, 2400) d=0 taskParent=-1},{m=TO_BACK f=IS_WALLPAPER leash=Surface(name=WallpaperWindowToken{35e0c0f showWhenLocked=false})/@0xfa3af92 sb=Rect(0, 0 - 1080, 2400) eb=Rect(0, 0 - 1080, 2400) epz=Point(1080, 2400) d=0}]}
02-19 12:12:26.557  4449  4467 V WindowManagerShell: loadAnimation: anim=android.view.animation.AnimationSet@dc932de animAttr=0x13 type=OPEN isEntrance=false
02-19 12:12:26.557  4449  4467 V WindowManagerShell: loadAnimation: anim=android.view.animation.AnimationSet@1de7cbf animAttr=0x12 type=OPEN isEntrance=true
02-19 12:12:26.563  4449  4467 V WindowManagerShell:  animated by com.android.wm.shell.transition.DefaultTransitionHandler@f74d823
02-19 12:12:26.575 28067 28067 W blica.toss.test: Unexpected CPU variant for x86: x86_64.
02-19 12:12:26.575 28067 28067 W blica.toss.test: Known variants: atom, sandybridge, silvermont, goldmont, goldmont-plus, goldmont-without-sha-xsaves, tremont, kabylake, alderlake, default
02-19 12:12:26.779 28067 28067 E blica.toss.test: Not starting debugger since process cannot load the jdwp agent.
02-19 12:12:26.847 28067 28067 D nativeloader: Load libframework-connectivity-tiramisu-jni.so using APEX ns com_android_tethering for caller /apex/com.android.tethering/javalib/framework-connectivity-t.jar: ok
02-19 12:12:26.885  4449  4467 V WindowManagerShell: Transition animation finished (aborted=false), notifying core (#269) android.os.BinderProxy@e31ef00@0
02-19 12:12:26.904   752   794 V WindowManager: Finish Transition (#269): created at 02-19 12:12:26.132 collect-started=0.107ms request-sent=24.425ms started=29.822ms ready=341.091ms sent=348.963ms commit=91.664ms finished=768.051ms
02-19 12:12:27.043  4449  4467 V WindowManagerShell: Track 0 became idle
02-19 12:12:27.043  4449  4467 V WindowManagerShell: All active transition animations finished
02-19 12:12:27.060  1341  1341 D VRI[NexusLauncherActivity]: visibilityChanged oldVisibility=true newVisibility=false
02-19 12:12:27.062  1341  1341 D NexusLauncherModelDelegate: notifySmartspaceEvent: SmartspaceTargetEvent{mSmartspaceTarget=null, mSmartspaceActionId='null', mEventType=7}
02-19 12:12:27.163   752  1095 D BackgroundInstallControlService: Package event received: 0
02-19 12:12:27.273 28067 28067 D ApplicationLoaders: Returning zygote-cached class loader: /system_ext/framework/androidx.window.extensions.jar
02-19 12:12:27.273 28067 28067 D ApplicationLoaders: Returning zygote-cached class loader: /system_ext/framework/androidx.window.sidecar.jar
02-19 12:12:27.335 28067 28067 D nativeloader: Configuring clns-9 for other apk /data/app/~~NUQj-rdXzuicW-16SIRtKA==/viva.republica.toss.test-Si406wFvb_sqEA2GTBV6RQ==/base.apk. target_sdk_version=35, uses_libraries=, library_path=/data/app/~~NUQj-rdXzuicW-16SIRtKA==/viva.republica.toss.test-Si406wFvb_sqEA2GTBV6RQ==/lib/x86_64:/data/app/~~NUQj-rdXzuicW-16SIRtKA==/viva.republica.toss.test-Si406wFvb_sqEA2GTBV6RQ==/base.apk!/lib/x86_64, permitted_path=/data:/mnt/expand:/data/user/0/viva.republica.toss.test
02-19 12:12:27.338 28067 28067 D CompatChangeReporter: Compat change id reported: 202956589; UID 10217; state: ENABLED
02-19 12:12:27.405 28067 28067 I blica.toss.test: AssetManager2(0x7d8fac428e58) locale list changing from [] to [en-US]
02-19 12:12:27.463 28067 28067 V GraphicsEnvironment: Currently set values for:
02-19 12:12:27.463 28067 28067 V GraphicsEnvironment:   angle_gl_driver_selection_pkgs=[]
02-19 12:12:27.463 28067 28067 V GraphicsEnvironment:   angle_gl_driver_selection_values=[]
02-19 12:12:27.463 28067 28067 V GraphicsEnvironment: viva.republica.toss.test is not listed in per-application setting
02-19 12:12:27.463 28067 28067 V GraphicsEnvironment: ANGLE allowlist from config: com.dreamgames.royalmatch com.dts.freefiremax com.dxx.firenow com.gramgames.mergedragons com.ludo.king com.mojang.minecraftpe com.my.defense com.nintendo.zaka com.os.airforce com.playrix.fishdomdd.gplay io.teslatech.callbreak jp.konami.prospia net.peakgames.toonblast
02-19 12:12:27.463 28067 28067 V GraphicsEnvironment: viva.republica.toss.test is not listed in ANGLE allowlist or settings, returning default
02-19 12:12:27.464 28067 28067 V GraphicsEnvironment: Neither updatable production driver nor prerelease driver is supported.
02-19 12:12:27.715 28067 28067 D CompatChangeReporter: Compat change id reported: 279646685; UID 10217; state: ENABLED
02-19 12:12:27.992 28067 28067 D nativeloader: Load /data/app/~~NUQj-rdXzuicW-16SIRtKA==/viva.republica.toss.test-Si406wFvb_sqEA2GTBV6RQ==/lib/x86_64/libmmkv.so using class loader ns clns-9 (caller=/data/app/~~NUQj-rdXzuicW-16SIRtKA==/viva.republica.toss.test-Si406wFvb_sqEA2GTBV6RQ==/base.apk): ok
02-19 12:12:28.031 28067 28081 E ashmem  : Pinning is deprecated since Android Q. Please use trim or other methods.
02-19 12:12:28.032 28067 28067 I blica.toss.test: AssetManager2(0x7d8fac426f18) locale list changing from [] to [en-US]
02-19 12:12:28.034 28067 28067 I WebViewFactory: Loading com.google.android.webview version 133.0.6943.137 (code 694313738)
02-19 12:12:28.083 28067 28067 I blica.toss.test: AssetManager2(0x7d8fac427878) locale list changing from [] to [en-US]
02-19 12:12:28.086 28067 28067 I blica.toss.test: AssetManager2(0x7d8fac4284f8) locale list changing from [] to [en-US]
02-19 12:12:28.199 28067 28067 V ResourcesManager: The following library key has been added: ResourcesKey{ mHash=a24a3099 mResDir=null mSplitDirs=[] mOverlayDirs=[] mLibDirs=[/data/app/~~86wu-kVgQoavtKNPNhKNpg==/com.google.android.webview-1KjOBROVBHjUvpUZHW2m2g==/WebViewGoogle.apk,/data/app/~~zfNTtjjfT5QjKD_7Ux4KKQ==/com.google.android.trichromelibrary_694313738-AgzLRnDhHPFXke_9IsnuqA==/TrichromeLibrary.apk] mDisplayId=0 mOverrideConfig=v36 mCompatInfo={420dpi always-compat} mLoaders=[]}
02-19 12:12:28.217 28067 28067 W blica.toss.test: Failed to find entry 'classes.dex': Entry not found
02-19 12:12:28.219 28067 28067 D nativeloader: Configuring clns-10 for other apk /data/app/~~zfNTtjjfT5QjKD_7Ux4KKQ==/com.google.android.trichromelibrary_694313738-AgzLRnDhHPFXke_9IsnuqA==/TrichromeLibrary.apk. target_sdk_version=34, uses_libraries=ALL, library_path=/data/app/~~86wu-kVgQoavtKNPNhKNpg==/com.google.android.webview-1KjOBROVBHjUvpUZHW2m2g==/lib/x86_64:/data/app/~~86wu-kVgQoavtKNPNhKNpg==/com.google.android.webview-1KjOBROVBHjUvpUZHW2m2g==/WebViewGoogle.apk!/lib/x86_64:/data/app/~~zfNTtjjfT5QjKD_7Ux4KKQ==/com.google.android.trichromelibrary_694313738-AgzLRnDhHPFXke_9IsnuqA==/TrichromeLibrary.apk!/lib/x86_64, permitted_path=/data:/mnt/expand
02-19 12:12:28.225 28067 28067 D ApplicationLoaders: Returning zygote-cached class loader: /system_ext/framework/androidx.window.extensions.jar
02-19 12:12:28.236 28067 28067 D nativeloader: Configuring clns-11 for other apk /data/app/~~86wu-kVgQoavtKNPNhKNpg==/com.google.android.webview-1KjOBROVBHjUvpUZHW2m2g==/WebViewGoogle.apk. target_sdk_version=34, uses_libraries=, library_path=/data/app/~~86wu-kVgQoavtKNPNhKNpg==/com.google.android.webview-1KjOBROVBHjUvpUZHW2m2g==/lib/x86_64:/data/app/~~86wu-kVgQoavtKNPNhKNpg==/com.google.android.webview-1KjOBROVBHjUvpUZHW2m2g==/WebViewGoogle.apk!/lib/x86_64:/data/app/~~zfNTtjjfT5QjKD_7Ux4KKQ==/com.google.android.trichromelibrary_694313738-AgzLRnDhHPFXke_9IsnuqA==/TrichromeLibrary.apk!/lib/x86_64, permitted_path=/data:/mnt/expand
02-19 12:12:28.453 28067 28081 D nativeloader: Configuring clns-12 for other apk . target_sdk_version=35, uses_libraries=ALL, library_path=/data/app/~~NUQj-rdXzuicW-16SIRtKA==/viva.republica.toss.test-Si406wFvb_sqEA2GTBV6RQ==/lib/x86_64:/data/app/~~NUQj-rdXzuicW-16SIRtKA==/viva.republica.toss.test-Si406wFvb_sqEA2GTBV6RQ==/base.apk!/lib/x86_64, permitted_path=/data:/mnt/expand
02-19 12:12:28.462 28067 28067 I cr_WVCFactoryProvider: version=133.0.6943.137 (694313738) minSdkVersion=29 isBundle=false multiprocess=true packageId=2
02-19 12:12:28.471 28067 28081 D nativeloader: Load /data/app/~~NUQj-rdXzuicW-16SIRtKA==/viva.republica.toss.test-Si406wFvb_sqEA2GTBV6RQ==/lib/x86_64/libdceb.so using isolated ns clns-12 (caller=/data/user/0/viva.republica.toss.test/Anonymous-DexFile@1467667017.jar): ok
