--------- beginning of main
02-19 22:24:57.285  9187  9187 D nativeloader: Load libframework-connectivity-tiramisu-jni.so using APEX ns com_android_tethering for caller /apex/com.android.tethering/javalib/framework-connectivity-t.jar: ok
02-19 22:24:57.322  9187  9187 D ApplicationLoaders: Returning zygote-cached class loader: /system/framework/org.apache.http.legacy.jar
02-19 22:24:57.322  9187  9187 D ApplicationLoaders: Returning zygote-cached class loader: /system_ext/framework/androidx.window.extensions.jar
02-19 22:24:57.322  9187  9187 D ApplicationLoaders: Returning zygote-cached class loader: /system_ext/framework/androidx.window.sidecar.jar
02-19 22:24:57.618  9197  9197 W dumpsys : Thread Pool max thread count is 0. Cannot cache binder as linkToDeath cannot be implemented. serviceName: window
02-19 22:24:57.623   752  2503 I system_server: AssetManager2(0x7d8fac4c8138) locale list changing from [] to [en-US]
02-19 22:24:57.630   752  2503 I system_server: AssetManager2(0x7d8fac505998) locale list changing from [] to [en-US]
02-19 22:24:57.632   752  2503 I system_server: AssetManager2(0x7d8fac445cd8) locale list changing from [] to [en-US]
02-19 22:24:57.634   752  2503 I system_server: AssetManager2(0x7d8fac5046d8) locale list changing from [] to [en-US]
02-19 22:24:57.635   752  2503 I system_server: AssetManager2(0x7d8fac498398) locale list changing from [] to [en-US]
02-19 22:24:57.639   752  2503 I system_server: AssetManager2(0x7d8fac5172d8) locale list changing from [] to [en-US]
02-19 22:24:58.031  9187  9187 D nativeloader: InitLlndkLibrariesProduct: libEGL.so:libGLESv1_CM.so:libGLESv2.so:libGLESv3.so:libRS.so:libandroid_net.so:libapexsupport.so:libavf.so:libbinder_ndk.so:libc.so:libcgrouprc.so:libclang_rt.asan-x86_64-android.so:libcom.android.tethering.connectivity_native.so:libdl.so:libft2.so:liblog.so:libm.so:libmediandk.so:libnativewindow.so:libneuralnetworks.so:libselinux.so:libsync.so:libvendorsupport.so:libvndksupport.so:libvulkan.so
02-19 22:24:58.032  9187  9187 D nativeloader: Configuring product-clns-9 for unbundled product apk /product/app/CalendarGooglePrebuilt/CalendarGooglePrebuilt.apk. target_sdk_version=36, uses_libraries=, library_path=/product/app/CalendarGooglePrebuilt/lib/x86_64:/product/lib64:/system/product/lib64, permitted_path=/data:/mnt/expand:/data/user/0/com.google.android.calendar:/product/lib64:/system/product/lib64
02-19 22:24:58.033  9187  9187 D nativeloader: InitVndkspLibrariesProduct: VNDK is deprecated with product
02-19 22:24:58.061  9187  9187 I ndroid.calendar: AssetManager2(0x7d8fac428e58) locale list changing from [] to [en-US]
02-19 22:24:58.073  9187  9187 V GraphicsEnvironment: Currently set values for:
02-19 22:24:58.073  9187  9187 V GraphicsEnvironment:   angle_gl_driver_selection_pkgs=[]
02-19 22:24:58.073  9187  9187 V GraphicsEnvironment:   angle_gl_driver_selection_values=[]
02-19 22:24:58.074  9187  9187 V GraphicsEnvironment: com.google.android.calendar is not listed in per-application setting
02-19 22:24:58.074  9187  9187 V GraphicsEnvironment: ANGLE allowlist from config: com.dreamgames.royalmatch com.dts.freefiremax com.dxx.firenow com.gramgames.mergedragons com.ludo.king com.mojang.minecraftpe com.my.defense com.nintendo.zaka com.os.airforce com.playrix.fishdomdd.gplay io.teslatech.callbreak jp.konami.prospia net.peakgames.toonblast
02-19 22:24:58.075  9187  9187 V GraphicsEnvironment: com.google.android.calendar is not listed in ANGLE allowlist or settings, returning default
02-19 22:24:58.075  9187  9187 V GraphicsEnvironment: Neither updatable production driver nor prerelease driver is supported.
--------- beginning of system
02-19 22:24:58.762   752  1856 E TaskPersister: File error accessing recents directory (directory doesn't exist?).
02-19 22:24:59.041   752  1095 D BackgroundInstallControlService: Package event received: 0
02-19 22:24:59.131 19301 19301 D WearableService: Creating wearable service asynchronously.
02-19 22:24:59.154  9187  9216 E ashmem  : Pinning is deprecated since Android Q. Please use trim or other methods.
02-19 22:24:59.216  9187  9218 E GnpSdk  : GrowthKit failed to start.
02-19 22:24:59.216  9187  9218 E GnpSdk  : java.lang.NullPointerException: Attempt to invoke virtual method 'java.lang.Class java.lang.Object.getClass()' on a null object reference
02-19 22:24:59.216  9187  9218 E GnpSdk  : 	at com.google.android.calendar.application.CalendarApplication.a(PG:8)
02-19 22:24:59.216  9187  9218 E GnpSdk  : 	at cal.bxl.a(PG:27)
02-19 22:24:59.216  9187  9218 E GnpSdk  : 	at cal.yvi.b(PG:283)
02-19 22:24:59.216  9187  9218 E GnpSdk  : 	at cal.yvi.a(PG:23)
02-19 22:24:59.216  9187  9218 E GnpSdk  : 	at cal.atmw.a(PG:21)
02-19 22:24:59.216  9187  9218 E GnpSdk  : 	at cal.atcs.a(PG:106)
02-19 22:24:59.216  9187  9218 E GnpSdk  : 	at cal.yvj.b(PG:14)
02-19 22:24:59.216  9187  9218 E GnpSdk  : 	at cal.yva.a(PG:21)
02-19 22:24:59.216  9187  9218 E GnpSdk  : 	at cal.wxq.d(PG:102)
02-19 22:24:59.216  9187  9218 E GnpSdk  : 	at cal.wxn.b(PG:142)
02-19 22:24:59.216  9187  9218 E GnpSdk  : 	at cal.wxn.a(PG:14)
02-19 22:24:59.216  9187  9218 E GnpSdk  : 	at cal.atmw.a(PG:21)
02-19 22:24:59.216  9187  9218 E GnpSdk  : 	at cal.atcs.a(PG:106)
02-19 22:24:59.216  9187  9218 E GnpSdk  : 	at cal.wxq.b(PG:9)
02-19 22:24:59.216  9187  9218 E GnpSdk  : 	at cal.wxg.b(PG:23)
02-19 22:24:59.216  9187  9218 E GnpSdk  : 	at cal.asws.dH(PG:12)
02-19 22:24:59.216  9187  9218 E GnpSdk  : 	at cal.atej.run(PG:112)
02-19 22:24:59.216  9187  9218 E GnpSdk  : 	at cal.ito.run(PG:5)
02-19 22:24:59.216  9187  9218 E GnpSdk  : 	at java.util.concurrent.Executors$RunnableAdapter.call(Executors.java:524)
02-19 22:24:59.216  9187  9218 E GnpSdk  : 	at java.util.concurrent.FutureTask.run(FutureTask.java:317)
02-19 22:24:59.216  9187  9218 E GnpSdk  : 	at java.util.concurrent.ScheduledThreadPoolExecutor$ScheduledFutureTask.run(ScheduledThreadPoolExecutor.java:348)
02-19 22:24:59.216  9187  9218 E GnpSdk  : 	at java.util.concurrent.ThreadPoolExecutor.runWorker(ThreadPoolExecutor.java:1156)
02-19 22:24:59.216  9187  9218 E GnpSdk  : 	at java.util.concurrent.ThreadPoolExecutor$Worker.run(ThreadPoolExecutor.java:651)
02-19 22:24:59.216  9187  9218 E GnpSdk  : 	at cal.itn.run(PG:68)
02-19 22:24:59.216  9187  9218 E GnpSdk  : 	at java.lang.Thread.run(Thread.java:1119)
02-19 22:24:59.297   752  2419 D ConnectivityService: requestNetwork for uid/pid:10154/9187 activeRequest: null callbackRequest: 1189 [NetworkRequest [ REQUEST id=1190, [ Capabilities: INTERNET&NOT_RESTRICTED&TRUSTED&NOT_VCN_MANAGED&NOT_BANDWIDTH_CONSTRAINED Uid: 10154 RequestorUid: 10154 RequestorPkg: com.google.android.calendar UnderlyingNetworks: Null] ]] callback flags: 0 order: 2147483647 isUidTracked: false declaredMethods: AVAIL|LOST
02-19 22:24:59.300   752  1023 D OemPaidWifiNetworkFactory: got request NetworkRequest [ REQUEST id=1190, [ Capabilities: INTERNET&NOT_RESTRICTED&TRUSTED&NOT_VCN_MANAGED&NOT_BANDWIDTH_CONSTRAINED Uid: 10154 RequestorUid: 10154 RequestorPkg: com.google.android.calendar UnderlyingNetworks: Null] ]
02-19 22:24:59.302   752  1023 D MultiInternetWifiNetworkFactory: got request NetworkRequest [ REQUEST id=1190, [ Capabilities: INTERNET&NOT_RESTRICTED&TRUSTED&NOT_VCN_MANAGED&NOT_BANDWIDTH_CONSTRAINED Uid: 10154 RequestorUid: 10154 RequestorPkg: com.google.android.calendar UnderlyingNetworks: Null] ]
02-19 22:24:59.303   752  1023 D WifiNetworkFactory: got request NetworkRequest [ REQUEST id=1190, [ Capabilities: INTERNET&NOT_RESTRICTED&TRUSTED&NOT_VCN_MANAGED&NOT_BANDWIDTH_CONSTRAINED Uid: 10154 RequestorUid: 10154 RequestorPkg: com.google.android.calendar UnderlyingNetworks: Null] ]
02-19 22:24:59.303   752  1023 D UntrustedWifiNetworkFactory: got request NetworkRequest [ REQUEST id=1190, [ Capabilities: INTERNET&NOT_RESTRICTED&TRUSTED&NOT_VCN_MANAGED&NOT_BANDWIDTH_CONSTRAINED Uid: 10154 RequestorUid: 10154 RequestorPkg: com.google.android.calendar UnderlyingNetworks: Null] ]
02-19 22:24:59.303   752  1029 D ConnectivityService: NetReassign [1190 : null → 108] [c 1] [a 1] [i 3]
02-19 22:24:59.319 19301 19435 I Wear_Controller: Wearable module requires a companion app to be installed.
02-19 22:24:59.320 19301 19435 I WearableService: onCreate: Wearable Services not starting. Wear is not available on this device.
02-19 22:24:59.392   752  2419 D ActivityManager: sync unfroze 25779 com.android.providers.calendar for 7
02-19 22:24:59.689   752   795 W ActivityTaskManager: callingPackage for (uid=-1, pid=0) has no WPC
02-19 22:24:59.690   752   795 W ActivityStartInterceptor: Starting home with component specified, uid=0
02-19 22:24:59.695   752   795 W OptProp : Cannot read opt property android.window.PROPERTY_COMPAT_ALLOW_USER_ASPECT_RATIO_OVERRIDE
02-19 22:24:59.695   752   795 W OptProp : Cannot read opt property android.window.PROPERTY_COMPAT_ALLOW_USER_ASPECT_RATIO_FULLSCREEN_OVERRIDE
02-19 22:24:59.696   752   795 W OptProp : Cannot read opt property android.window.PROPERTY_COMPAT_ALLOW_RESIZEABLE_ACTIVITY_OVERRIDES
02-19 22:24:59.696   752   795 W OptProp : Cannot read opt property android.window.PROPERTY_COMPAT_ALLOW_MIN_ASPECT_RATIO_OVERRIDE
02-19 22:24:59.697   752   795 V GrammaticalInflectionUtils: AttributionSource: android.content.AttributionSource@1abea79a does not have READ_SYSTEM_GRAMMATICAL_GENDER permission.
02-19 22:24:59.722   752   795 I ActivityTaskManager: START u0 {act=android.intent.action.MAIN cat=[android.intent.category.HOME] flg=0x10000100 cmp=com.google.android.apps.nexuslauncher/.NexusLauncherActivity (has extras)} with LAUNCH_SINGLE_TASK from uid 0 (BAL_ALLOW_ALLOWLISTED_UID) result code=2
02-19 22:24:59.732  4449  4467 V WindowManagerShell: Transition requested (#1171): android.os.BinderProxy@fecc48e TransitionRequestInfo { type = OPEN, triggerTask = TaskInfo{userId=0 taskId=5 effectiveUid=10182 displayId=0 isRunning=true baseIntent=Intent { act=android.intent.action.MAIN cat=[android.intent.category.HOME] flg=0x10000100 cmp=com.google.android.apps.nexuslauncher/.NexusLauncherActivity } baseActivity=ComponentInfo{com.google.android.apps.nexuslauncher/com.google.android.apps.nexuslauncher.NexusLauncherActivity} topActivity=ComponentInfo{com.google.android.apps.nexuslauncher/com.google.android.apps.nexuslauncher.NexusLauncherActivity} origActivity=null realActivity=ComponentInfo{com.google.android.apps.nexuslauncher/com.google.android.apps.nexuslauncher.NexusLauncherActivity} numActivities=1 lastActiveTime=118973558 supportsMultiWindow=true resizeMode=2 isResizeable=true minWidth=-1 minHeight=-1 defaultMinSize=220 token=WCT{android.window.IWindowContainerToken$Stub$Proxy@f8724af} topActivityType=2 pictureInPictureParams=null shouldDockBigOverlays=false launchIntoPipHostTaskId=-1 lastParentTaskIdBeforePip=-1 displayCutoutSafeInsets=Rect(0, 0 - 0, 0) topActivityInfo=ActivityInfo{81220bc com.google.android.apps.nexuslauncher.NexusLauncherActivity} launchCookies=[] positionInParent=Point(0, 0) parentTaskId=-1 isFocused=true isVisible=false isVisibleRequested=true isTopActivityNoDisplay=false isSleeping=false locusId=LocusId[17_chars] displayAreaFeatureId=1 isTopActivityTransparent=false isActivityStackTransparent=false lastNonFullscreenBounds=Rect(284, 660 - 796, 1740) capturedLink=null capturedLinkTimestamp=0 requestedVisibleTypes=-9 topActivityRequestOpenInBrowserEducationTimestamp=0 appCompatTaskInfo=AppCompatTaskInfo { topActivityInSizeCompat=false eligibleForLetterboxEducation= false isLetterboxEducationEnabled= true isLetterboxDoubleTapEnabled= false eligibleForUserAspectRatioButton= false topActivityBoundsLetterboxed= false isFromLetterboxDoubleTap= false topActivityLetterboxVerticalPosition= -1 topActivityLetterboxHorizontalPosition= -1 topActivityLetterboxWidth=-1 topActivityLetterboxHeight=-1 topActivityAppBounds=Rect(0, 0 - 1080, 2400) isUserFullscreenOverrideEnabled=false isSystemFullscreenOverrideEnabled=false hasMinAspectRatioOverride=false topActivityLetterboxBounds=null cameraCompatTaskInfo=CameraCompatTaskInfo { freeformCameraCompatMode=inactive}} topActivityMainWindowFrame=null}, pipChange = null, remoteTransition = null, displayChange = null, flags = 0, debugId = 1171 }
02-19 22:24:59.733  4449  4467 D ShellSplitScreen: logExit: no-op, mLoggerSessionId is null
02-19 22:24:59.735 19166 19166 D ViewRootImpl: Skipping stats log for color mode
02-19 22:24:59.742  4449  4449 I vol.VolumeDialogImpl: mDialog.dismiss() reason: volume_controller from: com.android.systemui.volume.VolumeDialogImpl$7.onDismissRequested:3
02-19 22:24:59.746 19166 19166 D TFOManager: playPanelCloseAnimation() duration=200 traceTag=LauncherOverlay-hide isHomeButtonTap=true
02-19 22:24:59.746 19166 19166 D TFOManager: Skipped creating panel close animation because -1 is invisible.
02-19 22:24:59.746 19166 19166 D OverviewCommandHelper: clearing pending commands: []
02-19 22:24:59.758   752   795 W ActivityTaskManager:   Force finishing activity viva.republica.toss.test/im.toss.rn.granite.core.GraniteActivity
02-19 22:24:59.759   752   795 I ActivityManager: Killing 9047:viva.republica.toss.test/u0a217 (adj 0): user request after error
02-19 22:24:59.760   752   795 W WindowOnBackDispatcher: sendCancelIfRunning: isInProgress=false callback=android.app.Dialog$$ExternalSyntheticLambda2@c81936a
02-19 22:24:59.760   752   795 D CoreBackPreview: Window{51aa586 u0 Application Not Responding: viva.republica.toss.test}: Setting back callback null
02-19 22:24:59.763  4449  4467 D WindowManagerShell: setLauncherKeepClearAreaHeight: visible=true, height=527
02-19 22:24:59.768 19166 19166 D StatsLog: LAUNCHER_ONRESUME
02-19 22:24:59.775  3453  3453 D BoundBrokerSvc: onBind: Intent { act=com.google.android.gms.inappreach.service.START dat=chimera-action:/... xflg=0x4 cmp=com.google.android.gms/.chimera.GmsApiService }
02-19 22:24:59.775  3453  3453 D BoundBrokerSvc: Loading bound service for intent: Intent { act=com.google.android.gms.inappreach.service.START dat=chimera-action:/... xflg=0x4 cmp=com.google.android.gms/.chimera.GmsApiService }
02-19 22:24:59.779  1971  2198 I AiAiEcho: Predicting[0]:  [CONTEXT sampling_count=5 ]
02-19 22:24:59.779  1971  2198 I AiAiEcho: EchoTargets: 
02-19 22:24:59.779  1971  2198 I AiAiEcho: Filtered by AiAi flag check: 
02-19 22:24:59.779  1971  2198 I AiAiEcho: [CONTEXT ratelimit_period="10 SECONDS" ]
02-19 22:24:59.785 19166 19190 D QuickstepModelDelegate: notifyAppTargetEvent action=1 launchLocation=workspace/0/[-1,-1]/[1,1]
02-19 22:24:59.785  4449  4467 D WindowManagerShell: onActivityRestartAttempt: topActivity=ComponentInfo{com.google.android.apps.nexuslauncher/com.google.android.apps.nexuslauncher.NexusLauncherActivity}, wasVisible=false
02-19 22:24:59.796  1971  2198 I AiAiEcho: #remoteViewsTwiddler: feature disabled.
02-19 22:24:59.797  1971  2198 I AiAiEcho: #postPredictionTargets: Sending updates to UISurface home with targets# 0 (types=[])
02-19 22:24:59.815   531   531 I BpBinder: onLastStrongRef automatically unlinking death recipients: 
02-19 22:24:59.818   752   981 W InputDispatcher: channel 'af77018 PopupWindow:f7bd206' ~ Consumer closed input channel or an error occurred.  events=0x9
02-19 22:24:59.818   752   981 E InputDispatcher: channel 'af77018 PopupWindow:f7bd206' ~ Channel is unrecoverably broken and will be disposed!
02-19 22:24:59.830 19166 19166 D NexusLauncherModelDelegate: notifySmartspaceEvent: SmartspaceTargetEvent{mSmartspaceTarget=null, mSmartspaceActionId='null', mEventType=6}
02-19 22:24:59.856   752  1095 D BackgroundInstallControlService: Package event received: 0
02-19 22:24:59.857   752  1095 D BackgroundInstallControlService: Package event received: 0
02-19 22:24:59.857   752  1095 D BackgroundInstallControlService: Package event received: 0
02-19 22:24:59.859   752  1029 D ConnectivityService: releasing NetworkRequest [ REQUEST id=1188, [ Capabilities: INTERNET&NOT_RESTRICTED&TRUSTED&NOT_VCN_MANAGED&NOT_BANDWIDTH_CONSTRAINED Uid: 10217 RequestorUid: 10217 RequestorPkg: viva.republica.toss.test UnderlyingNetworks: Null] ] (release request)
02-19 22:24:59.860   458   458 I Zygote  : Process 9047 exited due to signal 9 (Killed)
02-19 22:24:59.923   752   981 I WindowManager: WINDOW DIED Window{af77018 u0 PopupWindow:f7bd206}
02-19 22:24:59.925   752   981 W InputDispatcher: channel 'ec88f01 viva.republica.toss.test/im.toss.rn.granite.core.GraniteActivity' ~ Consumer closed input channel or an error occurred.  events=0x9
02-19 22:24:59.926   752   981 E InputDispatcher: channel 'ec88f01 viva.republica.toss.test/im.toss.rn.granite.core.GraniteActivity' ~ Channel is unrecoverably broken and will be disposed!
02-19 22:24:59.926   752   981 I WindowManager: WINDOW DIED Window{ec88f01 u0 viva.republica.toss.test/im.toss.rn.granite.core.GraniteActivity}
02-19 22:24:59.961  9187  9246 W AndroidLoggerBackend: AndroidLoggerBackend configured with enableAndroidLogger:false; no logs will be emitted.
02-19 22:24:59.988   752  2417 D CompatChangeReporter: Compat change id reported: 311208629; UID 10217; state: ENABLED
02-19 22:25:00.000  9081  9081 I cr_ChildProcessService: Destroying ChildProcessService pid=9081
02-19 22:25:00.001 19166 19166 D BaseDepthController: setSurface:
02-19 22:25:00.001 19166 19166 D BaseDepthController: 	mWaitingOnSurfaceValidity: false
02-19 22:25:00.001 19166 19166 D BaseDepthController: 	mBaseSurface: Surface(name=com.google.android.apps.nexuslauncher/com.google.android.apps.nexuslauncher.NexusLauncherActivity)/@0x2cb53f
02-19 22:25:00.031  9081  9081 I ocessService0:0: System.exit called, status: 0
02-19 22:25:00.031  9081  9081 I AndroidRuntime: VM exiting with result code 0, cleanup skipped.
02-19 22:25:00.042  3453  3453 D BoundBrokerSvc: onBind: Intent { act=com.google.android.gms.auth.blockstore.service.START dat=chimera-action:/... xflg=0x4 cmp=com.google.android.gms/.chimera.GmsApiService }
02-19 22:25:00.043  3453  3453 D BoundBrokerSvc: Loading bound service for intent: Intent { act=com.google.android.gms.auth.blockstore.service.START dat=chimera-action:/... xflg=0x4 cmp=com.google.android.gms/.chimera.GmsApiService }
02-19 22:25:00.053  1263  1263 I Zygote  : Process 9081 exited cleanly (0)
02-19 22:25:00.078 19166 19166 D ActivityAllAppsContainerView: rebindAdapters: force: false
02-19 22:25:00.078   531   602 I BpBinder: onLastStrongRef automatically unlinking death recipients: 
02-19 22:25:00.078 19166 19166 D ActivityAllAppsContainerView: rebindAdapters: Not needed.
02-19 22:25:00.079 19166 19166 I NotificationListener: Handling notification state refresh for com.google.android.adservices.api#0
02-19 22:25:00.079 19166 19166 I NotificationListener: Handling notification state refresh for android#0
02-19 22:25:00.079 19166 19166 I NotificationListener: Handling notification state refresh for com.android.systemui#0
02-19 22:25:00.080 19166 19166 D SsBaseTemplateCard: No text view can be set up
02-19 22:25:00.080 19166 19166 D SsBaseTemplateCard: Passed-in item info is null
02-19 22:25:00.080 19166 19166 D SsBaseTemplateCard: Passed-in item info is null
02-19 22:25:00.080 19166 19166 D SsBaseTemplateCard: Passed-in item info is null
02-19 22:25:00.080 19166 19166 I SsBaseTemplateCard: Secondary card pane is null
02-19 22:25:00.054   752   797 V WindowManager: Unknown focus tokens, dropping reportFocusChanged
02-19 22:25:00.084   752  2368 I ActivityManager: Process com.google.android.webview:sandboxed_process0:org.chromium.content.app.SandboxedProcessService0:0 (pid 9081) has died: fg  SVC 
02-19 22:25:00.085   752  1029 D InetDiagMessage: Destroyed 0 sockets, proto=IPPROTO_TCP, family=AF_INET, states=14
02-19 22:25:00.087   752  1029 D InetDiagMessage: Destroyed 0 sockets, proto=IPPROTO_TCP, family=AF_INET6, states=14
02-19 22:25:00.088   752  1029 D InetDiagMessage: Destroyed live tcp sockets for uids={10217} in 15ms
02-19 22:25:00.089   752  1095 D BackgroundInstallControlService: Package event received: 0
02-19 22:25:00.089   752  1029 D InetDiagMessage: Destroyed 0 sockets, proto=IPPROTO_TCP, family=AF_INET, states=14
02-19 22:25:00.090   752  1029 D InetDiagMessage: Destroyed 0 sockets, proto=IPPROTO_TCP, family=AF_INET6, states=14
02-19 22:25:00.090   752  1029 D InetDiagMessage: Destroyed live tcp sockets for uids={20217} in 2ms
02-19 22:25:00.090   752  1509 I WindowManager: WIN DEATH: Window{af77018 u0 PopupWindow:f7bd206 EXITING}
02-19 22:25:00.091   752  1509 I WindowManager: WIN DEATH: Window{ec88f01 u0 viva.republica.toss.test/im.toss.rn.granite.core.GraniteActivity EXITING}
02-19 22:25:00.129   752   797 W ActivityManager: setHasOverlayUi called on unknown pid: 9047
02-19 22:25:00.171   752   807 I libprocessgroup: Removed cgroup /sys/fs/cgroup/apps/uid_10217/pid_9047
02-19 22:25:00.174   752   807 I libprocessgroup: Removed cgroup /sys/fs/cgroup/apps/uid_99126/pid_9081
02-19 22:25:00.188  4449  4463 V WindowManagerShell: onTransitionReady(transaction=3229815440294)
02-19 22:25:00.196  9187  9255 I c.aiyl  : Obtained writable database SQLiteDatabase/179933743 instance with path /data/user/0/com.google.android.calendar/databases/cal_v2a
02-19 22:25:00.201  4449  4467 V WindowManagerShell: onTransitionReady (#1171) android.os.BinderProxy@fecc48e: {id=1171 t=OPEN f=0x0 trk=0 r=[0@Point(0, 0)] c=[
02-19 22:25:00.201  4449  4467 V WindowManagerShell:         {m=TO_FRONT f=SHOW_WALLPAPER|MOVE_TO_TOP leash=Surface(name=Task=1)/@0x341bdd sb=Rect(0, 0 - 1080, 2400) eb=Rect(0, 0 - 1080, 2400) epz=Point(1080, 2400) d=0 taskParent=-1},
02-19 22:25:00.201  4449  4467 V WindowManagerShell:         {m=TO_BACK f=NONE leash=Surface(name=Task=200)/@0x9b6352 sb=Rect(0, 0 - 1080, 2400) eb=Rect(0, 0 - 1080, 2400) epz=Point(1080, 2400) d=0 taskParent=-1},
02-19 22:25:00.201  4449  4467 V WindowManagerShell:         {m=TO_FRONT f=IS_WALLPAPER leash=Surface(name=WallpaperWindowToken{35e0c0f showWhenLocked=false})/@0xdd87623 sb=Rect(0, 0 - 1080, 2400) eb=Rect(0, 0 - 1080, 2400) epz=Point(1080, 2400) d=0}
02-19 22:25:00.201  4449  4467 V WindowManagerShell:     ]}
02-19 22:25:00.202  4449  4467 V WindowManagerShell: Playing animation for (#1171) android.os.BinderProxy@fecc48e@0
02-19 22:25:00.202  4449  4467 V ShellRecents: RecentsTransitionHandler.startAnimation: no controller found
02-19 22:25:00.202  4449  4467 V WindowManagerShell: Transition doesn't have explicit remote, search filters for match for {id=1171 t=OPEN f=0x0 trk=0 r=[0@Point(0, 0)] c=[{m=TO_FRONT f=SHOW_WALLPAPER|MOVE_TO_TOP leash=Surface(name=Task=1)/@0x341bdd sb=Rect(0, 0 - 1080, 2400) eb=Rect(0, 0 - 1080, 2400) epz=Point(1080, 2400) d=0 taskParent=-1},{m=TO_BACK f=NONE leash=Surface(name=Task=200)/@0x9b6352 sb=Rect(0, 0 - 1080, 2400) eb=Rect(0, 0 - 1080, 2400) epz=Point(1080, 2400) d=0 taskParent=-1},{m=TO_FRONT f=IS_WALLPAPER leash=Surface(name=WallpaperWindowToken{35e0c0f showWhenLocked=false})/@0xdd87623 sb=Rect(0, 0 - 1080, 2400) eb=Rect(0, 0 - 1080, 2400) epz=Point(1080, 2400) d=0}]}
02-19 22:25:00.203  4449  4467 V WindowManagerShell:  Checking filter Pair{{types=[] flags=0x0] notFlags=0x0 checks=[{atype=undefined independent=true modes=[CLOSE,TO_BACK] flags=IN_TASK_WITH_EMBEDDED_ACTIVITY mustBeTask=false order=ANY topActivity=null launchCookie=null taskFragmentToken=android.os.BinderProxy@71546f0 windowingMode=undefined}]} RemoteTransition { remoteTransition = android.window.IRemoteTransition$Stub$Proxy@d4c8469, appThread = android.app.IApplicationThread$Stub$Proxy@c228eee, debugName = overlayBackTransition }}
02-19 22:25:00.210  4449  4467 V WindowManagerShell:  Checking filter Pair{{types=[] flags=0x0] notFlags=0x0 checks=[{atype=dream independent=true modes=[OPEN,TO_FRONT] flags=NONE mustBeTask=false order=ANY topActivity=null launchCookie=null windowingMode=undefined},{atype=home independent=true modes=[CLOSE,TO_BACK] flags=NONE mustBeTask=false order=ANY topActivity=null launchCookie=null windowingMode=undefined}]} RemoteTransition { remoteTransition = android.window.IRemoteTransition$Stub$Proxy@c578f8f, appThread = android.app.IApplicationThread$Stub$Proxy@69fe21c, debugName = LauncherToDream }}
02-19 22:25:00.211  4449  4467 V WindowManagerShell:  Checking filter Pair{{types=[] flags=0x0] notFlags=0x100 checks=[{atype=home independent=true modes=[OPEN,TO_FRONT] flags=NONE mustBeTask=false order=TOP topActivity=ComponentInfo{com.google.android.apps.nexuslauncher/com.google.android.apps.nexuslauncher.NexusLauncherActivity} launchCookie=null windowingMode=undefined},{atype=standard independent=true modes=[CLOSE,TO_BACK] flags=NONE mustBeTask=false order=ANY topActivity=null launchCookie=null windowingMode=undefined},{NOT atype=undefined independent=true modes=[] flags=NONE mustBeTask=true order=ANY topActivity=null launchCookie=null customAnim=true windowingMode=undefined}]} RemoteTransition { remoteTransition = android.window.IRemoteTransition$Stub$Proxy@69ffe25, appThread = android.app.IApplicationThread$Stub$Proxy@72cabfa, debugName = QuickstepLaunchHome }}
02-19 22:25:00.227   752  1029 D InetDiagMessage: Destroyed 0 sockets, proto=IPPROTO_TCP, family=AF_INET, states=14
02-19 22:25:00.213  4449  4467 D RemoteTransitionHandler: Found filterPair{{types=[] flags=0x0] notFlags=0x100 checks=[{atype=home independent=true modes=[OPEN,TO_FRONT] flags=NONE mustBeTask=false order=TOP topActivity=ComponentInfo{com.google.android.apps.nexuslauncher/com.google.android.apps.nexuslauncher.NexusLauncherActivity} launchCookie=null windowingMode=undefined},{atype=standard independent=true modes=[CLOSE,TO_BACK] flags=NONE mustBeTask=false order=ANY topActivity=null launchCookie=null windowingMode=undefined},{NOT atype=undefined independent=true modes=[] flags=NONE mustBeTask=true order=ANY topActivity=null launchCookie=null customAnim=true windowingMode=undefined}]} RemoteTransition { remoteTransition = android.window.IRemoteTransition$Stub$Proxy@69ffe25, appThread = android.app.IApplicationThread$Stub$Proxy@72cabfa, debugName = QuickstepLaunchHome }}
02-19 22:25:00.227  4449  4467 V WindowManagerShell:  Delegate animation for (#1171) to RemoteTransition { remoteTransition = android.window.IRemoteTransition$Stub$Proxy@69ffe25, appThread = android.app.IApplicationThread$Stub$Proxy@72cabfa, debugName = QuickstepLaunchHome }
02-19 22:25:00.229   752  1029 D InetDiagMessage: Destroyed 0 sockets, proto=IPPROTO_TCP, family=AF_INET6, states=14
02-19 22:25:00.231  4449  4467 V WindowManagerShell:  animated by com.android.wm.shell.transition.RemoteTransitionHandler@ef09705
02-19 22:25:00.229   752  1029 D InetDiagMessage: Destroyed live tcp sockets for uids={10168} in 31ms
02-19 22:25:00.236   752   794 V WindowManager: Sent Transition (#1171) createdAt=02-19 22:24:59.698 via request=TransitionRequestInfo { type = OPEN, triggerTask = TaskInfo{userId=0 taskId=5 effectiveUid=10182 displayId=0 isRunning=true baseIntent=Intent { act=android.intent.action.MAIN cat=[android.intent.category.HOME] flg=0x10000100 cmp=com.google.android.apps.nexuslauncher/.NexusLauncherActivity } baseActivity=ComponentInfo{com.google.android.apps.nexuslauncher/com.google.android.apps.nexuslauncher.NexusLauncherActivity} topActivity=ComponentInfo{com.google.android.apps.nexuslauncher/com.google.android.apps.nexuslauncher.NexusLauncherActivity} origActivity=null realActivity=ComponentInfo{com.google.android.apps.nexuslauncher/com.google.android.apps.nexuslauncher.NexusLauncherActivity} numActivities=1 lastActiveTime=118973558 supportsMultiWindow=true resizeMode=2 isResizeable=true minWidth=-1 minHeight=-1 defaultMinSize=220 token=WCT{RemoteToken{50a2c5f Task{b605570 #5 type=home I=com.google.android.apps.nexuslauncher/.NexusLauncherActivity}}} topActivityType=2 pictureInPictureParams=null shouldDockBigOverlays=false launchIntoPipHostTaskId=-1 lastParentTaskIdBeforePip=-1 displayCutoutSafeInsets=Rect(0, 0 - 0, 0) topActivityInfo=ActivityInfo{f5406ac com.google.android.apps.nexuslauncher.NexusLauncherActivity} launchCookies=[] positionInParent=Point(0, 0) parentTaskId=-1 isFocused=true isVisible=false isVisibleRequested=true isTopActivityNoDisplay=false isSleeping=false locusId=LocusId[17_chars] displayAreaFeatureId=1 isTopActivityTransparent=false isActivityStackTransparent=false lastNonFullscreenBounds=Rect(284, 660 - 796, 1740) capturedLink=null capturedLinkTimestamp=0 requestedVisibleTypes=-9 topActivityRequestOpenInBrowserEducationTimestamp=0 appCompatTaskInfo=AppCompatTaskInfo { topActivityInSizeCompat=false eligibleForLetterboxEducation= false isLetterboxEducationEnabled= true isLetterboxDoubleTapEnabled= false eligibleForUserAspectRatioButton= false topActivityBoundsLetterboxed= false isFromLetterboxDoubleTap= false topActivityLetterboxVerticalPosition= -1 topActivityLetterboxHorizontalPosition= -1 topActivityLetterboxWidth=-1 topActivityLetterboxHeight=-1 topActivityAppBounds=Rect(0, 0 - 1080, 2400) isUserFullscreenOverrideEnabled=false isSystemFullscreenOverrideEnabled=false hasMinAspectRatioOverride=false topActivityLetterboxBounds=null cameraCompatTaskInfo=CameraCompatTaskInfo { freeformCameraCompatMode=inactive}} topActivityMainWindowFrame=null}, pipChange = null, remoteTransition = null, displayChange = null, flags = 0, debugId = 1171 }
02-19 22:25:00.236   752   794 V WindowManager:     startWCT=WindowContainerTransaction { changes= {} hops= [] errorCallbackToken=null taskFragmentOrganizer=null }
02-19 22:25:00.237   752   794 V WindowManager:     info={id=1171 t=OPEN f=0x0 trk=0 r=[0@Point(0, 0)] c=[
02-19 22:25:00.237   752   794 V WindowManager:         {WCT{RemoteToken{5218fe8 Task{dd43522 #1 type=home}}} m=TO_FRONT f=SHOW_WALLPAPER|MOVE_TO_TOP leash=Surface(name=Task=1)/@0x8ddbd2e sb=Rect(0, 0 - 1080, 2400) eb=Rect(0, 0 - 1080, 2400) epz=Point(1080, 2400) d=0 taskParent=-1},
02-19 22:25:00.237   752   794 V WindowManager:         {WCT{RemoteToken{f2ea931 Task{17f987c #200 type=standard A=10217:viva.republica.toss.test}}} m=TO_BACK f=NONE leash=Surface(name=Task=200)/@0xfe488bb sb=Rect(0, 0 - 1080, 2400) eb=Rect(0, 0 - 1080, 2400) epz=Point(1080, 2400) d=0 taskParent=-1},
02-19 22:25:00.237   752   794 V WindowManager:         {m=TO_FRONT f=IS_WALLPAPER leash=Surface(name=WallpaperWindowToken{35e0c0f showWhenLocked=false})/@0x512f5be sb=Rect(0, 0 - 1080, 2400) eb=Rect(0, 0 - 1080, 2400) epz=Point(1080, 2400) d=0}
02-19 22:25:00.237   752   794 V WindowManager:     ]}
02-19 22:25:00.238  9187  9253 I c.aiwr  : The schema version is 21, the database version is 21, and there are 0 migrations
02-19 22:25:00.238   752  1029 D InetDiagMessage: Destroyed 0 sockets, proto=IPPROTO_TCP, family=AF_INET, states=14
02-19 22:25:00.239   752  1029 D InetDiagMessage: Destroyed 0 sockets, proto=IPPROTO_TCP, family=AF_INET6, states=14
02-19 22:25:00.240   752  1029 D InetDiagMessage: Destroyed live tcp sockets for uids={20168} in 6ms
02-19 22:25:00.254 19166 19166 D StateManager: createAtomicAnimation - fromState: Background, toState: Normal, partial trace:
02-19 22:25:00.254 19166 19166 D StateManager: 	at com.android.quickstep.util.ScalingWorkspaceRevealAnim.<init>(go/retraceme 72a59688580715d19f0e415c69e80376c2f062d1648c80db6730905005a27c20:39)
02-19 22:25:00.254 19166 19166 D StateManager: 	at com.android.launcher3.QuickstepTransitionManager.createWallpaperOpenAnimations(go/retraceme 72a59688580715d19f0e415c69e80376c2f062d1648c80db6730905005a27c20:168)
02-19 22:25:00.254 19166 19166 D StateManager: 	at com.android.launcher3.QuickstepTransitionManager$WallpaperOpenLauncherAnimationRunner.onAnimationStart(go/retraceme 72a59688580715d19f0e415c69e80376c2f062d1648c80db6730905005a27c20:17)
02-19 22:25:00.256 19166 19166 D b/311077782: LauncherAnimationRunner.setAnimation
02-19 22:25:00.267 19166 19190 I s.nexuslauncher: AssetManager2(0x7d8fac43ff18) locale list changing from [] to [en-US]
02-19 22:25:00.275 19166 19190 W HWUI    : Image decoding logging dropped!
02-19 22:25:00.315 25779 25783 W viders.calendar: Reducing the number of considered missed Gc histogram windows from 776 to 100
02-19 22:25:00.416   531   531 I BpBinder: onLastStrongRef automatically unlinking death recipients: 
02-19 22:25:00.534   752   989 I ImeTracker: com.google.android.apps.nexuslauncher:a1cdfcec: onRequestHide at ORIGIN_SERVER reason HIDE_SAME_WINDOW_FOCUSED_WITHOUT_EDITOR fromUser false
02-19 22:25:00.547 20022 20022 I GoogleInputMethodService: GoogleInputMethodService.onFinishInput():2043 
02-19 22:25:00.558 20022 20022 I Module  : DeviceLockedStatusModuleProvider$Module.updateDeviceLockedStatus():100 repeatCheckTimes = 0, locked = false
02-19 22:25:00.568 20022 20022 I GoogleInputMethodService: GoogleInputMethodService.onStartInput():1293 onStartInput(EditorInfo{EditorInfo{packageName=com.google.android.apps.nexuslauncher, inputType=0, inputTypeString=NULL, enableLearning=false, autoCorrection=false, autoComplete=false, imeOptions=0, privateImeOptions=null, actionName=UNSPECIFIED, actionLabel=null, initialSelStart=-1, initialSelEnd=-1, initialCapsMode=0, label=null, fieldId=0, fieldName=null, extras=null, hintText=null, hintLocales=[]}}, false)
02-19 22:25:00.577 20022 20022 I EmojiCompatManager: EmojiCompatManager.getEmojiCompatIfLoaded():343 EmojiCompat.init() was never called.
02-19 22:25:00.577 20022 20022 I EmojiCompatManager: java.lang.IllegalStateException: EmojiCompat is not initialized. Please call EmojiCompat.init() first
02-19 22:25:00.577 20022 20022 I EmojiCompatManager: 	at asx.p(PG:6)
02-19 22:25:00.577 20022 20022 I EmojiCompatManager: 	at axb.b(PG:13)
02-19 22:25:00.577 20022 20022 I EmojiCompatManager: 	at jnr.b(PG:2)
02-19 22:25:00.577 20022 20022 I EmojiCompatManager: 	at jnr.c(PG:4)
02-19 22:25:00.577 20022 20022 I EmojiCompatManager: 	at jnr.f(PG:3)
02-19 22:25:00.577 20022 20022 I EmojiCompatManager: 	at jnx.c(PG:3)
02-19 22:25:00.577 20022 20022 I EmojiCompatManager: 	at kif.cz(PG:47)
02-19 22:25:00.577 20022 20022 I EmojiCompatManager: 	at lhl.run(PG:1025)
02-19 22:25:00.577 20022 20022 I EmojiCompatManager: 	at jaf.execute(PG:12)
02-19 22:25:00.577 20022 20022 I EmojiCompatManager: 	at nco.v(PG:13)
02-19 22:25:00.577 20022 20022 I EmojiCompatManager: 	at lhn.m(PG:96)
02-19 22:25:00.577 20022 20022 I EmojiCompatManager: 	at lhn.k(PG:25)
02-19 22:25:00.577 20022 20022 I EmojiCompatManager: 	at kgn.onStartInput(PG:250)
02-19 22:25:00.577 20022 20022 I EmojiCompatManager: 	at android.inputmethodservice.InputMethodService.doStartInput(InputMethodService.java:3521)
02-19 22:25:00.577 20022 20022 I EmojiCompatManager: 	at android.inputmethodservice.InputMethodService$InputMethodImpl.startInput(InputMethodService.java:879)
02-19 22:25:00.577 20022 20022 I EmojiCompatManager: 	at android.inputmethodservice.InputMethodService$InputMethodImpl.dispatchStartInput(InputMethodService.java:908)
02-19 22:25:00.577 20022 20022 I EmojiCompatManager: 	at android.inputmethodservice.IInputMethodWrapper.executeMessage(IInputMethodWrapper.java:201)
02-19 22:25:00.577 20022 20022 I EmojiCompatManager: 	at com.android.internal.os.HandlerCaller$MyHandler.handleMessage(HandlerCaller.java:44)
02-19 22:25:00.577 20022 20022 I EmojiCompatManager: 	at android.os.Handler.dispatchMessage(Handler.java:110)
02-19 22:25:00.577 20022 20022 I EmojiCompatManager: 	at android.os.Looper.loopOnce(Looper.java:248)
02-19 22:25:00.577 20022 20022 I EmojiCompatManager: 	at android.os.Looper.loop(Looper.java:338)
02-19 22:25:00.577 20022 20022 I EmojiCompatManager: 	at android.app.ActivityThread.main(ActivityThread.java:9067)
02-19 22:25:00.577 20022 20022 I EmojiCompatManager: 	at java.lang.reflect.Method.invoke(Native Method)
02-19 22:25:00.577 20022 20022 I EmojiCompatManager: 	at com.android.internal.os.RuntimeInit$MethodAndArgsCaller.run(RuntimeInit.java:593)
02-19 22:25:00.577 20022 20022 I EmojiCompatManager: 	at com.android.internal.os.ZygoteInit.main(ZygoteInit.java:932)
02-19 22:25:00.578 20022 20022 I Module  : DeviceLockedStatusModuleProvider$Module.updateDeviceLockedStatus():100 repeatCheckTimes = 1, locked = false
02-19 22:25:00.583   752  1454 W PackageConfigPersister: App-specific configuration not found for packageName: com.google.android.apps.nexuslauncher and userId: 0
02-19 22:25:00.618 19166 19166 D InsetsController: hide(ime(), fromIme=false)
02-19 22:25:00.619 19166 19166 I ImeTracker: com.google.android.apps.nexuslauncher:a1cdfcec: onCancelled at PHASE_CLIENT_ALREADY_HIDDEN
02-19 22:25:00.901 19301 19315 W WearableService: onGetService: Wear is not available on this device.
02-19 22:25:00.974  9187  9272 W JobInfo : Requested important-while-foreground flag for job7 is ignored and takes no effect
02-19 22:25:01.188  9275  9275 W dumpsys : Thread Pool max thread count is 0. Cannot cache binder as linkToDeath cannot be implemented. serviceName: window
02-19 22:25:01.269   752  2417 D ConnectivityService: Returning UNBLOCKED NetworkInfo to uid=10154
02-19 22:25:01.345   752  2417 D ConnectivityService: requestNetwork for uid/pid:10154/9187 activeRequest: null callbackRequest: 1191 [NetworkRequest [ REQUEST id=1192, [ Capabilities: INTERNET&NOT_RESTRICTED&TRUSTED&NOT_VCN_MANAGED&NOT_BANDWIDTH_CONSTRAINED Uid: 10154 RequestorUid: 10154 RequestorPkg: com.google.android.calendar UnderlyingNetworks: Null] ]] callback flags: 0 order: 2147483647 isUidTracked: false declaredMethods: AVAIL|LOST|NC
02-19 22:25:01.356   752  1029 D ConnectivityService: NetReassign [1192 : null → 108] [c 1] [a 1] [i 3]
02-19 22:25:01.361   752  1023 D OemPaidWifiNetworkFactory: got request NetworkRequest [ REQUEST id=1192, [ Capabilities: INTERNET&NOT_RESTRICTED&TRUSTED&NOT_VCN_MANAGED&NOT_BANDWIDTH_CONSTRAINED Uid: 10154 RequestorUid: 10154 RequestorPkg: com.google.android.calendar UnderlyingNetworks: Null] ]
02-19 22:25:01.361   752  1023 D MultiInternetWifiNetworkFactory: got request NetworkRequest [ REQUEST id=1192, [ Capabilities: INTERNET&NOT_RESTRICTED&TRUSTED&NOT_VCN_MANAGED&NOT_BANDWIDTH_CONSTRAINED Uid: 10154 RequestorUid: 10154 RequestorPkg: com.google.android.calendar UnderlyingNetworks: Null] ]
02-19 22:25:01.362   752  1023 D WifiNetworkFactory: got request NetworkRequest [ REQUEST id=1192, [ Capabilities: INTERNET&NOT_RESTRICTED&TRUSTED&NOT_VCN_MANAGED&NOT_BANDWIDTH_CONSTRAINED Uid: 10154 RequestorUid: 10154 RequestorPkg: com.google.android.calendar UnderlyingNetworks: Null] ]
02-19 22:25:01.362   752  1023 D UntrustedWifiNetworkFactory: got request NetworkRequest [ REQUEST id=1192, [ Capabilities: INTERNET&NOT_RESTRICTED&TRUSTED&NOT_VCN_MANAGED&NOT_BANDWIDTH_CONSTRAINED Uid: 10154 RequestorUid: 10154 RequestorPkg: com.google.android.calendar UnderlyingNetworks: Null] ]
02-19 22:25:01.378 19166 19166 D ScalingWorkspaceRevealAnim: alpha of workspace at the end of animation: 1.0
02-19 22:25:01.392  4449  4467 V WindowManagerShell: Transition animation finished (aborted=false), notifying core (#1171) android.os.BinderProxy@fecc48e@0
02-19 22:25:01.408   752   794 V WindowManager: Finish Transition (#1171): created at 02-19 22:24:59.698 collect-started=0.469ms request-sent=17.42ms started=34.645ms ready=339.075ms sent=486.195ms commit=177.538ms finished=1706.659ms
02-19 22:25:01.417   752  2417 E IPCThreadState: Binder transaction failure. id: 3189879, BR_*: 29189, error: -22 (Invalid argument)
02-19 22:25:01.418   752  2417 W ActivityManager: pid 752 system sent binder code 7 with flags 1 to frozen apps and got error -32
02-19 22:25:01.418   752  2417 W WindowManager: Exception thrown during dispatchAppVisibility Window{af77018 u0 PopupWindow:f7bd206 EXITING}
02-19 22:25:01.418   752  2417 W WindowManager: android.os.DeadObjectException
02-19 22:25:01.418   752  2417 W WindowManager: 	at android.os.BinderProxy.transactNative(Native Method)
02-19 22:25:01.418   752  2417 W WindowManager: 	at android.os.BinderProxy.transact(BinderProxy.java:592)
02-19 22:25:01.418   752  2417 W WindowManager: 	at android.view.IWindow$Stub$Proxy.dispatchAppVisibility(IWindow.java:557)
02-19 22:25:01.418   752  2417 W WindowManager: 	at com.android.server.wm.WindowState.sendAppVisibilityToClients(WindowState.java:3151)
02-19 22:25:01.418   752  2417 W WindowManager: 	at com.android.server.wm.WindowContainer.sendAppVisibilityToClients(WindowContainer.java:1311)
02-19 22:25:01.418   752  2417 W WindowManager: 	at com.android.server.wm.WindowState.sendAppVisibilityToClients(WindowState.java:3138)
02-19 22:25:01.418   752  2417 W WindowManager: 	at com.android.server.wm.WindowContainer.sendAppVisibilityToClients(WindowContainer.java:1311)
02-19 22:25:01.418   752  2417 W WindowManager: 	at com.android.server.wm.WindowToken.setClientVisible(WindowToken.java:389)
02-19 22:25:01.418   752  2417 W WindowManager: 	at com.android.server.wm.ActivityRecord.setClientVisible(ActivityRecord.java:6650)
02-19 22:25:01.418   752  2417 W WindowManager: 	at com.android.server.wm.ActivityRecord.commitVisibility(ActivityRecord.java:5561)
02-19 22:25:01.418   752  2417 W WindowManager: 	at com.android.server.wm.Transition.finishTransition(Transition.java:1391)
02-19 22:25:01.418   752  2417 W WindowManager: 	at com.android.server.wm.TransitionController.finishTransition(TransitionController.java:1029)
02-19 22:25:01.418   752  2417 W WindowManager: 	at com.android.server.wm.WindowOrganizerController.finishTransition(WindowOrganizerController.java:496)
02-19 22:25:01.418   752  2417 W WindowManager: 	at android.window.IWindowOrganizerController$Stub.onTransact(IWindowOrganizerController.java:261)
02-19 22:25:01.418   752  2417 W WindowManager: 	at com.android.server.wm.WindowOrganizerController.onTransact(WindowOrganizerController.java:223)
02-19 22:25:01.418   752  2417 W WindowManager: 	at android.os.Binder.execTransactInternal(Binder.java:1426)
02-19 22:25:01.418   752  2417 W WindowManager: 	at android.os.Binder.execTransact(Binder.java:1365)
02-19 22:25:01.420   752  2417 W Process : Unable to open /proc/9047/status
02-19 22:25:01.429   752  2417 E IPCThreadState: Binder transaction failure. id: 3189898, BR_*: 29189, error: -22 (Invalid argument)
02-19 22:25:01.430   752  2417 W ActivityManager: pid 752 system sent binder code 7 with flags 1 to frozen apps and got error -32
02-19 22:25:01.430   752  2417 D ActivityManager: Too many transaction errors, throttling freezer binder callback.
02-19 22:25:01.431   752  2417 W WindowManager: Exception thrown during dispatchAppVisibility Window{ec88f01 u0 viva.republica.toss.test/im.toss.rn.granite.core.GraniteActivity EXITING}
02-19 22:25:01.431   752  2417 W WindowManager: android.os.DeadObjectException
02-19 22:25:01.431   752  2417 W WindowManager: 	at android.os.BinderProxy.transactNative(Native Method)
02-19 22:25:01.431   752  2417 W WindowManager: 	at android.os.BinderProxy.transact(BinderProxy.java:592)
02-19 22:25:01.431   752  2417 W WindowManager: 	at android.view.IWindow$Stub$Proxy.dispatchAppVisibility(IWindow.java:557)
02-19 22:25:01.431   752  2417 W WindowManager: 	at com.android.server.wm.WindowState.sendAppVisibilityToClients(WindowState.java:3151)
02-19 22:25:01.431   752  2417 W WindowManager: 	at com.android.server.wm.WindowContainer.sendAppVisibilityToClients(WindowContainer.java:1311)
02-19 22:25:01.431   752  2417 W WindowManager: 	at com.android.server.wm.WindowToken.setClientVisible(WindowToken.java:389)
02-19 22:25:01.431   752  2417 W WindowManager: 	at com.android.server.wm.ActivityRecord.setClientVisible(ActivityRecord.java:6650)
02-19 22:25:01.431   752  2417 W WindowManager: 	at com.android.server.wm.ActivityRecord.commitVisibility(ActivityRecord.java:5561)
02-19 22:25:01.431   752  2417 W WindowManager: 	at com.android.server.wm.Transition.finishTransition(Transition.java:1391)
02-19 22:25:01.431   752  2417 W WindowManager: 	at com.android.server.wm.TransitionController.finishTransition(TransitionController.java:1029)
02-19 22:25:01.431   752  2417 W WindowManager: 	at com.android.server.wm.WindowOrganizerController.finishTransition(WindowOrganizerController.java:496)
02-19 22:25:01.431   752  2417 W WindowManager: 	at android.window.IWindowOrganizerController$Stub.onTransact(IWindowOrganizerController.java:261)
02-19 22:25:01.431   752  2417 W WindowManager: 	at com.android.server.wm.WindowOrganizerController.onTransact(WindowOrganizerController.java:223)
02-19 22:25:01.431   752  2417 W WindowManager: 	at android.os.Binder.execTransactInternal(Binder.java:1426)
02-19 22:25:01.431   752  2417 W WindowManager: 	at android.os.Binder.execTransact(Binder.java:1365)
02-19 22:25:01.431   752  2417 W Process : Unable to open /proc/9047/status
02-19 22:25:01.455  4449  4467 V WindowManagerShell: Track 0 became idle
02-19 22:25:01.455  4449  4467 V WindowManagerShell: All active transition animations finished
02-19 22:25:01.489 19166 19166 D RecentsView: onTaskRemoved: 200, not handling task stack changes
02-19 22:25:01.490 19166 19166 D RecentsView: onTaskRemoved: 200, not handling task stack changes
02-19 22:25:01.496   531   531 E BpTransactionCompletedListener: Failed to transact (-32)
02-19 22:25:01.497   531   531 E BpTransactionCompletedListener: Failed to transact (-32)
02-19 22:25:01.628  9187  9283 W DynamiteModule: Local module descriptor class for com.google.android.gms.providerinstaller.dynamite not found.
02-19 22:25:01.638 19301 19315 W ProviderHelper: Unknown dynamite feature providerinstaller.dynamite
02-19 22:25:01.642  9187  9283 W ProviderInstaller: Failed to load providerinstaller module: No acceptable module com.google.android.gms.providerinstaller.dynamite found. Local version is 0 and remote version is 0.
02-19 22:25:01.649  9187  9283 D ApplicationLoaders: Returning zygote-cached class loader: /system/framework/org.apache.http.legacy.jar
02-19 22:25:01.649  9187  9283 D ApplicationLoaders: Returning zygote-cached class loader: /system/framework/com.android.location.provider.jar
02-19 22:25:01.650  9187  9283 D ApplicationLoaders: Returning zygote-cached class loader: /system/framework/com.android.media.remotedisplay.jar
02-19 22:25:01.650  9187  9283 D ApplicationLoaders: Returning zygote-cached class loader: /system_ext/framework/androidx.window.extensions.jar
02-19 22:25:01.650  9187  9283 D ApplicationLoaders: Returning zygote-cached class loader: /system_ext/framework/androidx.window.sidecar.jar
02-19 22:25:01.703   752  1790 W ActivityTaskManager: callingPackage for (uid=2000, pid=9286) has no WPC
02-19 22:25:01.705   752  1790 V GrammaticalInflectionUtils: AttributionSource: android.content.AttributionSource@56784557 does not have READ_SYSTEM_GRAMMATICAL_GENDER permission.
02-19 22:25:01.706   752  1790 W OptProp : Cannot read opt property android.window.PROPERTY_COMPAT_ALLOW_USER_ASPECT_RATIO_OVERRIDE
02-19 22:25:01.706   752  1790 W OptProp : Cannot read opt property android.window.PROPERTY_COMPAT_ALLOW_USER_ASPECT_RATIO_FULLSCREEN_OVERRIDE
02-19 22:25:01.706   752  1790 W OptProp : Cannot read opt property android.window.PROPERTY_COMPAT_ALLOW_RESIZEABLE_ACTIVITY_OVERRIDES
02-19 22:25:01.707   752  1790 W OptProp : Cannot read opt property android.window.PROPERTY_COMPAT_ALLOW_MIN_ASPECT_RATIO_OVERRIDE
02-19 22:25:01.718   752  1790 W OptProp : Cannot read opt property android.window.PROPERTY_COMPAT_ALLOW_ORIENTATION_OVERRIDE
02-19 22:25:01.771   752  1454 D CompatChangeReporter: Compat change id reported: 309578419; UID 10217; state: ENABLED
02-19 22:25:01.783  9187  9283 W ndroid.calendar: Suspending all threads took: 46.532ms
02-19 22:25:01.783   531   603 I BpBinder: onLastStrongRef automatically unlinking death recipients: 
02-19 22:25:01.798  9187  9283 D nativeloader: Configuring clns-10 for other apk /data/app/~~O-UZzK0jUU9NLgS3MODOZA==/com.google.android.gms-YQ2L6GsYyKuvu9MvIBK1EQ==/base.apk. target_sdk_version=36, uses_libraries=, library_path=/data/app/~~O-UZzK0jUU9NLgS3MODOZA==/com.google.android.gms-YQ2L6GsYyKuvu9MvIBK1EQ==/lib/x86_64:/data/app/~~O-UZzK0jUU9NLgS3MODOZA==/com.google.android.gms-YQ2L6GsYyKuvu9MvIBK1EQ==/base.apk!/lib/x86_64, permitted_path=/data:/mnt/expand:/data/user/0/com.google.android.gms
02-19 22:25:01.807  9187  9283 I ndroid.calendar: AssetManager2(0x7d8fac431198) locale list changing from [] to [en-US]
02-19 22:25:01.812   752  1790 I ActivityTaskManager: START u0 {act=android.intent.action.VIEW dat=intoss://takealook/... flg=0x10000000 xflg=0x4 cmp=viva.republica.toss.test/im.toss.rn.granite.core.GraniteActivity} with LAUNCH_MULTIPLE from uid 2000 (BAL_ALLOW_PERMISSION) result code=0
