--------- beginning of main
02-19 13:08:37.035   752  1984 D WifiNl80211Manager: Scan result ready event
02-19 13:08:37.035   752  1984 D WifiNative: Scan result ready event
02-19 13:08:37.036 20068 20155 I WifiScanner: onFullResults
02-19 13:08:37.036 20068 20154 I WifiScanner: onFullResults
02-19 13:08:37.039   752  1023 I HalDevMgr: bestIfaceCreationProposal is null, requestIface=STA, existingIface=[name=wlan0 type=STA]
02-19 13:08:47.125   531   568 W EventThread: Faking VSYNC due to driver stall for thread app
02-19 13:08:47.135 27008 27008 I wpa_supplicant: wlan0: CTRL-EVENT-BEACON-LOSS 
--------- beginning of system
02-19 13:08:47.380   752   752 W Looper  : Drained
02-19 13:08:47.391   752   795 W ActivityTaskManager: callingPackage for (uid=-1, pid=0) has no WPC
02-19 13:08:47.391   752   795 W ActivityStartInterceptor: Starting home with component specified, uid=0
02-19 13:08:47.393   752   795 W OptProp : Cannot read opt property android.window.PROPERTY_COMPAT_ALLOW_USER_ASPECT_RATIO_OVERRIDE
02-19 13:08:47.393   752   795 W OptProp : Cannot read opt property android.window.PROPERTY_COMPAT_ALLOW_USER_ASPECT_RATIO_FULLSCREEN_OVERRIDE
02-19 13:08:47.393  4449  4449 I vol.VolumeDialogImpl: mDialog.dismiss() reason: volume_controller from: com.android.systemui.volume.VolumeDialogImpl$7.onDismissRequested:3
02-19 13:08:47.393   752   795 W OptProp : Cannot read opt property android.window.PROPERTY_COMPAT_ALLOW_RESIZEABLE_ACTIVITY_OVERRIDES
02-19 13:08:47.394   752   795 W OptProp : Cannot read opt property android.window.PROPERTY_COMPAT_ALLOW_MIN_ASPECT_RATIO_OVERRIDE
02-19 13:08:47.394   752   795 V GrammaticalInflectionUtils: AttributionSource: android.content.AttributionSource@1abea79a does not have READ_SYSTEM_GRAMMATICAL_GENDER permission.
02-19 13:08:47.402  4449  4467 V WindowManagerShell: Transition requested (#370): android.os.BinderProxy@136c66f TransitionRequestInfo { type = OPEN, triggerTask = TaskInfo{userId=0 taskId=5 effectiveUid=10182 displayId=0 isRunning=true baseIntent=Intent { act=android.intent.action.MAIN cat=[android.intent.category.HOME] flg=0x10000100 cmp=com.google.android.apps.nexuslauncher/.NexusLauncherActivity } baseActivity=ComponentInfo{com.google.android.apps.nexuslauncher/com.google.android.apps.nexuslauncher.NexusLauncherActivity} topActivity=ComponentInfo{com.google.android.apps.nexuslauncher/com.google.android.apps.nexuslauncher.NexusLauncherActivity} origActivity=null realActivity=ComponentInfo{com.google.android.apps.nexuslauncher/com.google.android.apps.nexuslauncher.NexusLauncherActivity} numActivities=1 lastActiveTime=85601246 supportsMultiWindow=true resizeMode=2 isResizeable=true minWidth=-1 minHeight=-1 defaultMinSize=220 token=WCT{android.window.IWindowContainerToken$Stub$Proxy@da27f7c} topActivityType=2 pictureInPictureParams=null shouldDockBigOverlays=false launchIntoPipHostTaskId=-1 lastParentTaskIdBeforePip=-1 displayCutoutSafeInsets=Rect(0, 0 - 0, 0) topActivityInfo=ActivityInfo{6f04005 com.google.android.apps.nexuslauncher.NexusLauncherActivity} launchCookies=[] positionInParent=Point(0, 0) parentTaskId=-1 isFocused=true isVisible=false isVisibleRequested=true isTopActivityNoDisplay=false isSleeping=false locusId=LocusId[17_chars] displayAreaFeatureId=1 isTopActivityTransparent=false isActivityStackTransparent=false lastNonFullscreenBounds=Rect(284, 660 - 796, 1740) capturedLink=null capturedLinkTimestamp=0 requestedVisibleTypes=-9 topActivityRequestOpenInBrowserEducationTimestamp=0 appCompatTaskInfo=AppCompatTaskInfo { topActivityInSizeCompat=false eligibleForLetterboxEducation= false isLetterboxEducationEnabled= true isLetterboxDoubleTapEnabled= false eligibleForUserAspectRatioButton= false topActivityBoundsLetterboxed= false isFromLetterboxDoubleTap= false topActivityLetterboxVerticalPosition= -1 topActivityLetterboxHorizontalPosition= -1 topActivityLetterboxWidth=-1 topActivityLetterboxHeight=-1 topActivityAppBounds=Rect(0, 0 - 1080, 2400) isUserFullscreenOverrideEnabled=false isSystemFullscreenOverrideEnabled=false hasMinAspectRatioOverride=false topActivityLetterboxBounds=null cameraCompatTaskInfo=CameraCompatTaskInfo { freeformCameraCompatMode=inactive}} topActivityMainWindowFrame=null}, pipChange = null, remoteTransition = null, displayChange = null, flags = 0, debugId = 370 }
02-19 13:08:47.403  4449  4467 D ShellSplitScreen: logExit: no-op, mLoggerSessionId is null
02-19 13:08:47.403   617   617 D ViewRootImpl: Skipping stats log for color mode
02-19 13:08:47.405   752   795 I ActivityTaskManager: START u0 {act=android.intent.action.MAIN cat=[android.intent.category.HOME] flg=0x10000100 cmp=com.google.android.apps.nexuslauncher/.NexusLauncherActivity (has extras)} with LAUNCH_SINGLE_TASK from uid 0 (BAL_ALLOW_ALLOWLISTED_UID) result code=2
02-19 13:08:47.405   617   617 D TFOManager: playPanelCloseAnimation() duration=200 traceTag=LauncherOverlay-hide isHomeButtonTap=true
02-19 13:08:47.405   617   617 D TFOManager: Skipped creating panel close animation because -1 is invisible.
02-19 13:08:47.406   617   617 D OverviewCommandHelper: clearing pending commands: []
02-19 13:08:47.407  4449  4467 D WindowManagerShell: setLauncherKeepClearAreaHeight: visible=true, height=527
02-19 13:08:47.409   752  1095 D BackgroundInstallControlService: Package event received: 0
02-19 13:08:47.410   752  1095 D BackgroundInstallControlService: Package event received: 0
02-19 13:08:47.410   752  1095 D BackgroundInstallControlService: Package event received: 0
02-19 13:08:47.410   617   617 D StatsLog: LAUNCHER_ONRESUME
02-19 13:08:47.415   752   797 W IPCThreadState: Sending oneway calls to frozen process.
02-19 13:08:47.416   752   797 W IPCThreadState: Sending oneway calls to frozen process.
02-19 13:08:47.417   752   797 W IPCThreadState: Sending oneway calls to frozen process.
02-19 13:08:47.417   752   797 W IPCThreadState: Sending oneway calls to frozen process.
02-19 13:08:47.417   752   797 W IPCThreadState: Sending oneway calls to frozen process.
02-19 13:08:47.417   752   797 W IPCThreadState: Sending oneway calls to frozen process.
02-19 13:08:47.417   752   797 W IPCThreadState: Sending oneway calls to frozen process.
02-19 13:08:47.417   752   797 W IPCThreadState: Sending oneway calls to frozen process.
02-19 13:08:47.417   617   651 D QuickstepModelDelegate: notifyAppTargetEvent action=1 launchLocation=workspace/0/[-1,-1]/[1,1]
02-19 13:08:47.417  4449  4467 D WindowManagerShell: onActivityRestartAttempt: topActivity=ComponentInfo{com.google.android.apps.nexuslauncher/com.google.android.apps.nexuslauncher.NexusLauncherActivity}, wasVisible=false
02-19 13:08:47.417   752   797 W IPCThreadState: Sending oneway calls to frozen process.
02-19 13:08:47.417   752   797 W IPCThreadState: Sending oneway calls to frozen process.
02-19 13:08:47.417   752   797 W IPCThreadState: Sending oneway calls to frozen process.
02-19 13:08:47.417   752   797 W IPCThreadState: Sending oneway calls to frozen process.
02-19 13:08:47.417   752   797 W IPCThreadState: Sending oneway calls to frozen process.
02-19 13:08:47.419   752   797 W ProcessStats: Tracking association SourceState{1b917ca system/1000 BFgs #15194} whose proc state 4 is better than process ProcessState{42c4ef0 com.google.android.ext.services/10208 pkg=com.google.android.ext.services} proc state 14 (11 skipped)
02-19 13:08:47.422   752  1095 D BackgroundInstallControlService: Package event received: 0
02-19 13:08:47.424  1971  2198 I AiAiEcho: Predicting[0]:  [CONTEXT sampling_count=5 ]
02-19 13:08:47.425  1971  2198 I AiAiEcho: EchoTargets: 
02-19 13:08:47.425  1971  2198 I AiAiEcho: Filtered by AiAi flag check: 
02-19 13:08:47.425  1971  2198 I AiAiEcho: [CONTEXT ratelimit_period="10 SECONDS" ]
02-19 13:08:47.425  1971  2198 I AiAiEcho: #remoteViewsTwiddler: feature disabled.
02-19 13:08:47.427  1971  2198 I AiAiEcho: #postPredictionTargets: Sending updates to UISurface home with targets# 0 (types=[])
02-19 13:08:48.787   531   568 W EventThread: Faking VSYNC due to driver stall for thread app
02-19 13:08:48.787   531   569 W EventThread: Faking VSYNC due to driver stall for thread appSf
02-19 13:08:48.788   531   531 I BpBinder: onLastStrongRef automatically unlinking death recipients: 
02-19 13:08:48.792   617   617 D NexusLauncherModelDelegate: notifySmartspaceEvent: SmartspaceTargetEvent{mSmartspaceTarget=null, mSmartspaceActionId='null', mEventType=6}
02-19 13:08:48.809   617   617 D BaseDepthController: setSurface:
02-19 13:08:48.809   617   617 D BaseDepthController: 	mWaitingOnSurfaceValidity: false
02-19 13:08:48.809   617   617 D BaseDepthController: 	mBaseSurface: Surface(name=com.google.android.apps.nexuslauncher/com.google.android.apps.nexuslauncher.NexusLauncherActivity)/@0x2710b18
02-19 13:08:48.840   617   617 D ActivityAllAppsContainerView: rebindAdapters: force: false
02-19 13:08:48.841   617   617 D ActivityAllAppsContainerView: rebindAdapters: Not needed.
02-19 13:08:48.843   531   548 I BpBinder: onLastStrongRef automatically unlinking death recipients: 
02-19 13:08:48.843   617   617 I NotificationListener: Handling notification state refresh for com.google.android.adservices.api#0
02-19 13:08:48.843   617   617 I NotificationListener: Handling notification state refresh for android#0
02-19 13:08:48.843   617   617 I NotificationListener: Handling notification state refresh for com.android.systemui#0
02-19 13:08:48.844   617   617 D SsBaseTemplateCard: No text view can be set up
02-19 13:08:48.845   617   617 D SsBaseTemplateCard: Passed-in item info is null
02-19 13:08:48.845   617   617 D SsBaseTemplateCard: Passed-in item info is null
02-19 13:08:48.845   617   617 D SsBaseTemplateCard: Passed-in item info is null
02-19 13:08:48.845   617   617 I SsBaseTemplateCard: Secondary card pane is null
02-19 13:08:48.855  4449  4582 V WindowManagerShell: onTransitionReady(transaction=3229815417546)
02-19 13:08:48.856  4449  4467 V WindowManagerShell: onTransitionReady (#370) android.os.BinderProxy@136c66f: {id=370 t=OPEN f=0x0 trk=0 r=[0@Point(0, 0)] c=[
02-19 13:08:48.856  4449  4467 V WindowManagerShell:         {m=TO_FRONT f=SHOW_WALLPAPER|MOVE_TO_TOP leash=Surface(name=Task=1)/@0xaaf85a sb=Rect(0, 0 - 1080, 2400) eb=Rect(0, 0 - 1080, 2400) epz=Point(1080, 2400) d=0 taskParent=-1},
02-19 13:08:48.856  4449  4467 V WindowManagerShell:         {m=TO_BACK f=NONE leash=Surface(name=Task=56)/@0x135a8b sb=Rect(0, 0 - 1080, 2400) eb=Rect(0, 0 - 1080, 2400) epz=Point(1080, 2400) d=0 taskParent=-1},
02-19 13:08:48.856  4449  4467 V WindowManagerShell:         {m=TO_FRONT f=IS_WALLPAPER leash=Surface(name=WallpaperWindowToken{35e0c0f showWhenLocked=false})/@0x561768 sb=Rect(0, 0 - 1080, 2400) eb=Rect(0, 0 - 1080, 2400) epz=Point(1080, 2400) d=0}
02-19 13:08:48.856  4449  4467 V WindowManagerShell:     ]}
02-19 13:08:48.858  4449  4467 V WindowManagerShell: Playing animation for (#370) android.os.BinderProxy@136c66f@0
02-19 13:08:48.860  4449  4467 V ShellRecents: RecentsTransitionHandler.startAnimation: no controller found
02-19 13:08:48.860  4449  4467 V WindowManagerShell: Transition doesn't have explicit remote, search filters for match for {id=370 t=OPEN f=0x0 trk=0 r=[0@Point(0, 0)] c=[{m=TO_FRONT f=SHOW_WALLPAPER|MOVE_TO_TOP leash=Surface(name=Task=1)/@0xaaf85a sb=Rect(0, 0 - 1080, 2400) eb=Rect(0, 0 - 1080, 2400) epz=Point(1080, 2400) d=0 taskParent=-1},{m=TO_BACK f=NONE leash=Surface(name=Task=56)/@0x135a8b sb=Rect(0, 0 - 1080, 2400) eb=Rect(0, 0 - 1080, 2400) epz=Point(1080, 2400) d=0 taskParent=-1},{m=TO_FRONT f=IS_WALLPAPER leash=Surface(name=WallpaperWindowToken{35e0c0f showWhenLocked=false})/@0x561768 sb=Rect(0, 0 - 1080, 2400) eb=Rect(0, 0 - 1080, 2400) epz=Point(1080, 2400) d=0}]}
02-19 13:08:48.862  4449  4467 V WindowManagerShell:  Checking filter Pair{{types=[] flags=0x0] notFlags=0x0 checks=[{atype=undefined independent=true modes=[CLOSE,TO_BACK] flags=IN_TASK_WITH_EMBEDDED_ACTIVITY mustBeTask=false order=ANY topActivity=null launchCookie=null taskFragmentToken=android.os.BinderProxy@268473d windowingMode=undefined}]} RemoteTransition { remoteTransition = android.window.IRemoteTransition$Stub$Proxy@2491b32, appThread = android.app.IApplicationThread$Stub$Proxy@a160083, debugName = overlayBackTransition }}
02-19 13:08:48.863  4449  4467 V WindowManagerShell:  Checking filter Pair{{types=[] flags=0x0] notFlags=0x0 checks=[{atype=dream independent=true modes=[OPEN,TO_FRONT] flags=NONE mustBeTask=false order=ANY topActivity=null launchCookie=null windowingMode=undefined},{atype=home independent=true modes=[CLOSE,TO_BACK] flags=NONE mustBeTask=false order=ANY topActivity=null launchCookie=null windowingMode=undefined}]} RemoteTransition { remoteTransition = android.window.IRemoteTransition$Stub$Proxy@7d85200, appThread = android.app.IApplicationThread$Stub$Proxy@c171a39, debugName = LauncherToDream }}
02-19 13:08:48.864  4449  4467 V WindowManagerShell:  Checking filter Pair{{types=[] flags=0x0] notFlags=0x100 checks=[{atype=home independent=true modes=[OPEN,TO_FRONT] flags=NONE mustBeTask=false order=TOP topActivity=ComponentInfo{com.google.android.apps.nexuslauncher/com.google.android.apps.nexuslauncher.NexusLauncherActivity} launchCookie=null windowingMode=undefined},{atype=standard independent=true modes=[CLOSE,TO_BACK] flags=NONE mustBeTask=false order=ANY topActivity=null launchCookie=null windowingMode=undefined},{NOT atype=undefined independent=true modes=[] flags=NONE mustBeTask=true order=ANY topActivity=null launchCookie=null customAnim=true windowingMode=undefined}]} RemoteTransition { remoteTransition = android.window.IRemoteTransition$Stub$Proxy@e9b87e, appThread = android.app.IApplicationThread$Stub$Proxy@92e21df, debugName = QuickstepLaunchHome }}
02-19 13:08:48.865  4449  4467 D RemoteTransitionHandler: Found filterPair{{types=[] flags=0x0] notFlags=0x100 checks=[{atype=home independent=true modes=[OPEN,TO_FRONT] flags=NONE mustBeTask=false order=TOP topActivity=ComponentInfo{com.google.android.apps.nexuslauncher/com.google.android.apps.nexuslauncher.NexusLauncherActivity} launchCookie=null windowingMode=undefined},{atype=standard independent=true modes=[CLOSE,TO_BACK] flags=NONE mustBeTask=false order=ANY topActivity=null launchCookie=null windowingMode=undefined},{NOT atype=undefined independent=true modes=[] flags=NONE mustBeTask=true order=ANY topActivity=null launchCookie=null customAnim=true windowingMode=undefined}]} RemoteTransition { remoteTransition = android.window.IRemoteTransition$Stub$Proxy@e9b87e, appThread = android.app.IApplicationThread$Stub$Proxy@92e21df, debugName = QuickstepLaunchHome }}
02-19 13:08:48.865  4449  4467 V WindowManagerShell:  Delegate animation for (#370) to RemoteTransition { remoteTransition = android.window.IRemoteTransition$Stub$Proxy@e9b87e, appThread = android.app.IApplicationThread$Stub$Proxy@92e21df, debugName = QuickstepLaunchHome }
02-19 13:08:48.874   617   617 D StateManager: createAtomicAnimation - fromState: Background, toState: Normal, partial trace:
02-19 13:08:48.874   617   617 D StateManager: 	at com.android.quickstep.util.ScalingWorkspaceRevealAnim.<init>(go/retraceme 72a59688580715d19f0e415c69e80376c2f062d1648c80db6730905005a27c20:39)
02-19 13:08:48.874   617   617 D StateManager: 	at com.android.launcher3.QuickstepTransitionManager.createWallpaperOpenAnimations(go/retraceme 72a59688580715d19f0e415c69e80376c2f062d1648c80db6730905005a27c20:168)
02-19 13:08:48.874   617   617 D StateManager: 	at com.android.launcher3.QuickstepTransitionManager$WallpaperOpenLauncherAnimationRunner.onAnimationStart(go/retraceme 72a59688580715d19f0e415c69e80376c2f062d1648c80db6730905005a27c20:17)
02-19 13:08:48.875   617   617 D b/311077782: LauncherAnimationRunner.setAnimation
02-19 13:08:48.885   752   794 V WindowManager: Sent Transition (#370) createdAt=02-19 13:08:47.394 via request=TransitionRequestInfo { type = OPEN, triggerTask = TaskInfo{userId=0 taskId=5 effectiveUid=10182 displayId=0 isRunning=true baseIntent=Intent { act=android.intent.action.MAIN cat=[android.intent.category.HOME] flg=0x10000100 cmp=com.google.android.apps.nexuslauncher/.NexusLauncherActivity } baseActivity=ComponentInfo{com.google.android.apps.nexuslauncher/com.google.android.apps.nexuslauncher.NexusLauncherActivity} topActivity=ComponentInfo{com.google.android.apps.nexuslauncher/com.google.android.apps.nexuslauncher.NexusLauncherActivity} origActivity=null realActivity=ComponentInfo{com.google.android.apps.nexuslauncher/com.google.android.apps.nexuslauncher.NexusLauncherActivity} numActivities=1 lastActiveTime=85601246 supportsMultiWindow=true resizeMode=2 isResizeable=true minWidth=-1 minHeight=-1 defaultMinSize=220 token=WCT{RemoteToken{50a2c5f Task{b605570 #5 type=home I=com.google.android.apps.nexuslauncher/.NexusLauncherActivity}}} topActivityType=2 pictureInPictureParams=null shouldDockBigOverlays=false launchIntoPipHostTaskId=-1 lastParentTaskIdBeforePip=-1 displayCutoutSafeInsets=Rect(0, 0 - 0, 0) topActivityInfo=ActivityInfo{f5406ac com.google.android.apps.nexuslauncher.NexusLauncherActivity} launchCookies=[] positionInParent=Point(0, 0) parentTaskId=-1 isFocused=true isVisible=false isVisibleRequested=true isTopActivityNoDisplay=false isSleeping=false locusId=LocusId[17_chars] displayAreaFeatureId=1 isTopActivityTransparent=false isActivityStackTransparent=false lastNonFullscreenBounds=Rect(284, 660 - 796, 1740) capturedLink=null capturedLinkTimestamp=0 requestedVisibleTypes=-9 topActivityRequestOpenInBrowserEducationTimestamp=0 appCompatTaskInfo=AppCompatTaskInfo { topActivityInSizeCompat=false eligibleForLetterboxEducation= false isLetterboxEducationEnabled= true isLetterboxDoubleTapEnabled= false eligibleForUserAspectRatioButton= false topActivityBoundsLetterboxed= false isFromLetterboxDoubleTap= false topActivityLetterboxVerticalPosition= -1 topActivityLetterboxHorizontalPosition= -1 topActivityLetterboxWidth=-1 topActivityLetterboxHeight=-1 topActivityAppBounds=Rect(0, 0 - 1080, 2400) isUserFullscreenOverrideEnabled=false isSystemFullscreenOverrideEnabled=false hasMinAspectRatioOverride=false topActivityLetterboxBounds=null cameraCompatTaskInfo=CameraCompatTaskInfo { freeformCameraCompatMode=inactive}} topActivityMainWindowFrame=null}, pipChange = null, remoteTransition = null, displayChange = null, flags = 0, debugId = 370 }
02-19 13:08:48.885   752   794 V WindowManager:     startWCT=WindowContainerTransaction { changes= {} hops= [] errorCallbackToken=null taskFragmentOrganizer=null }
02-19 13:08:48.885   752   794 V WindowManager:     info={id=370 t=OPEN f=0x0 trk=0 r=[0@Point(0, 0)] c=[
02-19 13:08:48.885   752   794 V WindowManager:         {WCT{RemoteToken{5218fe8 Task{dd43522 #1 type=home}}} m=TO_FRONT f=SHOW_WALLPAPER|MOVE_TO_TOP leash=Surface(name=Task=1)/@0x8ddbd2e sb=Rect(0, 0 - 1080, 2400) eb=Rect(0, 0 - 1080, 2400) epz=Point(1080, 2400) d=0 taskParent=-1},
02-19 13:08:48.885   752   794 V WindowManager:         {WCT{RemoteToken{29715c6 Task{fa7be33 #56 type=standard A=10217:viva.republica.toss.test}}} m=TO_BACK f=NONE leash=Surface(name=Task=56)/@0xf76b753 sb=Rect(0, 0 - 1080, 2400) eb=Rect(0, 0 - 1080, 2400) epz=Point(1080, 2400) d=0 taskParent=-1},
02-19 13:08:48.885   752   794 V WindowManager:         {m=TO_FRONT f=IS_WALLPAPER leash=Surface(name=WallpaperWindowToken{35e0c0f showWhenLocked=false})/@0x512f5be sb=Rect(0, 0 - 1080, 2400) eb=Rect(0, 0 - 1080, 2400) epz=Point(1080, 2400) d=0}
02-19 13:08:48.885   752   794 V WindowManager:     ]}
02-19 13:08:48.888  4449  4467 V WindowManagerShell:  animated by com.android.wm.shell.transition.RemoteTransitionHandler@ef09705
02-19 13:08:48.900   617   651 W HWUI    : Image decoding logging dropped!
02-19 13:08:48.909   617   640 D OverviewCommandHelper: command added: CommandInfo(type=TOGGLE, status=IDLE, createTime=85602756, animationCallbacks=null, displayId=0, isLastOfBatch=true)
02-19 13:08:48.909   617   640 D OverviewCommandHelper: execute: CommandInfo(type=TOGGLE, status=IDLE, createTime=85602756, animationCallbacks=null, displayId=0, isLastOfBatch=true) - queue size: 1
02-19 13:08:48.929   617   617 D OverviewCommandHelper: executing command: CommandInfo(type=TOGGLE, status=PROCESSING, createTime=85602756, animationCallbacks=null, displayId=0, isLastOfBatch=true)
02-19 13:08:48.930   617   617 D OverviewCommandHelper: executeCommand: CommandInfo(type=TOGGLE, status=PROCESSING, createTime=85602756, animationCallbacks=null, displayId=0, isLastOfBatch=true) - visibleRecentsView: null
02-19 13:08:48.930   617   617 D OverviewCommandHelper: Querying TaskbarManager for TaskbarUIController for display: 0
02-19 13:08:48.930   617   617 D OverviewCommandHelper: TaskbarUIController for display 0 was found
02-19 13:08:48.931   617   617 D TFOManager: playPanelCloseAnimation() duration=150 traceTag=LauncherOverlay-hide isHomeButtonTap=true
02-19 13:08:48.932   617   617 D TFOManager: Skipped creating panel close animation because -1 is invisible.
02-19 13:08:48.933   617   617 D StateManager: goToState - fromState: Normal, toState: Overview, partial trace:
02-19 13:08:48.933   617   617 D StateManager: 	at com.android.quickstep.LauncherActivityInterface.switchToRecentsIfVisible(go/retraceme 72a59688580715d19f0e415c69e80376c2f062d1648c80db6730905005a27c20:39)
02-19 13:08:48.933   617   617 D StateManager: 	at com.android.quickstep.OverviewCommandHelper.executeWhenRecentsIsNotVisible(go/retraceme 72a59688580715d19f0e415c69e80376c2f062d1648c80db6730905005a27c20:292)
02-19 13:08:48.933   617   617 D StateManager: 	at com.android.quickstep.OverviewCommandHelper.executeCommand(go/retraceme 72a59688580715d19f0e415c69e80376c2f062d1648c80db6730905005a27c20:49)
02-19 13:08:48.934   617   617 D StateManager: cancelAnimation - with ongoing animation, partial trace:
02-19 13:08:48.934   617   617 D StateManager: 	at com.android.launcher3.statemanager.StateManager.goToState(go/retraceme 72a59688580715d19f0e415c69e80376c2f062d1648c80db6730905005a27c20:18)
02-19 13:08:48.934   617   617 D StateManager: 	at com.android.launcher3.statemanager.StateManager.goToState(go/retraceme 72a59688580715d19f0e415c69e80376c2f062d1648c80db6730905005a27c20:4)
02-19 13:08:48.934   617   617 D StateManager: 	at com.android.quickstep.LauncherActivityInterface.switchToRecentsIfVisible(go/retraceme 72a59688580715d19f0e415c69e80376c2f062d1648c80db6730905005a27c20:39)
02-19 13:08:48.935   617   617 D ScalingWorkspaceRevealAnim: onAnimationCancel
02-19 13:08:48.935   617   617 D ScalingWorkspaceRevealAnim: alpha of workspace at the end of animation: 1.0
02-19 13:08:48.936   617   617 D OverviewCommandHelper: switching to Overview state - waiting: CommandInfo(type=TOGGLE, status=PROCESSING, createTime=85602756, animationCallbacks=null, displayId=0, isLastOfBatch=true)
02-19 13:08:48.936   617   617 D OverviewCommandHelper: command executed: CommandInfo(type=TOGGLE, status=PROCESSING, createTime=85602756, animationCallbacks=null, displayId=0, isLastOfBatch=true) with result: false
02-19 13:08:48.936   617   617 D OverviewCommandHelper: waiting for command callback: CommandInfo(type=TOGGLE, status=PROCESSING, createTime=85602756, animationCallbacks=null, displayId=0, isLastOfBatch=true)
02-19 13:08:48.939  4449  4467 V WindowManagerShell: Transition animation finished (aborted=false), notifying core (#370) android.os.BinderProxy@136c66f@0
02-19 13:08:48.945 32388 32388 D VRI[GraniteActivity]: visibilityChanged oldVisibility=true newVisibility=false
02-19 13:08:48.946   531   531 I BpBinder: onLastStrongRef automatically unlinking death recipients: 
02-19 13:08:48.947  4449  4467 V WindowManagerShell: Track 0 became idle
02-19 13:08:48.947  4449  4467 V WindowManagerShell: All active transition animations finished
02-19 13:08:48.948   752   794 V WindowManager: Finish Transition (#370): created at 02-19 13:08:47.394 collect-started=0.039ms request-sent=7.101ms started=11.312ms ready=18.847ms sent=1457.94ms commit=32.21ms finished=1546.753ms
02-19 13:08:49.000   617   617 D StateManager: onStateTransitionStart - state: Overview
02-19 13:08:49.001   617   617 D RecentsView: updateTaskStackListenerState: true
02-19 13:08:49.001   617   617 D RecentsView: reloadIfNeeded - getTasks: 7
02-19 13:08:49.002   617   617 D OverviewCommandHelper: switching to Overview state - onAnimationStart: CommandInfo(type=TOGGLE, status=PROCESSING, createTime=85602756, animationCallbacks=null, displayId=0, isLastOfBatch=true)
02-19 13:08:49.002   617   617 D StatsLog: LAUNCHER_OVERVIEW_SHOW_OVERVIEW_FROM_3_BUTTON
02-19 13:08:49.016   752   989 I ImeTracker: com.google.android.apps.nexuslauncher:2ce132e2: onRequestHide at ORIGIN_SERVER reason HIDE_UNSPECIFIED_WINDOW fromUser false
02-19 13:08:49.113  1563  1563 I GoogleInputMethodService: GoogleInputMethodService.onFinishInput():2043 
02-19 13:08:49.118  1563  1563 I Module  : DeviceLockedStatusModuleProvider$Module.updateDeviceLockedStatus():100 repeatCheckTimes = 0, locked = false
02-19 13:08:49.122  1563  1563 I GoogleInputMethodService: GoogleInputMethodService.onStartInput():1293 onStartInput(EditorInfo{EditorInfo{packageName=com.google.android.apps.nexuslauncher, inputType=0, inputTypeString=NULL, enableLearning=false, autoCorrection=false, autoComplete=false, imeOptions=0, privateImeOptions=null, actionName=UNSPECIFIED, actionLabel=null, initialSelStart=-1, initialSelEnd=-1, initialCapsMode=0, label=null, fieldId=0, fieldName=null, extras=null, hintText=null, hintLocales=[]}}, false)
02-19 13:08:49.126   752  1509 I ImeTracker: system_server:8302d848: onRequestHide at ORIGIN_SERVER reason IME_REQUESTED_CHANGED_LISTENER fromUser false
02-19 13:08:49.130   752   797 I ImeTracker: system_server:8302d848: onCancelled at PHASE_SERVER_SHOULD_HIDE
02-19 13:08:49.131 32388   315 I ReactNativeJNI: Memory warning (pressure level: TRIM_MEMORY_UI_HIDDEN) received by JS VM, ignoring because it's non-severe
02-19 13:08:49.142  1563  1563 I Module  : DeviceLockedStatusModuleProvider$Module.updateDeviceLockedStatus():100 repeatCheckTimes = 1, locked = false
02-19 13:08:49.142 32388 32599 I ReactNativeJNI: Memory warning (pressure level: TRIM_MEMORY_UI_HIDDEN) received by JS VM, ignoring because it's non-severe
02-19 13:08:49.147  4449  4449 I vol.VolumeDialogImpl: mDialog.dismiss() reason: volume_controller from: com.android.systemui.volume.VolumeDialogImpl$7.onDismissRequested:3
02-19 13:08:49.148  4449  4449 D vol.VolumeDialogImpl: dismissH: skipping dismiss because isAnimatingDismiss is true and showingStateInconsistent is false
02-19 13:08:49.316  1563  1563 I EmojiCompatManager: EmojiCompatManager.getEmojiCompatIfLoaded():343 EmojiCompat.init() was never called.
02-19 13:08:49.316  1563  1563 I EmojiCompatManager: java.lang.IllegalStateException: EmojiCompat is not initialized. Please call EmojiCompat.init() first
02-19 13:08:49.316  1563  1563 I EmojiCompatManager: 	at asx.p(PG:6)
02-19 13:08:49.316  1563  1563 I EmojiCompatManager: 	at axb.b(PG:13)
02-19 13:08:49.316  1563  1563 I EmojiCompatManager: 	at jnr.b(PG:2)
02-19 13:08:49.316  1563  1563 I EmojiCompatManager: 	at jnr.c(PG:4)
02-19 13:08:49.316  1563  1563 I EmojiCompatManager: 	at jnr.f(PG:3)
02-19 13:08:49.316  1563  1563 I EmojiCompatManager: 	at jnx.c(PG:3)
02-19 13:08:49.316  1563  1563 I EmojiCompatManager: 	at kif.cz(PG:47)
02-19 13:08:49.316  1563  1563 I EmojiCompatManager: 	at lhl.run(PG:1025)
02-19 13:08:49.316  1563  1563 I EmojiCompatManager: 	at jaf.execute(PG:12)
02-19 13:08:49.316  1563  1563 I EmojiCompatManager: 	at nco.v(PG:13)
02-19 13:08:49.316  1563  1563 I EmojiCompatManager: 	at lhn.m(PG:96)
02-19 13:08:49.316  1563  1563 I EmojiCompatManager: 	at lhn.k(PG:25)
02-19 13:08:49.316  1563  1563 I EmojiCompatManager: 	at kgn.onStartInput(PG:250)
02-19 13:08:49.316  1563  1563 I EmojiCompatManager: 	at android.inputmethodservice.InputMethodService.doStartInput(InputMethodService.java:3521)
02-19 13:08:49.316  1563  1563 I EmojiCompatManager: 	at android.inputmethodservice.InputMethodService$InputMethodImpl.startInput(InputMethodService.java:879)
02-19 13:08:49.316  1563  1563 I EmojiCompatManager: 	at android.inputmethodservice.InputMethodService$InputMethodImpl.dispatchStartInput(InputMethodService.java:908)
02-19 13:08:49.316  1563  1563 I EmojiCompatManager: 	at android.inputmethodservice.IInputMethodWrapper.executeMessage(IInputMethodWrapper.java:201)
02-19 13:08:49.316  1563  1563 I EmojiCompatManager: 	at com.android.internal.os.HandlerCaller$MyHandler.handleMessage(HandlerCaller.java:44)
02-19 13:08:49.316  1563  1563 I EmojiCompatManager: 	at android.os.Handler.dispatchMessage(Handler.java:110)
02-19 13:08:49.316  1563  1563 I EmojiCompatManager: 	at android.os.Looper.loopOnce(Looper.java:248)
02-19 13:08:49.316  1563  1563 I EmojiCompatManager: 	at android.os.Looper.loop(Looper.java:338)
02-19 13:08:49.316  1563  1563 I EmojiCompatManager: 	at android.app.ActivityThread.main(ActivityThread.java:9067)
02-19 13:08:49.316  1563  1563 I EmojiCompatManager: 	at java.lang.reflect.Method.invoke(Native Method)
02-19 13:08:49.316  1563  1563 I EmojiCompatManager: 	at com.android.internal.os.RuntimeInit$MethodAndArgsCaller.run(RuntimeInit.java:593)
02-19 13:08:49.316  1563  1563 I EmojiCompatManager: 	at com.android.internal.os.ZygoteInit.main(ZygoteInit.java:932)
02-19 13:08:49.316  1563  1563 W NotificationCenter: NotificationCenter$NotificationQueue.notifyPendingNotificationsOnExecutor():877 Heavy notify work detected on UI thread: [kig->khg, kig->khc, kig->ilu, kig->ilu, kig->ilu, kig->ilu, kig->ilu, kig->ilu, kig->gkl, kig->ilu, kig->ilu, kig->fef, kig->fro, kig->lux, kig->ilu, kig->imt, kig->ilu, kig->ilu, kig->ijm, kig->ilu, kig->ilu, kig->fcb, kig->jnx] takes 188ms
02-19 13:08:49.333   752  1984 W PackageConfigPersister: App-specific configuration not found for packageName: com.google.android.apps.nexuslauncher and userId: 0
02-19 13:08:49.391   752  1095 D BackgroundInstallControlService: Package event received: 0
02-19 13:08:49.391   752  1095 D BackgroundInstallControlService: Package event received: 0
02-19 13:08:49.454   927   927 W dumpsys : Thread Pool max thread count is 0. Cannot cache binder as linkToDeath cannot be implemented. serviceName: package
02-19 13:08:49.469   617   617 D InsetsController: hide(ime(), fromIme=false)
02-19 13:08:49.469   617   617 I ImeTracker: com.google.android.apps.nexuslauncher:2ce132e2: onCancelled at PHASE_CLIENT_ALREADY_HIDDEN
02-19 13:08:49.470   617   617 D RecentsView: applyLoadPlan - taskGroups: [type=SINGLE task=[id=12 windowingMode=0 user=0 lastActiveTime=89737] null, type=SINGLE task=[id=49 windowingMode=1 user=0 lastActiveTime=83987405] null, type=SINGLE task=[id=56 windowingMode=1 user=0 lastActiveTime=85601243] null]
02-19 13:08:49.619   617   617 D StateManager: onStateTransitionEnd - state: Overview
02-19 13:08:49.621   617   617 D OverviewCommandHelper: switching to Overview state - onAnimationEnd: CommandInfo(type=TOGGLE, status=PROCESSING, createTime=85602756, animationCallbacks=null, displayId=0, isLastOfBatch=true)
02-19 13:08:49.621   617   617 D OverviewCommandHelper: command executed: CommandInfo(type=TOGGLE, status=PROCESSING, createTime=85602756, animationCallbacks=null, displayId=0, isLastOfBatch=true) with result: true
02-19 13:08:49.621   617   617 D OverviewCommandHelper: command executed successfully! CommandInfo(type=TOGGLE, status=COMPLETED, createTime=85602756, animationCallbacks=null, displayId=0, isLastOfBatch=true)
02-19 13:08:49.621   617   617 D OverviewCommandHelper: no pending commands to be executed.
02-19 13:08:49.704   617   617 I AiAiSuggestUi: Clearing suggestions.
02-19 13:08:49.711   617   617 I AiAiSuggestUi: Requesting to show indicators
02-19 13:08:49.719   617   617 I AiAiSuggestUi: Fetching contents, isPrimaryTask = false
02-19 13:08:49.789   617   869 W HWUI    : Image decoding logging dropped!
02-19 13:08:49.929   453   587 I artd    : GetBestInfo: odex next to the dex file (/data/app/~~O-UZzK0jUU9NLgS3MODOZA==/com.google.android.gms-YQ2L6GsYyKuvu9MvIBK1EQ==/oat/x86_64/base.odex) is kOatUpToDate with filter 'speed-profile' executable 'false'
02-19 13:08:49.961   617   862 I AiAiSuggestUi: Request suggestContentSelections complete, took: 240
02-19 13:08:49.961   617   862 I AiAiSuggestUi: Fetched content back in callback
02-19 13:08:49.967   617   617 I AiAiSuggestUi: Display indicators
02-19 13:08:49.975   453   587 I artd    : GetBestInfo: odex next to the dex file (/data/app/~~O-UZzK0jUU9NLgS3MODOZA==/com.google.android.gms-YQ2L6GsYyKuvu9MvIBK1EQ==/oat/x86_64/split_AdsDynamite_installtime.odex) is kOatUpToDate with filter 'speed' executable 'false'
02-19 13:08:49.985   453   587 I artd    : GetBestInfo: odex next to the dex file (/data/app/~~O-UZzK0jUU9NLgS3MODOZA==/com.google.android.gms-YQ2L6GsYyKuvu9MvIBK1EQ==/oat/x86_64/split_CronetDynamite_installtime.odex) is kOatUpToDate with filter 'speed' executable 'false'
02-19 13:08:50.000   453   587 I artd    : GetBestInfo: odex next to the dex file (/data/app/~~O-UZzK0jUU9NLgS3MODOZA==/com.google.android.gms-YQ2L6GsYyKuvu9MvIBK1EQ==/oat/x86_64/split_DynamiteLoader_installtime.odex) is kOatUpToDate with filter 'speed' executable 'false'
02-19 13:08:50.005   453   587 I artd    : GetBestInfo: odex next to the dex file (/data/app/~~O-UZzK0jUU9NLgS3MODOZA==/com.google.android.gms-YQ2L6GsYyKuvu9MvIBK1EQ==/oat/x86_64/split_DynamiteModulesA_installtime.odex) is kOatUpToDate with filter 'speed' executable 'false'
02-19 13:08:50.011   453   587 I artd    : GetBestInfo: odex next to the dex file (/data/app/~~O-UZzK0jUU9NLgS3MODOZA==/com.google.android.gms-YQ2L6GsYyKuvu9MvIBK1EQ==/oat/x86_64/split_DynamiteModulesC_installtime.odex) is kOatUpToDate with filter 'speed' executable 'false'
02-19 13:08:50.017   453   587 I artd    : GetBestInfo: odex next to the dex file (/data/app/~~O-UZzK0jUU9NLgS3MODOZA==/com.google.android.gms-YQ2L6GsYyKuvu9MvIBK1EQ==/oat/x86_64/split_GoogleCertificates_installtime.odex) is kOatUpToDate with filter 'speed' executable 'false'
02-19 13:08:50.022   453   587 I artd    : GetBestInfo: odex next to the dex file (/data/app/~~O-UZzK0jUU9NLgS3MODOZA==/com.google.android.gms-YQ2L6GsYyKuvu9MvIBK1EQ==/oat/x86_64/split_MapsDynamite_installtime.odex) is kOatUpToDate with filter 'speed' executable 'false'
02-19 13:08:50.029   453   587 I artd    : GetBestInfo: odex next to the dex file (/data/app/~~O-UZzK0jUU9NLgS3MODOZA==/com.google.android.gms-YQ2L6GsYyKuvu9MvIBK1EQ==/oat/x86_64/split_MeasurementDynamite_installtime.odex) is kOatUpToDate with filter 'speed' executable 'false'
02-19 13:08:50.033   453   587 I artd    : GetBestInfo: /data/app/~~O-UZzK0jUU9NLgS3MODOZA==/com.google.android.gms-YQ2L6GsYyKuvu9MvIBK1EQ==/split_maps_core_dynamite_ondemand.apk has no usable artifacts
02-19 13:08:50.038   453   587 I artd    : GetBestInfo: /data/user_de/0/com.google.android.gms/app_chimera/m/0000000c/dl-Appsearch.optional_250834100800.apk has no usable artifacts
02-19 13:08:50.040   453   587 I artd    : GetBestInfo: /data/user_de/0/com.google.android.gms/app_chimera/m/00000001/CronetDynamite.apk has no usable artifacts
02-19 13:08:50.041   453   587 I artd    : GetBestInfo: /data/user_de/0/com.google.android.gms/app_chimera/m/00000002/DynamiteLoader.apk has no usable artifacts
02-19 13:08:50.042   453   587 I artd    : GetBestInfo: /data/user_de/0/com.google.android.gms/app_chimera/m/00000005/GoogleCertificates.apk has no usable artifacts
02-19 13:08:50.045   453   587 I artd    : GetBestInfo: /data/user_de/0/com.google.android.gms/app_chimera/m/00000009/dl-TfliteDynamiteDynamite.integ_252130102100800.apk has no usable artifacts
02-19 13:08:50.050   453   587 I artd    : GetBestInfo: vdex next to the dex file (/data/user/0/com.google.android.gms/app_dg_cache/BF7C023AB90CCF01D1F467FC1CEBAF866511FF29/oat/x86_64/the.vdex) is kOatUpToDate with filter 'verify' executable 'false'
02-19 13:08:50.055   453   587 I artd    : GetBestInfo: /data/user_de/0/com.google.android.gms/app_chimera/m/00000010/dl-PlayCloudSearch.optional_250834100000.apk has no usable artifacts
02-19 13:08:50.058   453   587 I artd    : GetBestInfo: /data/user_de/0/com.google.android.gms/app_chimera/m/00000017/dl-PlayCloudSearch.optional_260438100000.apk has no usable artifacts
02-19 13:08:50.060   453   587 I artd    : GetBestInfo: /data/user_de/0/com.google.android.gms/app_chimera/m/00000015/dl-MlkitOcrCommon.optional_260438100800.apk has no usable artifacts
02-19 13:08:50.062   453   587 I artd    : GetBestInfo: /data/user_de/0/com.google.android.gms/app_chimera/m/00000013/dl-MlkitBarcodeUi.optional_260438100800.apk has no usable artifacts
02-19 13:08:50.065   453   587 I artd    : GetBestInfo: /data/user_de/0/com.google.android.gms/app_chimera/m/0000000f/dl-MlkitOcrCommon.optional_250834100800.apk has no usable artifacts
02-19 13:08:50.069   453   587 I artd    : GetBestInfo: /data/user_de/0/com.google.android.gms/app_chimera/m/0000000d/dl-VisionOcr.optional_250834100000.apk has no usable artifacts
02-19 13:08:50.071  4449  4458 W System  : A resource failed to call release. 
02-19 13:08:50.072  4449  4458 W System  : A resource failed to call release. 
02-19 13:08:50.072  4449  4458 W System  : A resource failed to call release. 
02-19 13:08:50.072  4449  4458 W System  : A resource failed to call release. 
02-19 13:08:50.072  4449  4458 W System  : A resource failed to call release. 
02-19 13:08:50.074   453   587 I artd    : GetBestInfo: /data/user_de/0/com.google.android.gms/app_chimera/m/0000000a/dl-MlkitBarcodeUi.optional_250834100800.apk has no usable artifacts
02-19 13:08:50.074  4449  4458 W System  : A resource failed to call release. 
02-19 13:08:50.074  4449  4458 W System  : A resource failed to call release. 
02-19 13:08:50.074  4449  4458 W System  : A resource failed to call release. 
02-19 13:08:50.074  4449  4458 W System  : A resource failed to call release. 
02-19 13:08:50.076  4449  4458 W System  : A resource failed to call release. 
02-19 13:08:50.076  4449  4458 W System  : A resource failed to call release. 
02-19 13:08:50.076  4449  4458 W System  : A resource failed to call release. 
02-19 13:08:50.078  4449  4458 W System  : A resource failed to call release. 
02-19 13:08:50.078  4449  4458 W System  : A resource failed to call release. 
02-19 13:08:50.078  4449  4458 W System  : A resource failed to call release. 
02-19 13:08:50.078  4449  4458 W System  : A resource failed to call release. 
02-19 13:08:50.078  4449  4458 W System  : A resource failed to call release. 
02-19 13:08:50.078  4449  4458 W System  : A resource failed to call release. 
02-19 13:08:50.078  4449  4458 W System  : A resource failed to call release. 
02-19 13:08:50.078   453   587 I artd    : GetBestInfo: /data/user_de/0/com.google.android.gms/app_chimera/m/00000011/dl-VisionOcr.optional_260438100000.apk has no usable artifacts
02-19 13:08:50.078  4449  4458 W System  : A resource failed to call release. 
02-19 13:08:50.078  4449  4458 W System  : A resource failed to call release. 
02-19 13:08:50.078  4449  4458 W System  : A resource failed to call release. 
02-19 13:08:50.078  4449  4458 W System  : A resource failed to call release. 
02-19 13:08:50.078  4449  4458 W System  : A resource failed to call release. 
02-19 13:08:50.079  4449  4458 W System  : A resource failed to call release. 
02-19 13:08:50.081   453   587 I artd    : GetBestInfo: /data/user_de/0/com.google.android.gms/app_chimera/m/00000012/dl-Appsearch.optional_260438100800.apk has no usable artifacts
02-19 13:08:50.086   453   587 I artd    : GetBestInfo: vdex next to the dex file (/data/user/0/com.google.android.gms/app_dg_cache/94DF452EEF4B8E717545DCDEA6CC3C50A319A195/oat/x86_64/the.vdex) is kOatUpToDate with filter 'verify' executable 'false'
02-19 13:08:50.093   453   587 I artd    : GetBestInfo: /data/user_de/0/com.google.android.gms/app_chimera/m/00000007/MeasurementDynamite.apk has no usable artifacts
02-19 13:08:50.099   453   587 I artd    : GetBestInfo: /data/user_de/0/com.google.android.gms/app_chimera/m/00000018/dl-AdsFdrDynamite.integ_254380203100000.apk has no usable artifacts
02-19 13:08:50.443  1563  1563 I StylusModule: StylusModule.onUpdateToolType():801 Update tool type = 0
02-19 13:08:50.446   617   617 D StateManager: goToState - fromState: Overview, toState: Normal, partial trace:
02-19 13:08:50.446   617   617 D StateManager: 	at com.android.launcher3.LauncherState.onBackInvoked(go/retraceme 72a59688580715d19f0e415c69e80376c2f062d1648c80db6730905005a27c20:24)
02-19 13:08:50.446   617   617 D StateManager: 	at com.android.launcher3.uioverrides.states.OverviewState.onBackInvoked(go/retraceme 72a59688580715d19f0e415c69e80376c2f062d1648c80db6730905005a27c20:31)
02-19 13:08:50.446   617   617 D StateManager: 	at com.android.launcher3.Launcher.onStateBack(go/retraceme 72a59688580715d19f0e415c69e80376c2f062d1648c80db6730905005a27c20:9)
02-19 13:08:50.446   617   617 D RecentsView: finishRecentsAnimation - mRecentsAnimationController: null
02-19 13:08:50.446   617   617 D RecentsView: cleanupRemoteTargets - mRemoteTargetHandles: null
02-19 13:08:51.845   531   568 W EventThread: Faking VSYNC due to driver stall for thread app
02-19 13:08:51.898   617   617 D StateManager: onStateTransitionStart - state: Normal
02-19 13:08:51.899   617   617 D RecentsView: updateTaskStackListenerState: false
02-19 13:08:51.927   752  1095 D BackgroundInstallControlService: Package event received: 0
02-19 13:08:51.965   617   617 D OverviewActionsView: updateForGroupedTask() called with: isGroupedTask = [false], canSaveAppPair = [false]
02-19 13:08:51.965   617   617 D OverviewActionsView: updateActionButtonsVisibility() called: showSingleTaskActions = [true], showGroupActions = [false]
02-19 13:08:52.101   943   943 W dumpsys : Thread Pool max thread count is 0. Cannot cache binder as linkToDeath cannot be implemented. serviceName: window
02-19 13:08:52.148   752  1984 I system_server: AssetManager2(0x7d8fac4c7af8) locale list changing from [] to [en-US]
02-19 13:08:52.161   752  1984 I system_server: AssetManager2(0x7d8fac4eef18) locale list changing from [] to [en-US]
02-19 13:08:52.174   752  1984 I system_server: AssetManager2(0x7d8fac4ed618) locale list changing from [] to [en-US]
02-19 13:08:52.225   617   617 D StateManager: onStateTransitionEnd - state: Normal
02-19 13:08:52.225   617   617 D RecentsView: reset - mEnableDrawingLiveTile: false, mRecentsAnimationController: null
02-19 13:08:52.226   617   617 I AiAiSuggestUi: Clearing suggestions.
02-19 13:08:52.226   617   617 I AiAiSuggestUi: Clearing suggestions.
02-19 13:08:52.228   617   617 D ActivityAllAppsContainerView: rebindAdapters: force: false
02-19 13:08:52.228   617   617 D ActivityAllAppsContainerView: rebindAdapters: Not needed.
02-19 13:08:52.233   617   617 D OverviewActionsView: updateForGroupedTask() called with: isGroupedTask = [false], canSaveAppPair = [false]
02-19 13:08:52.233   617   617 D OverviewActionsView: updateActionButtonsVisibility() called: showSingleTaskActions = [true], showGroupActions = [false]
02-19 13:08:52.257   752  1984 I system_server: AssetManager2(0x7d8fac4d0ab8) locale list changing from [] to [en-US]
02-19 13:08:52.270   752  1984 I system_server: AssetManager2(0x7d8fac4d3678) locale list changing from [] to [en-US]
02-19 13:08:52.289   752  1984 I system_server: AssetManager2(0x7d8fac4be4f8) locale list changing from [] to [en-US]
02-19 13:08:52.638   752  1984 W ActivityTaskManager: callingPackage for (uid=2000, pid=962) has no WPC
02-19 13:08:52.640   752  1984 V GrammaticalInflectionUtils: AttributionSource: android.content.AttributionSource@56784557 does not have READ_SYSTEM_GRAMMATICAL_GENDER permission.
02-19 13:08:52.641   752  1984 W OptProp : Cannot read opt property android.window.PROPERTY_COMPAT_ALLOW_USER_ASPECT_RATIO_OVERRIDE
02-19 13:08:52.641   752  1984 W OptProp : Cannot read opt property android.window.PROPERTY_COMPAT_ALLOW_USER_ASPECT_RATIO_FULLSCREEN_OVERRIDE
02-19 13:08:52.641   752  1984 W OptProp : Cannot read opt property android.window.PROPERTY_COMPAT_ALLOW_RESIZEABLE_ACTIVITY_OVERRIDES
02-19 13:08:52.642   752  1984 W OptProp : Cannot read opt property android.window.PROPERTY_COMPAT_ALLOW_MIN_ASPECT_RATIO_OVERRIDE
02-19 13:08:52.645   752  1984 W OptProp : Cannot read opt property android.window.PROPERTY_COMPAT_ALLOW_ORIENTATION_OVERRIDE
02-19 13:08:52.647   531   603 I BpBinder: onLastStrongRef automatically unlinking death recipients: 
02-19 13:08:52.693  4449  4474 I ndroid.systemui: AssetManager2(0x7d8fac474df8) locale list changing from [] to [en-US]
02-19 13:08:52.693   752  1984 I ActivityTaskManager: START u0 {act=android.intent.action.VIEW dat=intoss://takealook/... flg=0x10000000 xflg=0x4 cmp=viva.republica.toss.test/im.toss.rn.granite.core.GraniteActivity} with LAUNCH_MULTIPLE from uid 2000 (BAL_ALLOW_PERMISSION) result code=0
02-19 13:08:52.693  4449  4467 V WindowManagerShell: Transition requested (#371): android.os.BinderProxy@199c33f TransitionRequestInfo { type = OPEN, triggerTask = TaskInfo{userId=0 taskId=56 effectiveUid=10217 displayId=0 isRunning=true baseIntent=Intent { act=android.intent.action.VIEW dat=intoss://takealook/... flg=0x10000000 pkg=viva.republica.toss.test cmp=viva.republica.toss.test/.MiniAppSchemeActivity } baseActivity=ComponentInfo{viva.republica.toss.test/im.toss.rn.granite.core.GraniteActivity} topActivity=ComponentInfo{viva.republica.toss.test/im.toss.rn.granite.core.GraniteActivity} origActivity=null realActivity=ComponentInfo{viva.republica.toss.test/viva.republica.toss.test.MiniAppSchemeActivity} numActivities=3 lastActiveTime=85601243 supportsMultiWindow=true resizeMode=1 isResizeable=true minWidth=-1 minHeight=-1 defaultMinSize=220 token=WCT{android.window.IWindowContainerToken$Stub$Proxy@9af840c} topActivityType=1 pictureInPictureParams=null shouldDockBigOverlays=false launchIntoPipHostTaskId=-1 lastParentTaskIdBeforePip=-1 displayCutoutSafeInsets=Rect(0, 0 - 0, 0) topActivityInfo=ActivityInfo{73f1155 im.toss.rn.granite.core.GraniteActivity} launchCookies=[] positionInParent=Point(0, 0) parentTaskId=-1 isFocused=false isVisible=false isVisibleRequested=false isTopActivityNoDisplay=false isSleeping=false locusId=null displayAreaFeatureId=1 isTopActivityTransparent=false isActivityStackTransparent=false lastNonFullscreenBounds=Rect(284, 660 - 796, 1740) capturedLink=null capturedLinkTimestamp=0 requestedVisibleTypes=-9 topActivityRequestOpenInBrowserEducationTimestamp=0 appCompatTaskInfo=AppCompatTaskInfo { topActivityInSizeCompat=false eligibleForLetterboxEducation= false isLetterboxEducationEnabled= true isLetterboxDoubleTapEnabled= false eligibleForUserAspectRatioButton= false topActivityBoundsLetterboxed= false isFromLetterboxDoubleTap= false topActivityLetterboxVerticalPosition= -1 topActivityLetterboxHorizontalPosition= -1 topActivityLetterboxWidth=-1 topActivityLetterboxHeight=-1 topActivityAppBounds=Rect(0, 0 - 1080, 2400) isUserFullscreenOverrideEnabled=false isSystemFullscreenOverrideEnabled=false hasMinAspectRatioOverride=false topActivityLetterboxBounds=null cameraCompatTaskInfo=CameraCompatTaskInfo { freeformCameraCompatMode=inactive}} topActivityMainWindowFrame=null}, pipChange = null, remoteTransition = null, displayChange = null, flags = 0, debugId = 371 }
02-19 13:08:52.694  4449  4467 D ShellSplitScreen: logExit: no-op, mLoggerSessionId is null
02-19 13:08:52.701   617   617 W SplitSelectStateCtor: Missing session instanceIds
02-19 13:08:52.701  4449  4467 D WindowManagerShell: setLauncherKeepClearAreaHeight: visible=false, height=527
02-19 13:08:52.705   617   617 D StatsLog: LAUNCHER_SPLIT_SELECTION_EXIT_INTERRUPTED
02-19 13:08:52.712   531   531 I BpBinder: onLastStrongRef automatically unlinking death recipients: 
02-19 13:08:52.717   752  1095 D BackgroundInstallControlService: Package event received: 0
02-19 13:08:52.719   752  1233 W OptProp : Cannot read opt property android.window.PROPERTY_COMPAT_ENABLE_FAKE_FOCUS
02-19 13:08:52.751   752  1095 D BackgroundInstallControlService: Package event received: 0
02-19 13:08:52.792   752  1095 D BackgroundInstallControlService: Package event received: 0
02-19 13:08:52.793   752  1095 D BackgroundInstallControlService: Package event received: 0
02-19 13:08:52.793   752  1095 D BackgroundInstallControlService: Package event received: 0
02-19 13:08:52.793   752  1095 D BackgroundInstallControlService: Package event received: 0
02-19 13:08:52.796 32388 32388 I blica.toss.test: AssetManager2(0x7d8fac4bc298) locale list changing from [] to [en-US]
02-19 13:08:52.802   752  1233 D CoreBackPreview: Window{aca9e49 u0 Splash Screen viva.republica.toss.test}: Setting back callback OnBackInvokedCallbackInfo{mCallback=android.window.IOnBackInvokedCallback$Stub$Proxy@e28ad7c, mPriority=0, mIsAnimationCallback=false, mOverrideBehavior=0}
