02-19 18:21:34.280  7804  7804 D StateManager: 	at com.android.launcher3.statemanager.StateManager.moveToRestState(go/retraceme 72a59688580715d19f0e415c69e80376c2f062d1648c80db6730905005a27c20:4)
02-19 18:21:34.280  7804  7804 D StateManager: 	at com.android.launcher3.statemanager.StateManager.moveToRestState(go/retraceme 72a59688580715d19f0e415c69e80376c2f062d1648c80db6730905005a27c20:1)
02-19 18:21:34.280  7804  7804 D StateManager: 	at com.android.launcher3.statemanager.StatefulActivity.onStop(go/retraceme 72a59688580715d19f0e415c69e80376c2f062d1648c80db6730905005a27c20:34)
02-19 18:21:34.285  7804  7804 D StatsLog: LAUNCHER_ONSTOP
02-19 18:21:34.307  7804  7804 D StatsLog: LAUNCHER_GOOGLE_SEARCH_RESTORE_LIST_SIZE_AFTER_ACTIVITY_RESTART
02-19 18:21:34.365   752  1095 D BackgroundInstallControlService: Package event received: 0
02-19 18:21:34.421   752  2505 D CoreBackPreview: Window{43a7b27 u0 PopupWindow:c29667c}: Setting back callback OnBackInvokedCallbackInfo{mCallback=android.window.IOnBackInvokedCallback$Stub$Proxy@8d8de72, mPriority=0, mIsAnimationCallback=false, mOverrideBehavior=0}
02-19 18:21:34.552 14299 14317 I artd    : GetBestInfo: odex next to the dex file (/data/app/~~O-UZzK0jUU9NLgS3MODOZA==/com.google.android.gms-YQ2L6GsYyKuvu9MvIBK1EQ==/oat/x86_64/base.odex) is kOatUpToDate with filter 'speed-profile' executable 'false'
02-19 18:21:34.556 14299 14317 I artd    : GetBestInfo: odex next to the dex file (/data/app/~~O-UZzK0jUU9NLgS3MODOZA==/com.google.android.gms-YQ2L6GsYyKuvu9MvIBK1EQ==/oat/x86_64/split_AdsDynamite_installtime.odex) is kOatUpToDate with filter 'speed' executable 'false'
02-19 18:21:34.563 14299 14317 I artd    : GetBestInfo: odex next to the dex file (/data/app/~~O-UZzK0jUU9NLgS3MODOZA==/com.google.android.gms-YQ2L6GsYyKuvu9MvIBK1EQ==/oat/x86_64/split_CronetDynamite_installtime.odex) is kOatUpToDate with filter 'speed' executable 'false'
02-19 18:21:34.568 14299 14317 I artd    : GetBestInfo: odex next to the dex file (/data/app/~~O-UZzK0jUU9NLgS3MODOZA==/com.google.android.gms-YQ2L6GsYyKuvu9MvIBK1EQ==/oat/x86_64/split_DynamiteLoader_installtime.odex) is kOatUpToDate with filter 'speed' executable 'false'
02-19 18:21:34.572 14299 14317 I artd    : GetBestInfo: odex next to the dex file (/data/app/~~O-UZzK0jUU9NLgS3MODOZA==/com.google.android.gms-YQ2L6GsYyKuvu9MvIBK1EQ==/oat/x86_64/split_DynamiteModulesA_installtime.odex) is kOatUpToDate with filter 'speed' executable 'false'
02-19 18:21:34.576 14299 14318 I artd    : GetBestInfo: odex next to the dex file (/data/app/~~O-UZzK0jUU9NLgS3MODOZA==/com.google.android.gms-YQ2L6GsYyKuvu9MvIBK1EQ==/oat/x86_64/split_DynamiteModulesC_installtime.odex) is kOatUpToDate with filter 'speed' executable 'false'
02-19 18:21:34.582 14299 14318 I artd    : GetBestInfo: odex next to the dex file (/data/app/~~O-UZzK0jUU9NLgS3MODOZA==/com.google.android.gms-YQ2L6GsYyKuvu9MvIBK1EQ==/oat/x86_64/split_GoogleCertificates_installtime.odex) is kOatUpToDate with filter 'speed' executable 'false'
02-19 18:21:34.587 14299 14318 I artd    : GetBestInfo: odex next to the dex file (/data/app/~~O-UZzK0jUU9NLgS3MODOZA==/com.google.android.gms-YQ2L6GsYyKuvu9MvIBK1EQ==/oat/x86_64/split_MapsDynamite_installtime.odex) is kOatUpToDate with filter 'speed' executable 'false'
02-19 18:21:34.593 14299 14318 I artd    : GetBestInfo: odex next to the dex file (/data/app/~~O-UZzK0jUU9NLgS3MODOZA==/com.google.android.gms-YQ2L6GsYyKuvu9MvIBK1EQ==/oat/x86_64/split_MeasurementDynamite_installtime.odex) is kOatUpToDate with filter 'speed' executable 'false'
02-19 18:21:34.597 14299 14318 I artd    : GetBestInfo: /data/app/~~O-UZzK0jUU9NLgS3MODOZA==/com.google.android.gms-YQ2L6GsYyKuvu9MvIBK1EQ==/split_maps_core_dynamite_ondemand.apk has no usable artifacts
02-19 18:21:34.603 14299 14318 I artd    : GetBestInfo: /data/user_de/0/com.google.android.gms/app_chimera/m/0000000c/dl-Appsearch.optional_250834100800.apk has no usable artifacts
02-19 18:21:34.605 14299 14318 I artd    : GetBestInfo: /data/user_de/0/com.google.android.gms/app_chimera/m/00000001/CronetDynamite.apk has no usable artifacts
02-19 18:21:34.607 14299 14318 I artd    : GetBestInfo: /data/user_de/0/com.google.android.gms/app_chimera/m/00000002/DynamiteLoader.apk has no usable artifacts
02-19 18:21:34.608 14299 14318 I artd    : GetBestInfo: /data/user_de/0/com.google.android.gms/app_chimera/m/00000005/GoogleCertificates.apk has no usable artifacts
02-19 18:21:34.612 14299 14318 I artd    : GetBestInfo: /data/user_de/0/com.google.android.gms/app_chimera/m/00000009/dl-TfliteDynamiteDynamite.integ_252130102100800.apk has no usable artifacts
02-19 18:21:34.615 14299 14318 I artd    : GetBestInfo: vdex next to the dex file (/data/user/0/com.google.android.gms/app_dg_cache/BF7C023AB90CCF01D1F467FC1CEBAF866511FF29/oat/x86_64/the.vdex) is kOatUpToDate with filter 'verify' executable 'false'
02-19 18:21:34.618 14299 14318 I artd    : GetBestInfo: /data/user_de/0/com.google.android.gms/app_chimera/m/00000010/dl-PlayCloudSearch.optional_250834100000.apk has no usable artifacts
02-19 18:21:34.620 14299 14318 I artd    : GetBestInfo: /data/user_de/0/com.google.android.gms/app_chimera/m/00000017/dl-PlayCloudSearch.optional_260438100000.apk has no usable artifacts
02-19 18:21:34.622 14299 14318 I artd    : GetBestInfo: /data/user_de/0/com.google.android.gms/app_chimera/m/00000015/dl-MlkitOcrCommon.optional_260438100800.apk has no usable artifacts
02-19 18:21:34.626 14299 14318 I artd    : GetBestInfo: /data/user_de/0/com.google.android.gms/app_chimera/m/00000013/dl-MlkitBarcodeUi.optional_260438100800.apk has no usable artifacts
02-19 18:21:34.630 14299 14318 I artd    : GetBestInfo: /data/user_de/0/com.google.android.gms/app_chimera/m/0000000f/dl-MlkitOcrCommon.optional_250834100800.apk has no usable artifacts
02-19 18:21:34.634 14299 14318 I artd    : GetBestInfo: /data/user_de/0/com.google.android.gms/app_chimera/m/0000000d/dl-VisionOcr.optional_250834100000.apk has no usable artifacts
02-19 18:21:34.638 14299 14317 I artd    : GetBestInfo: /data/user_de/0/com.google.android.gms/app_chimera/m/0000000a/dl-MlkitBarcodeUi.optional_250834100800.apk has no usable artifacts
02-19 18:21:34.640 14299 14318 I artd    : GetBestInfo: /data/user_de/0/com.google.android.gms/app_chimera/m/00000011/dl-VisionOcr.optional_260438100000.apk has no usable artifacts
02-19 18:21:34.654 14299 14317 I artd    : GetBestInfo: /data/user_de/0/com.google.android.gms/app_chimera/m/00000012/dl-Appsearch.optional_260438100800.apk has no usable artifacts
02-19 18:21:34.671 14299 14317 I artd    : GetBestInfo: vdex next to the dex file (/data/user/0/com.google.android.gms/app_dg_cache/94DF452EEF4B8E717545DCDEA6CC3C50A319A195/oat/x86_64/the.vdex) is kOatUpToDate with filter 'verify' executable 'false'
02-19 18:21:34.674 14299 14317 I artd    : GetBestInfo: /data/user_de/0/com.google.android.gms/app_chimera/m/00000007/MeasurementDynamite.apk has no usable artifacts
02-19 18:21:34.676 14299 14317 I artd    : GetBestInfo: /data/user_de/0/com.google.android.gms/app_chimera/m/00000018/dl-AdsFdrDynamite.integ_254380203100000.apk has no usable artifacts
02-19 18:21:36.118 14110 14110 W WindowOnBackDispatcher: sendCancelIfRunning: isInProgress=false callback=android.view.ViewRootImpl$$ExternalSyntheticLambda13@218ad8b
02-19 18:21:36.120   752  1233 D CoreBackPreview: Window{43a7b27 u0 PopupWindow:c29667c}: Setting back callback null
02-19 18:21:36.214 14110 14373 W unknown:ReactContext: initializeMessageQueueThreads() is called.
02-19 18:21:36.277 14110 14110 W unknown:ReactNative: Packager connection already open, nooping.
02-19 18:21:36.359 14110 14376 W unknown:ReactContext: initializeMessageQueueThreads() is called.
02-19 18:21:36.360 14110 14376 W unknown:ReactNative: Fresco has already been initialized with a different config. The new Fresco configuration will be ignored!
02-19 18:21:36.390 14380 14380 W dumpsys : Thread Pool max thread count is 0. Cannot cache binder as linkToDeath cannot be implemented. serviceName: window
02-19 18:21:37.108 14110 14110 I Choreographer: Skipped 40 frames!  The application may be doing too much work on its main thread.
02-19 18:21:37.149   752  1233 I system_server: AssetManager2(0x7d8fac5224f8) locale list changing from [] to [en-US]
02-19 18:21:37.305   752  1233 I system_server: AssetManager2(0x7d8fac4d0158) locale list changing from [] to [en-US]
02-19 18:21:37.377   752  1233 I system_server: AssetManager2(0x7d8fac491f98) locale list changing from [] to [en-US]
02-19 18:21:37.386   752  1233 I system_server: AssetManager2(0x7d8fac4ce218) locale list changing from [] to [en-US]
02-19 18:21:37.393   752  1233 I system_server: AssetManager2(0x7d8fac4be4f8) locale list changing from [] to [en-US]
02-19 18:21:37.406   752  1233 I system_server: AssetManager2(0x7d8fac4cb338) locale list changing from [] to [en-US]
02-19 18:21:37.580 14110 14110 W unknown:ReactContext: initializeMessageQueueThreads() is called.
02-19 18:21:37.784   752  2505 W PackageConfigPersister: App-specific configuration not found for packageName: viva.republica.toss.test and userId: 0
02-19 18:21:37.887  1563  1563 I StylusModule: StylusModule.onUpdateToolType():801 Update tool type = 0
02-19 18:21:39.327   531   568 W EventThread: Faking VSYNC due to driver stall for thread app
02-19 18:21:39.368   752  1856 E TaskPersister: File error accessing recents directory (directory doesn't exist?).
02-19 18:21:39.483 14389 14389 W dumpsys : Thread Pool max thread count is 0. Cannot cache binder as linkToDeath cannot be implemented. serviceName: window
02-19 18:21:39.689   752   775 I system_server: Background concurrent mark compact GC freed 25MB AllocSpace bytes, 41(888KB) LOS objects, 42% free, 32MB/56MB, paused 1.099ms,2.514ms total 196.195ms
02-19 18:21:39.786   752  1233 I ActivityManager: Force stopping viva.republica.toss.test appid=10217 user=0: from pid 14394
02-19 18:21:39.794   752  1233 I ActivityManager: Killing 14110:viva.republica.toss.test/u0a217 (adj 0): stop viva.republica.toss.test due to from pid 14394
02-19 18:21:39.799   752  1233 D CompatChangeReporter: Compat change id reported: 311208629; UID 10217; state: ENABLED
02-19 18:21:39.800  3453  3453 D BoundBrokerSvc: onUnbind: Intent { act=com.google.android.gms.appset.service.START dat=chimera-action:/... xflg=0x4 cmp=com.google.android.gms/.chimera.GmsApiService }
02-19 18:21:39.800 14150 14150 I cr_ChildProcessService: Destroying ChildProcessService pid=14150
02-19 18:21:39.802   752  1233 W ActivityTaskManager: Force removing ActivityRecord{24787374 u0 viva.republica.toss.test/im.toss.rn.granite.core.GraniteActivity t66 f}}: app died, no saved state
02-19 18:21:39.803 14150 14150 I ocessService0:0: System.exit called, status: 0
02-19 18:21:39.803 14150 14150 I AndroidRuntime: VM exiting with result code 0, cleanup skipped.
02-19 18:21:39.806  4449  4467 V WindowManagerShell: Transition requested (#639): android.os.BinderProxy@46e87e3 TransitionRequestInfo { type = CLOSE, triggerTask = null, pipChange = null, remoteTransition = null, displayChange = null, flags = 0, debugId = 639 }
02-19 18:21:39.809   752  1233 W ActivityTaskManager: Force removing ActivityRecord{6659757 u0 viva.republica.toss.test/im.toss.rn.granite.core.GraniteActivity t66 f}}: app died, no saved state
02-19 18:21:39.812   752   955 W UsageStatsService: Unexpected activity event reported! (viva.republica.toss.test/im.toss.rn.granite.core.GraniteActivity event : 23 instanceId : 141260258)
02-19 18:21:39.812   752  1095 D BackgroundInstallControlService: Package event received: 0
02-19 18:21:39.814   531   602 I BpBinder: onLastStrongRef automatically unlinking death recipients: 
02-19 18:21:39.815   752  1029 D InetDiagMessage: Destroyed 1 sockets, proto=IPPROTO_TCP, family=AF_INET, states=14
02-19 18:21:39.828   752  1029 D InetDiagMessage: Destroyed 6 sockets, proto=IPPROTO_TCP, family=AF_INET6, states=14
02-19 18:21:39.828   752  1029 D InetDiagMessage: Destroyed live tcp sockets for uids={10217} in 21ms
02-19 18:21:39.829  7804  7804 D ViewRootImpl: Skipping stats log for color mode
02-19 18:21:39.830   752  1029 D InetDiagMessage: Destroyed 0 sockets, proto=IPPROTO_TCP, family=AF_INET, states=14
02-19 18:21:39.832   752  1029 D InetDiagMessage: Destroyed 0 sockets, proto=IPPROTO_TCP, family=AF_INET6, states=14
02-19 18:21:39.832   752  1029 D InetDiagMessage: Destroyed live tcp sockets for uids={20217} in 3ms
02-19 18:21:39.837  4449  4467 D WindowManagerShell: setLauncherKeepClearAreaHeight: visible=true, height=527
02-19 18:21:39.840   752  1233 I ActivityManager: Killing 14150:com.google.android.webview:sandboxed_process0:org.chromium.content.app.SandboxedProcessService0:0/u0a217i39 (adj 0): isolated not needed
02-19 18:21:39.842  7804  7804 D StatsLog: LAUNCHER_ONRESUME
02-19 18:21:39.849  1971  2198 I AiAiEcho: Predicting[0]:  [CONTEXT sampling_count=5 ]
02-19 18:21:39.850   752  1095 D BackgroundInstallControlService: Package event received: 0
02-19 18:21:39.851   752  1095 D BackgroundInstallControlService: Package event received: 0
02-19 18:21:39.851  1971  2198 I AiAiEcho: EchoTargets: 
02-19 18:21:39.851  1971  2198 I AiAiEcho: Filtered by AiAi flag check: 
02-19 18:21:39.851  1971  2198 I AiAiEcho: [CONTEXT ratelimit_period="10 SECONDS" ]
02-19 18:21:39.853   752  1233 I AppsFilter: interaction: PackageSetting{d389813 com.android.microdroid.empty_payload/10204} -> PackageSetting{60495e3 viva.republica.toss.test/10217} BLOCKED
02-19 18:21:39.854  1971  2198 I AiAiEcho: #remoteViewsTwiddler: feature disabled.
02-19 18:21:39.854   752  1233 I AppsFilter: interaction: PackageSetting{120ba50 com.android.adbkeyboard/10219} -> PackageSetting{60495e3 viva.republica.toss.test/10217} BLOCKED
02-19 18:21:39.858  7804  7823 D QuickstepModelDelegate: notifyAppTargetEvent action=1 launchLocation=workspace/0/[-1,-1]/[1,1]
02-19 18:21:39.862 10620 10620 I Finsky:background: [2] Memory trim requested to level 40
02-19 18:21:39.868   531   531 I BpBinder: onLastStrongRef automatically unlinking death recipients: 
02-19 18:21:39.873  3794  3794 I Finsky  : [2] Memory trim requested to level 40
02-19 18:21:39.873  3794  3794 I Finsky  : [2] Flushing in-memory image cache
02-19 18:21:39.879  7804  7804 D NexusLauncherModelDelegate: notifySmartspaceEvent: SmartspaceTargetEvent{mSmartspaceTarget=null, mSmartspaceActionId='null', mEventType=6}
02-19 18:21:39.887  1263  1263 I Zygote  : Process 14150 exited cleanly (0)
02-19 18:21:39.894  7804  7804 D BaseDepthController: setSurface:
02-19 18:21:39.894  7804  7804 D BaseDepthController: 	mWaitingOnSurfaceValidity: false
02-19 18:21:39.894  7804  7804 D BaseDepthController: 	mBaseSurface: Surface(name=com.google.android.apps.nexuslauncher/com.google.android.apps.nexuslauncher.NexusLauncherActivity)/@0x6e8fc4f
02-19 18:21:39.992  1971  2198 I AiAiEcho: #postPredictionTargets: Sending updates to UISurface home with targets# 0 (types=[])
02-19 18:21:40.075   752   815 D BatteryStatsImpl: Reading cpu stats took 183ms
02-19 18:21:40.084   752   795 W Looper  : Slow dispatch took 186ms android.ui app=system_server main=false group=TOP_APP h=com.android.server.am.ActivityManagerService$UiHandler c=com.android.server.am.UidObserverController$$ExternalSyntheticLambda0@6a2cd6d m=0
02-19 18:21:40.085   752   990 I system_server: AssetManager2(0x7d8fac4be4f8) locale list changing from [] to [en-US]
02-19 18:21:40.086  3794  3877 I Finsky  : [71] Current account updated in PVS
02-19 18:21:40.096  1336  1336 D CarrierSvcBindHelper: onHandleForceStop: [viva.republica.toss.test]
02-19 18:21:40.098   752   815 D KernelCpuUidUserSysTimeReader: Removing uids 99037-99037
02-19 18:21:40.098   752   990 I system_server: AssetManager2(0x7d8fac4e1458) locale list changing from [] to [en-US]
02-19 18:21:40.105  7804  7804 I NotificationListener: Handling notification state refresh for com.google.android.adservices.api#0
02-19 18:21:40.105  7804  7804 I NotificationListener: Handling notification state refresh for android#0
02-19 18:21:40.105  7804  7804 I NotificationListener: Handling notification state refresh for com.android.systemui#0
02-19 18:21:40.107   752   990 I system_server: AssetManager2(0x7d8fac43d358) locale list changing from [] to [en-US]
02-19 18:21:40.111   752   990 I system_server: AssetManager2(0x7d8fac4d2098) locale list changing from [] to [en-US]
02-19 18:21:40.111 10620 10648 I Finsky:background: [62] Current account updated in PVS
02-19 18:21:40.116  7804  7804 D SsBaseTemplateCard: No text view can be set up
02-19 18:21:40.117  7804  7804 D SsBaseTemplateCard: Passed-in item info is null
02-19 18:21:40.117  7804  7804 D SsBaseTemplateCard: Passed-in item info is null
02-19 18:21:40.117  7804  7804 D SsBaseTemplateCard: Passed-in item info is null
02-19 18:21:40.117  7804  7804 I SsBaseTemplateCard: Secondary card pane is null
02-19 18:21:40.140  1336  1336 D CarrierSvcBindHelper: No carrier app for: 0
02-19 18:21:40.150  4449 21898 V WindowManagerShell: onTransitionReady(transaction=3229815425759)
02-19 18:21:40.151  4449  4467 V WindowManagerShell: onTransitionReady (#639) android.os.BinderProxy@46e87e3: {id=639 t=CLOSE f=0x0 trk=0 r=[0@Point(0, 0)] c=[
02-19 18:21:40.151  4449  4467 V WindowManagerShell:         {m=TO_FRONT f=SHOW_WALLPAPER|MOVE_TO_TOP leash=Surface(name=Task=1)/@0x6966099 sb=Rect(0, 0 - 1080, 2400) eb=Rect(0, 0 - 1080, 2400) epz=Point(1080, 2400) d=0 taskParent=-1},
02-19 18:21:40.151  4449  4467 V WindowManagerShell:         {m=TO_BACK f=NONE leash=Surface(name=Task=66)/@0xecbef5e sb=Rect(0, 0 - 1080, 2400) eb=Rect(0, 0 - 1080, 2400) epz=Point(1080, 2400) d=0 taskParent=-1},
02-19 18:21:40.151  4449  4467 V WindowManagerShell:         {m=TO_FRONT f=IS_WALLPAPER leash=Surface(name=WallpaperWindowToken{35e0c0f showWhenLocked=false})/@0x77bf3f sb=Rect(0, 0 - 1080, 2400) eb=Rect(0, 0 - 1080, 2400) epz=Point(1080, 2400) d=0}
02-19 18:21:40.151  4449  4467 V WindowManagerShell:     ]}
02-19 18:21:40.151  4449  4467 V WindowManagerShell: Playing animation for (#639) android.os.BinderProxy@46e87e3@0
02-19 18:21:40.151  4449  4467 V ShellRecents: RecentsTransitionHandler.startAnimation: no controller found
02-19 18:21:40.151  4449  4467 V WindowManagerShell: Transition doesn't have explicit remote, search filters for match for {id=639 t=CLOSE f=0x0 trk=0 r=[0@Point(0, 0)] c=[{m=TO_FRONT f=SHOW_WALLPAPER|MOVE_TO_TOP leash=Surface(name=Task=1)/@0x6966099 sb=Rect(0, 0 - 1080, 2400) eb=Rect(0, 0 - 1080, 2400) epz=Point(1080, 2400) d=0 taskParent=-1},{m=TO_BACK f=NONE leash=Surface(name=Task=66)/@0xecbef5e sb=Rect(0, 0 - 1080, 2400) eb=Rect(0, 0 - 1080, 2400) epz=Point(1080, 2400) d=0 taskParent=-1},{m=TO_FRONT f=IS_WALLPAPER leash=Surface(name=WallpaperWindowToken{35e0c0f showWhenLocked=false})/@0x77bf3f sb=Rect(0, 0 - 1080, 2400) eb=Rect(0, 0 - 1080, 2400) epz=Point(1080, 2400) d=0}]}
02-19 18:21:40.151  4449  4467 V WindowManagerShell:  Checking filter Pair{{types=[] flags=0x0] notFlags=0x0 checks=[{atype=undefined independent=true modes=[CLOSE,TO_BACK] flags=IN_TASK_WITH_EMBEDDED_ACTIVITY mustBeTask=false order=ANY topActivity=null launchCookie=null taskFragmentToken=android.os.BinderProxy@dcfd27d windowingMode=undefined}]} RemoteTransition { remoteTransition = android.window.IRemoteTransition$Stub$Proxy@d4ce572, appThread = android.app.IApplicationThread$Stub$Proxy@fd29dc3, debugName = overlayBackTransition }}
02-19 18:21:40.152  4449  4467 V WindowManagerShell:  Checking filter Pair{{types=[] flags=0x0] notFlags=0x0 checks=[{atype=dream independent=true modes=[OPEN,TO_FRONT] flags=NONE mustBeTask=false order=ANY topActivity=null launchCookie=null windowingMode=undefined},{atype=home independent=true modes=[CLOSE,TO_BACK] flags=NONE mustBeTask=false order=ANY topActivity=null launchCookie=null windowingMode=undefined}]} RemoteTransition { remoteTransition = android.window.IRemoteTransition$Stub$Proxy@90c640, appThread = android.app.IApplicationThread$Stub$Proxy@f8c1979, debugName = LauncherToDream }}
02-19 18:21:40.152  4449  4467 V WindowManagerShell:  Checking filter Pair{{types=[] flags=0x0] notFlags=0x100 checks=[{atype=home independent=true modes=[OPEN,TO_FRONT] flags=NONE mustBeTask=false order=TOP topActivity=ComponentInfo{com.google.android.apps.nexuslauncher/com.google.android.apps.nexuslauncher.NexusLauncherActivity} launchCookie=null windowingMode=undefined},{atype=standard independent=true modes=[CLOSE,TO_BACK] flags=NONE mustBeTask=false order=ANY topActivity=null launchCookie=null windowingMode=undefined},{NOT atype=undefined independent=true modes=[] flags=NONE mustBeTask=true order=ANY topActivity=null launchCookie=null customAnim=true windowingMode=undefined}]} RemoteTransition { remoteTransition = android.window.IRemoteTransition$Stub$Proxy@affe6be, appThread = android.app.IApplicationThread$Stub$Proxy@c37531f, debugName = QuickstepLaunchHome }}
02-19 18:21:40.152  4449  4467 D RemoteTransitionHandler: Found filterPair{{types=[] flags=0x0] notFlags=0x100 checks=[{atype=home independent=true modes=[OPEN,TO_FRONT] flags=NONE mustBeTask=false order=TOP topActivity=ComponentInfo{com.google.android.apps.nexuslauncher/com.google.android.apps.nexuslauncher.NexusLauncherActivity} launchCookie=null windowingMode=undefined},{atype=standard independent=true modes=[CLOSE,TO_BACK] flags=NONE mustBeTask=false order=ANY topActivity=null launchCookie=null windowingMode=undefined},{NOT atype=undefined independent=true modes=[] flags=NONE mustBeTask=true order=ANY topActivity=null launchCookie=null customAnim=true windowingMode=undefined}]} RemoteTransition { remoteTransition = android.window.IRemoteTransition$Stub$Proxy@affe6be, appThread = android.app.IApplicationThread$Stub$Proxy@c37531f, debugName = QuickstepLaunchHome }}
02-19 18:21:40.152  4449  4467 V WindowManagerShell:  Delegate animation for (#639) to RemoteTransition { remoteTransition = android.window.IRemoteTransition$Stub$Proxy@affe6be, appThread = android.app.IApplicationThread$Stub$Proxy@c37531f, debugName = QuickstepLaunchHome }
02-19 18:21:40.163  7804  7804 D StateManager: createAtomicAnimation - fromState: Background, toState: Normal, partial trace:
02-19 18:21:40.163  7804  7804 D StateManager: 	at com.android.quickstep.util.ScalingWorkspaceRevealAnim.<init>(go/retraceme 72a59688580715d19f0e415c69e80376c2f062d1648c80db6730905005a27c20:39)
02-19 18:21:40.163  7804  7804 D StateManager: 	at com.android.launcher3.QuickstepTransitionManager.createWallpaperOpenAnimations(go/retraceme 72a59688580715d19f0e415c69e80376c2f062d1648c80db6730905005a27c20:168)
02-19 18:21:40.163  7804  7804 D StateManager: 	at com.android.launcher3.QuickstepTransitionManager$WallpaperOpenLauncherAnimationRunner.onAnimationStart(go/retraceme 72a59688580715d19f0e415c69e80376c2f062d1648c80db6730905005a27c20:17)
02-19 18:21:40.166  7804  7804 D b/311077782: LauncherAnimationRunner.setAnimation
02-19 18:21:40.181  7804  7823 W HWUI    : Image decoding logging dropped!
02-19 18:21:40.188   752   794 V WindowManager: Sent Transition (#639) createdAt=02-19 18:21:39.803 via request=TransitionRequestInfo { type = CLOSE, triggerTask = null, pipChange = null, remoteTransition = null, displayChange = null, flags = 0, debugId = 639 }
02-19 18:21:40.189   752   794 V WindowManager:     startWCT=WindowContainerTransaction { changes= {} hops= [] errorCallbackToken=null taskFragmentOrganizer=null }
02-19 18:21:40.189   752   794 V WindowManager:     info={id=639 t=CLOSE f=0x0 trk=0 r=[0@Point(0, 0)] c=[
02-19 18:21:40.189   752   794 V WindowManager:         {WCT{RemoteToken{5218fe8 Task{dd43522 #1 type=home}}} m=TO_FRONT f=SHOW_WALLPAPER|MOVE_TO_TOP leash=Surface(name=Task=1)/@0x8ddbd2e sb=Rect(0, 0 - 1080, 2400) eb=Rect(0, 0 - 1080, 2400) epz=Point(1080, 2400) d=0 taskParent=-1},
02-19 18:21:40.189   752   794 V WindowManager:         {WCT{RemoteToken{5171ea4 Task{c67c047 #66 type=standard A=10217:viva.republica.toss.test}}} m=TO_BACK f=NONE leash=Surface(name=Task=66)/@0xb4fa114 sb=Rect(0, 0 - 1080, 2400) eb=Rect(0, 0 - 1080, 2400) epz=Point(1080, 2400) d=0 taskParent=-1},
02-19 18:21:40.189   752   794 V WindowManager:         {m=TO_FRONT f=IS_WALLPAPER leash=Surface(name=WallpaperWindowToken{35e0c0f showWhenLocked=false})/@0x512f5be sb=Rect(0, 0 - 1080, 2400) eb=Rect(0, 0 - 1080, 2400) epz=Point(1080, 2400) d=0}
02-19 18:21:40.189   752   794 V WindowManager:     ]}
02-19 18:21:40.195  4449  4467 V WindowManagerShell:  animated by com.android.wm.shell.transition.RemoteTransitionHandler@ef09705
02-19 18:21:40.213   752   989 I ImeTracker: com.google.android.apps.nexuslauncher:a25ea87: onRequestHide at ORIGIN_SERVER reason HIDE_UNSPECIFIED_WINDOW fromUser false
02-19 18:21:40.233   752   989 E IPCThreadState: Binder transaction failure. id: 2328777, BR_*: 29189, error: -3 (No such process)
02-19 18:21:40.233   752   989 W ActivityManager: pid 752 system sent binder code 6 with flags 1 to frozen apps and got error -32
02-19 18:21:40.247   531   531 I BpBinder: onLastStrongRef automatically unlinking death recipients: 
02-19 18:21:40.234   752   989 W ActivityManager: pid 752 system sent binder code 4 with flags 1 to frozen apps and got error -32
02-19 18:21:40.253   752   989 D ActivityManager: Too many transaction errors, throttling freezer binder callback.
02-19 18:21:40.255  7804  7804 D InsetsController: hide(ime(), fromIme=false)
02-19 18:21:40.255  7804  7804 I ImeTracker: com.google.android.apps.nexuslauncher:a25ea87: onCancelled at PHASE_CLIENT_ALREADY_HIDDEN
02-19 18:21:40.270  1563  1563 I GoogleInputMethodService: GoogleInputMethodService.onFinishInput():2043 
02-19 18:21:40.275   752  1790 I ImeTracker: system_server:f67d688e: onRequestHide at ORIGIN_SERVER reason IME_REQUESTED_CHANGED_LISTENER fromUser false
02-19 18:21:40.284  1563  1563 I Module  : DeviceLockedStatusModuleProvider$Module.updateDeviceLockedStatus():100 repeatCheckTimes = 0, locked = false
02-19 18:21:40.294  1563  1563 I GoogleInputMethodService: GoogleInputMethodService.onStartInput():1293 onStartInput(EditorInfo{EditorInfo{packageName=com.google.android.apps.nexuslauncher, inputType=0, inputTypeString=NULL, enableLearning=false, autoCorrection=false, autoComplete=false, imeOptions=0, privateImeOptions=null, actionName=UNSPECIFIED, actionLabel=null, initialSelStart=-1, initialSelEnd=-1, initialCapsMode=0, label=null, fieldId=0, fieldName=null, extras=null, hintText=null, hintLocales=[]}}, false)
02-19 18:21:40.296   752   797 I ImeTracker: system_server:f67d688e: onCancelled at PHASE_SERVER_SHOULD_HIDE
02-19 18:21:40.323   752   807 I libprocessgroup: Removed cgroup /sys/fs/cgroup/apps/uid_10217/pid_14110
02-19 18:21:40.324   458   458 I Zygote  : Process 14110 exited due to signal 9 (Killed)
02-19 18:21:40.326   752   807 I libprocessgroup: Removed cgroup /sys/fs/cgroup/apps/uid_99039/pid_14150
02-19 18:21:40.329  1563  1563 I Module  : DeviceLockedStatusModuleProvider$Module.updateDeviceLockedStatus():100 repeatCheckTimes = 1, locked = false
02-19 18:21:40.330  1563  1563 I EmojiCompatManager: EmojiCompatManager.getEmojiCompatIfLoaded():343 EmojiCompat.init() was never called.
02-19 18:21:40.330  1563  1563 I EmojiCompatManager: java.lang.IllegalStateException: EmojiCompat is not initialized. Please call EmojiCompat.init() first
02-19 18:21:40.330  1563  1563 I EmojiCompatManager: 	at asx.p(PG:6)
02-19 18:21:40.330  1563  1563 I EmojiCompatManager: 	at axb.b(PG:13)
02-19 18:21:40.330  1563  1563 I EmojiCompatManager: 	at jnr.b(PG:2)
02-19 18:21:40.330  1563  1563 I EmojiCompatManager: 	at jnr.c(PG:4)
02-19 18:21:40.330  1563  1563 I EmojiCompatManager: 	at jnr.f(PG:3)
02-19 18:21:40.330  1563  1563 I EmojiCompatManager: 	at jnx.c(PG:3)
02-19 18:21:40.330  1563  1563 I EmojiCompatManager: 	at kif.cz(PG:47)
02-19 18:21:40.330  1563  1563 I EmojiCompatManager: 	at lhl.run(PG:1025)
02-19 18:21:40.330  1563  1563 I EmojiCompatManager: 	at jaf.execute(PG:12)
02-19 18:21:40.330  1563  1563 I EmojiCompatManager: 	at nco.v(PG:13)
02-19 18:21:40.330  1563  1563 I EmojiCompatManager: 	at lhn.m(PG:96)
02-19 18:21:40.330  1563  1563 I EmojiCompatManager: 	at lhn.k(PG:25)
02-19 18:21:40.330  1563  1563 I EmojiCompatManager: 	at kgn.onStartInput(PG:250)
02-19 18:21:40.330  1563  1563 I EmojiCompatManager: 	at android.inputmethodservice.InputMethodService.doStartInput(InputMethodService.java:3521)
02-19 18:21:40.330  1563  1563 I EmojiCompatManager: 	at android.inputmethodservice.InputMethodService$InputMethodImpl.startInput(InputMethodService.java:879)
02-19 18:21:40.330  1563  1563 I EmojiCompatManager: 	at android.inputmethodservice.InputMethodService$InputMethodImpl.dispatchStartInput(InputMethodService.java:908)
02-19 18:21:40.330  1563  1563 I EmojiCompatManager: 	at android.inputmethodservice.IInputMethodWrapper.executeMessage(IInputMethodWrapper.java:201)
02-19 18:21:40.330  1563  1563 I EmojiCompatManager: 	at com.android.internal.os.HandlerCaller$MyHandler.handleMessage(HandlerCaller.java:44)
02-19 18:21:40.330  1563  1563 I EmojiCompatManager: 	at android.os.Handler.dispatchMessage(Handler.java:110)
02-19 18:21:40.330  1563  1563 I EmojiCompatManager: 	at android.os.Looper.loopOnce(Looper.java:248)
02-19 18:21:40.330  1563  1563 I EmojiCompatManager: 	at android.os.Looper.loop(Looper.java:338)
02-19 18:21:40.330  1563  1563 I EmojiCompatManager: 	at android.app.ActivityThread.main(ActivityThread.java:9067)
02-19 18:21:40.330  1563  1563 I EmojiCompatManager: 	at java.lang.reflect.Method.invoke(Native Method)
02-19 18:21:40.330  1563  1563 I EmojiCompatManager: 	at com.android.internal.os.RuntimeInit$MethodAndArgsCaller.run(RuntimeInit.java:593)
02-19 18:21:40.330  1563  1563 I EmojiCompatManager: 	at com.android.internal.os.ZygoteInit.main(ZygoteInit.java:932)
02-19 18:21:40.331  1563  1563 W NotificationCenter: NotificationCenter$NotificationQueue.notifyPendingNotificationsOnExecutor():877 Heavy notify work detected on UI thread: [kig->khg, kig->khc, kig->ilu, kig->ilu, kig->ilu, kig->ilu, kig->ilu, kig->ilu, kig->gkl, kig->ilu, kig->ilu, kig->fef, kig->fro, kig->lux, kig->ilu, kig->imt, kig->ilu, kig->ilu, kig->ijm, kig->ilu, kig->ilu, kig->fcb, kig->jnx] takes 36ms
02-19 18:21:40.333   752  1233 W PackageConfigPersister: App-specific configuration not found for packageName: com.google.android.apps.nexuslauncher and userId: 0
02-19 18:21:40.347   752  1940 V ActivityManager: Got obituary of 14110:viva.republica.toss.test
02-19 18:21:40.347   752  2419 I WindowManager: WIN DEATH: Window{a8c6f12 u0 viva.republica.toss.test/im.toss.rn.granite.core.GraniteActivity}
02-19 18:21:40.348   752  2419 I WindowManager: WIN DEATH: Window{f5793e1 u0 viva.republica.toss.test/im.toss.rn.granite.core.GraniteActivity}
02-19 18:21:40.355   752  1029 D ConnectivityService: releasing NetworkRequest [ REQUEST id=600, [ Capabilities: INTERNET&NOT_RESTRICTED&TRUSTED&NOT_VCN_MANAGED&NOT_BANDWIDTH_CONSTRAINED Uid: 10217 RequestorUid: 10217 RequestorPkg: viva.republica.toss.test UnderlyingNetworks: Null] ] (release request)
02-19 18:21:40.355   752   797 W ActivityManager: setHasOverlayUi called on unknown pid: 14110
02-19 18:21:40.356   752  1029 D ConnectivityService: releasing NetworkRequest [ REQUEST id=604, [ Capabilities: INTERNET&NOT_RESTRICTED&TRUSTED&NOT_VCN_MANAGED&NOT_BANDWIDTH_CONSTRAINED Uid: 10217 RequestorUid: 10217 RequestorPkg: viva.republica.toss.test UnderlyingNetworks: Null] ] (release request)
02-19 18:21:40.361   752  1029 D ConnectivityService: releasing NetworkRequest [ REQUEST id=602, [ Capabilities: INTERNET&NOT_RESTRICTED&TRUSTED&NOT_VCN_MANAGED&NOT_BANDWIDTH_CONSTRAINED Uid: 10217 RequestorUid: 10217 RequestorPkg: viva.republica.toss.test UnderlyingNetworks: Null] ] (release request)
02-19 18:21:40.459  7804  7808 I s.nexuslauncher: NativeAlloc concurrent mark compact GC freed 1159KB AllocSpace bytes, 4(208KB) LOS objects, 49% free, 5581KB/10MB, paused 422us,1.395ms total 223.567ms
02-19 18:21:40.473  7804  7810 W System  : A resource failed to call release. 
02-19 18:21:40.473  7804  7810 W System  : A resource failed to call release. 
02-19 18:21:40.473  7804  7810 W System  : A resource failed to call release. 
02-19 18:21:40.473  7804  7810 W System  : A resource failed to call release. 
02-19 18:21:40.473  7804  7810 W System  : A resource failed to call release. 
02-19 18:21:40.473  7804  7810 W System  : A resource failed to call release. 
02-19 18:21:40.473  7804  7810 W System  : A resource failed to call release. 
02-19 18:21:40.476 10620 10630 W ding:background: Reducing the number of considered missed Gc histogram windows from 304 to 100
02-19 18:21:41.271  7804  7804 D ScalingWorkspaceRevealAnim: alpha of workspace at the end of animation: 1.0
02-19 18:21:41.273  4449  4467 V WindowManagerShell: Transition animation finished (aborted=false), notifying core (#639) android.os.BinderProxy@46e87e3@0
02-19 18:21:41.279   752   794 V WindowManager: Finish Transition (#639): created at 02-19 18:21:39.803 collect-started=0.082ms request-sent=0.136ms started=29.471ms ready=341.163ms sent=344.905ms commit=28.0ms finished=1473.141ms
02-19 18:21:41.290   752   780 E IPCThreadState: Binder transaction failure. id: 2329086, BR_*: 29189, error: -22 (Invalid argument)
02-19 18:21:41.290   752   780 W ActivityManager: pid 752 system sent binder code 7 with flags 1 to frozen apps and got error -32
02-19 18:21:41.290   752   780 D ActivityManager: Too many transaction errors, throttling freezer binder callback.
02-19 18:21:41.291   752   780 W WindowManager: Exception thrown during dispatchAppVisibility Window{a8c6f12 u0 viva.republica.toss.test/im.toss.rn.granite.core.GraniteActivity EXITING}
02-19 18:21:41.291   752   780 W WindowManager: android.os.DeadObjectException
02-19 18:21:41.291   752   780 W WindowManager: 	at android.os.BinderProxy.transactNative(Native Method)
02-19 18:21:41.291   752   780 W WindowManager: 	at android.os.BinderProxy.transact(BinderProxy.java:592)
02-19 18:21:41.291   752   780 W WindowManager: 	at android.view.IWindow$Stub$Proxy.dispatchAppVisibility(IWindow.java:557)
02-19 18:21:41.291   752   780 W WindowManager: 	at com.android.server.wm.WindowState.sendAppVisibilityToClients(WindowState.java:3151)
02-19 18:21:41.291   752   780 W WindowManager: 	at com.android.server.wm.WindowContainer.sendAppVisibilityToClients(WindowContainer.java:1311)
02-19 18:21:41.291   752   780 W WindowManager: 	at com.android.server.wm.WindowToken.setClientVisible(WindowToken.java:389)
02-19 18:21:41.291   752   780 W WindowManager: 	at com.android.server.wm.ActivityRecord.setClientVisible(ActivityRecord.java:6650)
02-19 18:21:41.291   752   780 W WindowManager: 	at com.android.server.wm.ActivityRecord.commitVisibility(ActivityRecord.java:5561)
02-19 18:21:41.291   752   780 W WindowManager: 	at com.android.server.wm.Transition.finishTransition(Transition.java:1391)
02-19 18:21:41.291   752   780 W WindowManager: 	at com.android.server.wm.TransitionController.finishTransition(TransitionController.java:1029)
02-19 18:21:41.291   752   780 W WindowManager: 	at com.android.server.wm.WindowOrganizerController.finishTransition(WindowOrganizerController.java:496)
02-19 18:21:41.291   752   780 W WindowManager: 	at android.window.IWindowOrganizerController$Stub.onTransact(IWindowOrganizerController.java:261)
02-19 18:21:41.291   752   780 W WindowManager: 	at com.android.server.wm.WindowOrganizerController.onTransact(WindowOrganizerController.java:223)
02-19 18:21:41.291   752   780 W WindowManager: 	at android.os.Binder.execTransactInternal(Binder.java:1426)
02-19 18:21:41.291   752   780 W WindowManager: 	at android.os.Binder.execTransact(Binder.java:1365)
02-19 18:21:41.291   752   780 W Process : Unable to open /proc/14110/status
02-19 18:21:41.299  4449  4467 V WindowManagerShell: Track 0 became idle
02-19 18:21:41.299  4449  4467 V WindowManagerShell: All active transition animations finished
02-19 18:21:41.350   531   531 E BpTransactionCompletedListener: Failed to transact (-32)
02-19 18:21:41.357  7804  7804 D RecentsView: onTaskRemoved: 66, not handling task stack changes
02-19 18:21:41.357  7804  7804 D RecentsView: onTaskRemoved: 66, not handling task stack changes
02-19 18:21:41.734   752  2503 W ActivityTaskManager: callingPackage for (uid=2000, pid=14404) has no WPC
02-19 18:21:41.735   752  2503 V GrammaticalInflectionUtils: AttributionSource: android.content.AttributionSource@56784557 does not have READ_SYSTEM_GRAMMATICAL_GENDER permission.
02-19 18:21:41.736   752  2503 W OptProp : Cannot read opt property android.window.PROPERTY_COMPAT_ALLOW_USER_ASPECT_RATIO_OVERRIDE
02-19 18:21:41.736   752  2503 W OptProp : Cannot read opt property android.window.PROPERTY_COMPAT_ALLOW_USER_ASPECT_RATIO_FULLSCREEN_OVERRIDE
02-19 18:21:41.736   752  2503 W OptProp : Cannot read opt property android.window.PROPERTY_COMPAT_ALLOW_RESIZEABLE_ACTIVITY_OVERRIDES
02-19 18:21:41.736   752  2503 W OptProp : Cannot read opt property android.window.PROPERTY_COMPAT_ALLOW_MIN_ASPECT_RATIO_OVERRIDE
02-19 18:21:41.740   752  2503 W OptProp : Cannot read opt property android.window.PROPERTY_COMPAT_ALLOW_ORIENTATION_OVERRIDE
02-19 18:21:41.741   531   590 I BpBinder: onLastStrongRef automatically unlinking death recipients: 
02-19 18:21:41.744   752  2503 I ActivityTaskManager: START u0 {act=android.intent.action.VIEW dat=intoss://takealook/... flg=0x10000000 xflg=0x4 pkg=viva.republica.toss.test cmp=viva.republica.toss.test/.MiniAppSchemeActivity} with LAUNCH_MULTIPLE from uid 2000 (BAL_ALLOW_PERMISSION) result code=0
02-19 18:21:41.745  4449  4467 V WindowManagerShell: Transition requested (#640): android.os.BinderProxy@6885737 TransitionRequestInfo { type = OPEN, triggerTask = TaskInfo{userId=0 taskId=67 effectiveUid=10217 displayId=0 isRunning=true baseIntent=Intent { act=android.intent.action.VIEW dat=intoss://takealook/... flg=0x10000000 pkg=viva.republica.toss.test cmp=viva.republica.toss.test/.MiniAppSchemeActivity } baseActivity=ComponentInfo{viva.republica.toss.test/viva.republica.toss.test.MiniAppSchemeActivity} topActivity=ComponentInfo{viva.republica.toss.test/viva.republica.toss.test.MiniAppSchemeActivity} origActivity=null realActivity=ComponentInfo{viva.republica.toss.test/viva.republica.toss.test.MiniAppSchemeActivity} numActivities=1 lastActiveTime=104375590 supportsMultiWindow=true resizeMode=1 isResizeable=true minWidth=-1 minHeight=-1 defaultMinSize=220 token=WCT{android.window.IWindowContainerToken$Stub$Proxy@e2a14a4} topActivityType=1 pictureInPictureParams=null shouldDockBigOverlays=false launchIntoPipHostTaskId=-1 lastParentTaskIdBeforePip=-1 displayCutoutSafeInsets=Rect(0, 0 - 0, 0) topActivityInfo=ActivityInfo{50cf20d viva.republica.toss.test.MiniAppSchemeActivity} launchCookies=[] positionInParent=Point(0, 0) parentTaskId=-1 isFocused=false isVisible=false isVisibleRequested=false isTopActivityNoDisplay=false isSleeping=false locusId=null displayAreaFeatureId=1 isTopActivityTransparent=true isActivityStackTransparent=true lastNonFullscreenBounds=Rect(284, 660 - 796, 1740) capturedLink=null capturedLinkTimestamp=0 requestedVisibleTypes=-9 topActivityRequestOpenInBrowserEducationTimestamp=0 appCompatTaskInfo=AppCompatTaskInfo { topActivityInSizeCompat=false eligibleForLetterboxEducation= false isLetterboxEducationEnabled= true isLetterboxDoubleTapEnabled= false eligibleForUserAspectRatioButton= false topActivityBoundsLetterboxed= false isFromLetterboxDoubleTap= false topActivityLetterboxVerticalPosition= -1 topActivityLetterboxHorizontalPosition= -1 topActivityLetterboxWidth=-1 topActivityLetterboxHeight=-1 topActivityAppBounds=Rect(0, 0 - 1080, 2400) isUserFullscreenOverrideEnabled=false isSystemFullscreenOverrideEnabled=false hasMinAspectRatioOverride=false topActivityLetterboxBounds=null cameraCompatTaskInfo=CameraCompatTaskInfo { freeformCameraCompatMode=inactive}} topActivityMainWindowFrame=null}, pipChange = null, remoteTransition = null, displayChange = null, flags = 0, debugId = 640 }
02-19 18:21:41.745  4449  4467 D ShellSplitScreen: logExit: no-op, mLoggerSessionId is null
02-19 18:21:41.746  7804  7804 W SplitSelectStateCtor: Missing session instanceIds
02-19 18:21:41.746  7804  7804 D StatsLog: LAUNCHER_SPLIT_SELECTION_EXIT_INTERRUPTED
02-19 18:21:41.749   752   797 V GrammaticalInflectionUtils: AttributionSource: android.content.AttributionSource@56784557 does not have READ_SYSTEM_GRAMMATICAL_GENDER permission.
02-19 18:21:41.749  4449  4467 D WindowManagerShell: setLauncherKeepClearAreaHeight: visible=false, height=527
02-19 18:21:41.750   752   780 I AppsFilter: interaction: PackageSetting{d389813 com.android.microdroid.empty_payload/10204} -> PackageSetting{93ef57e viva.republica.toss.test/10217} BLOCKED
02-19 18:21:41.750   752   780 I AppsFilter: interaction: PackageSetting{120ba50 com.android.adbkeyboard/10219} -> PackageSetting{93ef57e viva.republica.toss.test/10217} BLOCKED
02-19 18:21:41.754   752  1095 D BackgroundInstallControlService: Package event received: 0
02-19 18:21:41.761   458   458 D Zygote  : Forked child process 14407
02-19 18:21:41.762   752   806 I ActivityManager: Start proc 14407:viva.republica.toss.test/u0a217 for next-top-activity {viva.republica.toss.test/viva.republica.toss.test.MiniAppSchemeActivity}
02-19 18:21:41.762   752   806 I ActivityManager: ProcessObserver broadcast disabled
02-19 18:21:52.586   531   568 W EventThread: Faking VSYNC due to driver stall for thread app
02-19 18:21:52.589   531   531 I BpBinder: onLastStrongRef automatically unlinking death recipients: 
02-19 18:21:52.589   531   569 W EventThread: Faking VSYNC due to driver stall for thread appSf
02-19 18:21:52.601 27008 27008 I wpa_supplicant: wlan0: CTRL-EVENT-BEACON-LOSS 
02-19 18:21:52.603   752   798 I Choreographer: Skipped 651 frames!  The application may be doing too much work on its main thread.
02-19 18:21:52.607   752   805 W ActivityManager: Process ProcessRecord{9b72b39 14407:viva.republica.toss.test/u0a217} failed to attach
02-19 18:21:52.611   752   805 W ActivityTaskManager: ProcessRecord{9b72b39 14407:viva.republica.toss.test/u0a217} is removed with pending start ActivityRecord{158943293 u0 viva.republica.toss.test/.MiniAppSchemeActivity t67}
02-19 18:21:52.615   752  1029 D InetDiagMessage: Destroyed 0 sockets, proto=IPPROTO_TCP, family=AF_INET, states=14
02-19 18:21:52.618   752  1029 D InetDiagMessage: Destroyed 0 sockets, proto=IPPROTO_TCP, family=AF_INET6, states=14
02-19 18:21:52.618   752  1029 D InetDiagMessage: Destroyed live tcp sockets for uids={10205} in 13ms
02-19 18:21:52.620   752  1029 D InetDiagMessage: Destroyed 0 sockets, proto=IPPROTO_TCP, family=AF_INET, states=14
02-19 18:21:52.623   752   797 W BLASTSyncEngine: Sync group 640 timeout
02-19 18:21:52.624   752  1029 D InetDiagMessage: Destroyed 0 sockets, proto=IPPROTO_TCP, family=AF_INET6, states=14
02-19 18:21:52.625   752  1029 D InetDiagMessage: Destroyed live tcp sockets for uids={20205} in 6ms
02-19 18:21:52.632  7804  7804 D StatsLog: LAUNCHER_ONRESUME
02-19 18:21:52.632   752   794 V WindowManager: Sent Transition (#640) createdAt=02-19 18:21:41.736 via request=TransitionRequestInfo { type = OPEN, triggerTask = TaskInfo{userId=0 taskId=67 effectiveUid=10217 displayId=0 isRunning=true baseIntent=Intent { act=android.intent.action.VIEW dat=intoss://takealook/... flg=0x10000000 pkg=viva.republica.toss.test cmp=viva.republica.toss.test/.MiniAppSchemeActivity } baseActivity=ComponentInfo{viva.republica.toss.test/viva.republica.toss.test.MiniAppSchemeActivity} topActivity=ComponentInfo{viva.republica.toss.test/viva.republica.toss.test.MiniAppSchemeActivity} origActivity=null realActivity=ComponentInfo{viva.republica.toss.test/viva.republica.toss.test.MiniAppSchemeActivity} numActivities=1 lastActiveTime=104375590 supportsMultiWindow=true resizeMode=1 isResizeable=true minWidth=-1 minHeight=-1 defaultMinSize=220 token=WCT{RemoteToken{e9a79cf Task{8d48832 #67 type=standard A=10217:viva.republica.toss.test}}} topActivityType=1 pictureInPictureParams=null shouldDockBigOverlays=false launchIntoPipHostTaskId=-1 lastParentTaskIdBeforePip=-1 displayCutoutSafeInsets=Rect(0, 0 - 0, 0) topActivityInfo=ActivityInfo{dfd1f5c viva.republica.toss.test.MiniAppSchemeActivity} launchCookies=[] positionInParent=Point(0, 0) parentTaskId=-1 isFocused=false isVisible=false isVisibleRequested=false isTopActivityNoDisplay=false isSleeping=false locusId=null displayAreaFeatureId=1 isTopActivityTransparent=true isActivityStackTransparent=true lastNonFullscreenBounds=Rect(284, 660 - 796, 1740) capturedLink=null capturedLinkTimestamp=0 requestedVisibleTypes=-9 topActivityRequestOpenInBrowserEducationTimestamp=0 appCompatTaskInfo=AppCompatTaskInfo { topActivityInSizeCompat=false eligibleForLetterboxEducation= false isLetterboxEducationEnabled= true isLetterboxDoubleTapEnabled= false eligibleForUserAspectRatioButton= false topActivityBoundsLetterboxed= false isFromLetterboxDoubleTap= false topActivityLetterboxVerticalPosition= -1 topActivityLetterboxHorizontalPosition= -1 topActivityLetterboxWidth=-1 topActivityLetterboxHeight=-1 topActivityAppBounds=Rect(0, 0 - 1080, 2400) isUserFullscreenOverrideEnabled=false isSystemFullscreenOverrideEnabled=false hasMinAspectRatioOverride=false topActivityLetterboxBounds=null cameraCompatTaskInfo=CameraCompatTaskInfo { freeformCameraCompatMode=inactive}} topActivityMainWindowFrame=null}, pipChange = null, remoteTransition = null, displayChange = null, flags = 0, debugId = 640 }
02-19 18:21:52.632   752   794 V WindowManager:     startWCT=WindowContainerTransaction { changes= {} hops= [] errorCallbackToken=null taskFragmentOrganizer=null }
02-19 18:21:52.633   752   794 V WindowManager:     info={id=640 t=OPEN f=0x0 trk=0 r=[0@Point(0, 0)] c=[
02-19 18:21:52.633   752   794 V WindowManager:         {WCT{RemoteToken{5218fe8 Task{dd43522 #1 type=home}}} m=CHANGE f=SHOW_WALLPAPER|MOVE_TO_TOP leash=Surface(name=Task=1)/@0x8ddbd2e sb=Rect(0, 0 - 1080, 2400) eb=Rect(0, 0 - 1080, 2400) epz=Point(1080, 2400) d=0 taskParent=-1}
02-19 18:21:52.633   752   794 V WindowManager:     ]}
02-19 18:21:52.634 14407 14407 I blica.toss.test: Using CollectorTypeCMC GC.
02-19 18:21:52.637   752   797 W ActivityTaskManager: Launch timeout has expired, giving up wake lock!
02-19 18:21:52.641 14407 14407 W blica.toss.test: Unexpected CPU variant for x86: x86_64.
02-19 18:21:52.641 14407 14407 W blica.toss.test: Known variants: atom, sandybridge, silvermont, goldmont, goldmont-plus, goldmont-without-sha-xsaves, tremont, kabylake, alderlake, default
02-19 18:21:52.641  4449   613 V WindowManagerShell: onTransitionReady(transaction=3229815425780)
02-19 18:21:52.641  4449  4467 D WindowManagerShell: setLauncherKeepClearAreaHeight: visible=true, height=527
02-19 18:21:52.642  4449  4467 V WindowManagerShell: onTransitionReady (#640) android.os.BinderProxy@6885737: {id=640 t=OPEN f=0x0 trk=0 r=[0@Point(0, 0)] c=[
02-19 18:21:52.642  4449  4467 V WindowManagerShell:         {m=CHANGE f=SHOW_WALLPAPER|MOVE_TO_TOP leash=Surface(name=Task=1)/@0xb5135c2 sb=Rect(0, 0 - 1080, 2400) eb=Rect(0, 0 - 1080, 2400) epz=Point(1080, 2400) d=0 taskParent=-1}
02-19 18:21:52.642  4449  4467 V WindowManagerShell:     ]}
02-19 18:21:52.642  4449  4467 V WindowManagerShell: Playing animation for (#640) android.os.BinderProxy@6885737@0
02-19 18:21:52.642  4449  4467 V ShellRecents: RecentsTransitionHandler.startAnimation: no controller found
02-19 18:21:52.642  4449  4467 V WindowManagerShell: Transition doesn't have explicit remote, search filters for match for {id=640 t=OPEN f=0x0 trk=0 r=[0@Point(0, 0)] c=[{m=CHANGE f=SHOW_WALLPAPER|MOVE_TO_TOP leash=Surface(name=Task=1)/@0xb5135c2 sb=Rect(0, 0 - 1080, 2400) eb=Rect(0, 0 - 1080, 2400) epz=Point(1080, 2400) d=0 taskParent=-1}]}
02-19 18:21:52.642  4449  4467 V WindowManagerShell:  Checking filter Pair{{types=[] flags=0x0] notFlags=0x0 checks=[{atype=undefined independent=true modes=[CLOSE,TO_BACK] flags=IN_TASK_WITH_EMBEDDED_ACTIVITY mustBeTask=false order=ANY topActivity=null launchCookie=null taskFragmentToken=android.os.BinderProxy@dcfd27d windowingMode=undefined}]} RemoteTransition { remoteTransition = android.window.IRemoteTransition$Stub$Proxy@d4ce572, appThread = android.app.IApplicationThread$Stub$Proxy@fd29dc3, debugName = overlayBackTransition }}
02-19 18:21:52.648  4449  4467 V WindowManagerShell:  Checking filter Pair{{types=[] flags=0x0] notFlags=0x0 checks=[{atype=dream independent=true modes=[OPEN,TO_FRONT] flags=NONE mustBeTask=false order=ANY topActivity=null launchCookie=null windowingMode=undefined},{atype=home independent=true modes=[CLOSE,TO_BACK] flags=NONE mustBeTask=false order=ANY topActivity=null launchCookie=null windowingMode=undefined}]} RemoteTransition { remoteTransition = android.window.IRemoteTransition$Stub$Proxy@90c640, appThread = android.app.IApplicationThread$Stub$Proxy@f8c1979, debugName = LauncherToDream }}
02-19 18:21:52.654   752   805 I ActivityManager: Killing 14407:viva.republica.toss.test/u0a217 (adj -10000): start timeout
02-19 18:21:52.659  4449  4467 V WindowManagerShell:  Checking filter Pair{{types=[] flags=0x0] notFlags=0x100 checks=[{atype=home independent=true modes=[OPEN,TO_FRONT] flags=NONE mustBeTask=false order=TOP topActivity=ComponentInfo{com.google.android.apps.nexuslauncher/com.google.android.apps.nexuslauncher.NexusLauncherActivity} launchCookie=null windowingMode=undefined},{atype=standard independent=true modes=[CLOSE,TO_BACK] flags=NONE mustBeTask=false order=ANY topActivity=null launchCookie=null windowingMode=undefined},{NOT atype=undefined independent=true modes=[] flags=NONE mustBeTask=true order=ANY topActivity=null launchCookie=null customAnim=true windowingMode=undefined}]} RemoteTransition { remoteTransition = android.window.IRemoteTransition$Stub$Proxy@affe6be, appThread = android.app.IApplicationThread$Stub$Proxy@c37531f, debugName = QuickstepLaunchHome }}
