02-19 21:03:03.161 19166 19172 W System  : A resource failed to call release. 
02-19 21:03:03.163 19166 19172 W System  : A resource failed to call release. 
02-19 21:03:03.165 19166 19172 W System  : A resource failed to call release. 
02-19 21:03:03.165 19166 19172 W System  : A resource failed to call release. 
02-19 21:03:03.167 19166 19166 D InsetsController: hide(ime(), fromIme=false)
02-19 21:03:03.167 19166 19166 I ImeTracker: com.google.android.apps.nexuslauncher:ebeab7a: onCancelled at PHASE_CLIENT_ALREADY_HIDDEN
02-19 21:03:03.283   752   797 W IPCThreadState: Sending oneway calls to frozen process.
02-19 21:03:03.284   752   797 W IPCThreadState: Sending oneway calls to frozen process.
02-19 21:03:03.284   752   797 W IPCThreadState: Sending oneway calls to frozen process.
02-19 21:03:03.285   752   797 W IPCThreadState: Sending oneway calls to frozen process.
02-19 21:03:03.287   752   797 W IPCThreadState: Sending oneway calls to frozen process.
02-19 21:03:03.290   752   797 W IPCThreadState: Sending oneway calls to frozen process.
02-19 21:03:03.291   752   797 W IPCThreadState: Sending oneway calls to frozen process.
02-19 21:03:03.292   752   797 W IPCThreadState: Sending oneway calls to frozen process.
02-19 21:03:03.293   752   797 W IPCThreadState: Sending oneway calls to frozen process.
02-19 21:03:03.300   752   797 W IPCThreadState: Sending oneway calls to frozen process.
02-19 21:03:03.301   752   797 W IPCThreadState: Sending oneway calls to frozen process.
02-19 21:03:03.302   752   797 W IPCThreadState: Sending oneway calls to frozen process.
02-19 21:03:03.303   752   797 W IPCThreadState: Sending oneway calls to frozen process.
02-19 21:03:03.305   752   797 W IPCThreadState: Sending oneway calls to frozen process.
02-19 21:03:03.306   752   797 W IPCThreadState: Sending oneway calls to frozen process.
02-19 21:03:03.306   752   797 W IPCThreadState: Sending oneway calls to frozen process.
02-19 21:03:03.325   752   797 W IPCThreadState: Sending oneway calls to frozen process.
02-19 21:03:03.327   752   797 W ProcessStats: Tracking association SourceState{1b917ca system/1000 BFgs #26212} whose proc state 4 is better than process ProcessState{42c4ef0 com.google.android.ext.services/10208 pkg=com.google.android.ext.services} proc state 14 (7 skipped)
02-19 21:03:03.463  4449  4458 W System  : A resource failed to call release. 
02-19 21:03:03.463  4449  4458 W System  : A resource failed to call release. 
02-19 21:03:03.463  4449  4458 W System  : A resource failed to call release. 
02-19 21:03:03.463  4449  4458 W System  : A resource failed to call release. 
02-19 21:03:03.463  4449  4458 W System  : A resource failed to call release. 
02-19 21:03:03.463  4449  4458 W System  : A resource failed to call release. 
02-19 21:03:03.464  4449  4458 W System  : A resource failed to call release. 
02-19 21:03:03.464  4449  4458 W System  : A resource failed to call release. 
02-19 21:03:03.464  4449  4458 W System  : A resource failed to call release. 
02-19 21:03:03.464  4449  4458 W System  : A resource failed to call release. 
02-19 21:03:03.464  4449  4458 W System  : A resource failed to call release. 
02-19 21:03:03.464  4449  4458 W System  : A resource failed to call release. 
02-19 21:03:03.464  4449  4458 W System  : A resource failed to call release. 
02-19 21:03:03.464  4449  4458 W System  : A resource failed to call release. 
02-19 21:03:03.464  4449  4458 W System  : A resource failed to call release. 
02-19 21:03:03.464  4449  4458 W System  : A resource failed to call release. 
02-19 21:03:03.464  4449  4458 W System  : A resource failed to call release. 
02-19 21:03:03.464  4449  4458 W System  : A resource failed to call release. 
02-19 21:03:03.464  4449  4458 W System  : A resource failed to call release. 
02-19 21:03:03.464  4449  4458 W System  : A resource failed to call release. 
02-19 21:03:03.464  4449  4458 W System  : A resource failed to call release. 
02-19 21:03:03.464  4449  4458 W System  : A resource failed to call release. 
02-19 21:03:03.465  4449  4458 W System  : A resource failed to call release. 
02-19 21:03:03.465  4449  4458 W System  : A resource failed to call release. 
02-19 21:03:03.465  4449  4458 W System  : A resource failed to call release. 
02-19 21:03:05.291   531   568 W EventThread: Faking VSYNC due to driver stall for thread app
02-19 21:03:05.314 19166 19649 I HWUI    : Davey! duration=1871ms; Flags=0, FrameTimelineVsyncId=2210944, IntendedVsync=114057254377900, Vsync=114057271044566, InputEventId=0, HandleInputStart=114057273866917, AnimationStart=114057273947917, PerformTraversalsStart=114057275105917, DrawStart=114057275226917, FrameDeadline=114057304377898, FrameStartTime=114057273847917, FrameInterval=16666666, WorkloadTarget=16666666, SyncQueued=114057275406917, SyncStart=114057290209917, IssueDrawCommandsStart=114057291200917, SwapBuffers=114057293060917, FrameCompleted=114059140542917, DequeueBufferDuration=178000, QueueBufferDuration=974000, GpuCompleted=114059140542917, SwapBuffersCompleted=114057295926917, DisplayPresentTime=0, CommandSubmissionCompleted=114057293060917, 
02-19 21:03:05.323 19166 19166 D ScalingWorkspaceRevealAnim: alpha of workspace at the end of animation: 1.0
02-19 21:03:05.329  4449  4467 V WindowManagerShell: Transition animation finished (aborted=false), notifying core (#979) android.os.BinderProxy@51ef4b2@0
02-19 21:03:05.347   752   794 V WindowManager: Finish Transition (#979): created at 02-19 21:03:02.705 collect-started=0.231ms request-sent=0.432ms started=85.431ms ready=169.355ms sent=181.37ms commit=95.129ms finished=2633.286ms
02-19 21:03:05.353  4449  4467 V WindowManagerShell: Track 0 became idle
02-19 21:03:05.353  4449  4467 V WindowManagerShell: All active transition animations finished
02-19 21:03:05.373 31107 31107 W dumpsys : Thread Pool max thread count is 0. Cannot cache binder as linkToDeath cannot be implemented. serviceName: window
02-19 21:03:05.378 19166 19166 D RecentsView: onTaskRemoved: 132, not handling task stack changes
02-19 21:03:05.379 19166 19166 D RecentsView: onTaskRemoved: 132, not handling task stack changes
02-19 21:03:05.391   752  1984 I system_server: AssetManager2(0x7d8fac466398) locale list changing from [] to [en-US]
02-19 21:03:05.394   752  1984 I system_server: AssetManager2(0x7d8fac435c98) locale list changing from [] to [en-US]
02-19 21:03:05.397   752  1984 I system_server: AssetManager2(0x7d8fac45ab38) locale list changing from [] to [en-US]
02-19 21:03:05.401   752  1984 I system_server: AssetManager2(0x7d8fac46e6d8) locale list changing from [] to [en-US]
02-19 21:03:05.404   752  1984 I system_server: AssetManager2(0x7d8fac4d10f8) locale list changing from [] to [en-US]
02-19 21:03:05.408   752  1984 I system_server: AssetManager2(0x7d8fac4c29b8) locale list changing from [] to [en-US]
02-19 21:03:05.503   752  2468 W HWUI    : Failed to choose config with EGL_SWAP_BEHAVIOR_PRESERVED, retrying without...
02-19 21:03:05.504   752  2468 W HWUI    : Failed to initialize 101010-2 format, error = EGL_SUCCESS
02-19 21:03:05.598  1336  1556 D SatelliteController: iisInCarrierRoamingNbIotNtn: satellite is disabled
02-19 21:03:05.776   752   795 W ActivityTaskManager: callingPackage for (uid=-1, pid=0) has no WPC
02-19 21:03:05.777   752   795 W ActivityStartInterceptor: Starting home with component specified, uid=0
02-19 21:03:05.778   752   795 W OptProp : Cannot read opt property android.window.PROPERTY_COMPAT_ALLOW_USER_ASPECT_RATIO_OVERRIDE
02-19 21:03:05.778   752   795 W OptProp : Cannot read opt property android.window.PROPERTY_COMPAT_ALLOW_USER_ASPECT_RATIO_FULLSCREEN_OVERRIDE
02-19 21:03:05.778   752   795 W OptProp : Cannot read opt property android.window.PROPERTY_COMPAT_ALLOW_RESIZEABLE_ACTIVITY_OVERRIDES
02-19 21:03:05.778   752   795 W OptProp : Cannot read opt property android.window.PROPERTY_COMPAT_ALLOW_MIN_ASPECT_RATIO_OVERRIDE
02-19 21:03:05.778   752   795 V GrammaticalInflectionUtils: AttributionSource: android.content.AttributionSource@1abea79a does not have READ_SYSTEM_GRAMMATICAL_GENDER permission.
02-19 21:03:05.780  4449 21898 D KeyguardService: setOccluded(false)
02-19 21:03:05.781  4449 21898 D KeyguardViewMediator: setOccluded(false)
02-19 21:03:05.781   752   795 I ActivityTaskManager: START u0 {act=android.intent.action.MAIN cat=[android.intent.category.HOME] flg=0x10000100 cmp=com.google.android.apps.nexuslauncher/.NexusLauncherActivity (has extras)} with LAUNCH_SINGLE_TASK from uid 0 (BAL_ALLOW_ALLOWLISTED_UID) result code=3
02-19 21:03:05.781 19166 19166 W SplitSelectStateCtor: Missing session instanceIds
02-19 21:03:05.781  4449  4449 I vol.VolumeDialogImpl: mDialog.dismiss() reason: volume_controller from: com.android.systemui.volume.VolumeDialogImpl$7.onDismissRequested:3
02-19 21:03:05.781 19166 19166 D StatsLog: LAUNCHER_SPLIT_SELECTION_EXIT_INTERRUPTED
02-19 21:03:05.787 19166 19166 D TFOManager: playPanelCloseAnimation() duration=200 traceTag=LauncherOverlay-hide isHomeButtonTap=true
02-19 21:03:05.787 19166 19166 D TFOManager: Skipped creating panel close animation because -1 is invisible.
02-19 21:03:05.788 19166 19166 D OverviewCommandHelper: clearing pending commands: []
02-19 21:03:05.788  4449  4467 D WindowManagerShell: onActivityRestartAttempt: topActivity=ComponentInfo{com.google.android.apps.nexuslauncher/com.google.android.apps.nexuslauncher.NexusLauncherActivity}, wasVisible=true
02-19 21:03:05.789  4449  4449 D KeyguardViewMediator: handleSetOccluded(false)
02-19 21:03:05.789  4449  4449 D KeyguardViewMediator: KeyguardViewMediator queue processing message: SET_OCCLUDED
02-19 21:03:05.790 19166 19166 D StatsLog: LAUNCHER_ONRESUME
02-19 21:03:05.796 19166 19190 D QuickstepModelDelegate: notifyAppTargetEvent action=1 launchLocation=workspace/0/[-1,-1]/[1,1]
02-19 21:03:05.803  1971  2198 I AiAiEcho: Predicting[0]:  [CONTEXT sampling_count=5 ]
02-19 21:03:05.803  1971  2198 I AiAiEcho: EchoTargets: 
02-19 21:03:05.803  1971  2198 I AiAiEcho: Filtered by AiAi flag check: 
02-19 21:03:05.803  1971  2198 I AiAiEcho: [CONTEXT ratelimit_period="10 SECONDS" ]
02-19 21:03:05.803  1971  2198 I AiAiEcho: #remoteViewsTwiddler: feature disabled.
02-19 21:03:05.804  1971  2198 I AiAiEcho: #postPredictionTargets: Sending updates to UISurface home with targets# 0 (types=[])
02-19 21:03:07.170   531   568 W EventThread: Faking VSYNC due to driver stall for thread app
02-19 21:03:07.174  4449  4449 I Choreographer: Skipped 83 frames!  The application may be doing too much work on its main thread.
02-19 21:03:07.175 19166 19166 I Choreographer: Skipped 83 frames!  The application may be doing too much work on its main thread.
02-19 21:03:07.184   531   549 I BpBinder: onLastStrongRef automatically unlinking death recipients: 
02-19 21:03:07.186 19166 19166 I NotificationListener: Handling notification state refresh for com.google.android.adservices.api#0
02-19 21:03:07.186 19166 19166 I NotificationListener: Handling notification state refresh for android#0
02-19 21:03:07.186 19166 19166 I NotificationListener: Handling notification state refresh for com.android.systemui#0
02-19 21:03:07.187 19166 19166 D SsBaseTemplateCard: No text view can be set up
02-19 21:03:07.187 19166 19166 D SsBaseTemplateCard: Passed-in item info is null
02-19 21:03:07.187 19166 19166 D SsBaseTemplateCard: Passed-in item info is null
02-19 21:03:07.187 19166 19166 D SsBaseTemplateCard: Passed-in item info is null
02-19 21:03:07.187 19166 19166 I SsBaseTemplateCard: Secondary card pane is null
02-19 21:03:07.243 19166 19978 D OverviewCommandHelper: command added: CommandInfo(type=TOGGLE, status=IDLE, createTime=114061089, animationCallbacks=null, displayId=0, isLastOfBatch=true)
02-19 21:03:07.243 19166 19978 D OverviewCommandHelper: execute: CommandInfo(type=TOGGLE, status=IDLE, createTime=114061089, animationCallbacks=null, displayId=0, isLastOfBatch=true) - queue size: 1
02-19 21:03:07.244 19166 19166 D OverviewCommandHelper: executing command: CommandInfo(type=TOGGLE, status=PROCESSING, createTime=114061089, animationCallbacks=null, displayId=0, isLastOfBatch=true)
02-19 21:03:07.244 19166 19166 D OverviewCommandHelper: executeCommand: CommandInfo(type=TOGGLE, status=PROCESSING, createTime=114061089, animationCallbacks=null, displayId=0, isLastOfBatch=true) - visibleRecentsView: null
02-19 21:03:07.245 19166 19166 D OverviewCommandHelper: Querying TaskbarManager for TaskbarUIController for display: 0
02-19 21:03:07.245 19166 19166 D OverviewCommandHelper: TaskbarUIController for display 0 was found
02-19 21:03:07.245 19166 19166 D TFOManager: playPanelCloseAnimation() duration=150 traceTag=LauncherOverlay-hide isHomeButtonTap=true
02-19 21:03:07.246 19166 19166 D TFOManager: Skipped creating panel close animation because -1 is invisible.
02-19 21:03:07.247 19166 19166 D StateManager: goToState - fromState: Normal, toState: Overview, partial trace:
02-19 21:03:07.247 19166 19166 D StateManager: 	at com.android.quickstep.LauncherActivityInterface.switchToRecentsIfVisible(go/retraceme 72a59688580715d19f0e415c69e80376c2f062d1648c80db6730905005a27c20:39)
02-19 21:03:07.247 19166 19166 D StateManager: 	at com.android.quickstep.OverviewCommandHelper.executeWhenRecentsIsNotVisible(go/retraceme 72a59688580715d19f0e415c69e80376c2f062d1648c80db6730905005a27c20:292)
02-19 21:03:07.247 19166 19166 D StateManager: 	at com.android.quickstep.OverviewCommandHelper.executeCommand(go/retraceme 72a59688580715d19f0e415c69e80376c2f062d1648c80db6730905005a27c20:49)
02-19 21:03:07.253 19166 19166 D OverviewCommandHelper: switching to Overview state - waiting: CommandInfo(type=TOGGLE, status=PROCESSING, createTime=114061089, animationCallbacks=null, displayId=0, isLastOfBatch=true)
02-19 21:03:07.253 19166 19166 D OverviewCommandHelper: command executed: CommandInfo(type=TOGGLE, status=PROCESSING, createTime=114061089, animationCallbacks=null, displayId=0, isLastOfBatch=true) with result: false
02-19 21:03:07.254 19166 19166 D OverviewCommandHelper: waiting for command callback: CommandInfo(type=TOGGLE, status=PROCESSING, createTime=114061089, animationCallbacks=null, displayId=0, isLastOfBatch=true)
02-19 21:03:07.260 19166 19166 D StateManager: onStateTransitionStart - state: Overview
02-19 21:03:07.260 19166 19166 D RecentsView: updateTaskStackListenerState: true
02-19 21:03:07.260 19166 19166 D RecentsView: reloadIfNeeded - getTasks: 501
02-19 21:03:07.261 19166 19166 D OverviewCommandHelper: switching to Overview state - onAnimationStart: CommandInfo(type=TOGGLE, status=PROCESSING, createTime=114061089, animationCallbacks=null, displayId=0, isLastOfBatch=true)
02-19 21:03:07.262 19166 19166 D StatsLog: LAUNCHER_OVERVIEW_SHOW_OVERVIEW_FROM_3_BUTTON
02-19 21:03:07.262  4449  4449 I vol.VolumeDialogImpl: mDialog.dismiss() reason: volume_controller from: com.android.systemui.volume.VolumeDialogImpl$7.onDismissRequested:3
02-19 21:03:07.263  4449  4449 D vol.VolumeDialogImpl: dismissH: skipping dismiss because isAnimatingDismiss is true and showingStateInconsistent is false
02-19 21:03:07.269   752  1984 W ActivityTaskManager: getTaskSnapshot: taskId=130 not found
02-19 21:03:07.270   752  1984 W ActivityTaskManager: takeTaskSnapshot: taskId=130 not found or not visible
02-19 21:03:07.271   752  1095 D BackgroundInstallControlService: Package event received: 0
02-19 21:03:07.292 19166 19166 D RecentsView: applyLoadPlan - taskGroups: [type=SINGLE task=[id=12 windowingMode=0 user=0 lastActiveTime=89737] null, type=SINGLE task=[id=49 windowingMode=1 user=0 lastActiveTime=87698314] null, type=SINGLE task=[id=132 windowingMode=1 user=0 lastActiveTime=114038925] null]
02-19 21:03:07.325   752  2368 W HWUI    : Image decoding logging dropped!
02-19 21:03:07.338   752  4596 W HWUI    : Failed to choose config with EGL_SWAP_BEHAVIOR_PRESERVED, retrying without...
02-19 21:03:07.338   752  4596 W HWUI    : Failed to initialize 101010-2 format, error = EGL_SUCCESS
02-19 21:03:07.381   531   531 I BpBinder: onLastStrongRef automatically unlinking death recipients: 
02-19 21:03:07.465 19166 20297 I s.nexuslauncher: AssetManager2(0x7d8fac44aaf8) locale list changing from [] to [en-US]
02-19 21:03:07.472 19166 20297 W HWUI    : Image decoding logging dropped!
02-19 21:03:07.660 19166 19166 D StateManager: onStateTransitionEnd - state: Overview
02-19 21:03:07.663 19166 19166 I AiAiSuggestUi: Clearing suggestions.
02-19 21:03:07.664 19166 19166 I AiAiSuggestUi: Requesting to show indicators
02-19 21:03:07.664 19166 19166 I AiAiSuggestUi: Fetching contents, isPrimaryTask = false
02-19 21:03:07.667 19166 19166 D OverviewCommandHelper: switching to Overview state - onAnimationEnd: CommandInfo(type=TOGGLE, status=PROCESSING, createTime=114061089, animationCallbacks=null, displayId=0, isLastOfBatch=true)
02-19 21:03:07.669 19166 19166 D OverviewCommandHelper: command executed: CommandInfo(type=TOGGLE, status=PROCESSING, createTime=114061089, animationCallbacks=null, displayId=0, isLastOfBatch=true) with result: true
02-19 21:03:07.679 19166 19166 D OverviewCommandHelper: command executed successfully! CommandInfo(type=TOGGLE, status=COMPLETED, createTime=114061089, animationCallbacks=null, displayId=0, isLastOfBatch=true)
02-19 21:03:07.680 19166 19166 D OverviewCommandHelper: no pending commands to be executed.
02-19 21:03:07.713   752  2368 W ActivityTaskManager: getApplicationThreadForTopActivity failed: Requested task not found
02-19 21:03:07.722   752  2368 E ActivityTaskManager: Could not find activity for task 132
02-19 21:03:07.736   752  1984 W HWUI    : Image decoding logging dropped!
02-19 21:03:07.842 19166 19649 I AiAiSuggestUi: Request suggestContentSelections complete, took: 161
02-19 21:03:07.842 19166 19649 I AiAiSuggestUi: Fetched content back in callback
02-19 21:03:07.903 19166 19166 I AiAiSuggestUi: Display indicators
02-19 21:03:07.904 19166 19166 I AiAiSuggestUi: create image indicator for contentType: CONTENT_TYPE_IMAGE
02-19 21:03:07.905 19166 19166 D StatsLog: LAUNCHER_OVERVIEW_SHARING_SHOW_IMAGE_INDICATOR
02-19 21:03:08.674 19166 19166 I Choreographer: Skipped 56 frames!  The application may be doing too much work on its main thread.
02-19 21:03:08.712   752  1856 E TaskPersister: File error accessing recents directory (directory doesn't exist?).
02-19 21:03:08.741 19166 19978 I HWUI    : Davey! duration=978ms; Flags=0, FrameTimelineVsyncId=2211528, IntendedVsync=114061587711060, Vsync=114062521044356, InputEventId=0, HandleInputStart=114062522781917, AnimationStart=114062523057917, PerformTraversalsStart=114062531527917, DrawStart=114062536766917, FrameDeadline=114061604377726, FrameStartTime=114062521338917, FrameInterval=16666666, WorkloadTarget=16666666, SyncQueued=114062541675917, SyncStart=114062542235917, IssueDrawCommandsStart=114062542408917, SwapBuffers=114062547449917, FrameCompleted=114062566905917, DequeueBufferDuration=107000, QueueBufferDuration=3562000, GpuCompleted=114062566905917, SwapBuffersCompleted=114062554517917, DisplayPresentTime=0, CommandSubmissionCompleted=114062547449917, 
02-19 21:03:08.741 19166 19978 I HWUI    : Davey! duration=975ms; Flags=0, FrameTimelineVsyncId=2211528, IntendedVsync=114061587711060, Vsync=114062521044356, InputEventId=0, HandleInputStart=114062522781917, AnimationStart=114062523057917, PerformTraversalsStart=114062531527917, DrawStart=114062557636917, FrameDeadline=114061621044392, FrameStartTime=114062521338917, FrameInterval=16666666, WorkloadTarget=16666666, SyncQueued=114062557790917, SyncStart=114062562271917, IssueDrawCommandsStart=114062563385917, SwapBuffers=114062564377917, FrameCompleted=114062568154917, DequeueBufferDuration=76000, QueueBufferDuration=1791000, GpuCompleted=114062567742917, SwapBuffersCompleted=114062568154917, DisplayPresentTime=0, CommandSubmissionCompleted=114062564377917, 
02-19 21:03:08.762 31120 31120 W dumpsys : Thread Pool max thread count is 0. Cannot cache binder as linkToDeath cannot be implemented. serviceName: window
02-19 21:03:09.108   752  1233 W ActivityTaskManager: callingPackage for (uid=2000, pid=31125) has no WPC
02-19 21:03:09.113   752  1233 V GrammaticalInflectionUtils: AttributionSource: android.content.AttributionSource@56784557 does not have READ_SYSTEM_GRAMMATICAL_GENDER permission.
02-19 21:03:09.114   752  1233 W OptProp : Cannot read opt property android.window.PROPERTY_COMPAT_ALLOW_USER_ASPECT_RATIO_OVERRIDE
02-19 21:03:09.115   752  1233 W OptProp : Cannot read opt property android.window.PROPERTY_COMPAT_ALLOW_USER_ASPECT_RATIO_FULLSCREEN_OVERRIDE
02-19 21:03:09.115   752  1233 W OptProp : Cannot read opt property android.window.PROPERTY_COMPAT_ALLOW_RESIZEABLE_ACTIVITY_OVERRIDES
02-19 21:03:09.115   752  1233 W OptProp : Cannot read opt property android.window.PROPERTY_COMPAT_ALLOW_MIN_ASPECT_RATIO_OVERRIDE
02-19 21:03:09.122   752  1233 W OptProp : Cannot read opt property android.window.PROPERTY_COMPAT_ALLOW_ORIENTATION_OVERRIDE
02-19 21:03:09.126   531   602 I BpBinder: onLastStrongRef automatically unlinking death recipients: 
02-19 21:03:09.133   752  1233 I ActivityTaskManager: START u0 {act=android.intent.action.VIEW dat=intoss://takealook/... flg=0x10000000 xflg=0x4 pkg=viva.republica.toss.test cmp=viva.republica.toss.test/.MiniAppSchemeActivity} with LAUNCH_MULTIPLE from uid 2000 (BAL_ALLOW_PERMISSION) result code=0
02-19 21:03:09.133  4449  4467 V WindowManagerShell: Transition requested (#981): android.os.BinderProxy@ef284be TransitionRequestInfo { type = OPEN, triggerTask = TaskInfo{userId=0 taskId=133 effectiveUid=10217 displayId=0 isRunning=true baseIntent=Intent { act=android.intent.action.VIEW dat=intoss://takealook/... flg=0x10000000 pkg=viva.republica.toss.test cmp=viva.republica.toss.test/.MiniAppSchemeActivity } baseActivity=ComponentInfo{viva.republica.toss.test/viva.republica.toss.test.MiniAppSchemeActivity} topActivity=ComponentInfo{viva.republica.toss.test/viva.republica.toss.test.MiniAppSchemeActivity} origActivity=null realActivity=ComponentInfo{viva.republica.toss.test/viva.republica.toss.test.MiniAppSchemeActivity} numActivities=1 lastActiveTime=114062977 supportsMultiWindow=true resizeMode=1 isResizeable=true minWidth=-1 minHeight=-1 defaultMinSize=220 token=WCT{android.window.IWindowContainerToken$Stub$Proxy@aa8991f} topActivityType=1 pictureInPictureParams=null shouldDockBigOverlays=false launchIntoPipHostTaskId=-1 lastParentTaskIdBeforePip=-1 displayCutoutSafeInsets=Rect(0, 0 - 0, 0) topActivityInfo=ActivityInfo{56ad46c viva.republica.toss.test.MiniAppSchemeActivity} launchCookies=[] positionInParent=Point(0, 0) parentTaskId=-1 isFocused=false isVisible=false isVisibleRequested=false isTopActivityNoDisplay=false isSleeping=false locusId=null displayAreaFeatureId=1 isTopActivityTransparent=true isActivityStackTransparent=true lastNonFullscreenBounds=Rect(284, 660 - 796, 1740) capturedLink=null capturedLinkTimestamp=0 requestedVisibleTypes=-9 topActivityRequestOpenInBrowserEducationTimestamp=0 appCompatTaskInfo=AppCompatTaskInfo { topActivityInSizeCompat=false eligibleForLetterboxEducation= false isLetterboxEducationEnabled= true isLetterboxDoubleTapEnabled= false eligibleForUserAspectRatioButton= false topActivityBoundsLetterboxed= false isFromLetterboxDoubleTap= false topActivityLetterboxVerticalPosition= -1 topActivityLetterboxHorizontalPosition= -1 topActivityLetterboxWidth=-1 topActivityLetterboxHeight=-1 topActivityAppBounds=Rect(0, 0 - 1080, 2400) isUserFullscreenOverrideEnabled=false isSystemFullscreenOverrideEnabled=false hasMinAspectRatioOverride=false topActivityLetterboxBounds=null cameraCompatTaskInfo=CameraCompatTaskInfo { freeformCameraCompatMode=inactive}} topActivityMainWindowFrame=null}, pipChange = null, remoteTransition = null, displayChange = null, flags = 0, debugId = 981 }
02-19 21:03:09.133  4449  4467 D ShellSplitScreen: logExit: no-op, mLoggerSessionId is null
02-19 21:03:09.135 19166 19166 W SplitSelectStateCtor: Missing session instanceIds
02-19 21:03:09.135 19166 19166 D StatsLog: LAUNCHER_SPLIT_SELECTION_EXIT_INTERRUPTED
02-19 21:03:09.142  4449  4467 D WindowManagerShell: setLauncherKeepClearAreaHeight: visible=false, height=527
02-19 21:03:09.146   752   797 V GrammaticalInflectionUtils: AttributionSource: android.content.AttributionSource@56784557 does not have READ_SYSTEM_GRAMMATICAL_GENDER permission.
02-19 21:03:09.160   458   458 D Zygote  : Forked child process 31128
02-19 21:03:09.162   752  1095 D BackgroundInstallControlService: Package event received: 0
02-19 21:03:09.164   752   806 I ActivityManager: Start proc 31128:viva.republica.toss.test/u0a217 for next-top-activity {viva.republica.toss.test/viva.republica.toss.test.MiniAppSchemeActivity}
02-19 21:03:09.164   752   806 I ActivityManager: ProcessObserver broadcast disabled
02-19 21:03:23.627   531   568 W EventThread: Faking VSYNC due to driver stall for thread app
02-19 21:03:23.627   531   569 W EventThread: Faking VSYNC due to driver stall for thread appSf
02-19 21:03:23.635   531   531 I BpBinder: onLastStrongRef automatically unlinking death recipients: 
02-19 21:03:23.636   752   797 W BLASTSyncEngine: Sync group 981 timeout
02-19 21:03:23.636 19336 19578 I bbax    : (REDACTED) getHotwordActive::active query: %s, watch: %s, devices connected: %s
02-19 21:03:23.647   752   797 I BLASTSyncEngine: Unfinished container: ActivityRecord{230784272 u0 viva.republica.toss.test/.MiniAppSchemeActivity t133}
02-19 21:03:23.648   752   797 I BLASTSyncEngine: Unfinished container: Task{9dd5009 #133 type=standard A=10217:viva.republica.toss.test}
02-19 21:03:23.649 27008 27008 I wpa_supplicant: wlan0: CTRL-EVENT-BEACON-LOSS 
02-19 21:03:23.653  4449  4531 V WindowManagerShell: onTransitionReady(transaction=3229815435237)
02-19 21:03:23.655 31128 31128 I blica.toss.test: Using CollectorTypeCMC GC.
02-19 21:03:23.655  4449  4467 V WindowManagerShell: onTransitionReady (#981) android.os.BinderProxy@ef284be: {id=981 t=OPEN f=0x0 trk=0 r=[0@Point(0, 0)] c=[
02-19 21:03:23.655  4449  4467 V WindowManagerShell:         {m=OPEN f=TRANSLUCENT leash=Surface(name=Task=133)/@0x2bd8a35 sb=Rect(0, 0 - 1080, 2400) eb=Rect(0, 0 - 1080, 2400) epz=Point(1080, 2400) d=0 taskParent=-1}
02-19 21:03:23.655  4449  4467 V WindowManagerShell:     ]}
02-19 21:03:23.656  4449  4467 V WindowManagerShell: Playing animation for (#981) android.os.BinderProxy@ef284be@0
02-19 21:03:23.656  4449  4467 V ShellRecents: RecentsTransitionHandler.startAnimation: no controller found
02-19 21:03:23.656  4449  4467 V WindowManagerShell: Transition doesn't have explicit remote, search filters for match for {id=981 t=OPEN f=0x0 trk=0 r=[0@Point(0, 0)] c=[{m=OPEN f=TRANSLUCENT leash=Surface(name=Task=133)/@0x2bd8a35 sb=Rect(0, 0 - 1080, 2400) eb=Rect(0, 0 - 1080, 2400) epz=Point(1080, 2400) d=0 taskParent=-1}]}
02-19 21:03:23.656 31128 31128 W blica.toss.test: Unexpected CPU variant for x86: x86_64.
02-19 21:03:23.656 31128 31128 W blica.toss.test: Known variants: atom, sandybridge, silvermont, goldmont, goldmont-plus, goldmont-without-sha-xsaves, tremont, kabylake, alderlake, default
02-19 21:03:23.657  4449  4467 V WindowManagerShell:  Checking filter Pair{{types=[] flags=0x0] notFlags=0x0 checks=[{atype=undefined independent=true modes=[CLOSE,TO_BACK] flags=IN_TASK_WITH_EMBEDDED_ACTIVITY mustBeTask=false order=ANY topActivity=null launchCookie=null taskFragmentToken=android.os.BinderProxy@71546f0 windowingMode=undefined}]} RemoteTransition { remoteTransition = android.window.IRemoteTransition$Stub$Proxy@d4c8469, appThread = android.app.IApplicationThread$Stub$Proxy@c228eee, debugName = overlayBackTransition }}
02-19 21:03:23.657  4449  4467 V WindowManagerShell:  Checking filter Pair{{types=[] flags=0x0] notFlags=0x0 checks=[{atype=dream independent=true modes=[OPEN,TO_FRONT] flags=NONE mustBeTask=false order=ANY topActivity=null launchCookie=null windowingMode=undefined},{atype=home independent=true modes=[CLOSE,TO_BACK] flags=NONE mustBeTask=false order=ANY topActivity=null launchCookie=null windowingMode=undefined}]} RemoteTransition { remoteTransition = android.window.IRemoteTransition$Stub$Proxy@c578f8f, appThread = android.app.IApplicationThread$Stub$Proxy@69fe21c, debugName = LauncherToDream }}
02-19 21:03:23.657  4449  4467 V WindowManagerShell:  Checking filter Pair{{types=[] flags=0x0] notFlags=0x100 checks=[{atype=home independent=true modes=[OPEN,TO_FRONT] flags=NONE mustBeTask=false order=TOP topActivity=ComponentInfo{com.google.android.apps.nexuslauncher/com.google.android.apps.nexuslauncher.NexusLauncherActivity} launchCookie=null windowingMode=undefined},{atype=standard independent=true modes=[CLOSE,TO_BACK] flags=NONE mustBeTask=false order=ANY topActivity=null launchCookie=null windowingMode=undefined},{NOT atype=undefined independent=true modes=[] flags=NONE mustBeTask=true order=ANY topActivity=null launchCookie=null customAnim=true windowingMode=undefined}]} RemoteTransition { remoteTransition = android.window.IRemoteTransition$Stub$Proxy@69ffe25, appThread = android.app.IApplicationThread$Stub$Proxy@72cabfa, debugName = QuickstepLaunchHome }}
02-19 21:03:23.657  4449  4467 V WindowManagerShell:  Checking filter Pair{{types=[] flags=0x0] notFlags=0x0 checks=[{atype=undefined independent=true modes=[CLOSE,TO_BACK] flags=IN_TASK_WITH_EMBEDDED_ACTIVITY mustBeTask=false order=ANY topActivity=null launchCookie=null taskFragmentToken=android.os.BinderProxy@71546f0 windowingMode=undefined}]} RemoteTransition { remoteTransition = android.window.IRemoteTransition$Stub$Proxy@7c795ab, appThread = android.app.IApplicationThread$Stub$Proxy@cd70408, debugName = overlayBackTransition }}
02-19 21:03:23.658  4449  4467 V WindowManagerShell:  Checking filter Pair{{types=[] flags=0x0] notFlags=0x0 checks=[{atype=dream independent=true modes=[OPEN,TO_FRONT] flags=NONE mustBeTask=false order=ANY topActivity=null launchCookie=null windowingMode=undefined},{atype=home independent=true modes=[CLOSE,TO_BACK] flags=NONE mustBeTask=false order=ANY topActivity=null launchCookie=null windowingMode=undefined}]} RemoteTransition { remoteTransition = android.window.IRemoteTransition$Stub$Proxy@f757a1, appThread = android.app.IApplicationThread$Stub$Proxy@d898dc6, debugName = LauncherToDream }}
02-19 21:03:23.658  4449  4467 V WindowManagerShell:  Checking filter Pair{{types=[] flags=0x0] notFlags=0x100 checks=[{atype=home independent=true modes=[OPEN,TO_FRONT] flags=NONE mustBeTask=false order=TOP topActivity=ComponentInfo{com.google.android.apps.nexuslauncher/com.google.android.apps.nexuslauncher.NexusLauncherActivity} launchCookie=null windowingMode=undefined},{atype=standard independent=true modes=[CLOSE,TO_BACK] flags=NONE mustBeTask=false order=ANY topActivity=null launchCookie=null windowingMode=undefined},{NOT atype=undefined independent=true modes=[] flags=NONE mustBeTask=true order=ANY topActivity=null launchCookie=null customAnim=true windowingMode=undefined}]} RemoteTransition { remoteTransition = android.window.IRemoteTransition$Stub$Proxy@9e7e187, appThread = android.app.IApplicationThread$Stub$Proxy@3dc58b4, debugName = QuickstepLaunchHome }}
02-19 21:03:23.658  4449  4467 V WindowManagerShell:  Delegate animation for (#981) to null
02-19 21:03:23.658  4449  4467 V WindowManagerShell: start default transition animation, info = {id=981 t=OPEN f=0x0 trk=0 r=[0@Point(0, 0)] c=[{m=OPEN f=TRANSLUCENT leash=Surface(name=Task=133)/@0x2bd8a35 sb=Rect(0, 0 - 1080, 2400) eb=Rect(0, 0 - 1080, 2400) epz=Point(1080, 2400) d=0 taskParent=-1}]}
02-19 21:03:23.659  4449  4467 V WindowManagerShell: loadAnimation: anim=android.view.animation.AnimationSet@fc994b1 animAttr=0x4 type=OPEN isEntrance=true
02-19 21:03:23.660  4449  4467 V WindowManagerShell:  animated by com.android.wm.shell.transition.DefaultTransitionHandler@f74d823
02-19 21:03:23.663   752   794 V WindowManager: Sent Transition (#981) createdAt=02-19 21:03:09.116 via request=TransitionRequestInfo { type = OPEN, triggerTask = TaskInfo{userId=0 taskId=133 effectiveUid=10217 displayId=0 isRunning=true baseIntent=Intent { act=android.intent.action.VIEW dat=intoss://takealook/... flg=0x10000000 pkg=viva.republica.toss.test cmp=viva.republica.toss.test/.MiniAppSchemeActivity } baseActivity=ComponentInfo{viva.republica.toss.test/viva.republica.toss.test.MiniAppSchemeActivity} topActivity=ComponentInfo{viva.republica.toss.test/viva.republica.toss.test.MiniAppSchemeActivity} origActivity=null realActivity=ComponentInfo{viva.republica.toss.test/viva.republica.toss.test.MiniAppSchemeActivity} numActivities=1 lastActiveTime=114062977 supportsMultiWindow=true resizeMode=1 isResizeable=true minWidth=-1 minHeight=-1 defaultMinSize=220 token=WCT{RemoteToken{5cfde28 Task{9dd5009 #133 type=standard A=10217:viva.republica.toss.test}}} topActivityType=1 pictureInPictureParams=null shouldDockBigOverlays=false launchIntoPipHostTaskId=-1 lastParentTaskIdBeforePip=-1 displayCutoutSafeInsets=Rect(0, 0 - 0, 0) topActivityInfo=ActivityInfo{a21f741 viva.republica.toss.test.MiniAppSchemeActivity} launchCookies=[] positionInParent=Point(0, 0) parentTaskId=-1 isFocused=false isVisible=false isVisibleRequested=false isTopActivityNoDisplay=false isSleeping=false locusId=null displayAreaFeatureId=1 isTopActivityTransparent=true isActivityStackTransparent=true lastNonFullscreenBounds=Rect(284, 660 - 796, 1740) capturedLink=null capturedLinkTimestamp=0 requestedVisibleTypes=-9 topActivityRequestOpenInBrowserEducationTimestamp=0 appCompatTaskInfo=AppCompatTaskInfo { topActivityInSizeCompat=false eligibleForLetterboxEducation= false isLetterboxEducationEnabled= true isLetterboxDoubleTapEnabled= false eligibleForUserAspectRatioButton= false topActivityBoundsLetterboxed= false isFromLetterboxDoubleTap= false topActivityLetterboxVerticalPosition= -1 topActivityLetterboxHorizontalPosition= -1 topActivityLetterboxWidth=-1 topActivityLetterboxHeight=-1 topActivityAppBounds=Rect(0, 0 - 1080, 2400) isUserFullscreenOverrideEnabled=false isSystemFullscreenOverrideEnabled=false hasMinAspectRatioOverride=false topActivityLetterboxBounds=null cameraCompatTaskInfo=CameraCompatTaskInfo { freeformCameraCompatMode=inactive}} topActivityMainWindowFrame=null}, pipChange = null, remoteTransition = null, displayChange = null, flags = 0, debugId = 981 }
02-19 21:03:23.663   752   794 V WindowManager:     startWCT=WindowContainerTransaction { changes= {} hops= [] errorCallbackToken=null taskFragmentOrganizer=null }
02-19 21:03:23.663   752   794 V WindowManager:     info={id=981 t=OPEN f=0x0 trk=0 r=[0@Point(0, 0)] c=[
02-19 21:03:23.663   752   794 V WindowManager:         {WCT{RemoteToken{5cfde28 Task{9dd5009 #133 type=standard A=10217:viva.republica.toss.test}}} m=OPEN f=TRANSLUCENT leash=Surface(name=Task=133)/@0xe92311a sb=Rect(0, 0 - 1080, 2400) eb=Rect(0, 0 - 1080, 2400) epz=Point(1080, 2400) d=0 taskParent=-1}
02-19 21:03:23.663   752   794 V WindowManager:     ]}
02-19 21:03:23.663 31128 31128 E blica.toss.test: Not starting debugger since process cannot load the jdwp agent.
02-19 21:03:23.664   752   805 W ActivityManager: Process ProcessRecord{ba95a3c 31128:viva.republica.toss.test/u0a217} failed to attach
02-19 21:03:23.664   752   805 W ActivityTaskManager: ProcessRecord{ba95a3c 31128:viva.republica.toss.test/u0a217} is removed with pending start ActivityRecord{230784272 u0 viva.republica.toss.test/.MiniAppSchemeActivity t133}
02-19 21:03:23.667  4449  4467 V WindowManagerShell: Transition requested (#982): android.os.BinderProxy@6086d96 TransitionRequestInfo { type = CLOSE, triggerTask = TaskInfo{userId=0 taskId=133 effectiveUid=10217 displayId=0 isRunning=false baseIntent=Intent { act=android.intent.action.VIEW dat=intoss://takealook/... flg=0x10000000 pkg=viva.republica.toss.test cmp=viva.republica.toss.test/.MiniAppSchemeActivity } baseActivity=null topActivity=null origActivity=null realActivity=ComponentInfo{viva.republica.toss.test/viva.republica.toss.test.MiniAppSchemeActivity} numActivities=0 lastActiveTime=114062977 supportsMultiWindow=true resizeMode=1 isResizeable=true minWidth=-1 minHeight=-1 defaultMinSize=220 token=WCT{android.window.IWindowContainerToken$Stub$Proxy@afe8d17} topActivityType=1 pictureInPictureParams=null shouldDockBigOverlays=false launchIntoPipHostTaskId=-1 lastParentTaskIdBeforePip=-1 displayCutoutSafeInsets=Rect(0, 0 - 0, 0) topActivityInfo=null launchCookies=[] positionInParent=Point(0, 0) parentTaskId=-1 isFocused=false isVisible=true isVisibleRequested=true isTopActivityNoDisplay=false isSleeping=false locusId=null displayAreaFeatureId=1 isTopActivityTransparent=false isActivityStackTransparent=true lastNonFullscreenBounds=Rect(284, 660 - 796, 1740) capturedLink=null capturedLinkTimestamp=0 requestedVisibleTypes=-9 topActivityRequestOpenInBrowserEducationTimestamp=0 appCompatTaskInfo=AppCompatTaskInfo { topActivityInSizeCompat=false eligibleForLetterboxEducation= false isLetterboxEducationEnabled= false isLetterboxDoubleTapEnabled= false eligibleForUserAspectRatioButton= false topActivityBoundsLetterboxed= false isFromLetterboxDoubleTap= false topActivityLetterboxVerticalPosition= -1 topActivityLetterboxHorizontalPosition= -1 topActivityLetterboxWidth=-1 topActivityLetterboxHeight=-1 topActivityAppBounds=Rect(0, 0 - 0, 0) isUserFullscreenOverrideEnabled=false isSystemFullscreenOverrideEnabled=false hasMinAspectRatioOverride=false topActivityLetterboxBounds=null cameraCompatTaskInfo=CameraCompatTaskInfo { freeformCameraCompatMode=undefined}} topActivityMainWindowFrame=null}, pipChange = null, remoteTransition = null, displayChange = null, flags = 0, debugId = 982 }
02-19 21:03:23.671   531   548 I BpBinder: onLastStrongRef automatically unlinking death recipients: 
02-19 21:03:23.672 31128 31128 D nativeloader: Load libframework-connectivity-tiramisu-jni.so using APEX ns com_android_tethering for caller /apex/com.android.tethering/javalib/framework-connectivity-t.jar: ok
02-19 21:03:23.679 19166 19166 D StatsLog: LAUNCHER_ONRESUME
02-19 21:03:23.684   752   797 W ActivityTaskManager: Launch timeout has expired, giving up wake lock!
02-19 21:03:23.685   752   805 I ActivityManager: Killing 31128:viva.republica.toss.test/u0a217 (adj -10000): start timeout
02-19 21:03:23.692   752  1984 W ActivityManager: No pending application record for pid 31128 (IApplicationThread android.app.IApplicationThread$Stub$Proxy@3a99a27); dropping process
02-19 21:03:23.693  4449  4467 D WindowManagerShell: setLauncherKeepClearAreaHeight: visible=true, height=527
02-19 21:03:23.695 19166 19190 D QuickstepModelDelegate: notifyAppTargetEvent action=1 launchLocation=
02-19 21:03:23.697  1971  2198 I AiAiEcho: Predicting[0]:  [CONTEXT sampling_count=5 ]
02-19 21:03:23.697  1971  2198 I AiAiEcho: EchoTargets: 
02-19 21:03:23.697  1971  2198 I AiAiEcho: Filtered by AiAi flag check: 
02-19 21:03:23.697  1971  2198 I AiAiEcho: [CONTEXT ratelimit_period="10 SECONDS" ]
02-19 21:03:23.698  1971  2198 I AiAiEcho: #remoteViewsTwiddler: feature disabled.
02-19 21:03:23.701 19166 19166 I NotificationListener: Handling notification state refresh for com.google.android.adservices.api#0
02-19 21:03:23.701 19166 19166 I NotificationListener: Handling notification state refresh for android#0
02-19 21:03:23.701 19166 19166 I NotificationListener: Handling notification state refresh for com.android.systemui#0
02-19 21:03:23.715  1971  2198 I AiAiEcho: #postPredictionTargets: Sending updates to UISurface home with targets# 0 (types=[])
02-19 21:03:23.719  4449  4531 V WindowManagerShell: onTransitionReady(transaction=3229815435244)
02-19 21:03:23.719  4449  4467 V WindowManagerShell: onTransitionReady (#982) android.os.BinderProxy@6086d96: {id=982 t=CLOSE f=0x0 trk=0 r=[0@Point(0, 0)] c=[
02-19 21:03:23.719  4449  4467 V WindowManagerShell:         {m=CHANGE f=SHOW_WALLPAPER|MOVE_TO_TOP leash=Surface(name=Task=1)/@0xdb1caed sb=Rect(0, 0 - 1080, 2400) eb=Rect(0, 0 - 1080, 2400) epz=Point(1080, 2400) d=0 taskParent=-1}
02-19 21:03:23.719  4449  4467 V WindowManagerShell:     ]}
02-19 21:03:23.720  4449  4467 V WindowManagerShell: Transition (#982) android.os.BinderProxy@6086d96@0 ready while (#981) android.os.BinderProxy@ef284be@0 is still animating. Notify the animating transition in case they can be merged
02-19 21:03:23.720   752   794 V WindowManager: Sent Transition (#982) createdAt=02-19 21:03:23.664 via request=TransitionRequestInfo { type = CLOSE, triggerTask = TaskInfo{userId=0 taskId=133 effectiveUid=10217 displayId=0 isRunning=false baseIntent=Intent { act=android.intent.action.VIEW dat=intoss://takealook/... flg=0x10000000 pkg=viva.republica.toss.test cmp=viva.republica.toss.test/.MiniAppSchemeActivity } baseActivity=null topActivity=null origActivity=null realActivity=ComponentInfo{viva.republica.toss.test/viva.republica.toss.test.MiniAppSchemeActivity} numActivities=0 lastActiveTime=114062977 supportsMultiWindow=true resizeMode=1 isResizeable=true minWidth=-1 minHeight=-1 defaultMinSize=220 token=WCT{RemoteToken{5cfde28 Task{9dd5009 #133 type=standard A=10217:viva.republica.toss.test}}} topActivityType=1 pictureInPictureParams=null shouldDockBigOverlays=false launchIntoPipHostTaskId=-1 lastParentTaskIdBeforePip=-1 displayCutoutSafeInsets=Rect(0, 0 - 0, 0) topActivityInfo=null launchCookies=[] positionInParent=Point(0, 0) parentTaskId=-1 isFocused=false isVisible=true isVisibleRequested=true isTopActivityNoDisplay=false isSleeping=false locusId=null displayAreaFeatureId=1 isTopActivityTransparent=false isActivityStackTransparent=true lastNonFullscreenBounds=Rect(284, 660 - 796, 1740) capturedLink=null capturedLinkTimestamp=0 requestedVisibleTypes=-9 topActivityRequestOpenInBrowserEducationTimestamp=0 appCompatTaskInfo=AppCompatTaskInfo { topActivityInSizeCompat=false eligibleForLetterboxEducation= false isLetterboxEducationEnabled= false isLetterboxDoubleTapEnabled= false eligibleForUserAspectRatioButton= false topActivityBoundsLetterboxed= false isFromLetterboxDoubleTap= false topActivityLetterboxVerticalPosition= -1 topActivityLetterboxHorizontalPosition= -1 topActivityLetterboxWidth=-1 topActivityLetterboxHeight=-1 topActivityAppBounds=Rect(0, 0 - 0, 0) isUserFullscreenOverrideEnabled=false isSystemFullscreenOverrideEnabled=false hasMinAspectRatioOverride=false topActivityLetterboxBounds=null cameraCompatTaskInfo=CameraCompatTaskInfo { freeformCameraCompatMode=undefined}} topActivityMainWindowFrame=null}, pipChange = null, remoteTransition = null, displayChange = null, flags = 0, debugId = 982 }
02-19 21:03:23.720   752   794 V WindowManager:     startWCT=WindowContainerTransaction { changes= {} hops= [] errorCallbackToken=null taskFragmentOrganizer=null }
02-19 21:03:23.720   752   794 V WindowManager:     info={id=982 t=CLOSE f=0x0 trk=0 r=[0@Point(0, 0)] c=[
02-19 21:03:23.720   752   794 V WindowManager:         {WCT{RemoteToken{5218fe8 Task{dd43522 #1 type=home}}} m=CHANGE f=SHOW_WALLPAPER|MOVE_TO_TOP leash=Surface(name=Task=1)/@0x8ddbd2e sb=Rect(0, 0 - 1080, 2400) eb=Rect(0, 0 - 1080, 2400) epz=Point(1080, 2400) d=0 taskParent=-1}
02-19 21:03:23.720   752   794 V WindowManager:     ]}
02-19 21:03:23.722  4449  4467 V WindowManagerShell: Transition animation finished (aborted=false), notifying core (#981) android.os.BinderProxy@ef284be@0
02-19 21:03:23.724   752   794 V WindowManager: Finish Transition (#981): created at 02-19 21:03:09.116 collect-started=0.164ms request-sent=15.674ms started=18.126ms ready=-1.14062962853E8ms sent=14536.234ms commit=34.268ms finished=14607.647ms
02-19 21:03:23.724  4449  4467 V WindowManagerShell: Playing animation for (#982) android.os.BinderProxy@6086d96@0
02-19 21:03:23.725  4449  4467 V ShellRecents: RecentsTransitionHandler.startAnimation: no controller found
02-19 21:03:23.725  4449  4467 V WindowManagerShell: Transition doesn't have explicit remote, search filters for match for {id=982 t=CLOSE f=0x0 trk=0 r=[0@Point(0, 0)] c=[{m=CHANGE f=SHOW_WALLPAPER|MOVE_TO_TOP leash=Surface(name=Task=1)/@0xdb1caed sb=Rect(0, 0 - 1080, 2400) eb=Rect(0, 0 - 1080, 2400) epz=Point(1080, 2400) d=0 taskParent=-1}]}
02-19 21:03:23.726 19166 19166 D SsBaseTemplateCard: No text view can be set up
02-19 21:03:23.727  4449  4467 V WindowManagerShell:  Checking filter Pair{{types=[] flags=0x0] notFlags=0x0 checks=[{atype=undefined independent=true modes=[CLOSE,TO_BACK] flags=IN_TASK_WITH_EMBEDDED_ACTIVITY mustBeTask=false order=ANY topActivity=null launchCookie=null taskFragmentToken=android.os.BinderProxy@71546f0 windowingMode=undefined}]} RemoteTransition { remoteTransition = android.window.IRemoteTransition$Stub$Proxy@d4c8469, appThread = android.app.IApplicationThread$Stub$Proxy@c228eee, debugName = overlayBackTransition }}
02-19 21:03:23.727 19166 19166 D SsBaseTemplateCard: Passed-in item info is null
02-19 21:03:23.728  4449  4467 V WindowManagerShell:  Checking filter Pair{{types=[] flags=0x0] notFlags=0x0 checks=[{atype=dream independent=true modes=[OPEN,TO_FRONT] flags=NONE mustBeTask=false order=ANY topActivity=null launchCookie=null windowingMode=undefined},{atype=home independent=true modes=[CLOSE,TO_BACK] flags=NONE mustBeTask=false order=ANY topActivity=null launchCookie=null windowingMode=undefined}]} RemoteTransition { remoteTransition = android.window.IRemoteTransition$Stub$Proxy@c578f8f, appThread = android.app.IApplicationThread$Stub$Proxy@69fe21c, debugName = LauncherToDream }}
02-19 21:03:23.728  4449  4467 V WindowManagerShell:  Checking filter Pair{{types=[] flags=0x0] notFlags=0x100 checks=[{atype=home independent=true modes=[OPEN,TO_FRONT] flags=NONE mustBeTask=false order=TOP topActivity=ComponentInfo{com.google.android.apps.nexuslauncher/com.google.android.apps.nexuslauncher.NexusLauncherActivity} launchCookie=null windowingMode=undefined},{atype=standard independent=true modes=[CLOSE,TO_BACK] flags=NONE mustBeTask=false order=ANY topActivity=null launchCookie=null windowingMode=undefined},{NOT atype=undefined independent=true modes=[] flags=NONE mustBeTask=true order=ANY topActivity=null launchCookie=null customAnim=true windowingMode=undefined}]} RemoteTransition { remoteTransition = android.window.IRemoteTransition$Stub$Proxy@69ffe25, appThread = android.app.IApplicationThread$Stub$Proxy@72cabfa, debugName = QuickstepLaunchHome }}
02-19 21:03:23.728   752   807 I libprocessgroup: Removed cgroup /sys/fs/cgroup/apps/uid_10217/pid_31128
02-19 21:03:23.728  4449  4467 V WindowManagerShell:  Checking filter Pair{{types=[] flags=0x0] notFlags=0x0 checks=[{atype=undefined independent=true modes=[CLOSE,TO_BACK] flags=IN_TASK_WITH_EMBEDDED_ACTIVITY mustBeTask=false order=ANY topActivity=null launchCookie=null taskFragmentToken=android.os.BinderProxy@71546f0 windowingMode=undefined}]} RemoteTransition { remoteTransition = android.window.IRemoteTransition$Stub$Proxy@7c795ab, appThread = android.app.IApplicationThread$Stub$Proxy@cd70408, debugName = overlayBackTransition }}
02-19 21:03:23.729  4449  4467 V WindowManagerShell:  Checking filter Pair{{types=[] flags=0x0] notFlags=0x0 checks=[{atype=dream independent=true modes=[OPEN,TO_FRONT] flags=NONE mustBeTask=false order=ANY topActivity=null launchCookie=null windowingMode=undefined},{atype=home independent=true modes=[CLOSE,TO_BACK] flags=NONE mustBeTask=false order=ANY topActivity=null launchCookie=null windowingMode=undefined}]} RemoteTransition { remoteTransition = android.window.IRemoteTransition$Stub$Proxy@f757a1, appThread = android.app.IApplicationThread$Stub$Proxy@d898dc6, debugName = LauncherToDream }}
02-19 21:03:23.729 19166 19166 D SsBaseTemplateCard: Passed-in item info is null
02-19 21:03:23.729 19166 19166 D SsBaseTemplateCard: Passed-in item info is null
02-19 21:03:23.729 19166 19166 I SsBaseTemplateCard: Secondary card pane is null
02-19 21:03:23.729  4449  4467 V WindowManagerShell:  Checking filter Pair{{types=[] flags=0x0] notFlags=0x100 checks=[{atype=home independent=true modes=[OPEN,TO_FRONT] flags=NONE mustBeTask=false order=TOP topActivity=ComponentInfo{com.google.android.apps.nexuslauncher/com.google.android.apps.nexuslauncher.NexusLauncherActivity} launchCookie=null windowingMode=undefined},{atype=standard independent=true modes=[CLOSE,TO_BACK] flags=NONE mustBeTask=false order=ANY topActivity=null launchCookie=null windowingMode=undefined},{NOT atype=undefined independent=true modes=[] flags=NONE mustBeTask=true order=ANY topActivity=null launchCookie=null customAnim=true windowingMode=undefined}]} RemoteTransition { remoteTransition = android.window.IRemoteTransition$Stub$Proxy@9e7e187, appThread = android.app.IApplicationThread$Stub$Proxy@3dc58b4, debugName = QuickstepLaunchHome }}
02-19 21:03:23.730  4449  4467 V WindowManagerShell:  Delegate animation for (#982) to null
02-19 21:03:23.730  4449  4467 V WindowManagerShell: start default transition animation, info = {id=982 t=CLOSE f=0x0 trk=0 r=[0@Point(0, 0)] c=[{m=CHANGE f=SHOW_WALLPAPER|MOVE_TO_TOP leash=Surface(name=Task=1)/@0xdb1caed sb=Rect(0, 0 - 1080, 2400) eb=Rect(0, 0 - 1080, 2400) epz=Point(1080, 2400) d=0 taskParent=-1}]}
02-19 21:03:23.733   458   458 I Zygote  : Process 31128 exited due to signal 9 (Killed)
02-19 21:03:23.735   752   955 W UsageStatsService: Unexpected activity event reported! (viva.republica.toss.test/viva.republica.toss.test.MiniAppSchemeActivity event : 23 instanceId : 26477070)
02-19 21:03:23.736   752  1095 D BackgroundInstallControlService: Package event received: 0
02-19 21:03:23.736   752  1095 D BackgroundInstallControlService: Package event received: 0
02-19 21:03:23.736  4449  4467 V WindowManagerShell: Transition animation finished (aborted=false), notifying core (#982) android.os.BinderProxy@6086d96@0
02-19 21:03:23.745 19166 19166 D RecentsView: onTaskRemoved: 133, no associated Task
02-19 21:03:23.748  4449  4467 V WindowManagerShell: Track 0 became idle
02-19 21:03:23.748  4449  4467 V WindowManagerShell: All active transition animations finished
