02-19 23:17:34.490   752   780 W OptProp : Cannot read opt property android.window.PROPERTY_COMPAT_ENABLE_FAKE_FOCUS
02-19 23:17:34.513   752   989 I ImeTracker: viva.republica.toss.test:394d04ec: onRequestHide at ORIGIN_SERVER reason HIDE_UNSPECIFIED_WINDOW fromUser false
02-19 23:17:34.524   752  2417 I ImeTracker: system_server:b00010c8: onRequestHide at ORIGIN_SERVER reason IME_REQUESTED_CHANGED_LISTENER fromUser false
02-19 23:17:34.524 20022 20022 I GoogleInputMethodService: GoogleInputMethodService.onFinishInput():2043 
02-19 23:17:34.527 20022 20022 I Module  : DeviceLockedStatusModuleProvider$Module.updateDeviceLockedStatus():100 repeatCheckTimes = 0, locked = false
02-19 23:17:34.531 20022 20022 I GoogleInputMethodService: GoogleInputMethodService.onStartInput():1293 onStartInput(EditorInfo{EditorInfo{packageName=viva.republica.toss.test, inputType=0, inputTypeString=NULL, enableLearning=false, autoCorrection=false, autoComplete=false, imeOptions=0, privateImeOptions=null, actionName=UNSPECIFIED, actionLabel=null, initialSelStart=-1, initialSelEnd=-1, initialCapsMode=0, label=null, fieldId=0, fieldName=null, extras=null, hintText=null, hintLocales=[]}}, false)
02-19 23:17:34.534 20022 20022 I EmojiCompatManager: EmojiCompatManager.getEmojiCompatIfLoaded():343 EmojiCompat.init() was never called.
02-19 23:17:34.534 20022 20022 I EmojiCompatManager: java.lang.IllegalStateException: EmojiCompat is not initialized. Please call EmojiCompat.init() first
02-19 23:17:34.534 20022 20022 I EmojiCompatManager: 	at asx.p(PG:6)
02-19 23:17:34.534 20022 20022 I EmojiCompatManager: 	at axb.b(PG:13)
02-19 23:17:34.534 20022 20022 I EmojiCompatManager: 	at jnr.b(PG:2)
02-19 23:17:34.534 20022 20022 I EmojiCompatManager: 	at jnr.c(PG:4)
02-19 23:17:34.534 20022 20022 I EmojiCompatManager: 	at jnr.f(PG:3)
02-19 23:17:34.534 20022 20022 I EmojiCompatManager: 	at jnx.c(PG:3)
02-19 23:17:34.534 20022 20022 I EmojiCompatManager: 	at kif.cz(PG:47)
02-19 23:17:34.534 20022 20022 I EmojiCompatManager: 	at lhl.run(PG:1025)
02-19 23:17:34.534 20022 20022 I EmojiCompatManager: 	at jaf.execute(PG:12)
02-19 23:17:34.534 20022 20022 I EmojiCompatManager: 	at nco.v(PG:13)
02-19 23:17:34.534 20022 20022 I EmojiCompatManager: 	at lhn.m(PG:96)
02-19 23:17:34.534 20022 20022 I EmojiCompatManager: 	at lhn.k(PG:25)
02-19 23:17:34.534 20022 20022 I EmojiCompatManager: 	at kgn.onStartInput(PG:250)
02-19 23:17:34.534 20022 20022 I EmojiCompatManager: 	at android.inputmethodservice.InputMethodService.doStartInput(InputMethodService.java:3521)
02-19 23:17:34.534 20022 20022 I EmojiCompatManager: 	at android.inputmethodservice.InputMethodService$InputMethodImpl.startInput(InputMethodService.java:879)
02-19 23:17:34.534 20022 20022 I EmojiCompatManager: 	at android.inputmethodservice.InputMethodService$InputMethodImpl.dispatchStartInput(InputMethodService.java:908)
02-19 23:17:34.534 20022 20022 I EmojiCompatManager: 	at android.inputmethodservice.IInputMethodWrapper.executeMessage(IInputMethodWrapper.java:201)
02-19 23:17:34.534 20022 20022 I EmojiCompatManager: 	at com.android.internal.os.HandlerCaller$MyHandler.handleMessage(HandlerCaller.java:44)
02-19 23:17:34.534 20022 20022 I EmojiCompatManager: 	at android.os.Handler.dispatchMessage(Handler.java:110)
02-19 23:17:34.534 20022 20022 I EmojiCompatManager: 	at android.os.Looper.loopOnce(Looper.java:248)
02-19 23:17:34.534 20022 20022 I EmojiCompatManager: 	at android.os.Looper.loop(Looper.java:338)
02-19 23:17:34.534 20022 20022 I EmojiCompatManager: 	at android.app.ActivityThread.main(ActivityThread.java:9067)
02-19 23:17:34.534 20022 20022 I EmojiCompatManager: 	at java.lang.reflect.Method.invoke(Native Method)
02-19 23:17:34.534 20022 20022 I EmojiCompatManager: 	at com.android.internal.os.RuntimeInit$MethodAndArgsCaller.run(RuntimeInit.java:593)
02-19 23:17:34.534 20022 20022 I EmojiCompatManager: 	at com.android.internal.os.ZygoteInit.main(ZygoteInit.java:932)
02-19 23:17:34.535 20022 20022 I Module  : DeviceLockedStatusModuleProvider$Module.updateDeviceLockedStatus():100 repeatCheckTimes = 1, locked = false
02-19 23:17:34.538   752  2417 W PackageConfigPersister: App-specific configuration not found for packageName: viva.republica.toss.test and userId: 0
02-19 23:17:34.570   752  1095 D BackgroundInstallControlService: Package event received: 0
02-19 23:17:34.570   752  1095 D BackgroundInstallControlService: Package event received: 0
02-19 23:17:34.596   752   797 I ImeTracker: system_server:b00010c8: onCancelled at PHASE_SERVER_SHOULD_HIDE
02-19 23:17:36.671   531   568 W EventThread: Faking VSYNC due to driver stall for thread app
02-19 23:17:36.671   531   569 W EventThread: Faking VSYNC due to driver stall for thread appSf
02-19 23:17:36.693   752   969 D ActivityManager: freezing 19378 com.google.android.webview:webview_service
02-19 23:17:36.729  4449  4467 V WindowManagerShell: Transition animation finished (aborted=false), notifying core (#1320) android.os.BinderProxy@5f518b2@0
02-19 23:17:36.734 15924 15924 D InsetsController: hide(ime(), fromIme=false)
02-19 23:17:36.735   752   794 V WindowManager: Finish Transition (#1320): created at 02-19 23:17:33.756 collect-started=0.09ms request-sent=36.729ms started=51.469ms ready=81.794ms sent=440.038ms commit=26.805ms finished=2977.752ms
02-19 23:17:36.736 15924 15924 I ImeTracker: viva.republica.toss.test:394d04ec: onCancelled at PHASE_CLIENT_ALREADY_HIDDEN
02-19 23:17:36.737  4449  4467 V WindowManagerShell: Track 0 became idle
02-19 23:17:36.793 15924 16023 W okhttp.OkHttpClient: A connection to http://localhost:8081/ was leaked. Did you forget to close a response body? To see where this was allocated, set the OkHttpClient logger level to FINE: Logger.getLogger(OkHttpClient.class.getName()).setLevel(Level.FINE);
02-19 23:17:36.799 16118 16118 W dumpsys : Thread Pool max thread count is 0. Cannot cache binder as linkToDeath cannot be implemented. serviceName: window
02-19 23:17:36.804   752  1029 D InetDiagMessage: Destroyed 0 sockets, proto=IPPROTO_TCP, family=AF_INET, states=14
02-19 23:17:36.807   752  1029 D InetDiagMessage: Destroyed 0 sockets, proto=IPPROTO_TCP, family=AF_INET6, states=14
02-19 23:17:36.807   752  1029 D InetDiagMessage: Destroyed live tcp sockets for uids={10168} in 4ms
02-19 23:17:36.849 15924 15924 W unknown:ReactRootView: Unable to update root layout specs for uninitialized ReactInstanceManager
02-19 23:17:36.915   752   935 D CoreBackPreview: Window{638c1c3 u0 viva.republica.toss.test/im.toss.rn.granite.core.GraniteActivity}: Setting back callback OnBackInvokedCallbackInfo{mCallback=android.window.IOnBackInvokedCallback$Stub$Proxy@b76b17, mPriority=0, mIsAnimationCallback=false, mOverrideBehavior=0}
02-19 23:17:36.992 15924 16085 D nativeloader: Load /data/app/~~NUQj-rdXzuicW-16SIRtKA==/viva.republica.toss.test-Si406wFvb_sqEA2GTBV6RQ==/lib/x86_64/libreactnativeblob.so using class loader ns clns-9 (caller=<unknown>): ok
02-19 23:17:37.010 15924 15924 I Ads     : JS: The jsLoaded GMSG has been sent (https://googleads.g.doubleclick.net/mads/static/sdk/native/sdk-core-v40.html:1025)
02-19 23:17:37.034   752   794 I ActivityTaskManager: Displayed viva.republica.toss.test/im.toss.rn.granite.core.GraniteActivity for user 0: +2s775ms
02-19 23:17:37.034   752   794 V WindowManager: Sent Transition (#1321) createdAt=02-19 23:17:34.249 via request=TransitionRequestInfo { type = OPEN, triggerTask = TaskInfo{userId=0 taskId=251 effectiveUid=10217 displayId=0 isRunning=true baseIntent=Intent { act=android.intent.action.VIEW dat=intoss://takealook/... flg=0x10000000 pkg=viva.republica.toss.test cmp=viva.republica.toss.test/.MiniAppSchemeActivity } baseActivity=ComponentInfo{viva.republica.toss.test/viva.republica.toss.test.MiniAppSchemeActivity} topActivity=ComponentInfo{viva.republica.toss.test/im.toss.rn.granite.core.GraniteActivity} origActivity=null realActivity=ComponentInfo{viva.republica.toss.test/viva.republica.toss.test.MiniAppSchemeActivity} numActivities=2 lastActiveTime=122128106 supportsMultiWindow=true resizeMode=1 isResizeable=true minWidth=-1 minHeight=-1 defaultMinSize=220 token=WCT{RemoteToken{3d4d10 Task{1fc1e99 #251 type=standard A=10217:viva.republica.toss.test}}} topActivityType=1 pictureInPictureParams=null shouldDockBigOverlays=false launchIntoPipHostTaskId=-1 lastParentTaskIdBeforePip=-1 displayCutoutSafeInsets=Rect(0, 0 - 0, 0) topActivityInfo=ActivityInfo{53da1b3 im.toss.rn.granite.core.GraniteActivity} launchCookies=[] positionInParent=Point(0, 0) parentTaskId=-1 isFocused=true isVisible=true isVisibleRequested=true isTopActivityNoDisplay=false isSleeping=false locusId=null displayAreaFeatureId=1 isTopActivityTransparent=false isActivityStackTransparent=false lastNonFullscreenBounds=Rect(284, 660 - 796, 1740) capturedLink=null capturedLinkTimestamp=0 requestedVisibleTypes=-9 topActivityRequestOpenInBrowserEducationTimestamp=0 appCompatTaskInfo=AppCompatTaskInfo { topActivityInSizeCompat=false eligibleForLetterboxEducation= false isLetterboxEducationEnabled= true isLetterboxDoubleTapEnabled= false eligibleForUserAspectRatioButton= false topActivityBoundsLetterboxed= false isFromLetterboxDoubleTap= false topActivityLetterboxVerticalPosition= -1 topActivityLetterboxHorizontalPosition= -1 topActivityLetterboxWidth=-1 topActivityLetterboxHeight=-1 topActivityAppBounds=Rect(0, 0 - 1080, 2400) isUserFullscreenOverrideEnabled=false isSystemFullscreenOverrideEnabled=false hasMinAspectRatioOverride=false topActivityLetterboxBounds=null cameraCompatTaskInfo=CameraCompatTaskInfo { freeformCameraCompatMode=inactive}} topActivityMainWindowFrame=null}, pipChange = null, remoteTransition = null, displayChange = null, flags = 0, debugId = 1321 }
02-19 23:17:37.034   752   794 V WindowManager:     startWCT=WindowContainerTransaction { changes= {} hops= [] errorCallbackToken=null taskFragmentOrganizer=null }
02-19 23:17:37.036  4449 21898 V WindowManagerShell: onTransitionReady(transaction=3229815444134)
02-19 23:17:37.037  4449  4467 V WindowManagerShell: onTransitionReady (#1321) android.os.BinderProxy@18e0a98: {id=1321 t=OPEN f=0x0 trk=1 r=[0@Point(0, 0)] c=[
02-19 23:17:37.037  4449  4467 V WindowManagerShell:         {m=OPEN f=FILLS_TASK leash=Surface(name=ActivityRecord{130245679 u0 viva.republica.toss.test/im.toss.rn.granite.core.GraniteActivity)/@0xc714557 sb=Rect(0, 0 - 0, 0) eb=Rect(0, 0 - 1080, 2400) epz=Point(1080, 2400) d=-1->0 r=-1->0:-1 bc=ffffffff component=viva.republica.toss.test/im.toss.rn.granite.core.GraniteActivity},
02-19 23:17:37.037  4449  4467 V WindowManagerShell:         {m=CLOSE f=TRANSLUCENT|FILLS_TASK|IS_OCCLUDED leash=Surface(name=ActivityRecord{261565408 u0 viva.republica.toss.test/.MiniAppSchemeActivity)/@0x7a53844 sb=Rect(0, 0 - 1080, 2400) eb=Rect(0, 0 - 1080, 2400) epz=Point(1080, 2400) d=0 bc=ffffffff component=viva.republica.toss.test/.MiniAppSchemeActivity},
02-19 23:17:37.037  4449  4467 V WindowManagerShell:         {m=TO_BACK f=SHOW_WALLPAPER leash=Surface(name=Task=1)/@0x115dd2d sb=Rect(0, 0 - 1080, 2400) eb=Rect(0, 0 - 1080, 2400) epz=Point(1080, 2400) d=0 taskParent=-1},
02-19 23:17:37.037  4449  4467 V WindowManagerShell:         {m=TO_BACK f=IS_WALLPAPER leash=Surface(name=WallpaperWindowToken{35e0c0f showWhenLocked=false})/@0xd811262 sb=Rect(0, 0 - 1080, 2400) eb=Rect(0, 0 - 1080, 2400) epz=Point(1080, 2400) d=0}
02-19 23:17:37.037  4449  4467 V WindowManagerShell:     ]}
02-19 23:17:37.037  4449  4467 V WindowManagerShell: Playing animation for (#1321) android.os.BinderProxy@18e0a98@1
02-19 23:17:37.037  4449  4467 V ShellRecents: RecentsTransitionHandler.startAnimation: no controller found
02-19 23:17:37.037  4449  4467 V WindowManagerShell: Transition doesn't have explicit remote, search filters for match for {id=1321 t=OPEN f=0x0 trk=1 r=[0@Point(0, 0)] c=[{m=OPEN f=FILLS_TASK leash=Surface(name=ActivityRecord{130245679 u0 viva.republica.toss.test/im.toss.rn.granite.core.GraniteActivity)/@0xc714557 sb=Rect(0, 0 - 0, 0) eb=Rect(0, 0 - 1080, 2400) epz=Point(1080, 2400) d=-1->0 r=-1->0:-1 bc=ffffffff component=viva.republica.toss.test/im.toss.rn.granite.core.GraniteActivity},{m=CLOSE f=TRANSLUCENT|FILLS_TASK|IS_OCCLUDED leash=Surface(name=ActivityRecord{261565408 u0 viva.republica.toss.test/.MiniAppSchemeActivity)/@0x7a53844 sb=Rect(0, 0 - 1080, 2400) eb=Rect(0, 0 - 1080, 2400) epz=Point(1080, 2400) d=0 bc=ffffffff component=viva.republica.toss.test/.MiniAppSchemeActivity},{m=TO_BACK f=SHOW_WALLPAPER leash=Surface(name=Task=1)/@0x115dd2d sb=Rect(0, 0 - 1080, 2400) eb=Rect(0, 0 - 1080, 2400) epz=Point(1080, 2400) d=0 taskParent=-1},{m=TO_BACK f=IS_WALLPAPER leash=Surface(name=WallpaperWindowToken{35e0c0f showWhenLocked=false})/@0xd811262 sb=Rect(0, 0 - 1080, 2400) eb=Rect(0, 0 - 1080, 2400) epz=Point(1080, 2400) d=0}]}
02-19 23:17:37.037  4449  4467 V WindowManagerShell:  Checking filter Pair{{types=[] flags=0x0] notFlags=0x0 checks=[{atype=undefined independent=true modes=[CLOSE,TO_BACK] flags=IN_TASK_WITH_EMBEDDED_ACTIVITY mustBeTask=false order=ANY topActivity=null launchCookie=null taskFragmentToken=android.os.BinderProxy@71546f0 windowingMode=undefined}]} RemoteTransition { remoteTransition = android.window.IRemoteTransition$Stub$Proxy@d4c8469, appThread = android.app.IApplicationThread$Stub$Proxy@c228eee, debugName = overlayBackTransition }}
02-19 23:17:37.038  4449  4467 V WindowManagerShell:  Checking filter Pair{{types=[] flags=0x0] notFlags=0x0 checks=[{atype=dream independent=true modes=[OPEN,TO_FRONT] flags=NONE mustBeTask=false order=ANY topActivity=null launchCookie=null windowingMode=undefined},{atype=home independent=true modes=[CLOSE,TO_BACK] flags=NONE mustBeTask=false order=ANY topActivity=null launchCookie=null windowingMode=undefined}]} RemoteTransition { remoteTransition = android.window.IRemoteTransition$Stub$Proxy@c578f8f, appThread = android.app.IApplicationThread$Stub$Proxy@69fe21c, debugName = LauncherToDream }}
02-19 23:17:37.038  4449  4467 V WindowManagerShell:  Checking filter Pair{{types=[] flags=0x0] notFlags=0x100 checks=[{atype=home independent=true modes=[OPEN,TO_FRONT] flags=NONE mustBeTask=false order=TOP topActivity=ComponentInfo{com.google.android.apps.nexuslauncher/com.google.android.apps.nexuslauncher.NexusLauncherActivity} launchCookie=null windowingMode=undefined},{atype=standard independent=true modes=[CLOSE,TO_BACK] flags=NONE mustBeTask=false order=ANY topActivity=null launchCookie=null windowingMode=undefined},{NOT atype=undefined independent=true modes=[] flags=NONE mustBeTask=true order=ANY topActivity=null launchCookie=null customAnim=true windowingMode=undefined}]} RemoteTransition { remoteTransition = android.window.IRemoteTransition$Stub$Proxy@69ffe25, appThread = android.app.IApplicationThread$Stub$Proxy@72cabfa, debugName = QuickstepLaunchHome }}
02-19 23:17:37.038  4449  4467 V WindowManagerShell:  Checking filter Pair{{types=[] flags=0x0] notFlags=0x0 checks=[{atype=undefined independent=true modes=[CLOSE,TO_BACK] flags=IN_TASK_WITH_EMBEDDED_ACTIVITY mustBeTask=false order=ANY topActivity=null launchCookie=null taskFragmentToken=android.os.BinderProxy@71546f0 windowingMode=undefined}]} RemoteTransition { remoteTransition = android.window.IRemoteTransition$Stub$Proxy@7c795ab, appThread = android.app.IApplicationThread$Stub$Proxy@cd70408, debugName = overlayBackTransition }}
02-19 23:17:37.038  4449  4467 V WindowManagerShell:  Checking filter Pair{{types=[] flags=0x0] notFlags=0x0 checks=[{atype=dream independent=true modes=[OPEN,TO_FRONT] flags=NONE mustBeTask=false order=ANY topActivity=null launchCookie=null windowingMode=undefined},{atype=home independent=true modes=[CLOSE,TO_BACK] flags=NONE mustBeTask=false order=ANY topActivity=null launchCookie=null windowingMode=undefined}]} RemoteTransition { remoteTransition = android.window.IRemoteTransition$Stub$Proxy@f757a1, appThread = android.app.IApplicationThread$Stub$Proxy@d898dc6, debugName = LauncherToDream }}
02-19 23:17:37.038  4449  4467 V WindowManagerShell:  Checking filter Pair{{types=[] flags=0x0] notFlags=0x100 checks=[{atype=home independent=true modes=[OPEN,TO_FRONT] flags=NONE mustBeTask=false order=TOP topActivity=ComponentInfo{com.google.android.apps.nexuslauncher/com.google.android.apps.nexuslauncher.NexusLauncherActivity} launchCookie=null windowingMode=undefined},{atype=standard independent=true modes=[CLOSE,TO_BACK] flags=NONE mustBeTask=false order=ANY topActivity=null launchCookie=null windowingMode=undefined},{NOT atype=undefined independent=true modes=[] flags=NONE mustBeTask=true order=ANY topActivity=null launchCookie=null customAnim=true windowingMode=undefined}]} RemoteTransition { remoteTransition = android.window.IRemoteTransition$Stub$Proxy@9e7e187, appThread = android.app.IApplicationThread$Stub$Proxy@3dc58b4, debugName = QuickstepLaunchHome }}
02-19 23:17:37.038  4449  4467 V WindowManagerShell:  Delegate animation for (#1321) to null
02-19 23:17:37.038  4449  4467 V WindowManagerShell: start default transition animation, info = {id=1321 t=OPEN f=0x0 trk=1 r=[0@Point(0, 0)] c=[{m=OPEN f=FILLS_TASK leash=Surface(name=ActivityRecord{130245679 u0 viva.republica.toss.test/im.toss.rn.granite.core.GraniteActivity)/@0xc714557 sb=Rect(0, 0 - 0, 0) eb=Rect(0, 0 - 1080, 2400) epz=Point(1080, 2400) d=-1->0 r=-1->0:-1 bc=ffffffff component=viva.republica.toss.test/im.toss.rn.granite.core.GraniteActivity},{m=CLOSE f=TRANSLUCENT|FILLS_TASK|IS_OCCLUDED leash=Surface(name=ActivityRecord{261565408 u0 viva.republica.toss.test/.MiniAppSchemeActivity)/@0x7a53844 sb=Rect(0, 0 - 1080, 2400) eb=Rect(0, 0 - 1080, 2400) epz=Point(1080, 2400) d=0 bc=ffffffff component=viva.republica.toss.test/.MiniAppSchemeActivity},{m=TO_BACK f=SHOW_WALLPAPER leash=Surface(name=Task=1)/@0x115dd2d sb=Rect(0, 0 - 1080, 2400) eb=Rect(0, 0 - 1080, 2400) epz=Point(1080, 2400) d=0 taskParent=-1},{m=TO_BACK f=IS_WALLPAPER leash=Surface(name=WallpaperWindowToken{35e0c0f showWhenLocked=false})/@0xd811262 sb=Rect(0, 0 - 1080, 2400) eb=Rect(0, 0 - 1080, 2400) epz=Point(1080, 2400) d=0}]}
02-19 23:17:37.039   752   794 V WindowManager:     info={id=1321 t=OPEN f=0x0 trk=1 r=[0@Point(0, 0)] c=[
02-19 23:17:37.039   752   794 V WindowManager:         {m=OPEN f=FILLS_TASK leash=Surface(name=ActivityRecord{130245679 u0 viva.republica.toss.test/im.toss.rn.granite.core.GraniteActivity)/@0x810d8ed sb=Rect(0, 0 - 0, 0) eb=Rect(0, 0 - 1080, 2400) epz=Point(1080, 2400) d=-1->0 r=-1->0:-1 bc=ffffffff component=viva.republica.toss.test/im.toss.rn.granite.core.GraniteActivity},
02-19 23:17:37.039   752   794 V WindowManager:         {m=CLOSE f=TRANSLUCENT|FILLS_TASK|IS_OCCLUDED leash=Surface(name=ActivityRecord{261565408 u0 viva.republica.toss.test/.MiniAppSchemeActivity)/@0xb83cb04 sb=Rect(0, 0 - 1080, 2400) eb=Rect(0, 0 - 1080, 2400) epz=Point(1080, 2400) d=0 bc=ffffffff component=viva.republica.toss.test/.MiniAppSchemeActivity},
02-19 23:17:37.039   752   794 V WindowManager:         {WCT{RemoteToken{5218fe8 Task{dd43522 #1 type=home}}} m=TO_BACK f=SHOW_WALLPAPER leash=Surface(name=Task=1)/@0x8ddbd2e sb=Rect(0, 0 - 1080, 2400) eb=Rect(0, 0 - 1080, 2400) epz=Point(1080, 2400) d=0 taskParent=-1},
02-19 23:17:37.039   752   794 V WindowManager:         {m=TO_BACK f=IS_WALLPAPER leash=Surface(name=WallpaperWindowToken{35e0c0f showWhenLocked=false})/@0x512f5be sb=Rect(0, 0 - 1080, 2400) eb=Rect(0, 0 - 1080, 2400) epz=Point(1080, 2400) d=0}
02-19 23:17:37.039   752   794 V WindowManager:     ]}
02-19 23:17:37.040  4449  4467 V WindowManagerShell: loadAnimation: anim=android.view.animation.AnimationSet@6a01f29 animAttr=0x13 type=OPEN isEntrance=false
02-19 23:17:37.040  4449  4467 V WindowManagerShell: loadAnimation: anim=android.view.animation.AnimationSet@e61f2ae animAttr=0x13 type=OPEN isEntrance=false
02-19 23:17:37.043  4449  4467 V WindowManagerShell: loadAnimation: anim=android.view.animation.AnimationSet@65e8bba animAttr=0x12 type=OPEN isEntrance=true
02-19 23:17:37.045  4449  4467 V WindowManagerShell:  animated by com.android.wm.shell.transition.DefaultTransitionHandler@f74d823
02-19 23:17:37.183 15924 16126 W unknown:InspectorPackagerConnection: Couldn't connect to packager, will silently retry
02-19 23:17:37.223   752   989 I ImeTracker: viva.republica.toss.test:b9309c93: onRequestHide at ORIGIN_SERVER reason HIDE_UNSPECIFIED_WINDOW fromUser false
02-19 23:17:37.231 20022 20022 I GoogleInputMethodService: GoogleInputMethodService.onFinishInput():2043 
02-19 23:17:37.240 15924 15924 E unknown:ReactNative: Unable to launch logbox because react was unable to create the root view
02-19 23:17:37.246   752   935 I ImeTracker: system_server:b0342855: onRequestHide at ORIGIN_SERVER reason IME_REQUESTED_CHANGED_LISTENER fromUser false
02-19 23:17:37.255   752   797 W IPCThreadState: Sending oneway calls to frozen process.
02-19 23:17:37.256 20022 20022 I Module  : DeviceLockedStatusModuleProvider$Module.updateDeviceLockedStatus():100 repeatCheckTimes = 0, locked = false
02-19 23:17:37.257 20022 20022 W NotificationCenter: NotificationCenter$NotificationQueue.notifyPendingNotificationsOnExecutor():877 Heavy notify work detected on UI thread: [kig->ilu, kig->ijm, kig->gkl, kig->ilu, kig->jnx, kig->khc, kig->ilu, kig->fro, kig->fef, kig->ilu, kig->ilu, kig->fcb, kig->ilu, kig->khg, kig->imt, kig->ilu, kig->ilu, kig->ilu, kig->ilu, kig->ilu, kig->lux, kig->ilu, kig->ilu] takes 25ms
02-19 23:17:37.290 15924 15924 D InsetsController: hide(ime(), fromIme=false)
02-19 23:17:37.291 15924 15924 I ImeTracker: viva.republica.toss.test:b9309c93: onCancelled at PHASE_CLIENT_ALREADY_HIDDEN
02-19 23:17:37.297 20022 20022 I GoogleInputMethodService: GoogleInputMethodService.onStartInput():1293 onStartInput(EditorInfo{EditorInfo{packageName=viva.republica.toss.test, inputType=0, inputTypeString=NULL, enableLearning=false, autoCorrection=false, autoComplete=false, imeOptions=0, privateImeOptions=null, actionName=UNSPECIFIED, actionLabel=null, initialSelStart=-1, initialSelEnd=-1, initialCapsMode=0, label=null, fieldId=0, fieldName=null, extras=null, hintText=null, hintLocales=[]}}, false)
02-19 23:17:37.297 15924 16125 W unknown:ReconnectingWebSocket: Couldn't connect to "ws://10.0.2.2:8081/message?device=sdk_gphone64_x86_64%20-%2016%20-%20API%2036&app=viva.republica.toss.test&clientid=BridgeDevSupportManager", will silently retry
02-19 23:17:37.299 20022 20022 I EmojiCompatManager: EmojiCompatManager.getEmojiCompatIfLoaded():343 EmojiCompat.init() was never called.
02-19 23:17:37.299 20022 20022 I EmojiCompatManager: java.lang.IllegalStateException: EmojiCompat is not initialized. Please call EmojiCompat.init() first
02-19 23:17:37.299 20022 20022 I EmojiCompatManager: 	at asx.p(PG:6)
02-19 23:17:37.299 20022 20022 I EmojiCompatManager: 	at axb.b(PG:13)
02-19 23:17:37.299 20022 20022 I EmojiCompatManager: 	at jnr.b(PG:2)
02-19 23:17:37.299 20022 20022 I EmojiCompatManager: 	at jnr.c(PG:4)
02-19 23:17:37.299 20022 20022 I EmojiCompatManager: 	at jnr.f(PG:3)
02-19 23:17:37.299 20022 20022 I EmojiCompatManager: 	at jnx.c(PG:3)
02-19 23:17:37.299 20022 20022 I EmojiCompatManager: 	at kif.cz(PG:47)
02-19 23:17:37.299 20022 20022 I EmojiCompatManager: 	at lhl.run(PG:1025)
02-19 23:17:37.299 20022 20022 I EmojiCompatManager: 	at jaf.execute(PG:12)
02-19 23:17:37.299 20022 20022 I EmojiCompatManager: 	at nco.v(PG:13)
02-19 23:17:37.299 20022 20022 I EmojiCompatManager: 	at lhn.m(PG:96)
02-19 23:17:37.299 20022 20022 I EmojiCompatManager: 	at lhn.k(PG:25)
02-19 23:17:37.299 20022 20022 I EmojiCompatManager: 	at kgn.onStartInput(PG:250)
02-19 23:17:37.299 20022 20022 I EmojiCompatManager: 	at android.inputmethodservice.InputMethodService.doStartInput(InputMethodService.java:3521)
02-19 23:17:37.299 20022 20022 I EmojiCompatManager: 	at android.inputmethodservice.InputMethodService$InputMethodImpl.startInput(InputMethodService.java:879)
02-19 23:17:37.299 20022 20022 I EmojiCompatManager: 	at android.inputmethodservice.InputMethodService$InputMethodImpl.dispatchStartInput(InputMethodService.java:908)
02-19 23:17:37.299 20022 20022 I EmojiCompatManager: 	at android.inputmethodservice.IInputMethodWrapper.executeMessage(IInputMethodWrapper.java:201)
02-19 23:17:37.299 20022 20022 I EmojiCompatManager: 	at com.android.internal.os.HandlerCaller$MyHandler.handleMessage(HandlerCaller.java:44)
02-19 23:17:37.299 20022 20022 I EmojiCompatManager: 	at android.os.Handler.dispatchMessage(Handler.java:110)
02-19 23:17:37.299 20022 20022 I EmojiCompatManager: 	at android.os.Looper.loopOnce(Looper.java:248)
02-19 23:17:37.299 20022 20022 I EmojiCompatManager: 	at android.os.Looper.loop(Looper.java:338)
02-19 23:17:37.299 20022 20022 I EmojiCompatManager: 	at android.app.ActivityThread.main(ActivityThread.java:9067)
02-19 23:17:37.299 20022 20022 I EmojiCompatManager: 	at java.lang.reflect.Method.invoke(Native Method)
02-19 23:17:37.299 20022 20022 I EmojiCompatManager: 	at com.android.internal.os.RuntimeInit$MethodAndArgsCaller.run(RuntimeInit.java:593)
02-19 23:17:37.299 20022 20022 I EmojiCompatManager: 	at com.android.internal.os.ZygoteInit.main(ZygoteInit.java:932)
02-19 23:17:37.302   752   797 W IPCThreadState: Sending oneway calls to frozen process.
02-19 23:17:37.307   752   797 W IPCThreadState: Sending oneway calls to frozen process.
02-19 23:17:37.308   752   797 W IPCThreadState: Sending oneway calls to frozen process.
02-19 23:17:37.309   752   797 W IPCThreadState: Sending oneway calls to frozen process.
02-19 23:17:37.309   752   797 W IPCThreadState: Sending oneway calls to frozen process.
02-19 23:17:37.314   752   797 W IPCThreadState: Sending oneway calls to frozen process.
02-19 23:17:37.314   752   797 W IPCThreadState: Sending oneway calls to frozen process.
02-19 23:17:37.315 20022 20022 I Module  : DeviceLockedStatusModuleProvider$Module.updateDeviceLockedStatus():100 repeatCheckTimes = 1, locked = false
02-19 23:17:37.316   752   797 W IPCThreadState: Sending oneway calls to frozen process.
02-19 23:17:37.317   752   797 W IPCThreadState: Sending oneway calls to frozen process.
02-19 23:17:37.318   752   797 W IPCThreadState: Sending oneway calls to frozen process.
02-19 23:17:37.318   752   797 W IPCThreadState: Sending oneway calls to frozen process.
02-19 23:17:37.319   752   797 W IPCThreadState: Sending oneway calls to frozen process.
02-19 23:17:37.320   752   797 W IPCThreadState: Sending oneway calls to frozen process.
02-19 23:17:37.321   752   797 W IPCThreadState: Sending oneway calls to frozen process.
02-19 23:17:37.323   752   797 W ProcessStats: Tracking association SourceState{1b917ca system/1000 BFgs #30931} whose proc state 4 is better than process ProcessState{42c4ef0 com.google.android.ext.services/10208 pkg=com.google.android.ext.services} proc state 14 (23 skipped)
02-19 23:17:37.325   752  1789 W PackageConfigPersister: App-specific configuration not found for packageName: viva.republica.toss.test and userId: 0
02-19 23:17:37.326   752   797 I ImeTracker: system_server:b0342855: onCancelled at PHASE_SERVER_SHOULD_HIDE
02-19 23:17:37.342  4449  4467 V WindowManagerShell: Transition animation finished (aborted=false), notifying core (#1321) android.os.BinderProxy@18e0a98@1
02-19 23:17:37.347   752   794 V WindowManager: Finish Transition (#1321): created at 02-19 23:17:34.249 collect-started=0.162ms request-sent=13.674ms started=32.397ms ready=262.406ms sent=2773.505ms commit=31.269ms finished=3096.945ms
02-19 23:17:37.352 15924 15924 D VRI[MiniAppSchemeActivity]: visibilityChanged oldVisibility=true newVisibility=false
02-19 23:17:37.393  4449  4467 V WindowManagerShell: Track 1 became idle
02-19 23:17:37.394  4449  4467 V WindowManagerShell: All active transition animations finished
02-19 23:17:37.413 19166 19166 D VRI[NexusLauncherActivity]: visibilityChanged oldVisibility=true newVisibility=false
02-19 23:17:37.417 19166 19166 D NexusLauncherModelDelegate: notifySmartspaceEvent: SmartspaceTargetEvent{mSmartspaceTarget=null, mSmartspaceActionId='null', mEventType=7}
02-19 23:17:37.462 15924 15924 W WindowOnBackDispatcher: sendCancelIfRunning: isInProgress=false callback=android.view.ViewRootImpl$$ExternalSyntheticLambda13@1d54477
02-19 23:17:37.470 15924 15924 D ViewRootImpl: Skipping stats log for color mode
02-19 23:17:37.477   752   935 D CoreBackPreview: Window{75d3236 u0 viva.republica.toss.test/viva.republica.toss.test.MiniAppSchemeActivity}: Setting back callback null
02-19 23:17:37.479 19166 19166 D BaseDepthController: setSurface:
02-19 23:17:37.479 19166 19166 D BaseDepthController: 	mWaitingOnSurfaceValidity: false
02-19 23:17:37.479 19166 19166 D BaseDepthController: 	mBaseSurface: null
02-19 23:17:37.480 19166 19166 D BaseDepthController: mSurface is null and mCurrentBlur is: 0
02-19 23:17:37.481 19166 19166 D StateManager: goToState - fromState: Normal, toState: Normal, partial trace:
02-19 23:17:37.481 19166 19166 D StateManager: 	at com.android.launcher3.statemanager.StateManager.moveToRestState(go/retraceme 72a59688580715d19f0e415c69e80376c2f062d1648c80db6730905005a27c20:4)
02-19 23:17:37.481 19166 19166 D StateManager: 	at com.android.launcher3.statemanager.StateManager.moveToRestState(go/retraceme 72a59688580715d19f0e415c69e80376c2f062d1648c80db6730905005a27c20:1)
02-19 23:17:37.481 19166 19166 D StateManager: 	at com.android.launcher3.statemanager.StatefulActivity.onStop(go/retraceme 72a59688580715d19f0e415c69e80376c2f062d1648c80db6730905005a27c20:34)
02-19 23:17:37.481 19166 19166 D StatsLog: LAUNCHER_ONSTOP
02-19 23:17:37.483 19166 19166 D StatsLog: LAUNCHER_GOOGLE_SEARCH_RESTORE_LIST_SIZE_AFTER_ACTIVITY_RESTART
02-19 23:17:37.496 15924 15924 E unknown:ReactRootView: Unhandled SoftException
02-19 23:17:37.496 15924 15924 E unknown:ReactRootView: com.facebook.react.uimanager.IllegalViewOperationException: Trying to attach a ReactRootView with an explicit id already set to [2131362676]. React Native uses the id field to track react tags and will overwrite this field. If that is fine, explicitly overwrite the id field to View.NO_ID.
02-19 23:17:37.496 15924 15924 E unknown:ReactRootView: 	at com.facebook.react.ReactRootView.attachToReactInstanceManager(:799)
02-19 23:17:37.496 15924 15924 E unknown:ReactRootView: 	at com.facebook.react.ReactRootView.startReactApplication(:509)
02-19 23:17:37.496 15924 15924 E unknown:ReactRootView: 	at com.facebook.react.ReactRootView.startReactApplication(:469)
02-19 23:17:37.496 15924 15924 E unknown:ReactRootView: 	at im.toss.rn.granite.core.GraniteActivity.write(:486)
02-19 23:17:37.496 15924 15924 E unknown:ReactRootView: 	at im.toss.rn.granite.core.GraniteActivity.RemoteActionCompatParcelizer(:124)
02-19 23:17:37.496 15924 15924 E unknown:ReactRootView: 	at im.toss.rn.granite.core.GraniteActivity$RemoteActionCompatParcelizer.IconCompatParcelizer(:65353)
02-19 23:17:37.496 15924 15924 E unknown:ReactRootView: 	at o.sh.a_(:33)
02-19 23:17:37.496 15924 15924 E unknown:ReactRootView: 	at o.xP.run(:100)
02-19 23:17:37.496 15924 15924 E unknown:ReactRootView: 	at android.os.Handler.handleCallback(Handler.java:995)
02-19 23:17:37.496 15924 15924 E unknown:ReactRootView: 	at android.os.Handler.dispatchMessage(Handler.java:103)
02-19 23:17:37.496 15924 15924 E unknown:ReactRootView: 	at android.os.Looper.loopOnce(Looper.java:248)
02-19 23:17:37.496 15924 15924 E unknown:ReactRootView: 	at android.os.Looper.loop(Looper.java:338)
02-19 23:17:37.496 15924 15924 E unknown:ReactRootView: 	at android.app.ActivityThread.main(ActivityThread.java:9067)
02-19 23:17:37.496 15924 15924 E unknown:ReactRootView: 	at java.lang.reflect.Method.invoke(Native Method)
02-19 23:17:37.496 15924 15924 E unknown:ReactRootView: 	at com.android.internal.os.RuntimeInit$MethodAndArgsCaller.run(RuntimeInit.java:593)
02-19 23:17:37.496 15924 15924 E unknown:ReactRootView: 	at com.android.internal.os.ZygoteInit.main(ZygoteInit.java:932)
02-19 23:17:37.517   752  1095 D BackgroundInstallControlService: Package event received: 0
02-19 23:17:37.532   752  1095 D BackgroundInstallControlService: Package event received: 0
02-19 23:17:37.667   752   935 D CoreBackPreview: Window{de6d75d u0 PopupWindow:f12094a}: Setting back callback OnBackInvokedCallbackInfo{mCallback=android.window.IOnBackInvokedCallback$Stub$Proxy@7f25da3, mPriority=0, mIsAnimationCallback=false, mOverrideBehavior=0}
02-19 23:17:37.805 19166 19172 W System  : A resource failed to call release. 
02-19 23:17:37.805 19166 19172 W System  : A resource failed to call release. 
02-19 23:17:37.808 19166 19172 W System  : A resource failed to call release. 
02-19 23:17:37.809 19166 19172 W System  : A resource failed to call release. 
02-19 23:17:37.809 19166 19172 W System  : A resource failed to call release. 
02-19 23:17:37.809 19166 19172 W System  : A resource failed to call release. 
02-19 23:17:38.051   752   780 D CompatChangeReporter: Compat change id reported: 297989574; UID 10217; state: ENABLED
02-19 23:17:38.120 15924 16085 W unknown:ViewManagerPropertyUpdater: Could not find generated setter for class com.facebook.react.views.traceupdateoverlay.TraceUpdateOverlayManager
02-19 23:17:38.148 15924 16085 W unknown:ViewManagerPropertyUpdater: Could not find generated setter for class com.facebook.react.uimanager.LayoutShadowNode
02-19 23:17:38.160 15924 16085 W unknown:ViewManagerPropertyUpdater: Could not find generated setter for class com.facebook.react.views.drawer.ReactDrawerLayoutManager
02-19 23:17:38.163 15924 16085 W unknown:ViewManagerPropertyUpdater: Could not find generated setter for class com.facebook.react.views.scroll.ReactHorizontalScrollViewManager
02-19 23:17:38.169 15924 16085 W unknown:ViewManagerPropertyUpdater: Could not find generated setter for class com.facebook.react.views.scroll.ReactHorizontalScrollContainerViewManager
02-19 23:17:38.171 15924 16085 W unknown:ViewManagerPropertyUpdater: Could not find generated setter for class com.facebook.react.views.progressbar.ReactProgressBarViewManager
02-19 23:17:38.172 15924 16085 W unknown:ViewManagerPropertyUpdater: Could not find generated setter for class com.facebook.react.views.progressbar.ProgressBarShadowNode
02-19 23:17:38.174 15924 16085 W unknown:ViewManagerPropertyUpdater: Could not find generated setter for class com.facebook.react.views.scroll.ReactScrollViewManager
02-19 23:17:38.177 15924 16085 W unknown:ViewManagerPropertyUpdater: Could not find generated setter for class com.facebook.react.views.switchview.ReactSwitchManager
02-19 23:17:38.181 15924 16085 W unknown:ViewManagerPropertyUpdater: Could not find generated setter for class com.facebook.react.views.switchview.ReactSwitchManager$ReactSwitchShadowNode
02-19 23:17:38.182 15924 16085 W unknown:ViewManagerPropertyUpdater: Could not find generated setter for class com.facebook.react.views.swiperefresh.SwipeRefreshLayoutManager
02-19 23:17:38.187 15924 16085 W unknown:ViewManagerPropertyUpdater: Could not find generated setter for class com.facebook.react.views.text.frescosupport.FrescoBasedReactTextInlineImageViewManager
02-19 23:17:38.188 15924 16085 W unknown:ViewManagerPropertyUpdater: Could not find generated setter for class com.facebook.react.views.text.frescosupport.FrescoBasedReactTextInlineImageShadowNode
02-19 23:17:38.190 15924 16085 W unknown:ViewManagerPropertyUpdater: Could not find generated setter for class com.facebook.react.views.image.ReactImageManager
02-19 23:17:38.194 15924 16085 W unknown:ViewManagerPropertyUpdater: Could not find generated setter for class com.facebook.react.views.modal.ReactModalHostManager
02-19 23:17:38.197 15924 16085 W unknown:ViewManagerPropertyUpdater: Could not find generated setter for class com.facebook.react.views.modal.ModalHostShadowNode
02-19 23:17:38.198 15924 16085 W unknown:ViewManagerPropertyUpdater: Could not find generated setter for class com.facebook.react.views.text.ReactRawTextManager
02-19 23:17:38.200 15924 16085 W unknown:ViewManagerPropertyUpdater: Could not find generated setter for class com.facebook.react.views.text.ReactRawTextShadowNode
02-19 23:17:38.202 15924 16085 W unknown:ViewManagerPropertyUpdater: Could not find generated setter for class com.facebook.react.views.textinput.ReactTextInputManager
02-19 23:17:38.207 15924 16085 W unknown:ViewManagerPropertyUpdater: Could not find generated setter for class com.facebook.react.views.textinput.ReactTextInputShadowNode
02-19 23:17:38.210 15924 16085 W unknown:ViewManagerPropertyUpdater: Could not find generated setter for class com.facebook.react.views.text.ReactTextViewManager
02-19 23:17:38.211 15924 16085 W unknown:ViewManagerPropertyUpdater: Could not find generated setter for class com.facebook.react.views.text.ReactTextShadowNode
02-19 23:17:38.212 15924 16085 W unknown:ViewManagerPropertyUpdater: Could not find generated setter for class com.facebook.react.views.view.ReactViewManager
02-19 23:17:38.214 15924 16085 W unknown:ViewManagerPropertyUpdater: Could not find generated setter for class com.facebook.react.views.text.ReactVirtualTextViewManager
02-19 23:17:38.215 15924 16085 W unknown:ViewManagerPropertyUpdater: Could not find generated setter for class com.facebook.react.views.text.ReactVirtualTextShadowNode
02-19 23:17:38.216 15924 16085 W unknown:ViewManagerPropertyUpdater: Could not find generated setter for class com.facebook.react.views.unimplementedview.ReactUnimplementedViewManager
02-19 23:17:38.217 15924 16085 W unknown:ViewManagerPropertyUpdater: Could not find generated setter for class com.shopify.reactnative.flash_list.AutoLayoutViewManager
02-19 23:17:38.218 15924 16085 W unknown:ViewManagerPropertyUpdater: Could not find generated setter for class com.shopify.reactnative.flash_list.CellContainerManager
02-19 23:17:38.220 15924 16085 W unknown:ViewManagerPropertyUpdater: Could not find generated setter for class com.airbnb.android.react.lottie.LottieAnimationViewManager
02-19 23:17:38.223 15924 16085 W unknown:ViewManagerPropertyUpdater: Could not find generated setter for class com.swmansion.gesturehandler.react.RNGestureHandlerRootViewManager
02-19 23:17:38.224 15924 16085 W unknown:ViewManagerPropertyUpdater: Could not find generated setter for class com.swmansion.gesturehandler.react.RNGestureHandlerButtonViewManager
02-19 23:17:38.226 15924 16085 W unknown:ViewManagerPropertyUpdater: Could not find generated setter for class io.invertase.googlemobileads.ReactNativeGoogleMobileAdsBannerAdViewManager
02-19 23:17:38.228 15924 16085 W unknown:ViewManagerPropertyUpdater: Could not find generated setter for class com.reactnativepagerview.PagerViewViewManager
02-19 23:17:38.231 15924 16085 W unknown:ViewManagerPropertyUpdater: Could not find generated setter for class com.th3rdwave.safeareacontext.SafeAreaProviderManager
02-19 23:17:38.233 15924 16085 W unknown:ViewManagerPropertyUpdater: Could not find generated setter for class com.th3rdwave.safeareacontext.SafeAreaViewManager
02-19 23:17:38.234 15924 16085 W unknown:ViewManagerPropertyUpdater: Could not find generated setter for class o.eglCreatePlatformPixmapSurface
02-19 23:17:38.235 15924 16085 W unknown:ViewManagerPropertyUpdater: Could not find generated setter for class com.swmansion.rnscreens.ScreenContainerViewManager
02-19 23:17:38.236 15924 16085 W unknown:ViewManagerPropertyUpdater: Could not find generated setter for class com.swmansion.rnscreens.ScreenViewManager
02-19 23:17:38.238 15924 16085 W unknown:ViewManagerPropertyUpdater: Could not find generated setter for class com.swmansion.rnscreens.ScreenStackViewManager
02-19 23:17:38.240 15924 16085 W unknown:ViewManagerPropertyUpdater: Could not find generated setter for class com.swmansion.rnscreens.ScreenStackHeaderConfigViewManager
02-19 23:17:38.241 15924 16085 W unknown:ViewManagerPropertyUpdater: Could not find generated setter for class com.swmansion.rnscreens.ScreenStackHeaderSubviewManager
02-19 23:17:38.243 15924 16085 W unknown:ViewManagerPropertyUpdater: Could not find generated setter for class com.swmansion.rnscreens.SearchBarManager
02-19 23:17:38.245 15924 16085 W unknown:ViewManagerPropertyUpdater: Could not find generated setter for class com.horcrux.svg.RenderableViewManager$DefsViewManager
02-19 23:17:38.247 15924 16085 W unknown:ViewManagerPropertyUpdater: Could not find generated setter for class com.horcrux.svg.VirtualViewManager$RemoteActionCompatParcelizer
02-19 23:17:38.249 15924 16085 W unknown:ViewManagerPropertyUpdater: Could not find generated setter for class com.horcrux.svg.RenderableViewManager$MarkerManager
02-19 23:17:38.252 15924 16085 W unknown:ViewManagerPropertyUpdater: Could not find generated setter for class com.horcrux.svg.RenderableViewManager$ForeignObjectManager
02-19 23:17:38.253 15924 16085 W unknown:ViewManagerPropertyUpdater: Could not find generated setter for class com.horcrux.svg.RenderableViewManager$EllipseViewManager
02-19 23:17:38.255 15924 16085 W unknown:ViewManagerPropertyUpdater: Could not find generated setter for class com.horcrux.svg.RenderableViewManager$LineViewManager
02-19 23:17:38.257 15924 16085 W unknown:ViewManagerPropertyUpdater: Could not find generated setter for class com.horcrux.svg.RenderableViewManager$LinearGradientManager
02-19 23:17:38.258 15924 16085 W unknown:ViewManagerPropertyUpdater: Could not find generated setter for class com.horcrux.svg.RenderableViewManager$GroupViewManager
02-19 23:17:38.259 15924 16085 W unknown:ViewManagerPropertyUpdater: Could not find generated setter for class com.horcrux.svg.RenderableViewManager$TextViewManager
02-19 23:17:38.261 15924 16085 W unknown:ViewManagerPropertyUpdater: Could not find generated setter for class com.horcrux.svg.RenderableViewManager$ImageViewManager
02-19 23:17:38.285 15924 16085 W unknown:ViewManagerPropertyUpdater: Could not find generated setter for class com.horcrux.svg.RenderableViewManager$ClipPathViewManager
02-19 23:17:38.290 15924 16085 W unknown:ViewManagerPropertyUpdater: Could not find generated setter for class com.horcrux.svg.RenderableViewManager$RadialGradientManager
02-19 23:17:38.299 15924 16085 W unknown:ViewManagerPropertyUpdater: Could not find generated setter for class com.horcrux.svg.RenderableViewManager$MaskManager
02-19 23:17:38.302 15924 16085 W unknown:ViewManagerPropertyUpdater: Could not find generated setter for class com.horcrux.svg.RenderableViewManager$SymbolManager
02-19 23:17:38.306 15924 16085 W unknown:ViewManagerPropertyUpdater: Could not find generated setter for class com.horcrux.svg.RenderableViewManager$PatternManager
02-19 23:17:38.312 15924 16085 W unknown:ViewManagerPropertyUpdater: Could not find generated setter for class com.horcrux.svg.RenderableViewManager$RectViewManager
02-19 23:17:38.316 15924 16085 W unknown:ViewManagerPropertyUpdater: Could not find generated setter for class com.horcrux.svg.RenderableViewManager$TextPathViewManager
02-19 23:17:38.328 15924 16085 W unknown:ViewManagerPropertyUpdater: Could not find generated setter for class com.horcrux.svg.SvgViewManager
02-19 23:17:38.335 15924 16085 W unknown:ViewManagerPropertyUpdater: Could not find generated setter for class com.horcrux.svg.RenderableViewManager$PathViewManager
02-19 23:17:38.340 15924 16085 W unknown:ViewManagerPropertyUpdater: Could not find generated setter for class com.horcrux.svg.RenderableViewManager$UseViewManager
02-19 23:17:38.348 15924 16085 W unknown:ViewManagerPropertyUpdater: Could not find generated setter for class com.horcrux.svg.RenderableViewManager$CircleViewManager
02-19 23:17:38.353 15924 16085 W unknown:ViewManagerPropertyUpdater: Could not find generated setter for class com.horcrux.svg.RenderableViewManager$TSpanViewManager
02-19 23:17:38.363 15924 16085 W unknown:ViewManagerPropertyUpdater: Could not find generated setter for class com.brentvatne.exoplayer.ReactExoplayerViewManager
02-19 23:17:38.367 16132 16132 W screencap: Thread Pool max thread count is 0. Cannot cache binder as linkToDeath cannot be implemented. serviceName: SurfaceFlingerAIDL
02-19 23:17:38.368 16132 16132 W BpBinder: Linking to death on android.gui.ISurfaceComposer but there are no threads (yet?) listening to incoming transactions. See ProcessState::startThreadPool and ProcessState::setThreadPoolMaxThreadCount. Generally you should setup the binder threadpool before other initialization steps.
02-19 23:17:38.369 16132 16132 W ProcessState: Extra binder thread started, but 0 threads requested. Do not use *startThreadPool when zero threads are requested.
02-19 23:17:38.369 15924 16085 W unknown:ViewManagerPropertyUpdater: Could not find generated setter for class com.reactnativecommunity.webview.RNCWebViewManager
02-19 23:17:38.383 15924 16085 W unknown:ViewManagerPropertyUpdater: Could not find generated setter for class im.toss.rn.granite.core.module.image.FastImageViewManager
02-19 23:17:38.391   531   549 E HwcComposer: getLuts failed Status(-8, EX_SERVICE_SPECIFIC): '8: '
02-19 23:17:38.391   531   549 E HWComposer: getLuts: getLuts failed for display 4619827259835644672: UNSUPPORTED (8)
02-19 23:17:38.408   752  1856 E TaskPersister: File error accessing recents directory (directory doesn't exist?).
02-19 23:17:38.547   752   775 I system_server: Background concurrent mark compact GC freed 22MB AllocSpace bytes, 57(1224KB) LOS objects, 41% free, 33MB/57MB, paused 2.840ms,7.070ms total 509.006ms
02-19 23:17:38.548   752   780 W PackageConfigPersister: App-specific configuration not found for packageName: viva.republica.toss.test and userId: 0
02-19 23:17:38.556   752   777 W System  : A resource failed to call release. 
02-19 23:17:38.563   752   777 W System  : A resource failed to call release. 
