--------- beginning of main
02-19 11:47:22.466   531   568 W EventThread: Faking VSYNC due to driver stall for thread app
02-19 11:47:22.472  1133  1133 I wpa_supplicant: wlan0: CTRL-EVENT-BEACON-LOSS 
02-19 11:47:22.473 24035 24035 I Choreographer: Skipped 950 frames!  The application may be doing too much work on its main thread.
--------- beginning of system
02-19 11:47:22.758   752   752 W Looper  : Drained
02-19 11:47:22.765   752   795 W ActivityTaskManager: callingPackage for (uid=-1, pid=0) has no WPC
02-19 11:47:22.767   752   795 W ActivityStartInterceptor: Starting home with component specified, uid=0
02-19 11:47:22.767   752   795 W OptProp : Cannot read opt property android.window.PROPERTY_COMPAT_ALLOW_USER_ASPECT_RATIO_OVERRIDE
02-19 11:47:22.768   752   795 W OptProp : Cannot read opt property android.window.PROPERTY_COMPAT_ALLOW_USER_ASPECT_RATIO_FULLSCREEN_OVERRIDE
02-19 11:47:22.768   752   795 W OptProp : Cannot read opt property android.window.PROPERTY_COMPAT_ALLOW_RESIZEABLE_ACTIVITY_OVERRIDES
02-19 11:47:22.768   752   795 W OptProp : Cannot read opt property android.window.PROPERTY_COMPAT_ALLOW_MIN_ASPECT_RATIO_OVERRIDE
02-19 11:47:22.768   752   795 V GrammaticalInflectionUtils: AttributionSource: android.content.AttributionSource@1abea79a does not have READ_SYSTEM_GRAMMATICAL_GENDER permission.
02-19 11:47:22.769  4449  4449 I vol.VolumeDialogImpl: mDialog.dismiss() reason: volume_controller from: com.android.systemui.volume.VolumeDialogImpl$7.onDismissRequested:3
02-19 11:47:22.777  4449  4467 V WindowManagerShell: Transition requested (#211): android.os.BinderProxy@227ab86 TransitionRequestInfo { type = OPEN, triggerTask = TaskInfo{userId=0 taskId=5 effectiveUid=10182 displayId=0 isRunning=true baseIntent=Intent { act=android.intent.action.MAIN cat=[android.intent.category.HOME] flg=0x10000100 cmp=com.google.android.apps.nexuslauncher/.NexusLauncherActivity } baseActivity=ComponentInfo{com.google.android.apps.nexuslauncher/com.google.android.apps.nexuslauncher.NexusLauncherActivity} topActivity=ComponentInfo{com.google.android.apps.nexuslauncher/com.google.android.apps.nexuslauncher.NexusLauncherActivity} origActivity=null realActivity=ComponentInfo{com.google.android.apps.nexuslauncher/com.google.android.apps.nexuslauncher.NexusLauncherActivity} numActivities=1 lastActiveTime=80716620 supportsMultiWindow=true resizeMode=2 isResizeable=true minWidth=-1 minHeight=-1 defaultMinSize=220 token=WCT{android.window.IWindowContainerToken$Stub$Proxy@cb0c47} topActivityType=2 pictureInPictureParams=null shouldDockBigOverlays=false launchIntoPipHostTaskId=-1 lastParentTaskIdBeforePip=-1 displayCutoutSafeInsets=Rect(0, 0 - 0, 0) topActivityInfo=ActivityInfo{a1c0c74 com.google.android.apps.nexuslauncher.NexusLauncherActivity} launchCookies=[] positionInParent=Point(0, 0) parentTaskId=-1 isFocused=true isVisible=false isVisibleRequested=true isTopActivityNoDisplay=false isSleeping=false locusId=LocusId[17_chars] displayAreaFeatureId=1 isTopActivityTransparent=false isActivityStackTransparent=false lastNonFullscreenBounds=Rect(284, 660 - 796, 1740) capturedLink=null capturedLinkTimestamp=0 requestedVisibleTypes=-9 topActivityRequestOpenInBrowserEducationTimestamp=0 appCompatTaskInfo=AppCompatTaskInfo { topActivityInSizeCompat=false eligibleForLetterboxEducation= false isLetterboxEducationEnabled= true isLetterboxDoubleTapEnabled= false eligibleForUserAspectRatioButton= false topActivityBoundsLetterboxed= false isFromLetterboxDoubleTap= false topActivityLetterboxVerticalPosition= -1 topActivityLetterboxHorizontalPosition= -1 topActivityLetterboxWidth=-1 topActivityLetterboxHeight=-1 topActivityAppBounds=Rect(0, 0 - 1080, 2400) isUserFullscreenOverrideEnabled=false isSystemFullscreenOverrideEnabled=false hasMinAspectRatioOverride=false topActivityLetterboxBounds=null cameraCompatTaskInfo=CameraCompatTaskInfo { freeformCameraCompatMode=inactive}} topActivityMainWindowFrame=null}, pipChange = null, remoteTransition = null, displayChange = null, flags = 0, debugId = 211 }
02-19 11:47:22.778  4449  4467 D ShellSplitScreen: logExit: no-op, mLoggerSessionId is null
02-19 11:47:22.778   752   795 I ActivityTaskManager: START u0 {act=android.intent.action.MAIN cat=[android.intent.category.HOME] flg=0x10000100 cmp=com.google.android.apps.nexuslauncher/.NexusLauncherActivity (has extras)} with LAUNCH_SINGLE_TASK from uid 0 (BAL_ALLOW_ALLOWLISTED_UID) result code=2
02-19 11:47:22.779  1341  1341 D ViewRootImpl: Skipping stats log for color mode
02-19 11:47:22.783   752  1095 D BackgroundInstallControlService: Package event received: 0
02-19 11:47:22.783   752  1095 D BackgroundInstallControlService: Package event received: 0
02-19 11:47:22.783   752  1095 D BackgroundInstallControlService: Package event received: 0
02-19 11:47:22.784  1341  1341 D TFOManager: playPanelCloseAnimation() duration=200 traceTag=LauncherOverlay-hide isHomeButtonTap=true
02-19 11:47:22.785  1341  1341 D TFOManager: Skipped creating panel close animation because -1 is invisible.
02-19 11:47:22.785  1341  1341 D OverviewCommandHelper: clearing pending commands: []
02-19 11:47:22.786  1341  1341 D NexusLauncherModelDelegate: notifySmartspaceEvent: SmartspaceTargetEvent{mSmartspaceTarget=null, mSmartspaceActionId='null', mEventType=6}
02-19 11:47:22.787  4449  4467 D WindowManagerShell: onActivityRestartAttempt: topActivity=ComponentInfo{com.google.android.apps.nexuslauncher/com.google.android.apps.nexuslauncher.NexusLauncherActivity}, wasVisible=false
02-19 11:47:22.787   752   797 W IPCThreadState: Sending oneway calls to frozen process.
02-19 11:47:22.788   752   797 W IPCThreadState: Sending oneway calls to frozen process.
02-19 11:47:22.788   752   797 W IPCThreadState: Sending oneway calls to frozen process.
02-19 11:47:22.788   752   797 W IPCThreadState: Sending oneway calls to frozen process.
02-19 11:47:22.788   752   797 W IPCThreadState: Sending oneway calls to frozen process.
02-19 11:47:22.789   752   797 W IPCThreadState: Sending oneway calls to frozen process.
02-19 11:47:22.789   752   797 W IPCThreadState: Sending oneway calls to frozen process.
02-19 11:47:22.789   752   797 W IPCThreadState: Sending oneway calls to frozen process.
02-19 11:47:22.789   752   797 W IPCThreadState: Sending oneway calls to frozen process.
02-19 11:47:22.789   752   797 W IPCThreadState: Sending oneway calls to frozen process.
02-19 11:47:22.789   752   797 W IPCThreadState: Sending oneway calls to frozen process.
02-19 11:47:22.789   752   797 W IPCThreadState: Sending oneway calls to frozen process.
02-19 11:47:22.791  4449  4467 D WindowManagerShell: setLauncherKeepClearAreaHeight: visible=true, height=527
02-19 11:47:22.791   752   797 W IPCThreadState: Sending oneway calls to frozen process.
02-19 11:47:22.791   752   797 W IPCThreadState: Sending oneway calls to frozen process.
02-19 11:47:22.791   752   797 W IPCThreadState: Sending oneway calls to frozen process.
02-19 11:47:22.791   752   797 W IPCThreadState: Sending oneway calls to frozen process.
02-19 11:47:22.792   752   797 W ProcessStats: Tracking association SourceState{1b917ca system/1000 BFgs #12305} whose proc state 4 is better than process ProcessState{42c4ef0 com.google.android.ext.services/10208 pkg=com.google.android.ext.services} proc state 14 (7 skipped)
02-19 11:47:22.794  1341  1341 D BaseDepthController: setSurface:
02-19 11:47:22.794  1341  1341 D BaseDepthController: 	mWaitingOnSurfaceValidity: false
02-19 11:47:22.794  1341  1341 D BaseDepthController: 	mBaseSurface: Surface(name=com.google.android.apps.nexuslauncher/com.google.android.apps.nexuslauncher.NexusLauncherActivity)/@0x94d8eb8
02-19 11:47:22.816  1341  1341 D ActivityAllAppsContainerView: rebindAdapters: force: false
02-19 11:47:22.816   531   602 I BpBinder: onLastStrongRef automatically unlinking death recipients: 
02-19 11:47:22.816  1341  1341 D ActivityAllAppsContainerView: rebindAdapters: Not needed.
02-19 11:47:22.819   531   531 I BpBinder: onLastStrongRef automatically unlinking death recipients: 
02-19 11:47:22.819  1341  1341 D StatsLog: LAUNCHER_ONRESUME
02-19 11:47:22.828  1341  1341 I NotificationListener: Handling notification state refresh for com.google.android.adservices.api#0
02-19 11:47:22.828  1341  1341 I NotificationListener: Handling notification state refresh for android#0
02-19 11:47:22.828  1341  1341 I NotificationListener: Handling notification state refresh for com.android.systemui#0
02-19 11:47:22.829  1341  1407 D QuickstepModelDelegate: notifyAppTargetEvent action=1 launchLocation=workspace/0/[-1,-1]/[1,1]
02-19 11:47:22.837  1971  2198 I AiAiEcho: Predicting[0]:  [CONTEXT sampling_count=5 ]
02-19 11:47:22.837  1971  2198 I AiAiEcho: EchoTargets: 
02-19 11:47:22.837  1971  2198 I AiAiEcho: Filtered by AiAi flag check: 
02-19 11:47:22.837  1971  2198 I AiAiEcho: [CONTEXT ratelimit_period="10 SECONDS" ]
02-19 11:47:22.837  1971  2198 I AiAiEcho: #remoteViewsTwiddler: feature disabled.
02-19 11:47:22.839  1971  2198 I AiAiEcho: #postPredictionTargets: Sending updates to UISurface home with targets# 0 (types=[])
02-19 11:47:22.841  1341  1341 D SsBaseTemplateCard: No text view can be set up
02-19 11:47:22.841  1341  1341 D SsBaseTemplateCard: Passed-in item info is null
02-19 11:47:22.841  1341  1341 D SsBaseTemplateCard: Passed-in item info is null
02-19 11:47:22.841  1341  1341 D SsBaseTemplateCard: Passed-in item info is null
02-19 11:47:22.841  1341  1341 I SsBaseTemplateCard: Secondary card pane is null
02-19 11:47:22.847  4449 22136 V WindowManagerShell: onTransitionReady(transaction=3229815412367)
02-19 11:47:22.847  4449  4467 V WindowManagerShell: onTransitionReady (#211) android.os.BinderProxy@227ab86: {id=211 t=OPEN f=0x0 trk=0 r=[0@Point(0, 0)] c=[
02-19 11:47:22.847  4449  4467 V WindowManagerShell:         {m=TO_FRONT f=SHOW_WALLPAPER|MOVE_TO_TOP leash=Surface(name=Task=1)/@0xf74d59d sb=Rect(0, 0 - 1080, 2400) eb=Rect(0, 0 - 1080, 2400) epz=Point(1080, 2400) d=0 taskParent=-1},
02-19 11:47:22.847  4449  4467 V WindowManagerShell:         {m=TO_BACK f=NONE leash=Surface(name=Task=46)/@0x242fa12 sb=Rect(0, 0 - 1080, 2400) eb=Rect(0, 0 - 1080, 2400) epz=Point(1080, 2400) d=0 taskParent=-1},
02-19 11:47:22.847  4449  4467 V WindowManagerShell:         {m=TO_FRONT f=IS_WALLPAPER leash=Surface(name=WallpaperWindowToken{35e0c0f showWhenLocked=false})/@0xaa225e3 sb=Rect(0, 0 - 1080, 2400) eb=Rect(0, 0 - 1080, 2400) epz=Point(1080, 2400) d=0}
02-19 11:47:22.847  4449  4467 V WindowManagerShell:     ]}
02-19 11:47:22.848  4449  4467 V WindowManagerShell: Playing animation for (#211) android.os.BinderProxy@227ab86@0
02-19 11:47:22.848  4449  4467 V ShellRecents: RecentsTransitionHandler.startAnimation: no controller found
02-19 11:47:22.849  4449  4467 V WindowManagerShell: Transition doesn't have explicit remote, search filters for match for {id=211 t=OPEN f=0x0 trk=0 r=[0@Point(0, 0)] c=[{m=TO_FRONT f=SHOW_WALLPAPER|MOVE_TO_TOP leash=Surface(name=Task=1)/@0xf74d59d sb=Rect(0, 0 - 1080, 2400) eb=Rect(0, 0 - 1080, 2400) epz=Point(1080, 2400) d=0 taskParent=-1},{m=TO_BACK f=NONE leash=Surface(name=Task=46)/@0x242fa12 sb=Rect(0, 0 - 1080, 2400) eb=Rect(0, 0 - 1080, 2400) epz=Point(1080, 2400) d=0 taskParent=-1},{m=TO_FRONT f=IS_WALLPAPER leash=Surface(name=WallpaperWindowToken{35e0c0f showWhenLocked=false})/@0xaa225e3 sb=Rect(0, 0 - 1080, 2400) eb=Rect(0, 0 - 1080, 2400) epz=Point(1080, 2400) d=0}]}
02-19 11:47:22.852  4449  4467 V WindowManagerShell:  Checking filter Pair{{types=[] flags=0x0] notFlags=0x0 checks=[{atype=undefined independent=true modes=[CLOSE,TO_BACK] flags=IN_TASK_WITH_EMBEDDED_ACTIVITY mustBeTask=false order=ANY topActivity=null launchCookie=null taskFragmentToken=android.os.BinderProxy@188d51a windowingMode=undefined}]} RemoteTransition { remoteTransition = android.window.IRemoteTransition$Stub$Proxy@44cd84b, appThread = android.app.IApplicationThread$Stub$Proxy@3a12228, debugName = overlayBackTransition }}
02-19 11:47:22.852  4449  4467 V WindowManagerShell:  Checking filter Pair{{types=[] flags=0x0] notFlags=0x0 checks=[{atype=dream independent=true modes=[OPEN,TO_FRONT] flags=NONE mustBeTask=false order=ANY topActivity=null launchCookie=null windowingMode=undefined},{atype=home independent=true modes=[CLOSE,TO_BACK] flags=NONE mustBeTask=false order=ANY topActivity=null launchCookie=null windowingMode=undefined}]} RemoteTransition { remoteTransition = android.window.IRemoteTransition$Stub$Proxy@6f3eb41, appThread = android.app.IApplicationThread$Stub$Proxy@ccf28e6, debugName = LauncherToDream }}
02-19 11:47:22.874  4449  4467 V WindowManagerShell:  Checking filter Pair{{types=[] flags=0x0] notFlags=0x100 checks=[{atype=home independent=true modes=[OPEN,TO_FRONT] flags=NONE mustBeTask=false order=TOP topActivity=ComponentInfo{com.google.android.apps.nexuslauncher/com.google.android.apps.nexuslauncher.NexusLauncherActivity} launchCookie=null windowingMode=undefined},{atype=standard independent=true modes=[CLOSE,TO_BACK] flags=NONE mustBeTask=false order=ANY topActivity=null launchCookie=null windowingMode=undefined},{NOT atype=undefined independent=true modes=[] flags=NONE mustBeTask=true order=ANY topActivity=null launchCookie=null customAnim=true windowingMode=undefined}]} RemoteTransition { remoteTransition = android.window.IRemoteTransition$Stub$Proxy@a8eae27, appThread = android.app.IApplicationThread$Stub$Proxy@fa38d4, debugName = QuickstepLaunchHome }}
02-19 11:47:22.876  4449  4467 D RemoteTransitionHandler: Found filterPair{{types=[] flags=0x0] notFlags=0x100 checks=[{atype=home independent=true modes=[OPEN,TO_FRONT] flags=NONE mustBeTask=false order=TOP topActivity=ComponentInfo{com.google.android.apps.nexuslauncher/com.google.android.apps.nexuslauncher.NexusLauncherActivity} launchCookie=null windowingMode=undefined},{atype=standard independent=true modes=[CLOSE,TO_BACK] flags=NONE mustBeTask=false order=ANY topActivity=null launchCookie=null windowingMode=undefined},{NOT atype=undefined independent=true modes=[] flags=NONE mustBeTask=true order=ANY topActivity=null launchCookie=null customAnim=true windowingMode=undefined}]} RemoteTransition { remoteTransition = android.window.IRemoteTransition$Stub$Proxy@a8eae27, appThread = android.app.IApplicationThread$Stub$Proxy@fa38d4, debugName = QuickstepLaunchHome }}
02-19 11:47:22.876   752  1095 D BackgroundInstallControlService: Package event received: 0
02-19 11:47:22.876   752  1095 D BackgroundInstallControlService: Package event received: 0
02-19 11:47:22.876   752  1095 D BackgroundInstallControlService: Package event received: 0
02-19 11:47:22.876   752  1095 D BackgroundInstallControlService: Package event received: 0
02-19 11:47:22.876   752  1095 D BackgroundInstallControlService: Package event received: 0
02-19 11:47:22.877   752  1095 D BackgroundInstallControlService: Package event received: 0
02-19 11:47:22.877   752  1095 D BackgroundInstallControlService: Package event received: 0
02-19 11:47:22.877   752  1095 D BackgroundInstallControlService: Package event received: 0
02-19 11:47:22.877   752  1095 D BackgroundInstallControlService: Package event received: 0
02-19 11:47:22.877   752  1095 D BackgroundInstallControlService: Package event received: 0
02-19 11:47:22.878   752  1095 D BackgroundInstallControlService: Package event received: 0
02-19 11:47:22.876  4449  4467 V WindowManagerShell:  Delegate animation for (#211) to RemoteTransition { remoteTransition = android.window.IRemoteTransition$Stub$Proxy@a8eae27, appThread = android.app.IApplicationThread$Stub$Proxy@fa38d4, debugName = QuickstepLaunchHome }
02-19 11:47:22.907   752  1095 D BackgroundInstallControlService: Package event received: 0
02-19 11:47:22.909   752   794 V WindowManager: Sent Transition (#211) createdAt=02-19 11:47:22.769 via request=TransitionRequestInfo { type = OPEN, triggerTask = TaskInfo{userId=0 taskId=5 effectiveUid=10182 displayId=0 isRunning=true baseIntent=Intent { act=android.intent.action.MAIN cat=[android.intent.category.HOME] flg=0x10000100 cmp=com.google.android.apps.nexuslauncher/.NexusLauncherActivity } baseActivity=ComponentInfo{com.google.android.apps.nexuslauncher/com.google.android.apps.nexuslauncher.NexusLauncherActivity} topActivity=ComponentInfo{com.google.android.apps.nexuslauncher/com.google.android.apps.nexuslauncher.NexusLauncherActivity} origActivity=null realActivity=ComponentInfo{com.google.android.apps.nexuslauncher/com.google.android.apps.nexuslauncher.NexusLauncherActivity} numActivities=1 lastActiveTime=80716620 supportsMultiWindow=true resizeMode=2 isResizeable=true minWidth=-1 minHeight=-1 defaultMinSize=220 token=WCT{RemoteToken{50a2c5f Task{b605570 #5 type=home I=com.google.android.apps.nexuslauncher/.NexusLauncherActivity}}} topActivityType=2 pictureInPictureParams=null shouldDockBigOverlays=false launchIntoPipHostTaskId=-1 lastParentTaskIdBeforePip=-1 displayCutoutSafeInsets=Rect(0, 0 - 0, 0) topActivityInfo=ActivityInfo{f5406ac com.google.android.apps.nexuslauncher.NexusLauncherActivity} launchCookies=[] positionInParent=Point(0, 0) parentTaskId=-1 isFocused=true isVisible=false isVisibleRequested=true isTopActivityNoDisplay=false isSleeping=false locusId=LocusId[17_chars] displayAreaFeatureId=1 isTopActivityTransparent=false isActivityStackTransparent=false lastNonFullscreenBounds=Rect(284, 660 - 796, 1740) capturedLink=null capturedLinkTimestamp=0 requestedVisibleTypes=-9 topActivityRequestOpenInBrowserEducationTimestamp=0 appCompatTaskInfo=AppCompatTaskInfo { topActivityInSizeCompat=false eligibleForLetterboxEducation= false isLetterboxEducationEnabled= true isLetterboxDoubleTapEnabled= false eligibleForUserAspectRatioButton= false topActivityBoundsLetterboxed= false isFromLetterboxDoubleTap= false topActivityLetterboxVerticalPosition= -1 topActivityLetterboxHorizontalPosition= -1 topActivityLetterboxWidth=-1 topActivityLetterboxHeight=-1 topActivityAppBounds=Rect(0, 0 - 1080, 2400) isUserFullscreenOverrideEnabled=false isSystemFullscreenOverrideEnabled=false hasMinAspectRatioOverride=false topActivityLetterboxBounds=null cameraCompatTaskInfo=CameraCompatTaskInfo { freeformCameraCompatMode=inactive}} topActivityMainWindowFrame=null}, pipChange = null, remoteTransition = null, displayChange = null, flags = 0, debugId = 211 }
02-19 11:47:22.909   752   794 V WindowManager:     startWCT=WindowContainerTransaction { changes= {} hops= [] errorCallbackToken=null taskFragmentOrganizer=null }
02-19 11:47:22.909   752   794 V WindowManager:     info={id=211 t=OPEN f=0x0 trk=0 r=[0@Point(0, 0)] c=[
02-19 11:47:22.909   752   794 V WindowManager:         {WCT{RemoteToken{5218fe8 Task{dd43522 #1 type=home}}} m=TO_FRONT f=SHOW_WALLPAPER|MOVE_TO_TOP leash=Surface(name=Task=1)/@0x8ddbd2e sb=Rect(0, 0 - 1080, 2400) eb=Rect(0, 0 - 1080, 2400) epz=Point(1080, 2400) d=0 taskParent=-1},
02-19 11:47:22.909   752   794 V WindowManager:         {WCT{RemoteToken{a585dcd Task{7745c88 #46 type=standard A=10217:viva.republica.toss.test}}} m=TO_BACK f=NONE leash=Surface(name=Task=46)/@0xe2d6cf7 sb=Rect(0, 0 - 1080, 2400) eb=Rect(0, 0 - 1080, 2400) epz=Point(1080, 2400) d=0 taskParent=-1},
02-19 11:47:22.909   752   794 V WindowManager:         {m=TO_FRONT f=IS_WALLPAPER leash=Surface(name=WallpaperWindowToken{35e0c0f showWhenLocked=false})/@0x512f5be sb=Rect(0, 0 - 1080, 2400) eb=Rect(0, 0 - 1080, 2400) epz=Point(1080, 2400) d=0}
02-19 11:47:22.909   752   794 V WindowManager:     ]}
02-19 11:47:22.910  1341  1341 D StateManager: createAtomicAnimation - fromState: Background, toState: Normal, partial trace:
02-19 11:47:22.910  1341  1341 D StateManager: 	at com.android.quickstep.util.ScalingWorkspaceRevealAnim.<init>(go/retraceme 72a59688580715d19f0e415c69e80376c2f062d1648c80db6730905005a27c20:39)
02-19 11:47:22.910  1341  1341 D StateManager: 	at com.android.launcher3.QuickstepTransitionManager.createWallpaperOpenAnimations(go/retraceme 72a59688580715d19f0e415c69e80376c2f062d1648c80db6730905005a27c20:168)
02-19 11:47:22.910  1341  1341 D StateManager: 	at com.android.launcher3.QuickstepTransitionManager$WallpaperOpenLauncherAnimationRunner.onAnimationStart(go/retraceme 72a59688580715d19f0e415c69e80376c2f062d1648c80db6730905005a27c20:17)
02-19 11:47:22.910  1341  1341 D b/311077782: LauncherAnimationRunner.setAnimation
02-19 11:47:23.043  1341  1407 W HWUI    : Image decoding logging dropped!
02-19 11:47:23.132   531   531 I BpBinder: onLastStrongRef automatically unlinking death recipients: 
02-19 11:47:23.498   752   798 I Choreographer: Skipped 40 frames!  The application may be doing too much work on its main thread.
02-19 11:47:23.503  4449  4467 V WindowManagerShell:  animated by com.android.wm.shell.transition.RemoteTransitionHandler@ef09705
02-19 11:47:23.510   752   989 I ImeTracker: com.google.android.apps.nexuslauncher:3d40bcb5: onRequestHide at ORIGIN_SERVER reason HIDE_UNSPECIFIED_WINDOW fromUser false
02-19 11:47:23.544  1563  1563 I GoogleInputMethodService: GoogleInputMethodService.onFinishInput():2043 
02-19 11:47:23.562   752  2375 I ImeTracker: system_server:9e833844: onRequestHide at ORIGIN_SERVER reason IME_REQUESTED_CHANGED_LISTENER fromUser false
02-19 11:47:23.571   752   797 I ImeTracker: system_server:9e833844: onCancelled at PHASE_SERVER_SHOULD_HIDE
02-19 11:47:23.573  1563  1563 I Module  : DeviceLockedStatusModuleProvider$Module.updateDeviceLockedStatus():100 repeatCheckTimes = 0, locked = false
02-19 11:47:23.574  1563  1563 I GoogleInputMethodService: GoogleInputMethodService.onStartInput():1293 onStartInput(EditorInfo{EditorInfo{packageName=com.google.android.apps.nexuslauncher, inputType=0, inputTypeString=NULL, enableLearning=false, autoCorrection=false, autoComplete=false, imeOptions=0, privateImeOptions=null, actionName=UNSPECIFIED, actionLabel=null, initialSelStart=-1, initialSelEnd=-1, initialCapsMode=0, label=null, fieldId=0, fieldName=null, extras=null, hintText=null, hintLocales=[]}}, false)
02-19 11:47:23.581  1563  1563 I Module  : DeviceLockedStatusModuleProvider$Module.updateDeviceLockedStatus():100 repeatCheckTimes = 1, locked = false
02-19 11:47:23.583  1563  1563 I EmojiCompatManager: EmojiCompatManager.getEmojiCompatIfLoaded():343 EmojiCompat.init() was never called.
02-19 11:47:23.583  1563  1563 I EmojiCompatManager: java.lang.IllegalStateException: EmojiCompat is not initialized. Please call EmojiCompat.init() first
02-19 11:47:23.583  1563  1563 I EmojiCompatManager: 	at asx.p(PG:6)
02-19 11:47:23.583  1563  1563 I EmojiCompatManager: 	at axb.b(PG:13)
02-19 11:47:23.583  1563  1563 I EmojiCompatManager: 	at jnr.b(PG:2)
02-19 11:47:23.583  1563  1563 I EmojiCompatManager: 	at jnr.c(PG:4)
02-19 11:47:23.583  1563  1563 I EmojiCompatManager: 	at jnr.f(PG:3)
02-19 11:47:23.583  1563  1563 I EmojiCompatManager: 	at jnx.c(PG:3)
02-19 11:47:23.583  1563  1563 I EmojiCompatManager: 	at kif.cz(PG:47)
02-19 11:47:23.583  1563  1563 I EmojiCompatManager: 	at lhl.run(PG:1025)
02-19 11:47:23.583  1563  1563 I EmojiCompatManager: 	at jaf.execute(PG:12)
02-19 11:47:23.583  1563  1563 I EmojiCompatManager: 	at nco.v(PG:13)
02-19 11:47:23.583  1563  1563 I EmojiCompatManager: 	at lhn.m(PG:96)
02-19 11:47:23.583  1563  1563 I EmojiCompatManager: 	at lhn.k(PG:25)
02-19 11:47:23.583  1563  1563 I EmojiCompatManager: 	at kgn.onStartInput(PG:250)
02-19 11:47:23.583  1563  1563 I EmojiCompatManager: 	at android.inputmethodservice.InputMethodService.doStartInput(InputMethodService.java:3521)
02-19 11:47:23.583  1563  1563 I EmojiCompatManager: 	at android.inputmethodservice.InputMethodService$InputMethodImpl.startInput(InputMethodService.java:879)
02-19 11:47:23.583  1563  1563 I EmojiCompatManager: 	at android.inputmethodservice.InputMethodService$InputMethodImpl.dispatchStartInput(InputMethodService.java:908)
02-19 11:47:23.583  1563  1563 I EmojiCompatManager: 	at android.inputmethodservice.IInputMethodWrapper.executeMessage(IInputMethodWrapper.java:201)
02-19 11:47:23.583  1563  1563 I EmojiCompatManager: 	at com.android.internal.os.HandlerCaller$MyHandler.handleMessage(HandlerCaller.java:44)
02-19 11:47:23.583  1563  1563 I EmojiCompatManager: 	at android.os.Handler.dispatchMessage(Handler.java:110)
02-19 11:47:23.583  1563  1563 I EmojiCompatManager: 	at android.os.Looper.loopOnce(Looper.java:248)
02-19 11:47:23.583  1563  1563 I EmojiCompatManager: 	at android.os.Looper.loop(Looper.java:338)
02-19 11:47:23.583  1563  1563 I EmojiCompatManager: 	at android.app.ActivityThread.main(ActivityThread.java:9067)
02-19 11:47:23.583  1563  1563 I EmojiCompatManager: 	at java.lang.reflect.Method.invoke(Native Method)
02-19 11:47:23.583  1563  1563 I EmojiCompatManager: 	at com.android.internal.os.RuntimeInit$MethodAndArgsCaller.run(RuntimeInit.java:593)
02-19 11:47:23.583  1563  1563 I EmojiCompatManager: 	at com.android.internal.os.ZygoteInit.main(ZygoteInit.java:932)
02-19 11:47:23.586   752  1233 W PackageConfigPersister: App-specific configuration not found for packageName: com.google.android.apps.nexuslauncher and userId: 0
02-19 11:47:23.692  1341  1341 D InsetsController: hide(ime(), fromIme=false)
02-19 11:47:23.693  1341  1341 I ImeTracker: com.google.android.apps.nexuslauncher:3d40bcb5: onCancelled at PHASE_CLIENT_ALREADY_HIDDEN
02-19 11:47:23.896  1341  1341 D ScalingWorkspaceRevealAnim: alpha of workspace at the end of animation: 1.0
02-19 11:47:23.900  4449  4467 V WindowManagerShell: Transition animation finished (aborted=false), notifying core (#211) android.os.BinderProxy@227ab86@0
02-19 11:47:23.905   752   794 V WindowManager: Finish Transition (#211): created at 02-19 11:47:22.769 collect-started=0.044ms request-sent=7.534ms started=11.097ms ready=52.712ms sent=76.986ms commit=69.038ms finished=1133.748ms
02-19 11:47:23.906 24035 24035 D VRI[GraniteActivity]: visibilityChanged oldVisibility=true newVisibility=false
02-19 11:47:23.907  4449  4467 V WindowManagerShell: Track 0 became idle
02-19 11:47:23.907  4449  4467 V WindowManagerShell: All active transition animations finished
02-19 11:47:23.950   615   713 W IPCThreadState: Sending oneway calls to frozen process.
02-19 11:47:23.962 24035 24179 I ReactNativeJNI: Memory warning (pressure level: TRIM_MEMORY_UI_HIDDEN) received by JS VM, ignoring because it's non-severe
02-19 11:47:23.963 24035 26473 I ReactNativeJNI: Memory warning (pressure level: TRIM_MEMORY_UI_HIDDEN) received by JS VM, ignoring because it's non-severe
02-19 11:47:23.963 24035 26107 I ReactNativeJNI: Memory warning (pressure level: TRIM_MEMORY_UI_HIDDEN) received by JS VM, ignoring because it's non-severe
02-19 11:47:23.963 24035 26635 I ReactNativeJNI: Memory warning (pressure level: TRIM_MEMORY_UI_HIDDEN) received by JS VM, ignoring because it's non-severe
02-19 11:47:24.044   752  1095 D BackgroundInstallControlService: Package event received: 0
02-19 11:47:24.456   752  2375 W ActivityTaskManager: callingPackage for (uid=2000, pid=26707) has no WPC
02-19 11:47:24.456   752  2375 V GrammaticalInflectionUtils: AttributionSource: android.content.AttributionSource@56784557 does not have READ_SYSTEM_GRAMMATICAL_GENDER permission.
02-19 11:47:24.458   752  2375 W OptProp : Cannot read opt property android.window.PROPERTY_COMPAT_ALLOW_USER_ASPECT_RATIO_OVERRIDE
02-19 11:47:24.459   752  2375 W OptProp : Cannot read opt property android.window.PROPERTY_COMPAT_ALLOW_USER_ASPECT_RATIO_FULLSCREEN_OVERRIDE
02-19 11:47:24.461   752  2375 W OptProp : Cannot read opt property android.window.PROPERTY_COMPAT_ALLOW_RESIZEABLE_ACTIVITY_OVERRIDES
02-19 11:47:24.470   752  2375 W OptProp : Cannot read opt property android.window.PROPERTY_COMPAT_ALLOW_MIN_ASPECT_RATIO_OVERRIDE
02-19 11:47:24.474   531   548 I BpBinder: onLastStrongRef automatically unlinking death recipients: 
02-19 11:47:24.480  4449  4467 V WindowManagerShell: Transition requested (#212): android.os.BinderProxy@67ce6f8 TransitionRequestInfo { type = OPEN, triggerTask = TaskInfo{userId=0 taskId=46 effectiveUid=10217 displayId=0 isRunning=true baseIntent=Intent { act=android.intent.action.VIEW dat=intoss://takealook/... flg=0x10000000 cmp=viva.republica.toss.test/im.toss.rn.granite.core.GraniteActivity } baseActivity=ComponentInfo{viva.republica.toss.test/im.toss.rn.granite.core.GraniteActivity} topActivity=ComponentInfo{viva.republica.toss.test/im.toss.rn.granite.core.GraniteActivity} origActivity=null realActivity=ComponentInfo{viva.republica.toss.test/im.toss.rn.granite.core.GraniteActivity} numActivities=4 lastActiveTime=80716617 supportsMultiWindow=true resizeMode=1 isResizeable=true minWidth=-1 minHeight=-1 defaultMinSize=220 token=WCT{android.window.IWindowContainerToken$Stub$Proxy@d5e17d1} topActivityType=1 pictureInPictureParams=null shouldDockBigOverlays=false launchIntoPipHostTaskId=-1 lastParentTaskIdBeforePip=-1 displayCutoutSafeInsets=Rect(0, 0 - 0, 0) topActivityInfo=ActivityInfo{8f80236 im.toss.rn.granite.core.GraniteActivity} launchCookies=[] positionInParent=Point(0, 0) parentTaskId=-1 isFocused=false isVisible=false isVisibleRequested=false isTopActivityNoDisplay=false isSleeping=false locusId=null displayAreaFeatureId=1 isTopActivityTransparent=false isActivityStackTransparent=false lastNonFullscreenBounds=Rect(284, 660 - 796, 1740) capturedLink=null capturedLinkTimestamp=0 requestedVisibleTypes=-9 topActivityRequestOpenInBrowserEducationTimestamp=0 appCompatTaskInfo=AppCompatTaskInfo { topActivityInSizeCompat=false eligibleForLetterboxEducation= false isLetterboxEducationEnabled= true isLetterboxDoubleTapEnabled= false eligibleForUserAspectRatioButton= false topActivityBoundsLetterboxed= false isFromLetterboxDoubleTap= false topActivityLetterboxVerticalPosition= -1 topActivityLetterboxHorizontalPosition= -1 topActivityLetterboxWidth=-1 topActivityLetterboxHeight=-1 topActivityAppBounds=Rect(0, 0 - 1080, 2400) isUserFullscreenOverrideEnabled=false isSystemFullscreenOverrideEnabled=false hasMinAspectRatioOverride=false topActivityLetterboxBounds=null cameraCompatTaskInfo=CameraCompatTaskInfo { freeformCameraCompatMode=inactive}} topActivityMainWindowFrame=null}, pipChange = null, remoteTransition = null, displayChange = null, flags = 0, debugId = 212 }
02-19 11:47:24.480   752  2375 I ActivityTaskManager: START u0 {act=android.intent.action.VIEW dat=intoss://takealook/... flg=0x10000000 xflg=0x4 cmp=viva.republica.toss.test/im.toss.rn.granite.core.GraniteActivity} with LAUNCH_MULTIPLE from uid 2000 (BAL_ALLOW_PERMISSION) result code=2
02-19 11:47:24.480  4449  4467 D ShellSplitScreen: logExit: no-op, mLoggerSessionId is null
02-19 11:47:24.481  1341  1341 W SplitSelectStateCtor: Missing session instanceIds
02-19 11:47:24.481  1341  1341 D StatsLog: LAUNCHER_SPLIT_SELECTION_EXIT_INTERRUPTED
02-19 11:47:24.488 24035 24035 D ViewRootImpl: Skipping stats log for color mode
02-19 11:47:24.491   752  1095 D BackgroundInstallControlService: Package event received: 0
02-19 11:47:24.491  4449  4474 V SnapshotDrawerUtils: Drawing snapshot surface sizeMismatch=true
02-19 11:47:24.492   752  1095 D BackgroundInstallControlService: Package event received: 0
02-19 11:47:24.493   752  1095 D BackgroundInstallControlService: Package event received: 0
02-19 11:47:24.493   752  1095 D BackgroundInstallControlService: Package event received: 0
02-19 11:47:24.493   752  1095 D BackgroundInstallControlService: Package event received: 0
02-19 11:47:24.493   752  1095 D BackgroundInstallControlService: Package event received: 0
02-19 11:47:24.494  4449  4467 D WindowManagerShell: onActivityRestartAttempt: topActivity=ComponentInfo{viva.republica.toss.test/im.toss.rn.granite.core.GraniteActivity}, wasVisible=false
02-19 11:47:24.494  4449  4467 D WindowManagerShell: setLauncherKeepClearAreaHeight: visible=false, height=527
02-19 11:47:24.506   531   531 I BpBinder: onLastStrongRef automatically unlinking death recipients: 
02-19 11:47:24.516   615   715 W IPCThreadState: Sending oneway calls to frozen process.
02-19 11:47:24.524   752   794 V WindowManager: Sent Transition (#212) createdAt=02-19 11:47:24.470 via request=TransitionRequestInfo { type = OPEN, triggerTask = TaskInfo{userId=0 taskId=46 effectiveUid=10217 displayId=0 isRunning=true baseIntent=Intent { act=android.intent.action.VIEW dat=intoss://takealook/... flg=0x10000000 cmp=viva.republica.toss.test/im.toss.rn.granite.core.GraniteActivity } baseActivity=ComponentInfo{viva.republica.toss.test/im.toss.rn.granite.core.GraniteActivity} topActivity=ComponentInfo{viva.republica.toss.test/im.toss.rn.granite.core.GraniteActivity} origActivity=null realActivity=ComponentInfo{viva.republica.toss.test/im.toss.rn.granite.core.GraniteActivity} numActivities=4 lastActiveTime=80716617 supportsMultiWindow=true resizeMode=1 isResizeable=true minWidth=-1 minHeight=-1 defaultMinSize=220 token=WCT{RemoteToken{a585dcd Task{7745c88 #46 type=standard A=10217:viva.republica.toss.test}}} topActivityType=1 pictureInPictureParams=null shouldDockBigOverlays=false launchIntoPipHostTaskId=-1 lastParentTaskIdBeforePip=-1 displayCutoutSafeInsets=Rect(0, 0 - 0, 0) topActivityInfo=ActivityInfo{ce30a86 im.toss.rn.granite.core.GraniteActivity} launchCookies=[] positionInParent=Point(0, 0) parentTaskId=-1 isFocused=false isVisible=false isVisibleRequested=false isTopActivityNoDisplay=false isSleeping=false locusId=null displayAreaFeatureId=1 isTopActivityTransparent=false isActivityStackTransparent=false lastNonFullscreenBounds=Rect(284, 660 - 796, 1740) capturedLink=null capturedLinkTimestamp=0 requestedVisibleTypes=-9 topActivityRequestOpenInBrowserEducationTimestamp=0 appCompatTaskInfo=AppCompatTaskInfo { topActivityInSizeCompat=false eligibleForLetterboxEducation= false isLetterboxEducationEnabled= true isLetterboxDoubleTapEnabled= false eligibleForUserAspectRatioButton= false topActivityBoundsLetterboxed= false isFromLetterboxDoubleTap= false topActivityLetterboxVerticalPosition= -1 topActivityLetterboxHorizontalPosition= -1 topActivityLetterboxWidth=-1 topActivityLetterboxHeight=-1 topActivityAppBounds=Rect(0, 0 - 1080, 2400) isUserFullscreenOverrideEnabled=false isSystemFullscreenOverrideEnabled=false hasMinAspectRatioOverride=false topActivityLetterboxBounds=null cameraCompatTaskInfo=CameraCompatTaskInfo { freeformCameraCompatMode=inactive}} topActivityMainWindowFrame=null}, pipChange = null, remoteTransition = null, displayChange = null, flags = 0, debugId = 212 }
02-19 11:47:24.524   752   794 V WindowManager:     startWCT=WindowContainerTransaction { changes= {} hops= [] errorCallbackToken=null taskFragmentOrganizer=null }
02-19 11:47:24.525   752   794 V WindowManager:     info={id=212 t=OPEN f=0x0 trk=0 r=[0@Point(0, 0)] c=[
02-19 11:47:24.525   752   794 V WindowManager:         {WCT{RemoteToken{a585dcd Task{7745c88 #46 type=standard A=10217:viva.republica.toss.test}}} m=TO_FRONT f=MOVE_TO_TOP leash=Surface(name=Task=46)/@0xe2d6cf7 sb=Rect(0, 0 - 1080, 2400) eb=Rect(0, 0 - 1080, 2400) epz=Point(1080, 2400) d=0 taskParent=-1},
02-19 11:47:24.525   752   794 V WindowManager:         {WCT{RemoteToken{5218fe8 Task{dd43522 #1 type=home}}} m=TO_BACK f=SHOW_WALLPAPER leash=Surface(name=Task=1)/@0x8ddbd2e sb=Rect(0, 0 - 1080, 2400) eb=Rect(0, 0 - 1080, 2400) epz=Point(1080, 2400) d=0 taskParent=-1},
02-19 11:47:24.525   752   794 V WindowManager:         {m=TO_BACK f=IS_WALLPAPER leash=Surface(name=WallpaperWindowToken{35e0c0f showWhenLocked=false})/@0x512f5be sb=Rect(0, 0 - 1080, 2400) eb=Rect(0, 0 - 1080, 2400) epz=Point(1080, 2400) d=0}
02-19 11:47:24.525   752   794 V WindowManager:     ]}
02-19 11:47:24.526  4449  4488 V WindowManagerShell: onTransitionReady(transaction=3229815412386)
02-19 11:47:24.526  4449  4467 V WindowManagerShell: onTransitionReady (#212) android.os.BinderProxy@67ce6f8: {id=212 t=OPEN f=0x0 trk=0 r=[0@Point(0, 0)] c=[
02-19 11:47:24.526  4449  4467 V WindowManagerShell:         {m=TO_FRONT f=MOVE_TO_TOP leash=Surface(name=Task=46)/@0x45b600d sb=Rect(0, 0 - 1080, 2400) eb=Rect(0, 0 - 1080, 2400) epz=Point(1080, 2400) d=0 taskParent=-1},
02-19 11:47:24.526  4449  4467 V WindowManagerShell:         {m=TO_BACK f=SHOW_WALLPAPER leash=Surface(name=Task=1)/@0x93a0bc2 sb=Rect(0, 0 - 1080, 2400) eb=Rect(0, 0 - 1080, 2400) epz=Point(1080, 2400) d=0 taskParent=-1},
02-19 11:47:24.526  4449  4467 V WindowManagerShell:         {m=TO_BACK f=IS_WALLPAPER leash=Surface(name=WallpaperWindowToken{35e0c0f showWhenLocked=false})/@0x7584dd3 sb=Rect(0, 0 - 1080, 2400) eb=Rect(0, 0 - 1080, 2400) epz=Point(1080, 2400) d=0}
02-19 11:47:24.526  4449  4467 V WindowManagerShell:     ]}
02-19 11:47:24.527  4449  4467 V WindowManagerShell: Playing animation for (#212) android.os.BinderProxy@67ce6f8@0
02-19 11:47:24.527  4449  4467 V ShellRecents: RecentsTransitionHandler.startAnimation: no controller found
02-19 11:47:24.527  4449  4467 V WindowManagerShell: Transition doesn't have explicit remote, search filters for match for {id=212 t=OPEN f=0x0 trk=0 r=[0@Point(0, 0)] c=[{m=TO_FRONT f=MOVE_TO_TOP leash=Surface(name=Task=46)/@0x45b600d sb=Rect(0, 0 - 1080, 2400) eb=Rect(0, 0 - 1080, 2400) epz=Point(1080, 2400) d=0 taskParent=-1},{m=TO_BACK f=SHOW_WALLPAPER leash=Surface(name=Task=1)/@0x93a0bc2 sb=Rect(0, 0 - 1080, 2400) eb=Rect(0, 0 - 1080, 2400) epz=Point(1080, 2400) d=0 taskParent=-1},{m=TO_BACK f=IS_WALLPAPER leash=Surface(name=WallpaperWindowToken{35e0c0f showWhenLocked=false})/@0x7584dd3 sb=Rect(0, 0 - 1080, 2400) eb=Rect(0, 0 - 1080, 2400) epz=Point(1080, 2400) d=0}]}
02-19 11:47:24.528  4449  4467 V WindowManagerShell:  Checking filter Pair{{types=[] flags=0x0] notFlags=0x0 checks=[{atype=undefined independent=true modes=[CLOSE,TO_BACK] flags=IN_TASK_WITH_EMBEDDED_ACTIVITY mustBeTask=false order=ANY topActivity=null launchCookie=null taskFragmentToken=android.os.BinderProxy@188d51a windowingMode=undefined}]} RemoteTransition { remoteTransition = android.window.IRemoteTransition$Stub$Proxy@44cd84b, appThread = android.app.IApplicationThread$Stub$Proxy@3a12228, debugName = overlayBackTransition }}
02-19 11:47:24.528  4449  4467 V WindowManagerShell:  Checking filter Pair{{types=[] flags=0x0] notFlags=0x0 checks=[{atype=dream independent=true modes=[OPEN,TO_FRONT] flags=NONE mustBeTask=false order=ANY topActivity=null launchCookie=null windowingMode=undefined},{atype=home independent=true modes=[CLOSE,TO_BACK] flags=NONE mustBeTask=false order=ANY topActivity=null launchCookie=null windowingMode=undefined}]} RemoteTransition { remoteTransition = android.window.IRemoteTransition$Stub$Proxy@6f3eb41, appThread = android.app.IApplicationThread$Stub$Proxy@ccf28e6, debugName = LauncherToDream }}
02-19 11:47:24.528  4449  4467 V WindowManagerShell:  Checking filter Pair{{types=[] flags=0x0] notFlags=0x100 checks=[{atype=home independent=true modes=[OPEN,TO_FRONT] flags=NONE mustBeTask=false order=TOP topActivity=ComponentInfo{com.google.android.apps.nexuslauncher/com.google.android.apps.nexuslauncher.NexusLauncherActivity} launchCookie=null windowingMode=undefined},{atype=standard independent=true modes=[CLOSE,TO_BACK] flags=NONE mustBeTask=false order=ANY topActivity=null launchCookie=null windowingMode=undefined},{NOT atype=undefined independent=true modes=[] flags=NONE mustBeTask=true order=ANY topActivity=null launchCookie=null customAnim=true windowingMode=undefined}]} RemoteTransition { remoteTransition = android.window.IRemoteTransition$Stub$Proxy@a8eae27, appThread = android.app.IApplicationThread$Stub$Proxy@fa38d4, debugName = QuickstepLaunchHome }}
02-19 11:47:24.528  4449  4467 V WindowManagerShell:  Delegate animation for (#212) to null
02-19 11:47:24.528  4449  4467 V WindowManagerShell: start default transition animation, info = {id=212 t=OPEN f=0x0 trk=0 r=[0@Point(0, 0)] c=[{m=TO_FRONT f=MOVE_TO_TOP leash=Surface(name=Task=46)/@0x45b600d sb=Rect(0, 0 - 1080, 2400) eb=Rect(0, 0 - 1080, 2400) epz=Point(1080, 2400) d=0 taskParent=-1},{m=TO_BACK f=SHOW_WALLPAPER leash=Surface(name=Task=1)/@0x93a0bc2 sb=Rect(0, 0 - 1080, 2400) eb=Rect(0, 0 - 1080, 2400) epz=Point(1080, 2400) d=0 taskParent=-1},{m=TO_BACK f=IS_WALLPAPER leash=Surface(name=WallpaperWindowToken{35e0c0f showWhenLocked=false})/@0x7584dd3 sb=Rect(0, 0 - 1080, 2400) eb=Rect(0, 0 - 1080, 2400) epz=Point(1080, 2400) d=0}]}
02-19 11:47:24.528  4449  4467 V WindowManagerShell: loadAnimation: anim=android.view.animation.AnimationSet@b6af009 animAttr=0x13 type=OPEN isEntrance=false
02-19 11:47:24.528  4449  4467 V WindowManagerShell: loadAnimation: anim=android.view.animation.AnimationSet@1a1220e animAttr=0x12 type=OPEN isEntrance=true
02-19 11:47:24.546  4449  4467 V WindowManagerShell:  animated by com.android.wm.shell.transition.DefaultTransitionHandler@f74d823
02-19 11:47:24.576 24035 26710 W unknown:ReconnectingWebSocket: Couldn't connect to "ws://10.0.2.2:8081/message?device=sdk_gphone64_x86_64%20-%2016%20-%20API%2036&app=viva.republica.toss.test&clientid=BridgeDevSupportManager", will silently retry
02-19 11:47:24.867  4449  4467 V WindowManagerShell: Transition animation finished (aborted=false), notifying core (#212) android.os.BinderProxy@67ce6f8@0
02-19 11:47:24.869   752   794 V WindowManager: Finish Transition (#212): created at 02-19 11:47:24.470 collect-started=0.157ms request-sent=8.633ms started=22.245ms ready=22.214ms sent=47.335ms commit=14.709ms finished=397.608ms
02-19 11:47:24.870  1341  1341 D VRI[NexusLauncherActivity]: visibilityChanged oldVisibility=true newVisibility=false
02-19 11:47:24.908  4449  4467 V WindowManagerShell: Track 0 became idle
02-19 11:47:24.908  4449  4467 V WindowManagerShell: All active transition animations finished
02-19 11:47:24.911 24035 26635 D ReactNativeJS: '[Analytics]', '{\n  "log_type": "screen",\n  "log_name": "/::screen",\n  "params": {\n    "referrer": null,\n    "deployment_id": "local",\n    "deployment_timestamp": null\n  }\n}'
02-19 11:47:24.925  1341  1341 D NexusLauncherModelDelegate: notifySmartspaceEvent: SmartspaceTargetEvent{mSmartspaceTarget=null, mSmartspaceActionId='null', mEventType=7}
02-19 11:47:25.003  1341  1341 D BaseDepthController: setSurface:
02-19 11:47:25.003  1341  1341 D BaseDepthController: 	mWaitingOnSurfaceValidity: false
02-19 11:47:25.003  1341  1341 D BaseDepthController: 	mBaseSurface: null
02-19 11:47:25.004  1341  1341 D BaseDepthController: mSurface is null and mCurrentBlur is: 0
02-19 11:47:25.004  1341  1341 D StateManager: goToState - fromState: Normal, toState: Normal, partial trace:
02-19 11:47:25.004  1341  1341 D StateManager: 	at com.android.launcher3.statemanager.StateManager.moveToRestState(go/retraceme 72a59688580715d19f0e415c69e80376c2f062d1648c80db6730905005a27c20:4)
02-19 11:47:25.004  1341  1341 D StateManager: 	at com.android.launcher3.statemanager.StateManager.moveToRestState(go/retraceme 72a59688580715d19f0e415c69e80376c2f062d1648c80db6730905005a27c20:1)
02-19 11:47:25.004  1341  1341 D StateManager: 	at com.android.launcher3.statemanager.StatefulActivity.onStop(go/retraceme 72a59688580715d19f0e415c69e80376c2f062d1648c80db6730905005a27c20:34)
02-19 11:47:25.005  1341  1341 D StatsLog: LAUNCHER_ONSTOP
02-19 11:47:25.006  1341  1341 D StatsLog: LAUNCHER_GOOGLE_SEARCH_RESTORE_LIST_SIZE_AFTER_ACTIVITY_RESTART
02-19 11:47:25.126   752   775 I system_server: NativeAlloc concurrent mark compact GC freed 23MB AllocSpace bytes, 38(816KB) LOS objects, 43% free, 31MB/55MB, paused 2.396ms,3.981ms total 1.172s
02-19 11:47:25.126   752   776 I BpBinder: onLastStrongRef automatically unlinking death recipients: 
02-19 11:47:25.350  1336  1556 D SatelliteController: iisInCarrierRoamingNbIotNtn: satellite is disabled
02-19 11:47:25.374  1341  1341 D SharedPreferencesImpl: Time required to fsync /data/user/0/com.google.android.apps.nexuslauncher/shared_prefs/com.android.launcher3.prefs.xml: [<1: 0, <2: 0, <4: 3, <8: 30, <16: 40, <32: 40, <64: 24, <128: 3, <256: 2, <512: 4, <1024: 0, <2048: 0, <4096: 0, <8192: 0, <16384: 0, >=16384: 0]
02-19 11:47:25.379   752   989 I ImeTracker: viva.republica.toss.test:f9d0c551: onRequestHide at ORIGIN_SERVER reason HIDE_UNSPECIFIED_WINDOW fromUser false
02-19 11:47:25.386   752  1095 D BackgroundInstallControlService: Package event received: 0
02-19 11:47:25.387 24035 24035 D InsetsController: hide(ime(), fromIme=false)
02-19 11:47:25.387 24035 24035 I ImeTracker: viva.republica.toss.test:f9d0c551: onCancelled at PHASE_CLIENT_ALREADY_HIDDEN
02-19 11:47:25.408  1563  1563 I GoogleInputMethodService: GoogleInputMethodService.onFinishInput():2043 
02-19 11:47:25.417  1563  1563 I Module  : DeviceLockedStatusModuleProvider$Module.updateDeviceLockedStatus():100 repeatCheckTimes = 0, locked = false
02-19 11:47:25.419  1563  1563 I GoogleInputMethodService: GoogleInputMethodService.onStartInput():1293 onStartInput(EditorInfo{EditorInfo{packageName=viva.republica.toss.test, inputType=0, inputTypeString=NULL, enableLearning=false, autoCorrection=false, autoComplete=false, imeOptions=0, privateImeOptions=null, actionName=UNSPECIFIED, actionLabel=null, initialSelStart=-1, initialSelEnd=-1, initialCapsMode=0, label=null, fieldId=0, fieldName=null, extras=null, hintText=null, hintLocales=[]}}, false)
02-19 11:47:25.423   752  1454 I ImeTracker: system_server:43b3af45: onRequestHide at ORIGIN_SERVER reason IME_REQUESTED_CHANGED_LISTENER fromUser false
02-19 11:47:25.423  1563  1563 I Module  : DeviceLockedStatusModuleProvider$Module.updateDeviceLockedStatus():100 repeatCheckTimes = 1, locked = false
02-19 11:47:25.424   752   797 I ImeTracker: system_server:43b3af45: onCancelled at PHASE_SERVER_SHOULD_HIDE
02-19 11:47:25.424  1563  1563 I EmojiCompatManager: EmojiCompatManager.getEmojiCompatIfLoaded():343 EmojiCompat.init() was never called.
02-19 11:47:25.424  1563  1563 I EmojiCompatManager: java.lang.IllegalStateException: EmojiCompat is not initialized. Please call EmojiCompat.init() first
02-19 11:47:25.424  1563  1563 I EmojiCompatManager: 	at asx.p(PG:6)
02-19 11:47:25.424  1563  1563 I EmojiCompatManager: 	at axb.b(PG:13)
02-19 11:47:25.424  1563  1563 I EmojiCompatManager: 	at jnr.b(PG:2)
02-19 11:47:25.424  1563  1563 I EmojiCompatManager: 	at jnr.c(PG:4)
02-19 11:47:25.424  1563  1563 I EmojiCompatManager: 	at jnr.f(PG:3)
02-19 11:47:25.424  1563  1563 I EmojiCompatManager: 	at jnx.c(PG:3)
02-19 11:47:25.424  1563  1563 I EmojiCompatManager: 	at kif.cz(PG:47)
02-19 11:47:25.424  1563  1563 I EmojiCompatManager: 	at lhl.run(PG:1025)
02-19 11:47:25.424  1563  1563 I EmojiCompatManager: 	at jaf.execute(PG:12)
02-19 11:47:25.424  1563  1563 I EmojiCompatManager: 	at nco.v(PG:13)
02-19 11:47:25.424  1563  1563 I EmojiCompatManager: 	at lhn.m(PG:96)
02-19 11:47:25.424  1563  1563 I EmojiCompatManager: 	at lhn.k(PG:25)
02-19 11:47:25.424  1563  1563 I EmojiCompatManager: 	at kgn.onStartInput(PG:250)
02-19 11:47:25.424  1563  1563 I EmojiCompatManager: 	at android.inputmethodservice.InputMethodService.doStartInput(InputMethodService.java:3521)
02-19 11:47:25.424  1563  1563 I EmojiCompatManager: 	at android.inputmethodservice.InputMethodService$InputMethodImpl.startInput(InputMethodService.java:879)
02-19 11:47:25.424  1563  1563 I EmojiCompatManager: 	at android.inputmethodservice.InputMethodService$InputMethodImpl.dispatchStartInput(InputMethodService.java:908)
02-19 11:47:25.424  1563  1563 I EmojiCompatManager: 	at android.inputmethodservice.IInputMethodWrapper.executeMessage(IInputMethodWrapper.java:201)
02-19 11:47:25.424  1563  1563 I EmojiCompatManager: 	at com.android.internal.os.HandlerCaller$MyHandler.handleMessage(HandlerCaller.java:44)
02-19 11:47:25.424  1563  1563 I EmojiCompatManager: 	at android.os.Handler.dispatchMessage(Handler.java:110)
02-19 11:47:25.424  1563  1563 I EmojiCompatManager: 	at android.os.Looper.loopOnce(Looper.java:248)
02-19 11:47:25.424  1563  1563 I EmojiCompatManager: 	at android.os.Looper.loop(Looper.java:338)
02-19 11:47:25.424  1563  1563 I EmojiCompatManager: 	at android.app.ActivityThread.main(ActivityThread.java:9067)
02-19 11:47:25.424  1563  1563 I EmojiCompatManager: 	at java.lang.reflect.Method.invoke(Native Method)
02-19 11:47:25.424  1563  1563 I EmojiCompatManager: 	at com.android.internal.os.RuntimeInit$MethodAndArgsCaller.run(RuntimeInit.java:593)
02-19 11:47:25.424  1563  1563 I EmojiCompatManager: 	at com.android.internal.os.ZygoteInit.main(ZygoteInit.java:932)
02-19 11:47:25.425   752  2375 W PackageConfigPersister: App-specific configuration not found for packageName: viva.republica.toss.test and userId: 0
02-19 11:47:26.454 24035 24035 I Choreographer: Skipped 35 frames!  The application may be doing too much work on its main thread.
02-19 11:47:26.568   752  2375 W ActivityTaskManager: callingPackage for (uid=2000, pid=26714) has no WPC
02-19 11:47:26.572   752  2375 V GrammaticalInflectionUtils: AttributionSource: android.content.AttributionSource@56784557 does not have READ_SYSTEM_GRAMMATICAL_GENDER permission.
02-19 11:47:26.573   752  2375 W OptProp : Cannot read opt property android.window.PROPERTY_COMPAT_ALLOW_USER_ASPECT_RATIO_OVERRIDE
02-19 11:47:26.573   752  2375 W OptProp : Cannot read opt property android.window.PROPERTY_COMPAT_ALLOW_USER_ASPECT_RATIO_FULLSCREEN_OVERRIDE
02-19 11:47:26.573   752  2375 W OptProp : Cannot read opt property android.window.PROPERTY_COMPAT_ALLOW_RESIZEABLE_ACTIVITY_OVERRIDES
02-19 11:47:26.575   752  2375 W OptProp : Cannot read opt property android.window.PROPERTY_COMPAT_ALLOW_MIN_ASPECT_RATIO_OVERRIDE
02-19 11:47:26.586  4449  4582 D KeyguardService: setOccluded(false)
02-19 11:47:26.586  4449  4582 D KeyguardViewMediator: setOccluded(false)
02-19 11:47:26.586   752  2375 I ActivityTaskManager: START u0 {act=android.intent.action.VIEW dat=intoss://takealook/... flg=0x10000000 xflg=0x4 cmp=viva.republica.toss.test/im.toss.rn.granite.core.GraniteActivity} with LAUNCH_MULTIPLE from uid 2000 (BAL_ALLOW_PERMISSION) result code=3
02-19 11:47:26.587   531   590 I BpBinder: onLastStrongRef automatically unlinking death recipients: 
