02-19 13:48:57.548   617   617 D BaseDepthController: mSurface is null and mCurrentBlur is: 0
02-19 13:48:57.550   617   617 D KeyboardInsetsHandler: setState, toState:Background StateManager(mLastStableState:Normal, mCurrentStableState:Normal, mState:Background, mRestState:Normal, isInTransition:false)
02-19 13:48:57.550   617   617 D StateManager: onStateTransitionEnd - state: Background
02-19 13:48:57.558   617   617 D RecentsView: updateTaskStackListenerState: true
02-19 13:48:57.559   617   617 D RecentsView: reloadIfNeeded - getTasks: 132
02-19 13:48:57.559   617   617 D NexusLauncherModelDelegate: notifySmartspaceEvent: SmartspaceTargetEvent{mSmartspaceTarget=null, mSmartspaceActionId='null', mEventType=6}
02-19 13:48:57.635   531   590 I BpBinder: onLastStrongRef automatically unlinking death recipients: 
02-19 13:48:57.641   752  1095 D BackgroundInstallControlService: Package event received: 0
02-19 13:48:57.683   752   795 W ActivityTaskManager: callingPackage for (uid=-1, pid=0) has no WPC
02-19 13:48:57.684   752   795 W ActivityStartInterceptor: Starting home with component specified, uid=0
02-19 13:48:57.685   752   795 W OptProp : Cannot read opt property android.window.PROPERTY_COMPAT_ALLOW_USER_ASPECT_RATIO_OVERRIDE
02-19 13:48:57.686   752   795 W OptProp : Cannot read opt property android.window.PROPERTY_COMPAT_ALLOW_USER_ASPECT_RATIO_FULLSCREEN_OVERRIDE
02-19 13:48:57.686   752   795 W OptProp : Cannot read opt property android.window.PROPERTY_COMPAT_ALLOW_RESIZEABLE_ACTIVITY_OVERRIDES
02-19 13:48:57.686   752   795 W OptProp : Cannot read opt property android.window.PROPERTY_COMPAT_ALLOW_MIN_ASPECT_RATIO_OVERRIDE
02-19 13:48:57.687   752   795 V GrammaticalInflectionUtils: AttributionSource: android.content.AttributionSource@1abea79a does not have READ_SYSTEM_GRAMMATICAL_GENDER permission.
02-19 13:48:57.688   752   795 V WindowManager: Moving #442 from collecting to waiting.
02-19 13:48:57.688   752   795 E BLASTSyncEngine: SyncGroup 443: Started when there is other active SyncGroup
02-19 13:48:57.688  4449  4449 I vol.VolumeDialogImpl: mDialog.dismiss() reason: volume_controller from: com.android.systemui.volume.VolumeDialogImpl$7.onDismissRequested:3
02-19 13:48:57.688  4449  4449 D vol.VolumeDialogImpl: dismissH: skipping dismiss because isAnimatingDismiss is true and showingStateInconsistent is false
02-19 13:48:57.690  4449  4582 D KeyguardService: setOccluded(false)
02-19 13:48:57.691  4449  4582 D KeyguardViewMediator: setOccluded(false)
02-19 13:48:57.691  4449  4449 D KeyguardViewMediator: handleSetOccluded(false)
02-19 13:48:57.691  4449  4449 D KeyguardViewMediator: KeyguardViewMediator queue processing message: SET_OCCLUDED
02-19 13:48:57.692   752   795 I ActivityTaskManager: START u0 {act=android.intent.action.MAIN cat=[android.intent.category.HOME] flg=0x10000100 cmp=com.google.android.apps.nexuslauncher/.NexusLauncherActivity (has extras)} with LAUNCH_SINGLE_TASK from uid 0 (BAL_ALLOW_ALLOWLISTED_UID) result code=3
02-19 13:48:57.693  4449  4467 D WindowManagerShell: onActivityRestartAttempt: topActivity=ComponentInfo{com.google.android.apps.nexuslauncher/com.google.android.apps.nexuslauncher.NexusLauncherActivity}, wasVisible=false
02-19 13:48:57.707   617   617 D BaseDepthController: setSurface:
02-19 13:48:57.707   617   617 D BaseDepthController: 	mWaitingOnSurfaceValidity: false
02-19 13:48:57.707   617   617 D BaseDepthController: 	mBaseSurface: Surface(name=com.google.android.apps.nexuslauncher/com.google.android.apps.nexuslauncher.NexusLauncherActivity)/@0x2710b18
02-19 13:48:57.737   617   617 D ActivityAllAppsContainerView: rebindAdapters: force: false
02-19 13:48:57.737   617   617 D ActivityAllAppsContainerView: rebindAdapters: Not needed.
02-19 13:48:57.739   617   617 D RecentsView: applyLoadPlan - taskGroups: [type=SINGLE task=[id=12 windowingMode=0 user=0 lastActiveTime=89737] null, type=SINGLE task=[id=49 windowingMode=1 user=0 lastActiveTime=87698314] null, type=SINGLE task=[id=56 windowingMode=1 user=0 lastActiveTime=88005408] null]
02-19 13:48:57.741  4449  4582 V WindowManagerShell: onTransitionReady(transaction=3229815419851)
02-19 13:48:57.742  4449  4467 V WindowManagerShell: onTransitionReady (#442) android.os.BinderProxy@77306af: {id=442 t=TO_FRONT f=0x80 trk=0 r=[0@Point(0, 0)] c=[
02-19 13:48:57.742  4449  4467 V WindowManagerShell:         {m=TO_FRONT f=SHOW_WALLPAPER|MOVE_TO_TOP leash=Surface(name=Task=1)/@0x6014cfd sb=Rect(0, 0 - 1080, 2400) eb=Rect(0, 0 - 1080, 2400) epz=Point(1080, 2400) d=0 taskParent=-1},
02-19 13:48:57.742  4449  4467 V WindowManagerShell:         {m=TO_BACK f=NONE leash=Surface(name=Task=56)/@0xcb10df2 sb=Rect(0, 0 - 1080, 2400) eb=Rect(0, 0 - 1080, 2400) epz=Point(1080, 2400) d=0 taskParent=-1},
02-19 13:48:57.742  4449  4467 V WindowManagerShell:         {m=TO_FRONT f=IS_WALLPAPER leash=Surface(name=WallpaperWindowToken{35e0c0f showWhenLocked=false})/@0x4cedc43 sb=Rect(0, 0 - 1080, 2400) eb=Rect(0, 0 - 1080, 2400) epz=Point(1080, 2400) d=0}
02-19 13:48:57.742  4449  4467 V WindowManagerShell:     ]}
02-19 13:48:57.742  4449  4467 V WindowManagerShell: Playing animation for (#442) android.os.BinderProxy@77306af@0
02-19 13:48:57.742  4449  4467 V WindowManagerShell:  try firstHandler com.android.wm.shell.recents.RecentsTransitionHandler@bc47314
02-19 13:48:57.742  4449  4467 V ShellRecents: [39672508] RecentsController.start
02-19 13:48:57.743   752   794 V WindowManager: Sent Transition (#442) createdAt=02-19 13:48:56.121
02-19 13:48:57.743  4449  4467 V ShellRecents:   not handling home taskId=1
02-19 13:48:57.743   752   794 V WindowManager:     startWCT=WindowContainerTransaction { changes= {} hops= [{pendingIntent: options=Bundle[{android.activity.splashScreenStyle=-1, android.activity.sourceInfo=android.app.ActivityOptions$SourceInfo@1d2c1d8, android.pendingIntent.backgroundActivityAllowed=3, android:activity.animAbortListener=null, android.activity.transientLaunch=true}]}] errorCallbackToken=null taskFragmentOrganizer=null }
02-19 13:48:57.743   752   794 V WindowManager:     info={id=442 t=TO_FRONT f=0x80 trk=0 r=[0@Point(0, 0)] c=[
02-19 13:48:57.743   752   794 V WindowManager:         {WCT{RemoteToken{5218fe8 Task{dd43522 #1 type=home}}} m=TO_FRONT f=SHOW_WALLPAPER|MOVE_TO_TOP leash=Surface(name=Task=1)/@0x8ddbd2e sb=Rect(0, 0 - 1080, 2400) eb=Rect(0, 0 - 1080, 2400) epz=Point(1080, 2400) d=0 taskParent=-1},
02-19 13:48:57.743   752   794 V WindowManager:         {WCT{RemoteToken{29715c6 Task{fa7be33 #56 type=standard A=10217:viva.republica.toss.test}}} m=TO_BACK f=NONE leash=Surface(name=Task=56)/@0xf76b753 sb=Rect(0, 0 - 1080, 2400) eb=Rect(0, 0 - 1080, 2400) epz=Point(1080, 2400) d=0 taskParent=-1},
02-19 13:48:57.743   752   794 V WindowManager:         {m=TO_FRONT f=IS_WALLPAPER leash=Surface(name=WallpaperWindowToken{35e0c0f showWhenLocked=false})/@0x512f5be sb=Rect(0, 0 - 1080, 2400) eb=Rect(0, 0 - 1080, 2400) epz=Point(1080, 2400) d=0}
02-19 13:48:57.743   752   794 V WindowManager:     ]}
02-19 13:48:57.744  4449  4467 V ShellRecents:   adding pausing leaf taskId=56 at layer=8
02-19 13:48:57.744   617   869 I s.nexuslauncher: AssetManager2(0x7d8fac452b18) locale list changing from [] to [en-US]
02-19 13:48:57.744  4449  4467 V ShellRecents: Applying transaction=3229815419851
02-19 13:48:57.745   617   617 W SplitSelectStateCtor: Missing session instanceIds
02-19 13:48:57.746   531   531 I BpBinder: onLastStrongRef automatically unlinking death recipients: 
02-19 13:48:57.746   617   617 D StatsLog: LAUNCHER_SPLIT_SELECTION_EXIT_INTERRUPTED
02-19 13:48:57.747   617   617 D ContextTracker: handleIntent: mCallbacks=[com.android.launcher3.LauncherInitListener@aba3b18]
02-19 13:48:57.748   617   617 D TFOManager: playPanelCloseAnimation() duration=200 traceTag=LauncherOverlay-hide isHomeButtonTap=true
02-19 13:48:57.748   617   617 D TFOManager: Skipped creating panel close animation because -1 is invisible.
02-19 13:48:57.748   617   617 D OverviewCommandHelper: clearing pending commands: [CommandInfo(type=TOGGLE, status=PROCESSING, createTime=88009951, animationCallbacks=com.android.quickstep.RecentsAnimationCallbacks@933ea, displayId=0, isLastOfBatch=true)]
02-19 13:48:57.750  4449  4467 V ShellRecents: No matching remote found to takeover (#442)
02-19 13:48:57.751  4449  4467 V ShellSplitScreen: getSplitBoundsForTaskId: expected split bounds for taskId=56 but not found
02-19 13:48:57.751  4449  4467 V ShellRecents: [39672508] RecentsController.start: calling onAnimationStart with 2 apps
02-19 13:48:57.756   531   548 I BpBinder: onLastStrongRef automatically unlinking death recipients: 
02-19 13:48:57.758  4449  4467 V WindowManagerShell:  animated by firstHandler
02-19 13:48:57.759   617   617 D OverviewCommandHelper: recents animation started: CommandInfo(type=TOGGLE, status=PROCESSING, createTime=88009951, animationCallbacks=com.android.quickstep.RecentsAnimationCallbacks@933ea, displayId=0, isLastOfBatch=true)
02-19 13:48:57.759   617   617 D StatsLog: LAUNCHER_OVERVIEW_SHOW_OVERVIEW_FROM_3_BUTTON
02-19 13:48:57.759   617   617 D OverviewCommandHelper: recents animation started - onInitBackgroundStateUI: CommandInfo(type=TOGGLE, status=PROCESSING, createTime=88009951, animationCallbacks=com.android.quickstep.RecentsAnimationCallbacks@933ea, displayId=0, isLastOfBatch=true)
02-19 13:48:57.763   617   617 D RemoteTargetGluer: appCount: 1 handleLength: 4
02-19 13:48:57.763   617   617 D RemoteTargetGluer: resizing handles
02-19 13:48:57.764   617   617 D RemoteTargetGluer: containsSplitTargets? false handleLength: 1 appsLength: 1
02-19 13:48:57.764   617   617 D RecentsView: setRecentsAnimationTargets - recentsAnimationController: com.android.quickstep.RecentsAnimationController@4178a4f, recentsAnimationTargets: com.android.quickstep.RecentsAnimationTargets@24425dc
02-19 13:48:57.764   617   617 D RemoteTargetGluer: appCount: 1 handleLength: 1
02-19 13:48:57.764   617   617 D RemoteTargetGluer: containsSplitTargets? false handleLength: 1 appsLength: 1
02-19 13:48:57.765   617   617 D RecentsView: onPrepareGestureEndAnimation - endTarget: RECENTS
02-19 13:48:57.801  4449  4467 V ShellRecents: [39672508] RecentsController.setInputConsumerEnabled: set focus to recents
02-19 13:48:57.924   617   869 W HWUI    : Image decoding logging dropped!
02-19 13:48:58.149   617   617 D StateManager: goToState - fromState: Background, toState: Overview, partial trace:
02-19 13:48:58.149   617   617 D StateManager: 	at com.android.quickstep.BaseActivityInterface$DefaultAnimationFactory.lambda$createContainerInterface$0(go/retraceme 72a59688580715d19f0e415c69e80376c2f062d1648c80db6730905005a27c20:28)
02-19 13:48:58.149   617   617 D StateManager: 	at com.android.quickstep.BaseActivityInterface$DefaultAnimationFactory.a(go/retraceme 72a59688580715d19f0e415c69e80376c2f062d1648c80db6730905005a27c20:1)
02-19 13:48:58.149   617   617 D StateManager: 	at com.android.quickstep.y.run(go/retraceme 72a59688580715d19f0e415c69e80376c2f062d1648c80db6730905005a27c20:5)
02-19 13:48:58.152   617   617 D StatsLog: LAUNCHER_ONRESUME
02-19 13:48:58.154   617   617 D StateManager: onStateTransitionStart - state: Overview
02-19 13:48:58.154  4449  4467 D WindowManagerShell: setLauncherKeepClearAreaHeight: visible=true, height=527
02-19 13:48:58.157   752  1095 D BackgroundInstallControlService: Package event received: 0
02-19 13:48:58.159   617   617 D KeyboardInsetsHandler: setState, toState:Overview StateManager(mLastStableState:Normal, mCurrentStableState:Background, mState:Overview, mRestState:Normal, isInTransition:false)
02-19 13:48:58.161   617   617 D StateManager: onStateTransitionEnd - state: Overview
02-19 13:48:58.161   488  1424 I RanchuHwc: logCompositionFallbackIfChanged: layer 809 CompositionType fallback from 2 to 1
02-19 13:48:58.161   488  1424 I RanchuHwc: logCompositionFallbackIfChanged: layer 810 CompositionType fallback from 2 to 1
02-19 13:48:58.170   617   617 I AiAiSuggestUi: Clearing suggestions.
02-19 13:48:58.170   617   617 I AiAiSuggestUi: Requesting to show indicators
02-19 13:48:58.170   617   617 I AiAiSuggestUi: Fetching contents, isPrimaryTask = true
02-19 13:48:58.181   617   617 D StatsLog: LAUNCHER_OVERVIEW_GESTURE
02-19 13:48:58.182   617   617 D OverviewCommandHelper: switching via recents animation - onTransitionComplete: CommandInfo(type=TOGGLE, status=PROCESSING, createTime=88009951, animationCallbacks=com.android.quickstep.RecentsAnimationCallbacks@933ea, displayId=0, isLastOfBatch=true)
02-19 13:48:58.182   617   617 D OverviewCommandHelper: command executed: CommandInfo(type=TOGGLE, status=PROCESSING, createTime=88009951, animationCallbacks=com.android.quickstep.RecentsAnimationCallbacks@933ea, displayId=0, isLastOfBatch=true) with result: true
02-19 13:48:58.182   617   617 D OverviewCommandHelper: command executed successfully! CommandInfo(type=TOGGLE, status=COMPLETED, createTime=88009951, animationCallbacks=com.android.quickstep.RecentsAnimationCallbacks@933ea, displayId=0, isLastOfBatch=true)
02-19 13:48:58.182   617   617 D OverviewCommandHelper: no pending commands to be executed.
02-19 13:48:58.182   617   617 D ContextTracker: Unregistering callback: com.android.launcher3.LauncherInitListener@aba3b18, reason=AbsSwipeUpHandler.invalidateHandler
02-19 13:48:58.186   617   651 D QuickstepModelDelegate: notifyAppTargetEvent action=1 launchLocation=
02-19 13:48:58.188   617   617 D OverviewActionsView: updateForGroupedTask() called with: isGroupedTask = [false], canSaveAppPair = [false]
02-19 13:48:58.188   617   617 D OverviewActionsView: updateActionButtonsVisibility() called: showSingleTaskActions = [true], showGroupActions = [false]
02-19 13:48:58.202   617   617 D OverviewActionsView: updateForGroupedTask() called with: isGroupedTask = [false], canSaveAppPair = [false]
02-19 13:48:58.203   617   617 D OverviewActionsView: updateActionButtonsVisibility() called: showSingleTaskActions = [true], showGroupActions = [false]
02-19 13:48:58.203   617   617 D RecentsView: onGestureAnimationEnd - mEnableDrawingLiveTile: true
02-19 13:48:58.230  4449  4488 V ShellRecents: [39672508] RecentsController.detachNavigationBarFromApp
02-19 13:48:58.241   617   617 I NotificationListener: Handling notification state refresh for com.google.android.adservices.api#0
02-19 13:48:58.241   617   617 I NotificationListener: Handling notification state refresh for android#0
02-19 13:48:58.241   617   617 I NotificationListener: Handling notification state refresh for com.android.systemui#0
02-19 13:48:58.244   617   626 I s.nexuslauncher: NativeAlloc concurrent mark compact GC freed 1735KB AllocSpace bytes, 4(208KB) LOS objects, 49% free, 6459KB/12MB, paused 3.856ms,3.129ms total 100.151ms
02-19 13:48:58.249   617   637 W System  : A resource failed to call release. 
02-19 13:48:58.249   617   637 W System  : A resource failed to call release. 
02-19 13:48:58.249   617   637 W System  : A resource failed to call release. 
02-19 13:48:58.249   617   637 W System  : A resource failed to call release. 
02-19 13:48:58.249  1971  2198 I AiAiEcho: Predicting[0]:  [CONTEXT sampling_count=5 ]
02-19 13:48:58.250  1971  2198 I AiAiEcho: EchoTargets: 
02-19 13:48:58.250  1971  2198 I AiAiEcho: Filtered by AiAi flag check: 
02-19 13:48:58.250  1971  2198 I AiAiEcho: [CONTEXT ratelimit_period="10 SECONDS" ]
02-19 13:48:58.250  1971  2198 I AiAiEcho: #remoteViewsTwiddler: feature disabled.
02-19 13:48:58.262  1971  2198 I AiAiEcho: #postPredictionTargets: Sending updates to UISurface home with targets# 0 (types=[])
02-19 13:48:58.299   617   617 D SsBaseTemplateCard: No text view can be set up
02-19 13:48:58.300   617   617 D SsBaseTemplateCard: Passed-in item info is null
02-19 13:48:58.300   617   617 D SsBaseTemplateCard: Passed-in item info is null
02-19 13:48:58.304   617   617 D SsBaseTemplateCard: Passed-in item info is null
02-19 13:48:58.304   617   617 I SsBaseTemplateCard: Secondary card pane is null
02-19 13:48:58.316   617   862 I AiAiSuggestUi: Request suggestContentSelections complete, took: 135
02-19 13:48:58.316   617   862 I AiAiSuggestUi: Fetched content back in callback
02-19 13:48:58.348  1782  2440 I bbax    : (REDACTED) getHotwordActive::active query: %s, watch: %s, devices connected: %s
02-19 13:48:58.354   617   617 I AiAiSuggestUi: Display indicators
02-19 13:48:59.105   752   799 I Choreographer: Skipped 44 frames!  The application may be doing too much work on its main thread.
02-19 13:48:59.112  3630  3630 I Choreographer: Skipped 45 frames!  The application may be doing too much work on its main thread.
02-19 13:48:59.118   617   639 I HWUI    : Davey! duration=795ms; Flags=0, FrameTimelineVsyncId=1453426, IntendedVsync=88012155419704, Vsync=88012172086370, InputEventId=0, HandleInputStart=88012173672478, AnimationStart=88012173673231, PerformTraversalsStart=88012175845990, DrawStart=88012175996366, FrameDeadline=88012222086368, FrameStartTime=88012173668228, FrameInterval=16666666, WorkloadTarget=16666666, SyncQueued=88012178849652, SyncStart=88012178946435, IssueDrawCommandsStart=88012179406825, SwapBuffers=88012181698731, FrameCompleted=88012951334698, DequeueBufferDuration=6160816, QueueBufferDuration=5151896, GpuCompleted=88012951334698, SwapBuffersCompleted=88012200818621, DisplayPresentTime=0, CommandSubmissionCompleted=88012181698731, 
02-19 13:48:59.118  4449  4582 I HWUI    : Davey! duration=788ms; Flags=0, FrameTimelineVsyncId=1453419, IntendedVsync=88012155419704, Vsync=88012155419704, InputEventId=0, HandleInputStart=88012165747207, AnimationStart=88012165748414, PerformTraversalsStart=88012165749174, DrawStart=88012165800574, FrameDeadline=88012222086368, FrameStartTime=88012165742238, FrameInterval=16666666, WorkloadTarget=16666666, SyncQueued=88012165979379, SyncStart=88012172997697, IssueDrawCommandsStart=88012173261931, SwapBuffers=88012177619456, FrameCompleted=88012951356620, DequeueBufferDuration=7462291, QueueBufferDuration=4297553, GpuCompleted=88012951356620, SwapBuffersCompleted=88012201209293, DisplayPresentTime=0, CommandSubmissionCompleted=88012177619456, 
02-19 13:48:59.160  4553  4553 W dumpsys : Thread Pool max thread count is 0. Cannot cache binder as linkToDeath cannot be implemented. serviceName: window
02-19 13:48:59.487   752   935 W ActivityTaskManager: callingPackage for (uid=2000, pid=4559) has no WPC
02-19 13:48:59.491   752   935 V GrammaticalInflectionUtils: AttributionSource: android.content.AttributionSource@56784557 does not have READ_SYSTEM_GRAMMATICAL_GENDER permission.
02-19 13:48:59.491   752   935 W OptProp : Cannot read opt property android.window.PROPERTY_COMPAT_ALLOW_USER_ASPECT_RATIO_OVERRIDE
02-19 13:48:59.491   752   935 W OptProp : Cannot read opt property android.window.PROPERTY_COMPAT_ALLOW_USER_ASPECT_RATIO_FULLSCREEN_OVERRIDE
02-19 13:48:59.492   752   935 W OptProp : Cannot read opt property android.window.PROPERTY_COMPAT_ALLOW_RESIZEABLE_ACTIVITY_OVERRIDES
02-19 13:48:59.492   752   935 W OptProp : Cannot read opt property android.window.PROPERTY_COMPAT_ALLOW_MIN_ASPECT_RATIO_OVERRIDE
02-19 13:48:59.497   531   549 I BpBinder: onLastStrongRef automatically unlinking death recipients: 
02-19 13:48:59.503  4449  4467 V WindowManagerShell: Transition requested (#444): android.os.BinderProxy@7ea7d97 TransitionRequestInfo { type = OPEN, triggerTask = TaskInfo{userId=0 taskId=56 effectiveUid=10217 displayId=0 isRunning=true baseIntent=Intent { act=android.intent.action.VIEW dat=intoss://takealook/... flg=0x10000000 pkg=viva.republica.toss.test cmp=viva.republica.toss.test/.MiniAppSchemeActivity } baseActivity=ComponentInfo{viva.republica.toss.test/im.toss.rn.granite.core.GraniteActivity} topActivity=ComponentInfo{viva.republica.toss.test/im.toss.rn.granite.core.GraniteActivity} origActivity=null realActivity=ComponentInfo{viva.republica.toss.test/viva.republica.toss.test.MiniAppSchemeActivity} numActivities=15 lastActiveTime=88005408 supportsMultiWindow=true resizeMode=1 isResizeable=true minWidth=-1 minHeight=-1 defaultMinSize=220 token=WCT{android.window.IWindowContainerToken$Stub$Proxy@ae5ab84} topActivityType=1 pictureInPictureParams=null shouldDockBigOverlays=false launchIntoPipHostTaskId=-1 lastParentTaskIdBeforePip=-1 displayCutoutSafeInsets=Rect(0, 0 - 0, 0) topActivityInfo=ActivityInfo{a246f6d im.toss.rn.granite.core.GraniteActivity} launchCookies=[] positionInParent=Point(0, 0) parentTaskId=-1 isFocused=true isVisible=true isVisibleRequested=true isTopActivityNoDisplay=false isSleeping=false locusId=null displayAreaFeatureId=1 isTopActivityTransparent=false isActivityStackTransparent=false lastNonFullscreenBounds=Rect(284, 660 - 796, 1740) capturedLink=null capturedLinkTimestamp=0 requestedVisibleTypes=-9 topActivityRequestOpenInBrowserEducationTimestamp=0 appCompatTaskInfo=AppCompatTaskInfo { topActivityInSizeCompat=false eligibleForLetterboxEducation= false isLetterboxEducationEnabled= true isLetterboxDoubleTapEnabled= false eligibleForUserAspectRatioButton= false topActivityBoundsLetterboxed= false isFromLetterboxDoubleTap= false topActivityLetterboxVerticalPosition= -1 topActivityLetterboxHorizontalPosition= -1 topActivityLetterboxWidth=-1 topActivityLetterboxHeight=-1 topActivityAppBounds=Rect(0, 0 - 1080, 2400) isUserFullscreenOverrideEnabled=false isSystemFullscreenOverrideEnabled=false hasMinAspectRatioOverride=false topActivityLetterboxBounds=null cameraCompatTaskInfo=CameraCompatTaskInfo { freeformCameraCompatMode=inactive}} topActivityMainWindowFrame=null}, pipChange = null, remoteTransition = null, displayChange = null, flags = 65536, debugId = 444 }
02-19 13:48:59.504  4449  4467 D ShellSplitScreen: logExit: no-op, mLoggerSessionId is null
02-19 13:48:59.505   752   935 I ActivityTaskManager: START u0 {act=android.intent.action.VIEW dat=intoss://takealook/... flg=0x10000000 xflg=0x4 pkg=viva.republica.toss.test cmp=viva.republica.toss.test/.MiniAppSchemeActivity} with LAUNCH_MULTIPLE from uid 2000 (BAL_ALLOW_PERMISSION) result code=3
02-19 13:48:59.523   752   794 V WindowManager: Sent Transition (#444) createdAt=02-19 13:48:59.493 via request=TransitionRequestInfo { type = OPEN, triggerTask = TaskInfo{userId=0 taskId=56 effectiveUid=10217 displayId=0 isRunning=true baseIntent=Intent { act=android.intent.action.VIEW dat=intoss://takealook/... flg=0x10000000 pkg=viva.republica.toss.test cmp=viva.republica.toss.test/.MiniAppSchemeActivity } baseActivity=ComponentInfo{viva.republica.toss.test/im.toss.rn.granite.core.GraniteActivity} topActivity=ComponentInfo{viva.republica.toss.test/im.toss.rn.granite.core.GraniteActivity} origActivity=null realActivity=ComponentInfo{viva.republica.toss.test/viva.republica.toss.test.MiniAppSchemeActivity} numActivities=15 lastActiveTime=88005408 supportsMultiWindow=true resizeMode=1 isResizeable=true minWidth=-1 minHeight=-1 defaultMinSize=220 token=WCT{RemoteToken{29715c6 Task{fa7be33 #56 type=standard A=10217:viva.republica.toss.test}}} topActivityType=1 pictureInPictureParams=null shouldDockBigOverlays=false launchIntoPipHostTaskId=-1 lastParentTaskIdBeforePip=-1 displayCutoutSafeInsets=Rect(0, 0 - 0, 0) topActivityInfo=ActivityInfo{15d0fdf im.toss.rn.granite.core.GraniteActivity} launchCookies=[] positionInParent=Point(0, 0) parentTaskId=-1 isFocused=true isVisible=true isVisibleRequested=true isTopActivityNoDisplay=false isSleeping=false locusId=null displayAreaFeatureId=1 isTopActivityTransparent=false isActivityStackTransparent=false lastNonFullscreenBounds=Rect(284, 660 - 796, 1740) capturedLink=null capturedLinkTimestamp=0 requestedVisibleTypes=-9 topActivityRequestOpenInBrowserEducationTimestamp=0 appCompatTaskInfo=AppCompatTaskInfo { topActivityInSizeCompat=false eligibleForLetterboxEducation= false isLetterboxEducationEnabled= true isLetterboxDoubleTapEnabled= false eligibleForUserAspectRatioButton= false topActivityBoundsLetterboxed= false isFromLetterboxDoubleTap= false topActivityLetterboxVerticalPosition= -1 topActivityLetterboxHorizontalPosition= -1 topActivityLetterboxWidth=-1 topActivityLetterboxHeight=-1 topActivityAppBounds=Rect(0, 0 - 1080, 2400) isUserFullscreenOverrideEnabled=false isSystemFullscreenOverrideEnabled=false hasMinAspectRatioOverride=false topActivityLetterboxBounds=null cameraCompatTaskInfo=CameraCompatTaskInfo { freeformCameraCompatMode=inactive}} topActivityMainWindowFrame=null}, pipChange = null, remoteTransition = null, displayChange = null, flags = 65536, debugId = 444 }
02-19 13:48:59.523   752   794 V WindowManager:     startWCT=WindowContainerTransaction { changes= {} hops= [] errorCallbackToken=null taskFragmentOrganizer=null }
02-19 13:48:59.524   752   794 V WindowManager:     info={id=444 t=OPEN f=0x10000 trk=0 r=[0@Point(0, 0)] c=[
02-19 13:48:59.524   752   794 V WindowManager:         {WCT{RemoteToken{29715c6 Task{fa7be33 #56 type=standard A=10217:viva.republica.toss.test}}} m=CHANGE f=MOVE_TO_TOP leash=Surface(name=Task=56)/@0xf76b753 sb=Rect(0, 0 - 1080, 2400) eb=Rect(0, 0 - 1080, 2400) epz=Point(1080, 2400) d=0 taskParent=-1},
02-19 13:48:59.524   752   794 V WindowManager:         {WCT{RemoteToken{5218fe8 Task{dd43522 #1 type=home}}} m=TO_BACK f=SHOW_WALLPAPER leash=Surface(name=Task=1)/@0x8ddbd2e sb=Rect(0, 0 - 1080, 2400) eb=Rect(0, 0 - 1080, 2400) epz=Point(1080, 2400) d=0 taskParent=-1},
02-19 13:48:59.524   752   794 V WindowManager:         {m=TO_BACK f=IS_WALLPAPER leash=Surface(name=WallpaperWindowToken{35e0c0f showWhenLocked=false})/@0x512f5be sb=Rect(0, 0 - 1080, 2400) eb=Rect(0, 0 - 1080, 2400) epz=Point(1080, 2400) d=0}
02-19 13:48:59.524   752   794 V WindowManager:     ]}
02-19 13:48:59.524  4449 21898 V WindowManagerShell: onTransitionReady(transaction=3229815419874)
02-19 13:48:59.524  4449  4467 V WindowManagerShell: onTransitionReady (#444) android.os.BinderProxy@7ea7d97: {id=444 t=OPEN f=0x10000 trk=0 r=[0@Point(0, 0)] c=[
02-19 13:48:59.524  4449  4467 V WindowManagerShell:         {m=CHANGE f=MOVE_TO_TOP leash=Surface(name=Task=56)/@0x6c4d7a2 sb=Rect(0, 0 - 1080, 2400) eb=Rect(0, 0 - 1080, 2400) epz=Point(1080, 2400) d=0 taskParent=-1},
02-19 13:48:59.524  4449  4467 V WindowManagerShell:         {m=TO_BACK f=SHOW_WALLPAPER leash=Surface(name=Task=1)/@0x4cf5c33 sb=Rect(0, 0 - 1080, 2400) eb=Rect(0, 0 - 1080, 2400) epz=Point(1080, 2400) d=0 taskParent=-1},
02-19 13:48:59.524  4449  4467 V WindowManagerShell:         {m=TO_BACK f=IS_WALLPAPER leash=Surface(name=WallpaperWindowToken{35e0c0f showWhenLocked=false})/@0xcd3fbf0 sb=Rect(0, 0 - 1080, 2400) eb=Rect(0, 0 - 1080, 2400) epz=Point(1080, 2400) d=0}
02-19 13:48:59.524  4449  4467 V WindowManagerShell:     ]}
02-19 13:48:59.525  4449  4467 V WindowManagerShell: Transition (#444) android.os.BinderProxy@7ea7d97@0 ready while (#442) android.os.BinderProxy@77306af@0 is still animating. Notify the animating transition in case they can be merged
02-19 13:48:59.525  4449  4467 V ShellRecents: [39672508] RecentsController.merge
02-19 13:48:59.525  4449  4467 V ShellRecents:   opening pausing leaf taskId=56
02-19 13:48:59.525  4449  4467 V ShellRecents: [39672508] RecentsController.merge: empty pausing tasks
02-19 13:48:59.525  4449  4467 V ShellRecents: [39672508] RecentsController.merge: consuming merge
02-19 13:48:59.526  4449  4467 V WindowManagerShell: Transition was merged: (#444) android.os.BinderProxy@7ea7d97@0 into (#442) android.os.BinderProxy@77306af@0
02-19 13:48:59.526  4449  4467 V ShellRecents: [39672508] RecentsController.merge: calling onTasksAppeared
02-19 13:48:59.526  4449  4467 D WindowManagerShell: onActivityRestartAttempt: topActivity=ComponentInfo{viva.republica.toss.test/im.toss.rn.granite.core.GraniteActivity}, wasVisible=true
02-19 13:48:59.587   752   989 I ImeTracker: viva.republica.toss.test:d8330180: onRequestHide at ORIGIN_SERVER reason HIDE_SAME_WINDOW_FOCUSED_WITHOUT_EDITOR fromUser false
02-19 13:48:59.591  3630  3630 D InsetsController: hide(ime(), fromIme=false)
02-19 13:48:59.591  3630  3630 I ImeTracker: viva.republica.toss.test:d8330180: onCancelled at PHASE_CLIENT_ALREADY_HIDDEN
02-19 13:48:59.601  1563  1563 I GoogleInputMethodService: GoogleInputMethodService.onFinishInput():2043 
02-19 13:48:59.603  1563  1563 I Module  : DeviceLockedStatusModuleProvider$Module.updateDeviceLockedStatus():100 repeatCheckTimes = 0, locked = false
02-19 13:48:59.604  1563  1563 I GoogleInputMethodService: GoogleInputMethodService.onStartInput():1293 onStartInput(EditorInfo{EditorInfo{packageName=viva.republica.toss.test, inputType=0, inputTypeString=NULL, enableLearning=false, autoCorrection=false, autoComplete=false, imeOptions=0, privateImeOptions=null, actionName=UNSPECIFIED, actionLabel=null, initialSelStart=-1, initialSelEnd=-1, initialCapsMode=0, label=null, fieldId=0, fieldName=null, extras=null, hintText=null, hintLocales=[]}}, false)
02-19 13:48:59.606  1563  1563 I Module  : DeviceLockedStatusModuleProvider$Module.updateDeviceLockedStatus():100 repeatCheckTimes = 1, locked = false
02-19 13:48:59.616  1563  1563 I EmojiCompatManager: EmojiCompatManager.getEmojiCompatIfLoaded():343 EmojiCompat.init() was never called.
02-19 13:48:59.616  1563  1563 I EmojiCompatManager: java.lang.IllegalStateException: EmojiCompat is not initialized. Please call EmojiCompat.init() first
02-19 13:48:59.616  1563  1563 I EmojiCompatManager: 	at asx.p(PG:6)
02-19 13:48:59.616  1563  1563 I EmojiCompatManager: 	at axb.b(PG:13)
02-19 13:48:59.616  1563  1563 I EmojiCompatManager: 	at jnr.b(PG:2)
02-19 13:48:59.616  1563  1563 I EmojiCompatManager: 	at jnr.c(PG:4)
02-19 13:48:59.616  1563  1563 I EmojiCompatManager: 	at jnr.f(PG:3)
02-19 13:48:59.616  1563  1563 I EmojiCompatManager: 	at jnx.c(PG:3)
02-19 13:48:59.616  1563  1563 I EmojiCompatManager: 	at kif.cz(PG:47)
02-19 13:48:59.616  1563  1563 I EmojiCompatManager: 	at lhl.run(PG:1025)
02-19 13:48:59.616  1563  1563 I EmojiCompatManager: 	at jaf.execute(PG:12)
02-19 13:48:59.616  1563  1563 I EmojiCompatManager: 	at nco.v(PG:13)
02-19 13:48:59.616  1563  1563 I EmojiCompatManager: 	at lhn.m(PG:96)
02-19 13:48:59.616  1563  1563 I EmojiCompatManager: 	at lhn.k(PG:25)
02-19 13:48:59.616  1563  1563 I EmojiCompatManager: 	at kgn.onStartInput(PG:250)
02-19 13:48:59.616  1563  1563 I EmojiCompatManager: 	at android.inputmethodservice.InputMethodService.doStartInput(InputMethodService.java:3521)
02-19 13:48:59.616  1563  1563 I EmojiCompatManager: 	at android.inputmethodservice.InputMethodService$InputMethodImpl.startInput(InputMethodService.java:879)
02-19 13:48:59.616  1563  1563 I EmojiCompatManager: 	at android.inputmethodservice.InputMethodService$InputMethodImpl.dispatchStartInput(InputMethodService.java:908)
02-19 13:48:59.616  1563  1563 I EmojiCompatManager: 	at android.inputmethodservice.IInputMethodWrapper.executeMessage(IInputMethodWrapper.java:201)
02-19 13:48:59.616  1563  1563 I EmojiCompatManager: 	at com.android.internal.os.HandlerCaller$MyHandler.handleMessage(HandlerCaller.java:44)
02-19 13:48:59.616  1563  1563 I EmojiCompatManager: 	at android.os.Handler.dispatchMessage(Handler.java:110)
02-19 13:48:59.616  1563  1563 I EmojiCompatManager: 	at android.os.Looper.loopOnce(Looper.java:248)
02-19 13:48:59.616  1563  1563 I EmojiCompatManager: 	at android.os.Looper.loop(Looper.java:338)
02-19 13:48:59.616  1563  1563 I EmojiCompatManager: 	at android.app.ActivityThread.main(ActivityThread.java:9067)
02-19 13:48:59.616  1563  1563 I EmojiCompatManager: 	at java.lang.reflect.Method.invoke(Native Method)
02-19 13:48:59.616  1563  1563 I EmojiCompatManager: 	at com.android.internal.os.RuntimeInit$MethodAndArgsCaller.run(RuntimeInit.java:593)
02-19 13:48:59.616  1563  1563 I EmojiCompatManager: 	at com.android.internal.os.ZygoteInit.main(ZygoteInit.java:932)
02-19 13:48:59.621   752  1984 W PackageConfigPersister: App-specific configuration not found for packageName: viva.republica.toss.test and userId: 0
02-19 13:49:01.940   531   568 W EventThread: Faking VSYNC due to driver stall for thread app
02-19 13:49:01.988   617   617 I Choreographer: Skipped 137 frames!  The application may be doing too much work on its main thread.
02-19 13:49:02.005   617  4497 I HWUI    : Davey! duration=2319ms; Flags=0, FrameTimelineVsyncId=1453766, IntendedVsync=88013505419650, Vsync=88013522086316, InputEventId=0, HandleInputStart=88013536017729, AnimationStart=88013536018524, PerformTraversalsStart=88013541974174, DrawStart=88013542136544, FrameDeadline=88013572086314, FrameStartTime=88013536012944, FrameInterval=16666666, WorkloadTarget=16666666, SyncQueued=88013542539563, SyncStart=88013543071670, IssueDrawCommandsStart=88013543740490, SwapBuffers=88013548033307, FrameCompleted=88015825345783, DequeueBufferDuration=2267658156, QueueBufferDuration=726597, GpuCompleted=88015825345783, SwapBuffersCompleted=88015817465110, DisplayPresentTime=0, CommandSubmissionCompleted=88013548033307, 
02-19 13:49:02.018   617   617 D RecentsView: finishRecentsAnimation - mRecentsAnimationController: com.android.quickstep.RecentsAnimationController@4178a4f
02-19 13:49:02.018   617   617 D RecentsView: cleanupRemoteTargets - mRemoteTargetHandles: [com.android.quickstep.RemoteTargetGluer$RemoteTargetHandle@af94ee9]
02-19 13:49:02.028  4449  4467 V ShellRecents: [39672508] RecentsController.finishInner: toHome=false userLeave=false willFinishToHome=false state=0 hasPausingTasks=true reason=requested
02-19 13:49:02.028  4449  4467 V ShellRecents:   returning to app
02-19 13:49:02.028  4449  4467 V ShellRecents: [39672508] RecentsController.finishInner: Completing finish
02-19 13:49:02.028  4449  4467 V ShellRecents: [39672508] RecentsController.cleanup
02-19 13:49:02.036  4449  4467 V WindowManagerShell: Transition animation finished (aborted=false), notifying core (#442) android.os.BinderProxy@77306af@0
02-19 13:49:02.037   617   617 D RecentsView: cleanupRemoteTargets - mRemoteTargetHandles: null
02-19 13:49:02.049   617   617 W SplitSelectStateCtor: Missing session instanceIds
02-19 13:49:02.049   617   617 D StatsLog: LAUNCHER_SPLIT_SELECTION_EXIT_INTERRUPTED
02-19 13:49:02.055   617   862 I HWUI    : Davey! duration=2350ms; Flags=0, FrameTimelineVsyncId=1453789, IntendedVsync=88013538752982, Vsync=88015822086224, InputEventId=0, HandleInputStart=88015837191491, AnimationStart=88015837192924, PerformTraversalsStart=88015867496606, DrawStart=88015867554319, FrameDeadline=88015855419556, FrameStartTime=88015835106366, FrameInterval=16666666, WorkloadTarget=16666666, SyncQueued=88015867719248, SyncStart=88015870249154, IssueDrawCommandsStart=88015870437716, SwapBuffers=88015875823928, FrameCompleted=88015891780071, DequeueBufferDuration=12478, QueueBufferDuration=1080161, GpuCompleted=88015891780071, SwapBuffersCompleted=88015878718309, DisplayPresentTime=0, CommandSubmissionCompleted=88015875823928, 
02-19 13:49:02.064   752   794 V WindowManager: Finish Transition (#442): created at 02-19 13:48:56.121 collect-started=0.082ms started=0.095ms ready=1437.28ms sent=1617.993ms commit=52.099ms finished=5923.214ms
02-19 13:49:02.083  4562  4562 W dumpsys : Thread Pool max thread count is 0. Cannot cache binder as linkToDeath cannot be implemented. serviceName: window
02-19 13:49:02.083   617   617 D VRI[NexusLauncherActivity]: visibilityChanged oldVisibility=true newVisibility=false
02-19 13:49:02.084   617   617 D RecentsView: updateTaskStackListenerState: false
02-19 13:49:02.085   617   617 D NexusLauncherModelDelegate: notifySmartspaceEvent: SmartspaceTargetEvent{mSmartspaceTarget=null, mSmartspaceActionId='null', mEventType=7}
02-19 13:49:02.085   752   794 V WindowManager: Finish Transition (#444): created at 02-19 13:48:59.493 collect-started=0.181ms request-sent=9.049ms started=16.336ms ready=23.939ms sent=30.013ms commit=28.845ms finished=2591.621ms
02-19 13:49:02.088  4449  4467 V WindowManagerShell: Track 0 became idle
02-19 13:49:02.088  4449  4467 V WindowManagerShell: All active transition animations finished
02-19 13:49:02.088   752   797 W IPCThreadState: Sending oneway calls to frozen process.
02-19 13:49:02.088   752   797 W IPCThreadState: Sending oneway calls to frozen process.
02-19 13:49:02.091   752   797 W IPCThreadState: Sending oneway calls to frozen process.
02-19 13:49:02.091  4449  4467 V ShellRecents: [39672508] RecentsController.finishInner: calling finish callback
02-19 13:49:02.092  4449  4467 D WindowManagerShell: setLauncherKeepClearAreaHeight: visible=false, height=527
02-19 13:49:02.095   752   797 W IPCThreadState: Sending oneway calls to frozen process.
02-19 13:49:02.095   752   797 W IPCThreadState: Sending oneway calls to frozen process.
02-19 13:49:02.096   752   797 W ProcessStats: Tracking association SourceState{1b917ca system/1000 BFgs #16431} whose proc state 4 is better than process ProcessState{42c4ef0 com.google.android.ext.services/10208 pkg=com.google.android.ext.services} proc state 14 (25 skipped)
02-19 13:49:02.096   752  1095 D BackgroundInstallControlService: Package event received: 0
02-19 13:49:02.138   617   617 D BaseDepthController: setSurface:
02-19 13:49:02.138   617   617 D BaseDepthController: 	mWaitingOnSurfaceValidity: false
02-19 13:49:02.138   617   617 D BaseDepthController: 	mBaseSurface: null
02-19 13:49:02.139   617   617 D BaseDepthController: mSurface is null and mCurrentBlur is: 23
02-19 13:49:02.144   617   617 D StateManager: goToState - fromState: Overview, toState: Normal, partial trace:
02-19 13:49:02.144   617   617 D StateManager: 	at com.android.launcher3.statemanager.StateManager.moveToRestState(go/retraceme 72a59688580715d19f0e415c69e80376c2f062d1648c80db6730905005a27c20:4)
02-19 13:49:02.144   617   617 D StateManager: 	at com.android.launcher3.statemanager.StateManager.moveToRestState(go/retraceme 72a59688580715d19f0e415c69e80376c2f062d1648c80db6730905005a27c20:1)
02-19 13:49:02.144   617   617 D StateManager: 	at com.android.launcher3.statemanager.StatefulActivity.onStop(go/retraceme 72a59688580715d19f0e415c69e80376c2f062d1648c80db6730905005a27c20:34)
02-19 13:49:02.144   617   617 D StateManager: onStateTransitionStart - state: Normal
02-19 13:49:02.156   617   617 D BaseDepthController: mSurface is null and mCurrentBlur is: 23
02-19 13:49:02.159   617   617 D KeyboardInsetsHandler: setState, toState:Normal StateManager(mLastStableState:Normal, mCurrentStableState:Overview, mState:Normal, mRestState:Normal, isInTransition:false)
02-19 13:49:02.160   617   617 D StateManager: onStateTransitionEnd - state: Normal
02-19 13:49:02.161   617   617 D RecentsView: reset - mEnableDrawingLiveTile: true, mRecentsAnimationController: com.android.quickstep.RecentsAnimationController@4178a4f
02-19 13:49:02.162   617   617 D RecentsView: finishRecentsAnimation - mRecentsAnimationController: com.android.quickstep.RecentsAnimationController@4178a4f
02-19 13:49:02.162   617   617 D RecentsView: cleanupRemoteTargets - mRemoteTargetHandles: null
02-19 13:49:02.162   617   617 I AiAiSuggestUi: Clearing suggestions.
02-19 13:49:02.162   617   617 I AiAiSuggestUi: Clearing suggestions.
02-19 13:49:02.163   617   617 D ActivityAllAppsContainerView: rebindAdapters: force: false
02-19 13:49:02.163   617   617 D ActivityAllAppsContainerView: rebindAdapters: Not needed.
02-19 13:49:02.168   617   617 D StatsLog: LAUNCHER_ONSTOP
02-19 13:49:02.170   617   617 D StatsLog: LAUNCHER_GOOGLE_SEARCH_RESTORE_LIST_SIZE_AFTER_ACTIVITY_RESTART
02-19 13:49:02.303   752  1095 D BackgroundInstallControlService: Package event received: 0
02-19 13:49:02.316   617   617 D RecentsView: onRecentsAnimationComplete - mRecentsAnimationController: com.android.quickstep.RecentsAnimationController@4178a4f, mSideTaskLaunchCallback: null
02-19 13:49:02.316   617   617 D RecentsView: onRecentsAnimationComplete - mRecentsAnimationController: null, mSideTaskLaunchCallback: null
02-19 13:49:02.321   617   617 D OverviewActionsView: updateForGroupedTask() called with: isGroupedTask = [false], canSaveAppPair = [false]
02-19 13:49:02.321   617   617 D OverviewActionsView: updateActionButtonsVisibility() called: showSingleTaskActions = [true], showGroupActions = [false]
02-19 13:49:02.326   617   617 D StateManager: goToState - fromState: Normal, toState: Normal, partial trace:
02-19 13:49:02.326   617   617 D StateManager: 	at com.android.launcher3.statemanager.StateManager.moveToRestState(go/retraceme 72a59688580715d19f0e415c69e80376c2f062d1648c80db6730905005a27c20:4)
02-19 13:49:02.326   617   617 D StateManager: 	at com.android.launcher3.statemanager.StateManager.moveToRestState(go/retraceme 72a59688580715d19f0e415c69e80376c2f062d1648c80db6730905005a27c20:1)
02-19 13:49:02.326   617   617 D StateManager: 	at com.android.quickstep.TaskViewUtils$9.lambda$onAnimationSuccess$0(go/retraceme 72a59688580715d19f0e415c69e80376c2f062d1648c80db6730905005a27c20:1)
02-19 13:49:02.337   752  1095 D BackgroundInstallControlService: Package event received: 0
02-19 13:49:02.337   617   617 D KeyboardInsetsHandler: setState, toState:Normal StateManager(mLastStableState:Normal, mCurrentStableState:Normal, mState:Normal, mRestState:null, isInTransition:false)
02-19 13:49:02.364   617   637 W System  : A resource failed to call release. 
02-19 13:49:02.364   617   637 W System  : A resource failed to call release. 
02-19 13:49:02.364   617   637 W System  : A resource failed to call release. 
02-19 13:49:02.364   617   637 W System  : A resource failed to call release. 
02-19 13:49:02.364   617   637 W System  : A resource failed to call release. 
02-19 13:49:02.364   617   637 W System  : A resource failed to call release. 
02-19 13:49:02.364   617   637 W System  : A resource failed to call release. 
02-19 13:49:02.364   617   637 W System  : A resource failed to call release. 
02-19 13:49:02.513   752  1856 E TaskPersister: File error accessing recents directory (directory doesn't exist?).
02-19 13:49:02.958   752   775 I system_server: NativeAlloc concurrent mark compact GC freed 20MB AllocSpace bytes, 43(888KB) LOS objects, 42% free, 32MB/56MB, paused 1.279ms,3.472ms total 338.144ms
02-19 13:49:04.168  3453  3453 D BoundBrokerSvc: onUnbind: Intent { act=com.google.android.gms.potokens.service.START dat=chimera-action:/... xflg=0x4 cmp=com.google.android.gms/.chimera.GmsApiService }
02-19 13:49:05.556  1336  1556 D SatelliteController: iisInCarrierRoamingNbIotNtn: satellite is disabled
02-19 13:49:05.911  4567  4567 W screencap: Thread Pool max thread count is 0. Cannot cache binder as linkToDeath cannot be implemented. serviceName: SurfaceFlingerAIDL
02-19 13:49:05.912  4567  4567 W BpBinder: Linking to death on android.gui.ISurfaceComposer but there are no threads (yet?) listening to incoming transactions. See ProcessState::startThreadPool and ProcessState::setThreadPoolMaxThreadCount. Generally you should setup the binder threadpool before other initialization steps.
02-19 13:49:05.912  4567  4567 W ProcessState: Extra binder thread started, but 0 threads requested. Do not use *startThreadPool when zero threads are requested.
02-19 13:49:05.915   531   590 E HwcComposer: getLuts failed Status(-8, EX_SERVICE_SPECIFIC): '8: '
02-19 13:49:05.915   531   590 E HWComposer: getLuts: getLuts failed for display 4619827259835644672: UNSUPPORTED (8)
