--------- beginning of main
02-19 13:48:49.546  4331  4333 I artd    : GetBestInfo: /data/user_de/0/com.google.android.gms/app_chimera/m/0000000d/dl-VisionOcr.optional_250834100000.apk has no usable artifacts
02-19 13:48:49.552  4331  4331 I artd    : GetBestInfo: /data/user_de/0/com.google.android.gms/app_chimera/m/0000000a/dl-MlkitBarcodeUi.optional_250834100800.apk has no usable artifacts
02-19 13:48:49.557  4331  4331 I artd    : GetBestInfo: /data/user_de/0/com.google.android.gms/app_chimera/m/00000011/dl-VisionOcr.optional_260438100000.apk has no usable artifacts
02-19 13:48:49.561  4331  4331 I artd    : GetBestInfo: /data/user_de/0/com.google.android.gms/app_chimera/m/00000012/dl-Appsearch.optional_260438100800.apk has no usable artifacts
02-19 13:48:49.565  4331  4331 I artd    : GetBestInfo: vdex next to the dex file (/data/user/0/com.google.android.gms/app_dg_cache/94DF452EEF4B8E717545DCDEA6CC3C50A319A195/oat/x86_64/the.vdex) is kOatUpToDate with filter 'verify' executable 'false'
02-19 13:48:49.568  4331  4331 I artd    : GetBestInfo: /data/user_de/0/com.google.android.gms/app_chimera/m/00000007/MeasurementDynamite.apk has no usable artifacts
02-19 13:48:49.575  4331  4331 I artd    : GetBestInfo: /data/user_de/0/com.google.android.gms/app_chimera/m/00000018/dl-AdsFdrDynamite.integ_254380203100000.apk has no usable artifacts
--------- beginning of system
02-19 13:48:49.588   752   752 W Looper  : Drained
02-19 13:48:49.606  4449  4449 I vol.VolumeDialogImpl: mDialog.dismiss() reason: volume_controller from: com.android.systemui.volume.VolumeDialogImpl$7.onDismissRequested:3
02-19 13:48:49.750   752   795 W ActivityTaskManager: callingPackage for (uid=-1, pid=0) has no WPC
02-19 13:48:49.751   752   795 W ActivityStartInterceptor: Starting home with component specified, uid=0
02-19 13:48:49.752   752   795 W OptProp : Cannot read opt property android.window.PROPERTY_COMPAT_ALLOW_USER_ASPECT_RATIO_OVERRIDE
02-19 13:48:49.752   752   795 W OptProp : Cannot read opt property android.window.PROPERTY_COMPAT_ALLOW_USER_ASPECT_RATIO_FULLSCREEN_OVERRIDE
02-19 13:48:49.752   752   795 W OptProp : Cannot read opt property android.window.PROPERTY_COMPAT_ALLOW_RESIZEABLE_ACTIVITY_OVERRIDES
02-19 13:48:49.752   752   795 W OptProp : Cannot read opt property android.window.PROPERTY_COMPAT_ALLOW_MIN_ASPECT_RATIO_OVERRIDE
02-19 13:48:49.753   752   795 V GrammaticalInflectionUtils: AttributionSource: android.content.AttributionSource@1abea79a does not have READ_SYSTEM_GRAMMATICAL_GENDER permission.
02-19 13:48:49.757  4449 22136 D KeyguardService: setOccluded(false)
02-19 13:48:49.757  4449 22136 D KeyguardViewMediator: setOccluded(false)
02-19 13:48:49.757   752   795 I ActivityTaskManager: START u0 {act=android.intent.action.MAIN cat=[android.intent.category.HOME] flg=0x10000100 cmp=com.google.android.apps.nexuslauncher/.NexusLauncherActivity (has extras)} with LAUNCH_SINGLE_TASK from uid 0 (BAL_ALLOW_ALLOWLISTED_UID) result code=3
02-19 13:48:49.757   752   795 W Looper  : Slow dispatch took 167ms android.ui app=system_server main=false group=TOP_APP h=com.android.server.policy.PhoneWindowManager$PolicyHandler c=com.android.server.policy.PhoneWindowManager$DisplayHomeButtonHandler$$ExternalSyntheticLambda0@120f1e m=0
02-19 13:48:49.757  4449  4449 D KeyguardViewMediator: handleSetOccluded(false)
02-19 13:48:49.757  4449  4449 D KeyguardViewMediator: KeyguardViewMediator queue processing message: SET_OCCLUDED
02-19 13:48:49.758  4449  4467 D WindowManagerShell: onActivityRestartAttempt: topActivity=ComponentInfo{com.google.android.apps.nexuslauncher/com.google.android.apps.nexuslauncher.NexusLauncherActivity}, wasVisible=true
02-19 13:48:49.759   617   617 W SplitSelectStateCtor: Missing session instanceIds
02-19 13:48:49.759   617   617 D StatsLog: LAUNCHER_SPLIT_SELECTION_EXIT_INTERRUPTED
02-19 13:48:49.760   617   617 D StateManager: goToState - fromState: Overview, toState: Normal, partial trace:
02-19 13:48:49.760   617   617 D StateManager: 	at com.android.launcher3.Launcher.onNewIntent(go/retraceme 72a59688580715d19f0e415c69e80376c2f062d1648c80db6730905005a27c20:116)
02-19 13:48:49.760   617   617 D StateManager: 	at com.android.launcher3.uioverrides.QuickstepLauncher.onNewIntent(go/retraceme 72a59688580715d19f0e415c69e80376c2f062d1648c80db6730905005a27c20:1)
02-19 13:48:49.760   617   617 D StateManager: 	at com.google.android.apps.nexuslauncher.NexusLauncherActivity.onNewIntent(go/retraceme 72a59688580715d19f0e415c69e80376c2f062d1648c80db6730905005a27c20:1)
02-19 13:48:49.783   617   617 I AiAiSuggestUi: Clearing suggestions.
02-19 13:48:49.783   617   617 I AiAiSuggestUi: Clearing suggestions.
02-19 13:48:49.783   617   617 I AiAiSuggestUi: Requesting to show indicators
02-19 13:48:49.784   617   617 I AiAiSuggestUi: Fetching contents, isPrimaryTask = true
02-19 13:48:49.787   617   617 D TFOManager: playPanelCloseAnimation() duration=200 traceTag=LauncherOverlay-hide isHomeButtonTap=true
02-19 13:48:49.787   617   617 D TFOManager: Skipped creating panel close animation because -1 is invisible.
02-19 13:48:49.788   617   617 D OverviewCommandHelper: clearing pending commands: []
02-19 13:48:49.791   531   602 I BpBinder: onLastStrongRef automatically unlinking death recipients: 
02-19 13:48:49.910   617   617 D StateManager: onStateTransitionStart - state: Normal
02-19 13:48:49.911   617   617 D RecentsView: updateTaskStackListenerState: false
02-19 13:48:49.913   617   617 D ActivityAllAppsContainerView: rebindAdapters: force: false
02-19 13:48:49.913   617   617 D ActivityAllAppsContainerView: rebindAdapters: Not needed.
02-19 13:48:49.914   617   617 D StatsLog: LAUNCHER_ONRESUME
02-19 13:48:49.919   617   617 D OverviewActionsView: updateForGroupedTask() called with: isGroupedTask = [false], canSaveAppPair = [false]
02-19 13:48:49.920   617   617 D OverviewActionsView: updateActionButtonsVisibility() called: showSingleTaskActions = [true], showGroupActions = [false]
02-19 13:48:49.940   752  1095 D BackgroundInstallControlService: Package event received: 0
02-19 13:48:49.943   617   651 D QuickstepModelDelegate: notifyAppTargetEvent action=1 launchLocation=workspace/0/[-1,-1]/[1,1]
02-19 13:48:49.952  1971  2198 I AiAiEcho: Predicting[0]:  [CONTEXT sampling_count=5 ]
02-19 13:48:49.952  1971  2198 I AiAiEcho: EchoTargets: 
02-19 13:48:49.952  1971  2198 I AiAiEcho: Filtered by AiAi flag check: 
02-19 13:48:49.952  1971  2198 I AiAiEcho: [CONTEXT ratelimit_period="10 SECONDS" ]
02-19 13:48:49.952  1971  2198 I AiAiEcho: #remoteViewsTwiddler: feature disabled.
02-19 13:48:49.958  1971  2198 I AiAiEcho: #postPredictionTargets: Sending updates to UISurface home with targets# 0 (types=[])
02-19 13:48:50.007   617   617 I NotificationListener: Handling notification state refresh for com.google.android.adservices.api#0
02-19 13:48:50.008   617   617 I NotificationListener: Handling notification state refresh for android#0
02-19 13:48:50.008   617   617 I NotificationListener: Handling notification state refresh for com.android.systemui#0
02-19 13:48:50.020   617   639 I AiAiSuggestUi: Request suggestContentSelections complete, took: 235
02-19 13:48:50.021   617   639 I AiAiSuggestUi: Fetched content back in callback
02-19 13:48:50.069   617   617 D SsBaseTemplateCard: No text view can be set up
02-19 13:48:50.080   617   617 D SsBaseTemplateCard: Passed-in item info is null
02-19 13:48:50.081   617   617 D SsBaseTemplateCard: Passed-in item info is null
02-19 13:48:50.081   617   617 D SsBaseTemplateCard: Passed-in item info is null
02-19 13:48:50.082   617   617 I SsBaseTemplateCard: Secondary card pane is null
02-19 13:48:50.084   617   617 I AiAiSuggestUi: Display indicators
02-19 13:48:50.093   617   617 D RecentsView: finishRecentsAnimation - mRecentsAnimationController: com.android.quickstep.RecentsAnimationController@9d6c79e
02-19 13:48:50.094   617   617 D RecentsView: cleanupRemoteTargets - mRemoteTargetHandles: [com.android.quickstep.RemoteTargetGluer$RemoteTargetHandle@88d917a]
02-19 13:48:50.096   617   617 D RecentsView: cleanupRemoteTargets - mRemoteTargetHandles: null
02-19 13:48:50.097  4449  4467 V ShellRecents: [256294731] RecentsController.finishInner: toHome=true userLeave=true willFinishToHome=true state=0 hasPausingTasks=true reason=requested
02-19 13:48:50.115  4449  4467 V ShellRecents:   normal finish
02-19 13:48:50.116  4449  4467 V ShellRecents: [256294731] RecentsController.finishInner: Completing finish
02-19 13:48:50.116  4449  4467 V ShellRecents: [256294731] RecentsController.cleanup
02-19 13:48:50.131  4449  4467 V WindowManagerShell: Transition animation finished (aborted=false), notifying core (#437) android.os.BinderProxy@c2df81a@0
02-19 13:48:50.149   752   794 V WindowManager: Finish Transition (#437): created at 02-19 13:47:23.156 collect-started=0.155ms started=0.169ms ready=83.094ms sent=1431.113ms commit=9.512ms finished=86978.998ms
02-19 13:48:50.187  3630  3630 D VRI[GraniteActivity]: visibilityChanged oldVisibility=true newVisibility=false
02-19 13:48:50.206  4449  4467 V WindowManagerShell: Track 0 became idle
02-19 13:48:50.207  4449  4467 V WindowManagerShell: All active transition animations finished
02-19 13:48:50.208  4449  4467 V ShellRecents: [256294731] RecentsController.finishInner: calling finish callback
02-19 13:48:50.215   752  1095 D BackgroundInstallControlService: Package event received: 0
02-19 13:48:50.217   752   797 V WindowManager: Unknown focus tokens, dropping reportFocusChanged
02-19 13:48:50.221   752   797 W IPCThreadState: Sending oneway calls to frozen process.
02-19 13:48:50.222   752   797 W IPCThreadState: Sending oneway calls to frozen process.
02-19 13:48:50.223   752   797 W IPCThreadState: Sending oneway calls to frozen process.
02-19 13:48:50.223   752   797 W IPCThreadState: Sending oneway calls to frozen process.
02-19 13:48:50.223   752   797 W IPCThreadState: Sending oneway calls to frozen process.
02-19 13:48:50.225   752   797 W ProcessStats: Tracking association SourceState{1b917ca system/1000 BFgs #16405} whose proc state 4 is better than process ProcessState{42c4ef0 com.google.android.ext.services/10208 pkg=com.google.android.ext.services} proc state 14 (23 skipped)
02-19 13:48:50.278   617   617 D StateManager: onStateTransitionEnd - state: Normal
02-19 13:48:50.279   617   617 D RecentsView: reset - mEnableDrawingLiveTile: true, mRecentsAnimationController: com.android.quickstep.RecentsAnimationController@9d6c79e
02-19 13:48:50.279   617   617 D RecentsView: finishRecentsAnimation - mRecentsAnimationController: com.android.quickstep.RecentsAnimationController@9d6c79e
02-19 13:48:50.279   617   617 D RecentsView: cleanupRemoteTargets - mRemoteTargetHandles: null
02-19 13:48:50.280   617   617 I AiAiSuggestUi: Clearing suggestions.
02-19 13:48:50.280   617   617 I AiAiSuggestUi: Clearing suggestions.
02-19 13:48:50.280   617   617 D ActivityAllAppsContainerView: rebindAdapters: force: false
02-19 13:48:50.280   617   617 D ActivityAllAppsContainerView: rebindAdapters: Not needed.
02-19 13:48:50.314   617   617 D RecentsView: onRecentsAnimationComplete - mRecentsAnimationController: com.android.quickstep.RecentsAnimationController@9d6c79e, mSideTaskLaunchCallback: null
02-19 13:48:50.314   617   617 D RecentsView: onRecentsAnimationComplete - mRecentsAnimationController: null, mSideTaskLaunchCallback: null
02-19 13:48:50.319   617   617 D OverviewActionsView: updateForGroupedTask() called with: isGroupedTask = [false], canSaveAppPair = [false]
02-19 13:48:50.319   617   617 D OverviewActionsView: updateActionButtonsVisibility() called: showSingleTaskActions = [true], showGroupActions = [false]
02-19 13:48:50.342  3630  3784 I ReactNativeJNI: Memory warning (pressure level: TRIM_MEMORY_UI_HIDDEN) received by JS VM, ignoring because it's non-severe
02-19 13:48:50.344  3630  4401 I ReactNativeJNI: Memory warning (pressure level: TRIM_MEMORY_UI_HIDDEN) received by JS VM, ignoring because it's non-severe
02-19 13:48:50.345  3630  4016 I ReactNativeJNI: Memory warning (pressure level: TRIM_MEMORY_UI_HIDDEN) received by JS VM, ignoring because it's non-severe
02-19 13:48:50.345  3630  4249 I ReactNativeJNI: Memory warning (pressure level: TRIM_MEMORY_UI_HIDDEN) received by JS VM, ignoring because it's non-severe
02-19 13:48:50.399  3630  4292 I ReactNativeJNI: Memory warning (pressure level: TRIM_MEMORY_UI_HIDDEN) received by JS VM, ignoring because it's non-severe
02-19 13:48:50.408   752   989 I ImeTracker: com.google.android.apps.nexuslauncher:d95910e4: onRequestHide at ORIGIN_SERVER reason HIDE_UNSPECIFIED_WINDOW fromUser false
02-19 13:48:50.411  1563  1563 I GoogleInputMethodService: GoogleInputMethodService.onFinishInput():2043 
02-19 13:48:50.414   752   935 I ImeTracker: system_server:658c3dc3: onRequestHide at ORIGIN_SERVER reason IME_REQUESTED_CHANGED_LISTENER fromUser false
02-19 13:48:50.417  1563  1563 I Module  : DeviceLockedStatusModuleProvider$Module.updateDeviceLockedStatus():100 repeatCheckTimes = 0, locked = false
02-19 13:48:50.419  1563  1563 I GoogleInputMethodService: GoogleInputMethodService.onStartInput():1293 onStartInput(EditorInfo{EditorInfo{packageName=com.google.android.apps.nexuslauncher, inputType=0, inputTypeString=NULL, enableLearning=false, autoCorrection=false, autoComplete=false, imeOptions=0, privateImeOptions=null, actionName=UNSPECIFIED, actionLabel=null, initialSelStart=-1, initialSelEnd=-1, initialCapsMode=0, label=null, fieldId=0, fieldName=null, extras=null, hintText=null, hintLocales=[]}}, false)
02-19 13:48:50.424  1563  1563 I Module  : DeviceLockedStatusModuleProvider$Module.updateDeviceLockedStatus():100 repeatCheckTimes = 1, locked = false
02-19 13:48:50.425  1563  1563 I EmojiCompatManager: EmojiCompatManager.getEmojiCompatIfLoaded():343 EmojiCompat.init() was never called.
02-19 13:48:50.425  1563  1563 I EmojiCompatManager: java.lang.IllegalStateException: EmojiCompat is not initialized. Please call EmojiCompat.init() first
02-19 13:48:50.425  1563  1563 I EmojiCompatManager: 	at asx.p(PG:6)
02-19 13:48:50.425  1563  1563 I EmojiCompatManager: 	at axb.b(PG:13)
02-19 13:48:50.425  1563  1563 I EmojiCompatManager: 	at jnr.b(PG:2)
02-19 13:48:50.425  1563  1563 I EmojiCompatManager: 	at jnr.c(PG:4)
02-19 13:48:50.425  1563  1563 I EmojiCompatManager: 	at jnr.f(PG:3)
02-19 13:48:50.425  1563  1563 I EmojiCompatManager: 	at jnx.c(PG:3)
02-19 13:48:50.425  1563  1563 I EmojiCompatManager: 	at kif.cz(PG:47)
02-19 13:48:50.425  1563  1563 I EmojiCompatManager: 	at lhl.run(PG:1025)
02-19 13:48:50.425  1563  1563 I EmojiCompatManager: 	at jaf.execute(PG:12)
02-19 13:48:50.425  1563  1563 I EmojiCompatManager: 	at nco.v(PG:13)
02-19 13:48:50.425  1563  1563 I EmojiCompatManager: 	at lhn.m(PG:96)
02-19 13:48:50.425  1563  1563 I EmojiCompatManager: 	at lhn.k(PG:25)
02-19 13:48:50.425  1563  1563 I EmojiCompatManager: 	at kgn.onStartInput(PG:250)
02-19 13:48:50.425  1563  1563 I EmojiCompatManager: 	at android.inputmethodservice.InputMethodService.doStartInput(InputMethodService.java:3521)
02-19 13:48:50.425  1563  1563 I EmojiCompatManager: 	at android.inputmethodservice.InputMethodService$InputMethodImpl.startInput(InputMethodService.java:879)
02-19 13:48:50.425  1563  1563 I EmojiCompatManager: 	at android.inputmethodservice.InputMethodService$InputMethodImpl.dispatchStartInput(InputMethodService.java:908)
02-19 13:48:50.425  1563  1563 I EmojiCompatManager: 	at android.inputmethodservice.IInputMethodWrapper.executeMessage(IInputMethodWrapper.java:201)
02-19 13:48:50.425  1563  1563 I EmojiCompatManager: 	at com.android.internal.os.HandlerCaller$MyHandler.handleMessage(HandlerCaller.java:44)
02-19 13:48:50.425  1563  1563 I EmojiCompatManager: 	at android.os.Handler.dispatchMessage(Handler.java:110)
02-19 13:48:50.425  1563  1563 I EmojiCompatManager: 	at android.os.Looper.loopOnce(Looper.java:248)
02-19 13:48:50.425  1563  1563 I EmojiCompatManager: 	at android.os.Looper.loop(Looper.java:338)
02-19 13:48:50.425  1563  1563 I EmojiCompatManager: 	at android.app.ActivityThread.main(ActivityThread.java:9067)
02-19 13:48:50.425  1563  1563 I EmojiCompatManager: 	at java.lang.reflect.Method.invoke(Native Method)
02-19 13:48:50.425  1563  1563 I EmojiCompatManager: 	at com.android.internal.os.RuntimeInit$MethodAndArgsCaller.run(RuntimeInit.java:593)
02-19 13:48:50.425  1563  1563 I EmojiCompatManager: 	at com.android.internal.os.ZygoteInit.main(ZygoteInit.java:932)
02-19 13:48:50.426   752  1981 W PackageConfigPersister: App-specific configuration not found for packageName: com.google.android.apps.nexuslauncher and userId: 0
02-19 13:48:50.428   752   797 I ImeTracker: system_server:658c3dc3: onCancelled at PHASE_SERVER_SHOULD_HIDE
02-19 13:48:50.522   617   617 D InsetsController: hide(ime(), fromIme=false)
02-19 13:48:50.523   617   617 I ImeTracker: com.google.android.apps.nexuslauncher:d95910e4: onCancelled at PHASE_CLIENT_ALREADY_HIDDEN
02-19 13:48:50.564   752  1095 D BackgroundInstallControlService: Package event received: 0
02-19 13:48:50.692   752  1095 D BackgroundInstallControlService: Package event received: 0
02-19 13:48:51.355  3794  3927 W PlayCommon: [88] No account for auth token provided
02-19 13:48:51.356  3794  3927 I PlayCommon: [88] Connecting to server: https://play.googleapis.com/play/log?format=raw&proto_v2=true
02-19 13:48:51.450  3794  3927 I PlayCommon: [88] Successfully uploaded logs.
02-19 13:48:51.540   752  1981 W ActivityTaskManager: callingPackage for (uid=2000, pid=4521) has no WPC
02-19 13:48:51.543   752  1981 V GrammaticalInflectionUtils: AttributionSource: android.content.AttributionSource@56784557 does not have READ_SYSTEM_GRAMMATICAL_GENDER permission.
02-19 13:48:51.543   752  1981 W OptProp : Cannot read opt property android.window.PROPERTY_COMPAT_ALLOW_USER_ASPECT_RATIO_OVERRIDE
02-19 13:48:51.544   752  1981 W OptProp : Cannot read opt property android.window.PROPERTY_COMPAT_ALLOW_USER_ASPECT_RATIO_FULLSCREEN_OVERRIDE
02-19 13:48:51.544   752  1981 W OptProp : Cannot read opt property android.window.PROPERTY_COMPAT_ALLOW_RESIZEABLE_ACTIVITY_OVERRIDES
02-19 13:48:51.545   752  1981 W OptProp : Cannot read opt property android.window.PROPERTY_COMPAT_ALLOW_MIN_ASPECT_RATIO_OVERRIDE
02-19 13:48:51.548   531   590 I BpBinder: onLastStrongRef automatically unlinking death recipients: 
02-19 13:48:51.553   752  1981 I ActivityTaskManager: START u0 {act=android.intent.action.VIEW dat=intoss://takealook/... flg=0x10000000 xflg=0x4 pkg=viva.republica.toss.test cmp=viva.republica.toss.test/.MiniAppSchemeActivity} with LAUNCH_MULTIPLE from uid 2000 (BAL_ALLOW_PERMISSION) result code=2
02-19 13:48:51.553  4449  4467 V WindowManagerShell: Transition requested (#441): android.os.BinderProxy@82f7c1d TransitionRequestInfo { type = OPEN, triggerTask = TaskInfo{userId=0 taskId=56 effectiveUid=10217 displayId=0 isRunning=true baseIntent=Intent { act=android.intent.action.VIEW dat=intoss://takealook/... flg=0x10000000 pkg=viva.republica.toss.test cmp=viva.republica.toss.test/.MiniAppSchemeActivity } baseActivity=ComponentInfo{viva.republica.toss.test/im.toss.rn.granite.core.GraniteActivity} topActivity=ComponentInfo{viva.republica.toss.test/im.toss.rn.granite.core.GraniteActivity} origActivity=null realActivity=ComponentInfo{viva.republica.toss.test/viva.republica.toss.test.MiniAppSchemeActivity} numActivities=15 lastActiveTime=88003986 supportsMultiWindow=true resizeMode=1 isResizeable=true minWidth=-1 minHeight=-1 defaultMinSize=220 token=WCT{android.window.IWindowContainerToken$Stub$Proxy@f76de92} topActivityType=1 pictureInPictureParams=null shouldDockBigOverlays=false launchIntoPipHostTaskId=-1 lastParentTaskIdBeforePip=-1 displayCutoutSafeInsets=Rect(0, 0 - 0, 0) topActivityInfo=ActivityInfo{4597063 im.toss.rn.granite.core.GraniteActivity} launchCookies=[] positionInParent=Point(0, 0) parentTaskId=-1 isFocused=false isVisible=false isVisibleRequested=false isTopActivityNoDisplay=false isSleeping=false locusId=null displayAreaFeatureId=1 isTopActivityTransparent=false isActivityStackTransparent=false lastNonFullscreenBounds=Rect(284, 660 - 796, 1740) capturedLink=null capturedLinkTimestamp=0 requestedVisibleTypes=-9 topActivityRequestOpenInBrowserEducationTimestamp=0 appCompatTaskInfo=AppCompatTaskInfo { topActivityInSizeCompat=false eligibleForLetterboxEducation= false isLetterboxEducationEnabled= true isLetterboxDoubleTapEnabled= false eligibleForUserAspectRatioButton= false topActivityBoundsLetterboxed= false isFromLetterboxDoubleTap= false topActivityLetterboxVerticalPosition= -1 topActivityLetterboxHorizontalPosition= -1 topActivityLetterboxWidth=-1 topActivityLetterboxHeight=-1 topActivityAppBounds=Rect(0, 0 - 1080, 2400) isUserFullscreenOverrideEnabled=false isSystemFullscreenOverrideEnabled=false hasMinAspectRatioOverride=false topActivityLetterboxBounds=null cameraCompatTaskInfo=CameraCompatTaskInfo { freeformCameraCompatMode=inactive}} topActivityMainWindowFrame=null}, pipChange = null, remoteTransition = null, displayChange = null, flags = 0, debugId = 441 }
02-19 13:48:51.553  4449  4467 D ShellSplitScreen: logExit: no-op, mLoggerSessionId is null
02-19 13:48:51.556  4449  4467 D WindowManagerShell: onActivityRestartAttempt: topActivity=ComponentInfo{viva.republica.toss.test/im.toss.rn.granite.core.GraniteActivity}, wasVisible=false
02-19 13:48:51.557  4449  4467 D WindowManagerShell: setLauncherKeepClearAreaHeight: visible=false, height=527
02-19 13:48:51.557   617   617 W SplitSelectStateCtor: Missing session instanceIds
02-19 13:48:51.557   617   617 D StatsLog: LAUNCHER_SPLIT_SELECTION_EXIT_INTERRUPTED
02-19 13:48:51.558  4449  4474 V SnapshotDrawerUtils: Drawing snapshot surface sizeMismatch=true
02-19 13:48:51.560   752  1095 D BackgroundInstallControlService: Package event received: 0
02-19 13:48:51.565   752  1095 D BackgroundInstallControlService: Package event received: 0
02-19 13:48:51.568  3630  3630 D ViewRootImpl: Skipping stats log for color mode
02-19 13:48:51.568   752  1095 D BackgroundInstallControlService: Package event received: 0
02-19 13:48:51.571   752  1095 D BackgroundInstallControlService: Package event received: 0
02-19 13:48:51.571   752  1095 D BackgroundInstallControlService: Package event received: 0
02-19 13:48:51.571   752  1095 D BackgroundInstallControlService: Package event received: 0
02-19 13:48:51.571   752  1095 D BackgroundInstallControlService: Package event received: 0
02-19 13:48:51.571   752  1095 D BackgroundInstallControlService: Package event received: 0
02-19 13:48:51.588   531   531 I BpBinder: onLastStrongRef automatically unlinking death recipients: 
02-19 13:48:51.607  4449 21898 V WindowManagerShell: onTransitionReady(transaction=3229815419812)
02-19 13:48:51.609   752   794 V WindowManager: Sent Transition (#441) createdAt=02-19 13:48:51.545 via request=TransitionRequestInfo { type = OPEN, triggerTask = TaskInfo{userId=0 taskId=56 effectiveUid=10217 displayId=0 isRunning=true baseIntent=Intent { act=android.intent.action.VIEW dat=intoss://takealook/... flg=0x10000000 pkg=viva.republica.toss.test cmp=viva.republica.toss.test/.MiniAppSchemeActivity } baseActivity=ComponentInfo{viva.republica.toss.test/im.toss.rn.granite.core.GraniteActivity} topActivity=ComponentInfo{viva.republica.toss.test/im.toss.rn.granite.core.GraniteActivity} origActivity=null realActivity=ComponentInfo{viva.republica.toss.test/viva.republica.toss.test.MiniAppSchemeActivity} numActivities=15 lastActiveTime=88003986 supportsMultiWindow=true resizeMode=1 isResizeable=true minWidth=-1 minHeight=-1 defaultMinSize=220 token=WCT{RemoteToken{29715c6 Task{fa7be33 #56 type=standard A=10217:viva.republica.toss.test}}} topActivityType=1 pictureInPictureParams=null shouldDockBigOverlays=false launchIntoPipHostTaskId=-1 lastParentTaskIdBeforePip=-1 displayCutoutSafeInsets=Rect(0, 0 - 0, 0) topActivityInfo=ActivityInfo{15d0fdf im.toss.rn.granite.core.GraniteActivity} launchCookies=[] positionInParent=Point(0, 0) parentTaskId=-1 isFocused=false isVisible=false isVisibleRequested=false isTopActivityNoDisplay=false isSleeping=false locusId=null displayAreaFeatureId=1 isTopActivityTransparent=false isActivityStackTransparent=false lastNonFullscreenBounds=Rect(284, 660 - 796, 1740) capturedLink=null capturedLinkTimestamp=0 requestedVisibleTypes=-9 topActivityRequestOpenInBrowserEducationTimestamp=0 appCompatTaskInfo=AppCompatTaskInfo { topActivityInSizeCompat=false eligibleForLetterboxEducation= false isLetterboxEducationEnabled= true isLetterboxDoubleTapEnabled= false eligibleForUserAspectRatioButton= false topActivityBoundsLetterboxed= false isFromLetterboxDoubleTap= false topActivityLetterboxVerticalPosition= -1 topActivityLetterboxHorizontalPosition= -1 topActivityLetterboxWidth=-1 topActivityLetterboxHeight=-1 topActivityAppBounds=Rect(0, 0 - 1080, 2400) isUserFullscreenOverrideEnabled=false isSystemFullscreenOverrideEnabled=false hasMinAspectRatioOverride=false topActivityLetterboxBounds=null cameraCompatTaskInfo=CameraCompatTaskInfo { freeformCameraCompatMode=inactive}} topActivityMainWindowFrame=null}, pipChange = null, remoteTransition = null, displayChange = null, flags = 0, debugId = 441 }
02-19 13:48:51.609   752   794 V WindowManager:     startWCT=WindowContainerTransaction { changes= {} hops= [] errorCallbackToken=null taskFragmentOrganizer=null }
02-19 13:48:51.610   752   794 V WindowManager:     info={id=441 t=OPEN f=0x0 trk=0 r=[0@Point(0, 0)] c=[
02-19 13:48:51.610   752   794 V WindowManager:         {WCT{RemoteToken{29715c6 Task{fa7be33 #56 type=standard A=10217:viva.republica.toss.test}}} m=TO_FRONT f=MOVE_TO_TOP leash=Surface(name=Task=56)/@0xf76b753 sb=Rect(0, 0 - 1080, 2400) eb=Rect(0, 0 - 1080, 2400) epz=Point(1080, 2400) d=0 taskParent=-1},
02-19 13:48:51.610   752   794 V WindowManager:         {WCT{RemoteToken{5218fe8 Task{dd43522 #1 type=home}}} m=TO_BACK f=SHOW_WALLPAPER leash=Surface(name=Task=1)/@0x8ddbd2e sb=Rect(0, 0 - 1080, 2400) eb=Rect(0, 0 - 1080, 2400) epz=Point(1080, 2400) d=0 taskParent=-1},
02-19 13:48:51.610   752   794 V WindowManager:         {m=TO_BACK f=IS_WALLPAPER leash=Surface(name=WallpaperWindowToken{35e0c0f showWhenLocked=false})/@0x512f5be sb=Rect(0, 0 - 1080, 2400) eb=Rect(0, 0 - 1080, 2400) epz=Point(1080, 2400) d=0}
02-19 13:48:51.610   752   794 V WindowManager:     ]}
02-19 13:48:51.612  4449  4467 V WindowManagerShell: onTransitionReady (#441) android.os.BinderProxy@82f7c1d: {id=441 t=OPEN f=0x0 trk=0 r=[0@Point(0, 0)] c=[
02-19 13:48:51.612  4449  4467 V WindowManagerShell:         {m=TO_FRONT f=MOVE_TO_TOP leash=Surface(name=Task=56)/@0x92051de sb=Rect(0, 0 - 1080, 2400) eb=Rect(0, 0 - 1080, 2400) epz=Point(1080, 2400) d=0 taskParent=-1},
02-19 13:48:51.612  4449  4467 V WindowManagerShell:         {m=TO_BACK f=SHOW_WALLPAPER leash=Surface(name=Task=1)/@0xb68afbf sb=Rect(0, 0 - 1080, 2400) eb=Rect(0, 0 - 1080, 2400) epz=Point(1080, 2400) d=0 taskParent=-1},
02-19 13:48:51.612  4449  4467 V WindowManagerShell:         {m=TO_BACK f=IS_WALLPAPER leash=Surface(name=WallpaperWindowToken{35e0c0f showWhenLocked=false})/@0xdd9368c sb=Rect(0, 0 - 1080, 2400) eb=Rect(0, 0 - 1080, 2400) epz=Point(1080, 2400) d=0}
02-19 13:48:51.612  4449  4467 V WindowManagerShell:     ]}
02-19 13:48:51.613  4449  4467 V WindowManagerShell: Playing animation for (#441) android.os.BinderProxy@82f7c1d@0
02-19 13:48:51.613  4449  4467 V ShellRecents: RecentsTransitionHandler.startAnimation: no controller found
02-19 13:48:51.613  4449  4467 V WindowManagerShell: Transition doesn't have explicit remote, search filters for match for {id=441 t=OPEN f=0x0 trk=0 r=[0@Point(0, 0)] c=[{m=TO_FRONT f=MOVE_TO_TOP leash=Surface(name=Task=56)/@0x92051de sb=Rect(0, 0 - 1080, 2400) eb=Rect(0, 0 - 1080, 2400) epz=Point(1080, 2400) d=0 taskParent=-1},{m=TO_BACK f=SHOW_WALLPAPER leash=Surface(name=Task=1)/@0xb68afbf sb=Rect(0, 0 - 1080, 2400) eb=Rect(0, 0 - 1080, 2400) epz=Point(1080, 2400) d=0 taskParent=-1},{m=TO_BACK f=IS_WALLPAPER leash=Surface(name=WallpaperWindowToken{35e0c0f showWhenLocked=false})/@0xdd9368c sb=Rect(0, 0 - 1080, 2400) eb=Rect(0, 0 - 1080, 2400) epz=Point(1080, 2400) d=0}]}
02-19 13:48:51.614  4449  4467 V WindowManagerShell:  Checking filter Pair{{types=[] flags=0x0] notFlags=0x0 checks=[{atype=undefined independent=true modes=[CLOSE,TO_BACK] flags=IN_TASK_WITH_EMBEDDED_ACTIVITY mustBeTask=false order=ANY topActivity=null launchCookie=null taskFragmentToken=android.os.BinderProxy@268473d windowingMode=undefined}]} RemoteTransition { remoteTransition = android.window.IRemoteTransition$Stub$Proxy@2491b32, appThread = android.app.IApplicationThread$Stub$Proxy@a160083, debugName = overlayBackTransition }}
02-19 13:48:51.614  4449  4467 V WindowManagerShell:  Checking filter Pair{{types=[] flags=0x0] notFlags=0x0 checks=[{atype=dream independent=true modes=[OPEN,TO_FRONT] flags=NONE mustBeTask=false order=ANY topActivity=null launchCookie=null windowingMode=undefined},{atype=home independent=true modes=[CLOSE,TO_BACK] flags=NONE mustBeTask=false order=ANY topActivity=null launchCookie=null windowingMode=undefined}]} RemoteTransition { remoteTransition = android.window.IRemoteTransition$Stub$Proxy@7d85200, appThread = android.app.IApplicationThread$Stub$Proxy@c171a39, debugName = LauncherToDream }}
02-19 13:48:51.614  4449  4467 V WindowManagerShell:  Checking filter Pair{{types=[] flags=0x0] notFlags=0x100 checks=[{atype=home independent=true modes=[OPEN,TO_FRONT] flags=NONE mustBeTask=false order=TOP topActivity=ComponentInfo{com.google.android.apps.nexuslauncher/com.google.android.apps.nexuslauncher.NexusLauncherActivity} launchCookie=null windowingMode=undefined},{atype=standard independent=true modes=[CLOSE,TO_BACK] flags=NONE mustBeTask=false order=ANY topActivity=null launchCookie=null windowingMode=undefined},{NOT atype=undefined independent=true modes=[] flags=NONE mustBeTask=true order=ANY topActivity=null launchCookie=null customAnim=true windowingMode=undefined}]} RemoteTransition { remoteTransition = android.window.IRemoteTransition$Stub$Proxy@e9b87e, appThread = android.app.IApplicationThread$Stub$Proxy@92e21df, debugName = QuickstepLaunchHome }}
02-19 13:48:51.614  4449  4467 V WindowManagerShell:  Checking filter Pair{{types=[] flags=0x0] notFlags=0x0 checks=[{atype=undefined independent=true modes=[CLOSE,TO_BACK] flags=IN_TASK_WITH_EMBEDDED_ACTIVITY mustBeTask=false order=ANY topActivity=null launchCookie=null taskFragmentToken=android.os.BinderProxy@268473d windowingMode=undefined}]} RemoteTransition { remoteTransition = android.window.IRemoteTransition$Stub$Proxy@2767ac7, appThread = android.app.IApplicationThread$Stub$Proxy@2c518f4, debugName = overlayBackTransition }}
02-19 13:48:51.614  4449  4467 V WindowManagerShell:  Checking filter Pair{{types=[] flags=0x0] notFlags=0x0 checks=[{atype=dream independent=true modes=[OPEN,TO_FRONT] flags=NONE mustBeTask=false order=ANY topActivity=null launchCookie=null windowingMode=undefined},{atype=home independent=true modes=[CLOSE,TO_BACK] flags=NONE mustBeTask=false order=ANY topActivity=null launchCookie=null windowingMode=undefined}]} RemoteTransition { remoteTransition = android.window.IRemoteTransition$Stub$Proxy@c3e281d, appThread = android.app.IApplicationThread$Stub$Proxy@a1e1a92, debugName = LauncherToDream }}
02-19 13:48:51.614  4449  4467 V WindowManagerShell:  Checking filter Pair{{types=[] flags=0x0] notFlags=0x100 checks=[{atype=home independent=true modes=[OPEN,TO_FRONT] flags=NONE mustBeTask=false order=TOP topActivity=ComponentInfo{com.google.android.apps.nexuslauncher/com.google.android.apps.nexuslauncher.NexusLauncherActivity} launchCookie=null windowingMode=undefined},{atype=standard independent=true modes=[CLOSE,TO_BACK] flags=NONE mustBeTask=false order=ANY topActivity=null launchCookie=null windowingMode=undefined},{NOT atype=undefined independent=true modes=[] flags=NONE mustBeTask=true order=ANY topActivity=null launchCookie=null customAnim=true windowingMode=undefined}]} RemoteTransition { remoteTransition = android.window.IRemoteTransition$Stub$Proxy@9d5fc63, appThread = android.app.IApplicationThread$Stub$Proxy@a94d060, debugName = QuickstepLaunchHome }}
02-19 13:48:51.614  4449  4467 V WindowManagerShell:  Delegate animation for (#441) to null
02-19 13:48:51.615  4449  4467 V WindowManagerShell: start default transition animation, info = {id=441 t=OPEN f=0x0 trk=0 r=[0@Point(0, 0)] c=[{m=TO_FRONT f=MOVE_TO_TOP leash=Surface(name=Task=56)/@0x92051de sb=Rect(0, 0 - 1080, 2400) eb=Rect(0, 0 - 1080, 2400) epz=Point(1080, 2400) d=0 taskParent=-1},{m=TO_BACK f=SHOW_WALLPAPER leash=Surface(name=Task=1)/@0xb68afbf sb=Rect(0, 0 - 1080, 2400) eb=Rect(0, 0 - 1080, 2400) epz=Point(1080, 2400) d=0 taskParent=-1},{m=TO_BACK f=IS_WALLPAPER leash=Surface(name=WallpaperWindowToken{35e0c0f showWhenLocked=false})/@0xdd9368c sb=Rect(0, 0 - 1080, 2400) eb=Rect(0, 0 - 1080, 2400) epz=Point(1080, 2400) d=0}]}
02-19 13:48:51.625  3630  4526 W unknown:ReconnectingWebSocket: Couldn't connect to "ws://10.0.2.2:8081/message?device=sdk_gphone64_x86_64%20-%2016%20-%20API%2036&app=viva.republica.toss.test&clientid=BridgeDevSupportManager", will silently retry
02-19 13:48:51.666  4449  4467 V WindowManagerShell: loadAnimation: anim=android.view.animation.AnimationSet@3292f78 animAttr=0x13 type=OPEN isEntrance=false
02-19 13:48:51.714  4449  4467 V WindowManagerShell: loadAnimation: anim=android.view.animation.AnimationSet@f96d7b7 animAttr=0x12 type=OPEN isEntrance=true
02-19 13:48:51.777  4449  4467 V WindowManagerShell:  animated by com.android.wm.shell.transition.DefaultTransitionHandler@f74d823
02-19 13:48:51.994  3630  4401 D ReactNativeJS: '[Analytics]', '{\n  "log_type": "screen",\n  "log_name": "/::screen",\n  "params": {\n    "referrer": null,\n    "deployment_id": "local",\n    "deployment_timestamp": null\n  }\n}'
02-19 13:48:52.050   752   794 W Looper  : Slow dispatch took 335ms android.fg app=system_server main=false group=FOREGROUND h=android.os.Handler c=com.android.server.wm.ActivityMetricsLogger$$ExternalSyntheticLambda0@202c8fb m=0
02-19 13:48:52.051   752   794 W Looper  : Slow delivery took 270ms android.fg app=system_server main=false group=FOREGROUND h=android.os.Handler c=com.android.server.wm.ActivityMetricsLogger$$ExternalSyntheticLambda8@18e3d18 m=0
02-19 13:48:52.058   752   989 I ImeTracker: viva.republica.toss.test:a4b79e1a: onRequestHide at ORIGIN_SERVER reason HIDE_UNSPECIFIED_WINDOW fromUser false
02-19 13:48:52.065  1563  1563 I GoogleInputMethodService: GoogleInputMethodService.onFinishInput():2043 
02-19 13:48:52.068  1563  1563 I Module  : DeviceLockedStatusModuleProvider$Module.updateDeviceLockedStatus():100 repeatCheckTimes = 0, locked = false
02-19 13:48:52.069   752  2377 I ImeTracker: system_server:f14c8916: onRequestHide at ORIGIN_SERVER reason IME_REQUESTED_CHANGED_LISTENER fromUser false
02-19 13:48:52.069  1563  1563 I GoogleInputMethodService: GoogleInputMethodService.onStartInput():1293 onStartInput(EditorInfo{EditorInfo{packageName=viva.republica.toss.test, inputType=0, inputTypeString=NULL, enableLearning=false, autoCorrection=false, autoComplete=false, imeOptions=0, privateImeOptions=null, actionName=UNSPECIFIED, actionLabel=null, initialSelStart=-1, initialSelEnd=-1, initialCapsMode=0, label=null, fieldId=0, fieldName=null, extras=null, hintText=null, hintLocales=[]}}, false)
02-19 13:48:52.071   752   797 I ImeTracker: system_server:f14c8916: onCancelled at PHASE_SERVER_SHOULD_HIDE
02-19 13:48:52.071  1563  1563 I Module  : DeviceLockedStatusModuleProvider$Module.updateDeviceLockedStatus():100 repeatCheckTimes = 1, locked = false
02-19 13:48:52.073  1563  1563 I EmojiCompatManager: EmojiCompatManager.getEmojiCompatIfLoaded():343 EmojiCompat.init() was never called.
02-19 13:48:52.073  1563  1563 I EmojiCompatManager: java.lang.IllegalStateException: EmojiCompat is not initialized. Please call EmojiCompat.init() first
02-19 13:48:52.073  1563  1563 I EmojiCompatManager: 	at asx.p(PG:6)
02-19 13:48:52.073  1563  1563 I EmojiCompatManager: 	at axb.b(PG:13)
02-19 13:48:52.073  1563  1563 I EmojiCompatManager: 	at jnr.b(PG:2)
02-19 13:48:52.073  1563  1563 I EmojiCompatManager: 	at jnr.c(PG:4)
02-19 13:48:52.073  1563  1563 I EmojiCompatManager: 	at jnr.f(PG:3)
02-19 13:48:52.073  1563  1563 I EmojiCompatManager: 	at jnx.c(PG:3)
02-19 13:48:52.073  1563  1563 I EmojiCompatManager: 	at kif.cz(PG:47)
02-19 13:48:52.073  1563  1563 I EmojiCompatManager: 	at lhl.run(PG:1025)
02-19 13:48:52.073  1563  1563 I EmojiCompatManager: 	at jaf.execute(PG:12)
02-19 13:48:52.073  1563  1563 I EmojiCompatManager: 	at nco.v(PG:13)
02-19 13:48:52.073  1563  1563 I EmojiCompatManager: 	at lhn.m(PG:96)
02-19 13:48:52.073  1563  1563 I EmojiCompatManager: 	at lhn.k(PG:25)
02-19 13:48:52.073  1563  1563 I EmojiCompatManager: 	at kgn.onStartInput(PG:250)
02-19 13:48:52.073  1563  1563 I EmojiCompatManager: 	at android.inputmethodservice.InputMethodService.doStartInput(InputMethodService.java:3521)
02-19 13:48:52.073  1563  1563 I EmojiCompatManager: 	at android.inputmethodservice.InputMethodService$InputMethodImpl.startInput(InputMethodService.java:879)
02-19 13:48:52.073  1563  1563 I EmojiCompatManager: 	at android.inputmethodservice.InputMethodService$InputMethodImpl.dispatchStartInput(InputMethodService.java:908)
02-19 13:48:52.073  1563  1563 I EmojiCompatManager: 	at android.inputmethodservice.IInputMethodWrapper.executeMessage(IInputMethodWrapper.java:201)
02-19 13:48:52.073  1563  1563 I EmojiCompatManager: 	at com.android.internal.os.HandlerCaller$MyHandler.handleMessage(HandlerCaller.java:44)
02-19 13:48:52.073  1563  1563 I EmojiCompatManager: 	at android.os.Handler.dispatchMessage(Handler.java:110)
02-19 13:48:52.073  1563  1563 I EmojiCompatManager: 	at android.os.Looper.loopOnce(Looper.java:248)
02-19 13:48:52.073  1563  1563 I EmojiCompatManager: 	at android.os.Looper.loop(Looper.java:338)
02-19 13:48:52.073  1563  1563 I EmojiCompatManager: 	at android.app.ActivityThread.main(ActivityThread.java:9067)
02-19 13:48:52.073  1563  1563 I EmojiCompatManager: 	at java.lang.reflect.Method.invoke(Native Method)
02-19 13:48:52.073  1563  1563 I EmojiCompatManager: 	at com.android.internal.os.RuntimeInit$MethodAndArgsCaller.run(RuntimeInit.java:593)
02-19 13:48:52.073  1563  1563 I EmojiCompatManager: 	at com.android.internal.os.ZygoteInit.main(ZygoteInit.java:932)
02-19 13:48:52.074   752  2377 W PackageConfigPersister: App-specific configuration not found for packageName: viva.republica.toss.test and userId: 0
02-19 13:48:52.078  4449  4467 V WindowManagerShell: Transition animation finished (aborted=false), notifying core (#441) android.os.BinderProxy@82f7c1d@0
02-19 13:48:52.097   617   617 D VRI[NexusLauncherActivity]: visibilityChanged oldVisibility=true newVisibility=false
02-19 13:48:52.100  4449  4467 V WindowManagerShell: Track 0 became idle
02-19 13:48:52.100  4449  4467 V WindowManagerShell: All active transition animations finished
02-19 13:48:52.157   617   617 D NexusLauncherModelDelegate: notifySmartspaceEvent: SmartspaceTargetEvent{mSmartspaceTarget=null, mSmartspaceActionId='null', mEventType=7}
02-19 13:48:52.103   752   794 V WindowManager: Finish Transition (#441): created at 02-19 13:48:51.545 collect-started=0.101ms request-sent=7.452ms started=10.791ms ready=37.96ms sent=60.556ms commit=179.854ms finished=534.909ms
02-19 13:48:52.162  3630  3630 D InsetsController: hide(ime(), fromIme=false)
02-19 13:48:52.163  3630  3630 I ImeTracker: viva.republica.toss.test:a4b79e1a: onCancelled at PHASE_CLIENT_ALREADY_HIDDEN
02-19 13:48:52.383   617   617 D BaseDepthController: setSurface:
02-19 13:48:52.383   617   617 D BaseDepthController: 	mWaitingOnSurfaceValidity: false
02-19 13:48:52.383   617   617 D BaseDepthController: 	mBaseSurface: null
02-19 13:48:52.384   617   617 D BaseDepthController: mSurface is null and mCurrentBlur is: 0
02-19 13:48:52.385   617   617 D StateManager: goToState - fromState: Normal, toState: Normal, partial trace:
02-19 13:48:52.385   617   617 D StateManager: 	at com.android.launcher3.statemanager.StateManager.moveToRestState(go/retraceme 72a59688580715d19f0e415c69e80376c2f062d1648c80db6730905005a27c20:4)
02-19 13:48:52.385   617   617 D StateManager: 	at com.android.launcher3.statemanager.StateManager.moveToRestState(go/retraceme 72a59688580715d19f0e415c69e80376c2f062d1648c80db6730905005a27c20:1)
02-19 13:48:52.385   617   617 D StateManager: 	at com.android.launcher3.statemanager.StatefulActivity.onStop(go/retraceme 72a59688580715d19f0e415c69e80376c2f062d1648c80db6730905005a27c20:34)
02-19 13:48:52.386   617   617 D StatsLog: LAUNCHER_ONSTOP
02-19 13:48:52.394   617   617 D StatsLog: LAUNCHER_GOOGLE_SEARCH_RESTORE_LIST_SIZE_AFTER_ACTIVITY_RESTART
02-19 13:48:52.411   752  1095 D BackgroundInstallControlService: Package event received: 0
02-19 13:48:54.401   531   568 W EventThread: Faking VSYNC due to driver stall for thread app
02-19 13:48:54.482   617  4497 I HWUI    : Davey! duration=2033ms; Flags=0, FrameTimelineVsyncId=1452249, IntendedVsync=88006288753272, Vsync=88006288753272, InputEventId=0, HandleInputStart=88006291920700, AnimationStart=88006291921665, PerformTraversalsStart=88006293877597, DrawStart=88006294044557, FrameDeadline=88006322086604, FrameStartTime=88006291918014, FrameInterval=16666666, WorkloadTarget=16666666, SyncQueued=88006294087294, SyncStart=88006294309102, IssueDrawCommandsStart=88006294592833, SwapBuffers=88006295686179, FrameCompleted=88008322016572, DequeueBufferDuration=2024325257, QueueBufferDuration=1169649, GpuCompleted=88008321936893, SwapBuffersCompleted=88008322016572, DisplayPresentTime=0, CommandSubmissionCompleted=88006295686179, 
02-19 13:48:54.578   752  1856 E TaskPersister: File error accessing recents directory (directory doesn't exist?).
02-19 13:48:54.677  4528  4528 W dumpsys : Thread Pool max thread count is 0. Cannot cache binder as linkToDeath cannot be implemented. serviceName: window
02-19 13:48:54.690   752  1981 I system_server: AssetManager2(0x7d8fac4de578) locale list changing from [] to [en-US]
02-19 13:48:54.758  3453  3453 D BoundBrokerSvc: onUnbind: Intent { act=com.google.android.gms.safetynet.service.START xflg=0x4 pkg=com.google.android.gms }
02-19 13:48:54.789   752  1981 I system_server: AssetManager2(0x7d8fac4dd2b8) locale list changing from [] to [en-US]
02-19 13:48:54.841   752  1981 I system_server: AssetManager2(0x7d8fac4cbfb8) locale list changing from [] to [en-US]
02-19 13:48:54.988   752  1981 I system_server: AssetManager2(0x7d8fac4de898) locale list changing from [] to [en-US]
02-19 13:48:55.381   752  1981 I system_server: AssetManager2(0x7d8fac46fcb8) locale list changing from [] to [en-US]
02-19 13:48:55.828   752  1981 I system_server: AssetManager2(0x7d8fac4970d8) locale list changing from [] to [en-US]
02-19 13:48:56.104   617  4497 D OverviewCommandHelper: command added: CommandInfo(type=TOGGLE, status=IDLE, createTime=88009951, animationCallbacks=null, displayId=0, isLastOfBatch=true)
02-19 13:48:56.105   617  4497 D OverviewCommandHelper: execute: CommandInfo(type=TOGGLE, status=IDLE, createTime=88009951, animationCallbacks=null, displayId=0, isLastOfBatch=true) - queue size: 1
02-19 13:48:56.105   617   617 D OverviewCommandHelper: executing command: CommandInfo(type=TOGGLE, status=PROCESSING, createTime=88009951, animationCallbacks=null, displayId=0, isLastOfBatch=true)
02-19 13:48:56.105   617   617 D OverviewCommandHelper: executeCommand: CommandInfo(type=TOGGLE, status=PROCESSING, createTime=88009951, animationCallbacks=null, displayId=0, isLastOfBatch=true) - visibleRecentsView: null
02-19 13:48:56.106   617   617 D OverviewCommandHelper: Querying TaskbarManager for TaskbarUIController for display: 0
02-19 13:48:56.106   617   617 D OverviewCommandHelper: TaskbarUIController for display 0 was found
02-19 13:48:56.110   752   794 W Looper  : Drained
02-19 13:48:56.115  4449  4449 I vol.VolumeDialogImpl: mDialog.dismiss() reason: volume_controller from: com.android.systemui.volume.VolumeDialogImpl$7.onDismissRequested:3
02-19 13:48:56.115   617   617 D ContextTracker: Registering callback: com.android.launcher3.LauncherInitListener@aba3b18, reason=OverviewCommandHelper: command.type=TOGGLE
02-19 13:48:56.116   617   617 D RecentsView: onGestureAnimationStart - groupedTaskInfo: Desk ID= -1, Desk Display ID=-1, Tasks=[id=56 winMode=fullscreen visReq=true vis=true excluded=false baseIntent=viva.republica.toss.test/.MiniAppSchemeActivity], Type=FULLSCREEN, Minimized Task IDs=null
02-19 13:48:56.117   617   617 D RecentsView: showCurrentTask(onGestureAnimationStart) - groupedTaskInfo: Desk ID= -1, Desk Display ID=-1, Tasks=[id=56 winMode=fullscreen visReq=true vis=true excluded=false baseIntent=viva.republica.toss.test/.MiniAppSchemeActivity], Type=FULLSCREEN, Minimized Task IDs=null
02-19 13:48:56.117   617   617 D OverviewActionsView: updateForGroupedTask() called with: isGroupedTask = [false], canSaveAppPair = [false]
02-19 13:48:56.118   617   617 D OverviewActionsView: updateActionButtonsVisibility() called: showSingleTaskActions = [true], showGroupActions = [false]
02-19 13:48:56.119   617   617 D RecentsView: reloadIfNeeded - getTasks: 131
02-19 13:48:56.120   617   617 D RecentsView: onGestureAnimationStart - groupedTaskInfo: Desk ID= -1, Desk Display ID=-1, Tasks=[id=56 winMode=fullscreen visReq=true vis=true excluded=false baseIntent=viva.republica.toss.test/.MiniAppSchemeActivity], Type=FULLSCREEN, Minimized Task IDs=null
02-19 13:48:56.120   617   617 D RecentsView: showCurrentTask(onGestureAnimationStart) - groupedTaskInfo: Desk ID= -1, Desk Display ID=-1, Tasks=[id=56 winMode=fullscreen visReq=true vis=true excluded=false baseIntent=viva.republica.toss.test/.MiniAppSchemeActivity], Type=FULLSCREEN, Minimized Task IDs=null
02-19 13:48:56.120  4449  4467 V ShellRecents: RecentsTransitionHandler.startRecentsTransition
02-19 13:48:56.120   617   617 D OverviewActionsView: updateForGroupedTask() called with: isGroupedTask = [false], canSaveAppPair = [false]
02-19 13:48:56.120   617   617 D OverviewActionsView: updateActionButtonsVisibility() called: showSingleTaskActions = [true], showGroupActions = [false]
02-19 13:48:56.120  4449  4467 V WindowManagerShell: Directly starting a new transition type=TO_FRONT wct=WindowContainerTransaction { changes= {} hops= [{pendingIntent: options=Bundle[{android.activity.splashScreenStyle=-1, android.activity.sourceInfo=Supplier{VAL_PARCELABLE@148+104}, android.pendingIntent.backgroundActivityAllowed=3, android:activity.animAbortListener=null, android.activity.transientLaunch=true}]}] errorCallbackToken=null taskFragmentOrganizer=null } handler=com.android.wm.shell.recents.RecentsTransitionHandler@bc47314
02-19 13:48:56.121   617   617 D RecentsView: reloadIfNeeded - task list still valid: 131
02-19 13:48:56.121   617   617 D OverviewCommandHelper: switching via recents animation - onGestureStarted: CommandInfo(type=TOGGLE, status=PROCESSING, createTime=88009951, animationCallbacks=com.android.quickstep.RecentsAnimationCallbacks@933ea, displayId=0, isLastOfBatch=true)
02-19 13:48:56.121   617   617 D OverviewCommandHelper: command executed: CommandInfo(type=TOGGLE, status=PROCESSING, createTime=88009951, animationCallbacks=com.android.quickstep.RecentsAnimationCallbacks@933ea, displayId=0, isLastOfBatch=true) with result: false
02-19 13:48:56.121   617   617 D OverviewCommandHelper: waiting for command callback: CommandInfo(type=TOGGLE, status=PROCESSING, createTime=88009951, animationCallbacks=com.android.quickstep.RecentsAnimationCallbacks@933ea, displayId=0, isLastOfBatch=true)
02-19 13:48:56.126  4449  4467 V ShellRecents: [39672508] RecentsController.setTransition: id=android.os.BinderProxy@77306af
02-19 13:48:56.136  4449  4449 I vol.VolumeDialogImpl: mDialog.dismiss() reason: volume_controller from: com.android.systemui.volume.VolumeDialogImpl$7.onDismissRequested:3
02-19 13:48:56.136  4449  4449 D vol.VolumeDialogImpl: dismissH: skipping dismiss because isAnimatingDismiss is true and showingStateInconsistent is false
02-19 13:48:56.136   752  1095 D BackgroundInstallControlService: Package event received: 0
02-19 13:48:56.136   752  1095 D BackgroundInstallControlService: Package event received: 0
02-19 13:48:57.497   531   568 W EventThread: Faking VSYNC due to driver stall for thread app
02-19 13:48:57.497   531   569 W EventThread: Faking VSYNC due to driver stall for thread appSf
02-19 13:48:57.498   531   531 I BpBinder: onLastStrongRef automatically unlinking death recipients: 
02-19 13:48:57.502   617   617 D RecentsView: applyLoadPlan - taskGroups: [type=SINGLE task=[id=12 windowingMode=0 user=0 lastActiveTime=89737] null, type=SINGLE task=[id=49 windowingMode=1 user=0 lastActiveTime=87698314] null, type=SINGLE task=[id=56 windowingMode=1 user=0 lastActiveTime=88005408] null]
02-19 13:48:57.539   617   617 D ViewRootImpl: Skipping stats log for color mode
02-19 13:48:57.544   617   617 D StateManager: goToState - fromState: Normal, toState: Background, partial trace:
02-19 13:48:57.544   617   617 D StateManager: 	at com.android.quickstep.BaseActivityInterface$DefaultAnimationFactory.initBackgroundStateUI(go/retraceme 72a59688580715d19f0e415c69e80376c2f062d1648c80db6730905005a27c20:39)
02-19 13:48:57.544   617   617 D StateManager: 	at com.android.quickstep.LauncherActivityInterface.prepareRecentsUI(go/retraceme 72a59688580715d19f0e415c69e80376c2f062d1648c80db6730905005a27c20:9)
02-19 13:48:57.544   617   617 D StateManager: 	at com.android.quickstep.AbsSwipeUpHandler.lambda$onLauncherStart$7(go/retraceme 72a59688580715d19f0e415c69e80376c2f062d1648c80db6730905005a27c20:11)
02-19 13:48:57.545   617   617 D StateManager: onStateTransitionStart - state: Background
