02-19 12:46:06.823 29234 29234 I Choreographer: Skipped 184 frames!  The application may be doing too much work on its main thread.
02-19 12:46:06.893 29234 30126 D ReactNativeJS: '[Analytics]', '{\n  "log_type": "screen",\n  "log_name": "/::screen",\n  "params": {\n    "referrer": null,\n    "deployment_id": "local",\n    "deployment_timestamp": null\n  }\n}'
02-19 12:46:06.995 30357 30357 W screencap: Thread Pool max thread count is 0. Cannot cache binder as linkToDeath cannot be implemented. serviceName: SurfaceFlingerAIDL
02-19 12:46:07.001 30357 30357 W BpBinder: Linking to death on android.gui.ISurfaceComposer but there are no threads (yet?) listening to incoming transactions. See ProcessState::startThreadPool and ProcessState::setThreadPoolMaxThreadCount. Generally you should setup the binder threadpool before other initialization steps.
02-19 12:46:07.002 30357 30357 W ProcessState: Extra binder thread started, but 0 threads requested. Do not use *startThreadPool when zero threads are requested.
02-19 12:46:07.024   531   603 E HwcComposer: getLuts failed Status(-8, EX_SERVICE_SPECIFIC): '8: '
02-19 12:46:07.028   531   603 E HWComposer: getLuts: getLuts failed for display 4619827259835644672: UNSUPPORTED (8)
02-19 12:46:07.018 29234 29480 I HWUI    : Davey! duration=3265ms; Flags=0, FrameTimelineVsyncId=1248933, IntendedVsync=84237588904020, Vsync=84240655570564, InputEventId=0, HandleInputStart=84240672097222, AnimationStart=84240672098618, PerformTraversalsStart=84240711447177, DrawStart=84240715040426, FrameDeadline=84237605570686, FrameStartTime=84240669683302, FrameInterval=16666666, WorkloadTarget=16666666, SyncQueued=84240786672607, SyncStart=84240789530782, IssueDrawCommandsStart=84240792673074, SwapBuffers=84240848098752, FrameCompleted=84240857026896, DequeueBufferDuration=23803, QueueBufferDuration=504753, GpuCompleted=84240857026896, SwapBuffersCompleted=84240852488768, DisplayPresentTime=0, CommandSubmissionCompleted=84240848098752, 
02-19 12:46:07.087 29234 29481 I HWUI    : Davey! duration=3250ms; Flags=0, FrameTimelineVsyncId=1248933, IntendedVsync=84237588904020, Vsync=84240655570564, InputEventId=0, HandleInputStart=84240672097222, AnimationStart=84240672098618, PerformTraversalsStart=84240711447177, DrawStart=84240793071145, FrameDeadline=84238655570644, FrameStartTime=84240669683302, FrameInterval=16666666, WorkloadTarget=16666666, SyncQueued=84240793591436, SyncStart=84240854907146, IssueDrawCommandsStart=84240855509793, SwapBuffers=84240876623034, FrameCompleted=84240900663204, DequeueBufferDuration=10771, QueueBufferDuration=14439183, GpuCompleted=84240900481710, SwapBuffersCompleted=84240900663204, DisplayPresentTime=138055229943840, CommandSubmissionCompleted=84240876623034, 
02-19 12:46:07.250 29234 29234 D VRI[GraniteActivity]: visibilityChanged oldVisibility=true newVisibility=false
02-19 12:46:07.270 29234 29234 E unknown:ReactNative: Tried to remove non-existent frame callback
02-19 12:46:07.272 29234 29234 W cr_AwContents: WebView.destroy() called while WebView is still attached to window.
02-19 12:46:07.307 29234 30341 E ReactNativeJS: '    :', [Error: SERVICE_NAME is missing]
02-19 12:46:07.356 14715 28855 I gle.android.gms: Explicit concurrent mark compact GC freed 924KB AllocSpace bytes, 0(0B) LOS objects, 25% free, 10055KB/13MB, paused 545us,3.787ms total 763.739ms
02-19 12:46:07.374 29234 30341 W unknown:ViewManagerPropertyUpdater: Could not find generated setter for class com.facebook.react.views.image.ReactImageManager
02-19 12:46:07.376 29234 30341 W unknown:ViewManagerPropertyUpdater: Could not find generated setter for class com.facebook.react.uimanager.LayoutShadowNode
02-19 12:46:07.393 29234 30342 E unknown:ReactNative: Unhandled SoftException
02-19 12:46:07.393 29234 30342 E unknown:ReactNative: java.lang.RuntimeException: Catalyst Instance has already disappeared: requested by Networking
02-19 12:46:07.393 29234 30342 E unknown:ReactNative: 	at com.facebook.react.bridge.ReactContextBaseJavaModule.getReactApplicationContextIfActiveOrWarn(:66)
02-19 12:46:07.393 29234 30342 E unknown:ReactNative: 	at com.facebook.react.modules.network.NetworkingModule.sendRequestInternal(:266)
02-19 12:46:07.393 29234 30342 E unknown:ReactNative: 	at com.facebook.react.modules.network.NetworkingModule.sendRequest(:236)
02-19 12:46:07.393 29234 30342 E unknown:ReactNative: 	at java.lang.reflect.Method.invoke(Native Method)
02-19 12:46:07.393 29234 30342 E unknown:ReactNative: 	at com.facebook.react.bridge.JavaMethodWrapper.invoke(:372)
02-19 12:46:07.393 29234 30342 E unknown:ReactNative: 	at com.facebook.react.bridge.JavaModuleWrapper.invoke(:188)
02-19 12:46:07.393 29234 30342 E unknown:ReactNative: 	at com.facebook.jni.NativeRunnable.run(Native Method)
02-19 12:46:07.393 29234 30342 E unknown:ReactNative: 	at android.os.Handler.handleCallback(Handler.java:995)
02-19 12:46:07.393 29234 30342 E unknown:ReactNative: 	at android.os.Handler.dispatchMessage(Handler.java:103)
02-19 12:46:07.393 29234 30342 E unknown:ReactNative: 	at com.facebook.react.bridge.queue.MessageQueueThreadHandler.dispatchMessage(:27)
02-19 12:46:07.393 29234 30342 E unknown:ReactNative: 	at android.os.Looper.loopOnce(Looper.java:248)
02-19 12:46:07.393 29234 30342 E unknown:ReactNative: 	at android.os.Looper.loop(Looper.java:338)
02-19 12:46:07.393 29234 30342 E unknown:ReactNative: 	at com.facebook.react.bridge.queue.MessageQueueThreadImpl$4.run(:228)
02-19 12:46:07.393 29234 30342 E unknown:ReactNative: 	at java.lang.Thread.run(Thread.java:1119)
02-19 12:46:07.395 29234 30342 E unknown:ReactNative: Unhandled SoftException
02-19 12:46:07.395 29234 30342 E unknown:ReactNative: java.lang.RuntimeException: Catalyst Instance has already disappeared: requested by Networking
02-19 12:46:07.395 29234 30342 E unknown:ReactNative: 	at com.facebook.react.bridge.ReactContextBaseJavaModule.getReactApplicationContextIfActiveOrWarn(:66)
02-19 12:46:07.395 29234 30342 E unknown:ReactNative: 	at com.facebook.react.modules.network.NetworkingModule.wrapRequestBodyWithProgressEmitter(:568)
02-19 12:46:07.395 29234 30342 E unknown:ReactNative: 	at com.facebook.react.modules.network.NetworkingModule.sendRequestInternal(:452)
02-19 12:46:07.395 29234 30342 E unknown:ReactNative: 	at com.facebook.react.modules.network.NetworkingModule.sendRequest(:236)
02-19 12:46:07.395 29234 30342 E unknown:ReactNative: 	at java.lang.reflect.Method.invoke(Native Method)
02-19 12:46:07.395 29234 30342 E unknown:ReactNative: 	at com.facebook.react.bridge.JavaMethodWrapper.invoke(:372)
02-19 12:46:07.395 29234 30342 E unknown:ReactNative: 	at com.facebook.react.bridge.JavaModuleWrapper.invoke(:188)
02-19 12:46:07.395 29234 30342 E unknown:ReactNative: 	at com.facebook.jni.NativeRunnable.run(Native Method)
02-19 12:46:07.395 29234 30342 E unknown:ReactNative: 	at android.os.Handler.handleCallback(Handler.java:995)
02-19 12:46:07.395 29234 30342 E unknown:ReactNative: 	at android.os.Handler.dispatchMessage(Handler.java:103)
02-19 12:46:07.395 29234 30342 E unknown:ReactNative: 	at com.facebook.react.bridge.queue.MessageQueueThreadHandler.dispatchMessage(:27)
02-19 12:46:07.395 29234 30342 E unknown:ReactNative: 	at android.os.Looper.loopOnce(Looper.java:248)
02-19 12:46:07.395 29234 30342 E unknown:ReactNative: 	at android.os.Looper.loop(Looper.java:338)
02-19 12:46:07.395 29234 30342 E unknown:ReactNative: 	at com.facebook.react.bridge.queue.MessageQueueThreadImpl$4.run(:228)
02-19 12:46:07.395 29234 30342 E unknown:ReactNative: 	at java.lang.Thread.run(Thread.java:1119)
02-19 12:46:07.398   752   989 I ImeTracker: viva.republica.toss.test:28085e0b: onRequestHide at ORIGIN_SERVER reason HIDE_UNSPECIFIED_WINDOW fromUser false
02-19 12:46:07.410 29234 29234 I Ads     : Destroyed all ad preloaders for ad format: REWARDED
02-19 12:46:07.412  1563  1563 I GoogleInputMethodService: GoogleInputMethodService.onFinishInput():2043 
02-19 12:46:07.414   752  1987 I ImeTracker: system_server:def88ecb: onRequestHide at ORIGIN_SERVER reason IME_REQUESTED_CHANGED_LISTENER fromUser false
02-19 12:46:07.415  1563  1563 I Module  : DeviceLockedStatusModuleProvider$Module.updateDeviceLockedStatus():100 repeatCheckTimes = 0, locked = false
02-19 12:46:07.417  1563  1563 I GoogleInputMethodService: GoogleInputMethodService.onStartInput():1293 onStartInput(EditorInfo{EditorInfo{packageName=viva.republica.toss.test, inputType=0, inputTypeString=NULL, enableLearning=false, autoCorrection=false, autoComplete=false, imeOptions=0, privateImeOptions=null, actionName=UNSPECIFIED, actionLabel=null, initialSelStart=-1, initialSelEnd=-1, initialCapsMode=0, label=null, fieldId=0, fieldName=null, extras=null, hintText=null, hintLocales=[]}}, false)
02-19 12:46:07.419   752   797 I ImeTracker: system_server:def88ecb: onCancelled at PHASE_SERVER_SHOULD_HIDE
02-19 12:46:07.445 29234 29234 I Ads     : Destroyed all ad preloaders for ad format: INTERSTITIAL
02-19 12:46:07.445  1563  1563 I Module  : DeviceLockedStatusModuleProvider$Module.updateDeviceLockedStatus():100 repeatCheckTimes = 1, locked = false
02-19 12:46:07.446  1563  1563 I EmojiCompatManager: EmojiCompatManager.getEmojiCompatIfLoaded():343 EmojiCompat.init() was never called.
02-19 12:46:07.446  1563  1563 I EmojiCompatManager: java.lang.IllegalStateException: EmojiCompat is not initialized. Please call EmojiCompat.init() first
02-19 12:46:07.446  1563  1563 I EmojiCompatManager: 	at asx.p(PG:6)
02-19 12:46:07.446  1563  1563 I EmojiCompatManager: 	at axb.b(PG:13)
02-19 12:46:07.446  1563  1563 I EmojiCompatManager: 	at jnr.b(PG:2)
02-19 12:46:07.446  1563  1563 I EmojiCompatManager: 	at jnr.c(PG:4)
02-19 12:46:07.446  1563  1563 I EmojiCompatManager: 	at jnr.f(PG:3)
02-19 12:46:07.446  1563  1563 I EmojiCompatManager: 	at jnx.c(PG:3)
02-19 12:46:07.446  1563  1563 I EmojiCompatManager: 	at kif.cz(PG:47)
02-19 12:46:07.446  1563  1563 I EmojiCompatManager: 	at lhl.run(PG:1025)
02-19 12:46:07.446  1563  1563 I EmojiCompatManager: 	at jaf.execute(PG:12)
02-19 12:46:07.446  1563  1563 I EmojiCompatManager: 	at nco.v(PG:13)
02-19 12:46:07.446  1563  1563 I EmojiCompatManager: 	at lhn.m(PG:96)
02-19 12:46:07.446  1563  1563 I EmojiCompatManager: 	at lhn.k(PG:25)
02-19 12:46:07.446  1563  1563 I EmojiCompatManager: 	at kgn.onStartInput(PG:250)
02-19 12:46:07.446  1563  1563 I EmojiCompatManager: 	at android.inputmethodservice.InputMethodService.doStartInput(InputMethodService.java:3521)
02-19 12:46:07.446  1563  1563 I EmojiCompatManager: 	at android.inputmethodservice.InputMethodService$InputMethodImpl.startInput(InputMethodService.java:879)
02-19 12:46:07.446  1563  1563 I EmojiCompatManager: 	at android.inputmethodservice.InputMethodService$InputMethodImpl.dispatchStartInput(InputMethodService.java:908)
02-19 12:46:07.446  1563  1563 I EmojiCompatManager: 	at android.inputmethodservice.IInputMethodWrapper.executeMessage(IInputMethodWrapper.java:201)
02-19 12:46:07.446  1563  1563 I EmojiCompatManager: 	at com.android.internal.os.HandlerCaller$MyHandler.handleMessage(HandlerCaller.java:44)
02-19 12:46:07.446  1563  1563 I EmojiCompatManager: 	at android.os.Handler.dispatchMessage(Handler.java:110)
02-19 12:46:07.446  1563  1563 I EmojiCompatManager: 	at android.os.Looper.loopOnce(Looper.java:248)
02-19 12:46:07.446  1563  1563 I EmojiCompatManager: 	at android.os.Looper.loop(Looper.java:338)
02-19 12:46:07.446  1563  1563 I EmojiCompatManager: 	at android.app.ActivityThread.main(ActivityThread.java:9067)
02-19 12:46:07.446  1563  1563 I EmojiCompatManager: 	at java.lang.reflect.Method.invoke(Native Method)
02-19 12:46:07.446  1563  1563 I EmojiCompatManager: 	at com.android.internal.os.RuntimeInit$MethodAndArgsCaller.run(RuntimeInit.java:593)
02-19 12:46:07.446  1563  1563 I EmojiCompatManager: 	at com.android.internal.os.ZygoteInit.main(ZygoteInit.java:932)
02-19 12:46:07.446   752  1987 W PackageConfigPersister: App-specific configuration not found for packageName: viva.republica.toss.test and userId: 0
02-19 12:46:07.496 29234 29234 W WindowOnBackDispatcher: sendCancelIfRunning: isInProgress=false callback=android.view.ViewRootImpl$$ExternalSyntheticLambda13@a93d3cf
02-19 12:46:07.498   752  1987 D CoreBackPreview: Window{5118a73 u0 viva.republica.toss.test/im.toss.rn.granite.core.GraniteActivity}: Setting back callback null
02-19 12:46:07.508 29234 29234 E unknown:com.facebook.react.uimanager.UIManagerHelper: Unhandled SoftException
02-19 12:46:07.508 29234 29234 E unknown:com.facebook.react.uimanager.UIManagerHelper: com.facebook.react.bridge.ReactNoCrashSoftException: Cannot get UIManager because the context doesn't contain an active CatalystInstance.
02-19 12:46:07.508 29234 29234 E unknown:com.facebook.react.uimanager.UIManagerHelper: 	at com.facebook.react.uimanager.UIManagerHelper.getUIManager(:77)
02-19 12:46:07.508 29234 29234 E unknown:com.facebook.react.uimanager.UIManagerHelper: 	at com.facebook.react.uimanager.UIManagerHelper.getEventDispatcher(:128)
02-19 12:46:07.508 29234 29234 E unknown:com.facebook.react.uimanager.UIManagerHelper: 	at com.facebook.react.uimanager.UIManagerHelper.getEventDispatcherForReactTag(:106)
02-19 12:46:07.508 29234 29234 E unknown:com.facebook.react.uimanager.UIManagerHelper: 	at com.swmansion.rnscreens.ScreenStackHeaderConfig.onDetachedFromWindow(:98)
02-19 12:46:07.508 29234 29234 E unknown:com.facebook.react.uimanager.UIManagerHelper: 	at android.view.View.dispatchDetachedFromWindow(View.java:23167)
02-19 12:46:07.508 29234 29234 E unknown:com.facebook.react.uimanager.UIManagerHelper: 	at android.view.ViewGroup.dispatchDetachedFromWindow(ViewGroup.java:3993)
02-19 12:46:07.508 29234 29234 E unknown:com.facebook.react.uimanager.UIManagerHelper: 	at android.view.ViewGroup.dispatchDetachedFromWindow(ViewGroup.java:3985)
02-19 12:46:07.508 29234 29234 E unknown:com.facebook.react.uimanager.UIManagerHelper: 	at android.view.ViewGroup.dispatchDetachedFromWindow(ViewGroup.java:3985)
02-19 12:46:07.508 29234 29234 E unknown:com.facebook.react.uimanager.UIManagerHelper: 	at android.view.ViewGroup.clearDisappearingChildren(ViewGroup.java:7131)
02-19 12:46:07.508 29234 29234 E unknown:com.facebook.react.uimanager.UIManagerHelper: 	at android.view.ViewGroup.dispatchDetachedFromWindow(ViewGroup.java:3987)
02-19 12:46:07.508 29234 29234 E unknown:com.facebook.react.uimanager.UIManagerHelper: 	at android.view.ViewGroup.dispatchDetachedFromWindow(ViewGroup.java:3985)
02-19 12:46:07.508 29234 29234 E unknown:com.facebook.react.uimanager.UIManagerHelper: 	at android.view.ViewGroup.dispatchDetachedFromWindow(ViewGroup.java:3985)
02-19 12:46:07.508 29234 29234 E unknown:com.facebook.react.uimanager.UIManagerHelper: 	at android.view.ViewGroup.dispatchDetachedFromWindow(ViewGroup.java:3985)
02-19 12:46:07.508 29234 29234 E unknown:com.facebook.react.uimanager.UIManagerHelper: 	at android.view.ViewGroup.dispatchDetachedFromWindow(ViewGroup.java:3985)
02-19 12:46:07.508 29234 29234 E unknown:com.facebook.react.uimanager.UIManagerHelper: 	at android.view.ViewGroup.dispatchDetachedFromWindow(ViewGroup.java:3985)
02-19 12:46:07.508 29234 29234 E unknown:com.facebook.react.uimanager.UIManagerHelper: 	at android.view.ViewGroup.dispatchDetachedFromWindow(ViewGroup.java:3985)
02-19 12:46:07.508 29234 29234 E unknown:com.facebook.react.uimanager.UIManagerHelper: 	at android.view.ViewGroup.dispatchDetachedFromWindow(ViewGroup.java:3985)
02-19 12:46:07.508 29234 29234 E unknown:com.facebook.react.uimanager.UIManagerHelper: 	at android.view.ViewGroup.dispatchDetachedFromWindow(ViewGroup.java:3985)
02-19 12:46:07.508 29234 29234 E unknown:com.facebook.react.uimanager.UIManagerHelper: 	at android.view.ViewGroup.dispatchDetachedFromWindow(ViewGroup.java:3985)
02-19 12:46:07.508 29234 29234 E unknown:com.facebook.react.uimanager.UIManagerHelper: 	at android.view.ViewGroup.dispatchDetachedFromWindow(ViewGroup.java:3985)
02-19 12:46:07.508 29234 29234 E unknown:com.facebook.react.uimanager.UIManagerHelper: 	at android.view.ViewGroup.dispatchDetachedFromWindow(ViewGroup.java:3985)
02-19 12:46:07.508 29234 29234 E unknown:com.facebook.react.uimanager.UIManagerHelper: 	at android.view.ViewRootImpl.dispatchDetachedFromWindow(ViewRootImpl.java:6586)
02-19 12:46:07.508 29234 29234 E unknown:com.facebook.react.uimanager.UIManagerHelper: 	at android.view.ViewRootImpl.doDie(ViewRootImpl.java:10135)
02-19 12:46:07.508 29234 29234 E unknown:com.facebook.react.uimanager.UIManagerHelper: 	at android.view.ViewRootImpl.die(ViewRootImpl.java:10107)
02-19 12:46:07.508 29234 29234 E unknown:com.facebook.react.uimanager.UIManagerHelper: 	at android.view.WindowManagerGlobal.removeViewLocked(WindowManagerGlobal.java:593)
02-19 12:46:07.508 29234 29234 E unknown:com.facebook.react.uimanager.UIManagerHelper: 	at android.view.WindowManagerGlobal.removeView(WindowManagerGlobal.java:534)
02-19 12:46:07.508 29234 29234 E unknown:com.facebook.react.uimanager.UIManagerHelper: 	at android.view.WindowManagerImpl.removeViewImmediate(WindowManagerImpl.java:216)
02-19 12:46:07.508 29234 29234 E unknown:com.facebook.react.uimanager.UIManagerHelper: 	at android.app.ActivityThread.handleDestroyActivity(ActivityThread.java:6326)
02-19 12:46:07.508 29234 29234 E unknown:com.facebook.react.uimanager.UIManagerHelper: 	at android.app.servertransaction.DestroyActivityItem.execute(DestroyActivityItem.java:52)
02-19 12:46:07.508 29234 29234 E unknown:com.facebook.react.uimanager.UIManagerHelper: 	at android.app.servertransaction.ActivityTransactionItem.execute(ActivityTransactionItem.java:63)
02-19 12:46:07.508 29234 29234 E unknown:com.facebook.react.uimanager.UIManagerHelper: 	at android.app.servertransaction.TransactionExecutor.executeLifecycleItem(TransactionExecutor.java:169)
02-19 12:46:07.508 29234 29234 E unknown:com.facebook.react.uimanager.UIManagerHelper: 	at android.app.servertransaction.TransactionExecutor.executeTransactionItems(TransactionExecutor.java:101)
02-19 12:46:07.508 29234 29234 E unknown:com.facebook.react.uimanager.UIManagerHelper: 	at android.app.servertransaction.TransactionExecutor.execute(TransactionExecutor.java:80)
02-19 12:46:07.508 29234 29234 E unknown:com.facebook.react.uimanager.UIManagerHelper: 	at android.app.ActivityThread$H.handleMessage(ActivityThread.java:2823)
02-19 12:46:07.508 29234 29234 E unknown:com.facebook.react.uimanager.UIManagerHelper: 	at android.os.Handler.dispatchMessage(Handler.java:110)
02-19 12:46:07.508 29234 29234 E unknown:com.facebook.react.uimanager.UIManagerHelper: 	at android.os.Looper.loopOnce(Looper.java:248)
02-19 12:46:07.508 29234 29234 E unknown:com.facebook.react.uimanager.UIManagerHelper: 	at android.os.Looper.loop(Looper.java:338)
02-19 12:46:07.508 29234 29234 E unknown:com.facebook.react.uimanager.UIManagerHelper: 	at android.app.ActivityThread.main(ActivityThread.java:9067)
02-19 12:46:07.508 29234 29234 E unknown:com.facebook.react.uimanager.UIManagerHelper: 	at java.lang.reflect.Method.invoke(Native Method)
02-19 12:46:07.508 29234 29234 E unknown:com.facebook.react.uimanager.UIManagerHelper: 	at com.android.internal.os.RuntimeInit$MethodAndArgsCaller.run(RuntimeInit.java:593)
02-19 12:46:07.508 29234 29234 E unknown:com.facebook.react.uimanager.UIManagerHelper: 	at com.android.internal.os.ZygoteInit.main(ZygoteInit.java:932)
02-19 12:46:07.514 29234 29234 E unknown:com.facebook.react.uimanager.UIManagerHelper: Unhandled SoftException
02-19 12:46:07.514 29234 29234 E unknown:com.facebook.react.uimanager.UIManagerHelper: com.facebook.react.bridge.ReactNoCrashSoftException: Cannot get UIManager because the context doesn't contain an active CatalystInstance.
02-19 12:46:07.514 29234 29234 E unknown:com.facebook.react.uimanager.UIManagerHelper: 	at com.facebook.react.uimanager.UIManagerHelper.getUIManager(:77)
02-19 12:46:07.514 29234 29234 E unknown:com.facebook.react.uimanager.UIManagerHelper: 	at com.facebook.react.uimanager.UIManagerHelper.getUIManager(:47)
02-19 12:46:07.514 29234 29234 E unknown:com.facebook.react.uimanager.UIManagerHelper: 	at com.facebook.react.animated.NativeAnimatedNodesManager.handleEvent(:573)
02-19 12:46:07.514 29234 29234 E unknown:com.facebook.react.uimanager.UIManagerHelper: 	at com.facebook.react.animated.NativeAnimatedNodesManager.onEventDispatch(:551)
02-19 12:46:07.514 29234 29234 E unknown:com.facebook.react.uimanager.UIManagerHelper: 	at com.facebook.react.uimanager.events.EventDispatcherImpl.dispatchEvent(:116)
02-19 12:46:07.514 29234 29234 E unknown:com.facebook.react.uimanager.UIManagerHelper: 	at com.swmansion.rnscreens.ScreenStackHeaderConfig.onDetachedFromWindow(:99)
02-19 12:46:07.514 29234 29234 E unknown:com.facebook.react.uimanager.UIManagerHelper: 	at android.view.View.dispatchDetachedFromWindow(View.java:23167)
02-19 12:46:07.514 29234 29234 E unknown:com.facebook.react.uimanager.UIManagerHelper: 	at android.view.ViewGroup.dispatchDetachedFromWindow(ViewGroup.java:3993)
02-19 12:46:07.514 29234 29234 E unknown:com.facebook.react.uimanager.UIManagerHelper: 	at android.view.ViewGroup.dispatchDetachedFromWindow(ViewGroup.java:3985)
02-19 12:46:07.514 29234 29234 E unknown:com.facebook.react.uimanager.UIManagerHelper: 	at android.view.ViewGroup.dispatchDetachedFromWindow(ViewGroup.java:3985)
02-19 12:46:07.514 29234 29234 E unknown:com.facebook.react.uimanager.UIManagerHelper: 	at android.view.ViewGroup.clearDisappearingChildren(ViewGroup.java:7131)
02-19 12:46:07.514 29234 29234 E unknown:com.facebook.react.uimanager.UIManagerHelper: 	at android.view.ViewGroup.dispatchDetachedFromWindow(ViewGroup.java:3987)
02-19 12:46:07.514 29234 29234 E unknown:com.facebook.react.uimanager.UIManagerHelper: 	at android.view.ViewGroup.dispatchDetachedFromWindow(ViewGroup.java:3985)
02-19 12:46:07.514 29234 29234 E unknown:com.facebook.react.uimanager.UIManagerHelper: 	at android.view.ViewGroup.dispatchDetachedFromWindow(ViewGroup.java:3985)
02-19 12:46:07.514 29234 29234 E unknown:com.facebook.react.uimanager.UIManagerHelper: 	at android.view.ViewGroup.dispatchDetachedFromWindow(ViewGroup.java:3985)
02-19 12:46:07.514 29234 29234 E unknown:com.facebook.react.uimanager.UIManagerHelper: 	at android.view.ViewGroup.dispatchDetachedFromWindow(ViewGroup.java:3985)
02-19 12:46:07.514 29234 29234 E unknown:com.facebook.react.uimanager.UIManagerHelper: 	at android.view.ViewGroup.dispatchDetachedFromWindow(ViewGroup.java:3985)
02-19 12:46:07.514 29234 29234 E unknown:com.facebook.react.uimanager.UIManagerHelper: 	at android.view.ViewGroup.dispatchDetachedFromWindow(ViewGroup.java:3985)
02-19 12:46:07.514 29234 29234 E unknown:com.facebook.react.uimanager.UIManagerHelper: 	at android.view.ViewGroup.dispatchDetachedFromWindow(ViewGroup.java:3985)
02-19 12:46:07.514 29234 29234 E unknown:com.facebook.react.uimanager.UIManagerHelper: 	at android.view.ViewGroup.dispatchDetachedFromWindow(ViewGroup.java:3985)
02-19 12:46:07.514 29234 29234 E unknown:com.facebook.react.uimanager.UIManagerHelper: 	at android.view.ViewGroup.dispatchDetachedFromWindow(ViewGroup.java:3985)
02-19 12:46:07.514 29234 29234 E unknown:com.facebook.react.uimanager.UIManagerHelper: 	at android.view.ViewGroup.dispatchDetachedFromWindow(ViewGroup.java:3985)
02-19 12:46:07.514 29234 29234 E unknown:com.facebook.react.uimanager.UIManagerHelper: 	at android.view.ViewGroup.dispatchDetachedFromWindow(ViewGroup.java:3985)
02-19 12:46:07.514 29234 29234 E unknown:com.facebook.react.uimanager.UIManagerHelper: 	at android.view.ViewRootImpl.dispatchDetachedFromWindow(ViewRootImpl.java:6586)
02-19 12:46:07.514 29234 29234 E unknown:com.facebook.react.uimanager.UIManagerHelper: 	at android.view.ViewRootImpl.doDie(ViewRootImpl.java:10135)
02-19 12:46:07.514 29234 29234 E unknown:com.facebook.react.uimanager.UIManagerHelper: 	at android.view.ViewRootImpl.die(ViewRootImpl.java:10107)
02-19 12:46:07.514 29234 29234 E unknown:com.facebook.react.uimanager.UIManagerHelper: 	at android.view.WindowManagerGlobal.removeViewLocked(WindowManagerGlobal.java:593)
02-19 12:46:07.514 29234 29234 E unknown:com.facebook.react.uimanager.UIManagerHelper: 	at android.view.WindowManagerGlobal.removeView(WindowManagerGlobal.java:534)
02-19 12:46:07.514 29234 29234 E unknown:com.facebook.react.uimanager.UIManagerHelper: 	at android.view.WindowManagerImpl.removeViewImmediate(WindowManagerImpl.java:216)
02-19 12:46:07.514 29234 29234 E unknown:com.facebook.react.uimanager.UIManagerHelper: 	at android.app.ActivityThread.handleDestroyActivity(ActivityThread.java:6326)
02-19 12:46:07.514 29234 29234 E unknown:com.facebook.react.uimanager.UIManagerHelper: 	at android.app.servertransaction.DestroyActivityItem.execute(DestroyActivityItem.java:52)
02-19 12:46:07.514 29234 29234 E unknown:com.facebook.react.uimanager.UIManagerHelper: 	at android.app.servertransaction.ActivityTransactionItem.execute(ActivityTransactionItem.java:63)
02-19 12:46:07.514 29234 29234 E unknown:com.facebook.react.uimanager.UIManagerHelper: 	at android.app.servertransaction.TransactionExecutor.executeLifecycleItem(TransactionExecutor.java:169)
02-19 12:46:07.514 29234 29234 E unknown:com.facebook.react.uimanager.UIManagerHelper: 	at android.app.servertransaction.TransactionExecutor.executeTransactionItems(TransactionExecutor.java:101)
02-19 12:46:07.514 29234 29234 E unknown:com.facebook.react.uimanager.UIManagerHelper: 	at android.app.servertransaction.TransactionExecutor.execute(TransactionExecutor.java:80)
02-19 12:46:07.514 29234 29234 E unknown:com.facebook.react.uimanager.UIManagerHelper: 	at android.app.ActivityThread$H.handleMessage(ActivityThread.java:2823)
02-19 12:46:07.514 29234 29234 E unknown:com.facebook.react.uimanager.UIManagerHelper: 	at android.os.Handler.dispatchMessage(Handler.java:110)
02-19 12:46:07.514 29234 29234 E unknown:com.facebook.react.uimanager.UIManagerHelper: 	at android.os.Looper.loopOnce(Looper.java:248)
02-19 12:46:07.514 29234 29234 E unknown:com.facebook.react.uimanager.UIManagerHelper: 	at android.os.Looper.loop(Looper.java:338)
02-19 12:46:07.514 29234 29234 E unknown:com.facebook.react.uimanager.UIManagerHelper: 	at android.app.ActivityThread.main(ActivityThread.java:9067)
02-19 12:46:07.514 29234 29234 E unknown:com.facebook.react.uimanager.UIManagerHelper: 	at java.lang.reflect.Method.invoke(Native Method)
02-19 12:46:07.514 29234 29234 E unknown:com.facebook.react.uimanager.UIManagerHelper: 	at com.android.internal.os.RuntimeInit$MethodAndArgsCaller.run(RuntimeInit.java:593)
02-19 12:46:07.514 29234 29234 E unknown:com.facebook.react.uimanager.UIManagerHelper: 	at com.android.internal.os.ZygoteInit.main(ZygoteInit.java:932)
02-19 12:46:07.525 29234 29234 D ViewRootImpl: Skipping stats log for color mode
02-19 12:46:07.547   752  1095 D BackgroundInstallControlService: Package event received: 0
02-19 12:46:07.854 29234 29234 I Choreographer: Skipped 58 frames!  The application may be doing too much work on its main thread.
02-19 12:46:07.886 29234 30341 W unknown:ReactNative: Calling JS function after bridge has been destroyed: RCTEventEmitter.receiveEvent([53,"topTransitionProgress",{"closing":1,"goingForward":1,"progress":0}])
02-19 12:46:07.887 29234 30341 W unknown:ReactNative: Calling JS function after bridge has been destroyed: RCTEventEmitter.receiveEvent([67,"topLayout",{"target":67,"layout":{"width":19.809524536132812,"y":2.6666667461395264,"height":17.904762268066406,"x":2.2857143878936768}}])
02-19 12:46:07.887 29234 30341 W unknown:ReactNative: Calling JS function after bridge has been destroyed: RCTEventEmitter.receiveEvent([69,"topLayout",{"target":69,"layout":{"width":19.809524536132812,"y":2.6666667461395264,"height":17.904762268066406,"x":2.2857143878936768}}])
02-19 12:46:07.887 29234 30341 W unknown:ReactNative: Calling JS function after bridge has been destroyed: RCTEventEmitter.receiveEvent([145,"topLayout",{"target":145,"layout":{"width":0,"y":0,"height":0,"x":0}}])
02-19 12:46:07.887 29234 30341 W unknown:ReactNative: Calling JS function after bridge has been destroyed: RCTEventEmitter.receiveEvent([129,"topLayout",{"target":129,"layout":{"width":14.857142448425293,"y":8.380952835083008,"height":3.4285714626312256,"x":2.6666667461395264}}])
02-19 12:46:07.887 29234 30341 W unknown:ReactNative: Calling JS function after bridge has been destroyed: RCTEventEmitter.receiveEvent([133,"topLayout",{"target":133,"layout":{"width":14.857142448425293,"y":8.380952835083008,"height":3.4285714626312256,"x":2.6666667461395264}}])
02-19 12:46:07.888 29234 30341 W unknown:ReactNative: Calling JS function after bridge has been destroyed: RCTEventEmitter.receiveEvent([137,"topLayout",{"target":137,"layout":{"width":14.095237731933594,"y":3.047619104385376,"height":14.095237731933594,"x":2.6666667461395264}}])
02-19 12:46:07.888 29234 30341 W unknown:ReactNative: Calling JS function after bridge has been destroyed: RCTEventEmitter.receiveEvent([139,"topLayout",{"target":139,"layout":{"width":14.095237731933594,"y":3.047619104385376,"height":14.095237731933594,"x":2.6666667461395264}}])
02-19 12:46:07.888 29234 29234 E unknown:ReactInstanceManager: destroyRootView called
02-19 12:46:07.888 29234 29234 E unknown:ReactInstanceManager: destroyRootView called, unmountReactApplication
02-19 12:46:07.889 29234 29234 D InsetsController: hide(ime(), fromIme=false)
02-19 12:46:07.889 29234 29234 I ImeTracker: viva.republica.toss.test:28085e0b: onCancelled at PHASE_CLIENT_ALREADY_HIDDEN
02-19 12:46:07.890 29234 30341 W unknown:ReactNative: Calling JS function after bridge has been destroyed: RCTEventEmitter.receiveEvent([39,"topDetached",{}])
02-19 12:46:07.944 29234 29901 I HWUI    : Davey! duration=1053ms; Flags=0, FrameTimelineVsyncId=1249225, IntendedVsync=84240722237228, Vsync=84241688903856, InputEventId=0, HandleInputStart=84241702816955, AnimationStart=84241702818134, PerformTraversalsStart=84241732708431, DrawStart=84241732972596, FrameDeadline=84240922237220, FrameStartTime=84241700955796, FrameInterval=16666666, WorkloadTarget=16666666, SyncQueued=84241733647235, SyncStart=84241733733563, IssueDrawCommandsStart=84241733836488, SwapBuffers=84241766426090, FrameCompleted=84241775476655, DequeueBufferDuration=1401158, QueueBufferDuration=2313345, GpuCompleted=84241775476655, SwapBuffersCompleted=84241772281347, DisplayPresentTime=138055229484832, CommandSubmissionCompleted=84241766426090, 
02-19 12:46:08.220   752   797 W IPCThreadState: Sending oneway calls to frozen process.
02-19 12:46:08.220   752   797 W IPCThreadState: Sending oneway calls to frozen process.
02-19 12:46:08.221   752   797 W IPCThreadState: Sending oneway calls to frozen process.
02-19 12:46:08.221   752   797 W IPCThreadState: Sending oneway calls to frozen process.
02-19 12:46:08.222   752   797 W IPCThreadState: Sending oneway calls to frozen process.
02-19 12:46:08.222   752   797 W IPCThreadState: Sending oneway calls to frozen process.
02-19 12:46:08.222   752   797 W IPCThreadState: Sending oneway calls to frozen process.
02-19 12:46:08.222   752   797 W IPCThreadState: Sending oneway calls to frozen process.
02-19 12:46:08.222   752   797 W IPCThreadState: Sending oneway calls to frozen process.
