02-19 12:45:52.497  1563  1563 I EmojiCompatManager: 	at com.android.internal.os.ZygoteInit.main(ZygoteInit.java:932)
02-19 12:45:52.498   752  2305 W PackageConfigPersister: App-specific configuration not found for packageName: viva.republica.toss.test and userId: 0
02-19 12:45:53.556  4449  4472 I Choreographer: Skipped 58 frames!  The application may be doing too much work on its main thread.
02-19 12:45:53.558 29234 29234 I Choreographer: Skipped 58 frames!  The application may be doing too much work on its main thread.
02-19 12:45:53.560  4449  4467 V WindowManagerShell: Transition animation finished (aborted=false), notifying core (#330) android.os.BinderProxy@101b9e@1
02-19 12:45:53.567   752   794 V WindowManager: Finish Transition (#330): created at 02-19 12:45:51.604 collect-started=0.123ms request-sent=16.752ms started=19.909ms ready=460.374ms sent=520.615ms commit=255.653ms finished=1959.606ms
02-19 12:45:53.570  1341  1341 D VRI[NexusLauncherActivity]: visibilityChanged oldVisibility=true newVisibility=false
02-19 12:45:53.581  1341  1341 D NexusLauncherModelDelegate: notifySmartspaceEvent: SmartspaceTargetEvent{mSmartspaceTarget=null, mSmartspaceActionId='null', mEventType=7}
02-19 12:45:53.589  4449  4467 V WindowManagerShell: Track 1 became idle
02-19 12:45:53.591  4449  4467 V WindowManagerShell: All active transition animations finished
02-19 12:45:53.658  1341  1341 D BaseDepthController: setSurface:
02-19 12:45:53.658  1341  1341 D BaseDepthController: 	mWaitingOnSurfaceValidity: false
02-19 12:45:53.658  1341  1341 D BaseDepthController: 	mBaseSurface: null
02-19 12:45:53.659  1341  1341 D BaseDepthController: mSurface is null and mCurrentBlur is: 0
02-19 12:45:53.672  1341  1341 D StateManager: goToState - fromState: Normal, toState: Normal, partial trace:
02-19 12:45:53.672  1341  1341 D StateManager: 	at com.android.launcher3.statemanager.StateManager.moveToRestState(go/retraceme 72a59688580715d19f0e415c69e80376c2f062d1648c80db6730905005a27c20:4)
02-19 12:45:53.672  1341  1341 D StateManager: 	at com.android.launcher3.statemanager.StateManager.moveToRestState(go/retraceme 72a59688580715d19f0e415c69e80376c2f062d1648c80db6730905005a27c20:1)
02-19 12:45:53.672  1341  1341 D StateManager: 	at com.android.launcher3.statemanager.StatefulActivity.onStop(go/retraceme 72a59688580715d19f0e415c69e80376c2f062d1648c80db6730905005a27c20:34)
02-19 12:45:53.672  1341  1341 D StatsLog: LAUNCHER_ONSTOP
02-19 12:45:53.676  1341  1341 D StatsLog: LAUNCHER_GOOGLE_SEARCH_RESTORE_LIST_SIZE_AFTER_ACTIVITY_RESTART
02-19 12:45:53.694   752  1987 W ActivityTaskManager: callingPackage for (uid=2000, pid=30317) has no WPC
02-19 12:45:53.700   752  1987 V GrammaticalInflectionUtils: AttributionSource: android.content.AttributionSource@56784557 does not have READ_SYSTEM_GRAMMATICAL_GENDER permission.
02-19 12:45:53.701   752  1987 W OptProp : Cannot read opt property android.window.PROPERTY_COMPAT_ALLOW_USER_ASPECT_RATIO_OVERRIDE
02-19 12:45:53.701   752  1987 W OptProp : Cannot read opt property android.window.PROPERTY_COMPAT_ALLOW_USER_ASPECT_RATIO_FULLSCREEN_OVERRIDE
02-19 12:45:53.701   752  1987 W OptProp : Cannot read opt property android.window.PROPERTY_COMPAT_ALLOW_RESIZEABLE_ACTIVITY_OVERRIDES
02-19 12:45:53.703   752  1987 W OptProp : Cannot read opt property android.window.PROPERTY_COMPAT_ALLOW_MIN_ASPECT_RATIO_OVERRIDE
02-19 12:45:53.709   752  1987 W OptProp : Cannot read opt property android.window.PROPERTY_COMPAT_ALLOW_ORIENTATION_OVERRIDE
02-19 12:45:53.722   531   603 I BpBinder: onLastStrongRef automatically unlinking death recipients: 
02-19 12:45:53.724   752  1987 I ActivityTaskManager: START u0 {act=android.intent.action.VIEW dat=intoss://takealook/... flg=0x10000000 xflg=0x4 cmp=viva.republica.toss.test/im.toss.rn.granite.core.GraniteActivity} with LAUNCH_MULTIPLE from uid 2000 (BAL_ALLOW_PERMISSION) result code=0
02-19 12:45:53.725  4449  4467 V WindowManagerShell: Transition requested (#331): android.os.BinderProxy@aed7326 TransitionRequestInfo { type = OPEN, triggerTask = TaskInfo{userId=0 taskId=48 effectiveUid=10217 displayId=0 isRunning=true baseIntent=Intent { act=android.intent.action.VIEW dat=intoss://takealook/... flg=0x10000000 pkg=viva.republica.toss.test cmp=viva.republica.toss.test/.MiniAppSchemeActivity } baseActivity=ComponentInfo{viva.republica.toss.test/im.toss.rn.granite.core.GraniteActivity} topActivity=ComponentInfo{viva.republica.toss.test/im.toss.rn.granite.core.GraniteActivity} origActivity=null realActivity=ComponentInfo{viva.republica.toss.test/viva.republica.toss.test.MiniAppSchemeActivity} numActivities=8 lastActiveTime=84227566 supportsMultiWindow=true resizeMode=1 isResizeable=true minWidth=-1 minHeight=-1 defaultMinSize=220 token=WCT{android.window.IWindowContainerToken$Stub$Proxy@593cb67} topActivityType=1 pictureInPictureParams=null shouldDockBigOverlays=false launchIntoPipHostTaskId=-1 lastParentTaskIdBeforePip=-1 displayCutoutSafeInsets=Rect(0, 0 - 0, 0) topActivityInfo=ActivityInfo{912d14 im.toss.rn.granite.core.GraniteActivity} launchCookies=[] positionInParent=Point(0, 0) parentTaskId=-1 isFocused=true isVisible=true isVisibleRequested=true isTopActivityNoDisplay=false isSleeping=false locusId=null displayAreaFeatureId=1 isTopActivityTransparent=false isActivityStackTransparent=false lastNonFullscreenBounds=Rect(284, 660 - 796, 1740) capturedLink=null capturedLinkTimestamp=0 requestedVisibleTypes=-9 topActivityRequestOpenInBrowserEducationTimestamp=0 appCompatTaskInfo=AppCompatTaskInfo { topActivityInSizeCompat=false eligibleForLetterboxEducation= false isLetterboxEducationEnabled= true isLetterboxDoubleTapEnabled= false eligibleForUserAspectRatioButton= false topActivityBoundsLetterboxed= false isFromLetterboxDoubleTap= false topActivityLetterboxVerticalPosition= -1 topActivityLetterboxHorizontalPosition= -1 topActivityLetterboxWidth=-1 topActivityLetterboxHeight=-1 topActivityAppBounds=Rect(0, 0 - 1080, 2400) isUserFullscreenOverrideEnabled=false isSystemFullscreenOverrideEnabled=false hasMinAspectRatioOverride=false topActivityLetterboxBounds=null cameraCompatTaskInfo=CameraCompatTaskInfo { freeformCameraCompatMode=inactive}} topActivityMainWindowFrame=null}, pipChange = null, remoteTransition = null, displayChange = null, flags = 0, debugId = 331 }
02-19 12:45:53.725  4449  4467 D ShellSplitScreen: logExit: no-op, mLoggerSessionId is null
02-19 12:45:53.732   752  1095 D BackgroundInstallControlService: Package event received: 0
02-19 12:45:53.742   531   531 I BpBinder: onLastStrongRef automatically unlinking death recipients: 
02-19 12:45:53.743   752  1095 D BackgroundInstallControlService: Package event received: 0
02-19 12:45:53.789   752  1233 W OptProp : Cannot read opt property android.window.PROPERTY_COMPAT_ENABLE_FAKE_FOCUS
02-19 12:45:53.805   752  1095 D BackgroundInstallControlService: Package event received: 0
02-19 12:45:53.805   752  1095 D BackgroundInstallControlService: Package event received: 0
02-19 12:45:54.009 29234 29234 I blica.toss.test: AssetManager2(0x7d8fac5dff58) locale list changing from [] to [en-US]
02-19 12:45:54.545 29234 30143 W okhttp.OkHttpClient: A connection to http://localhost:8081/ was leaked. Did you forget to close a response body? To see where this was allocated, set the OkHttpClient logger level to FINE: Logger.getLogger(OkHttpClient.class.getName()).setLevel(Level.FINE);
02-19 12:45:54.555 29234 29234 I Choreographer: Skipped 44 frames!  The application may be doing too much work on its main thread.
02-19 12:45:54.709 29234 29234 W unknown:ReactRootView: Unable to update root layout specs for uninitialized ReactInstanceManager
02-19 12:45:54.709   752  1233 D CoreBackPreview: Window{5118a73 u0 viva.republica.toss.test/im.toss.rn.granite.core.GraniteActivity}: Setting back callback OnBackInvokedCallbackInfo{mCallback=android.window.IOnBackInvokedCallback$Stub$Proxy@83e7f2e, mPriority=0, mIsAnimationCallback=false, mOverrideBehavior=0}
02-19 12:45:54.756  4449 22842 V WindowManagerShell: onTransitionReady(transaction=3229815416176)
02-19 12:45:54.756   752   794 I ActivityTaskManager: Displayed viva.republica.toss.test/im.toss.rn.granite.core.GraniteActivity for user 0: +1s51ms
02-19 12:45:54.756   752   794 V WindowManager: Sent Transition (#331) createdAt=02-19 12:45:53.704 via request=TransitionRequestInfo { type = OPEN, triggerTask = TaskInfo{userId=0 taskId=48 effectiveUid=10217 displayId=0 isRunning=true baseIntent=Intent { act=android.intent.action.VIEW dat=intoss://takealook/... flg=0x10000000 pkg=viva.republica.toss.test cmp=viva.republica.toss.test/.MiniAppSchemeActivity } baseActivity=ComponentInfo{viva.republica.toss.test/im.toss.rn.granite.core.GraniteActivity} topActivity=ComponentInfo{viva.republica.toss.test/im.toss.rn.granite.core.GraniteActivity} origActivity=null realActivity=ComponentInfo{viva.republica.toss.test/viva.republica.toss.test.MiniAppSchemeActivity} numActivities=8 lastActiveTime=84227566 supportsMultiWindow=true resizeMode=1 isResizeable=true minWidth=-1 minHeight=-1 defaultMinSize=220 token=WCT{RemoteToken{1dba69d Task{1507662 #48 type=standard A=10217:viva.republica.toss.test}}} topActivityType=1 pictureInPictureParams=null shouldDockBigOverlays=false launchIntoPipHostTaskId=-1 lastParentTaskIdBeforePip=-1 displayCutoutSafeInsets=Rect(0, 0 - 0, 0) topActivityInfo=ActivityInfo{9a7c8e1 im.toss.rn.granite.core.GraniteActivity} launchCookies=[] positionInParent=Point(0, 0) parentTaskId=-1 isFocused=true isVisible=true isVisibleRequested=true isTopActivityNoDisplay=false isSleeping=false locusId=null displayAreaFeatureId=1 isTopActivityTransparent=false isActivityStackTransparent=false lastNonFullscreenBounds=Rect(284, 660 - 796, 1740) capturedLink=null capturedLinkTimestamp=0 requestedVisibleTypes=-9 topActivityRequestOpenInBrowserEducationTimestamp=0 appCompatTaskInfo=AppCompatTaskInfo { topActivityInSizeCompat=false eligibleForLetterboxEducation= false isLetterboxEducationEnabled= true isLetterboxDoubleTapEnabled= false eligibleForUserAspectRatioButton= false topActivityBoundsLetterboxed= false isFromLetterboxDoubleTap= false topActivityLetterboxVerticalPosition= -1 topActivityLetterboxHorizontalPosition= -1 topActivityLetterboxWidth=-1 topActivityLetterboxHeight=-1 topActivityAppBounds=Rect(0, 0 - 1080, 2400) isUserFullscreenOverrideEnabled=false isSystemFullscreenOverrideEnabled=false hasMinAspectRatioOverride=false topActivityLetterboxBounds=null cameraCompatTaskInfo=CameraCompatTaskInfo { freeformCameraCompatMode=inactive}} topActivityMainWindowFrame=null}, pipChange = null, remoteTransition = null, displayChange = null, flags = 0, debugId = 331 }
02-19 12:45:54.756   752   794 V WindowManager:     startWCT=WindowContainerTransaction { changes= {} hops= [] errorCallbackToken=null taskFragmentOrganizer=null }
02-19 12:45:54.757   752   794 V WindowManager:     info={id=331 t=OPEN f=0x0 trk=0 r=[0@Point(0, 0)] c=[
02-19 12:45:54.757   752   794 V WindowManager:         {m=OPEN f=FILLS_TASK leash=Surface(name=ActivityRecord{87695404 u0 viva.republica.toss.test/im.toss.rn.granite.core.GraniteActivity)/@0xe41d4eb sb=Rect(0, 0 - 0, 0) eb=Rect(0, 0 - 1080, 2400) epz=Point(1080, 2400) d=-1->0 r=-1->0:-1 bc=ffffffff component=viva.republica.toss.test/im.toss.rn.granite.core.GraniteActivity opt={t=FROM_STYLE mUserId=0}},
02-19 12:45:54.757   752   794 V WindowManager:         {m=TO_BACK f=FILLS_TASK leash=Surface(name=ActivityRecord{25719333 u0 viva.republica.toss.test/im.toss.rn.granite.core.GraniteActivity)/@0xbb7371 sb=Rect(0, 0 - 1080, 2400) eb=Rect(0, 0 - 1080, 2400) epz=Point(1080, 2400) d=0 bc=ffffffff component=viva.republica.toss.test/im.toss.rn.granite.core.GraniteActivity opt={t=FROM_STYLE mUserId=0}}
02-19 12:45:54.757   752   794 V WindowManager:     ]}
02-19 12:45:54.757  4449  4467 V WindowManagerShell: onTransitionReady (#331) android.os.BinderProxy@aed7326: {id=331 t=OPEN f=0x0 trk=0 r=[0@Point(0, 0)] c=[
02-19 12:45:54.757  4449  4467 V WindowManagerShell:         {m=OPEN f=FILLS_TASK leash=Surface(name=ActivityRecord{87695404 u0 viva.republica.toss.test/im.toss.rn.granite.core.GraniteActivity)/@0xb0479bd sb=Rect(0, 0 - 0, 0) eb=Rect(0, 0 - 1080, 2400) epz=Point(1080, 2400) d=-1->0 r=-1->0:-1 bc=ffffffff component=viva.republica.toss.test/im.toss.rn.granite.core.GraniteActivity opt={t=FROM_STYLE mUserId=0}},
02-19 12:45:54.757  4449  4467 V WindowManagerShell:         {m=TO_BACK f=FILLS_TASK leash=Surface(name=ActivityRecord{25719333 u0 viva.republica.toss.test/im.toss.rn.granite.core.GraniteActivity)/@0x32d9bb2 sb=Rect(0, 0 - 1080, 2400) eb=Rect(0, 0 - 1080, 2400) epz=Point(1080, 2400) d=0 bc=ffffffff component=viva.republica.toss.test/im.toss.rn.granite.core.GraniteActivity opt={t=FROM_STYLE mUserId=0}}
02-19 12:45:54.757  4449  4467 V WindowManagerShell:     ]}
02-19 12:45:54.757  4449  4467 V WindowManagerShell: Playing animation for (#331) android.os.BinderProxy@aed7326@0
02-19 12:45:54.757  4449  4467 V ShellRecents: RecentsTransitionHandler.startAnimation: no controller found
02-19 12:45:54.757  4449  4467 V WindowManagerShell: Transition doesn't have explicit remote, search filters for match for {id=331 t=OPEN f=0x0 trk=0 r=[0@Point(0, 0)] c=[{m=OPEN f=FILLS_TASK leash=Surface(name=ActivityRecord{87695404 u0 viva.republica.toss.test/im.toss.rn.granite.core.GraniteActivity)/@0xb0479bd sb=Rect(0, 0 - 0, 0) eb=Rect(0, 0 - 1080, 2400) epz=Point(1080, 2400) d=-1->0 r=-1->0:-1 bc=ffffffff component=viva.republica.toss.test/im.toss.rn.granite.core.GraniteActivity opt={t=FROM_STYLE mUserId=0}},{m=TO_BACK f=FILLS_TASK leash=Surface(name=ActivityRecord{25719333 u0 viva.republica.toss.test/im.toss.rn.granite.core.GraniteActivity)/@0x32d9bb2 sb=Rect(0, 0 - 1080, 2400) eb=Rect(0, 0 - 1080, 2400) epz=Point(1080, 2400) d=0 bc=ffffffff component=viva.republica.toss.test/im.toss.rn.granite.core.GraniteActivity opt={t=FROM_STYLE mUserId=0}}]}
02-19 12:45:54.758  4449  4467 V WindowManagerShell:  Checking filter Pair{{types=[] flags=0x0] notFlags=0x0 checks=[{atype=undefined independent=true modes=[CLOSE,TO_BACK] flags=IN_TASK_WITH_EMBEDDED_ACTIVITY mustBeTask=false order=ANY topActivity=null launchCookie=null taskFragmentToken=android.os.BinderProxy@188d51a windowingMode=undefined}]} RemoteTransition { remoteTransition = android.window.IRemoteTransition$Stub$Proxy@44cd84b, appThread = android.app.IApplicationThread$Stub$Proxy@3a12228, debugName = overlayBackTransition }}
02-19 12:45:54.758  4449  4467 V WindowManagerShell:  Checking filter Pair{{types=[] flags=0x0] notFlags=0x0 checks=[{atype=dream independent=true modes=[OPEN,TO_FRONT] flags=NONE mustBeTask=false order=ANY topActivity=null launchCookie=null windowingMode=undefined},{atype=home independent=true modes=[CLOSE,TO_BACK] flags=NONE mustBeTask=false order=ANY topActivity=null launchCookie=null windowingMode=undefined}]} RemoteTransition { remoteTransition = android.window.IRemoteTransition$Stub$Proxy@6f3eb41, appThread = android.app.IApplicationThread$Stub$Proxy@ccf28e6, debugName = LauncherToDream }}
02-19 12:45:54.758  4449  4467 V WindowManagerShell:  Checking filter Pair{{types=[] flags=0x0] notFlags=0x100 checks=[{atype=home independent=true modes=[OPEN,TO_FRONT] flags=NONE mustBeTask=false order=TOP topActivity=ComponentInfo{com.google.android.apps.nexuslauncher/com.google.android.apps.nexuslauncher.NexusLauncherActivity} launchCookie=null windowingMode=undefined},{atype=standard independent=true modes=[CLOSE,TO_BACK] flags=NONE mustBeTask=false order=ANY topActivity=null launchCookie=null windowingMode=undefined},{NOT atype=undefined independent=true modes=[] flags=NONE mustBeTask=true order=ANY topActivity=null launchCookie=null customAnim=true windowingMode=undefined}]} RemoteTransition { remoteTransition = android.window.IRemoteTransition$Stub$Proxy@a8eae27, appThread = android.app.IApplicationThread$Stub$Proxy@fa38d4, debugName = QuickstepLaunchHome }}
02-19 12:45:54.758  4449  4467 V WindowManagerShell:  Delegate animation for (#331) to null
02-19 12:45:54.758  4449  4467 V WindowManagerShell: start default transition animation, info = {id=331 t=OPEN f=0x0 trk=0 r=[0@Point(0, 0)] c=[{m=OPEN f=FILLS_TASK leash=Surface(name=ActivityRecord{87695404 u0 viva.republica.toss.test/im.toss.rn.granite.core.GraniteActivity)/@0xb0479bd sb=Rect(0, 0 - 0, 0) eb=Rect(0, 0 - 1080, 2400) epz=Point(1080, 2400) d=-1->0 r=-1->0:-1 bc=ffffffff component=viva.republica.toss.test/im.toss.rn.granite.core.GraniteActivity opt={t=FROM_STYLE mUserId=0}},{m=TO_BACK f=FILLS_TASK leash=Surface(name=ActivityRecord{25719333 u0 viva.republica.toss.test/im.toss.rn.granite.core.GraniteActivity)/@0x32d9bb2 sb=Rect(0, 0 - 1080, 2400) eb=Rect(0, 0 - 1080, 2400) epz=Point(1080, 2400) d=0 bc=ffffffff component=viva.republica.toss.test/im.toss.rn.granite.core.GraniteActivity opt={t=FROM_STYLE mUserId=0}}]}
02-19 12:45:54.776 29234 29901 I HWUI    : Davey! duration=930ms; Flags=1, FrameTimelineVsyncId=1246223, IntendedVsync=84227655571084, Vsync=84228388904388, InputEventId=0, HandleInputStart=84228402995845, AnimationStart=84228402997283, PerformTraversalsStart=84228404781431, DrawStart=84228574464698, FrameDeadline=84227672237750, FrameStartTime=84228402194396, FrameInterval=16666666, WorkloadTarget=16666666, SyncQueued=84228574799702, SyncStart=84228575791866, IssueDrawCommandsStart=84228576463280, SwapBuffers=84228576731403, FrameCompleted=84228587328150, DequeueBufferDuration=13258, QueueBufferDuration=835098, GpuCompleted=84228587328150, SwapBuffersCompleted=84228583058055, DisplayPresentTime=0, CommandSubmissionCompleted=84228576731403, 
02-19 12:45:54.816  4449  4467 V WindowManagerShell: loadAnimation: anim=android.view.animation.AnimationSet@444c05f animAttr=0x5 type=OPEN isEntrance=false
02-19 12:45:54.817  4449  4467 V WindowManagerShell: loadAnimation: anim=android.view.animation.AnimationSet@748ef0a animAttr=0x4 type=OPEN isEntrance=true
02-19 12:45:54.818  4449  4467 V WindowManagerShell:  animated by com.android.wm.shell.transition.DefaultTransitionHandler@f74d823
02-19 12:45:54.939 29234 30329 W unknown:InspectorPackagerConnection: Couldn't connect to packager, will silently retry
02-19 12:45:54.940 29234 30327 W unknown:ReconnectingWebSocket: Couldn't connect to "ws://10.0.2.2:8081/message?device=sdk_gphone64_x86_64%20-%2016%20-%20API%2036&app=viva.republica.toss.test&clientid=BridgeDevSupportManager", will silently retry
02-19 12:45:54.979   752   989 I ImeTracker: viva.republica.toss.test:84cacb5b: onRequestHide at ORIGIN_SERVER reason HIDE_UNSPECIFIED_WINDOW fromUser false
02-19 12:45:54.983  1563  1563 I GoogleInputMethodService: GoogleInputMethodService.onFinishInput():2043 
02-19 12:45:54.984 29234 29234 D InsetsController: hide(ime(), fromIme=false)
02-19 12:45:54.986  1563  1563 I Module  : DeviceLockedStatusModuleProvider$Module.updateDeviceLockedStatus():100 repeatCheckTimes = 0, locked = false
02-19 12:45:54.987   752  1987 I ImeTracker: system_server:4968d83e: onRequestHide at ORIGIN_SERVER reason IME_REQUESTED_CHANGED_LISTENER fromUser false
02-19 12:45:54.988 29234 29234 I ImeTracker: viva.republica.toss.test:84cacb5b: onCancelled at PHASE_CLIENT_ALREADY_HIDDEN
02-19 12:45:54.989   752   797 I ImeTracker: system_server:4968d83e: onCancelled at PHASE_SERVER_SHOULD_HIDE
02-19 12:45:54.989  1563  1563 I GoogleInputMethodService: GoogleInputMethodService.onStartInput():1293 onStartInput(EditorInfo{EditorInfo{packageName=viva.republica.toss.test, inputType=0, inputTypeString=NULL, enableLearning=false, autoCorrection=false, autoComplete=false, imeOptions=0, privateImeOptions=null, actionName=UNSPECIFIED, actionLabel=null, initialSelStart=-1, initialSelEnd=-1, initialCapsMode=0, label=null, fieldId=0, fieldName=null, extras=null, hintText=null, hintLocales=[]}}, false)
02-19 12:45:54.994  1563  1563 I Module  : DeviceLockedStatusModuleProvider$Module.updateDeviceLockedStatus():100 repeatCheckTimes = 1, locked = false
02-19 12:45:54.996  1563  1563 I EmojiCompatManager: EmojiCompatManager.getEmojiCompatIfLoaded():343 EmojiCompat.init() was never called.
02-19 12:45:54.996  1563  1563 I EmojiCompatManager: java.lang.IllegalStateException: EmojiCompat is not initialized. Please call EmojiCompat.init() first
02-19 12:45:54.996  1563  1563 I EmojiCompatManager: 	at asx.p(PG:6)
02-19 12:45:54.996  1563  1563 I EmojiCompatManager: 	at axb.b(PG:13)
02-19 12:45:54.996  1563  1563 I EmojiCompatManager: 	at jnr.b(PG:2)
02-19 12:45:54.996  1563  1563 I EmojiCompatManager: 	at jnr.c(PG:4)
02-19 12:45:54.996  1563  1563 I EmojiCompatManager: 	at jnr.f(PG:3)
02-19 12:45:54.996  1563  1563 I EmojiCompatManager: 	at jnx.c(PG:3)
02-19 12:45:54.996  1563  1563 I EmojiCompatManager: 	at kif.cz(PG:47)
02-19 12:45:54.996  1563  1563 I EmojiCompatManager: 	at lhl.run(PG:1025)
02-19 12:45:54.996  1563  1563 I EmojiCompatManager: 	at jaf.execute(PG:12)
02-19 12:45:54.996  1563  1563 I EmojiCompatManager: 	at nco.v(PG:13)
02-19 12:45:54.996  1563  1563 I EmojiCompatManager: 	at lhn.m(PG:96)
02-19 12:45:54.996  1563  1563 I EmojiCompatManager: 	at lhn.k(PG:25)
02-19 12:45:54.996  1563  1563 I EmojiCompatManager: 	at kgn.onStartInput(PG:250)
02-19 12:45:54.996  1563  1563 I EmojiCompatManager: 	at android.inputmethodservice.InputMethodService.doStartInput(InputMethodService.java:3521)
02-19 12:45:54.996  1563  1563 I EmojiCompatManager: 	at android.inputmethodservice.InputMethodService$InputMethodImpl.startInput(InputMethodService.java:879)
02-19 12:45:54.996  1563  1563 I EmojiCompatManager: 	at android.inputmethodservice.InputMethodService$InputMethodImpl.dispatchStartInput(InputMethodService.java:908)
02-19 12:45:54.996  1563  1563 I EmojiCompatManager: 	at android.inputmethodservice.IInputMethodWrapper.executeMessage(IInputMethodWrapper.java:201)
02-19 12:45:54.996  1563  1563 I EmojiCompatManager: 	at com.android.internal.os.HandlerCaller$MyHandler.handleMessage(HandlerCaller.java:44)
02-19 12:45:54.996  1563  1563 I EmojiCompatManager: 	at android.os.Handler.dispatchMessage(Handler.java:110)
02-19 12:45:54.996  1563  1563 I EmojiCompatManager: 	at android.os.Looper.loopOnce(Looper.java:248)
02-19 12:45:54.996  1563  1563 I EmojiCompatManager: 	at android.os.Looper.loop(Looper.java:338)
02-19 12:45:54.996  1563  1563 I EmojiCompatManager: 	at android.app.ActivityThread.main(ActivityThread.java:9067)
02-19 12:45:54.996  1563  1563 I EmojiCompatManager: 	at java.lang.reflect.Method.invoke(Native Method)
02-19 12:45:54.996  1563  1563 I EmojiCompatManager: 	at com.android.internal.os.RuntimeInit$MethodAndArgsCaller.run(RuntimeInit.java:593)
02-19 12:45:54.996  1563  1563 I EmojiCompatManager: 	at com.android.internal.os.ZygoteInit.main(ZygoteInit.java:932)
02-19 12:45:54.998   752  1987 W PackageConfigPersister: App-specific configuration not found for packageName: viva.republica.toss.test and userId: 0
02-19 12:45:55.131 29234 29234 E unknown:ReactRootView: Unhandled SoftException
02-19 12:45:55.131 29234 29234 E unknown:ReactRootView: com.facebook.react.uimanager.IllegalViewOperationException: Trying to attach a ReactRootView with an explicit id already set to [2131362676]. React Native uses the id field to track react tags and will overwrite this field. If that is fine, explicitly overwrite the id field to View.NO_ID.
02-19 12:45:55.131 29234 29234 E unknown:ReactRootView: 	at com.facebook.react.ReactRootView.attachToReactInstanceManager(:799)
02-19 12:45:55.131 29234 29234 E unknown:ReactRootView: 	at com.facebook.react.ReactRootView.startReactApplication(:509)
02-19 12:45:55.131 29234 29234 E unknown:ReactRootView: 	at com.facebook.react.ReactRootView.startReactApplication(:469)
02-19 12:45:55.131 29234 29234 E unknown:ReactRootView: 	at im.toss.rn.granite.core.GraniteActivity.write(:486)
02-19 12:45:55.131 29234 29234 E unknown:ReactRootView: 	at im.toss.rn.granite.core.GraniteActivity.RemoteActionCompatParcelizer(:124)
02-19 12:45:55.131 29234 29234 E unknown:ReactRootView: 	at im.toss.rn.granite.core.GraniteActivity$RemoteActionCompatParcelizer.IconCompatParcelizer(:65353)
02-19 12:45:55.131 29234 29234 E unknown:ReactRootView: 	at o.sh.a_(:33)
02-19 12:45:55.131 29234 29234 E unknown:ReactRootView: 	at o.xP.run(:100)
02-19 12:45:55.131 29234 29234 E unknown:ReactRootView: 	at android.os.Handler.handleCallback(Handler.java:995)
02-19 12:45:55.131 29234 29234 E unknown:ReactRootView: 	at android.os.Handler.dispatchMessage(Handler.java:103)
02-19 12:45:55.131 29234 29234 E unknown:ReactRootView: 	at android.os.Looper.loopOnce(Looper.java:248)
02-19 12:45:55.131 29234 29234 E unknown:ReactRootView: 	at android.os.Looper.loop(Looper.java:338)
02-19 12:45:55.131 29234 29234 E unknown:ReactRootView: 	at android.app.ActivityThread.main(ActivityThread.java:9067)
02-19 12:45:55.131 29234 29234 E unknown:ReactRootView: 	at java.lang.reflect.Method.invoke(Native Method)
02-19 12:45:55.131 29234 29234 E unknown:ReactRootView: 	at com.android.internal.os.RuntimeInit$MethodAndArgsCaller.run(RuntimeInit.java:593)
02-19 12:45:55.131 29234 29234 E unknown:ReactRootView: 	at com.android.internal.os.ZygoteInit.main(ZygoteInit.java:932)
02-19 12:45:55.151   752  1856 E TaskPersister: File error accessing recents directory (directory doesn't exist?).
02-19 12:45:55.300  4449  4467 V WindowManagerShell: Transition animation finished (aborted=false), notifying core (#331) android.os.BinderProxy@aed7326@0
02-19 12:45:55.303   752   794 V WindowManager: Finish Transition (#331): created at 02-19 12:45:53.704 collect-started=0.297ms request-sent=19.155ms started=22.31ms ready=95.865ms sent=1050.897ms commit=78.746ms finished=1598.483ms
02-19 12:45:55.308  4449  4467 V WindowManagerShell: Track 0 became idle
02-19 12:45:55.308  4449  4467 V WindowManagerShell: All active transition animations finished
02-19 12:45:55.394   752  1852 D CoreBackPreview: Window{ce1248c u0 PopupWindow:e43189f}: Setting back callback OnBackInvokedCallbackInfo{mCallback=android.window.IOnBackInvokedCallback$Stub$Proxy@4c84bea, mPriority=0, mIsAnimationCallback=false, mOverrideBehavior=0}
02-19 12:45:55.466 29234 29234 D VRI[GraniteActivity]: visibilityChanged oldVisibility=true newVisibility=false
02-19 12:45:55.782   752  1095 D BackgroundInstallControlService: Package event received: 0
02-19 12:45:58.041 29234 29234 W WindowOnBackDispatcher: sendCancelIfRunning: isInProgress=false callback=android.view.ViewRootImpl$$ExternalSyntheticLambda13@82c544a
02-19 12:45:58.041   752  1233 D CoreBackPreview: Window{ce1248c u0 PopupWindow:e43189f}: Setting back callback null
02-19 12:45:58.542  1782  2440 I bbax    : (REDACTED) getHotwordActive::active query: %s, watch: %s, devices connected: %s
02-19 12:45:58.562 30336 30336 W dumpsys : Thread Pool max thread count is 0. Cannot cache binder as linkToDeath cannot be implemented. serviceName: window
02-19 12:45:58.971 29234 30338 W unknown:ReactContext: initializeMessageQueueThreads() is called.
02-19 12:45:58.982 29234 29234 W unknown:ReactNative: Packager connection already open, nooping.
02-19 12:45:58.996 29234 30342 W unknown:ViewManagerPropertyUpdater: Could not find generated setter for class com.facebook.react.views.traceupdateoverlay.TraceUpdateOverlayManager
02-19 12:45:58.998 29234 30342 W unknown:ViewManagerPropertyUpdater: Could not find generated setter for class com.facebook.react.views.drawer.ReactDrawerLayoutManager
02-19 12:45:59.001 29234 30342 W unknown:ViewManagerPropertyUpdater: Could not find generated setter for class com.facebook.react.views.scroll.ReactHorizontalScrollViewManager
02-19 12:45:59.005 29234 30342 W unknown:ViewManagerPropertyUpdater: Could not find generated setter for class com.facebook.react.views.scroll.ReactHorizontalScrollContainerViewManager
02-19 12:45:59.006 29234 30342 W unknown:ViewManagerPropertyUpdater: Could not find generated setter for class com.facebook.react.views.progressbar.ReactProgressBarViewManager
02-19 12:45:59.008 29234 30342 W unknown:ViewManagerPropertyUpdater: Could not find generated setter for class com.facebook.react.views.progressbar.ProgressBarShadowNode
02-19 12:45:59.009 29234 30342 W unknown:ViewManagerPropertyUpdater: Could not find generated setter for class com.facebook.react.views.scroll.ReactScrollViewManager
02-19 12:45:59.011 29234 30342 W unknown:ViewManagerPropertyUpdater: Could not find generated setter for class com.facebook.react.views.switchview.ReactSwitchManager
02-19 12:45:59.013 29234 30342 W unknown:ViewManagerPropertyUpdater: Could not find generated setter for class com.facebook.react.views.switchview.ReactSwitchManager$ReactSwitchShadowNode
02-19 12:45:59.014 29234 30342 W unknown:ViewManagerPropertyUpdater: Could not find generated setter for class com.facebook.react.views.swiperefresh.SwipeRefreshLayoutManager
02-19 12:45:59.015 29234 30342 W unknown:ViewManagerPropertyUpdater: Could not find generated setter for class com.facebook.react.views.text.frescosupport.FrescoBasedReactTextInlineImageViewManager
02-19 12:45:59.015 29234 30342 W unknown:ViewManagerPropertyUpdater: Could not find generated setter for class com.facebook.react.views.text.frescosupport.FrescoBasedReactTextInlineImageShadowNode
02-19 12:45:59.020 29234 30342 W unknown:ViewManagerPropertyUpdater: Could not find generated setter for class com.facebook.react.views.modal.ReactModalHostManager
02-19 12:45:59.021 29234 30342 W unknown:ViewManagerPropertyUpdater: Could not find generated setter for class com.facebook.react.views.modal.ModalHostShadowNode
02-19 12:45:59.021 29234 30342 W unknown:ViewManagerPropertyUpdater: Could not find generated setter for class com.facebook.react.views.text.ReactRawTextManager
02-19 12:45:59.023 29234 30342 W unknown:ViewManagerPropertyUpdater: Could not find generated setter for class com.facebook.react.views.text.ReactRawTextShadowNode
02-19 12:45:59.024 29234 30342 W unknown:ViewManagerPropertyUpdater: Could not find generated setter for class com.facebook.react.views.textinput.ReactTextInputManager
02-19 12:45:59.026 29234 30342 W unknown:ViewManagerPropertyUpdater: Could not find generated setter for class com.facebook.react.views.textinput.ReactTextInputShadowNode
02-19 12:45:59.029 29234 30342 W unknown:ViewManagerPropertyUpdater: Could not find generated setter for class com.facebook.react.views.text.ReactTextShadowNode
02-19 12:45:59.029 29234 30342 W unknown:ViewManagerPropertyUpdater: Could not find generated setter for class com.facebook.react.views.text.ReactVirtualTextViewManager
02-19 12:45:59.030 29234 30342 W unknown:ViewManagerPropertyUpdater: Could not find generated setter for class com.facebook.react.views.text.ReactVirtualTextShadowNode
02-19 12:45:59.031 29234 30342 W unknown:ViewManagerPropertyUpdater: Could not find generated setter for class com.facebook.react.views.unimplementedview.ReactUnimplementedViewManager
02-19 12:45:59.032 29234 30342 W unknown:ViewManagerPropertyUpdater: Could not find generated setter for class com.shopify.reactnative.flash_list.AutoLayoutViewManager
02-19 12:45:59.033 29234 30342 W unknown:ViewManagerPropertyUpdater: Could not find generated setter for class com.shopify.reactnative.flash_list.CellContainerManager
02-19 12:45:59.037 29234 30342 W unknown:ViewManagerPropertyUpdater: Could not find generated setter for class com.airbnb.android.react.lottie.LottieAnimationViewManager
02-19 12:45:59.038 29234 30342 W unknown:ViewManagerPropertyUpdater: Could not find generated setter for class com.swmansion.gesturehandler.react.RNGestureHandlerRootViewManager
02-19 12:45:59.039 29234 30342 W unknown:ViewManagerPropertyUpdater: Could not find generated setter for class com.swmansion.gesturehandler.react.RNGestureHandlerButtonViewManager
02-19 12:45:59.040 29234 30342 W unknown:ViewManagerPropertyUpdater: Could not find generated setter for class io.invertase.googlemobileads.ReactNativeGoogleMobileAdsBannerAdViewManager
02-19 12:45:59.045 29234 30342 W unknown:ViewManagerPropertyUpdater: Could not find generated setter for class com.reactnativepagerview.PagerViewViewManager
02-19 12:45:59.046 29234 30342 W unknown:ViewManagerPropertyUpdater: Could not find generated setter for class com.th3rdwave.safeareacontext.SafeAreaProviderManager
02-19 12:45:59.047 29234 30342 W unknown:ViewManagerPropertyUpdater: Could not find generated setter for class com.th3rdwave.safeareacontext.SafeAreaViewManager
02-19 12:45:59.048 29234 30342 W unknown:ViewManagerPropertyUpdater: Could not find generated setter for class o.eglCreatePlatformPixmapSurface
02-19 12:45:59.052 29234 30342 W unknown:ViewManagerPropertyUpdater: Could not find generated setter for class com.swmansion.rnscreens.ScreenContainerViewManager
02-19 12:45:59.053 29234 30342 W unknown:ViewManagerPropertyUpdater: Could not find generated setter for class com.swmansion.rnscreens.ScreenViewManager
02-19 12:45:59.054 29234 30342 W unknown:ViewManagerPropertyUpdater: Could not find generated setter for class com.swmansion.rnscreens.ScreenStackViewManager
02-19 12:45:59.055 29234 30342 W unknown:ViewManagerPropertyUpdater: Could not find generated setter for class com.swmansion.rnscreens.ScreenStackHeaderConfigViewManager
02-19 12:45:59.057 29234 30342 W unknown:ViewManagerPropertyUpdater: Could not find generated setter for class com.swmansion.rnscreens.ScreenStackHeaderSubviewManager
02-19 12:45:59.057 29234 30342 W unknown:ViewManagerPropertyUpdater: Could not find generated setter for class com.swmansion.rnscreens.SearchBarManager
02-19 12:45:59.058 29234 30342 W unknown:ViewManagerPropertyUpdater: Could not find generated setter for class com.horcrux.svg.RenderableViewManager$DefsViewManager
02-19 12:45:59.060 29234 30342 W unknown:ViewManagerPropertyUpdater: Could not find generated setter for class com.horcrux.svg.VirtualViewManager$RemoteActionCompatParcelizer
02-19 12:45:59.061 29234 30342 W unknown:ViewManagerPropertyUpdater: Could not find generated setter for class com.horcrux.svg.RenderableViewManager$MarkerManager
02-19 12:45:59.068 29234 30342 W unknown:ViewManagerPropertyUpdater: Could not find generated setter for class com.horcrux.svg.RenderableViewManager$ForeignObjectManager
02-19 12:45:59.070 29234 30342 W unknown:ViewManagerPropertyUpdater: Could not find generated setter for class com.horcrux.svg.RenderableViewManager$EllipseViewManager
02-19 12:45:59.071 29234 30342 W unknown:ViewManagerPropertyUpdater: Could not find generated setter for class com.horcrux.svg.RenderableViewManager$LineViewManager
02-19 12:45:59.073 29234 30342 W unknown:ViewManagerPropertyUpdater: Could not find generated setter for class com.horcrux.svg.RenderableViewManager$LinearGradientManager
02-19 12:45:59.074 29234 30342 W unknown:ViewManagerPropertyUpdater: Could not find generated setter for class com.horcrux.svg.RenderableViewManager$GroupViewManager
02-19 12:45:59.074 29234 30342 W unknown:ViewManagerPropertyUpdater: Could not find generated setter for class com.horcrux.svg.RenderableViewManager$TextViewManager
02-19 12:45:59.075 29234 30342 W unknown:ViewManagerPropertyUpdater: Could not find generated setter for class com.horcrux.svg.RenderableViewManager$ImageViewManager
02-19 12:45:59.076 29234 30342 W unknown:ViewManagerPropertyUpdater: Could not find generated setter for class com.horcrux.svg.RenderableViewManager$ClipPathViewManager
02-19 12:45:59.077 29234 30342 W unknown:ViewManagerPropertyUpdater: Could not find generated setter for class com.horcrux.svg.RenderableViewManager$RadialGradientManager
02-19 12:45:59.077 29234 30342 W unknown:ViewManagerPropertyUpdater: Could not find generated setter for class com.horcrux.svg.RenderableViewManager$MaskManager
02-19 12:45:59.078 29234 30342 W unknown:ViewManagerPropertyUpdater: Could not find generated setter for class com.horcrux.svg.RenderableViewManager$SymbolManager
02-19 12:45:59.080 29234 30342 W unknown:ViewManagerPropertyUpdater: Could not find generated setter for class com.horcrux.svg.RenderableViewManager$PatternManager
02-19 12:45:59.082 29234 30342 W unknown:ViewManagerPropertyUpdater: Could not find generated setter for class com.horcrux.svg.RenderableViewManager$RectViewManager
02-19 12:45:59.083 29234 30342 W unknown:ViewManagerPropertyUpdater: Could not find generated setter for class com.horcrux.svg.RenderableViewManager$TextPathViewManager
02-19 12:45:59.084 29234 30342 W unknown:ViewManagerPropertyUpdater: Could not find generated setter for class com.horcrux.svg.SvgViewManager
02-19 12:45:59.085 29234 30342 W unknown:ViewManagerPropertyUpdater: Could not find generated setter for class com.horcrux.svg.RenderableViewManager$PathViewManager
02-19 12:45:59.087 29234 30342 W unknown:ViewManagerPropertyUpdater: Could not find generated setter for class com.horcrux.svg.RenderableViewManager$UseViewManager
02-19 12:45:59.088 29234 30342 W unknown:ViewManagerPropertyUpdater: Could not find generated setter for class com.horcrux.svg.RenderableViewManager$CircleViewManager
02-19 12:45:59.090 29234 30342 W unknown:ViewManagerPropertyUpdater: Could not find generated setter for class com.horcrux.svg.RenderableViewManager$TSpanViewManager
02-19 12:45:59.091 29234 30342 W unknown:ViewManagerPropertyUpdater: Could not find generated setter for class com.brentvatne.exoplayer.ReactExoplayerViewManager
02-19 12:45:59.099 29234 30342 W unknown:ViewManagerPropertyUpdater: Could not find generated setter for class im.toss.rn.granite.core.module.image.FastImageViewManager
02-19 12:45:59.101 29234 30342 W unknown:ReactContext: initializeMessageQueueThreads() is called.
02-19 12:45:59.102 29234 30342 W unknown:ReactNative: Fresco has already been initialized with a different config. The new Fresco configuration will be ignored!
02-19 12:45:59.426  1563  1563 I StylusModule: StylusModule.onUpdateToolType():801 Update tool type = 0
02-19 12:46:00.100 29234 29234 W unknown:ReactContext: initializeMessageQueueThreads() is called.
02-19 12:46:00.321   752  1987 W PackageConfigPersister: App-specific configuration not found for packageName: viva.republica.toss.test and userId: 0
02-19 12:46:01.831   537   537 W adbd    : timeout expired while flushing socket, closing
02-19 12:46:01.892 30352 30352 W dumpsys : Thread Pool max thread count is 0. Cannot cache binder as linkToDeath cannot be implemented. serviceName: window
02-19 12:46:01.972   537   537 W adbd    : timeout expired while flushing socket, closing
02-19 12:46:02.379 29234 29240 I blica.toss.test: NativeAlloc concurrent mark compact GC freed 10MB AllocSpace bytes, 10(264KB) LOS objects, 47% free, 26MB/50MB, paused 4.698ms,12.465ms total 467.604ms
02-19 12:46:02.589   752   775 I system_server: Background concurrent mark compact GC freed 24MB AllocSpace bytes, 44(912KB) LOS objects, 42% free, 32MB/56MB, paused 2.220ms,3.630ms total 634.943ms
02-19 12:46:03.249 29234 30341 I ReactNativeJS: Running "shared" with {"initialProps":{"initialColorPreference":"light","loadingStartTs":1771472755090,"initialFontScale":"100"},"rootTag":341}
02-19 12:46:03.611  4449  4467 V WindowManagerShell: Transition requested (#332): android.os.BinderProxy@307650d TransitionRequestInfo { type = CLOSE, triggerTask = null, pipChange = null, remoteTransition = null, displayChange = null, flags = 0, debugId = 332 }
02-19 12:46:03.635   531   548 I BpBinder: onLastStrongRef automatically unlinking death recipients: 
02-19 12:46:03.644   531   531 I BpBinder: onLastStrongRef automatically unlinking death recipients: 
02-19 12:46:03.659   752  1095 D BackgroundInstallControlService: Package event received: 0
02-19 12:46:03.675   752  1095 D BackgroundInstallControlService: Package event received: 0
02-19 12:46:03.675   752  1095 D BackgroundInstallControlService: Package event received: 0
02-19 12:46:03.700 29234 30359 W unknown:ReconnectingWebSocket: Couldn't connect to "ws://10.0.2.2:8081/message?device=sdk_gphone64_x86_64%20-%2016%20-%20API%2036&app=viva.republica.toss.test&clientid=BridgeDevSupportManager", will silently retry
02-19 12:46:04.001 29234 30341 D ReactNativeJS: '[Analytics]', '{\n  "log_type": "screen",\n  "log_name": "/::screen",\n  "params": {\n    "referrer": null,\n    "deployment_id": "local",\n    "deployment_timestamp": null\n  }\n}'
02-19 12:46:04.158 29234 30342 W unknown:ViewManagerPropertyUpdater: Could not find generated setter for class o.onLost
02-19 12:46:04.680 29234 30361 W HWUI    : Image decoding logging dropped!
02-19 12:46:04.781   752   794 V WindowManager: Sent Transition (#332) createdAt=02-19 12:46:03.608 via request=TransitionRequestInfo { type = CLOSE, triggerTask = null, pipChange = null, remoteTransition = null, displayChange = null, flags = 0, debugId = 332 }
02-19 12:46:04.781   752   794 V WindowManager:     startWCT=WindowContainerTransaction { changes= {} hops= [] errorCallbackToken=null taskFragmentOrganizer=null }
02-19 12:46:04.781  4449 21898 V WindowManagerShell: onTransitionReady(transaction=3229815416204)
02-19 12:46:04.782   752   794 V WindowManager:     info={id=332 t=CLOSE f=0x0 trk=0 r=[0@Point(0, 0)] c=[
02-19 12:46:04.782   752   794 V WindowManager:         {m=CLOSE f=FILLS_TASK leash=Surface(name=ActivityRecord{87695404 u0 viva.republica.toss.test/im.toss.rn.granite.core.GraniteActivity)/@0xe41d4eb sb=Rect(0, 0 - 1080, 2400) eb=Rect(0, 0 - 1080, 2400) epz=Point(1080, 2400) d=0 bc=ffffffff component=viva.republica.toss.test/im.toss.rn.granite.core.GraniteActivity opt={t=FROM_STYLE mUserId=0}},
02-19 12:46:04.782   752   794 V WindowManager:         {m=TO_FRONT f=FILLS_TASK leash=Surface(name=ActivityRecord{25719333 u0 viva.republica.toss.test/im.toss.rn.granite.core.GraniteActivity)/@0xbb7371 sb=Rect(0, 0 - 1080, 2400) eb=Rect(0, 0 - 1080, 2400) epz=Point(1080, 2400) d=0 bc=ffffffff component=viva.republica.toss.test/im.toss.rn.granite.core.GraniteActivity opt={t=FROM_STYLE mUserId=0}}
02-19 12:46:04.782   752   794 V WindowManager:     ]}
02-19 12:46:04.783  4449  4467 V WindowManagerShell: onTransitionReady (#332) android.os.BinderProxy@307650d: {id=332 t=CLOSE f=0x0 trk=0 r=[0@Point(0, 0)] c=[
02-19 12:46:04.783  4449  4467 V WindowManagerShell:         {m=CLOSE f=FILLS_TASK leash=Surface(name=ActivityRecord{87695404 u0 viva.republica.toss.test/im.toss.rn.granite.core.GraniteActivity)/@0xffe2cc2 sb=Rect(0, 0 - 1080, 2400) eb=Rect(0, 0 - 1080, 2400) epz=Point(1080, 2400) d=0 bc=ffffffff component=viva.republica.toss.test/im.toss.rn.granite.core.GraniteActivity opt={t=FROM_STYLE mUserId=0}},
02-19 12:46:04.783  4449  4467 V WindowManagerShell:         {m=TO_FRONT f=FILLS_TASK leash=Surface(name=ActivityRecord{25719333 u0 viva.republica.toss.test/im.toss.rn.granite.core.GraniteActivity)/@0xe85ad3 sb=Rect(0, 0 - 1080, 2400) eb=Rect(0, 0 - 1080, 2400) epz=Point(1080, 2400) d=0 bc=ffffffff component=viva.republica.toss.test/im.toss.rn.granite.core.GraniteActivity opt={t=FROM_STYLE mUserId=0}}
02-19 12:46:04.783  4449  4467 V WindowManagerShell:     ]}
02-19 12:46:04.784  4449  4467 V WindowManagerShell: Playing animation for (#332) android.os.BinderProxy@307650d@0
02-19 12:46:04.784  4449  4467 V ShellRecents: RecentsTransitionHandler.startAnimation: no controller found
02-19 12:46:04.785  4449  4467 V WindowManagerShell: Transition doesn't have explicit remote, search filters for match for {id=332 t=CLOSE f=0x0 trk=0 r=[0@Point(0, 0)] c=[{m=CLOSE f=FILLS_TASK leash=Surface(name=ActivityRecord{87695404 u0 viva.republica.toss.test/im.toss.rn.granite.core.GraniteActivity)/@0xffe2cc2 sb=Rect(0, 0 - 1080, 2400) eb=Rect(0, 0 - 1080, 2400) epz=Point(1080, 2400) d=0 bc=ffffffff component=viva.republica.toss.test/im.toss.rn.granite.core.GraniteActivity opt={t=FROM_STYLE mUserId=0}},{m=TO_FRONT f=FILLS_TASK leash=Surface(name=ActivityRecord{25719333 u0 viva.republica.toss.test/im.toss.rn.granite.core.GraniteActivity)/@0xe85ad3 sb=Rect(0, 0 - 1080, 2400) eb=Rect(0, 0 - 1080, 2400) epz=Point(1080, 2400) d=0 bc=ffffffff component=viva.republica.toss.test/im.toss.rn.granite.core.GraniteActivity opt={t=FROM_STYLE mUserId=0}}]}
02-19 12:46:04.785  4449  4467 V WindowManagerShell:  Checking filter Pair{{types=[] flags=0x0] notFlags=0x0 checks=[{atype=undefined independent=true modes=[CLOSE,TO_BACK] flags=IN_TASK_WITH_EMBEDDED_ACTIVITY mustBeTask=false order=ANY topActivity=null launchCookie=null taskFragmentToken=android.os.BinderProxy@188d51a windowingMode=undefined}]} RemoteTransition { remoteTransition = android.window.IRemoteTransition$Stub$Proxy@44cd84b, appThread = android.app.IApplicationThread$Stub$Proxy@3a12228, debugName = overlayBackTransition }}
02-19 12:46:04.790  4449  4467 V WindowManagerShell:  Checking filter Pair{{types=[] flags=0x0] notFlags=0x0 checks=[{atype=dream independent=true modes=[OPEN,TO_FRONT] flags=NONE mustBeTask=false order=ANY topActivity=null launchCookie=null windowingMode=undefined},{atype=home independent=true modes=[CLOSE,TO_BACK] flags=NONE mustBeTask=false order=ANY topActivity=null launchCookie=null windowingMode=undefined}]} RemoteTransition { remoteTransition = android.window.IRemoteTransition$Stub$Proxy@6f3eb41, appThread = android.app.IApplicationThread$Stub$Proxy@ccf28e6, debugName = LauncherToDream }}
02-19 12:46:04.791  4449  4467 V WindowManagerShell:  Checking filter Pair{{types=[] flags=0x0] notFlags=0x100 checks=[{atype=home independent=true modes=[OPEN,TO_FRONT] flags=NONE mustBeTask=false order=TOP topActivity=ComponentInfo{com.google.android.apps.nexuslauncher/com.google.android.apps.nexuslauncher.NexusLauncherActivity} launchCookie=null windowingMode=undefined},{atype=standard independent=true modes=[CLOSE,TO_BACK] flags=NONE mustBeTask=false order=ANY topActivity=null launchCookie=null windowingMode=undefined},{NOT atype=undefined independent=true modes=[] flags=NONE mustBeTask=true order=ANY topActivity=null launchCookie=null customAnim=true windowingMode=undefined}]} RemoteTransition { remoteTransition = android.window.IRemoteTransition$Stub$Proxy@a8eae27, appThread = android.app.IApplicationThread$Stub$Proxy@fa38d4, debugName = QuickstepLaunchHome }}
02-19 12:46:04.791  4449  4467 V WindowManagerShell:  Delegate animation for (#332) to null
02-19 12:46:04.791  4449  4467 V WindowManagerShell: start default transition animation, info = {id=332 t=CLOSE f=0x0 trk=0 r=[0@Point(0, 0)] c=[{m=CLOSE f=FILLS_TASK leash=Surface(name=ActivityRecord{87695404 u0 viva.republica.toss.test/im.toss.rn.granite.core.GraniteActivity)/@0xffe2cc2 sb=Rect(0, 0 - 1080, 2400) eb=Rect(0, 0 - 1080, 2400) epz=Point(1080, 2400) d=0 bc=ffffffff component=viva.republica.toss.test/im.toss.rn.granite.core.GraniteActivity opt={t=FROM_STYLE mUserId=0}},{m=TO_FRONT f=FILLS_TASK leash=Surface(name=ActivityRecord{25719333 u0 viva.republica.toss.test/im.toss.rn.granite.core.GraniteActivity)/@0xe85ad3 sb=Rect(0, 0 - 1080, 2400) eb=Rect(0, 0 - 1080, 2400) epz=Point(1080, 2400) d=0 bc=ffffffff component=viva.republica.toss.test/im.toss.rn.granite.core.GraniteActivity opt={t=FROM_STYLE mUserId=0}}]}
02-19 12:46:04.796  4449  4467 V WindowManagerShell: loadAnimation: anim=android.view.animation.AnimationSet@706530e animAttr=0x6 type=CLOSE isEntrance=true
02-19 12:46:04.799 29234 29480 I HWUI    : Davey! duration=1098ms; Flags=1, FrameTimelineVsyncId=1248918, IntendedVsync=84237522237356, Vsync=84237572237354, InputEventId=0, HandleInputStart=84237581420231, AnimationStart=84237581421003, PerformTraversalsStart=84237582444924, DrawStart=84237653258341, FrameDeadline=84237538904022, FrameStartTime=84237581417311, FrameInterval=16666666, WorkloadTarget=16666666, SyncQueued=84238543866559, SyncStart=84238546047708, IssueDrawCommandsStart=84238546751217, SwapBuffers=84238603851275, FrameCompleted=84238623389124, DequeueBufferDuration=11957, QueueBufferDuration=708386, GpuCompleted=84238623389124, SwapBuffersCompleted=84238611563236, DisplayPresentTime=160, CommandSubmissionCompleted=84238603851275, 
02-19 12:46:05.019  4449  4467 V WindowManagerShell: loadAnimation: anim=android.view.animation.AnimationSet@15128c5 animAttr=0x7 type=CLOSE isEntrance=false
02-19 12:46:05.022  4449  4467 V WindowManagerShell:  animated by com.android.wm.shell.transition.DefaultTransitionHandler@f74d823
02-19 12:46:05.452  1336  1556 D SatelliteController: iisInCarrierRoamingNbIotNtn: satellite is disabled
02-19 12:46:05.505  4449  4467 V WindowManagerShell: Transition animation finished (aborted=false), notifying core (#332) android.os.BinderProxy@307650d@0
02-19 12:46:05.507   752   794 V WindowManager: Finish Transition (#332): created at 02-19 12:46:03.608 collect-started=0.337ms request-sent=0.449ms started=29.607ms ready=51.149ms sent=1171.646ms commit=272.644ms finished=1898.797ms
02-19 12:46:05.512  4449  4467 V WindowManagerShell: Track 0 became idle
02-19 12:46:05.512  4449  4467 V WindowManagerShell: All active transition animations finished
02-19 12:46:06.457   752  1095 D BackgroundInstallControlService: Package event received: 0
02-19 12:46:06.486   752  1233 D ActivityManager: sync unfroze 14715 com.google.android.gms for 6
02-19 12:46:06.489   752  1095 D BackgroundInstallControlService: Package event received: 0
02-19 12:46:06.612 14715 14715 D BoundBrokerSvc: onBind: Intent { act=com.google.android.gms.safebrowsing.SafeBrowsingService.START dat=chimera-action:/... xflg=0x4 cmp=com.google.android.gms/.chimera.GmsBoundBrokerService }
02-19 12:46:06.612 14715 14715 D BoundBrokerSvc: Loading bound service for intent: Intent { act=com.google.android.gms.safebrowsing.SafeBrowsingService.START dat=chimera-action:/... xflg=0x4 cmp=com.google.android.gms/.chimera.GmsBoundBrokerService }
02-19 12:46:06.811   752  1987 W ProcessStats: Tracking association SourceState{bd2f57 viva.republica.toss.test/10217 BTop #14153} whose proc state 2 is better than process ProcessState{ad7a682 com.google.android.gms/10148 pkg=com.google.android.gms} proc state 15 (21 skipped)
