--------- beginning of system
02-19 22:54:59.103   752  1095 D BackgroundInstallControlService: Package event received: 0
--------- beginning of main
02-19 22:54:59.111 19166 19166 D SsBaseTemplateCard: No text view can be set up
02-19 22:54:59.111 19166 19166 D SsBaseTemplateCard: Passed-in item info is null
02-19 22:54:59.111   752  1095 D BackgroundInstallControlService: Package event received: 0
02-19 22:54:59.111 19166 19166 D SsBaseTemplateCard: Passed-in item info is null
02-19 22:54:59.111 19166 19166 D SsBaseTemplateCard: Passed-in item info is null
02-19 22:54:59.111 19166 19166 I SsBaseTemplateCard: Secondary card pane is null
02-19 22:54:59.112   752   955 W UsageStatsService: Unexpected activity event reported! (viva.republica.toss.test/viva.republica.toss.test.MiniAppSchemeActivity event : 23 instanceId : 46290773)
02-19 22:54:59.172   752  1029 D InetDiagMessage: Destroyed 0 sockets, proto=IPPROTO_TCP, family=AF_INET, states=14
02-19 22:54:59.173   752  1029 D InetDiagMessage: Destroyed 0 sockets, proto=IPPROTO_TCP, family=AF_INET6, states=14
02-19 22:54:59.173   752  1029 D InetDiagMessage: Destroyed live tcp sockets for uids={10146} in 2ms
02-19 22:55:01.479   531   568 W EventThread: Faking VSYNC due to driver stall for thread app
02-19 22:55:01.600 13068 13068 W dumpsys : Thread Pool max thread count is 0. Cannot cache binder as linkToDeath cannot be implemented. serviceName: window
02-19 22:55:01.604   752  2505 I system_server: AssetManager2(0x7d8fac51a1b8) locale list changing from [] to [en-US]
02-19 22:55:01.606   752  2505 I system_server: AssetManager2(0x7d8fac5140d8) locale list changing from [] to [en-US]
02-19 22:55:01.608   752  2505 I system_server: AssetManager2(0x7d8fac50c0b8) locale list changing from [] to [en-US]
02-19 22:55:01.610   752  2505 I system_server: AssetManager2(0x7d8fac445cd8) locale list changing from [] to [en-US]
02-19 22:55:01.633   752  2505 I system_server: AssetManager2(0x7d8fac42fbb8) locale list changing from [] to [en-US]
02-19 22:55:01.636   752  2505 I system_server: AssetManager2(0x7d8fac498398) locale list changing from [] to [en-US]
02-19 22:55:01.878 20022 20022 I StylusModule: StylusModule.onUpdateToolType():801 Update tool type = 0
02-19 22:55:03.272   531   568 W EventThread: Faking VSYNC due to driver stall for thread app
02-19 22:55:03.279   752   752 W Looper  : Slow delivery took 504ms main app=system_server main=true group=FOREGROUND h=android.app.ActivityThread$H c=com.android.server.powerstats.TimerTrigger$PeriodicTimer@3cf8487 m=0
02-19 22:55:03.280   752  1856 E TaskPersister: File error accessing recents directory (directory doesn't exist?).
02-19 22:55:03.367   752   752 W Looper  : Drained
02-19 22:55:03.373 19166 20392 D OverviewCommandHelper: command added: CommandInfo(type=TOGGLE, status=IDLE, createTime=120777219, animationCallbacks=null, displayId=0, isLastOfBatch=true)
02-19 22:55:03.373 19166 20392 D OverviewCommandHelper: execute: CommandInfo(type=TOGGLE, status=IDLE, createTime=120777219, animationCallbacks=null, displayId=0, isLastOfBatch=true) - queue size: 1
02-19 22:55:03.374 19166 19166 D OverviewCommandHelper: executing command: CommandInfo(type=TOGGLE, status=PROCESSING, createTime=120777219, animationCallbacks=null, displayId=0, isLastOfBatch=true)
02-19 22:55:03.374 19166 19166 D OverviewCommandHelper: executeCommand: CommandInfo(type=TOGGLE, status=PROCESSING, createTime=120777219, animationCallbacks=null, displayId=0, isLastOfBatch=true) - visibleRecentsView: null
02-19 22:55:03.375 19166 19166 D OverviewCommandHelper: Querying TaskbarManager for TaskbarUIController for display: 0
02-19 22:55:03.375 19166 19166 D OverviewCommandHelper: TaskbarUIController for display 0 was found
02-19 22:55:03.375 19166 19166 D TFOManager: playPanelCloseAnimation() duration=150 traceTag=LauncherOverlay-hide isHomeButtonTap=true
02-19 22:55:03.375 19166 19166 D TFOManager: Skipped creating panel close animation because -1 is invisible.
02-19 22:55:03.377 19166 19166 D StateManager: goToState - fromState: Normal, toState: Overview, partial trace:
02-19 22:55:03.377 19166 19166 D StateManager: 	at com.android.quickstep.LauncherActivityInterface.switchToRecentsIfVisible(go/retraceme 72a59688580715d19f0e415c69e80376c2f062d1648c80db6730905005a27c20:39)
02-19 22:55:03.377 19166 19166 D StateManager: 	at com.android.quickstep.OverviewCommandHelper.executeWhenRecentsIsNotVisible(go/retraceme 72a59688580715d19f0e415c69e80376c2f062d1648c80db6730905005a27c20:292)
02-19 22:55:03.377 19166 19166 D StateManager: 	at com.android.quickstep.OverviewCommandHelper.executeCommand(go/retraceme 72a59688580715d19f0e415c69e80376c2f062d1648c80db6730905005a27c20:49)
02-19 22:55:03.381 19166 19166 D OverviewCommandHelper: switching to Overview state - waiting: CommandInfo(type=TOGGLE, status=PROCESSING, createTime=120777219, animationCallbacks=null, displayId=0, isLastOfBatch=true)
02-19 22:55:03.381 19166 19166 D OverviewCommandHelper: command executed: CommandInfo(type=TOGGLE, status=PROCESSING, createTime=120777219, animationCallbacks=null, displayId=0, isLastOfBatch=true) with result: false
02-19 22:55:03.381 19166 19166 D OverviewCommandHelper: waiting for command callback: CommandInfo(type=TOGGLE, status=PROCESSING, createTime=120777219, animationCallbacks=null, displayId=0, isLastOfBatch=true)
02-19 22:55:03.405 19166 19166 D StateManager: onStateTransitionStart - state: Overview
02-19 22:55:03.405  4449  4449 I vol.VolumeDialogImpl: mDialog.dismiss() reason: volume_controller from: com.android.systemui.volume.VolumeDialogImpl$7.onDismissRequested:3
02-19 22:55:03.405 19166 19166 D RecentsView: updateTaskStackListenerState: true
02-19 22:55:03.406 19166 19166 D RecentsView: reloadIfNeeded - getTasks: 1155
02-19 22:55:03.411 19166 19166 D OverviewCommandHelper: switching to Overview state - onAnimationStart: CommandInfo(type=TOGGLE, status=PROCESSING, createTime=120777219, animationCallbacks=null, displayId=0, isLastOfBatch=true)
02-19 22:55:03.411 19166 19166 D StatsLog: LAUNCHER_OVERVIEW_SHOW_OVERVIEW_FROM_3_BUTTON
02-19 22:55:03.414   752  2505 W ActivityTaskManager: getTaskSnapshot: taskId=226 not found
02-19 22:55:03.415   752  2419 W ActivityTaskManager: takeTaskSnapshot: taskId=226 not found or not visible
02-19 22:55:03.438   752  1095 D BackgroundInstallControlService: Package event received: 0
02-19 22:55:03.460 19166 19166 D RecentsView: applyLoadPlan - taskGroups: [type=SINGLE task=[id=12 windowingMode=0 user=0 lastActiveTime=89737] null, type=SINGLE task=[id=49 windowingMode=1 user=0 lastActiveTime=87698314] null]
02-19 22:55:03.470   531   531 I BpBinder: onLastStrongRef automatically unlinking death recipients: 
02-19 22:55:03.477 19166 19166 D OverviewActionsView: updateForGroupedTask() called with: isGroupedTask = [false], canSaveAppPair = [false]
02-19 22:55:03.477 19166 19166 D OverviewActionsView: updateActionButtonsVisibility() called: showSingleTaskActions = [true], showGroupActions = [false]
02-19 22:55:04.893   531   568 W EventThread: Faking VSYNC due to driver stall for thread app
02-19 22:55:04.895   531   569 W EventThread: Faking VSYNC due to driver stall for thread appSf
02-19 22:55:04.923 19166 19166 I Choreographer: Skipped 70 frames!  The application may be doing too much work on its main thread.
02-19 22:55:04.929 19166 19166 D StateManager: onStateTransitionEnd - state: Overview
02-19 22:55:04.933 19166 19166 I AiAiSuggestUi: Clearing suggestions.
02-19 22:55:04.934 19166 19166 I AiAiSuggestUi: Requesting to show indicators
02-19 22:55:04.935 19166 19166 I AiAiSuggestUi: Fetching contents, isPrimaryTask = false
02-19 22:55:04.938 19166 19166 D OverviewCommandHelper: switching to Overview state - onAnimationEnd: CommandInfo(type=TOGGLE, status=PROCESSING, createTime=120777219, animationCallbacks=null, displayId=0, isLastOfBatch=true)
02-19 22:55:04.939 19166 19166 D OverviewCommandHelper: command executed: CommandInfo(type=TOGGLE, status=PROCESSING, createTime=120777219, animationCallbacks=null, displayId=0, isLastOfBatch=true) with result: true
02-19 22:55:04.939 19166 19166 D OverviewCommandHelper: command executed successfully! CommandInfo(type=TOGGLE, status=COMPLETED, createTime=120777219, animationCallbacks=null, displayId=0, isLastOfBatch=true)
02-19 22:55:04.940 19166 19166 D OverviewCommandHelper: no pending commands to be executed.
02-19 22:55:04.953 19166 19176 I HWUI    : Davey! duration=1202ms; Flags=0, FrameTimelineVsyncId=2424387, IntendedVsync=120777570776720, Vsync=120777587443385, InputEventId=0, HandleInputStart=120777588645917, AnimationStart=120777588702917, PerformTraversalsStart=120777592645917, DrawStart=120777592840917, FrameDeadline=120777620781295, FrameStartTime=120777588608917, FrameInterval=16666665, WorkloadTarget=16666666, SyncQueued=120777593018917, SyncStart=120777593511917, IssueDrawCommandsStart=120777593882917, SwapBuffers=120777595224917, FrameCompleted=120778774035917, DequeueBufferDuration=1164476000, QueueBufferDuration=664000, GpuCompleted=120778774035917, SwapBuffersCompleted=120778762565917, DisplayPresentTime=0, CommandSubmissionCompleted=120777595224917, 
02-19 22:55:04.956   752  2419 E ActivityTaskManager: Could not find activity for task 49
02-19 22:55:04.988 19166 20392 I HWUI    : Davey! duration=1203ms; Flags=0, FrameTimelineVsyncId=2424387, IntendedVsync=120777570776720, Vsync=120777587443385, InputEventId=0, HandleInputStart=120777588645917, AnimationStart=120777588702917, PerformTraversalsStart=120777592645917, DrawStart=120778763347917, FrameDeadline=120777587443386, FrameStartTime=120777588608917, FrameInterval=16666665, WorkloadTarget=16666666, SyncQueued=120778763452917, SyncStart=120778764008917, IssueDrawCommandsStart=120778764367917, SwapBuffers=120778765673917, FrameCompleted=120778774535917, DequeueBufferDuration=41000, QueueBufferDuration=2439000, GpuCompleted=120778774535917, SwapBuffersCompleted=120778770006917, DisplayPresentTime=0, CommandSubmissionCompleted=120778765673917, 
02-19 22:55:05.015 19166 32183 I HWUI    : Davey! duration=1232ms; Flags=0, FrameTimelineVsyncId=2424408, IntendedVsync=120777587447961, Vsync=120778754114581, InputEventId=0, HandleInputStart=120778770946917, AnimationStart=120778770989917, PerformTraversalsStart=120778794245917, DrawStart=120778797147917, FrameDeadline=120778804109931, FrameStartTime=120778770006917, FrameInterval=16666666, WorkloadTarget=16666666, SyncQueued=120778797410917, SyncStart=120778798153917, IssueDrawCommandsStart=120778801610917, SwapBuffers=120778804679917, FrameCompleted=120778821136917, DequeueBufferDuration=144000, QueueBufferDuration=14372000, GpuCompleted=120778812127917, SwapBuffersCompleted=120778821136917, DisplayPresentTime=0, CommandSubmissionCompleted=120778804679917, 
02-19 22:55:05.016 19166 32183 I HWUI    : Davey! duration=1244ms; Flags=0, FrameTimelineVsyncId=2424408, IntendedVsync=120777587447961, Vsync=120778754114581, InputEventId=0, HandleInputStart=120778770946917, AnimationStart=120778770989917, PerformTraversalsStart=120778794245917, DrawStart=120778822667917, FrameDeadline=120778804109931, FrameStartTime=120778770006917, FrameInterval=16666666, WorkloadTarget=16666666, SyncQueued=120778822863917, SyncStart=120778826573917, IssueDrawCommandsStart=120778828153917, SwapBuffers=120778830152917, FrameCompleted=120778835292917, DequeueBufferDuration=148000, QueueBufferDuration=1672000, GpuCompleted=120778834631917, SwapBuffersCompleted=120778835292917, DisplayPresentTime=0, CommandSubmissionCompleted=120778830152917, 
02-19 22:55:05.025   752  2505 W HWUI    : Image decoding logging dropped!
02-19 22:55:05.054   752  4596 W HWUI    : Failed to choose config with EGL_SWAP_BEHAVIOR_PRESERVED, retrying without...
02-19 22:55:05.054   752  4596 W HWUI    : Failed to initialize 101010-2 format, error = EGL_SUCCESS
02-19 22:55:05.087   752   795 W ActivityTaskManager: callingPackage for (uid=-1, pid=0) has no WPC
02-19 22:55:05.088   752   795 W ActivityStartInterceptor: Starting home with component specified, uid=0
02-19 22:55:05.090   752   795 W OptProp : Cannot read opt property android.window.PROPERTY_COMPAT_ALLOW_USER_ASPECT_RATIO_OVERRIDE
02-19 22:55:05.090   752   795 W OptProp : Cannot read opt property android.window.PROPERTY_COMPAT_ALLOW_USER_ASPECT_RATIO_FULLSCREEN_OVERRIDE
02-19 22:55:05.090   752   795 W OptProp : Cannot read opt property android.window.PROPERTY_COMPAT_ALLOW_RESIZEABLE_ACTIVITY_OVERRIDES
02-19 22:55:05.091   752   795 W OptProp : Cannot read opt property android.window.PROPERTY_COMPAT_ALLOW_MIN_ASPECT_RATIO_OVERRIDE
02-19 22:55:05.091   752   795 V GrammaticalInflectionUtils: AttributionSource: android.content.AttributionSource@1abea79a does not have READ_SYSTEM_GRAMMATICAL_GENDER permission.
02-19 22:55:05.102  4449  4449 I vol.VolumeDialogImpl: mDialog.dismiss() reason: volume_controller from: com.android.systemui.volume.VolumeDialogImpl$7.onDismissRequested:3
02-19 22:55:05.104   752   795 I ActivityTaskManager: START u0 {act=android.intent.action.MAIN cat=[android.intent.category.HOME] flg=0x10000100 cmp=com.google.android.apps.nexuslauncher/.NexusLauncherActivity (has extras)} with LAUNCH_SINGLE_TASK from uid 0 (BAL_ALLOW_ALLOWLISTED_UID) result code=3
02-19 22:55:05.104  4449  4531 D KeyguardService: setOccluded(false)
02-19 22:55:05.104  4449  4531 D KeyguardViewMediator: setOccluded(false)
02-19 22:55:05.106 19166 19166 W SplitSelectStateCtor: Missing session instanceIds
02-19 22:55:05.106 19166 19166 D StatsLog: LAUNCHER_SPLIT_SELECTION_EXIT_INTERRUPTED
02-19 22:55:05.106  4449  4467 D WindowManagerShell: onActivityRestartAttempt: topActivity=ComponentInfo{com.google.android.apps.nexuslauncher/com.google.android.apps.nexuslauncher.NexusLauncherActivity}, wasVisible=true
02-19 22:55:05.107 19166 19166 D StateManager: goToState - fromState: Overview, toState: Normal, partial trace:
02-19 22:55:05.107 19166 19166 D StateManager: 	at com.android.launcher3.Launcher.onNewIntent(go/retraceme 72a59688580715d19f0e415c69e80376c2f062d1648c80db6730905005a27c20:116)
02-19 22:55:05.107 19166 19166 D StateManager: 	at com.android.launcher3.uioverrides.QuickstepLauncher.onNewIntent(go/retraceme 72a59688580715d19f0e415c69e80376c2f062d1648c80db6730905005a27c20:1)
02-19 22:55:05.107 19166 19166 D StateManager: 	at com.google.android.apps.nexuslauncher.NexusLauncherActivity.onNewIntent(go/retraceme 72a59688580715d19f0e415c69e80376c2f062d1648c80db6730905005a27c20:1)
02-19 22:55:05.107 19166 19166 D RecentsView: finishRecentsAnimation - mRecentsAnimationController: null
02-19 22:55:05.107 19166 19166 D RecentsView: cleanupRemoteTargets - mRemoteTargetHandles: null
02-19 22:55:05.110  4449  4449 D KeyguardViewMediator: handleSetOccluded(false)
02-19 22:55:05.110 19166 19166 D TFOManager: playPanelCloseAnimation() duration=200 traceTag=LauncherOverlay-hide isHomeButtonTap=true
02-19 22:55:05.110  4449  4449 D KeyguardViewMediator: KeyguardViewMediator queue processing message: SET_OCCLUDED
02-19 22:55:05.110 19166 19166 D TFOManager: Skipped creating panel close animation because -1 is invisible.
02-19 22:55:05.111 19166 19166 D OverviewCommandHelper: clearing pending commands: []
02-19 22:55:05.113 19166 19166 D StatsLog: LAUNCHER_ONRESUME
02-19 22:55:05.141 19166 19190 D QuickstepModelDelegate: notifyAppTargetEvent action=1 launchLocation=
02-19 22:55:05.153  1971  2198 I AiAiEcho: Predicting[0]:  [CONTEXT sampling_count=5 ]
02-19 22:55:05.153  1971  2198 I AiAiEcho: EchoTargets: 
02-19 22:55:05.153  1971  2198 I AiAiEcho: Filtered by AiAi flag check: 
02-19 22:55:05.153  1971  2198 I AiAiEcho: [CONTEXT ratelimit_period="10 SECONDS" ]
02-19 22:55:05.154  1971  2198 I AiAiEcho: #remoteViewsTwiddler: feature disabled.
02-19 22:55:05.155  1971  2198 I AiAiEcho: #postPredictionTargets: Sending updates to UISurface home with targets# 0 (types=[])
02-19 22:55:05.311  1245 27024 D ApfFilter: (wlan0): Adding RA fe80::2 -> ff02::1 1800s fec0::/64 86400s/14400s 
02-19 22:55:05.351 19166 19166 D StateManager: onStateTransitionStart - state: Normal
02-19 22:55:05.351 19166 19166 D RecentsView: updateTaskStackListenerState: false
02-19 22:55:05.368 19166 19166 I NotificationListener: Handling notification state refresh for com.google.android.adservices.api#0
02-19 22:55:05.369 19166 19166 I NotificationListener: Handling notification state refresh for android#0
02-19 22:55:05.369 19166 19166 I NotificationListener: Handling notification state refresh for com.android.systemui#0
02-19 22:55:05.369 19166 19166 D SsBaseTemplateCard: No text view can be set up
02-19 22:55:05.369 19166 19166 D SsBaseTemplateCard: Passed-in item info is null
02-19 22:55:05.369 19166 19166 D SsBaseTemplateCard: Passed-in item info is null
02-19 22:55:05.370 19166 19166 D SsBaseTemplateCard: Passed-in item info is null
02-19 22:55:05.370 19166 19166 I SsBaseTemplateCard: Secondary card pane is null
02-19 22:55:05.372 19166 19166 D OverviewActionsView: updateForGroupedTask() called with: isGroupedTask = [false], canSaveAppPair = [false]
02-19 22:55:05.373 19166 19166 D OverviewActionsView: updateActionButtonsVisibility() called: showSingleTaskActions = [true], showGroupActions = [false]
02-19 22:55:05.373   531   602 I BpBinder: onLastStrongRef automatically unlinking death recipients: 
02-19 22:55:05.373   752  1095 D BackgroundInstallControlService: Package event received: 0
02-19 22:55:05.421  1971 22104 W Bitmap  : Called getWidth() on a recycle()'d bitmap! This is undefined behavior!
02-19 22:55:05.421  1971 22104 W Bitmap  : Called getHeight() on a recycle()'d bitmap! This is undefined behavior!
02-19 22:55:05.421  1971 22104 W Bitmap  : Called getDensity() on a recycle()'d bitmap! This is undefined behavior!
02-19 22:55:05.425 19166 32183 I AiAiSuggestUi: Request suggestContentSelections complete, took: 480
02-19 22:55:05.426 19166 32183 I AiAiSuggestUi: Fetched content back in callback
02-19 22:55:05.481 19166 19166 I AiAiSuggestUi: Display indicators
02-19 22:55:05.627 19166 19166 D StateManager: onStateTransitionEnd - state: Normal
02-19 22:55:05.628 19166 19166 D RecentsView: reset - mEnableDrawingLiveTile: false, mRecentsAnimationController: null
02-19 22:55:05.632 19166 19166 I AiAiSuggestUi: Clearing suggestions.
02-19 22:55:05.632 19166 19166 I AiAiSuggestUi: Clearing suggestions.
02-19 22:55:05.633 19166 19166 D ActivityAllAppsContainerView: rebindAdapters: force: false
02-19 22:55:05.633 19166 19166 D ActivityAllAppsContainerView: rebindAdapters: Not needed.
02-19 22:55:05.643 19166 19166 D OverviewActionsView: updateForGroupedTask() called with: isGroupedTask = [false], canSaveAppPair = [false]
02-19 22:55:05.647 19166 19166 D OverviewActionsView: updateActionButtonsVisibility() called: showSingleTaskActions = [true], showGroupActions = [false]
02-19 22:55:06.487 19166 19166 I Choreographer: Skipped 45 frames!  The application may be doing too much work on its main thread.
02-19 22:55:06.526 13086 13086 W dumpsys : Thread Pool max thread count is 0. Cannot cache binder as linkToDeath cannot be implemented. serviceName: window
02-19 22:55:06.802   752  2377 W ActivityTaskManager: callingPackage for (uid=2000, pid=13091) has no WPC
02-19 22:55:06.807   752  2377 D CompatChangeReporter: Compat change id reported: 151861875; UID 10217; state: ENABLED
02-19 22:55:06.808   752  2377 V GrammaticalInflectionUtils: AttributionSource: android.content.AttributionSource@56784557 does not have READ_SYSTEM_GRAMMATICAL_GENDER permission.
02-19 22:55:06.809   752  2377 W OptProp : Cannot read opt property android.window.PROPERTY_COMPAT_ALLOW_USER_ASPECT_RATIO_OVERRIDE
02-19 22:55:06.809   752  2377 W OptProp : Cannot read opt property android.window.PROPERTY_COMPAT_ALLOW_USER_ASPECT_RATIO_FULLSCREEN_OVERRIDE
02-19 22:55:06.810   752  2377 W OptProp : Cannot read opt property android.window.PROPERTY_COMPAT_ALLOW_RESIZEABLE_ACTIVITY_OVERRIDES
02-19 22:55:06.811   752  2377 W OptProp : Cannot read opt property android.window.PROPERTY_COMPAT_ALLOW_MIN_ASPECT_RATIO_OVERRIDE
02-19 22:55:06.816   752  2377 W OptProp : Cannot read opt property android.window.PROPERTY_COMPAT_ALLOW_ORIENTATION_OVERRIDE
02-19 22:55:06.818   531   603 I BpBinder: onLastStrongRef automatically unlinking death recipients: 
02-19 22:55:06.824   752  2419 D CompatChangeReporter: Compat change id reported: 309578419; UID 10217; state: ENABLED
02-19 22:55:06.824   752  2377 I ActivityTaskManager: START u0 {act=android.intent.action.VIEW dat=intoss://takealook/... flg=0x10000000 xflg=0x4 cmp=viva.republica.toss.test/im.toss.rn.granite.core.GraniteActivity} with LAUNCH_MULTIPLE from uid 2000 (BAL_ALLOW_PERMISSION) result code=0
02-19 22:55:06.825  4449  4467 V WindowManagerShell: Transition requested (#1255): android.os.BinderProxy@e7eab3f TransitionRequestInfo { type = OPEN, triggerTask = TaskInfo{userId=0 taskId=229 effectiveUid=10217 displayId=0 isRunning=true baseIntent=Intent { act=android.intent.action.VIEW dat=intoss://takealook/... flg=0x10000000 cmp=viva.republica.toss.test/im.toss.rn.granite.core.GraniteActivity } baseActivity=ComponentInfo{viva.republica.toss.test/im.toss.rn.granite.core.GraniteActivity} topActivity=ComponentInfo{viva.republica.toss.test/im.toss.rn.granite.core.GraniteActivity} origActivity=null realActivity=ComponentInfo{viva.republica.toss.test/im.toss.rn.granite.core.GraniteActivity} numActivities=1 lastActiveTime=120780670 supportsMultiWindow=true resizeMode=1 isResizeable=true minWidth=-1 minHeight=-1 defaultMinSize=220 token=WCT{android.window.IWindowContainerToken$Stub$Proxy@5d64c0c} topActivityType=1 pictureInPictureParams=null shouldDockBigOverlays=false launchIntoPipHostTaskId=-1 lastParentTaskIdBeforePip=-1 displayCutoutSafeInsets=Rect(0, 0 - 0, 0) topActivityInfo=ActivityInfo{4b23955 im.toss.rn.granite.core.GraniteActivity} launchCookies=[] positionInParent=Point(0, 0) parentTaskId=-1 isFocused=false isVisible=false isVisibleRequested=false isTopActivityNoDisplay=false isSleeping=false locusId=null displayAreaFeatureId=1 isTopActivityTransparent=false isActivityStackTransparent=false lastNonFullscreenBounds=Rect(284, 660 - 796, 1740) capturedLink=null capturedLinkTimestamp=0 requestedVisibleTypes=-9 topActivityRequestOpenInBrowserEducationTimestamp=0 appCompatTaskInfo=AppCompatTaskInfo { topActivityInSizeCompat=false eligibleForLetterboxEducation= false isLetterboxEducationEnabled= true isLetterboxDoubleTapEnabled= false eligibleForUserAspectRatioButton= false topActivityBoundsLetterboxed= false isFromLetterboxDoubleTap= false topActivityLetterboxVerticalPosition= -1 topActivityLetterboxHorizontalPosition= -1 topActivityLetterboxWidth=-1 topActivityLetterboxHeight=-1 topActivityAppBounds=Rect(0, 0 - 1080, 2400) isUserFullscreenOverrideEnabled=false isSystemFullscreenOverrideEnabled=false hasMinAspectRatioOverride=false topActivityLetterboxBounds=null cameraCompatTaskInfo=CameraCompatTaskInfo { freeformCameraCompatMode=inactive}} topActivityMainWindowFrame=null}, pipChange = null, remoteTransition = null, displayChange = null, flags = 0, debugId = 1255 }
02-19 22:55:06.825  4449  4467 D ShellSplitScreen: logExit: no-op, mLoggerSessionId is null
02-19 22:55:06.829 19166 19166 W SplitSelectStateCtor: Missing session instanceIds
02-19 22:55:06.830 19166 19166 D StatsLog: LAUNCHER_SPLIT_SELECTION_EXIT_INTERRUPTED
02-19 22:55:06.832  4449  4475 W HWUI    : Image decoding logging dropped!
02-19 22:55:06.832  4449  4467 D WindowManagerShell: setLauncherKeepClearAreaHeight: visible=false, height=527
02-19 22:55:06.845   752   797 V GrammaticalInflectionUtils: AttributionSource: android.content.AttributionSource@56784557 does not have READ_SYSTEM_GRAMMATICAL_GENDER permission.
02-19 22:55:06.859   458   458 D Zygote  : Forked child process 13094
02-19 22:55:06.860   752   806 I ActivityManager: Start proc 13094:viva.republica.toss.test/u0a217 for next-top-activity {viva.republica.toss.test/im.toss.rn.granite.core.GraniteActivity}
02-19 22:55:06.860   752   806 I ActivityManager: ProcessObserver broadcast disabled
02-19 22:55:06.861   752  1095 D BackgroundInstallControlService: Package event received: 0
02-19 22:55:06.869   615 17673 W IPCThreadState: Sending oneway calls to frozen process.
02-19 22:55:13.801   531   568 W EventThread: Faking VSYNC due to driver stall for thread app
02-19 22:55:13.801   531   569 W EventThread: Faking VSYNC due to driver stall for thread appSf
02-19 22:55:13.804   531   531 I BpBinder: onLastStrongRef automatically unlinking death recipients: 
02-19 22:55:13.809   752   797 W BLASTSyncEngine: Sync group 1255 timeout
02-19 22:55:13.820   752   797 I BLASTSyncEngine: Unfinished container: ActivityRecord{108943566 u0 viva.republica.toss.test/im.toss.rn.granite.core.GraniteActivity t229}
02-19 22:55:13.820   752   797 I BLASTSyncEngine:   Window{64db00b u0 Splash Screen viva.republica.toss.test} NO_SURFACE
02-19 22:55:13.820   752   797 I BLASTSyncEngine: Unfinished container: Task{2ec3ef #229 type=standard A=10217:viva.republica.toss.test}
02-19 22:55:13.820   752   797 I BLASTSyncEngine:   Window{64db00b u0 Splash Screen viva.republica.toss.test} NO_SURFACE
02-19 22:55:13.827   752   794 V WindowManager: Sent Transition (#1255) createdAt=02-19 22:55:06.811 via request=TransitionRequestInfo { type = OPEN, triggerTask = TaskInfo{userId=0 taskId=229 effectiveUid=10217 displayId=0 isRunning=true baseIntent=Intent { act=android.intent.action.VIEW dat=intoss://takealook/... flg=0x10000000 cmp=viva.republica.toss.test/im.toss.rn.granite.core.GraniteActivity } baseActivity=ComponentInfo{viva.republica.toss.test/im.toss.rn.granite.core.GraniteActivity} topActivity=ComponentInfo{viva.republica.toss.test/im.toss.rn.granite.core.GraniteActivity} origActivity=null realActivity=ComponentInfo{viva.republica.toss.test/im.toss.rn.granite.core.GraniteActivity} numActivities=1 lastActiveTime=120780670 supportsMultiWindow=true resizeMode=1 isResizeable=true minWidth=-1 minHeight=-1 defaultMinSize=220 token=WCT{RemoteToken{98c6432 Task{2ec3ef #229 type=standard A=10217:viva.republica.toss.test}}} topActivityType=1 pictureInPictureParams=null shouldDockBigOverlays=false launchIntoPipHostTaskId=-1 lastParentTaskIdBeforePip=-1 displayCutoutSafeInsets=Rect(0, 0 - 0, 0) topActivityInfo=ActivityInfo{7fa1583 im.toss.rn.granite.core.GraniteActivity} launchCookies=[] positionInParent=Point(0, 0) parentTaskId=-1 isFocused=false isVisible=false isVisibleRequested=false isTopActivityNoDisplay=false isSleeping=false locusId=null displayAreaFeatureId=1 isTopActivityTransparent=false isActivityStackTransparent=false lastNonFullscreenBounds=Rect(284, 660 - 796, 1740) capturedLink=null capturedLinkTimestamp=0 requestedVisibleTypes=-9 topActivityRequestOpenInBrowserEducationTimestamp=0 appCompatTaskInfo=AppCompatTaskInfo { topActivityInSizeCompat=false eligibleForLetterboxEducation= false isLetterboxEducationEnabled= true isLetterboxDoubleTapEnabled= false eligibleForUserAspectRatioButton= false topActivityBoundsLetterboxed= false isFromLetterboxDoubleTap= false topActivityLetterboxVerticalPosition= -1 topActivityLetterboxHorizontalPosition= -1 topActivityLetterboxWidth=-1 topActivityLetterboxHeight=-1 topActivityAppBounds=Rect(0, 0 - 1080, 2400) isUserFullscreenOverrideEnabled=false isSystemFullscreenOverrideEnabled=false hasMinAspectRatioOverride=false topActivityLetterboxBounds=null cameraCompatTaskInfo=CameraCompatTaskInfo { freeformCameraCompatMode=inactive}} topActivityMainWindowFrame=null}, pipChange = null, remoteTransition = null, displayChange = null, flags = 0, debugId = 1255 }
02-19 22:55:13.827   752   794 V WindowManager:     startWCT=WindowContainerTransaction { changes= {} hops= [] errorCallbackToken=null taskFragmentOrganizer=null }
02-19 22:55:13.827   752   794 V WindowManager:     info={id=1255 t=OPEN f=0x0 trk=0 r=[0@Point(0, 0)] c=[
02-19 22:55:13.827   752   794 V WindowManager:         {WCT{RemoteToken{98c6432 Task{2ec3ef #229 type=standard A=10217:viva.republica.toss.test}}} m=OPEN f=NONE leash=Surface(name=Task=229)/@0x79ba194 sb=Rect(0, 0 - 1080, 2400) eb=Rect(0, 0 - 1080, 2400) epz=Point(1080, 2400) d=0 taskParent=-1},
02-19 22:55:13.827   752   794 V WindowManager:         {WCT{RemoteToken{5218fe8 Task{dd43522 #1 type=home}}} m=TO_BACK f=SHOW_WALLPAPER leash=Surface(name=Task=1)/@0x8ddbd2e sb=Rect(0, 0 - 1080, 2400) eb=Rect(0, 0 - 1080, 2400) epz=Point(1080, 2400) d=0 taskParent=-1},
02-19 22:55:13.827   752   794 V WindowManager:         {m=TO_BACK f=IS_WALLPAPER leash=Surface(name=WallpaperWindowToken{35e0c0f showWhenLocked=false})/@0x512f5be sb=Rect(0, 0 - 1080, 2400) eb=Rect(0, 0 - 1080, 2400) epz=Point(1080, 2400) d=0}
02-19 22:55:13.827   752   794 V WindowManager:     ]}
02-19 22:55:13.827   752  1246 D CoreBackPreview: Window{64db00b u0 Splash Screen viva.republica.toss.test}: Setting back callback OnBackInvokedCallbackInfo{mCallback=android.window.IOnBackInvokedCallback$Stub$Proxy@e5b4300, mPriority=0, mIsAnimationCallback=false, mOverrideBehavior=0}
02-19 22:55:13.829  1336  1556 D SatelliteController: iisInCarrierRoamingNbIotNtn: satellite is disabled
02-19 22:55:13.834  4449 30775 V WindowManagerShell: onTransitionReady(transaction=3229815442383)
02-19 22:55:13.840 13094 13094 I blica.toss.test: Using CollectorTypeCMC GC.
02-19 22:55:13.850 13094 13094 W blica.toss.test: Unexpected CPU variant for x86: x86_64.
02-19 22:55:13.850 13094 13094 W blica.toss.test: Known variants: atom, sandybridge, silvermont, goldmont, goldmont-plus, goldmont-without-sha-xsaves, tremont, kabylake, alderlake, default
02-19 22:55:13.854 13094 13094 E blica.toss.test: Not starting debugger since process cannot load the jdwp agent.
02-19 22:55:13.857   752  1856 E TaskPersister: File error accessing recents directory (directory doesn't exist?).
02-19 22:55:13.868 13094 13094 D nativeloader: Load libframework-connectivity-tiramisu-jni.so using APEX ns com_android_tethering for caller /apex/com.android.tethering/javalib/framework-connectivity-t.jar: ok
02-19 22:55:13.873  4449  4467 V WindowManagerShell: onTransitionReady (#1255) android.os.BinderProxy@e7eab3f: {id=1255 t=OPEN f=0x0 trk=0 r=[0@Point(0, 0)] c=[
02-19 22:55:13.873  4449  4467 V WindowManagerShell:         {m=OPEN f=NONE leash=Surface(name=Task=229)/@0xe78ae09 sb=Rect(0, 0 - 1080, 2400) eb=Rect(0, 0 - 1080, 2400) epz=Point(1080, 2400) d=0 taskParent=-1},
02-19 22:55:13.873  4449  4467 V WindowManagerShell:         {m=TO_BACK f=SHOW_WALLPAPER leash=Surface(name=Task=1)/@0x25f080e sb=Rect(0, 0 - 1080, 2400) eb=Rect(0, 0 - 1080, 2400) epz=Point(1080, 2400) d=0 taskParent=-1},
02-19 22:55:13.873  4449  4467 V WindowManagerShell:         {m=TO_BACK f=IS_WALLPAPER leash=Surface(name=WallpaperWindowToken{35e0c0f showWhenLocked=false})/@0xfbee22f sb=Rect(0, 0 - 1080, 2400) eb=Rect(0, 0 - 1080, 2400) epz=Point(1080, 2400) d=0}
02-19 22:55:13.873  4449  4467 V WindowManagerShell:     ]}
02-19 22:55:13.874  4449  4467 V WindowManagerShell: Playing animation for (#1255) android.os.BinderProxy@e7eab3f@0
02-19 22:55:13.875  4449  4467 V ShellRecents: RecentsTransitionHandler.startAnimation: no controller found
02-19 22:55:13.875  4449  4467 V WindowManagerShell: Transition doesn't have explicit remote, search filters for match for {id=1255 t=OPEN f=0x0 trk=0 r=[0@Point(0, 0)] c=[{m=OPEN f=NONE leash=Surface(name=Task=229)/@0xe78ae09 sb=Rect(0, 0 - 1080, 2400) eb=Rect(0, 0 - 1080, 2400) epz=Point(1080, 2400) d=0 taskParent=-1},{m=TO_BACK f=SHOW_WALLPAPER leash=Surface(name=Task=1)/@0x25f080e sb=Rect(0, 0 - 1080, 2400) eb=Rect(0, 0 - 1080, 2400) epz=Point(1080, 2400) d=0 taskParent=-1},{m=TO_BACK f=IS_WALLPAPER leash=Surface(name=WallpaperWindowToken{35e0c0f showWhenLocked=false})/@0xfbee22f sb=Rect(0, 0 - 1080, 2400) eb=Rect(0, 0 - 1080, 2400) epz=Point(1080, 2400) d=0}]}
02-19 22:55:13.876  4449  4467 V WindowManagerShell:  Checking filter Pair{{types=[] flags=0x0] notFlags=0x0 checks=[{atype=undefined independent=true modes=[CLOSE,TO_BACK] flags=IN_TASK_WITH_EMBEDDED_ACTIVITY mustBeTask=false order=ANY topActivity=null launchCookie=null taskFragmentToken=android.os.BinderProxy@71546f0 windowingMode=undefined}]} RemoteTransition { remoteTransition = android.window.IRemoteTransition$Stub$Proxy@d4c8469, appThread = android.app.IApplicationThread$Stub$Proxy@c228eee, debugName = overlayBackTransition }}
02-19 22:55:13.876  4449  4467 V WindowManagerShell:  Checking filter Pair{{types=[] flags=0x0] notFlags=0x0 checks=[{atype=dream independent=true modes=[OPEN,TO_FRONT] flags=NONE mustBeTask=false order=ANY topActivity=null launchCookie=null windowingMode=undefined},{atype=home independent=true modes=[CLOSE,TO_BACK] flags=NONE mustBeTask=false order=ANY topActivity=null launchCookie=null windowingMode=undefined}]} RemoteTransition { remoteTransition = android.window.IRemoteTransition$Stub$Proxy@c578f8f, appThread = android.app.IApplicationThread$Stub$Proxy@69fe21c, debugName = LauncherToDream }}
02-19 22:55:13.890  4449  4467 V WindowManagerShell:  Checking filter Pair{{types=[] flags=0x0] notFlags=0x100 checks=[{atype=home independent=true modes=[OPEN,TO_FRONT] flags=NONE mustBeTask=false order=TOP topActivity=ComponentInfo{com.google.android.apps.nexuslauncher/com.google.android.apps.nexuslauncher.NexusLauncherActivity} launchCookie=null windowingMode=undefined},{atype=standard independent=true modes=[CLOSE,TO_BACK] flags=NONE mustBeTask=false order=ANY topActivity=null launchCookie=null windowingMode=undefined},{NOT atype=undefined independent=true modes=[] flags=NONE mustBeTask=true order=ANY topActivity=null launchCookie=null customAnim=true windowingMode=undefined}]} RemoteTransition { remoteTransition = android.window.IRemoteTransition$Stub$Proxy@69ffe25, appThread = android.app.IApplicationThread$Stub$Proxy@72cabfa, debugName = QuickstepLaunchHome }}
02-19 22:55:13.891  4449  4467 V WindowManagerShell:  Checking filter Pair{{types=[] flags=0x0] notFlags=0x0 checks=[{atype=undefined independent=true modes=[CLOSE,TO_BACK] flags=IN_TASK_WITH_EMBEDDED_ACTIVITY mustBeTask=false order=ANY topActivity=null launchCookie=null taskFragmentToken=android.os.BinderProxy@71546f0 windowingMode=undefined}]} RemoteTransition { remoteTransition = android.window.IRemoteTransition$Stub$Proxy@7c795ab, appThread = android.app.IApplicationThread$Stub$Proxy@cd70408, debugName = overlayBackTransition }}
02-19 22:55:13.891  4449  4467 V WindowManagerShell:  Checking filter Pair{{types=[] flags=0x0] notFlags=0x0 checks=[{atype=dream independent=true modes=[OPEN,TO_FRONT] flags=NONE mustBeTask=false order=ANY topActivity=null launchCookie=null windowingMode=undefined},{atype=home independent=true modes=[CLOSE,TO_BACK] flags=NONE mustBeTask=false order=ANY topActivity=null launchCookie=null windowingMode=undefined}]} RemoteTransition { remoteTransition = android.window.IRemoteTransition$Stub$Proxy@f757a1, appThread = android.app.IApplicationThread$Stub$Proxy@d898dc6, debugName = LauncherToDream }}
02-19 22:55:13.892  4449  4467 V WindowManagerShell:  Checking filter Pair{{types=[] flags=0x0] notFlags=0x100 checks=[{atype=home independent=true modes=[OPEN,TO_FRONT] flags=NONE mustBeTask=false order=TOP topActivity=ComponentInfo{com.google.android.apps.nexuslauncher/com.google.android.apps.nexuslauncher.NexusLauncherActivity} launchCookie=null windowingMode=undefined},{atype=standard independent=true modes=[CLOSE,TO_BACK] flags=NONE mustBeTask=false order=ANY topActivity=null launchCookie=null windowingMode=undefined},{NOT atype=undefined independent=true modes=[] flags=NONE mustBeTask=true order=ANY topActivity=null launchCookie=null customAnim=true windowingMode=undefined}]} RemoteTransition { remoteTransition = android.window.IRemoteTransition$Stub$Proxy@9e7e187, appThread = android.app.IApplicationThread$Stub$Proxy@3dc58b4, debugName = QuickstepLaunchHome }}
02-19 22:55:13.892  4449  4467 V WindowManagerShell:  Delegate animation for (#1255) to null
02-19 22:55:13.892  4449  4467 V WindowManagerShell: start default transition animation, info = {id=1255 t=OPEN f=0x0 trk=0 r=[0@Point(0, 0)] c=[{m=OPEN f=NONE leash=Surface(name=Task=229)/@0xe78ae09 sb=Rect(0, 0 - 1080, 2400) eb=Rect(0, 0 - 1080, 2400) epz=Point(1080, 2400) d=0 taskParent=-1},{m=TO_BACK f=SHOW_WALLPAPER leash=Surface(name=Task=1)/@0x25f080e sb=Rect(0, 0 - 1080, 2400) eb=Rect(0, 0 - 1080, 2400) epz=Point(1080, 2400) d=0 taskParent=-1},{m=TO_BACK f=IS_WALLPAPER leash=Surface(name=WallpaperWindowToken{35e0c0f showWhenLocked=false})/@0xfbee22f sb=Rect(0, 0 - 1080, 2400) eb=Rect(0, 0 - 1080, 2400) epz=Point(1080, 2400) d=0}]}
02-19 22:55:13.895  4449  4467 V WindowManagerShell: loadAnimation: anim=android.view.animation.AnimationSet@f52e827 animAttr=0x13 type=OPEN isEntrance=false
02-19 22:55:13.898   752  1095 D BackgroundInstallControlService: Package event received: 0
02-19 22:55:13.907  4449  4467 V WindowManagerShell: loadAnimation: anim=android.view.animation.AnimationSet@a29ef72 animAttr=0x12 type=OPEN isEntrance=true
02-19 22:55:13.911  4449  4467 V WindowManagerShell:  animated by com.android.wm.shell.transition.DefaultTransitionHandler@f74d823
02-19 22:55:13.927 13094 13094 D ApplicationLoaders: Returning zygote-cached class loader: /system_ext/framework/androidx.window.extensions.jar
02-19 22:55:13.928 13094 13094 D ApplicationLoaders: Returning zygote-cached class loader: /system_ext/framework/androidx.window.sidecar.jar
02-19 22:55:13.942 13094 13094 D nativeloader: Configuring clns-9 for other apk /data/app/~~NUQj-rdXzuicW-16SIRtKA==/viva.republica.toss.test-Si406wFvb_sqEA2GTBV6RQ==/base.apk. target_sdk_version=35, uses_libraries=, library_path=/data/app/~~NUQj-rdXzuicW-16SIRtKA==/viva.republica.toss.test-Si406wFvb_sqEA2GTBV6RQ==/lib/x86_64:/data/app/~~NUQj-rdXzuicW-16SIRtKA==/viva.republica.toss.test-Si406wFvb_sqEA2GTBV6RQ==/base.apk!/lib/x86_64, permitted_path=/data:/mnt/expand:/data/user/0/viva.republica.toss.test
02-19 22:55:13.945 13094 13094 D CompatChangeReporter: Compat change id reported: 202956589; UID 10217; state: ENABLED
02-19 22:55:13.949 13094 13094 I blica.toss.test: AssetManager2(0x7d8fac428e58) locale list changing from [] to [en-US]
02-19 22:55:13.956 13094 13094 V GraphicsEnvironment: Currently set values for:
02-19 22:55:13.956 13094 13094 V GraphicsEnvironment:   angle_gl_driver_selection_pkgs=[]
02-19 22:55:13.957 13094 13094 V GraphicsEnvironment:   angle_gl_driver_selection_values=[]
02-19 22:55:13.957 13094 13094 V GraphicsEnvironment: viva.republica.toss.test is not listed in per-application setting
02-19 22:55:13.957 13094 13094 V GraphicsEnvironment: ANGLE allowlist from config: com.dreamgames.royalmatch com.dts.freefiremax com.dxx.firenow com.gramgames.mergedragons com.ludo.king com.mojang.minecraftpe com.my.defense com.nintendo.zaka com.os.airforce com.playrix.fishdomdd.gplay io.teslatech.callbreak jp.konami.prospia net.peakgames.toonblast
02-19 22:55:13.957 13094 13094 V GraphicsEnvironment: viva.republica.toss.test is not listed in ANGLE allowlist or settings, returning default
02-19 22:55:13.957 13094 13094 V GraphicsEnvironment: Neither updatable production driver nor prerelease driver is supported.
02-19 22:55:13.992 13094 13094 D CompatChangeReporter: Compat change id reported: 279646685; UID 10217; state: ENABLED
02-19 22:55:14.033 13094 13094 D nativeloader: Load /data/app/~~NUQj-rdXzuicW-16SIRtKA==/viva.republica.toss.test-Si406wFvb_sqEA2GTBV6RQ==/lib/x86_64/libmmkv.so using class loader ns clns-9 (caller=/data/app/~~NUQj-rdXzuicW-16SIRtKA==/viva.republica.toss.test-Si406wFvb_sqEA2GTBV6RQ==/base.apk): ok
02-19 22:55:14.039 13094 13094 I blica.toss.test: AssetManager2(0x7d8fac426f18) locale list changing from [] to [en-US]
02-19 22:55:14.039 13094 13094 I WebViewFactory: Loading com.google.android.webview version 133.0.6943.137 (code 694313738)
02-19 22:55:14.040 13094 13094 I blica.toss.test: AssetManager2(0x7d8fac427878) locale list changing from [] to [en-US]
02-19 22:55:14.040 13094 13094 I blica.toss.test: AssetManager2(0x7d8fac4284f8) locale list changing from [] to [en-US]
02-19 22:55:14.041 13094 13094 V ResourcesManager: The following library key has been added: ResourcesKey{ mHash=a24a3099 mResDir=null mSplitDirs=[] mOverlayDirs=[] mLibDirs=[/data/app/~~86wu-kVgQoavtKNPNhKNpg==/com.google.android.webview-1KjOBROVBHjUvpUZHW2m2g==/WebViewGoogle.apk,/data/app/~~zfNTtjjfT5QjKD_7Ux4KKQ==/com.google.android.trichromelibrary_694313738-AgzLRnDhHPFXke_9IsnuqA==/TrichromeLibrary.apk] mDisplayId=0 mOverrideConfig=v36 mCompatInfo={420dpi always-compat} mLoaders=[]}
02-19 22:55:14.044 13094 13094 W blica.toss.test: Failed to find entry 'classes.dex': Entry not found
02-19 22:55:14.045 13094 13094 D nativeloader: Configuring clns-10 for other apk /data/app/~~zfNTtjjfT5QjKD_7Ux4KKQ==/com.google.android.trichromelibrary_694313738-AgzLRnDhHPFXke_9IsnuqA==/TrichromeLibrary.apk. target_sdk_version=34, uses_libraries=ALL, library_path=/data/app/~~86wu-kVgQoavtKNPNhKNpg==/com.google.android.webview-1KjOBROVBHjUvpUZHW2m2g==/lib/x86_64:/data/app/~~86wu-kVgQoavtKNPNhKNpg==/com.google.android.webview-1KjOBROVBHjUvpUZHW2m2g==/WebViewGoogle.apk!/lib/x86_64:/data/app/~~zfNTtjjfT5QjKD_7Ux4KKQ==/com.google.android.trichromelibrary_694313738-AgzLRnDhHPFXke_9IsnuqA==/TrichromeLibrary.apk!/lib/x86_64, permitted_path=/data:/mnt/expand
02-19 22:55:14.045 13094 13094 D ApplicationLoaders: Returning zygote-cached class loader: /system_ext/framework/androidx.window.extensions.jar
02-19 22:55:14.047 13094 13094 D nativeloader: Configuring clns-11 for other apk /data/app/~~86wu-kVgQoavtKNPNhKNpg==/com.google.android.webview-1KjOBROVBHjUvpUZHW2m2g==/WebViewGoogle.apk. target_sdk_version=34, uses_libraries=, library_path=/data/app/~~86wu-kVgQoavtKNPNhKNpg==/com.google.android.webview-1KjOBROVBHjUvpUZHW2m2g==/lib/x86_64:/data/app/~~86wu-kVgQoavtKNPNhKNpg==/com.google.android.webview-1KjOBROVBHjUvpUZHW2m2g==/WebViewGoogle.apk!/lib/x86_64:/data/app/~~zfNTtjjfT5QjKD_7Ux4KKQ==/com.google.android.trichromelibrary_694313738-AgzLRnDhHPFXke_9IsnuqA==/TrichromeLibrary.apk!/lib/x86_64, permitted_path=/data:/mnt/expand
02-19 22:55:14.056 13094 13109 E ashmem  : Pinning is deprecated since Android Q. Please use trim or other methods.
02-19 22:55:14.126 13094 13094 I cr_WVCFactoryProvider: version=133.0.6943.137 (694313738) minSdkVersion=29 isBundle=false multiprocess=true packageId=2
02-19 22:55:14.159 13094 13094 D nativeloader: Load /data/app/~~zfNTtjjfT5QjKD_7Ux4KKQ==/com.google.android.trichromelibrary_694313738-AgzLRnDhHPFXke_9IsnuqA==/TrichromeLibrary.apk!/lib/x86_64/libmonochrome_64.so using class loader ns clns-11 (caller=/data/app/~~86wu-kVgQoavtKNPNhKNpg==/com.google.android.webview-1KjOBROVBHjUvpUZHW2m2g==/WebViewGoogle.apk): ok
02-19 22:55:14.162 13094 13094 D nativeloader: Load /system/lib64/libwebviewchromium_plat_support.so using class loader ns clns-11 (caller=/data/app/~~86wu-kVgQoavtKNPNhKNpg==/com.google.android.webview-1KjOBROVBHjUvpUZHW2m2g==/WebViewGoogle.apk): ok
02-19 22:55:14.168 13094 13113 E chromium: [0219/225514.167202:ERROR:variations_seed_loader.cc(39)] Seed missing signature.
02-19 22:55:14.168 13094 13113 I chromium: [0219/225514.168466:INFO:variations_seed_loader.cc(67)] Failed to open file for reading.: No such file or directory (2)
02-19 22:55:14.171 13094 13109 D nativeloader: Configuring clns-12 for other apk . target_sdk_version=35, uses_libraries=ALL, library_path=/data/app/~~NUQj-rdXzuicW-16SIRtKA==/viva.republica.toss.test-Si406wFvb_sqEA2GTBV6RQ==/lib/x86_64:/data/app/~~NUQj-rdXzuicW-16SIRtKA==/viva.republica.toss.test-Si406wFvb_sqEA2GTBV6RQ==/base.apk!/lib/x86_64, permitted_path=/data:/mnt/expand
02-19 22:55:14.175 13094 13109 D nativeloader: Load /data/app/~~NUQj-rdXzuicW-16SIRtKA==/viva.republica.toss.test-Si406wFvb_sqEA2GTBV6RQ==/lib/x86_64/libdceb.so using isolated ns clns-12 (caller=/data/user/0/viva.republica.toss.test/Anonymous-DexFile@1467667017.jar): ok
02-19 22:55:14.194 13094 13094 I cr_LibraryLoader: Successfully loaded native library
02-19 22:55:14.196 13094 13094 I cr_CachingUmaRecorder: Flushed 6 samples from 6 histograms, 0 samples were dropped.
02-19 22:55:14.197  4449  4467 V WindowManagerShell: Transition animation finished (aborted=false), notifying core (#1255) android.os.BinderProxy@e7eab3f@0
02-19 22:55:14.200   752   794 V WindowManager: Finish Transition (#1255): created at 02-19 22:55:06.811 collect-started=0.21ms request-sent=12.012ms started=14.3ms ready=-1.2078065856E8ms sent=7014.144ms commit=107.46ms finished=7387.12ms
02-19 22:55:14.204  4449  4467 V WindowManagerShell: Track 0 became idle
02-19 22:55:14.204  4449  4467 V WindowManagerShell: All active transition animations finished
02-19 22:55:14.204 13094 13094 I cr_CombinedPProvider: #registerProvider() provider:WV.C8@88ca54d isPolicyCacheEnabled:false policyProvidersSize:0
02-19 22:55:14.205 19166 19166 D VRI[NexusLauncherActivity]: visibilityChanged oldVisibility=true newVisibility=false
02-19 22:55:14.205 13094 13094 I cr_PolicyProvider: #setManagerAndSource() 0
02-19 22:55:14.211   752  1848 V GrammaticalInflectionUtils: AttributionSource: android.content.AttributionSource@187f54b9 does not have READ_SYSTEM_GRAMMATICAL_GENDER permission.
02-19 22:55:14.219  1263  1263 D Zygote  : Forked child process 13118
02-19 22:55:14.220 13094 13094 I cr_CombinedPProvider: #linkNativeInternal() 1
02-19 22:55:14.222 13094 13094 I cr_AppResProvider: #getApplicationRestrictionsFromUserManager() Bundle[EMPTY_PARCEL]
02-19 22:55:14.222 13094 13094 I cr_PolicyProvider: #notifySettingsAvailable() 0
02-19 22:55:14.222 13094 13094 I cr_CombinedPProvider: #onSettingsAvailable() 0
02-19 22:55:14.222 13094 13094 I cr_CombinedPProvider: #flushPolicies()
02-19 22:55:14.228 13118 13118 I ocessService0:0: Using CollectorTypeCMC GC.
02-19 22:55:14.230 13118 13118 W ocessService0:0: Unexpected CPU variant for x86: x86_64.
02-19 22:55:14.230 13118 13118 W ocessService0:0: Known variants: atom, sandybridge, silvermont, goldmont, goldmont-plus, goldmont-without-sha-xsaves, tremont, kabylake, alderlake, default
02-19 22:55:14.235 13118 13118 E ocessService0:0: Not starting debugger since process cannot load the jdwp agent.
02-19 22:55:14.239 13118 13118 D nativeloader: Load libframework-connectivity-tiramisu-jni.so using APEX ns com_android_tethering for caller /apex/com.android.tethering/javalib/framework-connectivity-t.jar: ok
02-19 22:55:14.256 13094 13094 I blica.toss.test: AssetManager2(0x7d8fac42f578) locale list changing from [] to [en-US]
02-19 22:55:14.263 13094 13094 I blica.toss.test: AssetManager2(0x7d8fac431198) locale list changing from [] to [en-US]
02-19 22:55:14.266 13094 13094 D DesktopModeFlags: Toggle override initialized to: OVERRIDE_UNSET
02-19 22:55:14.267 13094 13094 I DisplayManager: Implicitly registering for refresh rate
02-19 22:55:18.983   531   568 W EventThread: Faking VSYNC due to driver stall for thread app
02-19 22:55:18.984   531   569 W EventThread: Faking VSYNC due to driver stall for thread appSf
02-19 22:55:18.984 19166 19204 W HWUI    : dequeueBuffer failed, error = -110; switching to fallback
02-19 22:55:18.992  4449  4530 I Choreographer: Skipped 287 frames!  The application may be doing too much work on its main thread.
02-19 22:55:18.986   752   797 W ActivityTaskManager: Launch timeout has expired, giving up wake lock!
02-19 22:55:19.017   752   806 W ActivityManager: Slow operation: 4805ms so far, now at startProcess: returned from zygote!
02-19 22:55:19.026 19166 19166 D NexusLauncherModelDelegate: notifySmartspaceEvent: SmartspaceTargetEvent{mSmartspaceTarget=null, mSmartspaceActionId='null', mEventType=7}
02-19 22:55:19.072   752  1848 D ActivityManager: sync unfroze 3453 com.google.android.gms for 4
02-19 22:55:19.076   752  1095 D BackgroundInstallControlService: Package event received: 0
02-19 22:55:19.076   752  1095 D BackgroundInstallControlService: Package event received: 0
02-19 22:55:19.107 13141 13141 W dumpsys : Thread Pool max thread count is 0. Cannot cache binder as linkToDeath cannot be implemented. serviceName: package
02-19 22:55:19.196   752  1848 D ActivityManager: sync unfroze 19829 com.android.vending for 4
02-19 22:55:19.176 19829 19829 I Finsky  : [2] Memory trim requested to level 40
02-19 22:55:19.202 19829 19829 I Finsky  : [2] Flushing in-memory image cache
02-19 22:55:19.208 19829 19965 I Finsky  : [69] Current account updated in PVS
02-19 22:55:19.209   752  1095 D BackgroundInstallControlService: Package event received: 0
02-19 22:55:19.214   752  1246 W ActivityManager: Slow operation: 5002ms so far, now at startProcess: done updating battery stats
02-19 22:55:19.214   752  1246 W ActivityManager: Slow operation: 5003ms so far, now at startProcess: building log message
02-19 22:55:19.214   752  1246 I ActivityManager: Start proc 13118:com.google.android.webview:sandboxed_process0:org.chromium.content.app.SandboxedProcessService0:0/u0i143 for  {viva.republica.toss.test/org.chromium.content.app.SandboxedProcessService0:0}
02-19 22:55:19.214   752  1246 W ActivityManager: Slow operation: 5003ms so far, now at startProcess: starting to update pids map
02-19 22:55:19.214   752  1246 I ActivityManager: ProcessObserver broadcast disabled
02-19 22:55:19.214   752  1246 W ActivityManager: Slow operation: 5003ms so far, now at startProcess: done updating pids map
02-19 22:55:19.258 13118 13118 D CompatChangeReporter: Compat change id reported: 242716250; UID 99143; state: ENABLED
02-19 22:55:19.270 19829 19829 I Finsky  : [2] Memory trim requested to level 40
02-19 22:55:19.272 19829 19829 I Finsky  : [2] Flushing in-memory image cache
02-19 22:55:19.288 19829 19966 I Finsky  : [70] Current account updated in PVS
02-19 22:55:19.322 13118 13118 D ApplicationLoaders: Returning zygote-cached class loader: /system_ext/framework/androidx.window.extensions.jar
