02-19 22:55:19.325 13118 13118 I ocessService0:0: AssetManager2(0x7d8fac42ba18) locale list changing from [] to [en-US]
02-19 22:55:19.330 13118 13118 I LoadedApk: No resource references to update in package com.google.android.trichromelibrary
02-19 22:55:19.335 13118 13118 I cr_WebViewApkApp: version=133.0.6943.137 (694313738) minSdkVersion=29 isBundle=false processName=com.google.android.webview:sandboxed_process0:org.chromium.content.app.SandboxedProcessService0:0
02-19 22:55:19.383   752  1095 D BackgroundInstallControlService: Package event received: 0
02-19 22:55:19.395   752  2419 D ActivityManager: sync unfroze 19378 com.google.android.webview:webview_service for 6
02-19 22:55:19.398   752  2419 W IPCThreadState: Sending oneway calls to frozen process.
02-19 22:55:19.399   752  1095 D BackgroundInstallControlService: Package event received: 0
02-19 22:55:19.424 13118 13118 I cr_ChildProcessService: Creating new ChildProcessService pid=13118
02-19 22:55:19.427   752  1848 D ActivityManager: sync unfroze 4656 com.google.android.adservices.api for 4
02-19 22:55:19.432   752  1095 D BackgroundInstallControlService: Package event received: 0
02-19 22:55:19.432   752  1095 D BackgroundInstallControlService: Package event received: 0
02-19 22:55:19.471 13094 13156 D nativeloader: Load /data/app/~~NUQj-rdXzuicW-16SIRtKA==/viva.republica.toss.test-Si406wFvb_sqEA2GTBV6RQ==/lib/x86_64/libbugsnag-root-detection.so using class loader ns clns-9 (caller=/data/app/~~NUQj-rdXzuicW-16SIRtKA==/viva.republica.toss.test-Si406wFvb_sqEA2GTBV6RQ==/base.apk): ok
02-19 22:55:19.477   752  2419 W ProcessStats: Tracking association SourceState{124a4c4 viva.republica.toss.test/10217 BTop #30071} whose proc state 2 is better than process ProcessState{753bac8 com.google.android.webview:webview_service/10168 pkg=com.google.android.webview} proc state 15 (5 skipped)
02-19 22:55:19.496   752  2419 D FileUtils: Rounded bytes from 2067259392 to 4000000000
02-19 22:55:19.504 13027 13031 I artd    : GetBestInfo: odex next to the dex file (/data/app/~~O-UZzK0jUU9NLgS3MODOZA==/com.google.android.gms-YQ2L6GsYyKuvu9MvIBK1EQ==/oat/x86_64/base.odex) is kOatUpToDate with filter 'speed-profile' executable 'false'
02-19 22:55:19.507 13027 13031 I artd    : GetBestInfo: odex next to the dex file (/data/app/~~O-UZzK0jUU9NLgS3MODOZA==/com.google.android.gms-YQ2L6GsYyKuvu9MvIBK1EQ==/oat/x86_64/split_AdsDynamite_installtime.odex) is kOatUpToDate with filter 'speed' executable 'false'
02-19 22:55:19.510 13027 13031 I artd    : GetBestInfo: odex next to the dex file (/data/app/~~O-UZzK0jUU9NLgS3MODOZA==/com.google.android.gms-YQ2L6GsYyKuvu9MvIBK1EQ==/oat/x86_64/split_CronetDynamite_installtime.odex) is kOatUpToDate with filter 'speed' executable 'false'
02-19 22:55:19.513 13027 13031 I artd    : GetBestInfo: odex next to the dex file (/data/app/~~O-UZzK0jUU9NLgS3MODOZA==/com.google.android.gms-YQ2L6GsYyKuvu9MvIBK1EQ==/oat/x86_64/split_DynamiteLoader_installtime.odex) is kOatUpToDate with filter 'speed' executable 'false'
02-19 22:55:19.515 13027 13031 I artd    : GetBestInfo: odex next to the dex file (/data/app/~~O-UZzK0jUU9NLgS3MODOZA==/com.google.android.gms-YQ2L6GsYyKuvu9MvIBK1EQ==/oat/x86_64/split_DynamiteModulesA_installtime.odex) is kOatUpToDate with filter 'speed' executable 'false'
02-19 22:55:19.528  4656 13161 W adservices: Skip logging because Cobalt is disabled.
02-19 22:55:19.528 13027 13031 I artd    : GetBestInfo: odex next to the dex file (/data/app/~~O-UZzK0jUU9NLgS3MODOZA==/com.google.android.gms-YQ2L6GsYyKuvu9MvIBK1EQ==/oat/x86_64/split_DynamiteModulesC_installtime.odex) is kOatUpToDate with filter 'speed' executable 'false'
02-19 22:55:19.531 13027 13031 I artd    : GetBestInfo: odex next to the dex file (/data/app/~~O-UZzK0jUU9NLgS3MODOZA==/com.google.android.gms-YQ2L6GsYyKuvu9MvIBK1EQ==/oat/x86_64/split_GoogleCertificates_installtime.odex) is kOatUpToDate with filter 'speed' executable 'false'
02-19 22:55:19.534 13027 13031 I artd    : GetBestInfo: odex next to the dex file (/data/app/~~O-UZzK0jUU9NLgS3MODOZA==/com.google.android.gms-YQ2L6GsYyKuvu9MvIBK1EQ==/oat/x86_64/split_MapsDynamite_installtime.odex) is kOatUpToDate with filter 'speed' executable 'false'
02-19 22:55:19.541 13027 13031 I artd    : GetBestInfo: odex next to the dex file (/data/app/~~O-UZzK0jUU9NLgS3MODOZA==/com.google.android.gms-YQ2L6GsYyKuvu9MvIBK1EQ==/oat/x86_64/split_MeasurementDynamite_installtime.odex) is kOatUpToDate with filter 'speed' executable 'false'
02-19 22:55:19.544 13027 13031 I artd    : GetBestInfo: /data/app/~~O-UZzK0jUU9NLgS3MODOZA==/com.google.android.gms-YQ2L6GsYyKuvu9MvIBK1EQ==/split_maps_core_dynamite_ondemand.apk has no usable artifacts
02-19 22:55:19.546 13027 13031 I artd    : GetBestInfo: /data/user_de/0/com.google.android.gms/app_chimera/m/0000000c/dl-Appsearch.optional_250834100800.apk has no usable artifacts
02-19 22:55:19.547 13027 13031 I artd    : GetBestInfo: /data/user_de/0/com.google.android.gms/app_chimera/m/00000001/CronetDynamite.apk has no usable artifacts
02-19 22:55:19.547 13027 13031 I artd    : GetBestInfo: /data/user_de/0/com.google.android.gms/app_chimera/m/00000002/DynamiteLoader.apk has no usable artifacts
02-19 22:55:19.548 13027 13031 I artd    : GetBestInfo: /data/user_de/0/com.google.android.gms/app_chimera/m/00000005/GoogleCertificates.apk has no usable artifacts
02-19 22:55:19.550 13027 13031 I artd    : GetBestInfo: /data/user_de/0/com.google.android.gms/app_chimera/m/00000009/dl-TfliteDynamiteDynamite.integ_252130102100800.apk has no usable artifacts
02-19 22:55:19.550 13094 13154 D nativeloader: Load /data/app/~~NUQj-rdXzuicW-16SIRtKA==/viva.republica.toss.test-Si406wFvb_sqEA2GTBV6RQ==/lib/x86_64/libbugsnag-ndk.so using class loader ns clns-9 (caller=<unknown>): ok
02-19 22:55:19.554 13027 13031 I artd    : GetBestInfo: vdex next to the dex file (/data/user/0/com.google.android.gms/app_dg_cache/BF7C023AB90CCF01D1F467FC1CEBAF866511FF29/oat/x86_64/the.vdex) is kOatUpToDate with filter 'verify' executable 'false'
02-19 22:55:19.557 13027 13031 I artd    : GetBestInfo: /data/user_de/0/com.google.android.gms/app_chimera/m/00000010/dl-PlayCloudSearch.optional_250834100000.apk has no usable artifacts
02-19 22:55:19.561 13027 13031 I artd    : GetBestInfo: /data/user_de/0/com.google.android.gms/app_chimera/m/00000017/dl-PlayCloudSearch.optional_260438100000.apk has no usable artifacts
02-19 22:55:19.563 13027 13031 I artd    : GetBestInfo: /data/user_de/0/com.google.android.gms/app_chimera/m/00000015/dl-MlkitOcrCommon.optional_260438100800.apk has no usable artifacts
02-19 22:55:19.565 13027 13031 I artd    : GetBestInfo: /data/user_de/0/com.google.android.gms/app_chimera/m/00000013/dl-MlkitBarcodeUi.optional_260438100800.apk has no usable artifacts
02-19 22:55:19.567  4656 13160 W adservices: Skip logging because Cobalt logger is null
02-19 22:55:19.568 13027 13031 I artd    : GetBestInfo: /data/user_de/0/com.google.android.gms/app_chimera/m/0000000f/dl-MlkitOcrCommon.optional_250834100800.apk has no usable artifacts
02-19 22:55:19.570 13027 13031 I artd    : GetBestInfo: /data/user_de/0/com.google.android.gms/app_chimera/m/0000000d/dl-VisionOcr.optional_250834100000.apk has no usable artifacts
02-19 22:55:19.572 13027 13031 I artd    : GetBestInfo: /data/user_de/0/com.google.android.gms/app_chimera/m/0000000a/dl-MlkitBarcodeUi.optional_250834100800.apk has no usable artifacts
02-19 22:55:19.574 13027 13031 I artd    : GetBestInfo: /data/user_de/0/com.google.android.gms/app_chimera/m/00000011/dl-VisionOcr.optional_260438100000.apk has no usable artifacts
02-19 22:55:19.575 13027 13031 I artd    : GetBestInfo: /data/user_de/0/com.google.android.gms/app_chimera/m/00000012/dl-Appsearch.optional_260438100800.apk has no usable artifacts
02-19 22:55:19.578 13027 13031 I artd    : GetBestInfo: vdex next to the dex file (/data/user/0/com.google.android.gms/app_dg_cache/94DF452EEF4B8E717545DCDEA6CC3C50A319A195/oat/x86_64/the.vdex) is kOatUpToDate with filter 'verify' executable 'false'
02-19 22:55:19.578   752  2419 D FileUtils: Rounded bytes from 2067259392 to 4000000000
02-19 22:55:19.579 13094 13094 W BugsnagNDK: Initialization complete!
02-19 22:55:19.579 13027 13031 I artd    : GetBestInfo: /data/user_de/0/com.google.android.gms/app_chimera/m/00000007/MeasurementDynamite.apk has no usable artifacts
02-19 22:55:19.580 13027 13031 I artd    : GetBestInfo: /data/user_de/0/com.google.android.gms/app_chimera/m/00000018/dl-AdsFdrDynamite.integ_254380203100000.apk has no usable artifacts
02-19 22:55:19.586 13094 13154 D nativeloader: Load /data/app/~~NUQj-rdXzuicW-16SIRtKA==/viva.republica.toss.test-Si406wFvb_sqEA2GTBV6RQ==/lib/x86_64/libbugsnag-plugin-android-anr.so using class loader ns clns-9 (caller=<unknown>): ok
02-19 22:55:19.627   752   775 I system_server: Background concurrent mark compact GC freed 25MB AllocSpace bytes, 59(1388KB) LOS objects, 41% free, 33MB/57MB, paused 8.429ms,3.011ms total 479.199ms
02-19 22:55:19.692 13094 13094 W System.err: SLF4J: No SLF4J providers were found.
02-19 22:55:19.692 13094 13094 W System.err: SLF4J: Defaulting to no-operation (NOP) logger implementation
02-19 22:55:19.692 13094 13094 W System.err: SLF4J: See https://www.slf4j.org/codes.html#noProviders for further details.
02-19 22:55:19.695   752  1456 D ConnectivityService: requestNetwork for uid/pid:10217/13094 activeRequest: null callbackRequest: 1285 [NetworkRequest [ REQUEST id=1286, [ Capabilities: INTERNET&NOT_RESTRICTED&TRUSTED&NOT_VCN_MANAGED&NOT_BANDWIDTH_CONSTRAINED Uid: 10217 RequestorUid: 10217 RequestorPkg: viva.republica.toss.test UnderlyingNetworks: Null] ]] callback flags: 0 order: 2147483647 isUidTracked: false declaredMethods: AVAIL|UNAVAIL
02-19 22:55:19.698   752  1029 D ConnectivityService: NetReassign [1286 : null  108] [c 1] [a 1] [i 1]
02-19 22:55:19.712   752  2505 W OptProp : Cannot read opt property android.window.PROPERTY_COMPAT_ENABLE_FAKE_FOCUS
02-19 22:55:19.713   752  2505 D CompatChangeReporter: Compat change id reported: 324203798; UID 10217; state: ENABLED
02-19 22:55:19.745   752  1023 D OemPaidWifiNetworkFactory: got request NetworkRequest [ REQUEST id=1286, [ Capabilities: INTERNET&NOT_RESTRICTED&TRUSTED&NOT_VCN_MANAGED&NOT_BANDWIDTH_CONSTRAINED Uid: 10217 RequestorUid: 10217 RequestorPkg: viva.republica.toss.test UnderlyingNetworks: Null] ]
02-19 22:55:19.746   752  1023 D MultiInternetWifiNetworkFactory: got request NetworkRequest [ REQUEST id=1286, [ Capabilities: INTERNET&NOT_RESTRICTED&TRUSTED&NOT_VCN_MANAGED&NOT_BANDWIDTH_CONSTRAINED Uid: 10217 RequestorUid: 10217 RequestorPkg: viva.republica.toss.test UnderlyingNetworks: Null] ]
02-19 22:55:19.746   752  1023 D WifiNetworkFactory: got request NetworkRequest [ REQUEST id=1286, [ Capabilities: INTERNET&NOT_RESTRICTED&TRUSTED&NOT_VCN_MANAGED&NOT_BANDWIDTH_CONSTRAINED Uid: 10217 RequestorUid: 10217 RequestorPkg: viva.republica.toss.test UnderlyingNetworks: Null] ]
02-19 22:55:19.746   752  1023 D UntrustedWifiNetworkFactory: got request NetworkRequest [ REQUEST id=1286, [ Capabilities: INTERNET&NOT_RESTRICTED&TRUSTED&NOT_VCN_MANAGED&NOT_BANDWIDTH_CONSTRAINED Uid: 10217 RequestorUid: 10217 RequestorPkg: viva.republica.toss.test UnderlyingNetworks: Null] ]
02-19 22:55:19.776   752  2505 W ActivityManager: Slow operation: 65ms so far, now at finishAttachApplicationInner: after mServices.attachApplicationLocked
02-19 22:55:19.776   752  2505 W ActivityManager: Slow operation: 65ms so far, now at finishAttachApplicationInner: after dispatching broadcasts
02-19 22:55:19.784 13094 13094 I Choreographer: Skipped 347 frames!  The application may be doing too much work on its main thread.
02-19 22:55:19.787   752  1095 D BackgroundInstallControlService: Package event received: 0
02-19 22:55:19.787   752  1095 D BackgroundInstallControlService: Package event received: 0
02-19 22:55:19.791 13094 13174 I CameraManagerGlobal: Connecting to camera service
02-19 22:55:19.806   615 17673 I AttributionAndPermissionUtils: checkPermission (forDataDelivery 0 startDataDelivery 0): Permission hard denied for client attribution [uid 10217, pid 13094, packageName "<unknown>"]
02-19 22:55:19.840 13094 13094 I blica.toss.test: AssetManager2(0x7d8fac42dc78) locale list changing from [] to [en-US]
02-19 22:55:19.876 13094 13094 I blica.toss.test: AssetManager2(0x7d8fac432db8) locale list changing from [] to [en-US]
02-19 22:55:19.914 13094 13177 I EGL_emulation: Opening libGLESv1_CM_emulation.so
02-19 22:55:19.915 13094 13177 I EGL_emulation: Opening libGLESv2_emulation.so
02-19 22:55:19.927 13094 13177 W HWUI    : Failed to choose config with EGL_SWAP_BEHAVIOR_PRESERVED, retrying without...
02-19 22:55:19.927 13094 13177 W HWUI    : Failed to initialize 101010-2 format, error = EGL_SUCCESS
02-19 22:55:20.006 13094 13094 I blica.toss.test: AssetManager2(0x7d8fac42e8f8) locale list changing from [] to [en-US]
02-19 22:55:20.010 13094 13094 D CompatChangeReporter: Compat change id reported: 309578419; UID 10217; state: ENABLED
02-19 22:55:20.110 13094 13094 D CompatChangeReporter: Compat change id reported: 352594277; UID 10217; state: ENABLED
02-19 22:55:20.205 13094 13094 D CompatChangeReporter: Compat change id reported: 349153669; UID 10217; state: ENABLED
02-19 22:55:20.219 13094 13094 W HWUI    : Unknown dataspace 0
02-19 22:55:20.684  3453  2061 I gle.android.gms: Explicit concurrent mark compact GC freed 1588KB AllocSpace bytes, 0(0B) LOS objects, 24% free, 10052KB/13MB, paused 5.168ms,8.676ms total 1.591s
02-19 22:55:20.829   752  1246 D CoreBackPreview: Window{b8d171e u0 viva.republica.toss.test/im.toss.rn.granite.core.GraniteActivity}: Setting back callback OnBackInvokedCallbackInfo{mCallback=android.window.IOnBackInvokedCallback$Stub$Proxy@8658815, mPriority=0, mIsAnimationCallback=false, mOverrideBehavior=0}
02-19 22:55:20.833 13094 13094 W unknown:ReactRootView: Unable to update root layout specs for uninitialized ReactInstanceManager
02-19 22:55:20.914   752   794 I ActivityTaskManager: Displayed viva.republica.toss.test/im.toss.rn.granite.core.GraniteActivity for user 0: +14s102ms
02-19 22:55:20.920 13094 13094 V SoLoader: Init System Loader delegate
02-19 22:55:21.100 13094 13094 I Choreographer: Skipped 43 frames!  The application may be doing too much work on its main thread.
02-19 22:55:21.131   752   989 I ImeTracker: viva.republica.toss.test:a0d45960: onRequestHide at ORIGIN_SERVER reason HIDE_UNSPECIFIED_WINDOW fromUser false
02-19 22:55:21.159 19166 19166 D BaseDepthController: setSurface:
02-19 22:55:21.159 19166 19166 D BaseDepthController: 	mWaitingOnSurfaceValidity: false
02-19 22:55:21.159 19166 19166 D BaseDepthController: 	mBaseSurface: null
02-19 22:55:21.160 19166 19166 D BaseDepthController: mSurface is null and mCurrentBlur is: 0
02-19 22:55:21.161 19166 19166 D StateManager: goToState - fromState: Normal, toState: Normal, partial trace:
02-19 22:55:21.161 19166 19166 D StateManager: 	at com.android.launcher3.statemanager.StateManager.moveToRestState(go/retraceme 72a59688580715d19f0e415c69e80376c2f062d1648c80db6730905005a27c20:4)
02-19 22:55:21.161 19166 19166 D StateManager: 	at com.android.launcher3.statemanager.StateManager.moveToRestState(go/retraceme 72a59688580715d19f0e415c69e80376c2f062d1648c80db6730905005a27c20:1)
02-19 22:55:21.161 19166 19166 D StateManager: 	at com.android.launcher3.statemanager.StatefulActivity.onStop(go/retraceme 72a59688580715d19f0e415c69e80376c2f062d1648c80db6730905005a27c20:34)
02-19 22:55:21.161 19166 19166 D StatsLog: LAUNCHER_ONSTOP
02-19 22:55:21.170   752   797 W IPCThreadState: Sending oneway calls to frozen process.
02-19 22:55:21.180   752   797 W IPCThreadState: Sending oneway calls to frozen process.
02-19 22:55:21.180 13094 13207 W unknown:ReconnectingWebSocket: Couldn't connect to "ws://10.0.2.2:8081/message?device=sdk_gphone64_x86_64%20-%2016%20-%20API%2036&app=viva.republica.toss.test&clientid=BridgeDevSupportManager", will silently retry
02-19 22:55:21.181   752   797 W IPCThreadState: Sending oneway calls to frozen process.
02-19 22:55:21.181   752   797 W IPCThreadState: Sending oneway calls to frozen process.
02-19 22:55:21.182   752   797 W IPCThreadState: Sending oneway calls to frozen process.
02-19 22:55:21.182   752   797 W IPCThreadState: Sending oneway calls to frozen process.
02-19 22:55:21.182   752   797 W IPCThreadState: Sending oneway calls to frozen process.
02-19 22:55:21.183   752   797 W IPCThreadState: Sending oneway calls to frozen process.
02-19 22:55:21.184 13094 13094 D InsetsController: hide(ime(), fromIme=false)
02-19 22:55:21.185 20022 20022 I GoogleInputMethodService: GoogleInputMethodService.onFinishInput():2043 
02-19 22:55:21.187 13094 13094 I ImeTracker: viva.republica.toss.test:a0d45960: onCancelled at PHASE_CLIENT_ALREADY_HIDDEN
02-19 22:55:21.188   752   797 W IPCThreadState: Sending oneway calls to frozen process.
02-19 22:55:21.189   752   797 W IPCThreadState: Sending oneway calls to frozen process.
02-19 22:55:21.190   752  2505 I ImeTracker: system_server:1009b391: onRequestHide at ORIGIN_SERVER reason IME_REQUESTED_CHANGED_LISTENER fromUser false
02-19 22:55:21.190 20022 20022 I Module  : DeviceLockedStatusModuleProvider$Module.updateDeviceLockedStatus():100 repeatCheckTimes = 0, locked = false
02-19 22:55:21.196 19166 19166 D StatsLog: LAUNCHER_GOOGLE_SEARCH_RESTORE_LIST_SIZE_AFTER_ACTIVITY_RESTART
02-19 22:55:21.199 20022 20022 I GoogleInputMethodService: GoogleInputMethodService.onStartInput():1293 onStartInput(EditorInfo{EditorInfo{packageName=viva.republica.toss.test, inputType=0, inputTypeString=NULL, enableLearning=false, autoCorrection=false, autoComplete=false, imeOptions=0, privateImeOptions=null, actionName=UNSPECIFIED, actionLabel=null, initialSelStart=-1, initialSelEnd=-1, initialCapsMode=0, label=null, fieldId=0, fieldName=null, extras=null, hintText=null, hintLocales=[]}}, false)
02-19 22:55:21.200   752   797 W IPCThreadState: Sending oneway calls to frozen process.
02-19 22:55:21.201   752   797 W IPCThreadState: Sending oneway calls to frozen process.
02-19 22:55:21.202   752   797 W IPCThreadState: Sending oneway calls to frozen process.
02-19 22:55:21.203   752   797 W IPCThreadState: Sending oneway calls to frozen process.
02-19 22:55:21.204 20022 20022 I EmojiCompatManager: EmojiCompatManager.getEmojiCompatIfLoaded():343 EmojiCompat.init() was never called.
02-19 22:55:21.204 20022 20022 I EmojiCompatManager: java.lang.IllegalStateException: EmojiCompat is not initialized. Please call EmojiCompat.init() first
02-19 22:55:21.204 20022 20022 I EmojiCompatManager: 	at asx.p(PG:6)
02-19 22:55:21.204 20022 20022 I EmojiCompatManager: 	at axb.b(PG:13)
02-19 22:55:21.204 20022 20022 I EmojiCompatManager: 	at jnr.b(PG:2)
02-19 22:55:21.204 20022 20022 I EmojiCompatManager: 	at jnr.c(PG:4)
02-19 22:55:21.204 20022 20022 I EmojiCompatManager: 	at jnr.f(PG:3)
02-19 22:55:21.204 20022 20022 I EmojiCompatManager: 	at jnx.c(PG:3)
02-19 22:55:21.204 20022 20022 I EmojiCompatManager: 	at kif.cz(PG:47)
02-19 22:55:21.204 20022 20022 I EmojiCompatManager: 	at lhl.run(PG:1025)
02-19 22:55:21.204 20022 20022 I EmojiCompatManager: 	at jaf.execute(PG:12)
02-19 22:55:21.204 20022 20022 I EmojiCompatManager: 	at nco.v(PG:13)
02-19 22:55:21.204 20022 20022 I EmojiCompatManager: 	at lhn.m(PG:96)
02-19 22:55:21.204 20022 20022 I EmojiCompatManager: 	at lhn.k(PG:25)
02-19 22:55:21.204 20022 20022 I EmojiCompatManager: 	at kgn.onStartInput(PG:250)
02-19 22:55:21.204 20022 20022 I EmojiCompatManager: 	at android.inputmethodservice.InputMethodService.doStartInput(InputMethodService.java:3521)
02-19 22:55:21.204 20022 20022 I EmojiCompatManager: 	at android.inputmethodservice.InputMethodService$InputMethodImpl.startInput(InputMethodService.java:879)
02-19 22:55:21.204 20022 20022 I EmojiCompatManager: 	at android.inputmethodservice.InputMethodService$InputMethodImpl.dispatchStartInput(InputMethodService.java:908)
02-19 22:55:21.204 20022 20022 I EmojiCompatManager: 	at android.inputmethodservice.IInputMethodWrapper.executeMessage(IInputMethodWrapper.java:201)
02-19 22:55:21.204 20022 20022 I EmojiCompatManager: 	at com.android.internal.os.HandlerCaller$MyHandler.handleMessage(HandlerCaller.java:44)
02-19 22:55:21.204 20022 20022 I EmojiCompatManager: 	at android.os.Handler.dispatchMessage(Handler.java:110)
02-19 22:55:21.204 20022 20022 I EmojiCompatManager: 	at android.os.Looper.loopOnce(Looper.java:248)
02-19 22:55:21.204 20022 20022 I EmojiCompatManager: 	at android.os.Looper.loop(Looper.java:338)
02-19 22:55:21.204 20022 20022 I EmojiCompatManager: 	at android.app.ActivityThread.main(ActivityThread.java:9067)
02-19 22:55:21.204 20022 20022 I EmojiCompatManager: 	at java.lang.reflect.Method.invoke(Native Method)
02-19 22:55:21.204 20022 20022 I EmojiCompatManager: 	at com.android.internal.os.RuntimeInit$MethodAndArgsCaller.run(RuntimeInit.java:593)
02-19 22:55:21.204 20022 20022 I EmojiCompatManager: 	at com.android.internal.os.ZygoteInit.main(ZygoteInit.java:932)
02-19 22:55:21.211   752   797 I ImeTracker: system_server:1009b391: onCancelled at PHASE_SERVER_SHOULD_HIDE
02-19 22:55:21.216 20022 20022 I Module  : DeviceLockedStatusModuleProvider$Module.updateDeviceLockedStatus():100 repeatCheckTimes = 1, locked = false
02-19 22:55:21.221   752  1246 W PackageConfigPersister: App-specific configuration not found for packageName: viva.republica.toss.test and userId: 0
02-19 22:55:21.223   752  1095 D BackgroundInstallControlService: Package event received: 0
02-19 22:55:21.261 19301 19458 I FontLog : (REDACTED) Received query %s, URI %s
02-19 22:55:21.262 19301 19458 I FontLog : (REDACTED) Query [%s] resolved to %s
02-19 22:55:21.296 19301 19458 I FontLog : (REDACTED) Fetch %s end status %s
02-19 22:55:21.313   615  2506 W IPCThreadState: Sending oneway calls to frozen process.
02-19 22:55:21.320 19301 19458 I FontLog : (REDACTED) Pulling font file for id = %d, cache size = %d
02-19 22:55:21.327 13094 13094 E unknown:ReactRootView: Unhandled SoftException
02-19 22:55:21.327 13094 13094 E unknown:ReactRootView: com.facebook.react.uimanager.IllegalViewOperationException: Trying to attach a ReactRootView with an explicit id already set to [2131362676]. React Native uses the id field to track react tags and will overwrite this field. If that is fine, explicitly overwrite the id field to View.NO_ID.
02-19 22:55:21.327 13094 13094 E unknown:ReactRootView: 	at com.facebook.react.ReactRootView.attachToReactInstanceManager(:799)
02-19 22:55:21.327 13094 13094 E unknown:ReactRootView: 	at com.facebook.react.ReactRootView.startReactApplication(:509)
02-19 22:55:21.327 13094 13094 E unknown:ReactRootView: 	at com.facebook.react.ReactRootView.startReactApplication(:469)
02-19 22:55:21.327 13094 13094 E unknown:ReactRootView: 	at im.toss.rn.granite.core.GraniteActivity.write(:486)
02-19 22:55:21.327 13094 13094 E unknown:ReactRootView: 	at im.toss.rn.granite.core.GraniteActivity.RemoteActionCompatParcelizer(:124)
02-19 22:55:21.327 13094 13094 E unknown:ReactRootView: 	at im.toss.rn.granite.core.GraniteActivity$RemoteActionCompatParcelizer.IconCompatParcelizer(:65353)
02-19 22:55:21.327 13094 13094 E unknown:ReactRootView: 	at o.sh.a_(:33)
02-19 22:55:21.327 13094 13094 E unknown:ReactRootView: 	at o.xP.run(:100)
02-19 22:55:21.327 13094 13094 E unknown:ReactRootView: 	at android.os.Handler.handleCallback(Handler.java:995)
02-19 22:55:21.327 13094 13094 E unknown:ReactRootView: 	at android.os.Handler.dispatchMessage(Handler.java:103)
02-19 22:55:21.327 13094 13094 E unknown:ReactRootView: 	at android.os.Looper.loopOnce(Looper.java:248)
02-19 22:55:21.327 13094 13094 E unknown:ReactRootView: 	at android.os.Looper.loop(Looper.java:338)
02-19 22:55:21.327 13094 13094 E unknown:ReactRootView: 	at android.app.ActivityThread.main(ActivityThread.java:9067)
02-19 22:55:21.327 13094 13094 E unknown:ReactRootView: 	at java.lang.reflect.Method.invoke(Native Method)
02-19 22:55:21.327 13094 13094 E unknown:ReactRootView: 	at com.android.internal.os.RuntimeInit$MethodAndArgsCaller.run(RuntimeInit.java:593)
02-19 22:55:21.327 13094 13094 E unknown:ReactRootView: 	at com.android.internal.os.ZygoteInit.main(ZygoteInit.java:932)
02-19 22:55:21.341 19301 19458 I FontLog : (REDACTED) Pulling font file for id = %d, cache size = %d
02-19 22:55:21.353  4449  4474 W WindowOnBackDispatcher: sendCancelIfRunning: isInProgress=false callback=android.view.ViewRootImpl$$ExternalSyntheticLambda13@c579310
02-19 22:55:21.353   752  1456 D CoreBackPreview: Window{64db00b u0 Splash Screen viva.republica.toss.test EXITING}: Setting back callback null
02-19 22:55:21.360 19336 19720 I bbax    : (REDACTED) getHotwordActive::active query: %s, watch: %s, devices connected: %s
02-19 22:55:21.415 19166 19172 W System  : A resource failed to call release. 
02-19 22:55:21.415 19166 19172 W System  : A resource failed to call release. 
02-19 22:55:21.416 19166 19172 W System  : A resource failed to call release. 
02-19 22:55:21.455 13094 13209 W unknown:InspectorPackagerConnection: Couldn't connect to packager, will silently retry
02-19 22:55:21.466 13094 13094 D CompatChangeReporter: Compat change id reported: 270674727; UID 10217; state: ENABLED
02-19 22:55:21.474 13094 13094 D CompatChangeReporter: Compat change id reported: 63938206; UID 10217; state: ENABLED
02-19 22:55:21.613   752  1456 D CoreBackPreview: Window{b8c6e39 u0 PopupWindow:88cb375}: Setting back callback OnBackInvokedCallbackInfo{mCallback=android.window.IOnBackInvokedCallback$Stub$Proxy@8bcb4f5, mPriority=0, mIsAnimationCallback=false, mOverrideBehavior=0}
02-19 22:55:23.459 13214 13214 W dumpsys : Thread Pool max thread count is 0. Cannot cache binder as linkToDeath cannot be implemented. serviceName: window
02-19 22:55:23.473   752  2505 I system_server: AssetManager2(0x7d8fac4b00d8) locale list changing from [] to [en-US]
02-19 22:55:23.481   752  2505 I system_server: AssetManager2(0x7d8fac43b0f8) locale list changing from [] to [en-US]
02-19 22:55:23.487   752  2505 I system_server: AssetManager2(0x7d8fac4c8138) locale list changing from [] to [en-US]
02-19 22:55:23.491   752  2505 I system_server: AssetManager2(0x7d8fac519218) locale list changing from [] to [en-US]
02-19 22:55:23.498   752  2505 I system_server: AssetManager2(0x7d8fac4715b8) locale list changing from [] to [en-US]
02-19 22:55:23.507   752  2505 I system_server: AssetManager2(0x7d8fac498078) locale list changing from [] to [en-US]
02-19 22:55:23.929   752  1021 D NetworkStatsObservers: Registering observer for RequestInfo from pid/uid:752/1000(android) for DataUsageRequest [ requestId=68, networkTemplate=NetworkTemplate: matchRule=MOBILE, matchSubscriberIds=[310260...], matchWifiNetworkKeys=[], metered=YES, defaultNetwork=NO, thresholdInBytes=3867885 ] accessLevel:3
02-19 22:55:23.929   752  1156 D NetworkStatsObservers: Unregistering RequestInfo from pid/uid:752/1000(android) for DataUsageRequest [ requestId=67, networkTemplate=NetworkTemplate: matchRule=MOBILE, matchSubscriberIds=[310260...], matchWifiNetworkKeys=[], metered=YES, defaultNetwork=NO, thresholdInBytes=3868366 ] accessLevel:3
02-19 22:55:24.221 13219 13219 W screencap: Thread Pool max thread count is 0. Cannot cache binder as linkToDeath cannot be implemented. serviceName: SurfaceFlingerAIDL
02-19 22:55:24.223 13219 13219 W BpBinder: Linking to death on android.gui.ISurfaceComposer but there are no threads (yet?) listening to incoming transactions. See ProcessState::startThreadPool and ProcessState::setThreadPoolMaxThreadCount. Generally you should setup the binder threadpool before other initialization steps.
02-19 22:55:24.224 13219 13219 W ProcessState: Extra binder thread started, but 0 threads requested. Do not use *startThreadPool when zero threads are requested.
02-19 22:55:24.294   531   602 E HwcComposer: getLuts failed Status(-8, EX_SERVICE_SPECIFIC): '8: '
02-19 22:55:24.294   531   602 E HWComposer: getLuts: getLuts failed for display 4619827259835644672: UNSUPPORTED (8)
02-19 22:55:25.198 13094 13098 I blica.toss.test: Background concurrent mark compact GC freed 9875KB AllocSpace bytes, 42(1140KB) LOS objects, 49% free, 13MB/27MB, paused 5.168ms,3.658ms total 124.714ms
02-19 22:55:25.335 13094 13094 W WindowOnBackDispatcher: sendCancelIfRunning: isInProgress=false callback=android.view.ViewRootImpl$$ExternalSyntheticLambda13@f8211f1
02-19 22:55:25.336   752  2505 D CoreBackPreview: Window{b8c6e39 u0 PopupWindow:88cb375}: Setting back callback null
02-19 22:55:25.346 13094 13222 D nativeloader: Load /data/app/~~NUQj-rdXzuicW-16SIRtKA==/viva.republica.toss.test-Si406wFvb_sqEA2GTBV6RQ==/lib/x86_64/libc++_shared.so using class loader ns clns-9 (caller=<unknown>): ok
02-19 22:55:25.349 13094 13222 D nativeloader: Load /data/app/~~NUQj-rdXzuicW-16SIRtKA==/viva.republica.toss.test-Si406wFvb_sqEA2GTBV6RQ==/lib/x86_64/libglog.so using class loader ns clns-9 (caller=<unknown>): ok
02-19 22:55:25.352 13094 13222 D nativeloader: Load /data/app/~~NUQj-rdXzuicW-16SIRtKA==/viva.republica.toss.test-Si406wFvb_sqEA2GTBV6RQ==/lib/x86_64/libfolly_runtime.so using class loader ns clns-9 (caller=<unknown>): ok
02-19 22:55:25.354 13094 13222 D nativeloader: Load /data/app/~~NUQj-rdXzuicW-16SIRtKA==/viva.republica.toss.test-Si406wFvb_sqEA2GTBV6RQ==/lib/x86_64/libfbjni.so using class loader ns clns-9 (caller=<unknown>): ok
02-19 22:55:25.356 13094 13222 D nativeloader: Load /data/app/~~NUQj-rdXzuicW-16SIRtKA==/viva.republica.toss.test-Si406wFvb_sqEA2GTBV6RQ==/lib/x86_64/libjsi.so using class loader ns clns-9 (caller=<unknown>): ok
02-19 22:55:25.358 13094 13222 D nativeloader: Load /data/app/~~NUQj-rdXzuicW-16SIRtKA==/viva.republica.toss.test-Si406wFvb_sqEA2GTBV6RQ==/lib/x86_64/libhermes.so using class loader ns clns-9 (caller=<unknown>): ok
02-19 22:55:25.364 13094 13222 D nativeloader: Load /data/app/~~NUQj-rdXzuicW-16SIRtKA==/viva.republica.toss.test-Si406wFvb_sqEA2GTBV6RQ==/lib/x86_64/libfb.so using class loader ns clns-9 (caller=<unknown>): ok
02-19 22:55:25.367 13094 13222 D nativeloader: Load /data/app/~~NUQj-rdXzuicW-16SIRtKA==/viva.republica.toss.test-Si406wFvb_sqEA2GTBV6RQ==/lib/x86_64/libyoga.so using class loader ns clns-9 (caller=<unknown>): ok
02-19 22:55:25.373 13094 13222 D nativeloader: Load /data/app/~~NUQj-rdXzuicW-16SIRtKA==/viva.republica.toss.test-Si406wFvb_sqEA2GTBV6RQ==/lib/x86_64/libruntimeexecutor.so using class loader ns clns-9 (caller=<unknown>): ok
02-19 22:55:25.375 13094 13222 D nativeloader: Load /data/app/~~NUQj-rdXzuicW-16SIRtKA==/viva.republica.toss.test-Si406wFvb_sqEA2GTBV6RQ==/lib/x86_64/libreact_debug.so using class loader ns clns-9 (caller=<unknown>): ok
02-19 22:55:25.376 13094 13222 D nativeloader: Load /data/app/~~NUQj-rdXzuicW-16SIRtKA==/viva.republica.toss.test-Si406wFvb_sqEA2GTBV6RQ==/lib/x86_64/libglog_init.so using class loader ns clns-9 (caller=<unknown>): ok
02-19 22:55:25.379 13094 13222 D nativeloader: Load /data/app/~~NUQj-rdXzuicW-16SIRtKA==/viva.republica.toss.test-Si406wFvb_sqEA2GTBV6RQ==/lib/x86_64/libreact_utils.so using class loader ns clns-9 (caller=<unknown>): ok
02-19 22:55:25.380 13094 13222 D nativeloader: Load /data/app/~~NUQj-rdXzuicW-16SIRtKA==/viva.republica.toss.test-Si406wFvb_sqEA2GTBV6RQ==/lib/x86_64/libreact_render_mapbuffer.so using class loader ns clns-9 (caller=<unknown>): ok
02-19 22:55:25.382 13094 13222 D nativeloader: Load /data/app/~~NUQj-rdXzuicW-16SIRtKA==/viva.republica.toss.test-Si406wFvb_sqEA2GTBV6RQ==/lib/x86_64/libreact_render_graphics.so using class loader ns clns-9 (caller=<unknown>): ok
02-19 22:55:25.383 13094 13222 D nativeloader: Load /data/app/~~NUQj-rdXzuicW-16SIRtKA==/viva.republica.toss.test-Si406wFvb_sqEA2GTBV6RQ==/lib/x86_64/libreact_render_debug.so using class loader ns clns-9 (caller=<unknown>): ok
02-19 22:55:25.384 13094 13222 D nativeloader: Load /data/app/~~NUQj-rdXzuicW-16SIRtKA==/viva.republica.toss.test-Si406wFvb_sqEA2GTBV6RQ==/lib/x86_64/libreact_render_core.so using class loader ns clns-9 (caller=<unknown>): ok
02-19 22:55:25.386 13094 13222 D nativeloader: Load /data/app/~~NUQj-rdXzuicW-16SIRtKA==/viva.republica.toss.test-Si406wFvb_sqEA2GTBV6RQ==/lib/x86_64/libreact_render_runtimescheduler.so using class loader ns clns-9 (caller=<unknown>): ok
02-19 22:55:25.387 13094 13222 D nativeloader: Load /data/app/~~NUQj-rdXzuicW-16SIRtKA==/viva.republica.toss.test-Si406wFvb_sqEA2GTBV6RQ==/lib/x86_64/liblogger.so using class loader ns clns-9 (caller=<unknown>): ok
02-19 22:55:25.389 13094 13222 D nativeloader: Load /data/app/~~NUQj-rdXzuicW-16SIRtKA==/viva.republica.toss.test-Si406wFvb_sqEA2GTBV6RQ==/lib/x86_64/libreactperfloggerjni.so using class loader ns clns-9 (caller=<unknown>): ok
02-19 22:55:25.390 13094 13222 D nativeloader: Load /data/app/~~NUQj-rdXzuicW-16SIRtKA==/viva.republica.toss.test-Si406wFvb_sqEA2GTBV6RQ==/lib/x86_64/libjsinspector.so using class loader ns clns-9 (caller=<unknown>): ok
02-19 22:55:25.394 13094 13222 D nativeloader: Load /data/app/~~NUQj-rdXzuicW-16SIRtKA==/viva.republica.toss.test-Si406wFvb_sqEA2GTBV6RQ==/lib/x86_64/libreactnativejni.so using class loader ns clns-9 (caller=<unknown>): ok
02-19 22:55:25.400 13094 13222 D nativeloader: Load /data/app/~~NUQj-rdXzuicW-16SIRtKA==/viva.republica.toss.test-Si406wFvb_sqEA2GTBV6RQ==/lib/x86_64/libhermes_executor.so using class loader ns clns-9 (caller=<unknown>): ok
02-19 22:55:25.455   752  1029 D InetDiagMessage: Destroyed 0 sockets, proto=IPPROTO_TCP, family=AF_INET, states=14
02-19 22:55:25.456   752  1029 D InetDiagMessage: Destroyed 0 sockets, proto=IPPROTO_TCP, family=AF_INET6, states=14
02-19 22:55:25.456   752  1029 D InetDiagMessage: Destroyed live tcp sockets for uids={10168} in 1ms
02-19 22:55:25.457   752  1029 D InetDiagMessage: Destroyed 0 sockets, proto=IPPROTO_TCP, family=AF_INET, states=14
02-19 22:55:25.457   752  1029 D InetDiagMessage: Destroyed 0 sockets, proto=IPPROTO_TCP, family=AF_INET6, states=14
02-19 22:55:25.458   752  1029 D InetDiagMessage: Destroyed live tcp sockets for uids={20168} in 2ms
02-19 22:55:25.467 13094 13222 D ApplicationLoaders: Returning zygote-cached class loader: /system/framework/org.apache.http.legacy.jar
02-19 22:55:25.468 13094 13222 D ApplicationLoaders: Returning zygote-cached class loader: /system/framework/com.android.location.provider.jar
02-19 22:55:25.468 13094 13222 D ApplicationLoaders: Returning zygote-cached class loader: /system/framework/com.android.media.remotedisplay.jar
02-19 22:55:25.468 13094 13222 D ApplicationLoaders: Returning zygote-cached class loader: /system_ext/framework/androidx.window.extensions.jar
02-19 22:55:25.468 13094 13222 D ApplicationLoaders: Returning zygote-cached class loader: /system_ext/framework/androidx.window.sidecar.jar
