02-19 14:26:32.252  1782  2166 D StrictMode: 	at j$.util.stream.y0.accept(SourceFile:7)
02-19 14:26:32.252  1782  2166 D StrictMode: 	at j$.util.m0.tryAdvance(SourceFile:20)
02-19 14:26:32.252  1782  2166 D StrictMode: 	at j$.util.stream.r2.y(SourceFile:7)
02-19 14:26:32.252  1782  2166 D StrictMode: 	at j$.util.stream.a.q(SourceFile:16)
02-19 14:26:32.252  1782  2166 D StrictMode: 	at j$.util.stream.a.n(SourceFile:28)
02-19 14:26:32.252  1782  2166 D StrictMode: 	at j$.util.stream.a.J(SourceFile:8)
02-19 14:26:32.252  1782  2166 D StrictMode: 	at j$.nio.file.G.a(SourceFile:11)
02-19 14:26:32.252  1782  2166 D StrictMode: 	at j$.util.stream.a.u(SourceFile:35)
02-19 14:26:32.253  1782  2166 D StrictMode: 	at j$.util.stream.r2.allMatch(SourceFile:7)
02-19 14:26:32.253  1782  2166 D StrictMode: 	at abgj.b(PG:40)
02-19 14:26:32.253  1782  2166 D StrictMode: 	at abgj.a(PG:49)
02-19 14:26:32.253  1782  2166 D StrictMode: 	at abgj.dispatchTransaction(PG:28)
02-19 14:26:32.253  1782  2166 D StrictMode: 	at nxx.onTransact(PG:13)
02-19 14:26:32.253  1782  2166 D StrictMode: 	at android.os.Binder.execTransactInternal(Binder.java:1421)
02-19 14:26:32.253  1782  2166 D StrictMode: 	at android.os.Binder.execTransact(Binder.java:1365)
02-19 14:26:32.255  1782  2166 D StrictMode: StrictMode policy violation: android.os.strictmode.CustomViolation: gcore.dynamite
02-19 14:26:32.255  1782  2166 D StrictMode: 	at android.os.StrictMode$AndroidBlockGuardPolicy.onCustomSlowCall(StrictMode.java:1695)
02-19 14:26:32.255  1782  2166 D StrictMode: 	at android.os.StrictMode.noteSlowCall(StrictMode.java:2873)
02-19 14:26:32.255  1782  2166 D StrictMode: 	at bfnr.a(:com.google.android.gms@260438038@26.04.38 (260800-867839860):3)
02-19 14:26:32.255  1782  2166 D StrictMode: 	at com.google.android.gms.chimera.container.GmsModuleChimeraProvider.query(:com.google.android.gms@260438038@26.04.38 (260800-867839860):143)
02-19 14:26:32.255  1782  2166 D StrictMode: 	at azef.query(:com.google.android.gms@260438038@26.04.38 (260800-867839860):84)
02-19 14:26:32.255  1782  2166 D StrictMode: 	at android.content.ContentProvider.query(ContentProvider.java:1625)
02-19 14:26:32.255  1782  2166 D StrictMode: 	at yut.superQuery(:com.google.android.gms@260438038@26.04.38 (260800-867839860):6)
02-19 14:26:32.255  1782  2166 D StrictMode: 	at com.google.android.chimera.ContentProvider.query(:com.google.android.gms@260438038@26.04.38 (260800-867839860):8)
02-19 14:26:32.255  1782  2166 D StrictMode: 	at azef.query(:com.google.android.gms@260438038@26.04.38 (260800-867839860):21)
02-19 14:26:32.255  1782  2166 D StrictMode: 	at android.content.ContentProvider.query(ContentProvider.java:1721)
02-19 14:26:32.255  1782  2166 D StrictMode: 	at yut.superQuery(:com.google.android.gms@260438038@26.04.38 (260800-867839860):1)
02-19 14:26:32.255  1782  2166 D StrictMode: 	at com.google.android.chimera.ContentProvider.query(:com.google.android.gms@260438038@26.04.38 (260800-867839860):3)
02-19 14:26:32.255  1782  2166 D StrictMode: 	at yut.query(:com.google.android.gms@260438038@26.04.38 (260800-867839860):64)
02-19 14:26:32.255  1782  2166 D StrictMode: 	at android.content.ContentProvider$Transport.query(ContentProvider.java:296)
02-19 14:26:32.255  1782  2166 D StrictMode: 	at android.content.ContentProviderNative.onTransact(ContentProviderNative.java:107)
02-19 14:26:32.255  1782  2166 D StrictMode: 	at android.os.Binder.execTransactInternal(Binder.java:1421)
02-19 14:26:32.255  1782  2166 D StrictMode: 	at android.os.Binder.execTransact(Binder.java:1365)
02-19 14:26:32.255  1782  2166 D StrictMode: # via Binder call with stack:
02-19 14:26:32.255  1782  2166 D StrictMode: 	at android.os.StrictMode.readAndHandleBinderCallViolations(StrictMode.java:2671)
02-19 14:26:32.255  1782  2166 D StrictMode: 	at android.os.Parcel.readExceptionCode(Parcel.java:3285)
02-19 14:26:32.255  1782  2166 D StrictMode: 	at android.os.Parcel.readException(Parcel.java:3246)
02-19 14:26:32.255  1782  2166 D StrictMode: 	at nxw.transactAndReadException(PG:11)
02-19 14:26:32.255  1782  2166 D StrictMode: 	at abgi.a(PG:15)
02-19 14:26:32.255  1782  2166 D StrictMode: 	at aosd.run(PG:62)
02-19 14:26:32.255  1782  2166 D StrictMode: 	at dnqr.run(PG:9)
02-19 14:26:32.255  1782  2166 D StrictMode: 	at agie.b(PG:3)
02-19 14:26:32.255  1782  2166 D StrictMode: 	at agih.run(PG:1)
02-19 14:26:32.255  1782  2166 D StrictMode: 	at fmrp.run(PG:3)
02-19 14:26:32.255  1782  2166 D StrictMode: 	at fmrq.run(PG:68)
02-19 14:26:32.255  1782  2166 D StrictMode: 	at djui.run(PG:5)
02-19 14:26:32.255  1782  2166 D StrictMode: 	at fler.run(PG:44)
02-19 14:26:32.255  1782  2166 D StrictMode: 	at djtz.run(PG:42)
02-19 14:26:32.255  1782  2166 D StrictMode: 	at java.lang.Thread.run(Thread.java:1119)
02-19 14:26:32.255  1782  2166 D StrictMode: 	at djvl.run(PG:62)
02-19 14:26:32.255  1782  2166 D StrictMode: # via Binder call with stack:
02-19 14:26:32.255  1782  2166 D StrictMode: 	at android.os.StrictMode.readAndHandleBinderCallViolations(StrictMode.java:2671)
02-19 14:26:32.255  1782  2166 D StrictMode: 	at android.os.Parcel.readExceptionCode(Parcel.java:3285)
02-19 14:26:32.255  1782  2166 D StrictMode: 	at android.os.Parcel.readException(Parcel.java:3246)
02-19 14:26:32.255  1782  2166 D StrictMode: 	at nxw.transactAndReadException(PG:11)
02-19 14:26:32.255  1782  2166 D StrictMode: 	at cwkp.g(PG:161)
02-19 14:26:32.255  1782  2166 D StrictMode: 	at cwkp.c(PG:1)
02-19 14:26:32.255  1782  2166 D StrictMode: 	at abgs.test(PG:5)
02-19 14:26:32.255  1782  2166 D StrictMode: 	at j$.util.stream.y0.accept(SourceFile:7)
02-19 14:26:32.255  1782  2166 D StrictMode: 	at j$.util.m0.tryAdvance(SourceFile:20)
02-19 14:26:32.255  1782  2166 D StrictMode: 	at j$.util.stream.r2.y(SourceFile:7)
02-19 14:26:32.255  1782  2166 D StrictMode: 	at j$.util.stream.a.q(SourceFile:16)
02-19 14:26:32.255  1782  2166 D StrictMode: 	at j$.util.stream.a.n(SourceFile:28)
02-19 14:26:32.255  1782  2166 D StrictMode: 	at j$.util.stream.a.J(SourceFile:8)
02-19 14:26:32.255  1782  2166 D StrictMode: 	at j$.nio.file.G.a(SourceFile:11)
02-19 14:26:32.255  1782  2166 D StrictMode: 	at j$.util.stream.a.u(SourceFile:35)
02-19 14:26:32.255  1782  2166 D StrictMode: 	at j$.util.stream.r2.allMatch(SourceFile:7)
02-19 14:26:32.255  1782  2166 D StrictMode: 	at abgj.b(PG:40)
02-19 14:26:32.255  1782  2166 D StrictMode: 	at abgj.a(PG:49)
02-19 14:26:32.255  1782  2166 D StrictMode: 	at abgj.dispatchTransaction(PG:28)
02-19 14:26:32.255  1782  2166 D StrictMode: 	at nxx.onTransact(PG:13)
02-19 14:26:32.255  1782  2166 D StrictMode: 	at android.os.Binder.execTransactInternal(Binder.java:1421)
02-19 14:26:32.255  1782  2166 D StrictMode: 	at android.os.Binder.execTransact(Binder.java:1365)
02-19 14:26:32.255  1782  2166 D StrictMode: # via Binder call with stack:
02-19 14:26:32.255  1782  2166 D StrictMode: 	at android.os.StrictMode.readAndHandleBinderCallViolations(StrictMode.java:2671)
02-19 14:26:32.255  1782  2166 D StrictMode: 	at android.os.Parcel.readExceptionCode(Parcel.java:3285)
02-19 14:26:32.255  1782  2166 D StrictMode: 	at android.os.Parcel.readException(Parcel.java:3246)
02-19 14:26:32.255  1782  2166 D StrictMode: 	at nxw.transactAndReadException(PG:11)
02-19 14:26:32.255  1782  2166 D StrictMode: 	at cwkp.g(PG:42)
02-19 14:26:32.255  1782  2166 D StrictMode: 	at cwkp.c(PG:1)
02-19 14:26:32.255  1782  2166 D StrictMode: 	at abgs.test(PG:5)
02-19 14:26:32.255  1782  2166 D StrictMode: 	at j$.util.stream.y0.accept(SourceFile:7)
02-19 14:26:32.255  1782  2166 D StrictMode: 	at j$.util.m0.tryAdvance(SourceFile:20)
02-19 14:26:32.255  1782  2166 D StrictMode: 	at j$.util.stream.r2.y(SourceFile:7)
02-19 14:26:32.255  1782  2166 D StrictMode: 	at j$.util.stream.a.q(SourceFile:16)
02-19 14:26:32.255  1782  2166 D StrictMode: 	at j$.util.stream.a.n(SourceFile:28)
02-19 14:26:32.255  1782  2166 D StrictMode: 	at j$.util.stream.a.J(SourceFile:8)
02-19 14:26:32.255  1782  2166 D StrictMode: 	at j$.nio.file.G.a(SourceFile:11)
02-19 14:26:32.255  1782  2166 D StrictMode: 	at j$.util.stream.a.u(SourceFile:35)
02-19 14:26:32.255  1782  2166 D StrictMode: 	at j$.util.stream.r2.allMatch(SourceFile:7)
02-19 14:26:32.255  1782  2166 D StrictMode: 	at abgj.b(PG:40)
02-19 14:26:32.255  1782  2166 D StrictMode: 	at abgj.a(PG:49)
02-19 14:26:32.255  1782  2166 D StrictMode: 	at abgj.dispatchTransaction(PG:28)
02-19 14:26:32.255  1782  2166 D StrictMode: 	at nxx.onTransact(PG:13)
02-19 14:26:32.255  1782  2166 D StrictMode: 	at android.os.Binder.execTransactInternal(Binder.java:1421)
02-19 14:26:32.255  1782  2166 D StrictMode: 	at android.os.Binder.execTransact(Binder.java:1365)
02-19 14:26:32.255  1782  2166 D StrictMode: # via Binder call with stack:
02-19 14:26:32.255  1782  2166 D StrictMode: 	at android.os.StrictMode.readAndHandleBinderCallViolations(StrictMode.java:2671)
02-19 14:26:32.255  1782  2166 D StrictMode: 	at android.os.Parcel.readExceptionCode(Parcel.java:3285)
02-19 14:26:32.255  1782  2166 D StrictMode: 	at android.os.Parcel.readException(Parcel.java:3246)
02-19 14:26:32.256  1782  2166 D StrictMode: 	at nxw.transactAndReadException(PG:11)
02-19 14:26:32.256  1782  2166 D StrictMode: 	at com.google.android.gms.dynamite.DynamiteModule.d(PG:282)
02-19 14:26:32.256  1782  2166 D StrictMode: 	at cwkh.c(PG:24)
02-19 14:26:32.256  1782  2166 D StrictMode: 	at cwkp.g(PG:32)
02-19 14:26:32.256  1782  2166 D StrictMode: 	at cwkp.c(PG:1)
02-19 14:26:32.256  1782  2166 D StrictMode: 	at abgs.test(PG:5)
02-19 14:26:32.256  1782  2166 D StrictMode: 	at j$.util.stream.y0.accept(SourceFile:7)
02-19 14:26:32.256  1782  2166 D StrictMode: 	at j$.util.m0.tryAdvance(SourceFile:20)
02-19 14:26:32.256  1782  2166 D StrictMode: 	at j$.util.stream.r2.y(SourceFile:7)
02-19 14:26:32.256  1782  2166 D StrictMode: 	at j$.util.stream.a.q(SourceFile:16)
02-19 14:26:32.256  1782  2166 D StrictMode: 	at j$.util.stream.a.n(SourceFile:28)
02-19 14:26:32.256  1782  2166 D StrictMode: 	at j$.util.stream.a.J(SourceFile:8)
02-19 14:26:32.256  1782  2166 D StrictMode: 	at j$.nio.file.G.a(SourceFile:11)
02-19 14:26:32.256  1782  2166 D StrictMode: 	at j$.util.stream.a.u(SourceFile:35)
02-19 14:26:32.256  1782  2166 D StrictMode: 	at j$.util.stream.r2.allMatch(SourceFile:7)
02-19 14:26:32.256  1782  2166 D StrictMode: 	at abgj.b(PG:40)
02-19 14:26:32.256  1782  2166 D StrictMode: 	at abgj.a(PG:49)
02-19 14:26:32.256  1782  2166 D StrictMode: 	at abgj.dispatchTransaction(PG:28)
02-19 14:26:32.256  1782  2166 D StrictMode: 	at nxx.onTransact(PG:13)
02-19 14:26:32.256  1782  2166 D StrictMode: 	at android.os.Binder.execTransactInternal(Binder.java:1421)
02-19 14:26:32.256  1782  2166 D StrictMode: 	at android.os.Binder.execTransact(Binder.java:1365)
02-19 14:26:32.256  1782  2166 D StrictMode: # via Binder call with stack:
02-19 14:26:32.256  1782  2166 D StrictMode: 	at android.os.StrictMode.readAndHandleBinderCallViolations(StrictMode.java:2671)
02-19 14:26:32.256  1782  2166 D StrictMode: 	at android.os.Parcel.readExceptionCode(Parcel.java:3285)
02-19 14:26:32.256  1782  2166 D StrictMode: 	at android.database.DatabaseUtils.readExceptionFromParcel(DatabaseUtils.java:150)
02-19 14:26:32.256  1782  2166 D StrictMode: 	at android.content.ContentProviderProxy.query(ContentProviderNative.java:495)
02-19 14:26:32.256  1782  2166 D StrictMode: 	at android.content.ContentProviderClient.query(ContentProviderClient.java:196)
02-19 14:26:32.256  1782  2166 D StrictMode: 	at android.content.ContentProviderClient.query(ContentProviderClient.java:178)
02-19 14:26:32.256  1782  2166 D StrictMode: 	at android.content.ContentProviderClient.query(ContentProviderClient.java:168)
02-19 14:26:32.256  1782  2166 D StrictMode: 	at com.google.android.gms.dynamite.DynamiteModule.e(PG:80)
02-19 14:26:32.256  1782  2166 D StrictMode: 	at com.google.android.gms.dynamite.DynamiteModule.b(PG:87)
02-19 14:26:32.256  1782  2166 D StrictMode: 	at cwzb.b(PG:1)
02-19 14:26:32.256  1782  2166 D StrictMode: 	at cwzc.a(PG:65)
02-19 14:26:32.256  1782  2166 D StrictMode: 	at com.google.android.gms.dynamite.DynamiteModule.d(PG:58)
02-19 14:26:32.256  1782  2166 D StrictMode: 	at cwkh.c(PG:24)
02-19 14:26:32.256  1782  2166 D StrictMode: 	at cwkp.g(PG:32)
02-19 14:26:32.256  1782  2166 D StrictMode: 	at cwkp.c(PG:1)
02-19 14:26:32.256  1782  2166 D StrictMode: 	at abgs.test(PG:5)
02-19 14:26:32.256  1782  2166 D StrictMode: 	at j$.util.stream.y0.accept(SourceFile:7)
02-19 14:26:32.256  1782  2166 D StrictMode: 	at j$.util.m0.tryAdvance(SourceFile:20)
02-19 14:26:32.256  1782  2166 D StrictMode: 	at j$.util.stream.r2.y(SourceFile:7)
02-19 14:26:32.256  1782  2166 D StrictMode: 	at j$.util.stream.a.q(SourceFile:16)
02-19 14:26:32.256  1782  2166 D StrictMode: 	at j$.util.stream.a.n(SourceFile:28)
02-19 14:26:32.256  1782  2166 D StrictMode: 	at j$.util.stream.a.J(SourceFile:8)
02-19 14:26:32.256  1782  2166 D StrictMode: 	at j$.nio.file.G.a(SourceFile:11)
02-19 14:26:32.256  1782  2166 D StrictMode: 	at j$.util.stream.a.u(SourceFile:35)
02-19 14:26:32.256  1782  2166 D StrictMode: 	at j$.util.stream.r2.allMatch(SourceFile:7)
02-19 14:26:32.256  1782  2166 D StrictMode: 	at abgj.b(PG:40)
02-19 14:26:32.256  1782  2166 D StrictMode: 	at abgj.a(PG:49)
02-19 14:26:32.256  1782  2166 D StrictMode: 	at abgj.dispatchTransaction(PG:28)
02-19 14:26:32.256  1782  2166 D StrictMode: 	at nxx.onTransact(PG:13)
02-19 14:26:32.256  1782  2166 D StrictMode: 	at android.os.Binder.execTransactInternal(Binder.java:1421)
02-19 14:26:32.256  1782  2166 D StrictMode: 	at android.os.Binder.execTransact(Binder.java:1365)
02-19 14:26:32.257  1782  2166 I aosl    : (REDACTED) State changed: %s => %s
02-19 14:26:32.304  1563  1578 W putmethod.latin: Reducing the number of considered missed Gc histogram windows from 126 to 100
02-19 14:26:32.340  1782  2166 I aosl    : (REDACTED) State changed: %s => %s (%s)
02-19 14:26:32.350  7422  7551 I acie    : (REDACTED) Event Bus thread starting with TID %d
02-19 14:26:32.436  7422  7539 D WM-PackageManagerHelper: Skipping component enablement for androidx.work.impl.background.systemalarm.RescheduleReceiver
02-19 14:26:32.442  7422  7553 I aznj    : (REDACTED) Set Assistant Enabled to %s
02-19 14:26:32.544  7422  7551 I agyo    : (REDACTED) Util.isLowRamDevice: %b, canUsePreemptibleAudioSource: %b
02-19 14:26:32.585   752  1233 W ParceledListSlice: Element #4 is 19520 bytes.
02-19 14:26:32.800  3453  3453 D BoundBrokerSvc: onBind: Intent { act=com.google.android.gms.audit.service.START xflg=0x4 pkg=com.google.android.gms }
02-19 14:26:32.800  3453  3453 D BoundBrokerSvc: Loading bound service for intent: Intent { act=com.google.android.gms.audit.service.START xflg=0x4 pkg=com.google.android.gms }
02-19 14:26:32.870  7422  7521 I alhi    : NGA enabled in interactor.
02-19 14:26:32.872  7422  7521 I alhi    : (REDACTED) Nga state changed to %s
02-19 14:26:32.873  7422  7521 I alhi    : (REDACTED) isTngActive=%s
02-19 14:26:32.891  7422  7521 I alhi    : NGA enabled in interactor.
02-19 14:26:33.226   752   969 D ActivityManager: freezing 3794 com.android.vending
02-19 14:26:33.229   752  1029 D InetDiagMessage: Destroyed 0 sockets, proto=IPPROTO_TCP, family=AF_INET, states=14
02-19 14:26:33.232   752  1029 D InetDiagMessage: Destroyed 0 sockets, proto=IPPROTO_TCP, family=AF_INET6, states=14
02-19 14:26:33.232   752  1029 D InetDiagMessage: Destroyed live tcp sockets for uids={10146} in 4ms
02-19 14:26:33.421  7574  7574 W dumpsys : Thread Pool max thread count is 0. Cannot cache binder as linkToDeath cannot be implemented. serviceName: window
02-19 14:26:33.484  7422  7545 I aznd    : Set Assistant eligibility status
02-19 14:26:33.562  7422  7551 W cdac    : No value provided for the places model index flag.
02-19 14:26:33.563  7422  7551 W cdac    : No value provided for the places model index flag.
02-19 14:26:33.621  7388  7388 W WindowOnBackDispatcher: sendCancelIfRunning: isInProgress=false callback=android.view.ViewRootImpl$$ExternalSyntheticLambda13@669f598
02-19 14:26:33.622   752  1456 D CoreBackPreview: Window{9abbdd0 u0 PopupWindow:88cb375}: Setting back callback null
02-19 14:26:33.708  1782  2166 I tuc     : (REDACTED) on opa visibility changed %s
02-19 14:26:33.717  7388  7577 D nativeloader: Load /data/app/~~NUQj-rdXzuicW-16SIRtKA==/viva.republica.toss.test-Si406wFvb_sqEA2GTBV6RQ==/lib/x86_64/libc++_shared.so using class loader ns clns-9 (caller=<unknown>): ok
02-19 14:26:33.726  1782  2166 I tuc     : (REDACTED) on opa visibility changed %s
02-19 14:26:33.764  7422  7551 I agyw    : getLocaleToModelSpecsMap
02-19 14:26:33.765  7422  7551 I agyw    : Fetching latest config from MDD...
02-19 14:26:33.790  7422  7551 I agyw    : (REDACTED) Found map of size: %d
02-19 14:26:33.802  7388  7577 D nativeloader: Load /data/app/~~NUQj-rdXzuicW-16SIRtKA==/viva.republica.toss.test-Si406wFvb_sqEA2GTBV6RQ==/lib/x86_64/libglog.so using class loader ns clns-9 (caller=<unknown>): ok
02-19 14:26:33.824  7388  7577 D nativeloader: Load /data/app/~~NUQj-rdXzuicW-16SIRtKA==/viva.republica.toss.test-Si406wFvb_sqEA2GTBV6RQ==/lib/x86_64/libfolly_runtime.so using class loader ns clns-9 (caller=<unknown>): ok
02-19 14:26:33.824  7422  7551 I aldy    : (REDACTED) Initializing MicroDataManager InitializeType-%d, isForced-%b, isActivePhoneEnrollment-%b isActiveGoogleHomeEnrollment-%b
02-19 14:26:33.836  7422  7551 I acrf    : Returning false in #takeChangeMicroDetectorMode without doing anything.
02-19 14:26:33.836  7388  7577 D nativeloader: Load /data/app/~~NUQj-rdXzuicW-16SIRtKA==/viva.republica.toss.test-Si406wFvb_sqEA2GTBV6RQ==/lib/x86_64/libfbjni.so using class loader ns clns-9 (caller=<unknown>): ok
02-19 14:26:33.838  1782  2166 I tkr     : (REDACTED) Nga on-device enabled based on TNG:MA active state: %b
02-19 14:26:33.840  7422  7535 I agyw    : getLocaleToModelSpecsMap
02-19 14:26:33.840  7422  7535 I agyw    : Fetching latest config from MDD...
02-19 14:26:33.841  7422  7535 I agyw    : (REDACTED) Found map of size: %d
02-19 14:26:33.846  7388  7577 D nativeloader: Load /data/app/~~NUQj-rdXzuicW-16SIRtKA==/viva.republica.toss.test-Si406wFvb_sqEA2GTBV6RQ==/lib/x86_64/libjsi.so using class loader ns clns-9 (caller=<unknown>): ok
02-19 14:26:33.852  7422  7535 I ahau    : (REDACTED) Location for model with model type: %s and locale: %s, is : %s
02-19 14:26:33.853  7422  7535 I ahbb    : (REDACTED) #getHotwordModel [locale: %s, modelType: %s]
02-19 14:26:33.855  7388  7577 D nativeloader: Load /data/app/~~NUQj-rdXzuicW-16SIRtKA==/viva.republica.toss.test-Si406wFvb_sqEA2GTBV6RQ==/lib/x86_64/libhermes.so using class loader ns clns-9 (caller=<unknown>): ok
02-19 14:26:33.968  7388  7577 D nativeloader: Load /data/app/~~NUQj-rdXzuicW-16SIRtKA==/viva.republica.toss.test-Si406wFvb_sqEA2GTBV6RQ==/lib/x86_64/libfb.so using class loader ns clns-9 (caller=<unknown>): ok
02-19 14:26:33.974  7388  7577 D nativeloader: Load /data/app/~~NUQj-rdXzuicW-16SIRtKA==/viva.republica.toss.test-Si406wFvb_sqEA2GTBV6RQ==/lib/x86_64/libyoga.so using class loader ns clns-9 (caller=<unknown>): ok
02-19 14:26:33.998  7388  7577 D nativeloader: Load /data/app/~~NUQj-rdXzuicW-16SIRtKA==/viva.republica.toss.test-Si406wFvb_sqEA2GTBV6RQ==/lib/x86_64/libruntimeexecutor.so using class loader ns clns-9 (caller=<unknown>): ok
02-19 14:26:34.007  7388  7577 D nativeloader: Load /data/app/~~NUQj-rdXzuicW-16SIRtKA==/viva.republica.toss.test-Si406wFvb_sqEA2GTBV6RQ==/lib/x86_64/libreact_debug.so using class loader ns clns-9 (caller=<unknown>): ok
02-19 14:26:34.015  7388  7577 D nativeloader: Load /data/app/~~NUQj-rdXzuicW-16SIRtKA==/viva.republica.toss.test-Si406wFvb_sqEA2GTBV6RQ==/lib/x86_64/libglog_init.so using class loader ns clns-9 (caller=<unknown>): ok
02-19 14:26:34.021  7388  7577 D nativeloader: Load /data/app/~~NUQj-rdXzuicW-16SIRtKA==/viva.republica.toss.test-Si406wFvb_sqEA2GTBV6RQ==/lib/x86_64/libreact_utils.so using class loader ns clns-9 (caller=<unknown>): ok
02-19 14:26:34.027  7388  7577 D nativeloader: Load /data/app/~~NUQj-rdXzuicW-16SIRtKA==/viva.republica.toss.test-Si406wFvb_sqEA2GTBV6RQ==/lib/x86_64/libreact_render_mapbuffer.so using class loader ns clns-9 (caller=<unknown>): ok
02-19 14:26:34.037  7388  7577 D nativeloader: Load /data/app/~~NUQj-rdXzuicW-16SIRtKA==/viva.republica.toss.test-Si406wFvb_sqEA2GTBV6RQ==/lib/x86_64/libreact_render_graphics.so using class loader ns clns-9 (caller=<unknown>): ok
02-19 14:26:34.042  7388  7577 D nativeloader: Load /data/app/~~NUQj-rdXzuicW-16SIRtKA==/viva.republica.toss.test-Si406wFvb_sqEA2GTBV6RQ==/lib/x86_64/libreact_render_debug.so using class loader ns clns-9 (caller=<unknown>): ok
02-19 14:26:34.057  7388  7577 D nativeloader: Load /data/app/~~NUQj-rdXzuicW-16SIRtKA==/viva.republica.toss.test-Si406wFvb_sqEA2GTBV6RQ==/lib/x86_64/libreact_render_core.so using class loader ns clns-9 (caller=<unknown>): ok
02-19 14:26:34.060  7388  7577 D nativeloader: Load /data/app/~~NUQj-rdXzuicW-16SIRtKA==/viva.republica.toss.test-Si406wFvb_sqEA2GTBV6RQ==/lib/x86_64/libreact_render_runtimescheduler.so using class loader ns clns-9 (caller=<unknown>): ok
02-19 14:26:34.065  7388  7577 D nativeloader: Load /data/app/~~NUQj-rdXzuicW-16SIRtKA==/viva.republica.toss.test-Si406wFvb_sqEA2GTBV6RQ==/lib/x86_64/liblogger.so using class loader ns clns-9 (caller=<unknown>): ok
02-19 14:26:34.070  7388  7577 D nativeloader: Load /data/app/~~NUQj-rdXzuicW-16SIRtKA==/viva.republica.toss.test-Si406wFvb_sqEA2GTBV6RQ==/lib/x86_64/libreactperfloggerjni.so using class loader ns clns-9 (caller=<unknown>): ok
02-19 14:26:34.073  7388  7577 D nativeloader: Load /data/app/~~NUQj-rdXzuicW-16SIRtKA==/viva.republica.toss.test-Si406wFvb_sqEA2GTBV6RQ==/lib/x86_64/libjsinspector.so using class loader ns clns-9 (caller=<unknown>): ok
02-19 14:26:34.075  7422  7539 I ahbb    : (REDACTED) #getHotwordModelFromMobstore [mobstoreUri: %s]
02-19 14:26:34.093  7388  7577 D nativeloader: Load /data/app/~~NUQj-rdXzuicW-16SIRtKA==/viva.republica.toss.test-Si406wFvb_sqEA2GTBV6RQ==/lib/x86_64/libreactnativejni.so using class loader ns clns-9 (caller=<unknown>): ok
02-19 14:26:34.095  7422  7553 I ahau    : (REDACTED) MicroDataManager InitializationTask. googleHotwordData is null: true, hotwordModel is null: %b , sourceLocationOfCurrentHotwordModel %s
02-19 14:26:34.097  7422  7551 I agyw    : getLocaleToModelSpecsMap
02-19 14:26:34.097  7422  7551 I agyw    : Fetching latest config from MDD...
02-19 14:26:34.098  7422  7551 I agyw    : (REDACTED) Found map of size: %d
02-19 14:26:34.100  7422  7551 I acrf    : Returning false in #takeChangeMicroDetectorMode without doing anything.
02-19 14:26:34.119  7388  7577 D nativeloader: Load /data/app/~~NUQj-rdXzuicW-16SIRtKA==/viva.republica.toss.test-Si406wFvb_sqEA2GTBV6RQ==/lib/x86_64/libhermes_executor.so using class loader ns clns-9 (caller=<unknown>): ok
02-19 14:26:34.157  7388  7577 D ApplicationLoaders: Returning zygote-cached class loader: /system/framework/org.apache.http.legacy.jar
02-19 14:26:34.157  7388  7577 D ApplicationLoaders: Returning zygote-cached class loader: /system/framework/com.android.location.provider.jar
02-19 14:26:34.157  7388  7577 D ApplicationLoaders: Returning zygote-cached class loader: /system/framework/com.android.media.remotedisplay.jar
02-19 14:26:34.157  7388  7577 D ApplicationLoaders: Returning zygote-cached class loader: /system_ext/framework/androidx.window.extensions.jar
02-19 14:26:34.157  7388  7577 D ApplicationLoaders: Returning zygote-cached class loader: /system_ext/framework/androidx.window.sidecar.jar
02-19 14:26:34.328  7590  7590 W dumpsys : Thread Pool max thread count is 0. Cannot cache binder as linkToDeath cannot be implemented. serviceName: package
02-19 14:26:34.351  7388  7393 I blica.toss.test: Background concurrent mark compact GC freed 10MB AllocSpace bytes, 40(1100KB) LOS objects, 50% free, 14MB/28MB, paused 766us,1.474ms total 231.820ms
02-19 14:26:34.520  6613  6857 I artd    : GetBestInfo: odex next to the dex file (/data/app/~~O-UZzK0jUU9NLgS3MODOZA==/com.google.android.gms-YQ2L6GsYyKuvu9MvIBK1EQ==/oat/x86_64/base.odex) is kOatUpToDate with filter 'speed-profile' executable 'false'
02-19 14:26:34.544  6613  6857 I artd    : GetBestInfo: odex next to the dex file (/data/app/~~O-UZzK0jUU9NLgS3MODOZA==/com.google.android.gms-YQ2L6GsYyKuvu9MvIBK1EQ==/oat/x86_64/split_AdsDynamite_installtime.odex) is kOatUpToDate with filter 'speed' executable 'false'
02-19 14:26:34.564  6613  6857 I artd    : GetBestInfo: odex next to the dex file (/data/app/~~O-UZzK0jUU9NLgS3MODOZA==/com.google.android.gms-YQ2L6GsYyKuvu9MvIBK1EQ==/oat/x86_64/split_CronetDynamite_installtime.odex) is kOatUpToDate with filter 'speed' executable 'false'
02-19 14:26:34.575  6613  6857 I artd    : GetBestInfo: odex next to the dex file (/data/app/~~O-UZzK0jUU9NLgS3MODOZA==/com.google.android.gms-YQ2L6GsYyKuvu9MvIBK1EQ==/oat/x86_64/split_DynamiteLoader_installtime.odex) is kOatUpToDate with filter 'speed' executable 'false'
02-19 14:26:34.594  6613  6857 I artd    : GetBestInfo: odex next to the dex file (/data/app/~~O-UZzK0jUU9NLgS3MODOZA==/com.google.android.gms-YQ2L6GsYyKuvu9MvIBK1EQ==/oat/x86_64/split_DynamiteModulesA_installtime.odex) is kOatUpToDate with filter 'speed' executable 'false'
02-19 14:26:34.622  6613  6857 I artd    : GetBestInfo: odex next to the dex file (/data/app/~~O-UZzK0jUU9NLgS3MODOZA==/com.google.android.gms-YQ2L6GsYyKuvu9MvIBK1EQ==/oat/x86_64/split_DynamiteModulesC_installtime.odex) is kOatUpToDate with filter 'speed' executable 'false'
02-19 14:26:34.622  7388  7577 D nativeloader: Configuring clns-13 for other apk /data/app/~~O-UZzK0jUU9NLgS3MODOZA==/com.google.android.gms-YQ2L6GsYyKuvu9MvIBK1EQ==/base.apk. target_sdk_version=36, uses_libraries=, library_path=/data/app/~~O-UZzK0jUU9NLgS3MODOZA==/com.google.android.gms-YQ2L6GsYyKuvu9MvIBK1EQ==/lib/x86_64:/data/app/~~O-UZzK0jUU9NLgS3MODOZA==/com.google.android.gms-YQ2L6GsYyKuvu9MvIBK1EQ==/base.apk!/lib/x86_64, permitted_path=/data:/mnt/expand:/data/user/0/com.google.android.gms
02-19 14:26:34.630  6613  6857 I artd    : GetBestInfo: odex next to the dex file (/data/app/~~O-UZzK0jUU9NLgS3MODOZA==/com.google.android.gms-YQ2L6GsYyKuvu9MvIBK1EQ==/oat/x86_64/split_GoogleCertificates_installtime.odex) is kOatUpToDate with filter 'speed' executable 'false'
02-19 14:26:34.630  7388  7577 I blica.toss.test: AssetManager2(0x7d8fac431e18) locale list changing from [] to [en-US]
02-19 14:26:34.651  6613  6857 I artd    : GetBestInfo: odex next to the dex file (/data/app/~~O-UZzK0jUU9NLgS3MODOZA==/com.google.android.gms-YQ2L6GsYyKuvu9MvIBK1EQ==/oat/x86_64/split_MapsDynamite_installtime.odex) is kOatUpToDate with filter 'speed' executable 'false'
02-19 14:26:34.673  6613  6857 I artd    : GetBestInfo: odex next to the dex file (/data/app/~~O-UZzK0jUU9NLgS3MODOZA==/com.google.android.gms-YQ2L6GsYyKuvu9MvIBK1EQ==/oat/x86_64/split_MeasurementDynamite_installtime.odex) is kOatUpToDate with filter 'speed' executable 'false'
02-19 14:26:34.679  6613  6857 I artd    : GetBestInfo: /data/app/~~O-UZzK0jUU9NLgS3MODOZA==/com.google.android.gms-YQ2L6GsYyKuvu9MvIBK1EQ==/split_maps_core_dynamite_ondemand.apk has no usable artifacts
02-19 14:26:34.734  6613  6857 I artd    : GetBestInfo: /data/user_de/0/com.google.android.gms/app_chimera/m/0000000c/dl-Appsearch.optional_250834100800.apk has no usable artifacts
02-19 14:26:34.743  6613  6621 I artd    : GetBestInfo: /data/user_de/0/com.google.android.gms/app_chimera/m/00000001/CronetDynamite.apk has no usable artifacts
02-19 14:26:34.745  6613  6621 I artd    : GetBestInfo: /data/user_de/0/com.google.android.gms/app_chimera/m/00000002/DynamiteLoader.apk has no usable artifacts
02-19 14:26:34.746  6613  6621 I artd    : GetBestInfo: /data/user_de/0/com.google.android.gms/app_chimera/m/00000005/GoogleCertificates.apk has no usable artifacts
02-19 14:26:34.751  6613  6621 I artd    : GetBestInfo: /data/user_de/0/com.google.android.gms/app_chimera/m/00000009/dl-TfliteDynamiteDynamite.integ_252130102100800.apk has no usable artifacts
02-19 14:26:34.761  7388  7577 W System  : ClassLoader referenced unknown path: 
02-19 14:26:34.761  7388  7577 D nativeloader: Configuring clns-14 for other apk . target_sdk_version=36, uses_libraries=, library_path=/data/app/~~O-UZzK0jUU9NLgS3MODOZA==/com.google.android.gms-YQ2L6GsYyKuvu9MvIBK1EQ==/lib/x86_64:/data/app/~~O-UZzK0jUU9NLgS3MODOZA==/com.google.android.gms-YQ2L6GsYyKuvu9MvIBK1EQ==/base.apk!/lib/x86_64, permitted_path=/data:/mnt/expand:/data/user/0/com.google.android.gms
02-19 14:26:34.787  6613  6621 I artd    : GetBestInfo: vdex next to the dex file (/data/user/0/com.google.android.gms/app_dg_cache/BF7C023AB90CCF01D1F467FC1CEBAF866511FF29/oat/x86_64/the.vdex) is kOatUpToDate with filter 'verify' executable 'false'
02-19 14:26:34.812  7388  7577 W DynamiteModule: Failed to load module via V2: java.lang.NoSuchFieldException: No field sClassLoader in class Lcom/google/android/gms/dynamite/DynamiteModule$DynamiteLoaderClassLoader; (declaration of 'com.google.android.gms.dynamite.DynamiteModule$DynamiteLoaderClassLoader' appears in /data/app/~~NUQj-rdXzuicW-16SIRtKA==/viva.republica.toss.test-Si406wFvb_sqEA2GTBV6RQ==/base.apk!classes2.dex)
02-19 14:26:34.814  6613  6621 I artd    : GetBestInfo: /data/user_de/0/com.google.android.gms/app_chimera/m/00000010/dl-PlayCloudSearch.optional_250834100000.apk has no usable artifacts
02-19 14:26:34.820  7388  7577 I DynamiteModule: Considering local module com.google.android.gms.ads.dynamite:0 and remote module com.google.android.gms.ads.dynamite:254380203
02-19 14:26:34.821  7388  7577 I DynamiteModule: Selected remote version of com.google.android.gms.ads.dynamite, version >= 254380203
02-19 14:26:34.887  6613  6621 I artd    : GetBestInfo: /data/user_de/0/com.google.android.gms/app_chimera/m/00000017/dl-PlayCloudSearch.optional_260438100000.apk has no usable artifacts
02-19 14:26:35.050  6613  6621 I artd    : GetBestInfo: /data/user_de/0/com.google.android.gms/app_chimera/m/00000015/dl-MlkitOcrCommon.optional_260438100800.apk has no usable artifacts
02-19 14:26:35.057  6613  6621 I artd    : GetBestInfo: /data/user_de/0/com.google.android.gms/app_chimera/m/00000013/dl-MlkitBarcodeUi.optional_260438100800.apk has no usable artifacts
02-19 14:26:35.076  6613  6621 I artd    : GetBestInfo: /data/user_de/0/com.google.android.gms/app_chimera/m/0000000f/dl-MlkitOcrCommon.optional_250834100800.apk has no usable artifacts
02-19 14:26:35.086  6613  6621 I artd    : GetBestInfo: /data/user_de/0/com.google.android.gms/app_chimera/m/0000000d/dl-VisionOcr.optional_250834100000.apk has no usable artifacts
02-19 14:26:35.087  7388  7577 D CompatChangeReporter: Compat change id reported: 312399441; UID 10217; state: ENABLED
02-19 14:26:35.099  6613  6621 I artd    : GetBestInfo: /data/user_de/0/com.google.android.gms/app_chimera/m/0000000a/dl-MlkitBarcodeUi.optional_250834100800.apk has no usable artifacts
02-19 14:26:35.110  6613  6621 I artd    : GetBestInfo: /data/user_de/0/com.google.android.gms/app_chimera/m/00000011/dl-VisionOcr.optional_260438100000.apk has no usable artifacts
02-19 14:26:35.122  6613  6621 I artd    : GetBestInfo: /data/user_de/0/com.google.android.gms/app_chimera/m/00000012/dl-Appsearch.optional_260438100800.apk has no usable artifacts
02-19 14:26:35.464   752  1029 D InetDiagMessage: Destroyed 0 sockets, proto=IPPROTO_TCP, family=AF_INET, states=14
02-19 14:26:35.465   752  1029 D InetDiagMessage: Destroyed 0 sockets, proto=IPPROTO_TCP, family=AF_INET6, states=14
02-19 14:26:35.465   752  1029 D InetDiagMessage: Destroyed live tcp sockets for uids={10168} in 2ms
02-19 14:26:35.466   752  1029 D InetDiagMessage: Destroyed 0 sockets, proto=IPPROTO_TCP, family=AF_INET, states=14
02-19 14:26:35.466   752  1029 D InetDiagMessage: Destroyed 0 sockets, proto=IPPROTO_TCP, family=AF_INET6, states=14
02-19 14:26:35.466   752  1029 D InetDiagMessage: Destroyed live tcp sockets for uids={20168} in 1ms
02-19 14:26:35.529  7388  7577 I blica.toss.test: AssetManager2(0x7d8fac4284f8) locale list changing from [] to [en-US]
02-19 14:26:35.591  6613  6621 I artd    : GetBestInfo: vdex next to the dex file (/data/user/0/com.google.android.gms/app_dg_cache/94DF452EEF4B8E717545DCDEA6CC3C50A319A195/oat/x86_64/the.vdex) is kOatUpToDate with filter 'verify' executable 'false'
02-19 14:26:35.610  7388  7577 I blica.toss.test: AssetManager2(0x7d8fac426f18) locale list changing from [] to [en-US]
02-19 14:26:35.616  7388  7577 D DynamitePackage: Instantiated singleton DynamitePackage.
02-19 14:26:35.616  7388  7577 D DynamitePackage: Instantiating com.google.android.gms.ads.ChimeraMobileAdsSettingManagerCreatorImpl
02-19 14:26:35.621  6613  6621 I artd    : GetBestInfo: /data/user_de/0/com.google.android.gms/app_chimera/m/00000007/MeasurementDynamite.apk has no usable artifacts
02-19 14:26:35.623  6613  6621 I artd    : GetBestInfo: /data/user_de/0/com.google.android.gms/app_chimera/m/00000018/dl-AdsFdrDynamite.integ_254380203100000.apk has no usable artifacts
02-19 14:26:35.675   752  1456 D ConnectivityService: requestNetwork for uid/pid:10217/7388 activeRequest: null callbackRequest: 519 [NetworkRequest [ REQUEST id=520, [ Capabilities: INTERNET&NOT_RESTRICTED&TRUSTED&NOT_VCN_MANAGED&NOT_BANDWIDTH_CONSTRAINED Uid: 10217 RequestorUid: 10217 RequestorPkg: viva.republica.toss.test UnderlyingNetworks: Null] ]] callback flags: 0 order: 2147483647 isUidTracked: false declaredMethods: AVAIL|LOST
02-19 14:26:35.677   752  1023 D OemPaidWifiNetworkFactory: got request NetworkRequest [ REQUEST id=520, [ Capabilities: INTERNET&NOT_RESTRICTED&TRUSTED&NOT_VCN_MANAGED&NOT_BANDWIDTH_CONSTRAINED Uid: 10217 RequestorUid: 10217 RequestorPkg: viva.republica.toss.test UnderlyingNetworks: Null] ]
02-19 14:26:35.677   752  1023 D MultiInternetWifiNetworkFactory: got request NetworkRequest [ REQUEST id=520, [ Capabilities: INTERNET&NOT_RESTRICTED&TRUSTED&NOT_VCN_MANAGED&NOT_BANDWIDTH_CONSTRAINED Uid: 10217 RequestorUid: 10217 RequestorPkg: viva.republica.toss.test UnderlyingNetworks: Null] ]
02-19 14:26:35.677   752  1029 D ConnectivityService: NetReassign [520 : null → 107] [c 0] [a 1] [i 1]
02-19 14:26:35.677   752  1023 D WifiNetworkFactory: got request NetworkRequest [ REQUEST id=520, [ Capabilities: INTERNET&NOT_RESTRICTED&TRUSTED&NOT_VCN_MANAGED&NOT_BANDWIDTH_CONSTRAINED Uid: 10217 RequestorUid: 10217 RequestorPkg: viva.republica.toss.test UnderlyingNetworks: Null] ]
02-19 14:26:35.678   752  1023 D UntrustedWifiNetworkFactory: got request NetworkRequest [ REQUEST id=520, [ Capabilities: INTERNET&NOT_RESTRICTED&TRUSTED&NOT_VCN_MANAGED&NOT_BANDWIDTH_CONSTRAINED Uid: 10217 RequestorUid: 10217 RequestorPkg: viva.republica.toss.test UnderlyingNetworks: Null] ]
02-19 14:26:35.698  7388  7577 D DynamitePackage: Instantiating com.google.android.gms.ads.ChimeraAdPreloaderCreatorImpl
02-19 14:26:35.738  7388  7577 W unknown:ReactContext: initializeMessageQueueThreads() is called.
02-19 14:26:35.743  7388  7388 W unknown:ReactNative: Packager connection already open, nooping.
02-19 14:26:35.776   752  1095 D BackgroundInstallControlService: Package event received: 0
02-19 14:26:35.784  3453  3453 D BoundBrokerSvc: onBind: Intent { act=com.google.android.gms.appset.service.START dat=chimera-action:/... xflg=0x4 cmp=com.google.android.gms/.chimera.GmsApiService }
02-19 14:26:35.784  3453  3453 D BoundBrokerSvc: Loading bound service for intent: Intent { act=com.google.android.gms.appset.service.START dat=chimera-action:/... xflg=0x4 cmp=com.google.android.gms/.chimera.GmsApiService }
02-19 14:26:35.799   752  1095 D BackgroundInstallControlService: Package event received: 0
02-19 14:26:35.810   752  1456 D ActivityManager: sync unfroze 3794 com.android.vending for 6
02-19 14:26:35.813   752  1095 D BackgroundInstallControlService: Package event received: 0
02-19 14:26:35.851  7388  7600 W unknown:ViewManagerPropertyUpdater: Could not find generated setter for class com.facebook.react.views.traceupdateoverlay.TraceUpdateOverlayManager
02-19 14:26:35.864  7388  7600 W unknown:ViewManagerPropertyUpdater: Could not find generated setter for class com.facebook.react.uimanager.LayoutShadowNode
02-19 14:26:35.867  7388  7600 W unknown:ViewManagerPropertyUpdater: Could not find generated setter for class com.facebook.react.views.drawer.ReactDrawerLayoutManager
02-19 14:26:35.870  7388  7600 W unknown:ViewManagerPropertyUpdater: Could not find generated setter for class com.facebook.react.views.scroll.ReactHorizontalScrollViewManager
02-19 14:26:35.873   752  2377 W ProcessStats: Tracking association SourceState{afcfb90 com.google.android.gms/10148 BTop #17784} whose proc state 2 is better than process ProcessState{a867855 com.android.vending/10146 pkg=com.android.vending} proc state 14 (5 skipped)
02-19 14:26:35.880  7388  7600 W unknown:ViewManagerPropertyUpdater: Could not find generated setter for class com.facebook.react.views.scroll.ReactHorizontalScrollContainerViewManager
02-19 14:26:35.885  7388  7600 W unknown:ViewManagerPropertyUpdater: Could not find generated setter for class com.facebook.react.views.progressbar.ReactProgressBarViewManager
02-19 14:26:35.891  7388  7600 W unknown:ViewManagerPropertyUpdater: Could not find generated setter for class com.facebook.react.views.progressbar.ProgressBarShadowNode
02-19 14:26:35.894  7388  7600 W unknown:ViewManagerPropertyUpdater: Could not find generated setter for class com.facebook.react.views.scroll.ReactScrollViewManager
02-19 14:26:35.916  7388  7600 W unknown:ViewManagerPropertyUpdater: Could not find generated setter for class com.facebook.react.views.switchview.ReactSwitchManager
02-19 14:26:35.924  7388  7600 W unknown:ViewManagerPropertyUpdater: Could not find generated setter for class com.facebook.react.views.switchview.ReactSwitchManager$ReactSwitchShadowNode
02-19 14:26:35.925  7388  7600 W unknown:ViewManagerPropertyUpdater: Could not find generated setter for class com.facebook.react.views.swiperefresh.SwipeRefreshLayoutManager
02-19 14:26:35.930   752  1233 D ConnectivityService: requestNetwork for uid/pid:10217/7388 activeRequest: null callbackRequest: 521 [NetworkRequest [ REQUEST id=522, [ Capabilities: INTERNET&NOT_RESTRICTED&TRUSTED&NOT_VCN_MANAGED&NOT_BANDWIDTH_CONSTRAINED Uid: 10217 RequestorUid: 10217 RequestorPkg: viva.republica.toss.test UnderlyingNetworks: Null] ]] callback flags: 0 order: 2147483647 isUidTracked: false declaredMethods: AVAIL|LOST|NC|LP
02-19 14:26:35.930  7388  7600 W unknown:ViewManagerPropertyUpdater: Could not find generated setter for class com.facebook.react.views.text.frescosupport.FrescoBasedReactTextInlineImageViewManager
02-19 14:26:35.934  7388  7600 W unknown:ViewManagerPropertyUpdater: Could not find generated setter for class com.facebook.react.views.text.frescosupport.FrescoBasedReactTextInlineImageShadowNode
02-19 14:26:35.935  7388  7600 W unknown:ViewManagerPropertyUpdater: Could not find generated setter for class com.facebook.react.views.image.ReactImageManager
02-19 14:26:35.941  7388  7599 D nativeloader: Load /data/data/viva.republica.toss.test/libtcj.so using class loader ns clns-9 (caller=<unknown>): ok
02-19 14:26:35.946   752  1023 D OemPaidWifiNetworkFactory: got request NetworkRequest [ REQUEST id=522, [ Capabilities: INTERNET&NOT_RESTRICTED&TRUSTED&NOT_VCN_MANAGED&NOT_BANDWIDTH_CONSTRAINED Uid: 10217 RequestorUid: 10217 RequestorPkg: viva.republica.toss.test UnderlyingNetworks: Null] ]
02-19 14:26:35.949   752  1029 D ConnectivityService: NetReassign [522 : null → 107] [c 0] [a 6] [i 10]
02-19 14:26:35.951   752  1023 D MultiInternetWifiNetworkFactory: got request NetworkRequest [ REQUEST id=522, [ Capabilities: INTERNET&NOT_RESTRICTED&TRUSTED&NOT_VCN_MANAGED&NOT_BANDWIDTH_CONSTRAINED Uid: 10217 RequestorUid: 10217 RequestorPkg: viva.republica.toss.test UnderlyingNetworks: Null] ]
02-19 14:26:35.952   752  1023 D WifiNetworkFactory: got request NetworkRequest [ REQUEST id=522, [ Capabilities: INTERNET&NOT_RESTRICTED&TRUSTED&NOT_VCN_MANAGED&NOT_BANDWIDTH_CONSTRAINED Uid: 10217 RequestorUid: 10217 RequestorPkg: viva.republica.toss.test UnderlyingNetworks: Null] ]
02-19 14:26:35.953   752  1023 D UntrustedWifiNetworkFactory: got request NetworkRequest [ REQUEST id=522, [ Capabilities: INTERNET&NOT_RESTRICTED&TRUSTED&NOT_VCN_MANAGED&NOT_BANDWIDTH_CONSTRAINED Uid: 10217 RequestorUid: 10217 RequestorPkg: viva.republica.toss.test UnderlyingNetworks: Null] ]
02-19 14:26:35.953  7388  7600 W unknown:ViewManagerPropertyUpdater: Could not find generated setter for class com.facebook.react.views.modal.ReactModalHostManager
02-19 14:26:35.955  7388  7600 W unknown:ViewManagerPropertyUpdater: Could not find generated setter for class com.facebook.react.views.modal.ModalHostShadowNode
02-19 14:26:35.968   752  1029 D ConnectivityService: NetReassign [no changes] [c 1] [a 1] [i 13]
02-19 14:26:35.976  7388  7600 W unknown:ViewManagerPropertyUpdater: Could not find generated setter for class com.facebook.react.views.text.ReactRawTextManager
02-19 14:26:35.979  7388  7600 W unknown:ViewManagerPropertyUpdater: Could not find generated setter for class com.facebook.react.views.text.ReactRawTextShadowNode
02-19 14:26:35.980  7388  7600 W unknown:ViewManagerPropertyUpdater: Could not find generated setter for class com.facebook.react.views.textinput.ReactTextInputManager
02-19 14:26:35.936  7388  7388 W mqt_js  : type=1400 audit(0.0:253): avc:  granted  { execute } for  path="/data/data/viva.republica.toss.test/libtcj.so" dev="dm-55" ino=363060 scontext=u:r:untrusted_app:s0:c217,c256,c512,c768 tcontext=u:object_r:app_data_file:s0:c217,c256,c512,c768 tclass=file app=viva.republica.toss.test
02-19 14:26:35.988  7388  7600 W unknown:ViewManagerPropertyUpdater: Could not find generated setter for class com.facebook.react.views.textinput.ReactTextInputShadowNode
02-19 14:26:35.992  7388  7600 W unknown:ViewManagerPropertyUpdater: Could not find generated setter for class com.facebook.react.views.text.ReactTextViewManager
02-19 14:26:35.994  7388  7600 W unknown:ViewManagerPropertyUpdater: Could not find generated setter for class com.facebook.react.views.text.ReactTextShadowNode
02-19 14:26:35.995  7388  7600 W unknown:ViewManagerPropertyUpdater: Could not find generated setter for class com.facebook.react.views.view.ReactViewManager
02-19 14:26:35.997  7388  7600 W unknown:ViewManagerPropertyUpdater: Could not find generated setter for class com.facebook.react.views.text.ReactVirtualTextViewManager
02-19 14:26:35.998  7388  7600 W unknown:ViewManagerPropertyUpdater: Could not find generated setter for class com.facebook.react.views.text.ReactVirtualTextShadowNode
02-19 14:26:35.998  7388  7600 W unknown:ViewManagerPropertyUpdater: Could not find generated setter for class com.facebook.react.views.unimplementedview.ReactUnimplementedViewManager
02-19 14:26:35.999  7388  7600 W unknown:ViewManagerPropertyUpdater: Could not find generated setter for class com.shopify.reactnative.flash_list.AutoLayoutViewManager
02-19 14:26:36.001  7388  7600 W unknown:ViewManagerPropertyUpdater: Could not find generated setter for class com.shopify.reactnative.flash_list.CellContainerManager
02-19 14:26:36.002  7388  7600 W unknown:ViewManagerPropertyUpdater: Could not find generated setter for class com.airbnb.android.react.lottie.LottieAnimationViewManager
02-19 14:26:36.006  3794  3876 I Finsky  : [70] Current account updated in PVS
02-19 14:26:36.009  7388  7600 W unknown:ViewManagerPropertyUpdater: Could not find generated setter for class com.swmansion.gesturehandler.react.RNGestureHandlerRootViewManager
02-19 14:26:36.010  7388  7600 W unknown:ViewManagerPropertyUpdater: Could not find generated setter for class com.swmansion.gesturehandler.react.RNGestureHandlerButtonViewManager
02-19 14:26:36.011  7388  7600 W unknown:ViewManagerPropertyUpdater: Could not find generated setter for class io.invertase.googlemobileads.ReactNativeGoogleMobileAdsBannerAdViewManager
02-19 14:26:36.012  7388  7600 W unknown:ViewManagerPropertyUpdater: Could not find generated setter for class com.reactnativepagerview.PagerViewViewManager
02-19 14:26:36.013  7388  7600 W unknown:ViewManagerPropertyUpdater: Could not find generated setter for class com.th3rdwave.safeareacontext.SafeAreaProviderManager
02-19 14:26:36.014  7388  7600 W unknown:ViewManagerPropertyUpdater: Could not find generated setter for class com.th3rdwave.safeareacontext.SafeAreaViewManager
02-19 14:26:36.015  3794  3873 I Finsky  : [67] Current account updated in PVS
02-19 14:26:36.015  7388  7600 W unknown:ViewManagerPropertyUpdater: Could not find generated setter for class o.eglCreatePlatformPixmapSurface
02-19 14:26:36.015  3794  3876 I Finsky  : [70] Current account updated in PVS
02-19 14:26:36.015  7388  7600 W unknown:ViewManagerPropertyUpdater: Could not find generated setter for class com.swmansion.rnscreens.ScreenContainerViewManager
02-19 14:26:36.016  7388  7600 W unknown:ViewManagerPropertyUpdater: Could not find generated setter for class com.swmansion.rnscreens.ScreenViewManager
02-19 14:26:36.018  7388  7600 W unknown:ViewManagerPropertyUpdater: Could not find generated setter for class com.swmansion.rnscreens.ScreenStackViewManager
02-19 14:26:36.019  7388  7600 W unknown:ViewManagerPropertyUpdater: Could not find generated setter for class com.swmansion.rnscreens.ScreenStackHeaderConfigViewManager
02-19 14:26:36.020  7388  7600 W unknown:ViewManagerPropertyUpdater: Could not find generated setter for class com.swmansion.rnscreens.ScreenStackHeaderSubviewManager
02-19 14:26:36.021  7388  7600 W unknown:ViewManagerPropertyUpdater: Could not find generated setter for class com.swmansion.rnscreens.SearchBarManager
02-19 14:26:36.022  7388  7600 W unknown:ViewManagerPropertyUpdater: Could not find generated setter for class com.horcrux.svg.RenderableViewManager$DefsViewManager
02-19 14:26:36.025  7388  7600 W unknown:ViewManagerPropertyUpdater: Could not find generated setter for class com.horcrux.svg.VirtualViewManager$RemoteActionCompatParcelizer
02-19 14:26:36.025  7388  7600 W unknown:ViewManagerPropertyUpdater: Could not find generated setter for class com.horcrux.svg.RenderableViewManager$MarkerManager
02-19 14:26:36.029  7388  7600 W unknown:ViewManagerPropertyUpdater: Could not find generated setter for class com.horcrux.svg.RenderableViewManager$ForeignObjectManager
02-19 14:26:36.031  7388  7600 W unknown:ViewManagerPropertyUpdater: Could not find generated setter for class com.horcrux.svg.RenderableViewManager$EllipseViewManager
02-19 14:26:36.033  7388  7600 W unknown:ViewManagerPropertyUpdater: Could not find generated setter for class com.horcrux.svg.RenderableViewManager$LineViewManager
02-19 14:26:36.034  7388  7600 W unknown:ViewManagerPropertyUpdater: Could not find generated setter for class com.horcrux.svg.RenderableViewManager$LinearGradientManager
02-19 14:26:36.036  7388  7600 W unknown:ViewManagerPropertyUpdater: Could not find generated setter for class com.horcrux.svg.RenderableViewManager$GroupViewManager
02-19 14:26:36.038  7388  7600 W unknown:ViewManagerPropertyUpdater: Could not find generated setter for class com.horcrux.svg.RenderableViewManager$TextViewManager
02-19 14:26:36.040  7388  7600 W unknown:ViewManagerPropertyUpdater: Could not find generated setter for class com.horcrux.svg.RenderableViewManager$ImageViewManager
02-19 14:26:36.042  7388  7600 W unknown:ViewManagerPropertyUpdater: Could not find generated setter for class com.horcrux.svg.RenderableViewManager$ClipPathViewManager
02-19 14:26:36.043  7388  7600 W unknown:ViewManagerPropertyUpdater: Could not find generated setter for class com.horcrux.svg.RenderableViewManager$RadialGradientManager
02-19 14:26:36.045  7388  7600 W unknown:ViewManagerPropertyUpdater: Could not find generated setter for class com.horcrux.svg.RenderableViewManager$MaskManager
02-19 14:26:36.047  7388  7600 W unknown:ViewManagerPropertyUpdater: Could not find generated setter for class com.horcrux.svg.RenderableViewManager$SymbolManager
02-19 14:26:36.049  7388  7600 W unknown:ViewManagerPropertyUpdater: Could not find generated setter for class com.horcrux.svg.RenderableViewManager$PatternManager
02-19 14:26:36.051  7388  7600 W unknown:ViewManagerPropertyUpdater: Could not find generated setter for class com.horcrux.svg.RenderableViewManager$RectViewManager
02-19 14:26:36.054  7388  7600 W unknown:ViewManagerPropertyUpdater: Could not find generated setter for class com.horcrux.svg.RenderableViewManager$TextPathViewManager
02-19 14:26:36.055  7388  7600 W unknown:ViewManagerPropertyUpdater: Could not find generated setter for class com.horcrux.svg.SvgViewManager
02-19 14:26:36.056  7388  7600 W unknown:ViewManagerPropertyUpdater: Could not find generated setter for class com.horcrux.svg.RenderableViewManager$PathViewManager
02-19 14:26:36.057  7388  7600 W unknown:ViewManagerPropertyUpdater: Could not find generated setter for class com.horcrux.svg.RenderableViewManager$UseViewManager
02-19 14:26:36.058  7388  7600 W unknown:ViewManagerPropertyUpdater: Could not find generated setter for class com.horcrux.svg.RenderableViewManager$CircleViewManager
02-19 14:26:36.060  7388  7600 W unknown:ViewManagerPropertyUpdater: Could not find generated setter for class com.horcrux.svg.RenderableViewManager$TSpanViewManager
02-19 14:26:36.062  7388  7600 W unknown:ViewManagerPropertyUpdater: Could not find generated setter for class com.brentvatne.exoplayer.ReactExoplayerViewManager
02-19 14:26:36.063  7388  7600 W unknown:ViewManagerPropertyUpdater: Could not find generated setter for class com.reactnativecommunity.webview.RNCWebViewManager
02-19 14:26:36.066  7388  7600 W unknown:ViewManagerPropertyUpdater: Could not find generated setter for class im.toss.rn.granite.core.module.image.FastImageViewManager
