02-19 14:26:36.071  7388  7600 W unknown:ReactContext: initializeMessageQueueThreads() is called.
02-19 14:26:36.228  7388  7442 W cr_media: BLUETOOTH_CONNECT permission is missing.
02-19 14:26:36.234  7388  7442 W cr_media: getBluetoothAdapter() requires BLUETOOTH permission
02-19 14:26:36.235  7388  7442 W cr_media: registerBluetoothIntentsIfNeeded: Requires BLUETOOTH permission
02-19 14:26:36.285  7411  7437 I cr_LibraryLoader: Successfully loaded native library
02-19 14:26:36.286  7411  7437 I cr_CachingUmaRecorder: Flushed 2 samples from 2 histograms, 0 samples were dropped.
02-19 14:26:36.297  7411  7437 W SystemServiceRegistry: No service published for: uimode
02-19 14:26:36.440  7388  7614 W libc    : Access denied finding property "vendor.mesa.log"
02-19 14:26:36.440  7388  7614 W libc    : Access denied finding property "vendor.mesa.log.file"
02-19 14:26:36.440  7388  7614 E MESA    : Failed to open rendernode: No such file or directory
02-19 14:26:36.448  7411  7437 W chromium: [WARNING:runtime_features.cc(560)] Fenced frames cannot be enabled in this configuration. Use --enable-features=FencedFrames instead.
02-19 14:26:36.448  7411  7437 W chromium: [WARNING:runtime_features.cc(585)] Topics cannot be enabled in this configuration. Use --enable-features=BrowsingTopics in addition.
02-19 14:26:36.448  7411  7437 W chromium: [WARNING:runtime_features.cc(606)] SharedStorage cannot be enabled in this configuration. Use --enable-features=SharedStorageAPI in addition.
02-19 14:26:36.511  3453  3453 D BoundBrokerSvc: onBind: Intent { act=com.google.android.gms.safebrowsing.SafeBrowsingService.START dat=chimera-action:/... xflg=0x4 cmp=com.google.android.gms/.chimera.GmsBoundBrokerService }
02-19 14:26:36.515  3453  3453 D BoundBrokerSvc: Loading bound service for intent: Intent { act=com.google.android.gms.safebrowsing.SafeBrowsingService.START dat=chimera-action:/... xflg=0x4 cmp=com.google.android.gms/.chimera.GmsBoundBrokerService }
02-19 14:26:36.539 20068 30647 I FontLog : (REDACTED) Received query %s, URI %s
02-19 14:26:36.549 20068 30647 I FontLog : (REDACTED) Query [%s] resolved to %s
02-19 14:26:36.559 20068 30647 I FontLog : (REDACTED) Font PFD returned from cache for %s
02-19 14:26:36.559 20068 30647 I FontLog : (REDACTED) Fetch %s end status %s
02-19 14:26:36.567 20068 20154 I FontLog : (REDACTED) Pulling font file for id = %d, cache size = %d
02-19 14:26:36.570  7580  7580 W screencap: Thread Pool max thread count is 0. Cannot cache binder as linkToDeath cannot be implemented. serviceName: SurfaceFlingerAIDL
02-19 14:26:36.571  7580  7580 W BpBinder: Linking to death on android.gui.ISurfaceComposer but there are no threads (yet?) listening to incoming transactions. See ProcessState::startThreadPool and ProcessState::setThreadPoolMaxThreadCount. Generally you should setup the binder threadpool before other initialization steps.
02-19 14:26:36.572  7580  7580 W ProcessState: Extra binder thread started, but 0 threads requested. Do not use *startThreadPool when zero threads are requested.
02-19 14:26:36.576 20068 30647 I FontLog : (REDACTED) Received query %s, URI %s
02-19 14:26:36.577 20068 30647 I FontLog : (REDACTED) Query [%s] resolved to %s
02-19 14:26:36.579 20068 30647 I FontLog : (REDACTED) Fetch %s end status %s
02-19 14:26:36.581   531   548 E HwcComposer: getLuts failed Status(-8, EX_SERVICE_SPECIFIC): '8: '
02-19 14:26:36.582   531   548 E HWComposer: getLuts: getLuts failed for display 4619827259835644672: UNSUPPORTED (8)
02-19 14:26:36.600 20068 20154 I FontLog : (REDACTED) Pulling font file for id = %d, cache size = %d
02-19 14:26:36.605 20068 20154 I FontLog : (REDACTED) Received query %s, URI %s
02-19 14:26:36.605 20068 20154 I FontLog : (REDACTED) Query [%s] resolved to %s
02-19 14:26:36.614 20068 20154 I FontLog : (REDACTED) Font PFD returned from cache for %s
02-19 14:26:36.614 20068 20154 I FontLog : (REDACTED) Fetch %s end status %s
02-19 14:26:36.632   752   805 I ActivityManager: Test idle passed
02-19 14:26:36.639 20068 20076 I FontLog : (REDACTED) Pulling font file for id = %d, cache size = %d
02-19 14:26:36.673  7388  7614 D vulkan  : searching for layers in '/data/app/~~NUQj-rdXzuicW-16SIRtKA==/viva.republica.toss.test-Si406wFvb_sqEA2GTBV6RQ==/lib/x86_64'
02-19 14:26:36.678 20068 20076 I FontLog : (REDACTED) Received query %s, URI %s
02-19 14:26:36.679 20068 20076 I FontLog : (REDACTED) Query [%s] resolved to %s
02-19 14:26:36.680  7388  7614 D vulkan  : searching for layers in '/data/app/~~NUQj-rdXzuicW-16SIRtKA==/viva.republica.toss.test-Si406wFvb_sqEA2GTBV6RQ==/base.apk!/lib/x86_64'
02-19 14:26:36.681 20068 20076 I FontLog : (REDACTED) Font PFD returned from cache for %s
02-19 14:26:36.681 20068 20076 I FontLog : (REDACTED) Fetch %s end status %s
02-19 14:26:36.698 20068 20076 I FontLog : (REDACTED) Pulling font file for id = %d, cache size = %d
02-19 14:26:36.723 20068 20076 I FontLog : (REDACTED) Received query %s, URI %s
02-19 14:26:36.724 20068 20076 I FontLog : (REDACTED) Query [%s] resolved to %s
02-19 14:26:36.728 20068 20076 I FontLog : (REDACTED) Font PFD returned from cache for %s
02-19 14:26:36.729 20068 20076 I FontLog : (REDACTED) Fetch %s end status %s
02-19 14:26:36.746 20068 20154 I FontLog : (REDACTED) Pulling font file for id = %d, cache size = %d
02-19 14:26:36.931   537   537 W adbd    : timeout expired while flushing socket, closing
02-19 14:26:37.019  7388  7614 W libc    : Access denied finding property "vendor.mesa.vk.trace.per.submit"
02-19 14:26:37.020  7388  7614 W libc    : Access denied finding property "vendor.mesa.gallium.print.optio"
02-19 14:26:37.020  7388  7614 W libc    : Access denied finding property "vendor.mesa.vk.trace.frame"
02-19 14:26:37.048  7388  7614 W libc    : Access denied finding property "vendor.mesa.vk.wsi.headless.swa"
02-19 14:26:37.172   752   775 I system_server: Background concurrent mark compact GC freed 17MB AllocSpace bytes, 34(688KB) LOS objects, 42% free, 32MB/56MB, paused 1.770ms,3.908ms total 535.864ms
02-19 14:26:37.238  7388  7614 W chromium: [WARNING:viz_main_impl.cc(85)] VizNullHypothesis is disabled (not a warning)
02-19 14:26:37.537  7422  7433 W earchbox:search: Suspending all threads took: 12.133ms
02-19 14:26:37.576   537   537 W adbd    : timeout expired while flushing socket, closing
02-19 14:26:37.688  7388  7599 D nativeloader: Load /data/app/~~NUQj-rdXzuicW-16SIRtKA==/viva.republica.toss.test-Si406wFvb_sqEA2GTBV6RQ==/lib/x86_64/libreactnativeblob.so using class loader ns clns-9 (caller=<unknown>): ok
