02-19 20:54:12.721 30295 30449 W unknown:ViewManagerPropertyUpdater: Could not find generated setter for class com.facebook.react.views.modal.ReactModalHostManager
02-19 20:54:12.724 30295 30449 W unknown:ViewManagerPropertyUpdater: Could not find generated setter for class com.facebook.react.views.modal.ModalHostShadowNode
02-19 20:54:12.724 30295 30449 W unknown:ViewManagerPropertyUpdater: Could not find generated setter for class com.facebook.react.views.text.ReactRawTextManager
02-19 20:54:12.726 30295 30449 W unknown:ViewManagerPropertyUpdater: Could not find generated setter for class com.facebook.react.views.text.ReactRawTextShadowNode
02-19 20:54:12.728 30295 30449 W unknown:ViewManagerPropertyUpdater: Could not find generated setter for class com.facebook.react.views.textinput.ReactTextInputManager
02-19 20:54:12.743 30295 30449 W unknown:ViewManagerPropertyUpdater: Could not find generated setter for class com.facebook.react.views.textinput.ReactTextInputShadowNode
02-19 20:54:12.750 30295 30449 W unknown:ViewManagerPropertyUpdater: Could not find generated setter for class com.facebook.react.views.text.ReactTextViewManager
02-19 20:54:12.754 30295 30449 W unknown:ViewManagerPropertyUpdater: Could not find generated setter for class com.facebook.react.views.text.ReactTextShadowNode
02-19 20:54:12.756 30295 30449 W unknown:ViewManagerPropertyUpdater: Could not find generated setter for class com.facebook.react.views.view.ReactViewManager
02-19 20:54:12.760 30295 30449 W unknown:ViewManagerPropertyUpdater: Could not find generated setter for class com.facebook.react.views.text.ReactVirtualTextViewManager
02-19 20:54:12.761 30295 30449 W unknown:ViewManagerPropertyUpdater: Could not find generated setter for class com.facebook.react.views.text.ReactVirtualTextShadowNode
02-19 20:54:12.761 30295 30449 W unknown:ViewManagerPropertyUpdater: Could not find generated setter for class com.facebook.react.views.unimplementedview.ReactUnimplementedViewManager
02-19 20:54:12.762 19829 19970 I Finsky  : [71] Current account updated in PVS
02-19 20:54:12.765 30295 30449 W unknown:ViewManagerPropertyUpdater: Could not find generated setter for class com.shopify.reactnative.flash_list.AutoLayoutViewManager
02-19 20:54:12.768 30295 30449 W unknown:ViewManagerPropertyUpdater: Could not find generated setter for class com.shopify.reactnative.flash_list.CellContainerManager
02-19 20:54:12.772 30295 30449 W unknown:ViewManagerPropertyUpdater: Could not find generated setter for class com.airbnb.android.react.lottie.LottieAnimationViewManager
02-19 20:54:12.775 30295 30449 W unknown:ViewManagerPropertyUpdater: Could not find generated setter for class com.swmansion.gesturehandler.react.RNGestureHandlerRootViewManager
02-19 20:54:12.777 30295 30449 W unknown:ViewManagerPropertyUpdater: Could not find generated setter for class com.swmansion.gesturehandler.react.RNGestureHandlerButtonViewManager
02-19 20:54:12.779 30295 30449 W unknown:ViewManagerPropertyUpdater: Could not find generated setter for class io.invertase.googlemobileads.ReactNativeGoogleMobileAdsBannerAdViewManager
02-19 20:54:12.781 30295 30449 W unknown:ViewManagerPropertyUpdater: Could not find generated setter for class com.reactnativepagerview.PagerViewViewManager
02-19 20:54:12.783 30295 30449 W unknown:ViewManagerPropertyUpdater: Could not find generated setter for class com.th3rdwave.safeareacontext.SafeAreaProviderManager
02-19 20:54:12.785 30295 30449 W unknown:ViewManagerPropertyUpdater: Could not find generated setter for class com.th3rdwave.safeareacontext.SafeAreaViewManager
02-19 20:54:12.787 30295 30449 W unknown:ViewManagerPropertyUpdater: Could not find generated setter for class o.eglCreatePlatformPixmapSurface
02-19 20:54:12.789 30295 30449 W unknown:ViewManagerPropertyUpdater: Could not find generated setter for class com.swmansion.rnscreens.ScreenContainerViewManager
02-19 20:54:12.790 30295 30449 W unknown:ViewManagerPropertyUpdater: Could not find generated setter for class com.swmansion.rnscreens.ScreenViewManager
02-19 20:54:12.793 30295 30449 W unknown:ViewManagerPropertyUpdater: Could not find generated setter for class com.swmansion.rnscreens.ScreenStackViewManager
02-19 20:54:12.795 30295 30327 W cr_media: BLUETOOTH_CONNECT permission is missing.
02-19 20:54:12.796 30295 30327 W cr_media: getBluetoothAdapter() requires BLUETOOTH permission
02-19 20:54:12.796 30295 30327 W cr_media: registerBluetoothIntentsIfNeeded: Requires BLUETOOTH permission
02-19 20:54:12.804 30295 30449 W unknown:ViewManagerPropertyUpdater: Could not find generated setter for class com.swmansion.rnscreens.ScreenStackHeaderConfigViewManager
02-19 20:54:12.806 30295 30449 W unknown:ViewManagerPropertyUpdater: Could not find generated setter for class com.swmansion.rnscreens.ScreenStackHeaderSubviewManager
02-19 20:54:12.807 30295 30449 W unknown:ViewManagerPropertyUpdater: Could not find generated setter for class com.swmansion.rnscreens.SearchBarManager
02-19 20:54:12.809 30295 30449 W unknown:ViewManagerPropertyUpdater: Could not find generated setter for class com.horcrux.svg.RenderableViewManager$DefsViewManager
02-19 20:54:12.812 30295 30449 W unknown:ViewManagerPropertyUpdater: Could not find generated setter for class com.horcrux.svg.VirtualViewManager$RemoteActionCompatParcelizer
02-19 20:54:12.812 30295 30449 W unknown:ViewManagerPropertyUpdater: Could not find generated setter for class com.horcrux.svg.RenderableViewManager$MarkerManager
02-19 20:54:12.817 30295 30449 W unknown:ViewManagerPropertyUpdater: Could not find generated setter for class com.horcrux.svg.RenderableViewManager$ForeignObjectManager
02-19 20:54:12.820 30295 30449 W unknown:ViewManagerPropertyUpdater: Could not find generated setter for class com.horcrux.svg.RenderableViewManager$EllipseViewManager
02-19 20:54:12.821 30295 30455 W libc    : Access denied finding property "vendor.mesa.log"
02-19 20:54:12.821 30295 30455 W libc    : Access denied finding property "vendor.mesa.log.file"
02-19 20:54:12.822 30295 30455 E MESA    : Failed to open rendernode: No such file or directory
02-19 20:54:12.832 30295 30449 W unknown:ViewManagerPropertyUpdater: Could not find generated setter for class com.horcrux.svg.RenderableViewManager$LineViewManager
02-19 20:54:12.843 30295 30449 W unknown:ViewManagerPropertyUpdater: Could not find generated setter for class com.horcrux.svg.RenderableViewManager$LinearGradientManager
02-19 20:54:12.847 30295 30449 W unknown:ViewManagerPropertyUpdater: Could not find generated setter for class com.horcrux.svg.RenderableViewManager$GroupViewManager
02-19 20:54:12.848 30295 30449 W unknown:ViewManagerPropertyUpdater: Could not find generated setter for class com.horcrux.svg.RenderableViewManager$TextViewManager
02-19 20:54:12.851 30295 30449 W unknown:ViewManagerPropertyUpdater: Could not find generated setter for class com.horcrux.svg.RenderableViewManager$ImageViewManager
02-19 20:54:12.852 30295 30449 W unknown:ViewManagerPropertyUpdater: Could not find generated setter for class com.horcrux.svg.RenderableViewManager$ClipPathViewManager
02-19 20:54:12.853 30295 30449 W unknown:ViewManagerPropertyUpdater: Could not find generated setter for class com.horcrux.svg.RenderableViewManager$RadialGradientManager
02-19 20:54:12.854 30295 30449 W unknown:ViewManagerPropertyUpdater: Could not find generated setter for class com.horcrux.svg.RenderableViewManager$MaskManager
02-19 20:54:12.855 30295 30449 W unknown:ViewManagerPropertyUpdater: Could not find generated setter for class com.horcrux.svg.RenderableViewManager$SymbolManager
02-19 20:54:12.857 30295 30449 W unknown:ViewManagerPropertyUpdater: Could not find generated setter for class com.horcrux.svg.RenderableViewManager$PatternManager
02-19 20:54:12.860 30295 30449 W unknown:ViewManagerPropertyUpdater: Could not find generated setter for class com.horcrux.svg.RenderableViewManager$RectViewManager
02-19 20:54:12.862 30295 30449 W unknown:ViewManagerPropertyUpdater: Could not find generated setter for class com.horcrux.svg.RenderableViewManager$TextPathViewManager
02-19 20:54:12.865 30295 30449 W unknown:ViewManagerPropertyUpdater: Could not find generated setter for class com.horcrux.svg.SvgViewManager
02-19 20:54:12.867 30295 30449 W unknown:ViewManagerPropertyUpdater: Could not find generated setter for class com.horcrux.svg.RenderableViewManager$PathViewManager
02-19 20:54:12.870 30295 30449 W unknown:ViewManagerPropertyUpdater: Could not find generated setter for class com.horcrux.svg.RenderableViewManager$UseViewManager
02-19 20:54:12.905 30295 30455 D vulkan  : searching for layers in '/data/app/~~NUQj-rdXzuicW-16SIRtKA==/viva.republica.toss.test-Si406wFvb_sqEA2GTBV6RQ==/lib/x86_64'
02-19 20:54:12.906 30295 30455 D vulkan  : searching for layers in '/data/app/~~NUQj-rdXzuicW-16SIRtKA==/viva.republica.toss.test-Si406wFvb_sqEA2GTBV6RQ==/base.apk!/lib/x86_64'
02-19 20:54:12.920 30295 30455 W libc    : Access denied finding property "vendor.mesa.vk.trace.per.submit"
02-19 20:54:12.921 30295 30455 W libc    : Access denied finding property "vendor.mesa.gallium.print.optio"
02-19 20:54:12.921 30295 30455 W libc    : Access denied finding property "vendor.mesa.vk.trace.frame"
02-19 20:54:12.927 30295 30455 W libc    : Access denied finding property "vendor.mesa.vk.wsi.headless.swa"
02-19 20:54:12.977 30325 30344 I cr_LibraryLoader: Successfully loaded native library
02-19 20:54:12.978 30325 30344 I cr_CachingUmaRecorder: Flushed 2 samples from 2 histograms, 0 samples were dropped.
02-19 20:54:12.985 30295 30449 W unknown:ViewManagerPropertyUpdater: Could not find generated setter for class com.horcrux.svg.RenderableViewManager$CircleViewManager
02-19 20:54:12.992 30295 30449 W unknown:ViewManagerPropertyUpdater: Could not find generated setter for class com.horcrux.svg.RenderableViewManager$TSpanViewManager
02-19 20:54:13.000 30295 30449 W unknown:ViewManagerPropertyUpdater: Could not find generated setter for class com.brentvatne.exoplayer.ReactExoplayerViewManager
02-19 20:54:13.008 30295 30449 W unknown:ViewManagerPropertyUpdater: Could not find generated setter for class com.reactnativecommunity.webview.RNCWebViewManager
02-19 20:54:13.019 30295 30455 W chromium: [WARNING:viz_main_impl.cc(85)] VizNullHypothesis is disabled (not a warning)
02-19 20:54:13.035 30325 30344 W SystemServiceRegistry: No service published for: uimode
02-19 20:54:13.041 30295 30449 W unknown:ViewManagerPropertyUpdater: Could not find generated setter for class im.toss.rn.granite.core.module.image.FastImageViewManager
02-19 20:54:13.058 30295 30449 W unknown:ReactContext: initializeMessageQueueThreads() is called.
02-19 20:54:13.060 19829 19966 I Finsky  : [70] Current account updated in PVS
02-19 20:54:13.072 30325 30344 W chromium: [WARNING:runtime_features.cc(560)] Fenced frames cannot be enabled in this configuration. Use --enable-features=FencedFrames instead.
02-19 20:54:13.079 30325 30344 W chromium: [WARNING:runtime_features.cc(585)] Topics cannot be enabled in this configuration. Use --enable-features=BrowsingTopics in addition.
02-19 20:54:13.079 30325 30344 W chromium: [WARNING:runtime_features.cc(606)] SharedStorage cannot be enabled in this configuration. Use --enable-features=SharedStorageAPI in addition.
02-19 20:54:13.112 19829 19970 I Finsky  : [71] Current account updated in PVS
02-19 20:54:13.113 19829 19970 I Finsky  : [71] Current account updated in PVS
02-19 20:54:13.137 19301 19312 I FontLog : (REDACTED) Received query %s, URI %s
02-19 20:54:13.138 19301 19312 I FontLog : (REDACTED) Query [%s] resolved to %s
02-19 20:54:13.167  3453  3453 D BoundBrokerSvc: onBind: Intent { act=com.google.android.gms.safebrowsing.SafeBrowsingService.START dat=chimera-action:/... xflg=0x4 cmp=com.google.android.gms/.chimera.GmsBoundBrokerService }
02-19 20:54:13.167  3453  3453 D BoundBrokerSvc: Loading bound service for intent: Intent { act=com.google.android.gms.safebrowsing.SafeBrowsingService.START dat=chimera-action:/... xflg=0x4 cmp=com.google.android.gms/.chimera.GmsBoundBrokerService }
02-19 20:54:13.190 19301 19312 I FontLog : (REDACTED) Font PFD returned from cache for %s
02-19 20:54:13.191 19301 19312 I FontLog : (REDACTED) Fetch %s end status %s
02-19 20:54:13.199 19301 19456 I FontLog : (REDACTED) Pulling font file for id = %d, cache size = %d
02-19 20:54:13.202 19301 19456 I FontLog : (REDACTED) Received query %s, URI %s
02-19 20:54:13.203 19301 19456 I FontLog : (REDACTED) Query [%s] resolved to %s
02-19 20:54:13.204 19301 19456 I FontLog : (REDACTED) Fetch %s end status %s
02-19 20:54:13.206 19301 19456 I FontLog : (REDACTED) Pulling font file for id = %d, cache size = %d
02-19 20:54:13.225 19301 19456 I FontLog : (REDACTED) Received query %s, URI %s
02-19 20:54:13.225 19301 19456 I FontLog : (REDACTED) Query [%s] resolved to %s
02-19 20:54:13.230 19301 19456 I FontLog : (REDACTED) Font PFD returned from cache for %s
02-19 20:54:13.231 19301 19456 I FontLog : (REDACTED) Fetch %s end status %s
02-19 20:54:13.234 19301 19312 I FontLog : (REDACTED) Pulling font file for id = %d, cache size = %d
02-19 20:54:13.243 19301 19312 I FontLog : (REDACTED) Received query %s, URI %s
02-19 20:54:13.243 19301 19312 I FontLog : (REDACTED) Query [%s] resolved to %s
02-19 20:54:13.244 19301 19312 I FontLog : (REDACTED) Font PFD returned from cache for %s
02-19 20:54:13.244 19301 19312 I FontLog : (REDACTED) Fetch %s end status %s
02-19 20:54:13.250 19301 19312 I FontLog : (REDACTED) Pulling font file for id = %d, cache size = %d
02-19 20:54:13.252 19301 19312 I FontLog : (REDACTED) Received query %s, URI %s
02-19 20:54:13.253 19301 19312 I FontLog : (REDACTED) Query [%s] resolved to %s
02-19 20:54:13.254 19301 19312 I FontLog : (REDACTED) Font PFD returned from cache for %s
02-19 20:54:13.254 19301 19312 I FontLog : (REDACTED) Fetch %s end status %s
02-19 20:54:13.262 19301 19312 I FontLog : (REDACTED) Pulling font file for id = %d, cache size = %d
02-19 20:54:13.437 30295 30302 W System  : A resource failed to call ZipFile.close. 
02-19 20:54:13.454 30469 30469 W dumpsys : Thread Pool max thread count is 0. Cannot cache binder as linkToDeath cannot be implemented. serviceName: window
02-19 20:54:13.687   752   775 I system_server: Background concurrent mark compact GC freed 23MB AllocSpace bytes, 65(1512KB) LOS objects, 41% free, 33MB/57MB, paused 4.773ms,3.324ms total 193.972ms
02-19 20:54:13.688   752   776 I BpBinder: onLastStrongRef automatically unlinking death recipients: 
02-19 20:54:13.705   752   777 W System  : A resource failed to call release. 
02-19 20:54:13.746 30295 30448 D nativeloader: Load /data/app/~~NUQj-rdXzuicW-16SIRtKA==/viva.republica.toss.test-Si406wFvb_sqEA2GTBV6RQ==/lib/x86_64/libreactnativeblob.so using class loader ns clns-9 (caller=<unknown>): ok
02-19 20:54:13.749 30295 30295 I Ads     : JS: The jsLoaded GMSG has been sent (https://googleads.g.doubleclick.net/mads/static/sdk/native/sdk-core-v40.html:1025)
02-19 20:54:13.765   537   537 W adbd    : timeout expired while flushing socket, closing
02-19 20:54:13.801 30295 30295 W unknown:ReactContext: initializeMessageQueueThreads() is called.
02-19 20:54:13.820   752  1790 W ActivityTaskManager: callingPackage for (uid=2000, pid=30477) has no WPC
02-19 20:54:13.822   752  1790 D CompatChangeReporter: Compat change id reported: 151861875; UID 10217; state: ENABLED
02-19 20:54:13.823   752  1790 V GrammaticalInflectionUtils: AttributionSource: android.content.AttributionSource@56784557 does not have READ_SYSTEM_GRAMMATICAL_GENDER permission.
02-19 20:54:13.823   752  1790 W OptProp : Cannot read opt property android.window.PROPERTY_COMPAT_ALLOW_USER_ASPECT_RATIO_OVERRIDE
02-19 20:54:13.823   752  1790 W OptProp : Cannot read opt property android.window.PROPERTY_COMPAT_ALLOW_USER_ASPECT_RATIO_FULLSCREEN_OVERRIDE
02-19 20:54:13.824   752  1790 W OptProp : Cannot read opt property android.window.PROPERTY_COMPAT_ALLOW_RESIZEABLE_ACTIVITY_OVERRIDES
02-19 20:54:13.824   752  1790 W OptProp : Cannot read opt property android.window.PROPERTY_COMPAT_ALLOW_MIN_ASPECT_RATIO_OVERRIDE
02-19 20:54:13.847   531   549 I BpBinder: onLastStrongRef automatically unlinking death recipients: 
02-19 20:54:13.847   752  1790 I ActivityTaskManager: START u0 {act=android.intent.action.VIEW dat=intoss://takealook/... flg=0x10000000 xflg=0x4 cmp=viva.republica.toss.test/im.toss.rn.granite.core.GraniteActivity} with LAUNCH_MULTIPLE from uid 2000 (BAL_ALLOW_PERMISSION) result code=2
02-19 20:54:13.850  4449  4467 V WindowManagerShell: Transition requested (#960): android.os.BinderProxy@816132 TransitionRequestInfo { type = OPEN, triggerTask = TaskInfo{userId=0 taskId=125 effectiveUid=10217 displayId=0 isRunning=true baseIntent=Intent { act=android.intent.action.VIEW dat=intoss://takealook/... flg=0x10000000 cmp=viva.republica.toss.test/im.toss.rn.granite.core.GraniteActivity } baseActivity=ComponentInfo{viva.republica.toss.test/im.toss.rn.granite.core.GraniteActivity} topActivity=ComponentInfo{viva.republica.toss.test/im.toss.rn.granite.core.GraniteActivity} origActivity=null realActivity=ComponentInfo{viva.republica.toss.test/im.toss.rn.granite.core.GraniteActivity} numActivities=1 lastActiveTime=113523975 supportsMultiWindow=true resizeMode=1 isResizeable=true minWidth=-1 minHeight=-1 defaultMinSize=220 token=WCT{android.window.IWindowContainerToken$Stub$Proxy@15fce83} topActivityType=1 pictureInPictureParams=null shouldDockBigOverlays=false launchIntoPipHostTaskId=-1 lastParentTaskIdBeforePip=-1 displayCutoutSafeInsets=Rect(0, 0 - 0, 0) topActivityInfo=ActivityInfo{3090800 im.toss.rn.granite.core.GraniteActivity} launchCookies=[] positionInParent=Point(0, 0) parentTaskId=-1 isFocused=false isVisible=false isVisibleRequested=false isTopActivityNoDisplay=false isSleeping=false locusId=null displayAreaFeatureId=1 isTopActivityTransparent=false isActivityStackTransparent=false lastNonFullscreenBounds=Rect(284, 660 - 796, 1740) capturedLink=null capturedLinkTimestamp=0 requestedVisibleTypes=-9 topActivityRequestOpenInBrowserEducationTimestamp=0 appCompatTaskInfo=AppCompatTaskInfo { topActivityInSizeCompat=false eligibleForLetterboxEducation= false isLetterboxEducationEnabled= true isLetterboxDoubleTapEnabled= false eligibleForUserAspectRatioButton= false topActivityBoundsLetterboxed= false isFromLetterboxDoubleTap= false topActivityLetterboxVerticalPosition= -1 topActivityLetterboxHorizontalPosition= -1 topActivityLetterboxWidth=-1 topActivityLetterboxHeight=-1 topActivityAppBounds=Rect(0, 0 - 1080, 2400) isUserFullscreenOverrideEnabled=false isSystemFullscreenOverrideEnabled=false hasMinAspectRatioOverride=false topActivityLetterboxBounds=null cameraCompatTaskInfo=CameraCompatTaskInfo { freeformCameraCompatMode=inactive}} topActivityMainWindowFrame=null}, pipChange = null, remoteTransition = null, displayChange = null, flags = 0, debugId = 960 }
02-19 20:54:13.850  4449  4467 D ShellSplitScreen: logExit: no-op, mLoggerSessionId is null
02-19 20:54:13.853  4449  4467 D WindowManagerShell: onActivityRestartAttempt: topActivity=ComponentInfo{viva.republica.toss.test/im.toss.rn.granite.core.GraniteActivity}, wasVisible=false
02-19 20:54:13.854 19166 19166 W SplitSelectStateCtor: Missing session instanceIds
02-19 20:54:13.854 19166 19166 D StatsLog: LAUNCHER_SPLIT_SELECTION_EXIT_INTERRUPTED
02-19 20:54:13.856  4449  4474 V SnapshotDrawerUtils: Drawing snapshot surface sizeMismatch=true
02-19 20:54:13.856  4449  4467 D WindowManagerShell: setLauncherKeepClearAreaHeight: visible=false, height=527
02-19 20:54:13.859   752  1095 D BackgroundInstallControlService: Package event received: 0
02-19 20:54:13.860   752  1095 D BackgroundInstallControlService: Package event received: 0
02-19 20:54:13.861   752  1095 D BackgroundInstallControlService: Package event received: 0
02-19 20:54:13.866   752  1095 D BackgroundInstallControlService: Package event received: 0
02-19 20:54:13.867   752  1095 D BackgroundInstallControlService: Package event received: 0
02-19 20:54:13.868   752  1095 D BackgroundInstallControlService: Package event received: 0
02-19 20:54:13.868   752  1095 D BackgroundInstallControlService: Package event received: 0
02-19 20:54:13.868   752  1095 D BackgroundInstallControlService: Package event received: 0
02-19 20:54:13.879  4449 21898 V WindowManagerShell: onTransitionReady(transaction=3229815434695)
02-19 20:54:13.880  4449  4467 V WindowManagerShell: onTransitionReady (#960) android.os.BinderProxy@816132: {id=960 t=OPEN f=0x0 trk=0 r=[0@Point(0, 0)] c=[
02-19 20:54:13.880  4449  4467 V WindowManagerShell:         {m=TO_FRONT f=MOVE_TO_TOP leash=Surface(name=Task=125)/@0x646cfdf sb=Rect(0, 0 - 1080, 2400) eb=Rect(0, 0 - 1080, 2400) epz=Point(1080, 2400) d=0 taskParent=-1},
02-19 20:54:13.880  4449  4467 V WindowManagerShell:         {m=TO_BACK f=SHOW_WALLPAPER leash=Surface(name=Task=1)/@0x4f6a42c sb=Rect(0, 0 - 1080, 2400) eb=Rect(0, 0 - 1080, 2400) epz=Point(1080, 2400) d=0 taskParent=-1},
02-19 20:54:13.880  4449  4467 V WindowManagerShell:         {m=TO_BACK f=IS_WALLPAPER leash=Surface(name=WallpaperWindowToken{35e0c0f showWhenLocked=false})/@0x9117ef5 sb=Rect(0, 0 - 1080, 2400) eb=Rect(0, 0 - 1080, 2400) epz=Point(1080, 2400) d=0}
02-19 20:54:13.880  4449  4467 V WindowManagerShell:     ]}
02-19 20:54:13.880   752   794 V WindowManager: Sent Transition (#960) createdAt=02-19 20:54:13.825 via request=TransitionRequestInfo { type = OPEN, triggerTask = TaskInfo{userId=0 taskId=125 effectiveUid=10217 displayId=0 isRunning=true baseIntent=Intent { act=android.intent.action.VIEW dat=intoss://takealook/... flg=0x10000000 cmp=viva.republica.toss.test/im.toss.rn.granite.core.GraniteActivity } baseActivity=ComponentInfo{viva.republica.toss.test/im.toss.rn.granite.core.GraniteActivity} topActivity=ComponentInfo{viva.republica.toss.test/im.toss.rn.granite.core.GraniteActivity} origActivity=null realActivity=ComponentInfo{viva.republica.toss.test/im.toss.rn.granite.core.GraniteActivity} numActivities=1 lastActiveTime=113523975 supportsMultiWindow=true resizeMode=1 isResizeable=true minWidth=-1 minHeight=-1 defaultMinSize=220 token=WCT{RemoteToken{d9b1edb Task{1d6508a #125 type=standard A=10217:viva.republica.toss.test}}} topActivityType=1 pictureInPictureParams=null shouldDockBigOverlays=false launchIntoPipHostTaskId=-1 lastParentTaskIdBeforePip=-1 displayCutoutSafeInsets=Rect(0, 0 - 0, 0) topActivityInfo=ActivityInfo{6d50d78 im.toss.rn.granite.core.GraniteActivity} launchCookies=[] positionInParent=Point(0, 0) parentTaskId=-1 isFocused=false isVisible=false isVisibleRequested=false isTopActivityNoDisplay=false isSleeping=false locusId=null displayAreaFeatureId=1 isTopActivityTransparent=false isActivityStackTransparent=false lastNonFullscreenBounds=Rect(284, 660 - 796, 1740) capturedLink=null capturedLinkTimestamp=0 requestedVisibleTypes=-9 topActivityRequestOpenInBrowserEducationTimestamp=0 appCompatTaskInfo=AppCompatTaskInfo { topActivityInSizeCompat=false eligibleForLetterboxEducation= false isLetterboxEducationEnabled= true isLetterboxDoubleTapEnabled= false eligibleForUserAspectRatioButton= false topActivityBoundsLetterboxed= false isFromLetterboxDoubleTap= false topActivityLetterboxVerticalPosition= -1 topActivityLetterboxHorizontalPosition= -1 topActivityLetterboxWidth=-1 topActivityLetterboxHeight=-1 topActivityAppBounds=Rect(0, 0 - 1080, 2400) isUserFullscreenOverrideEnabled=false isSystemFullscreenOverrideEnabled=false hasMinAspectRatioOverride=false topActivityLetterboxBounds=null cameraCompatTaskInfo=CameraCompatTaskInfo { freeformCameraCompatMode=inactive}} topActivityMainWindowFrame=null}, pipChange = null, remoteTransition = null, displayChange = null, flags = 0, debugId = 960 }
02-19 20:54:13.880   752   794 V WindowManager:     startWCT=WindowContainerTransaction { changes= {} hops= [] errorCallbackToken=null taskFragmentOrganizer=null }
02-19 20:54:13.880   752   794 V WindowManager:     info={id=960 t=OPEN f=0x0 trk=0 r=[0@Point(0, 0)] c=[
02-19 20:54:13.880   752   794 V WindowManager:         {WCT{RemoteToken{d9b1edb Task{1d6508a #125 type=standard A=10217:viva.republica.toss.test}}} m=TO_FRONT f=MOVE_TO_TOP leash=Surface(name=Task=125)/@0xaab5260 sb=Rect(0, 0 - 1080, 2400) eb=Rect(0, 0 - 1080, 2400) epz=Point(1080, 2400) d=0 taskParent=-1},
02-19 20:54:13.880   752   794 V WindowManager:         {WCT{RemoteToken{5218fe8 Task{dd43522 #1 type=home}}} m=TO_BACK f=SHOW_WALLPAPER leash=Surface(name=Task=1)/@0x8ddbd2e sb=Rect(0, 0 - 1080, 2400) eb=Rect(0, 0 - 1080, 2400) epz=Point(1080, 2400) d=0 taskParent=-1},
02-19 20:54:13.880   752   794 V WindowManager:         {m=TO_BACK f=IS_WALLPAPER leash=Surface(name=WallpaperWindowToken{35e0c0f showWhenLocked=false})/@0x512f5be sb=Rect(0, 0 - 1080, 2400) eb=Rect(0, 0 - 1080, 2400) epz=Point(1080, 2400) d=0}
02-19 20:54:13.880   752   794 V WindowManager:     ]}
02-19 20:54:13.881  4449  4467 V WindowManagerShell: Playing animation for (#960) android.os.BinderProxy@816132@0
02-19 20:54:13.881  4449  4467 V ShellRecents: RecentsTransitionHandler.startAnimation: no controller found
02-19 20:54:13.881  4449  4467 V WindowManagerShell: Transition doesn't have explicit remote, search filters for match for {id=960 t=OPEN f=0x0 trk=0 r=[0@Point(0, 0)] c=[{m=TO_FRONT f=MOVE_TO_TOP leash=Surface(name=Task=125)/@0x646cfdf sb=Rect(0, 0 - 1080, 2400) eb=Rect(0, 0 - 1080, 2400) epz=Point(1080, 2400) d=0 taskParent=-1},{m=TO_BACK f=SHOW_WALLPAPER leash=Surface(name=Task=1)/@0x4f6a42c sb=Rect(0, 0 - 1080, 2400) eb=Rect(0, 0 - 1080, 2400) epz=Point(1080, 2400) d=0 taskParent=-1},{m=TO_BACK f=IS_WALLPAPER leash=Surface(name=WallpaperWindowToken{35e0c0f showWhenLocked=false})/@0x9117ef5 sb=Rect(0, 0 - 1080, 2400) eb=Rect(0, 0 - 1080, 2400) epz=Point(1080, 2400) d=0}]}
02-19 20:54:13.881  4449  4467 V WindowManagerShell:  Checking filter Pair{{types=[] flags=0x0] notFlags=0x0 checks=[{atype=undefined independent=true modes=[CLOSE,TO_BACK] flags=IN_TASK_WITH_EMBEDDED_ACTIVITY mustBeTask=false order=ANY topActivity=null launchCookie=null taskFragmentToken=android.os.BinderProxy@71546f0 windowingMode=undefined}]} RemoteTransition { remoteTransition = android.window.IRemoteTransition$Stub$Proxy@d4c8469, appThread = android.app.IApplicationThread$Stub$Proxy@c228eee, debugName = overlayBackTransition }}
02-19 20:54:13.881  4449  4467 V WindowManagerShell:  Checking filter Pair{{types=[] flags=0x0] notFlags=0x0 checks=[{atype=dream independent=true modes=[OPEN,TO_FRONT] flags=NONE mustBeTask=false order=ANY topActivity=null launchCookie=null windowingMode=undefined},{atype=home independent=true modes=[CLOSE,TO_BACK] flags=NONE mustBeTask=false order=ANY topActivity=null launchCookie=null windowingMode=undefined}]} RemoteTransition { remoteTransition = android.window.IRemoteTransition$Stub$Proxy@c578f8f, appThread = android.app.IApplicationThread$Stub$Proxy@69fe21c, debugName = LauncherToDream }}
02-19 20:54:13.881  4449  4467 V WindowManagerShell:  Checking filter Pair{{types=[] flags=0x0] notFlags=0x100 checks=[{atype=home independent=true modes=[OPEN,TO_FRONT] flags=NONE mustBeTask=false order=TOP topActivity=ComponentInfo{com.google.android.apps.nexuslauncher/com.google.android.apps.nexuslauncher.NexusLauncherActivity} launchCookie=null windowingMode=undefined},{atype=standard independent=true modes=[CLOSE,TO_BACK] flags=NONE mustBeTask=false order=ANY topActivity=null launchCookie=null windowingMode=undefined},{NOT atype=undefined independent=true modes=[] flags=NONE mustBeTask=true order=ANY topActivity=null launchCookie=null customAnim=true windowingMode=undefined}]} RemoteTransition { remoteTransition = android.window.IRemoteTransition$Stub$Proxy@69ffe25, appThread = android.app.IApplicationThread$Stub$Proxy@72cabfa, debugName = QuickstepLaunchHome }}
02-19 20:54:13.881  4449  4467 V WindowManagerShell:  Checking filter Pair{{types=[] flags=0x0] notFlags=0x0 checks=[{atype=undefined independent=true modes=[CLOSE,TO_BACK] flags=IN_TASK_WITH_EMBEDDED_ACTIVITY mustBeTask=false order=ANY topActivity=null launchCookie=null taskFragmentToken=android.os.BinderProxy@71546f0 windowingMode=undefined}]} RemoteTransition { remoteTransition = android.window.IRemoteTransition$Stub$Proxy@7c795ab, appThread = android.app.IApplicationThread$Stub$Proxy@cd70408, debugName = overlayBackTransition }}
02-19 20:54:13.882  4449  4467 V WindowManagerShell:  Checking filter Pair{{types=[] flags=0x0] notFlags=0x0 checks=[{atype=dream independent=true modes=[OPEN,TO_FRONT] flags=NONE mustBeTask=false order=ANY topActivity=null launchCookie=null windowingMode=undefined},{atype=home independent=true modes=[CLOSE,TO_BACK] flags=NONE mustBeTask=false order=ANY topActivity=null launchCookie=null windowingMode=undefined}]} RemoteTransition { remoteTransition = android.window.IRemoteTransition$Stub$Proxy@f757a1, appThread = android.app.IApplicationThread$Stub$Proxy@d898dc6, debugName = LauncherToDream }}
02-19 20:54:13.882  4449  4467 V WindowManagerShell:  Checking filter Pair{{types=[] flags=0x0] notFlags=0x100 checks=[{atype=home independent=true modes=[OPEN,TO_FRONT] flags=NONE mustBeTask=false order=TOP topActivity=ComponentInfo{com.google.android.apps.nexuslauncher/com.google.android.apps.nexuslauncher.NexusLauncherActivity} launchCookie=null windowingMode=undefined},{atype=standard independent=true modes=[CLOSE,TO_BACK] flags=NONE mustBeTask=false order=ANY topActivity=null launchCookie=null windowingMode=undefined},{NOT atype=undefined independent=true modes=[] flags=NONE mustBeTask=true order=ANY topActivity=null launchCookie=null customAnim=true windowingMode=undefined}]} RemoteTransition { remoteTransition = android.window.IRemoteTransition$Stub$Proxy@9e7e187, appThread = android.app.IApplicationThread$Stub$Proxy@3dc58b4, debugName = QuickstepLaunchHome }}
02-19 20:54:13.882  4449  4467 V WindowManagerShell:  Delegate animation for (#960) to null
02-19 20:54:13.882  4449  4467 V WindowManagerShell: start default transition animation, info = {id=960 t=OPEN f=0x0 trk=0 r=[0@Point(0, 0)] c=[{m=TO_FRONT f=MOVE_TO_TOP leash=Surface(name=Task=125)/@0x646cfdf sb=Rect(0, 0 - 1080, 2400) eb=Rect(0, 0 - 1080, 2400) epz=Point(1080, 2400) d=0 taskParent=-1},{m=TO_BACK f=SHOW_WALLPAPER leash=Surface(name=Task=1)/@0x4f6a42c sb=Rect(0, 0 - 1080, 2400) eb=Rect(0, 0 - 1080, 2400) epz=Point(1080, 2400) d=0 taskParent=-1},{m=TO_BACK f=IS_WALLPAPER leash=Surface(name=WallpaperWindowToken{35e0c0f showWhenLocked=false})/@0x9117ef5 sb=Rect(0, 0 - 1080, 2400) eb=Rect(0, 0 - 1080, 2400) epz=Point(1080, 2400) d=0}]}
02-19 20:54:13.882  4449  4467 V WindowManagerShell: loadAnimation: anim=android.view.animation.AnimationSet@3728afb animAttr=0x13 type=OPEN isEntrance=false
02-19 20:54:13.882  4449  4467 V WindowManagerShell: loadAnimation: anim=android.view.animation.AnimationSet@73fd718 animAttr=0x12 type=OPEN isEntrance=true
02-19 20:54:13.883  4449  4467 V WindowManagerShell:  animated by com.android.wm.shell.transition.DefaultTransitionHandler@f74d823
02-19 20:54:13.892 30295 30295 D ViewRootImpl: Skipping stats log for color mode
02-19 20:54:13.915 30295 30299 I blica.toss.test: Compiler allocated 4717KB to compile void com.facebook.soloader.nativeloader.SystemDelegate.read(java.lang.String)
02-19 20:54:13.920   531   531 I BpBinder: onLastStrongRef automatically unlinking death recipients: 
02-19 20:54:13.940 30295 30482 W unknown:ReconnectingWebSocket: Couldn't connect to "ws://10.0.2.2:8081/message?device=sdk_gphone64_x86_64%20-%2016%20-%20API%2036&app=viva.republica.toss.test&clientid=BridgeDevSupportManager", will silently retry
02-19 20:54:14.076   752  1631 W PackageConfigPersister: App-specific configuration not found for packageName: viva.republica.toss.test and userId: 0
02-19 20:54:14.198  4449  4467 V WindowManagerShell: Transition animation finished (aborted=false), notifying core (#960) android.os.BinderProxy@816132@0
02-19 20:54:14.216   752   794 V WindowManager: Finish Transition (#960): created at 02-19 20:54:13.825 collect-started=2.579ms request-sent=22.004ms started=27.441ms ready=50.298ms sent=52.995ms commit=44.943ms finished=375.581ms
02-19 20:54:14.279   752   989 I ImeTracker: viva.republica.toss.test:1a2feda: onRequestHide at ORIGIN_SERVER reason HIDE_UNSPECIFIED_WINDOW fromUser false
02-19 20:54:14.283 30295 30295 D InsetsController: hide(ime(), fromIme=false)
02-19 20:54:14.283 30295 30295 I ImeTracker: viva.republica.toss.test:1a2feda: onCancelled at PHASE_CLIENT_ALREADY_HIDDEN
02-19 20:54:14.300  4449  4467 V WindowManagerShell: Track 0 became idle
02-19 20:54:14.303  4449  4467 V WindowManagerShell: All active transition animations finished
02-19 20:54:14.322 19166 19166 D VRI[NexusLauncherActivity]: visibilityChanged oldVisibility=true newVisibility=false
02-19 20:54:14.324 19166 19166 D NexusLauncherModelDelegate: notifySmartspaceEvent: SmartspaceTargetEvent{mSmartspaceTarget=null, mSmartspaceActionId='null', mEventType=7}
02-19 20:54:14.333 20022 20022 I GoogleInputMethodService: GoogleInputMethodService.onFinishInput():2043 
02-19 20:54:14.397 20022 20022 I Module  : DeviceLockedStatusModuleProvider$Module.updateDeviceLockedStatus():100 repeatCheckTimes = 0, locked = false
02-19 20:54:14.397 20022 20022 W NotificationCenter: NotificationCenter$NotificationQueue.notifyPendingNotificationsOnExecutor():877 Heavy notify work detected on UI thread: [kig->ilu, kig->ijm, kig->gkl, kig->ilu, kig->jnx, kig->khc, kig->ilu, kig->fro, kig->fef, kig->ilu, kig->ilu, kig->fcb, kig->ilu, kig->khg, kig->imt, kig->ilu, kig->ilu, kig->ilu, kig->ilu, kig->ilu, kig->lux, kig->ilu, kig->ilu] takes 64ms
02-19 20:54:14.403 20022 20022 I GoogleInputMethodService: GoogleInputMethodService.onStartInput():1293 onStartInput(EditorInfo{EditorInfo{packageName=viva.republica.toss.test, inputType=0, inputTypeString=NULL, enableLearning=false, autoCorrection=false, autoComplete=false, imeOptions=0, privateImeOptions=null, actionName=UNSPECIFIED, actionLabel=null, initialSelStart=-1, initialSelEnd=-1, initialCapsMode=0, label=null, fieldId=0, fieldName=null, extras=null, hintText=null, hintLocales=[]}}, false)
02-19 20:54:14.408 20022 20022 I EmojiCompatManager: EmojiCompatManager.getEmojiCompatIfLoaded():343 EmojiCompat.init() was never called.
02-19 20:54:14.408 20022 20022 I EmojiCompatManager: java.lang.IllegalStateException: EmojiCompat is not initialized. Please call EmojiCompat.init() first
02-19 20:54:14.408 20022 20022 I EmojiCompatManager: 	at asx.p(PG:6)
02-19 20:54:14.408 20022 20022 I EmojiCompatManager: 	at axb.b(PG:13)
02-19 20:54:14.408 20022 20022 I EmojiCompatManager: 	at jnr.b(PG:2)
02-19 20:54:14.408 20022 20022 I EmojiCompatManager: 	at jnr.c(PG:4)
02-19 20:54:14.408 20022 20022 I EmojiCompatManager: 	at jnr.f(PG:3)
02-19 20:54:14.408 20022 20022 I EmojiCompatManager: 	at jnx.c(PG:3)
02-19 20:54:14.408 20022 20022 I EmojiCompatManager: 	at kif.cz(PG:47)
02-19 20:54:14.408 20022 20022 I EmojiCompatManager: 	at lhl.run(PG:1025)
02-19 20:54:14.408 20022 20022 I EmojiCompatManager: 	at jaf.execute(PG:12)
02-19 20:54:14.408 20022 20022 I EmojiCompatManager: 	at nco.v(PG:13)
02-19 20:54:14.408 20022 20022 I EmojiCompatManager: 	at lhn.m(PG:96)
02-19 20:54:14.408 20022 20022 I EmojiCompatManager: 	at lhn.k(PG:25)
02-19 20:54:14.408 20022 20022 I EmojiCompatManager: 	at kgn.onStartInput(PG:250)
02-19 20:54:14.408 20022 20022 I EmojiCompatManager: 	at android.inputmethodservice.InputMethodService.doStartInput(InputMethodService.java:3521)
02-19 20:54:14.408 20022 20022 I EmojiCompatManager: 	at android.inputmethodservice.InputMethodService$InputMethodImpl.startInput(InputMethodService.java:879)
02-19 20:54:14.408 20022 20022 I EmojiCompatManager: 	at android.inputmethodservice.InputMethodService$InputMethodImpl.dispatchStartInput(InputMethodService.java:908)
02-19 20:54:14.408 20022 20022 I EmojiCompatManager: 	at android.inputmethodservice.IInputMethodWrapper.executeMessage(IInputMethodWrapper.java:201)
02-19 20:54:14.408 20022 20022 I EmojiCompatManager: 	at com.android.internal.os.HandlerCaller$MyHandler.handleMessage(HandlerCaller.java:44)
02-19 20:54:14.408 20022 20022 I EmojiCompatManager: 	at android.os.Handler.dispatchMessage(Handler.java:110)
02-19 20:54:14.408 20022 20022 I EmojiCompatManager: 	at android.os.Looper.loopOnce(Looper.java:248)
02-19 20:54:14.408 20022 20022 I EmojiCompatManager: 	at android.os.Looper.loop(Looper.java:338)
02-19 20:54:14.408 20022 20022 I EmojiCompatManager: 	at android.app.ActivityThread.main(ActivityThread.java:9067)
02-19 20:54:14.408 20022 20022 I EmojiCompatManager: 	at java.lang.reflect.Method.invoke(Native Method)
02-19 20:54:14.408 20022 20022 I EmojiCompatManager: 	at com.android.internal.os.RuntimeInit$MethodAndArgsCaller.run(RuntimeInit.java:593)
02-19 20:54:14.408 20022 20022 I EmojiCompatManager: 	at com.android.internal.os.ZygoteInit.main(ZygoteInit.java:932)
02-19 20:54:14.412 20022 20022 I Module  : DeviceLockedStatusModuleProvider$Module.updateDeviceLockedStatus():100 repeatCheckTimes = 1, locked = false
02-19 20:54:14.421   752  2375 W PackageConfigPersister: App-specific configuration not found for packageName: viva.republica.toss.test and userId: 0
02-19 20:54:14.430 19166 19166 D BaseDepthController: setSurface:
02-19 20:54:14.430 19166 19166 D BaseDepthController: 	mWaitingOnSurfaceValidity: false
02-19 20:54:14.430 19166 19166 D BaseDepthController: 	mBaseSurface: null
02-19 20:54:14.430 19166 19166 D BaseDepthController: mSurface is null and mCurrentBlur is: 0
02-19 20:54:14.431 19166 19166 D StateManager: goToState - fromState: Normal, toState: Normal, partial trace:
02-19 20:54:14.431 19166 19166 D StateManager: 	at com.android.launcher3.statemanager.StateManager.moveToRestState(go/retraceme 72a59688580715d19f0e415c69e80376c2f062d1648c80db6730905005a27c20:4)
02-19 20:54:14.431 19166 19166 D StateManager: 	at com.android.launcher3.statemanager.StateManager.moveToRestState(go/retraceme 72a59688580715d19f0e415c69e80376c2f062d1648c80db6730905005a27c20:1)
02-19 20:54:14.431 19166 19166 D StateManager: 	at com.android.launcher3.statemanager.StatefulActivity.onStop(go/retraceme 72a59688580715d19f0e415c69e80376c2f062d1648c80db6730905005a27c20:34)
02-19 20:54:14.431 19166 19166 D StatsLog: LAUNCHER_ONSTOP
02-19 20:54:14.432   752  1790 I ImeTracker: system_server:399e30bd: onRequestHide at ORIGIN_SERVER reason IME_REQUESTED_CHANGED_LISTENER fromUser false
02-19 20:54:14.433   752   797 I ImeTracker: system_server:399e30bd: onCancelled at PHASE_SERVER_SHOULD_HIDE
02-19 20:54:14.438 19166 19166 D StatsLog: LAUNCHER_GOOGLE_SEARCH_RESTORE_LIST_SIZE_AFTER_ACTIVITY_RESTART
02-19 20:54:14.477   752  1095 D BackgroundInstallControlService: Package event received: 0
02-19 20:54:14.571   537   537 W adbd    : timeout expired while flushing socket, closing
02-19 20:54:15.953   531   568 W EventThread: Faking VSYNC due to driver stall for thread app
02-19 20:54:16.664   752   969 D ActivityManager: freezing 19378 com.google.android.webview:webview_service
02-19 20:54:16.664  4449  4530 I Choreographer: Skipped 40 frames!  The application may be doing too much work on its main thread.
02-19 20:54:16.666 30295 30295 I Choreographer: Skipped 40 frames!  The application may be doing too much work on its main thread.
02-19 20:54:16.678   752  1029 D InetDiagMessage: Destroyed 0 sockets, proto=IPPROTO_TCP, family=AF_INET, states=14
02-19 20:54:16.680   752  1029 D InetDiagMessage: Destroyed 0 sockets, proto=IPPROTO_TCP, family=AF_INET6, states=14
02-19 20:54:16.680   752  1029 D InetDiagMessage: Destroyed live tcp sockets for uids={10168} in 6ms
02-19 20:54:16.743 30486 30486 W dumpsys : Thread Pool max thread count is 0. Cannot cache binder as linkToDeath cannot be implemented. serviceName: window
02-19 20:54:16.760   752  1789 I system_server: AssetManager2(0x7d8fac467338) locale list changing from [] to [en-US]
02-19 20:54:16.769   752  1789 I system_server: AssetManager2(0x7d8fac435c98) locale list changing from [] to [en-US]
02-19 20:54:16.774   752  1789 I system_server: AssetManager2(0x7d8fac46f358) locale list changing from [] to [en-US]
02-19 20:54:16.778   752  1789 I system_server: AssetManager2(0x7d8fac45ab38) locale list changing from [] to [en-US]
02-19 20:54:16.780   752  1789 I system_server: AssetManager2(0x7d8fac4c29b8) locale list changing from [] to [en-US]
02-19 20:54:16.783   752  1789 I system_server: AssetManager2(0x7d8fac47b518) locale list changing from [] to [en-US]
02-19 20:54:16.896   752  1856 E TaskPersister: File error accessing recents directory (directory doesn't exist?).
02-19 20:54:16.939 30295 30448 I ReactNativeJS: Running "shared" with {"initialProps":{"initialColorPreference":"light","loadingStartTs":1771502047215,"initialFontScale":"100"},"rootTag":11}
02-19 20:54:17.308 30492 30492 W screencap: Thread Pool max thread count is 0. Cannot cache binder as linkToDeath cannot be implemented. serviceName: SurfaceFlingerAIDL
02-19 20:54:17.308 30492 30492 W BpBinder: Linking to death on android.gui.ISurfaceComposer but there are no threads (yet?) listening to incoming transactions. See ProcessState::startThreadPool and ProcessState::setThreadPoolMaxThreadCount. Generally you should setup the binder threadpool before other initialization steps.
02-19 20:54:17.309 30492 30492 W ProcessState: Extra binder thread started, but 0 threads requested. Do not use *startThreadPool when zero threads are requested.
02-19 20:54:17.314   531   548 E HwcComposer: getLuts failed Status(-8, EX_SERVICE_SPECIFIC): '8: '
02-19 20:54:17.315   531   548 E HWComposer: getLuts: getLuts failed for display 4619827259835644672: UNSUPPORTED (8)
02-19 20:54:17.549   752  1789 D TelephonyManager: requestModemActivityInfo: Sending result to app: ModemActivityInfo{ mTimestamp=113531394 mSleepTimeMs=11802 mIdleTimeMs=3934 mActivityStatsTechSpecificInfo=[{mRat=UNKNOWN,mFrequencyRange=UNKNOWN,mTxTimeMs[]=[281, 843, 1686, 2248, 2529],mRxTimeMs=2529}]}
02-19 20:54:17.769 30295 30449 W unknown:ViewManagerPropertyUpdater: Could not find generated setter for class o.onLost
02-19 20:54:17.850 30295 30448 D ReactNativeJS: '[Analytics]', '{\n  "log_type": "screen",\n  "log_name": "/::screen",\n  "params": {\n    "referrer": null,\n    "deployment_id": "local",\n    "deployment_timestamp": null\n  }\n}'
