--------- beginning of main
02-19 18:05:36.387  4449  4458 W System  : A resource failed to call release. 
02-19 18:05:36.387  4449  4458 W System  : A resource failed to call release. 
02-19 18:05:37.547   531   569 W EventThread: Faking VSYNC due to driver stall for thread appSf
--------- beginning of system
02-19 18:05:37.802   752   935 W ActivityTaskManager: callingPackage for (uid=2000, pid=13037) has no WPC
02-19 18:05:37.805   752   935 V GrammaticalInflectionUtils: AttributionSource: android.content.AttributionSource@56784557 does not have READ_SYSTEM_GRAMMATICAL_GENDER permission.
02-19 18:05:37.805   752   935 W OptProp : Cannot read opt property android.window.PROPERTY_COMPAT_ALLOW_USER_ASPECT_RATIO_OVERRIDE
02-19 18:05:37.805   752   935 W OptProp : Cannot read opt property android.window.PROPERTY_COMPAT_ALLOW_USER_ASPECT_RATIO_FULLSCREEN_OVERRIDE
02-19 18:05:37.805   752   935 W OptProp : Cannot read opt property android.window.PROPERTY_COMPAT_ALLOW_RESIZEABLE_ACTIVITY_OVERRIDES
02-19 18:05:37.805   752   935 W OptProp : Cannot read opt property android.window.PROPERTY_COMPAT_ALLOW_MIN_ASPECT_RATIO_OVERRIDE
02-19 18:05:37.809   752   935 W OptProp : Cannot read opt property android.window.PROPERTY_COMPAT_ALLOW_ORIENTATION_OVERRIDE
02-19 18:05:37.810   531   602 I BpBinder: onLastStrongRef automatically unlinking death recipients: 
02-19 18:05:37.812   752   935 I AppsFilter: interaction: PackageSetting{d389813 com.android.microdroid.empty_payload/10204} -> PackageSetting{17f87ae viva.republica.toss.test/10217} BLOCKED
02-19 18:05:37.812   752   935 I AppsFilter: interaction: PackageSetting{120ba50 com.android.adbkeyboard/10219} -> PackageSetting{17f87ae viva.republica.toss.test/10217} BLOCKED
02-19 18:05:37.813   752   935 I ActivityTaskManager: Add Task{eedbf8b #61 type=standard A=10217:viva.republica.toss.test} to hidden list because adding Task{abe1b0 #62 type=standard A=10217:viva.republica.toss.test}
02-19 18:05:37.814   752   935 I ActivityTaskManager: START u0 {act=android.intent.action.VIEW dat=intoss://takealook/... flg=0x10000000 xflg=0x4 cmp=viva.republica.toss.test/im.toss.rn.granite.core.GraniteActivity} with LAUNCH_MULTIPLE from uid 2000 (BAL_ALLOW_PERMISSION) result code=0
02-19 18:05:37.814  4449  4474 I ndroid.systemui: AssetManager2(0x7d8fac47abb8) locale list changing from [] to [en-US]
02-19 18:05:37.815  4449  4467 V WindowManagerShell: Transition requested (#614): android.os.BinderProxy@74e7d66 TransitionRequestInfo { type = OPEN, triggerTask = TaskInfo{userId=0 taskId=62 effectiveUid=10217 displayId=0 isRunning=true baseIntent=Intent { act=android.intent.action.VIEW dat=intoss://takealook/... flg=0x10000000 cmp=viva.republica.toss.test/im.toss.rn.granite.core.GraniteActivity } baseActivity=ComponentInfo{viva.republica.toss.test/im.toss.rn.granite.core.GraniteActivity} topActivity=ComponentInfo{viva.republica.toss.test/im.toss.rn.granite.core.GraniteActivity} origActivity=null realActivity=ComponentInfo{viva.republica.toss.test/im.toss.rn.granite.core.GraniteActivity} numActivities=1 lastActiveTime=103411660 supportsMultiWindow=true resizeMode=1 isResizeable=true minWidth=-1 minHeight=-1 defaultMinSize=220 token=WCT{android.window.IWindowContainerToken$Stub$Proxy@fbcbec0} topActivityType=1 pictureInPictureParams=null shouldDockBigOverlays=false launchIntoPipHostTaskId=-1 lastParentTaskIdBeforePip=-1 displayCutoutSafeInsets=Rect(0, 0 - 0, 0) topActivityInfo=ActivityInfo{dfbe7f9 im.toss.rn.granite.core.GraniteActivity} launchCookies=[] positionInParent=Point(0, 0) parentTaskId=-1 isFocused=false isVisible=false isVisibleRequested=false isTopActivityNoDisplay=false isSleeping=false locusId=null displayAreaFeatureId=1 isTopActivityTransparent=false isActivityStackTransparent=false lastNonFullscreenBounds=Rect(284, 660 - 796, 1740) capturedLink=null capturedLinkTimestamp=0 requestedVisibleTypes=-9 topActivityRequestOpenInBrowserEducationTimestamp=0 appCompatTaskInfo=AppCompatTaskInfo { topActivityInSizeCompat=false eligibleForLetterboxEducation= false isLetterboxEducationEnabled= true isLetterboxDoubleTapEnabled= false eligibleForUserAspectRatioButton= false topActivityBoundsLetterboxed= false isFromLetterboxDoubleTap= false topActivityLetterboxVerticalPosition= -1 topActivityLetterboxHorizontalPosition= -1 topActivityLetterboxWidth=-1 topActivityLetterboxHeight=-1 topActivityAppBounds=Rect(0, 0 - 1080, 2400) isUserFullscreenOverrideEnabled=false isSystemFullscreenOverrideEnabled=false hasMinAspectRatioOverride=false topActivityLetterboxBounds=null cameraCompatTaskInfo=CameraCompatTaskInfo { freeformCameraCompatMode=inactive}} topActivityMainWindowFrame=null}, pipChange = null, remoteTransition = null, displayChange = null, flags = 0, debugId = 614 }
02-19 18:05:37.815  4449  4467 D ShellSplitScreen: logExit: no-op, mLoggerSessionId is null
02-19 18:05:37.820   752  2419 D CompatChangeReporter: Compat change id reported: 309578419; UID 10217; state: ENABLED
02-19 18:05:37.820   752   797 V GrammaticalInflectionUtils: AttributionSource: android.content.AttributionSource@56784557 does not have READ_SYSTEM_GRAMMATICAL_GENDER permission.
02-19 18:05:37.827  4449  4475 W HWUI    : Image decoding logging dropped!
02-19 18:05:37.834   458   458 D Zygote  : Forked child process 13040
02-19 18:05:37.835   752   806 I ActivityManager: Start proc 13040:viva.republica.toss.test/u0a217 for top-activity {viva.republica.toss.test/im.toss.rn.granite.core.GraniteActivity}
02-19 18:05:37.835   752   806 I ActivityManager: ProcessObserver broadcast disabled
02-19 18:05:37.875   752  2419 D CoreBackPreview: Window{3592d99 u0 Splash Screen viva.republica.toss.test}: Setting back callback OnBackInvokedCallbackInfo{mCallback=android.window.IOnBackInvokedCallback$Stub$Proxy@642c10c, mPriority=0, mIsAnimationCallback=false, mOverrideBehavior=0}
02-19 18:05:37.980 13040 13040 I blica.toss.test: Using CollectorTypeCMC GC.
02-19 18:05:37.983 13040 13040 W blica.toss.test: Unexpected CPU variant for x86: x86_64.
02-19 18:05:37.983 13040 13040 W blica.toss.test: Known variants: atom, sandybridge, silvermont, goldmont, goldmont-plus, goldmont-without-sha-xsaves, tremont, kabylake, alderlake, default
02-19 18:05:37.989 13040 13040 E blica.toss.test: Not starting debugger since process cannot load the jdwp agent.
02-19 18:05:37.998 13040 13040 D nativeloader: Load libframework-connectivity-tiramisu-jni.so using APEX ns com_android_tethering for caller /apex/com.android.tethering/javalib/framework-connectivity-t.jar: ok
02-19 18:05:38.010   752  1095 D BackgroundInstallControlService: Package event received: 0
02-19 18:05:38.020 13040 13040 D ApplicationLoaders: Returning zygote-cached class loader: /system_ext/framework/androidx.window.extensions.jar
02-19 18:05:38.021 13040 13040 D ApplicationLoaders: Returning zygote-cached class loader: /system_ext/framework/androidx.window.sidecar.jar
02-19 18:05:38.046 13040 13040 D nativeloader: Configuring clns-9 for other apk /data/app/~~NUQj-rdXzuicW-16SIRtKA==/viva.republica.toss.test-Si406wFvb_sqEA2GTBV6RQ==/base.apk. target_sdk_version=35, uses_libraries=, library_path=/data/app/~~NUQj-rdXzuicW-16SIRtKA==/viva.republica.toss.test-Si406wFvb_sqEA2GTBV6RQ==/lib/x86_64:/data/app/~~NUQj-rdXzuicW-16SIRtKA==/viva.republica.toss.test-Si406wFvb_sqEA2GTBV6RQ==/base.apk!/lib/x86_64, permitted_path=/data:/mnt/expand:/data/user/0/viva.republica.toss.test
02-19 18:05:38.049 13040 13040 D CompatChangeReporter: Compat change id reported: 202956589; UID 10217; state: ENABLED
02-19 18:05:38.056 13040 13040 I blica.toss.test: AssetManager2(0x7d8fac4284f8) locale list changing from [] to [en-US]
02-19 18:05:38.063 13040 13040 V GraphicsEnvironment: Currently set values for:
02-19 18:05:38.063 13040 13040 V GraphicsEnvironment:   angle_gl_driver_selection_pkgs=[]
02-19 18:05:38.063 13040 13040 V GraphicsEnvironment:   angle_gl_driver_selection_values=[]
02-19 18:05:38.063 13040 13040 V GraphicsEnvironment: viva.republica.toss.test is not listed in per-application setting
02-19 18:05:38.063 13040 13040 V GraphicsEnvironment: ANGLE allowlist from config: com.dreamgames.royalmatch com.dts.freefiremax com.dxx.firenow com.gramgames.mergedragons com.ludo.king com.mojang.minecraftpe com.my.defense com.nintendo.zaka com.os.airforce com.playrix.fishdomdd.gplay io.teslatech.callbreak jp.konami.prospia net.peakgames.toonblast
02-19 18:05:38.063 13040 13040 V GraphicsEnvironment: viva.republica.toss.test is not listed in ANGLE allowlist or settings, returning default
02-19 18:05:38.063 13040 13040 V GraphicsEnvironment: Neither updatable production driver nor prerelease driver is supported.
02-19 18:05:38.073 13040 13040 D CompatChangeReporter: Compat change id reported: 279646685; UID 10217; state: ENABLED
02-19 18:05:38.090 13040 13040 D nativeloader: Load /data/app/~~NUQj-rdXzuicW-16SIRtKA==/viva.republica.toss.test-Si406wFvb_sqEA2GTBV6RQ==/lib/x86_64/libmmkv.so using class loader ns clns-9 (caller=/data/app/~~NUQj-rdXzuicW-16SIRtKA==/viva.republica.toss.test-Si406wFvb_sqEA2GTBV6RQ==/base.apk): ok
02-19 18:05:38.092 13040 13054 E ashmem  : Pinning is deprecated since Android Q. Please use trim or other methods.
02-19 18:05:38.151 13040 13054 D nativeloader: Configuring clns-10 for other apk . target_sdk_version=35, uses_libraries=ALL, library_path=/data/app/~~NUQj-rdXzuicW-16SIRtKA==/viva.republica.toss.test-Si406wFvb_sqEA2GTBV6RQ==/lib/x86_64:/data/app/~~NUQj-rdXzuicW-16SIRtKA==/viva.republica.toss.test-Si406wFvb_sqEA2GTBV6RQ==/base.apk!/lib/x86_64, permitted_path=/data:/mnt/expand
02-19 18:05:38.155 13040 13040 I blica.toss.test: AssetManager2(0x7d8fac427b98) locale list changing from [] to [en-US]
02-19 18:05:38.155 13040 13040 I WebViewFactory: Loading com.google.android.webview version 133.0.6943.137 (code 694313738)
02-19 18:05:38.157 13040 13040 I blica.toss.test: AssetManager2(0x7d8fac426f18) locale list changing from [] to [en-US]
02-19 18:05:38.157 13040 13040 I blica.toss.test: AssetManager2(0x7d8fac4281d8) locale list changing from [] to [en-US]
02-19 18:05:38.158 13040 13040 V ResourcesManager: The following library key has been added: ResourcesKey{ mHash=a24a3099 mResDir=null mSplitDirs=[] mOverlayDirs=[] mLibDirs=[/data/app/~~86wu-kVgQoavtKNPNhKNpg==/com.google.android.webview-1KjOBROVBHjUvpUZHW2m2g==/WebViewGoogle.apk,/data/app/~~zfNTtjjfT5QjKD_7Ux4KKQ==/com.google.android.trichromelibrary_694313738-AgzLRnDhHPFXke_9IsnuqA==/TrichromeLibrary.apk] mDisplayId=0 mOverrideConfig=v36 mCompatInfo={420dpi always-compat} mLoaders=[]}
02-19 18:05:38.161 13040 13040 W blica.toss.test: Failed to find entry 'classes.dex': Entry not found
02-19 18:05:38.162 13040 13040 D nativeloader: Configuring clns-11 for other apk /data/app/~~zfNTtjjfT5QjKD_7Ux4KKQ==/com.google.android.trichromelibrary_694313738-AgzLRnDhHPFXke_9IsnuqA==/TrichromeLibrary.apk. target_sdk_version=34, uses_libraries=ALL, library_path=/data/app/~~86wu-kVgQoavtKNPNhKNpg==/com.google.android.webview-1KjOBROVBHjUvpUZHW2m2g==/lib/x86_64:/data/app/~~86wu-kVgQoavtKNPNhKNpg==/com.google.android.webview-1KjOBROVBHjUvpUZHW2m2g==/WebViewGoogle.apk!/lib/x86_64:/data/app/~~zfNTtjjfT5QjKD_7Ux4KKQ==/com.google.android.trichromelibrary_694313738-AgzLRnDhHPFXke_9IsnuqA==/TrichromeLibrary.apk!/lib/x86_64, permitted_path=/data:/mnt/expand
02-19 18:05:38.172 13040 13054 D nativeloader: Load /data/app/~~NUQj-rdXzuicW-16SIRtKA==/viva.republica.toss.test-Si406wFvb_sqEA2GTBV6RQ==/lib/x86_64/libdceb.so using isolated ns clns-10 (caller=/data/user/0/viva.republica.toss.test/Anonymous-DexFile@1467667017.jar): ok
02-19 18:05:38.176 13040 13040 D ApplicationLoaders: Returning zygote-cached class loader: /system_ext/framework/androidx.window.extensions.jar
02-19 18:05:38.206 13040 13040 D nativeloader: Configuring clns-12 for other apk /data/app/~~86wu-kVgQoavtKNPNhKNpg==/com.google.android.webview-1KjOBROVBHjUvpUZHW2m2g==/WebViewGoogle.apk. target_sdk_version=34, uses_libraries=, library_path=/data/app/~~86wu-kVgQoavtKNPNhKNpg==/com.google.android.webview-1KjOBROVBHjUvpUZHW2m2g==/lib/x86_64:/data/app/~~86wu-kVgQoavtKNPNhKNpg==/com.google.android.webview-1KjOBROVBHjUvpUZHW2m2g==/WebViewGoogle.apk!/lib/x86_64:/data/app/~~zfNTtjjfT5QjKD_7Ux4KKQ==/com.google.android.trichromelibrary_694313738-AgzLRnDhHPFXke_9IsnuqA==/TrichromeLibrary.apk!/lib/x86_64, permitted_path=/data:/mnt/expand
02-19 18:05:38.293 13040 13040 I cr_WVCFactoryProvider: version=133.0.6943.137 (694313738) minSdkVersion=29 isBundle=false multiprocess=true packageId=2
02-19 18:05:38.308 13040 13040 D nativeloader: Load /data/app/~~zfNTtjjfT5QjKD_7Ux4KKQ==/com.google.android.trichromelibrary_694313738-AgzLRnDhHPFXke_9IsnuqA==/TrichromeLibrary.apk!/lib/x86_64/libmonochrome_64.so using class loader ns clns-12 (caller=/data/app/~~86wu-kVgQoavtKNPNhKNpg==/com.google.android.webview-1KjOBROVBHjUvpUZHW2m2g==/WebViewGoogle.apk): ok
02-19 18:05:38.311 13040 13040 D nativeloader: Load /system/lib64/libwebviewchromium_plat_support.so using class loader ns clns-12 (caller=/data/app/~~86wu-kVgQoavtKNPNhKNpg==/com.google.android.webview-1KjOBROVBHjUvpUZHW2m2g==/WebViewGoogle.apk): ok
02-19 18:05:38.316 13040 13059 E chromium: [0219/180538.315188:ERROR:variations_seed_loader.cc(39)] Seed missing signature.
02-19 18:05:38.316 13040 13059 I chromium: [0219/180538.316772:INFO:variations_seed_loader.cc(67)] Failed to open file for reading.: No such file or directory (2)
02-19 18:05:38.325 13040 13040 I cr_LibraryLoader: Successfully loaded native library
02-19 18:05:38.326 13040 13040 I cr_CachingUmaRecorder: Flushed 6 samples from 6 histograms, 0 samples were dropped.
02-19 18:05:38.329 13040 13040 I cr_CombinedPProvider: #registerProvider() provider:WV.C8@88ca54d isPolicyCacheEnabled:false policyProvidersSize:0
02-19 18:05:38.331 13040 13040 I cr_PolicyProvider: #setManagerAndSource() 0
02-19 18:05:38.337   752  2419 V GrammaticalInflectionUtils: AttributionSource: android.content.AttributionSource@6033f1a5 does not have READ_SYSTEM_GRAMMATICAL_GENDER permission.
02-19 18:05:38.347 13040 13040 I cr_CombinedPProvider: #linkNativeInternal() 1
02-19 18:05:38.349 13040 13040 I cr_AppResProvider: #getApplicationRestrictionsFromUserManager() Bundle[EMPTY_PARCEL]
02-19 18:05:38.349 13040 13040 I cr_PolicyProvider: #notifySettingsAvailable() 0
02-19 18:05:38.349 13040 13040 I cr_CombinedPProvider: #onSettingsAvailable() 0
02-19 18:05:38.350 13040 13040 I cr_CombinedPProvider: #flushPolicies()
02-19 18:05:38.349  1263  1263 D Zygote  : Forked child process 13063
02-19 18:05:38.360 13063 13063 I ocessService0:0: Using CollectorTypeCMC GC.
02-19 18:05:38.361 13063 13063 W ocessService0:0: Unexpected CPU variant for x86: x86_64.
02-19 18:05:38.361 13063 13063 W ocessService0:0: Known variants: atom, sandybridge, silvermont, goldmont, goldmont-plus, goldmont-without-sha-xsaves, tremont, kabylake, alderlake, default
02-19 18:05:38.364   752  1095 D BackgroundInstallControlService: Package event received: 0
02-19 18:05:38.365   752  1095 D BackgroundInstallControlService: Package event received: 0
02-19 18:05:38.368 13063 13063 E ocessService0:0: Not starting debugger since process cannot load the jdwp agent.
02-19 18:05:38.368  3453  3453 D BoundBrokerSvc: onBind: Intent { act=com.google.android.gms.safetynet.service.START xflg=0x4 pkg=com.google.android.gms }
02-19 18:05:38.368  3453  3453 D BoundBrokerSvc: Loading bound service for intent: Intent { act=com.google.android.gms.safetynet.service.START xflg=0x4 pkg=com.google.android.gms }
02-19 18:05:38.373 13063 13063 D nativeloader: Load libframework-connectivity-tiramisu-jni.so using APEX ns com_android_tethering for caller /apex/com.android.tethering/javalib/framework-connectivity-t.jar: ok
02-19 18:05:38.379   752  2503 I ActivityManager: Start proc 13063:com.google.android.webview:sandboxed_process0:org.chromium.content.app.SandboxedProcessService0:0/u0i35 for  {viva.republica.toss.test/org.chromium.content.app.SandboxedProcessService0:0}
02-19 18:05:38.380   752  2503 I ActivityManager: ProcessObserver broadcast disabled
02-19 18:05:38.380 13040 13040 I blica.toss.test: AssetManager2(0x7d8fac428818) locale list changing from [] to [en-US]
02-19 18:05:38.384 13040 13040 I blica.toss.test: AssetManager2(0x7d8fac42d318) locale list changing from [] to [en-US]
02-19 18:05:38.384 13063 13063 D CompatChangeReporter: Compat change id reported: 242716250; UID 99035; state: ENABLED
02-19 18:05:38.387 13040 13040 D DesktopModeFlags: Toggle override initialized to: OVERRIDE_UNSET
02-19 18:05:38.388 13040 13040 I DisplayManager: Implicitly registering for refresh rate
02-19 18:05:38.395 13063 13063 D ApplicationLoaders: Returning zygote-cached class loader: /system_ext/framework/androidx.window.extensions.jar
02-19 18:05:38.399 13063 13063 I ocessService0:0: AssetManager2(0x7d8fac42ba18) locale list changing from [] to [en-US]
02-19 18:05:38.405 13063 13063 I LoadedApk: No resource references to update in package com.google.android.trichromelibrary
02-19 18:05:38.407 13063 13063 I cr_WebViewApkApp: version=133.0.6943.137 (694313738) minSdkVersion=29 isBundle=false processName=com.google.android.webview:sandboxed_process0:org.chromium.content.app.SandboxedProcessService0:0
02-19 18:05:38.410   752  1095 D BackgroundInstallControlService: Package event received: 0
02-19 18:05:38.416 13063 13063 I cr_ChildProcessService: Creating new ChildProcessService pid=13063
02-19 18:05:43.985   752   797 W BLASTSyncEngine: Sync group 614 timeout
02-19 18:05:43.985   752   797 W BLASTSyncEngine: Sync group 614 timed-out because not ready. If you see this, please file a bug.
02-19 18:05:43.985   752   797 E Transition: #614 readiness timeout, used=false deferReadyDepth=0 group={Display{#0 state=ON size=1080x2400 ROTATION_0}=false}
02-19 18:05:43.988   752  1029 D InetDiagMessage: Destroyed 0 sockets, proto=IPPROTO_TCP, family=AF_INET, states=14
02-19 18:05:43.990  4449 21898 V WindowManagerShell: onTransitionReady(transaction=3229815425094)
02-19 18:05:43.992  4449  4467 V WindowManagerShell: onTransitionReady (#614) android.os.BinderProxy@74e7d66: {id=614 t=OPEN f=0x0 trk=0 r=[] c=[]}
02-19 18:05:43.992  4449  4467 V WindowManagerShell: No transition roots in (#614) android.os.BinderProxy@74e7d66@0 so abort
02-19 18:05:43.992  4449  4467 V WindowManagerShell: Transition was merged: (#614) android.os.BinderProxy@74e7d66@0 into (#612) android.os.BinderProxy@b32daeb@0
02-19 18:05:43.995   752   794 V WindowManager: Sent Transition (#614) createdAt=02-19 18:05:37.806 via request=TransitionRequestInfo { type = OPEN, triggerTask = TaskInfo{userId=0 taskId=62 effectiveUid=10217 displayId=0 isRunning=true baseIntent=Intent { act=android.intent.action.VIEW dat=intoss://takealook/... flg=0x10000000 cmp=viva.republica.toss.test/im.toss.rn.granite.core.GraniteActivity } baseActivity=ComponentInfo{viva.republica.toss.test/im.toss.rn.granite.core.GraniteActivity} topActivity=ComponentInfo{viva.republica.toss.test/im.toss.rn.granite.core.GraniteActivity} origActivity=null realActivity=ComponentInfo{viva.republica.toss.test/im.toss.rn.granite.core.GraniteActivity} numActivities=1 lastActiveTime=103411660 supportsMultiWindow=true resizeMode=1 isResizeable=true minWidth=-1 minHeight=-1 defaultMinSize=220 token=WCT{RemoteToken{a1d519c Task{abe1b0 #62 type=standard A=10217:viva.republica.toss.test}}} topActivityType=1 pictureInPictureParams=null shouldDockBigOverlays=false launchIntoPipHostTaskId=-1 lastParentTaskIdBeforePip=-1 displayCutoutSafeInsets=Rect(0, 0 - 0, 0) topActivityInfo=ActivityInfo{80177a5 im.toss.rn.granite.core.GraniteActivity} launchCookies=[] positionInParent=Point(0, 0) parentTaskId=-1 isFocused=false isVisible=false isVisibleRequested=false isTopActivityNoDisplay=false isSleeping=false locusId=null displayAreaFeatureId=1 isTopActivityTransparent=false isActivityStackTransparent=false lastNonFullscreenBounds=Rect(284, 660 - 796, 1740) capturedLink=null capturedLinkTimestamp=0 requestedVisibleTypes=-9 topActivityRequestOpenInBrowserEducationTimestamp=0 appCompatTaskInfo=AppCompatTaskInfo { topActivityInSizeCompat=false eligibleForLetterboxEducation= false isLetterboxEducationEnabled= true isLetterboxDoubleTapEnabled= false eligibleForUserAspectRatioButton= false topActivityBoundsLetterboxed= false isFromLetterboxDoubleTap= false topActivityLetterboxVerticalPosition= -1 topActivityLetterboxHorizontalPosition= -1 topActivityLetterboxWidth=-1 topActivityLetterboxHeight=-1 topActivityAppBounds=Rect(0, 0 - 1080, 2400) isUserFullscreenOverrideEnabled=false isSystemFullscreenOverrideEnabled=false hasMinAspectRatioOverride=false topActivityLetterboxBounds=null cameraCompatTaskInfo=CameraCompatTaskInfo { freeformCameraCompatMode=inactive}} topActivityMainWindowFrame=null}, pipChange = null, remoteTransition = null, displayChange = null, flags = 0, debugId = 614 }
02-19 18:05:43.995   752   794 V WindowManager:     startWCT=WindowContainerTransaction { changes= {} hops= [] errorCallbackToken=null taskFragmentOrganizer=null }
02-19 18:05:43.995   752   794 V WindowManager:     info={id=614 t=OPEN f=0x0 trk=0 r=[] c=[]}
02-19 18:05:43.996   752  1029 D InetDiagMessage: Destroyed 0 sockets, proto=IPPROTO_TCP, family=AF_INET6, states=14
02-19 18:05:43.996   752  1029 D InetDiagMessage: Destroyed live tcp sockets for uids={10205} in 9ms
02-19 18:05:43.997   752  1029 D InetDiagMessage: Destroyed 0 sockets, proto=IPPROTO_TCP, family=AF_INET, states=14
02-19 18:05:43.997 12371 12375 I AidlLazyServiceRegistrar: Process has 0 (of 1 available) client(s) in use after notification artd has clients: 0
02-19 18:05:43.997 12371 12375 I AidlLazyServiceRegistrar: Trying to shut down the service. No clients in use for any service in process.
02-19 18:05:43.999   752  1029 D InetDiagMessage: Destroyed 0 sockets, proto=IPPROTO_TCP, family=AF_INET6, states=14
02-19 18:05:43.999   752  1029 D InetDiagMessage: Destroyed live tcp sockets for uids={20205} in 4ms
02-19 18:05:44.001 12371 12375 I AidlLazyServiceRegistrar: Unregistered all clients and exiting
02-19 18:05:44.003   752   806 W ActivityManager: Slow operation: 5666ms so far, now at startProcess: returned from zygote!
02-19 18:05:44.026   752  1095 D BackgroundInstallControlService: Package event received: 0
02-19 18:05:44.027   752  2505 D ActivityManager: sync unfroze 11873 com.google.android.webview:webview_service for 6
02-19 18:05:44.029   752  1095 D BackgroundInstallControlService: Package event received: 0
02-19 18:05:44.032 13095 13095 W dumpsys : Thread Pool max thread count is 0. Cannot cache binder as linkToDeath cannot be implemented. serviceName: package
02-19 18:05:44.036   752  1095 D BackgroundInstallControlService: Package event received: 0
02-19 18:05:44.036   752  1095 D BackgroundInstallControlService: Package event received: 0
02-19 18:05:44.055  4656 15175 E adservices.measurement: AttributionFallbackJobService is disabled, skip scheduling
02-19 18:05:44.057   752  2419 W ProcessStats: Tracking association SourceState{b726823 viva.republica.toss.test/10217 BTop #20137} whose proc state 2 is better than process ProcessState{753bac8 com.google.android.webview:webview_service/10168 pkg=com.google.android.webview} proc state 15 (23 skipped)
02-19 18:05:44.102  4656 13108 W adservices: Skip logging because Cobalt is disabled.
02-19 18:05:44.104  4656 13107 W adservices: Skip logging because Cobalt logger is null
02-19 18:05:44.107 13040 13106 D nativeloader: Load /data/app/~~NUQj-rdXzuicW-16SIRtKA==/viva.republica.toss.test-Si406wFvb_sqEA2GTBV6RQ==/lib/x86_64/libbugsnag-root-detection.so using class loader ns clns-9 (caller=/data/app/~~NUQj-rdXzuicW-16SIRtKA==/viva.republica.toss.test-Si406wFvb_sqEA2GTBV6RQ==/base.apk): ok
02-19 18:05:44.111  4656 15175 E adservices: Encryption key fetch job is disabled, skip scheduling.
02-19 18:05:44.182   752  2419 D FileUtils: Rounded bytes from 2067259392 to 4000000000
02-19 18:05:44.271 13040 13104 D nativeloader: Load /data/app/~~NUQj-rdXzuicW-16SIRtKA==/viva.republica.toss.test-Si406wFvb_sqEA2GTBV6RQ==/lib/x86_64/libbugsnag-ndk.so using class loader ns clns-9 (caller=<unknown>): ok
02-19 18:05:44.300   752  2419 D FileUtils: Rounded bytes from 2067259392 to 4000000000
02-19 18:05:44.301 13040 13040 W BugsnagNDK: Initialization complete!
02-19 18:05:44.310 13040 13104 D nativeloader: Load /data/app/~~NUQj-rdXzuicW-16SIRtKA==/viva.republica.toss.test-Si406wFvb_sqEA2GTBV6RQ==/lib/x86_64/libbugsnag-plugin-android-anr.so using class loader ns clns-9 (caller=<unknown>): ok
02-19 18:05:44.330 13040 13040 W System.err: SLF4J: No SLF4J providers were found.
02-19 18:05:44.330 13040 13040 W System.err: SLF4J: Defaulting to no-operation (NOP) logger implementation
02-19 18:05:44.330 13040 13040 W System.err: SLF4J: See https://www.slf4j.org/codes.html#noProviders for further details.
02-19 18:05:44.331   752  2505 D ConnectivityService: requestNetwork for uid/pid:10217/13040 activeRequest: null callbackRequest: 574 [NetworkRequest [ REQUEST id=575, [ Capabilities: INTERNET&NOT_RESTRICTED&TRUSTED&NOT_VCN_MANAGED&NOT_BANDWIDTH_CONSTRAINED Uid: 10217 RequestorUid: 10217 RequestorPkg: viva.republica.toss.test UnderlyingNetworks: Null] ]] callback flags: 0 order: 2147483647 isUidTracked: false declaredMethods: AVAIL|UNAVAIL
02-19 18:05:44.335   752  1023 D OemPaidWifiNetworkFactory: got request NetworkRequest [ REQUEST id=575, [ Capabilities: INTERNET&NOT_RESTRICTED&TRUSTED&NOT_VCN_MANAGED&NOT_BANDWIDTH_CONSTRAINED Uid: 10217 RequestorUid: 10217 RequestorPkg: viva.republica.toss.test UnderlyingNetworks: Null] ]
02-19 18:05:44.335   752  1023 D MultiInternetWifiNetworkFactory: got request NetworkRequest [ REQUEST id=575, [ Capabilities: INTERNET&NOT_RESTRICTED&TRUSTED&NOT_VCN_MANAGED&NOT_BANDWIDTH_CONSTRAINED Uid: 10217 RequestorUid: 10217 RequestorPkg: viva.republica.toss.test UnderlyingNetworks: Null] ]
02-19 18:05:44.335   752  1023 D WifiNetworkFactory: got request NetworkRequest [ REQUEST id=575, [ Capabilities: INTERNET&NOT_RESTRICTED&TRUSTED&NOT_VCN_MANAGED&NOT_BANDWIDTH_CONSTRAINED Uid: 10217 RequestorUid: 10217 RequestorPkg: viva.republica.toss.test UnderlyingNetworks: Null] ]
02-19 18:05:44.336   752  1023 D UntrustedWifiNetworkFactory: got request NetworkRequest [ REQUEST id=575, [ Capabilities: INTERNET&NOT_RESTRICTED&TRUSTED&NOT_VCN_MANAGED&NOT_BANDWIDTH_CONSTRAINED Uid: 10217 RequestorUid: 10217 RequestorPkg: viva.republica.toss.test UnderlyingNetworks: Null] ]
02-19 18:05:44.336   752  1029 D ConnectivityService: NetReassign [575 : null → 108] [c 0] [a 1] [i 2]
02-19 18:05:44.355   752  2419 E TransitionController: Set visible without transition ActivityRecord{10764531 u0 viva.republica.toss.test/im.toss.rn.granite.core.GraniteActivity t62} playing=true caller=com.android.server.wm.ActivityRecord.makeVisibleIfNeeded:5960 
02-19 18:05:44.360   752  2419 W ActivityTaskManager: Set invisible without transition ActivityRecord{32265495 u0 com.google.android.apps.nexuslauncher/.NexusLauncherActivity t5}
02-19 18:05:44.373   752  2419 W OptProp : Cannot read opt property android.window.PROPERTY_COMPAT_ENABLE_FAKE_FOCUS
02-19 18:05:44.374   752  2419 D CompatChangeReporter: Compat change id reported: 324203798; UID 10217; state: ENABLED
02-19 18:05:44.394 13040 13040 I Choreographer: Skipped 378 frames!  The application may be doing too much work on its main thread.
02-19 18:05:44.412 13040 13124 I CameraManagerGlobal: Connecting to camera service
02-19 18:05:44.423   615 21625 I AttributionAndPermissionUtils: checkPermission (forDataDelivery 0 startDataDelivery 0): Permission hard denied for client attribution [uid 10217, pid 13040, packageName "<unknown>"]
02-19 18:05:44.436 13040 13040 I blica.toss.test: AssetManager2(0x7d8fac42c378) locale list changing from [] to [en-US]
02-19 18:05:44.436 13113 13113 I artd    : Starting artd
02-19 18:05:44.437 13113 13113 I AidlLazyServiceRegistrar: Registering service artd
02-19 18:05:44.438   752  1095 D BackgroundInstallControlService: Package event received: 0
02-19 18:05:44.444 13113 13113 I AidlLazyServiceRegistrar: Process has 1 (of 1 available) client(s) in use after notification artd has clients: 1
02-19 18:05:44.445   752  1095 D BackgroundInstallControlService: Package event received: 0
02-19 18:05:44.447   752   797 W IPCThreadState: Sending oneway calls to frozen process.
02-19 18:05:44.447   752   797 W IPCThreadState: Sending oneway calls to frozen process.
02-19 18:05:44.447   752   797 W IPCThreadState: Sending oneway calls to frozen process.
02-19 18:05:44.447   752   797 W IPCThreadState: Sending oneway calls to frozen process.
02-19 18:05:44.447   752   797 W IPCThreadState: Sending oneway calls to frozen process.
02-19 18:05:44.481 13040 13040 I blica.toss.test: AssetManager2(0x7d8fac42dc78) locale list changing from [] to [en-US]
02-19 18:05:44.692 13040 13040 I blica.toss.test: AssetManager2(0x7d8fac432a98) locale list changing from [] to [en-US]
02-19 18:05:44.699 13040 13040 D CompatChangeReporter: Compat change id reported: 309578419; UID 10217; state: ENABLED
02-19 18:05:44.716 13113 13113 I artd    : GetBestInfo: odex next to the dex file (/data/app/~~O-UZzK0jUU9NLgS3MODOZA==/com.google.android.gms-YQ2L6GsYyKuvu9MvIBK1EQ==/oat/x86_64/base.odex) is kOatUpToDate with filter 'speed-profile' executable 'false'
02-19 18:05:44.723 13113 13129 I artd    : GetBestInfo: odex next to the dex file (/data/app/~~O-UZzK0jUU9NLgS3MODOZA==/com.google.android.gms-YQ2L6GsYyKuvu9MvIBK1EQ==/oat/x86_64/split_AdsDynamite_installtime.odex) is kOatUpToDate with filter 'speed' executable 'false'
02-19 18:05:44.729 13113 13113 I artd    : GetBestInfo: odex next to the dex file (/data/app/~~O-UZzK0jUU9NLgS3MODOZA==/com.google.android.gms-YQ2L6GsYyKuvu9MvIBK1EQ==/oat/x86_64/split_CronetDynamite_installtime.odex) is kOatUpToDate with filter 'speed' executable 'false'
02-19 18:05:44.737 13113 13129 I artd    : GetBestInfo: odex next to the dex file (/data/app/~~O-UZzK0jUU9NLgS3MODOZA==/com.google.android.gms-YQ2L6GsYyKuvu9MvIBK1EQ==/oat/x86_64/split_DynamiteLoader_installtime.odex) is kOatUpToDate with filter 'speed' executable 'false'
02-19 18:05:44.742 13113 13113 I artd    : GetBestInfo: odex next to the dex file (/data/app/~~O-UZzK0jUU9NLgS3MODOZA==/com.google.android.gms-YQ2L6GsYyKuvu9MvIBK1EQ==/oat/x86_64/split_DynamiteModulesA_installtime.odex) is kOatUpToDate with filter 'speed' executable 'false'
02-19 18:05:44.745 13113 13129 I artd    : GetBestInfo: odex next to the dex file (/data/app/~~O-UZzK0jUU9NLgS3MODOZA==/com.google.android.gms-YQ2L6GsYyKuvu9MvIBK1EQ==/oat/x86_64/split_DynamiteModulesC_installtime.odex) is kOatUpToDate with filter 'speed' executable 'false'
02-19 18:05:44.750 13113 13113 I artd    : GetBestInfo: odex next to the dex file (/data/app/~~O-UZzK0jUU9NLgS3MODOZA==/com.google.android.gms-YQ2L6GsYyKuvu9MvIBK1EQ==/oat/x86_64/split_GoogleCertificates_installtime.odex) is kOatUpToDate with filter 'speed' executable 'false'
02-19 18:05:44.754 13113 13129 I artd    : GetBestInfo: odex next to the dex file (/data/app/~~O-UZzK0jUU9NLgS3MODOZA==/com.google.android.gms-YQ2L6GsYyKuvu9MvIBK1EQ==/oat/x86_64/split_MapsDynamite_installtime.odex) is kOatUpToDate with filter 'speed' executable 'false'
02-19 18:05:44.759 13113 13113 I artd    : GetBestInfo: odex next to the dex file (/data/app/~~O-UZzK0jUU9NLgS3MODOZA==/com.google.android.gms-YQ2L6GsYyKuvu9MvIBK1EQ==/oat/x86_64/split_MeasurementDynamite_installtime.odex) is kOatUpToDate with filter 'speed' executable 'false'
02-19 18:05:44.761 13113 13129 I artd    : GetBestInfo: /data/app/~~O-UZzK0jUU9NLgS3MODOZA==/com.google.android.gms-YQ2L6GsYyKuvu9MvIBK1EQ==/split_maps_core_dynamite_ondemand.apk has no usable artifacts
02-19 18:05:44.764 13113 13113 I artd    : GetBestInfo: /data/user_de/0/com.google.android.gms/app_chimera/m/0000000c/dl-Appsearch.optional_250834100800.apk has no usable artifacts
02-19 18:05:44.765 13113 13129 I artd    : GetBestInfo: /data/user_de/0/com.google.android.gms/app_chimera/m/00000001/CronetDynamite.apk has no usable artifacts
02-19 18:05:44.766 13113 13129 I artd    : GetBestInfo: /data/user_de/0/com.google.android.gms/app_chimera/m/00000002/DynamiteLoader.apk has no usable artifacts
02-19 18:05:44.768 13113 13131 I artd    : GetBestInfo: /data/user_de/0/com.google.android.gms/app_chimera/m/00000005/GoogleCertificates.apk has no usable artifacts
02-19 18:05:44.773 13113 13130 I artd    : GetBestInfo: /data/user_de/0/com.google.android.gms/app_chimera/m/00000009/dl-TfliteDynamiteDynamite.integ_252130102100800.apk has no usable artifacts
02-19 18:05:44.779 13113 13130 I artd    : GetBestInfo: vdex next to the dex file (/data/user/0/com.google.android.gms/app_dg_cache/BF7C023AB90CCF01D1F467FC1CEBAF866511FF29/oat/x86_64/the.vdex) is kOatUpToDate with filter 'verify' executable 'false'
02-19 18:05:44.783 13113 13130 I artd    : GetBestInfo: /data/user_de/0/com.google.android.gms/app_chimera/m/00000010/dl-PlayCloudSearch.optional_250834100000.apk has no usable artifacts
02-19 18:05:44.788 13113 13139 I artd    : GetBestInfo: /data/user_de/0/com.google.android.gms/app_chimera/m/00000017/dl-PlayCloudSearch.optional_260438100000.apk has no usable artifacts
02-19 18:05:44.796 13113 13139 I artd    : GetBestInfo: /data/user_de/0/com.google.android.gms/app_chimera/m/00000015/dl-MlkitOcrCommon.optional_260438100800.apk has no usable artifacts
02-19 18:05:44.802 13113 13139 I artd    : GetBestInfo: /data/user_de/0/com.google.android.gms/app_chimera/m/00000013/dl-MlkitBarcodeUi.optional_260438100800.apk has no usable artifacts
02-19 18:05:44.803 13040 13040 D CompatChangeReporter: Compat change id reported: 352594277; UID 10217; state: ENABLED
02-19 18:05:44.804 13040 13126 I EGL_emulation: Opening libGLESv1_CM_emulation.so
02-19 18:05:44.807 13040 13126 I EGL_emulation: Opening libGLESv2_emulation.so
02-19 18:05:44.808 13113 13139 I artd    : GetBestInfo: /data/user_de/0/com.google.android.gms/app_chimera/m/0000000f/dl-MlkitOcrCommon.optional_250834100800.apk has no usable artifacts
02-19 18:05:44.815 13113 13130 I artd    : GetBestInfo: /data/user_de/0/com.google.android.gms/app_chimera/m/0000000d/dl-VisionOcr.optional_250834100000.apk has no usable artifacts
02-19 18:05:44.817 13040 13040 D CompatChangeReporter: Compat change id reported: 349153669; UID 10217; state: ENABLED
02-19 18:05:44.819 13113 13139 I artd    : GetBestInfo: /data/user_de/0/com.google.android.gms/app_chimera/m/0000000a/dl-MlkitBarcodeUi.optional_250834100800.apk has no usable artifacts
02-19 18:05:44.821 13113 13130 I artd    : GetBestInfo: /data/user_de/0/com.google.android.gms/app_chimera/m/00000011/dl-VisionOcr.optional_260438100000.apk has no usable artifacts
02-19 18:05:44.823 13113 13130 I artd    : GetBestInfo: /data/user_de/0/com.google.android.gms/app_chimera/m/00000012/dl-Appsearch.optional_260438100800.apk has no usable artifacts
02-19 18:05:44.824 13040 13126 W HWUI    : Failed to choose config with EGL_SWAP_BEHAVIOR_PRESERVED, retrying without...
02-19 18:05:44.824 13040 13126 W HWUI    : Failed to initialize 101010-2 format, error = EGL_SUCCESS
02-19 18:05:44.828 13113 13139 I artd    : GetBestInfo: vdex next to the dex file (/data/user/0/com.google.android.gms/app_dg_cache/94DF452EEF4B8E717545DCDEA6CC3C50A319A195/oat/x86_64/the.vdex) is kOatUpToDate with filter 'verify' executable 'false'
02-19 18:05:44.830 13113 13130 I artd    : GetBestInfo: /data/user_de/0/com.google.android.gms/app_chimera/m/00000007/MeasurementDynamite.apk has no usable artifacts
02-19 18:05:44.832 13113 13139 I artd    : GetBestInfo: /data/user_de/0/com.google.android.gms/app_chimera/m/00000018/dl-AdsFdrDynamite.integ_254380203100000.apk has no usable artifacts
02-19 18:05:44.833 13040 13040 W HWUI    : Unknown dataspace 0
02-19 18:05:44.912 13040 13040 V SoLoader: Init System Loader delegate
02-19 18:05:44.990 13040 13162 W unknown:ReconnectingWebSocket: Couldn't connect to "ws://10.0.2.2:8081/message?device=sdk_gphone64_x86_64%20-%2016%20-%20API%2036&app=viva.republica.toss.test&clientid=BridgeDevSupportManager", will silently retry
02-19 18:05:44.992 13040 13163 W unknown:InspectorPackagerConnection: Couldn't connect to packager, will silently retry
02-19 18:05:45.009   752  1856 E TaskPersister: File error accessing recents directory (directory doesn't exist?).
02-19 18:05:45.052   752  1987 D CoreBackPreview: Window{7e8557 u0 viva.republica.toss.test/im.toss.rn.granite.core.GraniteActivity}: Setting back callback OnBackInvokedCallbackInfo{mCallback=android.window.IOnBackInvokedCallback$Stub$Proxy@e6432ae, mPriority=0, mIsAnimationCallback=false, mOverrideBehavior=0}
02-19 18:05:45.053 13040 13040 W unknown:ReactRootView: Unable to update root layout specs for uninitialized ReactInstanceManager
02-19 18:05:45.113   752   794 I ActivityTaskManager: Displayed viva.republica.toss.test/im.toss.rn.granite.core.GraniteActivity for user 0: +7s289ms
02-19 18:05:45.144 13040 13040 E unknown:ReactRootView: Unhandled SoftException
02-19 18:05:45.144 13040 13040 E unknown:ReactRootView: com.facebook.react.uimanager.IllegalViewOperationException: Trying to attach a ReactRootView with an explicit id already set to [2131362676]. React Native uses the id field to track react tags and will overwrite this field. If that is fine, explicitly overwrite the id field to View.NO_ID.
02-19 18:05:45.144 13040 13040 E unknown:ReactRootView: 	at com.facebook.react.ReactRootView.attachToReactInstanceManager(:799)
02-19 18:05:45.144 13040 13040 E unknown:ReactRootView: 	at com.facebook.react.ReactRootView.startReactApplication(:509)
02-19 18:05:45.144 13040 13040 E unknown:ReactRootView: 	at com.facebook.react.ReactRootView.startReactApplication(:469)
02-19 18:05:45.144 13040 13040 E unknown:ReactRootView: 	at im.toss.rn.granite.core.GraniteActivity.write(:486)
02-19 18:05:45.144 13040 13040 E unknown:ReactRootView: 	at im.toss.rn.granite.core.GraniteActivity.RemoteActionCompatParcelizer(:124)
02-19 18:05:45.144 13040 13040 E unknown:ReactRootView: 	at im.toss.rn.granite.core.GraniteActivity$RemoteActionCompatParcelizer.IconCompatParcelizer(:65353)
02-19 18:05:45.144 13040 13040 E unknown:ReactRootView: 	at o.sh.a_(:33)
02-19 18:05:45.144 13040 13040 E unknown:ReactRootView: 	at o.xP.run(:100)
02-19 18:05:45.144 13040 13040 E unknown:ReactRootView: 	at android.os.Handler.handleCallback(Handler.java:995)
02-19 18:05:45.144 13040 13040 E unknown:ReactRootView: 	at android.os.Handler.dispatchMessage(Handler.java:103)
02-19 18:05:45.144 13040 13040 E unknown:ReactRootView: 	at android.os.Looper.loopOnce(Looper.java:248)
02-19 18:05:45.144 13040 13040 E unknown:ReactRootView: 	at android.os.Looper.loop(Looper.java:338)
02-19 18:05:45.144 13040 13040 E unknown:ReactRootView: 	at android.app.ActivityThread.main(ActivityThread.java:9067)
02-19 18:05:45.144 13040 13040 E unknown:ReactRootView: 	at java.lang.reflect.Method.invoke(Native Method)
02-19 18:05:45.144 13040 13040 E unknown:ReactRootView: 	at com.android.internal.os.RuntimeInit$MethodAndArgsCaller.run(RuntimeInit.java:593)
02-19 18:05:45.144 13040 13040 E unknown:ReactRootView: 	at com.android.internal.os.ZygoteInit.main(ZygoteInit.java:932)
02-19 18:05:45.155   752   797 V WindowManager: Unknown focus tokens, dropping reportFocusChanged
02-19 18:05:45.165 13040 13040 D CompatChangeReporter: Compat change id reported: 270674727; UID 10217; state: ENABLED
02-19 18:05:45.181 13040 13040 D CompatChangeReporter: Compat change id reported: 63938206; UID 10217; state: ENABLED
02-19 18:05:45.416   752  2419 D CoreBackPreview: Window{9557247 u0 PopupWindow:8e1db67}: Setting back callback OnBackInvokedCallbackInfo{mCallback=android.window.IOnBackInvokedCallback$Stub$Proxy@d94ab9d, mPriority=0, mIsAnimationCallback=false, mOverrideBehavior=0}
02-19 18:05:45.488   752  2505 W ContentProviderHelper: Slow operation: 51ms so far, now at getContentProviderImpl: after updateOomAdj
02-19 18:05:45.488   752  2505 W ContentProviderHelper: Slow operation: 52ms so far, now at getContentProviderImpl: done!
02-19 18:05:45.495 20068 20076 I FontLog : (REDACTED) Received query %s, URI %s
02-19 18:05:45.496 20068 20076 I FontLog : (REDACTED) Query [%s] resolved to %s
02-19 18:05:45.499 20068 20076 I FontLog : (REDACTED) Fetch %s end status %s
02-19 18:05:45.511 20068 20076 I FontLog : (REDACTED) Pulling font file for id = %d, cache size = %d
02-19 18:05:45.519 20068 20076 I FontLog : (REDACTED) Pulling font file for id = %d, cache size = %d
02-19 18:05:46.186   752   969 D ActivityManager: freezing 3794 com.android.vending
02-19 18:05:46.239   752   969 D ActivityManager: freezing 10620 com.android.vending:background
02-19 18:05:46.295   752  1029 D InetDiagMessage: Destroyed 0 sockets, proto=IPPROTO_TCP, family=AF_INET, states=14
02-19 18:05:46.296   752  1029 D InetDiagMessage: Destroyed 0 sockets, proto=IPPROTO_TCP, family=AF_INET6, states=14
02-19 18:05:46.296   752  1029 D InetDiagMessage: Destroyed live tcp sockets for uids={10146} in 3ms
02-19 18:05:46.505 13040 13164 E SurfaceSyncGroup: Failed to receive transaction ready in 1000ms. Marking SurfaceSyncGroup(wmsSync-VRI[PopupWindow:8e1db67]#2) as ready
02-19 18:05:46.506 13040 13164 E SurfaceSyncGroup: Failed to receive transaction ready in 1000ms. Marking SurfaceSyncGroup(VRI[PopupWindow:8e1db67]#3) as ready
02-19 18:05:46.555 13040 13040 I Choreographer: Skipped 62 frames!  The application may be doing too much work on its main thread.
02-19 18:05:46.565 13040 13050 I HWUI    : Davey! duration=1300ms; Flags=1, FrameTimelineVsyncId=1815652, IntendedVsync=103419088136760, Vsync=103419238136754, InputEventId=0, HandleInputStart=103419240319291, AnimationStart=103419240320309, PerformTraversalsStart=103419240320614, DrawStart=103420307286632, FrameDeadline=103419104803426, FrameStartTime=103419240163516, FrameInterval=16666666, WorkloadTarget=16666666, SyncQueued=103420335380051, SyncStart=103420337672297, IssueDrawCommandsStart=103420337795923, SwapBuffers=103420382257222, FrameCompleted=103420391146386, DequeueBufferDuration=8277, QueueBufferDuration=3039770, GpuCompleted=103420390501281, SwapBuffersCompleted=103420391146386, DisplayPresentTime=0, CommandSubmissionCompleted=103420382257222, 
02-19 18:05:47.611 13040 13040 W WindowOnBackDispatcher: sendCancelIfRunning: isInProgress=false callback=android.view.ViewRootImpl$$ExternalSyntheticLambda13@fa6c703
02-19 18:05:47.611   752  2505 D CoreBackPreview: Window{9557247 u0 PopupWindow:8e1db67}: Setting back callback null
02-19 18:05:47.621 13040 13171 D nativeloader: Load /data/app/~~NUQj-rdXzuicW-16SIRtKA==/viva.republica.toss.test-Si406wFvb_sqEA2GTBV6RQ==/lib/x86_64/libc++_shared.so using class loader ns clns-9 (caller=<unknown>): ok
02-19 18:05:47.626 13040 13171 D nativeloader: Load /data/app/~~NUQj-rdXzuicW-16SIRtKA==/viva.republica.toss.test-Si406wFvb_sqEA2GTBV6RQ==/lib/x86_64/libglog.so using class loader ns clns-9 (caller=<unknown>): ok
02-19 18:05:47.629 13040 13171 D nativeloader: Load /data/app/~~NUQj-rdXzuicW-16SIRtKA==/viva.republica.toss.test-Si406wFvb_sqEA2GTBV6RQ==/lib/x86_64/libfolly_runtime.so using class loader ns clns-9 (caller=<unknown>): ok
02-19 18:05:47.633 13040 13171 D nativeloader: Load /data/app/~~NUQj-rdXzuicW-16SIRtKA==/viva.republica.toss.test-Si406wFvb_sqEA2GTBV6RQ==/lib/x86_64/libfbjni.so using class loader ns clns-9 (caller=<unknown>): ok
02-19 18:05:47.637 13040 13171 D nativeloader: Load /data/app/~~NUQj-rdXzuicW-16SIRtKA==/viva.republica.toss.test-Si406wFvb_sqEA2GTBV6RQ==/lib/x86_64/libjsi.so using class loader ns clns-9 (caller=<unknown>): ok
02-19 18:05:47.639 13040 13171 D nativeloader: Load /data/app/~~NUQj-rdXzuicW-16SIRtKA==/viva.republica.toss.test-Si406wFvb_sqEA2GTBV6RQ==/lib/x86_64/libhermes.so using class loader ns clns-9 (caller=<unknown>): ok
02-19 18:05:47.644 13040 13171 D nativeloader: Load /data/app/~~NUQj-rdXzuicW-16SIRtKA==/viva.republica.toss.test-Si406wFvb_sqEA2GTBV6RQ==/lib/x86_64/libfb.so using class loader ns clns-9 (caller=<unknown>): ok
02-19 18:05:47.648 13040 13171 D nativeloader: Load /data/app/~~NUQj-rdXzuicW-16SIRtKA==/viva.republica.toss.test-Si406wFvb_sqEA2GTBV6RQ==/lib/x86_64/libyoga.so using class loader ns clns-9 (caller=<unknown>): ok
02-19 18:05:47.658 13040 13171 D nativeloader: Load /data/app/~~NUQj-rdXzuicW-16SIRtKA==/viva.republica.toss.test-Si406wFvb_sqEA2GTBV6RQ==/lib/x86_64/libruntimeexecutor.so using class loader ns clns-9 (caller=<unknown>): ok
02-19 18:05:47.661 13040 13171 D nativeloader: Load /data/app/~~NUQj-rdXzuicW-16SIRtKA==/viva.republica.toss.test-Si406wFvb_sqEA2GTBV6RQ==/lib/x86_64/libreact_debug.so using class loader ns clns-9 (caller=<unknown>): ok
02-19 18:05:47.663 13040 13171 D nativeloader: Load /data/app/~~NUQj-rdXzuicW-16SIRtKA==/viva.republica.toss.test-Si406wFvb_sqEA2GTBV6RQ==/lib/x86_64/libglog_init.so using class loader ns clns-9 (caller=<unknown>): ok
02-19 18:05:47.666 13040 13171 D nativeloader: Load /data/app/~~NUQj-rdXzuicW-16SIRtKA==/viva.republica.toss.test-Si406wFvb_sqEA2GTBV6RQ==/lib/x86_64/libreact_utils.so using class loader ns clns-9 (caller=<unknown>): ok
02-19 18:05:47.669 13040 13171 D nativeloader: Load /data/app/~~NUQj-rdXzuicW-16SIRtKA==/viva.republica.toss.test-Si406wFvb_sqEA2GTBV6RQ==/lib/x86_64/libreact_render_mapbuffer.so using class loader ns clns-9 (caller=<unknown>): ok
02-19 18:05:47.671 13040 13171 D nativeloader: Load /data/app/~~NUQj-rdXzuicW-16SIRtKA==/viva.republica.toss.test-Si406wFvb_sqEA2GTBV6RQ==/lib/x86_64/libreact_render_graphics.so using class loader ns clns-9 (caller=<unknown>): ok
02-19 18:05:47.673 13040 13171 D nativeloader: Load /data/app/~~NUQj-rdXzuicW-16SIRtKA==/viva.republica.toss.test-Si406wFvb_sqEA2GTBV6RQ==/lib/x86_64/libreact_render_debug.so using class loader ns clns-9 (caller=<unknown>): ok
02-19 18:05:47.676 13040 13171 D nativeloader: Load /data/app/~~NUQj-rdXzuicW-16SIRtKA==/viva.republica.toss.test-Si406wFvb_sqEA2GTBV6RQ==/lib/x86_64/libreact_render_core.so using class loader ns clns-9 (caller=<unknown>): ok
02-19 18:05:47.678 13040 13171 D nativeloader: Load /data/app/~~NUQj-rdXzuicW-16SIRtKA==/viva.republica.toss.test-Si406wFvb_sqEA2GTBV6RQ==/lib/x86_64/libreact_render_runtimescheduler.so using class loader ns clns-9 (caller=<unknown>): ok
02-19 18:05:47.680 13040 13171 D nativeloader: Load /data/app/~~NUQj-rdXzuicW-16SIRtKA==/viva.republica.toss.test-Si406wFvb_sqEA2GTBV6RQ==/lib/x86_64/liblogger.so using class loader ns clns-9 (caller=<unknown>): ok
02-19 18:05:47.682 13040 13171 D nativeloader: Load /data/app/~~NUQj-rdXzuicW-16SIRtKA==/viva.republica.toss.test-Si406wFvb_sqEA2GTBV6RQ==/lib/x86_64/libreactperfloggerjni.so using class loader ns clns-9 (caller=<unknown>): ok
02-19 18:05:47.684 13040 13171 D nativeloader: Load /data/app/~~NUQj-rdXzuicW-16SIRtKA==/viva.republica.toss.test-Si406wFvb_sqEA2GTBV6RQ==/lib/x86_64/libjsinspector.so using class loader ns clns-9 (caller=<unknown>): ok
02-19 18:05:47.690 13040 13171 D nativeloader: Load /data/app/~~NUQj-rdXzuicW-16SIRtKA==/viva.republica.toss.test-Si406wFvb_sqEA2GTBV6RQ==/lib/x86_64/libreactnativejni.so using class loader ns clns-9 (caller=<unknown>): ok
02-19 18:05:47.695 13040 13171 D nativeloader: Load /data/app/~~NUQj-rdXzuicW-16SIRtKA==/viva.republica.toss.test-Si406wFvb_sqEA2GTBV6RQ==/lib/x86_64/libhermes_executor.so using class loader ns clns-9 (caller=<unknown>): ok
02-19 18:05:47.727 13040 13171 D ApplicationLoaders: Returning zygote-cached class loader: /system/framework/org.apache.http.legacy.jar
02-19 18:05:47.727 13040 13171 D ApplicationLoaders: Returning zygote-cached class loader: /system/framework/com.android.location.provider.jar
02-19 18:05:47.727 13040 13171 D ApplicationLoaders: Returning zygote-cached class loader: /system/framework/com.android.media.remotedisplay.jar
02-19 18:05:47.727 13040 13171 D ApplicationLoaders: Returning zygote-cached class loader: /system_ext/framework/androidx.window.extensions.jar
02-19 18:05:47.727 13040 13171 D ApplicationLoaders: Returning zygote-cached class loader: /system_ext/framework/androidx.window.sidecar.jar
02-19 18:05:47.890 13180 13180 W dumpsys : Thread Pool max thread count is 0. Cannot cache binder as linkToDeath cannot be implemented. serviceName: window
02-19 18:05:47.898   752  2419 I system_server: AssetManager2(0x7d8fac4d10f8) locale list changing from [] to [en-US]
02-19 18:05:47.902   752  2419 I system_server: AssetManager2(0x7d8fac46e098) locale list changing from [] to [en-US]
02-19 18:05:47.905   752  2419 I system_server: AssetManager2(0x7d8fac4d4618) locale list changing from [] to [en-US]
02-19 18:05:47.907   752  2419 I system_server: AssetManager2(0x7d8fac4cdbd8) locale list changing from [] to [en-US]
02-19 18:05:47.909   752  2419 I system_server: AssetManager2(0x7d8fac435c98) locale list changing from [] to [en-US]
02-19 18:05:47.912   752  2419 I system_server: AssetManager2(0x7d8fac4d7e58) locale list changing from [] to [en-US]
02-19 18:05:47.959 13040 13171 D nativeloader: Configuring clns-13 for other apk /data/app/~~O-UZzK0jUU9NLgS3MODOZA==/com.google.android.gms-YQ2L6GsYyKuvu9MvIBK1EQ==/base.apk. target_sdk_version=36, uses_libraries=, library_path=/data/app/~~O-UZzK0jUU9NLgS3MODOZA==/com.google.android.gms-YQ2L6GsYyKuvu9MvIBK1EQ==/lib/x86_64:/data/app/~~O-UZzK0jUU9NLgS3MODOZA==/com.google.android.gms-YQ2L6GsYyKuvu9MvIBK1EQ==/base.apk!/lib/x86_64, permitted_path=/data:/mnt/expand:/data/user/0/com.google.android.gms
02-19 18:05:48.018 13040 13171 I blica.toss.test: AssetManager2(0x7d8fac438218) locale list changing from [] to [en-US]
02-19 18:05:48.040 13040 13171 W System  : ClassLoader referenced unknown path: 
