02-19 13:59:53.301  4449  4467 V WindowManagerShell:  Checking filter Pair{{types=[] flags=0x0] notFlags=0x100 checks=[{atype=home independent=true modes=[OPEN,TO_FRONT] flags=NONE mustBeTask=false order=TOP topActivity=ComponentInfo{com.google.android.apps.nexuslauncher/com.google.android.apps.nexuslauncher.NexusLauncherActivity} launchCookie=null windowingMode=undefined},{atype=standard independent=true modes=[CLOSE,TO_BACK] flags=NONE mustBeTask=false order=ANY topActivity=null launchCookie=null windowingMode=undefined},{NOT atype=undefined independent=true modes=[] flags=NONE mustBeTask=true order=ANY topActivity=null launchCookie=null customAnim=true windowingMode=undefined}]} RemoteTransition { remoteTransition = android.window.IRemoteTransition$Stub$Proxy@9d5fc63, appThread = android.app.IApplicationThread$Stub$Proxy@a94d060, debugName = QuickstepLaunchHome }}
02-19 13:59:53.301  4449  4467 V WindowManagerShell:  Delegate animation for (#469) to null
02-19 13:59:53.301  4449  4467 V WindowManagerShell: start default transition animation, info = {id=469 t=OPEN f=0x0 trk=0 r=[0@Point(0, 0)] c=[{m=TO_FRONT f=MOVE_TO_TOP leash=Surface(name=Task=56)/@0x3628a39 sb=Rect(0, 0 - 1080, 2400) eb=Rect(0, 0 - 1080, 2400) epz=Point(1080, 2400) d=0 taskParent=-1},{m=TO_BACK f=SHOW_WALLPAPER leash=Surface(name=Task=1)/@0x828687e sb=Rect(0, 0 - 1080, 2400) eb=Rect(0, 0 - 1080, 2400) epz=Point(1080, 2400) d=0 taskParent=-1},{m=TO_BACK f=IS_WALLPAPER leash=Surface(name=WallpaperWindowToken{35e0c0f showWhenLocked=false})/@0x87f11df sb=Rect(0, 0 - 1080, 2400) eb=Rect(0, 0 - 1080, 2400) epz=Point(1080, 2400) d=0}]}
02-19 13:59:53.302  4449  4467 V WindowManagerShell: loadAnimation: anim=android.view.animation.AnimationSet@dd890f5 animAttr=0x13 type=OPEN isEntrance=false
02-19 13:59:53.302  4449  4467 V WindowManagerShell: loadAnimation: anim=android.view.animation.AnimationSet@3de8e8a animAttr=0x12 type=OPEN isEntrance=true
02-19 13:59:53.303  4449  4467 V WindowManagerShell:  animated by com.android.wm.shell.transition.DefaultTransitionHandler@f74d823
02-19 13:59:53.516  3630  3641 I HWUI    : Davey! duration=784ms; Flags=1, FrameTimelineVsyncId=1494430, IntendedVsync=88666555393528, Vsync=88666555393528, InputEventId=0, HandleInputStart=88666568897961, AnimationStart=88666568898653, PerformTraversalsStart=88666688133083, DrawStart=88667088095030, FrameDeadline=88666572060194, FrameStartTime=88666568896152, FrameInterval=16666666, WorkloadTarget=16666666, SyncQueued=88667142213325, SyncStart=88667143136907, IssueDrawCommandsStart=88667143988187, SwapBuffers=88667318648714, FrameCompleted=88667340913213, DequeueBufferDuration=7553, QueueBufferDuration=808359, GpuCompleted=88667340913213, SwapBuffersCompleted=88667334612861, DisplayPresentTime=0, CommandSubmissionCompleted=88667318648714, 
02-19 13:59:53.608  4449  4467 V WindowManagerShell: Transition animation finished (aborted=false), notifying core (#469) android.os.BinderProxy@6d5f094@0
02-19 13:59:53.642   617   617 D VRI[NexusLauncherActivity]: visibilityChanged oldVisibility=true newVisibility=false
02-19 13:59:53.651  4449  4467 V WindowManagerShell: Track 0 became idle
02-19 13:59:53.651  4449  4467 V WindowManagerShell: All active transition animations finished
02-19 13:59:53.673   617   617 D NexusLauncherModelDelegate: notifySmartspaceEvent: SmartspaceTargetEvent{mSmartspaceTarget=null, mSmartspaceActionId='null', mEventType=7}
02-19 13:59:53.688   617   617 D BaseDepthController: setSurface:
02-19 13:59:53.688   617   617 D BaseDepthController: 	mWaitingOnSurfaceValidity: false
02-19 13:59:53.688   617   617 D BaseDepthController: 	mBaseSurface: null
02-19 13:59:53.688   617   617 D BaseDepthController: mSurface is null and mCurrentBlur is: 0
02-19 13:59:53.697  3630  3630 I Choreographer: Skipped 58 frames!  The application may be doing too much work on its main thread.
02-19 13:59:53.693   617   617 D StateManager: goToState - fromState: Normal, toState: Normal, partial trace:
02-19 13:59:53.693   617   617 D StateManager: 	at com.android.launcher3.statemanager.StateManager.moveToRestState(go/retraceme 72a59688580715d19f0e415c69e80376c2f062d1648c80db6730905005a27c20:4)
02-19 13:59:53.693   617   617 D StateManager: 	at com.android.launcher3.statemanager.StateManager.moveToRestState(go/retraceme 72a59688580715d19f0e415c69e80376c2f062d1648c80db6730905005a27c20:1)
02-19 13:59:53.693   617   617 D StateManager: 	at com.android.launcher3.statemanager.StatefulActivity.onStop(go/retraceme 72a59688580715d19f0e415c69e80376c2f062d1648c80db6730905005a27c20:34)
02-19 13:59:53.708   617   617 D StatsLog: LAUNCHER_ONSTOP
02-19 13:59:53.724   617   617 D StatsLog: LAUNCHER_GOOGLE_SEARCH_RESTORE_LIST_SIZE_AFTER_ACTIVITY_RESTART
02-19 13:59:53.774   752  1095 D BackgroundInstallControlService: Package event received: 0
02-19 13:59:53.803  3630  4421 I HWUI    : Davey! duration=1056ms; Flags=0, FrameTimelineVsyncId=1494452, IntendedVsync=88666572060194, Vsync=88667538726822, InputEventId=0, HandleInputStart=88667544963727, AnimationStart=88667544966017, PerformTraversalsStart=88667557317895, DrawStart=88667557596006, FrameDeadline=88667372060162, FrameStartTime=88667542708811, FrameInterval=16666666, WorkloadTarget=16666666, SyncQueued=88667558674281, SyncStart=88667558878116, IssueDrawCommandsStart=88667559309391, SwapBuffers=88667581006851, FrameCompleted=88667628442325, DequeueBufferDuration=7974, QueueBufferDuration=1594178, GpuCompleted=88667628442325, SwapBuffersCompleted=88667593932977, DisplayPresentTime=0, CommandSubmissionCompleted=88667581006851, 
02-19 13:59:53.808   752   989 I ImeTracker: viva.republica.toss.test:2ffc053e: onRequestHide at ORIGIN_SERVER reason HIDE_UNSPECIFIED_WINDOW fromUser false
02-19 13:59:53.817   752   794 W Looper  : Slow dispatch took 325ms android.fg app=system_server main=false group=FOREGROUND h=android.os.Handler c=com.android.server.wm.ActivityMetricsLogger$$ExternalSyntheticLambda0@ca790c m=0
02-19 13:59:53.817   752   794 W Looper  : Slow delivery took 326ms android.fg app=system_server main=false group=FOREGROUND h=android.os.Handler c=com.android.server.wm.ActivityMetricsLogger$$ExternalSyntheticLambda8@25f6255 m=0
02-19 13:59:53.819   752   794 V WindowManager: Finish Transition (#469): created at 02-19 13:59:52.692 collect-started=0.095ms request-sent=4.816ms started=6.753ms ready=17.066ms sent=587.754ms commit=33.612ms finished=939.801ms
02-19 13:59:53.833  1563  1563 I GoogleInputMethodService: GoogleInputMethodService.onFinishInput():2043 
02-19 13:59:53.835   752  1984 I ImeTracker: system_server:f15b4a38: onRequestHide at ORIGIN_SERVER reason IME_REQUESTED_CHANGED_LISTENER fromUser false
02-19 13:59:53.836  1563  1563 I Module  : DeviceLockedStatusModuleProvider$Module.updateDeviceLockedStatus():100 repeatCheckTimes = 0, locked = false
02-19 13:59:53.836   752   797 I ImeTracker: system_server:f15b4a38: onCancelled at PHASE_SERVER_SHOULD_HIDE
02-19 13:59:53.838  1563  1563 I GoogleInputMethodService: GoogleInputMethodService.onStartInput():1293 onStartInput(EditorInfo{EditorInfo{packageName=viva.republica.toss.test, inputType=0, inputTypeString=NULL, enableLearning=false, autoCorrection=false, autoComplete=false, imeOptions=0, privateImeOptions=null, actionName=UNSPECIFIED, actionLabel=null, initialSelStart=-1, initialSelEnd=-1, initialCapsMode=0, label=null, fieldId=0, fieldName=null, extras=null, hintText=null, hintLocales=[]}}, false)
02-19 13:59:53.862  1563  1563 I Module  : DeviceLockedStatusModuleProvider$Module.updateDeviceLockedStatus():100 repeatCheckTimes = 1, locked = false
02-19 13:59:53.865  1563  1563 I EmojiCompatManager: EmojiCompatManager.getEmojiCompatIfLoaded():343 EmojiCompat.init() was never called.
02-19 13:59:53.865  1563  1563 I EmojiCompatManager: java.lang.IllegalStateException: EmojiCompat is not initialized. Please call EmojiCompat.init() first
02-19 13:59:53.865  1563  1563 I EmojiCompatManager: 	at asx.p(PG:6)
02-19 13:59:53.865  1563  1563 I EmojiCompatManager: 	at axb.b(PG:13)
02-19 13:59:53.865  1563  1563 I EmojiCompatManager: 	at jnr.b(PG:2)
02-19 13:59:53.865  1563  1563 I EmojiCompatManager: 	at jnr.c(PG:4)
02-19 13:59:53.865  1563  1563 I EmojiCompatManager: 	at jnr.f(PG:3)
02-19 13:59:53.865  1563  1563 I EmojiCompatManager: 	at jnx.c(PG:3)
02-19 13:59:53.865  1563  1563 I EmojiCompatManager: 	at kif.cz(PG:47)
02-19 13:59:53.865  1563  1563 I EmojiCompatManager: 	at lhl.run(PG:1025)
02-19 13:59:53.865  1563  1563 I EmojiCompatManager: 	at jaf.execute(PG:12)
02-19 13:59:53.865  1563  1563 I EmojiCompatManager: 	at nco.v(PG:13)
02-19 13:59:53.865  1563  1563 I EmojiCompatManager: 	at lhn.m(PG:96)
02-19 13:59:53.865  1563  1563 I EmojiCompatManager: 	at lhn.k(PG:25)
02-19 13:59:53.865  1563  1563 I EmojiCompatManager: 	at kgn.onStartInput(PG:250)
02-19 13:59:53.865  1563  1563 I EmojiCompatManager: 	at android.inputmethodservice.InputMethodService.doStartInput(InputMethodService.java:3521)
02-19 13:59:53.865  1563  1563 I EmojiCompatManager: 	at android.inputmethodservice.InputMethodService$InputMethodImpl.startInput(InputMethodService.java:879)
02-19 13:59:53.865  1563  1563 I EmojiCompatManager: 	at android.inputmethodservice.InputMethodService$InputMethodImpl.dispatchStartInput(InputMethodService.java:908)
02-19 13:59:53.865  1563  1563 I EmojiCompatManager: 	at android.inputmethodservice.IInputMethodWrapper.executeMessage(IInputMethodWrapper.java:201)
02-19 13:59:53.865  1563  1563 I EmojiCompatManager: 	at com.android.internal.os.HandlerCaller$MyHandler.handleMessage(HandlerCaller.java:44)
02-19 13:59:53.865  1563  1563 I EmojiCompatManager: 	at android.os.Handler.dispatchMessage(Handler.java:110)
02-19 13:59:53.865  1563  1563 I EmojiCompatManager: 	at android.os.Looper.loopOnce(Looper.java:248)
02-19 13:59:53.865  1563  1563 I EmojiCompatManager: 	at android.os.Looper.loop(Looper.java:338)
02-19 13:59:53.865  1563  1563 I EmojiCompatManager: 	at android.app.ActivityThread.main(ActivityThread.java:9067)
02-19 13:59:53.865  1563  1563 I EmojiCompatManager: 	at java.lang.reflect.Method.invoke(Native Method)
02-19 13:59:53.865  1563  1563 I EmojiCompatManager: 	at com.android.internal.os.RuntimeInit$MethodAndArgsCaller.run(RuntimeInit.java:593)
02-19 13:59:53.865  1563  1563 I EmojiCompatManager: 	at com.android.internal.os.ZygoteInit.main(ZygoteInit.java:932)
02-19 13:59:53.873   752  1984 W PackageConfigPersister: App-specific configuration not found for packageName: viva.republica.toss.test and userId: 0
02-19 13:59:53.975  3630  3630 D InsetsController: hide(ime(), fromIme=false)
02-19 13:59:53.975  3630  3630 I ImeTracker: viva.republica.toss.test:2ffc053e: onCancelled at PHASE_CLIENT_ALREADY_HIDDEN
02-19 13:59:54.134  3630  5160 D ReactNativeJS: '[Analytics]', '{\n  "log_type": "screen",\n  "log_name": "/::screen",\n  "params": {\n    "referrer": null,\n    "deployment_id": "local",\n    "deployment_timestamp": null\n  }\n}'
02-19 13:59:54.375  5297  5297 W dumpsys : Thread Pool max thread count is 0. Cannot cache binder as linkToDeath cannot be implemented. serviceName: package
02-19 13:59:55.985   531   568 W EventThread: Faking VSYNC due to driver stall for thread app
02-19 13:59:55.986   752  1935 W ServiceManagerCppClient: Waited one second for artd (is service started? Number of threads started in the threadpool: 32. Are binder threads started and available?)
02-19 13:59:56.002   752  1856 E TaskPersister: File error accessing recents directory (directory doesn't exist?).
02-19 13:59:56.034  5302  5302 W dumpsys : Thread Pool max thread count is 0. Cannot cache binder as linkToDeath cannot be implemented. serviceName: window
02-19 13:59:56.745  5301  5301 I artd    : Starting artd
02-19 13:59:56.746  5301  5301 I AidlLazyServiceRegistrar: Registering service artd
02-19 13:59:56.751  5301  5301 I AidlLazyServiceRegistrar: Process has 1 (of 1 available) client(s) in use after notification artd has clients: 1
02-19 13:59:57.231  5301  5310 I artd    : GetBestInfo: odex next to the dex file (/data/app/~~O-UZzK0jUU9NLgS3MODOZA==/com.google.android.gms-YQ2L6GsYyKuvu9MvIBK1EQ==/oat/x86_64/base.odex) is kOatUpToDate with filter 'speed-profile' executable 'false'
02-19 13:59:57.327  5301  5310 I artd    : GetBestInfo: odex next to the dex file (/data/app/~~O-UZzK0jUU9NLgS3MODOZA==/com.google.android.gms-YQ2L6GsYyKuvu9MvIBK1EQ==/oat/x86_64/split_AdsDynamite_installtime.odex) is kOatUpToDate with filter 'speed' executable 'false'
02-19 13:59:57.350  5301  5310 I artd    : GetBestInfo: odex next to the dex file (/data/app/~~O-UZzK0jUU9NLgS3MODOZA==/com.google.android.gms-YQ2L6GsYyKuvu9MvIBK1EQ==/oat/x86_64/split_CronetDynamite_installtime.odex) is kOatUpToDate with filter 'speed' executable 'false'
02-19 13:59:57.366  5301  5310 I artd    : GetBestInfo: odex next to the dex file (/data/app/~~O-UZzK0jUU9NLgS3MODOZA==/com.google.android.gms-YQ2L6GsYyKuvu9MvIBK1EQ==/oat/x86_64/split_DynamiteLoader_installtime.odex) is kOatUpToDate with filter 'speed' executable 'false'
02-19 13:59:57.390  5301  5310 I artd    : GetBestInfo: odex next to the dex file (/data/app/~~O-UZzK0jUU9NLgS3MODOZA==/com.google.android.gms-YQ2L6GsYyKuvu9MvIBK1EQ==/oat/x86_64/split_DynamiteModulesA_installtime.odex) is kOatUpToDate with filter 'speed' executable 'false'
02-19 13:59:57.418  5301  5310 I artd    : GetBestInfo: odex next to the dex file (/data/app/~~O-UZzK0jUU9NLgS3MODOZA==/com.google.android.gms-YQ2L6GsYyKuvu9MvIBK1EQ==/oat/x86_64/split_DynamiteModulesC_installtime.odex) is kOatUpToDate with filter 'speed' executable 'false'
02-19 13:59:57.435  5301  5310 I artd    : GetBestInfo: odex next to the dex file (/data/app/~~O-UZzK0jUU9NLgS3MODOZA==/com.google.android.gms-YQ2L6GsYyKuvu9MvIBK1EQ==/oat/x86_64/split_GoogleCertificates_installtime.odex) is kOatUpToDate with filter 'speed' executable 'false'
02-19 13:59:57.449  5301  5310 I artd    : GetBestInfo: odex next to the dex file (/data/app/~~O-UZzK0jUU9NLgS3MODOZA==/com.google.android.gms-YQ2L6GsYyKuvu9MvIBK1EQ==/oat/x86_64/split_MapsDynamite_installtime.odex) is kOatUpToDate with filter 'speed' executable 'false'
02-19 13:59:57.504  5301  5310 I artd    : GetBestInfo: odex next to the dex file (/data/app/~~O-UZzK0jUU9NLgS3MODOZA==/com.google.android.gms-YQ2L6GsYyKuvu9MvIBK1EQ==/oat/x86_64/split_MeasurementDynamite_installtime.odex) is kOatUpToDate with filter 'speed' executable 'false'
02-19 13:59:57.509  5301  5310 I artd    : GetBestInfo: /data/app/~~O-UZzK0jUU9NLgS3MODOZA==/com.google.android.gms-YQ2L6GsYyKuvu9MvIBK1EQ==/split_maps_core_dynamite_ondemand.apk has no usable artifacts
02-19 13:59:58.020  5301  5310 I artd    : GetBestInfo: /data/user_de/0/com.google.android.gms/app_chimera/m/0000000c/dl-Appsearch.optional_250834100800.apk has no usable artifacts
02-19 13:59:58.032  5301  5310 I artd    : GetBestInfo: /data/user_de/0/com.google.android.gms/app_chimera/m/00000001/CronetDynamite.apk has no usable artifacts
02-19 13:59:58.033  5301  5310 I artd    : GetBestInfo: /data/user_de/0/com.google.android.gms/app_chimera/m/00000002/DynamiteLoader.apk has no usable artifacts
02-19 13:59:58.035  5301  5310 I artd    : GetBestInfo: /data/user_de/0/com.google.android.gms/app_chimera/m/00000005/GoogleCertificates.apk has no usable artifacts
02-19 13:59:58.041  5301  5310 I artd    : GetBestInfo: /data/user_de/0/com.google.android.gms/app_chimera/m/00000009/dl-TfliteDynamiteDynamite.integ_252130102100800.apk has no usable artifacts
02-19 13:59:58.065  5301  5310 I artd    : GetBestInfo: vdex next to the dex file (/data/user/0/com.google.android.gms/app_dg_cache/BF7C023AB90CCF01D1F467FC1CEBAF866511FF29/oat/x86_64/the.vdex) is kOatUpToDate with filter 'verify' executable 'false'
02-19 13:59:58.076  5301  5310 I artd    : GetBestInfo: /data/user_de/0/com.google.android.gms/app_chimera/m/00000010/dl-PlayCloudSearch.optional_250834100000.apk has no usable artifacts
02-19 13:59:58.089  5301  5310 I artd    : GetBestInfo: /data/user_de/0/com.google.android.gms/app_chimera/m/00000017/dl-PlayCloudSearch.optional_260438100000.apk has no usable artifacts
02-19 13:59:58.101  5301  5310 I artd    : GetBestInfo: /data/user_de/0/com.google.android.gms/app_chimera/m/00000015/dl-MlkitOcrCommon.optional_260438100800.apk has no usable artifacts
02-19 13:59:58.107  5301  5310 I artd    : GetBestInfo: /data/user_de/0/com.google.android.gms/app_chimera/m/00000013/dl-MlkitBarcodeUi.optional_260438100800.apk has no usable artifacts
02-19 13:59:58.125  5301  5310 I artd    : GetBestInfo: /data/user_de/0/com.google.android.gms/app_chimera/m/0000000f/dl-MlkitOcrCommon.optional_250834100800.apk has no usable artifacts
02-19 13:59:58.144  5301  5310 I artd    : GetBestInfo: /data/user_de/0/com.google.android.gms/app_chimera/m/0000000d/dl-VisionOcr.optional_250834100000.apk has no usable artifacts
02-19 13:59:58.160  5301  5309 I artd    : GetBestInfo: /data/user_de/0/com.google.android.gms/app_chimera/m/0000000a/dl-MlkitBarcodeUi.optional_250834100800.apk has no usable artifacts
02-19 13:59:58.199  5301  5309 I artd    : GetBestInfo: /data/user_de/0/com.google.android.gms/app_chimera/m/00000011/dl-VisionOcr.optional_260438100000.apk has no usable artifacts
02-19 13:59:58.212  5301  5309 I artd    : GetBestInfo: /data/user_de/0/com.google.android.gms/app_chimera/m/00000012/dl-Appsearch.optional_260438100800.apk has no usable artifacts
02-19 13:59:58.246  5301  5309 I artd    : GetBestInfo: vdex next to the dex file (/data/user/0/com.google.android.gms/app_dg_cache/94DF452EEF4B8E717545DCDEA6CC3C50A319A195/oat/x86_64/the.vdex) is kOatUpToDate with filter 'verify' executable 'false'
02-19 13:59:58.276  5301  5310 I artd    : GetBestInfo: /data/user_de/0/com.google.android.gms/app_chimera/m/00000007/MeasurementDynamite.apk has no usable artifacts
02-19 13:59:58.285  5301  5310 I artd    : GetBestInfo: /data/user_de/0/com.google.android.gms/app_chimera/m/00000018/dl-AdsFdrDynamite.integ_254380203100000.apk has no usable artifacts
02-19 13:59:58.464  1782  2440 I bbax    : (REDACTED) getHotwordActive::active query: %s, watch: %s, devices connected: %s
02-19 13:59:59.302  5308  5308 W screencap: Thread Pool max thread count is 0. Cannot cache binder as linkToDeath cannot be implemented. serviceName: SurfaceFlingerAIDL
02-19 13:59:59.304  5308  5308 W BpBinder: Linking to death on android.gui.ISurfaceComposer but there are no threads (yet?) listening to incoming transactions. See ProcessState::startThreadPool and ProcessState::setThreadPoolMaxThreadCount. Generally you should setup the binder threadpool before other initialization steps.
02-19 13:59:59.305  5308  5308 W ProcessState: Extra binder thread started, but 0 threads requested. Do not use *startThreadPool when zero threads are requested.
02-19 13:59:59.311   531   590 E HwcComposer: getLuts failed Status(-8, EX_SERVICE_SPECIFIC): '8: '
02-19 13:59:59.311   531   590 E HWComposer: getLuts: getLuts failed for display 4619827259835644672: UNSUPPORTED (8)
02-19 14:00:00.114   752   794 W Looper  : Drained
02-19 14:00:00.271   752   752 W Looper  : Slow dispatch took 127ms main app=system_server main=true group=FOREGROUND h=android.app.ActivityThread$H c=android.app.LoadedApk$ReceiverDispatcher$Args$$ExternalSyntheticLambda0@7b542b5 m=0
