--------- beginning of main
02-19 11:53:18.098  2594  2769 W Bugle   : TextClassifierLibManagerImpl: Reclaiming memory at level: 40
02-19 11:53:18.107  2594  2769 I ForwardSyncCache: reclaimMemory: Clearing caches
02-19 11:53:18.107  2594  2769 W BugleSpam: trimming memory: closing msg model.
02-19 11:53:18.112  2594  2769 W Bugle   : TextClassifierLibManagerImpl: Reclaiming memory at level: 40
02-19 11:53:18.112  2594  2769 I ForwardSyncCache: reclaimMemory: Clearing caches
02-19 11:53:18.113  2594  2769 W BugleSpam: trimming memory: closing msg model.
02-19 11:53:18.117   752  1029 D ConnectivityService: [106 CELLULAR] EVENT_NETWORK_INFO_CHANGED, going from CONNECTING to CONNECTING
02-19 11:53:18.119  1245 27003 D NetworkMonitor/106: checkAndRenewResourceConfig: update captive portal https urls to [https://www.google.com/generate_204]
02-19 11:53:18.121  1245 27003 D NetworkMonitor/106: checkAndRenewResourceConfig: update captive portal http urls to [http://connectivitycheck.gstatic.com/generate_204]
02-19 11:53:18.121  1245 27003 D NetworkMonitor/106: checkAndRenewResourceConfig: update captive portal fallback urls to[http://www.google.com/gen_204, http://play.googleapis.com/generate_204]
02-19 11:53:18.121  1245 27003 D NetworkMonitor: Starting on network 106 with capport HTTPS URL [https://www.google.com/generate_204] and HTTP URL [http://connectivitycheck.gstatic.com/generate_204]
02-19 11:53:18.122   752  1029 D ConnectivityService: Setting DNS servers for network 106 to []
02-19 11:53:18.136   752  1029 D DnsManager: sendDnsConfigurationForNetwork(ResolverParamsParcel{netId: 106, sampleValiditySeconds: 1800, successThreshold: 25, minSamples: 8, maxSamples: 64, baseTimeoutMsec: 0, retryCount: 0, servers: [], domains: [], tlsName: , tlsServers: [], tlsFingerprints: [], caCertificate: , tlsConnectTimeoutMs: 0, resolverOptions: null, transportTypes: [0], meteredNetwork: true, dohParams: null, interfaceNames: []})
02-19 11:53:18.149  2594  2769 W Bugle   : TextClassifierLibManagerImpl: Reclaiming memory at level: 40
02-19 11:53:18.149  2594  2769 I ForwardSyncCache: reclaimMemory: Clearing caches
02-19 11:53:18.150  2594  2769 W BugleSpam: trimming memory: closing msg model.
02-19 11:53:18.150  2594  2769 W Bugle   : TextClassifierLibManagerImpl: Reclaiming memory at level: 40
02-19 11:53:18.151  2594  2769 I ForwardSyncCache: reclaimMemory: Clearing caches
02-19 11:53:18.151  2594  2769 W BugleSpam: trimming memory: closing msg model.
02-19 11:53:18.152  2594  2769 W Bugle   : TextClassifierLibManagerImpl: Reclaiming memory at level: 40
02-19 11:53:18.153  2594  2769 I ForwardSyncCache: reclaimMemory: Clearing caches
02-19 11:53:18.153  2594  2769 W BugleSpam: trimming memory: closing msg model.
02-19 11:53:18.153  2594  2769 W Bugle   : TextClassifierLibManagerImpl: Reclaiming memory at level: 40
02-19 11:53:18.165 22778 22782 W gs.intelligence: Reducing the number of considered missed Gc histogram windows from 238 to 100
--------- beginning of system
02-19 11:53:18.182   752  1981 W ContextImpl: Calling a method in the system process without a qualified user: android.app.ContextImpl.sendBroadcastMultiplePermissions:1352 android.content.Context.sendBroadcastMultiplePermissions:2529 android.content.Context.sendBroadcastMultiplePermissions:2517 com.android.server.TelephonyRegistry.broadcastDataConnectionStateChanged:4378 com.android.server.TelephonyRegistry.notifyDataConnectionForSubscriber:2321 
02-19 11:53:18.184 20068 20143 I NearbyMediums: WifiNetwork setTelephonyIsDataConnected:true
02-19 11:53:18.190   752  1454 W ProcessStats: Tracking association SourceState{166a565 com.google.android.apps.messaging:rcs/10145 BFgs #12432} whose proc state 4 is better than process ProcessState{5bdbd99 com.google.android.apps.messaging/10145 pkg=com.google.android.apps.messaging} proc state 15 (9 skipped)
02-19 11:53:18.201   752  1029 D ConnectivityService: Adding iface eth0 to network 106
02-19 11:53:18.205  2594 27001 I BugleDataModel: ActionExecutorImpl: ACTION_EXECUTE_QUEUED_CountryCodeDetectorAction
02-19 11:53:18.206  2594 27004 I BugleDataModel: ExecuteActionRunnable: running action CountryCodeDetectorAction
02-19 11:53:18.207  2594 27004 I BugleDataModel: ActionExecutorImpl: ACTION_BACKGROUND_QUEUED_CountryCodeDetectorAction
02-19 11:53:18.221   752  1029 E ConnectivityService: exception in interfaceSetMtu()android.os.ServiceSpecificException: Remote I/O error (code 121)
02-19 11:53:18.222  2594 27001 I Bugle   : CountryCodeDetector: updateSmsNetworkCountry from default subscription network country. detected country: us
02-19 11:53:18.222   752  1029 D ConnectivityService: Setting DNS servers for network 106 to [/10.0.2.3]
02-19 11:53:18.222   752  1029 D DnsManager: sendDnsConfigurationForNetwork(ResolverParamsParcel{netId: 106, sampleValiditySeconds: 1800, successThreshold: 25, minSamples: 8, maxSamples: 64, baseTimeoutMsec: 0, retryCount: 0, servers: [10.0.2.3], domains: [], tlsName: , tlsServers: [], tlsFingerprints: [], caCertificate: , tlsConnectTimeoutMs: 0, resolverOptions: null, transportTypes: [0], meteredNetwork: true, dohParams: null, interfaceNames: [eth0]})
02-19 11:53:18.216   455   455 W binder:455_5: type=1400 audit(0.0:151): avc:  denied  { write } for  name="mtu" dev="sysfs" ino=42633 scontext=u:r:netd:s0 tcontext=u:object_r:sysfs:s0 tclass=file permissive=0
02-19 11:53:18.225  2594 27001 I BugleDataModel: ActionExecutorImpl: ACTION_RESPONSE_QUEUED_CountryCodeDetectorAction
02-19 11:53:18.261   752  1029 D ConnectivityService: [106 CELLULAR] EVENT_NETWORK_INFO_CHANGED, going from CONNECTING to CONNECTED
02-19 11:53:18.261   752  1029 W DnsManager: updatePrivateDns(106, PrivateDnsConfig{opportunistic:/[], dohName=, dohIps=[], dohPath=, dohPort=-1})
02-19 11:53:18.262   752  1029 D ConnectivityService: Setting DNS servers for network 106 to [/10.0.2.3]
02-19 11:53:18.262   752  1029 D DnsManager: sendDnsConfigurationForNetwork(ResolverParamsParcel{netId: 106, sampleValiditySeconds: 1800, successThreshold: 25, minSamples: 8, maxSamples: 64, baseTimeoutMsec: 0, retryCount: 0, servers: [10.0.2.3], domains: [], tlsName: , tlsServers: [10.0.2.3], tlsFingerprints: [], caCertificate: , tlsConnectTimeoutMs: 0, resolverOptions: null, transportTypes: [0], meteredNetwork: true, dohParams: null, interfaceNames: [eth0]})
02-19 11:53:18.265   455 27009 W resolv  : Validating DnsTlsServer {10.0.2.3/} with mark 0xf006a
02-19 11:53:18.268   455   482 E NetlinkEvent: NetlinkEvent::FindParam(): Parameter 'INTERFACE' not found
02-19 11:53:18.268   455   482 E NetlinkEvent: NetlinkEvent::FindParam(): Parameter 'STATE' not found
02-19 11:53:18.268   455   482 E NetlinkEvent: NetlinkEvent::FindParam(): Parameter 'TIME_NS' not found
02-19 11:53:18.268   455   482 E NetlinkEvent: NetlinkEvent::FindParam(): Parameter 'UID' not found
02-19 11:53:18.270   752  1029 D ConnectivityService: Switching to new default network for: uid/pid:1000/752 activeRequest: 1 callbackRequest: 1 [NetworkRequest [ REQUEST id=1, [ Capabilities: INTERNET&NOT_RESTRICTED&TRUSTED&NOT_VPN&NOT_VCN_MANAGED&NOT_BANDWIDTH_CONSTRAINED RequestorUid: 1000 RequestorPkg: android UnderlyingNetworks: Null] ]] callback flags: 1 order: 2147483647 isUidTracked: false declaredMethods: NONE using NetworkAgentInfo{network{106}  handle{458672230413}  ni{MOBILE[NR] CONNECTED extra: epc.tmobile.com} created=2026-02-19T02:53:17.979Z Score(Policies : TRANSPORT_PRIMARY ; KeepConnected : 0)  created 81071968  lp{{InterfaceName: eth0 LinkAddresses: [ 10.0.2.15/24 ] DnsAddresses: [ /10.0.2.3 ] Domains: null MTU: 1500 TcpBufferSizes: 2097152,6291456,16777216,512000,2097152,8388608 Routes: [ 0.0.0.0/0 -> 10.0.2.2 eth0 mtu 1500,10.0.2.0/24 -> 0.0.0.0 eth0 mtu 0 ]}}  nc{[ Transports: CELLULAR Capabilities: MMS&SUPL&DUN&FOTA&IMS&CBS&INTERNET&NOT_RESTRICTED&TRUSTED&NOT_VPN&NOT_ROAMING&FOREGROUND&NOT_CONGESTED&NOT_SUSPENDED&NOT_VCN_MANAGED&NOT_BANDWIDTH_CONSTRAINED LinkUpBandwidth>=14Kbps LinkDnBandwidth>=14Kbps Specifier: <TelephonyNetworkSpecifier [mSubId = 1]> SubscriptionIds: {1} UnderlyingNetworks: Null]}  factorySerialNumber=5}
02-19 11:53:18.494 27008 27008 I wpa_supplicant: Processing aidl events on FD 3
02-19 11:53:18.495 27008 27008 I wpa_supplicant: Starting AIDL supplicant
02-19 11:53:18.495 27008 27008 I wpa_supplicant: AIDL Interface version: 4
02-19 11:53:18.500   752  1029 D ConnectivityService: Switching to new default network for: uid/pid:1000/752 activeRequest: 12 callbackRequest: 12 [NetworkRequest [ TRACK_DEFAULT id=12, [ Capabilities: INTERNET&NOT_RESTRICTED&TRUSTED&NOT_VPN&NOT_VCN_MANAGED&NOT_BANDWIDTH_CONSTRAINED Uid: 10145 RequestorUid: 1000 RequestorPkg: android UnderlyingNetworks: Null] ], NetworkRequest [ REQUEST id=13, [ Transports: SATELLITE Capabilities: INTERNET&TRUSTED&NOT_VPN&NOT_VCN_MANAGED Uid: 10145 UnderlyingNetworks: Null] ]] callback flags: 0 order: 40 isUidTracked: false declaredMethods: NONE using NetworkAgentInfo{network{106}  handle{458672230413}  ni{MOBILE[NR] CONNECTED extra: epc.tmobile.com} created=2026-02-19T02:53:17.979Z Score(Policies : TRANSPORT_PRIMARY ; KeepConnected : 0)  created 81071968  lp{{InterfaceName: eth0 LinkAddresses: [ 10.0.2.15/24 ] DnsAddresses: [ /10.0.2.3 ] Domains: null MTU: 1500 TcpBufferSizes: 2097152,6291456,16777216,512000,2097152,8388608 Routes: [ 0.0.0.0/0 -> 10.0.2.2 eth0 mtu 1500,10.0.2.0/24 -> 0.0.0.0 eth0 mtu 0 ]}}  nc{[ Transports: CELLULAR Capabilities: MMS&SUPL&DUN&FOTA&IMS&CBS&INTERNET&NOT_RESTRICTED&TRUSTED&NOT_VPN&NOT_ROAMING&FOREGROUND&NOT_CONGESTED&NOT_SUSPENDED&NOT_VCN_MANAGED&NOT_BANDWIDTH_CONSTRAINED LinkUpBandwidth>=14Kbps LinkDnBandwidth>=14Kbps Specifier: <TelephonyNetworkSpecifier [mSubId = 1]> SubscriptionIds: {1} UnderlyingNetworks: Null]}  factorySerialNumber=5}
02-19 11:53:18.502 27008 27008 I wpa_supplicant: Successfully initialized wpa_supplicant
02-19 11:53:18.507   752  1023 I SupplicantStaIfaceHalAidlImpl: Obtained ISupplicant binder.
02-19 11:53:18.507   752  1023 I SupplicantStaIfaceHalAidlImpl: Local Version: 4
02-19 11:53:18.507   752  1023 I SupplicantStaIfaceHalAidlImpl: Remote Version: 4
02-19 11:53:18.540   752   775 I system_server: Background concurrent mark compact GC freed 24MB AllocSpace bytes, 30(600KB) LOS objects, 42% free, 32MB/56MB, paused 1.157ms,2.550ms total 278.207ms
02-19 11:53:18.542   752   776 I BpBinder: onLastStrongRef automatically unlinking death recipients: 
02-19 11:53:18.637   752  1029 W IPCThreadState: Sending oneway calls to frozen process.
02-19 11:53:18.637  2594  3120 D WM-NetworkStateTracker: Network capabilities changed: [ Transports: CELLULAR Capabilities: MMS&SUPL&DUN&FOTA&IMS&CBS&INTERNET&NOT_RESTRICTED&TRUSTED&NOT_VPN&NOT_ROAMING&FOREGROUND&NOT_CONGESTED&NOT_SUSPENDED&NOT_VCN_MANAGED&NOT_BANDWIDTH_CONSTRAINED LinkUpBandwidth>=14Kbps LinkDnBandwidth>=14Kbps Specifier: <TelephonyNetworkSpecifier [mSubId = 1]> SubscriptionIds: {1} UnderlyingNetworks: Null]
02-19 11:53:18.839   752  1029 D ConnectivityService: Sending CONNECTED broadcast for type 0 [106 CELLULAR] isDefaultNetwork=true
02-19 11:53:18.839   752  1029 W ContextImpl: Calling a method in the system process without a qualified user: android.app.ContextImpl.sendStickyBroadcast:1698 android.net.connectivity.com.android.server.ConnectivityService.sendStickyBroadcast:4081 android.net.connectivity.com.android.server.ConnectivityService.sendGeneralBroadcast:4051 android.net.connectivity.com.android.server.ConnectivityService.sendConnectedBroadcast:4024 android.net.connectivity.com.android.server.ConnectivityService.sendLegacyNetworkBroadcast:12439 
02-19 11:53:18.862   752  1029 D ConnectivityService: NetReassign [319 : null → 106, 18 : null → 106, 246 : null → 106, 48 : null → 106, 189 : null → 106, 36 : null → 106, 318 : null → 106, 12 : 52 → 106, 90 : null → 106, 20 : null → 106, 25 : null → 106, 127 : null → 106, 119 : null → 106, 112 : null → 106, 29 : null → 106, 66 : null → 106, 63 : null → 106, 58 : null → 106, 195 : null → 106, 388 : null → 106, 16 : null → 106, 37 : null → 106, 77 : null → 106, 323 : null → 106, 33 : null → 106, 22 : null → 106, 316 : null → 106, 273 : null → 106, 46 : null → 106, 233 : null → 106, 258 : null → 106, 27 : null → 106, 393 : null → 106, 71 : null → 106, 129 : null → 106, 31 : null → 106, 186 : null → 106, 344 : null → 106, 1 : null → 106, 61 : null → 106, 43 : null → 106, 268 : null → 106, 207 : null → 106, 80 : null → 106, 88 : null → 106, 121 : null → 106, 390 : null → 106, 328 : null → 106, 6 : null → 106, 98 : null → 106, 137 : null → 106, 109 : null → 106, 2 : null → 106, 123 : null → 106, 193 : null → 106, 249 : null → 106, 386 : null → 106, 271 : null → 106] [c 0] [a 590] [i 1]
02-19 11:53:18.871  1802  2195 I BugleRcsEngine: Connected state: [1], networkType: [MOBILE] [CONTEXT thread_id=56 ]
02-19 11:53:18.873  1802  2195 I BugleRcsEngine: Connected state: [1], networkType: [MOBILE] [CONTEXT thread_id=56 ]
02-19 11:53:18.875  1802  2534 I BugleRcsEngine: handleMessage processing message:[NOTIFY_UPTIME_IGNORE_STATE_CHANGED] with [non-null]:RcsEngineImpl reference [CONTEXT log_prefix="RcsEngineImpl[DUAL_REG]:[b40b5fe1-4e0f]>Handler" thread_id=67 ]
02-19 11:53:18.876   752  1077 D NetworkTimeUpdateService: New default network 106; checking time.
02-19 11:53:18.879  1336  1336 D TelephonyManager: requestModemActivityInfo: Sending result to app: ModemActivityInfo{ mTimestamp=81072725 mSleepTimeMs=8568 mIdleTimeMs=2856 mActivityStatsTechSpecificInfo=[{mRat=UNKNOWN,mFrequencyRange=UNKNOWN,mTxTimeMs[]=[204, 612, 1224, 1632, 1836],mRxTimeMs=1836}]}
02-19 11:53:18.881  1245 27011 D NetworkMonitor/106: PROBE_DNS www.google.com 610ms OK 142.250.199.4
02-19 11:53:18.882  1802  2534 I BugleRcsEngine: No RCS Configuration was found in Bugle for simID: redacted-pii:sim_id[chars:20,last3:897] [CONTEXT log_prefix="ProvisioningEngineDataRetriever" thread_id=67 ]
02-19 11:53:18.883  1802  2534 I BugleRcsEngine: handleMessage processing message:[NOTIFY_UPTIME_IGNORE_STATE_CHANGED] with [non-null]:RcsEngineImpl reference [CONTEXT log_prefix="RcsEngineImpl[DUAL_REG]:[b40b5fe1-4e0f]>Handler" thread_id=67 ]
02-19 11:53:18.886  1245 27012 D NetworkMonitor/106: PROBE_DNS connectivitycheck.gstatic.com 615ms OK 142.250.199.3
02-19 11:53:18.890  1802  2534 I BugleRcsEngine: No RCS Configuration was found in Bugle for simID: redacted-pii:sim_id[chars:20,last3:897] [CONTEXT log_prefix="ProvisioningEngineDataRetriever" thread_id=67 ]
02-19 11:53:18.925 27008 27008 I wpa_supplicant: rfkill: Cannot open RFKILL control device
02-19 11:53:18.930  1245  1296 D UpstreamNetworkMonitor: New default Internet network: 106
02-19 11:53:19.007 27008 27008 I wpa_supplicant: Init sm=0x7806034dba10
02-19 11:53:19.022 20068 20119 I NearbyMediums: WifiNetwork defaultNetworkCallback onAvailable netId:106
02-19 11:53:19.119 27008 27008 E wpa_supplicant: p2p-dev-wlan0: nl80211: kernel reports: Registration to specific type not supported
02-19 11:53:19.124 27008 27008 I wpa_supplicant: rfkill: Cannot get wiphy information
02-19 11:53:19.128 27008 27008 I wpa_supplicant: Init sm=0x7806034de790
02-19 11:53:19.130 20068 26972 I TrafficStats: tagSocketFd(-1, 1031, -1) failed with errno-9
02-19 11:53:19.133   752  1023 I SupplicantStaIfaceHalAidlImpl: Non-standard cert callback was registered
02-19 11:53:19.133 27008 27008 I wpa_supplicant: Iface already exists, return existing
02-19 11:53:19.134 27008 27008 I wpa_supplicant: AIDL client version: 4
02-19 11:53:19.141   752   794 W Looper  : Slow dispatch took 117ms android.fg app=system_server main=false group=FOREGROUND h=android.os.Handler c=com.android.server.timedetector.TimeDetectorInternalImpl$$ExternalSyntheticLambda0@8e75460 m=0
02-19 11:53:19.144   752  1021 D NetworkStatsObservers: Registering observer for RequestInfo from pid/uid:752/1000(android) for DataUsageRequest [ requestId=44, networkTemplate=NetworkTemplate: matchRule=MOBILE, matchSubscriberIds=[310260...], matchWifiNetworkKeys=[], metered=YES, defaultNetwork=NO, thresholdInBytes=3960949 ] accessLevel:3
02-19 11:53:19.150   752  1023 E WifiStaIfaceAidlImpl: getTwtCapabilities failed with service-specific exception: android.os.ServiceSpecificException:  (code 4)
02-19 11:53:19.152   752  1023 I WifiNative: Supported features is updated in config store: {0, 3, 4, 27, 28, 29, 31, 35, 38, 39, 40, 47, 48, 49, 50, 51, 52, 55, 56}
02-19 11:53:19.152   752  1023 E WifiChipAidlImpl: getUsableChannels failed with service-specific exception: android.os.ServiceSpecificException:  (code 4)
02-19 11:53:19.161   752  1023 I WifiNative: Successfully switched to connectivity mode on iface=Iface:{Name=wlan0,Id=1,Type=STA_CONNECTIVITY}
02-19 11:53:19.162   752  1023 D WifiClientModeManager[81071156:wlan0]: entering ConnectModeState, starting ClientModeImpl
02-19 11:53:19.164   752  1023 D WifiNative: enableVerboseLogging false hal false
02-19 11:53:19.172   752  1023 D WifiScoreReport: setShouldReduceNetworkScore=false mNetworkAgent is null? true
02-19 11:53:19.172   752  1023 D WifiScanRequestProxy: Sending scan available broadcast: true
02-19 11:53:19.173   752  1027 I WifiScanningService: Received a request to enable scanning, UID = 1000
02-19 11:53:19.174   752  1023 I WifiScanRequestProxy: Scanning is enabled
02-19 11:53:19.174   752  1023 I WifiScanRequestProxy: Scanning for hidden networks is enabled
02-19 11:53:19.174   752  1027 E WifiStaIfaceAidlImpl: getBackgroundScanCapabilities failed with service-specific exception: android.os.ServiceSpecificException:  (code 4)
02-19 11:53:19.177   752  1023 E WifiChipAidlImpl: setMultiStaUseCase failed with service-specific exception: android.os.ServiceSpecificException:  (code 4)
02-19 11:53:19.177   752  1023 E WifiChipAidlImpl: setMultiStaPrimaryConnection failed with service-specific exception: android.os.ServiceSpecificException:  (code 4)
02-19 11:53:19.178   752  1023 D WifiCountryCode: evaluateAllCmmStateAndApplyIfAllReady: {ConcreteClientModeManager{id=81071156 iface=wlan0 role=ROLE_CLIENT_PRIMARY}=true}
02-19 11:53:19.178   752  1023 D WifiCountryCode: updateCountryCode to US
02-19 11:53:19.179   752  1023 D WifiCountryCode: setCountryCodeNative: US, isClientModeOnly: true mDriverCountryCode: null
02-19 11:53:19.180   752  1023 D WifiNative: onSetCountryCodeSucceeded: US
02-19 11:53:19.180   752  1023 I WifiCountryCode: Receive onSetCountryCodeSucceeded US
02-19 11:53:19.181   752  1023 I WifiNl80211Manager: Receive country code change to US
02-19 11:53:19.182   752  1023 D WifiScanRequestProxy: Sending scan available broadcast: true
02-19 11:53:19.182   632   632 I wificond: Receive notifyCountryCodeChanged
02-19 11:53:19.183   632   632 I wificond: UpdateBandInfo
02-19 11:53:19.184   752  1023 I WifiScanRequestProxy: Scanning is enabled
02-19 11:53:19.184   752  1023 I WifiScanRequestProxy: Scanning for hidden networks is enabled
02-19 11:53:19.184   752  1023 D WifiConnectivityHelper: Firmware supported feature set: {0, 3, 4, 27, 28, 29, 31, 35, 38, 39, 40, 47, 48, 49, 50, 51, 52, 55, 56}
02-19 11:53:19.185   752  1023 D WifiConnectivityHelper: Firmware roaming is not supported
02-19 11:53:19.193   752  1023 D WakeupController: onWifiEnabled()
02-19 11:53:19.195  4449  4488 I WifiManager: WifiStateChangedListenerProxy: onWifiStateChanged
02-19 11:53:19.195   632   632 I wificond: 2.4Ghz frequencies: 2412 2417 2422 2427 2432 2437 2442 2447 2452 2457 2462 2467 2472 2484
02-19 11:53:19.195   632   632 I wificond: 5Ghz non-DFS frequencies:
02-19 11:53:19.196   632   632 I wificond: 5Ghz DFS frequencies: 5180 5200 5220 5240 5260 5280 5300 5320 5500 5520 5540 5560 5580 5600 5620 5640 5660 5680 5700 5745 5765 5785 5805 5825
02-19 11:53:19.196   632   632 I wificond: 6Ghz frequencies:
02-19 11:53:19.196   632   632 I wificond: 60Ghz frequencies:
02-19 11:53:19.201   752  1023 D WifiClientModeImpl[81073008:wlan0]: entering ConnectableState: ifaceName = wlan0
02-19 11:53:19.214   752  1027 I WifiScanningService: Created a new impl for wlan0
02-19 11:53:19.214   752  1027 I WifiScanningService: Received a request to enable scanning, UID = 1000
02-19 11:53:19.214   752  1027 I WifiScanningService: scanner impls already exists
02-19 11:53:19.215   752  1027 I WifiScanningService: wifi driver loaded with scan capabilities: max buckets=16
02-19 11:53:19.215   752  1027 E WifiScanningService: wifi driver loaded received while already loaded
02-19 11:53:19.225   752  1023 I WifiClientModeImpl[81073008:wlan0]: disconnectedstate enter
02-19 11:53:19.226   752  1023 E WifiScoringParams: Invalid frequency(-1), using 5G as default rssi array
02-19 11:53:19.228   752  1023 D WifiClientModeImpl[81073008:wlan0]: setupClientMode() ifacename = wlan0
02-19 11:53:19.237  1245 27012 D NetworkMonitor/106: PROBE_HTTP http://connectivitycheck.gstatic.com/generate_204 time=244ms ret=204 request={Connection=[close], User-Agent=[Mozilla/5.0 (X11; Linux x86_64) AppleWebKit/537.36 (KHTML, like Gecko) Chrome/60.0.3112.32 Safari/537.36]} headers={null=[HTTP/1.1 204 No Content], Connection=[close], Content-Length=[0], Cross-Origin-Resource-Policy=[cross-origin], Date=[Thu, 19 Feb 2026 02:53:20 GMT], X-Android-Received-Millis=[1771469599233], X-Android-Response-Source=[NETWORK 204], X-Android-Selected-Protocol=[http/1.1], X-Android-Sent-Millis=[1771469599197]}
02-19 11:53:19.239   752  1023 I WifiVendorHal: Driver: 1.0 Firmware: 1.0
02-19 11:53:19.250   752  1023 D WifiDiags: startLogging() iface list is {wlan0} after adding wlan0
02-19 11:53:19.271   752  1023 D WifiConnectivityHelper: Firmware supported feature set: {0, 3, 4, 27, 28, 29, 31, 35, 38, 39, 40, 47, 48, 49, 50, 51, 52, 55, 56}
02-19 11:53:19.271   752  1023 D WifiConnectivityHelper: Firmware roaming is not supported
02-19 11:53:19.275   752  1023 I WifiService: Receive onDriverCountryCodeChanged to US, update available channel list
02-19 11:53:19.287   752  1023 E WifiChipAidlImpl: getUsableChannels failed with service-specific exception: android.os.ServiceSpecificException:  (code 4)
02-19 11:53:19.295   752  1023 I WifiManager: OnDriverCountryCodeChangedProxy: receive onDriverCountryCodeChanged: US
02-19 11:53:19.296   752  1023 V ThreadNetwork: [CountryCode] VERBOSE Wifi country code is changed to US
02-19 11:53:19.296   752  1023 I ThreadNetwork: [CountryCode] Ignoring already set country code us
02-19 11:53:19.297   752  1023 E AppOps  : attributionTag UwbCountryCode not declared in manifest of android
02-19 11:53:19.297   752  1023 I WifiManager: OnDriverCountryCodeChangedProxy: receive onDriverCountryCodeChanged: US
02-19 11:53:19.298   752  1137 D UwbCountryCode: Set wifi country code to: US
02-19 11:53:19.298   752  1137 I UwbCountryCode: Ignoring already set country code: US
02-19 11:53:19.300   752  1023 D WifiP2pService: Wifi enabled=true, P2P disallowed by admin=false, D2D allowed when infra sta is disabled=false
02-19 11:53:19.395  1563 26985 I DeviceStatusMonitor: DeviceStatusMonitor.handleBroadcast():123 onReceive() : Action = android.net.conn.CONNECTIVITY_CHANGE
02-19 11:53:19.404 20068 20103 W NearbyMediums: [WIFI_RADIO] State was changed outside of our control. Updating the snapshot to match current radio state.
02-19 11:53:19.405 20068 20107 I NearbySharing: Broadcasting NearbySharing state change.
02-19 11:53:19.406 20068 20107 I NearbySharing: There is no account metadata, return default instance.
02-19 11:53:19.408  1563 26985 I DeviceStatusMonitor: DeviceStatusMonitor.notifyIfNetworkChanged():180 notifyIfNetworkChanged: newState = METERED, airplaneModeOn = false, notifyAnyway = false
02-19 11:53:19.408  1563  1563 I NetworkInfoNotification: NetworkInfoNotification$Listener.onReceive():107 onNetworkAvailable: networkState = METERED, isAirplaneModeOn = false
02-19 11:53:19.409  1563 26985 I NetworkInfoNotification: NetworkInfoNotification$Listener.onReceive():107 onNetworkAvailable: networkState = METERED, isAirplaneModeOn = false
02-19 11:53:19.409  1563 26985 I NetworkInfoNotification: NetworkInfoNotification$Listener.onReceive():107 onNetworkAvailable: networkState = METERED, isAirplaneModeOn = false
02-19 11:53:19.410 14715 14715 I NearbySharing: Invalidate tile state due to state change.
02-19 11:53:19.411 20068 20103 I NearbySharing: There is no account metadata, return default instance.
02-19 11:53:19.411 20068 20103 I NearbySharing: There is no account metadata, return default instance.
02-19 11:53:19.474  2594 27004 W JobInfo : Job 'com.google.android.apps.messaging/.shared.datamodel.action.execution.ActionJobService#102' has a deadline with no functional constraints. The deadline won't improve job execution latency. Consider removing the deadline.
02-19 11:53:19.586   752  1981 W JobInfo : Job 'com.google.android.apps.messaging/.shared.datamodel.action.execution.ActionJobService#102' has a deadline with no functional constraints. The deadline won't improve job execution latency. Consider removing the deadline.
02-19 11:53:19.727  1563  1563 I SuperpacksManagerBase: SuperpacksManagerBase.registerSuperpackManifest():117 registerSuperpackManifest()
02-19 11:53:19.728  1563  1563 I SuperpacksManagerBase: SuperpacksManagerBase.getMetadataUriAndVersion():278 getMetadataUriAndVersion() :  2025082201 : https://www.gstatic.com/android/keyboard/hmmpack/2024120903/metadata_2024120903.json
02-19 11:53:19.736 27025 27025 W dumpsys : Thread Pool max thread count is 0. Cannot cache binder as linkToDeath cannot be implemented. serviceName: package
02-19 11:53:19.754  1563  1563 I NetworkInfoNotification: NetworkInfoNotification$Listener.onReceive():107 onNetworkAvailable: networkState = METERED, isAirplaneModeOn = false
02-19 11:53:19.757  1563  1563 I HandwritingOnlineSuperpacks: HandwritingOnlineSuperpacks$1.onNetworkAvailable():70 onNetworkAvailable
02-19 11:53:19.757  1563  1563 I HandwritingSuperpacks: HandwritingSuperpacks.register():273 register(): version '86', url 'https://dl.google.com/handwriting/models/handwriting_release.superpack_manifest.20231127.json' [ONLINE]
02-19 11:53:19.774  1245 27011 D NetworkMonitor/106: PROBE_HTTPS https://www.google.com/generate_204 time=785ms ret=204 request={Connection=[close], User-Agent=[Mozilla/5.0 (X11; Linux x86_64) AppleWebKit/537.36 (KHTML, like Gecko) Chrome/60.0.3112.32 Safari/537.36]} headers={null=[HTTP/1.1 204 No Content], Alt-Svc=[h3=":443"; ma=2592000,h3-29=":443"; ma=2592000], Connection=[close], Content-Length=[0], Cross-Origin-Resource-Policy=[cross-origin], Date=[Thu, 19 Feb 2026 02:53:20 GMT], X-Android-Received-Millis=[1771469599766], X-Android-Response-Source=[NETWORK 204], X-Android-Selected-Protocol=[http/1.1], X-Android-Sent-Millis=[1771469599721]}
02-19 11:53:19.774 20068 20085 W WearableService: onGetService: Wear is not available on this device.
02-19 11:53:19.781  1563  1563 W NotificationCenter: NotificationCenter$NotificationQueue.notifyPendingNotificationsOnExecutor():877 Heavy notify work detected on UI thread: [luj->etk, luj->epq] takes 373ms
02-19 11:53:19.785 20068 20103 I EAlert  : added ealert gateway capability [CONTEXT service_id=6 ]
02-19 11:53:19.785  1245 27010 D NetworkMonitor/106: isCaptivePortal: isSuccessful()=true isPortal()=false RedirectUrl=null isPartialConnectivity()=false Time=1516ms
02-19 11:53:19.799   752  1029 I ConnectivityService: Update score for net 106 : +EVER_EVALUATED
02-19 11:53:19.799   752  1029 D ConnectivityService: [106 CELLULAR] validation passed
02-19 11:53:19.802   752  1029 I ConnectivityService: Update capabilities for net 106 : +VALIDATED
02-19 11:53:19.802   752  1029 I ConnectivityService: Update score for net 106 : +EVER_VALIDATED+IS_VALIDATED
02-19 11:53:19.810  1336  1517 D com.android.ons.ONSProfileActivator: Internet connection available
02-19 11:53:19.814 20068 20085 W GoogleApiManager: Not showing notification since connectionResult is not user-facing: ConnectionResult{statusCode=API_UNAVAILABLE, resolution=null, message=null, clientMethodKey=null}
02-19 11:53:19.816 20068 20085 W EAlert  : [WearCoord] failed to add listener for ealert_safety_info_support due to 17: API: Wearable.API is not available on this device. Connection failed with: ConnectionResult{statusCode=API_UNAVAILABLE, resolution=null, message=null, clientMethodKey=null} [CONTEXT service_id=6 ]
02-19 11:53:19.816 20068 20085 W EAlert  : [WearCoord] failed to add listener for ealert_support due to 17: API: Wearable.API is not available on this device. Connection failed with: ConnectionResult{statusCode=API_UNAVAILABLE, resolution=null, message=null, clientMethodKey=null} [CONTEXT service_id=6 ]
02-19 11:53:19.819   752  1029 D ConnectivityService: NetReassign [no changes] [c 0] [a 3] [i 13]
02-19 11:53:19.820   752   794 I GnssNetworkConnectivityHandler: updateNetworkState, state=CLOSED, connected=true, network=106, capabilityFlags=2, availableNetworkCount: 1
02-19 11:53:19.823 20068 20068 W EAlert  : [WearCoord] failed to get capability ealert_safety_info_support due to 17: API: Wearable.API is not available on this device. Connection failed with: ConnectionResult{statusCode=API_UNAVAILABLE, resolution=null, message=null, clientMethodKey=null} [CONTEXT service_id=6 ]
02-19 11:53:19.823 20068 20068 W EAlert  : [WearCoord] failed to get capability ealert_support due to 17: API: Wearable.API is not available on this device. Connection failed with: ConnectionResult{statusCode=API_UNAVAILABLE, resolution=null, message=null, clientMethodKey=null} [CONTEXT service_id=6 ]
02-19 11:53:19.825 20068 20085 W WearableService: onGetService: Wear is not available on this device.
02-19 11:53:19.827 20068 20085 W GoogleApiManager: Not showing notification since connectionResult is not user-facing: ConnectionResult{statusCode=API_UNAVAILABLE, resolution=null, message=null, clientMethodKey=null}
02-19 11:53:19.837  2594  3120 D WM-NetworkStateTracker: Network capabilities changed: [ Transports: CELLULAR Capabilities: MMS&SUPL&DUN&FOTA&IMS&CBS&INTERNET&NOT_RESTRICTED&TRUSTED&NOT_VPN&VALIDATED&NOT_ROAMING&FOREGROUND&NOT_CONGESTED&NOT_SUSPENDED&NOT_VCN_MANAGED&NOT_BANDWIDTH_CONSTRAINED LinkUpBandwidth>=14Kbps LinkDnBandwidth>=14Kbps Specifier: <TelephonyNetworkSpecifier [mSubId = 1]> SubscriptionIds: {1} UnderlyingNetworks: Null]
02-19 11:53:19.847 20068 26972 I AlarmManager: setExactAndAllowWhileIdle [name: GCM_HB_ALARM type: 2 triggerAtMillis: 82823694]
02-19 11:53:19.864   752  1029 W IPCThreadState: Sending oneway calls to frozen process.
02-19 11:53:19.865   752  1029 D ConnectivityService: Setting DNS servers for network 106 to [/10.0.2.3]
02-19 11:53:19.866   752  1029 D DnsManager: sendDnsConfigurationForNetwork(ResolverParamsParcel{netId: 106, sampleValiditySeconds: 1800, successThreshold: 25, minSamples: 8, maxSamples: 64, baseTimeoutMsec: 0, retryCount: 0, servers: [10.0.2.3], domains: [], tlsName: , tlsServers: [10.0.2.3], tlsFingerprints: [], caCertificate: , tlsConnectTimeoutMs: 0, resolverOptions: null, transportTypes: [0], meteredNetwork: true, dohParams: null, interfaceNames: [eth0]})
02-19 11:53:19.869   752  1029 W ContextImpl: Calling a method in the system process without a qualified user: android.app.ContextImpl.sendStickyBroadcast:1698 android.net.connectivity.com.android.server.ConnectivityService.sendStickyBroadcast:4081 android.net.connectivity.com.android.server.ConnectivityService.sendGeneralBroadcast:4051 android.net.connectivity.com.android.server.ConnectivityService.sendInetConditionBroadcast:4028 android.net.connectivity.com.android.server.ConnectivityService.updateInetCondition:12091 
02-19 11:53:19.897  1802  2195 I BugleRcsEngine: Connected state: [1], networkType: [MOBILE] [CONTEXT thread_id=56 ]
02-19 11:53:19.898  1802  2534 I BugleRcsEngine: handleMessage processing message:[NOTIFY_UPTIME_IGNORE_STATE_CHANGED] with [non-null]:RcsEngineImpl reference [CONTEXT log_prefix="RcsEngineImpl[DUAL_REG]:[b40b5fe1-4e0f]>Handler" thread_id=67 ]
02-19 11:53:19.917  1802  2534 I BugleRcsEngine: No RCS Configuration was found in Bugle for simID: redacted-pii:sim_id[chars:20,last3:897] [CONTEXT log_prefix="ProvisioningEngineDataRetriever" thread_id=67 ]
02-19 11:53:20.112 20068 26972 I AlarmManager: setExactAndAllowWhileIdle [name: GCM_HB_ALARM type: 2 triggerAtMillis: 82823959]
02-19 11:53:20.112  1563 26987 I SuperpacksManagerBase: SuperpacksManagerBase.registerSuperpackManifest():134 registerSuperpackManifest(): current 2025082201, required 2025082201
02-19 11:53:20.119 20068 26972 W WakeLock: GCM_CONN_ALARM release without a matched acquire! [CONTEXT service_id=259 ]
02-19 11:53:20.316 20068 26972 I AlarmManager: setExactAndAllowWhileIdle [name: GCM_HB_ALARM type: 2 triggerAtMillis: 82824163]
02-19 11:53:20.319 26826 26830 I artd    : GetBestInfo: odex next to the dex file (/data/app/~~O-UZzK0jUU9NLgS3MODOZA==/com.google.android.gms-YQ2L6GsYyKuvu9MvIBK1EQ==/oat/x86_64/base.odex) is kOatUpToDate with filter 'speed-profile' executable 'false'
02-19 11:53:20.327  1563 27031 I DownloadManager: DownloadManager.downloadInternal():412 Download for __SP_MANIFEST_handwriting_recognition scheduled with params DownloadParams{allowMetered=true, requireCharging=false, foreground=false, immediately=true, priority=0}
02-19 11:53:20.327  1563 27031 I DownloadManager: DownloadManager.startDownload():495 start download of __SP_MANIFEST_handwriting_recognition
02-19 11:53:20.335  1563 27031 I DownloadManager: DownloadManager$4.onSuccess():564 download for __SP_MANIFEST_handwriting_recognition is finished with files # mxp@330da088
02-19 11:53:20.337 22778 22778 W rules.WifiRx: FenceState currentState is not true
02-19 11:53:20.345  1563 27031 I DownloadManager: DownloadManager.downloadInternal():412 Download for __SP_MANIFEST_hmmdictionary scheduled with params DownloadParams{allowMetered=true, requireCharging=false, foreground=false, immediately=true, priority=0}
02-19 11:53:20.345  1563 27031 I DownloadManager: DownloadManager.startDownload():495 start download of __SP_MANIFEST_hmmdictionary
02-19 11:53:20.346 26826 26830 I artd    : GetBestInfo: odex next to the dex file (/data/app/~~O-UZzK0jUU9NLgS3MODOZA==/com.google.android.gms-YQ2L6GsYyKuvu9MvIBK1EQ==/oat/x86_64/split_AdsDynamite_installtime.odex) is kOatUpToDate with filter 'speed' executable 'false'
02-19 11:53:20.356 26826 26830 I artd    : GetBestInfo: odex next to the dex file (/data/app/~~O-UZzK0jUU9NLgS3MODOZA==/com.google.android.gms-YQ2L6GsYyKuvu9MvIBK1EQ==/oat/x86_64/split_CronetDynamite_installtime.odex) is kOatUpToDate with filter 'speed' executable 'false'
02-19 11:53:20.356  1563 27031 I DownloadManager: DownloadManager$4.onSuccess():564 download for __SP_MANIFEST_hmmdictionary is finished with files # mxp@2f664b3e
02-19 11:53:20.364  1563 26987 I MDDSuperpacks: MDDSuperpacks.sync():223 sync requested for hmmdictionary
02-19 11:53:20.369 26826 26830 I artd    : GetBestInfo: odex next to the dex file (/data/app/~~O-UZzK0jUU9NLgS3MODOZA==/com.google.android.gms-YQ2L6GsYyKuvu9MvIBK1EQ==/oat/x86_64/split_DynamiteLoader_installtime.odex) is kOatUpToDate with filter 'speed' executable 'false'
02-19 11:53:20.370  1563 27031 I MDDSuperpacks: MDDSuperpacks.getPacks():548 getting packs for superpack: hmmdictionary
02-19 11:53:20.378 20068 20068 D BoundBrokerSvc: onRebind: Intent { act=com.google.android.contextmanager.service.ContextManagerLogsUploadBoundService.ACTION_TASK_READY dat=chimera-action:/... xflg=0x4 cmp=com.google.android.gms/.chimera.PersistentInternalBoundBrokerService }
02-19 11:53:20.381  1563 27033 I HandwritingOnlineSuperpacks: HandwritingOnlineSuperpacks.syncInternal():168 syncPackMapping()
02-19 11:53:20.381  1563 27033 I MDDSuperpacks: MDDSuperpacks.sync():223 sync requested for handwriting_recognition
02-19 11:53:20.383 20068 20113 I NetworkScheduler.Stats: (REDACTED) Task %s/%s started execution. cause:%s exec_start_elapsed_seconds: %s
02-19 11:53:20.388 26826 26830 I artd    : GetBestInfo: odex next to the dex file (/data/app/~~O-UZzK0jUU9NLgS3MODOZA==/com.google.android.gms-YQ2L6GsYyKuvu9MvIBK1EQ==/oat/x86_64/split_DynamiteModulesA_installtime.odex) is kOatUpToDate with filter 'speed' executable 'false'
02-19 11:53:20.408 26826 26830 I artd    : GetBestInfo: odex next to the dex file (/data/app/~~O-UZzK0jUU9NLgS3MODOZA==/com.google.android.gms-YQ2L6GsYyKuvu9MvIBK1EQ==/oat/x86_64/split_DynamiteModulesC_installtime.odex) is kOatUpToDate with filter 'speed' executable 'false'
02-19 11:53:20.419  1563 27031 I MDDSuperpacks: MDDSuperpacks$3.onSuccess():558 packs [ko_2023022208] got for superpack: hmmdictionary
02-19 11:53:20.423 20068 20068 D BoundBrokerSvc: onUnbind: Intent { act=com.google.android.contextmanager.service.ContextManagerLogsUploadBoundService.ACTION_TASK_READY dat=chimera-action:/... xflg=0x4 cmp=com.google.android.gms/.chimera.PersistentInternalBoundBrokerService }
02-19 11:53:20.424  1563 27034 I DictionarySlicingStrategy: DictionarySlicingStrategy.getSlices():79 getSlices(): hmmdictionary.2025082201
02-19 11:53:20.425  1563 27034 I DictionarySlicingStrategy: DictionarySlicingStrategy.getSlices():109 getSlices(): result {slices=[hmmdictionary:ko_2023022208], last batch=true, sync metadata=false}
02-19 11:53:20.429 20068 27032 I NetworkScheduler.Stats: (REDACTED) Task %s/%s finished executing. cause:%s result: %s elapsed_millis: %s uptime_millis: %s exec_start_elapsed_seconds: %s
02-19 11:53:20.431 26826 26826 I artd    : GetBestInfo: odex next to the dex file (/data/app/~~O-UZzK0jUU9NLgS3MODOZA==/com.google.android.gms-YQ2L6GsYyKuvu9MvIBK1EQ==/oat/x86_64/split_GoogleCertificates_installtime.odex) is kOatUpToDate with filter 'speed' executable 'false'
02-19 11:53:20.444  1563 27031 I MDDSuperpacks: MDDSuperpacks.getPacks():548 getting packs for superpack: hmmdictionary
02-19 11:53:20.460 26826 26826 I artd    : GetBestInfo: odex next to the dex file (/data/app/~~O-UZzK0jUU9NLgS3MODOZA==/com.google.android.gms-YQ2L6GsYyKuvu9MvIBK1EQ==/oat/x86_64/split_MapsDynamite_installtime.odex) is kOatUpToDate with filter 'speed' executable 'false'
02-19 11:53:20.488  1563 27031 I MDDSuperpacks: MDDSuperpacks.getPacks():548 getting packs for superpack: handwriting_recognition
02-19 11:53:20.597 26826 26830 I artd    : GetBestInfo: odex next to the dex file (/data/app/~~O-UZzK0jUU9NLgS3MODOZA==/com.google.android.gms-YQ2L6GsYyKuvu9MvIBK1EQ==/oat/x86_64/split_MeasurementDynamite_installtime.odex) is kOatUpToDate with filter 'speed' executable 'false'
02-19 11:53:20.604  1563 27029 I MDDSuperpacks: MDDSuperpacks$3.onSuccess():558 packs [ko_2023022208] got for superpack: hmmdictionary
02-19 11:53:20.631  1563 27029 I MDDSuperpacks: MDDSuperpacks$2.onSuccess():274 Sync success for hmmdictionary with result: {old=[ko_2023022208], new=[ko_2023022208], metadata=false, last batch=true}
02-19 11:53:20.631 26826 26830 I artd    : GetBestInfo: /data/app/~~O-UZzK0jUU9NLgS3MODOZA==/com.google.android.gms-YQ2L6GsYyKuvu9MvIBK1EQ==/split_maps_core_dynamite_ondemand.apk has no usable artifacts
02-19 11:53:20.631  1563 26985 I SuperpacksManagerBase: SuperpacksManagerBase$2.onSyncSuccess():192 sync(): complete {old=[ko_2023022208], new=[ko_2023022208], metadata=false, last batch=true}
02-19 11:53:20.632  1563 26985 I MDDSuperpacks: MDDSuperpacks.getPacks():548 getting packs for superpack: hmmdictionary
02-19 11:53:20.784 26826 26830 I artd    : GetBestInfo: /data/user_de/0/com.google.android.gms/app_chimera/m/0000000c/dl-Appsearch.optional_250834100800.apk has no usable artifacts
02-19 11:53:20.791 26826 26830 I artd    : GetBestInfo: /data/user_de/0/com.google.android.gms/app_chimera/m/00000001/CronetDynamite.apk has no usable artifacts
02-19 11:53:20.793 26826 26830 I artd    : GetBestInfo: /data/user_de/0/com.google.android.gms/app_chimera/m/00000002/DynamiteLoader.apk has no usable artifacts
02-19 11:53:20.795 26826 26830 I artd    : GetBestInfo: /data/user_de/0/com.google.android.gms/app_chimera/m/00000005/GoogleCertificates.apk has no usable artifacts
02-19 11:53:20.800 26826 26826 I artd    : GetBestInfo: /data/user_de/0/com.google.android.gms/app_chimera/m/00000009/dl-TfliteDynamiteDynamite.integ_252130102100800.apk has no usable artifacts
02-19 11:53:20.825  1563 27029 I MDDSuperpacks: MDDSuperpacks$3.onSuccess():558 packs [transformer_latin_tflite_20231010_zip, scribe_korean_20231123_recospec_zip, scribe_korean_20231123_tflite_zip, qrnn_en_us_reco_20231010_fst_20230613_recospec_zip, pack_mapping_v1_lstm_20231127, transformer_latin_seg_tflite_20231010_zip, transformer_korean_tflite_20230514_zip, scribe_latin_20231123_recospec_zip, en_us_20230613_compact_fst_zip, scribe_latin_20231123_tflite_zip, qrnn_ko_reco_20230514_fst_20230409_recospec_zip, transformer_latin_conf_tflite_20231010_zip, ko_20230409_compact_fst_zip] got for superpack: handwriting_recognition
02-19 11:53:20.825  1563 27030 I HandwritingSlicingStrategy: HandwritingSlicingStrategy.getSlices():44 getSlices(): handwriting_recognition.86 useForeground=true
02-19 11:53:20.827  1563 27030 I HandwritingSlicingStrategy: HandwritingSlicingStrategy.getSlices():103 getSlices(): result {slices=[{handwriting_recognition:pack_mapping_v1_lstm_20231127, m:*:*:*, fg}, {handwriting_recognition:transformer_latin_tflite_20231010_zip, m:*:*:*, fg}, {handwriting_recognition:qrnn_en_us_reco_20231010_fst_20230613_recospec_zip, m:*:*:*, fg}, {handwriting_recognition:transformer_latin_conf_tflite_20231010_zip, m:*:*:*, fg}, {handwriting_recognition:transformer_latin_seg_tflite_20231010_zip, m:*:*:*, fg}, {handwriting_recognition:en_us_20230613_compact_fst_zip, m:*:*:*, fg}, {handwriting_recognition:scribe_latin_20231123_tflite_zip, m:*:*:*, fg}, {handwriting_recognition:scribe_latin_20231123_recospec_zip, m:*:*:*, fg}, {handwriting_recognition:qrnn_ko_reco_20230514_fst_20230409_recospec_zip, m:*:*:*, fg}, {handwriting_recognition:ko_20230409_compact_fst_zip, m:*:*:*, fg}, {handwriting_recognition:transformer_korean_tflite_20230514_zip, m:*:*:*, fg}, {handwriting_recognition:scribe_korean_20231123_recospec_zip, m:*:*:*, fg}, {handwriting_recognition:scribe_korean_20231123_tflite_zip, m:*:*:*, fg}], last batch=true, sync metadata=false}
02-19 11:53:20.828 26826 26826 I artd    : GetBestInfo: vdex next to the dex file (/data/user/0/com.google.android.gms/app_dg_cache/BF7C023AB90CCF01D1F467FC1CEBAF866511FF29/oat/x86_64/the.vdex) is kOatUpToDate with filter 'verify' executable 'false'
02-19 11:53:20.833 26826 26826 I artd    : GetBestInfo: /data/user_de/0/com.google.android.gms/app_chimera/m/00000010/dl-PlayCloudSearch.optional_250834100000.apk has no usable artifacts
02-19 11:53:20.834  1563 27036 I MDDSuperpacks: MDDSuperpacks.getPacks():548 getting packs for superpack: handwriting_recognition
02-19 11:53:20.844  1563 26987 I HmmDataFacilitator: HmmDataFacilitator.setDownloadedPacks():333 Opening pack for language ko
02-19 11:53:20.844  1563 27036 I MDDSuperpacks: MDDSuperpacks$3.onSuccess():558 packs [ko_2023022208] got for superpack: hmmdictionary
02-19 11:53:20.849 26826 26826 I artd    : GetBestInfo: /data/user_de/0/com.google.android.gms/app_chimera/m/00000017/dl-PlayCloudSearch.optional_260438100000.apk has no usable artifacts
02-19 11:53:20.863 26826 26826 I artd    : GetBestInfo: /data/user_de/0/com.google.android.gms/app_chimera/m/00000015/dl-MlkitOcrCommon.optional_260438100800.apk has no usable artifacts
02-19 11:53:20.872 26826 26826 I artd    : GetBestInfo: /data/user_de/0/com.google.android.gms/app_chimera/m/00000013/dl-MlkitBarcodeUi.optional_260438100800.apk has no usable artifacts
02-19 11:53:20.891  1563 27031 I MDDSuperpacks: MDDSuperpacks$3.onSuccess():558 packs [transformer_latin_tflite_20231010_zip, scribe_korean_20231123_recospec_zip, scribe_korean_20231123_tflite_zip, qrnn_en_us_reco_20231010_fst_20230613_recospec_zip, pack_mapping_v1_lstm_20231127, transformer_latin_seg_tflite_20231010_zip, transformer_korean_tflite_20230514_zip, scribe_latin_20231123_recospec_zip, en_us_20230613_compact_fst_zip, scribe_latin_20231123_tflite_zip, qrnn_ko_reco_20230514_fst_20230409_recospec_zip, transformer_latin_conf_tflite_20231010_zip, ko_20230409_compact_fst_zip] got for superpack: handwriting_recognition
02-19 11:53:20.894  1563 27035 I MDDSuperpacks: MDDSuperpacks$2.onSuccess():274 Sync success for handwriting_recognition with result: {old=[en_us_20230613_compact_fst_zip, ko_20230409_compact_fst_zip, pack_mapping_v1_lstm_20231127, qrnn_en_us_reco_20231010_fst_20230613_recospec_zip, qrnn_ko_reco_20230514_fst_20230409_recospec_zip, scribe_korean_20231123_recospec_zip, scribe_korean_20231123_tflite_zip, scribe_latin_20231123_recospec_zip, scribe_latin_20231123_tflite_zip, transformer_korean_tflite_20230514_zip, transformer_latin_conf_tflite_20231010_zip, transformer_latin_seg_tflite_20231010_zip, transformer_latin_tflite_20231010_zip], new=[en_us_20230613_compact_fst_zip, ko_20230409_compact_fst_zip, pack_mapping_v1_lstm_20231127, qrnn_en_us_reco_20231010_fst_20230613_recospec_zip, qrnn_ko_reco_20230514_fst_20230409_recospec_zip, scribe_korean_20231123_recospec_zip, scribe_korean_20231123_tflite_zip, scribe_latin_20231123_recospec_zip, scribe_latin_20231123_tflite_zip, transformer_korean_tflite_20230514_zip, transformer_latin_conf_tflite_20231010_zip, transformer_latin_seg_tflite_20231010_zip, transformer_latin_tflite_20231010_zip], metadata=false, last batch=true}
02-19 11:53:20.894  1563 27037 I HandwritingOnlineSuperpacks: HandwritingOnlineSuperpacks.syncInternal():187 syncInternal(): syncing packs
02-19 11:53:20.895 26826 26830 I artd    : GetBestInfo: /data/user_de/0/com.google.android.gms/app_chimera/m/0000000f/dl-MlkitOcrCommon.optional_250834100800.apk has no usable artifacts
02-19 11:53:20.895  1563 27038 I HandwritingOnlineSuperpacks: HandwritingOnlineSuperpacks$2.onSyncSuccess():225 syncInternal(): complete {old=[en_us_20230613_compact_fst_zip, ko_20230409_compact_fst_zip, pack_mapping_v1_lstm_20231127, qrnn_en_us_reco_20231010_fst_20230613_recospec_zip, qrnn_ko_reco_20230514_fst_20230409_recospec_zip, scribe_korean_20231123_recospec_zip, scribe_korean_20231123_tflite_zip, scribe_latin_20231123_recospec_zip, scribe_latin_20231123_tflite_zip, transformer_korean_tflite_20230514_zip, transformer_latin_conf_tflite_20231010_zip, transformer_latin_seg_tflite_20231010_zip, transformer_latin_tflite_20231010_zip], new=[en_us_20230613_compact_fst_zip, ko_20230409_compact_fst_zip, pack_mapping_v1_lstm_20231127, qrnn_en_us_reco_20231010_fst_20230613_recospec_zip, qrnn_ko_reco_20230514_fst_20230409_recospec_zip, scribe_korean_20231123_recospec_zip, scribe_korean_20231123_tflite_zip, scribe_latin_20231123_recospec_zip, scribe_latin_20231123_tflite_zip, transformer_korean_tflite_20230514_zip, transformer_latin_conf_tflite_20231010_zip, transformer_latin_seg_tflite_20231010_zip, transformer_latin_tflite_20231010_zip], metadata=false, last batch=true}
02-19 11:53:20.895  1563 27038 I MDDSuperpacks: MDDSuperpacks.getPacks():548 getting packs for superpack: handwriting_recognition
02-19 11:53:20.908 26826 26830 I artd    : GetBestInfo: /data/user_de/0/com.google.android.gms/app_chimera/m/0000000d/dl-VisionOcr.optional_250834100000.apk has no usable artifacts
02-19 11:53:20.922 26826 26830 I artd    : GetBestInfo: /data/user_de/0/com.google.android.gms/app_chimera/m/0000000a/dl-MlkitBarcodeUi.optional_250834100800.apk has no usable artifacts
02-19 11:53:20.940  1563 27038 I MDDSuperpacks: MDDSuperpacks.getPacks():548 getting packs for superpack: handwriting_recognition
02-19 11:53:20.942  1563 27031 I MDDSuperpacks: MDDSuperpacks$3.onSuccess():558 packs [transformer_latin_tflite_20231010_zip, scribe_korean_20231123_recospec_zip, scribe_korean_20231123_tflite_zip, qrnn_en_us_reco_20231010_fst_20230613_recospec_zip, pack_mapping_v1_lstm_20231127, transformer_latin_seg_tflite_20231010_zip, transformer_korean_tflite_20230514_zip, scribe_latin_20231123_recospec_zip, en_us_20230613_compact_fst_zip, scribe_latin_20231123_tflite_zip, qrnn_ko_reco_20230514_fst_20230409_recospec_zip, transformer_latin_conf_tflite_20231010_zip, ko_20230409_compact_fst_zip] got for superpack: handwriting_recognition
02-19 11:53:20.955 26826 26830 I artd    : GetBestInfo: /data/user_de/0/com.google.android.gms/app_chimera/m/00000011/dl-VisionOcr.optional_260438100000.apk has no usable artifacts
02-19 11:53:20.977 26826 26830 I artd    : GetBestInfo: /data/user_de/0/com.google.android.gms/app_chimera/m/00000012/dl-Appsearch.optional_260438100800.apk has no usable artifacts
02-19 11:53:20.979  1563 27036 I MDDSuperpacks: MDDSuperpacks$3.onSuccess():558 packs [transformer_latin_tflite_20231010_zip, scribe_korean_20231123_recospec_zip, scribe_korean_20231123_tflite_zip, qrnn_en_us_reco_20231010_fst_20230613_recospec_zip, pack_mapping_v1_lstm_20231127, transformer_latin_seg_tflite_20231010_zip, transformer_korean_tflite_20230514_zip, scribe_latin_20231123_recospec_zip, en_us_20230613_compact_fst_zip, scribe_latin_20231123_tflite_zip, qrnn_ko_reco_20230514_fst_20230409_recospec_zip, transformer_latin_conf_tflite_20231010_zip, ko_20230409_compact_fst_zip] got for superpack: handwriting_recognition
02-19 11:53:20.979  1563 27038 I MDDSuperpacks: MDDSuperpacks$3.onSuccess():558 getting packs for superpack: handwriting_recognition
02-19 11:53:20.995 26826 26830 I artd    : GetBestInfo: vdex next to the dex file (/data/user/0/com.google.android.gms/app_dg_cache/94DF452EEF4B8E717545DCDEA6CC3C50A319A195/oat/x86_64/the.vdex) is kOatUpToDate with filter 'verify' executable 'false'
02-19 11:53:21.009 26826 26830 I artd    : GetBestInfo: /data/user_de/0/com.google.android.gms/app_chimera/m/00000007/MeasurementDynamite.apk has no usable artifacts
02-19 11:53:21.020  1563 27038 I MDDSuperpacks: MDDSuperpacks.getPacks():548 getting packs for superpack: handwriting_recognition
