--------- beginning of main
02-19 12:08:44.484 27941 27941 W dumpsys : Thread Pool max thread count is 0. Cannot cache binder as linkToDeath cannot be implemented. serviceName: package
02-19 12:08:44.712   531   568 W EventThread: Faking VSYNC due to driver stall for thread app
02-19 12:08:44.739 27920 27920 I artd    : GetBestInfo: odex next to the dex file (/data/app/~~O-UZzK0jUU9NLgS3MODOZA==/com.google.android.gms-YQ2L6GsYyKuvu9MvIBK1EQ==/oat/x86_64/base.odex) is kOatUpToDate with filter 'speed-profile' executable 'false'
02-19 12:08:44.747 27920 27920 I artd    : GetBestInfo: odex next to the dex file (/data/app/~~O-UZzK0jUU9NLgS3MODOZA==/com.google.android.gms-YQ2L6GsYyKuvu9MvIBK1EQ==/oat/x86_64/split_AdsDynamite_installtime.odex) is kOatUpToDate with filter 'speed' executable 'false'
02-19 12:08:44.753 27920 27920 I artd    : GetBestInfo: odex next to the dex file (/data/app/~~O-UZzK0jUU9NLgS3MODOZA==/com.google.android.gms-YQ2L6GsYyKuvu9MvIBK1EQ==/oat/x86_64/split_CronetDynamite_installtime.odex) is kOatUpToDate with filter 'speed' executable 'false'
02-19 12:08:44.759 27920 27920 I artd    : GetBestInfo: odex next to the dex file (/data/app/~~O-UZzK0jUU9NLgS3MODOZA==/com.google.android.gms-YQ2L6GsYyKuvu9MvIBK1EQ==/oat/x86_64/split_DynamiteLoader_installtime.odex) is kOatUpToDate with filter 'speed' executable 'false'
02-19 12:08:44.765 27920 27920 I artd    : GetBestInfo: odex next to the dex file (/data/app/~~O-UZzK0jUU9NLgS3MODOZA==/com.google.android.gms-YQ2L6GsYyKuvu9MvIBK1EQ==/oat/x86_64/split_DynamiteModulesA_installtime.odex) is kOatUpToDate with filter 'speed' executable 'false'
02-19 12:08:44.770 27920 27920 I artd    : GetBestInfo: odex next to the dex file (/data/app/~~O-UZzK0jUU9NLgS3MODOZA==/com.google.android.gms-YQ2L6GsYyKuvu9MvIBK1EQ==/oat/x86_64/split_DynamiteModulesC_installtime.odex) is kOatUpToDate with filter 'speed' executable 'false'
02-19 12:08:44.775 27920 27920 I artd    : GetBestInfo: odex next to the dex file (/data/app/~~O-UZzK0jUU9NLgS3MODOZA==/com.google.android.gms-YQ2L6GsYyKuvu9MvIBK1EQ==/oat/x86_64/split_GoogleCertificates_installtime.odex) is kOatUpToDate with filter 'speed' executable 'false'
02-19 12:08:44.782 27920 27920 I artd    : GetBestInfo: odex next to the dex file (/data/app/~~O-UZzK0jUU9NLgS3MODOZA==/com.google.android.gms-YQ2L6GsYyKuvu9MvIBK1EQ==/oat/x86_64/split_MapsDynamite_installtime.odex) is kOatUpToDate with filter 'speed' executable 'false'
02-19 12:08:44.787 27920 27920 I artd    : GetBestInfo: odex next to the dex file (/data/app/~~O-UZzK0jUU9NLgS3MODOZA==/com.google.android.gms-YQ2L6GsYyKuvu9MvIBK1EQ==/oat/x86_64/split_MeasurementDynamite_installtime.odex) is kOatUpToDate with filter 'speed' executable 'false'
02-19 12:08:44.791 27920 27920 I artd    : GetBestInfo: /data/app/~~O-UZzK0jUU9NLgS3MODOZA==/com.google.android.gms-YQ2L6GsYyKuvu9MvIBK1EQ==/split_maps_core_dynamite_ondemand.apk has no usable artifacts
02-19 12:08:44.796 27920 27920 I artd    : GetBestInfo: /data/user_de/0/com.google.android.gms/app_chimera/m/0000000c/dl-Appsearch.optional_250834100800.apk has no usable artifacts
02-19 12:08:44.798 27920 27920 I artd    : GetBestInfo: /data/user_de/0/com.google.android.gms/app_chimera/m/00000001/CronetDynamite.apk has no usable artifacts
02-19 12:08:44.799 27920 27920 I artd    : GetBestInfo: /data/user_de/0/com.google.android.gms/app_chimera/m/00000002/DynamiteLoader.apk has no usable artifacts
02-19 12:08:44.800 27920 27920 I artd    : GetBestInfo: /data/user_de/0/com.google.android.gms/app_chimera/m/00000005/GoogleCertificates.apk has no usable artifacts
02-19 12:08:44.803 27920 27920 I artd    : GetBestInfo: /data/user_de/0/com.google.android.gms/app_chimera/m/00000009/dl-TfliteDynamiteDynamite.integ_252130102100800.apk has no usable artifacts
02-19 12:08:44.808 27920 27920 I artd    : GetBestInfo: vdex next to the dex file (/data/user/0/com.google.android.gms/app_dg_cache/BF7C023AB90CCF01D1F467FC1CEBAF866511FF29/oat/x86_64/the.vdex) is kOatUpToDate with filter 'verify' executable 'false'
02-19 12:08:44.814 27920 27920 I artd    : GetBestInfo: /data/user_de/0/com.google.android.gms/app_chimera/m/00000010/dl-PlayCloudSearch.optional_250834100000.apk has no usable artifacts
02-19 12:08:44.818 27920 27920 I artd    : GetBestInfo: /data/user_de/0/com.google.android.gms/app_chimera/m/00000017/dl-PlayCloudSearch.optional_260438100000.apk has no usable artifacts
02-19 12:08:44.821 27920 27920 I artd    : GetBestInfo: /data/user_de/0/com.google.android.gms/app_chimera/m/00000015/dl-MlkitOcrCommon.optional_260438100800.apk has no usable artifacts
02-19 12:08:44.822 27920 27920 I artd    : GetBestInfo: /data/user_de/0/com.google.android.gms/app_chimera/m/00000013/dl-MlkitBarcodeUi.optional_260438100800.apk has no usable artifacts
02-19 12:08:44.825 27920 27920 I artd    : GetBestInfo: /data/user_de/0/com.google.android.gms/app_chimera/m/0000000f/dl-MlkitOcrCommon.optional_250834100800.apk has no usable artifacts
02-19 12:08:44.827 27920 27920 I artd    : GetBestInfo: /data/user_de/0/com.google.android.gms/app_chimera/m/0000000d/dl-VisionOcr.optional_250834100000.apk has no usable artifacts
02-19 12:08:44.829 27920 27920 I artd    : GetBestInfo: /data/user_de/0/com.google.android.gms/app_chimera/m/0000000a/dl-MlkitBarcodeUi.optional_250834100800.apk has no usable artifacts
02-19 12:08:44.833 27920 27920 I artd    : GetBestInfo: /data/user_de/0/com.google.android.gms/app_chimera/m/00000011/dl-VisionOcr.optional_260438100000.apk has no usable artifacts
02-19 12:08:44.837 27920 27920 I artd    : GetBestInfo: /data/user_de/0/com.google.android.gms/app_chimera/m/00000012/dl-Appsearch.optional_260438100800.apk has no usable artifacts
02-19 12:08:44.844 27920 27920 I artd    : GetBestInfo: vdex next to the dex file (/data/user/0/com.google.android.gms/app_dg_cache/94DF452EEF4B8E717545DCDEA6CC3C50A319A195/oat/x86_64/the.vdex) is kOatUpToDate with filter 'verify' executable 'false'
02-19 12:08:44.847 27920 27920 I artd    : GetBestInfo: /data/user_de/0/com.google.android.gms/app_chimera/m/00000007/MeasurementDynamite.apk has no usable artifacts
02-19 12:08:44.850 27920 27920 I artd    : GetBestInfo: /data/user_de/0/com.google.android.gms/app_chimera/m/00000018/dl-AdsFdrDynamite.integ_254380203100000.apk has no usable artifacts
--------- beginning of system
02-19 12:08:44.924   752  1852 V SettingsShellCmd: putForUser(userId=0, table=system, key=accelerometer_rotation, value=0, tag=null, makeDefault=false, overrideableByRestore=false)
02-19 12:08:44.949   752   775 I system_server: Background concurrent mark compact GC freed 24MB AllocSpace bytes, 32(1092KB) LOS objects, 42% free, 32MB/56MB, paused 2.131ms,6.006ms total 342.753ms
02-19 12:08:45.120   752  1852 V SettingsShellCmd: putForUser(userId=0, table=system, key=user_rotation, value=1, tag=null, makeDefault=false, overrideableByRestore=false)
02-19 12:08:45.156  4449  4449 W DSRotLockSettingsMngr: Setting is ignored, but no fallback was specified.
02-19 12:08:46.538   531   568 W EventThread: Faking VSYNC due to driver stall for thread app
02-19 12:08:46.635   752   752 W Looper  : Drained
02-19 12:08:46.639   752   795 W ActivityTaskManager: callingPackage for (uid=-1, pid=0) has no WPC
02-19 12:08:46.640   752   795 W ActivityStartInterceptor: Starting home with component specified, uid=0
02-19 12:08:46.641   752   795 W OptProp : Cannot read opt property android.window.PROPERTY_COMPAT_ALLOW_USER_ASPECT_RATIO_OVERRIDE
02-19 12:08:46.641   752   795 W OptProp : Cannot read opt property android.window.PROPERTY_COMPAT_ALLOW_USER_ASPECT_RATIO_FULLSCREEN_OVERRIDE
02-19 12:08:46.642   752   795 W OptProp : Cannot read opt property android.window.PROPERTY_COMPAT_ALLOW_RESIZEABLE_ACTIVITY_OVERRIDES
02-19 12:08:46.642   752   795 W OptProp : Cannot read opt property android.window.PROPERTY_COMPAT_ALLOW_MIN_ASPECT_RATIO_OVERRIDE
02-19 12:08:46.646  4449  4449 I vol.VolumeDialogImpl: mDialog.dismiss() reason: volume_controller from: com.android.systemui.volume.VolumeDialogImpl$7.onDismissRequested:3
02-19 12:08:46.646   752   795 V GrammaticalInflectionUtils: AttributionSource: android.content.AttributionSource@1abea79a does not have READ_SYSTEM_GRAMMATICAL_GENDER permission.
02-19 12:08:46.667  4449  4467 V WindowManagerShell: Transition requested (#262): android.os.BinderProxy@d962f5 TransitionRequestInfo { type = OPEN, triggerTask = TaskInfo{userId=0 taskId=5 effectiveUid=10182 displayId=0 isRunning=true baseIntent=Intent { act=android.intent.action.MAIN cat=[android.intent.category.HOME] flg=0x10000100 cmp=com.google.android.apps.nexuslauncher/.NexusLauncherActivity } baseActivity=ComponentInfo{com.google.android.apps.nexuslauncher/com.google.android.apps.nexuslauncher.NexusLauncherActivity} topActivity=ComponentInfo{com.google.android.apps.nexuslauncher/com.google.android.apps.nexuslauncher.NexusLauncherActivity} origActivity=null realActivity=ComponentInfo{com.google.android.apps.nexuslauncher/com.google.android.apps.nexuslauncher.NexusLauncherActivity} numActivities=1 lastActiveTime=82000505 supportsMultiWindow=true resizeMode=2 isResizeable=true minWidth=-1 minHeight=-1 defaultMinSize=220 token=WCT{android.window.IWindowContainerToken$Stub$Proxy@733f88a} topActivityType=2 pictureInPictureParams=null shouldDockBigOverlays=false launchIntoPipHostTaskId=-1 lastParentTaskIdBeforePip=-1 displayCutoutSafeInsets=Rect(0, 0 - 0, 0) topActivityInfo=ActivityInfo{b970efb com.google.android.apps.nexuslauncher.NexusLauncherActivity} launchCookies=[] positionInParent=Point(0, 0) parentTaskId=-1 isFocused=true isVisible=false isVisibleRequested=true isTopActivityNoDisplay=false isSleeping=false locusId=LocusId[17_chars] displayAreaFeatureId=1 isTopActivityTransparent=false isActivityStackTransparent=false lastNonFullscreenBounds=Rect(284, 660 - 796, 1740) capturedLink=null capturedLinkTimestamp=0 requestedVisibleTypes=-9 topActivityRequestOpenInBrowserEducationTimestamp=0 appCompatTaskInfo=AppCompatTaskInfo { topActivityInSizeCompat=false eligibleForLetterboxEducation= false isLetterboxEducationEnabled= true isLetterboxDoubleTapEnabled= false eligibleForUserAspectRatioButton= false topActivityBoundsLetterboxed= false isFromLetterboxDoubleTap= false topActivityLetterboxVerticalPosition= -1 topActivityLetterboxHorizontalPosition= -1 topActivityLetterboxWidth=-1 topActivityLetterboxHeight=-1 topActivityAppBounds=Rect(0, 0 - 1080, 2400) isUserFullscreenOverrideEnabled=false isSystemFullscreenOverrideEnabled=false hasMinAspectRatioOverride=false topActivityLetterboxBounds=null cameraCompatTaskInfo=CameraCompatTaskInfo { freeformCameraCompatMode=inactive}} topActivityMainWindowFrame=null}, pipChange = null, remoteTransition = null, displayChange = null, flags = 0, debugId = 262 }
02-19 12:08:46.667  1341  1341 D ViewRootImpl: Skipping stats log for color mode
02-19 12:08:46.668   752   795 I ActivityTaskManager: START u0 {act=android.intent.action.MAIN cat=[android.intent.category.HOME] flg=0x10000100 cmp=com.google.android.apps.nexuslauncher/.NexusLauncherActivity (has extras)} with LAUNCH_SINGLE_TASK from uid 0 (BAL_ALLOW_ALLOWLISTED_UID) result code=2
02-19 12:08:46.668  4449  4467 D ShellSplitScreen: logExit: no-op, mLoggerSessionId is null
02-19 12:08:46.668  1341  1341 D TFOManager: playPanelCloseAnimation() duration=200 traceTag=LauncherOverlay-hide isHomeButtonTap=true
02-19 12:08:46.668  1341  1341 D TFOManager: Skipped creating panel close animation because -1 is invisible.
02-19 12:08:46.668  1341  1341 D OverviewCommandHelper: clearing pending commands: []
02-19 12:08:46.672  1341  1341 D StatsLog: LAUNCHER_ONRESUME
02-19 12:08:46.673   752  1095 D BackgroundInstallControlService: Package event received: 0
02-19 12:08:46.676   752  1095 D BackgroundInstallControlService: Package event received: 0
02-19 12:08:46.676   752  1095 D BackgroundInstallControlService: Package event received: 0
02-19 12:08:46.678   752   797 W IPCThreadState: Sending oneway calls to frozen process.
02-19 12:08:46.679   752   797 W IPCThreadState: Sending oneway calls to frozen process.
02-19 12:08:46.681   752   797 W IPCThreadState: Sending oneway calls to frozen process.
02-19 12:08:46.681   752   797 W IPCThreadState: Sending oneway calls to frozen process.
02-19 12:08:46.681   752   797 W IPCThreadState: Sending oneway calls to frozen process.
02-19 12:08:46.681   531   531 I BpBinder: onLastStrongRef automatically unlinking death recipients: 
02-19 12:08:46.681   752   797 W IPCThreadState: Sending oneway calls to frozen process.
02-19 12:08:46.681  1341  1407 D QuickstepModelDelegate: notifyAppTargetEvent action=1 launchLocation=workspace/0/[-1,-1]/[1,1]
02-19 12:08:46.681  1341  1341 D NexusLauncherModelDelegate: notifySmartspaceEvent: SmartspaceTargetEvent{mSmartspaceTarget=null, mSmartspaceActionId='null', mEventType=6}
02-19 12:08:46.684   752   797 W IPCThreadState: Sending oneway calls to frozen process.
02-19 12:08:46.684   752   797 W IPCThreadState: Sending oneway calls to frozen process.
02-19 12:08:46.684   752   797 W IPCThreadState: Sending oneway calls to frozen process.
02-19 12:08:46.684   752   797 W IPCThreadState: Sending oneway calls to frozen process.
02-19 12:08:46.685   752   797 W IPCThreadState: Sending oneway calls to frozen process.
02-19 12:08:46.685   752   797 W IPCThreadState: Sending oneway calls to frozen process.
02-19 12:08:46.685   752   797 W IPCThreadState: Sending oneway calls to frozen process.
02-19 12:08:46.685   752   797 W IPCThreadState: Sending oneway calls to frozen process.
02-19 12:08:46.687   752   797 W ProcessStats: Tracking association SourceState{1b917ca system/1000 BFgs #12971} whose proc state 4 is better than process ProcessState{42c4ef0 com.google.android.ext.services/10208 pkg=com.google.android.ext.services} proc state 14 (4 skipped)
02-19 12:08:46.689  1341  1341 D BaseDepthController: setSurface:
02-19 12:08:46.689  1341  1341 D BaseDepthController: 	mWaitingOnSurfaceValidity: false
02-19 12:08:46.689  1341  1341 D BaseDepthController: 	mBaseSurface: Surface(name=com.google.android.apps.nexuslauncher/com.google.android.apps.nexuslauncher.NexusLauncherActivity)/@0x94d8eb8
02-19 12:08:46.722  1341  1341 D ActivityAllAppsContainerView: rebindAdapters: force: false
02-19 12:08:46.722  1341  1341 D ActivityAllAppsContainerView: rebindAdapters: Not needed.
02-19 12:08:46.724   531   549 I BpBinder: onLastStrongRef automatically unlinking death recipients: 
02-19 12:08:46.724  1341  1341 I NotificationListener: Handling notification state refresh for com.google.android.adservices.api#0
02-19 12:08:46.724  1341  1341 I NotificationListener: Handling notification state refresh for android#0
02-19 12:08:46.724  1341  1341 I NotificationListener: Handling notification state refresh for com.android.systemui#0
02-19 12:08:46.751   752   794 V WindowManager: Sent Transition (#262) createdAt=02-19 12:08:46.647 via request=TransitionRequestInfo { type = OPEN, triggerTask = TaskInfo{userId=0 taskId=5 effectiveUid=10182 displayId=0 isRunning=true baseIntent=Intent { act=android.intent.action.MAIN cat=[android.intent.category.HOME] flg=0x10000100 cmp=com.google.android.apps.nexuslauncher/.NexusLauncherActivity } baseActivity=ComponentInfo{com.google.android.apps.nexuslauncher/com.google.android.apps.nexuslauncher.NexusLauncherActivity} topActivity=ComponentInfo{com.google.android.apps.nexuslauncher/com.google.android.apps.nexuslauncher.NexusLauncherActivity} origActivity=null realActivity=ComponentInfo{com.google.android.apps.nexuslauncher/com.google.android.apps.nexuslauncher.NexusLauncherActivity} numActivities=1 lastActiveTime=82000505 supportsMultiWindow=true resizeMode=2 isResizeable=true minWidth=-1 minHeight=-1 defaultMinSize=220 token=WCT{RemoteToken{50a2c5f Task{b605570 #5 type=home I=com.google.android.apps.nexuslauncher/.NexusLauncherActivity}}} topActivityType=2 pictureInPictureParams=null shouldDockBigOverlays=false launchIntoPipHostTaskId=-1 lastParentTaskIdBeforePip=-1 displayCutoutSafeInsets=Rect(0, 0 - 0, 0) topActivityInfo=ActivityInfo{f5406ac com.google.android.apps.nexuslauncher.NexusLauncherActivity} launchCookies=[] positionInParent=Point(0, 0) parentTaskId=-1 isFocused=true isVisible=false isVisibleRequested=true isTopActivityNoDisplay=false isSleeping=false locusId=LocusId[17_chars] displayAreaFeatureId=1 isTopActivityTransparent=false isActivityStackTransparent=false lastNonFullscreenBounds=Rect(284, 660 - 796, 1740) capturedLink=null capturedLinkTimestamp=0 requestedVisibleTypes=-9 topActivityRequestOpenInBrowserEducationTimestamp=0 appCompatTaskInfo=AppCompatTaskInfo { topActivityInSizeCompat=false eligibleForLetterboxEducation= false isLetterboxEducationEnabled= true isLetterboxDoubleTapEnabled= false eligibleForUserAspectRatioButton= false topActivityBoundsLetterboxed= false isFromLetterboxDoubleTap= false topActivityLetterboxVerticalPosition= -1 topActivityLetterboxHorizontalPosition= -1 topActivityLetterboxWidth=-1 topActivityLetterboxHeight=-1 topActivityAppBounds=Rect(0, 0 - 1080, 2400) isUserFullscreenOverrideEnabled=false isSystemFullscreenOverrideEnabled=false hasMinAspectRatioOverride=false topActivityLetterboxBounds=null cameraCompatTaskInfo=CameraCompatTaskInfo { freeformCameraCompatMode=inactive}} topActivityMainWindowFrame=null}, pipChange = null, remoteTransition = null, displayChange = null, flags = 0, debugId = 262 }
02-19 12:08:46.751   752   794 V WindowManager:     startWCT=WindowContainerTransaction { changes= {} hops= [] errorCallbackToken=null taskFragmentOrganizer=null }
02-19 12:08:46.751   752   794 V WindowManager:     info={id=262 t=OPEN f=0x0 trk=0 r=[0@Point(0, 0)] c=[
02-19 12:08:46.751   752   794 V WindowManager:         {WCT{RemoteToken{5218fe8 Task{dd43522 #1 type=home}}} m=TO_FRONT f=SHOW_WALLPAPER|MOVE_TO_TOP leash=Surface(name=Task=1)/@0x8ddbd2e sb=Rect(0, 0 - 1080, 2400) eb=Rect(0, 0 - 1080, 2400) epz=Point(1080, 2400) d=0 taskParent=-1},
02-19 12:08:46.751   752   794 V WindowManager:         {WCT{RemoteToken{a585dcd Task{7745c88 #46 type=standard A=10217:viva.republica.toss.test}}} m=TO_BACK f=NONE leash=Surface(name=Task=46)/@0xe2d6cf7 sb=Rect(0, 0 - 1080, 2400) eb=Rect(0, 0 - 1080, 2400) epz=Point(1080, 2400) d=0 taskParent=-1},
02-19 12:08:46.751   752   794 V WindowManager:         {m=TO_FRONT f=IS_WALLPAPER leash=Surface(name=WallpaperWindowToken{35e0c0f showWhenLocked=false})/@0x512f5be sb=Rect(0, 0 - 1080, 2400) eb=Rect(0, 0 - 1080, 2400) epz=Point(1080, 2400) d=0}
02-19 12:08:46.751   752   794 V WindowManager:     ]}
02-19 12:08:46.776  4449  4462 V WindowManagerShell: onTransitionReady(transaction=3229815413838)
02-19 12:08:46.789  4449  4467 D WindowManagerShell: setLauncherKeepClearAreaHeight: visible=true, height=527
02-19 12:08:46.795   752  1095 D BackgroundInstallControlService: Package event received: 0
02-19 12:08:46.795   752  1095 D BackgroundInstallControlService: Package event received: 0
02-19 12:08:46.795   752  1095 D BackgroundInstallControlService: Package event received: 0
02-19 12:08:46.795   752  1095 D BackgroundInstallControlService: Package event received: 0
02-19 12:08:46.795   752  1095 D BackgroundInstallControlService: Package event received: 0
02-19 12:08:46.795   752  1095 D BackgroundInstallControlService: Package event received: 0
02-19 12:08:46.795   752  1095 D BackgroundInstallControlService: Package event received: 0
02-19 12:08:46.795   752  1095 D BackgroundInstallControlService: Package event received: 0
02-19 12:08:46.795   752  1095 D BackgroundInstallControlService: Package event received: 0
02-19 12:08:46.795   752  1095 D BackgroundInstallControlService: Package event received: 0
02-19 12:08:46.796   752  1095 D BackgroundInstallControlService: Package event received: 0
02-19 12:08:46.796  4449  4467 D WindowManagerShell: onActivityRestartAttempt: topActivity=ComponentInfo{com.google.android.apps.nexuslauncher/com.google.android.apps.nexuslauncher.NexusLauncherActivity}, wasVisible=false
02-19 12:08:46.798  4449  4467 V WindowManagerShell: onTransitionReady (#262) android.os.BinderProxy@d962f5: {id=262 t=OPEN f=0x0 trk=0 r=[0@Point(0, 0)] c=[
02-19 12:08:46.798  4449  4467 V WindowManagerShell:         {m=TO_FRONT f=SHOW_WALLPAPER|MOVE_TO_TOP leash=Surface(name=Task=1)/@0x7040b18 sb=Rect(0, 0 - 1080, 2400) eb=Rect(0, 0 - 1080, 2400) epz=Point(1080, 2400) d=0 taskParent=-1},
02-19 12:08:46.798  4449  4467 V WindowManagerShell:         {m=TO_BACK f=NONE leash=Surface(name=Task=46)/@0x4aa3971 sb=Rect(0, 0 - 1080, 2400) eb=Rect(0, 0 - 1080, 2400) epz=Point(1080, 2400) d=0 taskParent=-1},
02-19 12:08:46.798  4449  4467 V WindowManagerShell:         {m=TO_FRONT f=IS_WALLPAPER leash=Surface(name=WallpaperWindowToken{35e0c0f showWhenLocked=false})/@0x8611356 sb=Rect(0, 0 - 1080, 2400) eb=Rect(0, 0 - 1080, 2400) epz=Point(1080, 2400) d=0}
02-19 12:08:46.798  4449  4467 V WindowManagerShell:     ]}
02-19 12:08:46.799  4449  4467 V WindowManagerShell: Playing animation for (#262) android.os.BinderProxy@d962f5@0
02-19 12:08:46.800  4449  4467 V ShellRecents: RecentsTransitionHandler.startAnimation: no controller found
02-19 12:08:46.800  4449  4467 V WindowManagerShell: Transition doesn't have explicit remote, search filters for match for {id=262 t=OPEN f=0x0 trk=0 r=[0@Point(0, 0)] c=[{m=TO_FRONT f=SHOW_WALLPAPER|MOVE_TO_TOP leash=Surface(name=Task=1)/@0x7040b18 sb=Rect(0, 0 - 1080, 2400) eb=Rect(0, 0 - 1080, 2400) epz=Point(1080, 2400) d=0 taskParent=-1},{m=TO_BACK f=NONE leash=Surface(name=Task=46)/@0x4aa3971 sb=Rect(0, 0 - 1080, 2400) eb=Rect(0, 0 - 1080, 2400) epz=Point(1080, 2400) d=0 taskParent=-1},{m=TO_FRONT f=IS_WALLPAPER leash=Surface(name=WallpaperWindowToken{35e0c0f showWhenLocked=false})/@0x8611356 sb=Rect(0, 0 - 1080, 2400) eb=Rect(0, 0 - 1080, 2400) epz=Point(1080, 2400) d=0}]}
02-19 12:08:46.800  4449  4467 V WindowManagerShell:  Checking filter Pair{{types=[] flags=0x0] notFlags=0x0 checks=[{atype=undefined independent=true modes=[CLOSE,TO_BACK] flags=IN_TASK_WITH_EMBEDDED_ACTIVITY mustBeTask=false order=ANY topActivity=null launchCookie=null taskFragmentToken=android.os.BinderProxy@188d51a windowingMode=undefined}]} RemoteTransition { remoteTransition = android.window.IRemoteTransition$Stub$Proxy@44cd84b, appThread = android.app.IApplicationThread$Stub$Proxy@3a12228, debugName = overlayBackTransition }}
02-19 12:08:46.801  4449  4467 V WindowManagerShell:  Checking filter Pair{{types=[] flags=0x0] notFlags=0x0 checks=[{atype=dream independent=true modes=[OPEN,TO_FRONT] flags=NONE mustBeTask=false order=ANY topActivity=null launchCookie=null windowingMode=undefined},{atype=home independent=true modes=[CLOSE,TO_BACK] flags=NONE mustBeTask=false order=ANY topActivity=null launchCookie=null windowingMode=undefined}]} RemoteTransition { remoteTransition = android.window.IRemoteTransition$Stub$Proxy@6f3eb41, appThread = android.app.IApplicationThread$Stub$Proxy@ccf28e6, debugName = LauncherToDream }}
02-19 12:08:46.801   752  1095 D BackgroundInstallControlService: Package event received: 0
02-19 12:08:46.801  4449  4467 V WindowManagerShell:  Checking filter Pair{{types=[] flags=0x0] notFlags=0x100 checks=[{atype=home independent=true modes=[OPEN,TO_FRONT] flags=NONE mustBeTask=false order=TOP topActivity=ComponentInfo{com.google.android.apps.nexuslauncher/com.google.android.apps.nexuslauncher.NexusLauncherActivity} launchCookie=null windowingMode=undefined},{atype=standard independent=true modes=[CLOSE,TO_BACK] flags=NONE mustBeTask=false order=ANY topActivity=null launchCookie=null windowingMode=undefined},{NOT atype=undefined independent=true modes=[] flags=NONE mustBeTask=true order=ANY topActivity=null launchCookie=null customAnim=true windowingMode=undefined}]} RemoteTransition { remoteTransition = android.window.IRemoteTransition$Stub$Proxy@a8eae27, appThread = android.app.IApplicationThread$Stub$Proxy@fa38d4, debugName = QuickstepLaunchHome }}
02-19 12:08:46.801  1971  2198 I AiAiEcho: Predicting[0]:  [CONTEXT sampling_count=5 ]
02-19 12:08:46.802  4449  4467 D RemoteTransitionHandler: Found filterPair{{types=[] flags=0x0] notFlags=0x100 checks=[{atype=home independent=true modes=[OPEN,TO_FRONT] flags=NONE mustBeTask=false order=TOP topActivity=ComponentInfo{com.google.android.apps.nexuslauncher/com.google.android.apps.nexuslauncher.NexusLauncherActivity} launchCookie=null windowingMode=undefined},{atype=standard independent=true modes=[CLOSE,TO_BACK] flags=NONE mustBeTask=false order=ANY topActivity=null launchCookie=null windowingMode=undefined},{NOT atype=undefined independent=true modes=[] flags=NONE mustBeTask=true order=ANY topActivity=null launchCookie=null customAnim=true windowingMode=undefined}]} RemoteTransition { remoteTransition = android.window.IRemoteTransition$Stub$Proxy@a8eae27, appThread = android.app.IApplicationThread$Stub$Proxy@fa38d4, debugName = QuickstepLaunchHome }}
02-19 12:08:46.802  4449  4467 V WindowManagerShell:  Delegate animation for (#262) to RemoteTransition { remoteTransition = android.window.IRemoteTransition$Stub$Proxy@a8eae27, appThread = android.app.IApplicationThread$Stub$Proxy@fa38d4, debugName = QuickstepLaunchHome }
02-19 12:08:46.802  1971  2198 I AiAiEcho: EchoTargets: 
02-19 12:08:46.802  1971  2198 I AiAiEcho: Filtered by AiAi flag check: 
02-19 12:08:46.802  1971  2198 I AiAiEcho: [CONTEXT ratelimit_period="10 SECONDS" ]
02-19 12:08:46.803  1971  2198 I AiAiEcho: #remoteViewsTwiddler: feature disabled.
02-19 12:08:46.807  4449  4467 V WindowManagerShell:  animated by com.android.wm.shell.transition.RemoteTransitionHandler@ef09705
02-19 12:08:46.807  1971  2198 I AiAiEcho: #postPredictionTargets: Sending updates to UISurface home with targets# 0 (types=[])
02-19 12:08:46.823  1341  1341 D SsBaseTemplateCard: No text view can be set up
02-19 12:08:46.824  1341  1341 D SsBaseTemplateCard: Passed-in item info is null
02-19 12:08:46.824  1341  1341 D SsBaseTemplateCard: Passed-in item info is null
02-19 12:08:46.824  1341  1341 D SsBaseTemplateCard: Passed-in item info is null
02-19 12:08:46.824  1341  1341 I SsBaseTemplateCard: Secondary card pane is null
02-19 12:08:46.833  1341  1341 D StateManager: createAtomicAnimation - fromState: Background, toState: Normal, partial trace:
02-19 12:08:46.833  1341  1341 D StateManager: 	at com.android.quickstep.util.ScalingWorkspaceRevealAnim.<init>(go/retraceme 72a59688580715d19f0e415c69e80376c2f062d1648c80db6730905005a27c20:39)
02-19 12:08:46.833  1341  1341 D StateManager: 	at com.android.launcher3.QuickstepTransitionManager.createWallpaperOpenAnimations(go/retraceme 72a59688580715d19f0e415c69e80376c2f062d1648c80db6730905005a27c20:168)
02-19 12:08:46.833  1341  1341 D StateManager: 	at com.android.launcher3.QuickstepTransitionManager$WallpaperOpenLauncherAnimationRunner.onAnimationStart(go/retraceme 72a59688580715d19f0e415c69e80376c2f062d1648c80db6730905005a27c20:17)
02-19 12:08:46.847  1341  1341 D b/311077782: LauncherAnimationRunner.setAnimation
02-19 12:08:46.888  1341  1407 I s.nexuslauncher: AssetManager2(0x7d8fac48d498) locale list changing from [] to [en-US]
02-19 12:08:46.949   531   531 I BpBinder: onLastStrongRef automatically unlinking death recipients: 
02-19 12:08:46.953  1341  1407 W HWUI    : Image decoding logging dropped!
02-19 12:08:47.072   752   989 I ImeTracker: com.google.android.apps.nexuslauncher:a7fdd57f: onRequestHide at ORIGIN_SERVER reason HIDE_UNSPECIFIED_WINDOW fromUser false
02-19 12:08:47.090  1563  1563 I GoogleInputMethodService: GoogleInputMethodService.onFinishInput():2043 
02-19 12:08:47.092  1563  1563 I Module  : DeviceLockedStatusModuleProvider$Module.updateDeviceLockedStatus():100 repeatCheckTimes = 0, locked = false
02-19 12:08:47.093  1563  1563 I GoogleInputMethodService: GoogleInputMethodService.onStartInput():1293 onStartInput(EditorInfo{EditorInfo{packageName=com.google.android.apps.nexuslauncher, inputType=0, inputTypeString=NULL, enableLearning=false, autoCorrection=false, autoComplete=false, imeOptions=0, privateImeOptions=null, actionName=UNSPECIFIED, actionLabel=null, initialSelStart=-1, initialSelEnd=-1, initialCapsMode=0, label=null, fieldId=0, fieldName=null, extras=null, hintText=null, hintLocales=[]}}, false)
02-19 12:08:47.094   752   933 I ImeTracker: system_server:12c7532e: onRequestHide at ORIGIN_SERVER reason IME_REQUESTED_CHANGED_LISTENER fromUser false
02-19 12:08:47.094  1563  1563 I Module  : DeviceLockedStatusModuleProvider$Module.updateDeviceLockedStatus():100 repeatCheckTimes = 1, locked = false
02-19 12:08:47.095  1563  1563 I EmojiCompatManager: EmojiCompatManager.getEmojiCompatIfLoaded():343 EmojiCompat.init() was never called.
02-19 12:08:47.095  1563  1563 I EmojiCompatManager: java.lang.IllegalStateException: EmojiCompat is not initialized. Please call EmojiCompat.init() first
02-19 12:08:47.095  1563  1563 I EmojiCompatManager: 	at asx.p(PG:6)
02-19 12:08:47.095  1563  1563 I EmojiCompatManager: 	at axb.b(PG:13)
02-19 12:08:47.095  1563  1563 I EmojiCompatManager: 	at jnr.b(PG:2)
02-19 12:08:47.095  1563  1563 I EmojiCompatManager: 	at jnr.c(PG:4)
02-19 12:08:47.095  1563  1563 I EmojiCompatManager: 	at jnr.f(PG:3)
02-19 12:08:47.095  1563  1563 I EmojiCompatManager: 	at jnx.c(PG:3)
02-19 12:08:47.095  1563  1563 I EmojiCompatManager: 	at kif.cz(PG:47)
02-19 12:08:47.095  1563  1563 I EmojiCompatManager: 	at lhl.run(PG:1025)
02-19 12:08:47.095  1563  1563 I EmojiCompatManager: 	at jaf.execute(PG:12)
02-19 12:08:47.095  1563  1563 I EmojiCompatManager: 	at nco.v(PG:13)
02-19 12:08:47.095  1563  1563 I EmojiCompatManager: 	at lhn.m(PG:96)
02-19 12:08:47.095  1563  1563 I EmojiCompatManager: 	at lhn.k(PG:25)
02-19 12:08:47.095  1563  1563 I EmojiCompatManager: 	at kgn.onStartInput(PG:250)
02-19 12:08:47.095  1563  1563 I EmojiCompatManager: 	at android.inputmethodservice.InputMethodService.doStartInput(InputMethodService.java:3521)
02-19 12:08:47.095  1563  1563 I EmojiCompatManager: 	at android.inputmethodservice.InputMethodService$InputMethodImpl.startInput(InputMethodService.java:879)
02-19 12:08:47.095  1563  1563 I EmojiCompatManager: 	at android.inputmethodservice.InputMethodService$InputMethodImpl.dispatchStartInput(InputMethodService.java:908)
02-19 12:08:47.095  1563  1563 I EmojiCompatManager: 	at android.inputmethodservice.IInputMethodWrapper.executeMessage(IInputMethodWrapper.java:201)
02-19 12:08:47.095  1563  1563 I EmojiCompatManager: 	at com.android.internal.os.HandlerCaller$MyHandler.handleMessage(HandlerCaller.java:44)
02-19 12:08:47.095  1563  1563 I EmojiCompatManager: 	at android.os.Handler.dispatchMessage(Handler.java:110)
02-19 12:08:47.095  1563  1563 I EmojiCompatManager: 	at android.os.Looper.loopOnce(Looper.java:248)
02-19 12:08:47.095  1563  1563 I EmojiCompatManager: 	at android.os.Looper.loop(Looper.java:338)
02-19 12:08:47.095  1563  1563 I EmojiCompatManager: 	at android.app.ActivityThread.main(ActivityThread.java:9067)
02-19 12:08:47.095  1563  1563 I EmojiCompatManager: 	at java.lang.reflect.Method.invoke(Native Method)
02-19 12:08:47.095  1563  1563 I EmojiCompatManager: 	at com.android.internal.os.RuntimeInit$MethodAndArgsCaller.run(RuntimeInit.java:593)
02-19 12:08:47.095  1563  1563 I EmojiCompatManager: 	at com.android.internal.os.ZygoteInit.main(ZygoteInit.java:932)
02-19 12:08:47.098   752  2305 W PackageConfigPersister: App-specific configuration not found for packageName: com.google.android.apps.nexuslauncher and userId: 0
02-19 12:08:47.099   752   797 I ImeTracker: system_server:12c7532e: onCancelled at PHASE_SERVER_SHOULD_HIDE
02-19 12:08:47.479  4449  4458 W System  : A resource failed to call release. 
02-19 12:08:47.480  4449  4458 W System  : A resource failed to call release. 
02-19 12:08:47.533  4449  4458 W System  : A resource failed to call release. 
02-19 12:08:47.533  4449  4458 W System  : A resource failed to call release. 
02-19 12:08:47.533  4449  4458 W System  : A resource failed to call release. 
02-19 12:08:47.533  4449  4458 W System  : A resource failed to call release. 
02-19 12:08:47.533  4449  4458 W System  : A resource failed to call release. 
02-19 12:08:47.533  4449  4458 W System  : A resource failed to call release. 
02-19 12:08:48.109   752  1456 W ActivityTaskManager: callingPackage for (uid=2000, pid=27964) has no WPC
02-19 12:08:48.110   752  1456 V GrammaticalInflectionUtils: AttributionSource: android.content.AttributionSource@56784557 does not have READ_SYSTEM_GRAMMATICAL_GENDER permission.
02-19 12:08:48.111   752  1456 W OptProp : Cannot read opt property android.window.PROPERTY_COMPAT_ALLOW_USER_ASPECT_RATIO_OVERRIDE
02-19 12:08:48.111   752  1456 W OptProp : Cannot read opt property android.window.PROPERTY_COMPAT_ALLOW_USER_ASPECT_RATIO_FULLSCREEN_OVERRIDE
02-19 12:08:48.111   752  1456 W OptProp : Cannot read opt property android.window.PROPERTY_COMPAT_ALLOW_RESIZEABLE_ACTIVITY_OVERRIDES
02-19 12:08:48.111   752  1456 W OptProp : Cannot read opt property android.window.PROPERTY_COMPAT_ALLOW_MIN_ASPECT_RATIO_OVERRIDE
02-19 12:08:48.117   752  1456 I ActivityTaskManager: START u0 {act=android.intent.action.VIEW dat=intoss://takealook/... flg=0x10000000 xflg=0x4 cmp=viva.republica.toss.test/im.toss.rn.granite.core.GraniteActivity} with LAUNCH_MULTIPLE from uid 2000 (BAL_ALLOW_PERMISSION) result code=2
02-19 12:08:48.122  4449  4467 V WindowManagerShell: Transition requested (#263): android.os.BinderProxy@cb7372e TransitionRequestInfo { type = OPEN, triggerTask = TaskInfo{userId=0 taskId=46 effectiveUid=10217 displayId=0 isRunning=true baseIntent=Intent { act=android.intent.action.VIEW dat=intoss://takealook/... flg=0x10000000 cmp=viva.republica.toss.test/im.toss.rn.granite.core.GraniteActivity } baseActivity=ComponentInfo{viva.republica.toss.test/im.toss.rn.granite.core.GraniteActivity} topActivity=ComponentInfo{viva.republica.toss.test/im.toss.rn.granite.core.GraniteActivity} origActivity=null realActivity=ComponentInfo{viva.republica.toss.test/im.toss.rn.granite.core.GraniteActivity} numActivities=5 lastActiveTime=82000498 supportsMultiWindow=true resizeMode=1 isResizeable=true minWidth=-1 minHeight=-1 defaultMinSize=220 token=WCT{android.window.IWindowContainerToken$Stub$Proxy@866b2cf} topActivityType=1 pictureInPictureParams=null shouldDockBigOverlays=false launchIntoPipHostTaskId=-1 lastParentTaskIdBeforePip=-1 displayCutoutSafeInsets=Rect(0, 0 - 0, 0) topActivityInfo=ActivityInfo{94f645c im.toss.rn.granite.core.GraniteActivity} launchCookies=[] positionInParent=Point(0, 0) parentTaskId=-1 isFocused=false isVisible=true isVisibleRequested=false isTopActivityNoDisplay=false isSleeping=false locusId=null displayAreaFeatureId=1 isTopActivityTransparent=false isActivityStackTransparent=false lastNonFullscreenBounds=Rect(284, 660 - 796, 1740) capturedLink=null capturedLinkTimestamp=0 requestedVisibleTypes=-9 topActivityRequestOpenInBrowserEducationTimestamp=0 appCompatTaskInfo=AppCompatTaskInfo { topActivityInSizeCompat=false eligibleForLetterboxEducation= false isLetterboxEducationEnabled= true isLetterboxDoubleTapEnabled= false eligibleForUserAspectRatioButton= false topActivityBoundsLetterboxed= false isFromLetterboxDoubleTap= false topActivityLetterboxVerticalPosition= -1 topActivityLetterboxHorizontalPosition= -1 topActivityLetterboxWidth=-1 topActivityLetterboxHeight=-1 topActivityAppBounds=Rect(0, 0 - 1080, 2400) isUserFullscreenOverrideEnabled=false isSystemFullscreenOverrideEnabled=false hasMinAspectRatioOverride=false topActivityLetterboxBounds=null cameraCompatTaskInfo=CameraCompatTaskInfo { freeformCameraCompatMode=inactive}} topActivityMainWindowFrame=null}, pipChange = null, remoteTransition = null, displayChange = null, flags = 0, debugId = 263 }
02-19 12:08:48.122  4449  4467 D ShellSplitScreen: logExit: no-op, mLoggerSessionId is null
02-19 12:08:48.123  4449  4467 D WindowManagerShell: onActivityRestartAttempt: topActivity=ComponentInfo{viva.republica.toss.test/im.toss.rn.granite.core.GraniteActivity}, wasVisible=true
02-19 12:08:52.136   531   569 W EventThread: Faking VSYNC due to driver stall for thread appSf
02-19 12:08:52.137  1341  1394 W HWUI    : dequeueBuffer failed, error = -110; switching to fallback
02-19 12:08:52.138   752   797 W ActivityTaskManager: Activity top resumed state loss timeout for ActivityRecord{32265495 u0 com.google.android.apps.nexuslauncher/.NexusLauncherActivity t5}
02-19 12:08:52.235   752   797 W ActivityTaskManager: Activity pause timeout for ActivityRecord{32265495 u0 com.google.android.apps.nexuslauncher/.NexusLauncherActivity t5}
02-19 12:08:52.260   752  1095 D BackgroundInstallControlService: Package event received: 0
02-19 12:08:52.260   752  1095 D BackgroundInstallControlService: Package event received: 0
02-19 12:08:52.261   752  1095 D BackgroundInstallControlService: Package event received: 0
02-19 12:08:52.435   752  1856 E TaskPersister: File error accessing recents directory (directory doesn't exist?).
02-19 12:08:52.825  4449  4449 W DSRotLockSettingsMngr: Setting is ignored, but no fallback was specified.
02-19 12:08:53.390   752   797 W BLASTSyncEngine: Sync group 263 timeout
02-19 12:08:53.390   752   797 W BLASTSyncEngine: Sync group 263 timed-out because not ready. If you see this, please file a bug.
02-19 12:08:53.391   752   797 E Transition: #263 readiness timeout, used=true deferReadyDepth=1 group={Display{#0 state=ON size=1080x2400 ROTATION_0}=true}
02-19 12:08:53.398  4449 22136 V WindowManagerShell: onTransitionReady(transaction=3229815413853)
02-19 12:08:53.399  4449  4467 V WindowManagerShell: onTransitionReady (#263) android.os.BinderProxy@cb7372e: {id=263 t=OPEN f=0x0 trk=0 r=[0@Point(0, 0)] c=[
02-19 12:08:53.399  4449  4467 V WindowManagerShell:         {m=TO_FRONT f=MOVE_TO_TOP leash=Surface(name=Task=46)/@0x289f365 sb=Rect(0, 0 - 1080, 2400) eb=Rect(0, 0 - 1080, 2400) epz=Point(1080, 2400) d=0 taskParent=-1},
02-19 12:08:53.399  4449  4467 V WindowManagerShell:         {m=TO_BACK f=SHOW_WALLPAPER leash=Surface(name=Task=1)/@0x203983a sb=Rect(0, 0 - 1080, 2400) eb=Rect(0, 0 - 1080, 2400) epz=Point(1080, 2400) d=0 taskParent=-1},
02-19 12:08:53.399  4449  4467 V WindowManagerShell:         {m=TO_BACK f=IS_WALLPAPER leash=Surface(name=WallpaperWindowToken{35e0c0f showWhenLocked=false})/@0xac5aceb sb=Rect(0, 0 - 1080, 2400) eb=Rect(0, 0 - 1080, 2400) epz=Point(1080, 2400) d=0}
02-19 12:08:53.399  4449  4467 V WindowManagerShell:     ]}
02-19 12:08:53.401   752   794 V WindowManager: Sent Transition (#263) createdAt=02-19 12:08:48.111 via request=TransitionRequestInfo { type = OPEN, triggerTask = TaskInfo{userId=0 taskId=46 effectiveUid=10217 displayId=0 isRunning=true baseIntent=Intent { act=android.intent.action.VIEW dat=intoss://takealook/... flg=0x10000000 cmp=viva.republica.toss.test/im.toss.rn.granite.core.GraniteActivity } baseActivity=ComponentInfo{viva.republica.toss.test/im.toss.rn.granite.core.GraniteActivity} topActivity=ComponentInfo{viva.republica.toss.test/im.toss.rn.granite.core.GraniteActivity} origActivity=null realActivity=ComponentInfo{viva.republica.toss.test/im.toss.rn.granite.core.GraniteActivity} numActivities=5 lastActiveTime=82000498 supportsMultiWindow=true resizeMode=1 isResizeable=true minWidth=-1 minHeight=-1 defaultMinSize=220 token=WCT{RemoteToken{a585dcd Task{7745c88 #46 type=standard A=10217:viva.republica.toss.test}}} topActivityType=1 pictureInPictureParams=null shouldDockBigOverlays=false launchIntoPipHostTaskId=-1 lastParentTaskIdBeforePip=-1 displayCutoutSafeInsets=Rect(0, 0 - 0, 0) topActivityInfo=ActivityInfo{5dd5128 im.toss.rn.granite.core.GraniteActivity} launchCookies=[] positionInParent=Point(0, 0) parentTaskId=-1 isFocused=false isVisible=true isVisibleRequested=false isTopActivityNoDisplay=false isSleeping=false locusId=null displayAreaFeatureId=1 isTopActivityTransparent=false isActivityStackTransparent=false lastNonFullscreenBounds=Rect(284, 660 - 796, 1740) capturedLink=null capturedLinkTimestamp=0 requestedVisibleTypes=-9 topActivityRequestOpenInBrowserEducationTimestamp=0 appCompatTaskInfo=AppCompatTaskInfo { topActivityInSizeCompat=false eligibleForLetterboxEducation= false isLetterboxEducationEnabled= true isLetterboxDoubleTapEnabled= false eligibleForUserAspectRatioButton= false topActivityBoundsLetterboxed= false isFromLetterboxDoubleTap= false topActivityLetterboxVerticalPosition= -1 topActivityLetterboxHorizontalPosition= -1 topActivityLetterboxWidth=-1 topActivityLetterboxHeight=-1 topActivityAppBounds=Rect(0, 0 - 1080, 2400) isUserFullscreenOverrideEnabled=false isSystemFullscreenOverrideEnabled=false hasMinAspectRatioOverride=false topActivityLetterboxBounds=null cameraCompatTaskInfo=CameraCompatTaskInfo { freeformCameraCompatMode=inactive}} topActivityMainWindowFrame=null}, pipChange = null, remoteTransition = null, displayChange = null, flags = 0, debugId = 263 }
02-19 12:08:53.401  4449  4467 V WindowManagerShell: Transition (#263) android.os.BinderProxy@cb7372e@0 ready while (#262) android.os.BinderProxy@d962f5@0 is still animating. Notify the animating transition in case they can be merged
02-19 12:08:53.402  4449  4467 V WindowManagerShell:    Merge into remote: RemoteTransition { remoteTransition = android.window.IRemoteTransition$Stub$Proxy@a8eae27, appThread = android.app.IApplicationThread$Stub$Proxy@fa38d4, debugName = QuickstepLaunchHome }
02-19 12:08:53.402   752   794 V WindowManager:     startWCT=WindowContainerTransaction { changes= {} hops= [] errorCallbackToken=null taskFragmentOrganizer=null }
02-19 12:08:53.406   752   794 V WindowManager:     info={id=263 t=OPEN f=0x0 trk=0 r=[0@Point(0, 0)] c=[
02-19 12:08:53.406   752   794 V WindowManager:         {WCT{RemoteToken{a585dcd Task{7745c88 #46 type=standard A=10217:viva.republica.toss.test}}} m=TO_FRONT f=MOVE_TO_TOP leash=Surface(name=Task=46)/@0xe2d6cf7 sb=Rect(0, 0 - 1080, 2400) eb=Rect(0, 0 - 1080, 2400) epz=Point(1080, 2400) d=0 taskParent=-1},
02-19 12:08:53.406   752   794 V WindowManager:         {WCT{RemoteToken{5218fe8 Task{dd43522 #1 type=home}}} m=TO_BACK f=SHOW_WALLPAPER leash=Surface(name=Task=1)/@0x8ddbd2e sb=Rect(0, 0 - 1080, 2400) eb=Rect(0, 0 - 1080, 2400) epz=Point(1080, 2400) d=0 taskParent=-1},
02-19 12:08:53.406   752   794 V WindowManager:         {m=TO_BACK f=IS_WALLPAPER leash=Surface(name=WallpaperWindowToken{35e0c0f showWhenLocked=false})/@0x512f5be sb=Rect(0, 0 - 1080, 2400) eb=Rect(0, 0 - 1080, 2400) epz=Point(1080, 2400) d=0}
02-19 12:08:53.406   752   794 V WindowManager:     ]}
02-19 12:08:53.464  4449  4467 V WindowManagerShell: Transition animation finished (aborted=false), notifying core (#262) android.os.BinderProxy@d962f5@0
02-19 12:08:53.465   752   794 V WindowManager: Finish Transition (#262): created at 02-19 12:08:46.647 collect-started=0.055ms request-sent=17.855ms started=21.493ms ready=77.689ms sent=81.344ms commit=112.153ms finished=6818.238ms
02-19 12:08:53.470  4449  4467 V WindowManagerShell: Playing animation for (#263) android.os.BinderProxy@cb7372e@0
02-19 12:08:53.471  4449  4467 V ShellRecents: RecentsTransitionHandler.startAnimation: no controller found
02-19 12:08:53.472  4449  4467 V WindowManagerShell: Transition doesn't have explicit remote, search filters for match for {id=263 t=OPEN f=0x0 trk=0 r=[0@Point(0, 0)] c=[{m=TO_FRONT f=MOVE_TO_TOP leash=Surface(name=Task=46)/@0x289f365 sb=Rect(0, 0 - 1080, 2400) eb=Rect(0, 0 - 1080, 2400) epz=Point(1080, 2400) d=0 taskParent=-1},{m=TO_BACK f=SHOW_WALLPAPER leash=Surface(name=Task=1)/@0x203983a sb=Rect(0, 0 - 1080, 2400) eb=Rect(0, 0 - 1080, 2400) epz=Point(1080, 2400) d=0 taskParent=-1},{m=TO_BACK f=IS_WALLPAPER leash=Surface(name=WallpaperWindowToken{35e0c0f showWhenLocked=false})/@0xac5aceb sb=Rect(0, 0 - 1080, 2400) eb=Rect(0, 0 - 1080, 2400) epz=Point(1080, 2400) d=0}]}
02-19 12:08:53.472  4449  4467 V WindowManagerShell:  Checking filter Pair{{types=[] flags=0x0] notFlags=0x0 checks=[{atype=undefined independent=true modes=[CLOSE,TO_BACK] flags=IN_TASK_WITH_EMBEDDED_ACTIVITY mustBeTask=false order=ANY topActivity=null launchCookie=null taskFragmentToken=android.os.BinderProxy@188d51a windowingMode=undefined}]} RemoteTransition { remoteTransition = android.window.IRemoteTransition$Stub$Proxy@44cd84b, appThread = android.app.IApplicationThread$Stub$Proxy@3a12228, debugName = overlayBackTransition }}
02-19 12:08:53.473  4449  4467 V WindowManagerShell:  Checking filter Pair{{types=[] flags=0x0] notFlags=0x0 checks=[{atype=dream independent=true modes=[OPEN,TO_FRONT] flags=NONE mustBeTask=false order=ANY topActivity=null launchCookie=null windowingMode=undefined},{atype=home independent=true modes=[CLOSE,TO_BACK] flags=NONE mustBeTask=false order=ANY topActivity=null launchCookie=null windowingMode=undefined}]} RemoteTransition { remoteTransition = android.window.IRemoteTransition$Stub$Proxy@6f3eb41, appThread = android.app.IApplicationThread$Stub$Proxy@ccf28e6, debugName = LauncherToDream }}
02-19 12:08:53.473  4449  4467 V WindowManagerShell:  Checking filter Pair{{types=[] flags=0x0] notFlags=0x100 checks=[{atype=home independent=true modes=[OPEN,TO_FRONT] flags=NONE mustBeTask=false order=TOP topActivity=ComponentInfo{com.google.android.apps.nexuslauncher/com.google.android.apps.nexuslauncher.NexusLauncherActivity} launchCookie=null windowingMode=undefined},{atype=standard independent=true modes=[CLOSE,TO_BACK] flags=NONE mustBeTask=false order=ANY topActivity=null launchCookie=null windowingMode=undefined},{NOT atype=undefined independent=true modes=[] flags=NONE mustBeTask=true order=ANY topActivity=null launchCookie=null customAnim=true windowingMode=undefined}]} RemoteTransition { remoteTransition = android.window.IRemoteTransition$Stub$Proxy@a8eae27, appThread = android.app.IApplicationThread$Stub$Proxy@fa38d4, debugName = QuickstepLaunchHome }}
02-19 12:08:53.473  4449  4467 V WindowManagerShell:  Delegate animation for (#263) to null
02-19 12:08:53.473  4449  4467 V WindowManagerShell: start default transition animation, info = {id=263 t=OPEN f=0x0 trk=0 r=[0@Point(0, 0)] c=[{m=TO_FRONT f=MOVE_TO_TOP leash=Surface(name=Task=46)/@0x289f365 sb=Rect(0, 0 - 1080, 2400) eb=Rect(0, 0 - 1080, 2400) epz=Point(1080, 2400) d=0 taskParent=-1},{m=TO_BACK f=SHOW_WALLPAPER leash=Surface(name=Task=1)/@0x203983a sb=Rect(0, 0 - 1080, 2400) eb=Rect(0, 0 - 1080, 2400) epz=Point(1080, 2400) d=0 taskParent=-1},{m=TO_BACK f=IS_WALLPAPER leash=Surface(name=WallpaperWindowToken{35e0c0f showWhenLocked=false})/@0xac5aceb sb=Rect(0, 0 - 1080, 2400) eb=Rect(0, 0 - 1080, 2400) epz=Point(1080, 2400) d=0}]}
02-19 12:08:53.473  4449  4467 V WindowManagerShell: loadAnimation: anim=android.view.animation.AnimationSet@e82fe06 animAttr=0x13 type=OPEN isEntrance=false
02-19 12:08:53.535  4449  4467 V WindowManagerShell: loadAnimation: anim=android.view.animation.AnimationSet@5d02cc7 animAttr=0x12 type=OPEN isEntrance=true
02-19 12:08:53.537  4449  4467 V WindowManagerShell:  animated by com.android.wm.shell.transition.DefaultTransitionHandler@f74d823
02-19 12:08:53.609  1341  1341 I Choreographer: Skipped 397 frames!  The application may be doing too much work on its main thread.
02-19 12:08:53.611  1341  1341 D ScalingWorkspaceRevealAnim: alpha of workspace at the end of animation: 1.0
02-19 12:08:53.696  1341  1341 D InsetsController: hide(ime(), fromIme=false)
02-19 12:08:53.696  1341  1341 I ImeTracker: com.google.android.apps.nexuslauncher:a7fdd57f: onCancelled at PHASE_CLIENT_ALREADY_HIDDEN
02-19 12:08:53.699  4449  4467 D WindowManagerShell: setLauncherKeepClearAreaHeight: visible=false, height=527
02-19 12:08:53.700  1341  1341 W SplitSelectStateCtor: Missing session instanceIds
02-19 12:08:53.700  1341  1341 D StatsLog: LAUNCHER_SPLIT_SELECTION_EXIT_INTERRUPTED
02-19 12:08:53.712   488  1424 I RanchuHwc: logCompositionFallbackIfChanged: layer 446 CompositionType fallback from 2 to 1
02-19 12:08:53.716 24035 27967 W unknown:ReconnectingWebSocket: Couldn't connect to "ws://10.0.2.2:8081/message?device=sdk_gphone64_x86_64%20-%2016%20-%20API%2036&app=viva.republica.toss.test&clientid=BridgeDevSupportManager", will silently retry
02-19 12:08:53.717  1341  1368 I HWUI    : Davey! duration=6674ms; Flags=0, FrameTimelineVsyncId=1143182, IntendedVsync=82000755660160, Vsync=82000788993492, InputEventId=0, HandleInputStart=82000803906573, AnimationStart=82000803908876, PerformTraversalsStart=82000805691192, DrawStart=82000805903387, FrameDeadline=82000855660156, FrameStartTime=82000803900740, FrameInterval=16666666, WorkloadTarget=16666666, SyncQueued=82000806196072, SyncStart=82000828599317, IssueDrawCommandsStart=82000829097961, SwapBuffers=82000830451326, FrameCompleted=82007452805844, DequeueBufferDuration=0, QueueBufferDuration=0, GpuCompleted=82000933482129, SwapBuffersCompleted=82007452805844, DisplayPresentTime=0, CommandSubmissionCompleted=82000830451326, 
02-19 12:08:53.732  4449  4488 I HWUI    : Davey! duration=6807ms; Flags=0, FrameTimelineVsyncId=1143152, IntendedVsync=82000705660162, Vsync=82000772326826, InputEventId=0, HandleInputStart=82000788067180, AnimationStart=82000788068777, PerformTraversalsStart=82000791200284, DrawStart=82000791419231, FrameDeadline=82000855660156, FrameStartTime=82000788061441, FrameInterval=16666666, WorkloadTarget=16666666, SyncQueued=82000794259472, SyncStart=82000819926558, IssueDrawCommandsStart=82000820064380, SwapBuffers=82000931613673, FrameCompleted=82007538566456, DequeueBufferDuration=7018, QueueBufferDuration=2750168, GpuCompleted=82007538566456, SwapBuffersCompleted=82006667538066, DisplayPresentTime=0, CommandSubmissionCompleted=82000931613673, 
02-19 12:08:53.754   752   989 I ImeTracker: viva.republica.toss.test:54c50640: onRequestHide at ORIGIN_SERVER reason HIDE_UNSPECIFIED_WINDOW fromUser false
02-19 12:08:53.755   531   602 I BpBinder: onLastStrongRef automatically unlinking death recipients: 
02-19 12:08:53.757 24035 24035 D InsetsController: hide(ime(), fromIme=false)
