02-19 22:35:31.754   752   794 V WindowManager: Sent Transition (#1196) createdAt=02-19 22:35:31.446 via request=TransitionRequestInfo { type = OPEN, triggerTask = TaskInfo{userId=0 taskId=209 effectiveUid=10217 displayId=0 isRunning=true baseIntent=Intent { act=android.intent.action.VIEW dat=intoss://takealook/... flg=0x10000000 cmp=viva.republica.toss.test/im.toss.rn.granite.core.GraniteActivity } baseActivity=ComponentInfo{viva.republica.toss.test/im.toss.rn.granite.core.GraniteActivity} topActivity=ComponentInfo{viva.republica.toss.test/im.toss.rn.granite.core.GraniteActivity} origActivity=null realActivity=ComponentInfo{viva.republica.toss.test/im.toss.rn.granite.core.GraniteActivity} numActivities=1 lastActiveTime=119605311 supportsMultiWindow=true resizeMode=1 isResizeable=true minWidth=-1 minHeight=-1 defaultMinSize=220 token=WCT{RemoteToken{d9338f5 Task{16942da #209 type=standard A=10217:viva.republica.toss.test}}} topActivityType=1 pictureInPictureParams=null shouldDockBigOverlays=false launchIntoPipHostTaskId=-1 lastParentTaskIdBeforePip=-1 displayCutoutSafeInsets=Rect(0, 0 - 0, 0) topActivityInfo=ActivityInfo{588168a im.toss.rn.granite.core.GraniteActivity} launchCookies=[] positionInParent=Point(0, 0) parentTaskId=-1 isFocused=false isVisible=false isVisibleRequested=false isTopActivityNoDisplay=false isSleeping=false locusId=null displayAreaFeatureId=1 isTopActivityTransparent=false isActivityStackTransparent=false lastNonFullscreenBounds=Rect(284, 660 - 796, 1740) capturedLink=null capturedLinkTimestamp=0 requestedVisibleTypes=-9 topActivityRequestOpenInBrowserEducationTimestamp=0 appCompatTaskInfo=AppCompatTaskInfo { topActivityInSizeCompat=false eligibleForLetterboxEducation= false isLetterboxEducationEnabled= true isLetterboxDoubleTapEnabled= false eligibleForUserAspectRatioButton= false topActivityBoundsLetterboxed= false isFromLetterboxDoubleTap= false topActivityLetterboxVerticalPosition= -1 topActivityLetterboxHorizontalPosition= -1 topActivityLetterboxWidth=-1 topActivityLetterboxHeight=-1 topActivityAppBounds=Rect(0, 0 - 1080, 2400) isUserFullscreenOverrideEnabled=false isSystemFullscreenOverrideEnabled=false hasMinAspectRatioOverride=false topActivityLetterboxBounds=null cameraCompatTaskInfo=CameraCompatTaskInfo { freeformCameraCompatMode=inactive}} topActivityMainWindowFrame=null}, pipChange = null, remoteTransition = null, displayChange = null, flags = 0, debugId = 1196 }
02-19 22:35:31.755   752   794 V WindowManager:     startWCT=WindowContainerTransaction { changes= {} hops= [] errorCallbackToken=null taskFragmentOrganizer=null }
02-19 22:35:31.755   752   794 V WindowManager:     info={id=1196 t=OPEN f=0x0 trk=0 r=[0@Point(0, 0)] c=[
02-19 22:35:31.755   752   794 V WindowManager:         {WCT{RemoteToken{d9338f5 Task{16942da #209 type=standard A=10217:viva.republica.toss.test}}} m=OPEN f=NONE leash=Surface(name=Task=209)/@0x17f79df sb=Rect(0, 0 - 1080, 2400) eb=Rect(0, 0 - 1080, 2400) epz=Point(1080, 2400) d=0 taskParent=-1},
02-19 22:35:31.755   752   794 V WindowManager:         {WCT{RemoteToken{5218fe8 Task{dd43522 #1 type=home}}} m=TO_BACK f=SHOW_WALLPAPER leash=Surface(name=Task=1)/@0x8ddbd2e sb=Rect(0, 0 - 1080, 2400) eb=Rect(0, 0 - 1080, 2400) epz=Point(1080, 2400) d=0 taskParent=-1},
02-19 22:35:31.755   752   794 V WindowManager:         {m=TO_BACK f=IS_WALLPAPER leash=Surface(name=WallpaperWindowToken{35e0c0f showWhenLocked=false})/@0x512f5be sb=Rect(0, 0 - 1080, 2400) eb=Rect(0, 0 - 1080, 2400) epz=Point(1080, 2400) d=0}
02-19 22:35:31.755   752   794 V WindowManager:     ]}
02-19 22:35:31.764  4449  4531 V WindowManagerShell: onTransitionReady(transaction=3229815440929)
02-19 22:35:31.765  4449  4467 V WindowManagerShell: onTransitionReady (#1196) android.os.BinderProxy@a011e5e: {id=1196 t=OPEN f=0x0 trk=0 r=[0@Point(0, 0)] c=[
02-19 22:35:31.765  4449  4467 V WindowManagerShell:         {m=OPEN f=NONE leash=Surface(name=Task=209)/@0x962b92f sb=Rect(0, 0 - 1080, 2400) eb=Rect(0, 0 - 1080, 2400) epz=Point(1080, 2400) d=0 taskParent=-1},
02-19 22:35:31.765  4449  4467 V WindowManagerShell:         {m=TO_BACK f=SHOW_WALLPAPER leash=Surface(name=Task=1)/@0xccf5b3c sb=Rect(0, 0 - 1080, 2400) eb=Rect(0, 0 - 1080, 2400) epz=Point(1080, 2400) d=0 taskParent=-1},
02-19 22:35:31.765  4449  4467 V WindowManagerShell:         {m=TO_BACK f=IS_WALLPAPER leash=Surface(name=WallpaperWindowToken{35e0c0f showWhenLocked=false})/@0x5c29a1a sb=Rect(0, 0 - 1080, 2400) eb=Rect(0, 0 - 1080, 2400) epz=Point(1080, 2400) d=0}
02-19 22:35:31.765  4449  4467 V WindowManagerShell:     ]}
02-19 22:35:31.766  4449  4467 V WindowManagerShell: Playing animation for (#1196) android.os.BinderProxy@a011e5e@0
02-19 22:35:31.766  4449  4467 V ShellRecents: RecentsTransitionHandler.startAnimation: no controller found
02-19 22:35:31.766  4449  4467 V WindowManagerShell: Transition doesn't have explicit remote, search filters for match for {id=1196 t=OPEN f=0x0 trk=0 r=[0@Point(0, 0)] c=[{m=OPEN f=NONE leash=Surface(name=Task=209)/@0x962b92f sb=Rect(0, 0 - 1080, 2400) eb=Rect(0, 0 - 1080, 2400) epz=Point(1080, 2400) d=0 taskParent=-1},{m=TO_BACK f=SHOW_WALLPAPER leash=Surface(name=Task=1)/@0xccf5b3c sb=Rect(0, 0 - 1080, 2400) eb=Rect(0, 0 - 1080, 2400) epz=Point(1080, 2400) d=0 taskParent=-1},{m=TO_BACK f=IS_WALLPAPER leash=Surface(name=WallpaperWindowToken{35e0c0f showWhenLocked=false})/@0x5c29a1a sb=Rect(0, 0 - 1080, 2400) eb=Rect(0, 0 - 1080, 2400) epz=Point(1080, 2400) d=0}]}
02-19 22:35:31.766  4449  4467 V WindowManagerShell:  Checking filter Pair{{types=[] flags=0x0] notFlags=0x0 checks=[{atype=undefined independent=true modes=[CLOSE,TO_BACK] flags=IN_TASK_WITH_EMBEDDED_ACTIVITY mustBeTask=false order=ANY topActivity=null launchCookie=null taskFragmentToken=android.os.BinderProxy@71546f0 windowingMode=undefined}]} RemoteTransition { remoteTransition = android.window.IRemoteTransition$Stub$Proxy@d4c8469, appThread = android.app.IApplicationThread$Stub$Proxy@c228eee, debugName = overlayBackTransition }}
02-19 22:35:31.767  4449  4467 V WindowManagerShell:  Checking filter Pair{{types=[] flags=0x0] notFlags=0x0 checks=[{atype=dream independent=true modes=[OPEN,TO_FRONT] flags=NONE mustBeTask=false order=ANY topActivity=null launchCookie=null windowingMode=undefined},{atype=home independent=true modes=[CLOSE,TO_BACK] flags=NONE mustBeTask=false order=ANY topActivity=null launchCookie=null windowingMode=undefined}]} RemoteTransition { remoteTransition = android.window.IRemoteTransition$Stub$Proxy@c578f8f, appThread = android.app.IApplicationThread$Stub$Proxy@69fe21c, debugName = LauncherToDream }}
02-19 22:35:31.767  4449  4467 V WindowManagerShell:  Checking filter Pair{{types=[] flags=0x0] notFlags=0x100 checks=[{atype=home independent=true modes=[OPEN,TO_FRONT] flags=NONE mustBeTask=false order=TOP topActivity=ComponentInfo{com.google.android.apps.nexuslauncher/com.google.android.apps.nexuslauncher.NexusLauncherActivity} launchCookie=null windowingMode=undefined},{atype=standard independent=true modes=[CLOSE,TO_BACK] flags=NONE mustBeTask=false order=ANY topActivity=null launchCookie=null windowingMode=undefined},{NOT atype=undefined independent=true modes=[] flags=NONE mustBeTask=true order=ANY topActivity=null launchCookie=null customAnim=true windowingMode=undefined}]} RemoteTransition { remoteTransition = android.window.IRemoteTransition$Stub$Proxy@69ffe25, appThread = android.app.IApplicationThread$Stub$Proxy@72cabfa, debugName = QuickstepLaunchHome }}
02-19 22:35:31.767  4449  4467 V WindowManagerShell:  Checking filter Pair{{types=[] flags=0x0] notFlags=0x0 checks=[{atype=undefined independent=true modes=[CLOSE,TO_BACK] flags=IN_TASK_WITH_EMBEDDED_ACTIVITY mustBeTask=false order=ANY topActivity=null launchCookie=null taskFragmentToken=android.os.BinderProxy@71546f0 windowingMode=undefined}]} RemoteTransition { remoteTransition = android.window.IRemoteTransition$Stub$Proxy@7c795ab, appThread = android.app.IApplicationThread$Stub$Proxy@cd70408, debugName = overlayBackTransition }}
02-19 22:35:31.768  4449  4467 V WindowManagerShell:  Checking filter Pair{{types=[] flags=0x0] notFlags=0x0 checks=[{atype=dream independent=true modes=[OPEN,TO_FRONT] flags=NONE mustBeTask=false order=ANY topActivity=null launchCookie=null windowingMode=undefined},{atype=home independent=true modes=[CLOSE,TO_BACK] flags=NONE mustBeTask=false order=ANY topActivity=null launchCookie=null windowingMode=undefined}]} RemoteTransition { remoteTransition = android.window.IRemoteTransition$Stub$Proxy@f757a1, appThread = android.app.IApplicationThread$Stub$Proxy@d898dc6, debugName = LauncherToDream }}
02-19 22:35:31.768  4449  4467 V WindowManagerShell:  Checking filter Pair{{types=[] flags=0x0] notFlags=0x100 checks=[{atype=home independent=true modes=[OPEN,TO_FRONT] flags=NONE mustBeTask=false order=TOP topActivity=ComponentInfo{com.google.android.apps.nexuslauncher/com.google.android.apps.nexuslauncher.NexusLauncherActivity} launchCookie=null windowingMode=undefined},{atype=standard independent=true modes=[CLOSE,TO_BACK] flags=NONE mustBeTask=false order=ANY topActivity=null launchCookie=null windowingMode=undefined},{NOT atype=undefined independent=true modes=[] flags=NONE mustBeTask=true order=ANY topActivity=null launchCookie=null customAnim=true windowingMode=undefined}]} RemoteTransition { remoteTransition = android.window.IRemoteTransition$Stub$Proxy@9e7e187, appThread = android.app.IApplicationThread$Stub$Proxy@3dc58b4, debugName = QuickstepLaunchHome }}
02-19 22:35:31.768  4449  4467 V WindowManagerShell:  Delegate animation for (#1196) to null
02-19 22:35:31.768  4449  4467 V WindowManagerShell: start default transition animation, info = {id=1196 t=OPEN f=0x0 trk=0 r=[0@Point(0, 0)] c=[{m=OPEN f=NONE leash=Surface(name=Task=209)/@0x962b92f sb=Rect(0, 0 - 1080, 2400) eb=Rect(0, 0 - 1080, 2400) epz=Point(1080, 2400) d=0 taskParent=-1},{m=TO_BACK f=SHOW_WALLPAPER leash=Surface(name=Task=1)/@0xccf5b3c sb=Rect(0, 0 - 1080, 2400) eb=Rect(0, 0 - 1080, 2400) epz=Point(1080, 2400) d=0 taskParent=-1},{m=TO_BACK f=IS_WALLPAPER leash=Surface(name=WallpaperWindowToken{35e0c0f showWhenLocked=false})/@0x5c29a1a sb=Rect(0, 0 - 1080, 2400) eb=Rect(0, 0 - 1080, 2400) epz=Point(1080, 2400) d=0}]}
02-19 22:35:31.757   752   795 W Looper  : Slow dispatch took 195ms android.ui app=system_server main=false group=TOP_APP h=com.android.server.am.ActivityManagerService$UiHandler c=com.android.server.am.UidObserverController$$ExternalSyntheticLambda0@6a2cd6d m=0
02-19 22:35:31.785 10398 10498 W okhttp.OkHttpClient: A connection to http://localhost:8081/ was leaked. Did you forget to close a response body? To see where this was allocated, set the OkHttpClient logger level to FINE: Logger.getLogger(OkHttpClient.class.getName()).setLevel(Level.FINE);
02-19 22:35:31.794   615 21625 W IPCThreadState: Sending oneway calls to frozen process.
02-19 22:35:31.796 10398 10546 I blica.toss.test: AssetManager2(0x7d8fac437ef8) locale list changing from [] to [en-US]
02-19 22:35:31.798  4449  4467 V WindowManagerShell: loadAnimation: anim=android.view.animation.AnimationSet@9d4ef28 animAttr=0x13 type=OPEN isEntrance=false
02-19 22:35:31.799  4449  4467 V WindowManagerShell: loadAnimation: anim=android.view.animation.AnimationSet@1783441 animAttr=0x12 type=OPEN isEntrance=true
02-19 22:35:31.800  4449  4467 V WindowManagerShell:  animated by com.android.wm.shell.transition.DefaultTransitionHandler@f74d823
02-19 22:35:31.803 10398 10546 I blica.toss.test: AssetManager2(0x7d8fac437598) locale list changing from [] to [en-US]
02-19 22:35:31.813 10398 10546 D DynamitePackage: Instantiated singleton DynamitePackage.
02-19 22:35:31.814 10398 10546 D DynamitePackage: Instantiating com.google.android.gms.ads.ChimeraMobileAdsSettingManagerCreatorImpl
02-19 22:35:31.836   752   795 W Looper  : Slow delivery took 210ms android.ui app=system_server main=false group=TOP_APP h=com.android.server.am.ActivityManagerService$UiHandler c=com.android.server.am.UidObserverController$$ExternalSyntheticLambda0@6a2cd6d m=0
02-19 22:35:31.837   615   715 W IPCThreadState: Sending oneway calls to frozen process.
02-19 22:35:31.922   752  2305 D CoreBackPreview: Window{d905918 u0 viva.republica.toss.test/im.toss.rn.granite.core.GraniteActivity}: Setting back callback OnBackInvokedCallbackInfo{mCallback=android.window.IOnBackInvokedCallback$Stub$Proxy@23691ad, mPriority=0, mIsAnimationCallback=false, mOverrideBehavior=0}
02-19 22:35:31.923 10398 10398 W unknown:ReactRootView: Unable to update root layout specs for uninitialized ReactInstanceManager
02-19 22:35:31.931   752   795 W Looper  : Drained
02-19 22:35:31.968 10398 10561 W unknown:ReconnectingWebSocket: Couldn't connect to "ws://10.0.2.2:8081/message?device=sdk_gphone64_x86_64%20-%2016%20-%20API%2036&app=viva.republica.toss.test&clientid=BridgeDevSupportManager", will silently retry
02-19 22:35:31.971 10398 10560 W unknown:InspectorPackagerConnection: Couldn't connect to packager, will silently retry
02-19 22:35:32.042   752   794 I ActivityTaskManager: Displayed viva.republica.toss.test/im.toss.rn.granite.core.GraniteActivity for user 0: +595ms
02-19 22:35:32.123 10398 10398 E unknown:ReactRootView: Unhandled SoftException
02-19 22:35:32.123 10398 10398 E unknown:ReactRootView: com.facebook.react.uimanager.IllegalViewOperationException: Trying to attach a ReactRootView with an explicit id already set to [2131362676]. React Native uses the id field to track react tags and will overwrite this field. If that is fine, explicitly overwrite the id field to View.NO_ID.
02-19 22:35:32.123 10398 10398 E unknown:ReactRootView: 	at com.facebook.react.ReactRootView.attachToReactInstanceManager(:799)
02-19 22:35:32.123 10398 10398 E unknown:ReactRootView: 	at com.facebook.react.ReactRootView.startReactApplication(:509)
02-19 22:35:32.123 10398 10398 E unknown:ReactRootView: 	at com.facebook.react.ReactRootView.startReactApplication(:469)
02-19 22:35:32.123 10398 10398 E unknown:ReactRootView: 	at im.toss.rn.granite.core.GraniteActivity.write(:486)
02-19 22:35:32.123 10398 10398 E unknown:ReactRootView: 	at im.toss.rn.granite.core.GraniteActivity.RemoteActionCompatParcelizer(:124)
02-19 22:35:32.123 10398 10398 E unknown:ReactRootView: 	at im.toss.rn.granite.core.GraniteActivity$RemoteActionCompatParcelizer.IconCompatParcelizer(:65353)
02-19 22:35:32.123 10398 10398 E unknown:ReactRootView: 	at o.sh.a_(:33)
02-19 22:35:32.123 10398 10398 E unknown:ReactRootView: 	at o.xP.run(:100)
02-19 22:35:32.123 10398 10398 E unknown:ReactRootView: 	at android.os.Handler.handleCallback(Handler.java:995)
02-19 22:35:32.123 10398 10398 E unknown:ReactRootView: 	at android.os.Handler.dispatchMessage(Handler.java:103)
02-19 22:35:32.123 10398 10398 E unknown:ReactRootView: 	at android.os.Looper.loopOnce(Looper.java:248)
02-19 22:35:32.123 10398 10398 E unknown:ReactRootView: 	at android.os.Looper.loop(Looper.java:338)
02-19 22:35:32.123 10398 10398 E unknown:ReactRootView: 	at android.app.ActivityThread.main(ActivityThread.java:9067)
02-19 22:35:32.123 10398 10398 E unknown:ReactRootView: 	at java.lang.reflect.Method.invoke(Native Method)
02-19 22:35:32.123 10398 10398 E unknown:ReactRootView: 	at com.android.internal.os.RuntimeInit$MethodAndArgsCaller.run(RuntimeInit.java:593)
02-19 22:35:32.123 10398 10398 E unknown:ReactRootView: 	at com.android.internal.os.ZygoteInit.main(ZygoteInit.java:932)
02-19 22:35:32.155   752   989 I ImeTracker: viva.republica.toss.test:d5728b5b: onRequestHide at ORIGIN_SERVER reason HIDE_UNSPECIFIED_WINDOW fromUser false
02-19 22:35:32.164 10398 10398 D InsetsController: hide(ime(), fromIme=false)
02-19 22:35:32.165 10398 10398 I ImeTracker: viva.republica.toss.test:d5728b5b: onCancelled at PHASE_CLIENT_ALREADY_HIDDEN
02-19 22:35:32.166 20022 20022 I GoogleInputMethodService: GoogleInputMethodService.onFinishInput():2043 
02-19 22:35:32.168 20022 20022 I Module  : DeviceLockedStatusModuleProvider$Module.updateDeviceLockedStatus():100 repeatCheckTimes = 0, locked = false
02-19 22:35:32.174   752   935 I ImeTracker: system_server:7a3a4bc9: onRequestHide at ORIGIN_SERVER reason IME_REQUESTED_CHANGED_LISTENER fromUser false
02-19 22:35:32.177   752   797 I ImeTracker: system_server:7a3a4bc9: onCancelled at PHASE_SERVER_SHOULD_HIDE
02-19 22:35:32.189 20022 20022 I GoogleInputMethodService: GoogleInputMethodService.onStartInput():1293 onStartInput(EditorInfo{EditorInfo{packageName=viva.republica.toss.test, inputType=0, inputTypeString=NULL, enableLearning=false, autoCorrection=false, autoComplete=false, imeOptions=0, privateImeOptions=null, actionName=UNSPECIFIED, actionLabel=null, initialSelStart=-1, initialSelEnd=-1, initialCapsMode=0, label=null, fieldId=0, fieldName=null, extras=null, hintText=null, hintLocales=[]}}, false)
02-19 22:35:32.190 20022 20022 I EmojiCompatManager: EmojiCompatManager.getEmojiCompatIfLoaded():343 EmojiCompat.init() was never called.
02-19 22:35:32.190 20022 20022 I EmojiCompatManager: java.lang.IllegalStateException: EmojiCompat is not initialized. Please call EmojiCompat.init() first
02-19 22:35:32.190 20022 20022 I EmojiCompatManager: 	at asx.p(PG:6)
02-19 22:35:32.190 20022 20022 I EmojiCompatManager: 	at axb.b(PG:13)
02-19 22:35:32.190 20022 20022 I EmojiCompatManager: 	at jnr.b(PG:2)
02-19 22:35:32.190 20022 20022 I EmojiCompatManager: 	at jnr.c(PG:4)
02-19 22:35:32.190 20022 20022 I EmojiCompatManager: 	at jnr.f(PG:3)
02-19 22:35:32.190 20022 20022 I EmojiCompatManager: 	at jnx.c(PG:3)
02-19 22:35:32.190 20022 20022 I EmojiCompatManager: 	at kif.cz(PG:47)
02-19 22:35:32.190 20022 20022 I EmojiCompatManager: 	at lhl.run(PG:1025)
02-19 22:35:32.190 20022 20022 I EmojiCompatManager: 	at jaf.execute(PG:12)
02-19 22:35:32.190 20022 20022 I EmojiCompatManager: 	at nco.v(PG:13)
02-19 22:35:32.190 20022 20022 I EmojiCompatManager: 	at lhn.m(PG:96)
02-19 22:35:32.190 20022 20022 I EmojiCompatManager: 	at lhn.k(PG:25)
02-19 22:35:32.190 20022 20022 I EmojiCompatManager: 	at kgn.onStartInput(PG:250)
02-19 22:35:32.190 20022 20022 I EmojiCompatManager: 	at android.inputmethodservice.InputMethodService.doStartInput(InputMethodService.java:3521)
02-19 22:35:32.190 20022 20022 I EmojiCompatManager: 	at android.inputmethodservice.InputMethodService$InputMethodImpl.startInput(InputMethodService.java:879)
02-19 22:35:32.190 20022 20022 I EmojiCompatManager: 	at android.inputmethodservice.InputMethodService$InputMethodImpl.dispatchStartInput(InputMethodService.java:908)
02-19 22:35:32.190 20022 20022 I EmojiCompatManager: 	at android.inputmethodservice.IInputMethodWrapper.executeMessage(IInputMethodWrapper.java:201)
02-19 22:35:32.190 20022 20022 I EmojiCompatManager: 	at com.android.internal.os.HandlerCaller$MyHandler.handleMessage(HandlerCaller.java:44)
02-19 22:35:32.190 20022 20022 I EmojiCompatManager: 	at android.os.Handler.dispatchMessage(Handler.java:110)
02-19 22:35:32.190 20022 20022 I EmojiCompatManager: 	at android.os.Looper.loopOnce(Looper.java:248)
02-19 22:35:32.190 20022 20022 I EmojiCompatManager: 	at android.os.Looper.loop(Looper.java:338)
02-19 22:35:32.190 20022 20022 I EmojiCompatManager: 	at android.app.ActivityThread.main(ActivityThread.java:9067)
02-19 22:35:32.190 20022 20022 I EmojiCompatManager: 	at java.lang.reflect.Method.invoke(Native Method)
02-19 22:35:32.190 20022 20022 I EmojiCompatManager: 	at com.android.internal.os.RuntimeInit$MethodAndArgsCaller.run(RuntimeInit.java:593)
02-19 22:35:32.190 20022 20022 I EmojiCompatManager: 	at com.android.internal.os.ZygoteInit.main(ZygoteInit.java:932)
02-19 22:35:32.192 20022 20022 I Module  : DeviceLockedStatusModuleProvider$Module.updateDeviceLockedStatus():100 repeatCheckTimes = 1, locked = false
02-19 22:35:32.195   752   935 W PackageConfigPersister: App-specific configuration not found for packageName: viva.republica.toss.test and userId: 0
02-19 22:35:32.196  4449  4467 V WindowManagerShell: Transition animation finished (aborted=false), notifying core (#1196) android.os.BinderProxy@a011e5e@0
02-19 22:35:32.211  4449  4467 V WindowManagerShell: Track 0 became idle
02-19 22:35:32.212  4449  4467 V WindowManagerShell: All active transition animations finished
02-19 22:35:32.216   752   794 V WindowManager: Finish Transition (#1196): created at 02-19 22:35:31.446 collect-started=0.245ms request-sent=19.338ms started=54.662ms ready=54.622ms sent=303.918ms commit=130.488ms finished=758.653ms
02-19 22:35:32.226 19166 19166 D VRI[NexusLauncherActivity]: visibilityChanged oldVisibility=true newVisibility=false
02-19 22:35:32.279 19166 19166 D BaseDepthController: setSurface:
02-19 22:35:32.279 19166 19166 D BaseDepthController: 	mWaitingOnSurfaceValidity: false
02-19 22:35:32.279 19166 19166 D BaseDepthController: 	mBaseSurface: null
02-19 22:35:32.280 19166 19166 D BaseDepthController: mSurface is null and mCurrentBlur is: 0
02-19 22:35:32.283 19166 19166 D StateManager: goToState - fromState: Normal, toState: Normal, partial trace:
02-19 22:35:32.283 19166 19166 D StateManager: 	at com.android.launcher3.statemanager.StateManager.moveToRestState(go/retraceme 72a59688580715d19f0e415c69e80376c2f062d1648c80db6730905005a27c20:4)
02-19 22:35:32.283 19166 19166 D StateManager: 	at com.android.launcher3.statemanager.StateManager.moveToRestState(go/retraceme 72a59688580715d19f0e415c69e80376c2f062d1648c80db6730905005a27c20:1)
02-19 22:35:32.283 19166 19166 D StateManager: 	at com.android.launcher3.statemanager.StatefulActivity.onStop(go/retraceme 72a59688580715d19f0e415c69e80376c2f062d1648c80db6730905005a27c20:34)
02-19 22:35:32.284 19166 19166 D StatsLog: LAUNCHER_ONSTOP
02-19 22:35:32.303   752   935 D CoreBackPreview: Window{5f67c06 u0 PopupWindow:5c37a31}: Setting back callback OnBackInvokedCallbackInfo{mCallback=android.window.IOnBackInvokedCallback$Stub$Proxy@45c90f4, mPriority=0, mIsAnimationCallback=false, mOverrideBehavior=0}
02-19 22:35:32.316 19166 19166 D StatsLog: LAUNCHER_GOOGLE_SEARCH_RESTORE_LIST_SIZE_AFTER_ACTIVITY_RESTART
02-19 22:35:32.320 19166 19166 D NexusLauncherModelDelegate: notifySmartspaceEvent: SmartspaceTargetEvent{mSmartspaceTarget=null, mSmartspaceActionId='null', mEventType=7}
02-19 22:35:32.353 19166 19166 D NexusLauncherModelDelegate: notifySmartspaceEvent: SmartspaceTargetEvent{mSmartspaceTarget=null, mSmartspaceActionId='null', mEventType=7}
02-19 22:35:32.496   752  1095 D BackgroundInstallControlService: Package event received: 0
02-19 22:35:32.630  4449  4474 W WindowOnBackDispatcher: sendCancelIfRunning: isInProgress=false callback=android.view.ViewRootImpl$$ExternalSyntheticLambda13@8e23ba4
02-19 22:35:32.649   615   715 W IPCThreadState: Sending oneway calls to frozen process.
02-19 22:35:32.651   752  2305 D CoreBackPreview: Window{91d5332 u0 Splash Screen viva.republica.toss.test EXITING}: Setting back callback null
02-19 22:35:32.658   752  2417 D ConnectivityService: requestNetwork for uid/pid:10217/10398 activeRequest: null callbackRequest: 1227 [NetworkRequest [ REQUEST id=1228, [ Capabilities: INTERNET&NOT_RESTRICTED&TRUSTED&NOT_VCN_MANAGED&NOT_BANDWIDTH_CONSTRAINED Uid: 10217 RequestorUid: 10217 RequestorPkg: viva.republica.toss.test UnderlyingNetworks: Null] ]] callback flags: 0 order: 2147483647 isUidTracked: false declaredMethods: AVAIL|LOST
02-19 22:35:32.689   752  1029 D ConnectivityService: NetReassign [1228 : null  108] [c 6] [a 6] [i 12]
02-19 22:35:32.700   752  1023 D OemPaidWifiNetworkFactory: got request NetworkRequest [ REQUEST id=1228, [ Capabilities: INTERNET&NOT_RESTRICTED&TRUSTED&NOT_VCN_MANAGED&NOT_BANDWIDTH_CONSTRAINED Uid: 10217 RequestorUid: 10217 RequestorPkg: viva.republica.toss.test UnderlyingNetworks: Null] ]
02-19 22:35:32.701   752  1023 D MultiInternetWifiNetworkFactory: got request NetworkRequest [ REQUEST id=1228, [ Capabilities: INTERNET&NOT_RESTRICTED&TRUSTED&NOT_VCN_MANAGED&NOT_BANDWIDTH_CONSTRAINED Uid: 10217 RequestorUid: 10217 RequestorPkg: viva.republica.toss.test UnderlyingNetworks: Null] ]
02-19 22:35:32.701   752  1023 D WifiNetworkFactory: got request NetworkRequest [ REQUEST id=1228, [ Capabilities: INTERNET&NOT_RESTRICTED&TRUSTED&NOT_VCN_MANAGED&NOT_BANDWIDTH_CONSTRAINED Uid: 10217 RequestorUid: 10217 RequestorPkg: viva.republica.toss.test UnderlyingNetworks: Null] ]
02-19 22:35:32.703   752  1023 D UntrustedWifiNetworkFactory: got request NetworkRequest [ REQUEST id=1228, [ Capabilities: INTERNET&NOT_RESTRICTED&TRUSTED&NOT_VCN_MANAGED&NOT_BANDWIDTH_CONSTRAINED Uid: 10217 RequestorUid: 10217 RequestorPkg: viva.republica.toss.test UnderlyingNetworks: Null] ]
02-19 22:35:33.260 10398 10546 D DynamitePackage: Instantiating com.google.android.gms.ads.ChimeraAdPreloaderCreatorImpl
02-19 22:35:33.416   537   537 W adbd    : timeout expired while flushing socket, closing
02-19 22:35:33.528 10398 10546 W unknown:ReactContext: initializeMessageQueueThreads() is called.
02-19 22:35:33.688   752  2305 D ConnectivityService: requestNetwork for uid/pid:10217/10398 activeRequest: null callbackRequest: 1229 [NetworkRequest [ REQUEST id=1230, [ Capabilities: INTERNET&NOT_RESTRICTED&TRUSTED&NOT_VCN_MANAGED&NOT_BANDWIDTH_CONSTRAINED Uid: 10217 RequestorUid: 10217 RequestorPkg: viva.republica.toss.test UnderlyingNetworks: Null] ]] callback flags: 0 order: 2147483647 isUidTracked: false declaredMethods: AVAIL|LOST|NC|LP
02-19 22:35:33.697   752  2305 D CompatChangeReporter: Compat change id reported: 319212206; UID 10217; state: ENABLED
02-19 22:35:33.703   752  1029 D ConnectivityService: NetReassign [1230 : null  108] [c 1] [a 8] [i 3]
02-19 22:35:33.706   752  1023 D OemPaidWifiNetworkFactory: got request NetworkRequest [ REQUEST id=1230, [ Capabilities: INTERNET&NOT_RESTRICTED&TRUSTED&NOT_VCN_MANAGED&NOT_BANDWIDTH_CONSTRAINED Uid: 10217 RequestorUid: 10217 RequestorPkg: viva.republica.toss.test UnderlyingNetworks: Null] ]
02-19 22:35:33.706   752  1023 D MultiInternetWifiNetworkFactory: got request NetworkRequest [ REQUEST id=1230, [ Capabilities: INTERNET&NOT_RESTRICTED&TRUSTED&NOT_VCN_MANAGED&NOT_BANDWIDTH_CONSTRAINED Uid: 10217 RequestorUid: 10217 RequestorPkg: viva.republica.toss.test UnderlyingNetworks: Null] ]
02-19 22:35:33.708   752  1023 D WifiNetworkFactory: got request NetworkRequest [ REQUEST id=1230, [ Capabilities: INTERNET&NOT_RESTRICTED&TRUSTED&NOT_VCN_MANAGED&NOT_BANDWIDTH_CONSTRAINED Uid: 10217 RequestorUid: 10217 RequestorPkg: viva.republica.toss.test UnderlyingNetworks: Null] ]
02-19 22:35:33.709   752  1023 D UntrustedWifiNetworkFactory: got request NetworkRequest [ REQUEST id=1230, [ Capabilities: INTERNET&NOT_RESTRICTED&TRUSTED&NOT_VCN_MANAGED&NOT_BANDWIDTH_CONSTRAINED Uid: 10217 RequestorUid: 10217 RequestorPkg: viva.republica.toss.test UnderlyingNetworks: Null] ]
02-19 22:35:33.711   752  1029 D ConnectivityService: NetReassign [no changes] [c 1] [a 6] [i 1]
02-19 22:35:33.718 10398 10576 D nativeloader: Load /data/data/viva.republica.toss.test/libtcj.so using class loader ns clns-9 (caller=<unknown>): ok
02-19 22:35:33.708 10398 10398 W mqt_js  : type=1400 audit(0.0:555): avc:  granted  { execute } for  path="/data/data/viva.republica.toss.test/libtcj.so" dev="dm-55" ino=364218 scontext=u:r:untrusted_app:s0:c217,c256,c512,c768 tcontext=u:object_r:app_data_file:s0:c217,c256,c512,c768 tclass=file app=viva.republica.toss.test
02-19 22:35:33.768  3453  3453 D BoundBrokerSvc: onRebind: Intent { act=com.google.android.gms.appset.service.START dat=chimera-action:/... xflg=0x4 cmp=com.google.android.gms/.chimera.GmsApiService }
02-19 22:35:33.779   752  1095 D BackgroundInstallControlService: Package event received: 0
02-19 22:35:33.792   752  1095 D BackgroundInstallControlService: Package event received: 0
02-19 22:35:33.815 19829 19966 I Finsky  : [70] Current account updated in PVS
02-19 22:35:33.837 19829 19970 I Finsky  : [71] Current account updated in PVS
02-19 22:35:33.845 19829 19970 I Finsky  : [71] Current account updated in PVS
02-19 22:35:33.920   752  1856 E TaskPersister: File error accessing recents directory (directory doesn't exist?).
02-19 22:35:33.921 10398 10584 W libc    : Access denied finding property "vendor.mesa.log"
02-19 22:35:33.922 10398 10584 W libc    : Access denied finding property "vendor.mesa.log.file"
02-19 22:35:33.924 10398 10584 E MESA    : Failed to open rendernode: No such file or directory
02-19 22:35:33.943 10398 10436 W cr_media: BLUETOOTH_CONNECT permission is missing.
02-19 22:35:33.944 10398 10436 W cr_media: getBluetoothAdapter() requires BLUETOOTH permission
02-19 22:35:33.945 10398 10436 W cr_media: registerBluetoothIntentsIfNeeded: Requires BLUETOOTH permission
02-19 22:35:33.987 10398 10584 D vulkan  : searching for layers in '/data/app/~~NUQj-rdXzuicW-16SIRtKA==/viva.republica.toss.test-Si406wFvb_sqEA2GTBV6RQ==/lib/x86_64'
02-19 22:35:34.017 10398 10584 D vulkan  : searching for layers in '/data/app/~~NUQj-rdXzuicW-16SIRtKA==/viva.republica.toss.test-Si406wFvb_sqEA2GTBV6RQ==/base.apk!/lib/x86_64'
02-19 22:35:34.101 10419 10446 I cr_LibraryLoader: Successfully loaded native library
02-19 22:35:34.103 10419 10446 I cr_CachingUmaRecorder: Flushed 2 samples from 2 histograms, 0 samples were dropped.
02-19 22:35:34.141 10419 10446 W SystemServiceRegistry: No service published for: uimode
02-19 22:35:34.292 10419 10446 W chromium: [WARNING:runtime_features.cc(560)] Fenced frames cannot be enabled in this configuration. Use --enable-features=FencedFrames instead.
02-19 22:35:34.294 10419 10446 W chromium: [WARNING:runtime_features.cc(585)] Topics cannot be enabled in this configuration. Use --enable-features=BrowsingTopics in addition.
02-19 22:35:34.295 10419 10446 W chromium: [WARNING:runtime_features.cc(606)] SharedStorage cannot be enabled in this configuration. Use --enable-features=SharedStorageAPI in addition.
02-19 22:35:34.352 19301 19311 I FontLog : (REDACTED) Received query %s, URI %s
02-19 22:35:34.353 19301 19311 I FontLog : (REDACTED) Query [%s] resolved to %s
02-19 22:35:34.356 19301 19311 I FontLog : (REDACTED) Font PFD returned from cache for %s
02-19 22:35:34.356 19301 19311 I FontLog : (REDACTED) Fetch %s end status %s
02-19 22:35:34.377 19301 19311 I FontLog : (REDACTED) Pulling font file for id = %d, cache size = %d
02-19 22:35:34.386 19301 19311 I FontLog : (REDACTED) Received query %s, URI %s
02-19 22:35:34.387 19301 19311 I FontLog : (REDACTED) Query [%s] resolved to %s
02-19 22:35:34.390 19301 19311 I FontLog : (REDACTED) Fetch %s end status %s
02-19 22:35:34.391 19301 19311 I FontLog : (REDACTED) Pulling font file for id = %d, cache size = %d
02-19 22:35:34.394 19301 19311 I FontLog : (REDACTED) Received query %s, URI %s
02-19 22:35:34.394 19301 19311 I FontLog : (REDACTED) Query [%s] resolved to %s
02-19 22:35:34.396 19301 19311 I FontLog : (REDACTED) Font PFD returned from cache for %s
02-19 22:35:34.397 19301 19311 I FontLog : (REDACTED) Fetch %s end status %s
02-19 22:35:34.418 19301 19458 I FontLog : (REDACTED) Pulling font file for id = %d, cache size = %d
02-19 22:35:34.422 10398 10584 W libc    : Access denied finding property "vendor.mesa.vk.trace.per.submit"
02-19 22:35:34.422 10398 10584 W libc    : Access denied finding property "vendor.mesa.gallium.print.optio"
02-19 22:35:34.423 10398 10584 W libc    : Access denied finding property "vendor.mesa.vk.trace.frame"
02-19 22:35:34.427 19301 19458 I FontLog : (REDACTED) Received query %s, URI %s
02-19 22:35:34.428 19301 19458 I FontLog : (REDACTED) Query [%s] resolved to %s
02-19 22:35:34.431 19301 19458 I FontLog : (REDACTED) Font PFD returned from cache for %s
02-19 22:35:34.431 10398 10584 W libc    : Access denied finding property "vendor.mesa.vk.wsi.headless.swa"
02-19 22:35:34.431 19301 19458 I FontLog : (REDACTED) Fetch %s end status %s
02-19 22:35:34.438 19301 19458 I FontLog : (REDACTED) Pulling font file for id = %d, cache size = %d
02-19 22:35:34.442 19301 19458 I FontLog : (REDACTED) Received query %s, URI %s
02-19 22:35:34.443 19301 19458 I FontLog : (REDACTED) Query [%s] resolved to %s
02-19 22:35:34.445 19301 19458 I FontLog : (REDACTED) Font PFD returned from cache for %s
02-19 22:35:34.446 19301 19458 I FontLog : (REDACTED) Fetch %s end status %s
02-19 22:35:34.450 19301 19458 I FontLog : (REDACTED) Pulling font file for id = %d, cache size = %d
02-19 22:35:34.497 10398 10584 W chromium: [WARNING:viz_main_impl.cc(85)] VizNullHypothesis is disabled (not a warning)
02-19 22:35:34.634 19301 10382 I SQLiteConnectionPool: The connection pool for /data/user/0/com.google.android.gms/databases/metadata.db has been closed but there are still 1 connections in use.  They will be closed as they are released back to the pool.
02-19 22:35:34.646 19301 10599 W FontLog : Error updating last accessed time for {Google Sans, wdth 100.0, wght 500, ital 0.0, bestEffort false}, isVf false}. [CONTEXT service_id=132 ]
02-19 22:35:34.646 19301 10599 W FontLog : java.lang.IllegalStateException: Cannot perform this operation because the connection pool has been closed.
02-19 22:35:34.646 19301 10599 W FontLog : 	at android.database.sqlite.SQLiteConnectionPool.throwIfClosedLocked(SQLiteConnectionPool.java:1110)
02-19 22:35:34.646 19301 10599 W FontLog : 	at android.database.sqlite.SQLiteConnectionPool.waitForConnection(SQLiteConnectionPool.java:801)
02-19 22:35:34.646 19301 10599 W FontLog : 	at android.database.sqlite.SQLiteConnectionPool.acquireConnection(SQLiteConnectionPool.java:406)
02-19 22:35:34.646 19301 10599 W FontLog : 	at android.database.sqlite.SQLiteSession.acquireConnection(SQLiteSession.java:931)
02-19 22:35:34.646 19301 10599 W FontLog : 	at android.database.sqlite.SQLiteSession.executeForChangedRowCount(SQLiteSession.java:789)
02-19 22:35:34.646 19301 10599 W FontLog : 	at android.database.sqlite.SQLiteStatement.executeUpdateDelete(SQLiteStatement.java:67)
02-19 22:35:34.646 19301 10599 W FontLog : 	at android.database.sqlite.SQLiteDatabase.executeSql(SQLiteDatabase.java:2235)
02-19 22:35:34.646 19301 10599 W FontLog : 	at android.database.sqlite.SQLiteDatabase.execSQL(SQLiteDatabase.java:2211)
02-19 22:35:34.646 19301 10599 W FontLog : 	at bvxi.run(:com.google.android.gms@260438038@26.04.38 (260800-867839860):57)
02-19 22:35:34.646 19301 10599 W FontLog : 	at bfir.c(:com.google.android.gms@260438038@26.04.38 (260800-867839860):50)
02-19 22:35:34.646 19301 10599 W FontLog : 	at bfir.run(:com.google.android.gms@260438038@26.04.38 (260800-867839860):73)
02-19 22:35:34.646 19301 10599 W FontLog : 	at java.util.concurrent.ThreadPoolExecutor.runWorker(ThreadPoolExecutor.java:1156)
02-19 22:35:34.646 19301 10599 W FontLog : 	at java.util.concurrent.ThreadPoolExecutor$Worker.run(ThreadPoolExecutor.java:651)
02-19 22:35:34.646 19301 10599 W FontLog : 	at bfoi.run(:com.google.android.gms@260438038@26.04.38 (260800-867839860):8)
02-19 22:35:34.646 19301 10599 W FontLog : 	at java.lang.Thread.run(Thread.java:1119)
02-19 22:35:34.646 19301 10599 W FontLog : Caused by: java.lang.Exception: SQLiteConnectionPool.close()
02-19 22:35:34.646 19301 10599 W FontLog : 	at android.database.sqlite.SQLiteConnectionPool.dispose(SQLiteConnectionPool.java:274)
02-19 22:35:34.646 19301 10599 W FontLog : 	at android.database.sqlite.SQLiteConnectionPool.close(SQLiteConnectionPool.java:254)
02-19 22:35:34.646 19301 10599 W FontLog : 	at android.database.sqlite.SQLiteDatabase.dispose(SQLiteDatabase.java:559)
02-19 22:35:34.646 19301 10599 W FontLog : 	at android.database.sqlite.SQLiteDatabase.onAllReferencesReleased(SQLiteDatabase.java:536)
02-19 22:35:34.646 19301 10599 W FontLog : 	at android.database.sqlite.SQLiteClosable.releaseReference(SQLiteClosable.java:92)
02-19 22:35:34.646 19301 10599 W FontLog : 	at android.database.sqlite.SQLiteDatabase.executeSql(SQLiteDatabase.java:2246)
02-19 22:35:34.646 19301 10599 W FontLog : 	... 8 more
02-19 22:35:34.703   752   969 D ActivityManager: freezing 19378 com.google.android.webview:webview_service
02-19 22:35:34.709   752  1029 D InetDiagMessage: Destroyed 0 sockets, proto=IPPROTO_TCP, family=AF_INET, states=14
02-19 22:35:34.710   752  1029 D InetDiagMessage: Destroyed 0 sockets, proto=IPPROTO_TCP, family=AF_INET6, states=14
02-19 22:35:34.710   752  1029 D InetDiagMessage: Destroyed live tcp sockets for uids={10168} in 1ms
02-19 22:35:34.912 10600 10600 W dumpsys : Thread Pool max thread count is 0. Cannot cache binder as linkToDeath cannot be implemented. serviceName: window
02-19 22:35:35.378 10398 10398 I Ads     : JS: The jsLoaded GMSG has been sent (https://googleads.g.doubleclick.net/mads/static/sdk/native/sdk-core-v40.html:1025)
02-19 22:35:35.669 10398 10576 D nativeloader: Load /data/app/~~NUQj-rdXzuicW-16SIRtKA==/viva.republica.toss.test-Si406wFvb_sqEA2GTBV6RQ==/lib/x86_64/libreactnativeblob.so using class loader ns clns-9 (caller=<unknown>): ok
02-19 22:35:35.848 10398 10398 E unknown:ReactNative: Unable to launch logbox because react was unable to create the root view
02-19 22:35:36.007 10398 10402 I blica.toss.test: NativeAlloc concurrent mark compact GC freed 8919KB AllocSpace bytes, 12(344KB) LOS objects, 49% free, 16MB/32MB, paused 3.053ms,4.748ms total 276.470ms
02-19 22:35:36.015 10398 10404 W System  : A resource failed to call ZipFile.close. 
02-19 22:35:36.057   752   935 D CompatChangeReporter: Compat change id reported: 297989574; UID 10217; state: ENABLED
02-19 22:35:36.084 10398 10576 W unknown:ViewManagerPropertyUpdater: Could not find generated setter for class com.facebook.react.views.traceupdateoverlay.TraceUpdateOverlayManager
02-19 22:35:36.090 10398 10576 W unknown:ViewManagerPropertyUpdater: Could not find generated setter for class com.facebook.react.uimanager.LayoutShadowNode
02-19 22:35:36.092 10398 10576 W unknown:ViewManagerPropertyUpdater: Could not find generated setter for class com.facebook.react.views.drawer.ReactDrawerLayoutManager
02-19 22:35:36.095 10398 10576 W unknown:ViewManagerPropertyUpdater: Could not find generated setter for class com.facebook.react.views.scroll.ReactHorizontalScrollViewManager
02-19 22:35:36.100 10398 10576 W unknown:ViewManagerPropertyUpdater: Could not find generated setter for class com.facebook.react.views.scroll.ReactHorizontalScrollContainerViewManager
02-19 22:35:36.101 10398 10576 W unknown:ViewManagerPropertyUpdater: Could not find generated setter for class com.facebook.react.views.progressbar.ReactProgressBarViewManager
02-19 22:35:36.102 10398 10576 W unknown:ViewManagerPropertyUpdater: Could not find generated setter for class com.facebook.react.views.progressbar.ProgressBarShadowNode
02-19 22:35:36.103 10398 10576 W unknown:ViewManagerPropertyUpdater: Could not find generated setter for class com.facebook.react.views.scroll.ReactScrollViewManager
02-19 22:35:36.105 10398 10576 W unknown:ViewManagerPropertyUpdater: Could not find generated setter for class com.facebook.react.views.switchview.ReactSwitchManager
02-19 22:35:36.106 10398 10576 W unknown:ViewManagerPropertyUpdater: Could not find generated setter for class com.facebook.react.views.switchview.ReactSwitchManager$ReactSwitchShadowNode
02-19 22:35:36.106 10398 10576 W unknown:ViewManagerPropertyUpdater: Could not find generated setter for class com.facebook.react.views.swiperefresh.SwipeRefreshLayoutManager
02-19 22:35:36.108 10398 10576 W unknown:ViewManagerPropertyUpdater: Could not find generated setter for class com.facebook.react.views.text.frescosupport.FrescoBasedReactTextInlineImageViewManager
02-19 22:35:36.109 10398 10576 W unknown:ViewManagerPropertyUpdater: Could not find generated setter for class com.facebook.react.views.text.frescosupport.FrescoBasedReactTextInlineImageShadowNode
02-19 22:35:36.110 10398 10576 W unknown:ViewManagerPropertyUpdater: Could not find generated setter for class com.facebook.react.views.image.ReactImageManager
02-19 22:35:36.111 10398 10576 W unknown:ViewManagerPropertyUpdater: Could not find generated setter for class com.facebook.react.views.modal.ReactModalHostManager
02-19 22:35:36.112 10398 10576 W unknown:ViewManagerPropertyUpdater: Could not find generated setter for class com.facebook.react.views.modal.ModalHostShadowNode
02-19 22:35:36.112 10398 10576 W unknown:ViewManagerPropertyUpdater: Could not find generated setter for class com.facebook.react.views.text.ReactRawTextManager
02-19 22:35:36.112 10398 10576 W unknown:ViewManagerPropertyUpdater: Could not find generated setter for class com.facebook.react.views.text.ReactRawTextShadowNode
02-19 22:35:36.113 10398 10576 W unknown:ViewManagerPropertyUpdater: Could not find generated setter for class com.facebook.react.views.textinput.ReactTextInputManager
02-19 22:35:36.115 10398 10576 W unknown:ViewManagerPropertyUpdater: Could not find generated setter for class com.facebook.react.views.textinput.ReactTextInputShadowNode
02-19 22:35:36.116 10398 10576 W unknown:ViewManagerPropertyUpdater: Could not find generated setter for class com.facebook.react.views.text.ReactTextViewManager
02-19 22:35:36.117 10398 10576 W unknown:ViewManagerPropertyUpdater: Could not find generated setter for class com.facebook.react.views.text.ReactTextShadowNode
02-19 22:35:36.117 10398 10576 W unknown:ViewManagerPropertyUpdater: Could not find generated setter for class com.facebook.react.views.view.ReactViewManager
02-19 22:35:36.118 10398 10576 W unknown:ViewManagerPropertyUpdater: Could not find generated setter for class com.facebook.react.views.text.ReactVirtualTextViewManager
02-19 22:35:36.118 10398 10576 W unknown:ViewManagerPropertyUpdater: Could not find generated setter for class com.facebook.react.views.text.ReactVirtualTextShadowNode
02-19 22:35:36.119 10398 10576 W unknown:ViewManagerPropertyUpdater: Could not find generated setter for class com.facebook.react.views.unimplementedview.ReactUnimplementedViewManager
02-19 22:35:36.119 10398 10576 W unknown:ViewManagerPropertyUpdater: Could not find generated setter for class com.shopify.reactnative.flash_list.AutoLayoutViewManager
02-19 22:35:36.120 10398 10576 W unknown:ViewManagerPropertyUpdater: Could not find generated setter for class com.shopify.reactnative.flash_list.CellContainerManager
02-19 22:35:36.121 10398 10576 W unknown:ViewManagerPropertyUpdater: Could not find generated setter for class com.airbnb.android.react.lottie.LottieAnimationViewManager
02-19 22:35:36.122 10398 10576 W unknown:ViewManagerPropertyUpdater: Could not find generated setter for class com.swmansion.gesturehandler.react.RNGestureHandlerRootViewManager
02-19 22:35:36.122 10398 10576 W unknown:ViewManagerPropertyUpdater: Could not find generated setter for class com.swmansion.gesturehandler.react.RNGestureHandlerButtonViewManager
02-19 22:35:36.123 10398 10576 W unknown:ViewManagerPropertyUpdater: Could not find generated setter for class io.invertase.googlemobileads.ReactNativeGoogleMobileAdsBannerAdViewManager
02-19 22:35:36.124 10398 10576 W unknown:ViewManagerPropertyUpdater: Could not find generated setter for class com.reactnativepagerview.PagerViewViewManager
02-19 22:35:36.125 10398 10576 W unknown:ViewManagerPropertyUpdater: Could not find generated setter for class com.th3rdwave.safeareacontext.SafeAreaProviderManager
02-19 22:35:36.126 10398 10576 W unknown:ViewManagerPropertyUpdater: Could not find generated setter for class com.th3rdwave.safeareacontext.SafeAreaViewManager
02-19 22:35:36.126 10398 10576 W unknown:ViewManagerPropertyUpdater: Could not find generated setter for class o.eglCreatePlatformPixmapSurface
02-19 22:35:36.127 10398 10576 W unknown:ViewManagerPropertyUpdater: Could not find generated setter for class com.swmansion.rnscreens.ScreenContainerViewManager
02-19 22:35:36.127 10398 10576 W unknown:ViewManagerPropertyUpdater: Could not find generated setter for class com.swmansion.rnscreens.ScreenViewManager
02-19 22:35:36.128 10398 10576 W unknown:ViewManagerPropertyUpdater: Could not find generated setter for class com.swmansion.rnscreens.ScreenStackViewManager
02-19 22:35:36.129 10398 10576 W unknown:ViewManagerPropertyUpdater: Could not find generated setter for class com.swmansion.rnscreens.ScreenStackHeaderConfigViewManager
02-19 22:35:36.130 10398 10576 W unknown:ViewManagerPropertyUpdater: Could not find generated setter for class com.swmansion.rnscreens.ScreenStackHeaderSubviewManager
02-19 22:35:36.130 10398 10576 W unknown:ViewManagerPropertyUpdater: Could not find generated setter for class com.swmansion.rnscreens.SearchBarManager
02-19 22:35:36.131 10398 10576 W unknown:ViewManagerPropertyUpdater: Could not find generated setter for class com.horcrux.svg.RenderableViewManager$DefsViewManager
02-19 22:35:36.132 10398 10576 W unknown:ViewManagerPropertyUpdater: Could not find generated setter for class com.horcrux.svg.VirtualViewManager$RemoteActionCompatParcelizer
02-19 22:35:36.133 10398 10576 W unknown:ViewManagerPropertyUpdater: Could not find generated setter for class com.horcrux.svg.RenderableViewManager$MarkerManager
02-19 22:35:36.135 10398 10576 W unknown:ViewManagerPropertyUpdater: Could not find generated setter for class com.horcrux.svg.RenderableViewManager$ForeignObjectManager
02-19 22:35:36.136 10398 10576 W unknown:ViewManagerPropertyUpdater: Could not find generated setter for class com.horcrux.svg.RenderableViewManager$EllipseViewManager
02-19 22:35:36.137 10398 10576 W unknown:ViewManagerPropertyUpdater: Could not find generated setter for class com.horcrux.svg.RenderableViewManager$LineViewManager
02-19 22:35:36.138 10398 10576 W unknown:ViewManagerPropertyUpdater: Could not find generated setter for class com.horcrux.svg.RenderableViewManager$LinearGradientManager
02-19 22:35:36.139 10398 10576 W unknown:ViewManagerPropertyUpdater: Could not find generated setter for class com.horcrux.svg.RenderableViewManager$GroupViewManager
02-19 22:35:36.140 10398 10576 W unknown:ViewManagerPropertyUpdater: Could not find generated setter for class com.horcrux.svg.RenderableViewManager$TextViewManager
02-19 22:35:36.141 10398 10576 W unknown:ViewManagerPropertyUpdater: Could not find generated setter for class com.horcrux.svg.RenderableViewManager$ImageViewManager
02-19 22:35:36.142 10398 10576 W unknown:ViewManagerPropertyUpdater: Could not find generated setter for class com.horcrux.svg.RenderableViewManager$ClipPathViewManager
02-19 22:35:36.143 10398 10576 W unknown:ViewManagerPropertyUpdater: Could not find generated setter for class com.horcrux.svg.RenderableViewManager$RadialGradientManager
02-19 22:35:36.144 10398 10576 W unknown:ViewManagerPropertyUpdater: Could not find generated setter for class com.horcrux.svg.RenderableViewManager$MaskManager
02-19 22:35:36.145 10398 10576 W unknown:ViewManagerPropertyUpdater: Could not find generated setter for class com.horcrux.svg.RenderableViewManager$SymbolManager
02-19 22:35:36.146 10398 10576 W unknown:ViewManagerPropertyUpdater: Could not find generated setter for class com.horcrux.svg.RenderableViewManager$PatternManager
02-19 22:35:36.147 10398 10576 W unknown:ViewManagerPropertyUpdater: Could not find generated setter for class com.horcrux.svg.RenderableViewManager$RectViewManager
02-19 22:35:36.148 10398 10576 W unknown:ViewManagerPropertyUpdater: Could not find generated setter for class com.horcrux.svg.RenderableViewManager$TextPathViewManager
02-19 22:35:36.150 10398 10576 W unknown:ViewManagerPropertyUpdater: Could not find generated setter for class com.horcrux.svg.SvgViewManager
02-19 22:35:36.151 10398 10576 W unknown:ViewManagerPropertyUpdater: Could not find generated setter for class com.horcrux.svg.RenderableViewManager$PathViewManager
02-19 22:35:36.152 10398 10576 W unknown:ViewManagerPropertyUpdater: Could not find generated setter for class com.horcrux.svg.RenderableViewManager$UseViewManager
02-19 22:35:36.153 10398 10576 W unknown:ViewManagerPropertyUpdater: Could not find generated setter for class com.horcrux.svg.RenderableViewManager$CircleViewManager
02-19 22:35:36.154 10398 10576 W unknown:ViewManagerPropertyUpdater: Could not find generated setter for class com.horcrux.svg.RenderableViewManager$TSpanViewManager
02-19 22:35:36.162 10398 10576 W unknown:ViewManagerPropertyUpdater: Could not find generated setter for class com.brentvatne.exoplayer.ReactExoplayerViewManager
02-19 22:35:36.166 10398 10576 W unknown:ViewManagerPropertyUpdater: Could not find generated setter for class com.reactnativecommunity.webview.RNCWebViewManager
02-19 22:35:36.169 10398 10576 W unknown:ViewManagerPropertyUpdater: Could not find generated setter for class im.toss.rn.granite.core.module.image.FastImageViewManager
02-19 22:35:36.314   752  1509 W PackageConfigPersister: App-specific configuration not found for packageName: viva.republica.toss.test and userId: 0
02-19 22:35:36.412 10605 10605 W screencap: Thread Pool max thread count is 0. Cannot cache binder as linkToDeath cannot be implemented. serviceName: SurfaceFlingerAIDL
02-19 22:35:36.414 10605 10605 W BpBinder: Linking to death on android.gui.ISurfaceComposer but there are no threads (yet?) listening to incoming transactions. See ProcessState::startThreadPool and ProcessState::setThreadPoolMaxThreadCount. Generally you should setup the binder threadpool before other initialization steps.
02-19 22:35:36.415 10605 10605 W ProcessState: Extra binder thread started, but 0 threads requested. Do not use *startThreadPool when zero threads are requested.
02-19 22:35:36.422   531   603 E HwcComposer: getLuts failed Status(-8, EX_SERVICE_SPECIFIC): '8: '
02-19 22:35:36.422   531   603 E HWComposer: getLuts: getLuts failed for display 4619827259835644672: UNSUPPORTED (8)
