--------- beginning of main
02-19 22:35:27.252 10525 10525 W dumpsys : Thread Pool max thread count is 0. Cannot cache binder as linkToDeath cannot be implemented. serviceName: window
02-19 22:35:27.501 19829 19829 I Finsky  : [2] Memory trim requested to level 40
02-19 22:35:27.502 19829 19829 I Finsky  : [2] Flushing in-memory image cache
02-19 22:35:27.504 19829 19829 I Finsky  : [2] Current account updated in PVS
02-19 22:35:27.745 20022 20022 I StylusModule: StylusModule.onUpdateToolType():801 Update tool type = 0
02-19 22:35:27.762 10398 10398 W unknown:ReactInstanceManager: Instance detached from instance manager
--------- beginning of system
02-19 22:35:27.782  4449  4467 V WindowManagerShell: Transition requested (#1194): android.os.BinderProxy@2ba1f03 TransitionRequestInfo { type = CLOSE, triggerTask = TaskInfo{userId=0 taskId=208 effectiveUid=10217 displayId=0 isRunning=false baseIntent=Intent { act=android.intent.action.VIEW dat=intoss://takealook/... flg=0x10000000 pkg=viva.republica.toss.test cmp=viva.republica.toss.test/.MiniAppSchemeActivity } baseActivity=null topActivity=null origActivity=null realActivity=ComponentInfo{viva.republica.toss.test/viva.republica.toss.test.MiniAppSchemeActivity} numActivities=0 lastActiveTime=119599050 supportsMultiWindow=true resizeMode=1 isResizeable=true minWidth=-1 minHeight=-1 defaultMinSize=220 token=WCT{android.window.IWindowContainerToken$Stub$Proxy@e044e80} topActivityType=1 pictureInPictureParams=null shouldDockBigOverlays=false launchIntoPipHostTaskId=-1 lastParentTaskIdBeforePip=-1 displayCutoutSafeInsets=Rect(0, 0 - 0, 0) topActivityInfo=null launchCookies=[] positionInParent=Point(0, 0) parentTaskId=-1 isFocused=true isVisible=true isVisibleRequested=true isTopActivityNoDisplay=false isSleeping=false locusId=null displayAreaFeatureId=1 isTopActivityTransparent=false isActivityStackTransparent=true lastNonFullscreenBounds=Rect(284, 660 - 796, 1740) capturedLink=null capturedLinkTimestamp=0 requestedVisibleTypes=-9 topActivityRequestOpenInBrowserEducationTimestamp=0 appCompatTaskInfo=AppCompatTaskInfo { topActivityInSizeCompat=false eligibleForLetterboxEducation= false isLetterboxEducationEnabled= false isLetterboxDoubleTapEnabled= false eligibleForUserAspectRatioButton= false topActivityBoundsLetterboxed= false isFromLetterboxDoubleTap= false topActivityLetterboxVerticalPosition= -1 topActivityLetterboxHorizontalPosition= -1 topActivityLetterboxWidth=-1 topActivityLetterboxHeight=-1 topActivityAppBounds=Rect(0, 0 - 0, 0) isUserFullscreenOverrideEnabled=false isSystemFullscreenOverrideEnabled=false hasMinAspectRatioOverride=false topActivityLetterboxBounds=null cameraCompatTaskInfo=CameraCompatTaskInfo { freeformCameraCompatMode=undefined}} topActivityMainWindowFrame=null}, pipChange = null, remoteTransition = null, displayChange = null, flags = 0, debugId = 1194 }
02-19 22:35:27.787   531   590 I BpBinder: onLastStrongRef automatically unlinking death recipients: 
02-19 22:35:27.810   531   531 I BpBinder: onLastStrongRef automatically unlinking death recipients: 
02-19 22:35:27.811   752  1095 D BackgroundInstallControlService: Package event received: 0
02-19 22:35:27.814 19166 19166 D ViewRootImpl: Skipping stats log for color mode
02-19 22:35:27.815 10398 10398 W WindowOnBackDispatcher: sendCancelIfRunning: isInProgress=false callback=android.view.ViewRootImpl$$ExternalSyntheticLambda13@dceb1bf
02-19 22:35:27.823   752  1631 D CoreBackPreview: Window{f7e6515 u0 PopupWindow:c7304e1}: Setting back callback null
02-19 22:35:27.833 19166 19166 D NexusLauncherModelDelegate: notifySmartspaceEvent: SmartspaceTargetEvent{mSmartspaceTarget=null, mSmartspaceActionId='null', mEventType=6}
02-19 22:35:27.836  4449  4467 D WindowManagerShell: setLauncherKeepClearAreaHeight: visible=true, height=527
02-19 22:35:27.846   752  1095 D BackgroundInstallControlService: Package event received: 0
02-19 22:35:27.849   752  1095 D BackgroundInstallControlService: Package event received: 0
02-19 22:35:27.899   615 21625 W IPCThreadState: Sending oneway calls to frozen process.
02-19 22:35:27.901 19166 19166 D BaseDepthController: setSurface:
02-19 22:35:27.901 19166 19166 D BaseDepthController: 	mWaitingOnSurfaceValidity: false
02-19 22:35:27.901 19166 19166 D BaseDepthController: 	mBaseSurface: Surface(name=com.google.android.apps.nexuslauncher/com.google.android.apps.nexuslauncher.NexusLauncherActivity)/@0x2cb53f
02-19 22:35:27.946 19166 19166 D StatsLog: LAUNCHER_ONRESUME
02-19 22:35:28.017  4449 22842 V WindowManagerShell: onTransitionReady(transaction=3229815440901)
02-19 22:35:28.018  4449  4467 V WindowManagerShell: onTransitionReady (#1194) android.os.BinderProxy@2ba1f03: {id=1194 t=CLOSE f=0x0 trk=0 r=[0@Point(0, 0)] c=[
02-19 22:35:28.018  4449  4467 V WindowManagerShell:         {m=TO_FRONT f=SHOW_WALLPAPER|MOVE_TO_TOP leash=Surface(name=Task=1)/@0xec09cb9 sb=Rect(0, 0 - 1080, 2400) eb=Rect(0, 0 - 1080, 2400) epz=Point(1080, 2400) d=0 taskParent=-1},
02-19 22:35:28.018  4449  4467 V WindowManagerShell:         {m=CLOSE f=NONE leash=Surface(name=Task=208)/@0x7d948fe sb=Rect(0, 0 - 1080, 2400) eb=Rect(0, 0 - 1080, 2400) epz=Point(1080, 2400) d=0 taskParent=-1},
02-19 22:35:28.018  4449  4467 V WindowManagerShell:         {m=TO_FRONT f=IS_WALLPAPER leash=Surface(name=WallpaperWindowToken{35e0c0f showWhenLocked=false})/@0xe35a85f sb=Rect(0, 0 - 1080, 2400) eb=Rect(0, 0 - 1080, 2400) epz=Point(1080, 2400) d=0}
02-19 22:35:28.018  4449  4467 V WindowManagerShell:     ]}
02-19 22:35:28.019  4449  4467 V WindowManagerShell: Playing animation for (#1194) android.os.BinderProxy@2ba1f03@0
02-19 22:35:28.019  4449  4467 V ShellRecents: RecentsTransitionHandler.startAnimation: no controller found
02-19 22:35:28.019  4449  4467 V WindowManagerShell: Transition doesn't have explicit remote, search filters for match for {id=1194 t=CLOSE f=0x0 trk=0 r=[0@Point(0, 0)] c=[{m=TO_FRONT f=SHOW_WALLPAPER|MOVE_TO_TOP leash=Surface(name=Task=1)/@0xec09cb9 sb=Rect(0, 0 - 1080, 2400) eb=Rect(0, 0 - 1080, 2400) epz=Point(1080, 2400) d=0 taskParent=-1},{m=CLOSE f=NONE leash=Surface(name=Task=208)/@0x7d948fe sb=Rect(0, 0 - 1080, 2400) eb=Rect(0, 0 - 1080, 2400) epz=Point(1080, 2400) d=0 taskParent=-1},{m=TO_FRONT f=IS_WALLPAPER leash=Surface(name=WallpaperWindowToken{35e0c0f showWhenLocked=false})/@0xe35a85f sb=Rect(0, 0 - 1080, 2400) eb=Rect(0, 0 - 1080, 2400) epz=Point(1080, 2400) d=0}]}
02-19 22:35:28.019  4449  4467 V WindowManagerShell:  Checking filter Pair{{types=[] flags=0x0] notFlags=0x0 checks=[{atype=undefined independent=true modes=[CLOSE,TO_BACK] flags=IN_TASK_WITH_EMBEDDED_ACTIVITY mustBeTask=false order=ANY topActivity=null launchCookie=null taskFragmentToken=android.os.BinderProxy@71546f0 windowingMode=undefined}]} RemoteTransition { remoteTransition = android.window.IRemoteTransition$Stub$Proxy@d4c8469, appThread = android.app.IApplicationThread$Stub$Proxy@c228eee, debugName = overlayBackTransition }}
02-19 22:35:28.019  4449  4467 V WindowManagerShell:  Checking filter Pair{{types=[] flags=0x0] notFlags=0x0 checks=[{atype=dream independent=true modes=[OPEN,TO_FRONT] flags=NONE mustBeTask=false order=ANY topActivity=null launchCookie=null windowingMode=undefined},{atype=home independent=true modes=[CLOSE,TO_BACK] flags=NONE mustBeTask=false order=ANY topActivity=null launchCookie=null windowingMode=undefined}]} RemoteTransition { remoteTransition = android.window.IRemoteTransition$Stub$Proxy@c578f8f, appThread = android.app.IApplicationThread$Stub$Proxy@69fe21c, debugName = LauncherToDream }}
02-19 22:35:28.020  4449  4467 V WindowManagerShell:  Checking filter Pair{{types=[] flags=0x0] notFlags=0x100 checks=[{atype=home independent=true modes=[OPEN,TO_FRONT] flags=NONE mustBeTask=false order=TOP topActivity=ComponentInfo{com.google.android.apps.nexuslauncher/com.google.android.apps.nexuslauncher.NexusLauncherActivity} launchCookie=null windowingMode=undefined},{atype=standard independent=true modes=[CLOSE,TO_BACK] flags=NONE mustBeTask=false order=ANY topActivity=null launchCookie=null windowingMode=undefined},{NOT atype=undefined independent=true modes=[] flags=NONE mustBeTask=true order=ANY topActivity=null launchCookie=null customAnim=true windowingMode=undefined}]} RemoteTransition { remoteTransition = android.window.IRemoteTransition$Stub$Proxy@69ffe25, appThread = android.app.IApplicationThread$Stub$Proxy@72cabfa, debugName = QuickstepLaunchHome }}
02-19 22:35:28.029 19166 19166 I NotificationListener: Handling notification state refresh for com.google.android.adservices.api#0
02-19 22:35:28.031 19166 19166 I NotificationListener: Handling notification state refresh for android#0
02-19 22:35:28.031 19166 19166 I NotificationListener: Handling notification state refresh for com.android.systemui#0
02-19 22:35:28.033  4449  4467 D RemoteTransitionHandler: Found filterPair{{types=[] flags=0x0] notFlags=0x100 checks=[{atype=home independent=true modes=[OPEN,TO_FRONT] flags=NONE mustBeTask=false order=TOP topActivity=ComponentInfo{com.google.android.apps.nexuslauncher/com.google.android.apps.nexuslauncher.NexusLauncherActivity} launchCookie=null windowingMode=undefined},{atype=standard independent=true modes=[CLOSE,TO_BACK] flags=NONE mustBeTask=false order=ANY topActivity=null launchCookie=null windowingMode=undefined},{NOT atype=undefined independent=true modes=[] flags=NONE mustBeTask=true order=ANY topActivity=null launchCookie=null customAnim=true windowingMode=undefined}]} RemoteTransition { remoteTransition = android.window.IRemoteTransition$Stub$Proxy@69ffe25, appThread = android.app.IApplicationThread$Stub$Proxy@72cabfa, debugName = QuickstepLaunchHome }}
02-19 22:35:28.035  4449  4467 V WindowManagerShell:  Delegate animation for (#1194) to RemoteTransition { remoteTransition = android.window.IRemoteTransition$Stub$Proxy@69ffe25, appThread = android.app.IApplicationThread$Stub$Proxy@72cabfa, debugName = QuickstepLaunchHome }
02-19 22:35:28.077 19166 19166 D StateManager: createAtomicAnimation - fromState: Background, toState: Normal, partial trace:
02-19 22:35:28.077 19166 19166 D StateManager: 	at com.android.quickstep.util.ScalingWorkspaceRevealAnim.<init>(go/retraceme 72a59688580715d19f0e415c69e80376c2f062d1648c80db6730905005a27c20:39)
02-19 22:35:28.077 19166 19166 D StateManager: 	at com.android.launcher3.QuickstepTransitionManager.createWallpaperOpenAnimations(go/retraceme 72a59688580715d19f0e415c69e80376c2f062d1648c80db6730905005a27c20:168)
02-19 22:35:28.077 19166 19166 D StateManager: 	at com.android.launcher3.QuickstepTransitionManager$WallpaperOpenLauncherAnimationRunner.onAnimationStart(go/retraceme 72a59688580715d19f0e415c69e80376c2f062d1648c80db6730905005a27c20:17)
02-19 22:35:28.078 19166 19166 D b/311077782: LauncherAnimationRunner.setAnimation
02-19 22:35:28.092  4449  4467 V WindowManagerShell:  animated by com.android.wm.shell.transition.RemoteTransitionHandler@ef09705
02-19 22:35:28.099   752  1631 D WifiNl80211Manager: Scan result ready event
02-19 22:35:28.099   752  1631 D WifiNative: Scan result ready event
02-19 22:35:28.110   752   794 V WindowManager: Sent Transition (#1194) createdAt=02-19 22:35:27.779 via request=TransitionRequestInfo { type = CLOSE, triggerTask = TaskInfo{userId=0 taskId=208 effectiveUid=10217 displayId=0 isRunning=false baseIntent=Intent { act=android.intent.action.VIEW dat=intoss://takealook/... flg=0x10000000 pkg=viva.republica.toss.test cmp=viva.republica.toss.test/.MiniAppSchemeActivity } baseActivity=null topActivity=null origActivity=null realActivity=ComponentInfo{viva.republica.toss.test/viva.republica.toss.test.MiniAppSchemeActivity} numActivities=0 lastActiveTime=119599050 supportsMultiWindow=true resizeMode=1 isResizeable=true minWidth=-1 minHeight=-1 defaultMinSize=220 token=WCT{RemoteToken{826fd80 Task{ab3d4a8 #208 type=standard A=10217:viva.republica.toss.test}}} topActivityType=1 pictureInPictureParams=null shouldDockBigOverlays=false launchIntoPipHostTaskId=-1 lastParentTaskIdBeforePip=-1 displayCutoutSafeInsets=Rect(0, 0 - 0, 0) topActivityInfo=null launchCookies=[] positionInParent=Point(0, 0) parentTaskId=-1 isFocused=true isVisible=true isVisibleRequested=true isTopActivityNoDisplay=false isSleeping=false locusId=null displayAreaFeatureId=1 isTopActivityTransparent=false isActivityStackTransparent=true lastNonFullscreenBounds=Rect(284, 660 - 796, 1740) capturedLink=null capturedLinkTimestamp=0 requestedVisibleTypes=-9 topActivityRequestOpenInBrowserEducationTimestamp=0 appCompatTaskInfo=AppCompatTaskInfo { topActivityInSizeCompat=false eligibleForLetterboxEducation= false isLetterboxEducationEnabled= false isLetterboxDoubleTapEnabled= false eligibleForUserAspectRatioButton= false topActivityBoundsLetterboxed= false isFromLetterboxDoubleTap= false topActivityLetterboxVerticalPosition= -1 topActivityLetterboxHorizontalPosition= -1 topActivityLetterboxWidth=-1 topActivityLetterboxHeight=-1 topActivityAppBounds=Rect(0, 0 - 0, 0) isUserFullscreenOverrideEnabled=false isSystemFullscreenOverrideEnabled=false hasMinAspectRatioOverride=false topActivityLetterboxBounds=null cameraCompatTaskInfo=CameraCompatTaskInfo { freeformCameraCompatMode=undefined}} topActivityMainWindowFrame=null}, pipChange = null, remoteTransition = null, displayChange = null, flags = 0, debugId = 1194 }
02-19 22:35:28.110   752   794 V WindowManager:     startWCT=WindowContainerTransaction { changes= {} hops= [] errorCallbackToken=null taskFragmentOrganizer=null }
02-19 22:35:28.111   752   794 V WindowManager:     info={id=1194 t=CLOSE f=0x0 trk=0 r=[0@Point(0, 0)] c=[
02-19 22:35:28.111   752   794 V WindowManager:         {WCT{RemoteToken{5218fe8 Task{dd43522 #1 type=home}}} m=TO_FRONT f=SHOW_WALLPAPER|MOVE_TO_TOP leash=Surface(name=Task=1)/@0x8ddbd2e sb=Rect(0, 0 - 1080, 2400) eb=Rect(0, 0 - 1080, 2400) epz=Point(1080, 2400) d=0 taskParent=-1},
02-19 22:35:28.111   752   794 V WindowManager:         {WCT{RemoteToken{826fd80 Task{ab3d4a8 #208 type=standard A=10217:viva.republica.toss.test}}} m=CLOSE f=NONE leash=Surface(name=Task=208)/@0x8c9fab2 sb=Rect(0, 0 - 1080, 2400) eb=Rect(0, 0 - 1080, 2400) epz=Point(1080, 2400) d=0 taskParent=-1},
02-19 22:35:28.111   752   794 V WindowManager:         {m=TO_FRONT f=IS_WALLPAPER leash=Surface(name=WallpaperWindowToken{35e0c0f showWhenLocked=false})/@0x512f5be sb=Rect(0, 0 - 1080, 2400) eb=Rect(0, 0 - 1080, 2400) epz=Point(1080, 2400) d=0}
02-19 22:35:28.111   752   794 V WindowManager:     ]}
02-19 22:35:28.112 19301 19458 I WifiScanner: onFullResults
02-19 22:35:28.114 19166 19190 D QuickstepModelDelegate: notifyAppTargetEvent action=1 launchLocation=workspace/0/[-1,-1]/[1,1]
02-19 22:35:28.166   752  1023 I HalDevMgr: bestIfaceCreationProposal is null, requestIface=STA, existingIface=[name=wlan0 type=STA]
02-19 22:35:28.175 19301 20335 I WifiScanner: onFullResults
02-19 22:35:28.195   531   531 I BpBinder: onLastStrongRef automatically unlinking death recipients: 
02-19 22:35:28.208  1971  2198 I AiAiEcho: Predicting[0]:  [CONTEXT sampling_count=5 ]
02-19 22:35:28.208  1971  2198 I AiAiEcho: EchoTargets: 
02-19 22:35:28.208  1971  2198 I AiAiEcho: Filtered by AiAi flag check: 
02-19 22:35:28.208  1971  2198 I AiAiEcho: [CONTEXT ratelimit_period="10 SECONDS" ]
02-19 22:35:28.223   752   989 I ImeTracker: com.google.android.apps.nexuslauncher:40220866: onRequestHide at ORIGIN_SERVER reason HIDE_UNSPECIFIED_WINDOW fromUser false
02-19 22:35:28.237 19166 19190 I s.nexuslauncher: AssetManager2(0x7d8fac443a78) locale list changing from [] to [en-US]
02-19 22:35:28.247  1971  2198 I AiAiEcho: #remoteViewsTwiddler: feature disabled.
02-19 22:35:28.247 20022 20022 I GoogleInputMethodService: GoogleInputMethodService.onFinishInput():2043 
02-19 22:35:28.254 20022 20022 I Module  : DeviceLockedStatusModuleProvider$Module.updateDeviceLockedStatus():100 repeatCheckTimes = 0, locked = false
02-19 22:35:28.275   752   935 I ImeTracker: system_server:5883895e: onRequestHide at ORIGIN_SERVER reason IME_REQUESTED_CHANGED_LISTENER fromUser false
02-19 22:35:28.294 20022 20022 I GoogleInputMethodService: GoogleInputMethodService.onStartInput():1293 onStartInput(EditorInfo{EditorInfo{packageName=com.google.android.apps.nexuslauncher, inputType=0, inputTypeString=NULL, enableLearning=false, autoCorrection=false, autoComplete=false, imeOptions=0, privateImeOptions=null, actionName=UNSPECIFIED, actionLabel=null, initialSelStart=-1, initialSelEnd=-1, initialCapsMode=0, label=null, fieldId=0, fieldName=null, extras=null, hintText=null, hintLocales=[]}}, false)
02-19 22:35:28.319 20022 20022 I EmojiCompatManager: EmojiCompatManager.getEmojiCompatIfLoaded():343 EmojiCompat.init() was never called.
02-19 22:35:28.319 20022 20022 I EmojiCompatManager: java.lang.IllegalStateException: EmojiCompat is not initialized. Please call EmojiCompat.init() first
02-19 22:35:28.319 20022 20022 I EmojiCompatManager: 	at asx.p(PG:6)
02-19 22:35:28.319 20022 20022 I EmojiCompatManager: 	at axb.b(PG:13)
02-19 22:35:28.319 20022 20022 I EmojiCompatManager: 	at jnr.b(PG:2)
02-19 22:35:28.319 20022 20022 I EmojiCompatManager: 	at jnr.c(PG:4)
02-19 22:35:28.319 20022 20022 I EmojiCompatManager: 	at jnr.f(PG:3)
02-19 22:35:28.319 20022 20022 I EmojiCompatManager: 	at jnx.c(PG:3)
02-19 22:35:28.319 20022 20022 I EmojiCompatManager: 	at kif.cz(PG:47)
02-19 22:35:28.319 20022 20022 I EmojiCompatManager: 	at lhl.run(PG:1025)
02-19 22:35:28.319 20022 20022 I EmojiCompatManager: 	at jaf.execute(PG:12)
02-19 22:35:28.319 20022 20022 I EmojiCompatManager: 	at nco.v(PG:13)
02-19 22:35:28.319 20022 20022 I EmojiCompatManager: 	at lhn.m(PG:96)
02-19 22:35:28.319 20022 20022 I EmojiCompatManager: 	at lhn.k(PG:25)
02-19 22:35:28.319 20022 20022 I EmojiCompatManager: 	at kgn.onStartInput(PG:250)
02-19 22:35:28.319 20022 20022 I EmojiCompatManager: 	at android.inputmethodservice.InputMethodService.doStartInput(InputMethodService.java:3521)
02-19 22:35:28.319 20022 20022 I EmojiCompatManager: 	at android.inputmethodservice.InputMethodService$InputMethodImpl.startInput(InputMethodService.java:879)
02-19 22:35:28.319 20022 20022 I EmojiCompatManager: 	at android.inputmethodservice.InputMethodService$InputMethodImpl.dispatchStartInput(InputMethodService.java:908)
02-19 22:35:28.319 20022 20022 I EmojiCompatManager: 	at android.inputmethodservice.IInputMethodWrapper.executeMessage(IInputMethodWrapper.java:201)
02-19 22:35:28.319 20022 20022 I EmojiCompatManager: 	at com.android.internal.os.HandlerCaller$MyHandler.handleMessage(HandlerCaller.java:44)
02-19 22:35:28.319 20022 20022 I EmojiCompatManager: 	at android.os.Handler.dispatchMessage(Handler.java:110)
02-19 22:35:28.319 20022 20022 I EmojiCompatManager: 	at android.os.Looper.loopOnce(Looper.java:248)
02-19 22:35:28.319 20022 20022 I EmojiCompatManager: 	at android.os.Looper.loop(Looper.java:338)
02-19 22:35:28.319 20022 20022 I EmojiCompatManager: 	at android.app.ActivityThread.main(ActivityThread.java:9067)
02-19 22:35:28.319 20022 20022 I EmojiCompatManager: 	at java.lang.reflect.Method.invoke(Native Method)
02-19 22:35:28.319 20022 20022 I EmojiCompatManager: 	at com.android.internal.os.RuntimeInit$MethodAndArgsCaller.run(RuntimeInit.java:593)
02-19 22:35:28.319 20022 20022 I EmojiCompatManager: 	at com.android.internal.os.ZygoteInit.main(ZygoteInit.java:932)
02-19 22:35:28.333 20022 20022 I Module  : DeviceLockedStatusModuleProvider$Module.updateDeviceLockedStatus():100 repeatCheckTimes = 1, locked = false
02-19 22:35:28.333 20022 20022 W NotificationCenter: NotificationCenter$NotificationQueue.notifyPendingNotificationsOnExecutor():877 Heavy notify work detected on UI thread: [kig->ilu, kig->ijm, kig->gkl, kig->ilu, kig->jnx, kig->khc, kig->ilu, kig->fro, kig->fef, kig->ilu, kig->ilu, kig->fcb, kig->ilu, kig->khg, kig->imt, kig->ilu, kig->ilu, kig->ilu, kig->ilu, kig->ilu, kig->lux, kig->ilu, kig->ilu] takes 28ms
02-19 22:35:28.337   752  1233 W PackageConfigPersister: App-specific configuration not found for packageName: com.google.android.apps.nexuslauncher and userId: 0
02-19 22:35:28.353 19166 19190 W HWUI    : Image decoding logging dropped!
02-19 22:35:28.367 19166 19166 D InsetsController: hide(ime(), fromIme=false)
02-19 22:35:28.369 19166 19166 I ImeTracker: com.google.android.apps.nexuslauncher:40220866: onCancelled at PHASE_CLIENT_ALREADY_HIDDEN
02-19 22:35:28.411  1971  2198 I AiAiEcho: #postPredictionTargets: Sending updates to UISurface home with targets# 0 (types=[])
02-19 22:35:28.468   752   797 I ImeTracker: system_server:5883895e: onCancelled at PHASE_SERVER_SHOULD_HIDE
02-19 22:35:28.551 19166 19166 D SsBaseTemplateCard: No text view can be set up
02-19 22:35:28.551 19166 19166 D SsBaseTemplateCard: Passed-in item info is null
02-19 22:35:28.551 19166 19166 D SsBaseTemplateCard: Passed-in item info is null
02-19 22:35:28.551 19166 19166 D SsBaseTemplateCard: Passed-in item info is null
02-19 22:35:28.551 19166 19166 I SsBaseTemplateCard: Secondary card pane is null
02-19 22:35:28.568  3453  3453 D BoundBrokerSvc: onUnbind: Intent { act=com.google.android.gms.checkin.START xflg=0x4 pkg=com.google.android.gms }
02-19 22:35:28.724 10534 10534 W dumpsys : Thread Pool max thread count is 0. Cannot cache binder as linkToDeath cannot be implemented. serviceName: package
02-19 22:35:29.020   752  1856 E TaskPersister: File error accessing recents directory (directory doesn't exist?).
02-19 22:35:29.088 19166 19166 D ScalingWorkspaceRevealAnim: alpha of workspace at the end of animation: 1.0
02-19 22:35:29.097  4449  4467 V WindowManagerShell: Transition animation finished (aborted=false), notifying core (#1194) android.os.BinderProxy@2ba1f03@0
02-19 22:35:29.110   752   794 V WindowManager: Finish Transition (#1194): created at 02-19 22:35:27.779 collect-started=0.304ms request-sent=0.471ms started=13.898ms ready=224.81ms sent=236.639ms commit=93.421ms finished=1326.02ms
02-19 22:35:29.118 10398 10398 D VRI[GraniteActivity]: visibilityChanged oldVisibility=true newVisibility=false
02-19 22:35:29.152  4449  4467 V WindowManagerShell: Track 0 became idle
02-19 22:35:29.152  4449  4467 V WindowManagerShell: All active transition animations finished
02-19 22:35:29.544   752   795 W Looper  : Slow dispatch took 256ms android.ui app=system_server main=false group=TOP_APP h=com.android.server.am.ActivityManagerService$UiHandler c=com.android.server.am.UidObserverController$$ExternalSyntheticLambda0@6a2cd6d m=0
02-19 22:35:29.576   752   795 W ActivityTaskManager: callingPackage for (uid=-1, pid=0) has no WPC
02-19 22:35:29.577   752   795 W ActivityStartInterceptor: Starting home with component specified, uid=0
02-19 22:35:29.580   752   795 W OptProp : Cannot read opt property android.window.PROPERTY_COMPAT_ALLOW_USER_ASPECT_RATIO_OVERRIDE
02-19 22:35:29.580   752   795 W OptProp : Cannot read opt property android.window.PROPERTY_COMPAT_ALLOW_USER_ASPECT_RATIO_FULLSCREEN_OVERRIDE
02-19 22:35:29.580   752   795 W OptProp : Cannot read opt property android.window.PROPERTY_COMPAT_ALLOW_RESIZEABLE_ACTIVITY_OVERRIDES
02-19 22:35:29.581   752   795 W OptProp : Cannot read opt property android.window.PROPERTY_COMPAT_ALLOW_MIN_ASPECT_RATIO_OVERRIDE
02-19 22:35:29.582   752   795 V GrammaticalInflectionUtils: AttributionSource: android.content.AttributionSource@1abea79a does not have READ_SYSTEM_GRAMMATICAL_GENDER permission.
02-19 22:35:29.587 10398 10398 W Ads     : Failed to get a preloader. Call MobileAds.initialize() prior to calling preload APIs. @3
02-19 22:35:29.588 10398 10398 W Ads     : Failed to get a preloader. Call MobileAds.initialize() prior to calling preload APIs.
02-19 22:35:29.590 10398 10398 W WindowOnBackDispatcher: sendCancelIfRunning: isInProgress=false callback=android.view.ViewRootImpl$$ExternalSyntheticLambda13@e508422
02-19 22:35:29.597 10398 10398 D ViewRootImpl: Skipping stats log for color mode
02-19 22:35:29.599  4449   614 D KeyguardService: setOccluded(false)
02-19 22:35:29.600  4449   614 D KeyguardViewMediator: setOccluded(false)
02-19 22:35:29.600  4449  4449 D KeyguardViewMediator: handleSetOccluded(false)
02-19 22:35:29.600  4449  4449 D KeyguardViewMediator: KeyguardViewMediator queue processing message: SET_OCCLUDED
02-19 22:35:29.601 19166 19166 W SplitSelectStateCtor: Missing session instanceIds
02-19 22:35:29.602 19166 19166 D StatsLog: LAUNCHER_SPLIT_SELECTION_EXIT_INTERRUPTED
02-19 22:35:29.603 19166 19166 D TFOManager: playPanelCloseAnimation() duration=200 traceTag=LauncherOverlay-hide isHomeButtonTap=true
02-19 22:35:29.604 19166 19166 D TFOManager: Skipped creating panel close animation because -1 is invisible.
02-19 22:35:29.605 19166 19166 D OverviewCommandHelper: clearing pending commands: []
02-19 22:35:29.612   752   795 I ActivityTaskManager: START u0 {act=android.intent.action.MAIN cat=[android.intent.category.HOME] flg=0x10000100 cmp=com.google.android.apps.nexuslauncher/.NexusLauncherActivity (has extras)} with LAUNCH_SINGLE_TASK from uid 0 (BAL_ALLOW_ALLOWLISTED_UID) result code=3
02-19 22:35:29.615 19166 19166 D StatsLog: LAUNCHER_ONRESUME
02-19 22:35:29.629   531   549 I BpBinder: onLastStrongRef automatically unlinking death recipients: 
02-19 22:35:29.630  4449  4467 D WindowManagerShell: onActivityRestartAttempt: topActivity=ComponentInfo{com.google.android.apps.nexuslauncher/com.google.android.apps.nexuslauncher.NexusLauncherActivity}, wasVisible=true
02-19 22:35:29.664  4449  4449 I vol.VolumeDialogImpl: mDialog.dismiss() reason: volume_controller from: com.android.systemui.volume.VolumeDialogImpl$7.onDismissRequested:3
02-19 22:35:29.665 19166 19166 I NotificationListener: Handling notification state refresh for com.google.android.adservices.api#0
02-19 22:35:29.666 19166 19166 I NotificationListener: Handling notification state refresh for android#0
02-19 22:35:29.666 19166 19166 I NotificationListener: Handling notification state refresh for com.android.systemui#0
02-19 22:35:29.668 19166 19190 D QuickstepModelDelegate: notifyAppTargetEvent action=1 launchLocation=workspace/0/[-1,-1]/[1,1]
02-19 22:35:29.687   752  1029 D InetDiagMessage: Destroyed 0 sockets, proto=IPPROTO_TCP, family=AF_INET, states=14
02-19 22:35:29.695   752  1029 D InetDiagMessage: Destroyed 0 sockets, proto=IPPROTO_TCP, family=AF_INET6, states=14
02-19 22:35:29.695   752  1029 D InetDiagMessage: Destroyed live tcp sockets for uids={10168} in 10ms
02-19 22:35:29.696   752  1029 D InetDiagMessage: Destroyed 0 sockets, proto=IPPROTO_TCP, family=AF_INET, states=14
02-19 22:35:29.706 10052 10052 I artd    : GetBestInfo: odex next to the dex file (/data/app/~~O-UZzK0jUU9NLgS3MODOZA==/com.google.android.gms-YQ2L6GsYyKuvu9MvIBK1EQ==/oat/x86_64/base.odex) is kOatUpToDate with filter 'speed-profile' executable 'false'
02-19 22:35:29.712 10052 10052 I artd    : GetBestInfo: odex next to the dex file (/data/app/~~O-UZzK0jUU9NLgS3MODOZA==/com.google.android.gms-YQ2L6GsYyKuvu9MvIBK1EQ==/oat/x86_64/split_AdsDynamite_installtime.odex) is kOatUpToDate with filter 'speed' executable 'false'
02-19 22:35:29.718 10052 10052 I artd    : GetBestInfo: odex next to the dex file (/data/app/~~O-UZzK0jUU9NLgS3MODOZA==/com.google.android.gms-YQ2L6GsYyKuvu9MvIBK1EQ==/oat/x86_64/split_CronetDynamite_installtime.odex) is kOatUpToDate with filter 'speed' executable 'false'
02-19 22:35:29.723 10052 10052 I artd    : GetBestInfo: odex next to the dex file (/data/app/~~O-UZzK0jUU9NLgS3MODOZA==/com.google.android.gms-YQ2L6GsYyKuvu9MvIBK1EQ==/oat/x86_64/split_DynamiteLoader_installtime.odex) is kOatUpToDate with filter 'speed' executable 'false'
02-19 22:35:29.728 10052 10052 I artd    : GetBestInfo: odex next to the dex file (/data/app/~~O-UZzK0jUU9NLgS3MODOZA==/com.google.android.gms-YQ2L6GsYyKuvu9MvIBK1EQ==/oat/x86_64/split_DynamiteModulesA_installtime.odex) is kOatUpToDate with filter 'speed' executable 'false'
02-19 22:35:29.733 10052 10054 I artd    : GetBestInfo: odex next to the dex file (/data/app/~~O-UZzK0jUU9NLgS3MODOZA==/com.google.android.gms-YQ2L6GsYyKuvu9MvIBK1EQ==/oat/x86_64/split_DynamiteModulesC_installtime.odex) is kOatUpToDate with filter 'speed' executable 'false'
02-19 22:35:29.741 10052 10054 I artd    : GetBestInfo: odex next to the dex file (/data/app/~~O-UZzK0jUU9NLgS3MODOZA==/com.google.android.gms-YQ2L6GsYyKuvu9MvIBK1EQ==/oat/x86_64/split_GoogleCertificates_installtime.odex) is kOatUpToDate with filter 'speed' executable 'false'
02-19 22:35:29.746  1971  2198 I AiAiEcho: Predicting[0]:  [CONTEXT sampling_count=5 ]
02-19 22:35:29.749  1971  2198 I AiAiEcho: EchoTargets: 
02-19 22:35:29.749  1971  2198 I AiAiEcho: Filtered by AiAi flag check: 
02-19 22:35:29.749  1971  2198 I AiAiEcho: [CONTEXT ratelimit_period="10 SECONDS" ]
02-19 22:35:29.751  1971  2198 I AiAiEcho: #remoteViewsTwiddler: feature disabled.
02-19 22:35:29.755 10052 10054 I artd    : GetBestInfo: odex next to the dex file (/data/app/~~O-UZzK0jUU9NLgS3MODOZA==/com.google.android.gms-YQ2L6GsYyKuvu9MvIBK1EQ==/oat/x86_64/split_MapsDynamite_installtime.odex) is kOatUpToDate with filter 'speed' executable 'false'
02-19 22:35:29.765   752   935 W WindowManager: Failed looking up window session=Session{66bcbc2 10398:u0a10217} callers=com.android.server.wm.WindowManagerService.windowForClientLocked:6410 com.android.server.wm.Session.setOnBackInvokedCallbackInfo:1002 android.view.IWindowSession$Stub.onTransact:1156 
02-19 22:35:29.765   752   935 I WindowManager: setOnBackInvokedCallback(): No window state for package:viva.republica.toss.test
02-19 22:35:29.773 10052 10052 I artd    : GetBestInfo: odex next to the dex file (/data/app/~~O-UZzK0jUU9NLgS3MODOZA==/com.google.android.gms-YQ2L6GsYyKuvu9MvIBK1EQ==/oat/x86_64/split_MeasurementDynamite_installtime.odex) is kOatUpToDate with filter 'speed' executable 'false'
02-19 22:35:29.784 10052 10052 I artd    : GetBestInfo: /data/app/~~O-UZzK0jUU9NLgS3MODOZA==/com.google.android.gms-YQ2L6GsYyKuvu9MvIBK1EQ==/split_maps_core_dynamite_ondemand.apk has no usable artifacts
02-19 22:35:29.786  1971  2198 I AiAiEcho: #postPredictionTargets: Sending updates to UISurface home with targets# 0 (types=[])
02-19 22:35:29.788   752  1029 D InetDiagMessage: Destroyed 0 sockets, proto=IPPROTO_TCP, family=AF_INET6, states=14
02-19 22:35:29.789 10052 10052 I artd    : GetBestInfo: /data/user_de/0/com.google.android.gms/app_chimera/m/0000000c/dl-Appsearch.optional_250834100800.apk has no usable artifacts
02-19 22:35:29.792   752  1029 D InetDiagMessage: Destroyed live tcp sockets for uids={20168} in 96ms
02-19 22:35:29.793 10052 10054 I artd    : GetBestInfo: /data/user_de/0/com.google.android.gms/app_chimera/m/00000001/CronetDynamite.apk has no usable artifacts
02-19 22:35:29.797 10052 10054 I artd    : GetBestInfo: /data/user_de/0/com.google.android.gms/app_chimera/m/00000002/DynamiteLoader.apk has no usable artifacts
02-19 22:35:29.799 10052 10054 I artd    : GetBestInfo: /data/user_de/0/com.google.android.gms/app_chimera/m/00000005/GoogleCertificates.apk has no usable artifacts
02-19 22:35:29.811 10052 10054 I artd    : GetBestInfo: /data/user_de/0/com.google.android.gms/app_chimera/m/00000009/dl-TfliteDynamiteDynamite.integ_252130102100800.apk has no usable artifacts
02-19 22:35:29.813 19166 19166 D SsBaseTemplateCard: No text view can be set up
02-19 22:35:29.813 19166 19166 D SsBaseTemplateCard: Passed-in item info is null
02-19 22:35:29.814 19166 19166 D SsBaseTemplateCard: Passed-in item info is null
02-19 22:35:29.814 19166 19166 D SsBaseTemplateCard: Passed-in item info is null
02-19 22:35:29.814 19166 19166 I SsBaseTemplateCard: Secondary card pane is null
02-19 22:35:29.823 10052 10054 I artd    : GetBestInfo: vdex next to the dex file (/data/user/0/com.google.android.gms/app_dg_cache/BF7C023AB90CCF01D1F467FC1CEBAF866511FF29/oat/x86_64/the.vdex) is kOatUpToDate with filter 'verify' executable 'false'
02-19 22:35:29.829 10052 10054 I artd    : GetBestInfo: /data/user_de/0/com.google.android.gms/app_chimera/m/00000010/dl-PlayCloudSearch.optional_250834100000.apk has no usable artifacts
02-19 22:35:29.838 10052 10054 I artd    : GetBestInfo: /data/user_de/0/com.google.android.gms/app_chimera/m/00000017/dl-PlayCloudSearch.optional_260438100000.apk has no usable artifacts
02-19 22:35:29.841   752  1095 D BackgroundInstallControlService: Package event received: 0
02-19 22:35:29.851 10052 10054 I artd    : GetBestInfo: /data/user_de/0/com.google.android.gms/app_chimera/m/00000015/dl-MlkitOcrCommon.optional_260438100800.apk has no usable artifacts
02-19 22:35:29.853 19166 19166 D RecentsView: onTaskRemoved: 208, not handling task stack changes
02-19 22:35:29.853 19166 19166 D RecentsView: onTaskRemoved: 208, not handling task stack changes
02-19 22:35:29.857 10052 10052 I artd    : GetBestInfo: /data/user_de/0/com.google.android.gms/app_chimera/m/00000013/dl-MlkitBarcodeUi.optional_260438100800.apk has no usable artifacts
02-19 22:35:29.860 10052 10054 I artd    : GetBestInfo: /data/user_de/0/com.google.android.gms/app_chimera/m/0000000f/dl-MlkitOcrCommon.optional_250834100800.apk has no usable artifacts
02-19 22:35:29.862 10052 10054 I artd    : GetBestInfo: /data/user_de/0/com.google.android.gms/app_chimera/m/0000000d/dl-VisionOcr.optional_250834100000.apk has no usable artifacts
02-19 22:35:29.895 10052 10052 I artd    : GetBestInfo: /data/user_de/0/com.google.android.gms/app_chimera/m/0000000a/dl-MlkitBarcodeUi.optional_250834100800.apk has no usable artifacts
02-19 22:35:29.901 10052 10052 I artd    : GetBestInfo: /data/user_de/0/com.google.android.gms/app_chimera/m/00000011/dl-VisionOcr.optional_260438100000.apk has no usable artifacts
02-19 22:35:29.915 10052 10052 I artd    : GetBestInfo: /data/user_de/0/com.google.android.gms/app_chimera/m/00000012/dl-Appsearch.optional_260438100800.apk has no usable artifacts
02-19 22:35:29.921 10052 10052 I artd    : GetBestInfo: vdex next to the dex file (/data/user/0/com.google.android.gms/app_dg_cache/94DF452EEF4B8E717545DCDEA6CC3C50A319A195/oat/x86_64/the.vdex) is kOatUpToDate with filter 'verify' executable 'false'
02-19 22:35:29.929 10052 10052 I artd    : GetBestInfo: /data/user_de/0/com.google.android.gms/app_chimera/m/00000007/MeasurementDynamite.apk has no usable artifacts
02-19 22:35:29.931 10052 10054 I artd    : GetBestInfo: /data/user_de/0/com.google.android.gms/app_chimera/m/00000018/dl-AdsFdrDynamite.integ_254380203100000.apk has no usable artifacts
02-19 22:35:30.021   752   775 I system_server: Background concurrent mark compact GC freed 25MB AllocSpace bytes, 47(1084KB) LOS objects, 41% free, 33MB/57MB, paused 21.156ms,5.105ms total 1.242s
02-19 22:35:30.036   752   777 W System  : A resource failed to call release. 
02-19 22:35:30.842 10398 10546 D nativeloader: Load /data/app/~~NUQj-rdXzuicW-16SIRtKA==/viva.republica.toss.test-Si406wFvb_sqEA2GTBV6RQ==/lib/x86_64/libc++_shared.so using class loader ns clns-9 (caller=<unknown>): ok
02-19 22:35:30.846 10398 10546 D nativeloader: Load /data/app/~~NUQj-rdXzuicW-16SIRtKA==/viva.republica.toss.test-Si406wFvb_sqEA2GTBV6RQ==/lib/x86_64/libglog.so using class loader ns clns-9 (caller=<unknown>): ok
02-19 22:35:30.850 10398 10546 D nativeloader: Load /data/app/~~NUQj-rdXzuicW-16SIRtKA==/viva.republica.toss.test-Si406wFvb_sqEA2GTBV6RQ==/lib/x86_64/libfolly_runtime.so using class loader ns clns-9 (caller=<unknown>): ok
02-19 22:35:30.854 10398 10546 D nativeloader: Load /data/app/~~NUQj-rdXzuicW-16SIRtKA==/viva.republica.toss.test-Si406wFvb_sqEA2GTBV6RQ==/lib/x86_64/libfbjni.so using class loader ns clns-9 (caller=<unknown>): ok
02-19 22:35:30.858 10398 10546 D nativeloader: Load /data/app/~~NUQj-rdXzuicW-16SIRtKA==/viva.republica.toss.test-Si406wFvb_sqEA2GTBV6RQ==/lib/x86_64/libjsi.so using class loader ns clns-9 (caller=<unknown>): ok
02-19 22:35:30.865 10398 10546 D nativeloader: Load /data/app/~~NUQj-rdXzuicW-16SIRtKA==/viva.republica.toss.test-Si406wFvb_sqEA2GTBV6RQ==/lib/x86_64/libhermes.so using class loader ns clns-9 (caller=<unknown>): ok
02-19 22:35:30.928 10398 10546 D nativeloader: Load /data/app/~~NUQj-rdXzuicW-16SIRtKA==/viva.republica.toss.test-Si406wFvb_sqEA2GTBV6RQ==/lib/x86_64/libfb.so using class loader ns clns-9 (caller=<unknown>): ok
02-19 22:35:30.934 10398 10546 D nativeloader: Load /data/app/~~NUQj-rdXzuicW-16SIRtKA==/viva.republica.toss.test-Si406wFvb_sqEA2GTBV6RQ==/lib/x86_64/libyoga.so using class loader ns clns-9 (caller=<unknown>): ok
02-19 22:35:30.941 10398 10546 D nativeloader: Load /data/app/~~NUQj-rdXzuicW-16SIRtKA==/viva.republica.toss.test-Si406wFvb_sqEA2GTBV6RQ==/lib/x86_64/libruntimeexecutor.so using class loader ns clns-9 (caller=<unknown>): ok
02-19 22:35:30.976 10398 10546 D nativeloader: Load /data/app/~~NUQj-rdXzuicW-16SIRtKA==/viva.republica.toss.test-Si406wFvb_sqEA2GTBV6RQ==/lib/x86_64/libreact_debug.so using class loader ns clns-9 (caller=<unknown>): ok
02-19 22:35:30.978 10398 10546 D nativeloader: Load /data/app/~~NUQj-rdXzuicW-16SIRtKA==/viva.republica.toss.test-Si406wFvb_sqEA2GTBV6RQ==/lib/x86_64/libglog_init.so using class loader ns clns-9 (caller=<unknown>): ok
02-19 22:35:31.023 10398 10546 D nativeloader: Load /data/app/~~NUQj-rdXzuicW-16SIRtKA==/viva.republica.toss.test-Si406wFvb_sqEA2GTBV6RQ==/lib/x86_64/libreact_utils.so using class loader ns clns-9 (caller=<unknown>): ok
02-19 22:35:31.027 10398 10546 D nativeloader: Load /data/app/~~NUQj-rdXzuicW-16SIRtKA==/viva.republica.toss.test-Si406wFvb_sqEA2GTBV6RQ==/lib/x86_64/libreact_render_mapbuffer.so using class loader ns clns-9 (caller=<unknown>): ok
02-19 22:35:31.031 10398 10546 D nativeloader: Load /data/app/~~NUQj-rdXzuicW-16SIRtKA==/viva.republica.toss.test-Si406wFvb_sqEA2GTBV6RQ==/lib/x86_64/libreact_render_graphics.so using class loader ns clns-9 (caller=<unknown>): ok
02-19 22:35:31.036 10398 10546 D nativeloader: Load /data/app/~~NUQj-rdXzuicW-16SIRtKA==/viva.republica.toss.test-Si406wFvb_sqEA2GTBV6RQ==/lib/x86_64/libreact_render_debug.so using class loader ns clns-9 (caller=<unknown>): ok
02-19 22:35:31.040 10398 10546 D nativeloader: Load /data/app/~~NUQj-rdXzuicW-16SIRtKA==/viva.republica.toss.test-Si406wFvb_sqEA2GTBV6RQ==/lib/x86_64/libreact_render_core.so using class loader ns clns-9 (caller=<unknown>): ok
02-19 22:35:31.043 10398 10546 D nativeloader: Load /data/app/~~NUQj-rdXzuicW-16SIRtKA==/viva.republica.toss.test-Si406wFvb_sqEA2GTBV6RQ==/lib/x86_64/libreact_render_runtimescheduler.so using class loader ns clns-9 (caller=<unknown>): ok
02-19 22:35:31.046 10398 10546 D nativeloader: Load /data/app/~~NUQj-rdXzuicW-16SIRtKA==/viva.republica.toss.test-Si406wFvb_sqEA2GTBV6RQ==/lib/x86_64/liblogger.so using class loader ns clns-9 (caller=<unknown>): ok
02-19 22:35:31.069 10547 10547 W dumpsys : Thread Pool max thread count is 0. Cannot cache binder as linkToDeath cannot be implemented. serviceName: window
02-19 22:35:31.075   752   935 I system_server: AssetManager2(0x7d8fac492f38) locale list changing from [] to [en-US]
02-19 22:35:31.079   752   935 I system_server: AssetManager2(0x7d8fac43b0f8) locale list changing from [] to [en-US]
02-19 22:35:31.080   752   935 I system_server: AssetManager2(0x7d8fac5046d8) locale list changing from [] to [en-US]
02-19 22:35:31.082   752   935 I system_server: AssetManager2(0x7d8fac4ce218) locale list changing from [] to [en-US]
02-19 22:35:31.083   752   935 I system_server: AssetManager2(0x7d8fac4ade78) locale list changing from [] to [en-US]
02-19 22:35:31.088 10398 10546 D nativeloader: Load /data/app/~~NUQj-rdXzuicW-16SIRtKA==/viva.republica.toss.test-Si406wFvb_sqEA2GTBV6RQ==/lib/x86_64/libreactperfloggerjni.so using class loader ns clns-9 (caller=<unknown>): ok
02-19 22:35:31.090   752   935 I system_server: AssetManager2(0x7d8fac435338) locale list changing from [] to [en-US]
02-19 22:35:31.090 10398 10546 D nativeloader: Load /data/app/~~NUQj-rdXzuicW-16SIRtKA==/viva.republica.toss.test-Si406wFvb_sqEA2GTBV6RQ==/lib/x86_64/libjsinspector.so using class loader ns clns-9 (caller=<unknown>): ok
02-19 22:35:31.100 10398 10546 D nativeloader: Load /data/app/~~NUQj-rdXzuicW-16SIRtKA==/viva.republica.toss.test-Si406wFvb_sqEA2GTBV6RQ==/lib/x86_64/libreactnativejni.so using class loader ns clns-9 (caller=<unknown>): ok
02-19 22:35:31.128 10398 10546 D nativeloader: Load /data/app/~~NUQj-rdXzuicW-16SIRtKA==/viva.republica.toss.test-Si406wFvb_sqEA2GTBV6RQ==/lib/x86_64/libhermes_executor.so using class loader ns clns-9 (caller=<unknown>): ok
02-19 22:35:31.251 10398 10546 D ApplicationLoaders: Returning zygote-cached class loader: /system/framework/org.apache.http.legacy.jar
02-19 22:35:31.252 10398 10546 D ApplicationLoaders: Returning zygote-cached class loader: /system/framework/com.android.location.provider.jar
02-19 22:35:31.252 10398 10546 D ApplicationLoaders: Returning zygote-cached class loader: /system/framework/com.android.media.remotedisplay.jar
02-19 22:35:31.252 10398 10546 D ApplicationLoaders: Returning zygote-cached class loader: /system_ext/framework/androidx.window.extensions.jar
02-19 22:35:31.252 10398 10546 D ApplicationLoaders: Returning zygote-cached class loader: /system_ext/framework/androidx.window.sidecar.jar
02-19 22:35:31.363 10398 10546 D nativeloader: Configuring clns-13 for other apk /data/app/~~O-UZzK0jUU9NLgS3MODOZA==/com.google.android.gms-YQ2L6GsYyKuvu9MvIBK1EQ==/base.apk. target_sdk_version=36, uses_libraries=, library_path=/data/app/~~O-UZzK0jUU9NLgS3MODOZA==/com.google.android.gms-YQ2L6GsYyKuvu9MvIBK1EQ==/lib/x86_64:/data/app/~~O-UZzK0jUU9NLgS3MODOZA==/com.google.android.gms-YQ2L6GsYyKuvu9MvIBK1EQ==/base.apk!/lib/x86_64, permitted_path=/data:/mnt/expand:/data/user/0/com.google.android.gms
02-19 22:35:31.380 10398 10546 I blica.toss.test: AssetManager2(0x7d8fac433d58) locale list changing from [] to [en-US]
02-19 22:35:31.436   752  2417 W ActivityTaskManager: callingPackage for (uid=2000, pid=10554) has no WPC
02-19 22:35:31.440   752  2417 V GrammaticalInflectionUtils: AttributionSource: android.content.AttributionSource@56784557 does not have READ_SYSTEM_GRAMMATICAL_GENDER permission.
02-19 22:35:31.444   752  2417 W OptProp : Cannot read opt property android.window.PROPERTY_COMPAT_ALLOW_USER_ASPECT_RATIO_OVERRIDE
02-19 22:35:31.444   752  2417 W OptProp : Cannot read opt property android.window.PROPERTY_COMPAT_ALLOW_USER_ASPECT_RATIO_FULLSCREEN_OVERRIDE
02-19 22:35:31.445   752  2417 W OptProp : Cannot read opt property android.window.PROPERTY_COMPAT_ALLOW_RESIZEABLE_ACTIVITY_OVERRIDES
02-19 22:35:31.446   752  2417 W OptProp : Cannot read opt property android.window.PROPERTY_COMPAT_ALLOW_MIN_ASPECT_RATIO_OVERRIDE
02-19 22:35:31.455   752  2417 W OptProp : Cannot read opt property android.window.PROPERTY_COMPAT_ALLOW_ORIENTATION_OVERRIDE
02-19 22:35:31.459   531   548 I BpBinder: onLastStrongRef automatically unlinking death recipients: 
02-19 22:35:31.463  4449  4474 I ndroid.systemui: AssetManager2(0x7d8fac464458) locale list changing from [] to [en-US]
02-19 22:35:31.466   752  2417 I ActivityTaskManager: START u0 {act=android.intent.action.VIEW dat=intoss://takealook/... flg=0x10000000 xflg=0x4 cmp=viva.republica.toss.test/im.toss.rn.granite.core.GraniteActivity} with LAUNCH_MULTIPLE from uid 2000 (BAL_ALLOW_PERMISSION) result code=0
02-19 22:35:31.467   752  2305 D CompatChangeReporter: Compat change id reported: 309578419; UID 10217; state: ENABLED
02-19 22:35:31.469 19166 19166 W SplitSelectStateCtor: Missing session instanceIds
02-19 22:35:31.469 19166 19166 D StatsLog: LAUNCHER_SPLIT_SELECTION_EXIT_INTERRUPTED
02-19 22:35:31.469 10398 10546 W System  : ClassLoader referenced unknown path: 
02-19 22:35:31.470 10398 10546 D nativeloader: Configuring clns-14 for other apk . target_sdk_version=36, uses_libraries=, library_path=/data/app/~~O-UZzK0jUU9NLgS3MODOZA==/com.google.android.gms-YQ2L6GsYyKuvu9MvIBK1EQ==/lib/x86_64:/data/app/~~O-UZzK0jUU9NLgS3MODOZA==/com.google.android.gms-YQ2L6GsYyKuvu9MvIBK1EQ==/base.apk!/lib/x86_64, permitted_path=/data:/mnt/expand:/data/user/0/com.google.android.gms
02-19 22:35:31.475   752  1233 W OptProp : Cannot read opt property android.window.PROPERTY_COMPAT_ENABLE_FAKE_FOCUS
02-19 22:35:31.476 10398 10546 W DynamiteModule: Failed to load module via V2: java.lang.NoSuchFieldException: No field sClassLoader in class Lcom/google/android/gms/dynamite/DynamiteModule$DynamiteLoaderClassLoader; (declaration of 'com.google.android.gms.dynamite.DynamiteModule$DynamiteLoaderClassLoader' appears in /data/app/~~NUQj-rdXzuicW-16SIRtKA==/viva.republica.toss.test-Si406wFvb_sqEA2GTBV6RQ==/base.apk!classes2.dex)
02-19 22:35:31.480   752  1095 D BackgroundInstallControlService: Package event received: 0
02-19 22:35:31.483 10398 10478 I EGL_emulation: Opening libGLESv1_CM_emulation.so
02-19 22:35:31.484 10398 10478 I EGL_emulation: Opening libGLESv2_emulation.so
02-19 22:35:31.486  4449  4475 W HWUI    : Image decoding logging dropped!
02-19 22:35:31.490 10398 10546 I DynamiteModule: Considering local module com.google.android.gms.ads.dynamite:0 and remote module com.google.android.gms.ads.dynamite:254380203
02-19 22:35:31.490 10398 10546 I DynamiteModule: Selected remote version of com.google.android.gms.ads.dynamite, version >= 254380203
02-19 22:35:31.495  4449  4467 D WindowManagerShell: setLauncherKeepClearAreaHeight: visible=false, height=527
02-19 22:35:31.496  4449  4467 V WindowManagerShell: Transition requested (#1196): android.os.BinderProxy@a011e5e TransitionRequestInfo { type = OPEN, triggerTask = TaskInfo{userId=0 taskId=209 effectiveUid=10217 displayId=0 isRunning=true baseIntent=Intent { act=android.intent.action.VIEW dat=intoss://takealook/... flg=0x10000000 cmp=viva.republica.toss.test/im.toss.rn.granite.core.GraniteActivity } baseActivity=ComponentInfo{viva.republica.toss.test/im.toss.rn.granite.core.GraniteActivity} topActivity=ComponentInfo{viva.republica.toss.test/im.toss.rn.granite.core.GraniteActivity} origActivity=null realActivity=ComponentInfo{viva.republica.toss.test/im.toss.rn.granite.core.GraniteActivity} numActivities=1 lastActiveTime=119605311 supportsMultiWindow=true resizeMode=1 isResizeable=true minWidth=-1 minHeight=-1 defaultMinSize=220 token=WCT{android.window.IWindowContainerToken$Stub$Proxy@46ec23f} topActivityType=1 pictureInPictureParams=null shouldDockBigOverlays=false launchIntoPipHostTaskId=-1 lastParentTaskIdBeforePip=-1 displayCutoutSafeInsets=Rect(0, 0 - 0, 0) topActivityInfo=ActivityInfo{e12170c im.toss.rn.granite.core.GraniteActivity} launchCookies=[] positionInParent=Point(0, 0) parentTaskId=-1 isFocused=false isVisible=false isVisibleRequested=false isTopActivityNoDisplay=false isSleeping=false locusId=null displayAreaFeatureId=1 isTopActivityTransparent=false isActivityStackTransparent=false lastNonFullscreenBounds=Rect(284, 660 - 796, 1740) capturedLink=null capturedLinkTimestamp=0 requestedVisibleTypes=-9 topActivityRequestOpenInBrowserEducationTimestamp=0 appCompatTaskInfo=AppCompatTaskInfo { topActivityInSizeCompat=false eligibleForLetterboxEducation= false isLetterboxEducationEnabled= true isLetterboxDoubleTapEnabled= false eligibleForUserAspectRatioButton= false topActivityBoundsLetterboxed= false isFromLetterboxDoubleTap= false topActivityLetterboxVerticalPosition= -1 topActivityLetterboxHorizontalPosition= -1 topActivityLetterboxWidth=-1 topActivityLetterboxHeight=-1 topActivityAppBounds=Rect(0, 0 - 1080, 2400) isUserFullscreenOverrideEnabled=false isSystemFullscreenOverrideEnabled=false hasMinAspectRatioOverride=false topActivityLetterboxBounds=null cameraCompatTaskInfo=CameraCompatTaskInfo { freeformCameraCompatMode=inactive}} topActivityMainWindowFrame=null}, pipChange = null, remoteTransition = null, displayChange = null, flags = 0, debugId = 1196 }
02-19 22:35:31.497  4449  4467 D ShellSplitScreen: logExit: no-op, mLoggerSessionId is null
02-19 22:35:31.501 10398 10546 D CompatChangeReporter: Compat change id reported: 312399441; UID 10217; state: ENABLED
02-19 22:35:31.506 10398 10398 I blica.toss.test: AssetManager2(0x7d8fac4281d8) locale list changing from [] to [en-US]
02-19 22:35:31.508 10398 10478 W HWUI    : Failed to choose config with EGL_SWAP_BEHAVIOR_PRESERVED, retrying without...
02-19 22:35:31.509 10398 10478 W HWUI    : Failed to initialize 101010-2 format, error = EGL_SUCCESS
02-19 22:35:31.529   531   531 I BpBinder: onLastStrongRef automatically unlinking death recipients: 
02-19 22:35:31.531   752  1095 D BackgroundInstallControlService: Package event received: 0
02-19 22:35:31.533   752  1095 D BackgroundInstallControlService: Package event received: 0
02-19 22:35:31.535   752  1095 D BackgroundInstallControlService: Package event received: 0
02-19 22:35:31.555   752  1095 D BackgroundInstallControlService: Package event received: 0
02-19 22:35:31.619   752  1095 D BackgroundInstallControlService: Package event received: 0
02-19 22:35:31.619   752  1095 D BackgroundInstallControlService: Package event received: 0
02-19 22:35:31.660   752   935 D CoreBackPreview: Window{91d5332 u0 Splash Screen viva.republica.toss.test}: Setting back callback OnBackInvokedCallbackInfo{mCallback=android.window.IOnBackInvokedCallback$Stub$Proxy@cc9707e, mPriority=0, mIsAnimationCallback=false, mOverrideBehavior=0}
