--------- beginning of main
02-19 12:01:53.371   752  1233 D WifiNl80211Manager: Scan result ready event
02-19 12:01:53.371   752  1233 D WifiNative: Scan result ready event
02-19 12:01:53.376 20068 22075 I WifiScanner: onFullResults
02-19 12:01:53.377 20068 20154 I WifiScanner: onFullResults
02-19 12:01:53.393   752  1023 I HalDevMgr: bestIfaceCreationProposal is null, requestIface=STA, existingIface=[name=wlan0 type=STA]
--------- beginning of system
02-19 12:01:53.538   752   795 W ActivityTaskManager: callingPackage for (uid=-1, pid=0) has no WPC
02-19 12:01:53.539   752   795 W ActivityStartInterceptor: Starting home with component specified, uid=0
02-19 12:01:53.541   752   795 W OptProp : Cannot read opt property android.window.PROPERTY_COMPAT_ALLOW_USER_ASPECT_RATIO_OVERRIDE
02-19 12:01:53.541   752   795 W OptProp : Cannot read opt property android.window.PROPERTY_COMPAT_ALLOW_USER_ASPECT_RATIO_FULLSCREEN_OVERRIDE
02-19 12:01:53.541   752   795 W OptProp : Cannot read opt property android.window.PROPERTY_COMPAT_ALLOW_RESIZEABLE_ACTIVITY_OVERRIDES
02-19 12:01:53.541  4449  4449 I vol.VolumeDialogImpl: mDialog.dismiss() reason: volume_controller from: com.android.systemui.volume.VolumeDialogImpl$7.onDismissRequested:3
02-19 12:01:53.542   752   795 W OptProp : Cannot read opt property android.window.PROPERTY_COMPAT_ALLOW_MIN_ASPECT_RATIO_OVERRIDE
02-19 12:01:53.546   752   795 V GrammaticalInflectionUtils: AttributionSource: android.content.AttributionSource@1abea79a does not have READ_SYSTEM_GRAMMATICAL_GENDER permission.
02-19 12:01:53.558  4449  4467 V WindowManagerShell: Transition requested (#244): android.os.BinderProxy@3f4e95b TransitionRequestInfo { type = OPEN, triggerTask = TaskInfo{userId=0 taskId=5 effectiveUid=10182 displayId=0 isRunning=true baseIntent=Intent { act=android.intent.action.MAIN cat=[android.intent.category.HOME] flg=0x10000100 cmp=com.google.android.apps.nexuslauncher/.NexusLauncherActivity } baseActivity=ComponentInfo{com.google.android.apps.nexuslauncher/com.google.android.apps.nexuslauncher.NexusLauncherActivity} topActivity=ComponentInfo{com.google.android.apps.nexuslauncher/com.google.android.apps.nexuslauncher.NexusLauncherActivity} origActivity=null realActivity=ComponentInfo{com.google.android.apps.nexuslauncher/com.google.android.apps.nexuslauncher.NexusLauncherActivity} numActivities=1 lastActiveTime=81587399 supportsMultiWindow=true resizeMode=2 isResizeable=true minWidth=-1 minHeight=-1 defaultMinSize=220 token=WCT{android.window.IWindowContainerToken$Stub$Proxy@5c345f8} topActivityType=2 pictureInPictureParams=null shouldDockBigOverlays=false launchIntoPipHostTaskId=-1 lastParentTaskIdBeforePip=-1 displayCutoutSafeInsets=Rect(0, 0 - 0, 0) topActivityInfo=ActivityInfo{9468ad1 com.google.android.apps.nexuslauncher.NexusLauncherActivity} launchCookies=[] positionInParent=Point(0, 0) parentTaskId=-1 isFocused=true isVisible=false isVisibleRequested=true isTopActivityNoDisplay=false isSleeping=false locusId=LocusId[17_chars] displayAreaFeatureId=1 isTopActivityTransparent=false isActivityStackTransparent=false lastNonFullscreenBounds=Rect(284, 660 - 796, 1740) capturedLink=null capturedLinkTimestamp=0 requestedVisibleTypes=-9 topActivityRequestOpenInBrowserEducationTimestamp=0 appCompatTaskInfo=AppCompatTaskInfo { topActivityInSizeCompat=false eligibleForLetterboxEducation= false isLetterboxEducationEnabled= true isLetterboxDoubleTapEnabled= false eligibleForUserAspectRatioButton= false topActivityBoundsLetterboxed= false isFromLetterboxDoubleTap= false topActivityLetterboxVerticalPosition= -1 topActivityLetterboxHorizontalPosition= -1 topActivityLetterboxWidth=-1 topActivityLetterboxHeight=-1 topActivityAppBounds=Rect(0, 0 - 1080, 2400) isUserFullscreenOverrideEnabled=false isSystemFullscreenOverrideEnabled=false hasMinAspectRatioOverride=false topActivityLetterboxBounds=null cameraCompatTaskInfo=CameraCompatTaskInfo { freeformCameraCompatMode=inactive}} topActivityMainWindowFrame=null}, pipChange = null, remoteTransition = null, displayChange = null, flags = 0, debugId = 244 }
02-19 12:01:53.559  4449  4467 D ShellSplitScreen: logExit: no-op, mLoggerSessionId is null
02-19 12:01:53.559  1341  1341 D ViewRootImpl: Skipping stats log for color mode
02-19 12:01:53.560   752   795 I ActivityTaskManager: START u0 {act=android.intent.action.MAIN cat=[android.intent.category.HOME] flg=0x10000100 cmp=com.google.android.apps.nexuslauncher/.NexusLauncherActivity (has extras)} with LAUNCH_SINGLE_TASK from uid 0 (BAL_ALLOW_ALLOWLISTED_UID) result code=2
02-19 12:01:53.560  1341  1341 D TFOManager: playPanelCloseAnimation() duration=200 traceTag=LauncherOverlay-hide isHomeButtonTap=true
02-19 12:01:53.560  1341  1341 D TFOManager: Skipped creating panel close animation because -1 is invisible.
02-19 12:01:53.560  1341  1341 D OverviewCommandHelper: clearing pending commands: []
02-19 12:01:53.566  1341  1341 D StatsLog: LAUNCHER_ONRESUME
02-19 12:01:53.567  4449  4467 D WindowManagerShell: setLauncherKeepClearAreaHeight: visible=true, height=527
02-19 12:01:53.568   752   797 W IPCThreadState: Sending oneway calls to frozen process.
02-19 12:01:53.568   752   797 W IPCThreadState: Sending oneway calls to frozen process.
02-19 12:01:53.568   752   797 W IPCThreadState: Sending oneway calls to frozen process.
02-19 12:01:53.568   752   797 W IPCThreadState: Sending oneway calls to frozen process.
02-19 12:01:53.568   752   797 W IPCThreadState: Sending oneway calls to frozen process.
02-19 12:01:53.568   752   797 W IPCThreadState: Sending oneway calls to frozen process.
02-19 12:01:53.569   752   797 W IPCThreadState: Sending oneway calls to frozen process.
02-19 12:01:53.569  4449  4467 D WindowManagerShell: onActivityRestartAttempt: topActivity=ComponentInfo{com.google.android.apps.nexuslauncher/com.google.android.apps.nexuslauncher.NexusLauncherActivity}, wasVisible=false
02-19 12:01:53.570   752   797 W IPCThreadState: Sending oneway calls to frozen process.
02-19 12:01:53.570   752   797 W IPCThreadState: Sending oneway calls to frozen process.
02-19 12:01:53.570   752   797 W IPCThreadState: Sending oneway calls to frozen process.
02-19 12:01:53.571   752   797 W IPCThreadState: Sending oneway calls to frozen process.
02-19 12:01:53.571   752   797 W IPCThreadState: Sending oneway calls to frozen process.
02-19 12:01:53.571   752   797 W IPCThreadState: Sending oneway calls to frozen process.
02-19 12:01:53.571   752   797 W IPCThreadState: Sending oneway calls to frozen process.
02-19 12:01:53.571   752   797 W IPCThreadState: Sending oneway calls to frozen process.
02-19 12:01:53.572   752   797 W ProcessStats: Tracking association SourceState{1b917ca system/1000 BFgs #12664} whose proc state 4 is better than process ProcessState{42c4ef0 com.google.android.ext.services/10208 pkg=com.google.android.ext.services} proc state 14 (5 skipped)
02-19 12:01:53.575   752  1095 D BackgroundInstallControlService: Package event received: 0
02-19 12:01:53.576   752  1095 D BackgroundInstallControlService: Package event received: 0
02-19 12:01:53.576   752  1095 D BackgroundInstallControlService: Package event received: 0
02-19 12:01:53.576   752  1095 D BackgroundInstallControlService: Package event received: 0
02-19 12:01:53.578   531   531 I BpBinder: onLastStrongRef automatically unlinking death recipients: 
02-19 12:01:53.578  1341  1341 D NexusLauncherModelDelegate: notifySmartspaceEvent: SmartspaceTargetEvent{mSmartspaceTarget=null, mSmartspaceActionId='null', mEventType=6}
02-19 12:01:53.580   752  1095 D BackgroundInstallControlService: Package event received: 0
02-19 12:01:53.580   752  1095 D BackgroundInstallControlService: Package event received: 0
02-19 12:01:53.580   752  1095 D BackgroundInstallControlService: Package event received: 0
02-19 12:01:53.580   752  1095 D BackgroundInstallControlService: Package event received: 0
02-19 12:01:53.580   752  1095 D BackgroundInstallControlService: Package event received: 0
02-19 12:01:53.580   752  1095 D BackgroundInstallControlService: Package event received: 0
02-19 12:01:53.580   752  1095 D BackgroundInstallControlService: Package event received: 0
02-19 12:01:53.580   752  1095 D BackgroundInstallControlService: Package event received: 0
02-19 12:01:53.580   752  1095 D BackgroundInstallControlService: Package event received: 0
02-19 12:01:53.581   752  1095 D BackgroundInstallControlService: Package event received: 0
02-19 12:01:53.589  1341  1407 D QuickstepModelDelegate: notifyAppTargetEvent action=1 launchLocation=workspace/0/[-1,-1]/[1,1]
02-19 12:01:53.593  1341  1341 D BaseDepthController: setSurface:
02-19 12:01:53.593  1341  1341 D BaseDepthController: 	mWaitingOnSurfaceValidity: false
02-19 12:01:53.593  1341  1341 D BaseDepthController: 	mBaseSurface: Surface(name=com.google.android.apps.nexuslauncher/com.google.android.apps.nexuslauncher.NexusLauncherActivity)/@0x94d8eb8
02-19 12:01:53.604  1971  2198 I AiAiEcho: Predicting[0]:  [CONTEXT sampling_count=5 ]
02-19 12:01:53.604  1971  2198 I AiAiEcho: EchoTargets: 
02-19 12:01:53.604  1971  2198 I AiAiEcho: Filtered by AiAi flag check: 
02-19 12:01:53.604  1971  2198 I AiAiEcho: [CONTEXT ratelimit_period="10 SECONDS" ]
02-19 12:01:53.604  1971  2198 I AiAiEcho: #remoteViewsTwiddler: feature disabled.
02-19 12:01:53.626  1341  1341 D ActivityAllAppsContainerView: rebindAdapters: force: false
02-19 12:01:53.626  1341  1341 D ActivityAllAppsContainerView: rebindAdapters: Not needed.
02-19 12:01:53.627   531   590 I BpBinder: onLastStrongRef automatically unlinking death recipients: 
02-19 12:01:53.629  1341  1341 I NotificationListener: Handling notification state refresh for com.google.android.adservices.api#0
02-19 12:01:53.634  1971  2198 I AiAiEcho: #postPredictionTargets: Sending updates to UISurface home with targets# 0 (types=[])
02-19 12:01:53.646   752  1095 D BackgroundInstallControlService: Package event received: 0
02-19 12:01:53.653  1341  1341 I NotificationListener: Handling notification state refresh for android#0
02-19 12:01:53.653  1341  1341 I NotificationListener: Handling notification state refresh for com.android.systemui#0
02-19 12:01:53.656  1341  1341 D SsBaseTemplateCard: No text view can be set up
02-19 12:01:53.657  1341  1341 D SsBaseTemplateCard: Passed-in item info is null
02-19 12:01:53.657  1341  1341 D SsBaseTemplateCard: Passed-in item info is null
02-19 12:01:53.657  1341  1341 D SsBaseTemplateCard: Passed-in item info is null
02-19 12:01:53.657  1341  1341 I SsBaseTemplateCard: Secondary card pane is null
02-19 12:01:53.673  4449  4501 V WindowManagerShell: onTransitionReady(transaction=3229815413282)
02-19 12:01:53.675  4449  4467 V WindowManagerShell: onTransitionReady (#244) android.os.BinderProxy@3f4e95b: {id=244 t=OPEN f=0x0 trk=0 r=[0@Point(0, 0)] c=[
02-19 12:01:53.675  4449  4467 V WindowManagerShell:         {m=TO_FRONT f=SHOW_WALLPAPER|MOVE_TO_TOP leash=Surface(name=Task=1)/@0xffaf936 sb=Rect(0, 0 - 1080, 2400) eb=Rect(0, 0 - 1080, 2400) epz=Point(1080, 2400) d=0 taskParent=-1},
02-19 12:01:53.675  4449  4467 V WindowManagerShell:         {m=TO_BACK f=NONE leash=Surface(name=Task=46)/@0xb8ec037 sb=Rect(0, 0 - 1080, 2400) eb=Rect(0, 0 - 1080, 2400) epz=Point(1080, 2400) d=0 taskParent=-1},
02-19 12:01:53.675  4449  4467 V WindowManagerShell:         {m=TO_FRONT f=IS_WALLPAPER leash=Surface(name=WallpaperWindowToken{35e0c0f showWhenLocked=false})/@0xbe2c9a4 sb=Rect(0, 0 - 1080, 2400) eb=Rect(0, 0 - 1080, 2400) epz=Point(1080, 2400) d=0}
02-19 12:01:53.675  4449  4467 V WindowManagerShell:     ]}
02-19 12:01:53.676  4449  4467 V WindowManagerShell: Playing animation for (#244) android.os.BinderProxy@3f4e95b@0
02-19 12:01:53.676  4449  4467 V ShellRecents: RecentsTransitionHandler.startAnimation: no controller found
02-19 12:01:53.676  4449  4467 V WindowManagerShell: Transition doesn't have explicit remote, search filters for match for {id=244 t=OPEN f=0x0 trk=0 r=[0@Point(0, 0)] c=[{m=TO_FRONT f=SHOW_WALLPAPER|MOVE_TO_TOP leash=Surface(name=Task=1)/@0xffaf936 sb=Rect(0, 0 - 1080, 2400) eb=Rect(0, 0 - 1080, 2400) epz=Point(1080, 2400) d=0 taskParent=-1},{m=TO_BACK f=NONE leash=Surface(name=Task=46)/@0xb8ec037 sb=Rect(0, 0 - 1080, 2400) eb=Rect(0, 0 - 1080, 2400) epz=Point(1080, 2400) d=0 taskParent=-1},{m=TO_FRONT f=IS_WALLPAPER leash=Surface(name=WallpaperWindowToken{35e0c0f showWhenLocked=false})/@0xbe2c9a4 sb=Rect(0, 0 - 1080, 2400) eb=Rect(0, 0 - 1080, 2400) epz=Point(1080, 2400) d=0}]}
02-19 12:01:53.680  4449  4467 V WindowManagerShell:  Checking filter Pair{{types=[] flags=0x0] notFlags=0x0 checks=[{atype=undefined independent=true modes=[CLOSE,TO_BACK] flags=IN_TASK_WITH_EMBEDDED_ACTIVITY mustBeTask=false order=ANY topActivity=null launchCookie=null taskFragmentToken=android.os.BinderProxy@188d51a windowingMode=undefined}]} RemoteTransition { remoteTransition = android.window.IRemoteTransition$Stub$Proxy@44cd84b, appThread = android.app.IApplicationThread$Stub$Proxy@3a12228, debugName = overlayBackTransition }}
02-19 12:01:53.680  4449  4467 V WindowManagerShell:  Checking filter Pair{{types=[] flags=0x0] notFlags=0x0 checks=[{atype=dream independent=true modes=[OPEN,TO_FRONT] flags=NONE mustBeTask=false order=ANY topActivity=null launchCookie=null windowingMode=undefined},{atype=home independent=true modes=[CLOSE,TO_BACK] flags=NONE mustBeTask=false order=ANY topActivity=null launchCookie=null windowingMode=undefined}]} RemoteTransition { remoteTransition = android.window.IRemoteTransition$Stub$Proxy@6f3eb41, appThread = android.app.IApplicationThread$Stub$Proxy@ccf28e6, debugName = LauncherToDream }}
02-19 12:01:53.681  4449  4467 V WindowManagerShell:  Checking filter Pair{{types=[] flags=0x0] notFlags=0x100 checks=[{atype=home independent=true modes=[OPEN,TO_FRONT] flags=NONE mustBeTask=false order=TOP topActivity=ComponentInfo{com.google.android.apps.nexuslauncher/com.google.android.apps.nexuslauncher.NexusLauncherActivity} launchCookie=null windowingMode=undefined},{atype=standard independent=true modes=[CLOSE,TO_BACK] flags=NONE mustBeTask=false order=ANY topActivity=null launchCookie=null windowingMode=undefined},{NOT atype=undefined independent=true modes=[] flags=NONE mustBeTask=true order=ANY topActivity=null launchCookie=null customAnim=true windowingMode=undefined}]} RemoteTransition { remoteTransition = android.window.IRemoteTransition$Stub$Proxy@a8eae27, appThread = android.app.IApplicationThread$Stub$Proxy@fa38d4, debugName = QuickstepLaunchHome }}
02-19 12:01:53.681  4449  4467 D RemoteTransitionHandler: Found filterPair{{types=[] flags=0x0] notFlags=0x100 checks=[{atype=home independent=true modes=[OPEN,TO_FRONT] flags=NONE mustBeTask=false order=TOP topActivity=ComponentInfo{com.google.android.apps.nexuslauncher/com.google.android.apps.nexuslauncher.NexusLauncherActivity} launchCookie=null windowingMode=undefined},{atype=standard independent=true modes=[CLOSE,TO_BACK] flags=NONE mustBeTask=false order=ANY topActivity=null launchCookie=null windowingMode=undefined},{NOT atype=undefined independent=true modes=[] flags=NONE mustBeTask=true order=ANY topActivity=null launchCookie=null customAnim=true windowingMode=undefined}]} RemoteTransition { remoteTransition = android.window.IRemoteTransition$Stub$Proxy@a8eae27, appThread = android.app.IApplicationThread$Stub$Proxy@fa38d4, debugName = QuickstepLaunchHome }}
02-19 12:01:53.682  4449  4467 V WindowManagerShell:  Delegate animation for (#244) to RemoteTransition { remoteTransition = android.window.IRemoteTransition$Stub$Proxy@a8eae27, appThread = android.app.IApplicationThread$Stub$Proxy@fa38d4, debugName = QuickstepLaunchHome }
02-19 12:01:53.690   752   794 V WindowManager: Sent Transition (#244) createdAt=02-19 12:01:53.546 via request=TransitionRequestInfo { type = OPEN, triggerTask = TaskInfo{userId=0 taskId=5 effectiveUid=10182 displayId=0 isRunning=true baseIntent=Intent { act=android.intent.action.MAIN cat=[android.intent.category.HOME] flg=0x10000100 cmp=com.google.android.apps.nexuslauncher/.NexusLauncherActivity } baseActivity=ComponentInfo{com.google.android.apps.nexuslauncher/com.google.android.apps.nexuslauncher.NexusLauncherActivity} topActivity=ComponentInfo{com.google.android.apps.nexuslauncher/com.google.android.apps.nexuslauncher.NexusLauncherActivity} origActivity=null realActivity=ComponentInfo{com.google.android.apps.nexuslauncher/com.google.android.apps.nexuslauncher.NexusLauncherActivity} numActivities=1 lastActiveTime=81587399 supportsMultiWindow=true resizeMode=2 isResizeable=true minWidth=-1 minHeight=-1 defaultMinSize=220 token=WCT{RemoteToken{50a2c5f Task{b605570 #5 type=home I=com.google.android.apps.nexuslauncher/.NexusLauncherActivity}}} topActivityType=2 pictureInPictureParams=null shouldDockBigOverlays=false launchIntoPipHostTaskId=-1 lastParentTaskIdBeforePip=-1 displayCutoutSafeInsets=Rect(0, 0 - 0, 0) topActivityInfo=ActivityInfo{f5406ac com.google.android.apps.nexuslauncher.NexusLauncherActivity} launchCookies=[] positionInParent=Point(0, 0) parentTaskId=-1 isFocused=true isVisible=false isVisibleRequested=true isTopActivityNoDisplay=false isSleeping=false locusId=LocusId[17_chars] displayAreaFeatureId=1 isTopActivityTransparent=false isActivityStackTransparent=false lastNonFullscreenBounds=Rect(284, 660 - 796, 1740) capturedLink=null capturedLinkTimestamp=0 requestedVisibleTypes=-9 topActivityRequestOpenInBrowserEducationTimestamp=0 appCompatTaskInfo=AppCompatTaskInfo { topActivityInSizeCompat=false eligibleForLetterboxEducation= false isLetterboxEducationEnabled= true isLetterboxDoubleTapEnabled= false eligibleForUserAspectRatioButton= false topActivityBoundsLetterboxed= false isFromLetterboxDoubleTap= false topActivityLetterboxVerticalPosition= -1 topActivityLetterboxHorizontalPosition= -1 topActivityLetterboxWidth=-1 topActivityLetterboxHeight=-1 topActivityAppBounds=Rect(0, 0 - 1080, 2400) isUserFullscreenOverrideEnabled=false isSystemFullscreenOverrideEnabled=false hasMinAspectRatioOverride=false topActivityLetterboxBounds=null cameraCompatTaskInfo=CameraCompatTaskInfo { freeformCameraCompatMode=inactive}} topActivityMainWindowFrame=null}, pipChange = null, remoteTransition = null, displayChange = null, flags = 0, debugId = 244 }
02-19 12:01:53.690   752   794 V WindowManager:     startWCT=WindowContainerTransaction { changes= {} hops= [] errorCallbackToken=null taskFragmentOrganizer=null }
02-19 12:01:53.690   752   794 V WindowManager:     info={id=244 t=OPEN f=0x0 trk=0 r=[0@Point(0, 0)] c=[
02-19 12:01:53.690   752   794 V WindowManager:         {WCT{RemoteToken{5218fe8 Task{dd43522 #1 type=home}}} m=TO_FRONT f=SHOW_WALLPAPER|MOVE_TO_TOP leash=Surface(name=Task=1)/@0x8ddbd2e sb=Rect(0, 0 - 1080, 2400) eb=Rect(0, 0 - 1080, 2400) epz=Point(1080, 2400) d=0 taskParent=-1},
02-19 12:01:53.690   752   794 V WindowManager:         {WCT{RemoteToken{a585dcd Task{7745c88 #46 type=standard A=10217:viva.republica.toss.test}}} m=TO_BACK f=NONE leash=Surface(name=Task=46)/@0xe2d6cf7 sb=Rect(0, 0 - 1080, 2400) eb=Rect(0, 0 - 1080, 2400) epz=Point(1080, 2400) d=0 taskParent=-1},
02-19 12:01:53.690   752   794 V WindowManager:         {m=TO_FRONT f=IS_WALLPAPER leash=Surface(name=WallpaperWindowToken{35e0c0f showWhenLocked=false})/@0x512f5be sb=Rect(0, 0 - 1080, 2400) eb=Rect(0, 0 - 1080, 2400) epz=Point(1080, 2400) d=0}
02-19 12:01:53.690   752   794 V WindowManager:     ]}
02-19 12:01:53.691  1341  1341 D StateManager: createAtomicAnimation - fromState: Background, toState: Normal, partial trace:
02-19 12:01:53.691  1341  1341 D StateManager: 	at com.android.quickstep.util.ScalingWorkspaceRevealAnim.<init>(go/retraceme 72a59688580715d19f0e415c69e80376c2f062d1648c80db6730905005a27c20:39)
02-19 12:01:53.691  1341  1341 D StateManager: 	at com.android.launcher3.QuickstepTransitionManager.createWallpaperOpenAnimations(go/retraceme 72a59688580715d19f0e415c69e80376c2f062d1648c80db6730905005a27c20:168)
02-19 12:01:53.691  1341  1341 D StateManager: 	at com.android.launcher3.QuickstepTransitionManager$WallpaperOpenLauncherAnimationRunner.onAnimationStart(go/retraceme 72a59688580715d19f0e415c69e80376c2f062d1648c80db6730905005a27c20:17)
02-19 12:01:53.692  1341  1341 D b/311077782: LauncherAnimationRunner.setAnimation
02-19 12:01:53.699  4449  4467 V WindowManagerShell:  animated by com.android.wm.shell.transition.RemoteTransitionHandler@ef09705
02-19 12:01:53.700  1341  1407 W HWUI    : Image decoding logging dropped!
02-19 12:01:53.754   531   531 I BpBinder: onLastStrongRef automatically unlinking death recipients: 
02-19 12:01:53.825   752   989 I ImeTracker: com.google.android.apps.nexuslauncher:282825d2: onRequestHide at ORIGIN_SERVER reason HIDE_UNSPECIFIED_WINDOW fromUser false
02-19 12:01:53.842  1563  1563 I GoogleInputMethodService: GoogleInputMethodService.onFinishInput():2043 
02-19 12:01:53.851   752  1246 I ImeTracker: system_server:b2b0a507: onRequestHide at ORIGIN_SERVER reason IME_REQUESTED_CHANGED_LISTENER fromUser false
02-19 12:01:53.851  1563  1563 I Module  : DeviceLockedStatusModuleProvider$Module.updateDeviceLockedStatus():100 repeatCheckTimes = 0, locked = false
02-19 12:01:53.864  1563  1563 I GoogleInputMethodService: GoogleInputMethodService.onStartInput():1293 onStartInput(EditorInfo{EditorInfo{packageName=com.google.android.apps.nexuslauncher, inputType=0, inputTypeString=NULL, enableLearning=false, autoCorrection=false, autoComplete=false, imeOptions=0, privateImeOptions=null, actionName=UNSPECIFIED, actionLabel=null, initialSelStart=-1, initialSelEnd=-1, initialCapsMode=0, label=null, fieldId=0, fieldName=null, extras=null, hintText=null, hintLocales=[]}}, false)
02-19 12:01:53.871   752   797 I ImeTracker: system_server:b2b0a507: onCancelled at PHASE_SERVER_SHOULD_HIDE
02-19 12:01:53.875  1563  1563 I Module  : DeviceLockedStatusModuleProvider$Module.updateDeviceLockedStatus():100 repeatCheckTimes = 1, locked = false
02-19 12:01:53.881  1563  1563 I EmojiCompatManager: EmojiCompatManager.getEmojiCompatIfLoaded():343 EmojiCompat.init() was never called.
02-19 12:01:53.881  1563  1563 I EmojiCompatManager: java.lang.IllegalStateException: EmojiCompat is not initialized. Please call EmojiCompat.init() first
02-19 12:01:53.881  1563  1563 I EmojiCompatManager: 	at asx.p(PG:6)
02-19 12:01:53.881  1563  1563 I EmojiCompatManager: 	at axb.b(PG:13)
02-19 12:01:53.881  1563  1563 I EmojiCompatManager: 	at jnr.b(PG:2)
02-19 12:01:53.881  1563  1563 I EmojiCompatManager: 	at jnr.c(PG:4)
02-19 12:01:53.881  1563  1563 I EmojiCompatManager: 	at jnr.f(PG:3)
02-19 12:01:53.881  1563  1563 I EmojiCompatManager: 	at jnx.c(PG:3)
02-19 12:01:53.881  1563  1563 I EmojiCompatManager: 	at kif.cz(PG:47)
02-19 12:01:53.881  1563  1563 I EmojiCompatManager: 	at lhl.run(PG:1025)
02-19 12:01:53.881  1563  1563 I EmojiCompatManager: 	at jaf.execute(PG:12)
02-19 12:01:53.881  1563  1563 I EmojiCompatManager: 	at nco.v(PG:13)
02-19 12:01:53.881  1563  1563 I EmojiCompatManager: 	at lhn.m(PG:96)
02-19 12:01:53.881  1563  1563 I EmojiCompatManager: 	at lhn.k(PG:25)
02-19 12:01:53.881  1563  1563 I EmojiCompatManager: 	at kgn.onStartInput(PG:250)
02-19 12:01:53.881  1563  1563 I EmojiCompatManager: 	at android.inputmethodservice.InputMethodService.doStartInput(InputMethodService.java:3521)
02-19 12:01:53.881  1563  1563 I EmojiCompatManager: 	at android.inputmethodservice.InputMethodService$InputMethodImpl.startInput(InputMethodService.java:879)
02-19 12:01:53.881  1563  1563 I EmojiCompatManager: 	at android.inputmethodservice.InputMethodService$InputMethodImpl.dispatchStartInput(InputMethodService.java:908)
02-19 12:01:53.881  1563  1563 I EmojiCompatManager: 	at android.inputmethodservice.IInputMethodWrapper.executeMessage(IInputMethodWrapper.java:201)
02-19 12:01:53.881  1563  1563 I EmojiCompatManager: 	at com.android.internal.os.HandlerCaller$MyHandler.handleMessage(HandlerCaller.java:44)
02-19 12:01:53.881  1563  1563 I EmojiCompatManager: 	at android.os.Handler.dispatchMessage(Handler.java:110)
02-19 12:01:53.881  1563  1563 I EmojiCompatManager: 	at android.os.Looper.loopOnce(Looper.java:248)
02-19 12:01:53.881  1563  1563 I EmojiCompatManager: 	at android.os.Looper.loop(Looper.java:338)
02-19 12:01:53.881  1563  1563 I EmojiCompatManager: 	at android.app.ActivityThread.main(ActivityThread.java:9067)
02-19 12:01:53.881  1563  1563 I EmojiCompatManager: 	at java.lang.reflect.Method.invoke(Native Method)
02-19 12:01:53.881  1563  1563 I EmojiCompatManager: 	at com.android.internal.os.RuntimeInit$MethodAndArgsCaller.run(RuntimeInit.java:593)
02-19 12:01:53.881  1563  1563 I EmojiCompatManager: 	at com.android.internal.os.ZygoteInit.main(ZygoteInit.java:932)
02-19 12:01:53.889  1341  1341 D InsetsController: hide(ime(), fromIme=false)
02-19 12:01:53.889  1341  1341 I ImeTracker: com.google.android.apps.nexuslauncher:282825d2: onCancelled at PHASE_CLIENT_ALREADY_HIDDEN
02-19 12:01:53.899   752  1246 W PackageConfigPersister: App-specific configuration not found for packageName: com.google.android.apps.nexuslauncher and userId: 0
02-19 12:01:54.166  4656  4668 W .adservices.api: Reducing the number of considered missed Gc histogram windows from 141 to 100
02-19 12:01:54.580  4449  4458 W System  : A resource failed to call release. 
02-19 12:01:54.581  4449  4458 W System  : A resource failed to call release. 
02-19 12:01:54.581  4449  4458 W System  : A resource failed to call release. 
02-19 12:01:54.581  4449  4458 W System  : A resource failed to call release. 
02-19 12:01:54.582  4449  4458 W System  : A resource failed to call release. 
02-19 12:01:54.582  4449  4458 W System  : A resource failed to call release. 
02-19 12:01:54.585  4449  4458 W System  : A resource failed to call release. 
02-19 12:01:54.586  4449  4458 W System  : A resource failed to call release. 
02-19 12:01:54.587  4449  4458 W System  : A resource failed to call release. 
02-19 12:01:54.587  4449  4458 W System  : A resource failed to call release. 
02-19 12:01:54.589  4449  4458 W System  : A resource failed to call release. 
02-19 12:01:54.590  4449  4458 W System  : A resource failed to call release. 
02-19 12:01:54.689  1341  1341 D ScalingWorkspaceRevealAnim: alpha of workspace at the end of animation: 1.0
02-19 12:01:54.693  4449  4467 V WindowManagerShell: Transition animation finished (aborted=false), notifying core (#244) android.os.BinderProxy@3f4e95b@0
02-19 12:01:54.698   752   794 V WindowManager: Finish Transition (#244): created at 02-19 12:01:53.546 collect-started=0.04ms request-sent=10.707ms started=16.802ms ready=111.954ms sent=120.532ms commit=39.24ms finished=1148.129ms
02-19 12:01:54.700 24035 24035 D VRI[GraniteActivity]: visibilityChanged oldVisibility=true newVisibility=false
02-19 12:01:54.706  4449  4467 V WindowManagerShell: Track 0 became idle
02-19 12:01:54.706  4449  4467 V WindowManagerShell: All active transition animations finished
02-19 12:01:54.720   615 21625 W IPCThreadState: Sending oneway calls to frozen process.
02-19 12:01:54.807 24035 24179 I ReactNativeJNI: Memory warning (pressure level: TRIM_MEMORY_UI_HIDDEN) received by JS VM, ignoring because it's non-severe
02-19 12:01:54.807 24035 26107 I ReactNativeJNI: Memory warning (pressure level: TRIM_MEMORY_UI_HIDDEN) received by JS VM, ignoring because it's non-severe
02-19 12:01:54.808 24035 26473 I ReactNativeJNI: Memory warning (pressure level: TRIM_MEMORY_UI_HIDDEN) received by JS VM, ignoring because it's non-severe
02-19 12:01:54.808 24035 26635 I ReactNativeJNI: Memory warning (pressure level: TRIM_MEMORY_UI_HIDDEN) received by JS VM, ignoring because it's non-severe
02-19 12:01:54.809 24035 26801 I ReactNativeJNI: Memory warning (pressure level: TRIM_MEMORY_UI_HIDDEN) received by JS VM, ignoring because it's non-severe
02-19 12:01:54.876   752  1095 D BackgroundInstallControlService: Package event received: 0
02-19 12:01:55.096   752   779 W ActivityTaskManager: callingPackage for (uid=2000, pid=27553) has no WPC
02-19 12:01:55.101   752   779 V GrammaticalInflectionUtils: AttributionSource: android.content.AttributionSource@56784557 does not have READ_SYSTEM_GRAMMATICAL_GENDER permission.
02-19 12:01:55.101   752   779 W OptProp : Cannot read opt property android.window.PROPERTY_COMPAT_ALLOW_USER_ASPECT_RATIO_OVERRIDE
02-19 12:01:55.101   752   779 W OptProp : Cannot read opt property android.window.PROPERTY_COMPAT_ALLOW_USER_ASPECT_RATIO_FULLSCREEN_OVERRIDE
02-19 12:01:55.102   752   779 W OptProp : Cannot read opt property android.window.PROPERTY_COMPAT_ALLOW_RESIZEABLE_ACTIVITY_OVERRIDES
02-19 12:01:55.103   752   779 W OptProp : Cannot read opt property android.window.PROPERTY_COMPAT_ALLOW_MIN_ASPECT_RATIO_OVERRIDE
02-19 12:01:55.108  4449  4467 V WindowManagerShell: Transition requested (#245): android.os.BinderProxy@9d786c5 TransitionRequestInfo { type = OPEN, triggerTask = TaskInfo{userId=0 taskId=46 effectiveUid=10217 displayId=0 isRunning=true baseIntent=Intent { act=android.intent.action.VIEW dat=intoss://takealook/... flg=0x10000000 cmp=viva.republica.toss.test/im.toss.rn.granite.core.GraniteActivity } baseActivity=ComponentInfo{viva.republica.toss.test/im.toss.rn.granite.core.GraniteActivity} topActivity=ComponentInfo{viva.republica.toss.test/im.toss.rn.granite.core.GraniteActivity} origActivity=null realActivity=ComponentInfo{viva.republica.toss.test/im.toss.rn.granite.core.GraniteActivity} numActivities=5 lastActiveTime=81587395 supportsMultiWindow=true resizeMode=1 isResizeable=true minWidth=-1 minHeight=-1 defaultMinSize=220 token=WCT{android.window.IWindowContainerToken$Stub$Proxy@d32981a} topActivityType=1 pictureInPictureParams=null shouldDockBigOverlays=false launchIntoPipHostTaskId=-1 lastParentTaskIdBeforePip=-1 displayCutoutSafeInsets=Rect(0, 0 - 0, 0) topActivityInfo=ActivityInfo{6fedf4b im.toss.rn.granite.core.GraniteActivity} launchCookies=[] positionInParent=Point(0, 0) parentTaskId=-1 isFocused=false isVisible=false isVisibleRequested=false isTopActivityNoDisplay=false isSleeping=false locusId=null displayAreaFeatureId=1 isTopActivityTransparent=false isActivityStackTransparent=false lastNonFullscreenBounds=Rect(284, 660 - 796, 1740) capturedLink=null capturedLinkTimestamp=0 requestedVisibleTypes=-9 topActivityRequestOpenInBrowserEducationTimestamp=0 appCompatTaskInfo=AppCompatTaskInfo { topActivityInSizeCompat=false eligibleForLetterboxEducation= false isLetterboxEducationEnabled= true isLetterboxDoubleTapEnabled= false eligibleForUserAspectRatioButton= false topActivityBoundsLetterboxed= false isFromLetterboxDoubleTap= false topActivityLetterboxVerticalPosition= -1 topActivityLetterboxHorizontalPosition= -1 topActivityLetterboxWidth=-1 topActivityLetterboxHeight=-1 topActivityAppBounds=Rect(0, 0 - 1080, 2400) isUserFullscreenOverrideEnabled=false isSystemFullscreenOverrideEnabled=false hasMinAspectRatioOverride=false topActivityLetterboxBounds=null cameraCompatTaskInfo=CameraCompatTaskInfo { freeformCameraCompatMode=inactive}} topActivityMainWindowFrame=null}, pipChange = null, remoteTransition = null, displayChange = null, flags = 0, debugId = 245 }
02-19 12:01:55.108   752   779 I ActivityTaskManager: START u0 {act=android.intent.action.VIEW dat=intoss://takealook/... flg=0x10000000 xflg=0x4 cmp=viva.republica.toss.test/im.toss.rn.granite.core.GraniteActivity} with LAUNCH_MULTIPLE from uid 2000 (BAL_ALLOW_PERMISSION) result code=2
02-19 12:01:55.108  4449  4467 D ShellSplitScreen: logExit: no-op, mLoggerSessionId is null
02-19 12:01:55.112  4449  4467 D WindowManagerShell: onActivityRestartAttempt: topActivity=ComponentInfo{viva.republica.toss.test/im.toss.rn.granite.core.GraniteActivity}, wasVisible=false
02-19 12:01:55.113  4449  4474 V SnapshotDrawerUtils: Drawing snapshot surface sizeMismatch=true
02-19 12:01:55.168   531   531 I BpBinder: onLastStrongRef automatically unlinking death recipients: 
02-19 12:02:00.182   531   568 W EventThread: Faking VSYNC due to driver stall for thread app
02-19 12:02:00.183   531   569 W EventThread: Faking VSYNC due to driver stall for thread appSf
02-19 12:02:00.185  1341  1394 W HWUI    : dequeueBuffer failed, error = -110; switching to fallback
02-19 12:02:00.198  1782  2118 I bbax    : (REDACTED) getHotwordActive::active query: %s, watch: %s, devices connected: %s
02-19 12:02:00.201   752   797 W ActivityTaskManager: Activity top resumed state loss timeout for ActivityRecord{32265495 u0 com.google.android.apps.nexuslauncher/.NexusLauncherActivity t5}
02-19 12:02:00.202   752   797 W ActivityTaskManager: Activity pause timeout for ActivityRecord{32265495 u0 com.google.android.apps.nexuslauncher/.NexusLauncherActivity t5}
02-19 12:02:00.205   752  1029 D InetDiagMessage: Destroyed 0 sockets, proto=IPPROTO_TCP, family=AF_INET, states=14
02-19 12:02:00.207   752  1029 D InetDiagMessage: Destroyed 0 sockets, proto=IPPROTO_TCP, family=AF_INET6, states=14
02-19 12:02:00.207   752  1029 D InetDiagMessage: Destroyed live tcp sockets for uids={10217} in 8ms
02-19 12:02:00.209   752  1029 D InetDiagMessage: Destroyed 0 sockets, proto=IPPROTO_TCP, family=AF_INET, states=14
02-19 12:02:00.219   752   797 W BLASTSyncEngine: Sync group 245 timeout
02-19 12:02:00.219   752   797 W BLASTSyncEngine: Sync group 245 timed-out because not ready. If you see this, please file a bug.
02-19 12:02:00.219   752   797 E Transition: #245 readiness timeout, used=true deferReadyDepth=1 group={Display{#0 state=ON size=1080x2400 ROTATION_0}=true}
02-19 12:02:00.230  4449  4461 V WindowManagerShell: onTransitionReady(transaction=3229815413309)
02-19 12:02:00.230  4449  4467 V WindowManagerShell: onTransitionReady (#245) android.os.BinderProxy@9d786c5: {id=245 t=OPEN f=0x0 trk=0 r=[0@Point(0, 0)] c=[
02-19 12:02:00.230  4449  4467 V WindowManagerShell:         {m=TO_FRONT f=MOVE_TO_TOP leash=Surface(name=Task=46)/@0xcd21be6 sb=Rect(0, 0 - 1080, 2400) eb=Rect(0, 0 - 1080, 2400) epz=Point(1080, 2400) d=0 taskParent=-1},
02-19 12:02:00.230  4449  4467 V WindowManagerShell:         {m=TO_BACK f=SHOW_WALLPAPER leash=Surface(name=Task=1)/@0x3da2527 sb=Rect(0, 0 - 1080, 2400) eb=Rect(0, 0 - 1080, 2400) epz=Point(1080, 2400) d=0 taskParent=-1},
02-19 12:02:00.230  4449  4467 V WindowManagerShell:         {m=TO_BACK f=IS_WALLPAPER leash=Surface(name=WallpaperWindowToken{35e0c0f showWhenLocked=false})/@0xe5de3d4 sb=Rect(0, 0 - 1080, 2400) eb=Rect(0, 0 - 1080, 2400) epz=Point(1080, 2400) d=0}
02-19 12:02:00.230  4449  4467 V WindowManagerShell:     ]}
02-19 12:02:00.231  4449  4467 V WindowManagerShell: Playing animation for (#245) android.os.BinderProxy@9d786c5@0
02-19 12:02:00.232  4449  4467 V ShellRecents: RecentsTransitionHandler.startAnimation: no controller found
02-19 12:02:00.232  4449  4467 V WindowManagerShell: Transition doesn't have explicit remote, search filters for match for {id=245 t=OPEN f=0x0 trk=0 r=[0@Point(0, 0)] c=[{m=TO_FRONT f=MOVE_TO_TOP leash=Surface(name=Task=46)/@0xcd21be6 sb=Rect(0, 0 - 1080, 2400) eb=Rect(0, 0 - 1080, 2400) epz=Point(1080, 2400) d=0 taskParent=-1},{m=TO_BACK f=SHOW_WALLPAPER leash=Surface(name=Task=1)/@0x3da2527 sb=Rect(0, 0 - 1080, 2400) eb=Rect(0, 0 - 1080, 2400) epz=Point(1080, 2400) d=0 taskParent=-1},{m=TO_BACK f=IS_WALLPAPER leash=Surface(name=WallpaperWindowToken{35e0c0f showWhenLocked=false})/@0xe5de3d4 sb=Rect(0, 0 - 1080, 2400) eb=Rect(0, 0 - 1080, 2400) epz=Point(1080, 2400) d=0}]}
02-19 12:02:00.232  4449  4467 V WindowManagerShell:  Checking filter Pair{{types=[] flags=0x0] notFlags=0x0 checks=[{atype=undefined independent=true modes=[CLOSE,TO_BACK] flags=IN_TASK_WITH_EMBEDDED_ACTIVITY mustBeTask=false order=ANY topActivity=null launchCookie=null taskFragmentToken=android.os.BinderProxy@188d51a windowingMode=undefined}]} RemoteTransition { remoteTransition = android.window.IRemoteTransition$Stub$Proxy@44cd84b, appThread = android.app.IApplicationThread$Stub$Proxy@3a12228, debugName = overlayBackTransition }}
02-19 12:02:00.232  4449  4467 V WindowManagerShell:  Checking filter Pair{{types=[] flags=0x0] notFlags=0x0 checks=[{atype=dream independent=true modes=[OPEN,TO_FRONT] flags=NONE mustBeTask=false order=ANY topActivity=null launchCookie=null windowingMode=undefined},{atype=home independent=true modes=[CLOSE,TO_BACK] flags=NONE mustBeTask=false order=ANY topActivity=null launchCookie=null windowingMode=undefined}]} RemoteTransition { remoteTransition = android.window.IRemoteTransition$Stub$Proxy@6f3eb41, appThread = android.app.IApplicationThread$Stub$Proxy@ccf28e6, debugName = LauncherToDream }}
02-19 12:02:00.233  4449  4467 V WindowManagerShell:  Checking filter Pair{{types=[] flags=0x0] notFlags=0x100 checks=[{atype=home independent=true modes=[OPEN,TO_FRONT] flags=NONE mustBeTask=false order=TOP topActivity=ComponentInfo{com.google.android.apps.nexuslauncher/com.google.android.apps.nexuslauncher.NexusLauncherActivity} launchCookie=null windowingMode=undefined},{atype=standard independent=true modes=[CLOSE,TO_BACK] flags=NONE mustBeTask=false order=ANY topActivity=null launchCookie=null windowingMode=undefined},{NOT atype=undefined independent=true modes=[] flags=NONE mustBeTask=true order=ANY topActivity=null launchCookie=null customAnim=true windowingMode=undefined}]} RemoteTransition { remoteTransition = android.window.IRemoteTransition$Stub$Proxy@a8eae27, appThread = android.app.IApplicationThread$Stub$Proxy@fa38d4, debugName = QuickstepLaunchHome }}
02-19 12:02:00.233  4449  4467 V WindowManagerShell:  Delegate animation for (#245) to null
02-19 12:02:00.233  4449  4467 V WindowManagerShell: start default transition animation, info = {id=245 t=OPEN f=0x0 trk=0 r=[0@Point(0, 0)] c=[{m=TO_FRONT f=MOVE_TO_TOP leash=Surface(name=Task=46)/@0xcd21be6 sb=Rect(0, 0 - 1080, 2400) eb=Rect(0, 0 - 1080, 2400) epz=Point(1080, 2400) d=0 taskParent=-1},{m=TO_BACK f=SHOW_WALLPAPER leash=Surface(name=Task=1)/@0x3da2527 sb=Rect(0, 0 - 1080, 2400) eb=Rect(0, 0 - 1080, 2400) epz=Point(1080, 2400) d=0 taskParent=-1},{m=TO_BACK f=IS_WALLPAPER leash=Surface(name=WallpaperWindowToken{35e0c0f showWhenLocked=false})/@0xe5de3d4 sb=Rect(0, 0 - 1080, 2400) eb=Rect(0, 0 - 1080, 2400) epz=Point(1080, 2400) d=0}]}
02-19 12:02:00.242   752  1029 D InetDiagMessage: Destroyed 0 sockets, proto=IPPROTO_TCP, family=AF_INET6, states=14
02-19 12:02:00.243   752  1029 D InetDiagMessage: Destroyed live tcp sockets for uids={20217} in 35ms
02-19 12:02:00.247   752  1029 D InetDiagMessage: Destroyed 0 sockets, proto=IPPROTO_TCP, family=AF_INET, states=14
02-19 12:02:00.252 24035 24039 W blica.toss.test: Suspending all threads took: 47.635ms
02-19 12:02:00.253   752  1029 D InetDiagMessage: Destroyed 0 sockets, proto=IPPROTO_TCP, family=AF_INET6, states=14
02-19 12:02:00.254   752  1029 D InetDiagMessage: Destroyed live tcp sockets for uids={10205} in 10ms
02-19 12:02:00.257  4449  4467 V WindowManagerShell: loadAnimation: anim=android.view.animation.AnimationSet@7941072 animAttr=0x13 type=OPEN isEntrance=false
02-19 12:02:00.258   752  1029 D InetDiagMessage: Destroyed 0 sockets, proto=IPPROTO_TCP, family=AF_INET, states=14
02-19 12:02:00.258  4449  4467 V WindowManagerShell: loadAnimation: anim=android.view.animation.AnimationSet@139ecc3 animAttr=0x12 type=OPEN isEntrance=true
02-19 12:02:00.261   752  1029 D InetDiagMessage: Destroyed 0 sockets, proto=IPPROTO_TCP, family=AF_INET6, states=14
02-19 12:02:00.261   752  1029 D InetDiagMessage: Destroyed live tcp sockets for uids={20205} in 6ms
02-19 12:02:00.281 24035 24035 D ViewRootImpl: Skipping stats log for color mode
02-19 12:02:00.284  4449  4467 V WindowManagerShell:  animated by com.android.wm.shell.transition.DefaultTransitionHandler@f74d823
02-19 12:02:00.286   531   548 I BpBinder: onLastStrongRef automatically unlinking death recipients: 
02-19 12:02:00.292  1341  2079 I HWUI    : Davey! duration=5081ms; Flags=0, FrameTimelineVsyncId=1123516, IntendedVsync=81588905676634, Vsync=81588905676634, InputEventId=0, HandleInputStart=81588913007814, AnimationStart=81588913008189, PerformTraversalsStart=81588913173471, DrawStart=81588913225721, FrameDeadline=81589055676628, FrameStartTime=81588913006253, FrameInterval=16666666, WorkloadTarget=16666666, SyncQueued=81588913397941, SyncStart=81589010774845, IssueDrawCommandsStart=81589011063150, SwapBuffers=81589017403085, FrameCompleted=81594084305527, DequeueBufferDuration=0, QueueBufferDuration=0, GpuCompleted=81594060034015, SwapBuffersCompleted=81594084305527, DisplayPresentTime=0, CommandSubmissionCompleted=81589017403085, 
02-19 12:02:00.301   615  2506 W IPCThreadState: Sending oneway calls to frozen process.
02-19 12:02:00.305  1341  1341 W SplitSelectStateCtor: Missing session instanceIds
02-19 12:02:00.305  1341  1341 D StatsLog: LAUNCHER_SPLIT_SELECTION_EXIT_INTERRUPTED
02-19 12:02:00.312  4449  4467 D WindowManagerShell: setLauncherKeepClearAreaHeight: visible=false, height=527
02-19 12:02:00.320  1341  1341 I Choreographer: Skipped 308 frames!  The application may be doing too much work on its main thread.
02-19 12:02:00.343   752   794 V WindowManager: Sent Transition (#245) createdAt=02-19 12:01:55.103 via request=TransitionRequestInfo { type = OPEN, triggerTask = TaskInfo{userId=0 taskId=46 effectiveUid=10217 displayId=0 isRunning=true baseIntent=Intent { act=android.intent.action.VIEW dat=intoss://takealook/... flg=0x10000000 cmp=viva.republica.toss.test/im.toss.rn.granite.core.GraniteActivity } baseActivity=ComponentInfo{viva.republica.toss.test/im.toss.rn.granite.core.GraniteActivity} topActivity=ComponentInfo{viva.republica.toss.test/im.toss.rn.granite.core.GraniteActivity} origActivity=null realActivity=ComponentInfo{viva.republica.toss.test/im.toss.rn.granite.core.GraniteActivity} numActivities=5 lastActiveTime=81587395 supportsMultiWindow=true resizeMode=1 isResizeable=true minWidth=-1 minHeight=-1 defaultMinSize=220 token=WCT{RemoteToken{a585dcd Task{7745c88 #46 type=standard A=10217:viva.republica.toss.test}}} topActivityType=1 pictureInPictureParams=null shouldDockBigOverlays=false launchIntoPipHostTaskId=-1 lastParentTaskIdBeforePip=-1 displayCutoutSafeInsets=Rect(0, 0 - 0, 0) topActivityInfo=ActivityInfo{5dd5128 im.toss.rn.granite.core.GraniteActivity} launchCookies=[] positionInParent=Point(0, 0) parentTaskId=-1 isFocused=false isVisible=false isVisibleRequested=false isTopActivityNoDisplay=false isSleeping=false locusId=null displayAreaFeatureId=1 isTopActivityTransparent=false isActivityStackTransparent=false lastNonFullscreenBounds=Rect(284, 660 - 796, 1740) capturedLink=null capturedLinkTimestamp=0 requestedVisibleTypes=-9 topActivityRequestOpenInBrowserEducationTimestamp=0 appCompatTaskInfo=AppCompatTaskInfo { topActivityInSizeCompat=false eligibleForLetterboxEducation= false isLetterboxEducationEnabled= true isLetterboxDoubleTapEnabled= false eligibleForUserAspectRatioButton= false topActivityBoundsLetterboxed= false isFromLetterboxDoubleTap= false topActivityLetterboxVerticalPosition= -1 topActivityLetterboxHorizontalPosition= -1 topActivityLetterboxWidth=-1 topActivityLetterboxHeight=-1 topActivityAppBounds=Rect(0, 0 - 1080, 2400) isUserFullscreenOverrideEnabled=false isSystemFullscreenOverrideEnabled=false hasMinAspectRatioOverride=false topActivityLetterboxBounds=null cameraCompatTaskInfo=CameraCompatTaskInfo { freeformCameraCompatMode=inactive}} topActivityMainWindowFrame=null}, pipChange = null, remoteTransition = null, displayChange = null, flags = 0, debugId = 245 }
02-19 12:02:00.343   752   794 V WindowManager:     startWCT=WindowContainerTransaction { changes= {} hops= [] errorCallbackToken=null taskFragmentOrganizer=null }
02-19 12:02:00.344   752   794 V WindowManager:     info={id=245 t=OPEN f=0x0 trk=0 r=[0@Point(0, 0)] c=[
02-19 12:02:00.344   752   794 V WindowManager:         {WCT{RemoteToken{a585dcd Task{7745c88 #46 type=standard A=10217:viva.republica.toss.test}}} m=TO_FRONT f=MOVE_TO_TOP leash=Surface(name=Task=46)/@0xe2d6cf7 sb=Rect(0, 0 - 1080, 2400) eb=Rect(0, 0 - 1080, 2400) epz=Point(1080, 2400) d=0 taskParent=-1},
02-19 12:02:00.344   752   794 V WindowManager:         {WCT{RemoteToken{5218fe8 Task{dd43522 #1 type=home}}} m=TO_BACK f=SHOW_WALLPAPER leash=Surface(name=Task=1)/@0x8ddbd2e sb=Rect(0, 0 - 1080, 2400) eb=Rect(0, 0 - 1080, 2400) epz=Point(1080, 2400) d=0 taskParent=-1},
02-19 12:02:00.344   752   794 V WindowManager:         {m=TO_BACK f=IS_WALLPAPER leash=Surface(name=WallpaperWindowToken{35e0c0f showWhenLocked=false})/@0x512f5be sb=Rect(0, 0 - 1080, 2400) eb=Rect(0, 0 - 1080, 2400) epz=Point(1080, 2400) d=0}
02-19 12:02:00.344   752   794 V WindowManager:     ]}
02-19 12:02:00.349   752  1095 D BackgroundInstallControlService: Package event received: 0
02-19 12:02:00.354   752  1095 D BackgroundInstallControlService: Package event received: 0
02-19 12:02:00.356   752  1095 D BackgroundInstallControlService: Package event received: 0
02-19 12:02:00.356   752  1095 D BackgroundInstallControlService: Package event received: 0
02-19 12:02:00.357   752  1095 D BackgroundInstallControlService: Package event received: 0
02-19 12:02:00.359   752  1095 D BackgroundInstallControlService: Package event received: 0
02-19 12:02:00.386   752  1856 E TaskPersister: File error accessing recents directory (directory doesn't exist?).
02-19 12:02:00.406 24035 27556 W unknown:ReconnectingWebSocket: Couldn't connect to "ws://10.0.2.2:8081/message?device=sdk_gphone64_x86_64%20-%2016%20-%20API%2036&app=viva.republica.toss.test&clientid=BridgeDevSupportManager", will silently retry
02-19 12:02:00.641  4449  4467 V WindowManagerShell: Transition animation finished (aborted=false), notifying core (#245) android.os.BinderProxy@9d786c5@0
02-19 12:02:00.642   752   989 I ImeTracker: viva.republica.toss.test:19e73bb: onRequestHide at ORIGIN_SERVER reason HIDE_UNSPECIFIED_WINDOW fromUser false
02-19 12:02:00.646  1341  1341 D VRI[NexusLauncherActivity]: visibilityChanged oldVisibility=true newVisibility=false
02-19 12:02:00.646  4449  4467 V WindowManagerShell: Track 0 became idle
02-19 12:02:00.646  4449  4467 V WindowManagerShell: All active transition animations finished
02-19 12:02:00.648  1563  1563 I GoogleInputMethodService: GoogleInputMethodService.onFinishInput():2043 
02-19 12:02:00.649   752   794 V WindowManager: Finish Transition (#245): created at 02-19 12:01:55.103 collect-started=0.175ms request-sent=4.596ms started=5.522ms ready=5106.56ms sent=5119.776ms commit=78.947ms finished=5541.388ms
02-19 12:02:00.649  1563  1563 I Module  : DeviceLockedStatusModuleProvider$Module.updateDeviceLockedStatus():100 repeatCheckTimes = 0, locked = false
02-19 12:02:00.654 24035 24035 D InsetsController: hide(ime(), fromIme=false)
02-19 12:02:00.654   752   779 I ImeTracker: system_server:d21fae0c: onRequestHide at ORIGIN_SERVER reason IME_REQUESTED_CHANGED_LISTENER fromUser false
02-19 12:02:00.655 24035 24035 I ImeTracker: viva.republica.toss.test:19e73bb: onCancelled at PHASE_CLIENT_ALREADY_HIDDEN
02-19 12:02:00.655  1563  1563 I GoogleInputMethodService: GoogleInputMethodService.onStartInput():1293 onStartInput(EditorInfo{EditorInfo{packageName=viva.republica.toss.test, inputType=0, inputTypeString=NULL, enableLearning=false, autoCorrection=false, autoComplete=false, imeOptions=0, privateImeOptions=null, actionName=UNSPECIFIED, actionLabel=null, initialSelStart=-1, initialSelEnd=-1, initialCapsMode=0, label=null, fieldId=0, fieldName=null, extras=null, hintText=null, hintLocales=[]}}, false)
02-19 12:02:00.658  1563  1563 I Module  : DeviceLockedStatusModuleProvider$Module.updateDeviceLockedStatus():100 repeatCheckTimes = 1, locked = false
02-19 12:02:00.660  1563  1563 I EmojiCompatManager: EmojiCompatManager.getEmojiCompatIfLoaded():343 EmojiCompat.init() was never called.
02-19 12:02:00.660  1563  1563 I EmojiCompatManager: java.lang.IllegalStateException: EmojiCompat is not initialized. Please call EmojiCompat.init() first
02-19 12:02:00.660  1563  1563 I EmojiCompatManager: 	at asx.p(PG:6)
02-19 12:02:00.660  1563  1563 I EmojiCompatManager: 	at axb.b(PG:13)
02-19 12:02:00.660  1563  1563 I EmojiCompatManager: 	at jnr.b(PG:2)
02-19 12:02:00.660  1563  1563 I EmojiCompatManager: 	at jnr.c(PG:4)
02-19 12:02:00.660  1563  1563 I EmojiCompatManager: 	at jnr.f(PG:3)
02-19 12:02:00.660  1563  1563 I EmojiCompatManager: 	at jnx.c(PG:3)
02-19 12:02:00.660  1563  1563 I EmojiCompatManager: 	at kif.cz(PG:47)
02-19 12:02:00.660  1563  1563 I EmojiCompatManager: 	at lhl.run(PG:1025)
02-19 12:02:00.660  1563  1563 I EmojiCompatManager: 	at jaf.execute(PG:12)
02-19 12:02:00.660  1563  1563 I EmojiCompatManager: 	at nco.v(PG:13)
02-19 12:02:00.660  1563  1563 I EmojiCompatManager: 	at lhn.m(PG:96)
02-19 12:02:00.660  1563  1563 I EmojiCompatManager: 	at lhn.k(PG:25)
02-19 12:02:00.660  1563  1563 I EmojiCompatManager: 	at kgn.onStartInput(PG:250)
02-19 12:02:00.660  1563  1563 I EmojiCompatManager: 	at android.inputmethodservice.InputMethodService.doStartInput(InputMethodService.java:3521)
02-19 12:02:00.660  1563  1563 I EmojiCompatManager: 	at android.inputmethodservice.InputMethodService$InputMethodImpl.startInput(InputMethodService.java:879)
02-19 12:02:00.660  1563  1563 I EmojiCompatManager: 	at android.inputmethodservice.InputMethodService$InputMethodImpl.dispatchStartInput(InputMethodService.java:908)
02-19 12:02:00.660  1563  1563 I EmojiCompatManager: 	at android.inputmethodservice.IInputMethodWrapper.executeMessage(IInputMethodWrapper.java:201)
02-19 12:02:00.660  1563  1563 I EmojiCompatManager: 	at com.android.internal.os.HandlerCaller$MyHandler.handleMessage(HandlerCaller.java:44)
02-19 12:02:00.660  1563  1563 I EmojiCompatManager: 	at android.os.Handler.dispatchMessage(Handler.java:110)
02-19 12:02:00.660  1563  1563 I EmojiCompatManager: 	at android.os.Looper.loopOnce(Looper.java:248)
02-19 12:02:00.660  1563  1563 I EmojiCompatManager: 	at android.os.Looper.loop(Looper.java:338)
