--------- beginning of main
02-19 22:19:37.705   752   797 W IPCThreadState: Sending oneway calls to frozen process.
--------- beginning of system
02-19 22:19:37.705   752  1095 D BackgroundInstallControlService: Package event received: 0
02-19 22:19:37.706   752  1095 D BackgroundInstallControlService: Package event received: 0
02-19 22:19:37.707  1971  2198 I AiAiEcho: Predicting[0]:  [CONTEXT sampling_count=5 ]
02-19 22:19:37.708  1971  2198 I AiAiEcho: EchoTargets: 
02-19 22:19:37.708  1971  2198 I AiAiEcho: Filtered by AiAi flag check: 
02-19 22:19:37.708  1971  2198 I AiAiEcho: [CONTEXT ratelimit_period="10 SECONDS" ]
02-19 22:19:37.709  1971  2198 I AiAiEcho: #remoteViewsTwiddler: feature disabled.
02-19 22:19:37.711  1971  2198 I AiAiEcho: #postPredictionTargets: Sending updates to UISurface home with targets# 0 (types=[])
02-19 22:19:37.715 19166 19166 I NotificationListener: Handling notification state refresh for com.google.android.adservices.api#0
02-19 22:19:37.715 19166 19166 I NotificationListener: Handling notification state refresh for android#0
02-19 22:19:37.716 19166 19166 I NotificationListener: Handling notification state refresh for com.android.systemui#0
02-19 22:19:37.717   752   797 W ProcessStats: Tracking association SourceState{1b917ca system/1000 BFgs #28691} whose proc state 4 is better than process ProcessState{42c4ef0 com.google.android.ext.services/10208 pkg=com.google.android.ext.services} proc state 14 (11 skipped)
02-19 22:19:37.721 19166 19190 D QuickstepModelDelegate: notifyAppTargetEvent action=1 launchLocation=workspace/0/[-1,-1]/[1,1]
02-19 22:19:37.722 19166 19166 D SsBaseTemplateCard: No text view can be set up
02-19 22:19:37.722 19166 19166 D SsBaseTemplateCard: Passed-in item info is null
02-19 22:19:37.722 19166 19166 D SsBaseTemplateCard: Passed-in item info is null
02-19 22:19:37.722 19166 19166 D SsBaseTemplateCard: Passed-in item info is null
02-19 22:19:37.722 19166 19166 I SsBaseTemplateCard: Secondary card pane is null
02-19 22:19:38.458 19166 19166 I Choreographer: Skipped 33 frames!  The application may be doing too much work on its main thread.
02-19 22:19:39.397   752  1856 E TaskPersister: File error accessing recents directory (directory doesn't exist?).
02-19 22:19:39.399  1336  1556 D SatelliteController: iisInCarrierRoamingNbIotNtn: satellite is disabled
02-19 22:19:40.189  8334  8334 W dumpsys : Thread Pool max thread count is 0. Cannot cache binder as linkToDeath cannot be implemented. serviceName: window
02-19 22:19:40.425   752   775 I system_server: Background concurrent mark compact GC freed 23MB AllocSpace bytes, 53(1096KB) LOS objects, 41% free, 33MB/57MB, paused 2.853ms,3.200ms total 190.997ms
02-19 22:19:40.426   752   776 I BpBinder: onLastStrongRef automatically unlinking death recipients: 
02-19 22:19:40.480 20022 20022 I StylusModule: StylusModule.onUpdateToolType():801 Update tool type = 0
02-19 22:19:41.951   752   795 W ActivityTaskManager: callingPackage for (uid=-1, pid=0) has no WPC
02-19 22:19:41.953   752   795 W ActivityStartInterceptor: Starting home with component specified, uid=0
02-19 22:19:41.956   752   795 W OptProp : Cannot read opt property android.window.PROPERTY_COMPAT_ALLOW_USER_ASPECT_RATIO_OVERRIDE
02-19 22:19:41.956   752   795 W OptProp : Cannot read opt property android.window.PROPERTY_COMPAT_ALLOW_USER_ASPECT_RATIO_FULLSCREEN_OVERRIDE
02-19 22:19:41.957   752   795 W OptProp : Cannot read opt property android.window.PROPERTY_COMPAT_ALLOW_RESIZEABLE_ACTIVITY_OVERRIDES
02-19 22:19:41.958   752   795 W OptProp : Cannot read opt property android.window.PROPERTY_COMPAT_ALLOW_MIN_ASPECT_RATIO_OVERRIDE
02-19 22:19:41.958   752   795 V GrammaticalInflectionUtils: AttributionSource: android.content.AttributionSource@1abea79a does not have READ_SYSTEM_GRAMMATICAL_GENDER permission.
02-19 22:19:41.960  4449  4449 I vol.VolumeDialogImpl: mDialog.dismiss() reason: volume_controller from: com.android.systemui.volume.VolumeDialogImpl$7.onDismissRequested:3
02-19 22:19:41.962  4449  4461 D KeyguardService: setOccluded(false)
02-19 22:19:41.962  4449  4461 D KeyguardViewMediator: setOccluded(false)
02-19 22:19:41.962  4449  4449 D KeyguardViewMediator: handleSetOccluded(false)
02-19 22:19:41.963  4449  4449 D KeyguardViewMediator: KeyguardViewMediator queue processing message: SET_OCCLUDED
02-19 22:19:41.963 19166 19166 W SplitSelectStateCtor: Missing session instanceIds
02-19 22:19:41.963 19166 19166 D StatsLog: LAUNCHER_SPLIT_SELECTION_EXIT_INTERRUPTED
02-19 22:19:41.964 19166 19166 D TFOManager: playPanelCloseAnimation() duration=200 traceTag=LauncherOverlay-hide isHomeButtonTap=true
02-19 22:19:41.964 19166 19166 D TFOManager: Skipped creating panel close animation because -1 is invisible.
02-19 22:19:41.964 19166 19166 D OverviewCommandHelper: clearing pending commands: []
02-19 22:19:41.964  4449  4467 D WindowManagerShell: onActivityRestartAttempt: topActivity=ComponentInfo{com.google.android.apps.nexuslauncher/com.google.android.apps.nexuslauncher.NexusLauncherActivity}, wasVisible=true
02-19 22:19:41.962   752   795 I ActivityTaskManager: START u0 {act=android.intent.action.MAIN cat=[android.intent.category.HOME] flg=0x10000100 cmp=com.google.android.apps.nexuslauncher/.NexusLauncherActivity (has extras)} with LAUNCH_SINGLE_TASK from uid 0 (BAL_ALLOW_ALLOWLISTED_UID) result code=3
02-19 22:19:41.966 19166 19166 D StatsLog: LAUNCHER_ONRESUME
02-19 22:19:41.969   531   602 I BpBinder: onLastStrongRef automatically unlinking death recipients: 
02-19 22:19:41.973 19166 19166 I NotificationListener: Handling notification state refresh for com.google.android.adservices.api#0
02-19 22:19:41.973 19166 19166 I NotificationListener: Handling notification state refresh for android#0
02-19 22:19:41.973 19166 19166 I NotificationListener: Handling notification state refresh for com.android.systemui#0
02-19 22:19:41.973 19166 19190 D QuickstepModelDelegate: notifyAppTargetEvent action=1 launchLocation=workspace/0/[-1,-1]/[1,1]
02-19 22:19:41.980  1971  2198 I AiAiEcho: Predicting[0]:  [CONTEXT sampling_count=5 ]
02-19 22:19:41.980  1971  2198 I AiAiEcho: EchoTargets: 
02-19 22:19:41.980  1971  2198 I AiAiEcho: Filtered by AiAi flag check: 
02-19 22:19:41.980  1971  2198 I AiAiEcho: [CONTEXT ratelimit_period="10 SECONDS" ]
02-19 22:19:41.980  1971  2198 I AiAiEcho: #remoteViewsTwiddler: feature disabled.
02-19 22:19:41.982  1971  2198 I AiAiEcho: #postPredictionTargets: Sending updates to UISurface home with targets# 0 (types=[])
02-19 22:19:41.983 19166 19166 D SsBaseTemplateCard: No text view can be set up
02-19 22:19:41.983 19166 19166 D SsBaseTemplateCard: Passed-in item info is null
02-19 22:19:41.983 19166 19166 D SsBaseTemplateCard: Passed-in item info is null
02-19 22:19:41.983 19166 19166 D SsBaseTemplateCard: Passed-in item info is null
02-19 22:19:41.983 19166 19166 I SsBaseTemplateCard: Secondary card pane is null
02-19 22:19:43.341   531   568 W EventThread: Faking VSYNC due to driver stall for thread app
02-19 22:19:43.411  8347  8347 W dumpsys : Thread Pool max thread count is 0. Cannot cache binder as linkToDeath cannot be implemented. serviceName: window
02-19 22:19:43.417   752  2503 I system_server: AssetManager2(0x7d8fac48fd38) locale list changing from [] to [en-US]
02-19 22:19:43.422   752  2503 I system_server: AssetManager2(0x7d8fac48f6f8) locale list changing from [] to [en-US]
02-19 22:19:43.425   752  2503 I system_server: AssetManager2(0x7d8fac439b18) locale list changing from [] to [en-US]
02-19 22:19:43.428   752  2503 I system_server: AssetManager2(0x7d8fac492f38) locale list changing from [] to [en-US]
02-19 22:19:43.435   752  2503 I system_server: AssetManager2(0x7d8fac51c738) locale list changing from [] to [en-US]
02-19 22:19:43.445  7463  7463 I AidlLazyServiceRegistrar: Process has 0 (of 1 available) client(s) in use after notification artd has clients: 0
02-19 22:19:43.445  7463  7463 I AidlLazyServiceRegistrar: Trying to shut down the service. No clients in use for any service in process.
02-19 22:19:43.450   752  2503 I system_server: AssetManager2(0x7d8fac519218) locale list changing from [] to [en-US]
02-19 22:19:43.453  7463  7463 I AidlLazyServiceRegistrar: Unregistered all clients and exiting
02-19 22:19:43.510 19301  6800 I NetworkScheduler.Stats: (REDACTED) Task %s/%s started execution. cause:%s exec_start_elapsed_seconds: %s
02-19 22:19:43.756 19301  8352 I NetworkScheduler.Stats: (REDACTED) Task %s/%s finished executing. cause:%s result: %s elapsed_millis: %s uptime_millis: %s exec_start_elapsed_seconds: %s
02-19 22:19:43.814   752  1631 W ActivityTaskManager: callingPackage for (uid=2000, pid=8355) has no WPC
02-19 22:19:43.822   752  1631 D CompatChangeReporter: Compat change id reported: 151861875; UID 10217; state: ENABLED
02-19 22:19:43.822   752  1631 V GrammaticalInflectionUtils: AttributionSource: android.content.AttributionSource@56784557 does not have READ_SYSTEM_GRAMMATICAL_GENDER permission.
02-19 22:19:43.823   752  1631 W OptProp : Cannot read opt property android.window.PROPERTY_COMPAT_ALLOW_USER_ASPECT_RATIO_OVERRIDE
02-19 22:19:43.823   752  1631 W OptProp : Cannot read opt property android.window.PROPERTY_COMPAT_ALLOW_USER_ASPECT_RATIO_FULLSCREEN_OVERRIDE
02-19 22:19:43.824   752  1631 W OptProp : Cannot read opt property android.window.PROPERTY_COMPAT_ALLOW_RESIZEABLE_ACTIVITY_OVERRIDES
02-19 22:19:43.826   752  1631 W OptProp : Cannot read opt property android.window.PROPERTY_COMPAT_ALLOW_MIN_ASPECT_RATIO_OVERRIDE
02-19 22:19:43.833   752  1631 W OptProp : Cannot read opt property android.window.PROPERTY_COMPAT_ALLOW_ORIENTATION_OVERRIDE
02-19 22:19:43.835   531   602 I BpBinder: onLastStrongRef automatically unlinking death recipients: 
02-19 22:19:43.844   752  1631 I ActivityTaskManager: START u0 {act=android.intent.action.VIEW dat=intoss://takealook/... flg=0x10000000 xflg=0x4 pkg=viva.republica.toss.test cmp=viva.republica.toss.test/.MiniAppSchemeActivity} with LAUNCH_MULTIPLE from uid 2000 (BAL_ALLOW_PERMISSION) result code=0
02-19 22:19:43.845  4449  4467 V WindowManagerShell: Transition requested (#1161): android.os.BinderProxy@1167e4b TransitionRequestInfo { type = OPEN, triggerTask = TaskInfo{userId=0 taskId=197 effectiveUid=10217 displayId=0 isRunning=true baseIntent=Intent { act=android.intent.action.VIEW dat=intoss://takealook/... flg=0x10000000 pkg=viva.republica.toss.test cmp=viva.republica.toss.test/.MiniAppSchemeActivity } baseActivity=ComponentInfo{viva.republica.toss.test/viva.republica.toss.test.MiniAppSchemeActivity} topActivity=ComponentInfo{viva.republica.toss.test/viva.republica.toss.test.MiniAppSchemeActivity} origActivity=null realActivity=ComponentInfo{viva.republica.toss.test/viva.republica.toss.test.MiniAppSchemeActivity} numActivities=1 lastActiveTime=118657689 supportsMultiWindow=true resizeMode=1 isResizeable=true minWidth=-1 minHeight=-1 defaultMinSize=220 token=WCT{android.window.IWindowContainerToken$Stub$Proxy@a10d028} topActivityType=1 pictureInPictureParams=null shouldDockBigOverlays=false launchIntoPipHostTaskId=-1 lastParentTaskIdBeforePip=-1 displayCutoutSafeInsets=Rect(0, 0 - 0, 0) topActivityInfo=ActivityInfo{f850141 viva.republica.toss.test.MiniAppSchemeActivity} launchCookies=[] positionInParent=Point(0, 0) parentTaskId=-1 isFocused=false isVisible=false isVisibleRequested=false isTopActivityNoDisplay=false isSleeping=false locusId=null displayAreaFeatureId=1 isTopActivityTransparent=true isActivityStackTransparent=true lastNonFullscreenBounds=Rect(284, 660 - 796, 1740) capturedLink=null capturedLinkTimestamp=0 requestedVisibleTypes=-9 topActivityRequestOpenInBrowserEducationTimestamp=0 appCompatTaskInfo=AppCompatTaskInfo { topActivityInSizeCompat=false eligibleForLetterboxEducation= false isLetterboxEducationEnabled= true isLetterboxDoubleTapEnabled= false eligibleForUserAspectRatioButton= false topActivityBoundsLetterboxed= false isFromLetterboxDoubleTap= false topActivityLetterboxVerticalPosition= -1 topActivityLetterboxHorizontalPosition= -1 topActivityLetterboxWidth=-1 topActivityLetterboxHeight=-1 topActivityAppBounds=Rect(0, 0 - 1080, 2400) isUserFullscreenOverrideEnabled=false isSystemFullscreenOverrideEnabled=false hasMinAspectRatioOverride=false topActivityLetterboxBounds=null cameraCompatTaskInfo=CameraCompatTaskInfo { freeformCameraCompatMode=inactive}} topActivityMainWindowFrame=null}, pipChange = null, remoteTransition = null, displayChange = null, flags = 0, debugId = 1161 }
02-19 22:19:43.846  4449  4467 D ShellSplitScreen: logExit: no-op, mLoggerSessionId is null
02-19 22:19:43.855   752   797 V GrammaticalInflectionUtils: AttributionSource: android.content.AttributionSource@56784557 does not have READ_SYSTEM_GRAMMATICAL_GENDER permission.
02-19 22:19:43.858   531   531 I BpBinder: onLastStrongRef automatically unlinking death recipients: 
02-19 22:19:43.865 19166 19166 W SplitSelectStateCtor: Missing session instanceIds
02-19 22:19:43.865 19166 19166 D StatsLog: LAUNCHER_SPLIT_SELECTION_EXIT_INTERRUPTED
02-19 22:19:43.873  4449  4467 D WindowManagerShell: setLauncherKeepClearAreaHeight: visible=false, height=527
02-19 22:19:43.888   752  1095 D BackgroundInstallControlService: Package event received: 0
02-19 22:19:43.891   458   458 D Zygote  : Forked child process 8358
02-19 22:19:43.895   752   806 I ActivityManager: Start proc 8358:viva.republica.toss.test/u0a217 for next-top-activity {viva.republica.toss.test/viva.republica.toss.test.MiniAppSchemeActivity}
02-19 22:19:43.915   752   806 I ActivityManager: ProcessObserver broadcast disabled
02-19 22:19:43.916   752   806 W ActivityManager: Slow operation: 60ms so far, now at startProcess: done updating pids map
02-19 22:19:43.917 19301 19307 W .gms.persistent: Suspending all threads took: 5.165ms
02-19 22:19:43.950  8358  8358 I blica.toss.test: Using CollectorTypeCMC GC.
02-19 22:19:43.961  8358  8358 W blica.toss.test: Unexpected CPU variant for x86: x86_64.
02-19 22:19:43.961  8358  8358 W blica.toss.test: Known variants: atom, sandybridge, silvermont, goldmont, goldmont-plus, goldmont-without-sha-xsaves, tremont, kabylake, alderlake, default
02-19 22:19:43.973  8358  8358 E blica.toss.test: Not starting debugger since process cannot load the jdwp agent.
02-19 22:19:43.989 19301  8352 I NetworkScheduler.Stats: (REDACTED) Task %s/%s started execution. cause:%s exec_start_elapsed_seconds: %s
02-19 22:19:44.015   752   779 W ActivityTaskManager: takeTaskSnapshot: taskId=197 not found or not visible
02-19 22:19:44.027  8358  8358 D nativeloader: Load libframework-connectivity-tiramisu-jni.so using APEX ns com_android_tethering for caller /apex/com.android.tethering/javalib/framework-connectivity-t.jar: ok
02-19 22:19:44.056   752  1095 D BackgroundInstallControlService: Package event received: 0
02-19 22:19:44.065  8358  8358 D ApplicationLoaders: Returning zygote-cached class loader: /system_ext/framework/androidx.window.extensions.jar
02-19 22:19:44.065  8358  8358 D ApplicationLoaders: Returning zygote-cached class loader: /system_ext/framework/androidx.window.sidecar.jar
02-19 22:19:44.077  8358  8358 D nativeloader: Configuring clns-9 for other apk /data/app/~~NUQj-rdXzuicW-16SIRtKA==/viva.republica.toss.test-Si406wFvb_sqEA2GTBV6RQ==/base.apk. target_sdk_version=35, uses_libraries=, library_path=/data/app/~~NUQj-rdXzuicW-16SIRtKA==/viva.republica.toss.test-Si406wFvb_sqEA2GTBV6RQ==/lib/x86_64:/data/app/~~NUQj-rdXzuicW-16SIRtKA==/viva.republica.toss.test-Si406wFvb_sqEA2GTBV6RQ==/base.apk!/lib/x86_64, permitted_path=/data:/mnt/expand:/data/user/0/viva.republica.toss.test
02-19 22:19:44.080  8358  8358 D CompatChangeReporter: Compat change id reported: 202956589; UID 10217; state: ENABLED
02-19 22:19:44.084  8358  8358 I blica.toss.test: AssetManager2(0x7d8fac428e58) locale list changing from [] to [en-US]
02-19 22:19:44.093  8358  8358 V GraphicsEnvironment: Currently set values for:
02-19 22:19:44.094  8358  8358 V GraphicsEnvironment:   angle_gl_driver_selection_pkgs=[]
02-19 22:19:44.094  8358  8358 V GraphicsEnvironment:   angle_gl_driver_selection_values=[]
02-19 22:19:44.094  8358  8358 V GraphicsEnvironment: viva.republica.toss.test is not listed in per-application setting
02-19 22:19:44.094  8358  8358 V GraphicsEnvironment: ANGLE allowlist from config: com.dreamgames.royalmatch com.dts.freefiremax com.dxx.firenow com.gramgames.mergedragons com.ludo.king com.mojang.minecraftpe com.my.defense com.nintendo.zaka com.os.airforce com.playrix.fishdomdd.gplay io.teslatech.callbreak jp.konami.prospia net.peakgames.toonblast
02-19 22:19:44.094  8358  8358 V GraphicsEnvironment: viva.republica.toss.test is not listed in ANGLE allowlist or settings, returning default
02-19 22:19:44.094  8358  8358 V GraphicsEnvironment: Neither updatable production driver nor prerelease driver is supported.
02-19 22:19:44.117  8358  8358 D CompatChangeReporter: Compat change id reported: 279646685; UID 10217; state: ENABLED
02-19 22:19:44.145  8358  8358 D nativeloader: Load /data/app/~~NUQj-rdXzuicW-16SIRtKA==/viva.republica.toss.test-Si406wFvb_sqEA2GTBV6RQ==/lib/x86_64/libmmkv.so using class loader ns clns-9 (caller=/data/app/~~NUQj-rdXzuicW-16SIRtKA==/viva.republica.toss.test-Si406wFvb_sqEA2GTBV6RQ==/base.apk): ok
02-19 22:19:44.154 19301  5910 I NetworkScheduler.Stats: (REDACTED) Task %s/%s finished executing. cause:%s result: %s elapsed_millis: %s uptime_millis: %s exec_start_elapsed_seconds: %s
02-19 22:19:44.166 19301  6800 I TapAndPay: deviceSupportsHce has detected emulator [CONTEXT service_id=79 ]
02-19 22:19:44.169  8358  8358 I blica.toss.test: AssetManager2(0x7d8fac426f18) locale list changing from [] to [en-US]
02-19 22:19:44.170  8358  8358 I WebViewFactory: Loading com.google.android.webview version 133.0.6943.137 (code 694313738)
02-19 22:19:44.170 19301  6800 I .gms.persistent: AssetManager2(0x7d8fac431e18) locale list changing from [] to [en-US]
02-19 22:19:44.175  8358  8358 I blica.toss.test: AssetManager2(0x7d8fac427878) locale list changing from [] to [en-US]
02-19 22:19:44.179  8358  8358 I blica.toss.test: AssetManager2(0x7d8fac4284f8) locale list changing from [] to [en-US]
02-19 22:19:44.182  8358  8358 V ResourcesManager: The following library key has been added: ResourcesKey{ mHash=a24a3099 mResDir=null mSplitDirs=[] mOverlayDirs=[] mLibDirs=[/data/app/~~86wu-kVgQoavtKNPNhKNpg==/com.google.android.webview-1KjOBROVBHjUvpUZHW2m2g==/WebViewGoogle.apk,/data/app/~~zfNTtjjfT5QjKD_7Ux4KKQ==/com.google.android.trichromelibrary_694313738-AgzLRnDhHPFXke_9IsnuqA==/TrichromeLibrary.apk] mDisplayId=0 mOverrideConfig=v36 mCompatInfo={420dpi always-compat} mLoaders=[]}
02-19 22:19:44.187  8358  8371 E ashmem  : Pinning is deprecated since Android Q. Please use trim or other methods.
02-19 22:19:44.189  8358  8358 W blica.toss.test: Failed to find entry 'classes.dex': Entry not found
02-19 22:19:44.195  8358  8358 D nativeloader: Configuring clns-10 for other apk /data/app/~~zfNTtjjfT5QjKD_7Ux4KKQ==/com.google.android.trichromelibrary_694313738-AgzLRnDhHPFXke_9IsnuqA==/TrichromeLibrary.apk. target_sdk_version=34, uses_libraries=ALL, library_path=/data/app/~~86wu-kVgQoavtKNPNhKNpg==/com.google.android.webview-1KjOBROVBHjUvpUZHW2m2g==/lib/x86_64:/data/app/~~86wu-kVgQoavtKNPNhKNpg==/com.google.android.webview-1KjOBROVBHjUvpUZHW2m2g==/WebViewGoogle.apk!/lib/x86_64:/data/app/~~zfNTtjjfT5QjKD_7Ux4KKQ==/com.google.android.trichromelibrary_694313738-AgzLRnDhHPFXke_9IsnuqA==/TrichromeLibrary.apk!/lib/x86_64, permitted_path=/data:/mnt/expand
02-19 22:19:44.212  8358  8358 D ApplicationLoaders: Returning zygote-cached class loader: /system_ext/framework/androidx.window.extensions.jar
02-19 22:19:44.214 19301  6800 I TapAndPay: NfcAdapter is null while obtaining CardEmulation instance. [CONTEXT service_id=79 ]
02-19 22:19:44.219  8358  8358 D nativeloader: Configuring clns-11 for other apk /data/app/~~86wu-kVgQoavtKNPNhKNpg==/com.google.android.webview-1KjOBROVBHjUvpUZHW2m2g==/WebViewGoogle.apk. target_sdk_version=34, uses_libraries=, library_path=/data/app/~~86wu-kVgQoavtKNPNhKNpg==/com.google.android.webview-1KjOBROVBHjUvpUZHW2m2g==/lib/x86_64:/data/app/~~86wu-kVgQoavtKNPNhKNpg==/com.google.android.webview-1KjOBROVBHjUvpUZHW2m2g==/WebViewGoogle.apk!/lib/x86_64:/data/app/~~zfNTtjjfT5QjKD_7Ux4KKQ==/com.google.android.trichromelibrary_694313738-AgzLRnDhHPFXke_9IsnuqA==/TrichromeLibrary.apk!/lib/x86_64, permitted_path=/data:/mnt/expand
02-19 22:19:44.224 19301  5910 I NetworkScheduler.Stats: (REDACTED) Task %s/%s started execution. cause:%s exec_start_elapsed_seconds: %s
02-19 22:19:44.281  8358  8358 I cr_WVCFactoryProvider: version=133.0.6943.137 (694313738) minSdkVersion=29 isBundle=false multiprocess=true packageId=2
02-19 22:19:44.287  8358  8371 D nativeloader: Configuring clns-12 for other apk . target_sdk_version=35, uses_libraries=ALL, library_path=/data/app/~~NUQj-rdXzuicW-16SIRtKA==/viva.republica.toss.test-Si406wFvb_sqEA2GTBV6RQ==/lib/x86_64:/data/app/~~NUQj-rdXzuicW-16SIRtKA==/viva.republica.toss.test-Si406wFvb_sqEA2GTBV6RQ==/base.apk!/lib/x86_64, permitted_path=/data:/mnt/expand
02-19 22:19:44.291  8358  8371 D nativeloader: Load /data/app/~~NUQj-rdXzuicW-16SIRtKA==/viva.republica.toss.test-Si406wFvb_sqEA2GTBV6RQ==/lib/x86_64/libdceb.so using isolated ns clns-12 (caller=/data/user/0/viva.republica.toss.test/Anonymous-DexFile@1467667017.jar): ok
02-19 22:19:44.312  8358  8358 D nativeloader: Load /data/app/~~zfNTtjjfT5QjKD_7Ux4KKQ==/com.google.android.trichromelibrary_694313738-AgzLRnDhHPFXke_9IsnuqA==/TrichromeLibrary.apk!/lib/x86_64/libmonochrome_64.so using class loader ns clns-11 (caller=/data/app/~~86wu-kVgQoavtKNPNhKNpg==/com.google.android.webview-1KjOBROVBHjUvpUZHW2m2g==/WebViewGoogle.apk): ok
02-19 22:19:44.318  8358  8358 D nativeloader: Load /system/lib64/libwebviewchromium_plat_support.so using class loader ns clns-11 (caller=/data/app/~~86wu-kVgQoavtKNPNhKNpg==/com.google.android.webview-1KjOBROVBHjUvpUZHW2m2g==/WebViewGoogle.apk): ok
02-19 22:19:44.327  8358  8376 E chromium: [0219/221944.327153:ERROR:variations_seed_loader.cc(39)] Seed missing signature.
02-19 22:19:44.327  8358  8376 I chromium: [0219/221944.327814:INFO:variations_seed_loader.cc(67)] Failed to open file for reading.: No such file or directory (2)
02-19 22:19:44.336 19301  6800 I NetworkScheduler.Stats: (REDACTED) Task %s/%s finished executing. cause:%s result: %s elapsed_millis: %s uptime_millis: %s exec_start_elapsed_seconds: %s
02-19 22:19:44.339  8358  8358 I cr_LibraryLoader: Successfully loaded native library
02-19 22:19:44.340  8358  8358 I cr_CachingUmaRecorder: Flushed 6 samples from 6 histograms, 0 samples were dropped.
02-19 22:19:44.347  8358  8358 I cr_CombinedPProvider: #registerProvider() provider:WV.C8@88ca54d isPolicyCacheEnabled:false policyProvidersSize:0
02-19 22:19:44.350  8358  8358 I cr_PolicyProvider: #setManagerAndSource() 0
02-19 22:19:44.365   752  1935 V GrammaticalInflectionUtils: AttributionSource: android.content.AttributionSource@f4a98fae does not have READ_SYSTEM_GRAMMATICAL_GENDER permission.
02-19 22:19:44.375  8358  8358 I cr_CombinedPProvider: #linkNativeInternal() 1
02-19 22:19:44.381  8358  8358 I cr_AppResProvider: #getApplicationRestrictionsFromUserManager() Bundle[EMPTY_PARCEL]
02-19 22:19:44.381  8358  8358 I cr_PolicyProvider: #notifySettingsAvailable() 0
02-19 22:19:44.381  8358  8358 I cr_CombinedPProvider: #onSettingsAvailable() 0
02-19 22:19:44.381  8358  8358 I cr_CombinedPProvider: #flushPolicies()
02-19 22:19:44.385  1263  1263 D Zygote  : Forked child process 8380
02-19 22:19:44.400  8380  8380 I ocessService0:0: Using CollectorTypeCMC GC.
02-19 22:19:44.402  8380  8380 W ocessService0:0: Unexpected CPU variant for x86: x86_64.
02-19 22:19:44.402  8380  8380 W ocessService0:0: Known variants: atom, sandybridge, silvermont, goldmont, goldmont-plus, goldmont-without-sha-xsaves, tremont, kabylake, alderlake, default
02-19 22:19:44.406  8380  8380 E ocessService0:0: Not starting debugger since process cannot load the jdwp agent.
02-19 22:19:44.421  8380  8380 D nativeloader: Load libframework-connectivity-tiramisu-jni.so using APEX ns com_android_tethering for caller /apex/com.android.tethering/javalib/framework-connectivity-t.jar: ok
02-19 22:19:44.447   752  1935 W ActivityManager: Slow operation: 81ms so far, now at startProcess: done updating battery stats
02-19 22:19:44.448   752  1935 W ActivityManager: Slow operation: 82ms so far, now at startProcess: building log message
02-19 22:19:44.448   752  1935 I ActivityManager: Start proc 8380:com.google.android.webview:sandboxed_process0:org.chromium.content.app.SandboxedProcessService0:0/u0i122 for  {viva.republica.toss.test/org.chromium.content.app.SandboxedProcessService0:0}
02-19 22:19:44.449   752  1935 W ActivityManager: Slow operation: 83ms so far, now at startProcess: starting to update pids map
02-19 22:19:44.449   752  1935 I ActivityManager: ProcessObserver broadcast disabled
02-19 22:19:44.449   752  1935 W ActivityManager: Slow operation: 83ms so far, now at startProcess: done updating pids map
02-19 22:19:44.459  8358  8358 I blica.toss.test: AssetManager2(0x7d8fac4281d8) locale list changing from [] to [en-US]
02-19 22:19:44.465  8358  8358 I blica.toss.test: AssetManager2(0x7d8fac425938) locale list changing from [] to [en-US]
02-19 22:19:44.467  8358  8358 D DesktopModeFlags: Toggle override initialized to: OVERRIDE_UNSET
02-19 22:19:44.468  8358  8358 I DisplayManager: Implicitly registering for refresh rate
02-19 22:19:44.471  8380  8380 D CompatChangeReporter: Compat change id reported: 242716250; UID 99122; state: ENABLED
02-19 22:19:44.491  8380  8380 D ApplicationLoaders: Returning zygote-cached class loader: /system_ext/framework/androidx.window.extensions.jar
02-19 22:19:44.494  8380  8380 I ocessService0:0: AssetManager2(0x7d8fac42ba18) locale list changing from [] to [en-US]
02-19 22:19:44.509  8380  8380 I LoadedApk: No resource references to update in package com.google.android.trichromelibrary
02-19 22:19:44.515  8380  8380 I cr_WebViewApkApp: version=133.0.6943.137 (694313738) minSdkVersion=29 isBundle=false processName=com.google.android.webview:sandboxed_process0:org.chromium.content.app.SandboxedProcessService0:0
02-19 22:19:44.523   752  1095 D BackgroundInstallControlService: Package event received: 0
02-19 22:19:44.547  8380  8380 I cr_ChildProcessService: Creating new ChildProcessService pid=8380
02-19 22:19:59.474   752   797 W BLASTSyncEngine: Sync group 1161 timeout
02-19 22:19:59.474   752   797 I BLASTSyncEngine: Unfinished container: ActivityRecord{98368704 u0 viva.republica.toss.test/.MiniAppSchemeActivity t197}
02-19 22:19:59.474   752   797 I BLASTSyncEngine: Unfinished container: Task{9a4df9 #197 type=standard A=10217:viva.republica.toss.test}
02-19 22:19:59.478 27008 27008 I wpa_supplicant: wlan0: CTRL-EVENT-BEACON-LOSS 
02-19 22:19:59.482  8358  8378 W cr_ChildProcessConn: Fallback to ComponentInfo{com.google.android.webview/org.chromium.content.app.SandboxedProcessService1}
02-19 22:19:59.488  1245 27024 D ApfFilter: (wlan0): Adding RA fe80::2 -> ff02::1 1800s fec0::/64 86400s/14400s 
02-19 22:19:59.494   752   797 W ActivityTaskManager: Launch timeout has expired, giving up wake lock!
02-19 22:19:59.516  4449  4536 V WindowManagerShell: onTransitionReady(transaction=3229815439811)
02-19 22:19:59.523  4449  4467 V WindowManagerShell: onTransitionReady (#1161) android.os.BinderProxy@1167e4b: {id=1161 t=OPEN f=0x0 trk=0 r=[0@Point(0, 0)] c=[
02-19 22:19:59.523  4449  4467 V WindowManagerShell:         {m=OPEN f=TRANSLUCENT leash=Surface(name=Task=197)/@0xb4986e6 sb=Rect(0, 0 - 1080, 2400) eb=Rect(0, 0 - 1080, 2400) epz=Point(1080, 2400) d=0 taskParent=-1}
02-19 22:19:59.523  4449  4467 V WindowManagerShell:     ]}
02-19 22:19:59.523  4449  4467 V WindowManagerShell: Playing animation for (#1161) android.os.BinderProxy@1167e4b@0
02-19 22:19:59.524  4449  4467 V ShellRecents: RecentsTransitionHandler.startAnimation: no controller found
02-19 22:19:59.524  4449  4467 V WindowManagerShell: Transition doesn't have explicit remote, search filters for match for {id=1161 t=OPEN f=0x0 trk=0 r=[0@Point(0, 0)] c=[{m=OPEN f=TRANSLUCENT leash=Surface(name=Task=197)/@0xb4986e6 sb=Rect(0, 0 - 1080, 2400) eb=Rect(0, 0 - 1080, 2400) epz=Point(1080, 2400) d=0 taskParent=-1}]}
02-19 22:19:59.525  4449  4467 V WindowManagerShell:  Checking filter Pair{{types=[] flags=0x0] notFlags=0x0 checks=[{atype=undefined independent=true modes=[CLOSE,TO_BACK] flags=IN_TASK_WITH_EMBEDDED_ACTIVITY mustBeTask=false order=ANY topActivity=null launchCookie=null taskFragmentToken=android.os.BinderProxy@71546f0 windowingMode=undefined}]} RemoteTransition { remoteTransition = android.window.IRemoteTransition$Stub$Proxy@d4c8469, appThread = android.app.IApplicationThread$Stub$Proxy@c228eee, debugName = overlayBackTransition }}
02-19 22:19:59.525  4449  4467 V WindowManagerShell:  Checking filter Pair{{types=[] flags=0x0] notFlags=0x0 checks=[{atype=dream independent=true modes=[OPEN,TO_FRONT] flags=NONE mustBeTask=false order=ANY topActivity=null launchCookie=null windowingMode=undefined},{atype=home independent=true modes=[CLOSE,TO_BACK] flags=NONE mustBeTask=false order=ANY topActivity=null launchCookie=null windowingMode=undefined}]} RemoteTransition { remoteTransition = android.window.IRemoteTransition$Stub$Proxy@c578f8f, appThread = android.app.IApplicationThread$Stub$Proxy@69fe21c, debugName = LauncherToDream }}
02-19 22:19:59.526  4449  4467 V WindowManagerShell:  Checking filter Pair{{types=[] flags=0x0] notFlags=0x100 checks=[{atype=home independent=true modes=[OPEN,TO_FRONT] flags=NONE mustBeTask=false order=TOP topActivity=ComponentInfo{com.google.android.apps.nexuslauncher/com.google.android.apps.nexuslauncher.NexusLauncherActivity} launchCookie=null windowingMode=undefined},{atype=standard independent=true modes=[CLOSE,TO_BACK] flags=NONE mustBeTask=false order=ANY topActivity=null launchCookie=null windowingMode=undefined},{NOT atype=undefined independent=true modes=[] flags=NONE mustBeTask=true order=ANY topActivity=null launchCookie=null customAnim=true windowingMode=undefined}]} RemoteTransition { remoteTransition = android.window.IRemoteTransition$Stub$Proxy@69ffe25, appThread = android.app.IApplicationThread$Stub$Proxy@72cabfa, debugName = QuickstepLaunchHome }}
02-19 22:19:59.527  4449  4467 V WindowManagerShell:  Checking filter Pair{{types=[] flags=0x0] notFlags=0x0 checks=[{atype=undefined independent=true modes=[CLOSE,TO_BACK] flags=IN_TASK_WITH_EMBEDDED_ACTIVITY mustBeTask=false order=ANY topActivity=null launchCookie=null taskFragmentToken=android.os.BinderProxy@71546f0 windowingMode=undefined}]} RemoteTransition { remoteTransition = android.window.IRemoteTransition$Stub$Proxy@7c795ab, appThread = android.app.IApplicationThread$Stub$Proxy@cd70408, debugName = overlayBackTransition }}
02-19 22:19:59.527  4449  4467 V WindowManagerShell:  Checking filter Pair{{types=[] flags=0x0] notFlags=0x0 checks=[{atype=dream independent=true modes=[OPEN,TO_FRONT] flags=NONE mustBeTask=false order=ANY topActivity=null launchCookie=null windowingMode=undefined},{atype=home independent=true modes=[CLOSE,TO_BACK] flags=NONE mustBeTask=false order=ANY topActivity=null launchCookie=null windowingMode=undefined}]} RemoteTransition { remoteTransition = android.window.IRemoteTransition$Stub$Proxy@f757a1, appThread = android.app.IApplicationThread$Stub$Proxy@d898dc6, debugName = LauncherToDream }}
02-19 22:19:59.527  4449  4467 V WindowManagerShell:  Checking filter Pair{{types=[] flags=0x0] notFlags=0x100 checks=[{atype=home independent=true modes=[OPEN,TO_FRONT] flags=NONE mustBeTask=false order=TOP topActivity=ComponentInfo{com.google.android.apps.nexuslauncher/com.google.android.apps.nexuslauncher.NexusLauncherActivity} launchCookie=null windowingMode=undefined},{atype=standard independent=true modes=[CLOSE,TO_BACK] flags=NONE mustBeTask=false order=ANY topActivity=null launchCookie=null windowingMode=undefined},{NOT atype=undefined independent=true modes=[] flags=NONE mustBeTask=true order=ANY topActivity=null launchCookie=null customAnim=true windowingMode=undefined}]} RemoteTransition { remoteTransition = android.window.IRemoteTransition$Stub$Proxy@9e7e187, appThread = android.app.IApplicationThread$Stub$Proxy@3dc58b4, debugName = QuickstepLaunchHome }}
02-19 22:19:59.527  4449  4467 V WindowManagerShell:  Delegate animation for (#1161) to null
02-19 22:19:59.528  4449  4467 V WindowManagerShell: start default transition animation, info = {id=1161 t=OPEN f=0x0 trk=0 r=[0@Point(0, 0)] c=[{m=OPEN f=TRANSLUCENT leash=Surface(name=Task=197)/@0xb4986e6 sb=Rect(0, 0 - 1080, 2400) eb=Rect(0, 0 - 1080, 2400) epz=Point(1080, 2400) d=0 taskParent=-1}]}
02-19 22:19:59.529  4449  4467 V WindowManagerShell: loadAnimation: anim=android.view.animation.AnimationSet@d972b72 animAttr=0x4 type=OPEN isEntrance=true
02-19 22:19:59.531  4449  4467 V WindowManagerShell:  animated by com.android.wm.shell.transition.DefaultTransitionHandler@f74d823
02-19 22:19:59.551   752   794 V WindowManager: Sent Transition (#1161) createdAt=02-19 22:19:43.826 via request=TransitionRequestInfo { type = OPEN, triggerTask = TaskInfo{userId=0 taskId=197 effectiveUid=10217 displayId=0 isRunning=true baseIntent=Intent { act=android.intent.action.VIEW dat=intoss://takealook/... flg=0x10000000 pkg=viva.republica.toss.test cmp=viva.republica.toss.test/.MiniAppSchemeActivity } baseActivity=ComponentInfo{viva.republica.toss.test/viva.republica.toss.test.MiniAppSchemeActivity} topActivity=ComponentInfo{viva.republica.toss.test/viva.republica.toss.test.MiniAppSchemeActivity} origActivity=null realActivity=ComponentInfo{viva.republica.toss.test/viva.republica.toss.test.MiniAppSchemeActivity} numActivities=1 lastActiveTime=118657689 supportsMultiWindow=true resizeMode=1 isResizeable=true minWidth=-1 minHeight=-1 defaultMinSize=220 token=WCT{RemoteToken{e875568 Task{9a4df9 #197 type=standard A=10217:viva.republica.toss.test}}} topActivityType=1 pictureInPictureParams=null shouldDockBigOverlays=false launchIntoPipHostTaskId=-1 lastParentTaskIdBeforePip=-1 displayCutoutSafeInsets=Rect(0, 0 - 0, 0) topActivityInfo=ActivityInfo{2153d81 viva.republica.toss.test.MiniAppSchemeActivity} launchCookies=[] positionInParent=Point(0, 0) parentTaskId=-1 isFocused=false isVisible=false isVisibleRequested=false isTopActivityNoDisplay=false isSleeping=false locusId=null displayAreaFeatureId=1 isTopActivityTransparent=true isActivityStackTransparent=true lastNonFullscreenBounds=Rect(284, 660 - 796, 1740) capturedLink=null capturedLinkTimestamp=0 requestedVisibleTypes=-9 topActivityRequestOpenInBrowserEducationTimestamp=0 appCompatTaskInfo=AppCompatTaskInfo { topActivityInSizeCompat=false eligibleForLetterboxEducation= false isLetterboxEducationEnabled= true isLetterboxDoubleTapEnabled= false eligibleForUserAspectRatioButton= false topActivityBoundsLetterboxed= false isFromLetterboxDoubleTap= false topActivityLetterboxVerticalPosition= -1 topActivityLetterboxHorizontalPosition= -1 topActivityLetterboxWidth=-1 topActivityLetterboxHeight=-1 topActivityAppBounds=Rect(0, 0 - 1080, 2400) isUserFullscreenOverrideEnabled=false isSystemFullscreenOverrideEnabled=false hasMinAspectRatioOverride=false topActivityLetterboxBounds=null cameraCompatTaskInfo=CameraCompatTaskInfo { freeformCameraCompatMode=inactive}} topActivityMainWindowFrame=null}, pipChange = null, remoteTransition = null, displayChange = null, flags = 0, debugId = 1161 }
02-19 22:19:59.551   752   806 W ActivityManager: Slow operation: 15150ms so far, now at startProcess: returned from zygote!
02-19 22:19:59.551   752   794 V WindowManager:     startWCT=WindowContainerTransaction { changes= {} hops= [] errorCallbackToken=null taskFragmentOrganizer=null }
02-19 22:19:59.552   752   794 V WindowManager:     info={id=1161 t=OPEN f=0x0 trk=0 r=[0@Point(0, 0)] c=[
02-19 22:19:59.552   752   794 V WindowManager:         {WCT{RemoteToken{e875568 Task{9a4df9 #197 type=standard A=10217:viva.republica.toss.test}}} m=OPEN f=TRANSLUCENT leash=Surface(name=Task=197)/@0x97e865a sb=Rect(0, 0 - 1080, 2400) eb=Rect(0, 0 - 1080, 2400) epz=Point(1080, 2400) d=0 taskParent=-1}
02-19 22:19:59.552   752   794 V WindowManager:     ]}
02-19 22:19:59.573   752  1856 E TaskPersister: File error accessing recents directory (directory doesn't exist?).
02-19 22:19:59.611   752  2503 D ActivityManager: sync unfroze 3453 com.google.android.gms for 4
02-19 22:19:59.614   752  1095 D BackgroundInstallControlService: Package event received: 0
02-19 22:19:59.617   752   805 I ActivityManager: Extending process start timeout by 77ms for ProcessRecord{7f524ec 8358:viva.republica.toss.test/u0a217}
02-19 22:19:59.625   752   969 D ActivityManager: freezing 19829 com.android.vending
02-19 22:19:59.648   752  1095 D BackgroundInstallControlService: Package event received: 0
02-19 22:19:59.650   752   779 D ActivityManager: sync unfroze 19378 com.google.android.webview:webview_service for 6
02-19 22:19:59.652   752   779 W IPCThreadState: Sending oneway calls to frozen process.
02-19 22:19:59.652   752  1095 D BackgroundInstallControlService: Package event received: 0
02-19 22:19:59.663   752  2503 D CompatChangeReporter: Compat change id reported: 311208629; UID 10217; state: ENABLED
02-19 22:19:59.664   752  2503 I ActivityManager: Killing 8380:com.google.android.webview:sandboxed_process0:org.chromium.content.app.SandboxedProcessService0:0/u0a217i122 (adj 0): isolated not needed
02-19 22:19:59.700  1263  1263 I Zygote  : Process 8380 exited due to signal 9 (Killed)
02-19 22:19:59.747  8358  8419 D nativeloader: Load /data/app/~~NUQj-rdXzuicW-16SIRtKA==/viva.republica.toss.test-Si406wFvb_sqEA2GTBV6RQ==/lib/x86_64/libbugsnag-root-detection.so using class loader ns clns-9 (caller=/data/app/~~NUQj-rdXzuicW-16SIRtKA==/viva.republica.toss.test-Si406wFvb_sqEA2GTBV6RQ==/base.apk): ok
02-19 22:19:59.789   752   935 D FileUtils: Rounded bytes from 2067259392 to 4000000000
02-19 22:19:59.850  8358  8417 D nativeloader: Load /data/app/~~NUQj-rdXzuicW-16SIRtKA==/viva.republica.toss.test-Si406wFvb_sqEA2GTBV6RQ==/lib/x86_64/libbugsnag-ndk.so using class loader ns clns-9 (caller=<unknown>): ok
02-19 22:20:03.626   531   568 W EventThread: Faking VSYNC due to driver stall for thread app
02-19 22:20:03.632  4449  4467 V WindowManagerShell: Transition animation finished (aborted=false), notifying core (#1161) android.os.BinderProxy@1167e4b@0
02-19 22:20:03.641   752   794 V WindowManager: Finish Transition (#1161): created at 02-19 22:19:43.826 collect-started=0.161ms request-sent=16.71ms started=20.096ms ready=-1.18657673475E8ms sent=15665.386ms commit=91.294ms finished=19807.737ms
02-19 22:20:03.649  4449  4467 V WindowManagerShell: Track 0 became idle
02-19 22:20:03.649  4449  4467 V WindowManagerShell: All active transition animations finished
02-19 22:20:03.680   752   807 I libprocessgroup: Removed cgroup /sys/fs/cgroup/apps/uid_99122/pid_8380
02-19 22:20:03.683   752  1981 D ActivityManager: sync unfroze 4656 com.google.android.adservices.api for 4
02-19 22:20:03.687   752  1095 D BackgroundInstallControlService: Package event received: 0
02-19 22:20:03.691  8423  8423 W dumpsys : Thread Pool max thread count is 0. Cannot cache binder as linkToDeath cannot be implemented. serviceName: package
02-19 22:20:03.701   752  2503 V GrammaticalInflectionUtils: AttributionSource: android.content.AttributionSource@f65e684d does not have READ_SYSTEM_GRAMMATICAL_GENDER permission.
02-19 22:20:03.714   752  8426 D ActivityManager: created ANR temporary file:/data/anr/temp_anr_6742417721452414558.txt
02-19 22:20:03.714   752  8426 I ActivityManager: Collecting stacks for pid 8358 into temporary file temp_anr_6742417721452414558.txt
02-19 22:20:03.716   752  8426 E system_server: Could not open /dev/binderfs/binder_logs/transactions. Likely a permissions issue. errno: 2
02-19 22:20:03.716   752  8426 E android.os.Debug: Failed to get binder state info for pid: 8358 status: -2: No such file or directory
02-19 22:20:03.731   752  1116 D FileUtils: Rounded bytes from 2067259392 to 4000000000
02-19 22:20:03.757   752  8426 I system_server: libdebuggerd_client: started dumping process 8358
02-19 22:20:03.708   752   752 W AnrMainProcessD: type=1400 audit(0.0:545): avc:  denied  { read } for  name="transactions" dev="binder" ino=1048587 scontext=u:r:system_server:s0 tcontext=u:object_r:binderfs_logs_transactions:s0 tclass=file permissive=0
02-19 22:20:03.766  8358  8358 W BugsnagNDK: Initialization complete!
02-19 22:20:03.769   752  8427 I ActivityManager: dumpStackTraces pids=null
02-19 22:20:03.770   752  8427 I ActivityManager: Dumping to /data/anr/anr_2026-02-19-22-20-03-769
02-19 22:20:03.780  1263  1263 D Zygote  : Forked child process 8429
02-19 22:20:03.783  8358  8417 D nativeloader: Load /data/app/~~NUQj-rdXzuicW-16SIRtKA==/viva.republica.toss.test-Si406wFvb_sqEA2GTBV6RQ==/lib/x86_64/libbugsnag-plugin-android-anr.so using class loader ns clns-9 (caller=<unknown>): ok
02-19 22:20:03.788  8429  8429 I ocessService1:0: Using CollectorTypeCMC GC.
02-19 22:20:03.789  8429  8429 W ocessService1:0: Unexpected CPU variant for x86: x86_64.
02-19 22:20:03.789  8429  8429 W ocessService1:0: Known variants: atom, sandybridge, silvermont, goldmont, goldmont-plus, goldmont-without-sha-xsaves, tremont, kabylake, alderlake, default
02-19 22:20:03.793  4656  8434 W adservices: Skip logging because Cobalt logger is null
02-19 22:20:03.793  8429  8429 E ocessService1:0: Not starting debugger since process cannot load the jdwp agent.
02-19 22:20:03.794  4656  8435 W adservices: Skip logging because Cobalt is disabled.
02-19 22:20:03.798  8429  8429 D nativeloader: Load libframework-connectivity-tiramisu-jni.so using APEX ns com_android_tethering for caller /apex/com.android.tethering/javalib/framework-connectivity-t.jar: ok
02-19 22:20:03.813   283   283 I tombstoned: registered intercept for pid 8358 and type kDebuggerdJavaBacktrace
02-19 22:20:03.827   752   935 W ActivityManager: Slow operation: 126ms so far, now at startProcess: done updating battery stats
02-19 22:20:03.839   752   935 W ActivityManager: Slow operation: 137ms so far, now at startProcess: building log message
02-19 22:20:03.839   752   935 I ActivityManager: Start proc 8429:com.google.android.webview:sandboxed_process1:org.chromium.content.app.SandboxedProcessService1:0/u0i123 for  {viva.republica.toss.test/org.chromium.content.app.SandboxedProcessService1:0}
02-19 22:20:03.840   752   935 W ActivityManager: Slow operation: 138ms so far, now at startProcess: starting to update pids map
02-19 22:20:03.848   752   806 W ActivityManager: Slow operation: 147ms so far, now at startProcess: returned from zygote!
02-19 22:20:03.858   752   935 I ActivityManager: ProcessObserver broadcast disabled
02-19 22:20:03.861   752   935 W ActivityManager: Slow operation: 157ms so far, now at startProcess: done updating pids map
02-19 22:20:03.898   752  1029 D InetDiagMessage: Destroyed 0 sockets, proto=IPPROTO_TCP, family=AF_INET, states=14
02-19 22:20:03.913   752  1029 D InetDiagMessage: Destroyed 0 sockets, proto=IPPROTO_TCP, family=AF_INET6, states=14
02-19 22:20:03.914   752  1029 D InetDiagMessage: Destroyed live tcp sockets for uids={10146} in 19ms
02-19 22:20:03.916  8429  8429 D CompatChangeReporter: Compat change id reported: 242716250; UID 99123; state: ENABLED
02-19 22:20:03.960  8429  8429 D ApplicationLoaders: Returning zygote-cached class loader: /system_ext/framework/androidx.window.extensions.jar
02-19 22:20:03.966  8429  8429 I ocessService1:0: AssetManager2(0x7d8fac42ba18) locale list changing from [] to [en-US]
02-19 22:20:03.988  8429  8429 I LoadedApk: No resource references to update in package com.google.android.trichromelibrary
02-19 22:20:03.993  8429  8429 I cr_WebViewApkApp: version=133.0.6943.137 (694313738) minSdkVersion=29 isBundle=false processName=com.google.android.webview:sandboxed_process1:org.chromium.content.app.SandboxedProcessService1:0
02-19 22:20:04.008   752  1095 D BackgroundInstallControlService: Package event received: 0
02-19 22:20:04.032  8429  8429 I cr_ChildProcessService: Creating new ChildProcessService pid=8429
02-19 22:20:04.118  8358  8359 I blica.toss.test: Thread[2,tid=8359,WaitingInMainSignalCatcherLoop,Thread*=0x7d8f4c4454b0,peer=0x2108020,"Signal Catcher"]: reacting to signal 3
02-19 22:20:04.119  8358  8359 I blica.toss.test: 
02-19 22:20:04.209   752  2503 W ActivityManager: Missing app error report, app = viva.republica.toss.test crashing = false notResponding = true
02-19 22:20:04.212   752  2503 D ConnectivityService: requestNetwork for uid/pid:10217/8358 activeRequest: null callbackRequest: 1166 [NetworkRequest [ REQUEST id=1167, [ Capabilities: INTERNET&NOT_RESTRICTED&TRUSTED&NOT_VCN_MANAGED&NOT_BANDWIDTH_CONSTRAINED Uid: 10217 RequestorUid: 10217 RequestorPkg: viva.republica.toss.test UnderlyingNetworks: Null] ]] callback flags: 0 order: 2147483647 isUidTracked: false declaredMethods: AVAIL|UNAVAIL
02-19 22:20:04.230  8358  8358 W System.err: SLF4J: No SLF4J providers were found.
02-19 22:20:04.231   752  1023 D OemPaidWifiNetworkFactory: got request NetworkRequest [ REQUEST id=1167, [ Capabilities: INTERNET&NOT_RESTRICTED&TRUSTED&NOT_VCN_MANAGED&NOT_BANDWIDTH_CONSTRAINED Uid: 10217 RequestorUid: 10217 RequestorPkg: viva.republica.toss.test UnderlyingNetworks: Null] ]
02-19 22:20:04.231  8358  8358 W System.err: SLF4J: Defaulting to no-operation (NOP) logger implementation
02-19 22:20:04.231  8358  8358 W System.err: SLF4J: See https://www.slf4j.org/codes.html#noProviders for further details.
02-19 22:20:04.231   752  1023 D MultiInternetWifiNetworkFactory: got request NetworkRequest [ REQUEST id=1167, [ Capabilities: INTERNET&NOT_RESTRICTED&TRUSTED&NOT_VCN_MANAGED&NOT_BANDWIDTH_CONSTRAINED Uid: 10217 RequestorUid: 10217 RequestorPkg: viva.republica.toss.test UnderlyingNetworks: Null] ]
02-19 22:20:04.231   752  1029 D ConnectivityService: NetReassign [1167 : null → 108] [c 4] [a 1] [i 2]
02-19 22:20:04.232   752  1023 D WifiNetworkFactory: got request NetworkRequest [ REQUEST id=1167, [ Capabilities: INTERNET&NOT_RESTRICTED&TRUSTED&NOT_VCN_MANAGED&NOT_BANDWIDTH_CONSTRAINED Uid: 10217 RequestorUid: 10217 RequestorPkg: viva.republica.toss.test UnderlyingNetworks: Null] ]
02-19 22:20:04.232   752  1023 D UntrustedWifiNetworkFactory: got request NetworkRequest [ REQUEST id=1167, [ Capabilities: INTERNET&NOT_RESTRICTED&TRUSTED&NOT_VCN_MANAGED&NOT_BANDWIDTH_CONSTRAINED Uid: 10217 RequestorUid: 10217 RequestorPkg: viva.republica.toss.test UnderlyingNetworks: Null] ]
02-19 22:20:04.262   752  2503 W OptProp : Cannot read opt property android.window.PROPERTY_COMPAT_ENABLE_FAKE_FOCUS
02-19 22:20:04.262   752  2503 D CompatChangeReporter: Compat change id reported: 324203798; UID 10217; state: ENABLED
02-19 22:20:04.279  8358  8358 I Choreographer: Skipped 1214 frames!  The application may be doing too much work on its main thread.
02-19 22:20:04.283   752   797 W ProcessStats: Tracking association SourceState{492d26f viva.republica.toss.test/10217 BTop #28719} whose proc state 2 is better than process ProcessState{ad7a682 com.google.android.gms/10148 pkg=com.google.android.gms} proc state 14 (3 skipped)
02-19 22:20:04.287   752  1095 D BackgroundInstallControlService: Package event received: 0
02-19 22:20:04.287   752  1095 D BackgroundInstallControlService: Package event received: 0
02-19 22:20:04.295  8358  8358 I blica.toss.test: AssetManager2(0x7d8fac432138) locale list changing from [] to [en-US]
02-19 22:20:04.308  8358  8456 I CameraManagerGlobal: Connecting to camera service
02-19 22:20:04.320  8358  8358 I blica.toss.test: AssetManager2(0x7d8fac42c378) locale list changing from [] to [en-US]
02-19 22:20:04.373   752   935 W ActivityManager: Missing app error report, app = viva.republica.toss.test crashing = false notResponding = true
02-19 22:20:04.427  8358  8457 I EGL_emulation: Opening libGLESv1_CM_emulation.so
02-19 22:20:04.432  8358  8457 I EGL_emulation: Opening libGLESv2_emulation.so
02-19 22:20:04.433   615   715 I AttributionAndPermissionUtils: checkPermission (forDataDelivery 0 startDataDelivery 0): Permission hard denied for client attribution [uid 10217, pid 8358, packageName "<unknown>"]
02-19 22:20:04.608   752  1981 W ActivityManager: Missing app error report, app = viva.republica.toss.test crashing = false notResponding = true
02-19 22:20:04.651  8447  8447 I artd    : Starting artd
02-19 22:20:04.654  8447  8447 I AidlLazyServiceRegistrar: Registering service artd
02-19 22:20:04.658  8358  8457 W HWUI    : Failed to choose config with EGL_SWAP_BEHAVIOR_PRESERVED, retrying without...
02-19 22:20:04.659  8358  8457 W HWUI    : Failed to initialize 101010-2 format, error = EGL_SUCCESS
02-19 22:20:04.674  8447  8447 I AidlLazyServiceRegistrar: Process has 1 (of 1 available) client(s) in use after notification artd has clients: 1
02-19 22:20:04.749   752   935 W ActivityManager: Missing app error report, app = viva.republica.toss.test crashing = false notResponding = true
02-19 22:20:04.863   752   935 W ActivityManager: Missing app error report, app = viva.republica.toss.test crashing = false notResponding = true
02-19 22:20:04.956  8358  8358 I blica.toss.test: AssetManager2(0x7d8fac42d638) locale list changing from [] to [en-US]
02-19 22:20:04.967  8358  8362 I blica.toss.test: Background concurrent mark compact GC freed 6154KB AllocSpace bytes, 34(980KB) LOS objects, 49% free, 11MB/22MB, paused 3.793ms,6.178ms total 721.707ms
02-19 22:20:04.970   752  2503 W ActivityManager: Missing app error report, app = viva.republica.toss.test crashing = false notResponding = true
02-19 22:20:04.973  8358  8358 D CompatChangeReporter: Compat change id reported: 309578419; UID 10217; state: ENABLED
