--------- beginning of main
02-19 21:33:50.805   752  1029 D InetDiagMessage: Destroyed 0 sockets, proto=IPPROTO_TCP, family=AF_INET6, states=14
02-19 21:33:50.805   752  1029 D InetDiagMessage: Destroyed live tcp sockets for uids={10205} in 4ms
--------- beginning of system
02-19 21:33:50.817  4449  4467 V WindowManagerShell: Transition requested (#1055): android.os.BinderProxy@2776c00 TransitionRequestInfo { type = CLOSE, triggerTask = TaskInfo{userId=0 taskId=160 effectiveUid=10217 displayId=0 isRunning=false baseIntent=Intent { act=android.intent.action.VIEW dat=intoss://takealook/... flg=0x10000000 pkg=viva.republica.toss.test cmp=viva.republica.toss.test/.MiniAppSchemeActivity } baseActivity=null topActivity=null origActivity=null realActivity=ComponentInfo{viva.republica.toss.test/viva.republica.toss.test.MiniAppSchemeActivity} numActivities=0 lastActiveTime=115893352 supportsMultiWindow=true resizeMode=1 isResizeable=true minWidth=-1 minHeight=-1 defaultMinSize=220 token=WCT{android.window.IWindowContainerToken$Stub$Proxy@7c12c39} topActivityType=1 pictureInPictureParams=null shouldDockBigOverlays=false launchIntoPipHostTaskId=-1 lastParentTaskIdBeforePip=-1 displayCutoutSafeInsets=Rect(0, 0 - 0, 0) topActivityInfo=null launchCookies=[] positionInParent=Point(0, 0) parentTaskId=-1 isFocused=false isVisible=true isVisibleRequested=true isTopActivityNoDisplay=false isSleeping=false locusId=null displayAreaFeatureId=1 isTopActivityTransparent=false isActivityStackTransparent=true lastNonFullscreenBounds=Rect(284, 660 - 796, 1740) capturedLink=null capturedLinkTimestamp=0 requestedVisibleTypes=-9 topActivityRequestOpenInBrowserEducationTimestamp=0 appCompatTaskInfo=AppCompatTaskInfo { topActivityInSizeCompat=false eligibleForLetterboxEducation= false isLetterboxEducationEnabled= false isLetterboxDoubleTapEnabled= false eligibleForUserAspectRatioButton= false topActivityBoundsLetterboxed= false isFromLetterboxDoubleTap= false topActivityLetterboxVerticalPosition= -1 topActivityLetterboxHorizontalPosition= -1 topActivityLetterboxWidth=-1 topActivityLetterboxHeight=-1 topActivityAppBounds=Rect(0, 0 - 0, 0) isUserFullscreenOverrideEnabled=false isSystemFullscreenOverrideEnabled=false hasMinAspectRatioOverride=false topActivityLetterboxBounds=null cameraCompatTaskInfo=CameraCompatTaskInfo { freeformCameraCompatMode=undefined}} topActivityMainWindowFrame=null}, pipChange = null, remoteTransition = null, displayChange = null, flags = 0, debugId = 1055 }
02-19 21:33:50.824 19166 19166 D StatsLog: LAUNCHER_ONRESUME
02-19 21:33:50.848  2526  2526 D nativeloader: Load libframework-connectivity-tiramisu-jni.so using APEX ns com_android_tethering for caller /apex/com.android.tethering/javalib/framework-connectivity-t.jar: ok
02-19 21:33:50.922   531   590 I BpBinder: onLastStrongRef automatically unlinking death recipients: 
02-19 21:33:50.932  4449  4467 D WindowManagerShell: setLauncherKeepClearAreaHeight: visible=true, height=527
02-19 21:33:50.948   752   805 I ActivityManager: Killing 2526:viva.republica.toss.test/u0a217 (adj -10000): start timeout
02-19 21:33:50.975 19166 19166 I NotificationListener: Handling notification state refresh for com.google.android.adservices.api#0
02-19 21:33:50.975 19166 19166 I NotificationListener: Handling notification state refresh for android#0
02-19 21:33:50.975 19166 19166 I NotificationListener: Handling notification state refresh for com.android.systemui#0
02-19 21:33:50.975 19166 19190 D QuickstepModelDelegate: notifyAppTargetEvent action=1 launchLocation=workspace/0/[-1,-1]/[1,1]
02-19 21:33:50.978 19166 19166 D RecentsView: onTaskRemoved: 160, not handling task stack changes
02-19 21:33:50.978 19166 19166 D RecentsView: onTaskRemoved: 160, not handling task stack changes
02-19 21:33:50.982   752   797 W IPCThreadState: Sending oneway calls to frozen process.
02-19 21:33:50.983   752   797 W IPCThreadState: Sending oneway calls to frozen process.
02-19 21:33:50.984   752   797 W IPCThreadState: Sending oneway calls to frozen process.
02-19 21:33:50.986   752   797 W IPCThreadState: Sending oneway calls to frozen process.
02-19 21:33:50.986  4449  4511 V WindowManagerShell: onTransitionReady(transaction=3229815436841)
02-19 21:33:50.986   752   797 W IPCThreadState: Sending oneway calls to frozen process.
02-19 21:33:50.987   752   797 W IPCThreadState: Sending oneway calls to frozen process.
02-19 21:33:50.987   752   797 W IPCThreadState: Sending oneway calls to frozen process.
02-19 21:33:50.988  4449  4467 V WindowManagerShell: onTransitionReady (#1055) android.os.BinderProxy@2776c00: {id=1055 t=CLOSE f=0x0 trk=0 r=[0@Point(0, 0)] c=[
02-19 21:33:50.988  4449  4467 V WindowManagerShell:         {m=CHANGE f=SHOW_WALLPAPER|MOVE_TO_TOP leash=Surface(name=Task=1)/@0x5cf627e sb=Rect(0, 0 - 1080, 2400) eb=Rect(0, 0 - 1080, 2400) epz=Point(1080, 2400) d=0 taskParent=-1}
02-19 21:33:50.988  4449  4467 V WindowManagerShell:     ]}
02-19 21:33:50.988  4449  4467 V WindowManagerShell: Transition (#1055) android.os.BinderProxy@2776c00@0 ready while (#1054) android.os.BinderProxy@2e83d0b@0 is still animating. Notify the animating transition in case they can be merged
02-19 21:33:50.988   752   797 W IPCThreadState: Sending oneway calls to frozen process.
02-19 21:33:51.015   752   797 W IPCThreadState: Sending oneway calls to frozen process.
02-19 21:33:51.019   752   797 W IPCThreadState: Sending oneway calls to frozen process.
02-19 21:33:51.019   752   797 W IPCThreadState: Sending oneway calls to frozen process.
02-19 21:33:51.020   752   797 W IPCThreadState: Sending oneway calls to frozen process.
02-19 21:33:51.023   752   955 W UsageStatsService: Unexpected activity event reported! (viva.republica.toss.test/viva.republica.toss.test.MiniAppSchemeActivity event : 23 instanceId : 157767144)
02-19 21:33:51.029   752   797 W IPCThreadState: Sending oneway calls to frozen process.
02-19 21:33:51.030   752   794 V WindowManager: Sent Transition (#1055) createdAt=02-19 21:33:50.796 via request=TransitionRequestInfo { type = CLOSE, triggerTask = TaskInfo{userId=0 taskId=160 effectiveUid=10217 displayId=0 isRunning=false baseIntent=Intent { act=android.intent.action.VIEW dat=intoss://takealook/... flg=0x10000000 pkg=viva.republica.toss.test cmp=viva.republica.toss.test/.MiniAppSchemeActivity } baseActivity=null topActivity=null origActivity=null realActivity=ComponentInfo{viva.republica.toss.test/viva.republica.toss.test.MiniAppSchemeActivity} numActivities=0 lastActiveTime=115893352 supportsMultiWindow=true resizeMode=1 isResizeable=true minWidth=-1 minHeight=-1 defaultMinSize=220 token=WCT{RemoteToken{d5c1289 Task{2c0830b #160 type=standard A=10217:viva.republica.toss.test}}} topActivityType=1 pictureInPictureParams=null shouldDockBigOverlays=false launchIntoPipHostTaskId=-1 lastParentTaskIdBeforePip=-1 displayCutoutSafeInsets=Rect(0, 0 - 0, 0) topActivityInfo=null launchCookies=[] positionInParent=Point(0, 0) parentTaskId=-1 isFocused=false isVisible=true isVisibleRequested=true isTopActivityNoDisplay=false isSleeping=false locusId=null displayAreaFeatureId=1 isTopActivityTransparent=false isActivityStackTransparent=true lastNonFullscreenBounds=Rect(284, 660 - 796, 1740) capturedLink=null capturedLinkTimestamp=0 requestedVisibleTypes=-9 topActivityRequestOpenInBrowserEducationTimestamp=0 appCompatTaskInfo=AppCompatTaskInfo { topActivityInSizeCompat=false eligibleForLetterboxEducation= false isLetterboxEducationEnabled= false isLetterboxDoubleTapEnabled= false eligibleForUserAspectRatioButton= false topActivityBoundsLetterboxed= false isFromLetterboxDoubleTap= false topActivityLetterboxVerticalPosition= -1 topActivityLetterboxHorizontalPosition= -1 topActivityLetterboxWidth=-1 topActivityLetterboxHeight=-1 topActivityAppBounds=Rect(0, 0 - 0, 0) isUserFullscreenOverrideEnabled=false isSystemFullscreenOverrideEnabled=false hasMinAspectRatioOverride=false topActivityLetterboxBounds=null cameraCompatTaskInfo=CameraCompatTaskInfo { freeformCameraCompatMode=undefined}} topActivityMainWindowFrame=null}, pipChange = null, remoteTransition = null, displayChange = null, flags = 0, debugId = 1055 }
02-19 21:33:51.030   752   794 V WindowManager:     startWCT=WindowContainerTransaction { changes= {} hops= [] errorCallbackToken=null taskFragmentOrganizer=null }
02-19 21:33:51.030   752   794 V WindowManager:     info={id=1055 t=CLOSE f=0x0 trk=0 r=[0@Point(0, 0)] c=[
02-19 21:33:51.030   752   794 V WindowManager:         {WCT{RemoteToken{5218fe8 Task{dd43522 #1 type=home}}} m=CHANGE f=SHOW_WALLPAPER|MOVE_TO_TOP leash=Surface(name=Task=1)/@0x8ddbd2e sb=Rect(0, 0 - 1080, 2400) eb=Rect(0, 0 - 1080, 2400) epz=Point(1080, 2400) d=0 taskParent=-1}
02-19 21:33:51.030   752   794 V WindowManager:     ]}
02-19 21:33:51.030   752   797 W IPCThreadState: Sending oneway calls to frozen process.
02-19 21:33:51.030   752  1095 D BackgroundInstallControlService: Package event received: 0
02-19 21:33:51.031   752   797 W IPCThreadState: Sending oneway calls to frozen process.
02-19 21:33:51.031   752   797 W IPCThreadState: Sending oneway calls to frozen process.
02-19 21:33:51.031   752  1095 D BackgroundInstallControlService: Package event received: 0
02-19 21:33:51.032   752   797 W IPCThreadState: Sending oneway calls to frozen process.
02-19 21:33:51.032   752   797 W ProcessStats: Tracking association SourceState{1b917ca system/1000 BFgs #27130} whose proc state 4 is better than process ProcessState{42c4ef0 com.google.android.ext.services/10208 pkg=com.google.android.ext.services} proc state 14 (13 skipped)
02-19 21:33:51.060   752   807 I libprocessgroup: Removed cgroup /sys/fs/cgroup/apps/uid_10217/pid_2526
02-19 21:33:51.077  1971  2198 I AiAiEcho: Predicting[0]:  [CONTEXT sampling_count=5 ]
02-19 21:33:51.077   458   458 I Zygote  : Process 2526 exited due to signal 9 (Killed)
02-19 21:33:51.078  1971  2198 I AiAiEcho: EchoTargets: 
02-19 21:33:51.078  1971  2198 I AiAiEcho: Filtered by AiAi flag check: 
02-19 21:33:51.078  1971  2198 I AiAiEcho: [CONTEXT ratelimit_period="10 SECONDS" ]
02-19 21:33:51.082  1971  2198 I AiAiEcho: #remoteViewsTwiddler: feature disabled.
02-19 21:33:51.101  1971  2198 I AiAiEcho: #postPredictionTargets: Sending updates to UISurface home with targets# 0 (types=[])
02-19 21:33:51.101  4449  4467 V WindowManagerShell: Transition animation finished (aborted=false), notifying core (#1054) android.os.BinderProxy@2e83d0b@0
02-19 21:33:51.106 19166 19166 D SsBaseTemplateCard: No text view can be set up
02-19 21:33:51.107 19166 19166 D SsBaseTemplateCard: Passed-in item info is null
02-19 21:33:51.107 19166 19166 D SsBaseTemplateCard: Passed-in item info is null
02-19 21:33:51.107 19166 19166 D SsBaseTemplateCard: Passed-in item info is null
02-19 21:33:51.107 19166 19166 I SsBaseTemplateCard: Secondary card pane is null
02-19 21:33:51.107   752   794 V WindowManager: Finish Transition (#1054): created at 02-19 21:33:39.491 collect-started=0.157ms request-sent=14.613ms started=65.269ms ready=-1.15893338316E8ms sent=11195.544ms commit=47.951ms finished=11611.913ms
02-19 21:33:51.108  4449  4467 V WindowManagerShell: Playing animation for (#1055) android.os.BinderProxy@2776c00@0
02-19 21:33:51.109  4449  4467 V ShellRecents: RecentsTransitionHandler.startAnimation: no controller found
02-19 21:33:51.112  4449  4467 V WindowManagerShell: Transition doesn't have explicit remote, search filters for match for {id=1055 t=CLOSE f=0x0 trk=0 r=[0@Point(0, 0)] c=[{m=CHANGE f=SHOW_WALLPAPER|MOVE_TO_TOP leash=Surface(name=Task=1)/@0x5cf627e sb=Rect(0, 0 - 1080, 2400) eb=Rect(0, 0 - 1080, 2400) epz=Point(1080, 2400) d=0 taskParent=-1}]}
02-19 21:33:51.120  4449  4467 V WindowManagerShell:  Checking filter Pair{{types=[] flags=0x0] notFlags=0x0 checks=[{atype=undefined independent=true modes=[CLOSE,TO_BACK] flags=IN_TASK_WITH_EMBEDDED_ACTIVITY mustBeTask=false order=ANY topActivity=null launchCookie=null taskFragmentToken=android.os.BinderProxy@71546f0 windowingMode=undefined}]} RemoteTransition { remoteTransition = android.window.IRemoteTransition$Stub$Proxy@d4c8469, appThread = android.app.IApplicationThread$Stub$Proxy@c228eee, debugName = overlayBackTransition }}
02-19 21:33:51.121  4449  4467 V WindowManagerShell:  Checking filter Pair{{types=[] flags=0x0] notFlags=0x0 checks=[{atype=dream independent=true modes=[OPEN,TO_FRONT] flags=NONE mustBeTask=false order=ANY topActivity=null launchCookie=null windowingMode=undefined},{atype=home independent=true modes=[CLOSE,TO_BACK] flags=NONE mustBeTask=false order=ANY topActivity=null launchCookie=null windowingMode=undefined}]} RemoteTransition { remoteTransition = android.window.IRemoteTransition$Stub$Proxy@c578f8f, appThread = android.app.IApplicationThread$Stub$Proxy@69fe21c, debugName = LauncherToDream }}
02-19 21:33:51.121  4449  4467 V WindowManagerShell:  Checking filter Pair{{types=[] flags=0x0] notFlags=0x100 checks=[{atype=home independent=true modes=[OPEN,TO_FRONT] flags=NONE mustBeTask=false order=TOP topActivity=ComponentInfo{com.google.android.apps.nexuslauncher/com.google.android.apps.nexuslauncher.NexusLauncherActivity} launchCookie=null windowingMode=undefined},{atype=standard independent=true modes=[CLOSE,TO_BACK] flags=NONE mustBeTask=false order=ANY topActivity=null launchCookie=null windowingMode=undefined},{NOT atype=undefined independent=true modes=[] flags=NONE mustBeTask=true order=ANY topActivity=null launchCookie=null customAnim=true windowingMode=undefined}]} RemoteTransition { remoteTransition = android.window.IRemoteTransition$Stub$Proxy@69ffe25, appThread = android.app.IApplicationThread$Stub$Proxy@72cabfa, debugName = QuickstepLaunchHome }}
02-19 21:33:51.122  4449  4467 V WindowManagerShell:  Checking filter Pair{{types=[] flags=0x0] notFlags=0x0 checks=[{atype=undefined independent=true modes=[CLOSE,TO_BACK] flags=IN_TASK_WITH_EMBEDDED_ACTIVITY mustBeTask=false order=ANY topActivity=null launchCookie=null taskFragmentToken=android.os.BinderProxy@71546f0 windowingMode=undefined}]} RemoteTransition { remoteTransition = android.window.IRemoteTransition$Stub$Proxy@7c795ab, appThread = android.app.IApplicationThread$Stub$Proxy@cd70408, debugName = overlayBackTransition }}
02-19 21:33:51.122  4449  4467 V WindowManagerShell:  Checking filter Pair{{types=[] flags=0x0] notFlags=0x0 checks=[{atype=dream independent=true modes=[OPEN,TO_FRONT] flags=NONE mustBeTask=false order=ANY topActivity=null launchCookie=null windowingMode=undefined},{atype=home independent=true modes=[CLOSE,TO_BACK] flags=NONE mustBeTask=false order=ANY topActivity=null launchCookie=null windowingMode=undefined}]} RemoteTransition { remoteTransition = android.window.IRemoteTransition$Stub$Proxy@f757a1, appThread = android.app.IApplicationThread$Stub$Proxy@d898dc6, debugName = LauncherToDream }}
02-19 21:33:51.122  4449  4467 V WindowManagerShell:  Checking filter Pair{{types=[] flags=0x0] notFlags=0x100 checks=[{atype=home independent=true modes=[OPEN,TO_FRONT] flags=NONE mustBeTask=false order=TOP topActivity=ComponentInfo{com.google.android.apps.nexuslauncher/com.google.android.apps.nexuslauncher.NexusLauncherActivity} launchCookie=null windowingMode=undefined},{atype=standard independent=true modes=[CLOSE,TO_BACK] flags=NONE mustBeTask=false order=ANY topActivity=null launchCookie=null windowingMode=undefined},{NOT atype=undefined independent=true modes=[] flags=NONE mustBeTask=true order=ANY topActivity=null launchCookie=null customAnim=true windowingMode=undefined}]} RemoteTransition { remoteTransition = android.window.IRemoteTransition$Stub$Proxy@9e7e187, appThread = android.app.IApplicationThread$Stub$Proxy@3dc58b4, debugName = QuickstepLaunchHome }}
02-19 21:33:51.122  4449  4467 V WindowManagerShell:  Delegate animation for (#1055) to null
02-19 21:33:51.122  4449  4467 V WindowManagerShell: start default transition animation, info = {id=1055 t=CLOSE f=0x0 trk=0 r=[0@Point(0, 0)] c=[{m=CHANGE f=SHOW_WALLPAPER|MOVE_TO_TOP leash=Surface(name=Task=1)/@0x5cf627e sb=Rect(0, 0 - 1080, 2400) eb=Rect(0, 0 - 1080, 2400) epz=Point(1080, 2400) d=0 taskParent=-1}]}
02-19 21:33:51.123  4449  4467 V WindowManagerShell: Transition animation finished (aborted=false), notifying core (#1055) android.os.BinderProxy@2776c00@0
02-19 21:33:51.126   752   794 V WindowManager: Finish Transition (#1055): created at 02-19 21:33:50.796 collect-started=0.119ms request-sent=0.246ms started=135.236ms ready=135.16ms sent=174.049ms finished=329.187ms
02-19 21:33:51.130  4449  4467 V WindowManagerShell: Track 0 became idle
02-19 21:33:51.130  4449  4467 V WindowManagerShell: All active transition animations finished
02-19 21:33:51.131  4449  4467 V WindowManagerShell:  animated by com.android.wm.shell.transition.DefaultTransitionHandler@f74d823
02-19 21:33:51.131  4449  4467 V WindowManagerShell: Track 0 became idle
02-19 21:33:51.131  4449  4467 V WindowManagerShell: All active transition animations finished
02-19 21:33:51.481   752  1029 D InetDiagMessage: Destroyed 0 sockets, proto=IPPROTO_TCP, family=AF_INET, states=14
02-19 21:33:51.481   752  1029 D InetDiagMessage: Destroyed 0 sockets, proto=IPPROTO_TCP, family=AF_INET6, states=14
02-19 21:33:51.482   752  1029 D InetDiagMessage: Destroyed live tcp sockets for uids={10146} in 2ms
02-19 21:33:53.404   531   569 W EventThread: Faking VSYNC due to driver stall for thread appSf
02-19 21:33:53.405   531   568 W EventThread: Faking VSYNC due to driver stall for thread app
02-19 21:33:53.464  2536  2536 W dumpsys : Thread Pool max thread count is 0. Cannot cache binder as linkToDeath cannot be implemented. serviceName: window
02-19 21:33:53.468   752  2305 I system_server: AssetManager2(0x7d8fac42e2b8) locale list changing from [] to [en-US]
02-19 21:33:53.470   752  2305 I system_server: AssetManager2(0x7d8fac4330d8) locale list changing from [] to [en-US]
02-19 21:33:53.473   752  2305 I system_server: AssetManager2(0x7d8fac42e8f8) locale list changing from [] to [en-US]
02-19 21:33:53.533   752  2305 I system_server: AssetManager2(0x7d8fac432a98) locale list changing from [] to [en-US]
02-19 21:33:53.539   752  2305 I system_server: AssetManager2(0x7d8fac45e378) locale list changing from [] to [en-US]
02-19 21:33:53.546   752  2305 I system_server: AssetManager2(0x7d8fac4d7e58) locale list changing from [] to [en-US]
02-19 21:33:53.807 19166 19175 D OverviewCommandHelper: command added: CommandInfo(type=TOGGLE, status=IDLE, createTime=115907653, animationCallbacks=null, displayId=0, isLastOfBatch=true)
02-19 21:33:53.807 19166 19175 D OverviewCommandHelper: execute: CommandInfo(type=TOGGLE, status=IDLE, createTime=115907653, animationCallbacks=null, displayId=0, isLastOfBatch=true) - queue size: 1
02-19 21:33:53.808 19166 19166 D OverviewCommandHelper: executing command: CommandInfo(type=TOGGLE, status=PROCESSING, createTime=115907653, animationCallbacks=null, displayId=0, isLastOfBatch=true)
02-19 21:33:53.810 19166 19166 D OverviewCommandHelper: executeCommand: CommandInfo(type=TOGGLE, status=PROCESSING, createTime=115907653, animationCallbacks=null, displayId=0, isLastOfBatch=true) - visibleRecentsView: null
02-19 21:33:53.811 19166 19166 D OverviewCommandHelper: Querying TaskbarManager for TaskbarUIController for display: 0
02-19 21:33:53.811 19166 19166 D OverviewCommandHelper: TaskbarUIController for display 0 was found
02-19 21:33:53.811 19166 19166 D TFOManager: playPanelCloseAnimation() duration=150 traceTag=LauncherOverlay-hide isHomeButtonTap=true
02-19 21:33:53.812 19166 19166 D TFOManager: Skipped creating panel close animation because -1 is invisible.
02-19 21:33:53.813 19166 19166 D StateManager: goToState - fromState: Normal, toState: Overview, partial trace:
02-19 21:33:53.813 19166 19166 D StateManager: 	at com.android.quickstep.LauncherActivityInterface.switchToRecentsIfVisible(go/retraceme 72a59688580715d19f0e415c69e80376c2f062d1648c80db6730905005a27c20:39)
02-19 21:33:53.813 19166 19166 D StateManager: 	at com.android.quickstep.OverviewCommandHelper.executeWhenRecentsIsNotVisible(go/retraceme 72a59688580715d19f0e415c69e80376c2f062d1648c80db6730905005a27c20:292)
02-19 21:33:53.813 19166 19166 D StateManager: 	at com.android.quickstep.OverviewCommandHelper.executeCommand(go/retraceme 72a59688580715d19f0e415c69e80376c2f062d1648c80db6730905005a27c20:49)
02-19 21:33:53.817 19166 19166 D OverviewCommandHelper: switching to Overview state - waiting: CommandInfo(type=TOGGLE, status=PROCESSING, createTime=115907653, animationCallbacks=null, displayId=0, isLastOfBatch=true)
02-19 21:33:53.818 19166 19166 D OverviewCommandHelper: command executed: CommandInfo(type=TOGGLE, status=PROCESSING, createTime=115907653, animationCallbacks=null, displayId=0, isLastOfBatch=true) with result: false
02-19 21:33:53.818 19166 19166 D OverviewCommandHelper: waiting for command callback: CommandInfo(type=TOGGLE, status=PROCESSING, createTime=115907653, animationCallbacks=null, displayId=0, isLastOfBatch=true)
02-19 21:33:53.823  4449  4449 I vol.VolumeDialogImpl: mDialog.dismiss() reason: volume_controller from: com.android.systemui.volume.VolumeDialogImpl$7.onDismissRequested:3
02-19 21:33:55.355   531   568 W EventThread: Faking VSYNC due to driver stall for thread app
02-19 21:33:55.357   752  1856 E TaskPersister: File error accessing recents directory (directory doesn't exist?).
02-19 21:33:55.389 19166 19166 D StateManager: onStateTransitionStart - state: Overview
02-19 21:33:55.389 19166 19166 D RecentsView: updateTaskStackListenerState: true
02-19 21:33:55.390 19166 19166 D RecentsView: reloadIfNeeded - getTasks: 673
02-19 21:33:55.392 19166 19166 D OverviewCommandHelper: switching to Overview state - onAnimationStart: CommandInfo(type=TOGGLE, status=PROCESSING, createTime=115907653, animationCallbacks=null, displayId=0, isLastOfBatch=true)
02-19 21:33:55.392 19166 19166 D StatsLog: LAUNCHER_OVERVIEW_SHOW_OVERVIEW_FROM_3_BUTTON
02-19 21:33:55.394   752  1116 W ActivityTaskManager: getTaskSnapshot: taskId=159 not found
02-19 21:33:55.394   752  1852 W ActivityTaskManager: takeTaskSnapshot: taskId=159 not found or not visible
02-19 21:33:55.398   752  1095 D BackgroundInstallControlService: Package event received: 0
02-19 21:33:55.505 20022 20022 I StylusModule: StylusModule.onUpdateToolType():801 Update tool type = 0
02-19 21:33:55.664 19166 19166 D RecentsView: applyLoadPlan - taskGroups: [type=SINGLE task=[id=12 windowingMode=0 user=0 lastActiveTime=89737] null, type=SINGLE task=[id=49 windowingMode=1 user=0 lastActiveTime=87698314] null]
02-19 21:33:55.678   531   531 I BpBinder: onLastStrongRef automatically unlinking death recipients: 
02-19 21:33:55.710 19166 19166 D StateManager: goToState - fromState: Overview, toState: Normal, partial trace:
02-19 21:33:55.710 19166 19166 D StateManager: 	at com.android.launcher3.LauncherState.onBackInvoked(go/retraceme 72a59688580715d19f0e415c69e80376c2f062d1648c80db6730905005a27c20:24)
02-19 21:33:55.710 19166 19166 D StateManager: 	at com.android.launcher3.uioverrides.states.OverviewState.onBackInvoked(go/retraceme 72a59688580715d19f0e415c69e80376c2f062d1648c80db6730905005a27c20:31)
02-19 21:33:55.710 19166 19166 D StateManager: 	at com.android.launcher3.Launcher.onStateBack(go/retraceme 72a59688580715d19f0e415c69e80376c2f062d1648c80db6730905005a27c20:9)
02-19 21:33:55.711 19166 19166 D StateManager: cancelAnimation - with ongoing animation, partial trace:
02-19 21:33:55.711 19166 19166 D StateManager: 	at com.android.launcher3.statemanager.StateManager.goToState(go/retraceme 72a59688580715d19f0e415c69e80376c2f062d1648c80db6730905005a27c20:18)
02-19 21:33:55.711 19166 19166 D StateManager: 	at com.android.launcher3.statemanager.StateManager.goToState(go/retraceme 72a59688580715d19f0e415c69e80376c2f062d1648c80db6730905005a27c20:4)
02-19 21:33:55.711 19166 19166 D StateManager: 	at com.android.launcher3.statemanager.StateManager.goToState(go/retraceme 72a59688580715d19f0e415c69e80376c2f062d1648c80db6730905005a27c20:2)
02-19 21:33:55.712 19166 19166 D OverviewCommandHelper: switching to Overview state - onAnimationEnd: CommandInfo(type=TOGGLE, status=PROCESSING, createTime=115907653, animationCallbacks=null, displayId=0, isLastOfBatch=true)
02-19 21:33:55.712 19166 19166 D OverviewCommandHelper: command executed: CommandInfo(type=TOGGLE, status=PROCESSING, createTime=115907653, animationCallbacks=null, displayId=0, isLastOfBatch=true) with result: true
02-19 21:33:55.713 19166 19166 D OverviewCommandHelper: command executed successfully! CommandInfo(type=TOGGLE, status=COMPLETED, createTime=115907653, animationCallbacks=null, displayId=0, isLastOfBatch=true)
02-19 21:33:55.713 19166 19166 D OverviewCommandHelper: no pending commands to be executed.
02-19 21:33:55.713 19166 19166 D RecentsView: finishRecentsAnimation - mRecentsAnimationController: null
02-19 21:33:55.713 19166 19166 D RecentsView: cleanupRemoteTargets - mRemoteTargetHandles: null
02-19 21:33:55.760 19166 19166 D StateManager: onStateTransitionStart - state: Normal
02-19 21:33:55.760 19166 19166 D RecentsView: updateTaskStackListenerState: false
02-19 21:33:55.795   752  1095 D BackgroundInstallControlService: Package event received: 0
02-19 21:33:56.103 19166 19166 D StateManager: onStateTransitionEnd - state: Normal
02-19 21:33:56.105 19166 19166 D RecentsView: reset - mEnableDrawingLiveTile: false, mRecentsAnimationController: null
02-19 21:33:56.108 19166 19166 D ActivityAllAppsContainerView: rebindAdapters: force: false
02-19 21:33:56.109 19166 19166 D ActivityAllAppsContainerView: rebindAdapters: Not needed.
02-19 21:33:56.119 19166 19166 D OverviewActionsView: updateForGroupedTask() called with: isGroupedTask = [false], canSaveAppPair = [false]
02-19 21:33:56.119 19166 19166 D OverviewActionsView: updateActionButtonsVisibility() called: showSingleTaskActions = [true], showGroupActions = [false]
02-19 21:33:57.146  2550  2550 W dumpsys : Thread Pool max thread count is 0. Cannot cache binder as linkToDeath cannot be implemented. serviceName: window
02-19 21:33:57.373   752  1116 W ActivityTaskManager: callingPackage for (uid=2000, pid=2555) has no WPC
02-19 21:33:57.376   752  1116 D CompatChangeReporter: Compat change id reported: 151861875; UID 10217; state: ENABLED
02-19 21:33:57.376   752  1116 V GrammaticalInflectionUtils: AttributionSource: android.content.AttributionSource@56784557 does not have READ_SYSTEM_GRAMMATICAL_GENDER permission.
02-19 21:33:57.376   752  1116 W OptProp : Cannot read opt property android.window.PROPERTY_COMPAT_ALLOW_USER_ASPECT_RATIO_OVERRIDE
02-19 21:33:57.377   752  1116 W OptProp : Cannot read opt property android.window.PROPERTY_COMPAT_ALLOW_USER_ASPECT_RATIO_FULLSCREEN_OVERRIDE
02-19 21:33:57.377   752  1116 W OptProp : Cannot read opt property android.window.PROPERTY_COMPAT_ALLOW_RESIZEABLE_ACTIVITY_OVERRIDES
02-19 21:33:57.378   752  1116 W OptProp : Cannot read opt property android.window.PROPERTY_COMPAT_ALLOW_MIN_ASPECT_RATIO_OVERRIDE
02-19 21:33:57.384   752  1116 W OptProp : Cannot read opt property android.window.PROPERTY_COMPAT_ALLOW_ORIENTATION_OVERRIDE
02-19 21:33:57.385   531   590 I BpBinder: onLastStrongRef automatically unlinking death recipients: 
02-19 21:33:57.389  4449  4474 I ndroid.systemui: AssetManager2(0x7d8fac46ed18) locale list changing from [] to [en-US]
02-19 21:33:57.389   752  1116 I ActivityTaskManager: START u0 {act=android.intent.action.VIEW dat=intoss://takealook/... flg=0x10000000 xflg=0x4 cmp=viva.republica.toss.test/im.toss.rn.granite.core.GraniteActivity} with LAUNCH_MULTIPLE from uid 2000 (BAL_ALLOW_PERMISSION) result code=0
02-19 21:33:57.389  4449  4467 V WindowManagerShell: Transition requested (#1056): android.os.BinderProxy@7f03ee2 TransitionRequestInfo { type = OPEN, triggerTask = TaskInfo{userId=0 taskId=161 effectiveUid=10217 displayId=0 isRunning=true baseIntent=Intent { act=android.intent.action.VIEW dat=intoss://takealook/... flg=0x10000000 cmp=viva.republica.toss.test/im.toss.rn.granite.core.GraniteActivity } baseActivity=ComponentInfo{viva.republica.toss.test/im.toss.rn.granite.core.GraniteActivity} topActivity=ComponentInfo{viva.republica.toss.test/im.toss.rn.granite.core.GraniteActivity} origActivity=null realActivity=ComponentInfo{viva.republica.toss.test/im.toss.rn.granite.core.GraniteActivity} numActivities=1 lastActiveTime=115911235 supportsMultiWindow=true resizeMode=1 isResizeable=true minWidth=-1 minHeight=-1 defaultMinSize=220 token=WCT{android.window.IWindowContainerToken$Stub$Proxy@93fd273} topActivityType=1 pictureInPictureParams=null shouldDockBigOverlays=false launchIntoPipHostTaskId=-1 lastParentTaskIdBeforePip=-1 displayCutoutSafeInsets=Rect(0, 0 - 0, 0) topActivityInfo=ActivityInfo{a3dd530 im.toss.rn.granite.core.GraniteActivity} launchCookies=[] positionInParent=Point(0, 0) parentTaskId=-1 isFocused=false isVisible=false isVisibleRequested=false isTopActivityNoDisplay=false isSleeping=false locusId=null displayAreaFeatureId=1 isTopActivityTransparent=false isActivityStackTransparent=false lastNonFullscreenBounds=Rect(284, 660 - 796, 1740) capturedLink=null capturedLinkTimestamp=0 requestedVisibleTypes=-9 topActivityRequestOpenInBrowserEducationTimestamp=0 appCompatTaskInfo=AppCompatTaskInfo { topActivityInSizeCompat=false eligibleForLetterboxEducation= false isLetterboxEducationEnabled= true isLetterboxDoubleTapEnabled= false eligibleForUserAspectRatioButton= false topActivityBoundsLetterboxed= false isFromLetterboxDoubleTap= false topActivityLetterboxVerticalPosition= -1 topActivityLetterboxHorizontalPosition= -1 topActivityLetterboxWidth=-1 topActivityLetterboxHeight=-1 topActivityAppBounds=Rect(0, 0 - 1080, 2400) isUserFullscreenOverrideEnabled=false isSystemFullscreenOverrideEnabled=false hasMinAspectRatioOverride=false topActivityLetterboxBounds=null cameraCompatTaskInfo=CameraCompatTaskInfo { freeformCameraCompatMode=inactive}} topActivityMainWindowFrame=null}, pipChange = null, remoteTransition = null, displayChange = null, flags = 0, debugId = 1056 }
02-19 21:33:57.390  4449  4467 D ShellSplitScreen: logExit: no-op, mLoggerSessionId is null
02-19 21:33:57.392  4449  4467 D WindowManagerShell: setLauncherKeepClearAreaHeight: visible=false, height=527
02-19 21:33:57.392 19166 19166 W SplitSelectStateCtor: Missing session instanceIds
02-19 21:33:57.392 19166 19166 D StatsLog: LAUNCHER_SPLIT_SELECTION_EXIT_INTERRUPTED
02-19 21:33:57.397   752  2502 D CompatChangeReporter: Compat change id reported: 309578419; UID 10217; state: ENABLED
02-19 21:33:57.400   752   797 V GrammaticalInflectionUtils: AttributionSource: android.content.AttributionSource@56784557 does not have READ_SYSTEM_GRAMMATICAL_GENDER permission.
02-19 21:33:57.404   531   531 I BpBinder: onLastStrongRef automatically unlinking death recipients: 
02-19 21:33:57.405  4449  4475 W HWUI    : Image decoding logging dropped!
02-19 21:33:57.418   458   458 D Zygote  : Forked child process 2558
02-19 21:33:57.428   752   806 I ActivityManager: Start proc 2558:viva.republica.toss.test/u0a217 for next-top-activity {viva.republica.toss.test/im.toss.rn.granite.core.GraniteActivity}
02-19 21:33:57.429   752   806 I ActivityManager: ProcessObserver broadcast disabled
02-19 21:33:57.430   752  1095 D BackgroundInstallControlService: Package event received: 0
02-19 21:33:57.435   752  1246 D CoreBackPreview: Window{72078aa u0 Splash Screen viva.republica.toss.test}: Setting back callback OnBackInvokedCallbackInfo{mCallback=android.window.IOnBackInvokedCallback$Stub$Proxy@4985011, mPriority=0, mIsAnimationCallback=false, mOverrideBehavior=0}
02-19 21:33:57.577  2558  2558 I blica.toss.test: Using CollectorTypeCMC GC.
02-19 21:33:57.578  2558  2558 W blica.toss.test: Unexpected CPU variant for x86: x86_64.
02-19 21:33:57.578  2558  2558 W blica.toss.test: Known variants: atom, sandybridge, silvermont, goldmont, goldmont-plus, goldmont-without-sha-xsaves, tremont, kabylake, alderlake, default
02-19 21:33:57.584   752   795 W Looper  : Slow dispatch took 151ms android.ui app=system_server main=false group=TOP_APP h=com.android.server.am.ActivityManagerService$UiHandler c=com.android.server.am.UidObserverController$$ExternalSyntheticLambda0@6a2cd6d m=0
02-19 21:33:57.594  2558  2558 E blica.toss.test: Not starting debugger since process cannot load the jdwp agent.
02-19 21:33:57.602   615 21625 W IPCThreadState: Sending oneway calls to frozen process.
02-19 21:33:57.657  2558  2558 D nativeloader: Load libframework-connectivity-tiramisu-jni.so using APEX ns com_android_tethering for caller /apex/com.android.tethering/javalib/framework-connectivity-t.jar: ok
02-19 21:33:57.722   752  1095 D BackgroundInstallControlService: Package event received: 0
02-19 21:33:57.741  2558  2558 D ApplicationLoaders: Returning zygote-cached class loader: /system_ext/framework/androidx.window.extensions.jar
02-19 21:33:57.741  2558  2558 D ApplicationLoaders: Returning zygote-cached class loader: /system_ext/framework/androidx.window.sidecar.jar
02-19 21:33:58.473  4449  4539 E SurfaceSyncGroup: Failed to receive transaction ready in 1000ms. Marking SurfaceSyncGroup(wmsSync-VRI[test]#20) as ready
02-19 21:33:58.478  4449  4539 E SurfaceSyncGroup: Failed to receive transaction ready in 1000ms. Marking SurfaceSyncGroup(VRI[test]#21) as ready
02-19 21:33:58.477  2558  2558 D nativeloader: Configuring clns-9 for other apk /data/app/~~NUQj-rdXzuicW-16SIRtKA==/viva.republica.toss.test-Si406wFvb_sqEA2GTBV6RQ==/base.apk. target_sdk_version=35, uses_libraries=, library_path=/data/app/~~NUQj-rdXzuicW-16SIRtKA==/viva.republica.toss.test-Si406wFvb_sqEA2GTBV6RQ==/lib/x86_64:/data/app/~~NUQj-rdXzuicW-16SIRtKA==/viva.republica.toss.test-Si406wFvb_sqEA2GTBV6RQ==/base.apk!/lib/x86_64, permitted_path=/data:/mnt/expand:/data/user/0/viva.republica.toss.test
02-19 21:33:58.484  4449  4474 I Choreographer: Skipped 62 frames!  The application may be doing too much work on its main thread.
02-19 21:33:58.484  2558  2558 D CompatChangeReporter: Compat change id reported: 202956589; UID 10217; state: ENABLED
02-19 21:33:58.486   752   794 V WindowManager: Sent Transition (#1056) createdAt=02-19 21:33:57.379 via request=TransitionRequestInfo { type = OPEN, triggerTask = TaskInfo{userId=0 taskId=161 effectiveUid=10217 displayId=0 isRunning=true baseIntent=Intent { act=android.intent.action.VIEW dat=intoss://takealook/... flg=0x10000000 cmp=viva.republica.toss.test/im.toss.rn.granite.core.GraniteActivity } baseActivity=ComponentInfo{viva.republica.toss.test/im.toss.rn.granite.core.GraniteActivity} topActivity=ComponentInfo{viva.republica.toss.test/im.toss.rn.granite.core.GraniteActivity} origActivity=null realActivity=ComponentInfo{viva.republica.toss.test/im.toss.rn.granite.core.GraniteActivity} numActivities=1 lastActiveTime=115911235 supportsMultiWindow=true resizeMode=1 isResizeable=true minWidth=-1 minHeight=-1 defaultMinSize=220 token=WCT{RemoteToken{49f8e6f Task{2528520 #161 type=standard A=10217:viva.republica.toss.test}}} topActivityType=1 pictureInPictureParams=null shouldDockBigOverlays=false launchIntoPipHostTaskId=-1 lastParentTaskIdBeforePip=-1 displayCutoutSafeInsets=Rect(0, 0 - 0, 0) topActivityInfo=ActivityInfo{e2fa77c im.toss.rn.granite.core.GraniteActivity} launchCookies=[] positionInParent=Point(0, 0) parentTaskId=-1 isFocused=false isVisible=false isVisibleRequested=false isTopActivityNoDisplay=false isSleeping=false locusId=null displayAreaFeatureId=1 isTopActivityTransparent=false isActivityStackTransparent=false lastNonFullscreenBounds=Rect(284, 660 - 796, 1740) capturedLink=null capturedLinkTimestamp=0 requestedVisibleTypes=-9 topActivityRequestOpenInBrowserEducationTimestamp=0 appCompatTaskInfo=AppCompatTaskInfo { topActivityInSizeCompat=false eligibleForLetterboxEducation= false isLetterboxEducationEnabled= true isLetterboxDoubleTapEnabled= false eligibleForUserAspectRatioButton= false topActivityBoundsLetterboxed= false isFromLetterboxDoubleTap= false topActivityLetterboxVerticalPosition= -1 topActivityLetterboxHorizontalPosition= -1 topActivityLetterboxWidth=-1 topActivityLetterboxHeight=-1 topActivityAppBounds=Rect(0, 0 - 1080, 2400) isUserFullscreenOverrideEnabled=false isSystemFullscreenOverrideEnabled=false hasMinAspectRatioOverride=false topActivityLetterboxBounds=null cameraCompatTaskInfo=CameraCompatTaskInfo { freeformCameraCompatMode=inactive}} topActivityMainWindowFrame=null}, pipChange = null, remoteTransition = null, displayChange = null, flags = 0, debugId = 1056 }
02-19 21:33:58.488   752   794 V WindowManager:     startWCT=WindowContainerTransaction { changes= {} hops= [] errorCallbackToken=null taskFragmentOrganizer=null }
02-19 21:33:58.488   752   794 V WindowManager:     info={id=1056 t=OPEN f=0x0 trk=0 r=[0@Point(0, 0)] c=[
02-19 21:33:58.488   752   794 V WindowManager:         {WCT{RemoteToken{49f8e6f Task{2528520 #161 type=standard A=10217:viva.republica.toss.test}}} m=OPEN f=NONE leash=Surface(name=Task=161)/@0x2bf049 sb=Rect(0, 0 - 1080, 2400) eb=Rect(0, 0 - 1080, 2400) epz=Point(1080, 2400) d=0 taskParent=-1},
02-19 21:33:58.488   752   794 V WindowManager:         {WCT{RemoteToken{5218fe8 Task{dd43522 #1 type=home}}} m=TO_BACK f=SHOW_WALLPAPER leash=Surface(name=Task=1)/@0x8ddbd2e sb=Rect(0, 0 - 1080, 2400) eb=Rect(0, 0 - 1080, 2400) epz=Point(1080, 2400) d=0 taskParent=-1},
02-19 21:33:58.488   752   794 V WindowManager:         {m=TO_BACK f=IS_WALLPAPER leash=Surface(name=WallpaperWindowToken{35e0c0f showWhenLocked=false})/@0x512f5be sb=Rect(0, 0 - 1080, 2400) eb=Rect(0, 0 - 1080, 2400) epz=Point(1080, 2400) d=0}
02-19 21:33:58.488   752   794 V WindowManager:     ]}
02-19 21:33:58.492  4449  4463 V WindowManagerShell: onTransitionReady(transaction=3229815436862)
02-19 21:33:58.496  4449  4467 V WindowManagerShell: onTransitionReady (#1056) android.os.BinderProxy@7f03ee2: {id=1056 t=OPEN f=0x0 trk=0 r=[0@Point(0, 0)] c=[
02-19 21:33:58.496  4449  4467 V WindowManagerShell:         {m=OPEN f=NONE leash=Surface(name=Task=161)/@0xc424c8c sb=Rect(0, 0 - 1080, 2400) eb=Rect(0, 0 - 1080, 2400) epz=Point(1080, 2400) d=0 taskParent=-1},
02-19 21:33:58.496  4449  4467 V WindowManagerShell:         {m=TO_BACK f=SHOW_WALLPAPER leash=Surface(name=Task=1)/@0xbd56fd5 sb=Rect(0, 0 - 1080, 2400) eb=Rect(0, 0 - 1080, 2400) epz=Point(1080, 2400) d=0 taskParent=-1},
02-19 21:33:58.496  4449  4467 V WindowManagerShell:         {m=TO_BACK f=IS_WALLPAPER leash=Surface(name=WallpaperWindowToken{35e0c0f showWhenLocked=false})/@0x5b1b3ea sb=Rect(0, 0 - 1080, 2400) eb=Rect(0, 0 - 1080, 2400) epz=Point(1080, 2400) d=0}
02-19 21:33:58.496  4449  4467 V WindowManagerShell:     ]}
02-19 21:33:58.499  4449  4467 V WindowManagerShell: Playing animation for (#1056) android.os.BinderProxy@7f03ee2@0
02-19 21:33:58.501  4449  4467 V ShellRecents: RecentsTransitionHandler.startAnimation: no controller found
02-19 21:33:58.503  4449  4467 V WindowManagerShell: Transition doesn't have explicit remote, search filters for match for {id=1056 t=OPEN f=0x0 trk=0 r=[0@Point(0, 0)] c=[{m=OPEN f=NONE leash=Surface(name=Task=161)/@0xc424c8c sb=Rect(0, 0 - 1080, 2400) eb=Rect(0, 0 - 1080, 2400) epz=Point(1080, 2400) d=0 taskParent=-1},{m=TO_BACK f=SHOW_WALLPAPER leash=Surface(name=Task=1)/@0xbd56fd5 sb=Rect(0, 0 - 1080, 2400) eb=Rect(0, 0 - 1080, 2400) epz=Point(1080, 2400) d=0 taskParent=-1},{m=TO_BACK f=IS_WALLPAPER leash=Surface(name=WallpaperWindowToken{35e0c0f showWhenLocked=false})/@0x5b1b3ea sb=Rect(0, 0 - 1080, 2400) eb=Rect(0, 0 - 1080, 2400) epz=Point(1080, 2400) d=0}]}
02-19 21:33:58.504  4449  4467 V WindowManagerShell:  Checking filter Pair{{types=[] flags=0x0] notFlags=0x0 checks=[{atype=undefined independent=true modes=[CLOSE,TO_BACK] flags=IN_TASK_WITH_EMBEDDED_ACTIVITY mustBeTask=false order=ANY topActivity=null launchCookie=null taskFragmentToken=android.os.BinderProxy@71546f0 windowingMode=undefined}]} RemoteTransition { remoteTransition = android.window.IRemoteTransition$Stub$Proxy@d4c8469, appThread = android.app.IApplicationThread$Stub$Proxy@c228eee, debugName = overlayBackTransition }}
02-19 21:33:58.504  4449  4467 V WindowManagerShell:  Checking filter Pair{{types=[] flags=0x0] notFlags=0x0 checks=[{atype=dream independent=true modes=[OPEN,TO_FRONT] flags=NONE mustBeTask=false order=ANY topActivity=null launchCookie=null windowingMode=undefined},{atype=home independent=true modes=[CLOSE,TO_BACK] flags=NONE mustBeTask=false order=ANY topActivity=null launchCookie=null windowingMode=undefined}]} RemoteTransition { remoteTransition = android.window.IRemoteTransition$Stub$Proxy@c578f8f, appThread = android.app.IApplicationThread$Stub$Proxy@69fe21c, debugName = LauncherToDream }}
02-19 21:33:58.504  4449  4467 V WindowManagerShell:  Checking filter Pair{{types=[] flags=0x0] notFlags=0x100 checks=[{atype=home independent=true modes=[OPEN,TO_FRONT] flags=NONE mustBeTask=false order=TOP topActivity=ComponentInfo{com.google.android.apps.nexuslauncher/com.google.android.apps.nexuslauncher.NexusLauncherActivity} launchCookie=null windowingMode=undefined},{atype=standard independent=true modes=[CLOSE,TO_BACK] flags=NONE mustBeTask=false order=ANY topActivity=null launchCookie=null windowingMode=undefined},{NOT atype=undefined independent=true modes=[] flags=NONE mustBeTask=true order=ANY topActivity=null launchCookie=null customAnim=true windowingMode=undefined}]} RemoteTransition { remoteTransition = android.window.IRemoteTransition$Stub$Proxy@69ffe25, appThread = android.app.IApplicationThread$Stub$Proxy@72cabfa, debugName = QuickstepLaunchHome }}
02-19 21:33:58.504  2558  2558 I blica.toss.test: AssetManager2(0x7d8fac428e58) locale list changing from [] to [en-US]
02-19 21:33:58.505  4449  4467 V WindowManagerShell:  Checking filter Pair{{types=[] flags=0x0] notFlags=0x0 checks=[{atype=undefined independent=true modes=[CLOSE,TO_BACK] flags=IN_TASK_WITH_EMBEDDED_ACTIVITY mustBeTask=false order=ANY topActivity=null launchCookie=null taskFragmentToken=android.os.BinderProxy@71546f0 windowingMode=undefined}]} RemoteTransition { remoteTransition = android.window.IRemoteTransition$Stub$Proxy@7c795ab, appThread = android.app.IApplicationThread$Stub$Proxy@cd70408, debugName = overlayBackTransition }}
02-19 21:33:58.505  4449  4467 V WindowManagerShell:  Checking filter Pair{{types=[] flags=0x0] notFlags=0x0 checks=[{atype=dream independent=true modes=[OPEN,TO_FRONT] flags=NONE mustBeTask=false order=ANY topActivity=null launchCookie=null windowingMode=undefined},{atype=home independent=true modes=[CLOSE,TO_BACK] flags=NONE mustBeTask=false order=ANY topActivity=null launchCookie=null windowingMode=undefined}]} RemoteTransition { remoteTransition = android.window.IRemoteTransition$Stub$Proxy@f757a1, appThread = android.app.IApplicationThread$Stub$Proxy@d898dc6, debugName = LauncherToDream }}
02-19 21:33:58.505  4449  4467 V WindowManagerShell:  Checking filter Pair{{types=[] flags=0x0] notFlags=0x100 checks=[{atype=home independent=true modes=[OPEN,TO_FRONT] flags=NONE mustBeTask=false order=TOP topActivity=ComponentInfo{com.google.android.apps.nexuslauncher/com.google.android.apps.nexuslauncher.NexusLauncherActivity} launchCookie=null windowingMode=undefined},{atype=standard independent=true modes=[CLOSE,TO_BACK] flags=NONE mustBeTask=false order=ANY topActivity=null launchCookie=null windowingMode=undefined},{NOT atype=undefined independent=true modes=[] flags=NONE mustBeTask=true order=ANY topActivity=null launchCookie=null customAnim=true windowingMode=undefined}]} RemoteTransition { remoteTransition = android.window.IRemoteTransition$Stub$Proxy@9e7e187, appThread = android.app.IApplicationThread$Stub$Proxy@3dc58b4, debugName = QuickstepLaunchHome }}
02-19 21:33:58.506  4449  4467 V WindowManagerShell:  Delegate animation for (#1056) to null
02-19 21:33:58.506  4449  4467 V WindowManagerShell: start default transition animation, info = {id=1056 t=OPEN f=0x0 trk=0 r=[0@Point(0, 0)] c=[{m=OPEN f=NONE leash=Surface(name=Task=161)/@0xc424c8c sb=Rect(0, 0 - 1080, 2400) eb=Rect(0, 0 - 1080, 2400) epz=Point(1080, 2400) d=0 taskParent=-1},{m=TO_BACK f=SHOW_WALLPAPER leash=Surface(name=Task=1)/@0xbd56fd5 sb=Rect(0, 0 - 1080, 2400) eb=Rect(0, 0 - 1080, 2400) epz=Point(1080, 2400) d=0 taskParent=-1},{m=TO_BACK f=IS_WALLPAPER leash=Surface(name=WallpaperWindowToken{35e0c0f showWhenLocked=false})/@0x5b1b3ea sb=Rect(0, 0 - 1080, 2400) eb=Rect(0, 0 - 1080, 2400) epz=Point(1080, 2400) d=0}]}
02-19 21:33:58.512  4449  4467 V WindowManagerShell: loadAnimation: anim=android.view.animation.AnimationSet@70a3451 animAttr=0x13 type=OPEN isEntrance=false
02-19 21:33:58.519  4449  4467 V WindowManagerShell: loadAnimation: anim=android.view.animation.AnimationSet@5ecc48d animAttr=0x12 type=OPEN isEntrance=true
02-19 21:33:58.526  4449  4461 I HWUI    : Davey! duration=1071ms; Flags=1, FrameTimelineVsyncId=2261829, IntendedVsync=115911254303740, Vsync=115911270970406, InputEventId=0, HandleInputStart=115911277708917, AnimationStart=115911277742917, PerformTraversalsStart=115911277881917, DrawStart=115911318141917, FrameDeadline=115911270970406, FrameStartTime=115911277686917, FrameInterval=16666666, WorkloadTarget=16666666, SyncQueued=115911318315917, SyncStart=115911318572917, IssueDrawCommandsStart=115911419872917, SwapBuffers=115912306074917, FrameCompleted=115912326025917, DequeueBufferDuration=43000, QueueBufferDuration=6116000, GpuCompleted=115912325551917, SwapBuffersCompleted=115912326025917, DisplayPresentTime=0, CommandSubmissionCompleted=115912306074917, 
02-19 21:33:58.527  2558  2558 V GraphicsEnvironment: Currently set values for:
02-19 21:33:58.528  2558  2558 V GraphicsEnvironment:   angle_gl_driver_selection_pkgs=[]
02-19 21:33:58.528  2558  2558 V GraphicsEnvironment:   angle_gl_driver_selection_values=[]
02-19 21:33:58.528  2558  2558 V GraphicsEnvironment: viva.republica.toss.test is not listed in per-application setting
02-19 21:33:58.528  2558  2558 V GraphicsEnvironment: ANGLE allowlist from config: com.dreamgames.royalmatch com.dts.freefiremax com.dxx.firenow com.gramgames.mergedragons com.ludo.king com.mojang.minecraftpe com.my.defense com.nintendo.zaka com.os.airforce com.playrix.fishdomdd.gplay io.teslatech.callbreak jp.konami.prospia net.peakgames.toonblast
02-19 21:33:58.528  2558  2558 V GraphicsEnvironment: viva.republica.toss.test is not listed in ANGLE allowlist or settings, returning default
02-19 21:33:58.528  2558  2558 V GraphicsEnvironment: Neither updatable production driver nor prerelease driver is supported.
02-19 21:33:58.530  4449  4467 V WindowManagerShell:  animated by com.android.wm.shell.transition.DefaultTransitionHandler@f74d823
02-19 21:33:58.548  2558  2558 D CompatChangeReporter: Compat change id reported: 279646685; UID 10217; state: ENABLED
02-19 21:33:58.563  2558  2574 E ashmem  : Pinning is deprecated since Android Q. Please use trim or other methods.
02-19 21:33:58.567  2558  2558 D nativeloader: Load /data/app/~~NUQj-rdXzuicW-16SIRtKA==/viva.republica.toss.test-Si406wFvb_sqEA2GTBV6RQ==/lib/x86_64/libmmkv.so using class loader ns clns-9 (caller=/data/app/~~NUQj-rdXzuicW-16SIRtKA==/viva.republica.toss.test-Si406wFvb_sqEA2GTBV6RQ==/base.apk): ok
02-19 21:33:58.585  2558  2558 I blica.toss.test: AssetManager2(0x7d8fac426f18) locale list changing from [] to [en-US]
02-19 21:33:58.587  2558  2558 I WebViewFactory: Loading com.google.android.webview version 133.0.6943.137 (code 694313738)
02-19 21:33:58.588  2558  2558 I blica.toss.test: AssetManager2(0x7d8fac427878) locale list changing from [] to [en-US]
02-19 21:33:58.588  2558  2558 I blica.toss.test: AssetManager2(0x7d8fac4284f8) locale list changing from [] to [en-US]
02-19 21:33:58.589  2558  2558 V ResourcesManager: The following library key has been added: ResourcesKey{ mHash=a24a3099 mResDir=null mSplitDirs=[] mOverlayDirs=[] mLibDirs=[/data/app/~~86wu-kVgQoavtKNPNhKNpg==/com.google.android.webview-1KjOBROVBHjUvpUZHW2m2g==/WebViewGoogle.apk,/data/app/~~zfNTtjjfT5QjKD_7Ux4KKQ==/com.google.android.trichromelibrary_694313738-AgzLRnDhHPFXke_9IsnuqA==/TrichromeLibrary.apk] mDisplayId=0 mOverrideConfig=v36 mCompatInfo={420dpi always-compat} mLoaders=[]}
02-19 21:33:58.601  2558  2558 W blica.toss.test: Failed to find entry 'classes.dex': Entry not found
02-19 21:33:58.602  2558  2558 D nativeloader: Configuring clns-10 for other apk /data/app/~~zfNTtjjfT5QjKD_7Ux4KKQ==/com.google.android.trichromelibrary_694313738-AgzLRnDhHPFXke_9IsnuqA==/TrichromeLibrary.apk. target_sdk_version=34, uses_libraries=ALL, library_path=/data/app/~~86wu-kVgQoavtKNPNhKNpg==/com.google.android.webview-1KjOBROVBHjUvpUZHW2m2g==/lib/x86_64:/data/app/~~86wu-kVgQoavtKNPNhKNpg==/com.google.android.webview-1KjOBROVBHjUvpUZHW2m2g==/WebViewGoogle.apk!/lib/x86_64:/data/app/~~zfNTtjjfT5QjKD_7Ux4KKQ==/com.google.android.trichromelibrary_694313738-AgzLRnDhHPFXke_9IsnuqA==/TrichromeLibrary.apk!/lib/x86_64, permitted_path=/data:/mnt/expand
02-19 21:33:58.606  2558  2558 D ApplicationLoaders: Returning zygote-cached class loader: /system_ext/framework/androidx.window.extensions.jar
02-19 21:33:58.622  2558  2558 D nativeloader: Configuring clns-11 for other apk /data/app/~~86wu-kVgQoavtKNPNhKNpg==/com.google.android.webview-1KjOBROVBHjUvpUZHW2m2g==/WebViewGoogle.apk. target_sdk_version=34, uses_libraries=, library_path=/data/app/~~86wu-kVgQoavtKNPNhKNpg==/com.google.android.webview-1KjOBROVBHjUvpUZHW2m2g==/lib/x86_64:/data/app/~~86wu-kVgQoavtKNPNhKNpg==/com.google.android.webview-1KjOBROVBHjUvpUZHW2m2g==/WebViewGoogle.apk!/lib/x86_64:/data/app/~~zfNTtjjfT5QjKD_7Ux4KKQ==/com.google.android.trichromelibrary_694313738-AgzLRnDhHPFXke_9IsnuqA==/TrichromeLibrary.apk!/lib/x86_64, permitted_path=/data:/mnt/expand
02-19 21:33:58.949  4449  4467 V WindowManagerShell: Transition animation finished (aborted=false), notifying core (#1056) android.os.BinderProxy@7f03ee2@0
