--------- beginning of system
02-19 22:33:29.724  4449  4467 V WindowManagerShell: onTransitionReady (#1187) android.os.BinderProxy@55ffa2b: {id=1187 t=CLOSE f=0x0 trk=0 r=[0@Point(0, 0)] c=[
02-19 22:33:29.724  4449  4467 V WindowManagerShell:         {m=TO_FRONT f=SHOW_WALLPAPER|MOVE_TO_TOP leash=Surface(name=Task=1)/@0x9ed9021 sb=Rect(0, 0 - 1080, 2400) eb=Rect(0, 0 - 1080, 2400) epz=Point(1080, 2400) d=0 taskParent=-1},
02-19 22:33:29.724  4449  4467 V WindowManagerShell:         {m=CLOSE f=NONE leash=Surface(name=Task=206)/@0x6969c46 sb=Rect(0, 0 - 1080, 2400) eb=Rect(0, 0 - 1080, 2400) epz=Point(1080, 2400) d=0 taskParent=-1},
02-19 22:33:29.724  4449  4467 V WindowManagerShell:         {m=TO_FRONT f=IS_WALLPAPER leash=Surface(name=WallpaperWindowToken{35e0c0f showWhenLocked=false})/@0x5e20e07 sb=Rect(0, 0 - 1080, 2400) eb=Rect(0, 0 - 1080, 2400) epz=Point(1080, 2400) d=0}
02-19 22:33:29.724  4449  4467 V WindowManagerShell:     ]}
02-19 22:33:29.725  4449  4467 V WindowManagerShell: Playing animation for (#1187) android.os.BinderProxy@55ffa2b@0
02-19 22:33:29.726  4449  4467 V ShellRecents: RecentsTransitionHandler.startAnimation: no controller found
02-19 22:33:29.727  4449  4467 V WindowManagerShell: Transition doesn't have explicit remote, search filters for match for {id=1187 t=CLOSE f=0x0 trk=0 r=[0@Point(0, 0)] c=[{m=TO_FRONT f=SHOW_WALLPAPER|MOVE_TO_TOP leash=Surface(name=Task=1)/@0x9ed9021 sb=Rect(0, 0 - 1080, 2400) eb=Rect(0, 0 - 1080, 2400) epz=Point(1080, 2400) d=0 taskParent=-1},{m=CLOSE f=NONE leash=Surface(name=Task=206)/@0x6969c46 sb=Rect(0, 0 - 1080, 2400) eb=Rect(0, 0 - 1080, 2400) epz=Point(1080, 2400) d=0 taskParent=-1},{m=TO_FRONT f=IS_WALLPAPER leash=Surface(name=WallpaperWindowToken{35e0c0f showWhenLocked=false})/@0x5e20e07 sb=Rect(0, 0 - 1080, 2400) eb=Rect(0, 0 - 1080, 2400) epz=Point(1080, 2400) d=0}]}
02-19 22:33:29.727  4449  4467 V WindowManagerShell:  Checking filter Pair{{types=[] flags=0x0] notFlags=0x0 checks=[{atype=undefined independent=true modes=[CLOSE,TO_BACK] flags=IN_TASK_WITH_EMBEDDED_ACTIVITY mustBeTask=false order=ANY topActivity=null launchCookie=null taskFragmentToken=android.os.BinderProxy@71546f0 windowingMode=undefined}]} RemoteTransition { remoteTransition = android.window.IRemoteTransition$Stub$Proxy@d4c8469, appThread = android.app.IApplicationThread$Stub$Proxy@c228eee, debugName = overlayBackTransition }}
02-19 22:33:29.727  4449  4467 V WindowManagerShell:  Checking filter Pair{{types=[] flags=0x0] notFlags=0x0 checks=[{atype=dream independent=true modes=[OPEN,TO_FRONT] flags=NONE mustBeTask=false order=ANY topActivity=null launchCookie=null windowingMode=undefined},{atype=home independent=true modes=[CLOSE,TO_BACK] flags=NONE mustBeTask=false order=ANY topActivity=null launchCookie=null windowingMode=undefined}]} RemoteTransition { remoteTransition = android.window.IRemoteTransition$Stub$Proxy@c578f8f, appThread = android.app.IApplicationThread$Stub$Proxy@69fe21c, debugName = LauncherToDream }}
02-19 22:33:29.755  4449  4467 V WindowManagerShell:  Checking filter Pair{{types=[] flags=0x0] notFlags=0x100 checks=[{atype=home independent=true modes=[OPEN,TO_FRONT] flags=NONE mustBeTask=false order=TOP topActivity=ComponentInfo{com.google.android.apps.nexuslauncher/com.google.android.apps.nexuslauncher.NexusLauncherActivity} launchCookie=null windowingMode=undefined},{atype=standard independent=true modes=[CLOSE,TO_BACK] flags=NONE mustBeTask=false order=ANY topActivity=null launchCookie=null windowingMode=undefined},{NOT atype=undefined independent=true modes=[] flags=NONE mustBeTask=true order=ANY topActivity=null launchCookie=null customAnim=true windowingMode=undefined}]} RemoteTransition { remoteTransition = android.window.IRemoteTransition$Stub$Proxy@69ffe25, appThread = android.app.IApplicationThread$Stub$Proxy@72cabfa, debugName = QuickstepLaunchHome }}
02-19 22:33:29.756  4449  4467 D RemoteTransitionHandler: Found filterPair{{types=[] flags=0x0] notFlags=0x100 checks=[{atype=home independent=true modes=[OPEN,TO_FRONT] flags=NONE mustBeTask=false order=TOP topActivity=ComponentInfo{com.google.android.apps.nexuslauncher/com.google.android.apps.nexuslauncher.NexusLauncherActivity} launchCookie=null windowingMode=undefined},{atype=standard independent=true modes=[CLOSE,TO_BACK] flags=NONE mustBeTask=false order=ANY topActivity=null launchCookie=null windowingMode=undefined},{NOT atype=undefined independent=true modes=[] flags=NONE mustBeTask=true order=ANY topActivity=null launchCookie=null customAnim=true windowingMode=undefined}]} RemoteTransition { remoteTransition = android.window.IRemoteTransition$Stub$Proxy@69ffe25, appThread = android.app.IApplicationThread$Stub$Proxy@72cabfa, debugName = QuickstepLaunchHome }}
02-19 22:33:29.756  4449  4467 V WindowManagerShell:  Delegate animation for (#1187) to RemoteTransition { remoteTransition = android.window.IRemoteTransition$Stub$Proxy@69ffe25, appThread = android.app.IApplicationThread$Stub$Proxy@72cabfa, debugName = QuickstepLaunchHome }
02-19 22:33:29.758   752   794 V WindowManager: Sent Transition (#1187) createdAt=02-19 22:33:29.504 via request=TransitionRequestInfo { type = CLOSE, triggerTask = TaskInfo{userId=0 taskId=206 effectiveUid=10217 displayId=0 isRunning=false baseIntent=Intent { act=android.intent.action.VIEW dat=intoss://takealook/... flg=0x10000000 pkg=viva.republica.toss.test cmp=viva.republica.toss.test/.MiniAppSchemeActivity } baseActivity=null topActivity=null origActivity=null realActivity=ComponentInfo{viva.republica.toss.test/viva.republica.toss.test.MiniAppSchemeActivity} numActivities=0 lastActiveTime=119479603 supportsMultiWindow=true resizeMode=1 isResizeable=true minWidth=-1 minHeight=-1 defaultMinSize=220 token=WCT{RemoteToken{5861df3 Task{1f8eb31 #206 type=standard A=10217:viva.republica.toss.test}}} topActivityType=1 pictureInPictureParams=null shouldDockBigOverlays=false launchIntoPipHostTaskId=-1 lastParentTaskIdBeforePip=-1 displayCutoutSafeInsets=Rect(0, 0 - 0, 0) topActivityInfo=null launchCookies=[] positionInParent=Point(0, 0) parentTaskId=-1 isFocused=true isVisible=true isVisibleRequested=true isTopActivityNoDisplay=false isSleeping=false locusId=null displayAreaFeatureId=1 isTopActivityTransparent=false isActivityStackTransparent=true lastNonFullscreenBounds=Rect(284, 660 - 796, 1740) capturedLink=null capturedLinkTimestamp=0 requestedVisibleTypes=-9 topActivityRequestOpenInBrowserEducationTimestamp=0 appCompatTaskInfo=AppCompatTaskInfo { topActivityInSizeCompat=false eligibleForLetterboxEducation= false isLetterboxEducationEnabled= false isLetterboxDoubleTapEnabled= false eligibleForUserAspectRatioButton= false topActivityBoundsLetterboxed= false isFromLetterboxDoubleTap= false topActivityLetterboxVerticalPosition= -1 topActivityLetterboxHorizontalPosition= -1 topActivityLetterboxWidth=-1 topActivityLetterboxHeight=-1 topActivityAppBounds=Rect(0, 0 - 0, 0) isUserFullscreenOverrideEnabled=false isSystemFullscreenOverrideEnabled=false hasMinAspectRatioOverride=false topActivityLetterboxBounds=null cameraCompatTaskInfo=CameraCompatTaskInfo { freeformCameraCompatMode=undefined}} topActivityMainWindowFrame=null}, pipChange = null, remoteTransition = null, displayChange = null, flags = 0, debugId = 1187 }
02-19 22:33:29.758   752   794 V WindowManager:     startWCT=WindowContainerTransaction { changes= {} hops= [] errorCallbackToken=null taskFragmentOrganizer=null }
02-19 22:33:29.758   752   794 V WindowManager:     info={id=1187 t=CLOSE f=0x0 trk=0 r=[0@Point(0, 0)] c=[
02-19 22:33:29.758   752   794 V WindowManager:         {WCT{RemoteToken{5218fe8 Task{dd43522 #1 type=home}}} m=TO_FRONT f=SHOW_WALLPAPER|MOVE_TO_TOP leash=Surface(name=Task=1)/@0x8ddbd2e sb=Rect(0, 0 - 1080, 2400) eb=Rect(0, 0 - 1080, 2400) epz=Point(1080, 2400) d=0 taskParent=-1},
02-19 22:33:29.758   752   794 V WindowManager:         {WCT{RemoteToken{5861df3 Task{1f8eb31 #206 type=standard A=10217:viva.republica.toss.test}}} m=CLOSE f=NONE leash=Surface(name=Task=206)/@0x9a5b0f1 sb=Rect(0, 0 - 1080, 2400) eb=Rect(0, 0 - 1080, 2400) epz=Point(1080, 2400) d=0 taskParent=-1},
02-19 22:33:29.758   752   794 V WindowManager:         {m=TO_FRONT f=IS_WALLPAPER leash=Surface(name=WallpaperWindowToken{35e0c0f showWhenLocked=false})/@0x512f5be sb=Rect(0, 0 - 1080, 2400) eb=Rect(0, 0 - 1080, 2400) epz=Point(1080, 2400) d=0}
02-19 22:33:29.758   752   794 V WindowManager:     ]}
--------- beginning of main
02-19 22:33:29.790   615 21625 W IPCThreadState: Sending oneway calls to frozen process.
02-19 22:33:29.791  1971  2198 I AiAiEcho: Predicting[0]:  [CONTEXT sampling_count=5 ]
02-19 22:33:29.791  1971  2198 I AiAiEcho: EchoTargets: 
02-19 22:33:29.791  1971  2198 I AiAiEcho: Filtered by AiAi flag check: 
02-19 22:33:29.791  1971  2198 I AiAiEcho: [CONTEXT ratelimit_period="10 SECONDS" ]
02-19 22:33:29.793   752   795 W Looper  : Slow dispatch took 121ms android.ui app=system_server main=false group=TOP_APP h=com.android.server.am.ActivityManagerService$UiHandler c=com.android.server.am.UidObserverController$$ExternalSyntheticLambda0@6a2cd6d m=0
02-19 22:33:29.797  4449  4467 V WindowManagerShell:  animated by com.android.wm.shell.transition.RemoteTransitionHandler@ef09705
02-19 22:33:29.812  1971  2198 I AiAiEcho: #remoteViewsTwiddler: feature disabled.
02-19 22:33:29.818  1971  2198 I AiAiEcho: #postPredictionTargets: Sending updates to UISurface home with targets# 0 (types=[])
02-19 22:33:29.829 19166 19166 D StateManager: createAtomicAnimation - fromState: Background, toState: Normal, partial trace:
02-19 22:33:29.829 19166 19166 D StateManager: 	at com.android.quickstep.util.ScalingWorkspaceRevealAnim.<init>(go/retraceme 72a59688580715d19f0e415c69e80376c2f062d1648c80db6730905005a27c20:39)
02-19 22:33:29.829 19166 19166 D StateManager: 	at com.android.launcher3.QuickstepTransitionManager.createWallpaperOpenAnimations(go/retraceme 72a59688580715d19f0e415c69e80376c2f062d1648c80db6730905005a27c20:168)
02-19 22:33:29.829 19166 19166 D StateManager: 	at com.android.launcher3.QuickstepTransitionManager$WallpaperOpenLauncherAnimationRunner.onAnimationStart(go/retraceme 72a59688580715d19f0e415c69e80376c2f062d1648c80db6730905005a27c20:17)
02-19 22:33:29.830 19166 19166 D b/311077782: LauncherAnimationRunner.setAnimation
02-19 22:33:29.879   531   531 I BpBinder: onLastStrongRef automatically unlinking death recipients: 
02-19 22:33:29.899   752   989 I ImeTracker: com.google.android.apps.nexuslauncher:bbcdfcc0: onRequestHide at ORIGIN_SERVER reason HIDE_UNSPECIFIED_WINDOW fromUser false
02-19 22:33:29.920 19166 19190 I s.nexuslauncher: AssetManager2(0x7d8fac43ec58) locale list changing from [] to [en-US]
02-19 22:33:29.999 19166 19166 D InsetsController: hide(ime(), fromIme=false)
02-19 22:33:30.034 19166 19166 I ImeTracker: com.google.android.apps.nexuslauncher:bbcdfcc0: onCancelled at PHASE_CLIENT_ALREADY_HIDDEN
02-19 22:33:30.071 20022 20022 I GoogleInputMethodService: GoogleInputMethodService.onFinishInput():2043 
02-19 22:33:30.076 20022 20022 I Module  : DeviceLockedStatusModuleProvider$Module.updateDeviceLockedStatus():100 repeatCheckTimes = 0, locked = false
02-19 22:33:30.115   752  1454 I ImeTracker: system_server:b694d29d: onRequestHide at ORIGIN_SERVER reason IME_REQUESTED_CHANGED_LISTENER fromUser false
02-19 22:33:30.123 20022 20022 I GoogleInputMethodService: GoogleInputMethodService.onStartInput():1293 onStartInput(EditorInfo{EditorInfo{packageName=com.google.android.apps.nexuslauncher, inputType=0, inputTypeString=NULL, enableLearning=false, autoCorrection=false, autoComplete=false, imeOptions=0, privateImeOptions=null, actionName=UNSPECIFIED, actionLabel=null, initialSelStart=-1, initialSelEnd=-1, initialCapsMode=0, label=null, fieldId=0, fieldName=null, extras=null, hintText=null, hintLocales=[]}}, false)
02-19 22:33:30.125 20022 20022 I EmojiCompatManager: EmojiCompatManager.getEmojiCompatIfLoaded():343 EmojiCompat.init() was never called.
02-19 22:33:30.125 20022 20022 I EmojiCompatManager: java.lang.IllegalStateException: EmojiCompat is not initialized. Please call EmojiCompat.init() first
02-19 22:33:30.125 20022 20022 I EmojiCompatManager: 	at asx.p(PG:6)
02-19 22:33:30.125 20022 20022 I EmojiCompatManager: 	at axb.b(PG:13)
02-19 22:33:30.125 20022 20022 I EmojiCompatManager: 	at jnr.b(PG:2)
02-19 22:33:30.125 20022 20022 I EmojiCompatManager: 	at jnr.c(PG:4)
02-19 22:33:30.125 20022 20022 I EmojiCompatManager: 	at jnr.f(PG:3)
02-19 22:33:30.125 20022 20022 I EmojiCompatManager: 	at jnx.c(PG:3)
02-19 22:33:30.125 20022 20022 I EmojiCompatManager: 	at kif.cz(PG:47)
02-19 22:33:30.125 20022 20022 I EmojiCompatManager: 	at lhl.run(PG:1025)
02-19 22:33:30.125 20022 20022 I EmojiCompatManager: 	at jaf.execute(PG:12)
02-19 22:33:30.125 20022 20022 I EmojiCompatManager: 	at nco.v(PG:13)
02-19 22:33:30.125 20022 20022 I EmojiCompatManager: 	at lhn.m(PG:96)
02-19 22:33:30.125 20022 20022 I EmojiCompatManager: 	at lhn.k(PG:25)
02-19 22:33:30.125 20022 20022 I EmojiCompatManager: 	at kgn.onStartInput(PG:250)
02-19 22:33:30.125 20022 20022 I EmojiCompatManager: 	at android.inputmethodservice.InputMethodService.doStartInput(InputMethodService.java:3521)
02-19 22:33:30.125 20022 20022 I EmojiCompatManager: 	at android.inputmethodservice.InputMethodService$InputMethodImpl.startInput(InputMethodService.java:879)
02-19 22:33:30.125 20022 20022 I EmojiCompatManager: 	at android.inputmethodservice.InputMethodService$InputMethodImpl.dispatchStartInput(InputMethodService.java:908)
02-19 22:33:30.125 20022 20022 I EmojiCompatManager: 	at android.inputmethodservice.IInputMethodWrapper.executeMessage(IInputMethodWrapper.java:201)
02-19 22:33:30.125 20022 20022 I EmojiCompatManager: 	at com.android.internal.os.HandlerCaller$MyHandler.handleMessage(HandlerCaller.java:44)
02-19 22:33:30.125 20022 20022 I EmojiCompatManager: 	at android.os.Handler.dispatchMessage(Handler.java:110)
02-19 22:33:30.125 20022 20022 I EmojiCompatManager: 	at android.os.Looper.loopOnce(Looper.java:248)
02-19 22:33:30.125 20022 20022 I EmojiCompatManager: 	at android.os.Looper.loop(Looper.java:338)
02-19 22:33:30.125 20022 20022 I EmojiCompatManager: 	at android.app.ActivityThread.main(ActivityThread.java:9067)
02-19 22:33:30.125 20022 20022 I EmojiCompatManager: 	at java.lang.reflect.Method.invoke(Native Method)
02-19 22:33:30.125 20022 20022 I EmojiCompatManager: 	at com.android.internal.os.RuntimeInit$MethodAndArgsCaller.run(RuntimeInit.java:593)
02-19 22:33:30.125 20022 20022 I EmojiCompatManager: 	at com.android.internal.os.ZygoteInit.main(ZygoteInit.java:932)
02-19 22:33:30.149 20022 20022 I Module  : DeviceLockedStatusModuleProvider$Module.updateDeviceLockedStatus():100 repeatCheckTimes = 1, locked = false
02-19 22:33:30.150 20022 20022 W NotificationCenter: NotificationCenter$NotificationQueue.notifyPendingNotificationsOnExecutor():877 Heavy notify work detected on UI thread: [kig->ilu, kig->ijm, kig->gkl, kig->ilu, kig->jnx, kig->khc, kig->ilu, kig->fro, kig->fef, kig->ilu, kig->ilu, kig->fcb, kig->ilu, kig->khg, kig->imt, kig->ilu, kig->ilu, kig->ilu, kig->ilu, kig->ilu, kig->lux, kig->ilu, kig->ilu] takes 25ms
02-19 22:33:30.165   752  1456 W PackageConfigPersister: App-specific configuration not found for packageName: com.google.android.apps.nexuslauncher and userId: 0
02-19 22:33:30.179 19166 19190 W HWUI    : Image decoding logging dropped!
02-19 22:33:30.203   752   797 I ImeTracker: system_server:b694d29d: onCancelled at PHASE_SERVER_SHOULD_HIDE
02-19 22:33:30.381 19166 19166 D SsBaseTemplateCard: No text view can be set up
02-19 22:33:30.382 19166 19166 D SsBaseTemplateCard: Passed-in item info is null
02-19 22:33:30.382 19166 19166 D SsBaseTemplateCard: Passed-in item info is null
02-19 22:33:30.402 19166 19166 D SsBaseTemplateCard: Passed-in item info is null
02-19 22:33:30.402 19166 19166 I SsBaseTemplateCard: Secondary card pane is null
02-19 22:33:30.656   752  1029 D InetDiagMessage: Destroyed 0 sockets, proto=IPPROTO_TCP, family=AF_INET, states=14
02-19 22:33:30.659   752  1029 D InetDiagMessage: Destroyed 0 sockets, proto=IPPROTO_TCP, family=AF_INET6, states=14
02-19 22:33:30.660   752  1029 D InetDiagMessage: Destroyed live tcp sockets for uids={10168} in 8ms
02-19 22:33:30.733   752  1029 D InetDiagMessage: Destroyed 0 sockets, proto=IPPROTO_TCP, family=AF_INET, states=14
02-19 22:33:30.739   752  1029 D InetDiagMessage: Destroyed 0 sockets, proto=IPPROTO_TCP, family=AF_INET6, states=14
02-19 22:33:30.740   752  1029 D InetDiagMessage: Destroyed live tcp sockets for uids={20168} in 79ms
02-19 22:33:30.843 19166 19166 D ScalingWorkspaceRevealAnim: alpha of workspace at the end of animation: 1.0
02-19 22:33:30.849  4449  4467 V WindowManagerShell: Transition animation finished (aborted=false), notifying core (#1187) android.os.BinderProxy@55ffa2b@0
02-19 22:33:30.856   752   794 V WindowManager: Finish Transition (#1187): created at 02-19 22:33:29.504 collect-started=0.303ms request-sent=0.441ms started=25.458ms ready=68.245ms sent=208.156ms commit=91.144ms finished=1350.807ms
02-19 22:33:30.865  4449  4467 V WindowManagerShell: Track 0 became idle
02-19 22:33:30.866  4449  4467 V WindowManagerShell: All active transition animations finished
02-19 22:33:30.870 10112 10112 D VRI[GraniteActivity]: visibilityChanged oldVisibility=true newVisibility=false
02-19 22:33:31.073   752   795 W Looper  : Slow dispatch took 117ms android.ui app=system_server main=false group=TOP_APP h=com.android.server.am.ActivityManagerService$UiHandler c=com.android.server.am.UidObserverController$$ExternalSyntheticLambda0@6a2cd6d m=0
02-19 22:33:31.153 10112 10112 W Ads     : Failed to get a preloader. Call MobileAds.initialize() prior to calling preload APIs. @3
02-19 22:33:31.154 10112 10112 W Ads     : Failed to get a preloader. Call MobileAds.initialize() prior to calling preload APIs.
02-19 22:33:31.159 10112 10112 W WindowOnBackDispatcher: sendCancelIfRunning: isInProgress=false callback=android.view.ViewRootImpl$$ExternalSyntheticLambda13@1b16404
02-19 22:33:31.162   752  1789 D CoreBackPreview: Window{ac65620 u0 viva.republica.toss.test/im.toss.rn.granite.core.GraniteActivity}: Setting back callback null
02-19 22:33:31.173 10112 10112 D ViewRootImpl: Skipping stats log for color mode
02-19 22:33:31.222   752  1095 D BackgroundInstallControlService: Package event received: 0
02-19 22:33:31.231   752   795 W ActivityTaskManager: callingPackage for (uid=-1, pid=0) has no WPC
02-19 22:33:31.234   752   795 W ActivityStartInterceptor: Starting home with component specified, uid=0
02-19 22:33:31.241   752   795 W OptProp : Cannot read opt property android.window.PROPERTY_COMPAT_ALLOW_USER_ASPECT_RATIO_OVERRIDE
02-19 22:33:31.241   752   795 W OptProp : Cannot read opt property android.window.PROPERTY_COMPAT_ALLOW_USER_ASPECT_RATIO_FULLSCREEN_OVERRIDE
02-19 22:33:31.242   752   795 W OptProp : Cannot read opt property android.window.PROPERTY_COMPAT_ALLOW_RESIZEABLE_ACTIVITY_OVERRIDES
02-19 22:33:31.246   752   795 W OptProp : Cannot read opt property android.window.PROPERTY_COMPAT_ALLOW_MIN_ASPECT_RATIO_OVERRIDE
02-19 22:33:31.247   752   795 V GrammaticalInflectionUtils: AttributionSource: android.content.AttributionSource@1abea79a does not have READ_SYSTEM_GRAMMATICAL_GENDER permission.
02-19 22:33:31.255   752   795 I ActivityTaskManager: START u0 {act=android.intent.action.MAIN cat=[android.intent.category.HOME] flg=0x10000100 cmp=com.google.android.apps.nexuslauncher/.NexusLauncherActivity (has extras)} with LAUNCH_SINGLE_TASK from uid 0 (BAL_ALLOW_ALLOWLISTED_UID) result code=3
02-19 22:33:31.255  4449  4531 D KeyguardService: setOccluded(false)
02-19 22:33:31.255  4449  4531 D KeyguardViewMediator: setOccluded(false)
02-19 22:33:31.255  4449  4449 D KeyguardViewMediator: handleSetOccluded(false)
02-19 22:33:31.256  4449  4449 D KeyguardViewMediator: KeyguardViewMediator queue processing message: SET_OCCLUDED
02-19 22:33:31.260   752   795 W Looper  : Slow dispatch took 108ms android.ui app=system_server main=false group=TOP_APP h=com.android.server.policy.PhoneWindowManager$PolicyHandler c=com.android.server.policy.PhoneWindowManager$DisplayHomeButtonHandler$$ExternalSyntheticLambda0@b33a74b m=0
02-19 22:33:31.264 19166 19166 W SplitSelectStateCtor: Missing session instanceIds
02-19 22:33:31.264 19166 19166 D StatsLog: LAUNCHER_SPLIT_SELECTION_EXIT_INTERRUPTED
02-19 22:33:31.272 19166 19166 D TFOManager: playPanelCloseAnimation() duration=200 traceTag=LauncherOverlay-hide isHomeButtonTap=true
02-19 22:33:31.273 19166 19166 D TFOManager: Skipped creating panel close animation because -1 is invisible.
02-19 22:33:31.273 19166 19166 D OverviewCommandHelper: clearing pending commands: []
02-19 22:33:31.274  4449  4467 D WindowManagerShell: onActivityRestartAttempt: topActivity=ComponentInfo{com.google.android.apps.nexuslauncher/com.google.android.apps.nexuslauncher.NexusLauncherActivity}, wasVisible=true
02-19 22:33:31.276 19166 19166 D RecentsView: onTaskRemoved: 206, not handling task stack changes
02-19 22:33:31.276 19166 19166 D RecentsView: onTaskRemoved: 206, not handling task stack changes
02-19 22:33:31.277 19166 19166 D StatsLog: LAUNCHER_ONRESUME
02-19 22:33:31.296   531   602 I BpBinder: onLastStrongRef automatically unlinking death recipients: 
02-19 22:33:31.302 19166 19166 I NotificationListener: Handling notification state refresh for com.google.android.adservices.api#0
02-19 22:33:31.302 19166 19166 I NotificationListener: Handling notification state refresh for android#0
02-19 22:33:31.302 19166 19166 I NotificationListener: Handling notification state refresh for com.android.systemui#0
02-19 22:33:31.303 19166 19190 D QuickstepModelDelegate: notifyAppTargetEvent action=1 launchLocation=workspace/0/[-1,-1]/[1,1]
02-19 22:33:31.333  1971  2198 I AiAiEcho: Predicting[0]:  [CONTEXT sampling_count=5 ]
02-19 22:33:31.333  1971  2198 I AiAiEcho: EchoTargets: 
02-19 22:33:31.333  1971  2198 I AiAiEcho: Filtered by AiAi flag check: 
02-19 22:33:31.333  1971  2198 I AiAiEcho: [CONTEXT ratelimit_period="10 SECONDS" ]
02-19 22:33:31.337  1971  2198 I AiAiEcho: #remoteViewsTwiddler: feature disabled.
02-19 22:33:31.339  1971  2198 I AiAiEcho: #postPredictionTargets: Sending updates to UISurface home with targets# 0 (types=[])
02-19 22:33:31.341 19166 19166 D SsBaseTemplateCard: No text view can be set up
02-19 22:33:31.341 19166 19166 D SsBaseTemplateCard: Passed-in item info is null
02-19 22:33:31.341 19166 19166 D SsBaseTemplateCard: Passed-in item info is null
02-19 22:33:31.341 19166 19166 D SsBaseTemplateCard: Passed-in item info is null
02-19 22:33:31.341 19166 19166 I SsBaseTemplateCard: Secondary card pane is null
02-19 22:33:31.412  4449  4449 I vol.VolumeDialogImpl: mDialog.dismiss() reason: volume_controller from: com.android.systemui.volume.VolumeDialogImpl$7.onDismissRequested:3
02-19 22:33:31.978 10112 10260 D nativeloader: Load /data/app/~~NUQj-rdXzuicW-16SIRtKA==/viva.republica.toss.test-Si406wFvb_sqEA2GTBV6RQ==/lib/x86_64/libc++_shared.so using class loader ns clns-9 (caller=<unknown>): ok
02-19 22:33:32.013 10112 10260 D nativeloader: Load /data/app/~~NUQj-rdXzuicW-16SIRtKA==/viva.republica.toss.test-Si406wFvb_sqEA2GTBV6RQ==/lib/x86_64/libglog.so using class loader ns clns-9 (caller=<unknown>): ok
02-19 22:33:32.018 10112 10260 D nativeloader: Load /data/app/~~NUQj-rdXzuicW-16SIRtKA==/viva.republica.toss.test-Si406wFvb_sqEA2GTBV6RQ==/lib/x86_64/libfolly_runtime.so using class loader ns clns-9 (caller=<unknown>): ok
02-19 22:33:32.021 10112 10260 D nativeloader: Load /data/app/~~NUQj-rdXzuicW-16SIRtKA==/viva.republica.toss.test-Si406wFvb_sqEA2GTBV6RQ==/lib/x86_64/libfbjni.so using class loader ns clns-9 (caller=<unknown>): ok
02-19 22:33:32.029 10112 10260 D nativeloader: Load /data/app/~~NUQj-rdXzuicW-16SIRtKA==/viva.republica.toss.test-Si406wFvb_sqEA2GTBV6RQ==/lib/x86_64/libjsi.so using class loader ns clns-9 (caller=<unknown>): ok
02-19 22:33:32.036 10112 10260 D nativeloader: Load /data/app/~~NUQj-rdXzuicW-16SIRtKA==/viva.republica.toss.test-Si406wFvb_sqEA2GTBV6RQ==/lib/x86_64/libhermes.so using class loader ns clns-9 (caller=<unknown>): ok
02-19 22:33:32.047 10112 10260 D nativeloader: Load /data/app/~~NUQj-rdXzuicW-16SIRtKA==/viva.republica.toss.test-Si406wFvb_sqEA2GTBV6RQ==/lib/x86_64/libfb.so using class loader ns clns-9 (caller=<unknown>): ok
02-19 22:33:32.064 10112 10260 D nativeloader: Load /data/app/~~NUQj-rdXzuicW-16SIRtKA==/viva.republica.toss.test-Si406wFvb_sqEA2GTBV6RQ==/lib/x86_64/libyoga.so using class loader ns clns-9 (caller=<unknown>): ok
02-19 22:33:32.078 10112 10260 D nativeloader: Load /data/app/~~NUQj-rdXzuicW-16SIRtKA==/viva.republica.toss.test-Si406wFvb_sqEA2GTBV6RQ==/lib/x86_64/libruntimeexecutor.so using class loader ns clns-9 (caller=<unknown>): ok
02-19 22:33:32.081 10112 10260 D nativeloader: Load /data/app/~~NUQj-rdXzuicW-16SIRtKA==/viva.republica.toss.test-Si406wFvb_sqEA2GTBV6RQ==/lib/x86_64/libreact_debug.so using class loader ns clns-9 (caller=<unknown>): ok
02-19 22:33:32.086 10112 10260 D nativeloader: Load /data/app/~~NUQj-rdXzuicW-16SIRtKA==/viva.republica.toss.test-Si406wFvb_sqEA2GTBV6RQ==/lib/x86_64/libglog_init.so using class loader ns clns-9 (caller=<unknown>): ok
02-19 22:33:32.088 10112 10260 D nativeloader: Load /data/app/~~NUQj-rdXzuicW-16SIRtKA==/viva.republica.toss.test-Si406wFvb_sqEA2GTBV6RQ==/lib/x86_64/libreact_utils.so using class loader ns clns-9 (caller=<unknown>): ok
02-19 22:33:32.092 10112 10260 D nativeloader: Load /data/app/~~NUQj-rdXzuicW-16SIRtKA==/viva.republica.toss.test-Si406wFvb_sqEA2GTBV6RQ==/lib/x86_64/libreact_render_mapbuffer.so using class loader ns clns-9 (caller=<unknown>): ok
02-19 22:33:32.097 10112 10260 D nativeloader: Load /data/app/~~NUQj-rdXzuicW-16SIRtKA==/viva.republica.toss.test-Si406wFvb_sqEA2GTBV6RQ==/lib/x86_64/libreact_render_graphics.so using class loader ns clns-9 (caller=<unknown>): ok
02-19 22:33:32.102 10112 10260 D nativeloader: Load /data/app/~~NUQj-rdXzuicW-16SIRtKA==/viva.republica.toss.test-Si406wFvb_sqEA2GTBV6RQ==/lib/x86_64/libreact_render_debug.so using class loader ns clns-9 (caller=<unknown>): ok
02-19 22:33:32.110 10112 10260 D nativeloader: Load /data/app/~~NUQj-rdXzuicW-16SIRtKA==/viva.republica.toss.test-Si406wFvb_sqEA2GTBV6RQ==/lib/x86_64/libreact_render_core.so using class loader ns clns-9 (caller=<unknown>): ok
02-19 22:33:32.115 10112 10260 D nativeloader: Load /data/app/~~NUQj-rdXzuicW-16SIRtKA==/viva.republica.toss.test-Si406wFvb_sqEA2GTBV6RQ==/lib/x86_64/libreact_render_runtimescheduler.so using class loader ns clns-9 (caller=<unknown>): ok
02-19 22:33:32.121 10112 10260 D nativeloader: Load /data/app/~~NUQj-rdXzuicW-16SIRtKA==/viva.republica.toss.test-Si406wFvb_sqEA2GTBV6RQ==/lib/x86_64/liblogger.so using class loader ns clns-9 (caller=<unknown>): ok
02-19 22:33:32.124 10112 10260 D nativeloader: Load /data/app/~~NUQj-rdXzuicW-16SIRtKA==/viva.republica.toss.test-Si406wFvb_sqEA2GTBV6RQ==/lib/x86_64/libreactperfloggerjni.so using class loader ns clns-9 (caller=<unknown>): ok
02-19 22:33:32.129 10112 10260 D nativeloader: Load /data/app/~~NUQj-rdXzuicW-16SIRtKA==/viva.republica.toss.test-Si406wFvb_sqEA2GTBV6RQ==/lib/x86_64/libjsinspector.so using class loader ns clns-9 (caller=<unknown>): ok
02-19 22:33:32.137 10112 10260 D nativeloader: Load /data/app/~~NUQj-rdXzuicW-16SIRtKA==/viva.republica.toss.test-Si406wFvb_sqEA2GTBV6RQ==/lib/x86_64/libreactnativejni.so using class loader ns clns-9 (caller=<unknown>): ok
02-19 22:33:32.150 10112 10260 D nativeloader: Load /data/app/~~NUQj-rdXzuicW-16SIRtKA==/viva.republica.toss.test-Si406wFvb_sqEA2GTBV6RQ==/lib/x86_64/libhermes_executor.so using class loader ns clns-9 (caller=<unknown>): ok
02-19 22:33:32.231 10112 10260 D ApplicationLoaders: Returning zygote-cached class loader: /system/framework/org.apache.http.legacy.jar
02-19 22:33:32.231 10112 10260 D ApplicationLoaders: Returning zygote-cached class loader: /system/framework/com.android.location.provider.jar
02-19 22:33:32.231 10112 10260 D ApplicationLoaders: Returning zygote-cached class loader: /system/framework/com.android.media.remotedisplay.jar
02-19 22:33:32.231 10112 10260 D ApplicationLoaders: Returning zygote-cached class loader: /system_ext/framework/androidx.window.extensions.jar
02-19 22:33:32.231 10112 10260 D ApplicationLoaders: Returning zygote-cached class loader: /system_ext/framework/androidx.window.sidecar.jar
02-19 22:33:32.337 10112 10260 D nativeloader: Configuring clns-13 for other apk /data/app/~~O-UZzK0jUU9NLgS3MODOZA==/com.google.android.gms-YQ2L6GsYyKuvu9MvIBK1EQ==/base.apk. target_sdk_version=36, uses_libraries=, library_path=/data/app/~~O-UZzK0jUU9NLgS3MODOZA==/com.google.android.gms-YQ2L6GsYyKuvu9MvIBK1EQ==/lib/x86_64:/data/app/~~O-UZzK0jUU9NLgS3MODOZA==/com.google.android.gms-YQ2L6GsYyKuvu9MvIBK1EQ==/base.apk!/lib/x86_64, permitted_path=/data:/mnt/expand:/data/user/0/com.google.android.gms
02-19 22:33:32.342 10112 10260 I blica.toss.test: AssetManager2(0x7d8fac42c698) locale list changing from [] to [en-US]
02-19 22:33:32.372 10112 10260 W System  : ClassLoader referenced unknown path: 
02-19 22:33:32.373 10112 10260 D nativeloader: Configuring clns-14 for other apk . target_sdk_version=36, uses_libraries=, library_path=/data/app/~~O-UZzK0jUU9NLgS3MODOZA==/com.google.android.gms-YQ2L6GsYyKuvu9MvIBK1EQ==/lib/x86_64:/data/app/~~O-UZzK0jUU9NLgS3MODOZA==/com.google.android.gms-YQ2L6GsYyKuvu9MvIBK1EQ==/base.apk!/lib/x86_64, permitted_path=/data:/mnt/expand:/data/user/0/com.google.android.gms
02-19 22:33:32.377 10112 10260 W DynamiteModule: Failed to load module via V2: java.lang.NoSuchFieldException: No field sClassLoader in class Lcom/google/android/gms/dynamite/DynamiteModule$DynamiteLoaderClassLoader; (declaration of 'com.google.android.gms.dynamite.DynamiteModule$DynamiteLoaderClassLoader' appears in /data/app/~~NUQj-rdXzuicW-16SIRtKA==/viva.republica.toss.test-Si406wFvb_sqEA2GTBV6RQ==/base.apk!classes2.dex)
02-19 22:33:32.383 10112 10260 I DynamiteModule: Considering local module com.google.android.gms.ads.dynamite:0 and remote module com.google.android.gms.ads.dynamite:254380203
02-19 22:33:32.383 10112 10260 I DynamiteModule: Selected remote version of com.google.android.gms.ads.dynamite, version >= 254380203
02-19 22:33:32.395 10112 10260 D CompatChangeReporter: Compat change id reported: 312399441; UID 10217; state: ENABLED
02-19 22:33:32.429 10112 10260 I blica.toss.test: AssetManager2(0x7d8fac428818) locale list changing from [] to [en-US]
02-19 22:33:32.430 10112 10260 I blica.toss.test: AssetManager2(0x7d8fac43a158) locale list changing from [] to [en-US]
02-19 22:33:32.443 10112 10260 D DynamitePackage: Instantiated singleton DynamitePackage.
02-19 22:33:32.444 10112 10260 D DynamitePackage: Instantiating com.google.android.gms.ads.ChimeraMobileAdsSettingManagerCreatorImpl
02-19 22:33:32.667 10264 10264 W dumpsys : Thread Pool max thread count is 0. Cannot cache binder as linkToDeath cannot be implemented. serviceName: window
02-19 22:33:32.679   752  1789 D ConnectivityService: requestNetwork for uid/pid:10217/10112 activeRequest: null callbackRequest: 1218 [NetworkRequest [ REQUEST id=1219, [ Capabilities: INTERNET&NOT_RESTRICTED&TRUSTED&NOT_VCN_MANAGED&NOT_BANDWIDTH_CONSTRAINED Uid: 10217 RequestorUid: 10217 RequestorPkg: viva.republica.toss.test UnderlyingNetworks: Null] ]] callback flags: 0 order: 2147483647 isUidTracked: false declaredMethods: AVAIL|LOST
02-19 22:33:32.688   752  1023 D OemPaidWifiNetworkFactory: got request NetworkRequest [ REQUEST id=1219, [ Capabilities: INTERNET&NOT_RESTRICTED&TRUSTED&NOT_VCN_MANAGED&NOT_BANDWIDTH_CONSTRAINED Uid: 10217 RequestorUid: 10217 RequestorPkg: viva.republica.toss.test UnderlyingNetworks: Null] ]
02-19 22:33:32.690   752  1023 D MultiInternetWifiNetworkFactory: got request NetworkRequest [ REQUEST id=1219, [ Capabilities: INTERNET&NOT_RESTRICTED&TRUSTED&NOT_VCN_MANAGED&NOT_BANDWIDTH_CONSTRAINED Uid: 10217 RequestorUid: 10217 RequestorPkg: viva.republica.toss.test UnderlyingNetworks: Null] ]
02-19 22:33:32.690   752  1023 D WifiNetworkFactory: got request NetworkRequest [ REQUEST id=1219, [ Capabilities: INTERNET&NOT_RESTRICTED&TRUSTED&NOT_VCN_MANAGED&NOT_BANDWIDTH_CONSTRAINED Uid: 10217 RequestorUid: 10217 RequestorPkg: viva.republica.toss.test UnderlyingNetworks: Null] ]
02-19 22:33:32.690   752  1029 D ConnectivityService: NetReassign [1219 : null → 108] [c 0] [a 4] [i 7]
02-19 22:33:32.690   752  1023 D UntrustedWifiNetworkFactory: got request NetworkRequest [ REQUEST id=1219, [ Capabilities: INTERNET&NOT_RESTRICTED&TRUSTED&NOT_VCN_MANAGED&NOT_BANDWIDTH_CONSTRAINED Uid: 10217 RequestorUid: 10217 RequestorPkg: viva.republica.toss.test UnderlyingNetworks: Null] ]
02-19 22:33:32.827 10112 10260 D DynamitePackage: Instantiating com.google.android.gms.ads.ChimeraAdPreloaderCreatorImpl
02-19 22:33:32.924 10112 10260 W unknown:ReactContext: initializeMessageQueueThreads() is called.
02-19 22:33:33.023   752  1789 W ActivityTaskManager: callingPackage for (uid=2000, pid=10286) has no WPC
02-19 22:33:33.024  3453  3453 D BoundBrokerSvc: onRebind: Intent { act=com.google.android.gms.appset.service.START dat=chimera-action:/... xflg=0x4 cmp=com.google.android.gms/.chimera.GmsApiService }
02-19 22:33:33.030   752  1789 V GrammaticalInflectionUtils: AttributionSource: android.content.AttributionSource@56784557 does not have READ_SYSTEM_GRAMMATICAL_GENDER permission.
02-19 22:33:33.031   752  1789 W OptProp : Cannot read opt property android.window.PROPERTY_COMPAT_ALLOW_USER_ASPECT_RATIO_OVERRIDE
02-19 22:33:33.031   752  1789 W OptProp : Cannot read opt property android.window.PROPERTY_COMPAT_ALLOW_USER_ASPECT_RATIO_FULLSCREEN_OVERRIDE
02-19 22:33:33.031   752  1789 W OptProp : Cannot read opt property android.window.PROPERTY_COMPAT_ALLOW_RESIZEABLE_ACTIVITY_OVERRIDES
02-19 22:33:33.032   752  1789 W OptProp : Cannot read opt property android.window.PROPERTY_COMPAT_ALLOW_MIN_ASPECT_RATIO_OVERRIDE
02-19 22:33:33.039   752  1789 W OptProp : Cannot read opt property android.window.PROPERTY_COMPAT_ALLOW_ORIENTATION_OVERRIDE
02-19 22:33:33.041   531   602 I BpBinder: onLastStrongRef automatically unlinking death recipients: 
02-19 22:33:33.046   752  1789 I ActivityTaskManager: START u0 {act=android.intent.action.VIEW dat=intoss://takealook/... flg=0x10000000 xflg=0x4 pkg=viva.republica.toss.test cmp=viva.republica.toss.test/.MiniAppSchemeActivity} with LAUNCH_MULTIPLE from uid 2000 (BAL_ALLOW_PERMISSION) result code=0
02-19 22:33:33.047  4449  4467 V WindowManagerShell: Transition requested (#1189): android.os.BinderProxy@220e9b8 TransitionRequestInfo { type = OPEN, triggerTask = TaskInfo{userId=0 taskId=207 effectiveUid=10217 displayId=0 isRunning=true baseIntent=Intent { act=android.intent.action.VIEW dat=intoss://takealook/... flg=0x10000000 pkg=viva.republica.toss.test cmp=viva.republica.toss.test/.MiniAppSchemeActivity } baseActivity=ComponentInfo{viva.republica.toss.test/viva.republica.toss.test.MiniAppSchemeActivity} topActivity=ComponentInfo{viva.republica.toss.test/viva.republica.toss.test.MiniAppSchemeActivity} origActivity=null realActivity=ComponentInfo{viva.republica.toss.test/viva.republica.toss.test.MiniAppSchemeActivity} numActivities=1 lastActiveTime=119486892 supportsMultiWindow=true resizeMode=1 isResizeable=true minWidth=-1 minHeight=-1 defaultMinSize=220 token=WCT{android.window.IWindowContainerToken$Stub$Proxy@b89c391} topActivityType=1 pictureInPictureParams=null shouldDockBigOverlays=false launchIntoPipHostTaskId=-1 lastParentTaskIdBeforePip=-1 displayCutoutSafeInsets=Rect(0, 0 - 0, 0) topActivityInfo=ActivityInfo{664a2f6 viva.republica.toss.test.MiniAppSchemeActivity} launchCookies=[] positionInParent=Point(0, 0) parentTaskId=-1 isFocused=false isVisible=false isVisibleRequested=false isTopActivityNoDisplay=false isSleeping=false locusId=null displayAreaFeatureId=1 isTopActivityTransparent=true isActivityStackTransparent=true lastNonFullscreenBounds=Rect(284, 660 - 796, 1740) capturedLink=null capturedLinkTimestamp=0 requestedVisibleTypes=-9 topActivityRequestOpenInBrowserEducationTimestamp=0 appCompatTaskInfo=AppCompatTaskInfo { topActivityInSizeCompat=false eligibleForLetterboxEducation= false isLetterboxEducationEnabled= true isLetterboxDoubleTapEnabled= false eligibleForUserAspectRatioButton= false topActivityBoundsLetterboxed= false isFromLetterboxDoubleTap= false topActivityLetterboxVerticalPosition= -1 topActivityLetterboxHorizontalPosition= -1 topActivityLetterboxWidth=-1 topActivityLetterboxHeight=-1 topActivityAppBounds=Rect(0, 0 - 1080, 2400) isUserFullscreenOverrideEnabled=false isSystemFullscreenOverrideEnabled=false hasMinAspectRatioOverride=false topActivityLetterboxBounds=null cameraCompatTaskInfo=CameraCompatTaskInfo { freeformCameraCompatMode=inactive}} topActivityMainWindowFrame=null}, pipChange = null, remoteTransition = null, displayChange = null, flags = 0, debugId = 1189 }
02-19 22:33:33.047   752  1454 D ConnectivityService: requestNetwork for uid/pid:10217/10112 activeRequest: null callbackRequest: 1220 [NetworkRequest [ REQUEST id=1221, [ Capabilities: INTERNET&NOT_RESTRICTED&TRUSTED&NOT_VCN_MANAGED&NOT_BANDWIDTH_CONSTRAINED Uid: 10217 RequestorUid: 10217 RequestorPkg: viva.republica.toss.test UnderlyingNetworks: Null] ]] callback flags: 0 order: 2147483647 isUidTracked: false declaredMethods: AVAIL|LOST|NC|LP
02-19 22:33:33.047  4449  4467 D ShellSplitScreen: logExit: no-op, mLoggerSessionId is null
02-19 22:33:33.048 19166 19166 W SplitSelectStateCtor: Missing session instanceIds
02-19 22:33:33.048 19166 19166 D StatsLog: LAUNCHER_SPLIT_SELECTION_EXIT_INTERRUPTED
02-19 22:33:33.051   752  1029 D ConnectivityService: NetReassign [1221 : null → 108] [c 0] [a 1] [i 1]
02-19 22:33:33.053   752   935 W OptProp : Cannot read opt property android.window.PROPERTY_COMPAT_ENABLE_FAKE_FOCUS
02-19 22:33:33.056   752  1848 D CompatChangeReporter: Compat change id reported: 319212206; UID 10217; state: ENABLED
02-19 22:33:33.056  4449  4467 D WindowManagerShell: setLauncherKeepClearAreaHeight: visible=false, height=527
02-19 22:33:33.061   752  1029 D ConnectivityService: NetReassign [no changes] [c 1] [a 2] [i 2]
02-19 22:33:33.064   752  1023 D OemPaidWifiNetworkFactory: got request NetworkRequest [ REQUEST id=1221, [ Capabilities: INTERNET&NOT_RESTRICTED&TRUSTED&NOT_VCN_MANAGED&NOT_BANDWIDTH_CONSTRAINED Uid: 10217 RequestorUid: 10217 RequestorPkg: viva.republica.toss.test UnderlyingNetworks: Null] ]
02-19 22:33:33.065   752  1023 D MultiInternetWifiNetworkFactory: got request NetworkRequest [ REQUEST id=1221, [ Capabilities: INTERNET&NOT_RESTRICTED&TRUSTED&NOT_VCN_MANAGED&NOT_BANDWIDTH_CONSTRAINED Uid: 10217 RequestorUid: 10217 RequestorPkg: viva.republica.toss.test UnderlyingNetworks: Null] ]
02-19 22:33:33.065   752  1023 D WifiNetworkFactory: got request NetworkRequest [ REQUEST id=1221, [ Capabilities: INTERNET&NOT_RESTRICTED&TRUSTED&NOT_VCN_MANAGED&NOT_BANDWIDTH_CONSTRAINED Uid: 10217 RequestorUid: 10217 RequestorPkg: viva.republica.toss.test UnderlyingNetworks: Null] ]
02-19 22:33:33.065   752  1023 D UntrustedWifiNetworkFactory: got request NetworkRequest [ REQUEST id=1221, [ Capabilities: INTERNET&NOT_RESTRICTED&TRUSTED&NOT_VCN_MANAGED&NOT_BANDWIDTH_CONSTRAINED Uid: 10217 RequestorUid: 10217 RequestorPkg: viva.republica.toss.test UnderlyingNetworks: Null] ]
02-19 22:33:33.066   752  1095 D BackgroundInstallControlService: Package event received: 0
02-19 22:33:33.072   752  1095 D BackgroundInstallControlService: Package event received: 0
02-19 22:33:33.072   752  1095 D BackgroundInstallControlService: Package event received: 0
02-19 22:33:33.072   752  1095 D BackgroundInstallControlService: Package event received: 0
02-19 22:33:33.074   752  1095 D BackgroundInstallControlService: Package event received: 0
02-19 22:33:33.090   615  2506 W IPCThreadState: Sending oneway calls to frozen process.
02-19 22:33:33.108   537   537 W adbd    : timeout expired while flushing socket, closing
02-19 22:33:33.111   531   531 I BpBinder: onLastStrongRef automatically unlinking death recipients: 
02-19 22:33:33.133   752  1095 D BackgroundInstallControlService: Package event received: 0
02-19 22:33:33.133   752  1095 D BackgroundInstallControlService: Package event received: 0
02-19 22:33:33.134   752  1095 D BackgroundInstallControlService: Package event received: 0
02-19 22:33:33.134   752  1095 D BackgroundInstallControlService: Package event received: 0
02-19 22:33:33.141 10112 10277 D nativeloader: Load /data/data/viva.republica.toss.test/libtcj.so using class loader ns clns-9 (caller=<unknown>): ok
02-19 22:33:33.128 10112 10112 W mqt_js  : type=1400 audit(0.0:554): avc:  granted  { execute } for  path="/data/data/viva.republica.toss.test/libtcj.so" dev="dm-55" ino=364187 scontext=u:r:untrusted_app:s0:c217,c256,c512,c768 tcontext=u:object_r:app_data_file:s0:c217,c256,c512,c768 tclass=file app=viva.republica.toss.test
02-19 22:33:33.285 19829 19961 I Finsky  : [66] Current account updated in PVS
02-19 22:33:33.288 19829 19965 I Finsky  : [69] Current account updated in PVS
02-19 22:33:33.291 19829 19965 I Finsky  : [69] Current account updated in PVS
02-19 22:33:33.297 10112 10112 I blica.toss.test: IncrementDisableThreadFlip blocked for 47.768ms
02-19 22:33:33.343 10112 10116 I blica.toss.test: Background concurrent mark compact GC freed 5168KB AllocSpace bytes, 8(216KB) LOS objects, 49% free, 15MB/31MB, paused 56.075ms,9.993ms total 468.055ms
02-19 22:33:33.347 10112 10118 W System  : A resource failed to call ZipFile.close. 
02-19 22:33:33.369 10112 10197 I EGL_emulation: Opening libGLESv1_CM_emulation.so
02-19 22:33:33.372 10112 10197 I EGL_emulation: Opening libGLESv2_emulation.so
02-19 22:33:33.373 10112 10112 I blica.toss.test: AssetManager2(0x7d8fac428818) locale list changing from [] to [en-US]
02-19 22:33:33.390 10112 10197 W HWUI    : Failed to choose config with EGL_SWAP_BEHAVIOR_PRESERVED, retrying without...
02-19 22:33:33.390 10112 10197 W HWUI    : Failed to initialize 101010-2 format, error = EGL_SUCCESS
02-19 22:33:33.477 10112 10153 W cr_media: BLUETOOTH_CONNECT permission is missing.
02-19 22:33:33.481 10112 10153 W cr_media: getBluetoothAdapter() requires BLUETOOTH permission
02-19 22:33:33.481 10112 10153 W cr_media: registerBluetoothIntentsIfNeeded: Requires BLUETOOTH permission
02-19 22:33:33.499 10134 10160 I cr_LibraryLoader: Successfully loaded native library
02-19 22:33:33.501 10134 10160 I cr_CachingUmaRecorder: Flushed 2 samples from 2 histograms, 0 samples were dropped.
02-19 22:33:33.535 10134 10160 W SystemServiceRegistry: No service published for: uimode
02-19 22:33:33.560 10134 10160 W chromium: [WARNING:runtime_features.cc(560)] Fenced frames cannot be enabled in this configuration. Use --enable-features=FencedFrames instead.
02-19 22:33:33.560 10134 10160 W chromium: [WARNING:runtime_features.cc(585)] Topics cannot be enabled in this configuration. Use --enable-features=BrowsingTopics in addition.
02-19 22:33:33.560 10134 10160 W chromium: [WARNING:runtime_features.cc(606)] SharedStorage cannot be enabled in this configuration. Use --enable-features=SharedStorageAPI in addition.
02-19 22:33:33.633 10112 10289 W libc    : Access denied finding property "vendor.mesa.log"
02-19 22:33:33.634 10112 10289 W libc    : Access denied finding property "vendor.mesa.log.file"
02-19 22:33:33.634 10112 10289 E MESA    : Failed to open rendernode: No such file or directory
02-19 22:33:33.669 19301 19311 I FontLog : (REDACTED) Received query %s, URI %s
02-19 22:33:33.670 19301 19311 I FontLog : (REDACTED) Query [%s] resolved to %s
02-19 22:33:33.671 19301 19311 I FontLog : (REDACTED) Font PFD returned from cache for %s
02-19 22:33:33.671 19301 19311 I FontLog : (REDACTED) Fetch %s end status %s
02-19 22:33:33.686 10112 10289 D vulkan  : searching for layers in '/data/app/~~NUQj-rdXzuicW-16SIRtKA==/viva.republica.toss.test-Si406wFvb_sqEA2GTBV6RQ==/lib/x86_64'
02-19 22:33:33.688 10112 10289 D vulkan  : searching for layers in '/data/app/~~NUQj-rdXzuicW-16SIRtKA==/viva.republica.toss.test-Si406wFvb_sqEA2GTBV6RQ==/base.apk!/lib/x86_64'
02-19 22:33:33.690   752  1848 D CoreBackPreview: Window{74140d0 u0 viva.republica.toss.test/viva.republica.toss.test.MiniAppSchemeActivity}: Setting back callback OnBackInvokedCallbackInfo{mCallback=android.window.IOnBackInvokedCallback$Stub$Proxy@dce7e00, mPriority=0, mIsAnimationCallback=false, mOverrideBehavior=0}
02-19 22:33:33.692 19301 20335 I FontLog : (REDACTED) Pulling font file for id = %d, cache size = %d
02-19 22:33:33.702 19301 20335 I FontLog : (REDACTED) Received query %s, URI %s
02-19 22:33:33.702 19301 20335 I FontLog : (REDACTED) Query [%s] resolved to %s
02-19 22:33:33.706 10112 10289 W libc    : Access denied finding property "vendor.mesa.vk.trace.per.submit"
02-19 22:33:33.706 10112 10289 W libc    : Access denied finding property "vendor.mesa.gallium.print.optio"
02-19 22:33:33.706 10112 10289 W libc    : Access denied finding property "vendor.mesa.vk.trace.frame"
02-19 22:33:33.710 19301 20335 I FontLog : (REDACTED) Fetch %s end status %s
02-19 22:33:33.714 19301 19311 I FontLog : (REDACTED) Pulling font file for id = %d, cache size = %d
02-19 22:33:33.714 10112 10289 W libc    : Access denied finding property "vendor.mesa.vk.wsi.headless.swa"
02-19 22:33:33.736 19301 20335 I FontLog : (REDACTED) Received query %s, URI %s
02-19 22:33:33.737 19301 20335 I FontLog : (REDACTED) Query [%s] resolved to %s
02-19 22:33:33.750  4449  4531 V WindowManagerShell: onTransitionReady(transaction=3229815440777)
02-19 22:33:33.750 19301 20335 I FontLog : (REDACTED) Font PFD returned from cache for %s
02-19 22:33:33.751 19301 20335 I FontLog : (REDACTED) Fetch %s end status %s
02-19 22:33:33.754 19301 20335 I FontLog : (REDACTED) Pulling font file for id = %d, cache size = %d
02-19 22:33:33.783  4449  4467 V WindowManagerShell: onTransitionReady (#1189) android.os.BinderProxy@220e9b8: {id=1189 t=OPEN f=0x0 trk=0 r=[0@Point(0, 0)] c=[
02-19 22:33:33.783  4449  4467 V WindowManagerShell:         {m=OPEN f=TRANSLUCENT leash=Surface(name=Task=207)/@0x2c486f7 sb=Rect(0, 0 - 1080, 2400) eb=Rect(0, 0 - 1080, 2400) epz=Point(1080, 2400) d=0 taskParent=-1}
02-19 22:33:33.783  4449  4467 V WindowManagerShell:     ]}
02-19 22:33:33.786  4449  4467 V WindowManagerShell: Playing animation for (#1189) android.os.BinderProxy@220e9b8@0
02-19 22:33:33.787  4449  4467 V ShellRecents: RecentsTransitionHandler.startAnimation: no controller found
02-19 22:33:33.788  4449  4467 V WindowManagerShell: Transition doesn't have explicit remote, search filters for match for {id=1189 t=OPEN f=0x0 trk=0 r=[0@Point(0, 0)] c=[{m=OPEN f=TRANSLUCENT leash=Surface(name=Task=207)/@0x2c486f7 sb=Rect(0, 0 - 1080, 2400) eb=Rect(0, 0 - 1080, 2400) epz=Point(1080, 2400) d=0 taskParent=-1}]}
02-19 22:33:33.789  4449  4467 V WindowManagerShell:  Checking filter Pair{{types=[] flags=0x0] notFlags=0x0 checks=[{atype=undefined independent=true modes=[CLOSE,TO_BACK] flags=IN_TASK_WITH_EMBEDDED_ACTIVITY mustBeTask=false order=ANY topActivity=null launchCookie=null taskFragmentToken=android.os.BinderProxy@71546f0 windowingMode=undefined}]} RemoteTransition { remoteTransition = android.window.IRemoteTransition$Stub$Proxy@d4c8469, appThread = android.app.IApplicationThread$Stub$Proxy@c228eee, debugName = overlayBackTransition }}
02-19 22:33:33.789  4449  4467 V WindowManagerShell:  Checking filter Pair{{types=[] flags=0x0] notFlags=0x0 checks=[{atype=dream independent=true modes=[OPEN,TO_FRONT] flags=NONE mustBeTask=false order=ANY topActivity=null launchCookie=null windowingMode=undefined},{atype=home independent=true modes=[CLOSE,TO_BACK] flags=NONE mustBeTask=false order=ANY topActivity=null launchCookie=null windowingMode=undefined}]} RemoteTransition { remoteTransition = android.window.IRemoteTransition$Stub$Proxy@c578f8f, appThread = android.app.IApplicationThread$Stub$Proxy@69fe21c, debugName = LauncherToDream }}
02-19 22:33:33.790  4449  4467 V WindowManagerShell:  Checking filter Pair{{types=[] flags=0x0] notFlags=0x100 checks=[{atype=home independent=true modes=[OPEN,TO_FRONT] flags=NONE mustBeTask=false order=TOP topActivity=ComponentInfo{com.google.android.apps.nexuslauncher/com.google.android.apps.nexuslauncher.NexusLauncherActivity} launchCookie=null windowingMode=undefined},{atype=standard independent=true modes=[CLOSE,TO_BACK] flags=NONE mustBeTask=false order=ANY topActivity=null launchCookie=null windowingMode=undefined},{NOT atype=undefined independent=true modes=[] flags=NONE mustBeTask=true order=ANY topActivity=null launchCookie=null customAnim=true windowingMode=undefined}]} RemoteTransition { remoteTransition = android.window.IRemoteTransition$Stub$Proxy@69ffe25, appThread = android.app.IApplicationThread$Stub$Proxy@72cabfa, debugName = QuickstepLaunchHome }}
02-19 22:33:33.791  4449  4467 V WindowManagerShell:  Checking filter Pair{{types=[] flags=0x0] notFlags=0x0 checks=[{atype=undefined independent=true modes=[CLOSE,TO_BACK] flags=IN_TASK_WITH_EMBEDDED_ACTIVITY mustBeTask=false order=ANY topActivity=null launchCookie=null taskFragmentToken=android.os.BinderProxy@71546f0 windowingMode=undefined}]} RemoteTransition { remoteTransition = android.window.IRemoteTransition$Stub$Proxy@7c795ab, appThread = android.app.IApplicationThread$Stub$Proxy@cd70408, debugName = overlayBackTransition }}
