--------- beginning of main
02-19 13:00:10.117   531   590 I BpBinder: onLastStrongRef automatically unlinking death recipients: 
--------- beginning of system
02-19 13:00:10.114  4449  4467 D ShellSplitScreen: logExit: no-op, mLoggerSessionId is null
02-19 13:00:10.135   752  1509 W OptProp : Cannot read opt property android.window.PROPERTY_COMPAT_ENABLE_FAKE_FOCUS
02-19 13:00:10.137   752  1095 D BackgroundInstallControlService: Package event received: 0
02-19 13:00:10.146   752  1095 D BackgroundInstallControlService: Package event received: 0
02-19 13:00:10.146   752  1095 D BackgroundInstallControlService: Package event received: 0
02-19 13:00:10.406  4449  4467 V WindowManagerShell: Transition animation finished (aborted=false), notifying core (#358) android.os.BinderProxy@e853e85@1
02-19 13:00:10.409   752   794 V WindowManager: Finish Transition (#358): created at 02-19 13:00:09.027 collect-started=0.025ms request-sent=10.865ms started=17.283ms ready=637.518ms sent=1015.969ms commit=21.435ms finished=1381.896ms
02-19 13:00:10.412  4449  4467 V WindowManagerShell: Track 1 became idle
02-19 13:00:10.427   531   531 E BpTransactionCompletedListener: Failed to transact (-32)
02-19 13:00:10.427   531   531 E BpTransactionCompletedListener: Failed to transact (-32)
02-19 13:00:10.442   752  1509 D CoreBackPreview: Window{4cd2c48 u0 viva.republica.toss.test/im.toss.rn.granite.core.GraniteActivity}: Setting back callback OnBackInvokedCallbackInfo{mCallback=android.window.IOnBackInvokedCallback$Stub$Proxy@7c156c7, mPriority=0, mIsAnimationCallback=false, mOverrideBehavior=0}
02-19 13:00:10.448 32031 32031 W unknown:ReactRootView: Unable to update root layout specs for uninitialized ReactInstanceManager
02-19 13:00:10.604 32031 32031 V SoLoader: Init System Loader delegate
02-19 13:00:10.606   752   794 I ActivityTaskManager: Displayed viva.republica.toss.test/im.toss.rn.granite.core.GraniteActivity for user 0: +497ms
02-19 13:00:10.606   752   794 V WindowManager: Sent Transition (#359) createdAt=02-19 13:00:10.105 via request=TransitionRequestInfo { type = OPEN, triggerTask = TaskInfo{userId=0 taskId=55 effectiveUid=10217 displayId=0 isRunning=true baseIntent=Intent { act=android.intent.action.VIEW dat=intoss://takealook/... flg=0x10000000 pkg=viva.republica.toss.test cmp=viva.republica.toss.test/.MiniAppSchemeActivity } baseActivity=ComponentInfo{viva.republica.toss.test/viva.republica.toss.test.MiniAppSchemeActivity} topActivity=ComponentInfo{viva.republica.toss.test/im.toss.rn.granite.core.GraniteActivity} origActivity=null realActivity=ComponentInfo{viva.republica.toss.test/viva.republica.toss.test.MiniAppSchemeActivity} numActivities=2 lastActiveTime=85083954 supportsMultiWindow=true resizeMode=1 isResizeable=true minWidth=-1 minHeight=-1 defaultMinSize=220 token=WCT{RemoteToken{b1bba2c Task{917d257 #55 type=standard A=10217:viva.republica.toss.test}}} topActivityType=1 pictureInPictureParams=null shouldDockBigOverlays=false launchIntoPipHostTaskId=-1 lastParentTaskIdBeforePip=-1 displayCutoutSafeInsets=Rect(0, 0 - 0, 0) topActivityInfo=ActivityInfo{a6c57bf im.toss.rn.granite.core.GraniteActivity} launchCookies=[] positionInParent=Point(0, 0) parentTaskId=-1 isFocused=true isVisible=true isVisibleRequested=true isTopActivityNoDisplay=false isSleeping=false locusId=null displayAreaFeatureId=1 isTopActivityTransparent=false isActivityStackTransparent=false lastNonFullscreenBounds=Rect(284, 660 - 796, 1740) capturedLink=null capturedLinkTimestamp=0 requestedVisibleTypes=-9 topActivityRequestOpenInBrowserEducationTimestamp=0 appCompatTaskInfo=AppCompatTaskInfo { topActivityInSizeCompat=false eligibleForLetterboxEducation= false isLetterboxEducationEnabled= true isLetterboxDoubleTapEnabled= false eligibleForUserAspectRatioButton= false topActivityBoundsLetterboxed= false isFromLetterboxDoubleTap= false topActivityLetterboxVerticalPosition= -1 topActivityLetterboxHorizontalPosition= -1 topActivityLetterboxWidth=-1 topActivityLetterboxHeight=-1 topActivityAppBounds=Rect(0, 0 - 1080, 2400) isUserFullscreenOverrideEnabled=false isSystemFullscreenOverrideEnabled=false hasMinAspectRatioOverride=false topActivityLetterboxBounds=null cameraCompatTaskInfo=CameraCompatTaskInfo { freeformCameraCompatMode=inactive}} topActivityMainWindowFrame=null}, pipChange = null, remoteTransition = null, displayChange = null, flags = 0, debugId = 359 }
02-19 13:00:10.606   752   794 V WindowManager:     startWCT=WindowContainerTransaction { changes= {} hops= [] errorCallbackToken=null taskFragmentOrganizer=null }
02-19 13:00:10.607  4449 21898 V WindowManagerShell: onTransitionReady(transaction=3229815417194)
02-19 13:00:10.607   752   794 V WindowManager:     info={id=359 t=OPEN f=0x0 trk=2 r=[0@Point(0, 0)] c=[
02-19 13:00:10.607   752   794 V WindowManager:         {m=OPEN f=FILLS_TASK leash=Surface(name=ActivityRecord{31277282 u0 viva.republica.toss.test/im.toss.rn.granite.core.GraniteActivity)/@0x9ae2519 sb=Rect(0, 0 - 0, 0) eb=Rect(0, 0 - 1080, 2400) epz=Point(1080, 2400) d=-1->0 r=-1->0:-1 bc=ffffffff component=viva.republica.toss.test/im.toss.rn.granite.core.GraniteActivity},
02-19 13:00:10.607   752   794 V WindowManager:         {m=CLOSE f=TRANSLUCENT|FILLS_TASK|IS_OCCLUDED leash=Surface(name=ActivityRecord{64126934 u0 viva.republica.toss.test/.MiniAppSchemeActivity)/@0x74b3c60 sb=Rect(0, 0 - 1080, 2400) eb=Rect(0, 0 - 1080, 2400) epz=Point(1080, 2400) d=0 bc=ffffffff component=viva.republica.toss.test/.MiniAppSchemeActivity},
02-19 13:00:10.607   752   794 V WindowManager:         {WCT{RemoteToken{5218fe8 Task{dd43522 #1 type=home}}} m=TO_BACK f=SHOW_WALLPAPER leash=Surface(name=Task=1)/@0x8ddbd2e sb=Rect(0, 0 - 1080, 2400) eb=Rect(0, 0 - 1080, 2400) epz=Point(1080, 2400) d=0 taskParent=-1},
02-19 13:00:10.607   752   794 V WindowManager:         {m=TO_BACK f=IS_WALLPAPER leash=Surface(name=WallpaperWindowToken{35e0c0f showWhenLocked=false})/@0x512f5be sb=Rect(0, 0 - 1080, 2400) eb=Rect(0, 0 - 1080, 2400) epz=Point(1080, 2400) d=0}
02-19 13:00:10.607   752   794 V WindowManager:     ]}
02-19 13:00:10.607  4449  4467 V WindowManagerShell: onTransitionReady (#359) android.os.BinderProxy@4a9c283: {id=359 t=OPEN f=0x0 trk=2 r=[0@Point(0, 0)] c=[
02-19 13:00:10.607  4449  4467 V WindowManagerShell:         {m=OPEN f=FILLS_TASK leash=Surface(name=ActivityRecord{31277282 u0 viva.republica.toss.test/im.toss.rn.granite.core.GraniteActivity)/@0x7d9e27e sb=Rect(0, 0 - 0, 0) eb=Rect(0, 0 - 1080, 2400) epz=Point(1080, 2400) d=-1->0 r=-1->0:-1 bc=ffffffff component=viva.republica.toss.test/im.toss.rn.granite.core.GraniteActivity},
02-19 13:00:10.607  4449  4467 V WindowManagerShell:         {m=CLOSE f=TRANSLUCENT|FILLS_TASK|IS_OCCLUDED leash=Surface(name=ActivityRecord{64126934 u0 viva.republica.toss.test/.MiniAppSchemeActivity)/@0x63c03df sb=Rect(0, 0 - 1080, 2400) eb=Rect(0, 0 - 1080, 2400) epz=Point(1080, 2400) d=0 bc=ffffffff component=viva.republica.toss.test/.MiniAppSchemeActivity},
02-19 13:00:10.607  4449  4467 V WindowManagerShell:         {m=TO_BACK f=SHOW_WALLPAPER leash=Surface(name=Task=1)/@0xe35c82c sb=Rect(0, 0 - 1080, 2400) eb=Rect(0, 0 - 1080, 2400) epz=Point(1080, 2400) d=0 taskParent=-1},
02-19 13:00:10.607  4449  4467 V WindowManagerShell:         {m=TO_BACK f=IS_WALLPAPER leash=Surface(name=WallpaperWindowToken{35e0c0f showWhenLocked=false})/@0xdebd2f5 sb=Rect(0, 0 - 1080, 2400) eb=Rect(0, 0 - 1080, 2400) epz=Point(1080, 2400) d=0}
02-19 13:00:10.607  4449  4467 V WindowManagerShell:     ]}
02-19 13:00:10.608  4449  4467 V WindowManagerShell: Playing animation for (#359) android.os.BinderProxy@4a9c283@2
02-19 13:00:10.608  4449  4467 V ShellRecents: RecentsTransitionHandler.startAnimation: no controller found
02-19 13:00:10.608  4449  4467 V WindowManagerShell: Transition doesn't have explicit remote, search filters for match for {id=359 t=OPEN f=0x0 trk=2 r=[0@Point(0, 0)] c=[{m=OPEN f=FILLS_TASK leash=Surface(name=ActivityRecord{31277282 u0 viva.republica.toss.test/im.toss.rn.granite.core.GraniteActivity)/@0x7d9e27e sb=Rect(0, 0 - 0, 0) eb=Rect(0, 0 - 1080, 2400) epz=Point(1080, 2400) d=-1->0 r=-1->0:-1 bc=ffffffff component=viva.republica.toss.test/im.toss.rn.granite.core.GraniteActivity},{m=CLOSE f=TRANSLUCENT|FILLS_TASK|IS_OCCLUDED leash=Surface(name=ActivityRecord{64126934 u0 viva.republica.toss.test/.MiniAppSchemeActivity)/@0x63c03df sb=Rect(0, 0 - 1080, 2400) eb=Rect(0, 0 - 1080, 2400) epz=Point(1080, 2400) d=0 bc=ffffffff component=viva.republica.toss.test/.MiniAppSchemeActivity},{m=TO_BACK f=SHOW_WALLPAPER leash=Surface(name=Task=1)/@0xe35c82c sb=Rect(0, 0 - 1080, 2400) eb=Rect(0, 0 - 1080, 2400) epz=Point(1080, 2400) d=0 taskParent=-1},{m=TO_BACK f=IS_WALLPAPER leash=Surface(name=WallpaperWindowToken{35e0c0f showWhenLocked=false})/@0xdebd2f5 sb=Rect(0, 0 - 1080, 2400) eb=Rect(0, 0 - 1080, 2400) epz=Point(1080, 2400) d=0}]}
02-19 13:00:10.608  4449  4467 V WindowManagerShell:  Checking filter Pair{{types=[] flags=0x0] notFlags=0x0 checks=[{atype=undefined independent=true modes=[CLOSE,TO_BACK] flags=IN_TASK_WITH_EMBEDDED_ACTIVITY mustBeTask=false order=ANY topActivity=null launchCookie=null taskFragmentToken=android.os.BinderProxy@188d51a windowingMode=undefined}]} RemoteTransition { remoteTransition = android.window.IRemoteTransition$Stub$Proxy@44cd84b, appThread = android.app.IApplicationThread$Stub$Proxy@3a12228, debugName = overlayBackTransition }}
02-19 13:00:10.608  4449  4467 V WindowManagerShell:  Checking filter Pair{{types=[] flags=0x0] notFlags=0x0 checks=[{atype=dream independent=true modes=[OPEN,TO_FRONT] flags=NONE mustBeTask=false order=ANY topActivity=null launchCookie=null windowingMode=undefined},{atype=home independent=true modes=[CLOSE,TO_BACK] flags=NONE mustBeTask=false order=ANY topActivity=null launchCookie=null windowingMode=undefined}]} RemoteTransition { remoteTransition = android.window.IRemoteTransition$Stub$Proxy@6f3eb41, appThread = android.app.IApplicationThread$Stub$Proxy@ccf28e6, debugName = LauncherToDream }}
02-19 13:00:10.609  4449  4467 V WindowManagerShell:  Checking filter Pair{{types=[] flags=0x0] notFlags=0x100 checks=[{atype=home independent=true modes=[OPEN,TO_FRONT] flags=NONE mustBeTask=false order=TOP topActivity=ComponentInfo{com.google.android.apps.nexuslauncher/com.google.android.apps.nexuslauncher.NexusLauncherActivity} launchCookie=null windowingMode=undefined},{atype=standard independent=true modes=[CLOSE,TO_BACK] flags=NONE mustBeTask=false order=ANY topActivity=null launchCookie=null windowingMode=undefined},{NOT atype=undefined independent=true modes=[] flags=NONE mustBeTask=true order=ANY topActivity=null launchCookie=null customAnim=true windowingMode=undefined}]} RemoteTransition { remoteTransition = android.window.IRemoteTransition$Stub$Proxy@a8eae27, appThread = android.app.IApplicationThread$Stub$Proxy@fa38d4, debugName = QuickstepLaunchHome }}
02-19 13:00:10.609  4449  4467 V WindowManagerShell:  Delegate animation for (#359) to null
02-19 13:00:10.609  4449  4467 V WindowManagerShell: start default transition animation, info = {id=359 t=OPEN f=0x0 trk=2 r=[0@Point(0, 0)] c=[{m=OPEN f=FILLS_TASK leash=Surface(name=ActivityRecord{31277282 u0 viva.republica.toss.test/im.toss.rn.granite.core.GraniteActivity)/@0x7d9e27e sb=Rect(0, 0 - 0, 0) eb=Rect(0, 0 - 1080, 2400) epz=Point(1080, 2400) d=-1->0 r=-1->0:-1 bc=ffffffff component=viva.republica.toss.test/im.toss.rn.granite.core.GraniteActivity},{m=CLOSE f=TRANSLUCENT|FILLS_TASK|IS_OCCLUDED leash=Surface(name=ActivityRecord{64126934 u0 viva.republica.toss.test/.MiniAppSchemeActivity)/@0x63c03df sb=Rect(0, 0 - 1080, 2400) eb=Rect(0, 0 - 1080, 2400) epz=Point(1080, 2400) d=0 bc=ffffffff component=viva.republica.toss.test/.MiniAppSchemeActivity},{m=TO_BACK f=SHOW_WALLPAPER leash=Surface(name=Task=1)/@0xe35c82c sb=Rect(0, 0 - 1080, 2400) eb=Rect(0, 0 - 1080, 2400) epz=Point(1080, 2400) d=0 taskParent=-1},{m=TO_BACK f=IS_WALLPAPER leash=Surface(name=WallpaperWindowToken{35e0c0f showWhenLocked=false})/@0xdebd2f5 sb=Rect(0, 0 - 1080, 2400) eb=Rect(0, 0 - 1080, 2400) epz=Point(1080, 2400) d=0}]}
02-19 13:00:10.609  4449  4467 V WindowManagerShell: loadAnimation: anim=android.view.animation.AnimationSet@f4d3b18 animAttr=0x13 type=OPEN isEntrance=false
02-19 13:00:10.609  4449  4467 V WindowManagerShell: loadAnimation: anim=android.view.animation.AnimationSet@873a971 animAttr=0x13 type=OPEN isEntrance=false
02-19 13:00:10.611  4449  4467 V WindowManagerShell: loadAnimation: anim=android.view.animation.AnimationSet@dc86bad animAttr=0x12 type=OPEN isEntrance=true
02-19 13:00:10.613  4449  4467 V WindowManagerShell:  animated by com.android.wm.shell.transition.DefaultTransitionHandler@f74d823
02-19 13:00:10.700 32031 32031 E unknown:ReactRootView: Unhandled SoftException
02-19 13:00:10.700 32031 32031 E unknown:ReactRootView: com.facebook.react.uimanager.IllegalViewOperationException: Trying to attach a ReactRootView with an explicit id already set to [2131362676]. React Native uses the id field to track react tags and will overwrite this field. If that is fine, explicitly overwrite the id field to View.NO_ID.
02-19 13:00:10.700 32031 32031 E unknown:ReactRootView: 	at com.facebook.react.ReactRootView.attachToReactInstanceManager(:799)
02-19 13:00:10.700 32031 32031 E unknown:ReactRootView: 	at com.facebook.react.ReactRootView.startReactApplication(:509)
02-19 13:00:10.700 32031 32031 E unknown:ReactRootView: 	at com.facebook.react.ReactRootView.startReactApplication(:469)
02-19 13:00:10.700 32031 32031 E unknown:ReactRootView: 	at im.toss.rn.granite.core.GraniteActivity.write(:486)
02-19 13:00:10.700 32031 32031 E unknown:ReactRootView: 	at im.toss.rn.granite.core.GraniteActivity.RemoteActionCompatParcelizer(:124)
02-19 13:00:10.700 32031 32031 E unknown:ReactRootView: 	at im.toss.rn.granite.core.GraniteActivity$RemoteActionCompatParcelizer.IconCompatParcelizer(:65353)
02-19 13:00:10.700 32031 32031 E unknown:ReactRootView: 	at o.sh.a_(:33)
02-19 13:00:10.700 32031 32031 E unknown:ReactRootView: 	at o.xP.run(:100)
02-19 13:00:10.700 32031 32031 E unknown:ReactRootView: 	at android.os.Handler.handleCallback(Handler.java:995)
02-19 13:00:10.700 32031 32031 E unknown:ReactRootView: 	at android.os.Handler.dispatchMessage(Handler.java:103)
02-19 13:00:10.700 32031 32031 E unknown:ReactRootView: 	at android.os.Looper.loopOnce(Looper.java:248)
02-19 13:00:10.700 32031 32031 E unknown:ReactRootView: 	at android.os.Looper.loop(Looper.java:338)
02-19 13:00:10.700 32031 32031 E unknown:ReactRootView: 	at android.app.ActivityThread.main(ActivityThread.java:9067)
02-19 13:00:10.700 32031 32031 E unknown:ReactRootView: 	at java.lang.reflect.Method.invoke(Native Method)
02-19 13:00:10.700 32031 32031 E unknown:ReactRootView: 	at com.android.internal.os.RuntimeInit$MethodAndArgsCaller.run(RuntimeInit.java:593)
02-19 13:00:10.700 32031 32031 E unknown:ReactRootView: 	at com.android.internal.os.ZygoteInit.main(ZygoteInit.java:932)
02-19 13:00:10.716 32031 32138 W unknown:ReconnectingWebSocket: Couldn't connect to "ws://10.0.2.2:8081/message?device=sdk_gphone64_x86_64%20-%2016%20-%20API%2036&app=viva.republica.toss.test&clientid=BridgeDevSupportManager", will silently retry
02-19 13:00:10.732 32031 32139 W unknown:InspectorPackagerConnection: Couldn't connect to packager, will silently retry
02-19 13:00:10.734 20068 30652 I FontLog : (REDACTED) Received query %s, URI %s
02-19 13:00:10.735 20068 30652 I FontLog : (REDACTED) Query [%s] resolved to %s
02-19 13:00:10.741   752   989 I ImeTracker: viva.republica.toss.test:90ad76ce: onRequestHide at ORIGIN_SERVER reason HIDE_UNSPECIFIED_WINDOW fromUser false
02-19 13:00:10.741 20068 30652 I FontLog : (REDACTED) Fetch %s end status %s
02-19 13:00:10.743 32031 32031 D CompatChangeReporter: Compat change id reported: 270674727; UID 10217; state: ENABLED
02-19 13:00:10.744  1563  1563 I GoogleInputMethodService: GoogleInputMethodService.onFinishInput():2043 
02-19 13:00:10.745 32031 32031 D InsetsController: hide(ime(), fromIme=false)
02-19 13:00:10.745 32031 32031 I ImeTracker: viva.republica.toss.test:90ad76ce: onCancelled at PHASE_CLIENT_ALREADY_HIDDEN
02-19 13:00:10.745  1563  1563 I Module  : DeviceLockedStatusModuleProvider$Module.updateDeviceLockedStatus():100 repeatCheckTimes = 0, locked = false
02-19 13:00:10.747   752  1454 I ImeTracker: system_server:b368cbdc: onRequestHide at ORIGIN_SERVER reason IME_REQUESTED_CHANGED_LISTENER fromUser false
02-19 13:00:10.753   752   797 I ImeTracker: system_server:b368cbdc: onCancelled at PHASE_SERVER_SHOULD_HIDE
02-19 13:00:10.761 20068 30652 I FontLog : (REDACTED) Pulling font file for id = %d, cache size = %d
02-19 13:00:10.762  1563  1563 I GoogleInputMethodService: GoogleInputMethodService.onStartInput():1293 onStartInput(EditorInfo{EditorInfo{packageName=viva.republica.toss.test, inputType=0, inputTypeString=NULL, enableLearning=false, autoCorrection=false, autoComplete=false, imeOptions=0, privateImeOptions=null, actionName=UNSPECIFIED, actionLabel=null, initialSelStart=-1, initialSelEnd=-1, initialCapsMode=0, label=null, fieldId=0, fieldName=null, extras=null, hintText=null, hintLocales=[]}}, false)
02-19 13:00:10.783  1563  1563 I Module  : DeviceLockedStatusModuleProvider$Module.updateDeviceLockedStatus():100 repeatCheckTimes = 1, locked = false
02-19 13:00:10.783 32031 32031 D CompatChangeReporter: Compat change id reported: 63938206; UID 10217; state: ENABLED
02-19 13:00:10.785  1563  1563 I EmojiCompatManager: EmojiCompatManager.getEmojiCompatIfLoaded():343 EmojiCompat.init() was never called.
02-19 13:00:10.785  1563  1563 I EmojiCompatManager: java.lang.IllegalStateException: EmojiCompat is not initialized. Please call EmojiCompat.init() first
02-19 13:00:10.785  1563  1563 I EmojiCompatManager: 	at asx.p(PG:6)
02-19 13:00:10.785  1563  1563 I EmojiCompatManager: 	at axb.b(PG:13)
02-19 13:00:10.785  1563  1563 I EmojiCompatManager: 	at jnr.b(PG:2)
02-19 13:00:10.785  1563  1563 I EmojiCompatManager: 	at jnr.c(PG:4)
02-19 13:00:10.785  1563  1563 I EmojiCompatManager: 	at jnr.f(PG:3)
02-19 13:00:10.785  1563  1563 I EmojiCompatManager: 	at jnx.c(PG:3)
02-19 13:00:10.785  1563  1563 I EmojiCompatManager: 	at kif.cz(PG:47)
02-19 13:00:10.785  1563  1563 I EmojiCompatManager: 	at lhl.run(PG:1025)
02-19 13:00:10.785  1563  1563 I EmojiCompatManager: 	at jaf.execute(PG:12)
02-19 13:00:10.785  1563  1563 I EmojiCompatManager: 	at nco.v(PG:13)
02-19 13:00:10.785  1563  1563 I EmojiCompatManager: 	at lhn.m(PG:96)
02-19 13:00:10.785  1563  1563 I EmojiCompatManager: 	at lhn.k(PG:25)
02-19 13:00:10.785  1563  1563 I EmojiCompatManager: 	at kgn.onStartInput(PG:250)
02-19 13:00:10.785  1563  1563 I EmojiCompatManager: 	at android.inputmethodservice.InputMethodService.doStartInput(InputMethodService.java:3521)
02-19 13:00:10.785  1563  1563 I EmojiCompatManager: 	at android.inputmethodservice.InputMethodService$InputMethodImpl.startInput(InputMethodService.java:879)
02-19 13:00:10.785  1563  1563 I EmojiCompatManager: 	at android.inputmethodservice.InputMethodService$InputMethodImpl.dispatchStartInput(InputMethodService.java:908)
02-19 13:00:10.785  1563  1563 I EmojiCompatManager: 	at android.inputmethodservice.IInputMethodWrapper.executeMessage(IInputMethodWrapper.java:201)
02-19 13:00:10.785  1563  1563 I EmojiCompatManager: 	at com.android.internal.os.HandlerCaller$MyHandler.handleMessage(HandlerCaller.java:44)
02-19 13:00:10.785  1563  1563 I EmojiCompatManager: 	at android.os.Handler.dispatchMessage(Handler.java:110)
02-19 13:00:10.785  1563  1563 I EmojiCompatManager: 	at android.os.Looper.loopOnce(Looper.java:248)
02-19 13:00:10.785  1563  1563 I EmojiCompatManager: 	at android.os.Looper.loop(Looper.java:338)
02-19 13:00:10.785  1563  1563 I EmojiCompatManager: 	at android.app.ActivityThread.main(ActivityThread.java:9067)
02-19 13:00:10.785  1563  1563 I EmojiCompatManager: 	at java.lang.reflect.Method.invoke(Native Method)
02-19 13:00:10.785  1563  1563 I EmojiCompatManager: 	at com.android.internal.os.RuntimeInit$MethodAndArgsCaller.run(RuntimeInit.java:593)
02-19 13:00:10.785  1563  1563 I EmojiCompatManager: 	at com.android.internal.os.ZygoteInit.main(ZygoteInit.java:932)
02-19 13:00:10.785  1563  1563 W NotificationCenter: NotificationCenter$NotificationQueue.notifyPendingNotificationsOnExecutor():877 Heavy notify work detected on UI thread: [kig->khg, kig->khc, kig->ilu, kig->ilu, kig->ilu, kig->ilu, kig->ilu, kig->ilu, kig->gkl, kig->ilu, kig->ilu, kig->fef, kig->fro, kig->lux, kig->ilu, kig->imt, kig->ilu, kig->ilu, kig->ijm, kig->ilu, kig->ilu, kig->fcb, kig->jnx] takes 23ms
02-19 13:00:10.787   752  1246 W PackageConfigPersister: App-specific configuration not found for packageName: viva.republica.toss.test and userId: 0
02-19 13:00:10.790 31848 32013 D PowerUsageFeatureProviderGoogleImpl: mBatteryUsageReattributeEnabled: false
02-19 13:00:10.791 31848 32013 D PowerUsageFeatureProviderGoogleImpl: mForceHideBatteryReattributeItem: true
02-19 13:00:10.801 20068 30652 I FontLog : (REDACTED) Pulling font file for id = %d, cache size = %d
02-19 13:00:10.818   752   935 D CoreBackPreview: Window{f567d90 u0 PopupWindow:9b822e2}: Setting back callback OnBackInvokedCallbackInfo{mCallback=android.window.IOnBackInvokedCallback$Stub$Proxy@afe368e, mPriority=0, mIsAnimationCallback=false, mOverrideBehavior=0}
02-19 13:00:10.938  4449  4467 V WindowManagerShell: Transition animation finished (aborted=false), notifying core (#359) android.os.BinderProxy@4a9c283@2
02-19 13:00:10.941 31848 32013 D BatteryUsageContentProvider: getQueryUserId from uri: content://com.android.settings.battery.usage.provider/appUsageLatestTimestamp?userid=0
02-19 13:00:10.950 31848 32013 D BatteryUsageContentProvider: getAppUsageLatestTimestamp() for user 0 in 8/ms
02-19 13:00:10.965  1341  1341 D VRI[NexusLauncherActivity]: visibilityChanged oldVisibility=true newVisibility=false
02-19 13:00:10.975   752   794 V WindowManager: Finish Transition (#359): created at 02-19 13:00:10.105 collect-started=0.027ms request-sent=4.005ms started=15.592ms ready=37.562ms sent=499.727ms commit=28.518ms finished=834.205ms
02-19 13:00:10.976  1341  1341 D NexusLauncherModelDelegate: notifySmartspaceEvent: SmartspaceTargetEvent{mSmartspaceTarget=null, mSmartspaceActionId='null', mEventType=7}
02-19 13:00:10.993  4449  4467 V WindowManagerShell: Track 2 became idle
02-19 13:00:10.995  4449  4467 V WindowManagerShell: All active transition animations finished
02-19 13:00:11.160 32031 32031 D VRI[MiniAppSchemeActivity]: visibilityChanged oldVisibility=true newVisibility=false
02-19 13:00:11.174 32031 32031 W WindowOnBackDispatcher: sendCancelIfRunning: isInProgress=false callback=android.view.ViewRootImpl$$ExternalSyntheticLambda13@59dbfee
02-19 13:00:11.176   752  1116 D CoreBackPreview: Window{74ec6a6 u0 viva.republica.toss.test/viva.republica.toss.test.MiniAppSchemeActivity}: Setting back callback null
02-19 13:00:11.183 32031 32031 D ViewRootImpl: Skipping stats log for color mode
02-19 13:00:11.189  1341  1341 D BaseDepthController: setSurface:
02-19 13:00:11.189  1341  1341 D BaseDepthController: 	mWaitingOnSurfaceValidity: false
02-19 13:00:11.189  1341  1341 D BaseDepthController: 	mBaseSurface: null
02-19 13:00:11.190  1341  1341 D BaseDepthController: mSurface is null and mCurrentBlur is: 0
02-19 13:00:11.191  1341  1341 D StateManager: goToState - fromState: Normal, toState: Normal, partial trace:
02-19 13:00:11.191  1341  1341 D StateManager: 	at com.android.launcher3.statemanager.StateManager.moveToRestState(go/retraceme 72a59688580715d19f0e415c69e80376c2f062d1648c80db6730905005a27c20:4)
02-19 13:00:11.191  1341  1341 D StateManager: 	at com.android.launcher3.statemanager.StateManager.moveToRestState(go/retraceme 72a59688580715d19f0e415c69e80376c2f062d1648c80db6730905005a27c20:1)
02-19 13:00:11.191  1341  1341 D StateManager: 	at com.android.launcher3.statemanager.StatefulActivity.onStop(go/retraceme 72a59688580715d19f0e415c69e80376c2f062d1648c80db6730905005a27c20:34)
02-19 13:00:11.191  1341  1341 D StatsLog: LAUNCHER_ONSTOP
02-19 13:00:11.194  1341  1341 D StatsLog: LAUNCHER_GOOGLE_SEARCH_RESTORE_LIST_SIZE_AFTER_ACTIVITY_RESTART
02-19 13:00:11.198   752  1095 D BackgroundInstallControlService: Package event received: 0
02-19 13:00:11.205   752   935 W IPCThreadState: Sending oneway calls to frozen process.
02-19 13:00:11.206   752   935 W ProcessStats: Tracking association SourceState{228dbce com.android.settings/1000 Service #14680} whose proc state 8 is better than process ProcessState{cf3716c com.google.android.settings.intelligence/10144 pkg=com.google.android.settings.intelligence} proc state 15 (40 skipped)
02-19 13:00:11.210   752  1095 D BackgroundInstallControlService: Package event received: 0
02-19 13:00:11.317 31848 32013 D DatabaseUtils: getAppUsageStartTimestampOfUser() userId=0 latestTimestamp=Feb 19, 2026, 11:58:31 in 377/ms
02-19 13:00:11.436 31848 32013 D DataProcessor: getAppUsageEventsForUser(): 0 from 1771469911761 to 1771473610940 in 118/ms
02-19 13:00:11.437 31848 32013 D DataProcessor: getAppUsageEvents() for all unlocked users in 498/ms
02-19 13:00:11.678 31887 31887 I MultiDex: VM with version 2.1.0 has multidex support
02-19 13:00:11.678 31887 31887 I MultiDex: Installing application
02-19 13:00:11.678 31887 31887 I MultiDex: VM has multidex support, MultiDex support library is disabled.
02-19 13:00:11.762 31848 32013 W DataProcessor: Read 221 relevant events (394 total) from UsageStatsManager
02-19 13:00:11.762 31848 32013 D BatteryUsageDataLoader: loadAppUsageData() size=221 in 823/ms
02-19 13:00:12.356 31887 31887 D PrimesLoggerHolder: Primes instant initialization
02-19 13:00:12.387 31848 32013 D DatabaseUtils: insert() app usage events data into database
02-19 13:00:12.388 31848 32013 D DatabaseUtils: sendAppUsageEventData() size=221 in 626/ms
02-19 13:00:12.389 31848 32013 D BatteryUsageContentProvider: getLastFullChargeTimestamp() in 1/ms
02-19 13:00:12.391 31848 32013 D DatabaseUtils: getLastFullChargeTime() lastFullChargeTime=Jan 01, 1970, 09:00:00 in 3/ms
02-19 13:00:12.392 31848 32013 D DatabaseUtils: getBatteryEvents for timestamp: 1770908400000
02-19 13:00:12.395 31848 32013 D BatteryUsageContentProvider: getQueryBatteryEventTypes from uri: content://com.android.settings.battery.usage.provider/BatteryEvent?timestamp=1770908400000&batteryEventType=3%2C4
02-19 13:00:12.395 31848 32013 D BatteryUsageContentProvider: getQueryTimestamp from uri: content://com.android.settings.battery.usage.provider/BatteryEvent?timestamp=1770908400000&batteryEventType=3%2C4
02-19 13:00:12.396 31848 32013 W BatteryUsageContentProvider: getBatteryEvents() in 1/ms
02-19 13:00:12.503 31848 32013 D DatabaseUtils: getBatteryEvents size=36 in 111/ms
02-19 13:00:12.504 31848 32013 D DataProcessManager: getPeriodBatteryLevelData() startTimestamp=Feb 19, 2026, 12:00:00
02-19 13:00:12.504 31848 32013 D DataProcessManager: execute getBatteryLevelData in 116/ms, batteryLevelRecordEvents.size=36
02-19 13:00:12.504 31848 32013 D BatteryUsageDataLoader: preprocessBatteryUsageSlots() no new battery usage data.
02-19 13:00:12.504 31848 32013 D BatteryUsageDataLoader: loadUsageDataSafely() in 6000/ms
02-19 13:00:12.632 32154 32154 W dumpsys : Thread Pool max thread count is 0. Cannot cache binder as linkToDeath cannot be implemented. serviceName: window
02-19 13:00:12.689 31887 31887 I efqm    : SslGuard completed installation.
02-19 13:00:12.782 31887 32157 D nativeloader: Load /product/priv-app/PrebuiltBugle/PrebuiltBugle.apk!/lib/x86_64/libnative_crash_handler_jni.so using class loader ns product-clns-10 (caller=/product/priv-app/PrebuiltBugle/PrebuiltBugle.apk!classes4.dex): ok
02-19 13:00:13.010   752   775 I system_server: Background concurrent mark compact GC freed 24MB AllocSpace bytes, 49(1528KB) LOS objects, 42% free, 32MB/56MB, paused 1.236ms,2.753ms total 354.092ms
02-19 13:00:13.040   752   777 W System  : A resource failed to call release. 
02-19 13:00:13.045   752   777 W System  : A resource failed to call release. 
02-19 13:00:13.051 31887 32165 I stetho  : Listening on @stetho_com.google.android.apps.messaging_devtools_remote
02-19 13:00:13.060   752  1116 I ActivityManager: Force stopping viva.republica.toss.test appid=10217 user=0: from pid 32162
02-19 13:00:13.062   752  1856 E TaskPersister: File error accessing recents directory (directory doesn't exist?).
02-19 13:00:13.065 31887 31887 I Bugle   : BugleApplicationBase: Bugle version: messages.android_20250311_04_rc01.phone_dynamic , Bugle version code: 273168063
02-19 13:00:13.067   752  1116 I ActivityManager: Killing 32031:viva.republica.toss.test/u0a217 (adj 0): stop viva.republica.toss.test due to from pid 32162
02-19 13:00:13.073 31887 31887 I Bugle   : DarkModeManager: setDarkMode: -1
02-19 13:00:13.077   752  1116 D CompatChangeReporter: Compat change id reported: 151861875; UID 10217; state: ENABLED
02-19 13:00:13.082   752  1116 D CompatChangeReporter: Compat change id reported: 311208629; UID 10217; state: ENABLED
02-19 13:00:13.086   752  1029 D InetDiagMessage: Destroyed 0 sockets, proto=IPPROTO_TCP, family=AF_INET, states=14
02-19 13:00:13.087   752  1116 W ActivityTaskManager: Force removing ActivityRecord{31277282 u0 viva.republica.toss.test/im.toss.rn.granite.core.GraniteActivity t55 f}}: app died, no saved state
02-19 13:00:13.090 32052 32052 I cr_ChildProcessService: Destroying ChildProcessService pid=32052
02-19 13:00:13.091  4449  4467 V WindowManagerShell: Transition requested (#360): android.os.BinderProxy@653a2cf TransitionRequestInfo { type = CLOSE, triggerTask = TaskInfo{userId=0 taskId=55 effectiveUid=10217 displayId=0 isRunning=false baseIntent=Intent { act=android.intent.action.VIEW dat=intoss://takealook/... flg=0x10000000 pkg=viva.republica.toss.test cmp=viva.republica.toss.test/.MiniAppSchemeActivity } baseActivity=null topActivity=null origActivity=null realActivity=ComponentInfo{viva.republica.toss.test/viva.republica.toss.test.MiniAppSchemeActivity} numActivities=0 lastActiveTime=85083982 supportsMultiWindow=true resizeMode=1 isResizeable=true minWidth=-1 minHeight=-1 defaultMinSize=220 token=WCT{android.window.IWindowContainerToken$Stub$Proxy@851945c} topActivityType=1 pictureInPictureParams=null shouldDockBigOverlays=false launchIntoPipHostTaskId=-1 lastParentTaskIdBeforePip=-1 displayCutoutSafeInsets=Rect(0, 0 - 0, 0) topActivityInfo=null launchCookies=[] positionInParent=Point(0, 0) parentTaskId=-1 isFocused=true isVisible=true isVisibleRequested=true isTopActivityNoDisplay=false isSleeping=false locusId=null displayAreaFeatureId=1 isTopActivityTransparent=false isActivityStackTransparent=true lastNonFullscreenBounds=Rect(284, 660 - 796, 1740) capturedLink=null capturedLinkTimestamp=0 requestedVisibleTypes=-9 topActivityRequestOpenInBrowserEducationTimestamp=0 appCompatTaskInfo=AppCompatTaskInfo { topActivityInSizeCompat=false eligibleForLetterboxEducation= false isLetterboxEducationEnabled= false isLetterboxDoubleTapEnabled= false eligibleForUserAspectRatioButton= false topActivityBoundsLetterboxed= false isFromLetterboxDoubleTap= false topActivityLetterboxVerticalPosition= -1 topActivityLetterboxHorizontalPosition= -1 topActivityLetterboxWidth=-1 topActivityLetterboxHeight=-1 topActivityAppBounds=Rect(0, 0 - 0, 0) isUserFullscreenOverrideEnabled=false isSystemFullscreenOverrideEnabled=false hasMinAspectRatioOverride=false topActivityLetterboxBounds=null cameraCompatTaskInfo=CameraCompatTaskInfo { freeformCameraCompatMode=undefined}} topActivityMainWindowFrame=null}, pipChange = null, remoteTransition = null, displayChange = null, flags = 0, debugId = 360 }
02-19 13:00:13.095   752  1095 D BackgroundInstallControlService: Package event received: 0
02-19 13:00:13.096 32052 32052 I ocessService0:0: System.exit called, status: 0
02-19 13:00:13.096 32052 32052 I AndroidRuntime: VM exiting with result code 0, cleanup skipped.
02-19 13:00:13.102   531   549 I BpBinder: onLastStrongRef automatically unlinking death recipients: 
02-19 13:00:13.104   752  1029 D InetDiagMessage: Destroyed 3 sockets, proto=IPPROTO_TCP, family=AF_INET6, states=14
02-19 13:00:13.104   752  1029 D InetDiagMessage: Destroyed live tcp sockets for uids={10217} in 28ms
02-19 13:00:13.107   752  1029 D InetDiagMessage: Destroyed 0 sockets, proto=IPPROTO_TCP, family=AF_INET, states=14
02-19 13:00:13.109   752  1029 D InetDiagMessage: Destroyed 0 sockets, proto=IPPROTO_TCP, family=AF_INET6, states=14
02-19 13:00:13.110  1341  1341 D ViewRootImpl: Skipping stats log for color mode
02-19 13:00:13.113  1341  1341 D StatsLog: LAUNCHER_ONRESUME
02-19 13:00:13.118   752  1116 I ActivityManager: Killing 32052:com.google.android.webview:sandboxed_process0:org.chromium.content.app.SandboxedProcessService0:0/u0a217i26 (adj 0): isolated not needed
02-19 13:00:13.119   752  1029 D InetDiagMessage: Destroyed live tcp sockets for uids={20217} in 14ms
02-19 13:00:13.120   752  1116 W IPCThreadState: Sending oneway calls to frozen process.
02-19 13:00:13.120   752  1116 W IPCThreadState: Sending oneway calls to frozen process.
02-19 13:00:13.120   752  1116 W IPCThreadState: Sending oneway calls to frozen process.
02-19 13:00:13.123   752  1095 D BackgroundInstallControlService: Package event received: 0
02-19 13:00:13.123   752  1095 D BackgroundInstallControlService: Package event received: 0
02-19 13:00:13.123  4449  4467 D WindowManagerShell: setLauncherKeepClearAreaHeight: visible=true, height=527
02-19 13:00:13.125   752  1116 I AppsFilter: interaction: PackageSetting{d389813 com.android.microdroid.empty_payload/10204} -> PackageSetting{61b12d9 viva.republica.toss.test/10217} BLOCKED
02-19 13:00:13.126   752  1116 I AppsFilter: interaction: PackageSetting{120ba50 com.android.adbkeyboard/10219} -> PackageSetting{61b12d9 viva.republica.toss.test/10217} BLOCKED
02-19 13:00:13.129  1263  1263 I Zygote  : Process 32052 exited cleanly (0)
02-19 13:00:13.139   752  1246 W ActivityManager: Slow operation: 58ms so far, now at finishAttachApplicationInner: after mServices.attachApplicationLocked
02-19 13:00:13.139   752  1246 W ActivityManager: Slow operation: 59ms so far, now at finishAttachApplicationInner: after dispatching broadcasts
02-19 13:00:13.139   531   531 I BpBinder: onLastStrongRef automatically unlinking death recipients: 
02-19 13:00:13.141   752   981 W InputDispatcher: channel 'f567d90 PopupWindow:9b822e2' ~ Consumer closed input channel or an error occurred.  events=0x9
02-19 13:00:13.141   752   981 E InputDispatcher: channel 'f567d90 PopupWindow:9b822e2' ~ Channel is unrecoverably broken and will be disposed!
02-19 13:00:13.141   752   981 I WindowManager: WINDOW DIED Window{f567d90 u0 PopupWindow:9b822e2}
02-19 13:00:13.143   752   981 W InputDispatcher: channel '4cd2c48 viva.republica.toss.test/im.toss.rn.granite.core.GraniteActivity' ~ Consumer closed input channel or an error occurred.  events=0x9
02-19 13:00:13.143   752   981 E InputDispatcher: channel '4cd2c48 viva.republica.toss.test/im.toss.rn.granite.core.GraniteActivity' ~ Channel is unrecoverably broken and will be disposed!
02-19 13:00:13.143   752   981 I WindowManager: WINDOW DIED Window{4cd2c48 u0 viva.republica.toss.test/im.toss.rn.granite.core.GraniteActivity}
02-19 13:00:13.140  1341  1341 D NexusLauncherModelDelegate: notifySmartspaceEvent: SmartspaceTargetEvent{mSmartspaceTarget=null, mSmartspaceActionId='null', mEventType=6}
02-19 13:00:13.152   752  1984 I ImeTracker: viva.republica.toss.test:cf05e48f: onRequestHide at ORIGIN_SERVER reason HIDE_REMOVE_CLIENT fromUser false
02-19 13:00:13.153   752  1984 I ImeTracker: viva.republica.toss.test:cf05e48f: onCancelled at PHASE_SERVER_SHOULD_HIDE
02-19 13:00:13.154   752  1029 D ConnectivityService: releasing NetworkRequest [ REQUEST id=457, [ Capabilities: INTERNET&NOT_RESTRICTED&TRUSTED&NOT_VCN_MANAGED&NOT_BANDWIDTH_CONSTRAINED Uid: 10217 RequestorUid: 10217 RequestorPkg: viva.republica.toss.test UnderlyingNetworks: Null] ] (release request)
02-19 13:00:13.155   752   807 I libprocessgroup: Removed cgroup /sys/fs/cgroup/apps/uid_10217/pid_32031
02-19 13:00:13.156   752   807 I libprocessgroup: Removed cgroup /sys/fs/cgroup/apps/uid_99026/pid_32052
02-19 13:00:13.156   458   458 I Zygote  : Process 32031 exited due to signal 9 (Killed)
02-19 13:00:13.156   752  2377 I WindowManager: WIN DEATH: Window{f567d90 u0 PopupWindow:9b822e2 EXITING}
02-19 13:00:13.158   752  2377 I WindowManager: WIN DEATH: Window{4cd2c48 u0 viva.republica.toss.test/im.toss.rn.granite.core.GraniteActivity EXITING}
02-19 13:00:13.160  1341  1407 D QuickstepModelDelegate: notifyAppTargetEvent action=1 launchLocation=workspace/0/[-1,-1]/[1,1]
02-19 13:00:13.161  1341  1341 D BaseDepthController: setSurface:
02-19 13:00:13.161  1341  1341 D BaseDepthController: 	mWaitingOnSurfaceValidity: false
02-19 13:00:13.161  1341  1341 D BaseDepthController: 	mBaseSurface: Surface(name=com.google.android.apps.nexuslauncher/com.google.android.apps.nexuslauncher.NexusLauncherActivity)/@0x94d8eb8
02-19 13:00:13.172   752   797 V WindowManager: Unknown focus tokens, dropping reportFocusChanged
02-19 13:00:13.172   752   797 W ActivityManager: setHasOverlayUi called on unknown pid: 32031
02-19 13:00:13.173   752  1456 V ActivityManager: Got obituary of 32031:viva.republica.toss.test
02-19 13:00:13.186   752   990 I system_server: AssetManager2(0x7d8fac4d9438) locale list changing from [] to [en-US]
02-19 13:00:13.194  1336  1336 D CarrierSvcBindHelper: onHandleForceStop: [viva.republica.toss.test]
02-19 13:00:13.197  1971  2198 I AiAiEcho: Predicting[0]:  [CONTEXT sampling_count=5 ]
02-19 13:00:13.198  1971  2198 I AiAiEcho: EchoTargets: 
02-19 13:00:13.198  1971  2198 I AiAiEcho: Filtered by AiAi flag check: 
02-19 13:00:13.198  1971  2198 I AiAiEcho: [CONTEXT ratelimit_period="10 SECONDS" ]
02-19 13:00:13.199  1971  2198 I AiAiEcho: #remoteViewsTwiddler: feature disabled.
02-19 13:00:13.208  1336  1336 D CarrierSvcBindHelper: No carrier app for: 0
02-19 13:00:13.210  1341  1341 I NotificationListener: Handling notification state refresh for com.google.android.adservices.api#0
02-19 13:00:13.211  1341  1341 I NotificationListener: Handling notification state refresh for android#0
02-19 13:00:13.211  1341  1341 I NotificationListener: Handling notification state refresh for com.android.systemui#0
02-19 13:00:13.217   752   990 I system_server: AssetManager2(0x7d8fac4d7e58) locale list changing from [] to [en-US]
02-19 13:00:13.224  1971  2198 I AiAiEcho: #postPredictionTargets: Sending updates to UISurface home with targets# 0 (types=[])
02-19 13:00:13.229   752   990 I system_server: AssetManager2(0x7d8fac4d3358) locale list changing from [] to [en-US]
02-19 13:00:13.233   752   990 I system_server: AssetManager2(0x7d8fac4cacf8) locale list changing from [] to [en-US]
02-19 13:00:13.233  1341  1341 D SsBaseTemplateCard: No text view can be set up
02-19 13:00:13.233  1341  1341 D SsBaseTemplateCard: Passed-in item info is null
02-19 13:00:13.233  1341  1341 D SsBaseTemplateCard: Passed-in item info is null
02-19 13:00:13.234  1341  1341 D SsBaseTemplateCard: Passed-in item info is null
02-19 13:00:13.234  1341  1341 I SsBaseTemplateCard: Secondary card pane is null
02-19 13:00:13.234  4449  4532 V WindowManagerShell: onTransitionReady(transaction=3229815417220)
02-19 13:00:13.237  4449  4467 V WindowManagerShell: onTransitionReady (#360) android.os.BinderProxy@653a2cf: {id=360 t=CLOSE f=0x0 trk=0 r=[0@Point(0, 0)] c=[
02-19 13:00:13.237  4449  4467 V WindowManagerShell:         {m=TO_FRONT f=SHOW_WALLPAPER|MOVE_TO_TOP leash=Surface(name=Task=1)/@0xac9483a sb=Rect(0, 0 - 1080, 2400) eb=Rect(0, 0 - 1080, 2400) epz=Point(1080, 2400) d=0 taskParent=-1},
02-19 13:00:13.237  4449  4467 V WindowManagerShell:         {m=CLOSE f=NONE leash=Surface(name=Task=55)/@0x2919ceb sb=Rect(0, 0 - 1080, 2400) eb=Rect(0, 0 - 1080, 2400) epz=Point(1080, 2400) d=0 taskParent=-1},
02-19 13:00:13.237  4449  4467 V WindowManagerShell:         {m=TO_FRONT f=IS_WALLPAPER leash=Surface(name=WallpaperWindowToken{35e0c0f showWhenLocked=false})/@0xe919a48 sb=Rect(0, 0 - 1080, 2400) eb=Rect(0, 0 - 1080, 2400) epz=Point(1080, 2400) d=0}
02-19 13:00:13.237  4449  4467 V WindowManagerShell:     ]}
02-19 13:00:13.238  4449  4467 V WindowManagerShell: Playing animation for (#360) android.os.BinderProxy@653a2cf@0
02-19 13:00:13.239  4449  4467 V ShellRecents: RecentsTransitionHandler.startAnimation: no controller found
02-19 13:00:13.239  4449  4467 V WindowManagerShell: Transition doesn't have explicit remote, search filters for match for {id=360 t=CLOSE f=0x0 trk=0 r=[0@Point(0, 0)] c=[{m=TO_FRONT f=SHOW_WALLPAPER|MOVE_TO_TOP leash=Surface(name=Task=1)/@0xac9483a sb=Rect(0, 0 - 1080, 2400) eb=Rect(0, 0 - 1080, 2400) epz=Point(1080, 2400) d=0 taskParent=-1},{m=CLOSE f=NONE leash=Surface(name=Task=55)/@0x2919ceb sb=Rect(0, 0 - 1080, 2400) eb=Rect(0, 0 - 1080, 2400) epz=Point(1080, 2400) d=0 taskParent=-1},{m=TO_FRONT f=IS_WALLPAPER leash=Surface(name=WallpaperWindowToken{35e0c0f showWhenLocked=false})/@0xe919a48 sb=Rect(0, 0 - 1080, 2400) eb=Rect(0, 0 - 1080, 2400) epz=Point(1080, 2400) d=0}]}
02-19 13:00:13.239  4449  4467 V WindowManagerShell:  Checking filter Pair{{types=[] flags=0x0] notFlags=0x0 checks=[{atype=undefined independent=true modes=[CLOSE,TO_BACK] flags=IN_TASK_WITH_EMBEDDED_ACTIVITY mustBeTask=false order=ANY topActivity=null launchCookie=null taskFragmentToken=android.os.BinderProxy@188d51a windowingMode=undefined}]} RemoteTransition { remoteTransition = android.window.IRemoteTransition$Stub$Proxy@44cd84b, appThread = android.app.IApplicationThread$Stub$Proxy@3a12228, debugName = overlayBackTransition }}
02-19 13:00:13.239  4449  4467 V WindowManagerShell:  Checking filter Pair{{types=[] flags=0x0] notFlags=0x0 checks=[{atype=dream independent=true modes=[OPEN,TO_FRONT] flags=NONE mustBeTask=false order=ANY topActivity=null launchCookie=null windowingMode=undefined},{atype=home independent=true modes=[CLOSE,TO_BACK] flags=NONE mustBeTask=false order=ANY topActivity=null launchCookie=null windowingMode=undefined}]} RemoteTransition { remoteTransition = android.window.IRemoteTransition$Stub$Proxy@6f3eb41, appThread = android.app.IApplicationThread$Stub$Proxy@ccf28e6, debugName = LauncherToDream }}
02-19 13:00:13.240  4449  4467 V WindowManagerShell:  Checking filter Pair{{types=[] flags=0x0] notFlags=0x100 checks=[{atype=home independent=true modes=[OPEN,TO_FRONT] flags=NONE mustBeTask=false order=TOP topActivity=ComponentInfo{com.google.android.apps.nexuslauncher/com.google.android.apps.nexuslauncher.NexusLauncherActivity} launchCookie=null windowingMode=undefined},{atype=standard independent=true modes=[CLOSE,TO_BACK] flags=NONE mustBeTask=false order=ANY topActivity=null launchCookie=null windowingMode=undefined},{NOT atype=undefined independent=true modes=[] flags=NONE mustBeTask=true order=ANY topActivity=null launchCookie=null customAnim=true windowingMode=undefined}]} RemoteTransition { remoteTransition = android.window.IRemoteTransition$Stub$Proxy@a8eae27, appThread = android.app.IApplicationThread$Stub$Proxy@fa38d4, debugName = QuickstepLaunchHome }}
02-19 13:00:13.240  4449  4467 D RemoteTransitionHandler: Found filterPair{{types=[] flags=0x0] notFlags=0x100 checks=[{atype=home independent=true modes=[OPEN,TO_FRONT] flags=NONE mustBeTask=false order=TOP topActivity=ComponentInfo{com.google.android.apps.nexuslauncher/com.google.android.apps.nexuslauncher.NexusLauncherActivity} launchCookie=null windowingMode=undefined},{atype=standard independent=true modes=[CLOSE,TO_BACK] flags=NONE mustBeTask=false order=ANY topActivity=null launchCookie=null windowingMode=undefined},{NOT atype=undefined independent=true modes=[] flags=NONE mustBeTask=true order=ANY topActivity=null launchCookie=null customAnim=true windowingMode=undefined}]} RemoteTransition { remoteTransition = android.window.IRemoteTransition$Stub$Proxy@a8eae27, appThread = android.app.IApplicationThread$Stub$Proxy@fa38d4, debugName = QuickstepLaunchHome }}
02-19 13:00:13.240  4449  4467 V WindowManagerShell:  Delegate animation for (#360) to RemoteTransition { remoteTransition = android.window.IRemoteTransition$Stub$Proxy@a8eae27, appThread = android.app.IApplicationThread$Stub$Proxy@fa38d4, debugName = QuickstepLaunchHome }
02-19 13:00:13.253  4449  4467 V WindowManagerShell:  animated by com.android.wm.shell.transition.RemoteTransitionHandler@ef09705
02-19 13:00:13.259   752   794 V WindowManager: Sent Transition (#360) createdAt=02-19 13:00:13.087 via request=TransitionRequestInfo { type = CLOSE, triggerTask = TaskInfo{userId=0 taskId=55 effectiveUid=10217 displayId=0 isRunning=false baseIntent=Intent { act=android.intent.action.VIEW dat=intoss://takealook/... flg=0x10000000 pkg=viva.republica.toss.test cmp=viva.republica.toss.test/.MiniAppSchemeActivity } baseActivity=null topActivity=null origActivity=null realActivity=ComponentInfo{viva.republica.toss.test/viva.republica.toss.test.MiniAppSchemeActivity} numActivities=0 lastActiveTime=85083982 supportsMultiWindow=true resizeMode=1 isResizeable=true minWidth=-1 minHeight=-1 defaultMinSize=220 token=WCT{RemoteToken{b1bba2c Task{917d257 #55 type=standard A=10217:viva.republica.toss.test}}} topActivityType=1 pictureInPictureParams=null shouldDockBigOverlays=false launchIntoPipHostTaskId=-1 lastParentTaskIdBeforePip=-1 displayCutoutSafeInsets=Rect(0, 0 - 0, 0) topActivityInfo=null launchCookies=[] positionInParent=Point(0, 0) parentTaskId=-1 isFocused=true isVisible=true isVisibleRequested=true isTopActivityNoDisplay=false isSleeping=false locusId=null displayAreaFeatureId=1 isTopActivityTransparent=false isActivityStackTransparent=true lastNonFullscreenBounds=Rect(284, 660 - 796, 1740) capturedLink=null capturedLinkTimestamp=0 requestedVisibleTypes=-9 topActivityRequestOpenInBrowserEducationTimestamp=0 appCompatTaskInfo=AppCompatTaskInfo { topActivityInSizeCompat=false eligibleForLetterboxEducation= false isLetterboxEducationEnabled= false isLetterboxDoubleTapEnabled= false eligibleForUserAspectRatioButton= false topActivityBoundsLetterboxed= false isFromLetterboxDoubleTap= false topActivityLetterboxVerticalPosition= -1 topActivityLetterboxHorizontalPosition= -1 topActivityLetterboxWidth=-1 topActivityLetterboxHeight=-1 topActivityAppBounds=Rect(0, 0 - 0, 0) isUserFullscreenOverrideEnabled=false isSystemFullscreenOverrideEnabled=false hasMinAspectRatioOverride=false topActivityLetterboxBounds=null cameraCompatTaskInfo=CameraCompatTaskInfo { freeformCameraCompatMode=undefined}} topActivityMainWindowFrame=null}, pipChange = null, remoteTransition = null, displayChange = null, flags = 0, debugId = 360 }
02-19 13:00:13.259   752   794 V WindowManager:     startWCT=WindowContainerTransaction { changes= {} hops= [] errorCallbackToken=null taskFragmentOrganizer=null }
02-19 13:00:13.260   752   794 V WindowManager:     info={id=360 t=CLOSE f=0x0 trk=0 r=[0@Point(0, 0)] c=[
02-19 13:00:13.260   752   794 V WindowManager:         {WCT{RemoteToken{5218fe8 Task{dd43522 #1 type=home}}} m=TO_FRONT f=SHOW_WALLPAPER|MOVE_TO_TOP leash=Surface(name=Task=1)/@0x8ddbd2e sb=Rect(0, 0 - 1080, 2400) eb=Rect(0, 0 - 1080, 2400) epz=Point(1080, 2400) d=0 taskParent=-1},
02-19 13:00:13.260   752   794 V WindowManager:         {WCT{RemoteToken{b1bba2c Task{917d257 #55 type=standard A=10217:viva.republica.toss.test}}} m=CLOSE f=NONE leash=Surface(name=Task=55)/@0xffd1639 sb=Rect(0, 0 - 1080, 2400) eb=Rect(0, 0 - 1080, 2400) epz=Point(1080, 2400) d=0 taskParent=-1},
02-19 13:00:13.260   752   794 V WindowManager:         {m=TO_FRONT f=IS_WALLPAPER leash=Surface(name=WallpaperWindowToken{35e0c0f showWhenLocked=false})/@0x512f5be sb=Rect(0, 0 - 1080, 2400) eb=Rect(0, 0 - 1080, 2400) epz=Point(1080, 2400) d=0}
02-19 13:00:13.260   752   794 V WindowManager:     ]}
02-19 13:00:13.260  1341  1341 D StateManager: createAtomicAnimation - fromState: Background, toState: Normal, partial trace:
02-19 13:00:13.260  1341  1341 D StateManager: 	at com.android.quickstep.util.ScalingWorkspaceRevealAnim.<init>(go/retraceme 72a59688580715d19f0e415c69e80376c2f062d1648c80db6730905005a27c20:39)
02-19 13:00:13.260  1341  1341 D StateManager: 	at com.android.launcher3.QuickstepTransitionManager.createWallpaperOpenAnimations(go/retraceme 72a59688580715d19f0e415c69e80376c2f062d1648c80db6730905005a27c20:168)
02-19 13:00:13.260  1341  1341 D StateManager: 	at com.android.launcher3.QuickstepTransitionManager$WallpaperOpenLauncherAnimationRunner.onAnimationStart(go/retraceme 72a59688580715d19f0e415c69e80376c2f062d1648c80db6730905005a27c20:17)
02-19 13:00:13.262  1341  1341 D b/311077782: LauncherAnimationRunner.setAnimation
02-19 13:00:13.283  1341  1407 W HWUI    : Image decoding logging dropped!
02-19 13:00:13.330   531   531 I BpBinder: onLastStrongRef automatically unlinking death recipients: 
02-19 13:00:13.338   752   989 I ImeTracker: com.google.android.apps.nexuslauncher:d874206e: onRequestHide at ORIGIN_SERVER reason HIDE_UNSPECIFIED_WINDOW fromUser false
02-19 13:00:13.345  1563  1563 I GoogleInputMethodService: GoogleInputMethodService.onFinishInput():2043 
02-19 13:00:13.346  1563  1563 I Module  : DeviceLockedStatusModuleProvider$Module.updateDeviceLockedStatus():100 repeatCheckTimes = 0, locked = false
02-19 13:00:13.347  1563  1563 I GoogleInputMethodService: GoogleInputMethodService.onStartInput():1293 onStartInput(EditorInfo{EditorInfo{packageName=com.google.android.apps.nexuslauncher, inputType=0, inputTypeString=NULL, enableLearning=false, autoCorrection=false, autoComplete=false, imeOptions=0, privateImeOptions=null, actionName=UNSPECIFIED, actionLabel=null, initialSelStart=-1, initialSelEnd=-1, initialCapsMode=0, label=null, fieldId=0, fieldName=null, extras=null, hintText=null, hintLocales=[]}}, false)
