--------- beginning of main
02-19 13:30:11.536   531   531 I BpBinder: onLastStrongRef automatically unlinking death recipients: 
02-19 13:30:11.578   617   617 W FrameTracker: Missed App frame:UNKNOWN: 3, 1387575, 45133480, CUJ=J<LAUNCHER_APP_CLOSE_TO_HOME>
02-19 13:30:11.578   617   617 W FrameTracker: Missed SF frame:UNKNOWN: 3, 1387575, 45133480, CUJ=J<LAUNCHER_APP_CLOSE_TO_HOME>
02-19 13:30:11.578   617   617 W FrameTracker: Missed App frame:UNKNOWN: 3, 1387590, 350390139, CUJ=J<LAUNCHER_APP_CLOSE_TO_HOME>
02-19 13:30:11.579   617   617 W FrameTracker: Missed SF frame:UNKNOWN: 3, 1387590, 350390139, CUJ=J<LAUNCHER_APP_CLOSE_TO_HOME>
02-19 13:30:11.579   617   617 W FrameTracker: Missed App frame:UNKNOWN: 3, 1387605, 482940274, CUJ=J<LAUNCHER_APP_CLOSE_TO_HOME>
02-19 13:30:11.579   617   617 W FrameTracker: Missed SF frame:UNKNOWN: 3, 1387605, 482940274, CUJ=J<LAUNCHER_APP_CLOSE_TO_HOME>
02-19 13:30:11.579   617   617 W FrameTracker: Missed App frame:UNKNOWN: 3, 1387635, 491990518, CUJ=J<LAUNCHER_APP_CLOSE_TO_HOME>
02-19 13:30:11.579   617   617 W FrameTracker: Missed SF frame:UNKNOWN: 3, 1387635, 491990518, CUJ=J<LAUNCHER_APP_CLOSE_TO_HOME>
02-19 13:30:11.579   617   617 W FrameTracker: Missed App frame:JANK_APPLICATION, 1387664, 318693453, CUJ=J<LAUNCHER_APP_CLOSE_TO_HOME>
02-19 13:30:11.579   617   617 W FrameTracker: Missed App frame:UNKNOWN: 3, 1387693, 187761687, CUJ=J<LAUNCHER_APP_CLOSE_TO_HOME>
02-19 13:30:11.579   617   617 W FrameTracker: Missed SF frame:UNKNOWN: 3, 1387693, 187761687, CUJ=J<LAUNCHER_APP_CLOSE_TO_HOME>
02-19 13:30:11.579   617   617 W FrameTracker: Missed App frame:UNKNOWN: 3, 1387701, 217314557, CUJ=J<LAUNCHER_APP_CLOSE_TO_HOME>
02-19 13:30:11.579   617   617 W FrameTracker: Missed SF frame:UNKNOWN: 3, 1387701, 217314557, CUJ=J<LAUNCHER_APP_CLOSE_TO_HOME>
02-19 13:30:11.579   617   617 W FrameTracker: Missed App frame:UNKNOWN: 3, 1387717, 112304480, CUJ=J<LAUNCHER_APP_CLOSE_TO_HOME>
02-19 13:30:11.579   617   617 W FrameTracker: Missed SF frame:UNKNOWN: 3, 1387717, 112304480, CUJ=J<LAUNCHER_APP_CLOSE_TO_HOME>
02-19 13:30:11.579   617   617 W FrameTracker: Missed App frame:UNKNOWN: 3, 1387728, 67647861, CUJ=J<LAUNCHER_APP_CLOSE_TO_HOME>
02-19 13:30:11.579   617   617 W FrameTracker: Missed SF frame:UNKNOWN: 3, 1387728, 67647861, CUJ=J<LAUNCHER_APP_CLOSE_TO_HOME>
02-19 13:30:11.579   617   617 W FrameTracker: Missed App frame:UNKNOWN: 3, 1387750, 101181352, CUJ=J<LAUNCHER_APP_CLOSE_TO_HOME>
02-19 13:30:11.579   617   617 W FrameTracker: Missed SF frame:UNKNOWN: 3, 1387750, 101181352, CUJ=J<LAUNCHER_APP_CLOSE_TO_HOME>
02-19 13:30:11.579   617   617 W FrameTracker: Missed App frame:UNKNOWN: 3, 1387760, 94111387, CUJ=J<LAUNCHER_APP_CLOSE_TO_HOME>
02-19 13:30:11.579   617   617 W FrameTracker: Missed SF frame:UNKNOWN: 3, 1387760, 94111387, CUJ=J<LAUNCHER_APP_CLOSE_TO_HOME>
02-19 13:30:11.579   617   617 W FrameTracker: Missed App frame:UNKNOWN: 3, 1387771, 88232878, CUJ=J<LAUNCHER_APP_CLOSE_TO_HOME>
02-19 13:30:11.579   617   617 W FrameTracker: Missed SF frame:UNKNOWN: 3, 1387771, 88232878, CUJ=J<LAUNCHER_APP_CLOSE_TO_HOME>
02-19 13:30:11.596   617   617 W SplitSelectStateCtor: Missing session instanceIds
02-19 13:30:11.596   617   617 D StatsLog: LAUNCHER_SPLIT_SELECTION_EXIT_INTERRUPTED
--------- beginning of system
02-19 13:30:11.599  4449  4467 D WindowManagerShell: setLauncherKeepClearAreaHeight: visible=false, height=527
02-19 13:30:11.629   752  1095 D BackgroundInstallControlService: Package event received: 0
02-19 13:30:11.699   752  1987 W OptProp : Cannot read opt property android.window.PROPERTY_COMPAT_ENABLE_FAKE_FOCUS
02-19 13:30:11.720   531   549 I BpBinder: onLastStrongRef automatically unlinking death recipients: 
02-19 13:30:11.770   752  1095 D BackgroundInstallControlService: Package event received: 0
02-19 13:30:11.784   752  1095 D BackgroundInstallControlService: Package event received: 0
02-19 13:30:11.784   752  1095 D BackgroundInstallControlService: Package event received: 0
02-19 13:30:11.784   752  1095 D BackgroundInstallControlService: Package event received: 0
02-19 13:30:11.784   752  1095 D BackgroundInstallControlService: Package event received: 0
02-19 13:30:11.785   752   780 D CoreBackPreview: Window{3103e25 u0 Splash Screen viva.republica.toss.test}: Setting back callback OnBackInvokedCallbackInfo{mCallback=android.window.IOnBackInvokedCallback$Stub$Proxy@7344408, mPriority=0, mIsAnimationCallback=false, mOverrideBehavior=0}
02-19 13:30:11.936 32388  1468 I ReactNativeJNI: Memory warning (pressure level: TRIM_MEMORY_UI_HIDDEN) received by JS VM, ignoring because it's non-severe
02-19 13:30:11.937 32388   315 I ReactNativeJNI: Memory warning (pressure level: TRIM_MEMORY_UI_HIDDEN) received by JS VM, ignoring because it's non-severe
02-19 13:30:11.937 32388  2041 I ReactNativeJNI: Memory warning (pressure level: TRIM_MEMORY_UI_HIDDEN) received by JS VM, ignoring because it's non-severe
02-19 13:30:11.937 32388  1731 I ReactNativeJNI: Memory warning (pressure level: TRIM_MEMORY_UI_HIDDEN) received by JS VM, ignoring because it's non-severe
02-19 13:30:11.937 32388 32599 I ReactNativeJNI: Memory warning (pressure level: TRIM_MEMORY_UI_HIDDEN) received by JS VM, ignoring because it's non-severe
02-19 13:30:11.937 32388  1012 I ReactNativeJNI: Memory warning (pressure level: TRIM_MEMORY_UI_HIDDEN) received by JS VM, ignoring because it's non-severe
02-19 13:30:11.937 32388  2322 I ReactNativeJNI: Memory warning (pressure level: TRIM_MEMORY_UI_HIDDEN) received by JS VM, ignoring because it's non-severe
02-19 13:30:11.937 32388  2648 I ReactNativeJNI: Memory warning (pressure level: TRIM_MEMORY_UI_HIDDEN) received by JS VM, ignoring because it's non-severe
02-19 13:30:11.952 32388  2554 I ReactNativeJNI: Memory warning (pressure level: TRIM_MEMORY_UI_HIDDEN) received by JS VM, ignoring because it's non-severe
02-19 13:30:11.973  4449  4511 V WindowManagerShell: onTransitionReady(transaction=3229815418831)
02-19 13:30:11.975   752   794 V WindowManager: Sent Transition (#413) createdAt=02-19 13:30:11.477 via request=TransitionRequestInfo { type = OPEN, triggerTask = TaskInfo{userId=0 taskId=56 effectiveUid=10217 displayId=0 isRunning=true baseIntent=Intent { act=android.intent.action.VIEW dat=intoss://takealook/... flg=0x10000000 pkg=viva.republica.toss.test cmp=viva.republica.toss.test/.MiniAppSchemeActivity } baseActivity=ComponentInfo{viva.republica.toss.test/im.toss.rn.granite.core.GraniteActivity} topActivity=ComponentInfo{viva.republica.toss.test/im.toss.rn.granite.core.GraniteActivity} origActivity=null realActivity=ComponentInfo{viva.republica.toss.test/viva.republica.toss.test.MiniAppSchemeActivity} numActivities=10 lastActiveTime=86882662 supportsMultiWindow=true resizeMode=1 isResizeable=true minWidth=-1 minHeight=-1 defaultMinSize=220 token=WCT{RemoteToken{29715c6 Task{fa7be33 #56 type=standard A=10217:viva.republica.toss.test}}} topActivityType=1 pictureInPictureParams=null shouldDockBigOverlays=false launchIntoPipHostTaskId=-1 lastParentTaskIdBeforePip=-1 displayCutoutSafeInsets=Rect(0, 0 - 0, 0) topActivityInfo=ActivityInfo{6cd98b4 im.toss.rn.granite.core.GraniteActivity} launchCookies=[] positionInParent=Point(0, 0) parentTaskId=-1 isFocused=false isVisible=false isVisibleRequested=false isTopActivityNoDisplay=false isSleeping=false locusId=null displayAreaFeatureId=1 isTopActivityTransparent=false isActivityStackTransparent=false lastNonFullscreenBounds=Rect(284, 660 - 796, 1740) capturedLink=null capturedLinkTimestamp=0 requestedVisibleTypes=-9 topActivityRequestOpenInBrowserEducationTimestamp=0 appCompatTaskInfo=AppCompatTaskInfo { topActivityInSizeCompat=false eligibleForLetterboxEducation= false isLetterboxEducationEnabled= true isLetterboxDoubleTapEnabled= false eligibleForUserAspectRatioButton= false topActivityBoundsLetterboxed= false isFromLetterboxDoubleTap= false topActivityLetterboxVerticalPosition= -1 topActivityLetterboxHorizontalPosition= -1 topActivityLetterboxWidth=-1 topActivityLetterboxHeight=-1 topActivityAppBounds=Rect(0, 0 - 1080, 2400) isUserFullscreenOverrideEnabled=false isSystemFullscreenOverrideEnabled=false hasMinAspectRatioOverride=false topActivityLetterboxBounds=null cameraCompatTaskInfo=CameraCompatTaskInfo { freeformCameraCompatMode=inactive}} topActivityMainWindowFrame=null}, pipChange = null, remoteTransition = null, displayChange = null, flags = 0, debugId = 413 }
02-19 13:30:11.975   752   794 V WindowManager:     startWCT=WindowContainerTransaction { changes= {} hops= [] errorCallbackToken=null taskFragmentOrganizer=null }
02-19 13:30:11.975   752   794 V WindowManager:     info={id=413 t=OPEN f=0x0 trk=0 r=[0@Point(0, 0)] c=[
02-19 13:30:11.975   752   794 V WindowManager:         {WCT{RemoteToken{29715c6 Task{fa7be33 #56 type=standard A=10217:viva.republica.toss.test}}} m=TO_FRONT f=MOVE_TO_TOP leash=Surface(name=Task=56)/@0xf76b753 sb=Rect(0, 0 - 1080, 2400) eb=Rect(0, 0 - 1080, 2400) epz=Point(1080, 2400) d=0 taskParent=-1},
02-19 13:30:11.975   752   794 V WindowManager:         {WCT{RemoteToken{5218fe8 Task{dd43522 #1 type=home}}} m=TO_BACK f=SHOW_WALLPAPER leash=Surface(name=Task=1)/@0x8ddbd2e sb=Rect(0, 0 - 1080, 2400) eb=Rect(0, 0 - 1080, 2400) epz=Point(1080, 2400) d=0 taskParent=-1},
02-19 13:30:11.975   752   794 V WindowManager:         {m=TO_BACK f=IS_WALLPAPER leash=Surface(name=WallpaperWindowToken{35e0c0f showWhenLocked=false})/@0x512f5be sb=Rect(0, 0 - 1080, 2400) eb=Rect(0, 0 - 1080, 2400) epz=Point(1080, 2400) d=0}
02-19 13:30:11.975   752   794 V WindowManager:     ]}
02-19 13:30:11.975  4449  4467 V WindowManagerShell: onTransitionReady (#413) android.os.BinderProxy@ad2c47a: {id=413 t=OPEN f=0x0 trk=0 r=[0@Point(0, 0)] c=[
02-19 13:30:11.975  4449  4467 V WindowManagerShell:         {m=TO_FRONT f=MOVE_TO_TOP leash=Surface(name=Task=56)/@0x529401e sb=Rect(0, 0 - 1080, 2400) eb=Rect(0, 0 - 1080, 2400) epz=Point(1080, 2400) d=0 taskParent=-1},
02-19 13:30:11.975  4449  4467 V WindowManagerShell:         {m=TO_BACK f=SHOW_WALLPAPER leash=Surface(name=Task=1)/@0x94da0ff sb=Rect(0, 0 - 1080, 2400) eb=Rect(0, 0 - 1080, 2400) epz=Point(1080, 2400) d=0 taskParent=-1},
02-19 13:30:11.975  4449  4467 V WindowManagerShell:         {m=TO_BACK f=IS_WALLPAPER leash=Surface(name=WallpaperWindowToken{35e0c0f showWhenLocked=false})/@0x1556ecc sb=Rect(0, 0 - 1080, 2400) eb=Rect(0, 0 - 1080, 2400) epz=Point(1080, 2400) d=0}
02-19 13:30:11.975  4449  4467 V WindowManagerShell:     ]}
02-19 13:30:11.984  4449  4467 V WindowManagerShell: Playing animation for (#413) android.os.BinderProxy@ad2c47a@0
02-19 13:30:11.985  4449  4467 V ShellRecents: RecentsTransitionHandler.startAnimation: no controller found
02-19 13:30:11.985  4449  4467 V WindowManagerShell: Transition doesn't have explicit remote, search filters for match for {id=413 t=OPEN f=0x0 trk=0 r=[0@Point(0, 0)] c=[{m=TO_FRONT f=MOVE_TO_TOP leash=Surface(name=Task=56)/@0x529401e sb=Rect(0, 0 - 1080, 2400) eb=Rect(0, 0 - 1080, 2400) epz=Point(1080, 2400) d=0 taskParent=-1},{m=TO_BACK f=SHOW_WALLPAPER leash=Surface(name=Task=1)/@0x94da0ff sb=Rect(0, 0 - 1080, 2400) eb=Rect(0, 0 - 1080, 2400) epz=Point(1080, 2400) d=0 taskParent=-1},{m=TO_BACK f=IS_WALLPAPER leash=Surface(name=WallpaperWindowToken{35e0c0f showWhenLocked=false})/@0x1556ecc sb=Rect(0, 0 - 1080, 2400) eb=Rect(0, 0 - 1080, 2400) epz=Point(1080, 2400) d=0}]}
02-19 13:30:11.985  4449  4467 V WindowManagerShell:  Checking filter Pair{{types=[] flags=0x0] notFlags=0x0 checks=[{atype=undefined independent=true modes=[CLOSE,TO_BACK] flags=IN_TASK_WITH_EMBEDDED_ACTIVITY mustBeTask=false order=ANY topActivity=null launchCookie=null taskFragmentToken=android.os.BinderProxy@268473d windowingMode=undefined}]} RemoteTransition { remoteTransition = android.window.IRemoteTransition$Stub$Proxy@2491b32, appThread = android.app.IApplicationThread$Stub$Proxy@a160083, debugName = overlayBackTransition }}
02-19 13:30:11.985  4449  4467 V WindowManagerShell:  Checking filter Pair{{types=[] flags=0x0] notFlags=0x0 checks=[{atype=dream independent=true modes=[OPEN,TO_FRONT] flags=NONE mustBeTask=false order=ANY topActivity=null launchCookie=null windowingMode=undefined},{atype=home independent=true modes=[CLOSE,TO_BACK] flags=NONE mustBeTask=false order=ANY topActivity=null launchCookie=null windowingMode=undefined}]} RemoteTransition { remoteTransition = android.window.IRemoteTransition$Stub$Proxy@7d85200, appThread = android.app.IApplicationThread$Stub$Proxy@c171a39, debugName = LauncherToDream }}
02-19 13:30:11.985  4449  4467 V WindowManagerShell:  Checking filter Pair{{types=[] flags=0x0] notFlags=0x100 checks=[{atype=home independent=true modes=[OPEN,TO_FRONT] flags=NONE mustBeTask=false order=TOP topActivity=ComponentInfo{com.google.android.apps.nexuslauncher/com.google.android.apps.nexuslauncher.NexusLauncherActivity} launchCookie=null windowingMode=undefined},{atype=standard independent=true modes=[CLOSE,TO_BACK] flags=NONE mustBeTask=false order=ANY topActivity=null launchCookie=null windowingMode=undefined},{NOT atype=undefined independent=true modes=[] flags=NONE mustBeTask=true order=ANY topActivity=null launchCookie=null customAnim=true windowingMode=undefined}]} RemoteTransition { remoteTransition = android.window.IRemoteTransition$Stub$Proxy@e9b87e, appThread = android.app.IApplicationThread$Stub$Proxy@92e21df, debugName = QuickstepLaunchHome }}
02-19 13:30:11.985  4449  4467 V WindowManagerShell:  Checking filter Pair{{types=[] flags=0x0] notFlags=0x0 checks=[{atype=undefined independent=true modes=[CLOSE,TO_BACK] flags=IN_TASK_WITH_EMBEDDED_ACTIVITY mustBeTask=false order=ANY topActivity=null launchCookie=null taskFragmentToken=android.os.BinderProxy@268473d windowingMode=undefined}]} RemoteTransition { remoteTransition = android.window.IRemoteTransition$Stub$Proxy@2767ac7, appThread = android.app.IApplicationThread$Stub$Proxy@2c518f4, debugName = overlayBackTransition }}
02-19 13:30:11.986  4449  4467 V WindowManagerShell:  Checking filter Pair{{types=[] flags=0x0] notFlags=0x0 checks=[{atype=dream independent=true modes=[OPEN,TO_FRONT] flags=NONE mustBeTask=false order=ANY topActivity=null launchCookie=null windowingMode=undefined},{atype=home independent=true modes=[CLOSE,TO_BACK] flags=NONE mustBeTask=false order=ANY topActivity=null launchCookie=null windowingMode=undefined}]} RemoteTransition { remoteTransition = android.window.IRemoteTransition$Stub$Proxy@c3e281d, appThread = android.app.IApplicationThread$Stub$Proxy@a1e1a92, debugName = LauncherToDream }}
02-19 13:30:11.986  4449  4467 V WindowManagerShell:  Checking filter Pair{{types=[] flags=0x0] notFlags=0x100 checks=[{atype=home independent=true modes=[OPEN,TO_FRONT] flags=NONE mustBeTask=false order=TOP topActivity=ComponentInfo{com.google.android.apps.nexuslauncher/com.google.android.apps.nexuslauncher.NexusLauncherActivity} launchCookie=null windowingMode=undefined},{atype=standard independent=true modes=[CLOSE,TO_BACK] flags=NONE mustBeTask=false order=ANY topActivity=null launchCookie=null windowingMode=undefined},{NOT atype=undefined independent=true modes=[] flags=NONE mustBeTask=true order=ANY topActivity=null launchCookie=null customAnim=true windowingMode=undefined}]} RemoteTransition { remoteTransition = android.window.IRemoteTransition$Stub$Proxy@9d5fc63, appThread = android.app.IApplicationThread$Stub$Proxy@a94d060, debugName = QuickstepLaunchHome }}
02-19 13:30:11.986  4449  4467 V WindowManagerShell:  Delegate animation for (#413) to null
02-19 13:30:11.986  4449  4467 V WindowManagerShell: start default transition animation, info = {id=413 t=OPEN f=0x0 trk=0 r=[0@Point(0, 0)] c=[{m=TO_FRONT f=MOVE_TO_TOP leash=Surface(name=Task=56)/@0x529401e sb=Rect(0, 0 - 1080, 2400) eb=Rect(0, 0 - 1080, 2400) epz=Point(1080, 2400) d=0 taskParent=-1},{m=TO_BACK f=SHOW_WALLPAPER leash=Surface(name=Task=1)/@0x94da0ff sb=Rect(0, 0 - 1080, 2400) eb=Rect(0, 0 - 1080, 2400) epz=Point(1080, 2400) d=0 taskParent=-1},{m=TO_BACK f=IS_WALLPAPER leash=Surface(name=WallpaperWindowToken{35e0c0f showWhenLocked=false})/@0x1556ecc sb=Rect(0, 0 - 1080, 2400) eb=Rect(0, 0 - 1080, 2400) epz=Point(1080, 2400) d=0}]}
02-19 13:30:11.986  4449  4467 V WindowManagerShell: loadAnimation: anim=android.view.animation.AnimationSet@9a5402a animAttr=0x13 type=OPEN isEntrance=false
02-19 13:30:11.987  4449  4467 V WindowManagerShell: loadAnimation: anim=android.view.animation.AnimationSet@f654e1b animAttr=0x12 type=OPEN isEntrance=true
02-19 13:30:11.990  4449  4467 V WindowManagerShell:  animated by com.android.wm.shell.transition.DefaultTransitionHandler@f74d823
02-19 13:30:12.122 32388 32393 I blica.toss.test: CollectorTransition concurrent mark compact GC freed 8361KB AllocSpace bytes, 12(304KB) LOS objects, 47% free, 26MB/50MB, paused 131.545ms,9.529ms total 815.929ms
02-19 13:30:12.285  4449  4467 V WindowManagerShell: Transition animation finished (aborted=false), notifying core (#413) android.os.BinderProxy@ad2c47a@0
02-19 13:30:12.290   752   794 V WindowManager: Finish Transition (#413): created at 02-19 13:30:11.477 collect-started=0.082ms request-sent=24.939ms started=34.004ms ready=291.767ms sent=494.5ms commit=50.405ms finished=809.792ms
02-19 13:30:12.296   617   617 D VRI[NexusLauncherActivity]: visibilityChanged oldVisibility=true newVisibility=false
02-19 13:30:12.301  4449  4467 V WindowManagerShell: Track 0 became idle
02-19 13:30:12.301  4449  4467 V WindowManagerShell: All active transition animations finished
02-19 13:30:12.311   617   617 D NexusLauncherModelDelegate: notifySmartspaceEvent: SmartspaceTargetEvent{mSmartspaceTarget=null, mSmartspaceActionId='null', mEventType=7}
02-19 13:30:12.843 32388 32388 I blica.toss.test: AssetManager2(0x7d8fac5f3198) locale list changing from [] to [en-US]
02-19 13:30:13.190 32388 32388 I Choreographer: Skipped 36 frames!  The application may be doing too much work on its main thread.
02-19 13:30:13.229 32388  2756 W okhttp.OkHttpClient: A connection to http://localhost:8081/ was leaked. Did you forget to close a response body? To see where this was allocated, set the OkHttpClient logger level to FINE: Logger.getLogger(OkHttpClient.class.getName()).setLevel(Level.FINE);
02-19 13:30:13.331   752   779 D CoreBackPreview: Window{277ba7f u0 viva.republica.toss.test/im.toss.rn.granite.core.GraniteActivity}: Setting back callback OnBackInvokedCallbackInfo{mCallback=android.window.IOnBackInvokedCallback$Stub$Proxy@f85fa95, mPriority=0, mIsAnimationCallback=false, mOverrideBehavior=0}
02-19 13:30:13.332 32388 32388 W unknown:ReactRootView: Unable to update root layout specs for uninitialized ReactInstanceManager
02-19 13:30:13.412   752   794 I ActivityTaskManager: Displayed viva.republica.toss.test/im.toss.rn.granite.core.GraniteActivity for user 0: +1s987ms
02-19 13:30:13.422   752  1095 D BackgroundInstallControlService: Package event received: 0
02-19 13:30:13.448 32388  2722 I HWUI    : Davey! duration=819ms; Flags=1, FrameTimelineVsyncId=1388340, IntendedVsync=86886422131400, Vsync=86887022131376, InputEventId=0, HandleInputStart=86887042753097, AnimationStart=86887042754826, PerformTraversalsStart=86887054130043, DrawStart=86887220064036, FrameDeadline=86886438798066, FrameStartTime=86887036662404, FrameInterval=16666666, WorkloadTarget=16666666, SyncQueued=86887220363564, SyncStart=86887220802377, IssueDrawCommandsStart=86887221046806, SwapBuffers=86887221441279, FrameCompleted=86887242354202, DequeueBufferDuration=10805, QueueBufferDuration=3490357, GpuCompleted=86887242223813, SwapBuffersCompleted=86887242354202, DisplayPresentTime=29, CommandSubmissionCompleted=86887221441279, 
02-19 13:30:13.759  4449  4474 W WindowOnBackDispatcher: sendCancelIfRunning: isInProgress=false callback=android.view.ViewRootImpl$$ExternalSyntheticLambda13@7dfb807
02-19 13:30:13.759   752  1454 D CoreBackPreview: Window{3103e25 u0 Splash Screen viva.republica.toss.test EXITING}: Setting back callback null
02-19 13:30:13.782 32388  2787 W unknown:ReconnectingWebSocket: Couldn't connect to "ws://10.0.2.2:8081/message?device=sdk_gphone64_x86_64%20-%2016%20-%20API%2036&app=viva.republica.toss.test&clientid=BridgeDevSupportManager", will silently retry
02-19 13:30:13.787   617   617 D BaseDepthController: setSurface:
02-19 13:30:13.787   617   617 D BaseDepthController: 	mWaitingOnSurfaceValidity: false
02-19 13:30:13.787   617   617 D BaseDepthController: 	mBaseSurface: null
02-19 13:30:13.788   617   617 D BaseDepthController: mSurface is null and mCurrentBlur is: 0
02-19 13:30:13.795   752   989 I ImeTracker: viva.republica.toss.test:6ca1e499: onRequestHide at ORIGIN_SERVER reason HIDE_UNSPECIFIED_WINDOW fromUser false
02-19 13:30:13.800 32388 32388 D InsetsController: hide(ime(), fromIme=false)
02-19 13:30:13.819 32388  2788 W unknown:InspectorPackagerConnection: Couldn't connect to packager, will silently retry
02-19 13:30:13.820 32388 32388 I ImeTracker: viva.republica.toss.test:6ca1e499: onCancelled at PHASE_CLIENT_ALREADY_HIDDEN
02-19 13:30:13.820   617   617 D StateManager: goToState - fromState: Normal, toState: Normal, partial trace:
02-19 13:30:13.820   617   617 D StateManager: 	at com.android.launcher3.statemanager.StateManager.moveToRestState(go/retraceme 72a59688580715d19f0e415c69e80376c2f062d1648c80db6730905005a27c20:4)
02-19 13:30:13.820   617   617 D StateManager: 	at com.android.launcher3.statemanager.StateManager.moveToRestState(go/retraceme 72a59688580715d19f0e415c69e80376c2f062d1648c80db6730905005a27c20:1)
02-19 13:30:13.820   617   617 D StateManager: 	at com.android.launcher3.statemanager.StatefulActivity.onStop(go/retraceme 72a59688580715d19f0e415c69e80376c2f062d1648c80db6730905005a27c20:34)
02-19 13:30:13.820  1563  1563 I GoogleInputMethodService: GoogleInputMethodService.onFinishInput():2043 
02-19 13:30:13.821   617   617 D StatsLog: LAUNCHER_ONSTOP
02-19 13:30:13.821  1563  1563 I Module  : DeviceLockedStatusModuleProvider$Module.updateDeviceLockedStatus():100 repeatCheckTimes = 0, locked = false
02-19 13:30:13.822  1563  1563 I GoogleInputMethodService: GoogleInputMethodService.onStartInput():1293 onStartInput(EditorInfo{EditorInfo{packageName=viva.republica.toss.test, inputType=0, inputTypeString=NULL, enableLearning=false, autoCorrection=false, autoComplete=false, imeOptions=0, privateImeOptions=null, actionName=UNSPECIFIED, actionLabel=null, initialSelStart=-1, initialSelEnd=-1, initialCapsMode=0, label=null, fieldId=0, fieldName=null, extras=null, hintText=null, hintLocales=[]}}, false)
02-19 13:30:13.822   617   617 D StatsLog: LAUNCHER_GOOGLE_SEARCH_RESTORE_LIST_SIZE_AFTER_ACTIVITY_RESTART
02-19 13:30:13.822   752  1509 I ImeTracker: system_server:6771f6da: onRequestHide at ORIGIN_SERVER reason IME_REQUESTED_CHANGED_LISTENER fromUser false
02-19 13:30:13.824  1563  1563 I Module  : DeviceLockedStatusModuleProvider$Module.updateDeviceLockedStatus():100 repeatCheckTimes = 1, locked = false
02-19 13:30:13.825   752   797 I ImeTracker: system_server:6771f6da: onCancelled at PHASE_SERVER_SHOULD_HIDE
02-19 13:30:13.826  1563  1563 I EmojiCompatManager: EmojiCompatManager.getEmojiCompatIfLoaded():343 EmojiCompat.init() was never called.
02-19 13:30:13.826  1563  1563 I EmojiCompatManager: java.lang.IllegalStateException: EmojiCompat is not initialized. Please call EmojiCompat.init() first
02-19 13:30:13.826  1563  1563 I EmojiCompatManager: 	at asx.p(PG:6)
02-19 13:30:13.826  1563  1563 I EmojiCompatManager: 	at axb.b(PG:13)
02-19 13:30:13.826  1563  1563 I EmojiCompatManager: 	at jnr.b(PG:2)
02-19 13:30:13.826  1563  1563 I EmojiCompatManager: 	at jnr.c(PG:4)
02-19 13:30:13.826  1563  1563 I EmojiCompatManager: 	at jnr.f(PG:3)
02-19 13:30:13.826  1563  1563 I EmojiCompatManager: 	at jnx.c(PG:3)
02-19 13:30:13.826  1563  1563 I EmojiCompatManager: 	at kif.cz(PG:47)
02-19 13:30:13.826  1563  1563 I EmojiCompatManager: 	at lhl.run(PG:1025)
02-19 13:30:13.826  1563  1563 I EmojiCompatManager: 	at jaf.execute(PG:12)
02-19 13:30:13.826  1563  1563 I EmojiCompatManager: 	at nco.v(PG:13)
02-19 13:30:13.826  1563  1563 I EmojiCompatManager: 	at lhn.m(PG:96)
02-19 13:30:13.826  1563  1563 I EmojiCompatManager: 	at lhn.k(PG:25)
02-19 13:30:13.826  1563  1563 I EmojiCompatManager: 	at kgn.onStartInput(PG:250)
02-19 13:30:13.826  1563  1563 I EmojiCompatManager: 	at android.inputmethodservice.InputMethodService.doStartInput(InputMethodService.java:3521)
02-19 13:30:13.826  1563  1563 I EmojiCompatManager: 	at android.inputmethodservice.InputMethodService$InputMethodImpl.startInput(InputMethodService.java:879)
02-19 13:30:13.826  1563  1563 I EmojiCompatManager: 	at android.inputmethodservice.InputMethodService$InputMethodImpl.dispatchStartInput(InputMethodService.java:908)
02-19 13:30:13.826  1563  1563 I EmojiCompatManager: 	at android.inputmethodservice.IInputMethodWrapper.executeMessage(IInputMethodWrapper.java:201)
02-19 13:30:13.826  1563  1563 I EmojiCompatManager: 	at com.android.internal.os.HandlerCaller$MyHandler.handleMessage(HandlerCaller.java:44)
02-19 13:30:13.826  1563  1563 I EmojiCompatManager: 	at android.os.Handler.dispatchMessage(Handler.java:110)
02-19 13:30:13.826  1563  1563 I EmojiCompatManager: 	at android.os.Looper.loopOnce(Looper.java:248)
02-19 13:30:13.826  1563  1563 I EmojiCompatManager: 	at android.os.Looper.loop(Looper.java:338)
02-19 13:30:13.826  1563  1563 I EmojiCompatManager: 	at android.app.ActivityThread.main(ActivityThread.java:9067)
02-19 13:30:13.826  1563  1563 I EmojiCompatManager: 	at java.lang.reflect.Method.invoke(Native Method)
02-19 13:30:13.826  1563  1563 I EmojiCompatManager: 	at com.android.internal.os.RuntimeInit$MethodAndArgsCaller.run(RuntimeInit.java:593)
02-19 13:30:13.826  1563  1563 I EmojiCompatManager: 	at com.android.internal.os.ZygoteInit.main(ZygoteInit.java:932)
02-19 13:30:13.827   752  1987 W PackageConfigPersister: App-specific configuration not found for packageName: viva.republica.toss.test and userId: 0
02-19 13:30:13.844   752  1095 D BackgroundInstallControlService: Package event received: 0
02-19 13:30:14.152 32388 32388 E unknown:ReactRootView: Unhandled SoftException
02-19 13:30:14.152 32388 32388 E unknown:ReactRootView: com.facebook.react.uimanager.IllegalViewOperationException: Trying to attach a ReactRootView with an explicit id already set to [2131362676]. React Native uses the id field to track react tags and will overwrite this field. If that is fine, explicitly overwrite the id field to View.NO_ID.
02-19 13:30:14.152 32388 32388 E unknown:ReactRootView: 	at com.facebook.react.ReactRootView.attachToReactInstanceManager(:799)
02-19 13:30:14.152 32388 32388 E unknown:ReactRootView: 	at com.facebook.react.ReactRootView.startReactApplication(:509)
02-19 13:30:14.152 32388 32388 E unknown:ReactRootView: 	at com.facebook.react.ReactRootView.startReactApplication(:469)
02-19 13:30:14.152 32388 32388 E unknown:ReactRootView: 	at im.toss.rn.granite.core.GraniteActivity.write(:486)
02-19 13:30:14.152 32388 32388 E unknown:ReactRootView: 	at im.toss.rn.granite.core.GraniteActivity.RemoteActionCompatParcelizer(:124)
02-19 13:30:14.152 32388 32388 E unknown:ReactRootView: 	at im.toss.rn.granite.core.GraniteActivity$RemoteActionCompatParcelizer.IconCompatParcelizer(:65353)
02-19 13:30:14.152 32388 32388 E unknown:ReactRootView: 	at o.sh.a_(:33)
02-19 13:30:14.152 32388 32388 E unknown:ReactRootView: 	at o.xP.run(:100)
02-19 13:30:14.152 32388 32388 E unknown:ReactRootView: 	at android.os.Handler.handleCallback(Handler.java:995)
02-19 13:30:14.152 32388 32388 E unknown:ReactRootView: 	at android.os.Handler.dispatchMessage(Handler.java:103)
02-19 13:30:14.152 32388 32388 E unknown:ReactRootView: 	at android.os.Looper.loopOnce(Looper.java:248)
02-19 13:30:14.152 32388 32388 E unknown:ReactRootView: 	at android.os.Looper.loop(Looper.java:338)
02-19 13:30:14.152 32388 32388 E unknown:ReactRootView: 	at android.app.ActivityThread.main(ActivityThread.java:9067)
02-19 13:30:14.152 32388 32388 E unknown:ReactRootView: 	at java.lang.reflect.Method.invoke(Native Method)
02-19 13:30:14.152 32388 32388 E unknown:ReactRootView: 	at com.android.internal.os.RuntimeInit$MethodAndArgsCaller.run(RuntimeInit.java:593)
02-19 13:30:14.152 32388 32388 E unknown:ReactRootView: 	at com.android.internal.os.ZygoteInit.main(ZygoteInit.java:932)
02-19 13:30:14.248   752  1987 D CoreBackPreview: Window{8e20fb2 u0 PopupWindow:9b77c92}: Setting back callback OnBackInvokedCallbackInfo{mCallback=android.window.IOnBackInvokedCallback$Stub$Proxy@8a99a80, mPriority=0, mIsAnimationCallback=false, mOverrideBehavior=0}
02-19 13:30:15.026   752  1856 E TaskPersister: File error accessing recents directory (directory doesn't exist?).
02-19 13:30:16.179  2796  2796 W dumpsys : Thread Pool max thread count is 0. Cannot cache binder as linkToDeath cannot be implemented. serviceName: window
02-19 13:30:16.490 32388 32388 W WindowOnBackDispatcher: sendCancelIfRunning: isInProgress=false callback=android.view.ViewRootImpl$$ExternalSyntheticLambda13@8847319
02-19 13:30:17.149   752  1021 D NetworkStatsObservers: Registering observer for RequestInfo from pid/uid:752/1000(android) for DataUsageRequest [ requestId=49, networkTemplate=NetworkTemplate: matchRule=MOBILE, matchSubscriberIds=[310260...], matchWifiNetworkKeys=[], metered=YES, defaultNetwork=NO, thresholdInBytes=3923543 ] accessLevel:3
02-19 13:30:17.149   752  1156 D NetworkStatsObservers: Unregistering RequestInfo from pid/uid:752/1000(android) for DataUsageRequest [ requestId=48, networkTemplate=NetworkTemplate: matchRule=MOBILE, matchSubscriberIds=[310260...], matchWifiNetworkKeys=[], metered=YES, defaultNetwork=NO, thresholdInBytes=3924119 ] accessLevel:3
02-19 13:30:17.433   752  2505 I system_server: AssetManager2(0x7d8fac4a09f8) locale list changing from [] to [en-US]
02-19 13:30:17.486   752  2505 I system_server: AssetManager2(0x7d8fac4928f8) locale list changing from [] to [en-US]
02-19 13:30:17.546   752  2505 I system_server: AssetManager2(0x7d8fac4957d8) locale list changing from [] to [en-US]
02-19 13:30:17.661   752  2505 I system_server: AssetManager2(0x7d8fac4973f8) locale list changing from [] to [en-US]
02-19 13:30:17.702   752  2505 I system_server: AssetManager2(0x7d8fac49db18) locale list changing from [] to [en-US]
02-19 13:30:18.052   752  2505 I system_server: AssetManager2(0x7d8fac507f18) locale list changing from [] to [en-US]
02-19 13:30:18.169   752   969 D ActivityManager: freezing 31848 com.android.settings
02-19 13:30:18.463   752  1987 D CoreBackPreview: Window{8e20fb2 u0 PopupWindow:9b77c92}: Setting back callback null
02-19 13:30:18.470 32388 32388 I Choreographer: Skipped 118 frames!  The application may be doing too much work on its main thread.
02-19 13:30:19.096   752  2505 W InputDispatcher: Excessive delay in interceptKeyBeforeQueueing; took 57 ms
02-19 13:30:19.303   752   981 W InputDispatcher: Excessive delay in interceptKeyBeforeDispatching; took 205 ms
02-19 13:30:19.315   617   862 D OverviewCommandHelper: command added: CommandInfo(type=TOGGLE, status=IDLE, createTime=86893161, animationCallbacks=null, displayId=0, isLastOfBatch=true)
02-19 13:30:19.315   617   862 D OverviewCommandHelper: execute: CommandInfo(type=TOGGLE, status=IDLE, createTime=86893161, animationCallbacks=null, displayId=0, isLastOfBatch=true) - queue size: 1
02-19 13:30:19.316   617   617 D OverviewCommandHelper: executing command: CommandInfo(type=TOGGLE, status=PROCESSING, createTime=86893161, animationCallbacks=null, displayId=0, isLastOfBatch=true)
02-19 13:30:19.318   617   617 D OverviewCommandHelper: executeCommand: CommandInfo(type=TOGGLE, status=PROCESSING, createTime=86893161, animationCallbacks=null, displayId=0, isLastOfBatch=true) - visibleRecentsView: null
02-19 13:30:19.319   617   617 D OverviewCommandHelper: Querying TaskbarManager for TaskbarUIController for display: 0
02-19 13:30:19.319   617   617 D OverviewCommandHelper: TaskbarUIController for display 0 was found
02-19 13:30:19.329   617   617 D ContextTracker: Registering callback: com.android.launcher3.LauncherInitListener@a2e78c6, reason=OverviewCommandHelper: command.type=TOGGLE
02-19 13:30:19.331   617   617 D RecentsView: onGestureAnimationStart - groupedTaskInfo: Desk ID= -1, Desk Display ID=-1, Tasks=[id=56 winMode=fullscreen visReq=true vis=true excluded=false baseIntent=viva.republica.toss.test/.MiniAppSchemeActivity], Type=FULLSCREEN, Minimized Task IDs=null
02-19 13:30:19.332   617   617 D RecentsView: showCurrentTask(onGestureAnimationStart) - groupedTaskInfo: Desk ID= -1, Desk Display ID=-1, Tasks=[id=56 winMode=fullscreen visReq=true vis=true excluded=false baseIntent=viva.republica.toss.test/.MiniAppSchemeActivity], Type=FULLSCREEN, Minimized Task IDs=null
02-19 13:30:19.333   617   617 D OverviewActionsView: updateForGroupedTask() called with: isGroupedTask = [false], canSaveAppPair = [false]
02-19 13:30:19.333   617   617 D OverviewActionsView: updateActionButtonsVisibility() called: showSingleTaskActions = [true], showGroupActions = [false]
02-19 13:30:19.335   617   617 D RecentsView: reloadIfNeeded - getTasks: 78
02-19 13:30:19.337   617   617 D RecentsView: onGestureAnimationStart - groupedTaskInfo: Desk ID= -1, Desk Display ID=-1, Tasks=[id=56 winMode=fullscreen visReq=true vis=true excluded=false baseIntent=viva.republica.toss.test/.MiniAppSchemeActivity], Type=FULLSCREEN, Minimized Task IDs=null
02-19 13:30:19.338   617   617 D RecentsView: showCurrentTask(onGestureAnimationStart) - groupedTaskInfo: Desk ID= -1, Desk Display ID=-1, Tasks=[id=56 winMode=fullscreen visReq=true vis=true excluded=false baseIntent=viva.republica.toss.test/.MiniAppSchemeActivity], Type=FULLSCREEN, Minimized Task IDs=null
02-19 13:30:19.338  4449  4449 I vol.VolumeDialogImpl: mDialog.dismiss() reason: volume_controller from: com.android.systemui.volume.VolumeDialogImpl$7.onDismissRequested:3
02-19 13:30:19.338   617   617 D OverviewActionsView: updateForGroupedTask() called with: isGroupedTask = [false], canSaveAppPair = [false]
02-19 13:30:19.338   617   617 D OverviewActionsView: updateActionButtonsVisibility() called: showSingleTaskActions = [true], showGroupActions = [false]
02-19 13:30:19.340   617   617 D RecentsView: reloadIfNeeded - task list still valid: 78
02-19 13:30:19.340   617   617 D OverviewCommandHelper: switching via recents animation - onGestureStarted: CommandInfo(type=TOGGLE, status=PROCESSING, createTime=86893161, animationCallbacks=com.android.quickstep.RecentsAnimationCallbacks@1ecd968, displayId=0, isLastOfBatch=true)
02-19 13:30:19.341   617   617 D OverviewCommandHelper: command executed: CommandInfo(type=TOGGLE, status=PROCESSING, createTime=86893161, animationCallbacks=com.android.quickstep.RecentsAnimationCallbacks@1ecd968, displayId=0, isLastOfBatch=true) with result: false
02-19 13:30:19.341   617   617 D OverviewCommandHelper: waiting for command callback: CommandInfo(type=TOGGLE, status=PROCESSING, createTime=86893161, animationCallbacks=com.android.quickstep.RecentsAnimationCallbacks@1ecd968, displayId=0, isLastOfBatch=true)
02-19 13:30:19.343  4449  4467 V ShellRecents: RecentsTransitionHandler.startRecentsTransition
02-19 13:30:19.349  4449  4467 V WindowManagerShell: Directly starting a new transition type=TO_FRONT wct=WindowContainerTransaction { changes= {} hops= [{pendingIntent: options=Bundle[{android.activity.splashScreenStyle=-1, android.activity.sourceInfo=Supplier{VAL_PARCELABLE@148+104}, android.pendingIntent.backgroundActivityAllowed=3, android:activity.animAbortListener=null, android.activity.transientLaunch=true}]}] errorCallbackToken=null taskFragmentOrganizer=null } handler=com.android.wm.shell.recents.RecentsTransitionHandler@bc47314
02-19 13:30:19.350   617   617 D RecentsView: applyLoadPlan - taskGroups: [type=SINGLE task=[id=12 windowingMode=0 user=0 lastActiveTime=89737] null, type=SINGLE task=[id=49 windowingMode=1 user=0 lastActiveTime=83987405] null, type=SINGLE task=[id=56 windowingMode=1 user=0 lastActiveTime=86885546] null]
02-19 13:30:19.362   531   531 I BpBinder: onLastStrongRef automatically unlinking death recipients: 
02-19 13:30:19.368   531   602 I BpBinder: onLastStrongRef automatically unlinking death recipients: 
02-19 13:30:19.371  4449  4449 I vol.VolumeDialogImpl: mDialog.dismiss() reason: volume_controller from: com.android.systemui.volume.VolumeDialogImpl$7.onDismissRequested:3
02-19 13:30:19.372  4449  4449 D vol.VolumeDialogImpl: dismissH: skipping dismiss because isAnimatingDismiss is true and showingStateInconsistent is false
02-19 13:30:19.385   617   617 D ViewRootImpl: Skipping stats log for color mode
02-19 13:30:19.389   617   617 D StateManager: goToState - fromState: Normal, toState: Background, partial trace:
02-19 13:30:19.389   617   617 D StateManager: 	at com.android.quickstep.BaseActivityInterface$DefaultAnimationFactory.initBackgroundStateUI(go/retraceme 72a59688580715d19f0e415c69e80376c2f062d1648c80db6730905005a27c20:39)
02-19 13:30:19.389   617   617 D StateManager: 	at com.android.quickstep.LauncherActivityInterface.prepareRecentsUI(go/retraceme 72a59688580715d19f0e415c69e80376c2f062d1648c80db6730905005a27c20:9)
02-19 13:30:19.389   617   617 D StateManager: 	at com.android.quickstep.AbsSwipeUpHandler.lambda$onLauncherStart$7(go/retraceme 72a59688580715d19f0e415c69e80376c2f062d1648c80db6730905005a27c20:11)
02-19 13:30:19.390  4449  4467 V ShellRecents: [76137959] RecentsController.setTransition: id=android.os.BinderProxy@56cc7a6
02-19 13:30:19.390   617   617 D StateManager: onStateTransitionStart - state: Background
02-19 13:30:19.397   752  1095 D BackgroundInstallControlService: Package event received: 0
02-19 13:30:19.397   752  1095 D BackgroundInstallControlService: Package event received: 0
02-19 13:30:19.397   752  1095 D BackgroundInstallControlService: Package event received: 0
02-19 13:30:19.498   617   617 D BaseDepthController: mSurface is null and mCurrentBlur is: 0
02-19 13:30:19.499   617   617 D KeyboardInsetsHandler: setState, toState:Background StateManager(mLastStableState:Normal, mCurrentStableState:Normal, mState:Background, mRestState:Normal, isInTransition:false)
02-19 13:30:19.500   617   617 D StateManager: onStateTransitionEnd - state: Background
02-19 13:30:19.505   617   617 D RecentsView: updateTaskStackListenerState: true
02-19 13:30:19.506   617   617 D RecentsView: reloadIfNeeded - task list still valid: 78
02-19 13:30:19.506   617   617 D NexusLauncherModelDelegate: notifySmartspaceEvent: SmartspaceTargetEvent{mSmartspaceTarget=null, mSmartspaceActionId='null', mEventType=6}
02-19 13:30:19.517   617   617 D BaseDepthController: setSurface:
02-19 13:30:19.517   617   617 D BaseDepthController: 	mWaitingOnSurfaceValidity: false
02-19 13:30:19.517   617   617 D BaseDepthController: 	mBaseSurface: Surface(name=com.google.android.apps.nexuslauncher/com.google.android.apps.nexuslauncher.NexusLauncherActivity)/@0x2710b18
02-19 13:30:19.546   617   617 D ActivityAllAppsContainerView: rebindAdapters: force: false
02-19 13:30:19.546   617   617 D ActivityAllAppsContainerView: rebindAdapters: Not needed.
02-19 13:30:19.552   531   531 I BpBinder: onLastStrongRef automatically unlinking death recipients: 
02-19 13:30:19.556  4449 22842 V WindowManagerShell: onTransitionReady(transaction=3229815418884)
02-19 13:30:19.556  4449  4467 V WindowManagerShell: onTransitionReady (#414) android.os.BinderProxy@56cc7a6: {id=414 t=TO_FRONT f=0x80 trk=0 r=[0@Point(0, 0)] c=[
02-19 13:30:19.556  4449  4467 V WindowManagerShell:         {m=TO_FRONT f=SHOW_WALLPAPER|MOVE_TO_TOP leash=Surface(name=Task=1)/@0x9fd594 sb=Rect(0, 0 - 1080, 2400) eb=Rect(0, 0 - 1080, 2400) epz=Point(1080, 2400) d=0 taskParent=-1},
02-19 13:30:19.556  4449  4467 V WindowManagerShell:         {m=TO_BACK f=NONE leash=Surface(name=Task=56)/@0xb99383d sb=Rect(0, 0 - 1080, 2400) eb=Rect(0, 0 - 1080, 2400) epz=Point(1080, 2400) d=0 taskParent=-1},
02-19 13:30:19.556  4449  4467 V WindowManagerShell:         {m=TO_FRONT f=IS_WALLPAPER leash=Surface(name=WallpaperWindowToken{35e0c0f showWhenLocked=false})/@0xb8db832 sb=Rect(0, 0 - 1080, 2400) eb=Rect(0, 0 - 1080, 2400) epz=Point(1080, 2400) d=0}
02-19 13:30:19.556  4449  4467 V WindowManagerShell:     ]}
02-19 13:30:19.557  4449  4467 V WindowManagerShell: Playing animation for (#414) android.os.BinderProxy@56cc7a6@0
02-19 13:30:19.557  4449  4467 V WindowManagerShell:  try firstHandler com.android.wm.shell.recents.RecentsTransitionHandler@bc47314
02-19 13:30:19.557  4449  4467 V ShellRecents: [76137959] RecentsController.start
02-19 13:30:19.561   752   797 W IPCThreadState: Sending oneway calls to frozen process.
02-19 13:30:19.561   752   797 W IPCThreadState: Sending oneway calls to frozen process.
02-19 13:30:19.561   752   797 W IPCThreadState: Sending oneway calls to frozen process.
02-19 13:30:19.561   752   797 W IPCThreadState: Sending oneway calls to frozen process.
02-19 13:30:19.561   752   797 W IPCThreadState: Sending oneway calls to frozen process.
02-19 13:30:19.561   752   797 W IPCThreadState: Sending oneway calls to frozen process.
02-19 13:30:19.561   752   797 W IPCThreadState: Sending oneway calls to frozen process.
02-19 13:30:19.561   752   797 W IPCThreadState: Sending oneway calls to frozen process.
02-19 13:30:19.561   752   797 W IPCThreadState: Sending oneway calls to frozen process.
02-19 13:30:19.561   752   797 W IPCThreadState: Sending oneway calls to frozen process.
02-19 13:30:19.562   752   797 W IPCThreadState: Sending oneway calls to frozen process.
02-19 13:30:19.562   752   797 W IPCThreadState: Sending oneway calls to frozen process.
02-19 13:30:19.562   752   797 W IPCThreadState: Sending oneway calls to frozen process.
02-19 13:30:19.563   752   797 W IPCThreadState: Sending oneway calls to frozen process.
02-19 13:30:19.563   752   797 W IPCThreadState: Sending oneway calls to frozen process.
02-19 13:30:19.564   752   797 W IPCThreadState: Sending oneway calls to frozen process.
02-19 13:30:19.564   752   797 W IPCThreadState: Sending oneway calls to frozen process.
02-19 13:30:19.564   752   797 W IPCThreadState: Sending oneway calls to frozen process.
02-19 13:30:19.565   752   797 W ProcessStats: Tracking association SourceState{1b917ca system/1000 BFgs #15842} whose proc state 4 is better than process ProcessState{42c4ef0 com.google.android.ext.services/10208 pkg=com.google.android.ext.services} proc state 14 (15 skipped)
02-19 13:30:19.662 32388  2799 W unknown:ReactContext: initializeMessageQueueThreads() is called.
02-19 13:30:19.686  4449  4467 V ShellRecents:   not handling home taskId=1
02-19 13:30:19.691  4449  4467 V ShellRecents:   adding pausing leaf taskId=56 at layer=8
02-19 13:30:19.697  4449  4467 V ShellRecents: Applying transaction=3229815418884
02-19 13:30:19.699  4449  4467 V ShellRecents: No matching remote found to takeover (#414)
02-19 13:30:19.699 32388 32388 W unknown:ReactNative: Packager connection already open, nooping.
02-19 13:30:19.699  4449  4467 V ShellSplitScreen: getSplitBoundsForTaskId: expected split bounds for taskId=56 but not found
02-19 13:30:19.700  4449  4467 V ShellRecents: [76137959] RecentsController.start: calling onAnimationStart with 2 apps
02-19 13:30:19.703  4449  4467 V WindowManagerShell:  animated by firstHandler
02-19 13:30:19.712   617   617 D OverviewCommandHelper: recents animation started: CommandInfo(type=TOGGLE, status=PROCESSING, createTime=86893161, animationCallbacks=com.android.quickstep.RecentsAnimationCallbacks@1ecd968, displayId=0, isLastOfBatch=true)
02-19 13:30:19.714   617   617 D StatsLog: LAUNCHER_OVERVIEW_SHOW_OVERVIEW_FROM_3_BUTTON
02-19 13:30:19.715   617   617 D OverviewCommandHelper: recents animation started - onInitBackgroundStateUI: CommandInfo(type=TOGGLE, status=PROCESSING, createTime=86893161, animationCallbacks=com.android.quickstep.RecentsAnimationCallbacks@1ecd968, displayId=0, isLastOfBatch=true)
02-19 13:30:19.728 32388  2808 W unknown:ReactContext: initializeMessageQueueThreads() is called.
02-19 13:30:19.732 32388  2808 W unknown:ReactNative: Fresco has already been initialized with a different config. The new Fresco configuration will be ignored!
02-19 13:30:19.752   617   617 D RemoteTargetGluer: appCount: 1 handleLength: 4
02-19 13:30:19.752   617   617 D RemoteTargetGluer: resizing handles
02-19 13:30:19.752   617   617 D RemoteTargetGluer: containsSplitTargets? false handleLength: 1 appsLength: 1
02-19 13:30:19.755   617   617 D RecentsView: setRecentsAnimationTargets - recentsAnimationController: com.android.quickstep.RecentsAnimationController@10114e6, recentsAnimationTargets: com.android.quickstep.RecentsAnimationTargets@1b82a27
02-19 13:30:19.756   617   617 D RemoteTargetGluer: appCount: 1 handleLength: 1
02-19 13:30:19.756   617   617 D RemoteTargetGluer: containsSplitTargets? false handleLength: 1 appsLength: 1
02-19 13:30:19.759   617   617 D RecentsView: onPrepareGestureEndAnimation - endTarget: RECENTS
02-19 13:30:19.796  4449  4467 V ShellRecents: [76137959] RecentsController.setInputConsumerEnabled: set focus to recents
02-19 13:30:19.957   752   794 W Looper  : Slow dispatch took 399ms android.fg app=system_server main=false group=FOREGROUND h=android.os.Handler c=com.android.server.wm.ActivityMetricsLogger$$ExternalSyntheticLambda0@4cf354b m=0
02-19 13:30:19.958   752   794 V WindowManager: Sent Transition (#414) createdAt=02-19 13:30:19.351
02-19 13:30:19.959   752   794 V WindowManager:     startWCT=WindowContainerTransaction { changes= {} hops= [{pendingIntent: options=Bundle[{android.activity.splashScreenStyle=-1, android.activity.sourceInfo=android.app.ActivityOptions$SourceInfo@178bb28, android.pendingIntent.backgroundActivityAllowed=3, android:activity.animAbortListener=null, android.activity.transientLaunch=true}]}] errorCallbackToken=null taskFragmentOrganizer=null }
02-19 13:30:19.959   752   794 V WindowManager:     info={id=414 t=TO_FRONT f=0x80 trk=0 r=[0@Point(0, 0)] c=[
02-19 13:30:19.959   752   794 V WindowManager:         {WCT{RemoteToken{5218fe8 Task{dd43522 #1 type=home}}} m=TO_FRONT f=SHOW_WALLPAPER|MOVE_TO_TOP leash=Surface(name=Task=1)/@0x8ddbd2e sb=Rect(0, 0 - 1080, 2400) eb=Rect(0, 0 - 1080, 2400) epz=Point(1080, 2400) d=0 taskParent=-1},
02-19 13:30:19.959   752   794 V WindowManager:         {WCT{RemoteToken{29715c6 Task{fa7be33 #56 type=standard A=10217:viva.republica.toss.test}}} m=TO_BACK f=NONE leash=Surface(name=Task=56)/@0xf76b753 sb=Rect(0, 0 - 1080, 2400) eb=Rect(0, 0 - 1080, 2400) epz=Point(1080, 2400) d=0 taskParent=-1},
02-19 13:30:19.959   752   794 V WindowManager:         {m=TO_FRONT f=IS_WALLPAPER leash=Surface(name=WallpaperWindowToken{35e0c0f showWhenLocked=false})/@0x512f5be sb=Rect(0, 0 - 1080, 2400) eb=Rect(0, 0 - 1080, 2400) epz=Point(1080, 2400) d=0}
02-19 13:30:19.959   752   794 V WindowManager:     ]}
02-19 13:30:19.960   752   794 W Looper  : Slow delivery took 403ms android.fg app=system_server main=false group=FOREGROUND h=android.os.Handler c=com.android.server.wm.TransitionController$Logger@25e1041 m=0
02-19 13:30:20.323   488  1424 I RanchuHwc: logCompositionFallbackIfChanged: layer 756 CompositionType fallback from 2 to 1
02-19 13:30:20.323   488  1424 I RanchuHwc: logCompositionFallbackIfChanged: layer 757 CompositionType fallback from 2 to 1
02-19 13:30:20.327   617   617 D StateManager: goToState - fromState: Background, toState: Overview, partial trace:
02-19 13:30:20.327   617   617 D StateManager: 	at com.android.quickstep.BaseActivityInterface$DefaultAnimationFactory.lambda$createContainerInterface$0(go/retraceme 72a59688580715d19f0e415c69e80376c2f062d1648c80db6730905005a27c20:28)
02-19 13:30:20.327   617   617 D StateManager: 	at com.android.quickstep.BaseActivityInterface$DefaultAnimationFactory.a(go/retraceme 72a59688580715d19f0e415c69e80376c2f062d1648c80db6730905005a27c20:1)
02-19 13:30:20.327   617   617 D StateManager: 	at com.android.quickstep.y.run(go/retraceme 72a59688580715d19f0e415c69e80376c2f062d1648c80db6730905005a27c20:5)
02-19 13:30:20.329   617   617 D StatsLog: LAUNCHER_ONRESUME
02-19 13:30:20.335  4449  4467 D WindowManagerShell: setLauncherKeepClearAreaHeight: visible=true, height=527
02-19 13:30:20.349   617   617 D StateManager: onStateTransitionStart - state: Overview
02-19 13:30:20.356   752  1095 D BackgroundInstallControlService: Package event received: 0
02-19 13:30:20.380   617   617 D KeyboardInsetsHandler: setState, toState:Overview StateManager(mLastStableState:Normal, mCurrentStableState:Background, mState:Overview, mRestState:Normal, isInTransition:false)
02-19 13:30:20.380   537   537 W adbd    : timeout expired while flushing socket, closing
02-19 13:30:20.427   617   617 D StateManager: onStateTransitionEnd - state: Overview
02-19 13:30:20.436   617   617 I AiAiSuggestUi: Clearing suggestions.
02-19 13:30:20.436   617   617 I AiAiSuggestUi: Requesting to show indicators
02-19 13:30:20.437   617   617 I AiAiSuggestUi: Fetching contents, isPrimaryTask = true
02-19 13:30:20.475   617   617 D StatsLog: LAUNCHER_OVERVIEW_GESTURE
02-19 13:30:20.480   617   617 D OverviewCommandHelper: switching via recents animation - onTransitionComplete: CommandInfo(type=TOGGLE, status=PROCESSING, createTime=86893161, animationCallbacks=com.android.quickstep.RecentsAnimationCallbacks@1ecd968, displayId=0, isLastOfBatch=true)
02-19 13:30:20.481   617   617 D OverviewCommandHelper: command executed: CommandInfo(type=TOGGLE, status=PROCESSING, createTime=86893161, animationCallbacks=com.android.quickstep.RecentsAnimationCallbacks@1ecd968, displayId=0, isLastOfBatch=true) with result: true
02-19 13:30:20.482   617   617 D OverviewCommandHelper: command executed successfully! CommandInfo(type=TOGGLE, status=COMPLETED, createTime=86893161, animationCallbacks=com.android.quickstep.RecentsAnimationCallbacks@1ecd968, displayId=0, isLastOfBatch=true)
