02-19 13:30:20.483   617   617 D OverviewCommandHelper: no pending commands to be executed.
02-19 13:30:20.483   617   617 D ContextTracker: Unregistering callback: com.android.launcher3.LauncherInitListener@a2e78c6, reason=AbsSwipeUpHandler.invalidateHandler
02-19 13:30:20.495   617   626 I s.nexuslauncher: NativeAlloc concurrent mark compact GC freed 1666KB AllocSpace bytes, 4(208KB) LOS objects, 49% free, 6294KB/12MB, paused 2.762ms,25.093ms total 283.424ms
02-19 13:30:20.511   617   617 D OverviewActionsView: updateForGroupedTask() called with: isGroupedTask = [false], canSaveAppPair = [false]
02-19 13:30:20.512   617   617 D OverviewActionsView: updateActionButtonsVisibility() called: showSingleTaskActions = [true], showGroupActions = [false]
02-19 13:30:20.524   617   651 D QuickstepModelDelegate: notifyAppTargetEvent action=1 launchLocation=
02-19 13:30:20.539   617   617 D OverviewActionsView: updateForGroupedTask() called with: isGroupedTask = [false], canSaveAppPair = [false]
02-19 13:30:20.539   617   617 D OverviewActionsView: updateActionButtonsVisibility() called: showSingleTaskActions = [true], showGroupActions = [false]
02-19 13:30:20.539   617   617 D RecentsView: onGestureAnimationEnd - mEnableDrawingLiveTile: true
02-19 13:30:20.571   617   637 W System  : A resource failed to call release. 
02-19 13:30:20.571   617   637 W System  : A resource failed to call release. 
02-19 13:30:20.571   617   637 W System  : A resource failed to call release. 
02-19 13:30:20.571   617   637 W System  : A resource failed to call release. 
02-19 13:30:20.572   617   637 W System  : A resource failed to call release. 
02-19 13:30:20.572   617   637 W System  : A resource failed to call release. 
02-19 13:30:20.572   617   637 W System  : A resource failed to call release. 
02-19 13:30:20.572   617   637 W System  : A resource failed to call release. 
02-19 13:30:20.574   617   637 W System  : A resource failed to call release. 
02-19 13:30:20.575   617   637 W System  : A resource failed to call release. 
02-19 13:30:20.575   617   637 W System  : A resource failed to call release. 
02-19 13:30:20.578  4449   614 V ShellRecents: [76137959] RecentsController.detachNavigationBarFromApp
02-19 13:30:20.593   617   617 I NotificationListener: Handling notification state refresh for com.google.android.adservices.api#0
02-19 13:30:20.593   617   617 I NotificationListener: Handling notification state refresh for android#0
02-19 13:30:20.593   617   617 I NotificationListener: Handling notification state refresh for com.android.systemui#0
02-19 13:30:20.731   488  1424 I RanchuHwc: logCompositionFallbackIfChanged: layer 758 CompositionType fallback from 2 to 1
02-19 13:30:20.738  1971  2198 I AiAiEcho: Predicting[0]:  [CONTEXT sampling_count=5 ]
02-19 13:30:20.738  1971  2198 I AiAiEcho: EchoTargets: 
02-19 13:30:20.738  1971  2198 I AiAiEcho: Filtered by AiAi flag check: 
02-19 13:30:20.738  1971  2198 I AiAiEcho: [CONTEXT ratelimit_period="10 SECONDS" ]
02-19 13:30:20.740  1971  2198 I AiAiEcho: #remoteViewsTwiddler: feature disabled.
02-19 13:30:20.750  1971  2198 I AiAiEcho: #postPredictionTargets: Sending updates to UISurface home with targets# 0 (types=[])
02-19 13:30:20.845   537   537 W adbd    : timeout expired while flushing socket, closing
02-19 13:30:20.862   617   869 I s.nexuslauncher: AssetManager2(0x7d8fac4394d8) locale list changing from [] to [en-US]
02-19 13:30:20.947   617   617 D SsBaseTemplateCard: No text view can be set up
02-19 13:30:20.947   617   617 D SsBaseTemplateCard: Passed-in item info is null
02-19 13:30:20.947   617   617 D SsBaseTemplateCard: Passed-in item info is null
02-19 13:30:20.948   617   617 D SsBaseTemplateCard: Passed-in item info is null
02-19 13:30:20.948   617   617 I SsBaseTemplateCard: Secondary card pane is null
02-19 13:30:20.971   617   876 I AiAiSuggestUi: Request suggestContentSelections complete, took: 518
02-19 13:30:20.994   617   876 E AiAiSuggestUi: Timeout while retrieving suggestContentSelections
02-19 13:30:20.994   617   876 E AiAiSuggestUi: java.util.concurrent.TimeoutException
02-19 13:30:20.994   617   876 E AiAiSuggestUi: 	at java.util.concurrent.CompletableFuture$Timeout.run(CompletableFuture.java:2908)
02-19 13:30:20.994   617   876 E AiAiSuggestUi: 	at java.util.concurrent.Executors$RunnableAdapter.call(Executors.java:524)
02-19 13:30:20.994   617   876 E AiAiSuggestUi: 	at java.util.concurrent.FutureTask.run(FutureTask.java:317)
02-19 13:30:20.994   617   876 E AiAiSuggestUi: 	at java.util.concurrent.ScheduledThreadPoolExecutor$ScheduledFutureTask.run(ScheduledThreadPoolExecutor.java:348)
02-19 13:30:20.994   617   876 E AiAiSuggestUi: 	at java.util.concurrent.ThreadPoolExecutor.runWorker(ThreadPoolExecutor.java:1156)
02-19 13:30:20.994   617   876 E AiAiSuggestUi: 	at java.util.concurrent.ThreadPoolExecutor$Worker.run(ThreadPoolExecutor.java:651)
02-19 13:30:20.994   617   876 E AiAiSuggestUi: 	at java.lang.Thread.run(Thread.java:1119)
02-19 13:30:20.994   617   876 I AiAiSuggestUi: Fetched content back in callback
02-19 13:30:21.077   617   869 W HWUI    : Image decoding logging dropped!
02-19 13:30:21.118  4449  4458 W System  : A resource failed to call release. 
02-19 13:30:21.118  4449  4458 W System  : A resource failed to call release. 
02-19 13:30:21.118  4449  4458 W System  : A resource failed to call release. 
02-19 13:30:21.119  4449  4458 W System  : A resource failed to call release. 
02-19 13:30:21.119  4449  4458 W System  : A resource failed to call release. 
02-19 13:30:21.119  4449  4458 W System  : A resource failed to call release. 
02-19 13:30:21.119  4449  4458 W System  : A resource failed to call release. 
02-19 13:30:21.119  4449  4458 W System  : A resource failed to call release. 
02-19 13:30:21.119  4449  4458 W System  : A resource failed to call release. 
02-19 13:30:21.119  4449  4458 W System  : A resource failed to call release. 
02-19 13:30:21.119  4449  4458 W System  : A resource failed to call release. 
02-19 13:30:21.119  4449  4458 W System  : A resource failed to call release. 
02-19 13:30:21.119  4449  4458 W System  : A resource failed to call release. 
02-19 13:30:21.119  4449  4458 W System  : A resource failed to call release. 
02-19 13:30:21.119  4449  4458 W System  : A resource failed to call release. 
02-19 13:30:21.119  4449  4458 W System  : A resource failed to call release. 
02-19 13:30:21.119  4449  4458 W System  : A resource failed to call release. 
02-19 13:30:21.119  4449  4458 W System  : A resource failed to call release. 
02-19 13:30:21.120  4449  4458 W System  : A resource failed to call release. 
02-19 13:30:21.120  4449  4458 W System  : A resource failed to call release. 
02-19 13:30:21.120  4449  4458 W System  : A resource failed to call release. 
02-19 13:30:21.120  4449  4458 W System  : A resource failed to call release. 
02-19 13:30:21.120  4449  4458 W System  : A resource failed to call release. 
02-19 13:30:21.120  4449  4458 W System  : A resource failed to call release. 
02-19 13:30:21.959 32388 32388 W unknown:ReactContext: initializeMessageQueueThreads() is called.
02-19 13:30:21.998   617   617 D TaskView: launchAsLiveTile - composeRecentsLaunchAnimator: [56]
02-19 13:30:22.355   617   617 D RecentsView: finishRecentsAnimation - mRecentsAnimationController: com.android.quickstep.RecentsAnimationController@10114e6
02-19 13:30:22.355   617   617 D RecentsView: cleanupRemoteTargets - mRemoteTargetHandles: [com.android.quickstep.RemoteTargetGluer$RemoteTargetHandle@9ab6b8a]
02-19 13:30:22.379   617   617 D RecentsView: cleanupRemoteTargets - mRemoteTargetHandles: null
02-19 13:30:22.379  4449  4467 V ShellRecents: [76137959] RecentsController.finishInner: toHome=false userLeave=false willFinishToHome=false state=0 hasPausingTasks=true reason=requested
02-19 13:30:22.380  4449  4467 V ShellRecents:   returning to app
02-19 13:30:22.380  4449  4467 V ShellRecents: [76137959] RecentsController.finishInner: Completing finish
02-19 13:30:22.380  4449  4467 V ShellRecents: [76137959] RecentsController.cleanup
02-19 13:30:22.380  4449  4467 V WindowManagerShell: Transition animation finished (aborted=false), notifying core (#414) android.os.BinderProxy@56cc7a6@0
02-19 13:30:22.440   752   794 V WindowManager: Finish Transition (#414): created at 02-19 13:30:19.351 collect-started=0.146ms started=0.174ms ready=197.431ms sent=202.936ms commit=184.62ms finished=3079.017ms
02-19 13:30:22.440   752   794 W Looper  : Drained
02-19 13:30:22.717   752  1987 W PackageConfigPersister: App-specific configuration not found for packageName: viva.republica.toss.test and userId: 0
02-19 13:30:23.362  4449  4467 V WindowManagerShell: Track 0 became idle
02-19 13:30:23.362  4449  4467 V WindowManagerShell: All active transition animations finished
02-19 13:30:23.362  4449  4467 V ShellRecents: [76137959] RecentsController.finishInner: calling finish callback
02-19 13:30:23.363   752   798 I Choreographer: Skipped 57 frames!  The application may be doing too much work on its main thread.
02-19 13:30:23.571   617   617 W SplitSelectStateCtor: Missing session instanceIds
02-19 13:30:23.571   617   617 D StatsLog: LAUNCHER_SPLIT_SELECTION_EXIT_INTERRUPTED
02-19 13:30:23.571  4449  4467 D WindowManagerShell: setLauncherKeepClearAreaHeight: visible=false, height=527
02-19 13:30:23.575   617   617 D VRI[NexusLauncherActivity]: visibilityChanged oldVisibility=true newVisibility=false
02-19 13:30:23.576   617   617 D RecentsView: onRecentsAnimationComplete - mRecentsAnimationController: com.android.quickstep.RecentsAnimationController@10114e6, mSideTaskLaunchCallback: null
02-19 13:30:23.586   617   617 D RecentsView: updateTaskStackListenerState: false
02-19 13:30:23.586   617   617 D NexusLauncherModelDelegate: notifySmartspaceEvent: SmartspaceTargetEvent{mSmartspaceTarget=null, mSmartspaceActionId='null', mEventType=7}
02-19 13:30:23.602   617   617 D StateManager: goToState - fromState: Overview, toState: Normal, partial trace:
02-19 13:30:23.602   617   617 D StateManager: 	at com.android.launcher3.statemanager.StateManager.moveToRestState(go/retraceme 72a59688580715d19f0e415c69e80376c2f062d1648c80db6730905005a27c20:4)
02-19 13:30:23.602   617   617 D StateManager: 	at com.android.launcher3.statemanager.StateManager.moveToRestState(go/retraceme 72a59688580715d19f0e415c69e80376c2f062d1648c80db6730905005a27c20:1)
02-19 13:30:23.602   617   617 D StateManager: 	at com.android.quickstep.TaskViewUtils$9.lambda$onAnimationSuccess$0(go/retraceme 72a59688580715d19f0e415c69e80376c2f062d1648c80db6730905005a27c20:1)
02-19 13:30:23.603   617   617 D RecentsView: finishRecentsAnimation - mRecentsAnimationController: null
02-19 13:30:23.603   617   617 D RecentsView: cleanupRemoteTargets - mRemoteTargetHandles: null
02-19 13:30:23.633   752   797 W ActivityTaskManager: Activity pause timeout for ActivityRecord{32265495 u0 com.google.android.apps.nexuslauncher/.NexusLauncherActivity t5}
02-19 13:30:23.681   752   797 V WindowManager: Unknown focus tokens, dropping reportFocusChanged
02-19 13:30:23.689   617   617 D StateManager: onStateTransitionStart - state: Normal
02-19 13:30:23.693   752  1095 D BackgroundInstallControlService: Package event received: 0
02-19 13:30:23.749   752   989 I ImeTracker: viva.republica.toss.test:f5cb9819: onRequestHide at ORIGIN_SERVER reason HIDE_SAME_WINDOW_FOCUSED_WITHOUT_EDITOR fromUser false
02-19 13:30:23.751   752  1095 D BackgroundInstallControlService: Package event received: 0
02-19 13:30:23.764 32388 32388 D InsetsController: hide(ime(), fromIme=false)
02-19 13:30:23.764 32388 32388 I ImeTracker: viva.republica.toss.test:f5cb9819: onCancelled at PHASE_CLIENT_ALREADY_HIDDEN
02-19 13:30:23.778   617   617 D BaseDepthController: setSurface:
02-19 13:30:23.778   617   617 D BaseDepthController: 	mWaitingOnSurfaceValidity: false
02-19 13:30:23.778   617   617 D BaseDepthController: 	mBaseSurface: null
02-19 13:30:23.779   617   617 D BaseDepthController: mSurface is null and mCurrentBlur is: 23
02-19 13:30:23.781   617   617 D StateManager: goToState - fromState: Normal, toState: Normal, partial trace:
02-19 13:30:23.781   617   617 D StateManager: 	at com.android.launcher3.statemanager.StateManager.moveToRestState(go/retraceme 72a59688580715d19f0e415c69e80376c2f062d1648c80db6730905005a27c20:4)
02-19 13:30:23.781   617   617 D StateManager: 	at com.android.launcher3.statemanager.StateManager.moveToRestState(go/retraceme 72a59688580715d19f0e415c69e80376c2f062d1648c80db6730905005a27c20:1)
02-19 13:30:23.781   617   617 D StateManager: 	at com.android.launcher3.statemanager.StatefulActivity.onStop(go/retraceme 72a59688580715d19f0e415c69e80376c2f062d1648c80db6730905005a27c20:34)
02-19 13:30:23.790   617   617 D StateManager: cancelAnimation - with ongoing animation, partial trace:
02-19 13:30:23.790   617   617 D StateManager: 	at com.android.launcher3.statemanager.StateManager.goToState(go/retraceme 72a59688580715d19f0e415c69e80376c2f062d1648c80db6730905005a27c20:18)
02-19 13:30:23.790   617   617 D StateManager: 	at com.android.launcher3.statemanager.StateManager.goToState(go/retraceme 72a59688580715d19f0e415c69e80376c2f062d1648c80db6730905005a27c20:3)
02-19 13:30:23.790   617   617 D StateManager: 	at com.android.launcher3.statemanager.StateManager.moveToRestState(go/retraceme 72a59688580715d19f0e415c69e80376c2f062d1648c80db6730905005a27c20:4)
02-19 13:30:23.791   617   617 D RecentsView: reset - mEnableDrawingLiveTile: true, mRecentsAnimationController: null
02-19 13:30:23.791   617   617 D StateManager: onStateTransitionStart - state: Normal
02-19 13:30:23.793   617   617 D BaseDepthController: mSurface is null and mCurrentBlur is: 23
02-19 13:30:23.801   752  1095 D BackgroundInstallControlService: Package event received: 0
02-19 13:30:23.812  1563  1563 I GoogleInputMethodService: GoogleInputMethodService.onFinishInput():2043 
02-19 13:30:23.821   617   617 D KeyboardInsetsHandler: setState, toState:Normal StateManager(mLastStableState:Normal, mCurrentStableState:Overview, mState:Normal, mRestState:Normal, isInTransition:false)
02-19 13:30:23.862  2819  2819 W dumpsys : Thread Pool max thread count is 0. Cannot cache binder as linkToDeath cannot be implemented. serviceName: window
02-19 13:30:23.864  1563  1563 I Module  : DeviceLockedStatusModuleProvider$Module.updateDeviceLockedStatus():100 repeatCheckTimes = 0, locked = false
02-19 13:30:23.869   617   617 D StateManager: onStateTransitionEnd - state: Normal
02-19 13:30:23.877  1563  1563 W NotificationCenter: NotificationCenter$NotificationQueue.notifyPendingNotificationsOnExecutor():877 Heavy notify work detected on UI thread: [kig->khg, kig->khc, kig->ilu, kig->ilu, kig->ilu, kig->ilu, kig->ilu, kig->ilu, kig->gkl, kig->ilu, kig->ilu, kig->fef, kig->fro, kig->lux, kig->ilu, kig->imt, kig->ilu, kig->ilu, kig->ijm, kig->ilu, kig->ilu, kig->fcb, kig->jnx] takes 36ms
02-19 13:30:23.878  1563  1563 I GoogleInputMethodService: GoogleInputMethodService.onStartInput():1293 onStartInput(EditorInfo{EditorInfo{packageName=viva.republica.toss.test, inputType=0, inputTypeString=NULL, enableLearning=false, autoCorrection=false, autoComplete=false, imeOptions=0, privateImeOptions=null, actionName=UNSPECIFIED, actionLabel=null, initialSelStart=-1, initialSelEnd=-1, initialCapsMode=0, label=null, fieldId=0, fieldName=null, extras=null, hintText=null, hintLocales=[]}}, false)
02-19 13:30:23.881   617   617 D RecentsView: reset - mEnableDrawingLiveTile: false, mRecentsAnimationController: null
02-19 13:30:23.882  1563  1563 I Module  : DeviceLockedStatusModuleProvider$Module.updateDeviceLockedStatus():100 repeatCheckTimes = 1, locked = false
02-19 13:30:23.887   617   617 I AiAiSuggestUi: Clearing suggestions.
02-19 13:30:23.887   617   617 I AiAiSuggestUi: Clearing suggestions.
02-19 13:30:23.895   617   617 D ActivityAllAppsContainerView: rebindAdapters: force: false
02-19 13:30:23.900   617   617 D ActivityAllAppsContainerView: rebindAdapters: Not needed.
02-19 13:30:23.904  1563  1563 I EmojiCompatManager: EmojiCompatManager.getEmojiCompatIfLoaded():343 EmojiCompat.init() was never called.
02-19 13:30:23.904  1563  1563 I EmojiCompatManager: java.lang.IllegalStateException: EmojiCompat is not initialized. Please call EmojiCompat.init() first
02-19 13:30:23.904  1563  1563 I EmojiCompatManager: 	at asx.p(PG:6)
02-19 13:30:23.904  1563  1563 I EmojiCompatManager: 	at axb.b(PG:13)
02-19 13:30:23.904  1563  1563 I EmojiCompatManager: 	at jnr.b(PG:2)
02-19 13:30:23.904  1563  1563 I EmojiCompatManager: 	at jnr.c(PG:4)
02-19 13:30:23.904  1563  1563 I EmojiCompatManager: 	at jnr.f(PG:3)
02-19 13:30:23.904  1563  1563 I EmojiCompatManager: 	at jnx.c(PG:3)
02-19 13:30:23.904  1563  1563 I EmojiCompatManager: 	at kif.cz(PG:47)
02-19 13:30:23.904  1563  1563 I EmojiCompatManager: 	at lhl.run(PG:1025)
02-19 13:30:23.904  1563  1563 I EmojiCompatManager: 	at jaf.execute(PG:12)
02-19 13:30:23.904  1563  1563 I EmojiCompatManager: 	at nco.v(PG:13)
02-19 13:30:23.904  1563  1563 I EmojiCompatManager: 	at lhn.m(PG:96)
02-19 13:30:23.904  1563  1563 I EmojiCompatManager: 	at lhn.k(PG:25)
02-19 13:30:23.904  1563  1563 I EmojiCompatManager: 	at kgn.onStartInput(PG:250)
02-19 13:30:23.904  1563  1563 I EmojiCompatManager: 	at android.inputmethodservice.InputMethodService.doStartInput(InputMethodService.java:3521)
02-19 13:30:23.904  1563  1563 I EmojiCompatManager: 	at android.inputmethodservice.InputMethodService$InputMethodImpl.startInput(InputMethodService.java:879)
02-19 13:30:23.904  1563  1563 I EmojiCompatManager: 	at android.inputmethodservice.InputMethodService$InputMethodImpl.dispatchStartInput(InputMethodService.java:908)
02-19 13:30:23.904  1563  1563 I EmojiCompatManager: 	at android.inputmethodservice.IInputMethodWrapper.executeMessage(IInputMethodWrapper.java:201)
02-19 13:30:23.904  1563  1563 I EmojiCompatManager: 	at com.android.internal.os.HandlerCaller$MyHandler.handleMessage(HandlerCaller.java:44)
02-19 13:30:23.904  1563  1563 I EmojiCompatManager: 	at android.os.Handler.dispatchMessage(Handler.java:110)
02-19 13:30:23.904  1563  1563 I EmojiCompatManager: 	at android.os.Looper.loopOnce(Looper.java:248)
02-19 13:30:23.904  1563  1563 I EmojiCompatManager: 	at android.os.Looper.loop(Looper.java:338)
02-19 13:30:23.904  1563  1563 I EmojiCompatManager: 	at android.app.ActivityThread.main(ActivityThread.java:9067)
02-19 13:30:23.904  1563  1563 I EmojiCompatManager: 	at java.lang.reflect.Method.invoke(Native Method)
02-19 13:30:23.904  1563  1563 I EmojiCompatManager: 	at com.android.internal.os.RuntimeInit$MethodAndArgsCaller.run(RuntimeInit.java:593)
02-19 13:30:23.904  1563  1563 I EmojiCompatManager: 	at com.android.internal.os.ZygoteInit.main(ZygoteInit.java:932)
02-19 13:30:23.926  1563  1563 W NotificationCenter: NotificationCenter$NotificationQueue.notifyPendingNotificationsOnExecutor():877 Heavy notify work detected on UI thread: [kig->khg, kig->khc, kig->ilu, kig->ilu, kig->ilu, kig->ilu, kig->ilu, kig->ilu, kig->gkl, kig->ilu, kig->ilu, kig->fef, kig->fro, kig->lux, kig->ilu, kig->imt, kig->ilu, kig->ilu, kig->ijm, kig->ilu, kig->ilu, kig->fcb, kig->jnx] takes 34ms
02-19 13:30:23.942   752  1987 W PackageConfigPersister: App-specific configuration not found for packageName: viva.republica.toss.test and userId: 0
02-19 13:30:23.996   617   617 D StatsLog: LAUNCHER_ONSTOP
02-19 13:30:24.030   617   617 D StatsLog: LAUNCHER_GOOGLE_SEARCH_RESTORE_LIST_SIZE_AFTER_ACTIVITY_RESTART
02-19 13:30:24.173   617   617 D OverviewActionsView: updateForGroupedTask() called with: isGroupedTask = [false], canSaveAppPair = [false]
02-19 13:30:24.173   617   617 D OverviewActionsView: updateActionButtonsVisibility() called: showSingleTaskActions = [true], showGroupActions = [false]
02-19 13:30:24.173   617   617 D OverviewActionsView: updateForGroupedTask() called with: isGroupedTask = [false], canSaveAppPair = [false]
02-19 13:30:24.173   617   617 D OverviewActionsView: updateActionButtonsVisibility() called: showSingleTaskActions = [true], showGroupActions = [false]
02-19 13:30:24.175   752  1095 D BackgroundInstallControlService: Package event received: 0
02-19 13:30:24.508   752  1454 W ActivityTaskManager: callingPackage for (uid=2000, pid=2824) has no WPC
02-19 13:30:24.533   752  1454 V GrammaticalInflectionUtils: AttributionSource: android.content.AttributionSource@56784557 does not have READ_SYSTEM_GRAMMATICAL_GENDER permission.
02-19 13:30:24.567   752  1454 W OptProp : Cannot read opt property android.window.PROPERTY_COMPAT_ALLOW_USER_ASPECT_RATIO_OVERRIDE
02-19 13:30:24.567   752  1454 W OptProp : Cannot read opt property android.window.PROPERTY_COMPAT_ALLOW_USER_ASPECT_RATIO_FULLSCREEN_OVERRIDE
02-19 13:30:24.571   752  1454 W OptProp : Cannot read opt property android.window.PROPERTY_COMPAT_ALLOW_RESIZEABLE_ACTIVITY_OVERRIDES
02-19 13:30:24.573   752  1454 W OptProp : Cannot read opt property android.window.PROPERTY_COMPAT_ALLOW_MIN_ASPECT_RATIO_OVERRIDE
02-19 13:30:24.587   531   548 I BpBinder: onLastStrongRef automatically unlinking death recipients: 
02-19 13:30:24.589   752  1454 I ActivityTaskManager: START u0 {act=android.intent.action.VIEW dat=intoss://takealook/... flg=0x10000000 xflg=0x4 pkg=viva.republica.toss.test cmp=viva.republica.toss.test/.MiniAppSchemeActivity} with LAUNCH_MULTIPLE from uid 2000 (BAL_ALLOW_PERMISSION) result code=3
02-19 13:30:24.606  4449 22842 D KeyguardService: setOccluded(false)
02-19 13:30:24.607  4449 22842 D KeyguardViewMediator: setOccluded(false)
02-19 13:30:24.611  4449  4449 D KeyguardViewMediator: handleSetOccluded(false)
02-19 13:30:24.612  4449  4449 D KeyguardViewMediator: KeyguardViewMediator queue processing message: SET_OCCLUDED
02-19 13:30:24.923  4449  4467 D WindowManagerShell: onActivityRestartAttempt: topActivity=ComponentInfo{viva.republica.toss.test/im.toss.rn.granite.core.GraniteActivity}, wasVisible=true
02-19 13:30:25.657   752  1856 E TaskPersister: File error accessing recents directory (directory doesn't exist?).
02-19 13:30:25.707 32388  2806 I scudo   : Can't populate more pages for size class 65552.
02-19 13:30:28.123 32388 32393 W blica.toss.test: Suspending all threads took: 73.712ms
02-19 13:30:28.264  2827  2827 W dumpsys : Thread Pool max thread count is 0. Cannot cache binder as linkToDeath cannot be implemented. serviceName: window
02-19 13:30:28.501 32388  2806 I ReactNativeJS: Running "shared" with {"initialProps":{"initialColorPreference":"light","loadingStartTs":1771475414098,"initialFontScale":"100"},"rootTag":451}
02-19 13:30:28.669 32388 32393 I blica.toss.test: NativeAlloc concurrent mark compact GC freed 5139KB AllocSpace bytes, 0(0B) LOS objects, 46% free, 27MB/51MB, paused 75.671ms,10.581ms total 1.660s
02-19 13:30:29.589   752   797 E BLASTSyncEngine: WM sent Transaction (#415, Transition-OPEN, tx=3229815418919) to organizer, but never received commit callback. Application ANR likely to follow.
02-19 13:30:29.734  2834  2834 W dumpsys : Thread Pool max thread count is 0. Cannot cache binder as linkToDeath cannot be implemented. serviceName: package
02-19 13:30:30.799 32388  2806 D ReactNativeJS: '[Analytics]', '{\n  "log_type": "screen",\n  "log_name": "/::screen",\n  "params": {\n    "referrer": null,\n    "deployment_id": "local",\n    "deployment_timestamp": null\n  }\n}'
02-19 13:30:31.518   752   775 I system_server: Background concurrent mark compact GC freed 26MB AllocSpace bytes, 33(740KB) LOS objects, 42% free, 32MB/56MB, paused 1.123ms,11.854ms total 1.785s
02-19 13:30:31.702 32388  2806 E ReactNativeJS: '    :', [Error: SERVICE_NAME is missing]
02-19 13:30:31.813  2736  2750 I artd    : GetBestInfo: odex next to the dex file (/data/app/~~O-UZzK0jUU9NLgS3MODOZA==/com.google.android.gms-YQ2L6GsYyKuvu9MvIBK1EQ==/oat/x86_64/base.odex) is kOatUpToDate with filter 'speed-profile' executable 'false'
02-19 13:30:31.846  2736  2750 I artd    : GetBestInfo: odex next to the dex file (/data/app/~~O-UZzK0jUU9NLgS3MODOZA==/com.google.android.gms-YQ2L6GsYyKuvu9MvIBK1EQ==/oat/x86_64/split_AdsDynamite_installtime.odex) is kOatUpToDate with filter 'speed' executable 'false'
02-19 13:30:31.886  2736  2750 I artd    : GetBestInfo: odex next to the dex file (/data/app/~~O-UZzK0jUU9NLgS3MODOZA==/com.google.android.gms-YQ2L6GsYyKuvu9MvIBK1EQ==/oat/x86_64/split_CronetDynamite_installtime.odex) is kOatUpToDate with filter 'speed' executable 'false'
02-19 13:30:31.911  2736  2750 I artd    : GetBestInfo: odex next to the dex file (/data/app/~~O-UZzK0jUU9NLgS3MODOZA==/com.google.android.gms-YQ2L6GsYyKuvu9MvIBK1EQ==/oat/x86_64/split_DynamiteLoader_installtime.odex) is kOatUpToDate with filter 'speed' executable 'false'
02-19 13:30:31.941  2736  2750 I artd    : GetBestInfo: odex next to the dex file (/data/app/~~O-UZzK0jUU9NLgS3MODOZA==/com.google.android.gms-YQ2L6GsYyKuvu9MvIBK1EQ==/oat/x86_64/split_DynamiteModulesA_installtime.odex) is kOatUpToDate with filter 'speed' executable 'false'
02-19 13:30:31.979  2736  2739 I artd    : GetBestInfo: odex next to the dex file (/data/app/~~O-UZzK0jUU9NLgS3MODOZA==/com.google.android.gms-YQ2L6GsYyKuvu9MvIBK1EQ==/oat/x86_64/split_DynamiteModulesC_installtime.odex) is kOatUpToDate with filter 'speed' executable 'false'
02-19 13:30:32.013  2736  2739 I artd    : GetBestInfo: odex next to the dex file (/data/app/~~O-UZzK0jUU9NLgS3MODOZA==/com.google.android.gms-YQ2L6GsYyKuvu9MvIBK1EQ==/oat/x86_64/split_GoogleCertificates_installtime.odex) is kOatUpToDate with filter 'speed' executable 'false'
02-19 13:30:32.044  2736  2739 I artd    : GetBestInfo: odex next to the dex file (/data/app/~~O-UZzK0jUU9NLgS3MODOZA==/com.google.android.gms-YQ2L6GsYyKuvu9MvIBK1EQ==/oat/x86_64/split_MapsDynamite_installtime.odex) is kOatUpToDate with filter 'speed' executable 'false'
02-19 13:30:32.070  2736  2739 I artd    : GetBestInfo: odex next to the dex file (/data/app/~~O-UZzK0jUU9NLgS3MODOZA==/com.google.android.gms-YQ2L6GsYyKuvu9MvIBK1EQ==/oat/x86_64/split_MeasurementDynamite_installtime.odex) is kOatUpToDate with filter 'speed' executable 'false'
02-19 13:30:32.080  2736  2739 I artd    : GetBestInfo: /data/app/~~O-UZzK0jUU9NLgS3MODOZA==/com.google.android.gms-YQ2L6GsYyKuvu9MvIBK1EQ==/split_maps_core_dynamite_ondemand.apk has no usable artifacts
02-19 13:30:32.705  2736  2739 I artd    : GetBestInfo: /data/user_de/0/com.google.android.gms/app_chimera/m/0000000c/dl-Appsearch.optional_250834100800.apk has no usable artifacts
02-19 13:30:32.823  2736  2739 I artd    : GetBestInfo: /data/user_de/0/com.google.android.gms/app_chimera/m/00000001/CronetDynamite.apk has no usable artifacts
02-19 13:30:32.825  2736  2750 I artd    : GetBestInfo: /data/user_de/0/com.google.android.gms/app_chimera/m/00000002/DynamiteLoader.apk has no usable artifacts
02-19 13:30:32.826  2736  2739 I artd    : GetBestInfo: /data/user_de/0/com.google.android.gms/app_chimera/m/00000005/GoogleCertificates.apk has no usable artifacts
02-19 13:30:32.831  2736  2750 I artd    : GetBestInfo: /data/user_de/0/com.google.android.gms/app_chimera/m/00000009/dl-TfliteDynamiteDynamite.integ_252130102100800.apk has no usable artifacts
02-19 13:30:32.867  2736  2750 I artd    : GetBestInfo: vdex next to the dex file (/data/user/0/com.google.android.gms/app_dg_cache/BF7C023AB90CCF01D1F467FC1CEBAF866511FF29/oat/x86_64/the.vdex) is kOatUpToDate with filter 'verify' executable 'false'
02-19 13:30:32.880  2736  2750 I artd    : GetBestInfo: /data/user_de/0/com.google.android.gms/app_chimera/m/00000010/dl-PlayCloudSearch.optional_250834100000.apk has no usable artifacts
02-19 13:30:32.906  2736  2739 I artd    : GetBestInfo: /data/user_de/0/com.google.android.gms/app_chimera/m/00000017/dl-PlayCloudSearch.optional_260438100000.apk has no usable artifacts
02-19 13:30:33.166  2736  2739 I artd    : GetBestInfo: /data/user_de/0/com.google.android.gms/app_chimera/m/00000015/dl-MlkitOcrCommon.optional_260438100800.apk has no usable artifacts
02-19 13:30:33.180  2736  2739 I artd    : GetBestInfo: /data/user_de/0/com.google.android.gms/app_chimera/m/00000013/dl-MlkitBarcodeUi.optional_260438100800.apk has no usable artifacts
02-19 13:30:33.212  2736  2750 I artd    : GetBestInfo: /data/user_de/0/com.google.android.gms/app_chimera/m/0000000f/dl-MlkitOcrCommon.optional_250834100800.apk has no usable artifacts
02-19 13:30:33.233  2736  2739 I artd    : GetBestInfo: /data/user_de/0/com.google.android.gms/app_chimera/m/0000000d/dl-VisionOcr.optional_250834100000.apk has no usable artifacts
02-19 13:30:33.297  2736  2739 I artd    : GetBestInfo: /data/user_de/0/com.google.android.gms/app_chimera/m/0000000a/dl-MlkitBarcodeUi.optional_250834100800.apk has no usable artifacts
02-19 13:30:33.481  2736  2750 I artd    : GetBestInfo: /data/user_de/0/com.google.android.gms/app_chimera/m/00000011/dl-VisionOcr.optional_260438100000.apk has no usable artifacts
02-19 13:30:33.493   752   797 W IPCThreadState: Sending oneway calls to frozen process.
02-19 13:30:33.500   752   797 W IPCThreadState: Sending oneway calls to frozen process.
02-19 13:30:33.502   752   797 W IPCThreadState: Sending oneway calls to frozen process.
02-19 13:30:33.502   752   797 W IPCThreadState: Sending oneway calls to frozen process.
02-19 13:30:33.503   752   797 W IPCThreadState: Sending oneway calls to frozen process.
02-19 13:30:33.503   752   797 W IPCThreadState: Sending oneway calls to frozen process.
02-19 13:30:33.503   752   797 W IPCThreadState: Sending oneway calls to frozen process.
02-19 13:30:33.503   752   797 W IPCThreadState: Sending oneway calls to frozen process.
02-19 13:30:33.503   752   797 W IPCThreadState: Sending oneway calls to frozen process.
02-19 13:30:33.503   752   797 W IPCThreadState: Sending oneway calls to frozen process.
02-19 13:30:33.503   752   797 W IPCThreadState: Sending oneway calls to frozen process.
02-19 13:30:33.503   752   797 W IPCThreadState: Sending oneway calls to frozen process.
02-19 13:30:33.503   752   797 W IPCThreadState: Sending oneway calls to frozen process.
02-19 13:30:33.503   752   797 W IPCThreadState: Sending oneway calls to frozen process.
02-19 13:30:33.503   752   797 W IPCThreadState: Sending oneway calls to frozen process.
02-19 13:30:33.503   752   797 W IPCThreadState: Sending oneway calls to frozen process.
02-19 13:30:33.504   752   797 W IPCThreadState: Sending oneway calls to frozen process.
02-19 13:30:33.504   752   797 W IPCThreadState: Sending oneway calls to frozen process.
02-19 13:30:33.507   752   797 W ProcessStats: Tracking association SourceState{1b917ca system/1000 BFgs #15851} whose proc state 4 is better than process ProcessState{42c4ef0 com.google.android.ext.services/10208 pkg=com.google.android.ext.services} proc state 14 (9 skipped)
02-19 13:30:33.509  2736  2750 I artd    : GetBestInfo: /data/user_de/0/com.google.android.gms/app_chimera/m/00000012/dl-Appsearch.optional_260438100800.apk has no usable artifacts
02-19 13:30:33.537  2736  2750 I artd    : GetBestInfo: vdex next to the dex file (/data/user/0/com.google.android.gms/app_dg_cache/94DF452EEF4B8E717545DCDEA6CC3C50A319A195/oat/x86_64/the.vdex) is kOatUpToDate with filter 'verify' executable 'false'
02-19 13:30:33.569  2736  2750 I artd    : GetBestInfo: /data/user_de/0/com.google.android.gms/app_chimera/m/00000007/MeasurementDynamite.apk has no usable artifacts
02-19 13:30:33.591  2736  2750 I artd    : GetBestInfo: /data/user_de/0/com.google.android.gms/app_chimera/m/00000018/dl-AdsFdrDynamite.integ_254380203100000.apk has no usable artifacts
02-19 13:30:34.538   617   617 E FrameTracker: force finish cuj, time out: J<RECENTS_SCROLLING>
02-19 13:30:35.627   752   779 W ContentProviderHelper: Slow operation: 69ms so far, now at getContentProviderImpl: before updateLruProcess
02-19 13:30:35.627   752   779 W ContentProviderHelper: Slow operation: 70ms so far, now at getContentProviderImpl: after updateLruProcess
02-19 13:30:35.627   752   779 W ContentProviderHelper: Slow operation: 70ms so far, now at getContentProviderImpl: before updateOomAdj
02-19 13:30:35.800  2833  2833 W screencap: Thread Pool max thread count is 0. Cannot cache binder as linkToDeath cannot be implemented. serviceName: SurfaceFlingerAIDL
02-19 13:30:35.858  2833  2833 W BpBinder: Linking to death on android.gui.ISurfaceComposer but there are no threads (yet?) listening to incoming transactions. See ProcessState::startThreadPool and ProcessState::setThreadPoolMaxThreadCount. Generally you should setup the binder threadpool before other initialization steps.
02-19 13:30:35.867  2833  2833 W ProcessState: Extra binder thread started, but 0 threads requested. Do not use *startThreadPool when zero threads are requested.
02-19 13:30:35.974  1336  1556 D SatelliteController: iisInCarrierRoamingNbIotNtn: satellite is disabled
02-19 13:30:36.041   752   779 W ContentProviderHelper: Slow operation: 484ms so far, now at getContentProviderImpl: after updateOomAdj
02-19 13:30:36.051   752   779 W ContentProviderHelper: Slow operation: 493ms so far, now at getContentProviderImpl: done!
02-19 13:30:36.200   531   603 E HwcComposer: getLuts failed Status(-8, EX_SERVICE_SPECIFIC): '8: '
02-19 13:30:36.201   531   603 E HWComposer: getLuts: getLuts failed for display 4619827259835644672: UNSUPPORTED (8)
02-19 13:30:37.307   752   795 W Looper  : Slow dispatch took 1665ms android.ui app=system_server main=false group=TOP_APP h=com.android.server.am.ActivityManagerService$UiHandler c=com.android.server.am.UidObserverController$$ExternalSyntheticLambda0@6a2cd6d m=0
02-19 13:30:37.451   752   779 D ActivityManager: sync unfroze 30659 com.google.android.gms for 4
02-19 13:30:37.492  4449  4478 W Looper  : Slow dispatch took 1354ms SysUiBg app=com.android.systemui main=false group=FOREGROUND h=android.os.Handler c=android.telephony.TelephonyCallback$IPhoneStateListenerStub$$ExternalSyntheticLambda52@44c6656 m=0
02-19 13:30:37.494   752  1095 D BackgroundInstallControlService: Package event received: 0
02-19 13:30:37.567 30659 30659 D BoundBrokerSvc: onBind: Intent { act=com.google.android.gms.safebrowsing.SafeBrowsingService.START dat=chimera-action:/... xflg=0x4 cmp=com.google.android.gms/.chimera.GmsBoundBrokerService }
02-19 13:30:37.568 30659 30659 D BoundBrokerSvc: Loading bound service for intent: Intent { act=com.google.android.gms.safebrowsing.SafeBrowsingService.START dat=chimera-action:/... xflg=0x4 cmp=com.google.android.gms/.chimera.GmsBoundBrokerService }
