--------- beginning of main
02-19 18:59:34.024   531   568 W EventThread: Faking VSYNC due to driver stall for thread app
--------- beginning of system
02-19 18:59:34.301   752   795 W ActivityTaskManager: callingPackage for (uid=-1, pid=0) has no WPC
02-19 18:59:34.303   752   795 W ActivityStartInterceptor: Starting home with component specified, uid=0
02-19 18:59:34.303   752   795 W OptProp : Cannot read opt property android.window.PROPERTY_COMPAT_ALLOW_USER_ASPECT_RATIO_OVERRIDE
02-19 18:59:34.303   752   795 W OptProp : Cannot read opt property android.window.PROPERTY_COMPAT_ALLOW_USER_ASPECT_RATIO_FULLSCREEN_OVERRIDE
02-19 18:59:34.303   752   795 W OptProp : Cannot read opt property android.window.PROPERTY_COMPAT_ALLOW_RESIZEABLE_ACTIVITY_OVERRIDES
02-19 18:59:34.304   752   795 W OptProp : Cannot read opt property android.window.PROPERTY_COMPAT_ALLOW_MIN_ASPECT_RATIO_OVERRIDE
02-19 18:59:34.304   752   795 V GrammaticalInflectionUtils: AttributionSource: android.content.AttributionSource@1abea79a does not have READ_SYSTEM_GRAMMATICAL_GENDER permission.
02-19 18:59:34.304  4449  4449 I vol.VolumeDialogImpl: mDialog.dismiss() reason: volume_controller from: com.android.systemui.volume.VolumeDialogImpl$7.onDismissRequested:3
02-19 18:59:34.306  4449   614 D KeyguardService: setOccluded(false)
02-19 18:59:34.307  4449   614 D KeyguardViewMediator: setOccluded(false)
02-19 18:59:34.307  4449  4449 D KeyguardViewMediator: handleSetOccluded(false)
02-19 18:59:34.307  4449  4449 D KeyguardViewMediator: KeyguardViewMediator queue processing message: SET_OCCLUDED
02-19 18:59:34.307   752   795 I ActivityTaskManager: START u0 {act=android.intent.action.MAIN cat=[android.intent.category.HOME] flg=0x10000100 cmp=com.google.android.apps.nexuslauncher/.NexusLauncherActivity (has extras)} with LAUNCH_SINGLE_TASK from uid 0 (BAL_ALLOW_ALLOWLISTED_UID) result code=3
02-19 18:59:34.308  7804  7804 W SplitSelectStateCtor: Missing session instanceIds
02-19 18:59:34.308  7804  7804 D StatsLog: LAUNCHER_SPLIT_SELECTION_EXIT_INTERRUPTED
02-19 18:59:34.308  4449  4467 D WindowManagerShell: onActivityRestartAttempt: topActivity=ComponentInfo{com.google.android.apps.nexuslauncher/com.google.android.apps.nexuslauncher.NexusLauncherActivity}, wasVisible=true
02-19 18:59:34.309  7804  7804 D StateManager: goToState - fromState: Overview, toState: Normal, partial trace:
02-19 18:59:34.309  7804  7804 D StateManager: 	at com.android.launcher3.Launcher.onNewIntent(go/retraceme 72a59688580715d19f0e415c69e80376c2f062d1648c80db6730905005a27c20:116)
02-19 18:59:34.309  7804  7804 D StateManager: 	at com.android.launcher3.uioverrides.QuickstepLauncher.onNewIntent(go/retraceme 72a59688580715d19f0e415c69e80376c2f062d1648c80db6730905005a27c20:1)
02-19 18:59:34.309  7804  7804 D StateManager: 	at com.google.android.apps.nexuslauncher.NexusLauncherActivity.onNewIntent(go/retraceme 72a59688580715d19f0e415c69e80376c2f062d1648c80db6730905005a27c20:1)
02-19 18:59:34.325  7804  7804 I AiAiSuggestUi: Clearing suggestions.
02-19 18:59:34.326  7804  7804 I AiAiSuggestUi: Clearing suggestions.
02-19 18:59:34.326  7804  7804 I AiAiSuggestUi: Requesting to show indicators
02-19 18:59:34.326  7804  7804 I AiAiSuggestUi: Fetching contents, isPrimaryTask = true
02-19 18:59:34.364  7804  8176 I AiAiSuggestUi: Request suggestContentSelections complete, took: 38
02-19 18:59:34.364  7804  8176 I AiAiSuggestUi: Fetched content back in callback
02-19 18:59:34.397  7804  7804 D TFOManager: playPanelCloseAnimation() duration=200 traceTag=LauncherOverlay-hide isHomeButtonTap=true
02-19 18:59:34.397  7804  7804 D TFOManager: Skipped creating panel close animation because -1 is invisible.
02-19 18:59:34.397  7804  7804 D OverviewCommandHelper: clearing pending commands: []
02-19 18:59:34.399   531   603 I BpBinder: onLastStrongRef automatically unlinking death recipients: 
02-19 18:59:34.399  7804  7804 D StatsLog: LAUNCHER_ONRESUME
02-19 18:59:34.403  7804  7823 D QuickstepModelDelegate: notifyAppTargetEvent action=1 launchLocation=
02-19 18:59:34.408  1971  2198 I AiAiEcho: Predicting[0]:  [CONTEXT sampling_count=5 ]
02-19 18:59:34.408  1971  2198 I AiAiEcho: EchoTargets: 
02-19 18:59:34.408  1971  2198 I AiAiEcho: Filtered by AiAi flag check: 
02-19 18:59:34.408  1971  2198 I AiAiEcho: [CONTEXT ratelimit_period="10 SECONDS" ]
02-19 18:59:34.408  1971  2198 I AiAiEcho: #remoteViewsTwiddler: feature disabled.
02-19 18:59:34.409  1971  2198 I AiAiEcho: #postPredictionTargets: Sending updates to UISurface home with targets# 0 (types=[])
02-19 18:59:34.458  4449  4458 W System  : A resource failed to call release. 
02-19 18:59:34.458  4449  4458 W System  : A resource failed to call release. 
02-19 18:59:35.693   531   568 W EventThread: Faking VSYNC due to driver stall for thread app
02-19 18:59:35.717  7804  7804 I AiAiSuggestUi: Display indicators
02-19 18:59:35.722  7804  7804 D StateManager: onStateTransitionStart - state: Normal
02-19 18:59:35.722  7804  7804 D RecentsView: updateTaskStackListenerState: false
02-19 18:59:35.724  7804  7804 D ActivityAllAppsContainerView: rebindAdapters: force: false
02-19 18:59:35.724  7804  7804 D ActivityAllAppsContainerView: rebindAdapters: Not needed.
02-19 18:59:35.724  7804  7804 I NotificationListener: Handling notification state refresh for com.google.android.adservices.api#0
02-19 18:59:35.724  7804  7804 I NotificationListener: Handling notification state refresh for android#0
02-19 18:59:35.724  7804  7804 I NotificationListener: Handling notification state refresh for com.android.systemui#0
02-19 18:59:35.725   752  1095 D BackgroundInstallControlService: Package event received: 0
02-19 18:59:35.725  7804  7804 D SsBaseTemplateCard: No text view can be set up
02-19 18:59:35.725  7804  7804 D SsBaseTemplateCard: Passed-in item info is null
02-19 18:59:35.725  7804  7804 D SsBaseTemplateCard: Passed-in item info is null
02-19 18:59:35.725  7804  7804 D SsBaseTemplateCard: Passed-in item info is null
02-19 18:59:35.725  7804  7804 I SsBaseTemplateCard: Secondary card pane is null
02-19 18:59:35.730  7804  7804 D OverviewActionsView: updateForGroupedTask() called with: isGroupedTask = [false], canSaveAppPair = [false]
02-19 18:59:35.730  7804  7804 D OverviewActionsView: updateActionButtonsVisibility() called: showSingleTaskActions = [true], showGroupActions = [false]
02-19 18:59:35.786   752  2305 W ActivityTaskManager: callingPackage for (uid=2000, pid=17447) has no WPC
02-19 18:59:35.788   752  2305 V GrammaticalInflectionUtils: AttributionSource: android.content.AttributionSource@56784557 does not have READ_SYSTEM_GRAMMATICAL_GENDER permission.
02-19 18:59:35.788   752  2305 W OptProp : Cannot read opt property android.window.PROPERTY_COMPAT_ALLOW_USER_ASPECT_RATIO_OVERRIDE
02-19 18:59:35.789   752  2305 W OptProp : Cannot read opt property android.window.PROPERTY_COMPAT_ALLOW_USER_ASPECT_RATIO_FULLSCREEN_OVERRIDE
02-19 18:59:35.789   752  2305 W OptProp : Cannot read opt property android.window.PROPERTY_COMPAT_ALLOW_RESIZEABLE_ACTIVITY_OVERRIDES
02-19 18:59:35.790   752  2305 W OptProp : Cannot read opt property android.window.PROPERTY_COMPAT_ALLOW_MIN_ASPECT_RATIO_OVERRIDE
02-19 18:59:35.795   752  2305 W OptProp : Cannot read opt property android.window.PROPERTY_COMPAT_ALLOW_ORIENTATION_OVERRIDE
02-19 18:59:35.817  4449  4467 V WindowManagerShell: Transition requested (#712): android.os.BinderProxy@d94a3c4 TransitionRequestInfo { type = OPEN, triggerTask = TaskInfo{userId=0 taskId=78 effectiveUid=10217 displayId=0 isRunning=true baseIntent=Intent { act=android.intent.action.VIEW dat=intoss://takealook/... flg=0x10000000 cmp=viva.republica.toss.test/im.toss.rn.granite.core.GraniteActivity } baseActivity=ComponentInfo{viva.republica.toss.test/im.toss.rn.granite.core.GraniteActivity} topActivity=ComponentInfo{viva.republica.toss.test/viva.republica.toss.test.MiniAppSchemeActivity} origActivity=null realActivity=ComponentInfo{viva.republica.toss.test/im.toss.rn.granite.core.GraniteActivity} numActivities=7 lastActiveTime=106649653 supportsMultiWindow=true resizeMode=1 isResizeable=true minWidth=-1 minHeight=-1 defaultMinSize=220 token=WCT{android.window.IWindowContainerToken$Stub$Proxy@fc7a2ad} topActivityType=1 pictureInPictureParams=null shouldDockBigOverlays=false launchIntoPipHostTaskId=-1 lastParentTaskIdBeforePip=-1 displayCutoutSafeInsets=Rect(0, 0 - 0, 0) topActivityInfo=ActivityInfo{a5f29e2 viva.republica.toss.test.MiniAppSchemeActivity} launchCookies=[] positionInParent=Point(0, 0) parentTaskId=-1 isFocused=false isVisible=true isVisibleRequested=true isTopActivityNoDisplay=false isSleeping=false locusId=null displayAreaFeatureId=1 isTopActivityTransparent=true isActivityStackTransparent=false lastNonFullscreenBounds=Rect(284, 660 - 796, 1740) capturedLink=null capturedLinkTimestamp=0 requestedVisibleTypes=-9 topActivityRequestOpenInBrowserEducationTimestamp=0 appCompatTaskInfo=AppCompatTaskInfo { topActivityInSizeCompat=false eligibleForLetterboxEducation= false isLetterboxEducationEnabled= true isLetterboxDoubleTapEnabled= false eligibleForUserAspectRatioButton= false topActivityBoundsLetterboxed= false isFromLetterboxDoubleTap= false topActivityLetterboxVerticalPosition= -1 topActivityLetterboxHorizontalPosition= -1 topActivityLetterboxWidth=-1 topActivityLetterboxHeight=-1 topActivityAppBounds=Rect(0, 0 - 1080, 2400) isUserFullscreenOverrideEnabled=false isSystemFullscreenOverrideEnabled=false hasMinAspectRatioOverride=false topActivityLetterboxBounds=null cameraCompatTaskInfo=CameraCompatTaskInfo { freeformCameraCompatMode=inactive}} topActivityMainWindowFrame=null}, pipChange = null, remoteTransition = null, displayChange = null, flags = 65536, debugId = 712 }
02-19 18:59:35.817   752  2305 I ActivityTaskManager: START u0 {act=android.intent.action.VIEW dat=intoss://takealook/... flg=0x10000000 xflg=0x4 pkg=viva.republica.toss.test cmp=viva.republica.toss.test/.MiniAppSchemeActivity} with LAUNCH_MULTIPLE from uid 2000 (BAL_ALLOW_PERMISSION) result code=0
02-19 18:59:35.818  4449  4467 D ShellSplitScreen: logExit: no-op, mLoggerSessionId is null
02-19 18:59:35.846  4449  4474 V SnapshotDrawerUtils: Drawing snapshot surface sizeMismatch=true
02-19 18:59:35.858   752   934 W OptProp : Cannot read opt property android.window.PROPERTY_COMPAT_ENABLE_FAKE_FOCUS
02-19 18:59:35.867   752  1095 D BackgroundInstallControlService: Package event received: 0
02-19 18:59:35.867   752  1095 D BackgroundInstallControlService: Package event received: 0
02-19 18:59:35.867   752  1095 D BackgroundInstallControlService: Package event received: 0
02-19 18:59:35.870  7804  7804 D RecentsView: finishRecentsAnimation - mRecentsAnimationController: com.android.quickstep.RecentsAnimationController@15f6ca3
02-19 18:59:35.870  7804  7804 D RecentsView: cleanupRemoteTargets - mRemoteTargetHandles: [com.android.quickstep.RemoteTargetGluer$RemoteTargetHandle@1176b3e]
02-19 18:59:35.876  4449  4467 V ShellRecents: [163874533] RecentsController.finishInner: toHome=true userLeave=true willFinishToHome=true state=0 hasPausingTasks=true reason=requested
02-19 18:59:35.876  4449  4467 V ShellRecents:   normal finish
02-19 18:59:35.877  4449  4467 V ShellRecents: [163874533] RecentsController.finishInner: Completing finish
02-19 18:59:35.877  4449  4467 V ShellRecents: [163874533] RecentsController.cleanup
02-19 18:59:35.877  4449  4467 V WindowManagerShell: Transition animation finished (aborted=false), notifying core (#709) android.os.BinderProxy@5215dc@0
02-19 18:59:35.887  4449   614 V WindowManagerShell: onTransitionReady(transaction=3229815427631)
02-19 18:59:35.893   752   794 V WindowManager: Sent Transition (#712) createdAt=02-19 18:59:35.791 via request=TransitionRequestInfo { type = OPEN, triggerTask = TaskInfo{userId=0 taskId=78 effectiveUid=10217 displayId=0 isRunning=true baseIntent=Intent { act=android.intent.action.VIEW dat=intoss://takealook/... flg=0x10000000 cmp=viva.republica.toss.test/im.toss.rn.granite.core.GraniteActivity } baseActivity=ComponentInfo{viva.republica.toss.test/im.toss.rn.granite.core.GraniteActivity} topActivity=ComponentInfo{viva.republica.toss.test/viva.republica.toss.test.MiniAppSchemeActivity} origActivity=null realActivity=ComponentInfo{viva.republica.toss.test/im.toss.rn.granite.core.GraniteActivity} numActivities=7 lastActiveTime=106649653 supportsMultiWindow=true resizeMode=1 isResizeable=true minWidth=-1 minHeight=-1 defaultMinSize=220 token=WCT{RemoteToken{58f5d87 Task{11d79c0 #78 type=standard A=10217:viva.republica.toss.test}}} topActivityType=1 pictureInPictureParams=null shouldDockBigOverlays=false launchIntoPipHostTaskId=-1 lastParentTaskIdBeforePip=-1 displayCutoutSafeInsets=Rect(0, 0 - 0, 0) topActivityInfo=ActivityInfo{1c2689b viva.republica.toss.test.MiniAppSchemeActivity} launchCookies=[] positionInParent=Point(0, 0) parentTaskId=-1 isFocused=false isVisible=true isVisibleRequested=true isTopActivityNoDisplay=false isSleeping=false locusId=null displayAreaFeatureId=1 isTopActivityTransparent=true isActivityStackTransparent=false lastNonFullscreenBounds=Rect(284, 660 - 796, 1740) capturedLink=null capturedLinkTimestamp=0 requestedVisibleTypes=-9 topActivityRequestOpenInBrowserEducationTimestamp=0 appCompatTaskInfo=AppCompatTaskInfo { topActivityInSizeCompat=false eligibleForLetterboxEducation= false isLetterboxEducationEnabled= true isLetterboxDoubleTapEnabled= false eligibleForUserAspectRatioButton= false topActivityBoundsLetterboxed= false isFromLetterboxDoubleTap= false topActivityLetterboxVerticalPosition= -1 topActivityLetterboxHorizontalPosition= -1 topActivityLetterboxWidth=-1 topActivityLetterboxHeight=-1 topActivityAppBounds=Rect(0, 0 - 1080, 2400) isUserFullscreenOverrideEnabled=false isSystemFullscreenOverrideEnabled=false hasMinAspectRatioOverride=false topActivityLetterboxBounds=null cameraCompatTaskInfo=CameraCompatTaskInfo { freeformCameraCompatMode=inactive}} topActivityMainWindowFrame=null}, pipChange = null, remoteTransition = null, displayChange = null, flags = 65536, debugId = 712 }
02-19 18:59:35.894   752   794 V WindowManager:     startWCT=WindowContainerTransaction { changes= {} hops= [] errorCallbackToken=null taskFragmentOrganizer=null }
02-19 18:59:35.895   752   794 V WindowManager:     info={id=712 t=OPEN f=0x10000 trk=2 r=[0@Point(0, 0)] c=[
02-19 18:59:35.895   752   794 V WindowManager:         {m=OPEN f=TRANSLUCENT|FILLS_TASK|IS_BEHIND_STARTING_WINDOW leash=Surface(name=ActivityRecord{178408134 u0 viva.republica.toss.test/.MiniAppSchemeActivity)/@0x6427b95 sb=Rect(0, 0 - 0, 0) eb=Rect(0, 0 - 1080, 2400) epz=Point(1080, 2400) d=-1->0 r=-1->0:-1 bc=ffffffff component=viva.republica.toss.test/.MiniAppSchemeActivity}
02-19 18:59:35.895   752   794 V WindowManager:     ]}
02-19 18:59:35.900   752  1095 D BackgroundInstallControlService: Package event received: 0
02-19 18:59:35.906   752   794 V WindowManager: Finish Transition (#709): created at 02-19 18:57:54.275 collect-started=0.168ms started=0.192ms ready=1478.41ms sent=1625.473ms commit=147.696ms finished=101628.855ms
02-19 18:59:35.906 16566 16566 I blica.toss.test: AssetManager2(0x7d8fac5046d8) locale list changing from [] to [en-US]
02-19 18:59:35.914  4449  4467 V WindowManagerShell: Track 0 became idle
02-19 18:59:35.914  4449  4467 V ShellRecents: [163874533] RecentsController.finishInner: calling finish callback
02-19 18:59:35.915  4449  4467 V WindowManagerShell: onTransitionReady (#712) android.os.BinderProxy@d94a3c4: {id=712 t=OPEN f=0x10000 trk=2 r=[0@Point(0, 0)] c=[
02-19 18:59:35.915  4449  4467 V WindowManagerShell:         {m=OPEN f=TRANSLUCENT|FILLS_TASK|IS_BEHIND_STARTING_WINDOW leash=Surface(name=ActivityRecord{178408134 u0 viva.republica.toss.test/.MiniAppSchemeActivity)/@0x268bca9 sb=Rect(0, 0 - 0, 0) eb=Rect(0, 0 - 1080, 2400) epz=Point(1080, 2400) d=-1->0 r=-1->0:-1 bc=ffffffff component=viva.republica.toss.test/.MiniAppSchemeActivity}
02-19 18:59:35.915  4449  4467 V WindowManagerShell:     ]}
02-19 18:59:35.915  4449  4467 V WindowManagerShell: Playing animation for (#712) android.os.BinderProxy@d94a3c4@2
02-19 18:59:35.916  4449  4467 V ShellRecents: RecentsTransitionHandler.startAnimation: no controller found
02-19 18:59:35.918  4449  4467 V WindowManagerShell: Transition doesn't have explicit remote, search filters for match for {id=712 t=OPEN f=0x10000 trk=2 r=[0@Point(0, 0)] c=[{m=OPEN f=TRANSLUCENT|FILLS_TASK|IS_BEHIND_STARTING_WINDOW leash=Surface(name=ActivityRecord{178408134 u0 viva.republica.toss.test/.MiniAppSchemeActivity)/@0x268bca9 sb=Rect(0, 0 - 0, 0) eb=Rect(0, 0 - 1080, 2400) epz=Point(1080, 2400) d=-1->0 r=-1->0:-1 bc=ffffffff component=viva.republica.toss.test/.MiniAppSchemeActivity}]}
02-19 18:59:35.919  7804  7804 W FrameTracker: Missed SF frame:JANK_COMPOSER, 1898917, 27710127, CUJ=J<RECENTS_SCROLLING>
02-19 18:59:35.921  7804  7804 D RecentsView: cleanupRemoteTargets - mRemoteTargetHandles: null
02-19 18:59:35.920  4449  4467 V WindowManagerShell:  Checking filter Pair{{types=[] flags=0x0] notFlags=0x0 checks=[{atype=undefined independent=true modes=[CLOSE,TO_BACK] flags=IN_TASK_WITH_EMBEDDED_ACTIVITY mustBeTask=false order=ANY topActivity=null launchCookie=null taskFragmentToken=android.os.BinderProxy@dcfd27d windowingMode=undefined}]} RemoteTransition { remoteTransition = android.window.IRemoteTransition$Stub$Proxy@d4ce572, appThread = android.app.IApplicationThread$Stub$Proxy@fd29dc3, debugName = overlayBackTransition }}
02-19 18:59:35.931   531   602 I BpBinder: onLastStrongRef automatically unlinking death recipients: 
02-19 18:59:35.932  4449  4467 V WindowManagerShell:  Checking filter Pair{{types=[] flags=0x0] notFlags=0x0 checks=[{atype=dream independent=true modes=[OPEN,TO_FRONT] flags=NONE mustBeTask=false order=ANY topActivity=null launchCookie=null windowingMode=undefined},{atype=home independent=true modes=[CLOSE,TO_BACK] flags=NONE mustBeTask=false order=ANY topActivity=null launchCookie=null windowingMode=undefined}]} RemoteTransition { remoteTransition = android.window.IRemoteTransition$Stub$Proxy@90c640, appThread = android.app.IApplicationThread$Stub$Proxy@f8c1979, debugName = LauncherToDream }}
02-19 18:59:35.932  4449  4467 V WindowManagerShell:  Checking filter Pair{{types=[] flags=0x0] notFlags=0x100 checks=[{atype=home independent=true modes=[OPEN,TO_FRONT] flags=NONE mustBeTask=false order=TOP topActivity=ComponentInfo{com.google.android.apps.nexuslauncher/com.google.android.apps.nexuslauncher.NexusLauncherActivity} launchCookie=null windowingMode=undefined},{atype=standard independent=true modes=[CLOSE,TO_BACK] flags=NONE mustBeTask=false order=ANY topActivity=null launchCookie=null windowingMode=undefined},{NOT atype=undefined independent=true modes=[] flags=NONE mustBeTask=true order=ANY topActivity=null launchCookie=null customAnim=true windowingMode=undefined}]} RemoteTransition { remoteTransition = android.window.IRemoteTransition$Stub$Proxy@affe6be, appThread = android.app.IApplicationThread$Stub$Proxy@c37531f, debugName = QuickstepLaunchHome }}
02-19 18:59:35.946  4449  4467 V WindowManagerShell:  Checking filter Pair{{types=[] flags=0x0] notFlags=0x0 checks=[{atype=undefined independent=true modes=[CLOSE,TO_BACK] flags=IN_TASK_WITH_EMBEDDED_ACTIVITY mustBeTask=false order=ANY topActivity=null launchCookie=null taskFragmentToken=android.os.BinderProxy@dcfd27d windowingMode=undefined}]} RemoteTransition { remoteTransition = android.window.IRemoteTransition$Stub$Proxy@3517b6e, appThread = android.app.IApplicationThread$Stub$Proxy@261420f, debugName = overlayBackTransition }}
02-19 18:59:35.947  4449  4467 V WindowManagerShell:  Checking filter Pair{{types=[] flags=0x0] notFlags=0x0 checks=[{atype=dream independent=true modes=[OPEN,TO_FRONT] flags=NONE mustBeTask=false order=ANY topActivity=null launchCookie=null windowingMode=undefined},{atype=home independent=true modes=[CLOSE,TO_BACK] flags=NONE mustBeTask=false order=ANY topActivity=null launchCookie=null windowingMode=undefined}]} RemoteTransition { remoteTransition = android.window.IRemoteTransition$Stub$Proxy@c23e29c, appThread = android.app.IApplicationThread$Stub$Proxy@afb34a5, debugName = LauncherToDream }}
02-19 18:59:35.950  7804  7804 D RecentsView: onRecentsAnimationComplete - mRecentsAnimationController: com.android.quickstep.RecentsAnimationController@15f6ca3, mSideTaskLaunchCallback: null
02-19 18:59:35.947  4449  4467 V WindowManagerShell:  Checking filter Pair{{types=[] flags=0x0] notFlags=0x100 checks=[{atype=home independent=true modes=[OPEN,TO_FRONT] flags=NONE mustBeTask=false order=TOP topActivity=ComponentInfo{com.google.android.apps.nexuslauncher/com.google.android.apps.nexuslauncher.NexusLauncherActivity} launchCookie=null windowingMode=undefined},{atype=standard independent=true modes=[CLOSE,TO_BACK] flags=NONE mustBeTask=false order=ANY topActivity=null launchCookie=null windowingMode=undefined},{NOT atype=undefined independent=true modes=[] flags=NONE mustBeTask=true order=ANY topActivity=null launchCookie=null customAnim=true windowingMode=undefined}]} RemoteTransition { remoteTransition = android.window.IRemoteTransition$Stub$Proxy@39de07a, appThread = android.app.IApplicationThread$Stub$Proxy@cf9f02b, debugName = QuickstepLaunchHome }}
02-19 18:59:35.954  4449  4467 V WindowManagerShell:  Delegate animation for (#712) to null
02-19 18:59:35.956  4449  4467 V WindowManagerShell: start default transition animation, info = {id=712 t=OPEN f=0x10000 trk=2 r=[0@Point(0, 0)] c=[{m=OPEN f=TRANSLUCENT|FILLS_TASK|IS_BEHIND_STARTING_WINDOW leash=Surface(name=ActivityRecord{178408134 u0 viva.republica.toss.test/.MiniAppSchemeActivity)/@0x268bca9 sb=Rect(0, 0 - 0, 0) eb=Rect(0, 0 - 1080, 2400) epz=Point(1080, 2400) d=-1->0 r=-1->0:-1 bc=ffffffff component=viva.republica.toss.test/.MiniAppSchemeActivity}]}
02-19 18:59:35.961  4449  4467 V WindowManagerShell: loadAnimation: anim=null animAttr=0x4 type=OPEN isEntrance=true
02-19 18:59:35.964  4449  4467 V WindowManagerShell: Transition animation finished (aborted=false), notifying core (#712) android.os.BinderProxy@d94a3c4@2
02-19 18:59:35.990  4449  4467 V WindowManagerShell: Track 2 became idle
02-19 18:59:35.991  4449  4467 V WindowManagerShell: All active transition animations finished
02-19 18:59:35.991   752   797 V WindowManager: Unknown focus tokens, dropping reportFocusChanged
02-19 18:59:35.992  4449  4467 V WindowManagerShell:  animated by com.android.wm.shell.transition.DefaultTransitionHandler@f74d823
02-19 18:59:35.992   752   794 V WindowManager: Finish Transition (#712): created at 02-19 18:59:35.791 collect-started=0.05ms request-sent=21.227ms started=29.327ms ready=29.324ms sent=93.143ms finished=190.244ms
02-19 18:59:35.992  4449  4467 V WindowManagerShell: Track 2 became idle
02-19 18:59:35.992  4449  4467 V WindowManagerShell: All active transition animations finished
02-19 18:59:35.993   752   797 W IPCThreadState: Sending oneway calls to frozen process.
02-19 18:59:35.994   752  1095 D BackgroundInstallControlService: Package event received: 0
02-19 18:59:35.995   752  1095 D BackgroundInstallControlService: Package event received: 0
02-19 18:59:35.996   752   797 W IPCThreadState: Sending oneway calls to frozen process.
02-19 18:59:35.996   752   797 W IPCThreadState: Sending oneway calls to frozen process.
02-19 18:59:35.996   752   797 W IPCThreadState: Sending oneway calls to frozen process.
02-19 18:59:35.999   752   797 W IPCThreadState: Sending oneway calls to frozen process.
02-19 18:59:36.003   752   797 W IPCThreadState: Sending oneway calls to frozen process.
02-19 18:59:36.003   752   797 W IPCThreadState: Sending oneway calls to frozen process.
02-19 18:59:36.006   752   797 W IPCThreadState: Sending oneway calls to frozen process.
02-19 18:59:36.007   752   797 W IPCThreadState: Sending oneway calls to frozen process.
02-19 18:59:36.017   752   797 W ProcessStats: Tracking association SourceState{1b917ca system/1000 BFgs #21473} whose proc state 4 is better than process ProcessState{42c4ef0 com.google.android.ext.services/10208 pkg=com.google.android.ext.services} proc state 14 (1 skipped)
02-19 18:59:36.021  7804  7804 D StateManager: onStateTransitionEnd - state: Normal
02-19 18:59:36.024  7804  7804 D RecentsView: reset - mEnableDrawingLiveTile: true, mRecentsAnimationController: null
02-19 18:59:36.027  7804  7804 I AiAiSuggestUi: Clearing suggestions.
02-19 18:59:36.029  7804  7804 I AiAiSuggestUi: Clearing suggestions.
02-19 18:59:36.030  7804  7804 D ActivityAllAppsContainerView: rebindAdapters: force: false
02-19 18:59:36.032  7804  7804 D ActivityAllAppsContainerView: rebindAdapters: Not needed.
02-19 18:59:36.049 16566 16566 D VRI[GraniteActivity]: visibilityChanged oldVisibility=true newVisibility=false
02-19 18:59:36.058  7804  7804 D OverviewActionsView: updateForGroupedTask() called with: isGroupedTask = [false], canSaveAppPair = [false]
02-19 18:59:36.059  7804  7804 D OverviewActionsView: updateActionButtonsVisibility() called: showSingleTaskActions = [true], showGroupActions = [false]
02-19 18:59:36.071 16566 16566 W WindowOnBackDispatcher: sendCancelIfRunning: isInProgress=false callback=android.view.ViewRootImpl$$ExternalSyntheticLambda13@d36c4ee
02-19 18:59:36.084   752  2505 D CoreBackPreview: Window{6cc8432 u0 viva.republica.toss.test/viva.republica.toss.test.MiniAppSchemeActivity}: Setting back callback null
02-19 18:59:36.138   752   989 I ImeTracker: com.google.android.apps.nexuslauncher:833d2974: onRequestHide at ORIGIN_SERVER reason HIDE_UNSPECIFIED_WINDOW fromUser false
02-19 18:59:36.141  7804  7804 D InsetsController: hide(ime(), fromIme=false)
02-19 18:59:36.141  7804  7804 I ImeTracker: com.google.android.apps.nexuslauncher:833d2974: onCancelled at PHASE_CLIENT_ALREADY_HIDDEN
02-19 18:59:36.152 16566 16566 D ViewRootImpl: Skipping stats log for color mode
02-19 18:59:36.158  1563  1563 I GoogleInputMethodService: GoogleInputMethodService.onFinishInput():2043 
02-19 18:59:36.159  1563  1563 I Module  : DeviceLockedStatusModuleProvider$Module.updateDeviceLockedStatus():100 repeatCheckTimes = 0, locked = false
02-19 18:59:36.161  1563  1563 I GoogleInputMethodService: GoogleInputMethodService.onStartInput():1293 onStartInput(EditorInfo{EditorInfo{packageName=com.google.android.apps.nexuslauncher, inputType=0, inputTypeString=NULL, enableLearning=false, autoCorrection=false, autoComplete=false, imeOptions=0, privateImeOptions=null, actionName=UNSPECIFIED, actionLabel=null, initialSelStart=-1, initialSelEnd=-1, initialCapsMode=0, label=null, fieldId=0, fieldName=null, extras=null, hintText=null, hintLocales=[]}}, false)
02-19 18:59:36.162  1563  1563 I Module  : DeviceLockedStatusModuleProvider$Module.updateDeviceLockedStatus():100 repeatCheckTimes = 1, locked = false
02-19 18:59:36.163  1563  1563 I EmojiCompatManager: EmojiCompatManager.getEmojiCompatIfLoaded():343 EmojiCompat.init() was never called.
02-19 18:59:36.163  1563  1563 I EmojiCompatManager: java.lang.IllegalStateException: EmojiCompat is not initialized. Please call EmojiCompat.init() first
02-19 18:59:36.163  1563  1563 I EmojiCompatManager: 	at asx.p(PG:6)
02-19 18:59:36.163  1563  1563 I EmojiCompatManager: 	at axb.b(PG:13)
02-19 18:59:36.163  1563  1563 I EmojiCompatManager: 	at jnr.b(PG:2)
02-19 18:59:36.163  1563  1563 I EmojiCompatManager: 	at jnr.c(PG:4)
02-19 18:59:36.163  1563  1563 I EmojiCompatManager: 	at jnr.f(PG:3)
02-19 18:59:36.163  1563  1563 I EmojiCompatManager: 	at jnx.c(PG:3)
02-19 18:59:36.163  1563  1563 I EmojiCompatManager: 	at kif.cz(PG:47)
02-19 18:59:36.163  1563  1563 I EmojiCompatManager: 	at lhl.run(PG:1025)
02-19 18:59:36.163  1563  1563 I EmojiCompatManager: 	at jaf.execute(PG:12)
02-19 18:59:36.163  1563  1563 I EmojiCompatManager: 	at nco.v(PG:13)
02-19 18:59:36.163  1563  1563 I EmojiCompatManager: 	at lhn.m(PG:96)
02-19 18:59:36.163  1563  1563 I EmojiCompatManager: 	at lhn.k(PG:25)
02-19 18:59:36.163  1563  1563 I EmojiCompatManager: 	at kgn.onStartInput(PG:250)
02-19 18:59:36.163  1563  1563 I EmojiCompatManager: 	at android.inputmethodservice.InputMethodService.doStartInput(InputMethodService.java:3521)
02-19 18:59:36.163  1563  1563 I EmojiCompatManager: 	at android.inputmethodservice.InputMethodService$InputMethodImpl.startInput(InputMethodService.java:879)
02-19 18:59:36.163  1563  1563 I EmojiCompatManager: 	at android.inputmethodservice.InputMethodService$InputMethodImpl.dispatchStartInput(InputMethodService.java:908)
02-19 18:59:36.163  1563  1563 I EmojiCompatManager: 	at android.inputmethodservice.IInputMethodWrapper.executeMessage(IInputMethodWrapper.java:201)
02-19 18:59:36.163  1563  1563 I EmojiCompatManager: 	at com.android.internal.os.HandlerCaller$MyHandler.handleMessage(HandlerCaller.java:44)
02-19 18:59:36.163  1563  1563 I EmojiCompatManager: 	at android.os.Handler.dispatchMessage(Handler.java:110)
02-19 18:59:36.163  1563  1563 I EmojiCompatManager: 	at android.os.Looper.loopOnce(Looper.java:248)
02-19 18:59:36.163  1563  1563 I EmojiCompatManager: 	at android.os.Looper.loop(Looper.java:338)
02-19 18:59:36.163  1563  1563 I EmojiCompatManager: 	at android.app.ActivityThread.main(ActivityThread.java:9067)
02-19 18:59:36.163  1563  1563 I EmojiCompatManager: 	at java.lang.reflect.Method.invoke(Native Method)
02-19 18:59:36.163  1563  1563 I EmojiCompatManager: 	at com.android.internal.os.RuntimeInit$MethodAndArgsCaller.run(RuntimeInit.java:593)
02-19 18:59:36.163  1563  1563 I EmojiCompatManager: 	at com.android.internal.os.ZygoteInit.main(ZygoteInit.java:932)
02-19 18:59:36.164   752  2503 W PackageConfigPersister: App-specific configuration not found for packageName: com.google.android.apps.nexuslauncher and userId: 0
02-19 18:59:36.196   752  2505 I ImeTracker: system_server:dbd0b1b0: onRequestHide at ORIGIN_SERVER reason IME_REQUESTED_CHANGED_LISTENER fromUser false
02-19 18:59:36.206   752   797 I ImeTracker: system_server:dbd0b1b0: onCancelled at PHASE_SERVER_SHOULD_HIDE
02-19 18:59:36.323  7804  7808 I s.nexuslauncher: NativeAlloc concurrent mark compact GC freed 977KB AllocSpace bytes, 0(0B) LOS objects, 49% free, 5585KB/10MB, paused 630us,2.864ms total 181.242ms
02-19 18:59:36.348 16566 16700 I ReactNativeJNI: Memory warning (pressure level: TRIM_MEMORY_UI_HIDDEN) received by JS VM, ignoring because it's non-severe
02-19 18:59:36.350 16566 16883 I ReactNativeJNI: Memory warning (pressure level: TRIM_MEMORY_UI_HIDDEN) received by JS VM, ignoring because it's non-severe
02-19 18:59:36.354 16566 16992 I ReactNativeJNI: Memory warning (pressure level: TRIM_MEMORY_UI_HIDDEN) received by JS VM, ignoring because it's non-severe
02-19 18:59:36.356 16566 17150 I ReactNativeJNI: Memory warning (pressure level: TRIM_MEMORY_UI_HIDDEN) received by JS VM, ignoring because it's non-severe
02-19 18:59:36.356 16566 17237 I ReactNativeJNI: Memory warning (pressure level: TRIM_MEMORY_UI_HIDDEN) received by JS VM, ignoring because it's non-severe
02-19 18:59:36.356 16566 17408 I ReactNativeJNI: Memory warning (pressure level: TRIM_MEMORY_UI_HIDDEN) received by JS VM, ignoring because it's non-severe
02-19 18:59:36.384   752  1095 D BackgroundInstallControlService: Package event received: 0
02-19 18:59:36.385   752  1095 D BackgroundInstallControlService: Package event received: 0
02-19 18:59:36.385   752  1095 D BackgroundInstallControlService: Package event received: 0
02-19 18:59:36.385   752  1095 D BackgroundInstallControlService: Package event received: 0
02-19 18:59:36.385   752  1095 D BackgroundInstallControlService: Package event received: 0
02-19 18:59:36.385   752  1095 D BackgroundInstallControlService: Package event received: 0
02-19 18:59:36.387   752  1095 D BackgroundInstallControlService: Package event received: 0
02-19 18:59:36.387   752  1095 D BackgroundInstallControlService: Package event received: 0
02-19 18:59:36.387   752  1095 D BackgroundInstallControlService: Package event received: 0
02-19 18:59:36.387   752  1095 D BackgroundInstallControlService: Package event received: 0
02-19 18:59:36.388   752  1095 D BackgroundInstallControlService: Package event received: 0
02-19 18:59:36.388   752  1095 D BackgroundInstallControlService: Package event received: 0
02-19 18:59:36.390  7804  7810 W System  : A resource failed to call release. 
02-19 18:59:36.390  7804  7810 W System  : A resource failed to call release. 
02-19 18:59:36.391  7804  7810 W System  : A resource failed to call release. 
02-19 18:59:36.391  7804  7810 W System  : A resource failed to call release. 
02-19 18:59:36.449   752  1095 D BackgroundInstallControlService: Package event received: 0
02-19 18:59:36.517   752  1095 D BackgroundInstallControlService: Package event received: 0
02-19 18:59:38.555 17457 17457 W dumpsys : Thread Pool max thread count is 0. Cannot cache binder as linkToDeath cannot be implemented. serviceName: window
02-19 18:59:38.650   752  1509 I system_server: AssetManager2(0x7d8fac4475d8) locale list changing from [] to [en-US]
02-19 18:59:38.706   752  1509 I system_server: AssetManager2(0x7d8fac447f38) locale list changing from [] to [en-US]
02-19 18:59:38.717   752  1509 I system_server: AssetManager2(0x7d8fac4d2098) locale list changing from [] to [en-US]
02-19 18:59:38.802   752  1509 I system_server: AssetManager2(0x7d8fac4d3678) locale list changing from [] to [en-US]
02-19 18:59:38.912   752  1509 I system_server: AssetManager2(0x7d8fac4ecfd8) locale list changing from [] to [en-US]
02-19 18:59:38.933   752  1509 I system_server: AssetManager2(0x7d8fac459b98) locale list changing from [] to [en-US]
02-19 18:59:39.236   752   795 W ActivityTaskManager: callingPackage for (uid=-1, pid=0) has no WPC
02-19 18:59:39.236   752   795 W ActivityStartInterceptor: Starting home with component specified, uid=0
02-19 18:59:39.237   752   795 W OptProp : Cannot read opt property android.window.PROPERTY_COMPAT_ALLOW_USER_ASPECT_RATIO_OVERRIDE
02-19 18:59:39.238   752   795 W OptProp : Cannot read opt property android.window.PROPERTY_COMPAT_ALLOW_USER_ASPECT_RATIO_FULLSCREEN_OVERRIDE
02-19 18:59:39.238   752   795 W OptProp : Cannot read opt property android.window.PROPERTY_COMPAT_ALLOW_RESIZEABLE_ACTIVITY_OVERRIDES
02-19 18:59:39.238   752   795 W OptProp : Cannot read opt property android.window.PROPERTY_COMPAT_ALLOW_MIN_ASPECT_RATIO_OVERRIDE
02-19 18:59:39.238   752   795 V GrammaticalInflectionUtils: AttributionSource: android.content.AttributionSource@1abea79a does not have READ_SYSTEM_GRAMMATICAL_GENDER permission.
02-19 18:59:39.239  4449  4449 I vol.VolumeDialogImpl: mDialog.dismiss() reason: volume_controller from: com.android.systemui.volume.VolumeDialogImpl$7.onDismissRequested:3
02-19 18:59:39.241  4449  4532 D KeyguardService: setOccluded(false)
02-19 18:59:39.241  4449  4532 D KeyguardViewMediator: setOccluded(false)
02-19 18:59:39.241   752   795 I ActivityTaskManager: START u0 {act=android.intent.action.MAIN cat=[android.intent.category.HOME] flg=0x10000100 cmp=com.google.android.apps.nexuslauncher/.NexusLauncherActivity (has extras)} with LAUNCH_SINGLE_TASK from uid 0 (BAL_ALLOW_ALLOWLISTED_UID) result code=3
02-19 18:59:39.241  4449  4449 D KeyguardViewMediator: handleSetOccluded(false)
02-19 18:59:39.242  4449  4449 D KeyguardViewMediator: KeyguardViewMediator queue processing message: SET_OCCLUDED
02-19 18:59:39.242  7804  7804 W SplitSelectStateCtor: Missing session instanceIds
02-19 18:59:39.242  7804  7804 D StatsLog: LAUNCHER_SPLIT_SELECTION_EXIT_INTERRUPTED
02-19 18:59:39.242  4449  4467 D WindowManagerShell: onActivityRestartAttempt: topActivity=ComponentInfo{com.google.android.apps.nexuslauncher/com.google.android.apps.nexuslauncher.NexusLauncherActivity}, wasVisible=true
02-19 18:59:39.243  7804  7804 D TFOManager: playPanelCloseAnimation() duration=200 traceTag=LauncherOverlay-hide isHomeButtonTap=true
02-19 18:59:39.243  7804  7804 D TFOManager: Skipped creating panel close animation because -1 is invisible.
02-19 18:59:39.243  7804  7804 D OverviewCommandHelper: clearing pending commands: []
02-19 18:59:39.244  7804  7804 D StatsLog: LAUNCHER_ONRESUME
02-19 18:59:39.244   531   548 I BpBinder: onLastStrongRef automatically unlinking death recipients: 
02-19 18:59:39.248  7804  7804 I NotificationListener: Handling notification state refresh for com.google.android.adservices.api#0
02-19 18:59:39.248  7804  7804 I NotificationListener: Handling notification state refresh for android#0
02-19 18:59:39.248  7804  7804 I NotificationListener: Handling notification state refresh for com.android.systemui#0
02-19 18:59:39.248  7804  7823 D QuickstepModelDelegate: notifyAppTargetEvent action=1 launchLocation=workspace/0/[-1,-1]/[1,1]
02-19 18:59:39.251  1971  2198 I AiAiEcho: Predicting[0]:  [CONTEXT sampling_count=5 ]
02-19 18:59:39.251  1971  2198 I AiAiEcho: EchoTargets: 
02-19 18:59:39.251  1971  2198 I AiAiEcho: Filtered by AiAi flag check: 
02-19 18:59:39.251  1971  2198 I AiAiEcho: [CONTEXT ratelimit_period="10 SECONDS" ]
02-19 18:59:39.251  1971  2198 I AiAiEcho: #remoteViewsTwiddler: feature disabled.
02-19 18:59:39.252  1971  2198 I AiAiEcho: #postPredictionTargets: Sending updates to UISurface home with targets# 0 (types=[])
02-19 18:59:39.253  7804  7804 D SsBaseTemplateCard: No text view can be set up
02-19 18:59:39.253  7804  7804 D SsBaseTemplateCard: Passed-in item info is null
02-19 18:59:39.253  7804  7804 D SsBaseTemplateCard: Passed-in item info is null
02-19 18:59:39.253  7804  7804 D SsBaseTemplateCard: Passed-in item info is null
02-19 18:59:39.253  7804  7804 I SsBaseTemplateCard: Secondary card pane is null
02-19 18:59:39.872  7804  7804 I Choreographer: Skipped 37 frames!  The application may be doing too much work on its main thread.
02-19 18:59:39.875  4449  4449 I Choreographer: Skipped 38 frames!  The application may be doing too much work on its main thread.
02-19 18:59:39.878   752  1856 E TaskPersister: File error accessing recents directory (directory doesn't exist?).
02-19 18:59:39.901 17465 17465 W dumpsys : Thread Pool max thread count is 0. Cannot cache binder as linkToDeath cannot be implemented. serviceName: package
02-19 18:59:40.032 17429 17429 I artd    : GetBestInfo: odex next to the dex file (/data/app/~~O-UZzK0jUU9NLgS3MODOZA==/com.google.android.gms-YQ2L6GsYyKuvu9MvIBK1EQ==/oat/x86_64/base.odex) is kOatUpToDate with filter 'speed-profile' executable 'false'
02-19 18:59:40.035 17429 17429 I artd    : GetBestInfo: odex next to the dex file (/data/app/~~O-UZzK0jUU9NLgS3MODOZA==/com.google.android.gms-YQ2L6GsYyKuvu9MvIBK1EQ==/oat/x86_64/split_AdsDynamite_installtime.odex) is kOatUpToDate with filter 'speed' executable 'false'
02-19 18:59:40.038 17429 17429 I artd    : GetBestInfo: odex next to the dex file (/data/app/~~O-UZzK0jUU9NLgS3MODOZA==/com.google.android.gms-YQ2L6GsYyKuvu9MvIBK1EQ==/oat/x86_64/split_CronetDynamite_installtime.odex) is kOatUpToDate with filter 'speed' executable 'false'
02-19 18:59:40.040 17429 17429 I artd    : GetBestInfo: odex next to the dex file (/data/app/~~O-UZzK0jUU9NLgS3MODOZA==/com.google.android.gms-YQ2L6GsYyKuvu9MvIBK1EQ==/oat/x86_64/split_DynamiteLoader_installtime.odex) is kOatUpToDate with filter 'speed' executable 'false'
02-19 18:59:40.043 17429 17429 I artd    : GetBestInfo: odex next to the dex file (/data/app/~~O-UZzK0jUU9NLgS3MODOZA==/com.google.android.gms-YQ2L6GsYyKuvu9MvIBK1EQ==/oat/x86_64/split_DynamiteModulesA_installtime.odex) is kOatUpToDate with filter 'speed' executable 'false'
02-19 18:59:40.046 17429 17429 I artd    : GetBestInfo: odex next to the dex file (/data/app/~~O-UZzK0jUU9NLgS3MODOZA==/com.google.android.gms-YQ2L6GsYyKuvu9MvIBK1EQ==/oat/x86_64/split_DynamiteModulesC_installtime.odex) is kOatUpToDate with filter 'speed' executable 'false'
02-19 18:59:40.049 17429 17429 I artd    : GetBestInfo: odex next to the dex file (/data/app/~~O-UZzK0jUU9NLgS3MODOZA==/com.google.android.gms-YQ2L6GsYyKuvu9MvIBK1EQ==/oat/x86_64/split_GoogleCertificates_installtime.odex) is kOatUpToDate with filter 'speed' executable 'false'
02-19 18:59:40.051 17429 17429 I artd    : GetBestInfo: odex next to the dex file (/data/app/~~O-UZzK0jUU9NLgS3MODOZA==/com.google.android.gms-YQ2L6GsYyKuvu9MvIBK1EQ==/oat/x86_64/split_MapsDynamite_installtime.odex) is kOatUpToDate with filter 'speed' executable 'false'
02-19 18:59:40.054 17429 17429 I artd    : GetBestInfo: odex next to the dex file (/data/app/~~O-UZzK0jUU9NLgS3MODOZA==/com.google.android.gms-YQ2L6GsYyKuvu9MvIBK1EQ==/oat/x86_64/split_MeasurementDynamite_installtime.odex) is kOatUpToDate with filter 'speed' executable 'false'
02-19 18:59:40.056 17429 17429 I artd    : GetBestInfo: /data/app/~~O-UZzK0jUU9NLgS3MODOZA==/com.google.android.gms-YQ2L6GsYyKuvu9MvIBK1EQ==/split_maps_core_dynamite_ondemand.apk has no usable artifacts
02-19 18:59:40.058 17429 17429 I artd    : GetBestInfo: /data/user_de/0/com.google.android.gms/app_chimera/m/0000000c/dl-Appsearch.optional_250834100800.apk has no usable artifacts
02-19 18:59:40.058 17429 17429 I artd    : GetBestInfo: /data/user_de/0/com.google.android.gms/app_chimera/m/00000001/CronetDynamite.apk has no usable artifacts
02-19 18:59:40.059 17429 17429 I artd    : GetBestInfo: /data/user_de/0/com.google.android.gms/app_chimera/m/00000002/DynamiteLoader.apk has no usable artifacts
02-19 18:59:40.060 17429 17429 I artd    : GetBestInfo: /data/user_de/0/com.google.android.gms/app_chimera/m/00000005/GoogleCertificates.apk has no usable artifacts
02-19 18:59:40.061 17429 17429 I artd    : GetBestInfo: /data/user_de/0/com.google.android.gms/app_chimera/m/00000009/dl-TfliteDynamiteDynamite.integ_252130102100800.apk has no usable artifacts
02-19 18:59:40.064 17429 17429 I artd    : GetBestInfo: vdex next to the dex file (/data/user/0/com.google.android.gms/app_dg_cache/BF7C023AB90CCF01D1F467FC1CEBAF866511FF29/oat/x86_64/the.vdex) is kOatUpToDate with filter 'verify' executable 'false'
02-19 18:59:40.066 17429 17429 I artd    : GetBestInfo: /data/user_de/0/com.google.android.gms/app_chimera/m/00000010/dl-PlayCloudSearch.optional_250834100000.apk has no usable artifacts
02-19 18:59:40.068 17429 17429 I artd    : GetBestInfo: /data/user_de/0/com.google.android.gms/app_chimera/m/00000017/dl-PlayCloudSearch.optional_260438100000.apk has no usable artifacts
02-19 18:59:40.070 17429 17429 I artd    : GetBestInfo: /data/user_de/0/com.google.android.gms/app_chimera/m/00000015/dl-MlkitOcrCommon.optional_260438100800.apk has no usable artifacts
02-19 18:59:40.072 17429 17429 I artd    : GetBestInfo: /data/user_de/0/com.google.android.gms/app_chimera/m/00000013/dl-MlkitBarcodeUi.optional_260438100800.apk has no usable artifacts
02-19 18:59:40.074 17429 17429 I artd    : GetBestInfo: /data/user_de/0/com.google.android.gms/app_chimera/m/0000000f/dl-MlkitOcrCommon.optional_250834100800.apk has no usable artifacts
02-19 18:59:40.077 17429 17429 I artd    : GetBestInfo: /data/user_de/0/com.google.android.gms/app_chimera/m/0000000d/dl-VisionOcr.optional_250834100000.apk has no usable artifacts
02-19 18:59:40.079 17429 17429 I artd    : GetBestInfo: /data/user_de/0/com.google.android.gms/app_chimera/m/0000000a/dl-MlkitBarcodeUi.optional_250834100800.apk has no usable artifacts
02-19 18:59:40.081 17429 17429 I artd    : GetBestInfo: /data/user_de/0/com.google.android.gms/app_chimera/m/00000011/dl-VisionOcr.optional_260438100000.apk has no usable artifacts
02-19 18:59:40.083 17429 17429 I artd    : GetBestInfo: /data/user_de/0/com.google.android.gms/app_chimera/m/00000012/dl-Appsearch.optional_260438100800.apk has no usable artifacts
02-19 18:59:40.086 17429 17429 I artd    : GetBestInfo: vdex next to the dex file (/data/user/0/com.google.android.gms/app_dg_cache/94DF452EEF4B8E717545DCDEA6CC3C50A319A195/oat/x86_64/the.vdex) is kOatUpToDate with filter 'verify' executable 'false'
02-19 18:59:40.087 17429 17429 I artd    : GetBestInfo: /data/user_de/0/com.google.android.gms/app_chimera/m/00000007/MeasurementDynamite.apk has no usable artifacts
02-19 18:59:40.088 17429 17429 I artd    : GetBestInfo: /data/user_de/0/com.google.android.gms/app_chimera/m/00000018/dl-AdsFdrDynamite.integ_254380203100000.apk has no usable artifacts
02-19 18:59:40.619  7804  7804 I Choreographer: Skipped 30 frames!  The application may be doing too much work on its main thread.
02-19 18:59:40.620  4449  4449 I Choreographer: Skipped 30 frames!  The application may be doing too much work on its main thread.
02-19 18:59:42.999  1336  1556 D SatelliteController: iisInCarrierRoamingNbIotNtn: satellite is disabled
02-19 18:59:43.021   752  1029 D InetDiagMessage: Destroyed 0 sockets, proto=IPPROTO_TCP, family=AF_INET, states=14
02-19 18:59:43.040   752  1029 D InetDiagMessage: Destroyed 12 sockets, proto=IPPROTO_TCP, family=AF_INET6, states=14
02-19 18:59:43.041   752  1029 D InetDiagMessage: Destroyed live tcp sockets for uids={10217} in 26ms
02-19 18:59:43.042   752  1029 D InetDiagMessage: Destroyed 0 sockets, proto=IPPROTO_TCP, family=AF_INET, states=14
02-19 18:59:43.047   752  1029 D InetDiagMessage: Destroyed 0 sockets, proto=IPPROTO_TCP, family=AF_INET6, states=14
02-19 18:59:43.047   752  1029 D InetDiagMessage: Destroyed live tcp sockets for uids={20217} in 6ms
02-19 18:59:43.067   752  1029 D InetDiagMessage: Destroyed 0 sockets, proto=IPPROTO_TCP, family=AF_INET, states=14
02-19 18:59:43.071   752  1029 D InetDiagMessage: Destroyed 0 sockets, proto=IPPROTO_TCP, family=AF_INET6, states=14
02-19 18:59:43.071   752  1029 D InetDiagMessage: Destroyed live tcp sockets for uids={10205} in 6ms
02-19 18:59:43.072   752  1029 D InetDiagMessage: Destroyed 0 sockets, proto=IPPROTO_TCP, family=AF_INET, states=14
02-19 18:59:43.076  1563  1563 I StylusModule: StylusModule.onUpdateToolType():801 Update tool type = 0
02-19 18:59:43.077   752  1029 D InetDiagMessage: Destroyed 0 sockets, proto=IPPROTO_TCP, family=AF_INET6, states=14
02-19 18:59:43.077   752  1029 D InetDiagMessage: Destroyed live tcp sockets for uids={20205} in 6ms
02-19 18:59:43.104   752   981 I InputDispatcher: e08c54 com.google.android.apps.nexuslauncher/com.google.android.apps.nexuslauncher.NexusLauncherActivity spent 2433ms processing KeyEvent
02-19 18:59:44.535   752   797 E BLASTSyncEngine: WM sent Transaction (#713, Transition-OPEN, tx=3229815427651) to organizer, but never received commit callback. Application ANR likely to follow.
02-19 18:59:44.576 17475 17475 W dumpsys : Thread Pool max thread count is 0. Cannot cache binder as linkToDeath cannot be implemented. serviceName: window
02-19 18:59:44.870   752  2503 W ActivityTaskManager: callingPackage for (uid=2000, pid=17480) has no WPC
02-19 18:59:44.872   752  2503 V GrammaticalInflectionUtils: AttributionSource: android.content.AttributionSource@56784557 does not have READ_SYSTEM_GRAMMATICAL_GENDER permission.
02-19 18:59:44.873   752  2503 W OptProp : Cannot read opt property android.window.PROPERTY_COMPAT_ALLOW_USER_ASPECT_RATIO_OVERRIDE
02-19 18:59:44.873   752  2503 W OptProp : Cannot read opt property android.window.PROPERTY_COMPAT_ALLOW_USER_ASPECT_RATIO_FULLSCREEN_OVERRIDE
02-19 18:59:44.873   752  2503 W OptProp : Cannot read opt property android.window.PROPERTY_COMPAT_ALLOW_RESIZEABLE_ACTIVITY_OVERRIDES
02-19 18:59:44.874   752  2503 W OptProp : Cannot read opt property android.window.PROPERTY_COMPAT_ALLOW_MIN_ASPECT_RATIO_OVERRIDE
02-19 18:59:44.877   531   590 I BpBinder: onLastStrongRef automatically unlinking death recipients: 
02-19 18:59:44.883   752  2503 I ActivityTaskManager: START u0 {act=android.intent.action.VIEW dat=intoss://takealook/... flg=0x10000000 xflg=0x4 cmp=viva.republica.toss.test/im.toss.rn.granite.core.GraniteActivity} with LAUNCH_MULTIPLE from uid 2000 (BAL_ALLOW_PERMISSION) result code=2
