02-19 10:36:51.878   752   794 V WindowManager: Sent Transition (#112) createdAt=02-19 10:36:51.791 via request=TransitionRequestInfo { type = OPEN, triggerTask = TaskInfo{userId=0 taskId=46 effectiveUid=10217 displayId=0 isRunning=true baseIntent=Intent { act=android.intent.action.VIEW dat=intoss://takealook/... flg=0x10000000 cmp=viva.republica.toss.test/im.toss.rn.granite.core.GraniteActivity } baseActivity=ComponentInfo{viva.republica.toss.test/im.toss.rn.granite.core.GraniteActivity} topActivity=ComponentInfo{viva.republica.toss.test/im.toss.rn.granite.core.GraniteActivity} origActivity=null realActivity=ComponentInfo{viva.republica.toss.test/im.toss.rn.granite.core.GraniteActivity} numActivities=1 lastActiveTime=76482438 supportsMultiWindow=true resizeMode=1 isResizeable=true minWidth=-1 minHeight=-1 defaultMinSize=220 token=WCT{RemoteToken{a585dcd Task{7745c88 #46 type=standard A=10217:viva.republica.toss.test}}} topActivityType=1 pictureInPictureParams=null shouldDockBigOverlays=false launchIntoPipHostTaskId=-1 lastParentTaskIdBeforePip=-1 displayCutoutSafeInsets=Rect(0, 0 - 0, 0) topActivityInfo=ActivityInfo{dc29682 im.toss.rn.granite.core.GraniteActivity} launchCookies=[] positionInParent=Point(0, 0) parentTaskId=-1 isFocused=false isVisible=false isVisibleRequested=false isTopActivityNoDisplay=false isSleeping=false locusId=null displayAreaFeatureId=1 isTopActivityTransparent=false isActivityStackTransparent=false lastNonFullscreenBounds=Rect(284, 660 - 796, 1740) capturedLink=null capturedLinkTimestamp=0 requestedVisibleTypes=-9 topActivityRequestOpenInBrowserEducationTimestamp=0 appCompatTaskInfo=AppCompatTaskInfo { topActivityInSizeCompat=false eligibleForLetterboxEducation= false isLetterboxEducationEnabled= true isLetterboxDoubleTapEnabled= false eligibleForUserAspectRatioButton= false topActivityBoundsLetterboxed= false isFromLetterboxDoubleTap= false topActivityLetterboxVerticalPosition= -1 topActivityLetterboxHorizontalPosition= -1 topActivityLetterboxWidth=-1 topActivityLetterboxHeight=-1 topActivityAppBounds=Rect(0, 0 - 1080, 2400) isUserFullscreenOverrideEnabled=false isSystemFullscreenOverrideEnabled=false hasMinAspectRatioOverride=false topActivityLetterboxBounds=null cameraCompatTaskInfo=CameraCompatTaskInfo { freeformCameraCompatMode=inactive}} topActivityMainWindowFrame=null}, pipChange = null, remoteTransition = null, displayChange = null, flags = 0, debugId = 112 }
02-19 10:36:51.878   752   794 V WindowManager:     startWCT=WindowContainerTransaction { changes= {} hops= [] errorCallbackToken=null taskFragmentOrganizer=null }
02-19 10:36:51.878   752   794 V WindowManager:     info={id=112 t=OPEN f=0x0 trk=0 r=[0@Point(0, 0)] c=[
02-19 10:36:51.878   752   794 V WindowManager:         {WCT{RemoteToken{a585dcd Task{7745c88 #46 type=standard A=10217:viva.republica.toss.test}}} m=TO_FRONT f=MOVE_TO_TOP leash=Surface(name=Task=46)/@0xe2d6cf7 sb=Rect(0, 0 - 1080, 2400) eb=Rect(0, 0 - 1080, 2400) epz=Point(1080, 2400) d=0 taskParent=-1},
02-19 10:36:51.878   752   794 V WindowManager:         {WCT{RemoteToken{5218fe8 Task{dd43522 #1 type=home}}} m=TO_BACK f=SHOW_WALLPAPER leash=Surface(name=Task=1)/@0x8ddbd2e sb=Rect(0, 0 - 1080, 2400) eb=Rect(0, 0 - 1080, 2400) epz=Point(1080, 2400) d=0 taskParent=-1},
02-19 10:36:51.878   752   794 V WindowManager:         {m=TO_BACK f=IS_WALLPAPER leash=Surface(name=WallpaperWindowToken{35e0c0f showWhenLocked=false})/@0x512f5be sb=Rect(0, 0 - 1080, 2400) eb=Rect(0, 0 - 1080, 2400) epz=Point(1080, 2400) d=0}
02-19 10:36:51.878   752   794 V WindowManager:     ]}
02-19 10:36:51.879  4449  4467 V WindowManagerShell: Playing animation for (#112) android.os.BinderProxy@9483b88@0
02-19 10:36:51.879  4449  4467 V ShellRecents: RecentsTransitionHandler.startAnimation: no controller found
02-19 10:36:51.882 24531 24531 I Monkey  : ## Network stats: elapsed time=60ms (0ms mobile, 0ms wifi, 60ms not connected)
02-19 10:36:51.885 24531 24531 I app_process: System.exit called, status: 0
02-19 10:36:51.885 24531 24531 I AndroidRuntime: VM exiting with result code 0.
02-19 10:36:51.879  4449  4467 V WindowManagerShell: Transition doesn't have explicit remote, search filters for match for {id=112 t=OPEN f=0x0 trk=0 r=[0@Point(0, 0)] c=[{m=TO_FRONT f=MOVE_TO_TOP leash=Surface(name=Task=46)/@0xd27065d sb=Rect(0, 0 - 1080, 2400) eb=Rect(0, 0 - 1080, 2400) epz=Point(1080, 2400) d=0 taskParent=-1},{m=TO_BACK f=SHOW_WALLPAPER leash=Surface(name=Task=1)/@0x67c3bd2 sb=Rect(0, 0 - 1080, 2400) eb=Rect(0, 0 - 1080, 2400) epz=Point(1080, 2400) d=0 taskParent=-1},{m=TO_BACK f=IS_WALLPAPER leash=Surface(name=WallpaperWindowToken{35e0c0f showWhenLocked=false})/@0x38ba4a3 sb=Rect(0, 0 - 1080, 2400) eb=Rect(0, 0 - 1080, 2400) epz=Point(1080, 2400) d=0}]}
02-19 10:36:51.899  4449  4467 V WindowManagerShell:  Checking filter Pair{{types=[] flags=0x0] notFlags=0x0 checks=[{atype=undefined independent=true modes=[CLOSE,TO_BACK] flags=IN_TASK_WITH_EMBEDDED_ACTIVITY mustBeTask=false order=ANY topActivity=null launchCookie=null taskFragmentToken=android.os.BinderProxy@188d51a windowingMode=undefined}]} RemoteTransition { remoteTransition = android.window.IRemoteTransition$Stub$Proxy@44cd84b, appThread = android.app.IApplicationThread$Stub$Proxy@3a12228, debugName = overlayBackTransition }}
02-19 10:36:51.899  4449  4449 W DSRotLockSettingsMngr: Setting is ignored, but no fallback was specified.
02-19 10:36:51.899  4449  4467 V WindowManagerShell:  Checking filter Pair{{types=[] flags=0x0] notFlags=0x0 checks=[{atype=dream independent=true modes=[OPEN,TO_FRONT] flags=NONE mustBeTask=false order=ANY topActivity=null launchCookie=null windowingMode=undefined},{atype=home independent=true modes=[CLOSE,TO_BACK] flags=NONE mustBeTask=false order=ANY topActivity=null launchCookie=null windowingMode=undefined}]} RemoteTransition { remoteTransition = android.window.IRemoteTransition$Stub$Proxy@6f3eb41, appThread = android.app.IApplicationThread$Stub$Proxy@ccf28e6, debugName = LauncherToDream }}
02-19 10:36:51.899  4449  4467 V WindowManagerShell:  Checking filter Pair{{types=[] flags=0x0] notFlags=0x100 checks=[{atype=home independent=true modes=[OPEN,TO_FRONT] flags=NONE mustBeTask=false order=TOP topActivity=ComponentInfo{com.google.android.apps.nexuslauncher/com.google.android.apps.nexuslauncher.NexusLauncherActivity} launchCookie=null windowingMode=undefined},{atype=standard independent=true modes=[CLOSE,TO_BACK] flags=NONE mustBeTask=false order=ANY topActivity=null launchCookie=null windowingMode=undefined},{NOT atype=undefined independent=true modes=[] flags=NONE mustBeTask=true order=ANY topActivity=null launchCookie=null customAnim=true windowingMode=undefined}]} RemoteTransition { remoteTransition = android.window.IRemoteTransition$Stub$Proxy@a8eae27, appThread = android.app.IApplicationThread$Stub$Proxy@fa38d4, debugName = QuickstepLaunchHome }}
02-19 10:36:51.899  4449  4467 V WindowManagerShell:  Delegate animation for (#112) to null
02-19 10:36:51.899  4449  4467 V WindowManagerShell: start default transition animation, info = {id=112 t=OPEN f=0x0 trk=0 r=[0@Point(0, 0)] c=[{m=TO_FRONT f=MOVE_TO_TOP leash=Surface(name=Task=46)/@0xd27065d sb=Rect(0, 0 - 1080, 2400) eb=Rect(0, 0 - 1080, 2400) epz=Point(1080, 2400) d=0 taskParent=-1},{m=TO_BACK f=SHOW_WALLPAPER leash=Surface(name=Task=1)/@0x67c3bd2 sb=Rect(0, 0 - 1080, 2400) eb=Rect(0, 0 - 1080, 2400) epz=Point(1080, 2400) d=0 taskParent=-1},{m=TO_BACK f=IS_WALLPAPER leash=Surface(name=WallpaperWindowToken{35e0c0f showWhenLocked=false})/@0x38ba4a3 sb=Rect(0, 0 - 1080, 2400) eb=Rect(0, 0 - 1080, 2400) epz=Point(1080, 2400) d=0}]}
02-19 10:36:51.900  4449  4467 V WindowManagerShell: loadAnimation: anim=android.view.animation.AnimationSet@e52ab59 animAttr=0x13 type=OPEN isEntrance=false
02-19 10:36:51.900  4449  4467 V WindowManagerShell: loadAnimation: anim=android.view.animation.AnimationSet@93e431e animAttr=0x12 type=OPEN isEntrance=true
02-19 10:36:51.903  4449  4467 V WindowManagerShell:  animated by com.android.wm.shell.transition.DefaultTransitionHandler@f74d823
02-19 10:36:51.916   752   984 I EventHub: Removing device Monkey touch due to epoll hang-up event.
02-19 10:36:51.916   752   984 I EventHub: Removed device: path=/dev/input/event14 name=Monkey touch id=18 fd=587 classes=TOUCH | TOUCH_MT
02-19 10:36:51.951   752   984 I InputReader: Device removed: id=18, eventHubId=18, name='Monkey touch', descriptor='e1fe28b90f915c7d1febbd52c1ef84b3c4cbed9f', sources=TOUCHSCREEN
02-19 10:36:51.959 24035 24543 W unknown:ReconnectingWebSocket: Couldn't connect to "ws://10.0.2.2:8081/message?device=sdk_gphone64_x86_64%20-%2016%20-%20API%2036&app=viva.republica.toss.test&clientid=BridgeDevSupportManager", will silently retry
02-19 10:36:51.991   752   797 W PermissionService: getPermissionFlags: Unknown user -1
02-19 10:36:51.991   752   797 W PermissionService: getPermissionFlags: Unknown user -1
02-19 10:36:51.991   752   984 E WindowManager: Display reconfigured outside of a transition: Display{#0 state=ON size=1080x2400 ROTATION_0}
02-19 10:36:51.994   752   984 I EventHub: Removing device '/dev/input/event14' due to inotify event
02-19 10:36:52.037  1341  1341 D TouchInteractionService: disposeEventHandlers: Reason: Initializing input monitor due to: onTrackpadConnected() instance=252030532
02-19 10:36:52.037  1341  1341 D InputMonitorCompat: Input event receiver for monitor (swipe-up-disp0) disposed
02-19 10:36:52.038  1341  1341 D InputMonitorCompat: Input monitor (swipe-up-disp0) disposed
02-19 10:36:52.046  1341  1341 D InputMonitorCompat: Input monitor (swipe-up-disp0) created
02-19 10:36:52.046  1341  1341 D InputMonitorCompat: Input event receiver for monitor (swipe-up-disp0) created
02-19 10:36:52.156  4449  4449 D NavigationModeController: getCurrentUserContext: contextUser=0 currentUser=0
02-19 10:36:52.240  4449  4467 V WindowManagerShell: Transition animation finished (aborted=false), notifying core (#112) android.os.BinderProxy@9483b88@0
02-19 10:36:52.250   752   794 V WindowManager: Finish Transition (#112): created at 02-19 10:36:51.791 collect-started=0.096ms request-sent=7.297ms started=9.892ms ready=71.892ms sent=79.259ms commit=42.481ms finished=455.834ms
02-19 10:36:52.251  1341  1341 D VRI[NexusLauncherActivity]: visibilityChanged oldVisibility=true newVisibility=false
02-19 10:36:52.257  1341  1341 D NexusLauncherModelDelegate: notifySmartspaceEvent: SmartspaceTargetEvent{mSmartspaceTarget=null, mSmartspaceActionId='null', mEventType=7}
02-19 10:36:52.264  4449  4467 V WindowManagerShell: Track 0 became idle
02-19 10:36:52.264  4449  4467 V WindowManagerShell: All active transition animations finished
02-19 10:36:52.312  1971  2386 W AiAiEcho: LyftNotificationParser Ridesharing ETA not enabled
02-19 10:36:52.313  1971  2386 I AiAiEcho: SmartspaceNotificationPredictor no parser can handle this notification or notification is invalid
02-19 10:36:52.370   752   989 I ImeTracker: viva.republica.toss.test:4351e54c: onRequestHide at ORIGIN_SERVER reason HIDE_UNSPECIFIED_WINDOW fromUser false
02-19 10:36:52.380 24035 24179 D ReactNativeJS: '[Analytics]', '{\n  "log_type": "screen",\n  "log_name": "/::screen",\n  "params": {\n    "referrer": null,\n    "deployment_id": "local",\n    "deployment_timestamp": null\n  }\n}'
02-19 10:36:52.380  1563  1563 I GoogleInputMethodService: GoogleInputMethodService.onFinishInput():2043 
02-19 10:36:52.382  1341  1341 D BaseDepthController: setSurface:
02-19 10:36:52.382  1341  1341 D BaseDepthController: 	mWaitingOnSurfaceValidity: false
02-19 10:36:52.382  1341  1341 D BaseDepthController: 	mBaseSurface: null
02-19 10:36:52.384  1563  1563 I Module  : DeviceLockedStatusModuleProvider$Module.updateDeviceLockedStatus():100 repeatCheckTimes = 0, locked = false
02-19 10:36:52.386  1563  1563 I GoogleInputMethodService: GoogleInputMethodService.onStartInput():1293 onStartInput(EditorInfo{EditorInfo{packageName=viva.republica.toss.test, inputType=0, inputTypeString=NULL, enableLearning=false, autoCorrection=false, autoComplete=false, imeOptions=0, privateImeOptions=null, actionName=UNSPECIFIED, actionLabel=null, initialSelStart=-1, initialSelEnd=-1, initialCapsMode=0, label=null, fieldId=0, fieldName=null, extras=null, hintText=null, hintLocales=[]}}, false)
02-19 10:36:52.389  1341  1341 D BaseDepthController: mSurface is null and mCurrentBlur is: 0
02-19 10:36:52.389   752  1456 I ImeTracker: system_server:4b0d0859: onRequestHide at ORIGIN_SERVER reason IME_REQUESTED_CHANGED_LISTENER fromUser false
02-19 10:36:52.392   752   797 I ImeTracker: system_server:4b0d0859: onCancelled at PHASE_SERVER_SHOULD_HIDE
02-19 10:36:52.393 24035 24035 D InsetsController: hide(ime(), fromIme=false)
02-19 10:36:52.397  1341  1341 D StateManager: goToState - fromState: Normal, toState: Normal, partial trace:
02-19 10:36:52.397  1341  1341 D StateManager: 	at com.android.launcher3.statemanager.StateManager.moveToRestState(go/retraceme 72a59688580715d19f0e415c69e80376c2f062d1648c80db6730905005a27c20:4)
02-19 10:36:52.397  1341  1341 D StateManager: 	at com.android.launcher3.statemanager.StateManager.moveToRestState(go/retraceme 72a59688580715d19f0e415c69e80376c2f062d1648c80db6730905005a27c20:1)
02-19 10:36:52.397  1341  1341 D StateManager: 	at com.android.launcher3.statemanager.StatefulActivity.onStop(go/retraceme 72a59688580715d19f0e415c69e80376c2f062d1648c80db6730905005a27c20:34)
02-19 10:36:52.393 24035 24035 I ImeTracker: viva.republica.toss.test:4351e54c: onCancelled at PHASE_CLIENT_ALREADY_HIDDEN
02-19 10:36:52.400  1341  1341 D StatsLog: LAUNCHER_ONSTOP
02-19 10:36:52.402  1563  1563 I Module  : DeviceLockedStatusModuleProvider$Module.updateDeviceLockedStatus():100 repeatCheckTimes = 1, locked = false
02-19 10:36:52.403  1563  1563 I EmojiCompatManager: EmojiCompatManager.getEmojiCompatIfLoaded():343 EmojiCompat.init() was never called.
02-19 10:36:52.403  1563  1563 I EmojiCompatManager: java.lang.IllegalStateException: EmojiCompat is not initialized. Please call EmojiCompat.init() first
02-19 10:36:52.403  1563  1563 I EmojiCompatManager: 	at asx.p(PG:6)
02-19 10:36:52.403  1563  1563 I EmojiCompatManager: 	at axb.b(PG:13)
02-19 10:36:52.403  1563  1563 I EmojiCompatManager: 	at jnr.b(PG:2)
02-19 10:36:52.403  1563  1563 I EmojiCompatManager: 	at jnr.c(PG:4)
02-19 10:36:52.403  1563  1563 I EmojiCompatManager: 	at jnr.f(PG:3)
02-19 10:36:52.403  1563  1563 I EmojiCompatManager: 	at jnx.c(PG:3)
02-19 10:36:52.403  1563  1563 I EmojiCompatManager: 	at kif.cz(PG:47)
02-19 10:36:52.403  1563  1563 I EmojiCompatManager: 	at lhl.run(PG:1025)
02-19 10:36:52.403  1563  1563 I EmojiCompatManager: 	at jaf.execute(PG:12)
02-19 10:36:52.403  1563  1563 I EmojiCompatManager: 	at nco.v(PG:13)
02-19 10:36:52.403  1563  1563 I EmojiCompatManager: 	at lhn.m(PG:96)
02-19 10:36:52.403  1563  1563 I EmojiCompatManager: 	at lhn.k(PG:25)
02-19 10:36:52.403  1563  1563 I EmojiCompatManager: 	at kgn.onStartInput(PG:250)
02-19 10:36:52.403  1563  1563 I EmojiCompatManager: 	at android.inputmethodservice.InputMethodService.doStartInput(InputMethodService.java:3521)
02-19 10:36:52.403  1563  1563 I EmojiCompatManager: 	at android.inputmethodservice.InputMethodService$InputMethodImpl.startInput(InputMethodService.java:879)
02-19 10:36:52.403  1563  1563 I EmojiCompatManager: 	at android.inputmethodservice.InputMethodService$InputMethodImpl.dispatchStartInput(InputMethodService.java:908)
02-19 10:36:52.403  1563  1563 I EmojiCompatManager: 	at android.inputmethodservice.IInputMethodWrapper.executeMessage(IInputMethodWrapper.java:201)
02-19 10:36:52.403  1563  1563 I EmojiCompatManager: 	at com.android.internal.os.HandlerCaller$MyHandler.handleMessage(HandlerCaller.java:44)
02-19 10:36:52.403  1563  1563 I EmojiCompatManager: 	at android.os.Handler.dispatchMessage(Handler.java:110)
02-19 10:36:52.403  1563  1563 I EmojiCompatManager: 	at android.os.Looper.loopOnce(Looper.java:248)
02-19 10:36:52.403  1563  1563 I EmojiCompatManager: 	at android.os.Looper.loop(Looper.java:338)
02-19 10:36:52.403  1563  1563 I EmojiCompatManager: 	at android.app.ActivityThread.main(ActivityThread.java:9067)
02-19 10:36:52.403  1563  1563 I EmojiCompatManager: 	at java.lang.reflect.Method.invoke(Native Method)
02-19 10:36:52.403  1563  1563 I EmojiCompatManager: 	at com.android.internal.os.RuntimeInit$MethodAndArgsCaller.run(RuntimeInit.java:593)
02-19 10:36:52.403  1563  1563 I EmojiCompatManager: 	at com.android.internal.os.ZygoteInit.main(ZygoteInit.java:932)
02-19 10:36:52.404   752  1456 W PackageConfigPersister: App-specific configuration not found for packageName: viva.republica.toss.test and userId: 0
02-19 10:36:52.406  1341  1341 D StatsLog: LAUNCHER_GOOGLE_SEARCH_RESTORE_LIST_SIZE_AFTER_ACTIVITY_RESTART
02-19 10:36:52.413  4449  4512 W HWUI    : Image decoding logging dropped!
02-19 10:36:52.427  1341  1341 I NotificationListener: received notification removed event - android#UserHandle{-1},category=-1
02-19 10:36:52.449   752  1095 D BackgroundInstallControlService: Package event received: 0
02-19 10:36:52.464  4449  4512 W HWUI    : Image decoding logging dropped!
02-19 10:36:54.387   531   568 W EventThread: Faking VSYNC due to driver stall for thread app
02-19 10:36:54.387   531   569 W EventThread: Faking VSYNC due to driver stall for thread appSf
02-19 10:36:54.450 24546 24546 W dumpsys : Thread Pool max thread count is 0. Cannot cache binder as linkToDeath cannot be implemented. serviceName: window
02-19 10:36:54.823   752  1856 E TaskPersister: File error accessing recents directory (directory doesn't exist?).
02-19 10:36:54.933 24551 24551 W screencap: Thread Pool max thread count is 0. Cannot cache binder as linkToDeath cannot be implemented. serviceName: SurfaceFlingerAIDL
02-19 10:36:54.933 24551 24551 W BpBinder: Linking to death on android.gui.ISurfaceComposer but there are no threads (yet?) listening to incoming transactions. See ProcessState::startThreadPool and ProcessState::setThreadPoolMaxThreadCount. Generally you should setup the binder threadpool before other initialization steps.
02-19 10:36:54.934 24551 24551 W ProcessState: Extra binder thread started, but 0 threads requested. Do not use *startThreadPool when zero threads are requested.
02-19 10:36:54.936   531   602 E HwcComposer: getLuts failed Status(-8, EX_SERVICE_SPECIFIC): '8: '
02-19 10:36:54.936   531   602 E HWComposer: getLuts: getLuts failed for display 4619827259835644672: UNSUPPORTED (8)
