02-19 21:00:56.713   752   794 V WindowManager: Sent Transition (#976) createdAt=02-19 21:00:42.136 via request=TransitionRequestInfo { type = OPEN, triggerTask = TaskInfo{userId=0 taskId=131 effectiveUid=10217 displayId=0 isRunning=true baseIntent=Intent { act=android.intent.action.VIEW dat=intoss://takealook/... flg=0x10000000 cmp=viva.republica.toss.test/im.toss.rn.granite.core.GraniteActivity } baseActivity=ComponentInfo{viva.republica.toss.test/im.toss.rn.granite.core.GraniteActivity} topActivity=ComponentInfo{viva.republica.toss.test/im.toss.rn.granite.core.GraniteActivity} origActivity=null realActivity=ComponentInfo{viva.republica.toss.test/im.toss.rn.granite.core.GraniteActivity} numActivities=1 lastActiveTime=113916004 supportsMultiWindow=true resizeMode=1 isResizeable=true minWidth=-1 minHeight=-1 defaultMinSize=220 token=WCT{RemoteToken{5a14b40 Task{26d2b3c #131 type=standard A=10217:viva.republica.toss.test}}} topActivityType=1 pictureInPictureParams=null shouldDockBigOverlays=false launchIntoPipHostTaskId=-1 lastParentTaskIdBeforePip=-1 displayCutoutSafeInsets=Rect(0, 0 - 0, 0) topActivityInfo=ActivityInfo{e1aba79 im.toss.rn.granite.core.GraniteActivity} launchCookies=[] positionInParent=Point(0, 0) parentTaskId=-1 isFocused=false isVisible=false isVisibleRequested=false isTopActivityNoDisplay=false isSleeping=false locusId=null displayAreaFeatureId=1 isTopActivityTransparent=false isActivityStackTransparent=false lastNonFullscreenBounds=Rect(284, 660 - 796, 1740) capturedLink=null capturedLinkTimestamp=0 requestedVisibleTypes=-9 topActivityRequestOpenInBrowserEducationTimestamp=0 appCompatTaskInfo=AppCompatTaskInfo { topActivityInSizeCompat=false eligibleForLetterboxEducation= false isLetterboxEducationEnabled= true isLetterboxDoubleTapEnabled= false eligibleForUserAspectRatioButton= false topActivityBoundsLetterboxed= false isFromLetterboxDoubleTap= false topActivityLetterboxVerticalPosition= -1 topActivityLetterboxHorizontalPosition= -1 topActivityLetterboxWidth=-1 topActivityLetterboxHeight=-1 topActivityAppBounds=Rect(0, 0 - 1080, 2400) isUserFullscreenOverrideEnabled=false isSystemFullscreenOverrideEnabled=false hasMinAspectRatioOverride=false topActivityLetterboxBounds=null cameraCompatTaskInfo=CameraCompatTaskInfo { freeformCameraCompatMode=inactive}} topActivityMainWindowFrame=null}, pipChange = null, remoteTransition = null, displayChange = null, flags = 0, debugId = 976 }
02-19 21:00:56.714   752   794 V WindowManager:     startWCT=WindowContainerTransaction { changes= {} hops= [] errorCallbackToken=null taskFragmentOrganizer=null }
02-19 21:00:56.714   752   794 V WindowManager:     info={id=976 t=OPEN f=0x0 trk=0 r=[0@Point(0, 0)] c=[
02-19 21:00:56.714   752   794 V WindowManager:         {WCT{RemoteToken{5218fe8 Task{dd43522 #1 type=home}}} m=CHANGE f=SHOW_WALLPAPER|MOVE_TO_TOP leash=Surface(name=Task=1)/@0x8ddbd2e sb=Rect(0, 0 - 1080, 2400) eb=Rect(0, 0 - 1080, 2400) epz=Point(1080, 2400) d=0 taskParent=-1}
02-19 21:00:56.714   752   794 V WindowManager:     ]}
02-19 21:00:56.714   752   807 I libprocessgroup: Removed cgroup /sys/fs/cgroup/apps/uid_10217/pid_31057
02-19 21:00:56.717   752   933 D CoreBackPreview: Window{73faf27 u0 Splash Screen viva.republica.toss.test}: Setting back callback OnBackInvokedCallbackInfo{mCallback=android.window.IOnBackInvokedCallback$Stub$Proxy@8c873be, mPriority=0, mIsAnimationCallback=false, mOverrideBehavior=0}
02-19 21:00:56.720  1971  2198 I AiAiEcho: Predicting[0]:  [CONTEXT sampling_count=5 ]
02-19 21:00:56.720  1971  2198 I AiAiEcho: EchoTargets: 
02-19 21:00:56.720  1971  2198 I AiAiEcho: Filtered by AiAi flag check: 
02-19 21:00:56.720  1971  2198 I AiAiEcho: [CONTEXT ratelimit_period="10 SECONDS" ]
02-19 21:00:56.721  1971  2198 I AiAiEcho: #remoteViewsTwiddler: feature disabled.
02-19 21:00:56.725  1971  2198 I AiAiEcho: #postPredictionTargets: Sending updates to UISurface home with targets# 0 (types=[])
02-19 21:00:56.727 19166 19166 I NotificationListener: Handling notification state refresh for com.google.android.adservices.api#0
02-19 21:00:56.727 19166 19166 I NotificationListener: Handling notification state refresh for android#0
02-19 21:00:56.727 19166 19166 I NotificationListener: Handling notification state refresh for com.android.systemui#0
02-19 21:00:56.727  4449  4467 V WindowManagerShell: Transition animation finished (aborted=false), notifying core (#976) android.os.BinderProxy@ccbccf5@0
02-19 21:00:56.731   752   797 W IPCThreadState: Sending oneway calls to frozen process.
02-19 21:00:56.731   752   797 W IPCThreadState: Sending oneway calls to frozen process.
02-19 21:00:56.732   752   797 W IPCThreadState: Sending oneway calls to frozen process.
02-19 21:00:56.733   752   797 W IPCThreadState: Sending oneway calls to frozen process.
02-19 21:00:56.734   752   797 W IPCThreadState: Sending oneway calls to frozen process.
02-19 21:00:56.736   752   797 W ProcessStats: Tracking association SourceState{1b917ca system/1000 BFgs #26181} whose proc state 4 is better than process ProcessState{42c4ef0 com.google.android.ext.services/10208 pkg=com.google.android.ext.services} proc state 14 (5 skipped)
02-19 21:00:56.741   752   794 V WindowManager: Finish Transition (#976): created at 02-19 21:00:42.136 collect-started=0.163ms request-sent=22.077ms started=56.858ms ready=14511.964ms sent=14542.993ms finished=14602.436ms
02-19 21:00:56.752   752  1095 D BackgroundInstallControlService: Package event received: 0
02-19 21:00:56.756  4449  4467 V WindowManagerShell: Track 0 became idle
02-19 21:00:56.758  4449  4467 V WindowManagerShell: All active transition animations finished
02-19 21:00:56.758   752   955 W UsageStatsService: Unexpected activity event reported! (viva.republica.toss.test/im.toss.rn.granite.core.GraniteActivity event : 23 instanceId : 135258309)
02-19 21:00:56.758  4449  4467 V WindowManagerShell:  animated by com.android.wm.shell.transition.DefaultTransitionHandler@f74d823
02-19 21:00:56.759  4449  4467 V WindowManagerShell: Track 0 became idle
02-19 21:00:56.759  4449  4467 V WindowManagerShell: All active transition animations finished
02-19 21:00:56.760   752  1095 D BackgroundInstallControlService: Package event received: 0
02-19 21:00:56.765 19166 19166 D SsBaseTemplateCard: No text view can be set up
02-19 21:00:56.769 19166 19166 D SsBaseTemplateCard: Passed-in item info is null
02-19 21:00:56.777 19166 19166 D SsBaseTemplateCard: Passed-in item info is null
02-19 21:00:56.777 19166 19166 D SsBaseTemplateCard: Passed-in item info is null
02-19 21:00:56.777 19166 19166 I SsBaseTemplateCard: Secondary card pane is null
02-19 21:00:56.783   752   989 I ImeTracker: com.google.android.apps.nexuslauncher:6c5b4369: onRequestHide at ORIGIN_SERVER reason HIDE_SAME_WINDOW_FOCUSED_WITHOUT_EDITOR fromUser false
02-19 21:00:56.787 20022 20022 I GoogleInputMethodService: GoogleInputMethodService.onFinishInput():2043 
02-19 21:00:56.791 20022 20022 I Module  : DeviceLockedStatusModuleProvider$Module.updateDeviceLockedStatus():100 repeatCheckTimes = 0, locked = false
02-19 21:00:56.800 20022 20022 I GoogleInputMethodService: GoogleInputMethodService.onStartInput():1293 onStartInput(EditorInfo{EditorInfo{packageName=com.google.android.apps.nexuslauncher, inputType=0, inputTypeString=NULL, enableLearning=false, autoCorrection=false, autoComplete=false, imeOptions=0, privateImeOptions=null, actionName=UNSPECIFIED, actionLabel=null, initialSelStart=-1, initialSelEnd=-1, initialCapsMode=0, label=null, fieldId=0, fieldName=null, extras=null, hintText=null, hintLocales=[]}}, false)
02-19 21:00:56.803 20022 20022 I EmojiCompatManager: EmojiCompatManager.getEmojiCompatIfLoaded():343 EmojiCompat.init() was never called.
02-19 21:00:56.803 20022 20022 I EmojiCompatManager: java.lang.IllegalStateException: EmojiCompat is not initialized. Please call EmojiCompat.init() first
02-19 21:00:56.803 20022 20022 I EmojiCompatManager: 	at asx.p(PG:6)
02-19 21:00:56.803 20022 20022 I EmojiCompatManager: 	at axb.b(PG:13)
02-19 21:00:56.803 20022 20022 I EmojiCompatManager: 	at jnr.b(PG:2)
02-19 21:00:56.803 20022 20022 I EmojiCompatManager: 	at jnr.c(PG:4)
02-19 21:00:56.803 20022 20022 I EmojiCompatManager: 	at jnr.f(PG:3)
02-19 21:00:56.803 20022 20022 I EmojiCompatManager: 	at jnx.c(PG:3)
02-19 21:00:56.803 20022 20022 I EmojiCompatManager: 	at kif.cz(PG:47)
02-19 21:00:56.803 20022 20022 I EmojiCompatManager: 	at lhl.run(PG:1025)
02-19 21:00:56.803 20022 20022 I EmojiCompatManager: 	at jaf.execute(PG:12)
02-19 21:00:56.803 20022 20022 I EmojiCompatManager: 	at nco.v(PG:13)
02-19 21:00:56.803 20022 20022 I EmojiCompatManager: 	at lhn.m(PG:96)
02-19 21:00:56.803 20022 20022 I EmojiCompatManager: 	at lhn.k(PG:25)
02-19 21:00:56.803 20022 20022 I EmojiCompatManager: 	at kgn.onStartInput(PG:250)
02-19 21:00:56.803 20022 20022 I EmojiCompatManager: 	at android.inputmethodservice.InputMethodService.doStartInput(InputMethodService.java:3521)
02-19 21:00:56.803 20022 20022 I EmojiCompatManager: 	at android.inputmethodservice.InputMethodService$InputMethodImpl.startInput(InputMethodService.java:879)
02-19 21:00:56.803 20022 20022 I EmojiCompatManager: 	at android.inputmethodservice.InputMethodService$InputMethodImpl.dispatchStartInput(InputMethodService.java:908)
02-19 21:00:56.803 20022 20022 I EmojiCompatManager: 	at android.inputmethodservice.IInputMethodWrapper.executeMessage(IInputMethodWrapper.java:201)
02-19 21:00:56.803 20022 20022 I EmojiCompatManager: 	at com.android.internal.os.HandlerCaller$MyHandler.handleMessage(HandlerCaller.java:44)
02-19 21:00:56.803 20022 20022 I EmojiCompatManager: 	at android.os.Handler.dispatchMessage(Handler.java:110)
02-19 21:00:56.803 20022 20022 I EmojiCompatManager: 	at android.os.Looper.loopOnce(Looper.java:248)
02-19 21:00:56.803 20022 20022 I EmojiCompatManager: 	at android.os.Looper.loop(Looper.java:338)
02-19 21:00:56.803 20022 20022 I EmojiCompatManager: 	at android.app.ActivityThread.main(ActivityThread.java:9067)
02-19 21:00:56.803 20022 20022 I EmojiCompatManager: 	at java.lang.reflect.Method.invoke(Native Method)
02-19 21:00:56.803 20022 20022 I EmojiCompatManager: 	at com.android.internal.os.RuntimeInit$MethodAndArgsCaller.run(RuntimeInit.java:593)
02-19 21:00:56.803 20022 20022 I EmojiCompatManager: 	at com.android.internal.os.ZygoteInit.main(ZygoteInit.java:932)
02-19 21:00:56.804 20022 20022 I Module  : DeviceLockedStatusModuleProvider$Module.updateDeviceLockedStatus():100 repeatCheckTimes = 1, locked = false
02-19 21:00:56.807   752  2419 W PackageConfigPersister: App-specific configuration not found for packageName: com.google.android.apps.nexuslauncher and userId: 0
02-19 21:00:56.844 19166 19166 D RecentsView: onTaskRemoved: 131, not handling task stack changes
02-19 21:00:56.845 19166 19166 D RecentsView: onTaskRemoved: 131, not handling task stack changes
02-19 21:00:56.846 19166 19166 D InsetsController: hide(ime(), fromIme=false)
02-19 21:00:56.846 19166 19166 I ImeTracker: com.google.android.apps.nexuslauncher:6c5b4369: onCancelled at PHASE_CLIENT_ALREADY_HIDDEN
02-19 21:00:57.056   752  2502 W WindowManager: Failed looking up window session=Session{bcd6833 4449:u0a10187} callers=com.android.server.wm.WindowManagerService.windowForClientLocked:6410 com.android.server.wm.WindowManagerService.finishDrawingWindow:2888 com.android.server.wm.Session.finishDrawing:321 
02-19 21:00:57.057   752  2419 W WindowManager: Failed looking up window session=Session{bcd6833 4449:u0a10187} callers=com.android.server.wm.WindowManagerService.windowForClientLocked:6410 com.android.server.wm.WindowManagerService.relayoutWindow:2379 com.android.server.wm.Session.relayout:283 
02-19 21:00:57.059  4449  4474 W WindowOnBackDispatcher: sendCancelIfRunning: isInProgress=false callback=android.view.ViewRootImpl$$ExternalSyntheticLambda13@8ae5730
02-19 21:00:57.060   752  2419 W WindowManager: Failed looking up window session=Session{bcd6833 4449:u0a10187} callers=com.android.server.wm.WindowManagerService.windowForClientLocked:6410 com.android.server.wm.Session.setOnBackInvokedCallbackInfo:1002 android.view.IWindowSession$Stub.onTransact:1156 
02-19 21:00:57.060   752  2419 I WindowManager: setOnBackInvokedCallback(): No window state for package:com.android.systemui
02-19 21:00:57.060   752  2502 W WindowManager: Failed looking up window session=Session{bcd6833 4449:u0a10187} callers=com.android.server.wm.WindowManagerService.removeClientToken:2135 com.android.server.wm.Session.remove:270 android.view.IWindowSession$Stub.onTransact:696 
02-19 21:00:59.211   531   568 W EventThread: Faking VSYNC due to driver stall for thread app
02-19 21:00:59.261 31059 31059 W dumpsys : Thread Pool max thread count is 0. Cannot cache binder as linkToDeath cannot be implemented. serviceName: window
02-19 21:00:59.776 31064 31064 W screencap: Thread Pool max thread count is 0. Cannot cache binder as linkToDeath cannot be implemented. serviceName: SurfaceFlingerAIDL
02-19 21:00:59.778 31064 31064 W BpBinder: Linking to death on android.gui.ISurfaceComposer but there are no threads (yet?) listening to incoming transactions. See ProcessState::startThreadPool and ProcessState::setThreadPoolMaxThreadCount. Generally you should setup the binder threadpool before other initialization steps.
02-19 21:00:59.779 31064 31064 W ProcessState: Extra binder thread started, but 0 threads requested. Do not use *startThreadPool when zero threads are requested.
02-19 21:00:59.783   531   590 E HwcComposer: getLuts failed Status(-8, EX_SERVICE_SPECIFIC): '8: '
02-19 21:00:59.783   531   590 E HWComposer: getLuts: getLuts failed for display 4619827259835644672: UNSUPPORTED (8)
02-19 21:00:59.800   752  1856 E TaskPersister: File error accessing recents directory (directory doesn't exist?).
02-19 21:01:01.099   531   568 W EventThread: Faking VSYNC due to driver stall for thread app
