02-19 14:39:10.796  7804  7804 D RecentsView: showCurrentTask(onGestureAnimationStart) - groupedTaskInfo: Desk ID= -1, Desk Display ID=-1, Tasks=[id=56 winMode=fullscreen visReq=true vis=true excluded=false baseIntent=viva.republica.toss.test/.MiniAppSchemeActivity], Type=FULLSCREEN, Minimized Task IDs=null
02-19 14:39:10.796  7804  7804 D OverviewActionsView: updateForGroupedTask() called with: isGroupedTask = [false], canSaveAppPair = [false]
02-19 14:39:10.796  7804  7804 D OverviewActionsView: updateActionButtonsVisibility() called: showSingleTaskActions = [true], showGroupActions = [false]
02-19 14:39:10.797  7804  7804 D RecentsView: reloadIfNeeded - getTasks: 31
02-19 14:39:10.798  7804  7804 D RecentsView: onGestureAnimationStart - groupedTaskInfo: Desk ID= -1, Desk Display ID=-1, Tasks=[id=56 winMode=fullscreen visReq=true vis=true excluded=false baseIntent=viva.republica.toss.test/.MiniAppSchemeActivity], Type=FULLSCREEN, Minimized Task IDs=null
02-19 14:39:10.798  7804  7804 D RecentsView: showCurrentTask(onGestureAnimationStart) - groupedTaskInfo: Desk ID= -1, Desk Display ID=-1, Tasks=[id=56 winMode=fullscreen visReq=true vis=true excluded=false baseIntent=viva.republica.toss.test/.MiniAppSchemeActivity], Type=FULLSCREEN, Minimized Task IDs=null
02-19 14:39:10.798  4449  4467 V ShellRecents: RecentsTransitionHandler.startRecentsTransition
02-19 14:39:10.798  7804  7804 D OverviewActionsView: updateForGroupedTask() called with: isGroupedTask = [false], canSaveAppPair = [false]
02-19 14:39:10.798  7804  7804 D OverviewActionsView: updateActionButtonsVisibility() called: showSingleTaskActions = [true], showGroupActions = [false]
02-19 14:39:10.798  4449  4467 V WindowManagerShell: Directly starting a new transition type=TO_FRONT wct=WindowContainerTransaction { changes= {} hops= [{pendingIntent: options=Bundle[{android.activity.splashScreenStyle=-1, android.activity.sourceInfo=Supplier{VAL_PARCELABLE@148+104}, android.pendingIntent.backgroundActivityAllowed=3, android:activity.animAbortListener=null, android.activity.transientLaunch=true}]}] errorCallbackToken=null taskFragmentOrganizer=null } handler=com.android.wm.shell.recents.RecentsTransitionHandler@bc47314
02-19 14:39:10.799  7804  7804 D RecentsView: reloadIfNeeded - task list still valid: 31
02-19 14:39:10.799  7804  7804 D OverviewCommandHelper: switching via recents animation - onGestureStarted: CommandInfo(type=TOGGLE, status=PROCESSING, createTime=91024630, animationCallbacks=com.android.quickstep.RecentsAnimationCallbacks@118629d, displayId=0, isLastOfBatch=true)
02-19 14:39:10.799  7804  7804 D OverviewCommandHelper: command executed: CommandInfo(type=TOGGLE, status=PROCESSING, createTime=91024630, animationCallbacks=com.android.quickstep.RecentsAnimationCallbacks@118629d, displayId=0, isLastOfBatch=true) with result: false
02-19 14:39:10.799  7804  7804 D OverviewCommandHelper: waiting for command callback: CommandInfo(type=TOGGLE, status=PROCESSING, createTime=91024630, animationCallbacks=com.android.quickstep.RecentsAnimationCallbacks@118629d, displayId=0, isLastOfBatch=true)
02-19 14:39:10.802  4449  4449 I vol.VolumeDialogImpl: mDialog.dismiss() reason: volume_controller from: com.android.systemui.volume.VolumeDialogImpl$7.onDismissRequested:3
02-19 14:39:10.802  4449  4449 D vol.VolumeDialogImpl: dismissH: skipping dismiss because isAnimatingDismiss is true and showingStateInconsistent is false
02-19 14:39:10.806  4449  4467 V ShellRecents: [117277346] RecentsController.setTransition: id=android.os.BinderProxy@878e66d
02-19 14:39:10.809   752  1095 D BackgroundInstallControlService: Package event received: 0
02-19 14:39:10.809   752  1095 D BackgroundInstallControlService: Package event received: 0
02-19 14:39:12.195   531   568 W EventThread: Faking VSYNC due to driver stall for thread app
02-19 14:39:12.196   531   531 I BpBinder: onLastStrongRef automatically unlinking death recipients: 
02-19 14:39:12.197  7388  7388 I Choreographer: Skipped 83 frames!  The application may be doing too much work on its main thread.
02-19 14:39:12.197  7804  7804 I Choreographer: Skipped 83 frames!  The application may be doing too much work on its main thread.
02-19 14:39:12.198  4449  4449 I Choreographer: Skipped 83 frames!  The application may be doing too much work on its main thread.
02-19 14:39:12.198   531   569 W EventThread: Faking VSYNC due to driver stall for thread appSf
02-19 14:39:12.200   752   798 I Choreographer: Skipped 83 frames!  The application may be doing too much work on its main thread.
02-19 14:39:12.200  7804  7804 D RecentsView: applyLoadPlan - taskGroups: [type=SINGLE task=[id=12 windowingMode=0 user=0 lastActiveTime=89737] null, type=SINGLE task=[id=49 windowingMode=1 user=0 lastActiveTime=87698314] null, type=SINGLE task=[id=56 windowingMode=1 user=0 lastActiveTime=91021275] null]
02-19 14:39:12.234  7804  7804 D ViewRootImpl: Skipping stats log for color mode
02-19 14:39:12.235   531   603 I BpBinder: onLastStrongRef automatically unlinking death recipients: 
02-19 14:39:12.236  7804  7804 D StateManager: goToState - fromState: Normal, toState: Background, partial trace:
02-19 14:39:12.236  7804  7804 D StateManager: 	at com.android.quickstep.BaseActivityInterface$DefaultAnimationFactory.initBackgroundStateUI(go/retraceme 72a59688580715d19f0e415c69e80376c2f062d1648c80db6730905005a27c20:39)
02-19 14:39:12.236  7804  7804 D StateManager: 	at com.android.quickstep.LauncherActivityInterface.prepareRecentsUI(go/retraceme 72a59688580715d19f0e415c69e80376c2f062d1648c80db6730905005a27c20:9)
02-19 14:39:12.236  7804  7804 D StateManager: 	at com.android.quickstep.AbsSwipeUpHandler.lambda$onLauncherStart$7(go/retraceme 72a59688580715d19f0e415c69e80376c2f062d1648c80db6730905005a27c20:11)
02-19 14:39:12.237  7804  7804 D StateManager: onStateTransitionStart - state: Background
02-19 14:39:12.238   752  1095 D BackgroundInstallControlService: Package event received: 0
02-19 14:39:12.240  7804  7804 D BaseDepthController: mSurface is null and mCurrentBlur is: 0
02-19 14:39:12.241  7804  7804 D KeyboardInsetsHandler: setState, toState:Background StateManager(mLastStableState:Normal, mCurrentStableState:Normal, mState:Background, mRestState:Normal, isInTransition:false)
02-19 14:39:12.242  7804  7804 D StateManager: onStateTransitionEnd - state: Background
02-19 14:39:12.244  7804  7804 D VRI[NexusLauncherActivity]: visibilityChanged oldVisibility=false newVisibility=true
02-19 14:39:12.245  7804  7804 D RecentsView: updateTaskStackListenerState: true
02-19 14:39:12.245  7804  7804 D RecentsView: reloadIfNeeded - getTasks: 32
02-19 14:39:12.245  7804  7804 D NexusLauncherModelDelegate: notifySmartspaceEvent: SmartspaceTargetEvent{mSmartspaceTarget=null, mSmartspaceActionId='null', mEventType=6}
02-19 14:39:12.251  7804  7804 D BaseDepthController: setSurface:
02-19 14:39:12.251  7804  7804 D BaseDepthController: 	mWaitingOnSurfaceValidity: false
02-19 14:39:12.251  7804  7804 D BaseDepthController: 	mBaseSurface: Surface(name=com.google.android.apps.nexuslauncher/com.google.android.apps.nexuslauncher.NexusLauncherActivity)/@0x6e8fc4f
02-19 14:39:12.293   752   795 W ActivityTaskManager: callingPackage for (uid=-1, pid=0) has no WPC
02-19 14:39:12.294   752   795 W ActivityStartInterceptor: Starting home with component specified, uid=0
02-19 14:39:12.298  4449  4449 I vol.VolumeDialogImpl: mDialog.dismiss() reason: volume_controller from: com.android.systemui.volume.VolumeDialogImpl$7.onDismissRequested:3
02-19 14:39:12.299   752   795 W OptProp : Cannot read opt property android.window.PROPERTY_COMPAT_ALLOW_USER_ASPECT_RATIO_OVERRIDE
02-19 14:39:12.299   752   795 W OptProp : Cannot read opt property android.window.PROPERTY_COMPAT_ALLOW_USER_ASPECT_RATIO_FULLSCREEN_OVERRIDE
02-19 14:39:12.301   752   795 W OptProp : Cannot read opt property android.window.PROPERTY_COMPAT_ALLOW_RESIZEABLE_ACTIVITY_OVERRIDES
02-19 14:39:12.301   752   795 W OptProp : Cannot read opt property android.window.PROPERTY_COMPAT_ALLOW_MIN_ASPECT_RATIO_OVERRIDE
02-19 14:39:12.305   752   795 V GrammaticalInflectionUtils: AttributionSource: android.content.AttributionSource@1abea79a does not have READ_SYSTEM_GRAMMATICAL_GENDER permission.
02-19 14:39:12.309   752   795 V WindowManager: Moving #565 from collecting to waiting.
02-19 14:39:12.310   752   795 E BLASTSyncEngine: SyncGroup 566: Started when there is other active SyncGroup
02-19 14:39:12.340  4449  4536 D KeyguardService: setOccluded(false)
02-19 14:39:12.341  4449  4536 D KeyguardViewMediator: setOccluded(false)
02-19 14:39:12.342  4449  4449 D KeyguardViewMediator: handleSetOccluded(false)
02-19 14:39:12.342  4449  4449 D KeyguardViewMediator: KeyguardViewMediator queue processing message: SET_OCCLUDED
02-19 14:39:12.357   752   795 I ActivityTaskManager: START u0 {act=android.intent.action.MAIN cat=[android.intent.category.HOME] flg=0x10000100 cmp=com.google.android.apps.nexuslauncher/.NexusLauncherActivity (has extras)} with LAUNCH_SINGLE_TASK from uid 0 (BAL_ALLOW_ALLOWLISTED_UID) result code=3
02-19 14:39:12.364  4449  4467 D WindowManagerShell: onActivityRestartAttempt: topActivity=ComponentInfo{com.google.android.apps.nexuslauncher/com.google.android.apps.nexuslauncher.NexusLauncherActivity}, wasVisible=false
02-19 14:39:12.372  7804  7804 D ActivityAllAppsContainerView: rebindAdapters: force: false
02-19 14:39:12.375  7804  7804 D ActivityAllAppsContainerView: rebindAdapters: Not needed.
02-19 14:39:12.377   531   590 I BpBinder: onLastStrongRef automatically unlinking death recipients: 
02-19 14:39:12.383  7804  7804 D RecentsView: applyLoadPlan - taskGroups: [type=SINGLE task=[id=12 windowingMode=0 user=0 lastActiveTime=89737] null, type=SINGLE task=[id=49 windowingMode=1 user=0 lastActiveTime=87698314] null, type=SINGLE task=[id=56 windowingMode=1 user=0 lastActiveTime=91021275] null]
02-19 14:39:12.434  7804  7804 W SplitSelectStateCtor: Missing session instanceIds
02-19 14:39:12.434  7804  7804 D StatsLog: LAUNCHER_SPLIT_SELECTION_EXIT_INTERRUPTED
02-19 14:39:12.434   752   795 W Looper  : Slow dispatch took 159ms android.ui app=system_server main=false group=TOP_APP h=com.android.server.policy.PhoneWindowManager$PolicyHandler c=com.android.server.policy.PhoneWindowManager$DisplayHomeButtonHandler$$ExternalSyntheticLambda0@a2a4ce8 m=0
02-19 14:39:12.437  7804  7804 D ContextTracker: handleIntent: mCallbacks=[com.android.launcher3.LauncherInitListener@d07bf03]
02-19 14:39:12.438  7804  7804 D TFOManager: playPanelCloseAnimation() duration=200 traceTag=LauncherOverlay-hide isHomeButtonTap=true
02-19 14:39:12.439  7804  7804 D TFOManager: Skipped creating panel close animation because -1 is invisible.
02-19 14:39:12.439  7804  7804 D OverviewCommandHelper: clearing pending commands: [CommandInfo(type=TOGGLE, status=PROCESSING, createTime=91024630, animationCallbacks=com.android.quickstep.RecentsAnimationCallbacks@118629d, displayId=0, isLastOfBatch=true)]
02-19 14:39:12.439  7804  7934 W HWUI    : Image decoding logging dropped!
02-19 14:39:12.460  4449  4462 V WindowManagerShell: onTransitionReady(transaction=3229815423728)
02-19 14:39:12.460  4449  4467 V WindowManagerShell: onTransitionReady (#565) android.os.BinderProxy@878e66d: {id=565 t=TO_FRONT f=0x80 trk=0 r=[0@Point(0, 0)] c=[
02-19 14:39:12.460  4449  4467 V WindowManagerShell:         {m=TO_FRONT f=SHOW_WALLPAPER|MOVE_TO_TOP leash=Surface(name=Task=1)/@0xf503a1c sb=Rect(0, 0 - 1080, 2400) eb=Rect(0, 0 - 1080, 2400) epz=Point(1080, 2400) d=0 taskParent=-1},
02-19 14:39:12.460  4449  4467 V WindowManagerShell:         {m=TO_BACK f=NONE leash=Surface(name=Task=56)/@0x4857625 sb=Rect(0, 0 - 1080, 2400) eb=Rect(0, 0 - 1080, 2400) epz=Point(1080, 2400) d=0 taskParent=-1},
02-19 14:39:12.460  4449  4467 V WindowManagerShell:         {m=TO_FRONT f=IS_WALLPAPER leash=Surface(name=WallpaperWindowToken{35e0c0f showWhenLocked=false})/@0xc70c3fa sb=Rect(0, 0 - 1080, 2400) eb=Rect(0, 0 - 1080, 2400) epz=Point(1080, 2400) d=0}
02-19 14:39:12.460  4449  4467 V WindowManagerShell:     ]}
02-19 14:39:12.460  4449  4467 V WindowManagerShell: Playing animation for (#565) android.os.BinderProxy@878e66d@0
02-19 14:39:12.460  4449  4467 V WindowManagerShell:  try firstHandler com.android.wm.shell.recents.RecentsTransitionHandler@bc47314
02-19 14:39:12.460  4449  4467 V ShellRecents: [117277346] RecentsController.start
02-19 14:39:12.462  4449  4467 V ShellRecents:   not handling home taskId=1
02-19 14:39:12.463  4449  4467 V ShellRecents:   adding pausing leaf taskId=56 at layer=8
02-19 14:39:12.464  4449  4467 V ShellRecents: Applying transaction=3229815423728
02-19 14:39:12.465   531   603 I BpBinder: onLastStrongRef automatically unlinking death recipients: 
02-19 14:39:12.467  4449  4467 V ShellRecents: No matching remote found to takeover (#565)
02-19 14:39:12.467  4449  4467 V ShellSplitScreen: getSplitBoundsForTaskId: expected split bounds for taskId=56 but not found
02-19 14:39:12.467  4449  4467 V ShellRecents: [117277346] RecentsController.start: calling onAnimationStart with 2 apps
02-19 14:39:12.481   752   794 V WindowManager: Sent Transition (#565) createdAt=02-19 14:39:10.799
02-19 14:39:12.482   752   794 V WindowManager:     startWCT=WindowContainerTransaction { changes= {} hops= [{pendingIntent: options=Bundle[{android.activity.splashScreenStyle=-1, android.activity.sourceInfo=android.app.ActivityOptions$SourceInfo@ccb4f94, android.pendingIntent.backgroundActivityAllowed=3, android:activity.animAbortListener=null, android.activity.transientLaunch=true}]}] errorCallbackToken=null taskFragmentOrganizer=null }
02-19 14:39:12.482   752   794 V WindowManager:     info={id=565 t=TO_FRONT f=0x80 trk=0 r=[0@Point(0, 0)] c=[
02-19 14:39:12.482   752   794 V WindowManager:         {WCT{RemoteToken{5218fe8 Task{dd43522 #1 type=home}}} m=TO_FRONT f=SHOW_WALLPAPER|MOVE_TO_TOP leash=Surface(name=Task=1)/@0x8ddbd2e sb=Rect(0, 0 - 1080, 2400) eb=Rect(0, 0 - 1080, 2400) epz=Point(1080, 2400) d=0 taskParent=-1},
02-19 14:39:12.482   752   794 V WindowManager:         {WCT{RemoteToken{29715c6 Task{fa7be33 #56 type=standard A=10217:viva.republica.toss.test}}} m=TO_BACK f=NONE leash=Surface(name=Task=56)/@0xf76b753 sb=Rect(0, 0 - 1080, 2400) eb=Rect(0, 0 - 1080, 2400) epz=Point(1080, 2400) d=0 taskParent=-1},
02-19 14:39:12.482   752   794 V WindowManager:         {m=TO_FRONT f=IS_WALLPAPER leash=Surface(name=WallpaperWindowToken{35e0c0f showWhenLocked=false})/@0x512f5be sb=Rect(0, 0 - 1080, 2400) eb=Rect(0, 0 - 1080, 2400) epz=Point(1080, 2400) d=0}
02-19 14:39:12.482   752   794 V WindowManager:     ]}
02-19 14:39:12.482  7804  7804 D RemoteTargetGluer: appCount: 1 handleLength: 4
02-19 14:39:12.482  7804  7804 D RemoteTargetGluer: resizing handles
02-19 14:39:12.482  7804  7804 D RemoteTargetGluer: containsSplitTargets? false handleLength: 1 appsLength: 1
02-19 14:39:12.483  7804  7804 D RecentsView: setRecentsAnimationTargets - recentsAnimationController: com.android.quickstep.RecentsAnimationController@281f130, recentsAnimationTargets: com.android.quickstep.RecentsAnimationTargets@3f081a9
02-19 14:39:12.483  4449  4467 V WindowManagerShell:  animated by firstHandler
02-19 14:39:12.483  7804  7804 D RemoteTargetGluer: appCount: 1 handleLength: 1
02-19 14:39:12.484  7804  7804 D RemoteTargetGluer: containsSplitTargets? false handleLength: 1 appsLength: 1
02-19 14:39:12.484  7804  7804 D OverviewCommandHelper: recents animation started: CommandInfo(type=TOGGLE, status=PROCESSING, createTime=91024630, animationCallbacks=com.android.quickstep.RecentsAnimationCallbacks@118629d, displayId=0, isLastOfBatch=true)
02-19 14:39:12.484  7804  7804 D StatsLog: LAUNCHER_OVERVIEW_SHOW_OVERVIEW_FROM_3_BUTTON
02-19 14:39:12.485  7804  7804 D OverviewCommandHelper: recents animation started - onInitBackgroundStateUI: CommandInfo(type=TOGGLE, status=PROCESSING, createTime=91024630, animationCallbacks=com.android.quickstep.RecentsAnimationCallbacks@118629d, displayId=0, isLastOfBatch=true)
02-19 14:39:12.488  7804  7804 D RecentsView: onPrepareGestureEndAnimation - endTarget: RECENTS
02-19 14:39:12.512  4449  4467 V ShellRecents: [117277346] RecentsController.setInputConsumerEnabled: set focus to recents
02-19 14:39:12.870  7804  7804 D StateManager: goToState - fromState: Background, toState: Overview, partial trace:
02-19 14:39:12.870  7804  7804 D StateManager: 	at com.android.quickstep.BaseActivityInterface$DefaultAnimationFactory.lambda$createContainerInterface$0(go/retraceme 72a59688580715d19f0e415c69e80376c2f062d1648c80db6730905005a27c20:28)
02-19 14:39:12.870  7804  7804 D StateManager: 	at com.android.quickstep.BaseActivityInterface$DefaultAnimationFactory.a(go/retraceme 72a59688580715d19f0e415c69e80376c2f062d1648c80db6730905005a27c20:1)
02-19 14:39:12.870  7804  7804 D StateManager: 	at com.android.quickstep.y.run(go/retraceme 72a59688580715d19f0e415c69e80376c2f062d1648c80db6730905005a27c20:5)
02-19 14:39:12.871  7804  7804 D StatsLog: LAUNCHER_ONRESUME
02-19 14:39:12.872  7804  7804 D StateManager: onStateTransitionStart - state: Overview
02-19 14:39:12.872  4449  4467 D WindowManagerShell: setLauncherKeepClearAreaHeight: visible=true, height=527
02-19 14:39:12.873   752  1095 D BackgroundInstallControlService: Package event received: 0
02-19 14:39:12.873  7804  7804 D KeyboardInsetsHandler: setState, toState:Overview StateManager(mLastStableState:Normal, mCurrentStableState:Background, mState:Overview, mRestState:Normal, isInTransition:false)
02-19 14:39:12.874  7804  7804 D StateManager: onStateTransitionEnd - state: Overview
02-19 14:39:12.875  7804  7804 I AiAiSuggestUi: Clearing suggestions.
02-19 14:39:12.875  7804  7804 I AiAiSuggestUi: Requesting to show indicators
02-19 14:39:12.876  7804  7804 I AiAiSuggestUi: Fetching contents, isPrimaryTask = true
02-19 14:39:12.877  7804  7804 D StatsLog: LAUNCHER_OVERVIEW_GESTURE
02-19 14:39:12.877  7804  7804 D OverviewCommandHelper: switching via recents animation - onTransitionComplete: CommandInfo(type=TOGGLE, status=PROCESSING, createTime=91024630, animationCallbacks=com.android.quickstep.RecentsAnimationCallbacks@118629d, displayId=0, isLastOfBatch=true)
02-19 14:39:12.877  7804  7804 D OverviewCommandHelper: command executed: CommandInfo(type=TOGGLE, status=PROCESSING, createTime=91024630, animationCallbacks=com.android.quickstep.RecentsAnimationCallbacks@118629d, displayId=0, isLastOfBatch=true) with result: true
02-19 14:39:12.877  7804  7804 D OverviewCommandHelper: command executed successfully! CommandInfo(type=TOGGLE, status=COMPLETED, createTime=91024630, animationCallbacks=com.android.quickstep.RecentsAnimationCallbacks@118629d, displayId=0, isLastOfBatch=true)
02-19 14:39:12.877  7804  7804 D OverviewCommandHelper: no pending commands to be executed.
02-19 14:39:12.878  7804  7804 D ContextTracker: Unregistering callback: com.android.launcher3.LauncherInitListener@d07bf03, reason=AbsSwipeUpHandler.invalidateHandler
02-19 14:39:12.878  7804  7804 D OverviewActionsView: updateForGroupedTask() called with: isGroupedTask = [false], canSaveAppPair = [false]
02-19 14:39:12.879  7804  7804 D OverviewActionsView: updateActionButtonsVisibility() called: showSingleTaskActions = [true], showGroupActions = [false]
02-19 14:39:12.879  7804  7804 D OverviewActionsView: updateForGroupedTask() called with: isGroupedTask = [false], canSaveAppPair = [false]
02-19 14:39:12.879  7804  7804 D OverviewActionsView: updateActionButtonsVisibility() called: showSingleTaskActions = [true], showGroupActions = [false]
02-19 14:39:12.880  7804  7804 D RecentsView: onGestureAnimationEnd - mEnableDrawingLiveTile: true
02-19 14:39:12.909  7804  7823 D QuickstepModelDelegate: notifyAppTargetEvent action=1 launchLocation=
02-19 14:39:12.914  1971  2198 I AiAiEcho: Predicting[0]:  [CONTEXT sampling_count=5 ]
02-19 14:39:12.914  1971  2198 I AiAiEcho: EchoTargets: 
02-19 14:39:12.914  1971  2198 I AiAiEcho: Filtered by AiAi flag check: 
02-19 14:39:12.914  1971  2198 I AiAiEcho: [CONTEXT ratelimit_period="10 SECONDS" ]
02-19 14:39:12.915  1971  2198 I AiAiEcho: #remoteViewsTwiddler: feature disabled.
02-19 14:39:12.915  1971  2198 I AiAiEcho: #postPredictionTargets: Sending updates to UISurface home with targets# 0 (types=[])
02-19 14:39:12.949  7804  7810 W System  : A resource failed to call release. 
02-19 14:39:12.949  7804  7810 W System  : A resource failed to call release. 
02-19 14:39:12.949  7804  7810 W System  : A resource failed to call release. 
02-19 14:39:12.952  4449   613 V ShellRecents: [117277346] RecentsController.detachNavigationBarFromApp
02-19 14:39:12.962  7804  7840 I AiAiSuggestUi: Request suggestContentSelections complete, took: 86
02-19 14:39:12.962  7804  7840 I AiAiSuggestUi: Fetched content back in callback
02-19 14:39:13.617   752   798 I Choreographer: Skipped 44 frames!  The application may be doing too much work on its main thread.
02-19 14:39:13.617   752   799 I Choreographer: Skipped 44 frames!  The application may be doing too much work on its main thread.
02-19 14:39:13.619  7804  7804 I Choreographer: Skipped 44 frames!  The application may be doing too much work on its main thread.
02-19 14:39:13.620  4449  4449 I Choreographer: Skipped 44 frames!  The application may be doing too much work on its main thread.
02-19 14:39:13.621   488  1424 I RanchuHwc: logCompositionFallbackIfChanged: layer 1046 CompositionType fallback from 2 to 1
02-19 14:39:13.621   488  1424 I RanchuHwc: logCompositionFallbackIfChanged: layer 1047 CompositionType fallback from 2 to 1
02-19 14:39:13.622  7388  7388 I Choreographer: Skipped 44 frames!  The application may be doing too much work on its main thread.
02-19 14:39:13.645  7804  7840 I HWUI    : Davey! duration=809ms; Flags=0, FrameTimelineVsyncId=1638094, IntendedVsync=91026655299124, Vsync=91026671965790, InputEventId=0, HandleInputStart=91026676061860, AnimationStart=91026676062114, PerformTraversalsStart=91026681908680, DrawStart=91026697989907, FrameDeadline=91026721965788, FrameStartTime=91026676059410, FrameInterval=16666666, WorkloadTarget=16666666, SyncQueued=91026698127081, SyncStart=91026698158448, IssueDrawCommandsStart=91026698277482, SwapBuffers=91026699703890, FrameCompleted=91027465157399, DequeueBufferDuration=15234, QueueBufferDuration=784164, GpuCompleted=91027465157399, SwapBuffersCompleted=91026708458060, DisplayPresentTime=0, CommandSubmissionCompleted=91026699703890, 
02-19 14:39:13.647  4449   613 I HWUI    : Davey! duration=759ms; Flags=0, FrameTimelineVsyncId=1638124, IntendedVsync=91026705299122, Vsync=91026705299122, InputEventId=0, HandleInputStart=91026707367074, AnimationStart=91026707367721, PerformTraversalsStart=91026708010304, DrawStart=91026708700738, FrameDeadline=91026721965788, FrameStartTime=91026707363055, FrameInterval=16666666, WorkloadTarget=16666666, SyncQueued=91026710313540, SyncStart=91026710915738, IssueDrawCommandsStart=91026711202507, SwapBuffers=91026714323593, FrameCompleted=91027465143486, DequeueBufferDuration=13162, QueueBufferDuration=740464, GpuCompleted=91027465143486, SwapBuffersCompleted=91026717127310, DisplayPresentTime=0, CommandSubmissionCompleted=91026714323593, 
02-19 14:39:13.648  7804  7804 I NotificationListener: Handling notification state refresh for com.google.android.adservices.api#0
02-19 14:39:13.648  7804  7804 I NotificationListener: Handling notification state refresh for android#0
02-19 14:39:13.648  7804  7804 I NotificationListener: Handling notification state refresh for com.android.systemui#0
02-19 14:39:13.649  7804  7804 D SsBaseTemplateCard: No text view can be set up
02-19 14:39:13.649  7804  7804 D SsBaseTemplateCard: Passed-in item info is null
02-19 14:39:13.650  7804  7804 D SsBaseTemplateCard: Passed-in item info is null
02-19 14:39:13.650  7804  7804 D SsBaseTemplateCard: Passed-in item info is null
02-19 14:39:13.651  7804  7804 I SsBaseTemplateCard: Secondary card pane is null
02-19 14:39:13.651  7804  7804 I AiAiSuggestUi: Display indicators
02-19 14:39:13.664   488  1424 I RanchuHwc: logCompositionFallbackIfChanged: layer 1048 CompositionType fallback from 2 to 1
02-19 14:39:13.683  7804  7840 I HWUI    : Davey! duration=784ms; Flags=0, FrameTimelineVsyncId=1638174, IntendedVsync=91026721965788, Vsync=91027455299092, InputEventId=0, HandleInputStart=91027467378721, AnimationStart=91027467379302, PerformTraversalsStart=91027468081047, DrawStart=91027470179016, FrameDeadline=91027488632424, FrameStartTime=91027464273990, FrameInterval=16666666, WorkloadTarget=16666666, SyncQueued=91027471777901, SyncStart=91027471820692, IssueDrawCommandsStart=91027472054336, SwapBuffers=91027477254365, FrameCompleted=91027506267117, DequeueBufferDuration=2210882, QueueBufferDuration=4228142, GpuCompleted=91027506267117, SwapBuffersCompleted=91027490195164, DisplayPresentTime=0, CommandSubmissionCompleted=91027477254365, 
02-19 14:39:13.683  4449   613 I HWUI    : Davey! duration=770ms; Flags=0, FrameTimelineVsyncId=1638160, IntendedVsync=91026721965788, Vsync=91027455299092, InputEventId=0, HandleInputStart=91027467156698, AnimationStart=91027467158107, PerformTraversalsStart=91027467740603, DrawStart=91027467789670, FrameDeadline=91027488632424, FrameStartTime=91027465826846, FrameInterval=16666666, WorkloadTarget=16666666, SyncQueued=91027469834733, SyncStart=91027469955765, IssueDrawCommandsStart=91027470539617, SwapBuffers=91027472297169, FrameCompleted=91027492554272, DequeueBufferDuration=2111900, QueueBufferDuration=6756961, GpuCompleted=91027490166433, SwapBuffersCompleted=91027492554272, DisplayPresentTime=0, CommandSubmissionCompleted=91027472297169, 
02-19 14:39:13.919  7804  7804 D TaskView: launchAsLiveTile - composeRecentsLaunchAnimator: [56]
02-19 14:39:15.410   531   568 W EventThread: Faking VSYNC due to driver stall for thread app
02-19 14:39:15.411  7388  7388 I Choreographer: Skipped 79 frames!  The application may be doing too much work on its main thread.
02-19 14:39:15.421  1336  1556 D SatelliteController: iisInCarrierRoamingNbIotNtn: satellite is disabled
02-19 14:39:15.449  7804  7804 I Choreographer: Skipped 81 frames!  The application may be doing too much work on its main thread.
02-19 14:39:15.475  7804  7804 D RecentsView: finishRecentsAnimation - mRecentsAnimationController: com.android.quickstep.RecentsAnimationController@281f130
02-19 14:39:15.476  7804  7804 D RecentsView: cleanupRemoteTargets - mRemoteTargetHandles: [com.android.quickstep.RemoteTargetGluer$RemoteTargetHandle@5a9ab4a]
02-19 14:39:15.499  4449  4467 V ShellRecents: [117277346] RecentsController.finishInner: toHome=false userLeave=false willFinishToHome=false state=0 hasPausingTasks=true reason=requested
02-19 14:39:15.499  4449  4467 V ShellRecents:   returning to app
02-19 14:39:15.508  4449  4467 V ShellRecents: [117277346] RecentsController.finishInner: Completing finish
02-19 14:39:15.512  4449  4467 V ShellRecents: [117277346] RecentsController.cleanup
02-19 14:39:15.515  4449  4467 V WindowManagerShell: Transition animation finished (aborted=false), notifying core (#565) android.os.BinderProxy@878e66d@0
02-19 14:39:15.562  7804  7924 I HWUI    : Davey! duration=1371ms; Flags=0, FrameTimelineVsyncId=1638501, IntendedVsync=91027921965740, Vsync=91027921965740, InputEventId=0, HandleInputStart=91027926547287, AnimationStart=91027926547573, PerformTraversalsStart=91027927385410, DrawStart=91027927436210, FrameDeadline=91027955299072, FrameStartTime=91027926545085, FrameInterval=16666666, WorkloadTarget=16666666, SyncQueued=91027927612909, SyncStart=91027927742220, IssueDrawCommandsStart=91027927900244, SwapBuffers=91027928573556, FrameCompleted=91029293158335, DequeueBufferDuration=1362865768, QueueBufferDuration=522051, GpuCompleted=91029284105067, SwapBuffersCompleted=91029293158335, DisplayPresentTime=0, CommandSubmissionCompleted=91027928573556, 
02-19 14:39:15.563  7804  7804 D RecentsView: cleanupRemoteTargets - mRemoteTargetHandles: null
02-19 14:39:15.572  7804  7924 I HWUI    : Davey! duration=1466ms; Flags=0, FrameTimelineVsyncId=1638516, IntendedVsync=91027938632406, Vsync=91029288632352, InputEventId=0, HandleInputStart=91029318849486, AnimationStart=91029318850525, PerformTraversalsStart=91029334088292, DrawStart=91029334162153, FrameDeadline=91029305299018, FrameStartTime=91029295684639, FrameInterval=16666666, WorkloadTarget=16666666, SyncQueued=91029334355917, SyncStart=91029337561089, IssueDrawCommandsStart=91029337712111, SwapBuffers=91029347810179, FrameCompleted=91029408184928, DequeueBufferDuration=2299013, QueueBufferDuration=55318157, GpuCompleted=91029366181843, SwapBuffersCompleted=91029408184928, DisplayPresentTime=0, CommandSubmissionCompleted=91029347810179, 
02-19 14:39:15.593   752   794 V WindowManager: Finish Transition (#565): created at 02-19 14:39:10.799 collect-started=0.2ms started=0.226ms ready=1445.562ms sent=1659.009ms commit=18.896ms finished=4791.891ms
02-19 14:39:15.596  4449  4467 V WindowManagerShell: Track 0 became idle
02-19 14:39:15.596  4449  4467 V WindowManagerShell: All active transition animations finished
02-19 14:39:15.596  4449  4467 V ShellRecents: [117277346] RecentsController.finishInner: calling finish callback
02-19 14:39:15.614  7804  7804 W SplitSelectStateCtor: Missing session instanceIds
02-19 14:39:15.614  7804  7804 D StatsLog: LAUNCHER_SPLIT_SELECTION_EXIT_INTERRUPTED
02-19 14:39:15.616  4449  4467 D WindowManagerShell: setLauncherKeepClearAreaHeight: visible=false, height=527
02-19 14:39:15.622   752  1095 D BackgroundInstallControlService: Package event received: 0
02-19 14:39:15.625  7804  7804 D VRI[NexusLauncherActivity]: visibilityChanged oldVisibility=true newVisibility=false
02-19 14:39:15.627  7804  7804 D RecentsView: onRecentsAnimationComplete - mRecentsAnimationController: com.android.quickstep.RecentsAnimationController@281f130, mSideTaskLaunchCallback: null
02-19 14:39:15.636  8305  8305 W dumpsys : Thread Pool max thread count is 0. Cannot cache binder as linkToDeath cannot be implemented. serviceName: window
02-19 14:39:15.644  7804  7804 D RecentsView: updateTaskStackListenerState: false
02-19 14:39:15.652  7804  7804 D NexusLauncherModelDelegate: notifySmartspaceEvent: SmartspaceTargetEvent{mSmartspaceTarget=null, mSmartspaceActionId='null', mEventType=7}
02-19 14:39:15.745   752   797 V WindowManager: Unknown focus tokens, dropping reportFocusChanged
02-19 14:39:15.751   752   989 I ImeTracker: viva.republica.toss.test:890bb432: onRequestHide at ORIGIN_SERVER reason HIDE_SAME_WINDOW_FOCUSED_WITHOUT_EDITOR fromUser false
02-19 14:39:15.752  7388  7388 D InsetsController: hide(ime(), fromIme=false)
02-19 14:39:15.753  7388  7388 I ImeTracker: viva.republica.toss.test:890bb432: onCancelled at PHASE_CLIENT_ALREADY_HIDDEN
02-19 14:39:15.754  1563  1563 I GoogleInputMethodService: GoogleInputMethodService.onFinishInput():2043 
02-19 14:39:15.756  1563  1563 I Module  : DeviceLockedStatusModuleProvider$Module.updateDeviceLockedStatus():100 repeatCheckTimes = 0, locked = false
02-19 14:39:15.756  7804  7804 D StateManager: goToState - fromState: Overview, toState: Normal, partial trace:
02-19 14:39:15.756  7804  7804 D StateManager: 	at com.android.launcher3.statemanager.StateManager.moveToRestState(go/retraceme 72a59688580715d19f0e415c69e80376c2f062d1648c80db6730905005a27c20:4)
02-19 14:39:15.756  7804  7804 D StateManager: 	at com.android.launcher3.statemanager.StateManager.moveToRestState(go/retraceme 72a59688580715d19f0e415c69e80376c2f062d1648c80db6730905005a27c20:1)
02-19 14:39:15.756  7804  7804 D StateManager: 	at com.android.quickstep.TaskViewUtils$9.lambda$onAnimationSuccess$0(go/retraceme 72a59688580715d19f0e415c69e80376c2f062d1648c80db6730905005a27c20:1)
02-19 14:39:15.756  1563  1563 I GoogleInputMethodService: GoogleInputMethodService.onStartInput():1293 onStartInput(EditorInfo{EditorInfo{packageName=viva.republica.toss.test, inputType=0, inputTypeString=NULL, enableLearning=false, autoCorrection=false, autoComplete=false, imeOptions=0, privateImeOptions=null, actionName=UNSPECIFIED, actionLabel=null, initialSelStart=-1, initialSelEnd=-1, initialCapsMode=0, label=null, fieldId=0, fieldName=null, extras=null, hintText=null, hintLocales=[]}}, false)
02-19 14:39:15.756  7804  7804 D RecentsView: finishRecentsAnimation - mRecentsAnimationController: null
02-19 14:39:15.756  7804  7804 D RecentsView: cleanupRemoteTargets - mRemoteTargetHandles: null
02-19 14:39:15.757  1563  1563 I Module  : DeviceLockedStatusModuleProvider$Module.updateDeviceLockedStatus():100 repeatCheckTimes = 1, locked = false
02-19 14:39:15.758  1563  1563 I EmojiCompatManager: EmojiCompatManager.getEmojiCompatIfLoaded():343 EmojiCompat.init() was never called.
02-19 14:39:15.758  1563  1563 I EmojiCompatManager: java.lang.IllegalStateException: EmojiCompat is not initialized. Please call EmojiCompat.init() first
02-19 14:39:15.758  1563  1563 I EmojiCompatManager: 	at asx.p(PG:6)
02-19 14:39:15.758  1563  1563 I EmojiCompatManager: 	at axb.b(PG:13)
02-19 14:39:15.758  1563  1563 I EmojiCompatManager: 	at jnr.b(PG:2)
02-19 14:39:15.758  1563  1563 I EmojiCompatManager: 	at jnr.c(PG:4)
02-19 14:39:15.758  1563  1563 I EmojiCompatManager: 	at jnr.f(PG:3)
02-19 14:39:15.758  1563  1563 I EmojiCompatManager: 	at jnx.c(PG:3)
02-19 14:39:15.758  1563  1563 I EmojiCompatManager: 	at kif.cz(PG:47)
02-19 14:39:15.758  1563  1563 I EmojiCompatManager: 	at lhl.run(PG:1025)
02-19 14:39:15.758  1563  1563 I EmojiCompatManager: 	at jaf.execute(PG:12)
02-19 14:39:15.758  1563  1563 I EmojiCompatManager: 	at nco.v(PG:13)
02-19 14:39:15.758  1563  1563 I EmojiCompatManager: 	at lhn.m(PG:96)
02-19 14:39:15.758  1563  1563 I EmojiCompatManager: 	at lhn.k(PG:25)
02-19 14:39:15.758  1563  1563 I EmojiCompatManager: 	at kgn.onStartInput(PG:250)
02-19 14:39:15.758  1563  1563 I EmojiCompatManager: 	at android.inputmethodservice.InputMethodService.doStartInput(InputMethodService.java:3521)
02-19 14:39:15.758  1563  1563 I EmojiCompatManager: 	at android.inputmethodservice.InputMethodService$InputMethodImpl.startInput(InputMethodService.java:879)
02-19 14:39:15.758  1563  1563 I EmojiCompatManager: 	at android.inputmethodservice.InputMethodService$InputMethodImpl.dispatchStartInput(InputMethodService.java:908)
02-19 14:39:15.758  1563  1563 I EmojiCompatManager: 	at android.inputmethodservice.IInputMethodWrapper.executeMessage(IInputMethodWrapper.java:201)
02-19 14:39:15.758  1563  1563 I EmojiCompatManager: 	at com.android.internal.os.HandlerCaller$MyHandler.handleMessage(HandlerCaller.java:44)
02-19 14:39:15.758  1563  1563 I EmojiCompatManager: 	at android.os.Handler.dispatchMessage(Handler.java:110)
02-19 14:39:15.758  1563  1563 I EmojiCompatManager: 	at android.os.Looper.loopOnce(Looper.java:248)
02-19 14:39:15.758  1563  1563 I EmojiCompatManager: 	at android.os.Looper.loop(Looper.java:338)
02-19 14:39:15.758  1563  1563 I EmojiCompatManager: 	at android.app.ActivityThread.main(ActivityThread.java:9067)
02-19 14:39:15.758  1563  1563 I EmojiCompatManager: 	at java.lang.reflect.Method.invoke(Native Method)
02-19 14:39:15.758  1563  1563 I EmojiCompatManager: 	at com.android.internal.os.RuntimeInit$MethodAndArgsCaller.run(RuntimeInit.java:593)
02-19 14:39:15.758  1563  1563 I EmojiCompatManager: 	at com.android.internal.os.ZygoteInit.main(ZygoteInit.java:932)
02-19 14:39:15.758   752  2502 W PackageConfigPersister: App-specific configuration not found for packageName: viva.republica.toss.test and userId: 0
02-19 14:39:15.765  7804  7804 D BaseDepthController: setSurface:
02-19 14:39:15.765  7804  7804 D BaseDepthController: 	mWaitingOnSurfaceValidity: false
02-19 14:39:15.765  7804  7804 D BaseDepthController: 	mBaseSurface: null
02-19 14:39:15.767  7804  7804 D BaseDepthController: mSurface is null and mCurrentBlur is: 23
02-19 14:39:15.768  7804  7804 D StateManager: goToState - fromState: Overview, toState: Normal, partial trace:
02-19 14:39:15.768  7804  7804 D StateManager: 	at com.android.launcher3.statemanager.StateManager.moveToRestState(go/retraceme 72a59688580715d19f0e415c69e80376c2f062d1648c80db6730905005a27c20:4)
02-19 14:39:15.768  7804  7804 D StateManager: 	at com.android.launcher3.statemanager.StateManager.moveToRestState(go/retraceme 72a59688580715d19f0e415c69e80376c2f062d1648c80db6730905005a27c20:1)
02-19 14:39:15.768  7804  7804 D StateManager: 	at com.android.launcher3.statemanager.StatefulActivity.onStop(go/retraceme 72a59688580715d19f0e415c69e80376c2f062d1648c80db6730905005a27c20:34)
02-19 14:39:15.768  7804  7804 D StateManager: cancelAnimation - with ongoing animation, partial trace:
02-19 14:39:15.768  7804  7804 D StateManager: 	at com.android.launcher3.statemanager.StateManager.goToState(go/retraceme 72a59688580715d19f0e415c69e80376c2f062d1648c80db6730905005a27c20:18)
02-19 14:39:15.768  7804  7804 D StateManager: 	at com.android.launcher3.statemanager.StateManager.goToState(go/retraceme 72a59688580715d19f0e415c69e80376c2f062d1648c80db6730905005a27c20:3)
02-19 14:39:15.768  7804  7804 D StateManager: 	at com.android.launcher3.statemanager.StateManager.moveToRestState(go/retraceme 72a59688580715d19f0e415c69e80376c2f062d1648c80db6730905005a27c20:4)
02-19 14:39:15.769  7804  7804 D RecentsView: reset - mEnableDrawingLiveTile: true, mRecentsAnimationController: null
02-19 14:39:15.769  7804  7804 D StateManager: onStateTransitionStart - state: Normal
02-19 14:39:15.771  7804  7804 D BaseDepthController: mSurface is null and mCurrentBlur is: 23
02-19 14:39:15.772  7804  7804 D KeyboardInsetsHandler: setState, toState:Normal StateManager(mLastStableState:Normal, mCurrentStableState:Overview, mState:Normal, mRestState:Normal, isInTransition:false)
02-19 14:39:15.773  7804  7804 D StateManager: onStateTransitionEnd - state: Normal
02-19 14:39:15.773  7804  7804 D RecentsView: reset - mEnableDrawingLiveTile: false, mRecentsAnimationController: null
02-19 14:39:15.774  7804  7804 I AiAiSuggestUi: Clearing suggestions.
02-19 14:39:15.774  7804  7804 I AiAiSuggestUi: Clearing suggestions.
02-19 14:39:15.774  7804  7804 D ActivityAllAppsContainerView: rebindAdapters: force: false
02-19 14:39:15.774  7804  7804 D ActivityAllAppsContainerView: rebindAdapters: Not needed.
02-19 14:39:15.777  7804  7804 D StatsLog: LAUNCHER_ONSTOP
02-19 14:39:15.778  7804  7804 D StatsLog: LAUNCHER_GOOGLE_SEARCH_RESTORE_LIST_SIZE_AFTER_ACTIVITY_RESTART
02-19 14:39:15.812   752  1095 D BackgroundInstallControlService: Package event received: 0
02-19 14:39:15.841  7804  7810 W System  : A resource failed to call release. 
02-19 14:39:15.841  7804  7810 W System  : A resource failed to call release. 
02-19 14:39:15.841  7804  7810 W System  : A resource failed to call release. 
02-19 14:39:15.841  7804  7810 W System  : A resource failed to call release. 
02-19 14:39:15.873  7804  7804 D OverviewActionsView: updateForGroupedTask() called with: isGroupedTask = [false], canSaveAppPair = [false]
02-19 14:39:15.873  7804  7804 D OverviewActionsView: updateActionButtonsVisibility() called: showSingleTaskActions = [true], showGroupActions = [false]
02-19 14:39:15.873  7804  7804 D OverviewActionsView: updateForGroupedTask() called with: isGroupedTask = [false], canSaveAppPair = [false]
02-19 14:39:15.874  7804  7804 D OverviewActionsView: updateActionButtonsVisibility() called: showSingleTaskActions = [true], showGroupActions = [false]
02-19 14:39:15.875   752  1095 D BackgroundInstallControlService: Package event received: 0
02-19 14:39:15.884   752  1935 W IPCThreadState: Sending oneway calls to frozen process.
02-19 14:39:15.884   752  1935 W IPCThreadState: Sending oneway calls to frozen process.
02-19 14:39:15.884   752  1935 W IPCThreadState: Sending oneway calls to frozen process.
02-19 14:39:15.885   752  1935 W IPCThreadState: Sending oneway calls to frozen process.
02-19 14:39:15.885   752  1935 W ProcessStats: Tracking association SourceState{1b917ca system/1000 BFgs #18077} whose proc state 4 is better than process ProcessState{42c4ef0 com.google.android.ext.services/10208 pkg=com.google.android.ext.services} proc state 14 (23 skipped)
02-19 14:39:15.964   752  1935 W ActivityTaskManager: callingPackage for (uid=2000, pid=8311) has no WPC
02-19 14:39:15.968   752  1935 V GrammaticalInflectionUtils: AttributionSource: android.content.AttributionSource@56784557 does not have READ_SYSTEM_GRAMMATICAL_GENDER permission.
02-19 14:39:15.968   752  1935 W OptProp : Cannot read opt property android.window.PROPERTY_COMPAT_ALLOW_USER_ASPECT_RATIO_OVERRIDE
02-19 14:39:15.968   752  1935 W OptProp : Cannot read opt property android.window.PROPERTY_COMPAT_ALLOW_USER_ASPECT_RATIO_FULLSCREEN_OVERRIDE
02-19 14:39:15.968   752  1935 W OptProp : Cannot read opt property android.window.PROPERTY_COMPAT_ALLOW_RESIZEABLE_ACTIVITY_OVERRIDES
02-19 14:39:15.970   752  1935 W OptProp : Cannot read opt property android.window.PROPERTY_COMPAT_ALLOW_MIN_ASPECT_RATIO_OVERRIDE
02-19 14:39:15.985   531   549 I BpBinder: onLastStrongRef automatically unlinking death recipients: 
02-19 14:39:15.985  4449  4531 D KeyguardService: setOccluded(false)
02-19 14:39:15.985  4449  4531 D KeyguardViewMediator: setOccluded(false)
02-19 14:39:15.986  4449  4449 D KeyguardViewMediator: handleSetOccluded(false)
02-19 14:39:15.986  4449  4449 D KeyguardViewMediator: KeyguardViewMediator queue processing message: SET_OCCLUDED
02-19 14:39:15.987  4449  4467 D WindowManagerShell: onActivityRestartAttempt: topActivity=ComponentInfo{viva.republica.toss.test/im.toss.rn.granite.core.GraniteActivity}, wasVisible=true
02-19 14:39:15.987   752  1935 I ActivityTaskManager: START u0 {act=android.intent.action.VIEW dat=intoss://takealook/... flg=0x10000000 xflg=0x4 pkg=viva.republica.toss.test cmp=viva.republica.toss.test/.MiniAppSchemeActivity} with LAUNCH_MULTIPLE from uid 2000 (BAL_ALLOW_PERMISSION) result code=3
02-19 14:39:15.993  4449  4458 W System  : A resource failed to call release. 
02-19 14:39:15.993  4449  4458 W System  : A resource failed to call release. 
02-19 14:39:15.993  4449  4458 W System  : A resource failed to call release. 
02-19 14:39:15.994  4449  4458 W System  : A resource failed to call release. 
02-19 14:39:15.994  4449  4458 W System  : A resource failed to call release. 
02-19 14:39:15.994  4449  4458 W System  : A resource failed to call release. 
02-19 14:39:15.994  4449  4458 W System  : A resource failed to call release. 
02-19 14:39:15.994  4449  4458 W System  : A resource failed to call release. 
02-19 14:39:15.994  4449  4458 W System  : A resource failed to call release. 
02-19 14:39:15.994  4449  4458 W System  : A resource failed to call release. 
02-19 14:39:15.995  4449  4458 W System  : A resource failed to call release. 
02-19 14:39:15.995  4449  4458 W System  : A resource failed to call release. 
02-19 14:39:15.995  4449  4458 W System  : A resource failed to call release. 
02-19 14:39:15.995  4449  4458 W System  : A resource failed to call release. 
02-19 14:39:15.997  4449  4458 W System  : A resource failed to call release. 
02-19 14:39:15.997  4449  4458 W System  : A resource failed to call release. 
02-19 14:39:15.997  4449  4458 W System  : A resource failed to call release. 
02-19 14:39:15.998  4449  4458 W System  : A resource failed to call release. 
02-19 14:39:15.998  4449  4458 W System  : A resource failed to call release. 
02-19 14:39:15.998  4449  4458 W System  : A resource failed to call release. 
02-19 14:39:15.998  4449  4458 W System  : A resource failed to call release. 
02-19 14:39:17.156   537   537 W adbd    : timeout expired while flushing socket, closing
02-19 14:39:17.158  4449  4530 I Choreographer: Skipped 57 frames!  The application may be doing too much work on its main thread.
02-19 14:39:17.158  7388  7388 I Choreographer: Skipped 58 frames!  The application may be doing too much work on its main thread.
02-19 14:39:18.412   531   568 W EventThread: Faking VSYNC due to driver stall for thread app
02-19 14:39:18.413   537   537 W adbd    : timeout expired while flushing socket, closing
02-19 14:39:18.416  7388  7388 I Choreographer: Skipped 74 frames!  The application may be doing too much work on its main thread.
02-19 14:39:18.527  8314  8314 W dumpsys : Thread Pool max thread count is 0. Cannot cache binder as linkToDeath cannot be implemented. serviceName: window
02-19 14:39:18.694   752  1856 E TaskPersister: File error accessing recents directory (directory doesn't exist?).
02-19 14:39:19.806   752  2502 W AppOps  : Noting op not finished: uid 10148 pkg com.google.android.gms code 113 startTime of in progress event=1771455059663
02-19 14:39:19.978   218   218 I lowmemorykiller: Kill 'com.google.android.webview:webview_service' (7454), uid 10168, oom_score_adj 935 to free 57276kB rss, 39268kB swap; reason: device is not responding
02-19 14:39:20.218   752  2502 W AppOps  : Noting op not finished: uid 10148 pkg com.google.android.gms code 79 startTime of in progress event=1771473748663
02-19 14:39:20.222 20068 20112 I ActivityScheduler: nextTriggerTime: 91272169, in 238100ms, detectorType: 39, FULL_TYPE alarmWindowMillis: 80000
02-19 14:39:20.263   218   222 E lowmemorykiller: process_mrelease 7454 failed: No such process
02-19 14:39:20.281   752  1246 I ActivityManager: Process com.google.android.webview:webview_service (pid 7454) has died: cch+35 CEM 
02-19 14:39:20.282   458   458 I Zygote  : Process 7454 exited due to signal 9 (Killed)
02-19 14:39:20.282   752   807 I libprocessgroup: Removed cgroup /sys/fs/cgroup/apps/uid_10168/pid_7454
02-19 14:39:20.732   752   795 W Looper  : Slow dispatch took 296ms android.ui app=system_server main=false group=TOP_APP h=com.android.server.am.ActivityManagerService$UiHandler c=com.android.server.am.UidObserverController$$ExternalSyntheticLambda0@6a2cd6d m=0
02-19 14:39:20.808   752  1246 W AppOps  : Noting op not finished: uid 10148 pkg com.google.android.gms code 113 startTime of in progress event=1771455059663
02-19 14:39:20.999   752   797 E BLASTSyncEngine: WM sent Transaction (#567, Transition-OPEN, tx=3229815423763) to organizer, but never received commit callback. Application ANR likely to follow.
02-19 14:39:25.239   218   218 I lowmemorykiller: Kill 'com.google.android.permissioncontroller' (7686), uid 10192, oom_score_adj 925 to free 64040kB rss, 38764kB swap; reason: device is not responding
02-19 14:39:25.510   218   223 E lowmemorykiller: process_mrelease 7686 failed: No such process
02-19 14:39:25.546  8319  8319 W screencap: Thread Pool max thread count is 0. Cannot cache binder as linkToDeath cannot be implemented. serviceName: SurfaceFlingerAIDL
02-19 14:39:25.546  8319  8319 W BpBinder: Linking to death on android.gui.ISurfaceComposer but there are no threads (yet?) listening to incoming transactions. See ProcessState::startThreadPool and ProcessState::setThreadPoolMaxThreadCount. Generally you should setup the binder threadpool before other initialization steps.
02-19 14:39:25.546  8319  8319 W ProcessState: Extra binder thread started, but 0 threads requested. Do not use *startThreadPool when zero threads are requested.
02-19 14:39:25.548   531   549 E HwcComposer: getLuts failed Status(-8, EX_SERVICE_SPECIFIC): '8: '
02-19 14:39:25.549   531   549 E HWComposer: getLuts: getLuts failed for display 4619827259835644672: UNSUPPORTED (8)
02-19 14:39:25.704   752  1095 D BackgroundInstallControlService: Package event received: 0
02-19 14:39:25.989   458   458 I Zygote  : Process 7686 exited due to signal 9 (Killed)
02-19 14:39:26.004   752  2363 I ActivityManager: Process com.google.android.permissioncontroller (pid 7686) has died: cch+25 CEM 
02-19 14:39:26.005   752   807 I libprocessgroup: Removed cgroup /sys/fs/cgroup/apps/uid_10192/pid_7686
