--------- beginning of main
02-19 18:03:32.259  4449  4458 W System  : A resource failed to call release. 
02-19 18:03:32.259  4449  4458 W System  : A resource failed to call release. 
02-19 18:03:32.400   752   800 I system_server: libdebuggerd_client: done dumping process 490
02-19 18:03:32.400   283   283 W tombstoned: skipping tombstone file creation due to intercept
--------- beginning of system
02-19 18:03:32.406   752   800 I ActivityManager: Collecting stacks for native pid 238
02-19 18:03:32.407   752   800 E system_server: Could not open /dev/binderfs/binder_logs/transactions. Likely a permissions issue. errno: 2
02-19 18:03:32.407   752   800 E android.os.Debug: Failed to get binder state info for pid: 238 status: -2: No such file or directory
02-19 18:03:32.408   752   800 I system_server: libdebuggerd_client: started dumping process 238
02-19 18:03:32.409   283   283 I tombstoned: registered intercept for pid 238 and type kDebuggerdNativeBacktrace
02-19 18:03:32.411   238   238 I libc    : Requested dump for pid 238 (binder:238_2)
02-19 18:03:32.404   752   752 W watchdog: type=1400 audit(0.0:318): avc:  denied  { read } for  name="transactions" dev="binder" ino=1048587 scontext=u:r:system_server:s0 tcontext=u:object_r:binderfs_logs_transactions:s0 tclass=file permissive=0
02-19 18:03:32.461 12755 12755 F crash_dump64: crash_dump.cpp:656] failed to attach to thread 238: Permission denied
02-19 18:03:32.462   283   283 I tombstoned: received crash request for pid 238
02-19 18:03:32.462   283   283 I tombstoned: found registered intercept of type kDebuggerdNativeBacktrace for requested type kDebuggerdAnyIntercept
02-19 18:03:32.462   283   283 I tombstoned: found intercept fd 512 for pid 238 and type kDebuggerdNativeBacktrace
02-19 18:03:32.464   283   283 W tombstoned: crash socket received short read of length 0 (expected 12)
02-19 18:03:32.464   752   800 I system_server: libdebuggerd_client: done dumping process 238
--------- beginning of crash
02-19 18:03:32.465   238   238 F libc    : Unwind request: crash_dump helper failed to exec, or was killed
02-19 18:03:32.440 12755 12755 W crash_dump64: type=1400 audit(0.0:319): avc:  denied  { ptrace } for  scontext=u:r:crash_dump:s0 tcontext=u:r:vold:s0 tclass=process permissive=0
02-19 18:03:32.470   752   800 I ActivityManager: Collecting stacks for native pid 624
02-19 18:03:32.471   752   800 E system_server: Could not open /dev/binderfs/binder_logs/transactions. Likely a permissions issue. errno: 2
02-19 18:03:32.471   752   800 E android.os.Debug: Failed to get binder state info for pid: 624 status: -2: No such file or directory
02-19 18:03:32.473   752   800 I system_server: libdebuggerd_client: started dumping process 624
02-19 18:03:32.474   283   283 I tombstoned: registered intercept for pid 624 and type kDebuggerdNativeBacktrace
02-19 18:03:32.475   283   283 I tombstoned: received crash request for pid 624
02-19 18:03:32.476   283   283 I tombstoned: found intercept fd 512 for pid 624 and type kDebuggerdNativeBacktrace
02-19 18:03:32.468   752   752 W watchdog: type=1400 audit(0.0:320): avc:  denied  { read } for  name="transactions" dev="binder" ino=1048587 scontext=u:r:system_server:s0 tcontext=u:object_r:binderfs_logs_transactions:s0 tclass=file permissive=0
02-19 18:03:32.587   283   283 W tombstoned: skipping tombstone file creation due to intercept
02-19 18:03:32.587   752   800 I system_server: libdebuggerd_client: done dumping process 624
02-19 18:03:32.688   752   800 I ActivityManager: Collecting stacks for native pid 627
02-19 18:03:32.689   752   800 E system_server: Could not open /dev/binderfs/binder_logs/transactions. Likely a permissions issue. errno: 2
02-19 18:03:32.689   752   800 E android.os.Debug: Failed to get binder state info for pid: 627 status: -2: No such file or directory
02-19 18:03:32.689   752   800 I system_server: libdebuggerd_client: started dumping process 627
02-19 18:03:32.690   283   283 I tombstoned: registered intercept for pid 627 and type kDebuggerdNativeBacktrace
02-19 18:03:32.684   752   752 W watchdog: type=1400 audit(0.0:321): avc:  denied  { read } for  name="transactions" dev="binder" ino=1048587 scontext=u:r:system_server:s0 tcontext=u:object_r:binderfs_logs_transactions:s0 tclass=file permissive=0
02-19 18:03:32.717   627   627 I libc    : Requested dump for pid 627 (mediametrics)
02-19 18:03:32.756 12758 12758 I crash_dump64: obtaining output fd from tombstoned, type: kDebuggerdNativeBacktrace
02-19 18:03:32.758   283   283 I tombstoned: received crash request for pid 627
02-19 18:03:32.758   283   283 I tombstoned: found intercept fd 512 for pid 627 and type kDebuggerdNativeBacktrace
02-19 18:03:32.759 12758 12758 I crash_dump64: performing dump of process 627 (target tid = 627)
02-19 18:03:32.813   752   800 I system_server: libdebuggerd_client: done dumping process 627
02-19 18:03:32.814   283   283 W tombstoned: skipping tombstone file creation due to intercept
02-19 18:03:32.826   752   800 I ActivityManager: Collecting stacks for native pid 628
02-19 18:03:32.826   752   800 E system_server: Could not open /dev/binderfs/binder_logs/transactions. Likely a permissions issue. errno: 2
02-19 18:03:32.827   752   800 E android.os.Debug: Failed to get binder state info for pid: 628 status: -2: No such file or directory
02-19 18:03:32.827   752   800 I system_server: libdebuggerd_client: started dumping process 628
02-19 18:03:32.828   283   283 I tombstoned: registered intercept for pid 628 and type kDebuggerdNativeBacktrace
02-19 18:03:32.828   628   628 I libc    : Requested dump for pid 628 (mediaserver)
02-19 18:03:32.824   752   752 W watchdog: type=1400 audit(0.0:322): avc:  denied  { read } for  name="transactions" dev="binder" ino=1048587 scontext=u:r:system_server:s0 tcontext=u:object_r:binderfs_logs_transactions:s0 tclass=file permissive=0
02-19 18:03:32.874 12763 12763 I crash_dump64: obtaining output fd from tombstoned, type: kDebuggerdNativeBacktrace
02-19 18:03:32.875   283   283 I tombstoned: received crash request for pid 628
02-19 18:03:32.875   283   283 I tombstoned: found intercept fd 512 for pid 628 and type kDebuggerdNativeBacktrace
02-19 18:03:32.876 12763 12763 I crash_dump64: performing dump of process 628 (target tid = 628)
02-19 18:03:32.908   752   800 I system_server: libdebuggerd_client: done dumping process 628
02-19 18:03:32.908   283   283 W tombstoned: skipping tombstone file creation due to intercept
02-19 18:03:32.923   752   800 I ActivityManager: Collecting stacks for native pid 248
02-19 18:03:32.923   752   800 E system_server: Could not open /dev/binderfs/binder_logs/transactions. Likely a permissions issue. errno: 2
02-19 18:03:32.923   752   800 E android.os.Debug: Failed to get binder state info for pid: 248 status: -2: No such file or directory
02-19 18:03:32.920   752   752 W watchdog: type=1400 audit(0.0:323): avc:  denied  { read } for  name="transactions" dev="binder" ino=1048587 scontext=u:r:system_server:s0 tcontext=u:object_r:binderfs_logs_transactions:s0 tclass=file permissive=0
02-19 18:03:32.930   752   800 I system_server: libdebuggerd_client: started dumping process 248
02-19 18:03:32.931   283   283 I tombstoned: registered intercept for pid 248 and type kDebuggerdNativeBacktrace
02-19 18:03:32.934   248   248 I libc    : Requested dump for pid 248 (android.system.)
02-19 18:03:33.006 12768 12768 I crash_dump64: obtaining output fd from tombstoned, type: kDebuggerdNativeBacktrace
02-19 18:03:33.007   283   283 I tombstoned: received crash request for pid 248
02-19 18:03:33.007   283   283 I tombstoned: found intercept fd 512 for pid 248 and type kDebuggerdNativeBacktrace
02-19 18:03:33.007 12768 12768 I crash_dump64: performing dump of process 248 (target tid = 248)
02-19 18:03:33.055   752   800 I system_server: libdebuggerd_client: done dumping process 248
02-19 18:03:33.055   283   283 W tombstoned: skipping tombstone file creation due to intercept
02-19 18:03:33.060   752   800 I ActivityManager: Collecting stacks for native pid 633
02-19 18:03:33.061   752   800 E system_server: Could not open /dev/binderfs/binder_logs/transactions. Likely a permissions issue. errno: 2
02-19 18:03:33.061   752   800 E android.os.Debug: Failed to get binder state info for pid: 633 status: -2: No such file or directory
02-19 18:03:33.063   752   800 I system_server: libdebuggerd_client: started dumping process 633
02-19 18:03:33.065   283   283 I tombstoned: registered intercept for pid 633 and type kDebuggerdNativeBacktrace
02-19 18:03:33.066   283   283 I tombstoned: received crash request for pid 633
02-19 18:03:33.067   283   283 I tombstoned: found intercept fd 512 for pid 633 and type kDebuggerdNativeBacktrace
02-19 18:03:33.056   752   752 W watchdog: type=1400 audit(0.0:324): avc:  denied  { read } for  name="transactions" dev="binder" ino=1048587 scontext=u:r:system_server:s0 tcontext=u:object_r:binderfs_logs_transactions:s0 tclass=file permissive=0
02-19 18:03:33.627   283   283 W tombstoned: skipping tombstone file creation due to intercept
02-19 18:03:33.627   752   800 I system_server: libdebuggerd_client: done dumping process 633
02-19 18:03:33.630   752   800 I ActivityManager: Collecting stacks for native pid 249
02-19 18:03:33.630   752   800 E system_server: Could not open /dev/binderfs/binder_logs/transactions. Likely a permissions issue. errno: 2
02-19 18:03:33.630   752   800 E android.os.Debug: Failed to get binder state info for pid: 249 status: -2: No such file or directory
02-19 18:03:33.631   752   800 I system_server: libdebuggerd_client: started dumping process 249
02-19 18:03:33.632   283   283 I tombstoned: registered intercept for pid 249 and type kDebuggerdNativeBacktrace
02-19 18:03:33.632   249   249 I libc    : Requested dump for pid 249 (binder:249_2)
02-19 18:03:33.628   752   752 W watchdog: type=1400 audit(0.0:325): avc:  denied  { read } for  name="transactions" dev="binder" ino=1048587 scontext=u:r:system_server:s0 tcontext=u:object_r:binderfs_logs_transactions:s0 tclass=file permissive=0
02-19 18:03:33.682 12775 12775 F crash_dump64: crash_dump.cpp:656] failed to attach to thread 249: Permission denied
02-19 18:03:33.683   283   283 I tombstoned: received crash request for pid 249
02-19 18:03:33.683   283   283 I tombstoned: found registered intercept of type kDebuggerdNativeBacktrace for requested type kDebuggerdAnyIntercept
02-19 18:03:33.683   283   283 I tombstoned: found intercept fd 512 for pid 249 and type kDebuggerdNativeBacktrace
02-19 18:03:33.684   283   283 W tombstoned: crash socket received short read of length 0 (expected 12)
02-19 18:03:33.684   752   800 I system_server: libdebuggerd_client: done dumping process 249
02-19 18:03:33.696   249   249 F libc    : Unwind request: crash_dump helper failed to exec, or was killed
02-19 18:03:33.697   752   800 I ActivityManager: dumpStackTraces extraPids=[]
02-19 18:03:33.697   752   800 I ActivityManager: Done dumping
02-19 18:03:33.794   752  2417 W ActivityTaskManager: callingPackage for (uid=2000, pid=12778) has no WPC
02-19 18:03:33.796   752  2417 V GrammaticalInflectionUtils: AttributionSource: android.content.AttributionSource@56784557 does not have READ_SYSTEM_GRAMMATICAL_GENDER permission.
02-19 18:03:33.797   752  2417 W OptProp : Cannot read opt property android.window.PROPERTY_COMPAT_ALLOW_USER_ASPECT_RATIO_OVERRIDE
02-19 18:03:33.797   752  2417 W OptProp : Cannot read opt property android.window.PROPERTY_COMPAT_ALLOW_USER_ASPECT_RATIO_FULLSCREEN_OVERRIDE
02-19 18:03:33.798   752  2417 W OptProp : Cannot read opt property android.window.PROPERTY_COMPAT_ALLOW_RESIZEABLE_ACTIVITY_OVERRIDES
02-19 18:03:33.798   752  2417 W OptProp : Cannot read opt property android.window.PROPERTY_COMPAT_ALLOW_MIN_ASPECT_RATIO_OVERRIDE
02-19 18:03:33.802   752  2417 W OptProp : Cannot read opt property android.window.PROPERTY_COMPAT_ALLOW_ORIENTATION_OVERRIDE
02-19 18:03:33.803   531   603 I BpBinder: onLastStrongRef automatically unlinking death recipients: 
02-19 18:03:33.806   752  2417 I AppsFilter: interaction: PackageSetting{d389813 com.android.microdroid.empty_payload/10204} -> PackageSetting{48f4481 viva.republica.toss.test/10217} BLOCKED
02-19 18:03:33.806   752  2417 I AppsFilter: interaction: PackageSetting{120ba50 com.android.adbkeyboard/10219} -> PackageSetting{48f4481 viva.republica.toss.test/10217} BLOCKED
02-19 18:03:33.807   752  2417 I ActivityTaskManager: Add Task{5093e0a #60 type=standard A=10217:viva.republica.toss.test} to hidden list because adding Task{eedbf8b #61 type=standard A=10217:viva.republica.toss.test}
02-19 18:03:33.809   752  2417 I ActivityTaskManager: START u0 {act=android.intent.action.VIEW dat=intoss://takealook/... flg=0x10000000 xflg=0x4 pkg=viva.republica.toss.test cmp=viva.republica.toss.test/.MiniAppSchemeActivity} with LAUNCH_MULTIPLE from uid 2000 (BAL_ALLOW_PERMISSION) result code=0
02-19 18:03:33.811  4449  4467 V WindowManagerShell: Transition requested (#608): android.os.BinderProxy@b09c7c TransitionRequestInfo { type = OPEN, triggerTask = TaskInfo{userId=0 taskId=61 effectiveUid=10217 displayId=0 isRunning=true baseIntent=Intent { act=android.intent.action.VIEW dat=intoss://takealook/... flg=0x10000000 pkg=viva.republica.toss.test cmp=viva.republica.toss.test/.MiniAppSchemeActivity } baseActivity=ComponentInfo{viva.republica.toss.test/viva.republica.toss.test.MiniAppSchemeActivity} topActivity=ComponentInfo{viva.republica.toss.test/viva.republica.toss.test.MiniAppSchemeActivity} origActivity=null realActivity=ComponentInfo{viva.republica.toss.test/viva.republica.toss.test.MiniAppSchemeActivity} numActivities=1 lastActiveTime=103287654 supportsMultiWindow=true resizeMode=1 isResizeable=true minWidth=-1 minHeight=-1 defaultMinSize=220 token=WCT{android.window.IWindowContainerToken$Stub$Proxy@ec89905} topActivityType=1 pictureInPictureParams=null shouldDockBigOverlays=false launchIntoPipHostTaskId=-1 lastParentTaskIdBeforePip=-1 displayCutoutSafeInsets=Rect(0, 0 - 0, 0) topActivityInfo=ActivityInfo{8e6dd5a viva.republica.toss.test.MiniAppSchemeActivity} launchCookies=[] positionInParent=Point(0, 0) parentTaskId=-1 isFocused=false isVisible=false isVisibleRequested=false isTopActivityNoDisplay=false isSleeping=false locusId=null displayAreaFeatureId=1 isTopActivityTransparent=true isActivityStackTransparent=true lastNonFullscreenBounds=Rect(284, 660 - 796, 1740) capturedLink=null capturedLinkTimestamp=0 requestedVisibleTypes=-9 topActivityRequestOpenInBrowserEducationTimestamp=0 appCompatTaskInfo=AppCompatTaskInfo { topActivityInSizeCompat=false eligibleForLetterboxEducation= false isLetterboxEducationEnabled= true isLetterboxDoubleTapEnabled= false eligibleForUserAspectRatioButton= false topActivityBoundsLetterboxed= false isFromLetterboxDoubleTap= false topActivityLetterboxVerticalPosition= -1 topActivityLetterboxHorizontalPosition= -1 topActivityLetterboxWidth=-1 topActivityLetterboxHeight=-1 topActivityAppBounds=Rect(0, 0 - 1080, 2400) isUserFullscreenOverrideEnabled=false isSystemFullscreenOverrideEnabled=false hasMinAspectRatioOverride=false topActivityLetterboxBounds=null cameraCompatTaskInfo=CameraCompatTaskInfo { freeformCameraCompatMode=inactive}} topActivityMainWindowFrame=null}, pipChange = null, remoteTransition = null, displayChange = null, flags = 0, debugId = 608 }
02-19 18:03:33.811  4449  4467 D ShellSplitScreen: logExit: no-op, mLoggerSessionId is null
02-19 18:03:33.817   752   797 V GrammaticalInflectionUtils: AttributionSource: android.content.AttributionSource@56784557 does not have READ_SYSTEM_GRAMMATICAL_GENDER permission.
02-19 18:03:33.827   458   458 D Zygote  : Forked child process 12781
02-19 18:03:33.831   752   806 I ActivityManager: Start proc 12781:viva.republica.toss.test/u0a217 for top-activity {viva.republica.toss.test/viva.republica.toss.test.MiniAppSchemeActivity}
02-19 18:03:33.831   752   806 I ActivityManager: ProcessObserver broadcast disabled
02-19 18:03:38.906   531   569 W EventThread: Faking VSYNC due to driver stall for thread appSf
02-19 18:03:38.909   752   798 I Choreographer: Skipped 304 frames!  The application may be doing too much work on its main thread.
02-19 18:03:38.922   752   797 W BLASTSyncEngine: Sync group 608 timeout
02-19 18:03:38.922   752   797 W BLASTSyncEngine: Sync group 608 timed-out because not ready. If you see this, please file a bug.
02-19 18:03:38.922   752   797 E Transition: #608 readiness timeout, used=false deferReadyDepth=0 group={Display{#0 state=ON size=1080x2400 ROTATION_0}=false}
02-19 18:03:38.925   752  1029 D InetDiagMessage: Destroyed 0 sockets, proto=IPPROTO_TCP, family=AF_INET, states=14
02-19 18:03:38.926   752  1029 D InetDiagMessage: Destroyed 0 sockets, proto=IPPROTO_TCP, family=AF_INET6, states=14
02-19 18:03:38.927   752  1029 D InetDiagMessage: Destroyed live tcp sockets for uids={10205} in 2ms
02-19 18:03:38.928   752  1029 D InetDiagMessage: Destroyed 0 sockets, proto=IPPROTO_TCP, family=AF_INET, states=14
02-19 18:03:38.931   752   794 V WindowManager: Sent Transition (#608) createdAt=02-19 18:03:33.798 via request=TransitionRequestInfo { type = OPEN, triggerTask = TaskInfo{userId=0 taskId=61 effectiveUid=10217 displayId=0 isRunning=true baseIntent=Intent { act=android.intent.action.VIEW dat=intoss://takealook/... flg=0x10000000 pkg=viva.republica.toss.test cmp=viva.republica.toss.test/.MiniAppSchemeActivity } baseActivity=ComponentInfo{viva.republica.toss.test/viva.republica.toss.test.MiniAppSchemeActivity} topActivity=ComponentInfo{viva.republica.toss.test/viva.republica.toss.test.MiniAppSchemeActivity} origActivity=null realActivity=ComponentInfo{viva.republica.toss.test/viva.republica.toss.test.MiniAppSchemeActivity} numActivities=1 lastActiveTime=103287654 supportsMultiWindow=true resizeMode=1 isResizeable=true minWidth=-1 minHeight=-1 defaultMinSize=220 token=WCT{RemoteToken{cf76b98 Task{eedbf8b #61 type=standard A=10217:viva.republica.toss.test}}} topActivityType=1 pictureInPictureParams=null shouldDockBigOverlays=false launchIntoPipHostTaskId=-1 lastParentTaskIdBeforePip=-1 displayCutoutSafeInsets=Rect(0, 0 - 0, 0) topActivityInfo=ActivityInfo{7b14ff1 viva.republica.toss.test.MiniAppSchemeActivity} launchCookies=[] positionInParent=Point(0, 0) parentTaskId=-1 isFocused=false isVisible=false isVisibleRequested=false isTopActivityNoDisplay=false isSleeping=false locusId=null displayAreaFeatureId=1 isTopActivityTransparent=true isActivityStackTransparent=true lastNonFullscreenBounds=Rect(284, 660 - 796, 1740) capturedLink=null capturedLinkTimestamp=0 requestedVisibleTypes=-9 topActivityRequestOpenInBrowserEducationTimestamp=0 appCompatTaskInfo=AppCompatTaskInfo { topActivityInSizeCompat=false eligibleForLetterboxEducation= false isLetterboxEducationEnabled= true isLetterboxDoubleTapEnabled= false eligibleForUserAspectRatioButton= false topActivityBoundsLetterboxed= false isFromLetterboxDoubleTap= false topActivityLetterboxVerticalPosition= -1 topActivityLetterboxHorizontalPosition= -1 topActivityLetterboxWidth=-1 topActivityLetterboxHeight=-1 topActivityAppBounds=Rect(0, 0 - 1080, 2400) isUserFullscreenOverrideEnabled=false isSystemFullscreenOverrideEnabled=false hasMinAspectRatioOverride=false topActivityLetterboxBounds=null cameraCompatTaskInfo=CameraCompatTaskInfo { freeformCameraCompatMode=inactive}} topActivityMainWindowFrame=null}, pipChange = null, remoteTransition = null, displayChange = null, flags = 0, debugId = 608 }
02-19 18:03:38.931   752   794 V WindowManager:     startWCT=WindowContainerTransaction { changes= {} hops= [] errorCallbackToken=null taskFragmentOrganizer=null }
02-19 18:03:38.931   752   794 V WindowManager:     info={id=608 t=OPEN f=0x0 trk=0 r=[] c=[]}
02-19 18:03:38.939 12781 12781 I blica.toss.test: Using CollectorTypeCMC GC.
02-19 18:03:38.943  4449 21898 V WindowManagerShell: onTransitionReady(transaction=3229815424947)
02-19 18:03:38.943  4449  4467 V WindowManagerShell: onTransitionReady (#608) android.os.BinderProxy@b09c7c: {id=608 t=OPEN f=0x0 trk=0 r=[] c=[]}
02-19 18:03:38.944  4449  4467 V WindowManagerShell: No transition roots in (#608) android.os.BinderProxy@b09c7c@0 so abort
02-19 18:03:38.944  4449  4467 V WindowManagerShell: Transition was merged: (#608) android.os.BinderProxy@b09c7c@0 into (#606) android.os.BinderProxy@55ad9fa@0
02-19 18:03:38.945   752  1029 D InetDiagMessage: Destroyed 0 sockets, proto=IPPROTO_TCP, family=AF_INET6, states=14
02-19 18:03:38.945   752  1029 D InetDiagMessage: Destroyed live tcp sockets for uids={20205} in 17ms
02-19 18:03:38.945 12781 12781 W blica.toss.test: Unexpected CPU variant for x86: x86_64.
02-19 18:03:38.945 12781 12781 W blica.toss.test: Known variants: atom, sandybridge, silvermont, goldmont, goldmont-plus, goldmont-without-sha-xsaves, tremont, kabylake, alderlake, default
02-19 18:03:38.951 12781 12781 E blica.toss.test: Not starting debugger since process cannot load the jdwp agent.
02-19 18:03:38.963   752 12786 I DropBoxManagerService: add tag=system_server_pre_watchdog isTagEnabled=true flags=0x6
02-19 18:03:38.965 12781 12781 D nativeloader: Load libframework-connectivity-tiramisu-jni.so using APEX ns com_android_tethering for caller /apex/com.android.tethering/javalib/framework-connectivity-t.jar: ok
02-19 18:03:38.969 12782 12782 W dumpsys : Thread Pool max thread count is 0. Cannot cache binder as linkToDeath cannot be implemented. serviceName: package
02-19 18:03:38.987   752  1095 D BackgroundInstallControlService: Package event received: 0
02-19 18:03:39.041 12781 12781 D ApplicationLoaders: Returning zygote-cached class loader: /system_ext/framework/androidx.window.extensions.jar
02-19 18:03:39.041 12781 12781 D ApplicationLoaders: Returning zygote-cached class loader: /system_ext/framework/androidx.window.sidecar.jar
02-19 18:03:39.075 12781 12781 D nativeloader: Configuring clns-9 for other apk /data/app/~~NUQj-rdXzuicW-16SIRtKA==/viva.republica.toss.test-Si406wFvb_sqEA2GTBV6RQ==/base.apk. target_sdk_version=35, uses_libraries=, library_path=/data/app/~~NUQj-rdXzuicW-16SIRtKA==/viva.republica.toss.test-Si406wFvb_sqEA2GTBV6RQ==/lib/x86_64:/data/app/~~NUQj-rdXzuicW-16SIRtKA==/viva.republica.toss.test-Si406wFvb_sqEA2GTBV6RQ==/base.apk!/lib/x86_64, permitted_path=/data:/mnt/expand:/data/user/0/viva.republica.toss.test
02-19 18:03:39.078 12781 12781 D CompatChangeReporter: Compat change id reported: 202956589; UID 10217; state: ENABLED
02-19 18:03:39.181 12781 12781 I blica.toss.test: AssetManager2(0x7d8fac428e58) locale list changing from [] to [en-US]
02-19 18:03:39.188 12781 12781 V GraphicsEnvironment: Currently set values for:
02-19 18:03:39.188 12781 12781 V GraphicsEnvironment:   angle_gl_driver_selection_pkgs=[]
02-19 18:03:39.188 12781 12781 V GraphicsEnvironment:   angle_gl_driver_selection_values=[]
02-19 18:03:39.188 12781 12781 V GraphicsEnvironment: viva.republica.toss.test is not listed in per-application setting
02-19 18:03:39.188 12781 12781 V GraphicsEnvironment: ANGLE allowlist from config: com.dreamgames.royalmatch com.dts.freefiremax com.dxx.firenow com.gramgames.mergedragons com.ludo.king com.mojang.minecraftpe com.my.defense com.nintendo.zaka com.os.airforce com.playrix.fishdomdd.gplay io.teslatech.callbreak jp.konami.prospia net.peakgames.toonblast
02-19 18:03:39.188 12781 12781 V GraphicsEnvironment: viva.republica.toss.test is not listed in ANGLE allowlist or settings, returning default
02-19 18:03:39.188 12781 12781 V GraphicsEnvironment: Neither updatable production driver nor prerelease driver is supported.
02-19 18:03:39.202 12781 12781 D CompatChangeReporter: Compat change id reported: 279646685; UID 10217; state: ENABLED
02-19 18:03:39.214 12781 12798 E ashmem  : Pinning is deprecated since Android Q. Please use trim or other methods.
02-19 18:03:39.216 12781 12781 D nativeloader: Load /data/app/~~NUQj-rdXzuicW-16SIRtKA==/viva.republica.toss.test-Si406wFvb_sqEA2GTBV6RQ==/lib/x86_64/libmmkv.so using class loader ns clns-9 (caller=/data/app/~~NUQj-rdXzuicW-16SIRtKA==/viva.republica.toss.test-Si406wFvb_sqEA2GTBV6RQ==/base.apk): ok
02-19 18:03:39.223 12781 12781 I blica.toss.test: AssetManager2(0x7d8fac426f18) locale list changing from [] to [en-US]
02-19 18:03:39.223 12781 12781 I WebViewFactory: Loading com.google.android.webview version 133.0.6943.137 (code 694313738)
02-19 18:03:39.225 12781 12781 I blica.toss.test: AssetManager2(0x7d8fac427878) locale list changing from [] to [en-US]
02-19 18:03:39.225 12781 12781 I blica.toss.test: AssetManager2(0x7d8fac4284f8) locale list changing from [] to [en-US]
02-19 18:03:39.226 12781 12781 V ResourcesManager: The following library key has been added: ResourcesKey{ mHash=a24a3099 mResDir=null mSplitDirs=[] mOverlayDirs=[] mLibDirs=[/data/app/~~86wu-kVgQoavtKNPNhKNpg==/com.google.android.webview-1KjOBROVBHjUvpUZHW2m2g==/WebViewGoogle.apk,/data/app/~~zfNTtjjfT5QjKD_7Ux4KKQ==/com.google.android.trichromelibrary_694313738-AgzLRnDhHPFXke_9IsnuqA==/TrichromeLibrary.apk] mDisplayId=0 mOverrideConfig=v36 mCompatInfo={420dpi always-compat} mLoaders=[]}
02-19 18:03:39.229 12781 12781 W blica.toss.test: Failed to find entry 'classes.dex': Entry not found
02-19 18:03:39.230 12781 12781 D nativeloader: Configuring clns-10 for other apk /data/app/~~zfNTtjjfT5QjKD_7Ux4KKQ==/com.google.android.trichromelibrary_694313738-AgzLRnDhHPFXke_9IsnuqA==/TrichromeLibrary.apk. target_sdk_version=34, uses_libraries=ALL, library_path=/data/app/~~86wu-kVgQoavtKNPNhKNpg==/com.google.android.webview-1KjOBROVBHjUvpUZHW2m2g==/lib/x86_64:/data/app/~~86wu-kVgQoavtKNPNhKNpg==/com.google.android.webview-1KjOBROVBHjUvpUZHW2m2g==/WebViewGoogle.apk!/lib/x86_64:/data/app/~~zfNTtjjfT5QjKD_7Ux4KKQ==/com.google.android.trichromelibrary_694313738-AgzLRnDhHPFXke_9IsnuqA==/TrichromeLibrary.apk!/lib/x86_64, permitted_path=/data:/mnt/expand
02-19 18:03:39.232 12781 12781 D ApplicationLoaders: Returning zygote-cached class loader: /system_ext/framework/androidx.window.extensions.jar
02-19 18:03:39.234 12781 12781 D nativeloader: Configuring clns-11 for other apk /data/app/~~86wu-kVgQoavtKNPNhKNpg==/com.google.android.webview-1KjOBROVBHjUvpUZHW2m2g==/WebViewGoogle.apk. target_sdk_version=34, uses_libraries=, library_path=/data/app/~~86wu-kVgQoavtKNPNhKNpg==/com.google.android.webview-1KjOBROVBHjUvpUZHW2m2g==/lib/x86_64:/data/app/~~86wu-kVgQoavtKNPNhKNpg==/com.google.android.webview-1KjOBROVBHjUvpUZHW2m2g==/WebViewGoogle.apk!/lib/x86_64:/data/app/~~zfNTtjjfT5QjKD_7Ux4KKQ==/com.google.android.trichromelibrary_694313738-AgzLRnDhHPFXke_9IsnuqA==/TrichromeLibrary.apk!/lib/x86_64, permitted_path=/data:/mnt/expand
02-19 18:03:39.254 12371 12371 I artd    : GetBestInfo: odex next to the dex file (/data/app/~~O-UZzK0jUU9NLgS3MODOZA==/com.google.android.gms-YQ2L6GsYyKuvu9MvIBK1EQ==/oat/x86_64/base.odex) is kOatUpToDate with filter 'speed-profile' executable 'false'
02-19 18:03:39.308   752   775 I system_server: Background concurrent mark compact GC freed 22MB AllocSpace bytes, 49(2940KB) LOS objects, 42% free, 32MB/56MB, paused 2.273ms,9.144ms total 279.543ms
02-19 18:03:39.335 12781 12781 I cr_WVCFactoryProvider: version=133.0.6943.137 (694313738) minSdkVersion=29 isBundle=false multiprocess=true packageId=2
02-19 18:03:39.343 12781 12781 D nativeloader: Load /data/app/~~zfNTtjjfT5QjKD_7Ux4KKQ==/com.google.android.trichromelibrary_694313738-AgzLRnDhHPFXke_9IsnuqA==/TrichromeLibrary.apk!/lib/x86_64/libmonochrome_64.so using class loader ns clns-11 (caller=/data/app/~~86wu-kVgQoavtKNPNhKNpg==/com.google.android.webview-1KjOBROVBHjUvpUZHW2m2g==/WebViewGoogle.apk): ok
02-19 18:03:39.344 12781 12781 D nativeloader: Load /system/lib64/libwebviewchromium_plat_support.so using class loader ns clns-11 (caller=/data/app/~~86wu-kVgQoavtKNPNhKNpg==/com.google.android.webview-1KjOBROVBHjUvpUZHW2m2g==/WebViewGoogle.apk): ok
02-19 18:03:39.347 12781 12802 E chromium: [0219/180339.346591:ERROR:variations_seed_loader.cc(39)] Seed missing signature.
02-19 18:03:39.347 12781 12802 I chromium: [0219/180339.347599:INFO:variations_seed_loader.cc(67)] Failed to open file for reading.: No such file or directory (2)
02-19 18:03:39.351 12781 12781 I cr_LibraryLoader: Successfully loaded native library
02-19 18:03:39.351 12781 12781 I cr_CachingUmaRecorder: Flushed 6 samples from 6 histograms, 0 samples were dropped.
02-19 18:03:39.354 12781 12781 I cr_CombinedPProvider: #registerProvider() provider:WV.C8@6cbbd23 isPolicyCacheEnabled:false policyProvidersSize:0
02-19 18:03:39.355 12781 12781 I cr_PolicyProvider: #setManagerAndSource() 0
02-19 18:03:39.359   752  2505 V GrammaticalInflectionUtils: AttributionSource: android.content.AttributionSource@5e7f1906 does not have READ_SYSTEM_GRAMMATICAL_GENDER permission.
02-19 18:03:39.366  1263  1263 D Zygote  : Forked child process 12806
02-19 18:03:39.372 12806 12806 I ocessService0:0: Using CollectorTypeCMC GC.
02-19 18:03:39.373 12806 12806 W ocessService0:0: Unexpected CPU variant for x86: x86_64.
02-19 18:03:39.373 12806 12806 W ocessService0:0: Known variants: atom, sandybridge, silvermont, goldmont, goldmont-plus, goldmont-without-sha-xsaves, tremont, kabylake, alderlake, default
02-19 18:03:39.376 12806 12806 E ocessService0:0: Not starting debugger since process cannot load the jdwp agent.
02-19 18:03:39.380 12806 12806 D nativeloader: Load libframework-connectivity-tiramisu-jni.so using APEX ns com_android_tethering for caller /apex/com.android.tethering/javalib/framework-connectivity-t.jar: ok
02-19 18:03:39.387 12371 12371 I artd    : GetBestInfo: odex next to the dex file (/data/app/~~O-UZzK0jUU9NLgS3MODOZA==/com.google.android.gms-YQ2L6GsYyKuvu9MvIBK1EQ==/oat/x86_64/split_AdsDynamite_installtime.odex) is kOatUpToDate with filter 'speed' executable 'false'
02-19 18:03:39.388   752   935 I ActivityManager: Start proc 12806:com.google.android.webview:sandboxed_process0:org.chromium.content.app.SandboxedProcessService0:0/u0i34 for  {viva.republica.toss.test/org.chromium.content.app.SandboxedProcessService0:0}
02-19 18:03:39.389   752   935 I ActivityManager: ProcessObserver broadcast disabled
02-19 18:03:39.395 12781 12781 I cr_CombinedPProvider: #linkNativeInternal() 1
02-19 18:03:39.397 12806 12806 D CompatChangeReporter: Compat change id reported: 242716250; UID 99034; state: ENABLED
02-19 18:03:39.399 12781 12781 I cr_AppResProvider: #getApplicationRestrictionsFromUserManager() Bundle[EMPTY_PARCEL]
02-19 18:03:39.399 12781 12781 I cr_PolicyProvider: #notifySettingsAvailable() 0
02-19 18:03:39.399 12781 12781 I cr_CombinedPProvider: #onSettingsAvailable() 0
02-19 18:03:39.399 12781 12781 I cr_CombinedPProvider: #flushPolicies()
02-19 18:03:39.401 12371 12371 I artd    : GetBestInfo: odex next to the dex file (/data/app/~~O-UZzK0jUU9NLgS3MODOZA==/com.google.android.gms-YQ2L6GsYyKuvu9MvIBK1EQ==/oat/x86_64/split_CronetDynamite_installtime.odex) is kOatUpToDate with filter 'speed' executable 'false'
02-19 18:03:39.407   752  1095 D BackgroundInstallControlService: Package event received: 0
02-19 18:03:39.408   752  1095 D BackgroundInstallControlService: Package event received: 0
02-19 18:03:39.410 12371 12375 I artd    : GetBestInfo: odex next to the dex file (/data/app/~~O-UZzK0jUU9NLgS3MODOZA==/com.google.android.gms-YQ2L6GsYyKuvu9MvIBK1EQ==/oat/x86_64/split_DynamiteLoader_installtime.odex) is kOatUpToDate with filter 'speed' executable 'false'
02-19 18:03:39.415 12806 12806 D ApplicationLoaders: Returning zygote-cached class loader: /system_ext/framework/androidx.window.extensions.jar
02-19 18:03:39.418 12806 12806 I ocessService0:0: AssetManager2(0x7d8fac42ba18) locale list changing from [] to [en-US]
02-19 18:03:39.423  3453  3453 D BoundBrokerSvc: onBind: Intent { act=com.google.android.gms.safetynet.service.START xflg=0x4 pkg=com.google.android.gms }
02-19 18:03:39.423  3453  3453 D BoundBrokerSvc: Loading bound service for intent: Intent { act=com.google.android.gms.safetynet.service.START xflg=0x4 pkg=com.google.android.gms }
02-19 18:03:39.425 12806 12806 I LoadedApk: No resource references to update in package com.google.android.trichromelibrary
02-19 18:03:39.427 12806 12806 I cr_WebViewApkApp: version=133.0.6943.137 (694313738) minSdkVersion=29 isBundle=false processName=com.google.android.webview:sandboxed_process0:org.chromium.content.app.SandboxedProcessService0:0
02-19 18:03:39.429   752  1095 D BackgroundInstallControlService: Package event received: 0
02-19 18:03:39.432 12806 12806 I cr_ChildProcessService: Creating new ChildProcessService pid=12806
02-19 18:03:39.483   752  1856 E TaskPersister: File error accessing recents directory (directory doesn't exist?).
02-19 18:03:39.488 12781 12781 I blica.toss.test: AssetManager2(0x7d8fac42ba18) locale list changing from [] to [en-US]
02-19 18:03:39.491 12781 12781 I blica.toss.test: AssetManager2(0x7d8fac4281d8) locale list changing from [] to [en-US]
02-19 18:03:39.493 12781 12781 D DesktopModeFlags: Toggle override initialized to: OVERRIDE_UNSET
02-19 18:03:39.493 12781 12781 I DisplayManager: Implicitly registering for refresh rate
02-19 18:03:39.535 12371 12375 I artd    : GetBestInfo: odex next to the dex file (/data/app/~~O-UZzK0jUU9NLgS3MODOZA==/com.google.android.gms-YQ2L6GsYyKuvu9MvIBK1EQ==/oat/x86_64/split_DynamiteModulesA_installtime.odex) is kOatUpToDate with filter 'speed' executable 'false'
02-19 18:03:39.556 12371 12375 I artd    : GetBestInfo: odex next to the dex file (/data/app/~~O-UZzK0jUU9NLgS3MODOZA==/com.google.android.gms-YQ2L6GsYyKuvu9MvIBK1EQ==/oat/x86_64/split_DynamiteModulesC_installtime.odex) is kOatUpToDate with filter 'speed' executable 'false'
02-19 18:03:39.559   752  1095 D BackgroundInstallControlService: Package event received: 0
02-19 18:03:39.560   752  1095 D BackgroundInstallControlService: Package event received: 0
02-19 18:03:39.570   752  1095 D BackgroundInstallControlService: Package event received: 0
02-19 18:03:39.572 12371 12371 I artd    : GetBestInfo: odex next to the dex file (/data/app/~~O-UZzK0jUU9NLgS3MODOZA==/com.google.android.gms-YQ2L6GsYyKuvu9MvIBK1EQ==/oat/x86_64/split_GoogleCertificates_installtime.odex) is kOatUpToDate with filter 'speed' executable 'false'
02-19 18:03:39.573  4656 15179 E adservices.measurement: AttributionFallbackJobService is disabled, skip scheduling
02-19 18:03:39.575 12781 12798 D nativeloader: Configuring clns-12 for other apk . target_sdk_version=35, uses_libraries=ALL, library_path=/data/app/~~NUQj-rdXzuicW-16SIRtKA==/viva.republica.toss.test-Si406wFvb_sqEA2GTBV6RQ==/lib/x86_64:/data/app/~~NUQj-rdXzuicW-16SIRtKA==/viva.republica.toss.test-Si406wFvb_sqEA2GTBV6RQ==/base.apk!/lib/x86_64, permitted_path=/data:/mnt/expand
02-19 18:03:39.582   752   779 D ActivityManager: sync unfroze 11873 com.google.android.webview:webview_service for 6
02-19 18:03:39.583  4656 15179 E adservices: Encryption key fetch job is disabled, skip scheduling.
02-19 18:03:39.590 12781 12798 D nativeloader: Load /data/app/~~NUQj-rdXzuicW-16SIRtKA==/viva.republica.toss.test-Si406wFvb_sqEA2GTBV6RQ==/lib/x86_64/libdceb.so using isolated ns clns-12 (caller=/data/user/0/viva.republica.toss.test/Anonymous-DexFile@1467667017.jar): ok
02-19 18:03:39.590   752  1095 D BackgroundInstallControlService: Package event received: 0
02-19 18:03:39.591 12371 12371 I artd    : GetBestInfo: odex next to the dex file (/data/app/~~O-UZzK0jUU9NLgS3MODOZA==/com.google.android.gms-YQ2L6GsYyKuvu9MvIBK1EQ==/oat/x86_64/split_MapsDynamite_installtime.odex) is kOatUpToDate with filter 'speed' executable 'false'
02-19 18:03:39.609 12371 12371 I artd    : GetBestInfo: odex next to the dex file (/data/app/~~O-UZzK0jUU9NLgS3MODOZA==/com.google.android.gms-YQ2L6GsYyKuvu9MvIBK1EQ==/oat/x86_64/split_MeasurementDynamite_installtime.odex) is kOatUpToDate with filter 'speed' executable 'false'
02-19 18:03:39.612 12371 12375 I artd    : GetBestInfo: /data/app/~~O-UZzK0jUU9NLgS3MODOZA==/com.google.android.gms-YQ2L6GsYyKuvu9MvIBK1EQ==/split_maps_core_dynamite_ondemand.apk has no usable artifacts
02-19 18:03:39.633   752   779 W ProcessStats: Tracking association SourceState{b726823 viva.republica.toss.test/10217 BTop #20057} whose proc state 2 is better than process ProcessState{753bac8 com.google.android.webview:webview_service/10168 pkg=com.google.android.webview} proc state 15 (17 skipped)
02-19 18:03:39.635  4656 12844 W adservices: Skip logging because Cobalt is disabled.
02-19 18:03:39.636  4656 12843 W adservices: Skip logging because Cobalt logger is null
02-19 18:03:39.643 12781 12848 D nativeloader: Load /data/app/~~NUQj-rdXzuicW-16SIRtKA==/viva.republica.toss.test-Si406wFvb_sqEA2GTBV6RQ==/lib/x86_64/libbugsnag-root-detection.so using class loader ns clns-9 (caller=/data/app/~~NUQj-rdXzuicW-16SIRtKA==/viva.republica.toss.test-Si406wFvb_sqEA2GTBV6RQ==/base.apk): ok
02-19 18:03:39.743 12371 12371 I artd    : GetBestInfo: /data/user_de/0/com.google.android.gms/app_chimera/m/0000000c/dl-Appsearch.optional_250834100800.apk has no usable artifacts
02-19 18:03:39.744 12371 12371 I artd    : GetBestInfo: /data/user_de/0/com.google.android.gms/app_chimera/m/00000001/CronetDynamite.apk has no usable artifacts
02-19 18:03:39.745 12371 12375 I artd    : GetBestInfo: /data/user_de/0/com.google.android.gms/app_chimera/m/00000002/DynamiteLoader.apk has no usable artifacts
02-19 18:03:39.745 12371 12375 I artd    : GetBestInfo: /data/user_de/0/com.google.android.gms/app_chimera/m/00000005/GoogleCertificates.apk has no usable artifacts
02-19 18:03:39.751 12371 12371 I artd    : GetBestInfo: /data/user_de/0/com.google.android.gms/app_chimera/m/00000009/dl-TfliteDynamiteDynamite.integ_252130102100800.apk has no usable artifacts
02-19 18:03:39.766   752   779 D FileUtils: Rounded bytes from 2067259392 to 4000000000
02-19 18:03:39.873 12781 12846 D nativeloader: Load /data/app/~~NUQj-rdXzuicW-16SIRtKA==/viva.republica.toss.test-Si406wFvb_sqEA2GTBV6RQ==/lib/x86_64/libbugsnag-ndk.so using class loader ns clns-9 (caller=<unknown>): ok
02-19 18:03:39.897   752   779 D FileUtils: Rounded bytes from 2067259392 to 4000000000
02-19 18:03:39.898 12781 12781 W BugsnagNDK: Initialization complete!
02-19 18:03:40.024 12371 12371 I artd    : GetBestInfo: vdex next to the dex file (/data/user/0/com.google.android.gms/app_dg_cache/BF7C023AB90CCF01D1F467FC1CEBAF866511FF29/oat/x86_64/the.vdex) is kOatUpToDate with filter 'verify' executable 'false'
02-19 18:03:40.027 12371 12371 I artd    : GetBestInfo: /data/user_de/0/com.google.android.gms/app_chimera/m/00000010/dl-PlayCloudSearch.optional_250834100000.apk has no usable artifacts
02-19 18:03:40.029 12371 12371 I artd    : GetBestInfo: /data/user_de/0/com.google.android.gms/app_chimera/m/00000017/dl-PlayCloudSearch.optional_260438100000.apk has no usable artifacts
02-19 18:03:40.057 12781 12846 D nativeloader: Load /data/app/~~NUQj-rdXzuicW-16SIRtKA==/viva.republica.toss.test-Si406wFvb_sqEA2GTBV6RQ==/lib/x86_64/libbugsnag-plugin-android-anr.so using class loader ns clns-9 (caller=<unknown>): ok
02-19 18:03:40.066   752   779 D ConnectivityService: requestNetwork for uid/pid:10217/12781 activeRequest: null callbackRequest: 567 [NetworkRequest [ REQUEST id=568, [ Capabilities: INTERNET&NOT_RESTRICTED&TRUSTED&NOT_VCN_MANAGED&NOT_BANDWIDTH_CONSTRAINED Uid: 10217 RequestorUid: 10217 RequestorPkg: viva.republica.toss.test UnderlyingNetworks: Null] ]] callback flags: 0 order: 2147483647 isUidTracked: false declaredMethods: AVAIL|UNAVAIL
02-19 18:03:40.067 12781 12781 W System.err: SLF4J: No SLF4J providers were found.
02-19 18:03:40.067 12781 12781 W System.err: SLF4J: Defaulting to no-operation (NOP) logger implementation
02-19 18:03:40.067 12781 12781 W System.err: SLF4J: See https://www.slf4j.org/codes.html#noProviders for further details.
02-19 18:03:40.069   752  1023 D OemPaidWifiNetworkFactory: got request NetworkRequest [ REQUEST id=568, [ Capabilities: INTERNET&NOT_RESTRICTED&TRUSTED&NOT_VCN_MANAGED&NOT_BANDWIDTH_CONSTRAINED Uid: 10217 RequestorUid: 10217 RequestorPkg: viva.republica.toss.test UnderlyingNetworks: Null] ]
02-19 18:03:40.069   752  1023 D MultiInternetWifiNetworkFactory: got request NetworkRequest [ REQUEST id=568, [ Capabilities: INTERNET&NOT_RESTRICTED&TRUSTED&NOT_VCN_MANAGED&NOT_BANDWIDTH_CONSTRAINED Uid: 10217 RequestorUid: 10217 RequestorPkg: viva.republica.toss.test UnderlyingNetworks: Null] ]
02-19 18:03:40.069   752  1023 D WifiNetworkFactory: got request NetworkRequest [ REQUEST id=568, [ Capabilities: INTERNET&NOT_RESTRICTED&TRUSTED&NOT_VCN_MANAGED&NOT_BANDWIDTH_CONSTRAINED Uid: 10217 RequestorUid: 10217 RequestorPkg: viva.republica.toss.test UnderlyingNetworks: Null] ]
02-19 18:03:40.069   752  1023 D UntrustedWifiNetworkFactory: got request NetworkRequest [ REQUEST id=568, [ Capabilities: INTERNET&NOT_RESTRICTED&TRUSTED&NOT_VCN_MANAGED&NOT_BANDWIDTH_CONSTRAINED Uid: 10217 RequestorUid: 10217 RequestorPkg: viva.republica.toss.test UnderlyingNetworks: Null] ]
02-19 18:03:40.070   752  1029 D ConnectivityService: NetReassign [568 : null → 108] [c 1] [a 1] [i 1]
02-19 18:03:40.081 12371 12375 I artd    : GetBestInfo: /data/user_de/0/com.google.android.gms/app_chimera/m/00000015/dl-MlkitOcrCommon.optional_260438100800.apk has no usable artifacts
02-19 18:03:40.085 12371 12375 I artd    : GetBestInfo: /data/user_de/0/com.google.android.gms/app_chimera/m/00000013/dl-MlkitBarcodeUi.optional_260438100800.apk has no usable artifacts
02-19 18:03:40.088   752   934 E TransitionController: Set visible without transition ActivityRecord{76271962 u0 viva.republica.toss.test/.MiniAppSchemeActivity t61} playing=true caller=com.android.server.wm.ActivityRecord.makeVisibleIfNeeded:5960 
02-19 18:03:40.097 12371 12375 I artd    : GetBestInfo: /data/user_de/0/com.google.android.gms/app_chimera/m/0000000f/dl-MlkitOcrCommon.optional_250834100800.apk has no usable artifacts
02-19 18:03:40.097   752   934 W OptProp : Cannot read opt property android.window.PROPERTY_COMPAT_ENABLE_FAKE_FOCUS
02-19 18:03:40.099   752   934 D CompatChangeReporter: Compat change id reported: 324203798; UID 10217; state: ENABLED
02-19 18:03:40.101 12371 12375 I artd    : GetBestInfo: /data/user_de/0/com.google.android.gms/app_chimera/m/0000000d/dl-VisionOcr.optional_250834100000.apk has no usable artifacts
02-19 18:03:40.105 12371 12375 I artd    : GetBestInfo: /data/user_de/0/com.google.android.gms/app_chimera/m/0000000a/dl-MlkitBarcodeUi.optional_250834100800.apk has no usable artifacts
02-19 18:03:40.108 12371 12371 I artd    : GetBestInfo: /data/user_de/0/com.google.android.gms/app_chimera/m/00000011/dl-VisionOcr.optional_260438100000.apk has no usable artifacts
02-19 18:03:40.111   752  1095 D BackgroundInstallControlService: Package event received: 0
02-19 18:03:40.111   752  1095 D BackgroundInstallControlService: Package event received: 0
02-19 18:03:40.117 12781 12781 I Choreographer: Skipped 54 frames!  The application may be doing too much work on its main thread.
02-19 18:03:40.119 12371 12371 I artd    : GetBestInfo: /data/user_de/0/com.google.android.gms/app_chimera/m/00000012/dl-Appsearch.optional_260438100800.apk has no usable artifacts
02-19 18:03:40.137 12371 12375 I artd    : GetBestInfo: vdex next to the dex file (/data/user/0/com.google.android.gms/app_dg_cache/94DF452EEF4B8E717545DCDEA6CC3C50A319A195/oat/x86_64/the.vdex) is kOatUpToDate with filter 'verify' executable 'false'
02-19 18:03:40.145 12781 12781 I blica.toss.test: AssetManager2(0x7d8fac42fed8) locale list changing from [] to [en-US]
02-19 18:03:40.148 12371 12375 I artd    : GetBestInfo: /data/user_de/0/com.google.android.gms/app_chimera/m/00000007/MeasurementDynamite.apk has no usable artifacts
02-19 18:03:40.152 12371 12375 I artd    : GetBestInfo: /data/user_de/0/com.google.android.gms/app_chimera/m/00000018/dl-AdsFdrDynamite.integ_254380203100000.apk has no usable artifacts
02-19 18:03:40.168 12781 12781 I blica.toss.test: AssetManager2(0x7d8fac42ec18) locale list changing from [] to [en-US]
02-19 18:03:40.171 12781 12861 I CameraManagerGlobal: Connecting to camera service
02-19 18:03:40.195   615   615 I AttributionAndPermissionUtils: checkPermission (forDataDelivery 0 startDataDelivery 0): Permission hard denied for client attribution [uid 10217, pid 12781, packageName "<unknown>"]
02-19 18:03:40.303 12781 12781 I blica.toss.test: AssetManager2(0x7d8fac42c378) locale list changing from [] to [en-US]
02-19 18:03:40.312 12781 12863 I EGL_emulation: Opening libGLESv1_CM_emulation.so
02-19 18:03:40.313 12781 12863 I EGL_emulation: Opening libGLESv2_emulation.so
02-19 18:03:40.320 12781 12863 W HWUI    : Failed to choose config with EGL_SWAP_BEHAVIOR_PRESERVED, retrying without...
02-19 18:03:40.320 12781 12863 W HWUI    : Failed to initialize 101010-2 format, error = EGL_SUCCESS
02-19 18:03:40.326 12781 12781 D CompatChangeReporter: Compat change id reported: 309578419; UID 10217; state: ENABLED
02-19 18:03:40.384 12781 12781 D CompatChangeReporter: Compat change id reported: 352594277; UID 10217; state: ENABLED
02-19 18:03:40.397 12781 12781 D CompatChangeReporter: Compat change id reported: 349153669; UID 10217; state: ENABLED
02-19 18:03:40.409 12781 12781 W HWUI    : Unknown dataspace 0
02-19 18:03:40.455   752  2503 D CoreBackPreview: Window{c264779 u0 viva.republica.toss.test/viva.republica.toss.test.MiniAppSchemeActivity}: Setting back callback OnBackInvokedCallbackInfo{mCallback=android.window.IOnBackInvokedCallback$Stub$Proxy@320311f, mPriority=0, mIsAnimationCallback=false, mOverrideBehavior=0}
02-19 18:03:40.535   752   797 V WindowManager: Unknown focus tokens, dropping reportFocusChanged
02-19 18:03:40.571   752   794 I ActivityTaskManager: Displayed viva.republica.toss.test/.MiniAppSchemeActivity for user 0: +6s758ms
02-19 18:03:40.575   752   797 W IPCThreadState: Sending oneway calls to frozen process.
02-19 18:03:40.575   752   797 W IPCThreadState: Sending oneway calls to frozen process.
02-19 18:03:40.575   752   797 W IPCThreadState: Sending oneway calls to frozen process.
02-19 18:03:40.576   752   797 W IPCThreadState: Sending oneway calls to frozen process.
02-19 18:03:40.576   752   797 W IPCThreadState: Sending oneway calls to frozen process.
02-19 18:03:40.655   752  2503 V GrammaticalInflectionUtils: AttributionSource: android.content.AttributionSource@56784557 does not have READ_SYSTEM_GRAMMATICAL_GENDER permission.
02-19 18:03:40.656   752  2503 W OptProp : Cannot read opt property android.window.PROPERTY_COMPAT_ALLOW_USER_ASPECT_RATIO_OVERRIDE
02-19 18:03:40.656   752  2503 W OptProp : Cannot read opt property android.window.PROPERTY_COMPAT_ALLOW_USER_ASPECT_RATIO_FULLSCREEN_OVERRIDE
02-19 18:03:40.656   752  2503 W OptProp : Cannot read opt property android.window.PROPERTY_COMPAT_ALLOW_RESIZEABLE_ACTIVITY_OVERRIDES
02-19 18:03:40.656   752  2503 W OptProp : Cannot read opt property android.window.PROPERTY_COMPAT_ALLOW_MIN_ASPECT_RATIO_OVERRIDE
02-19 18:03:40.658   752  2503 W OptProp : Cannot read opt property android.window.PROPERTY_COMPAT_ALLOW_ORIENTATION_OVERRIDE
02-19 18:03:40.661   531   603 I BpBinder: onLastStrongRef automatically unlinking death recipients: 
02-19 18:03:40.662   752  2503 I ActivityTaskManager: START u0 {act=android.intent.action.VIEW dat=intoss://takealook/... xflg=0x4 cmp=viva.republica.toss.test/im.toss.rn.granite.core.GraniteActivity (has extras)} with LAUNCH_MULTIPLE from uid 10217 (sr=76271962) (BAL_ALLOW_VISIBLE_WINDOW) result code=0
02-19 18:03:40.663  4449  4467 V WindowManagerShell: Transition requested (#609): android.os.BinderProxy@f59db8b TransitionRequestInfo { type = OPEN, triggerTask = TaskInfo{userId=0 taskId=61 effectiveUid=10217 displayId=0 isRunning=true baseIntent=Intent { act=android.intent.action.VIEW dat=intoss://takealook/... flg=0x10000000 pkg=viva.republica.toss.test cmp=viva.republica.toss.test/.MiniAppSchemeActivity } baseActivity=ComponentInfo{viva.republica.toss.test/viva.republica.toss.test.MiniAppSchemeActivity} topActivity=ComponentInfo{viva.republica.toss.test/im.toss.rn.granite.core.GraniteActivity} origActivity=null realActivity=ComponentInfo{viva.republica.toss.test/viva.republica.toss.test.MiniAppSchemeActivity} numActivities=2 lastActiveTime=103294507 supportsMultiWindow=true resizeMode=1 isResizeable=true minWidth=-1 minHeight=-1 defaultMinSize=220 token=WCT{android.window.IWindowContainerToken$Stub$Proxy@2a90468} topActivityType=1 pictureInPictureParams=null shouldDockBigOverlays=false launchIntoPipHostTaskId=-1 lastParentTaskIdBeforePip=-1 displayCutoutSafeInsets=Rect(0, 0 - 0, 0) topActivityInfo=ActivityInfo{1bec081 im.toss.rn.granite.core.GraniteActivity} launchCookies=[] positionInParent=Point(0, 0) parentTaskId=-1 isFocused=true isVisible=true isVisibleRequested=true isTopActivityNoDisplay=false isSleeping=false locusId=null displayAreaFeatureId=1 isTopActivityTransparent=false isActivityStackTransparent=false lastNonFullscreenBounds=Rect(284, 660 - 796, 1740) capturedLink=null capturedLinkTimestamp=0 requestedVisibleTypes=-9 topActivityRequestOpenInBrowserEducationTimestamp=0 appCompatTaskInfo=AppCompatTaskInfo { topActivityInSizeCompat=false eligibleForLetterboxEducation= false isLetterboxEducationEnabled= true isLetterboxDoubleTapEnabled= false eligibleForUserAspectRatioButton= false topActivityBoundsLetterboxed= false isFromLetterboxDoubleTap= false topActivityLetterboxVerticalPosition= -1 topActivityLetterboxHorizontalPosition= -1 topActivityLetterboxWidth=-1 topActivityLetterboxHeight=-1 topActivityAppBounds=Rect(0, 0 - 1080, 2400) isUserFullscreenOverrideEnabled=false isSystemFullscreenOverrideEnabled=false hasMinAspectRatioOverride=false topActivityLetterboxBounds=null cameraCompatTaskInfo=CameraCompatTaskInfo { freeformCameraCompatMode=inactive}} topActivityMainWindowFrame=null}, pipChange = null, remoteTransition = null, displayChange = null, flags = 0, debugId = 609 }
02-19 18:03:40.663  4449  4467 D ShellSplitScreen: logExit: no-op, mLoggerSessionId is null
