02-19 18:03:40.667   752  1095 D BackgroundInstallControlService: Package event received: 0
02-19 18:03:40.669   752  2417 W OptProp : Cannot read opt property android.window.PROPERTY_COMPAT_ENABLE_FAKE_FOCUS
02-19 18:03:40.675   752  1095 D BackgroundInstallControlService: Package event received: 0
02-19 18:03:40.676   752  1095 D BackgroundInstallControlService: Package event received: 0
02-19 18:03:40.788 12781 12781 V SoLoader: Init System Loader delegate
02-19 18:03:40.992 12781 12905 W unknown:InspectorPackagerConnection: Couldn't connect to packager, will silently retry
02-19 18:03:40.995 12781 12906 W unknown:ReconnectingWebSocket: Couldn't connect to "ws://10.0.2.2:8081/message?device=sdk_gphone64_x86_64%20-%2016%20-%20API%2036&app=viva.republica.toss.test&clientid=BridgeDevSupportManager", will silently retry
02-19 18:03:41.249   752  2417 D CoreBackPreview: Window{4eb00e9 u0 viva.republica.toss.test/im.toss.rn.granite.core.GraniteActivity}: Setting back callback OnBackInvokedCallbackInfo{mCallback=android.window.IOnBackInvokedCallback$Stub$Proxy@b3e2e2b, mPriority=0, mIsAnimationCallback=false, mOverrideBehavior=0}
02-19 18:03:41.250 12781 12781 W unknown:ReactRootView: Unable to update root layout specs for uninitialized ReactInstanceManager
02-19 18:03:41.281  4449  4488 V WindowManagerShell: onTransitionReady(transaction=3229815424964)
02-19 18:03:41.282  4449  4467 V WindowManagerShell: onTransitionReady (#609) android.os.BinderProxy@f59db8b: {id=609 t=OPEN f=0x0 trk=0 r=[0@Point(0, 0)] c=[
02-19 18:03:41.282  4449  4467 V WindowManagerShell:         {m=OPEN f=FILLS_TASK leash=Surface(name=ActivityRecord{217884362 u0 viva.republica.toss.test/im.toss.rn.granite.core.GraniteActivity)/@0x1a57526 sb=Rect(0, 0 - 0, 0) eb=Rect(0, 0 - 1080, 2400) epz=Point(1080, 2400) d=-1->0 r=-1->0:-1 bc=ffffffff component=viva.republica.toss.test/im.toss.rn.granite.core.GraniteActivity},
02-19 18:03:41.282  4449  4467 V WindowManagerShell:         {m=CLOSE f=TRANSLUCENT|FILLS_TASK|IS_OCCLUDED leash=Surface(name=ActivityRecord{76271962 u0 viva.republica.toss.test/.MiniAppSchemeActivity)/@0xe88a567 sb=Rect(0, 0 - 1080, 2400) eb=Rect(0, 0 - 1080, 2400) epz=Point(1080, 2400) d=0 bc=ffffffff component=viva.republica.toss.test/.MiniAppSchemeActivity},
02-19 18:03:41.282  4449  4467 V WindowManagerShell:         {m=TO_BACK f=SHOW_WALLPAPER leash=Surface(name=Task=1)/@0x73dff14 sb=Rect(0, 0 - 1080, 2400) eb=Rect(0, 0 - 1080, 2400) epz=Point(1080, 2400) d=0 taskParent=-1},
02-19 18:03:41.282  4449  4467 V WindowManagerShell:         {m=TO_BACK f=IS_WALLPAPER leash=Surface(name=WallpaperWindowToken{35e0c0f showWhenLocked=false})/@0x695e3bd sb=Rect(0, 0 - 1080, 2400) eb=Rect(0, 0 - 1080, 2400) epz=Point(1080, 2400) d=0}
02-19 18:03:41.282  4449  4467 V WindowManagerShell:     ]}
02-19 18:03:41.283  4449  4467 V WindowManagerShell: Transition (#609) android.os.BinderProxy@f59db8b@0 ready while (#606) android.os.BinderProxy@55ad9fa@0 is still animating. Notify the animating transition in case they can be merged
02-19 18:03:41.283  4449  4467 V ShellRecents: [125119403] RecentsController.merge
02-19 18:03:41.283  4449  4467 V ShellRecents: [125119403] RecentsController.merge: empty pausing tasks
02-19 18:03:41.283   752   794 I ActivityTaskManager: Displayed viva.republica.toss.test/im.toss.rn.granite.core.GraniteActivity for user 0: +618ms
02-19 18:03:41.285   752   794 V WindowManager: Sent Transition (#609) createdAt=02-19 18:03:40.657 via request=TransitionRequestInfo { type = OPEN, triggerTask = TaskInfo{userId=0 taskId=61 effectiveUid=10217 displayId=0 isRunning=true baseIntent=Intent { act=android.intent.action.VIEW dat=intoss://takealook/... flg=0x10000000 pkg=viva.republica.toss.test cmp=viva.republica.toss.test/.MiniAppSchemeActivity } baseActivity=ComponentInfo{viva.republica.toss.test/viva.republica.toss.test.MiniAppSchemeActivity} topActivity=ComponentInfo{viva.republica.toss.test/im.toss.rn.granite.core.GraniteActivity} origActivity=null realActivity=ComponentInfo{viva.republica.toss.test/viva.republica.toss.test.MiniAppSchemeActivity} numActivities=2 lastActiveTime=103294507 supportsMultiWindow=true resizeMode=1 isResizeable=true minWidth=-1 minHeight=-1 defaultMinSize=220 token=WCT{RemoteToken{cf76b98 Task{eedbf8b #61 type=standard A=10217:viva.republica.toss.test}}} topActivityType=1 pictureInPictureParams=null shouldDockBigOverlays=false launchIntoPipHostTaskId=-1 lastParentTaskIdBeforePip=-1 displayCutoutSafeInsets=Rect(0, 0 - 0, 0) topActivityInfo=ActivityInfo{1358aa0 im.toss.rn.granite.core.GraniteActivity} launchCookies=[] positionInParent=Point(0, 0) parentTaskId=-1 isFocused=true isVisible=true isVisibleRequested=true isTopActivityNoDisplay=false isSleeping=false locusId=null displayAreaFeatureId=1 isTopActivityTransparent=false isActivityStackTransparent=false lastNonFullscreenBounds=Rect(284, 660 - 796, 1740) capturedLink=null capturedLinkTimestamp=0 requestedVisibleTypes=-9 topActivityRequestOpenInBrowserEducationTimestamp=0 appCompatTaskInfo=AppCompatTaskInfo { topActivityInSizeCompat=false eligibleForLetterboxEducation= false isLetterboxEducationEnabled= true isLetterboxDoubleTapEnabled= false eligibleForUserAspectRatioButton= false topActivityBoundsLetterboxed= false isFromLetterboxDoubleTap= false topActivityLetterboxVerticalPosition= -1 topActivityLetterboxHorizontalPosition= -1 topActivityLetterboxWidth=-1 topActivityLetterboxHeight=-1 topActivityAppBounds=Rect(0, 0 - 1080, 2400) isUserFullscreenOverrideEnabled=false isSystemFullscreenOverrideEnabled=false hasMinAspectRatioOverride=false topActivityLetterboxBounds=null cameraCompatTaskInfo=CameraCompatTaskInfo { freeformCameraCompatMode=inactive}} topActivityMainWindowFrame=null}, pipChange = null, remoteTransition = null, displayChange = null, flags = 0, debugId = 609 }
02-19 18:03:41.285   752   794 V WindowManager:     startWCT=WindowContainerTransaction { changes= {} hops= [] errorCallbackToken=null taskFragmentOrganizer=null }
02-19 18:03:41.285   752   794 V WindowManager:     info={id=609 t=OPEN f=0x0 trk=0 r=[0@Point(0, 0)] c=[
02-19 18:03:41.285   752   794 V WindowManager:         {m=OPEN f=FILLS_TASK leash=Surface(name=ActivityRecord{217884362 u0 viva.republica.toss.test/im.toss.rn.granite.core.GraniteActivity)/@0x13ea15d sb=Rect(0, 0 - 0, 0) eb=Rect(0, 0 - 1080, 2400) epz=Point(1080, 2400) d=-1->0 r=-1->0:-1 bc=ffffffff component=viva.republica.toss.test/im.toss.rn.granite.core.GraniteActivity},
02-19 18:03:41.285   752   794 V WindowManager:         {m=CLOSE f=TRANSLUCENT|FILLS_TASK|IS_OCCLUDED leash=Surface(name=ActivityRecord{76271962 u0 viva.republica.toss.test/.MiniAppSchemeActivity)/@0xa82af34 sb=Rect(0, 0 - 1080, 2400) eb=Rect(0, 0 - 1080, 2400) epz=Point(1080, 2400) d=0 bc=ffffffff component=viva.republica.toss.test/.MiniAppSchemeActivity},
02-19 18:03:41.285   752   794 V WindowManager:         {WCT{RemoteToken{5218fe8 Task{dd43522 #1 type=home}}} m=TO_BACK f=SHOW_WALLPAPER leash=Surface(name=Task=1)/@0x8ddbd2e sb=Rect(0, 0 - 1080, 2400) eb=Rect(0, 0 - 1080, 2400) epz=Point(1080, 2400) d=0 taskParent=-1},
02-19 18:03:41.285   752   794 V WindowManager:         {m=TO_BACK f=IS_WALLPAPER leash=Surface(name=WallpaperWindowToken{35e0c0f showWhenLocked=false})/@0x512f5be sb=Rect(0, 0 - 1080, 2400) eb=Rect(0, 0 - 1080, 2400) epz=Point(1080, 2400) d=0}
02-19 18:03:41.285   752   794 V WindowManager:     ]}
02-19 18:03:41.292 20068 20076 I FontLog : (REDACTED) Received query %s, URI %s
02-19 18:03:41.293 20068 20076 I FontLog : (REDACTED) Query [%s] resolved to %s
02-19 18:03:41.297 20068 20076 I FontLog : (REDACTED) Fetch %s end status %s
02-19 18:03:41.303 20068 20076 I FontLog : (REDACTED) Pulling font file for id = %d, cache size = %d
02-19 18:03:41.312  4449  4467 W RecentsTransitionHandler: Don't know how to merge this transition, foundRecentsClosing=true recentsTaskId=1
02-19 18:03:41.312  4449  4467 V ShellRecents: [125119403] RecentsController.cancel: toHome=false reason=didn't merge
02-19 18:03:41.313  4449  4467 V ShellRecents: [125119403] RecentsController.cancel: calling onAnimationCanceled 
02-19 18:03:41.313  4449  4467 V ShellRecents: [125119403] RecentsController.finishInner: toHome=false userLeave=false willFinishToHome=false state=0 hasPausingTasks=true reason=cancel
02-19 18:03:41.313  4449  4467 V ShellRecents:   returning to app
02-19 18:03:41.313  4449  4467 V ShellRecents: [125119403] RecentsController.finishInner: Completing finish
02-19 18:03:41.313  4449  4467 V ShellRecents: [125119403] RecentsController.cleanup
02-19 18:03:41.314 20068 20076 I FontLog : (REDACTED) Pulling font file for id = %d, cache size = %d
02-19 18:03:41.314  4449  4467 V WindowManagerShell: Transition animation finished (aborted=false), notifying core (#606) android.os.BinderProxy@55ad9fa@0
02-19 18:03:41.316  7804  7804 D RecentsView: cleanupRemoteTargets - mRemoteTargetHandles: [com.android.quickstep.RemoteTargetGluer$RemoteTargetHandle@aabc917]
02-19 18:03:41.318  7804  7804 D RecentsView: onRecentsAnimationComplete - mRecentsAnimationController: com.android.quickstep.RecentsAnimationController@f195a62, mSideTaskLaunchCallback: null
02-19 18:03:41.329   752   794 V WindowManager: Finish Transition (#606): created at 02-19 18:03:30.076 collect-started=0.127ms started=0.15ms ready=208.404ms sent=295.022ms commit=135.905ms finished=11250.687ms
02-19 18:03:41.354 12781 12781 E unknown:ReactRootView: Unhandled SoftException
02-19 18:03:41.354 12781 12781 E unknown:ReactRootView: com.facebook.react.uimanager.IllegalViewOperationException: Trying to attach a ReactRootView with an explicit id already set to [2131362676]. React Native uses the id field to track react tags and will overwrite this field. If that is fine, explicitly overwrite the id field to View.NO_ID.
02-19 18:03:41.354 12781 12781 E unknown:ReactRootView: 	at com.facebook.react.ReactRootView.attachToReactInstanceManager(:799)
02-19 18:03:41.354 12781 12781 E unknown:ReactRootView: 	at com.facebook.react.ReactRootView.startReactApplication(:509)
02-19 18:03:41.354 12781 12781 E unknown:ReactRootView: 	at com.facebook.react.ReactRootView.startReactApplication(:469)
02-19 18:03:41.354 12781 12781 E unknown:ReactRootView: 	at im.toss.rn.granite.core.GraniteActivity.write(:486)
02-19 18:03:41.354 12781 12781 E unknown:ReactRootView: 	at im.toss.rn.granite.core.GraniteActivity.RemoteActionCompatParcelizer(:124)
02-19 18:03:41.354 12781 12781 E unknown:ReactRootView: 	at im.toss.rn.granite.core.GraniteActivity$RemoteActionCompatParcelizer.IconCompatParcelizer(:65353)
02-19 18:03:41.354 12781 12781 E unknown:ReactRootView: 	at o.sh.a_(:33)
02-19 18:03:41.354 12781 12781 E unknown:ReactRootView: 	at o.xP.run(:100)
02-19 18:03:41.354 12781 12781 E unknown:ReactRootView: 	at android.os.Handler.handleCallback(Handler.java:995)
02-19 18:03:41.354 12781 12781 E unknown:ReactRootView: 	at android.os.Handler.dispatchMessage(Handler.java:103)
02-19 18:03:41.354 12781 12781 E unknown:ReactRootView: 	at android.os.Looper.loopOnce(Looper.java:248)
02-19 18:03:41.354 12781 12781 E unknown:ReactRootView: 	at android.os.Looper.loop(Looper.java:338)
02-19 18:03:41.354 12781 12781 E unknown:ReactRootView: 	at android.app.ActivityThread.main(ActivityThread.java:9067)
02-19 18:03:41.354 12781 12781 E unknown:ReactRootView: 	at java.lang.reflect.Method.invoke(Native Method)
02-19 18:03:41.354 12781 12781 E unknown:ReactRootView: 	at com.android.internal.os.RuntimeInit$MethodAndArgsCaller.run(RuntimeInit.java:593)
02-19 18:03:41.354 12781 12781 E unknown:ReactRootView: 	at com.android.internal.os.ZygoteInit.main(ZygoteInit.java:932)
02-19 18:03:41.365  7804  7804 W SplitSelectStateCtor: Missing session instanceIds
02-19 18:03:41.365  7804  7804 D StatsLog: LAUNCHER_SPLIT_SELECTION_EXIT_INTERRUPTED
02-19 18:03:41.383   752  2417 E IPCThreadState: Binder transaction failure. id: 2281175, BR_*: 29189, error: -22 (Invalid argument)
02-19 18:03:41.383   752  2417 W ActivityManager: pid 752 system sent binder code 7 with flags 1 to frozen apps and got error -32
02-19 18:03:41.384   752  2417 W WindowManager: Exception thrown during dispatchAppVisibility Window{2f09d44 u0 viva.republica.toss.test/im.toss.rn.granite.core.GraniteActivity EXITING}
02-19 18:03:41.384   752  2417 W WindowManager: android.os.DeadObjectException
02-19 18:03:41.384   752  2417 W WindowManager: 	at android.os.BinderProxy.transactNative(Native Method)
02-19 18:03:41.384   752  2417 W WindowManager: 	at android.os.BinderProxy.transact(BinderProxy.java:592)
02-19 18:03:41.384   752  2417 W WindowManager: 	at android.view.IWindow$Stub$Proxy.dispatchAppVisibility(IWindow.java:557)
02-19 18:03:41.384   752  2417 W WindowManager: 	at com.android.server.wm.WindowState.sendAppVisibilityToClients(WindowState.java:3151)
02-19 18:03:41.384   752  2417 W WindowManager: 	at com.android.server.wm.WindowContainer.sendAppVisibilityToClients(WindowContainer.java:1311)
02-19 18:03:41.384   752  2417 W WindowManager: 	at com.android.server.wm.WindowToken.setClientVisible(WindowToken.java:389)
02-19 18:03:41.384   752  2417 W WindowManager: 	at com.android.server.wm.ActivityRecord.setClientVisible(ActivityRecord.java:6650)
02-19 18:03:41.384   752  2417 W WindowManager: 	at com.android.server.wm.ActivityRecord.commitVisibility(ActivityRecord.java:5561)
02-19 18:03:41.384   752  2417 W WindowManager: 	at com.android.server.wm.Transition.finishTransition(Transition.java:1391)
02-19 18:03:41.384   752  2417 W WindowManager: 	at com.android.server.wm.TransitionController.finishTransition(TransitionController.java:1029)
02-19 18:03:41.384   752  2417 W WindowManager: 	at com.android.server.wm.WindowOrganizerController.finishTransition(WindowOrganizerController.java:496)
02-19 18:03:41.384   752  2417 W WindowManager: 	at android.window.IWindowOrganizerController$Stub.onTransact(IWindowOrganizerController.java:261)
02-19 18:03:41.384   752  2417 W WindowManager: 	at com.android.server.wm.WindowOrganizerController.onTransact(WindowOrganizerController.java:223)
02-19 18:03:41.384   752  2417 W WindowManager: 	at android.os.Binder.execTransactInternal(Binder.java:1426)
02-19 18:03:41.384   752  2417 W WindowManager: 	at android.os.Binder.execTransact(Binder.java:1365)
02-19 18:03:41.384   752  2417 W Process : Unable to open /proc/12352/status
02-19 18:03:41.384 12781 12781 D CompatChangeReporter: Compat change id reported: 270674727; UID 10217; state: ENABLED
02-19 18:03:41.390   752   794 V WindowManager: Finish Transition (#607): created at 02-19 18:03:32.017 collect-started=0.053ms request-sent=0.261ms started=7.616ms ready=7.588ms sent=9.883ms commit=13.66ms finished=9370.997ms
02-19 18:03:41.397 12781 12781 D CompatChangeReporter: Compat change id reported: 63938206; UID 10217; state: ENABLED
02-19 18:03:41.407   752   779 I ImeTracker: system_server:c8de67a5: onRequestHide at ORIGIN_SERVER reason IME_REQUESTED_CHANGED_LISTENER fromUser false
02-19 18:03:41.412  7804  7804 D VRI[NexusLauncherActivity]: visibilityChanged oldVisibility=true newVisibility=false
02-19 18:03:41.412  7804  7804 D RecentsView: updateTaskStackListenerState: false
02-19 18:03:41.412  7804  7804 D NexusLauncherModelDelegate: notifySmartspaceEvent: SmartspaceTargetEvent{mSmartspaceTarget=null, mSmartspaceActionId='null', mEventType=7}
02-19 18:03:41.416  4449  4467 V WindowManagerShell: Playing animation for (#609) android.os.BinderProxy@f59db8b@0
02-19 18:03:41.417  4449  4467 V ShellRecents: RecentsTransitionHandler.startAnimation: no controller found
02-19 18:03:41.417  4449  4467 V WindowManagerShell: Transition doesn't have explicit remote, search filters for match for {id=609 t=OPEN f=0x0 trk=0 r=[0@Point(0, 0)] c=[{m=OPEN f=FILLS_TASK leash=Surface(name=ActivityRecord{217884362 u0 viva.republica.toss.test/im.toss.rn.granite.core.GraniteActivity)/@0x1a57526 sb=Rect(0, 0 - 0, 0) eb=Rect(0, 0 - 1080, 2400) epz=Point(1080, 2400) d=-1->0 r=-1->0:-1 bc=ffffffff component=viva.republica.toss.test/im.toss.rn.granite.core.GraniteActivity},{m=CLOSE f=TRANSLUCENT|FILLS_TASK|IS_OCCLUDED leash=Surface(name=ActivityRecord{76271962 u0 viva.republica.toss.test/.MiniAppSchemeActivity)/@0xe88a567 sb=Rect(0, 0 - 1080, 2400) eb=Rect(0, 0 - 1080, 2400) epz=Point(1080, 2400) d=0 bc=ffffffff component=viva.republica.toss.test/.MiniAppSchemeActivity},{m=TO_BACK f=SHOW_WALLPAPER leash=Surface(name=Task=1)/@0x73dff14 sb=Rect(0, 0 - 1080, 2400) eb=Rect(0, 0 - 1080, 2400) epz=Point(1080, 2400) d=0 taskParent=-1},{m=TO_BACK f=IS_WALLPAPER leash=Surface(name=WallpaperWindowToken{35e0c0f showWhenLocked=false})/@0x695e3bd sb=Rect(0, 0 - 1080, 2400) eb=Rect(0, 0 - 1080, 2400) epz=Point(1080, 2400) d=0}]}
02-19 18:03:41.417  4449  4467 V WindowManagerShell:  Checking filter Pair{{types=[] flags=0x0] notFlags=0x0 checks=[{atype=undefined independent=true modes=[CLOSE,TO_BACK] flags=IN_TASK_WITH_EMBEDDED_ACTIVITY mustBeTask=false order=ANY topActivity=null launchCookie=null taskFragmentToken=android.os.BinderProxy@dcfd27d windowingMode=undefined}]} RemoteTransition { remoteTransition = android.window.IRemoteTransition$Stub$Proxy@d4ce572, appThread = android.app.IApplicationThread$Stub$Proxy@fd29dc3, debugName = overlayBackTransition }}
02-19 18:03:41.418  4449  4467 V WindowManagerShell:  Checking filter Pair{{types=[] flags=0x0] notFlags=0x0 checks=[{atype=dream independent=true modes=[OPEN,TO_FRONT] flags=NONE mustBeTask=false order=ANY topActivity=null launchCookie=null windowingMode=undefined},{atype=home independent=true modes=[CLOSE,TO_BACK] flags=NONE mustBeTask=false order=ANY topActivity=null launchCookie=null windowingMode=undefined}]} RemoteTransition { remoteTransition = android.window.IRemoteTransition$Stub$Proxy@90c640, appThread = android.app.IApplicationThread$Stub$Proxy@f8c1979, debugName = LauncherToDream }}
02-19 18:03:41.418  4449  4467 V WindowManagerShell:  Checking filter Pair{{types=[] flags=0x0] notFlags=0x100 checks=[{atype=home independent=true modes=[OPEN,TO_FRONT] flags=NONE mustBeTask=false order=TOP topActivity=ComponentInfo{com.google.android.apps.nexuslauncher/com.google.android.apps.nexuslauncher.NexusLauncherActivity} launchCookie=null windowingMode=undefined},{atype=standard independent=true modes=[CLOSE,TO_BACK] flags=NONE mustBeTask=false order=ANY topActivity=null launchCookie=null windowingMode=undefined},{NOT atype=undefined independent=true modes=[] flags=NONE mustBeTask=true order=ANY topActivity=null launchCookie=null customAnim=true windowingMode=undefined}]} RemoteTransition { remoteTransition = android.window.IRemoteTransition$Stub$Proxy@affe6be, appThread = android.app.IApplicationThread$Stub$Proxy@c37531f, debugName = QuickstepLaunchHome }}
02-19 18:03:41.418  4449  4467 V WindowManagerShell:  Checking filter Pair{{types=[] flags=0x0] notFlags=0x0 checks=[{atype=undefined independent=true modes=[CLOSE,TO_BACK] flags=IN_TASK_WITH_EMBEDDED_ACTIVITY mustBeTask=false order=ANY topActivity=null launchCookie=null taskFragmentToken=android.os.BinderProxy@dcfd27d windowingMode=undefined}]} RemoteTransition { remoteTransition = android.window.IRemoteTransition$Stub$Proxy@3517b6e, appThread = android.app.IApplicationThread$Stub$Proxy@261420f, debugName = overlayBackTransition }}
02-19 18:03:41.418  4449  4467 V WindowManagerShell:  Checking filter Pair{{types=[] flags=0x0] notFlags=0x0 checks=[{atype=dream independent=true modes=[OPEN,TO_FRONT] flags=NONE mustBeTask=false order=ANY topActivity=null launchCookie=null windowingMode=undefined},{atype=home independent=true modes=[CLOSE,TO_BACK] flags=NONE mustBeTask=false order=ANY topActivity=null launchCookie=null windowingMode=undefined}]} RemoteTransition { remoteTransition = android.window.IRemoteTransition$Stub$Proxy@c23e29c, appThread = android.app.IApplicationThread$Stub$Proxy@afb34a5, debugName = LauncherToDream }}
02-19 18:03:41.419  4449  4467 V WindowManagerShell:  Checking filter Pair{{types=[] flags=0x0] notFlags=0x100 checks=[{atype=home independent=true modes=[OPEN,TO_FRONT] flags=NONE mustBeTask=false order=TOP topActivity=ComponentInfo{com.google.android.apps.nexuslauncher/com.google.android.apps.nexuslauncher.NexusLauncherActivity} launchCookie=null windowingMode=undefined},{atype=standard independent=true modes=[CLOSE,TO_BACK] flags=NONE mustBeTask=false order=ANY topActivity=null launchCookie=null windowingMode=undefined},{NOT atype=undefined independent=true modes=[] flags=NONE mustBeTask=true order=ANY topActivity=null launchCookie=null customAnim=true windowingMode=undefined}]} RemoteTransition { remoteTransition = android.window.IRemoteTransition$Stub$Proxy@39de07a, appThread = android.app.IApplicationThread$Stub$Proxy@cf9f02b, debugName = QuickstepLaunchHome }}
02-19 18:03:41.419  4449  4467 V WindowManagerShell:  Delegate animation for (#609) to null
02-19 18:03:41.419  4449  4467 V WindowManagerShell: start default transition animation, info = {id=609 t=OPEN f=0x0 trk=0 r=[0@Point(0, 0)] c=[{m=OPEN f=FILLS_TASK leash=Surface(name=ActivityRecord{217884362 u0 viva.republica.toss.test/im.toss.rn.granite.core.GraniteActivity)/@0x1a57526 sb=Rect(0, 0 - 0, 0) eb=Rect(0, 0 - 1080, 2400) epz=Point(1080, 2400) d=-1->0 r=-1->0:-1 bc=ffffffff component=viva.republica.toss.test/im.toss.rn.granite.core.GraniteActivity},{m=CLOSE f=TRANSLUCENT|FILLS_TASK|IS_OCCLUDED leash=Surface(name=ActivityRecord{76271962 u0 viva.republica.toss.test/.MiniAppSchemeActivity)/@0xe88a567 sb=Rect(0, 0 - 1080, 2400) eb=Rect(0, 0 - 1080, 2400) epz=Point(1080, 2400) d=0 bc=ffffffff component=viva.republica.toss.test/.MiniAppSchemeActivity},{m=TO_BACK f=SHOW_WALLPAPER leash=Surface(name=Task=1)/@0x73dff14 sb=Rect(0, 0 - 1080, 2400) eb=Rect(0, 0 - 1080, 2400) epz=Point(1080, 2400) d=0 taskParent=-1},{m=TO_BACK f=IS_WALLPAPER leash=Surface(name=WallpaperWindowToken{35e0c0f showWhenLocked=false})/@0x695e3bd sb=Rect(0, 0 - 1080, 2400) eb=Rect(0, 0 - 1080, 2400) epz=Point(1080, 2400) d=0}]}
02-19 18:03:41.419  4449  4467 V WindowManagerShell: loadAnimation: anim=android.view.animation.AnimationSet@ec1feb9 animAttr=0x13 type=OPEN isEntrance=false
02-19 18:03:41.420  4449  4467 V WindowManagerShell: loadAnimation: anim=android.view.animation.AnimationSet@4c02fe animAttr=0x13 type=OPEN isEntrance=false
02-19 18:03:41.423  4449  4467 V WindowManagerShell: loadAnimation: anim=android.view.animation.AnimationSet@d921cac animAttr=0x12 type=OPEN isEntrance=true
02-19 18:03:41.426   752   794 V WindowManager: Finish Transition (#608): created at 02-19 18:03:33.798 collect-started=0.03ms request-sent=9.905ms started=13.464ms ready=-1.03287645232E8ms sent=5124.799ms commit=2415.427ms finished=7616.295ms
02-19 18:03:41.427  4449  4467 V WindowManagerShell:  animated by com.android.wm.shell.transition.DefaultTransitionHandler@f74d823
02-19 18:03:41.430  4449  4467 D WindowManagerShell: setLauncherKeepClearAreaHeight: visible=false, height=527
02-19 18:03:41.431   752   797 I ImeTracker: system_server:c8de67a5: onCancelled at PHASE_SERVER_SHOULD_HIDE
02-19 18:03:41.452   752  1095 D BackgroundInstallControlService: Package event received: 0
02-19 18:03:41.453  7804  7804 D RecentsView: onTaskRemoved: 60, not handling task stack changes
02-19 18:03:41.454  7804  7804 D RecentsView: onTaskRemoved: 60, not handling task stack changes
02-19 18:03:41.457   752   934 D CoreBackPreview: Window{296faf7 u0 PopupWindow:2398b2e}: Setting back callback OnBackInvokedCallbackInfo{mCallback=android.window.IOnBackInvokedCallback$Stub$Proxy@50f9bcd, mPriority=0, mIsAnimationCallback=false, mOverrideBehavior=0}
02-19 18:03:41.493   531   531 E BpTransactionCompletedListener: Failed to transact (-32)
02-19 18:03:41.726  4449  4467 V WindowManagerShell: Transition animation finished (aborted=false), notifying core (#609) android.os.BinderProxy@f59db8b@0
02-19 18:03:41.729   752   794 V WindowManager: Finish Transition (#609): created at 02-19 18:03:40.657 collect-started=0.071ms request-sent=5.032ms started=6.809ms ready=17.3ms sent=620.098ms commit=160.294ms finished=1071.484ms
02-19 18:03:41.737  4449  4467 V WindowManagerShell: Track 0 became idle
02-19 18:03:41.744  4449  4467 V WindowManagerShell: All active transition animations finished
02-19 18:03:41.790 12781 12781 D VRI[MiniAppSchemeActivity]: visibilityChanged oldVisibility=true newVisibility=false
02-19 18:03:41.819  7804  7804 D BaseDepthController: setSurface:
02-19 18:03:41.819  7804  7804 D BaseDepthController: 	mWaitingOnSurfaceValidity: false
02-19 18:03:41.819  7804  7804 D BaseDepthController: 	mBaseSurface: null
02-19 18:03:41.820  7804  7804 D BaseDepthController: mSurface is null and mCurrentBlur is: 23
02-19 18:03:41.828  7804  7804 D StateManager: goToState - fromState: Overview, toState: Normal, partial trace:
02-19 18:03:41.828  7804  7804 D StateManager: 	at com.android.launcher3.statemanager.StateManager.moveToRestState(go/retraceme 72a59688580715d19f0e415c69e80376c2f062d1648c80db6730905005a27c20:4)
02-19 18:03:41.828  7804  7804 D StateManager: 	at com.android.launcher3.statemanager.StateManager.moveToRestState(go/retraceme 72a59688580715d19f0e415c69e80376c2f062d1648c80db6730905005a27c20:1)
02-19 18:03:41.828  7804  7804 D StateManager: 	at com.android.launcher3.statemanager.StatefulActivity.onStop(go/retraceme 72a59688580715d19f0e415c69e80376c2f062d1648c80db6730905005a27c20:34)
02-19 18:03:41.828  7804  7804 D StateManager: onStateTransitionStart - state: Normal
02-19 18:03:41.845  7804  7804 D BaseDepthController: mSurface is null and mCurrentBlur is: 23
02-19 18:03:41.849   752  1095 D BackgroundInstallControlService: Package event received: 0
02-19 18:03:41.850  7804  7804 D KeyboardInsetsHandler: setState, toState:Normal StateManager(mLastStableState:Normal, mCurrentStableState:Overview, mState:Normal, mRestState:Normal, isInTransition:false)
02-19 18:03:41.851  7804  7804 D StateManager: onStateTransitionEnd - state: Normal
02-19 18:03:41.853  7804  7804 D RecentsView: reset - mEnableDrawingLiveTile: true, mRecentsAnimationController: null
02-19 18:03:41.854  7804  7804 I AiAiSuggestUi: Clearing suggestions.
02-19 18:03:41.854  7804  7804 I AiAiSuggestUi: Clearing suggestions.
02-19 18:03:41.855  7804  7804 D ActivityAllAppsContainerView: rebindAdapters: force: false
02-19 18:03:41.855  7804  7804 D ActivityAllAppsContainerView: rebindAdapters: Not needed.
02-19 18:03:41.868 12781 12781 W WindowOnBackDispatcher: sendCancelIfRunning: isInProgress=false callback=android.view.ViewRootImpl$$ExternalSyntheticLambda13@550eaaf
02-19 18:03:41.868  7804  7804 D StatsLog: LAUNCHER_ONSTOP
02-19 18:03:41.870 12781 12781 D ViewRootImpl: Skipping stats log for color mode
02-19 18:03:41.873   752   935 W ActivityTaskManager: getTaskSnapshot: taskId=60 not found
02-19 18:03:41.879  7804  7804 D StatsLog: LAUNCHER_GOOGLE_SEARCH_RESTORE_LIST_SIZE_AFTER_ACTIVITY_RESTART
02-19 18:03:41.923   752  2505 W WindowManager: Failed looking up window session=Session{783207d 12781:u0a10217} callers=com.android.server.wm.WindowManagerService.windowForClientLocked:6410 com.android.server.wm.Session.setOnBackInvokedCallbackInfo:1002 android.view.IWindowSession$Stub.onTransact:1156 
02-19 18:03:41.925   752  2505 I WindowManager: setOnBackInvokedCallback(): No window state for package:viva.republica.toss.test
02-19 18:03:41.931   752  1095 D BackgroundInstallControlService: Package event received: 0
02-19 18:03:41.938   752   935 W ActivityTaskManager: takeTaskSnapshot: taskId=60 not found or not visible
02-19 18:03:41.940   752   989 I ImeTracker: viva.republica.toss.test:db8aab55: onRequestHide at ORIGIN_SERVER reason HIDE_UNSPECIFIED_WINDOW fromUser false
02-19 18:03:41.960 12781 12781 D InsetsController: hide(ime(), fromIme=false)
02-19 18:03:41.960 12781 12781 I ImeTracker: viva.republica.toss.test:db8aab55: onCancelled at PHASE_CLIENT_ALREADY_HIDDEN
02-19 18:03:41.984  7804  7804 D OverviewActionsView: updateForGroupedTask() called with: isGroupedTask = [false], canSaveAppPair = [false]
02-19 18:03:41.984  7804  7804 D OverviewActionsView: updateActionButtonsVisibility() called: showSingleTaskActions = [true], showGroupActions = [false]
02-19 18:03:41.989   752  1095 D BackgroundInstallControlService: Package event received: 0
02-19 18:03:42.004  1563  1563 I GoogleInputMethodService: GoogleInputMethodService.onFinishInput():2043 
02-19 18:03:42.007  1563  1563 I Module  : DeviceLockedStatusModuleProvider$Module.updateDeviceLockedStatus():100 repeatCheckTimes = 0, locked = false
02-19 18:03:42.009   752  2417 I ImeTracker: system_server:87b31120: onRequestHide at ORIGIN_SERVER reason IME_REQUESTED_CHANGED_LISTENER fromUser false
02-19 18:03:42.011  1563  1563 I GoogleInputMethodService: GoogleInputMethodService.onStartInput():1293 onStartInput(EditorInfo{EditorInfo{packageName=viva.republica.toss.test, inputType=0, inputTypeString=NULL, enableLearning=false, autoCorrection=false, autoComplete=false, imeOptions=0, privateImeOptions=null, actionName=UNSPECIFIED, actionLabel=null, initialSelStart=-1, initialSelEnd=-1, initialCapsMode=0, label=null, fieldId=0, fieldName=null, extras=null, hintText=null, hintLocales=[]}}, false)
02-19 18:03:42.014   752   797 I ImeTracker: system_server:87b31120: onCancelled at PHASE_SERVER_SHOULD_HIDE
02-19 18:03:42.017  1563  1563 I Module  : DeviceLockedStatusModuleProvider$Module.updateDeviceLockedStatus():100 repeatCheckTimes = 1, locked = false
02-19 18:03:42.019  1563  1563 I EmojiCompatManager: EmojiCompatManager.getEmojiCompatIfLoaded():343 EmojiCompat.init() was never called.
02-19 18:03:42.019  1563  1563 I EmojiCompatManager: java.lang.IllegalStateException: EmojiCompat is not initialized. Please call EmojiCompat.init() first
02-19 18:03:42.019  1563  1563 I EmojiCompatManager: 	at asx.p(PG:6)
02-19 18:03:42.019  1563  1563 I EmojiCompatManager: 	at axb.b(PG:13)
02-19 18:03:42.019  1563  1563 I EmojiCompatManager: 	at jnr.b(PG:2)
02-19 18:03:42.019  1563  1563 I EmojiCompatManager: 	at jnr.c(PG:4)
02-19 18:03:42.019  1563  1563 I EmojiCompatManager: 	at jnr.f(PG:3)
02-19 18:03:42.019  1563  1563 I EmojiCompatManager: 	at jnx.c(PG:3)
02-19 18:03:42.019  1563  1563 I EmojiCompatManager: 	at kif.cz(PG:47)
02-19 18:03:42.019  1563  1563 I EmojiCompatManager: 	at lhl.run(PG:1025)
02-19 18:03:42.019  1563  1563 I EmojiCompatManager: 	at jaf.execute(PG:12)
02-19 18:03:42.019  1563  1563 I EmojiCompatManager: 	at nco.v(PG:13)
02-19 18:03:42.019  1563  1563 I EmojiCompatManager: 	at lhn.m(PG:96)
02-19 18:03:42.019  1563  1563 I EmojiCompatManager: 	at lhn.k(PG:25)
02-19 18:03:42.019  1563  1563 I EmojiCompatManager: 	at kgn.onStartInput(PG:250)
02-19 18:03:42.019  1563  1563 I EmojiCompatManager: 	at android.inputmethodservice.InputMethodService.doStartInput(InputMethodService.java:3521)
02-19 18:03:42.019  1563  1563 I EmojiCompatManager: 	at android.inputmethodservice.InputMethodService$InputMethodImpl.startInput(InputMethodService.java:879)
02-19 18:03:42.019  1563  1563 I EmojiCompatManager: 	at android.inputmethodservice.InputMethodService$InputMethodImpl.dispatchStartInput(InputMethodService.java:908)
02-19 18:03:42.019  1563  1563 I EmojiCompatManager: 	at android.inputmethodservice.IInputMethodWrapper.executeMessage(IInputMethodWrapper.java:201)
02-19 18:03:42.019  1563  1563 I EmojiCompatManager: 	at com.android.internal.os.HandlerCaller$MyHandler.handleMessage(HandlerCaller.java:44)
02-19 18:03:42.019  1563  1563 I EmojiCompatManager: 	at android.os.Handler.dispatchMessage(Handler.java:110)
02-19 18:03:42.019  1563  1563 I EmojiCompatManager: 	at android.os.Looper.loopOnce(Looper.java:248)
02-19 18:03:42.019  1563  1563 I EmojiCompatManager: 	at android.os.Looper.loop(Looper.java:338)
02-19 18:03:42.019  1563  1563 I EmojiCompatManager: 	at android.app.ActivityThread.main(ActivityThread.java:9067)
02-19 18:03:42.019  1563  1563 I EmojiCompatManager: 	at java.lang.reflect.Method.invoke(Native Method)
02-19 18:03:42.019  1563  1563 I EmojiCompatManager: 	at com.android.internal.os.RuntimeInit$MethodAndArgsCaller.run(RuntimeInit.java:593)
02-19 18:03:42.019  1563  1563 I EmojiCompatManager: 	at com.android.internal.os.ZygoteInit.main(ZygoteInit.java:932)
02-19 18:03:42.019   752  2417 W PackageConfigPersister: App-specific configuration not found for packageName: viva.republica.toss.test and userId: 0
02-19 18:03:42.139   752   969 D ActivityManager: freezing 3794 com.android.vending
02-19 18:03:42.150   752   969 D ActivityManager: freezing 10620 com.android.vending:background
02-19 18:03:42.247   752  1029 D InetDiagMessage: Destroyed 0 sockets, proto=IPPROTO_TCP, family=AF_INET, states=14
02-19 18:03:42.249   752  1029 D InetDiagMessage: Destroyed 0 sockets, proto=IPPROTO_TCP, family=AF_INET6, states=14
02-19 18:03:42.249   752  1029 D InetDiagMessage: Destroyed live tcp sockets for uids={10146} in 4ms
02-19 18:03:43.113 12913 12913 W dumpsys : Thread Pool max thread count is 0. Cannot cache binder as linkToDeath cannot be implemented. serviceName: window
02-19 18:03:43.123   752  2505 I system_server: AssetManager2(0x7d8fac431e18) locale list changing from [] to [en-US]
02-19 18:03:43.129   752  2505 I system_server: AssetManager2(0x7d8fac4cdbd8) locale list changing from [] to [en-US]
02-19 18:03:43.132   752  2505 I system_server: AssetManager2(0x7d8fac4d4618) locale list changing from [] to [en-US]
02-19 18:03:43.137   752  2505 I system_server: AssetManager2(0x7d8fac4d0dd8) locale list changing from [] to [en-US]
02-19 18:03:43.141   752  2505 I system_server: AssetManager2(0x7d8fac502798) locale list changing from [] to [en-US]
02-19 18:03:43.151   752  2505 I system_server: AssetManager2(0x7d8fac4d0798) locale list changing from [] to [en-US]
02-19 18:03:43.865 12918 12918 W screencap: Thread Pool max thread count is 0. Cannot cache binder as linkToDeath cannot be implemented. serviceName: SurfaceFlingerAIDL
02-19 18:03:43.866 12918 12918 W BpBinder: Linking to death on android.gui.ISurfaceComposer but there are no threads (yet?) listening to incoming transactions. See ProcessState::startThreadPool and ProcessState::setThreadPoolMaxThreadCount. Generally you should setup the binder threadpool before other initialization steps.
02-19 18:03:43.866 12918 12918 W ProcessState: Extra binder thread started, but 0 threads requested. Do not use *startThreadPool when zero threads are requested.
02-19 18:03:43.878   531   603 E HwcComposer: getLuts failed Status(-8, EX_SERVICE_SPECIFIC): '8: '
02-19 18:03:43.879   531   603 E HWComposer: getLuts: getLuts failed for display 4619827259835644672: UNSUPPORTED (8)
02-19 18:03:43.896 12781 12781 W WindowOnBackDispatcher: sendCancelIfRunning: isInProgress=false callback=android.view.ViewRootImpl$$ExternalSyntheticLambda13@f572c3a
02-19 18:03:43.897   752   934 D CoreBackPreview: Window{296faf7 u0 PopupWindow:2398b2e}: Setting back callback null
02-19 18:03:43.986 12781 12920 D nativeloader: Load /data/app/~~NUQj-rdXzuicW-16SIRtKA==/viva.republica.toss.test-Si406wFvb_sqEA2GTBV6RQ==/lib/x86_64/libc++_shared.so using class loader ns clns-9 (caller=<unknown>): ok
02-19 18:03:44.030 12781 12920 D nativeloader: Load /data/app/~~NUQj-rdXzuicW-16SIRtKA==/viva.republica.toss.test-Si406wFvb_sqEA2GTBV6RQ==/lib/x86_64/libglog.so using class loader ns clns-9 (caller=<unknown>): ok
02-19 18:03:44.094 12781 12920 D nativeloader: Load /data/app/~~NUQj-rdXzuicW-16SIRtKA==/viva.republica.toss.test-Si406wFvb_sqEA2GTBV6RQ==/lib/x86_64/libfolly_runtime.so using class loader ns clns-9 (caller=<unknown>): ok
02-19 18:03:44.125 12781 12920 D nativeloader: Load /data/app/~~NUQj-rdXzuicW-16SIRtKA==/viva.republica.toss.test-Si406wFvb_sqEA2GTBV6RQ==/lib/x86_64/libfbjni.so using class loader ns clns-9 (caller=<unknown>): ok
02-19 18:03:44.132 12781 12920 D nativeloader: Load /data/app/~~NUQj-rdXzuicW-16SIRtKA==/viva.republica.toss.test-Si406wFvb_sqEA2GTBV6RQ==/lib/x86_64/libjsi.so using class loader ns clns-9 (caller=<unknown>): ok
02-19 18:03:44.139 12781 12920 D nativeloader: Load /data/app/~~NUQj-rdXzuicW-16SIRtKA==/viva.republica.toss.test-Si406wFvb_sqEA2GTBV6RQ==/lib/x86_64/libhermes.so using class loader ns clns-9 (caller=<unknown>): ok
02-19 18:03:44.152 12781 12920 D nativeloader: Load /data/app/~~NUQj-rdXzuicW-16SIRtKA==/viva.republica.toss.test-Si406wFvb_sqEA2GTBV6RQ==/lib/x86_64/libfb.so using class loader ns clns-9 (caller=<unknown>): ok
02-19 18:03:44.163 12781 12920 D nativeloader: Load /data/app/~~NUQj-rdXzuicW-16SIRtKA==/viva.republica.toss.test-Si406wFvb_sqEA2GTBV6RQ==/lib/x86_64/libyoga.so using class loader ns clns-9 (caller=<unknown>): ok
02-19 18:03:44.176 12781 12920 D nativeloader: Load /data/app/~~NUQj-rdXzuicW-16SIRtKA==/viva.republica.toss.test-Si406wFvb_sqEA2GTBV6RQ==/lib/x86_64/libruntimeexecutor.so using class loader ns clns-9 (caller=<unknown>): ok
02-19 18:03:44.181 12781 12920 D nativeloader: Load /data/app/~~NUQj-rdXzuicW-16SIRtKA==/viva.republica.toss.test-Si406wFvb_sqEA2GTBV6RQ==/lib/x86_64/libreact_debug.so using class loader ns clns-9 (caller=<unknown>): ok
02-19 18:03:44.186 12781 12920 D nativeloader: Load /data/app/~~NUQj-rdXzuicW-16SIRtKA==/viva.republica.toss.test-Si406wFvb_sqEA2GTBV6RQ==/lib/x86_64/libglog_init.so using class loader ns clns-9 (caller=<unknown>): ok
02-19 18:03:44.191 12781 12920 D nativeloader: Load /data/app/~~NUQj-rdXzuicW-16SIRtKA==/viva.republica.toss.test-Si406wFvb_sqEA2GTBV6RQ==/lib/x86_64/libreact_utils.so using class loader ns clns-9 (caller=<unknown>): ok
02-19 18:03:44.196 12781 12920 D nativeloader: Load /data/app/~~NUQj-rdXzuicW-16SIRtKA==/viva.republica.toss.test-Si406wFvb_sqEA2GTBV6RQ==/lib/x86_64/libreact_render_mapbuffer.so using class loader ns clns-9 (caller=<unknown>): ok
02-19 18:03:44.200 12781 12920 D nativeloader: Load /data/app/~~NUQj-rdXzuicW-16SIRtKA==/viva.republica.toss.test-Si406wFvb_sqEA2GTBV6RQ==/lib/x86_64/libreact_render_graphics.so using class loader ns clns-9 (caller=<unknown>): ok
02-19 18:03:44.201 12781 12920 D nativeloader: Load /data/app/~~NUQj-rdXzuicW-16SIRtKA==/viva.republica.toss.test-Si406wFvb_sqEA2GTBV6RQ==/lib/x86_64/libreact_render_debug.so using class loader ns clns-9 (caller=<unknown>): ok
02-19 18:03:44.205 12781 12920 D nativeloader: Load /data/app/~~NUQj-rdXzuicW-16SIRtKA==/viva.republica.toss.test-Si406wFvb_sqEA2GTBV6RQ==/lib/x86_64/libreact_render_core.so using class loader ns clns-9 (caller=<unknown>): ok
02-19 18:03:44.209 12781 12920 D nativeloader: Load /data/app/~~NUQj-rdXzuicW-16SIRtKA==/viva.republica.toss.test-Si406wFvb_sqEA2GTBV6RQ==/lib/x86_64/libreact_render_runtimescheduler.so using class loader ns clns-9 (caller=<unknown>): ok
02-19 18:03:44.215 12781 12920 D nativeloader: Load /data/app/~~NUQj-rdXzuicW-16SIRtKA==/viva.republica.toss.test-Si406wFvb_sqEA2GTBV6RQ==/lib/x86_64/liblogger.so using class loader ns clns-9 (caller=<unknown>): ok
02-19 18:03:44.220 12781 12920 D nativeloader: Load /data/app/~~NUQj-rdXzuicW-16SIRtKA==/viva.republica.toss.test-Si406wFvb_sqEA2GTBV6RQ==/lib/x86_64/libreactperfloggerjni.so using class loader ns clns-9 (caller=<unknown>): ok
02-19 18:03:44.224 12781 12920 D nativeloader: Load /data/app/~~NUQj-rdXzuicW-16SIRtKA==/viva.republica.toss.test-Si406wFvb_sqEA2GTBV6RQ==/lib/x86_64/libjsinspector.so using class loader ns clns-9 (caller=<unknown>): ok
02-19 18:03:44.231 12781 12920 D nativeloader: Load /data/app/~~NUQj-rdXzuicW-16SIRtKA==/viva.republica.toss.test-Si406wFvb_sqEA2GTBV6RQ==/lib/x86_64/libreactnativejni.so using class loader ns clns-9 (caller=<unknown>): ok
02-19 18:03:44.241 12781 12920 D nativeloader: Load /data/app/~~NUQj-rdXzuicW-16SIRtKA==/viva.republica.toss.test-Si406wFvb_sqEA2GTBV6RQ==/lib/x86_64/libhermes_executor.so using class loader ns clns-9 (caller=<unknown>): ok
02-19 18:03:44.280 12781 12920 D ApplicationLoaders: Returning zygote-cached class loader: /system/framework/org.apache.http.legacy.jar
02-19 18:03:44.281 12781 12920 D ApplicationLoaders: Returning zygote-cached class loader: /system/framework/com.android.location.provider.jar
02-19 18:03:44.281 12781 12920 D ApplicationLoaders: Returning zygote-cached class loader: /system/framework/com.android.media.remotedisplay.jar
02-19 18:03:44.281 12781 12920 D ApplicationLoaders: Returning zygote-cached class loader: /system_ext/framework/androidx.window.extensions.jar
02-19 18:03:44.281 12781 12920 D ApplicationLoaders: Returning zygote-cached class loader: /system_ext/framework/androidx.window.sidecar.jar
