02-19 22:07:17.109  4449 21898 V WindowManagerShell: onTransitionReady(transaction=3229815438949)
02-19 22:07:17.110  4449  4467 V WindowManagerShell: onTransitionReady (#1134) android.os.BinderProxy@4c9e71a: {id=1134 t=OPEN f=0x0 trk=0 r=[0@Point(0, 0)] c=[
02-19 22:07:17.110  4449  4467 V WindowManagerShell:         {m=OPEN f=TRANSLUCENT leash=Surface(name=Task=187)/@0x72da541 sb=Rect(0, 0 - 1080, 2400) eb=Rect(0, 0 - 1080, 2400) epz=Point(1080, 2400) d=0 taskParent=-1}
02-19 22:07:17.110  4449  4467 V WindowManagerShell:     ]}
02-19 22:07:17.111  4449  4467 V WindowManagerShell: Playing animation for (#1134) android.os.BinderProxy@4c9e71a@0
02-19 22:07:17.111  4449  4467 V ShellRecents: RecentsTransitionHandler.startAnimation: no controller found
02-19 22:07:17.111  4449  4467 V WindowManagerShell: Transition doesn't have explicit remote, search filters for match for {id=1134 t=OPEN f=0x0 trk=0 r=[0@Point(0, 0)] c=[{m=OPEN f=TRANSLUCENT leash=Surface(name=Task=187)/@0x72da541 sb=Rect(0, 0 - 1080, 2400) eb=Rect(0, 0 - 1080, 2400) epz=Point(1080, 2400) d=0 taskParent=-1}]}
02-19 22:07:17.111  4449  4467 V WindowManagerShell:  Checking filter Pair{{types=[] flags=0x0] notFlags=0x0 checks=[{atype=undefined independent=true modes=[CLOSE,TO_BACK] flags=IN_TASK_WITH_EMBEDDED_ACTIVITY mustBeTask=false order=ANY topActivity=null launchCookie=null taskFragmentToken=android.os.BinderProxy@71546f0 windowingMode=undefined}]} RemoteTransition { remoteTransition = android.window.IRemoteTransition$Stub$Proxy@d4c8469, appThread = android.app.IApplicationThread$Stub$Proxy@c228eee, debugName = overlayBackTransition }}
02-19 22:07:17.112  4449  4467 V WindowManagerShell:  Checking filter Pair{{types=[] flags=0x0] notFlags=0x0 checks=[{atype=dream independent=true modes=[OPEN,TO_FRONT] flags=NONE mustBeTask=false order=ANY topActivity=null launchCookie=null windowingMode=undefined},{atype=home independent=true modes=[CLOSE,TO_BACK] flags=NONE mustBeTask=false order=ANY topActivity=null launchCookie=null windowingMode=undefined}]} RemoteTransition { remoteTransition = android.window.IRemoteTransition$Stub$Proxy@c578f8f, appThread = android.app.IApplicationThread$Stub$Proxy@69fe21c, debugName = LauncherToDream }}
02-19 22:07:17.112  4449  4467 V WindowManagerShell:  Checking filter Pair{{types=[] flags=0x0] notFlags=0x100 checks=[{atype=home independent=true modes=[OPEN,TO_FRONT] flags=NONE mustBeTask=false order=TOP topActivity=ComponentInfo{com.google.android.apps.nexuslauncher/com.google.android.apps.nexuslauncher.NexusLauncherActivity} launchCookie=null windowingMode=undefined},{atype=standard independent=true modes=[CLOSE,TO_BACK] flags=NONE mustBeTask=false order=ANY topActivity=null launchCookie=null windowingMode=undefined},{NOT atype=undefined independent=true modes=[] flags=NONE mustBeTask=true order=ANY topActivity=null launchCookie=null customAnim=true windowingMode=undefined}]} RemoteTransition { remoteTransition = android.window.IRemoteTransition$Stub$Proxy@69ffe25, appThread = android.app.IApplicationThread$Stub$Proxy@72cabfa, debugName = QuickstepLaunchHome }}
02-19 22:07:17.112  4449  4467 V WindowManagerShell:  Checking filter Pair{{types=[] flags=0x0] notFlags=0x0 checks=[{atype=undefined independent=true modes=[CLOSE,TO_BACK] flags=IN_TASK_WITH_EMBEDDED_ACTIVITY mustBeTask=false order=ANY topActivity=null launchCookie=null taskFragmentToken=android.os.BinderProxy@71546f0 windowingMode=undefined}]} RemoteTransition { remoteTransition = android.window.IRemoteTransition$Stub$Proxy@7c795ab, appThread = android.app.IApplicationThread$Stub$Proxy@cd70408, debugName = overlayBackTransition }}
02-19 22:07:17.113 19301 19458 I FontLog : (REDACTED) Received query %s, URI %s
02-19 22:07:17.113 19301 19458 I FontLog : (REDACTED) Query [%s] resolved to %s
02-19 22:07:17.113  4449  4467 V WindowManagerShell:  Checking filter Pair{{types=[] flags=0x0] notFlags=0x0 checks=[{atype=dream independent=true modes=[OPEN,TO_FRONT] flags=NONE mustBeTask=false order=ANY topActivity=null launchCookie=null windowingMode=undefined},{atype=home independent=true modes=[CLOSE,TO_BACK] flags=NONE mustBeTask=false order=ANY topActivity=null launchCookie=null windowingMode=undefined}]} RemoteTransition { remoteTransition = android.window.IRemoteTransition$Stub$Proxy@f757a1, appThread = android.app.IApplicationThread$Stub$Proxy@d898dc6, debugName = LauncherToDream }}
02-19 22:07:17.113  4449  4467 V WindowManagerShell:  Checking filter Pair{{types=[] flags=0x0] notFlags=0x100 checks=[{atype=home independent=true modes=[OPEN,TO_FRONT] flags=NONE mustBeTask=false order=TOP topActivity=ComponentInfo{com.google.android.apps.nexuslauncher/com.google.android.apps.nexuslauncher.NexusLauncherActivity} launchCookie=null windowingMode=undefined},{atype=standard independent=true modes=[CLOSE,TO_BACK] flags=NONE mustBeTask=false order=ANY topActivity=null launchCookie=null windowingMode=undefined},{NOT atype=undefined independent=true modes=[] flags=NONE mustBeTask=true order=ANY topActivity=null launchCookie=null customAnim=true windowingMode=undefined}]} RemoteTransition { remoteTransition = android.window.IRemoteTransition$Stub$Proxy@9e7e187, appThread = android.app.IApplicationThread$Stub$Proxy@3dc58b4, debugName = QuickstepLaunchHome }}
02-19 22:07:17.113  4449  4467 V WindowManagerShell:  Delegate animation for (#1134) to null
02-19 22:07:17.113  4449  4467 V WindowManagerShell: start default transition animation, info = {id=1134 t=OPEN f=0x0 trk=0 r=[0@Point(0, 0)] c=[{m=OPEN f=TRANSLUCENT leash=Surface(name=Task=187)/@0x72da541 sb=Rect(0, 0 - 1080, 2400) eb=Rect(0, 0 - 1080, 2400) epz=Point(1080, 2400) d=0 taskParent=-1}]}
02-19 22:07:17.115 19301 19458 I FontLog : (REDACTED) Font PFD returned from cache for %s
02-19 22:07:17.115  4449  4467 V WindowManagerShell: loadAnimation: anim=android.view.animation.AnimationSet@2ee547d animAttr=0x4 type=OPEN isEntrance=true
02-19 22:07:17.115 19301 19458 I FontLog : (REDACTED) Fetch %s end status %s
02-19 22:07:17.117  4449  4467 V WindowManagerShell:  animated by com.android.wm.shell.transition.DefaultTransitionHandler@f74d823
02-19 22:07:17.120   752   794 I ActivityTaskManager: Displayed viva.republica.toss.test/.MiniAppSchemeActivity for user 0: +376ms
02-19 22:07:17.121   752   794 V WindowManager: Sent Transition (#1134) createdAt=02-19 22:07:16.652 via request=TransitionRequestInfo { type = OPEN, triggerTask = TaskInfo{userId=0 taskId=187 effectiveUid=10217 displayId=0 isRunning=true baseIntent=Intent { act=android.intent.action.VIEW dat=intoss://takealook/... flg=0x10000000 pkg=viva.republica.toss.test cmp=viva.republica.toss.test/.MiniAppSchemeActivity } baseActivity=ComponentInfo{viva.republica.toss.test/viva.republica.toss.test.MiniAppSchemeActivity} topActivity=ComponentInfo{viva.republica.toss.test/viva.republica.toss.test.MiniAppSchemeActivity} origActivity=null realActivity=ComponentInfo{viva.republica.toss.test/viva.republica.toss.test.MiniAppSchemeActivity} numActivities=1 lastActiveTime=117910519 supportsMultiWindow=true resizeMode=1 isResizeable=true minWidth=-1 minHeight=-1 defaultMinSize=220 token=WCT{RemoteToken{22ec3cd Task{b32e846 #187 type=standard A=10217:viva.republica.toss.test}}} topActivityType=1 pictureInPictureParams=null shouldDockBigOverlays=false launchIntoPipHostTaskId=-1 lastParentTaskIdBeforePip=-1 displayCutoutSafeInsets=Rect(0, 0 - 0, 0) topActivityInfo=ActivityInfo{b200482 viva.republica.toss.test.MiniAppSchemeActivity} launchCookies=[] positionInParent=Point(0, 0) parentTaskId=-1 isFocused=false isVisible=false isVisibleRequested=false isTopActivityNoDisplay=false isSleeping=false locusId=null displayAreaFeatureId=1 isTopActivityTransparent=true isActivityStackTransparent=true lastNonFullscreenBounds=Rect(284, 660 - 796, 1740) capturedLink=null capturedLinkTimestamp=0 requestedVisibleTypes=-9 topActivityRequestOpenInBrowserEducationTimestamp=0 appCompatTaskInfo=AppCompatTaskInfo { topActivityInSizeCompat=false eligibleForLetterboxEducation= false isLetterboxEducationEnabled= true isLetterboxDoubleTapEnabled= false eligibleForUserAspectRatioButton= false topActivityBoundsLetterboxed= false isFromLetterboxDoubleTap= false topActivityLetterboxVerticalPosition= -1 topActivityLetterboxHorizontalPosition= -1 topActivityLetterboxWidth=-1 topActivityLetterboxHeight=-1 topActivityAppBounds=Rect(0, 0 - 1080, 2400) isUserFullscreenOverrideEnabled=false isSystemFullscreenOverrideEnabled=false hasMinAspectRatioOverride=false topActivityLetterboxBounds=null cameraCompatTaskInfo=CameraCompatTaskInfo { freeformCameraCompatMode=inactive}} topActivityMainWindowFrame=null}, pipChange = null, remoteTransition = null, displayChange = null, flags = 0, debugId = 1134 }
02-19 22:07:17.121   752   794 V WindowManager:     startWCT=WindowContainerTransaction { changes= {} hops= [] errorCallbackToken=null taskFragmentOrganizer=null }
02-19 22:07:17.122   752   794 V WindowManager:     info={id=1134 t=OPEN f=0x0 trk=0 r=[0@Point(0, 0)] c=[
02-19 22:07:17.122   752   794 V WindowManager:         {WCT{RemoteToken{22ec3cd Task{b32e846 #187 type=standard A=10217:viva.republica.toss.test}}} m=OPEN f=TRANSLUCENT leash=Surface(name=Task=187)/@0xabeef6 sb=Rect(0, 0 - 1080, 2400) eb=Rect(0, 0 - 1080, 2400) epz=Point(1080, 2400) d=0 taskParent=-1}
02-19 22:07:17.122   752   794 V WindowManager:     ]}
02-19 22:07:17.155 19301 19458 I FontLog : (REDACTED) Pulling font file for id = %d, cache size = %d
02-19 22:07:17.170   752   989 I ImeTracker: viva.republica.toss.test:e8600454: onRequestHide at ORIGIN_SERVER reason HIDE_UNSPECIFIED_WINDOW fromUser false
02-19 22:07:17.223 20022 20022 I GoogleInputMethodService: GoogleInputMethodService.onFinishInput():2043 
02-19 22:07:17.226 19301 19458 I FontLog : (REDACTED) Received query %s, URI %s
02-19 22:07:17.228 19301 19458 I FontLog : (REDACTED) Query [%s] resolved to %s
02-19 22:07:17.229 20022 20022 I Module  : DeviceLockedStatusModuleProvider$Module.updateDeviceLockedStatus():100 repeatCheckTimes = 0, locked = false
02-19 22:07:17.237 19301 19458 I FontLog : (REDACTED) Font PFD returned from cache for %s
02-19 22:07:17.237 20022 20022 I GoogleInputMethodService: GoogleInputMethodService.onStartInput():1293 onStartInput(EditorInfo{EditorInfo{packageName=viva.republica.toss.test, inputType=0, inputTypeString=NULL, enableLearning=false, autoCorrection=false, autoComplete=false, imeOptions=0, privateImeOptions=null, actionName=UNSPECIFIED, actionLabel=null, initialSelStart=-1, initialSelEnd=-1, initialCapsMode=0, label=null, fieldId=0, fieldName=null, extras=null, hintText=null, hintLocales=[]}}, false)
02-19 22:07:17.239 20022 20022 I EmojiCompatManager: EmojiCompatManager.getEmojiCompatIfLoaded():343 EmojiCompat.init() was never called.
02-19 22:07:17.239 20022 20022 I EmojiCompatManager: java.lang.IllegalStateException: EmojiCompat is not initialized. Please call EmojiCompat.init() first
02-19 22:07:17.239 20022 20022 I EmojiCompatManager: 	at asx.p(PG:6)
02-19 22:07:17.239 20022 20022 I EmojiCompatManager: 	at axb.b(PG:13)
02-19 22:07:17.239 20022 20022 I EmojiCompatManager: 	at jnr.b(PG:2)
02-19 22:07:17.239 20022 20022 I EmojiCompatManager: 	at jnr.c(PG:4)
02-19 22:07:17.239 20022 20022 I EmojiCompatManager: 	at jnr.f(PG:3)
02-19 22:07:17.239 20022 20022 I EmojiCompatManager: 	at jnx.c(PG:3)
02-19 22:07:17.239 20022 20022 I EmojiCompatManager: 	at kif.cz(PG:47)
02-19 22:07:17.239 20022 20022 I EmojiCompatManager: 	at lhl.run(PG:1025)
02-19 22:07:17.239 20022 20022 I EmojiCompatManager: 	at jaf.execute(PG:12)
02-19 22:07:17.239 20022 20022 I EmojiCompatManager: 	at nco.v(PG:13)
02-19 22:07:17.239 20022 20022 I EmojiCompatManager: 	at lhn.m(PG:96)
02-19 22:07:17.239 20022 20022 I EmojiCompatManager: 	at lhn.k(PG:25)
02-19 22:07:17.239 20022 20022 I EmojiCompatManager: 	at kgn.onStartInput(PG:250)
02-19 22:07:17.239 20022 20022 I EmojiCompatManager: 	at android.inputmethodservice.InputMethodService.doStartInput(InputMethodService.java:3521)
02-19 22:07:17.239 20022 20022 I EmojiCompatManager: 	at android.inputmethodservice.InputMethodService$InputMethodImpl.startInput(InputMethodService.java:879)
02-19 22:07:17.239 20022 20022 I EmojiCompatManager: 	at android.inputmethodservice.InputMethodService$InputMethodImpl.dispatchStartInput(InputMethodService.java:908)
02-19 22:07:17.239 20022 20022 I EmojiCompatManager: 	at android.inputmethodservice.IInputMethodWrapper.executeMessage(IInputMethodWrapper.java:201)
02-19 22:07:17.239 20022 20022 I EmojiCompatManager: 	at com.android.internal.os.HandlerCaller$MyHandler.handleMessage(HandlerCaller.java:44)
02-19 22:07:17.239 20022 20022 I EmojiCompatManager: 	at android.os.Handler.dispatchMessage(Handler.java:110)
02-19 22:07:17.239 20022 20022 I EmojiCompatManager: 	at android.os.Looper.loopOnce(Looper.java:248)
02-19 22:07:17.239 20022 20022 I EmojiCompatManager: 	at android.os.Looper.loop(Looper.java:338)
02-19 22:07:17.239 20022 20022 I EmojiCompatManager: 	at android.app.ActivityThread.main(ActivityThread.java:9067)
02-19 22:07:17.239 20022 20022 I EmojiCompatManager: 	at java.lang.reflect.Method.invoke(Native Method)
02-19 22:07:17.239 20022 20022 I EmojiCompatManager: 	at com.android.internal.os.RuntimeInit$MethodAndArgsCaller.run(RuntimeInit.java:593)
02-19 22:07:17.239 20022 20022 I EmojiCompatManager: 	at com.android.internal.os.ZygoteInit.main(ZygoteInit.java:932)
02-19 22:07:17.240 19301 19458 I FontLog : (REDACTED) Fetch %s end status %s
02-19 22:07:17.247 20022 20022 I Module  : DeviceLockedStatusModuleProvider$Module.updateDeviceLockedStatus():100 repeatCheckTimes = 1, locked = false
02-19 22:07:17.249   752  2375 W PackageConfigPersister: App-specific configuration not found for packageName: viva.republica.toss.test and userId: 0
02-19 22:07:17.250   752  1456 I ImeTracker: system_server:11856d8f: onRequestHide at ORIGIN_SERVER reason IME_REQUESTED_CHANGED_LISTENER fromUser false
02-19 22:07:17.254 19301 20335 I FontLog : (REDACTED) Pulling font file for id = %d, cache size = %d
02-19 22:07:17.255  6650  6650 D InsetsController: hide(ime(), fromIme=false)
02-19 22:07:17.255  6650  6650 I ImeTracker: viva.republica.toss.test:e8600454: onCancelled at PHASE_CLIENT_ALREADY_HIDDEN
02-19 22:07:17.289   752   797 I ImeTracker: system_server:11856d8f: onCancelled at PHASE_SERVER_SHOULD_HIDE
02-19 22:07:17.294 19301 20335 I FontLog : (REDACTED) Received query %s, URI %s
02-19 22:07:17.302 19301 20335 I FontLog : (REDACTED) Query [%s] resolved to %s
02-19 22:07:17.323 19301 20335 I FontLog : (REDACTED) Font PFD returned from cache for %s
02-19 22:07:17.326 19301 20335 I FontLog : (REDACTED) Fetch %s end status %s
02-19 22:07:17.332 19301 20335 I FontLog : (REDACTED) Pulling font file for id = %d, cache size = %d
02-19 22:07:17.380   752   780 V GrammaticalInflectionUtils: AttributionSource: android.content.AttributionSource@56784557 does not have READ_SYSTEM_GRAMMATICAL_GENDER permission.
02-19 22:07:17.381   752   780 W OptProp : Cannot read opt property android.window.PROPERTY_COMPAT_ALLOW_USER_ASPECT_RATIO_OVERRIDE
02-19 22:07:17.381   752   780 W OptProp : Cannot read opt property android.window.PROPERTY_COMPAT_ALLOW_USER_ASPECT_RATIO_FULLSCREEN_OVERRIDE
02-19 22:07:17.382   752   780 W OptProp : Cannot read opt property android.window.PROPERTY_COMPAT_ALLOW_RESIZEABLE_ACTIVITY_OVERRIDES
02-19 22:07:17.383   752   780 W OptProp : Cannot read opt property android.window.PROPERTY_COMPAT_ALLOW_MIN_ASPECT_RATIO_OVERRIDE
02-19 22:07:17.393   752   780 W OptProp : Cannot read opt property android.window.PROPERTY_COMPAT_ALLOW_ORIENTATION_OVERRIDE
02-19 22:07:17.413   752   780 I ActivityTaskManager: START u0 {act=android.intent.action.VIEW dat=intoss://takealook/... xflg=0x4 cmp=viva.republica.toss.test/im.toss.rn.granite.core.GraniteActivity (has extras)} with LAUNCH_MULTIPLE from uid 10217 (sr=22776865) (BAL_ALLOW_VISIBLE_WINDOW) result code=0
02-19 22:07:17.422  4449  4467 V WindowManagerShell: Transition requested (#1135): android.os.BinderProxy@9ab040 TransitionRequestInfo { type = OPEN, triggerTask = TaskInfo{userId=0 taskId=187 effectiveUid=10217 displayId=0 isRunning=true baseIntent=Intent { act=android.intent.action.VIEW dat=intoss://takealook/... flg=0x10000000 pkg=viva.republica.toss.test cmp=viva.republica.toss.test/.MiniAppSchemeActivity } baseActivity=ComponentInfo{viva.republica.toss.test/viva.republica.toss.test.MiniAppSchemeActivity} topActivity=ComponentInfo{viva.republica.toss.test/im.toss.rn.granite.core.GraniteActivity} origActivity=null realActivity=ComponentInfo{viva.republica.toss.test/viva.republica.toss.test.MiniAppSchemeActivity} numActivities=2 lastActiveTime=117911250 supportsMultiWindow=true resizeMode=1 isResizeable=true minWidth=-1 minHeight=-1 defaultMinSize=220 token=WCT{android.window.IWindowContainerToken$Stub$Proxy@510bb79} topActivityType=1 pictureInPictureParams=null shouldDockBigOverlays=false launchIntoPipHostTaskId=-1 lastParentTaskIdBeforePip=-1 displayCutoutSafeInsets=Rect(0, 0 - 0, 0) topActivityInfo=ActivityInfo{9d4e0be im.toss.rn.granite.core.GraniteActivity} launchCookies=[] positionInParent=Point(0, 0) parentTaskId=-1 isFocused=true isVisible=true isVisibleRequested=true isTopActivityNoDisplay=false isSleeping=false locusId=null displayAreaFeatureId=1 isTopActivityTransparent=false isActivityStackTransparent=false lastNonFullscreenBounds=Rect(284, 660 - 796, 1740) capturedLink=null capturedLinkTimestamp=0 requestedVisibleTypes=-9 topActivityRequestOpenInBrowserEducationTimestamp=0 appCompatTaskInfo=AppCompatTaskInfo { topActivityInSizeCompat=false eligibleForLetterboxEducation= false isLetterboxEducationEnabled= true isLetterboxDoubleTapEnabled= false eligibleForUserAspectRatioButton= false topActivityBoundsLetterboxed= false isFromLetterboxDoubleTap= false topActivityLetterboxVerticalPosition= -1 topActivityLetterboxHorizontalPosition= -1 topActivityLetterboxWidth=-1 topActivityLetterboxHeight=-1 topActivityAppBounds=Rect(0, 0 - 1080, 2400) isUserFullscreenOverrideEnabled=false isSystemFullscreenOverrideEnabled=false hasMinAspectRatioOverride=false topActivityLetterboxBounds=null cameraCompatTaskInfo=CameraCompatTaskInfo { freeformCameraCompatMode=inactive}} topActivityMainWindowFrame=null}, pipChange = null, remoteTransition = null, displayChange = null, flags = 0, debugId = 1135 }
02-19 22:07:17.423  4449  4467 D ShellSplitScreen: logExit: no-op, mLoggerSessionId is null
02-19 22:07:17.425   531   548 I BpBinder: onLastStrongRef automatically unlinking death recipients: 
02-19 22:07:17.440  4449  4467 V WindowManagerShell: Transition animation finished (aborted=false), notifying core (#1134) android.os.BinderProxy@4c9e71a@0
02-19 22:07:17.457   752   794 V WindowManager: Finish Transition (#1134): created at 02-19 22:07:16.652 collect-started=0.157ms request-sent=21.955ms started=27.199ms ready=57.781ms sent=416.486ms commit=67.633ms finished=791.231ms
02-19 22:07:17.457  4449  4467 V WindowManagerShell: Track 0 became idle
02-19 22:07:17.527   752  2375 W OptProp : Cannot read opt property android.window.PROPERTY_COMPAT_ENABLE_FAKE_FOCUS
02-19 22:07:17.551   752  1095 D BackgroundInstallControlService: Package event received: 0
02-19 22:07:17.566   752  1095 D BackgroundInstallControlService: Package event received: 0
02-19 22:07:17.581   752  1095 D BackgroundInstallControlService: Package event received: 0
02-19 22:07:17.806  6650  6767 W okhttp.OkHttpClient: A connection to http://localhost:8081/ was leaked. Did you forget to close a response body? To see where this was allocated, set the OkHttpClient logger level to FINE: Logger.getLogger(OkHttpClient.class.getName()).setLevel(Level.FINE);
02-19 22:07:17.860  6650  6650 W unknown:ReactRootView: Unable to update root layout specs for uninitialized ReactInstanceManager
02-19 22:07:18.312   752  2375 D CoreBackPreview: Window{e453a3d u0 viva.republica.toss.test/im.toss.rn.granite.core.GraniteActivity}: Setting back callback OnBackInvokedCallbackInfo{mCallback=android.window.IOnBackInvokedCallback$Stub$Proxy@7e3ab83, mPriority=0, mIsAnimationCallback=false, mOverrideBehavior=0}
02-19 22:07:18.445  4449   614 V WindowManagerShell: onTransitionReady(transaction=3229815438968)
02-19 22:07:18.446  4449  4467 V WindowManagerShell: onTransitionReady (#1135) android.os.BinderProxy@9ab040: {id=1135 t=OPEN f=0x0 trk=1 r=[0@Point(0, 0)] c=[
02-19 22:07:18.446  4449  4467 V WindowManagerShell:         {m=OPEN f=FILLS_TASK leash=Surface(name=ActivityRecord{22165999 u0 viva.republica.toss.test/im.toss.rn.granite.core.GraniteActivity)/@0xd11c51f sb=Rect(0, 0 - 0, 0) eb=Rect(0, 0 - 1080, 2400) epz=Point(1080, 2400) d=-1->0 r=-1->0:-1 bc=ffffffff component=viva.republica.toss.test/im.toss.rn.granite.core.GraniteActivity},
02-19 22:07:18.446  4449  4467 V WindowManagerShell:         {m=CLOSE f=TRANSLUCENT|FILLS_TASK leash=Surface(name=ActivityRecord{22776865 u0 viva.republica.toss.test/.MiniAppSchemeActivity)/@0xf9a906c sb=Rect(0, 0 - 1080, 2400) eb=Rect(0, 0 - 1080, 2400) epz=Point(1080, 2400) d=0 bc=ffffffff component=viva.republica.toss.test/.MiniAppSchemeActivity},
02-19 22:07:18.446  4449  4467 V WindowManagerShell:         {m=TO_BACK f=SHOW_WALLPAPER leash=Surface(name=Task=1)/@0xc589635 sb=Rect(0, 0 - 1080, 2400) eb=Rect(0, 0 - 1080, 2400) epz=Point(1080, 2400) d=0 taskParent=-1},
02-19 22:07:18.446  4449  4467 V WindowManagerShell:         {m=TO_BACK f=IS_WALLPAPER leash=Surface(name=WallpaperWindowToken{35e0c0f showWhenLocked=false})/@0x17a4aca sb=Rect(0, 0 - 1080, 2400) eb=Rect(0, 0 - 1080, 2400) epz=Point(1080, 2400) d=0}
02-19 22:07:18.446  4449  4467 V WindowManagerShell:     ]}
02-19 22:07:18.446  4449  4467 V WindowManagerShell: Playing animation for (#1135) android.os.BinderProxy@9ab040@1
02-19 22:07:18.447  4449  4467 V ShellRecents: RecentsTransitionHandler.startAnimation: no controller found
02-19 22:07:18.449  4449  4467 V WindowManagerShell: Transition doesn't have explicit remote, search filters for match for {id=1135 t=OPEN f=0x0 trk=1 r=[0@Point(0, 0)] c=[{m=OPEN f=FILLS_TASK leash=Surface(name=ActivityRecord{22165999 u0 viva.republica.toss.test/im.toss.rn.granite.core.GraniteActivity)/@0xd11c51f sb=Rect(0, 0 - 0, 0) eb=Rect(0, 0 - 1080, 2400) epz=Point(1080, 2400) d=-1->0 r=-1->0:-1 bc=ffffffff component=viva.republica.toss.test/im.toss.rn.granite.core.GraniteActivity},{m=CLOSE f=TRANSLUCENT|FILLS_TASK leash=Surface(name=ActivityRecord{22776865 u0 viva.republica.toss.test/.MiniAppSchemeActivity)/@0xf9a906c sb=Rect(0, 0 - 1080, 2400) eb=Rect(0, 0 - 1080, 2400) epz=Point(1080, 2400) d=0 bc=ffffffff component=viva.republica.toss.test/.MiniAppSchemeActivity},{m=TO_BACK f=SHOW_WALLPAPER leash=Surface(name=Task=1)/@0xc589635 sb=Rect(0, 0 - 1080, 2400) eb=Rect(0, 0 - 1080, 2400) epz=Point(1080, 2400) d=0 taskParent=-1},{m=TO_BACK f=IS_WALLPAPER leash=Surface(name=WallpaperWindowToken{35e0c0f showWhenLocked=false})/@0x17a4aca sb=Rect(0, 0 - 1080, 2400) eb=Rect(0, 0 - 1080, 2400) epz=Point(1080, 2400) d=0}]}
02-19 22:07:18.449  4449  4467 V WindowManagerShell:  Checking filter Pair{{types=[] flags=0x0] notFlags=0x0 checks=[{atype=undefined independent=true modes=[CLOSE,TO_BACK] flags=IN_TASK_WITH_EMBEDDED_ACTIVITY mustBeTask=false order=ANY topActivity=null launchCookie=null taskFragmentToken=android.os.BinderProxy@71546f0 windowingMode=undefined}]} RemoteTransition { remoteTransition = android.window.IRemoteTransition$Stub$Proxy@d4c8469, appThread = android.app.IApplicationThread$Stub$Proxy@c228eee, debugName = overlayBackTransition }}
02-19 22:07:18.450  4449  4467 V WindowManagerShell:  Checking filter Pair{{types=[] flags=0x0] notFlags=0x0 checks=[{atype=dream independent=true modes=[OPEN,TO_FRONT] flags=NONE mustBeTask=false order=ANY topActivity=null launchCookie=null windowingMode=undefined},{atype=home independent=true modes=[CLOSE,TO_BACK] flags=NONE mustBeTask=false order=ANY topActivity=null launchCookie=null windowingMode=undefined}]} RemoteTransition { remoteTransition = android.window.IRemoteTransition$Stub$Proxy@c578f8f, appThread = android.app.IApplicationThread$Stub$Proxy@69fe21c, debugName = LauncherToDream }}
02-19 22:07:18.450  4449  4467 V WindowManagerShell:  Checking filter Pair{{types=[] flags=0x0] notFlags=0x100 checks=[{atype=home independent=true modes=[OPEN,TO_FRONT] flags=NONE mustBeTask=false order=TOP topActivity=ComponentInfo{com.google.android.apps.nexuslauncher/com.google.android.apps.nexuslauncher.NexusLauncherActivity} launchCookie=null windowingMode=undefined},{atype=standard independent=true modes=[CLOSE,TO_BACK] flags=NONE mustBeTask=false order=ANY topActivity=null launchCookie=null windowingMode=undefined},{NOT atype=undefined independent=true modes=[] flags=NONE mustBeTask=true order=ANY topActivity=null launchCookie=null customAnim=true windowingMode=undefined}]} RemoteTransition { remoteTransition = android.window.IRemoteTransition$Stub$Proxy@69ffe25, appThread = android.app.IApplicationThread$Stub$Proxy@72cabfa, debugName = QuickstepLaunchHome }}
02-19 22:07:18.451  4449  4467 V WindowManagerShell:  Checking filter Pair{{types=[] flags=0x0] notFlags=0x0 checks=[{atype=undefined independent=true modes=[CLOSE,TO_BACK] flags=IN_TASK_WITH_EMBEDDED_ACTIVITY mustBeTask=false order=ANY topActivity=null launchCookie=null taskFragmentToken=android.os.BinderProxy@71546f0 windowingMode=undefined}]} RemoteTransition { remoteTransition = android.window.IRemoteTransition$Stub$Proxy@7c795ab, appThread = android.app.IApplicationThread$Stub$Proxy@cd70408, debugName = overlayBackTransition }}
02-19 22:07:18.468  4449  4467 V WindowManagerShell:  Checking filter Pair{{types=[] flags=0x0] notFlags=0x0 checks=[{atype=dream independent=true modes=[OPEN,TO_FRONT] flags=NONE mustBeTask=false order=ANY topActivity=null launchCookie=null windowingMode=undefined},{atype=home independent=true modes=[CLOSE,TO_BACK] flags=NONE mustBeTask=false order=ANY topActivity=null launchCookie=null windowingMode=undefined}]} RemoteTransition { remoteTransition = android.window.IRemoteTransition$Stub$Proxy@f757a1, appThread = android.app.IApplicationThread$Stub$Proxy@d898dc6, debugName = LauncherToDream }}
02-19 22:07:18.469  4449  4467 V WindowManagerShell:  Checking filter Pair{{types=[] flags=0x0] notFlags=0x100 checks=[{atype=home independent=true modes=[OPEN,TO_FRONT] flags=NONE mustBeTask=false order=TOP topActivity=ComponentInfo{com.google.android.apps.nexuslauncher/com.google.android.apps.nexuslauncher.NexusLauncherActivity} launchCookie=null windowingMode=undefined},{atype=standard independent=true modes=[CLOSE,TO_BACK] flags=NONE mustBeTask=false order=ANY topActivity=null launchCookie=null windowingMode=undefined},{NOT atype=undefined independent=true modes=[] flags=NONE mustBeTask=true order=ANY topActivity=null launchCookie=null customAnim=true windowingMode=undefined}]} RemoteTransition { remoteTransition = android.window.IRemoteTransition$Stub$Proxy@9e7e187, appThread = android.app.IApplicationThread$Stub$Proxy@3dc58b4, debugName = QuickstepLaunchHome }}
02-19 22:07:18.470  4449  4467 V WindowManagerShell:  Delegate animation for (#1135) to null
02-19 22:07:18.471  4449  4467 V WindowManagerShell: start default transition animation, info = {id=1135 t=OPEN f=0x0 trk=1 r=[0@Point(0, 0)] c=[{m=OPEN f=FILLS_TASK leash=Surface(name=ActivityRecord{22165999 u0 viva.republica.toss.test/im.toss.rn.granite.core.GraniteActivity)/@0xd11c51f sb=Rect(0, 0 - 0, 0) eb=Rect(0, 0 - 1080, 2400) epz=Point(1080, 2400) d=-1->0 r=-1->0:-1 bc=ffffffff component=viva.republica.toss.test/im.toss.rn.granite.core.GraniteActivity},{m=CLOSE f=TRANSLUCENT|FILLS_TASK leash=Surface(name=ActivityRecord{22776865 u0 viva.republica.toss.test/.MiniAppSchemeActivity)/@0xf9a906c sb=Rect(0, 0 - 1080, 2400) eb=Rect(0, 0 - 1080, 2400) epz=Point(1080, 2400) d=0 bc=ffffffff component=viva.republica.toss.test/.MiniAppSchemeActivity},{m=TO_BACK f=SHOW_WALLPAPER leash=Surface(name=Task=1)/@0xc589635 sb=Rect(0, 0 - 1080, 2400) eb=Rect(0, 0 - 1080, 2400) epz=Point(1080, 2400) d=0 taskParent=-1},{m=TO_BACK f=IS_WALLPAPER leash=Surface(name=WallpaperWindowToken{35e0c0f showWhenLocked=false})/@0x17a4aca sb=Rect(0, 0 - 1080, 2400) eb=Rect(0, 0 - 1080, 2400) epz=Point(1080, 2400) d=0}]}
02-19 22:07:18.473  4449  4467 V WindowManagerShell: loadAnimation: anim=android.view.animation.AnimationSet@60960b1 animAttr=0x13 type=OPEN isEntrance=false
02-19 22:07:18.473  4449  4467 V WindowManagerShell: loadAnimation: anim=android.view.animation.AnimationSet@75a4996 animAttr=0x13 type=OPEN isEntrance=false
02-19 22:07:18.479   752   794 I ActivityTaskManager: Displayed viva.republica.toss.test/im.toss.rn.granite.core.GraniteActivity for user 0: +1s61ms
02-19 22:07:18.480   752   794 V WindowManager: Sent Transition (#1135) createdAt=02-19 22:07:17.385 via request=TransitionRequestInfo { type = OPEN, triggerTask = TaskInfo{userId=0 taskId=187 effectiveUid=10217 displayId=0 isRunning=true baseIntent=Intent { act=android.intent.action.VIEW dat=intoss://takealook/... flg=0x10000000 pkg=viva.republica.toss.test cmp=viva.republica.toss.test/.MiniAppSchemeActivity } baseActivity=ComponentInfo{viva.republica.toss.test/viva.republica.toss.test.MiniAppSchemeActivity} topActivity=ComponentInfo{viva.republica.toss.test/im.toss.rn.granite.core.GraniteActivity} origActivity=null realActivity=ComponentInfo{viva.republica.toss.test/viva.republica.toss.test.MiniAppSchemeActivity} numActivities=2 lastActiveTime=117911250 supportsMultiWindow=true resizeMode=1 isResizeable=true minWidth=-1 minHeight=-1 defaultMinSize=220 token=WCT{RemoteToken{22ec3cd Task{b32e846 #187 type=standard A=10217:viva.republica.toss.test}}} topActivityType=1 pictureInPictureParams=null shouldDockBigOverlays=false launchIntoPipHostTaskId=-1 lastParentTaskIdBeforePip=-1 displayCutoutSafeInsets=Rect(0, 0 - 0, 0) topActivityInfo=ActivityInfo{f507fb im.toss.rn.granite.core.GraniteActivity} launchCookies=[] positionInParent=Point(0, 0) parentTaskId=-1 isFocused=true isVisible=true isVisibleRequested=true isTopActivityNoDisplay=false isSleeping=false locusId=null displayAreaFeatureId=1 isTopActivityTransparent=false isActivityStackTransparent=false lastNonFullscreenBounds=Rect(284, 660 - 796, 1740) capturedLink=null capturedLinkTimestamp=0 requestedVisibleTypes=-9 topActivityRequestOpenInBrowserEducationTimestamp=0 appCompatTaskInfo=AppCompatTaskInfo { topActivityInSizeCompat=false eligibleForLetterboxEducation= false isLetterboxEducationEnabled= true isLetterboxDoubleTapEnabled= false eligibleForUserAspectRatioButton= false topActivityBoundsLetterboxed= false isFromLetterboxDoubleTap= false topActivityLetterboxVerticalPosition= -1 topActivityLetterboxHorizontalPosition= -1 topActivityLetterboxWidth=-1 topActivityLetterboxHeight=-1 topActivityAppBounds=Rect(0, 0 - 1080, 2400) isUserFullscreenOverrideEnabled=false isSystemFullscreenOverrideEnabled=false hasMinAspectRatioOverride=false topActivityLetterboxBounds=null cameraCompatTaskInfo=CameraCompatTaskInfo { freeformCameraCompatMode=inactive}} topActivityMainWindowFrame=null}, pipChange = null, remoteTransition = null, displayChange = null, flags = 0, debugId = 1135 }
02-19 22:07:18.480   752   794 V WindowManager:     startWCT=WindowContainerTransaction { changes= {} hops= [] errorCallbackToken=null taskFragmentOrganizer=null }
02-19 22:07:18.480  4449  4467 V WindowManagerShell: loadAnimation: anim=android.view.animation.AnimationSet@b696922 animAttr=0x12 type=OPEN isEntrance=true
02-19 22:07:18.481   752   794 V WindowManager:     info={id=1135 t=OPEN f=0x0 trk=1 r=[0@Point(0, 0)] c=[
02-19 22:07:18.481   752   794 V WindowManager:         {m=OPEN f=FILLS_TASK leash=Surface(name=ActivityRecord{22165999 u0 viva.republica.toss.test/im.toss.rn.granite.core.GraniteActivity)/@0xb6e73f5 sb=Rect(0, 0 - 0, 0) eb=Rect(0, 0 - 1080, 2400) epz=Point(1080, 2400) d=-1->0 r=-1->0:-1 bc=ffffffff component=viva.republica.toss.test/im.toss.rn.granite.core.GraniteActivity},
02-19 22:07:18.481   752   794 V WindowManager:         {m=CLOSE f=TRANSLUCENT|FILLS_TASK leash=Surface(name=ActivityRecord{22776865 u0 viva.republica.toss.test/.MiniAppSchemeActivity)/@0x58a4d2c sb=Rect(0, 0 - 1080, 2400) eb=Rect(0, 0 - 1080, 2400) epz=Point(1080, 2400) d=0 bc=ffffffff component=viva.republica.toss.test/.MiniAppSchemeActivity},
02-19 22:07:18.481   752   794 V WindowManager:         {WCT{RemoteToken{5218fe8 Task{dd43522 #1 type=home}}} m=TO_BACK f=SHOW_WALLPAPER leash=Surface(name=Task=1)/@0x8ddbd2e sb=Rect(0, 0 - 1080, 2400) eb=Rect(0, 0 - 1080, 2400) epz=Point(1080, 2400) d=0 taskParent=-1},
02-19 22:07:18.481   752   794 V WindowManager:         {m=TO_BACK f=IS_WALLPAPER leash=Surface(name=WallpaperWindowToken{35e0c0f showWhenLocked=false})/@0x512f5be sb=Rect(0, 0 - 1080, 2400) eb=Rect(0, 0 - 1080, 2400) epz=Point(1080, 2400) d=0}
02-19 22:07:18.481   752   794 V WindowManager:     ]}
02-19 22:07:18.486  4449  4467 V WindowManagerShell:  animated by com.android.wm.shell.transition.DefaultTransitionHandler@f74d823
02-19 22:07:18.497  6650  6650 I Ads     : JS: The jsLoaded GMSG has been sent (https://googleads.g.doubleclick.net/mads/static/sdk/native/sdk-core-v40.html:1025)
02-19 22:07:18.506  6650  6830 D nativeloader: Load /data/app/~~NUQj-rdXzuicW-16SIRtKA==/viva.republica.toss.test-Si406wFvb_sqEA2GTBV6RQ==/lib/x86_64/libreactnativeblob.so using class loader ns clns-9 (caller=<unknown>): ok
02-19 22:07:18.516  6650  6650 I Choreographer: Skipped 44 frames!  The application may be doing too much work on its main thread.
02-19 22:07:18.705   752   989 I ImeTracker: viva.republica.toss.test:86195e0d: onRequestHide at ORIGIN_SERVER reason HIDE_UNSPECIFIED_WINDOW fromUser false
02-19 22:07:18.732 20022 20022 I GoogleInputMethodService: GoogleInputMethodService.onFinishInput():2043 
02-19 22:07:18.735 20022 20022 I Module  : DeviceLockedStatusModuleProvider$Module.updateDeviceLockedStatus():100 repeatCheckTimes = 0, locked = false
02-19 22:07:18.738   752  2375 I ImeTracker: system_server:41a14d99: onRequestHide at ORIGIN_SERVER reason IME_REQUESTED_CHANGED_LISTENER fromUser false
02-19 22:07:18.762 20022 20022 I GoogleInputMethodService: GoogleInputMethodService.onStartInput():1293 onStartInput(EditorInfo{EditorInfo{packageName=viva.republica.toss.test, inputType=0, inputTypeString=NULL, enableLearning=false, autoCorrection=false, autoComplete=false, imeOptions=0, privateImeOptions=null, actionName=UNSPECIFIED, actionLabel=null, initialSelStart=-1, initialSelEnd=-1, initialCapsMode=0, label=null, fieldId=0, fieldName=null, extras=null, hintText=null, hintLocales=[]}}, false)
02-19 22:07:18.763 20022 20022 I EmojiCompatManager: EmojiCompatManager.getEmojiCompatIfLoaded():343 EmojiCompat.init() was never called.
02-19 22:07:18.763 20022 20022 I EmojiCompatManager: java.lang.IllegalStateException: EmojiCompat is not initialized. Please call EmojiCompat.init() first
02-19 22:07:18.763 20022 20022 I EmojiCompatManager: 	at asx.p(PG:6)
02-19 22:07:18.763 20022 20022 I EmojiCompatManager: 	at axb.b(PG:13)
02-19 22:07:18.763 20022 20022 I EmojiCompatManager: 	at jnr.b(PG:2)
02-19 22:07:18.763 20022 20022 I EmojiCompatManager: 	at jnr.c(PG:4)
02-19 22:07:18.763 20022 20022 I EmojiCompatManager: 	at jnr.f(PG:3)
02-19 22:07:18.763 20022 20022 I EmojiCompatManager: 	at jnx.c(PG:3)
02-19 22:07:18.763 20022 20022 I EmojiCompatManager: 	at kif.cz(PG:47)
02-19 22:07:18.763 20022 20022 I EmojiCompatManager: 	at lhl.run(PG:1025)
02-19 22:07:18.763 20022 20022 I EmojiCompatManager: 	at jaf.execute(PG:12)
02-19 22:07:18.763 20022 20022 I EmojiCompatManager: 	at nco.v(PG:13)
02-19 22:07:18.763 20022 20022 I EmojiCompatManager: 	at lhn.m(PG:96)
02-19 22:07:18.763 20022 20022 I EmojiCompatManager: 	at lhn.k(PG:25)
02-19 22:07:18.763 20022 20022 I EmojiCompatManager: 	at kgn.onStartInput(PG:250)
02-19 22:07:18.763 20022 20022 I EmojiCompatManager: 	at android.inputmethodservice.InputMethodService.doStartInput(InputMethodService.java:3521)
02-19 22:07:18.763 20022 20022 I EmojiCompatManager: 	at android.inputmethodservice.InputMethodService$InputMethodImpl.startInput(InputMethodService.java:879)
02-19 22:07:18.763 20022 20022 I EmojiCompatManager: 	at android.inputmethodservice.InputMethodService$InputMethodImpl.dispatchStartInput(InputMethodService.java:908)
02-19 22:07:18.763 20022 20022 I EmojiCompatManager: 	at android.inputmethodservice.IInputMethodWrapper.executeMessage(IInputMethodWrapper.java:201)
02-19 22:07:18.763 20022 20022 I EmojiCompatManager: 	at com.android.internal.os.HandlerCaller$MyHandler.handleMessage(HandlerCaller.java:44)
02-19 22:07:18.763 20022 20022 I EmojiCompatManager: 	at android.os.Handler.dispatchMessage(Handler.java:110)
02-19 22:07:18.763 20022 20022 I EmojiCompatManager: 	at android.os.Looper.loopOnce(Looper.java:248)
02-19 22:07:18.763 20022 20022 I EmojiCompatManager: 	at android.os.Looper.loop(Looper.java:338)
02-19 22:07:18.763 20022 20022 I EmojiCompatManager: 	at android.app.ActivityThread.main(ActivityThread.java:9067)
02-19 22:07:18.763 20022 20022 I EmojiCompatManager: 	at java.lang.reflect.Method.invoke(Native Method)
02-19 22:07:18.763 20022 20022 I EmojiCompatManager: 	at com.android.internal.os.RuntimeInit$MethodAndArgsCaller.run(RuntimeInit.java:593)
02-19 22:07:18.763 20022 20022 I EmojiCompatManager: 	at com.android.internal.os.ZygoteInit.main(ZygoteInit.java:932)
02-19 22:07:18.766 20022 20022 I Module  : DeviceLockedStatusModuleProvider$Module.updateDeviceLockedStatus():100 repeatCheckTimes = 1, locked = false
02-19 22:07:18.773   752   780 W PackageConfigPersister: App-specific configuration not found for packageName: viva.republica.toss.test and userId: 0
02-19 22:07:18.776  6650  6650 D InsetsController: hide(ime(), fromIme=false)
02-19 22:07:18.779  6650  6650 I ImeTracker: viva.republica.toss.test:86195e0d: onCancelled at PHASE_CLIENT_ALREADY_HIDDEN
02-19 22:07:18.786  6650  6873 W unknown:ReconnectingWebSocket: Couldn't connect to "ws://10.0.2.2:8081/message?device=sdk_gphone64_x86_64%20-%2016%20-%20API%2036&app=viva.republica.toss.test&clientid=BridgeDevSupportManager", will silently retry
02-19 22:07:18.793  6650  6872 W unknown:InspectorPackagerConnection: Couldn't connect to packager, will silently retry
02-19 22:07:18.806  4449  4467 V WindowManagerShell: Transition animation finished (aborted=false), notifying core (#1135) android.os.BinderProxy@9ab040@1
02-19 22:07:18.814   752   797 I ImeTracker: system_server:41a14d99: onCancelled at PHASE_SERVER_SHOULD_HIDE
02-19 22:07:18.827   752   794 V WindowManager: Finish Transition (#1135): created at 02-19 22:07:17.385 collect-started=0.17ms request-sent=27.406ms started=38.74ms ready=163.004ms sent=1057.315ms commit=79.734ms finished=1433.658ms
02-19 22:07:18.836  6650  6650 D VRI[MiniAppSchemeActivity]: visibilityChanged oldVisibility=true newVisibility=false
02-19 22:07:18.845  4449  4467 V WindowManagerShell: Track 1 became idle
02-19 22:07:18.845  4449  4467 V WindowManagerShell: All active transition animations finished
02-19 22:07:18.855 19166 19166 D VRI[NexusLauncherActivity]: visibilityChanged oldVisibility=true newVisibility=false
02-19 22:07:18.858 19166 19166 D NexusLauncherModelDelegate: notifySmartspaceEvent: SmartspaceTargetEvent{mSmartspaceTarget=null, mSmartspaceActionId='null', mEventType=7}
02-19 22:07:18.915   752   969 D ActivityManager: freezing 19378 com.google.android.webview:webview_service
02-19 22:07:18.922 19166 19166 D BaseDepthController: setSurface:
02-19 22:07:18.922 19166 19166 D BaseDepthController: 	mWaitingOnSurfaceValidity: false
02-19 22:07:18.922 19166 19166 D BaseDepthController: 	mBaseSurface: null
02-19 22:07:18.934 19166 19166 D BaseDepthController: mSurface is null and mCurrentBlur is: 0
02-19 22:07:18.935  6650  6650 W WindowOnBackDispatcher: sendCancelIfRunning: isInProgress=false callback=android.view.ViewRootImpl$$ExternalSyntheticLambda13@9f43640
02-19 22:07:18.936 19166 19166 D StateManager: goToState - fromState: Normal, toState: Normal, partial trace:
02-19 22:07:18.936 19166 19166 D StateManager: 	at com.android.launcher3.statemanager.StateManager.moveToRestState(go/retraceme 72a59688580715d19f0e415c69e80376c2f062d1648c80db6730905005a27c20:4)
02-19 22:07:18.936 19166 19166 D StateManager: 	at com.android.launcher3.statemanager.StateManager.moveToRestState(go/retraceme 72a59688580715d19f0e415c69e80376c2f062d1648c80db6730905005a27c20:1)
02-19 22:07:18.936 19166 19166 D StateManager: 	at com.android.launcher3.statemanager.StatefulActivity.onStop(go/retraceme 72a59688580715d19f0e415c69e80376c2f062d1648c80db6730905005a27c20:34)
02-19 22:07:18.937 19166 19166 D StatsLog: LAUNCHER_ONSTOP
02-19 22:07:18.941  6650  6650 D ViewRootImpl: Skipping stats log for color mode
02-19 22:07:18.942 19166 19166 D StatsLog: LAUNCHER_GOOGLE_SEARCH_RESTORE_LIST_SIZE_AFTER_ACTIVITY_RESTART
02-19 22:07:18.950   752  1856 E TaskPersister: File error accessing recents directory (directory doesn't exist?).
02-19 22:07:18.970   752  1456 W WindowManager: Failed looking up window session=Session{cbac06d 6650:u0a10217} callers=com.android.server.wm.WindowManagerService.windowForClientLocked:6410 com.android.server.wm.Session.setOnBackInvokedCallbackInfo:1002 android.view.IWindowSession$Stub.onTransact:1156 
02-19 22:07:18.971   752  1456 I WindowManager: setOnBackInvokedCallback(): No window state for package:viva.republica.toss.test
02-19 22:07:18.974   752  1029 D InetDiagMessage: Destroyed 0 sockets, proto=IPPROTO_TCP, family=AF_INET, states=14
02-19 22:07:18.974   752  1029 D InetDiagMessage: Destroyed 0 sockets, proto=IPPROTO_TCP, family=AF_INET6, states=14
02-19 22:07:18.975   752  1029 D InetDiagMessage: Destroyed live tcp sockets for uids={10168} in 1ms
02-19 22:07:18.980  6650  6650 E unknown:ReactRootView: Unhandled SoftException
02-19 22:07:18.980  6650  6650 E unknown:ReactRootView: com.facebook.react.uimanager.IllegalViewOperationException: Trying to attach a ReactRootView with an explicit id already set to [2131362676]. React Native uses the id field to track react tags and will overwrite this field. If that is fine, explicitly overwrite the id field to View.NO_ID.
02-19 22:07:18.980  6650  6650 E unknown:ReactRootView: 	at com.facebook.react.ReactRootView.attachToReactInstanceManager(:799)
02-19 22:07:18.980  6650  6650 E unknown:ReactRootView: 	at com.facebook.react.ReactRootView.startReactApplication(:509)
02-19 22:07:18.980  6650  6650 E unknown:ReactRootView: 	at com.facebook.react.ReactRootView.startReactApplication(:469)
02-19 22:07:18.980  6650  6650 E unknown:ReactRootView: 	at im.toss.rn.granite.core.GraniteActivity.write(:486)
02-19 22:07:18.980  6650  6650 E unknown:ReactRootView: 	at im.toss.rn.granite.core.GraniteActivity.RemoteActionCompatParcelizer(:124)
02-19 22:07:18.980  6650  6650 E unknown:ReactRootView: 	at im.toss.rn.granite.core.GraniteActivity$RemoteActionCompatParcelizer.IconCompatParcelizer(:65353)
02-19 22:07:18.980  6650  6650 E unknown:ReactRootView: 	at o.sh.a_(:33)
02-19 22:07:18.980  6650  6650 E unknown:ReactRootView: 	at o.xP.run(:100)
02-19 22:07:18.980  6650  6650 E unknown:ReactRootView: 	at android.os.Handler.handleCallback(Handler.java:995)
02-19 22:07:18.980  6650  6650 E unknown:ReactRootView: 	at android.os.Handler.dispatchMessage(Handler.java:103)
02-19 22:07:18.980  6650  6650 E unknown:ReactRootView: 	at android.os.Looper.loopOnce(Looper.java:248)
02-19 22:07:18.980  6650  6650 E unknown:ReactRootView: 	at android.os.Looper.loop(Looper.java:338)
02-19 22:07:18.980  6650  6650 E unknown:ReactRootView: 	at android.app.ActivityThread.main(ActivityThread.java:9067)
02-19 22:07:18.980  6650  6650 E unknown:ReactRootView: 	at java.lang.reflect.Method.invoke(Native Method)
02-19 22:07:18.980  6650  6650 E unknown:ReactRootView: 	at com.android.internal.os.RuntimeInit$MethodAndArgsCaller.run(RuntimeInit.java:593)
02-19 22:07:18.980  6650  6650 E unknown:ReactRootView: 	at com.android.internal.os.ZygoteInit.main(ZygoteInit.java:932)
02-19 22:07:18.980  6650  6650 E unknown:ReactNative: Unable to launch logbox because react was unable to create the root view
02-19 22:07:19.003   752  1095 D BackgroundInstallControlService: Package event received: 0
02-19 22:07:19.021   752  1246 W IPCThreadState: Sending oneway calls to frozen process.
02-19 22:07:19.068   752  1095 D BackgroundInstallControlService: Package event received: 0
02-19 22:07:19.085   752  2500 D CoreBackPreview: Window{b48af48 u0 PopupWindow:86ba473}: Setting back callback OnBackInvokedCallbackInfo{mCallback=android.window.IOnBackInvokedCallback$Stub$Proxy@9ad4b06, mPriority=0, mIsAnimationCallback=false, mOverrideBehavior=0}
02-19 22:07:19.250 19166 19172 W System  : A resource failed to call release. 
02-19 22:07:19.250 19166 19172 W System  : A resource failed to call release. 
02-19 22:07:19.251 19166 19172 W System  : A resource failed to call release. 
02-19 22:07:19.252 19166 19172 W System  : A resource failed to call release. 
02-19 22:07:19.255 19166 19172 W System  : A resource failed to call release. 
02-19 22:07:19.255 19166 19172 W System  : A resource failed to call release. 
02-19 22:07:19.384   752  1246 D CompatChangeReporter: Compat change id reported: 297989574; UID 10217; state: ENABLED
02-19 22:07:19.456  6650  6830 W unknown:ViewManagerPropertyUpdater: Could not find generated setter for class com.facebook.react.views.traceupdateoverlay.TraceUpdateOverlayManager
02-19 22:07:19.508  6650  6830 W unknown:ViewManagerPropertyUpdater: Could not find generated setter for class com.facebook.react.uimanager.LayoutShadowNode
02-19 22:07:19.530  6650  6830 W unknown:ViewManagerPropertyUpdater: Could not find generated setter for class com.facebook.react.views.drawer.ReactDrawerLayoutManager
02-19 22:07:19.535  6650  6830 W unknown:ViewManagerPropertyUpdater: Could not find generated setter for class com.facebook.react.views.scroll.ReactHorizontalScrollViewManager
02-19 22:07:19.550   752  1856 E TaskPersister: File error accessing recents directory (directory doesn't exist?).
02-19 22:07:19.557  6650  6830 W unknown:ViewManagerPropertyUpdater: Could not find generated setter for class com.facebook.react.views.scroll.ReactHorizontalScrollContainerViewManager
02-19 22:07:19.563  6650  6830 W unknown:ViewManagerPropertyUpdater: Could not find generated setter for class com.facebook.react.views.progressbar.ReactProgressBarViewManager
02-19 22:07:19.565  6650  6830 W unknown:ViewManagerPropertyUpdater: Could not find generated setter for class com.facebook.react.views.progressbar.ProgressBarShadowNode
02-19 22:07:19.568  6650  6830 W unknown:ViewManagerPropertyUpdater: Could not find generated setter for class com.facebook.react.views.scroll.ReactScrollViewManager
02-19 22:07:19.573  6650  6830 W unknown:ViewManagerPropertyUpdater: Could not find generated setter for class com.facebook.react.views.switchview.ReactSwitchManager
02-19 22:07:19.576  6650  6830 W unknown:ViewManagerPropertyUpdater: Could not find generated setter for class com.facebook.react.views.switchview.ReactSwitchManager$ReactSwitchShadowNode
02-19 22:07:19.577  6650  6830 W unknown:ViewManagerPropertyUpdater: Could not find generated setter for class com.facebook.react.views.swiperefresh.SwipeRefreshLayoutManager
02-19 22:07:19.580  6650  6830 W unknown:ViewManagerPropertyUpdater: Could not find generated setter for class com.facebook.react.views.text.frescosupport.FrescoBasedReactTextInlineImageViewManager
02-19 22:07:19.581  6650  6830 W unknown:ViewManagerPropertyUpdater: Could not find generated setter for class com.facebook.react.views.text.frescosupport.FrescoBasedReactTextInlineImageShadowNode
02-19 22:07:19.582  6650  6830 W unknown:ViewManagerPropertyUpdater: Could not find generated setter for class com.facebook.react.views.image.ReactImageManager
02-19 22:07:19.583  6650  6830 W unknown:ViewManagerPropertyUpdater: Could not find generated setter for class com.facebook.react.views.modal.ReactModalHostManager
02-19 22:07:19.584  6650  6830 W unknown:ViewManagerPropertyUpdater: Could not find generated setter for class com.facebook.react.views.modal.ModalHostShadowNode
02-19 22:07:19.585  6650  6830 W unknown:ViewManagerPropertyUpdater: Could not find generated setter for class com.facebook.react.views.text.ReactRawTextManager
02-19 22:07:19.586  6650  6830 W unknown:ViewManagerPropertyUpdater: Could not find generated setter for class com.facebook.react.views.text.ReactRawTextShadowNode
02-19 22:07:19.586  6650  6830 W unknown:ViewManagerPropertyUpdater: Could not find generated setter for class com.facebook.react.views.textinput.ReactTextInputManager
02-19 22:07:19.589  6650  6830 W unknown:ViewManagerPropertyUpdater: Could not find generated setter for class com.facebook.react.views.textinput.ReactTextInputShadowNode
02-19 22:07:19.591  6650  6830 W unknown:ViewManagerPropertyUpdater: Could not find generated setter for class com.facebook.react.views.text.ReactTextViewManager
02-19 22:07:19.591  6650  6830 W unknown:ViewManagerPropertyUpdater: Could not find generated setter for class com.facebook.react.views.text.ReactTextShadowNode
02-19 22:07:19.592  6650  6830 W unknown:ViewManagerPropertyUpdater: Could not find generated setter for class com.facebook.react.views.view.ReactViewManager
02-19 22:07:19.598  6650  6830 W unknown:ViewManagerPropertyUpdater: Could not find generated setter for class com.facebook.react.views.text.ReactVirtualTextViewManager
02-19 22:07:19.602  6650  6830 W unknown:ViewManagerPropertyUpdater: Could not find generated setter for class com.facebook.react.views.text.ReactVirtualTextShadowNode
02-19 22:07:19.603  6650  6830 W unknown:ViewManagerPropertyUpdater: Could not find generated setter for class com.facebook.react.views.unimplementedview.ReactUnimplementedViewManager
