--------- beginning of system
02-19 22:07:13.183  4449  4467 V WindowManagerShell: onTransitionReady (#1132) android.os.BinderProxy@447c955: {id=1132 t=CLOSE f=0x0 trk=0 r=[0@Point(0, 0)] c=[
02-19 22:07:13.183  4449  4467 V WindowManagerShell:         {m=TO_FRONT f=SHOW_WALLPAPER|MOVE_TO_TOP leash=Surface(name=Task=1)/@0x634cc5b sb=Rect(0, 0 - 1080, 2400) eb=Rect(0, 0 - 1080, 2400) epz=Point(1080, 2400) d=0 taskParent=-1},
02-19 22:07:13.183  4449  4467 V WindowManagerShell:         {m=CLOSE f=NONE leash=Surface(name=Task=186)/@0x420ecf8 sb=Rect(0, 0 - 1080, 2400) eb=Rect(0, 0 - 1080, 2400) epz=Point(1080, 2400) d=0 taskParent=-1},
02-19 22:07:13.183  4449  4467 V WindowManagerShell:         {m=TO_FRONT f=IS_WALLPAPER leash=Surface(name=WallpaperWindowToken{35e0c0f showWhenLocked=false})/@0xa08a5d1 sb=Rect(0, 0 - 1080, 2400) eb=Rect(0, 0 - 1080, 2400) epz=Point(1080, 2400) d=0}
02-19 22:07:13.183  4449  4467 V WindowManagerShell:     ]}
02-19 22:07:13.185  4449  4467 V WindowManagerShell: Playing animation for (#1132) android.os.BinderProxy@447c955@0
02-19 22:07:13.185  4449  4467 V ShellRecents: RecentsTransitionHandler.startAnimation: no controller found
02-19 22:07:13.185  4449  4467 V WindowManagerShell: Transition doesn't have explicit remote, search filters for match for {id=1132 t=CLOSE f=0x0 trk=0 r=[0@Point(0, 0)] c=[{m=TO_FRONT f=SHOW_WALLPAPER|MOVE_TO_TOP leash=Surface(name=Task=1)/@0x634cc5b sb=Rect(0, 0 - 1080, 2400) eb=Rect(0, 0 - 1080, 2400) epz=Point(1080, 2400) d=0 taskParent=-1},{m=CLOSE f=NONE leash=Surface(name=Task=186)/@0x420ecf8 sb=Rect(0, 0 - 1080, 2400) eb=Rect(0, 0 - 1080, 2400) epz=Point(1080, 2400) d=0 taskParent=-1},{m=TO_FRONT f=IS_WALLPAPER leash=Surface(name=WallpaperWindowToken{35e0c0f showWhenLocked=false})/@0xa08a5d1 sb=Rect(0, 0 - 1080, 2400) eb=Rect(0, 0 - 1080, 2400) epz=Point(1080, 2400) d=0}]}
02-19 22:07:13.185  4449  4467 V WindowManagerShell:  Checking filter Pair{{types=[] flags=0x0] notFlags=0x0 checks=[{atype=undefined independent=true modes=[CLOSE,TO_BACK] flags=IN_TASK_WITH_EMBEDDED_ACTIVITY mustBeTask=false order=ANY topActivity=null launchCookie=null taskFragmentToken=android.os.BinderProxy@71546f0 windowingMode=undefined}]} RemoteTransition { remoteTransition = android.window.IRemoteTransition$Stub$Proxy@d4c8469, appThread = android.app.IApplicationThread$Stub$Proxy@c228eee, debugName = overlayBackTransition }}
02-19 22:07:13.185  4449  4467 V WindowManagerShell:  Checking filter Pair{{types=[] flags=0x0] notFlags=0x0 checks=[{atype=dream independent=true modes=[OPEN,TO_FRONT] flags=NONE mustBeTask=false order=ANY topActivity=null launchCookie=null windowingMode=undefined},{atype=home independent=true modes=[CLOSE,TO_BACK] flags=NONE mustBeTask=false order=ANY topActivity=null launchCookie=null windowingMode=undefined}]} RemoteTransition { remoteTransition = android.window.IRemoteTransition$Stub$Proxy@c578f8f, appThread = android.app.IApplicationThread$Stub$Proxy@69fe21c, debugName = LauncherToDream }}
02-19 22:07:13.186  4449  4467 V WindowManagerShell:  Checking filter Pair{{types=[] flags=0x0] notFlags=0x100 checks=[{atype=home independent=true modes=[OPEN,TO_FRONT] flags=NONE mustBeTask=false order=TOP topActivity=ComponentInfo{com.google.android.apps.nexuslauncher/com.google.android.apps.nexuslauncher.NexusLauncherActivity} launchCookie=null windowingMode=undefined},{atype=standard independent=true modes=[CLOSE,TO_BACK] flags=NONE mustBeTask=false order=ANY topActivity=null launchCookie=null windowingMode=undefined},{NOT atype=undefined independent=true modes=[] flags=NONE mustBeTask=true order=ANY topActivity=null launchCookie=null customAnim=true windowingMode=undefined}]} RemoteTransition { remoteTransition = android.window.IRemoteTransition$Stub$Proxy@69ffe25, appThread = android.app.IApplicationThread$Stub$Proxy@72cabfa, debugName = QuickstepLaunchHome }}
02-19 22:07:13.194  4449  4467 D RemoteTransitionHandler: Found filterPair{{types=[] flags=0x0] notFlags=0x100 checks=[{atype=home independent=true modes=[OPEN,TO_FRONT] flags=NONE mustBeTask=false order=TOP topActivity=ComponentInfo{com.google.android.apps.nexuslauncher/com.google.android.apps.nexuslauncher.NexusLauncherActivity} launchCookie=null windowingMode=undefined},{atype=standard independent=true modes=[CLOSE,TO_BACK] flags=NONE mustBeTask=false order=ANY topActivity=null launchCookie=null windowingMode=undefined},{NOT atype=undefined independent=true modes=[] flags=NONE mustBeTask=true order=ANY topActivity=null launchCookie=null customAnim=true windowingMode=undefined}]} RemoteTransition { remoteTransition = android.window.IRemoteTransition$Stub$Proxy@69ffe25, appThread = android.app.IApplicationThread$Stub$Proxy@72cabfa, debugName = QuickstepLaunchHome }}
02-19 22:07:13.194  4449  4467 V WindowManagerShell:  Delegate animation for (#1132) to RemoteTransition { remoteTransition = android.window.IRemoteTransition$Stub$Proxy@69ffe25, appThread = android.app.IApplicationThread$Stub$Proxy@72cabfa, debugName = QuickstepLaunchHome }
--------- beginning of main
02-19 22:07:13.213 19166 19166 D StateManager: createAtomicAnimation - fromState: Background, toState: Normal, partial trace:
02-19 22:07:13.213 19166 19166 D StateManager: 	at com.android.quickstep.util.ScalingWorkspaceRevealAnim.<init>(go/retraceme 72a59688580715d19f0e415c69e80376c2f062d1648c80db6730905005a27c20:39)
02-19 22:07:13.213 19166 19166 D StateManager: 	at com.android.launcher3.QuickstepTransitionManager.createWallpaperOpenAnimations(go/retraceme 72a59688580715d19f0e415c69e80376c2f062d1648c80db6730905005a27c20:168)
02-19 22:07:13.213 19166 19166 D StateManager: 	at com.android.launcher3.QuickstepTransitionManager$WallpaperOpenLauncherAnimationRunner.onAnimationStart(go/retraceme 72a59688580715d19f0e415c69e80376c2f062d1648c80db6730905005a27c20:17)
02-19 22:07:13.220 19166 19166 D b/311077782: LauncherAnimationRunner.setAnimation
02-19 22:07:13.229 19166 19190 W HWUI    : Image decoding logging dropped!
02-19 22:07:13.234   752   794 V WindowManager: Sent Transition (#1132) createdAt=02-19 22:07:12.943 via request=TransitionRequestInfo { type = CLOSE, triggerTask = TaskInfo{userId=0 taskId=186 effectiveUid=10217 displayId=0 isRunning=false baseIntent=Intent { act=android.intent.action.VIEW dat=intoss://takealook/... flg=0x10000000 cmp=viva.republica.toss.test/im.toss.rn.granite.core.GraniteActivity } baseActivity=null topActivity=null origActivity=null realActivity=ComponentInfo{viva.republica.toss.test/im.toss.rn.granite.core.GraniteActivity} numActivities=0 lastActiveTime=117901635 supportsMultiWindow=true resizeMode=1 isResizeable=true minWidth=-1 minHeight=-1 defaultMinSize=220 token=WCT{RemoteToken{5949191 Task{ba1e6b1 #186 type=standard A=10217:viva.republica.toss.test}}} topActivityType=1 pictureInPictureParams=null shouldDockBigOverlays=false launchIntoPipHostTaskId=-1 lastParentTaskIdBeforePip=-1 displayCutoutSafeInsets=Rect(0, 0 - 0, 0) topActivityInfo=null launchCookies=[] positionInParent=Point(0, 0) parentTaskId=-1 isFocused=true isVisible=true isVisibleRequested=true isTopActivityNoDisplay=false isSleeping=false locusId=null displayAreaFeatureId=1 isTopActivityTransparent=false isActivityStackTransparent=true lastNonFullscreenBounds=Rect(284, 660 - 796, 1740) capturedLink=null capturedLinkTimestamp=0 requestedVisibleTypes=-9 topActivityRequestOpenInBrowserEducationTimestamp=0 appCompatTaskInfo=AppCompatTaskInfo { topActivityInSizeCompat=false eligibleForLetterboxEducation= false isLetterboxEducationEnabled= false isLetterboxDoubleTapEnabled= false eligibleForUserAspectRatioButton= false topActivityBoundsLetterboxed= false isFromLetterboxDoubleTap= false topActivityLetterboxVerticalPosition= -1 topActivityLetterboxHorizontalPosition= -1 topActivityLetterboxWidth=-1 topActivityLetterboxHeight=-1 topActivityAppBounds=Rect(0, 0 - 0, 0) isUserFullscreenOverrideEnabled=false isSystemFullscreenOverrideEnabled=false hasMinAspectRatioOverride=false topActivityLetterboxBounds=null cameraCompatTaskInfo=CameraCompatTaskInfo { freeformCameraCompatMode=undefined}} topActivityMainWindowFrame=null}, pipChange = null, remoteTransition = null, displayChange = null, flags = 0, debugId = 1132 }
02-19 22:07:13.234   752   794 V WindowManager:     startWCT=WindowContainerTransaction { changes= {} hops= [] errorCallbackToken=null taskFragmentOrganizer=null }
02-19 22:07:13.234   752   794 V WindowManager:     info={id=1132 t=CLOSE f=0x0 trk=0 r=[0@Point(0, 0)] c=[
02-19 22:07:13.234   752   794 V WindowManager:         {WCT{RemoteToken{5218fe8 Task{dd43522 #1 type=home}}} m=TO_FRONT f=SHOW_WALLPAPER|MOVE_TO_TOP leash=Surface(name=Task=1)/@0x8ddbd2e sb=Rect(0, 0 - 1080, 2400) eb=Rect(0, 0 - 1080, 2400) epz=Point(1080, 2400) d=0 taskParent=-1},
02-19 22:07:13.234   752   794 V WindowManager:         {WCT{RemoteToken{5949191 Task{ba1e6b1 #186 type=standard A=10217:viva.republica.toss.test}}} m=CLOSE f=NONE leash=Surface(name=Task=186)/@0x506621b sb=Rect(0, 0 - 1080, 2400) eb=Rect(0, 0 - 1080, 2400) epz=Point(1080, 2400) d=0 taskParent=-1},
02-19 22:07:13.234   752   794 V WindowManager:         {m=TO_FRONT f=IS_WALLPAPER leash=Surface(name=WallpaperWindowToken{35e0c0f showWhenLocked=false})/@0x512f5be sb=Rect(0, 0 - 1080, 2400) eb=Rect(0, 0 - 1080, 2400) epz=Point(1080, 2400) d=0}
02-19 22:07:13.234   752   794 V WindowManager:     ]}
02-19 22:07:13.253  3453  6624 I gle.android.gms: AssetManager2(0x7d8fac43d678) locale list changing from [] to [en-US]
02-19 22:07:13.255  4449  4467 V WindowManagerShell:  animated by com.android.wm.shell.transition.RemoteTransitionHandler@ef09705
02-19 22:07:13.272   752   989 I ImeTracker: com.google.android.apps.nexuslauncher:b6429479: onRequestHide at ORIGIN_SERVER reason HIDE_UNSPECIFIED_WINDOW fromUser false
02-19 22:07:13.304  3453  6624 W ContextImpl: Failed to ensure /data/user/0/com.google.android.gsf/shared_prefs: mkdir failed: ENOENT (No such file or directory)
02-19 22:07:13.306  3453  6624 W ContextImpl: Failed to ensure /data/user/0/com.google.android.gsf/files: mkdir failed: ENOENT (No such file or directory)
02-19 22:07:13.307   752   795 W Looper  : Slow dispatch took 199ms android.ui app=system_server main=false group=TOP_APP h=com.android.server.am.ActivityManagerService$UiHandler c=com.android.server.am.UidObserverController$$ExternalSyntheticLambda0@6a2cd6d m=0
02-19 22:07:13.307  3453  6624 W FileUtils: Failed to chmod(/data/user/0/com.google.android.gsf/files): android.system.ErrnoException: chmod failed: ENOENT (No such file or directory)
02-19 22:07:13.309  3453  6624 E GoogleSettingsUtils: Cannot write token, exception in Context lookup [CONTEXT service_id=130 ]
02-19 22:07:13.309  3453  6624 E GoogleSettingsUtils: java.io.FileNotFoundException: /data/user/0/com.google.android.gsf/files/security_token: open failed: ENOENT (No such file or directory)
02-19 22:07:13.309  3453  6624 E GoogleSettingsUtils: 	at libcore.io.IoBridge.open(IoBridge.java:574)
02-19 22:07:13.309  3453  6624 E GoogleSettingsUtils: 	at java.io.FileOutputStream.<init>(FileOutputStream.java:259)
02-19 22:07:13.309  3453  6624 E GoogleSettingsUtils: 	at android.app.ContextImpl.openFileOutput(ContextImpl.java:794)
02-19 22:07:13.309  3453  6624 E GoogleSettingsUtils: 	at aywc.a(:com.google.android.gms@260438038@26.04.38 (260800-867839860):1738)
02-19 22:07:13.309  3453  6624 E GoogleSettingsUtils: 	at ayxm.a(:com.google.android.gms@260438038@26.04.38 (260800-867839860):824)
02-19 22:07:13.309  3453  6624 E GoogleSettingsUtils: 	at com.google.android.gms.checkin.CheckinIntentOperation.onHandleIntent(:com.google.android.gms@260438038@26.04.38 (260800-867839860):30)
02-19 22:07:13.309  3453  6624 E GoogleSettingsUtils: 	at com.google.android.chimera.IntentOperation.onHandleIntent(:com.google.android.gms@260438038@26.04.38 (260800-867839860):1)
02-19 22:07:13.309  3453  6624 E GoogleSettingsUtils: 	at azkt.onHandleIntent(:com.google.android.gms@260438038@26.04.38 (260800-867839860):84)
02-19 22:07:13.309  3453  6624 E GoogleSettingsUtils: 	at yyy.run(:com.google.android.gms@260438038@26.04.38 (260800-867839860):64)
02-19 22:07:13.309  3453  6624 E GoogleSettingsUtils: 	at yyx.run(:com.google.android.gms@260438038@26.04.38 (260800-867839860):132)
02-19 22:07:13.309  3453  6624 E GoogleSettingsUtils: 	at gpaw.run(:com.google.android.gms@260438038@26.04.38 (260800-867839860):19)
02-19 22:07:13.309  3453  6624 E GoogleSettingsUtils: 	at java.util.concurrent.ThreadPoolExecutor.runWorker(ThreadPoolExecutor.java:1156)
02-19 22:07:13.309  3453  6624 E GoogleSettingsUtils: 	at java.util.concurrent.ThreadPoolExecutor$Worker.run(ThreadPoolExecutor.java:651)
02-19 22:07:13.309  3453  6624 E GoogleSettingsUtils: 	at java.lang.Thread.run(Thread.java:1119)
02-19 22:07:13.309  3453  6624 E GoogleSettingsUtils: Caused by: android.system.ErrnoException: open failed: ENOENT (No such file or directory)
02-19 22:07:13.309  3453  6624 E GoogleSettingsUtils: 	at libcore.io.Linux.open(Native Method)
02-19 22:07:13.309  3453  6624 E GoogleSettingsUtils: 	at libcore.io.ForwardingOs.open(ForwardingOs.java:568)
02-19 22:07:13.309  3453  6624 E GoogleSettingsUtils: 	at libcore.io.BlockGuardOs.open(BlockGuardOs.java:274)
02-19 22:07:13.309  3453  6624 E GoogleSettingsUtils: 	at libcore.io.ForwardingOs.open(ForwardingOs.java:568)
02-19 22:07:13.309  3453  6624 E GoogleSettingsUtils: 	at android.app.ActivityThread$AndroidOs.open(ActivityThread.java:8953)
02-19 22:07:13.309  3453  6624 E GoogleSettingsUtils: 	at libcore.io.IoBridge.open(IoBridge.java:560)
02-19 22:07:13.309  3453  6624 E GoogleSettingsUtils: 	... 13 more
02-19 22:07:13.309  3453  6624 I Checkin : [CheckinRequestProcessor] updateCheckinIdTokenFileFromResponse, Reading existing AID
02-19 22:07:13.315   615  2506 W IPCThreadState: Sending oneway calls to frozen process.
02-19 22:07:13.318   531   531 I BpBinder: onLastStrongRef automatically unlinking death recipients: 
02-19 22:07:13.333  3453  6624 I Checkin : [CheckinRequestProcessor] PeriodicTaskTag : Checkin Succeeded: https://android.googleapis.com/checkin (fragment #1).
02-19 22:07:13.344   752   795 W Looper  : Slow delivery took 263ms android.ui app=system_server main=false group=TOP_APP h=com.android.server.wm.DisplayPolicy$PolicyHandler c=com.android.server.wm.DisplayPolicy$$ExternalSyntheticLambda14@94fe067 m=0
02-19 22:07:13.348  3453  5060 E SharedPreferencesImpl: Couldn't create directory for SharedPreferences file /data/user/0/com.google.android.gsf/shared_prefs/CheckinService.xml
02-19 22:07:13.348 20022 20022 I GoogleInputMethodService: GoogleInputMethodService.onFinishInput():2043 
02-19 22:07:13.353   752  2500 I ImeTracker: system_server:5ca2fcac: onRequestHide at ORIGIN_SERVER reason IME_REQUESTED_CHANGED_LISTENER fromUser false
02-19 22:07:13.354 20022 20022 I Module  : DeviceLockedStatusModuleProvider$Module.updateDeviceLockedStatus():100 repeatCheckTimes = 0, locked = false
02-19 22:07:13.356   752   797 I ImeTracker: system_server:5ca2fcac: onCancelled at PHASE_SERVER_SHOULD_HIDE
02-19 22:07:13.369 20022 20022 I GoogleInputMethodService: GoogleInputMethodService.onStartInput():1293 onStartInput(EditorInfo{EditorInfo{packageName=com.google.android.apps.nexuslauncher, inputType=0, inputTypeString=NULL, enableLearning=false, autoCorrection=false, autoComplete=false, imeOptions=0, privateImeOptions=null, actionName=UNSPECIFIED, actionLabel=null, initialSelStart=-1, initialSelEnd=-1, initialCapsMode=0, label=null, fieldId=0, fieldName=null, extras=null, hintText=null, hintLocales=[]}}, false)
02-19 22:07:13.372 20022 20022 I EmojiCompatManager: EmojiCompatManager.getEmojiCompatIfLoaded():343 EmojiCompat.init() was never called.
02-19 22:07:13.372 20022 20022 I EmojiCompatManager: java.lang.IllegalStateException: EmojiCompat is not initialized. Please call EmojiCompat.init() first
02-19 22:07:13.372 20022 20022 I EmojiCompatManager: 	at asx.p(PG:6)
02-19 22:07:13.372 20022 20022 I EmojiCompatManager: 	at axb.b(PG:13)
02-19 22:07:13.372 20022 20022 I EmojiCompatManager: 	at jnr.b(PG:2)
02-19 22:07:13.372 20022 20022 I EmojiCompatManager: 	at jnr.c(PG:4)
02-19 22:07:13.372 20022 20022 I EmojiCompatManager: 	at jnr.f(PG:3)
02-19 22:07:13.372 20022 20022 I EmojiCompatManager: 	at jnx.c(PG:3)
02-19 22:07:13.372 20022 20022 I EmojiCompatManager: 	at kif.cz(PG:47)
02-19 22:07:13.372 20022 20022 I EmojiCompatManager: 	at lhl.run(PG:1025)
02-19 22:07:13.372 20022 20022 I EmojiCompatManager: 	at jaf.execute(PG:12)
02-19 22:07:13.372 20022 20022 I EmojiCompatManager: 	at nco.v(PG:13)
02-19 22:07:13.372 20022 20022 I EmojiCompatManager: 	at lhn.m(PG:96)
02-19 22:07:13.372 20022 20022 I EmojiCompatManager: 	at lhn.k(PG:25)
02-19 22:07:13.372 20022 20022 I EmojiCompatManager: 	at kgn.onStartInput(PG:250)
02-19 22:07:13.372 20022 20022 I EmojiCompatManager: 	at android.inputmethodservice.InputMethodService.doStartInput(InputMethodService.java:3521)
02-19 22:07:13.372 20022 20022 I EmojiCompatManager: 	at android.inputmethodservice.InputMethodService$InputMethodImpl.startInput(InputMethodService.java:879)
02-19 22:07:13.372 20022 20022 I EmojiCompatManager: 	at android.inputmethodservice.InputMethodService$InputMethodImpl.dispatchStartInput(InputMethodService.java:908)
02-19 22:07:13.372 20022 20022 I EmojiCompatManager: 	at android.inputmethodservice.IInputMethodWrapper.executeMessage(IInputMethodWrapper.java:201)
02-19 22:07:13.372 20022 20022 I EmojiCompatManager: 	at com.android.internal.os.HandlerCaller$MyHandler.handleMessage(HandlerCaller.java:44)
02-19 22:07:13.372 20022 20022 I EmojiCompatManager: 	at android.os.Handler.dispatchMessage(Handler.java:110)
02-19 22:07:13.372 20022 20022 I EmojiCompatManager: 	at android.os.Looper.loopOnce(Looper.java:248)
02-19 22:07:13.372 20022 20022 I EmojiCompatManager: 	at android.os.Looper.loop(Looper.java:338)
02-19 22:07:13.372 20022 20022 I EmojiCompatManager: 	at android.app.ActivityThread.main(ActivityThread.java:9067)
02-19 22:07:13.372 20022 20022 I EmojiCompatManager: 	at java.lang.reflect.Method.invoke(Native Method)
02-19 22:07:13.372 20022 20022 I EmojiCompatManager: 	at com.android.internal.os.RuntimeInit$MethodAndArgsCaller.run(RuntimeInit.java:593)
02-19 22:07:13.372 20022 20022 I EmojiCompatManager: 	at com.android.internal.os.ZygoteInit.main(ZygoteInit.java:932)
02-19 22:07:13.373 20022 20022 I Module  : DeviceLockedStatusModuleProvider$Module.updateDeviceLockedStatus():100 repeatCheckTimes = 1, locked = false
02-19 22:07:13.380   752  1789 W PackageConfigPersister: App-specific configuration not found for packageName: com.google.android.apps.nexuslauncher and userId: 0
02-19 22:07:13.392 19166 19166 D InsetsController: hide(ime(), fromIme=false)
02-19 22:07:13.392 19166 19166 I ImeTracker: com.google.android.apps.nexuslauncher:b6429479: onCancelled at PHASE_CLIENT_ALREADY_HIDDEN
02-19 22:07:13.505 19301 19301 D BoundBrokerSvc: onUnbind: Intent { act=com.google.android.gms.common.telemetry.service.START dat=chimera-action:/... xflg=0x4 cmp=com.google.android.gms/.chimera.PersistentApiService }
02-19 22:07:13.536   752   795 W Looper  : Drained
02-19 22:07:13.652  3453  6624 I Checkin : [CheckinOperation] Checkin Operation finished with result: SUCCESS finish time: 117907498.
02-19 22:07:13.661  3453  6624 W ContextImpl: Failed to ensure /data/user/0/com.google.android.gsf/files: mkdir failed: ENOENT (No such file or directory)
02-19 22:07:13.663  3453  6624 W ContextImpl: Failed to ensure /data/user/0/com.google.android.gsf/shared_prefs: mkdir failed: ENOENT (No such file or directory)
02-19 22:07:13.821 19301  5910 I AlarmManager: setExactAndAllowWhileIdle [name: GCM_CONN_ALARM type: 2 triggerAtMillis: 117920667]
02-19 22:07:13.937  3453  6801 E gle.android.gms: hiddenapi: Accessing hidden method Landroid/net/ConnectivityManager;->isNetworkTypeMobile(I)Z (runtime_flags=0, domain=platform, api=max-target-p) from Lbwpx; (domain=app) using reflection: denied
02-19 22:07:13.962  3453  6801 E gle.android.gms: hiddenapi: Accessing hidden method Landroid/os/PowerManager;->isLightDeviceIdleMode()Z (runtime_flags=0, domain=platform, api=max-target-s) from Lbwpx; (domain=app) using reflection: denied
02-19 22:07:13.980   752  1029 D InetDiagMessage: Destroyed 0 sockets, proto=IPPROTO_TCP, family=AF_INET, states=14
02-19 22:07:13.988  3453  6802 I AccountSeedingPrefetchI: AccountSeedingPrefetchInit intent operation started. [CONTEXT service_id=42 ]
02-19 22:07:13.989  3453  6803 I EnterpriseLoader: [ConditionsChecker] ZT config not present. [CONTEXT service_id=225 ]
02-19 22:07:14.001   752  1029 D InetDiagMessage: Destroyed 0 sockets, proto=IPPROTO_TCP, family=AF_INET6, states=14
02-19 22:07:14.001   752  1029 D InetDiagMessage: Destroyed live tcp sockets for uids={10168} in 46ms
02-19 22:07:14.003   752  1029 D InetDiagMessage: Destroyed 0 sockets, proto=IPPROTO_TCP, family=AF_INET, states=14
02-19 22:07:14.006   752  1029 D InetDiagMessage: Destroyed 0 sockets, proto=IPPROTO_TCP, family=AF_INET6, states=14
02-19 22:07:14.007   752  1029 D InetDiagMessage: Destroyed live tcp sockets for uids={20168} in 5ms
02-19 22:07:14.243 19301 19301 D BoundBrokerSvc: onRebind: Intent { act=com.google.android.gms.auth.aang.events.services.START dat=chimera-action:/... xflg=0x4 cmp=com.google.android.gms/.chimera.PersistentApiService }
02-19 22:07:14.246 19166 19166 D ScalingWorkspaceRevealAnim: alpha of workspace at the end of animation: 1.0
02-19 22:07:14.256  4449  4467 V WindowManagerShell: Transition animation finished (aborted=false), notifying core (#1132) android.os.BinderProxy@447c955@0
02-19 22:07:14.270   752   794 V WindowManager: Finish Transition (#1132): created at 02-19 22:07:12.943 collect-started=0.094ms request-sent=0.195ms started=20.366ms ready=139.155ms sent=234.829ms commit=34.983ms finished=1323.347ms
02-19 22:07:14.279  6650  6650 D VRI[GraniteActivity]: visibilityChanged oldVisibility=true newVisibility=false
02-19 22:07:14.281  4449  4467 V WindowManagerShell: Track 0 became idle
02-19 22:07:14.281  4449  4467 V WindowManagerShell: All active transition animations finished
02-19 22:07:14.282   752   797 D CompatChangeReporter: Compat change id reported: 151861875; UID 10217; state: ENABLED
02-19 22:07:14.587   752   795 W ActivityTaskManager: callingPackage for (uid=-1, pid=0) has no WPC
02-19 22:07:14.588   752   795 W ActivityStartInterceptor: Starting home with component specified, uid=0
02-19 22:07:14.590   752   795 W OptProp : Cannot read opt property android.window.PROPERTY_COMPAT_ALLOW_USER_ASPECT_RATIO_OVERRIDE
02-19 22:07:14.590   752   795 W OptProp : Cannot read opt property android.window.PROPERTY_COMPAT_ALLOW_USER_ASPECT_RATIO_FULLSCREEN_OVERRIDE
02-19 22:07:14.590   752   795 W OptProp : Cannot read opt property android.window.PROPERTY_COMPAT_ALLOW_RESIZEABLE_ACTIVITY_OVERRIDES
02-19 22:07:14.590   752   795 W OptProp : Cannot read opt property android.window.PROPERTY_COMPAT_ALLOW_MIN_ASPECT_RATIO_OVERRIDE
02-19 22:07:14.593  6650  6650 W Ads     : Failed to get a preloader. Call MobileAds.initialize() prior to calling preload APIs. @3
02-19 22:07:14.594  6650  6650 W Ads     : Failed to get a preloader. Call MobileAds.initialize() prior to calling preload APIs.
02-19 22:07:14.595   752   795 V GrammaticalInflectionUtils: AttributionSource: android.content.AttributionSource@1abea79a does not have READ_SYSTEM_GRAMMATICAL_GENDER permission.
02-19 22:07:14.596  6650  6650 W WindowOnBackDispatcher: sendCancelIfRunning: isInProgress=false callback=android.view.ViewRootImpl$$ExternalSyntheticLambda13@7c1a3aa
02-19 22:07:14.609 19166 19166 W SplitSelectStateCtor: Missing session instanceIds
02-19 22:07:14.609 19166 19166 D StatsLog: LAUNCHER_SPLIT_SELECTION_EXIT_INTERRUPTED
02-19 22:07:14.614 19166 19166 D TFOManager: playPanelCloseAnimation() duration=200 traceTag=LauncherOverlay-hide isHomeButtonTap=true
02-19 22:07:14.614 19166 19166 D TFOManager: Skipped creating panel close animation because -1 is invisible.
02-19 22:07:14.614 19166 19166 D OverviewCommandHelper: clearing pending commands: []
02-19 22:07:14.614   752   795 I ActivityTaskManager: START u0 {act=android.intent.action.MAIN cat=[android.intent.category.HOME] flg=0x10000100 cmp=com.google.android.apps.nexuslauncher/.NexusLauncherActivity (has extras)} with LAUNCH_SINGLE_TASK from uid 0 (BAL_ALLOW_ALLOWLISTED_UID) result code=3
02-19 22:07:14.616   752   933 D CoreBackPreview: Window{adebc77 u0 viva.republica.toss.test/im.toss.rn.granite.core.GraniteActivity}: Setting back callback null
02-19 22:07:14.619 19166 19166 D StatsLog: LAUNCHER_ONRESUME
02-19 22:07:14.642  6650  6650 D ViewRootImpl: Skipping stats log for color mode
02-19 22:07:14.655   531   590 I BpBinder: onLastStrongRef automatically unlinking death recipients: 
02-19 22:07:14.666  4449  4536 D KeyguardService: setOccluded(false)
02-19 22:07:14.666  4449  4536 D KeyguardViewMediator: setOccluded(false)
02-19 22:07:14.669  4449  4467 D WindowManagerShell: onActivityRestartAttempt: topActivity=ComponentInfo{com.google.android.apps.nexuslauncher/com.google.android.apps.nexuslauncher.NexusLauncherActivity}, wasVisible=true
02-19 22:07:14.671  4449  4449 D KeyguardViewMediator: handleSetOccluded(false)
02-19 22:07:14.672  4449  4449 D KeyguardViewMediator: KeyguardViewMediator queue processing message: SET_OCCLUDED
02-19 22:07:14.714 19166 19166 I NotificationListener: Handling notification state refresh for com.google.android.adservices.api#0
02-19 22:07:14.714 19166 19166 I NotificationListener: Handling notification state refresh for android#0
02-19 22:07:14.714 19166 19166 I NotificationListener: Handling notification state refresh for com.android.systemui#0
02-19 22:07:14.724  4449  4449 I vol.VolumeDialogImpl: mDialog.dismiss() reason: volume_controller from: com.android.systemui.volume.VolumeDialogImpl$7.onDismissRequested:3
02-19 22:07:14.730 19166 19190 D QuickstepModelDelegate: notifyAppTargetEvent action=1 launchLocation=workspace/0/[-1,-1]/[1,1]
02-19 22:07:14.755 19166 19166 D RecentsView: onTaskRemoved: 186, not handling task stack changes
02-19 22:07:14.760   752  1095 D BackgroundInstallControlService: Package event received: 0
02-19 22:07:14.779 19166 19166 D RecentsView: onTaskRemoved: 186, not handling task stack changes
02-19 22:07:14.782  1971  2198 I AiAiEcho: Predicting[0]:  [CONTEXT sampling_count=5 ]
02-19 22:07:14.782  1971  2198 I AiAiEcho: EchoTargets: 
02-19 22:07:14.782  1971  2198 I AiAiEcho: Filtered by AiAi flag check: 
02-19 22:07:14.782  1971  2198 I AiAiEcho: [CONTEXT ratelimit_period="10 SECONDS" ]
02-19 22:07:14.783  1971  2198 I AiAiEcho: #remoteViewsTwiddler: feature disabled.
02-19 22:07:14.792  1971  2198 I AiAiEcho: #postPredictionTargets: Sending updates to UISurface home with targets# 0 (types=[])
02-19 22:07:14.800 19166 19166 D SsBaseTemplateCard: No text view can be set up
02-19 22:07:14.800 19166 19166 D SsBaseTemplateCard: Passed-in item info is null
02-19 22:07:14.801 19166 19166 D SsBaseTemplateCard: Passed-in item info is null
02-19 22:07:14.801 19166 19166 D SsBaseTemplateCard: Passed-in item info is null
02-19 22:07:14.803 19166 19166 I SsBaseTemplateCard: Secondary card pane is null
02-19 22:07:15.192  6650  6814 D nativeloader: Load /data/app/~~NUQj-rdXzuicW-16SIRtKA==/viva.republica.toss.test-Si406wFvb_sqEA2GTBV6RQ==/lib/x86_64/libc++_shared.so using class loader ns clns-9 (caller=<unknown>): ok
02-19 22:07:15.195  6650  6814 D nativeloader: Load /data/app/~~NUQj-rdXzuicW-16SIRtKA==/viva.republica.toss.test-Si406wFvb_sqEA2GTBV6RQ==/lib/x86_64/libglog.so using class loader ns clns-9 (caller=<unknown>): ok
02-19 22:07:15.197  6650  6814 D nativeloader: Load /data/app/~~NUQj-rdXzuicW-16SIRtKA==/viva.republica.toss.test-Si406wFvb_sqEA2GTBV6RQ==/lib/x86_64/libfolly_runtime.so using class loader ns clns-9 (caller=<unknown>): ok
02-19 22:07:15.200  6650  6814 D nativeloader: Load /data/app/~~NUQj-rdXzuicW-16SIRtKA==/viva.republica.toss.test-Si406wFvb_sqEA2GTBV6RQ==/lib/x86_64/libfbjni.so using class loader ns clns-9 (caller=<unknown>): ok
02-19 22:07:15.234  6650  6814 D nativeloader: Load /data/app/~~NUQj-rdXzuicW-16SIRtKA==/viva.republica.toss.test-Si406wFvb_sqEA2GTBV6RQ==/lib/x86_64/libjsi.so using class loader ns clns-9 (caller=<unknown>): ok
02-19 22:07:15.237  6650  6814 D nativeloader: Load /data/app/~~NUQj-rdXzuicW-16SIRtKA==/viva.republica.toss.test-Si406wFvb_sqEA2GTBV6RQ==/lib/x86_64/libhermes.so using class loader ns clns-9 (caller=<unknown>): ok
02-19 22:07:15.242  6650  6814 D nativeloader: Load /data/app/~~NUQj-rdXzuicW-16SIRtKA==/viva.republica.toss.test-Si406wFvb_sqEA2GTBV6RQ==/lib/x86_64/libfb.so using class loader ns clns-9 (caller=<unknown>): ok
02-19 22:07:15.246   537   537 W adbd    : timeout expired while flushing socket, closing
02-19 22:07:15.283  6650  6814 D nativeloader: Load /data/app/~~NUQj-rdXzuicW-16SIRtKA==/viva.republica.toss.test-Si406wFvb_sqEA2GTBV6RQ==/lib/x86_64/libyoga.so using class loader ns clns-9 (caller=<unknown>): ok
02-19 22:07:15.288  6650  6814 D nativeloader: Load /data/app/~~NUQj-rdXzuicW-16SIRtKA==/viva.republica.toss.test-Si406wFvb_sqEA2GTBV6RQ==/lib/x86_64/libruntimeexecutor.so using class loader ns clns-9 (caller=<unknown>): ok
02-19 22:07:15.290  6650  6814 D nativeloader: Load /data/app/~~NUQj-rdXzuicW-16SIRtKA==/viva.republica.toss.test-Si406wFvb_sqEA2GTBV6RQ==/lib/x86_64/libreact_debug.so using class loader ns clns-9 (caller=<unknown>): ok
02-19 22:07:15.316  6650  6814 D nativeloader: Load /data/app/~~NUQj-rdXzuicW-16SIRtKA==/viva.republica.toss.test-Si406wFvb_sqEA2GTBV6RQ==/lib/x86_64/libglog_init.so using class loader ns clns-9 (caller=<unknown>): ok
02-19 22:07:15.320  6650  6814 D nativeloader: Load /data/app/~~NUQj-rdXzuicW-16SIRtKA==/viva.republica.toss.test-Si406wFvb_sqEA2GTBV6RQ==/lib/x86_64/libreact_utils.so using class loader ns clns-9 (caller=<unknown>): ok
02-19 22:07:15.322  6650  6814 D nativeloader: Load /data/app/~~NUQj-rdXzuicW-16SIRtKA==/viva.republica.toss.test-Si406wFvb_sqEA2GTBV6RQ==/lib/x86_64/libreact_render_mapbuffer.so using class loader ns clns-9 (caller=<unknown>): ok
02-19 22:07:15.324  6650  6814 D nativeloader: Load /data/app/~~NUQj-rdXzuicW-16SIRtKA==/viva.republica.toss.test-Si406wFvb_sqEA2GTBV6RQ==/lib/x86_64/libreact_render_graphics.so using class loader ns clns-9 (caller=<unknown>): ok
02-19 22:07:15.325  6650  6814 D nativeloader: Load /data/app/~~NUQj-rdXzuicW-16SIRtKA==/viva.republica.toss.test-Si406wFvb_sqEA2GTBV6RQ==/lib/x86_64/libreact_render_debug.so using class loader ns clns-9 (caller=<unknown>): ok
02-19 22:07:15.327  6650  6814 D nativeloader: Load /data/app/~~NUQj-rdXzuicW-16SIRtKA==/viva.republica.toss.test-Si406wFvb_sqEA2GTBV6RQ==/lib/x86_64/libreact_render_core.so using class loader ns clns-9 (caller=<unknown>): ok
02-19 22:07:15.329  6650  6814 D nativeloader: Load /data/app/~~NUQj-rdXzuicW-16SIRtKA==/viva.republica.toss.test-Si406wFvb_sqEA2GTBV6RQ==/lib/x86_64/libreact_render_runtimescheduler.so using class loader ns clns-9 (caller=<unknown>): ok
02-19 22:07:15.330  6650  6814 D nativeloader: Load /data/app/~~NUQj-rdXzuicW-16SIRtKA==/viva.republica.toss.test-Si406wFvb_sqEA2GTBV6RQ==/lib/x86_64/liblogger.so using class loader ns clns-9 (caller=<unknown>): ok
02-19 22:07:15.332  6650  6814 D nativeloader: Load /data/app/~~NUQj-rdXzuicW-16SIRtKA==/viva.republica.toss.test-Si406wFvb_sqEA2GTBV6RQ==/lib/x86_64/libreactperfloggerjni.so using class loader ns clns-9 (caller=<unknown>): ok
02-19 22:07:15.333  6650  6814 D nativeloader: Load /data/app/~~NUQj-rdXzuicW-16SIRtKA==/viva.republica.toss.test-Si406wFvb_sqEA2GTBV6RQ==/lib/x86_64/libjsinspector.so using class loader ns clns-9 (caller=<unknown>): ok
02-19 22:07:15.338  6650  6814 D nativeloader: Load /data/app/~~NUQj-rdXzuicW-16SIRtKA==/viva.republica.toss.test-Si406wFvb_sqEA2GTBV6RQ==/lib/x86_64/libreactnativejni.so using class loader ns clns-9 (caller=<unknown>): ok
02-19 22:07:15.423  6650  6814 D nativeloader: Load /data/app/~~NUQj-rdXzuicW-16SIRtKA==/viva.republica.toss.test-Si406wFvb_sqEA2GTBV6RQ==/lib/x86_64/libhermes_executor.so using class loader ns clns-9 (caller=<unknown>): ok
02-19 22:07:15.489  6650  6814 D ApplicationLoaders: Returning zygote-cached class loader: /system/framework/org.apache.http.legacy.jar
02-19 22:07:15.490  6650  6814 D ApplicationLoaders: Returning zygote-cached class loader: /system/framework/com.android.location.provider.jar
02-19 22:07:15.490  6650  6814 D ApplicationLoaders: Returning zygote-cached class loader: /system/framework/com.android.media.remotedisplay.jar
02-19 22:07:15.490  6650  6814 D ApplicationLoaders: Returning zygote-cached class loader: /system_ext/framework/androidx.window.extensions.jar
02-19 22:07:15.490  6650  6814 D ApplicationLoaders: Returning zygote-cached class loader: /system_ext/framework/androidx.window.sidecar.jar
02-19 22:07:15.750  6650  6814 D nativeloader: Configuring clns-13 for other apk /data/app/~~O-UZzK0jUU9NLgS3MODOZA==/com.google.android.gms-YQ2L6GsYyKuvu9MvIBK1EQ==/base.apk. target_sdk_version=36, uses_libraries=, library_path=/data/app/~~O-UZzK0jUU9NLgS3MODOZA==/com.google.android.gms-YQ2L6GsYyKuvu9MvIBK1EQ==/lib/x86_64:/data/app/~~O-UZzK0jUU9NLgS3MODOZA==/com.google.android.gms-YQ2L6GsYyKuvu9MvIBK1EQ==/base.apk!/lib/x86_64, permitted_path=/data:/mnt/expand:/data/user/0/com.google.android.gms
02-19 22:07:15.753  6650  6814 I blica.toss.test: AssetManager2(0x7d8fac432a98) locale list changing from [] to [en-US]
02-19 22:07:15.774  6650  6814 W System  : ClassLoader referenced unknown path: 
02-19 22:07:15.774  6650  6814 D nativeloader: Configuring clns-14 for other apk . target_sdk_version=36, uses_libraries=, library_path=/data/app/~~O-UZzK0jUU9NLgS3MODOZA==/com.google.android.gms-YQ2L6GsYyKuvu9MvIBK1EQ==/lib/x86_64:/data/app/~~O-UZzK0jUU9NLgS3MODOZA==/com.google.android.gms-YQ2L6GsYyKuvu9MvIBK1EQ==/base.apk!/lib/x86_64, permitted_path=/data:/mnt/expand:/data/user/0/com.google.android.gms
02-19 22:07:15.776  6650  6814 W DynamiteModule: Failed to load module via V2: java.lang.NoSuchFieldException: No field sClassLoader in class Lcom/google/android/gms/dynamite/DynamiteModule$DynamiteLoaderClassLoader; (declaration of 'com.google.android.gms.dynamite.DynamiteModule$DynamiteLoaderClassLoader' appears in /data/app/~~NUQj-rdXzuicW-16SIRtKA==/viva.republica.toss.test-Si406wFvb_sqEA2GTBV6RQ==/base.apk!classes2.dex)
02-19 22:07:15.779  6650  6814 I DynamiteModule: Considering local module com.google.android.gms.ads.dynamite:0 and remote module com.google.android.gms.ads.dynamite:254380203
02-19 22:07:15.780  6650  6814 I DynamiteModule: Selected remote version of com.google.android.gms.ads.dynamite, version >= 254380203
02-19 22:07:15.786  6650  6814 D CompatChangeReporter: Compat change id reported: 312399441; UID 10217; state: ENABLED
02-19 22:07:15.807  6650  6814 I blica.toss.test: AssetManager2(0x7d8fac42ec18) locale list changing from [] to [en-US]
02-19 22:07:15.809  6650  6814 I blica.toss.test: AssetManager2(0x7d8fac432138) locale list changing from [] to [en-US]
02-19 22:07:15.816  6650  6814 D DynamitePackage: Instantiated singleton DynamitePackage.
02-19 22:07:15.816  6650  6814 D DynamitePackage: Instantiating com.google.android.gms.ads.ChimeraMobileAdsSettingManagerCreatorImpl
02-19 22:07:16.023   752   780 D ConnectivityService: requestNetwork for uid/pid:10217/6650 activeRequest: null callbackRequest: 1129 [NetworkRequest [ REQUEST id=1130, [ Capabilities: INTERNET&NOT_RESTRICTED&TRUSTED&NOT_VCN_MANAGED&NOT_BANDWIDTH_CONSTRAINED Uid: 10217 RequestorUid: 10217 RequestorPkg: viva.republica.toss.test UnderlyingNetworks: Null] ]] callback flags: 0 order: 2147483647 isUidTracked: false declaredMethods: AVAIL|LOST
02-19 22:07:16.026   752  1023 D OemPaidWifiNetworkFactory: got request NetworkRequest [ REQUEST id=1130, [ Capabilities: INTERNET&NOT_RESTRICTED&TRUSTED&NOT_VCN_MANAGED&NOT_BANDWIDTH_CONSTRAINED Uid: 10217 RequestorUid: 10217 RequestorPkg: viva.republica.toss.test UnderlyingNetworks: Null] ]
02-19 22:07:16.026   752  1023 D MultiInternetWifiNetworkFactory: got request NetworkRequest [ REQUEST id=1130, [ Capabilities: INTERNET&NOT_RESTRICTED&TRUSTED&NOT_VCN_MANAGED&NOT_BANDWIDTH_CONSTRAINED Uid: 10217 RequestorUid: 10217 RequestorPkg: viva.republica.toss.test UnderlyingNetworks: Null] ]
02-19 22:07:16.026   752  1023 D WifiNetworkFactory: got request NetworkRequest [ REQUEST id=1130, [ Capabilities: INTERNET&NOT_RESTRICTED&TRUSTED&NOT_VCN_MANAGED&NOT_BANDWIDTH_CONSTRAINED Uid: 10217 RequestorUid: 10217 RequestorPkg: viva.republica.toss.test UnderlyingNetworks: Null] ]
02-19 22:07:16.027   752  1029 D ConnectivityService: NetReassign [1130 : null → 108] [c 0] [a 2] [i 1]
02-19 22:07:16.027   752  1023 D UntrustedWifiNetworkFactory: got request NetworkRequest [ REQUEST id=1130, [ Capabilities: INTERNET&NOT_RESTRICTED&TRUSTED&NOT_VCN_MANAGED&NOT_BANDWIDTH_CONSTRAINED Uid: 10217 RequestorUid: 10217 RequestorPkg: viva.republica.toss.test UnderlyingNetworks: Null] ]
02-19 22:07:16.036   537   537 W adbd    : timeout expired while flushing socket, closing
02-19 22:07:16.097  6820  6820 W dumpsys : Thread Pool max thread count is 0. Cannot cache binder as linkToDeath cannot be implemented. serviceName: window
02-19 22:07:16.121  6650  6814 D DynamitePackage: Instantiating com.google.android.gms.ads.ChimeraAdPreloaderCreatorImpl
02-19 22:07:16.244  6650  6814 W unknown:ReactContext: initializeMessageQueueThreads() is called.
02-19 22:07:16.280  3453  3453 D BoundBrokerSvc: onRebind: Intent { act=com.google.android.gms.appset.service.START dat=chimera-action:/... xflg=0x4 cmp=com.google.android.gms/.chimera.GmsApiService }
02-19 22:07:16.319   752  1456 D ConnectivityService: requestNetwork for uid/pid:10217/6650 activeRequest: null callbackRequest: 1131 [NetworkRequest [ REQUEST id=1132, [ Capabilities: INTERNET&NOT_RESTRICTED&TRUSTED&NOT_VCN_MANAGED&NOT_BANDWIDTH_CONSTRAINED Uid: 10217 RequestorUid: 10217 RequestorPkg: viva.republica.toss.test UnderlyingNetworks: Null] ]] callback flags: 0 order: 2147483647 isUidTracked: false declaredMethods: AVAIL|LOST|NC|LP
02-19 22:07:16.322   752  1023 D OemPaidWifiNetworkFactory: got request NetworkRequest [ REQUEST id=1132, [ Capabilities: INTERNET&NOT_RESTRICTED&TRUSTED&NOT_VCN_MANAGED&NOT_BANDWIDTH_CONSTRAINED Uid: 10217 RequestorUid: 10217 RequestorPkg: viva.republica.toss.test UnderlyingNetworks: Null] ]
02-19 22:07:16.323   752  1023 D MultiInternetWifiNetworkFactory: got request NetworkRequest [ REQUEST id=1132, [ Capabilities: INTERNET&NOT_RESTRICTED&TRUSTED&NOT_VCN_MANAGED&NOT_BANDWIDTH_CONSTRAINED Uid: 10217 RequestorUid: 10217 RequestorPkg: viva.republica.toss.test UnderlyingNetworks: Null] ]
02-19 22:07:16.323   752  1023 D WifiNetworkFactory: got request NetworkRequest [ REQUEST id=1132, [ Capabilities: INTERNET&NOT_RESTRICTED&TRUSTED&NOT_VCN_MANAGED&NOT_BANDWIDTH_CONSTRAINED Uid: 10217 RequestorUid: 10217 RequestorPkg: viva.republica.toss.test UnderlyingNetworks: Null] ]
02-19 22:07:16.323   752  1029 D ConnectivityService: NetReassign [1132 : null → 108] [c 1] [a 1] [i 1]
02-19 22:07:16.323   752  1023 D UntrustedWifiNetworkFactory: got request NetworkRequest [ REQUEST id=1132, [ Capabilities: INTERNET&NOT_RESTRICTED&TRUSTED&NOT_VCN_MANAGED&NOT_BANDWIDTH_CONSTRAINED Uid: 10217 RequestorUid: 10217 RequestorPkg: viva.republica.toss.test UnderlyingNetworks: Null] ]
02-19 22:07:16.326   752  1456 D CompatChangeReporter: Compat change id reported: 319212206; UID 10217; state: ENABLED
02-19 22:07:16.336   752  1029 D ConnectivityService: NetReassign [no changes] [c 1] [a 1] [i 8]
02-19 22:07:16.369  6650  6830 D nativeloader: Load /data/data/viva.republica.toss.test/libtcj.so using class loader ns clns-9 (caller=<unknown>): ok
02-19 22:07:16.360  6650  6650 W mqt_js  : type=1400 audit(0.0:538): avc:  granted  { execute } for  path="/data/data/viva.republica.toss.test/libtcj.so" dev="dm-55" ino=364105 scontext=u:r:untrusted_app:s0:c217,c256,c512,c768 tcontext=u:object_r:app_data_file:s0:c217,c256,c512,c768 tclass=file app=viva.republica.toss.test
02-19 22:07:16.481  6650  6681 W cr_media: BLUETOOTH_CONNECT permission is missing.
02-19 22:07:16.487  6650  6681 W cr_media: getBluetoothAdapter() requires BLUETOOTH permission
02-19 22:07:16.487  6650  6681 W cr_media: registerBluetoothIntentsIfNeeded: Requires BLUETOOTH permission
02-19 22:07:16.521  6650  6839 W libc    : Access denied finding property "vendor.mesa.log"
02-19 22:07:16.522  6650  6839 W libc    : Access denied finding property "vendor.mesa.log.file"
02-19 22:07:16.522  6650  6839 E MESA    : Failed to open rendernode: No such file or directory
02-19 22:07:16.542  6650  6839 D vulkan  : searching for layers in '/data/app/~~NUQj-rdXzuicW-16SIRtKA==/viva.republica.toss.test-Si406wFvb_sqEA2GTBV6RQ==/lib/x86_64'
02-19 22:07:16.543  6650  6839 D vulkan  : searching for layers in '/data/app/~~NUQj-rdXzuicW-16SIRtKA==/viva.republica.toss.test-Si406wFvb_sqEA2GTBV6RQ==/base.apk!/lib/x86_64'
02-19 22:07:16.554  6650  6839 W libc    : Access denied finding property "vendor.mesa.vk.trace.per.submit"
02-19 22:07:16.554  6650  6839 W libc    : Access denied finding property "vendor.mesa.gallium.print.optio"
02-19 22:07:16.554  6650  6839 W libc    : Access denied finding property "vendor.mesa.vk.trace.frame"
02-19 22:07:16.561  6650  6839 W libc    : Access denied finding property "vendor.mesa.vk.wsi.headless.swa"
02-19 22:07:16.562  6650  6839 I EGL_emulation: Opening libGLESv1_CM_emulation.so
02-19 22:07:16.563  6650  6839 I EGL_emulation: Opening libGLESv2_emulation.so
02-19 22:07:16.567  6689  6699 I cr_LibraryLoader: Successfully loaded native library
02-19 22:07:16.568  6689  6699 I cr_CachingUmaRecorder: Flushed 2 samples from 2 histograms, 0 samples were dropped.
02-19 22:07:16.587  6689  6699 W SystemServiceRegistry: No service published for: uimode
02-19 22:07:16.616  6650  6839 W chromium: [WARNING:viz_main_impl.cc(85)] VizNullHypothesis is disabled (not a warning)
02-19 22:07:16.642   752  2502 W ActivityTaskManager: callingPackage for (uid=2000, pid=6842) has no WPC
02-19 22:07:16.648   752  2502 V GrammaticalInflectionUtils: AttributionSource: android.content.AttributionSource@56784557 does not have READ_SYSTEM_GRAMMATICAL_GENDER permission.
02-19 22:07:16.649   752  2502 W OptProp : Cannot read opt property android.window.PROPERTY_COMPAT_ALLOW_USER_ASPECT_RATIO_OVERRIDE
02-19 22:07:16.649   752  2502 W OptProp : Cannot read opt property android.window.PROPERTY_COMPAT_ALLOW_USER_ASPECT_RATIO_FULLSCREEN_OVERRIDE
02-19 22:07:16.650   752  2502 W OptProp : Cannot read opt property android.window.PROPERTY_COMPAT_ALLOW_RESIZEABLE_ACTIVITY_OVERRIDES
02-19 22:07:16.651   752  2502 W OptProp : Cannot read opt property android.window.PROPERTY_COMPAT_ALLOW_MIN_ASPECT_RATIO_OVERRIDE
02-19 22:07:16.651  6689  6699 W chromium: [WARNING:runtime_features.cc(560)] Fenced frames cannot be enabled in this configuration. Use --enable-features=FencedFrames instead.
02-19 22:07:16.651  6689  6699 W chromium: [WARNING:runtime_features.cc(585)] Topics cannot be enabled in this configuration. Use --enable-features=BrowsingTopics in addition.
02-19 22:07:16.651  6689  6699 W chromium: [WARNING:runtime_features.cc(606)] SharedStorage cannot be enabled in this configuration. Use --enable-features=SharedStorageAPI in addition.
02-19 22:07:16.664   531   603 I BpBinder: onLastStrongRef automatically unlinking death recipients: 
02-19 22:07:16.664   752  2502 W OptProp : Cannot read opt property android.window.PROPERTY_COMPAT_ALLOW_ORIENTATION_OVERRIDE
02-19 22:07:16.676   752  2502 I ActivityTaskManager: START u0 {act=android.intent.action.VIEW dat=intoss://takealook/... flg=0x10000000 xflg=0x4 pkg=viva.republica.toss.test cmp=viva.republica.toss.test/.MiniAppSchemeActivity} with LAUNCH_MULTIPLE from uid 2000 (BAL_ALLOW_PERMISSION) result code=0
02-19 22:07:16.677  4449  4467 V WindowManagerShell: Transition requested (#1134): android.os.BinderProxy@4c9e71a TransitionRequestInfo { type = OPEN, triggerTask = TaskInfo{userId=0 taskId=187 effectiveUid=10217 displayId=0 isRunning=true baseIntent=Intent { act=android.intent.action.VIEW dat=intoss://takealook/... flg=0x10000000 pkg=viva.republica.toss.test cmp=viva.republica.toss.test/.MiniAppSchemeActivity } baseActivity=ComponentInfo{viva.republica.toss.test/viva.republica.toss.test.MiniAppSchemeActivity} topActivity=ComponentInfo{viva.republica.toss.test/viva.republica.toss.test.MiniAppSchemeActivity} origActivity=null realActivity=ComponentInfo{viva.republica.toss.test/viva.republica.toss.test.MiniAppSchemeActivity} numActivities=1 lastActiveTime=117910519 supportsMultiWindow=true resizeMode=1 isResizeable=true minWidth=-1 minHeight=-1 defaultMinSize=220 token=WCT{android.window.IWindowContainerToken$Stub$Proxy@67d824b} topActivityType=1 pictureInPictureParams=null shouldDockBigOverlays=false launchIntoPipHostTaskId=-1 lastParentTaskIdBeforePip=-1 displayCutoutSafeInsets=Rect(0, 0 - 0, 0) topActivityInfo=ActivityInfo{2258428 viva.republica.toss.test.MiniAppSchemeActivity} launchCookies=[] positionInParent=Point(0, 0) parentTaskId=-1 isFocused=false isVisible=false isVisibleRequested=false isTopActivityNoDisplay=false isSleeping=false locusId=null displayAreaFeatureId=1 isTopActivityTransparent=true isActivityStackTransparent=true lastNonFullscreenBounds=Rect(284, 660 - 796, 1740) capturedLink=null capturedLinkTimestamp=0 requestedVisibleTypes=-9 topActivityRequestOpenInBrowserEducationTimestamp=0 appCompatTaskInfo=AppCompatTaskInfo { topActivityInSizeCompat=false eligibleForLetterboxEducation= false isLetterboxEducationEnabled= true isLetterboxDoubleTapEnabled= false eligibleForUserAspectRatioButton= false topActivityBoundsLetterboxed= false isFromLetterboxDoubleTap= false topActivityLetterboxVerticalPosition= -1 topActivityLetterboxHorizontalPosition= -1 topActivityLetterboxWidth=-1 topActivityLetterboxHeight=-1 topActivityAppBounds=Rect(0, 0 - 1080, 2400) isUserFullscreenOverrideEnabled=false isSystemFullscreenOverrideEnabled=false hasMinAspectRatioOverride=false topActivityLetterboxBounds=null cameraCompatTaskInfo=CameraCompatTaskInfo { freeformCameraCompatMode=inactive}} topActivityMainWindowFrame=null}, pipChange = null, remoteTransition = null, displayChange = null, flags = 0, debugId = 1134 }
02-19 22:07:16.678  4449  4467 D ShellSplitScreen: logExit: no-op, mLoggerSessionId is null
02-19 22:07:16.680 19166 19166 W SplitSelectStateCtor: Missing session instanceIds
02-19 22:07:16.680 19166 19166 D StatsLog: LAUNCHER_SPLIT_SELECTION_EXIT_INTERRUPTED
02-19 22:07:16.684   752  1246 W OptProp : Cannot read opt property android.window.PROPERTY_COMPAT_ENABLE_FAKE_FOCUS
02-19 22:07:16.685   752  1246 D CompatChangeReporter: Compat change id reported: 324203798; UID 10217; state: ENABLED
02-19 22:07:16.704   752  1095 D BackgroundInstallControlService: Package event received: 0
02-19 22:07:16.713  4449  4467 D WindowManagerShell: setLauncherKeepClearAreaHeight: visible=false, height=527
02-19 22:07:16.730   531   531 I BpBinder: onLastStrongRef automatically unlinking death recipients: 
02-19 22:07:16.770   752  1095 D BackgroundInstallControlService: Package event received: 0
02-19 22:07:16.770   752  1095 D BackgroundInstallControlService: Package event received: 0
02-19 22:07:16.770   752  1095 D BackgroundInstallControlService: Package event received: 0
02-19 22:07:16.771   752  1095 D BackgroundInstallControlService: Package event received: 0
02-19 22:07:16.771   752  1095 D BackgroundInstallControlService: Package event received: 0
02-19 22:07:16.771   752  1095 D BackgroundInstallControlService: Package event received: 0
02-19 22:07:16.771   752  1095 D BackgroundInstallControlService: Package event received: 0
02-19 22:07:16.775  6650  6650 I blica.toss.test: AssetManager2(0x7d8fac4333f8) locale list changing from [] to [en-US]
02-19 22:07:16.784  6650  6729 W HWUI    : Failed to choose config with EGL_SWAP_BEHAVIOR_PRESERVED, retrying without...
02-19 22:07:16.785  6650  6729 W HWUI    : Failed to initialize 101010-2 format, error = EGL_SUCCESS
02-19 22:07:16.898   615  2506 W IPCThreadState: Sending oneway calls to frozen process.
02-19 22:07:16.949   752  1456 D CoreBackPreview: Window{90bc715 u0 viva.republica.toss.test/viva.republica.toss.test.MiniAppSchemeActivity}: Setting back callback OnBackInvokedCallbackInfo{mCallback=android.window.IOnBackInvokedCallback$Stub$Proxy@7cc55b8, mPriority=0, mIsAnimationCallback=false, mOverrideBehavior=0}
02-19 22:07:16.954   752   795 W Looper  : Slow dispatch took 231ms android.ui app=system_server main=false group=TOP_APP h=com.android.server.am.ActivityManagerService$UiHandler c=com.android.server.am.UidObserverController$$ExternalSyntheticLambda0@6a2cd6d m=0
02-19 22:07:16.954 19301 20335 I FontLog : (REDACTED) Received query %s, URI %s
02-19 22:07:16.955 19301 20335 I FontLog : (REDACTED) Query [%s] resolved to %s
02-19 22:07:16.956 19301 20335 I FontLog : (REDACTED) Font PFD returned from cache for %s
02-19 22:07:16.956 19301 20335 I FontLog : (REDACTED) Fetch %s end status %s
02-19 22:07:16.969   752   795 W Looper  : Slow delivery took 207ms android.ui app=system_server main=false group=TOP_APP h=com.android.server.am.ActivityManagerService$UiHandler c=com.android.server.am.UidObserverController$$ExternalSyntheticLambda0@6a2cd6d m=0
02-19 22:07:16.969 19301 20335 I FontLog : (REDACTED) Pulling font file for id = %d, cache size = %d
02-19 22:07:16.970   752   795 W Looper  : Drained
02-19 22:07:16.987 19301 19458 I FontLog : (REDACTED) Received query %s, URI %s
02-19 22:07:16.987 19301 19458 I FontLog : (REDACTED) Query [%s] resolved to %s
02-19 22:07:17.004 19301 19458 I FontLog : (REDACTED) Fetch %s end status %s
02-19 22:07:17.052 19301 19458 I FontLog : (REDACTED) Pulling font file for id = %d, cache size = %d
