--------- beginning of main
02-19 20:48:19.053   752   797 W IPCThreadState: Sending oneway calls to frozen process.
02-19 20:48:19.055   752   797 W IPCThreadState: Sending oneway calls to frozen process.
02-19 20:48:19.055   752   797 W IPCThreadState: Sending oneway calls to frozen process.
02-19 20:48:19.056   752   797 W IPCThreadState: Sending oneway calls to frozen process.
--------- beginning of system
02-19 20:48:19.056   752  1095 D BackgroundInstallControlService: Package event received: 0
02-19 20:48:19.068   752   797 W IPCThreadState: Sending oneway calls to frozen process.
02-19 20:48:19.071   752   797 W IPCThreadState: Sending oneway calls to frozen process.
02-19 20:48:19.072   752   797 W IPCThreadState: Sending oneway calls to frozen process.
02-19 20:48:19.073   752   797 W IPCThreadState: Sending oneway calls to frozen process.
02-19 20:48:19.080   752  1095 D BackgroundInstallControlService: Package event received: 0
02-19 20:48:19.084   752   797 W IPCThreadState: Sending oneway calls to frozen process.
02-19 20:48:19.085   752   797 W IPCThreadState: Sending oneway calls to frozen process.
02-19 20:48:19.086   752   797 W IPCThreadState: Sending oneway calls to frozen process.
02-19 20:48:19.086   752   797 W IPCThreadState: Sending oneway calls to frozen process.
02-19 20:48:19.089   752   797 W IPCThreadState: Sending oneway calls to frozen process.
02-19 20:48:19.091   752   797 W IPCThreadState: Sending oneway calls to frozen process.
02-19 20:48:19.095   752   797 W IPCThreadState: Sending oneway calls to frozen process.
02-19 20:48:19.108   752   797 W IPCThreadState: Sending oneway calls to frozen process.
02-19 20:48:19.109   752   797 W ProcessStats: Tracking association SourceState{1b917ca system/1000 BFgs #25710} whose proc state 4 is better than process ProcessState{42c4ef0 com.google.android.ext.services/10208 pkg=com.google.android.ext.services} proc state 14 (17 skipped)
02-19 20:48:19.145   752  1029 D InetDiagMessage: Destroyed 0 sockets, proto=IPPROTO_TCP, family=AF_INET, states=14
02-19 20:48:19.149   752  1029 D InetDiagMessage: Destroyed 0 sockets, proto=IPPROTO_TCP, family=AF_INET6, states=14
02-19 20:48:19.149   752  1029 D InetDiagMessage: Destroyed live tcp sockets for uids={10205} in 6ms
02-19 20:48:19.163  1971  2198 I AiAiEcho: #postPredictionTargets: Sending updates to UISurface home with targets# 0 (types=[])
02-19 20:48:19.171 19166 19166 D SsBaseTemplateCard: No text view can be set up
02-19 20:48:19.171 19166 19166 D SsBaseTemplateCard: Passed-in item info is null
02-19 20:48:19.171 19166 19166 D SsBaseTemplateCard: Passed-in item info is null
02-19 20:48:19.172 19166 19166 D SsBaseTemplateCard: Passed-in item info is null
02-19 20:48:19.172 19166 19166 I SsBaseTemplateCard: Secondary card pane is null
02-19 20:48:19.404   752   775 I system_server: Background concurrent mark compact GC freed 25MB AllocSpace bytes, 62(1276KB) LOS objects, 41% free, 33MB/57MB, paused 5.668ms,12.332ms total 644.523ms
02-19 20:48:19.405   752   776 I BpBinder: onLastStrongRef automatically unlinking death recipients: 
02-19 20:48:19.465 28352 28355 I artd    : GetBestInfo: odex next to the dex file (/data/app/~~O-UZzK0jUU9NLgS3MODOZA==/com.google.android.gms-YQ2L6GsYyKuvu9MvIBK1EQ==/oat/x86_64/base.odex) is kOatUpToDate with filter 'speed-profile' executable 'false'
02-19 20:48:19.471 28352 28355 I artd    : GetBestInfo: odex next to the dex file (/data/app/~~O-UZzK0jUU9NLgS3MODOZA==/com.google.android.gms-YQ2L6GsYyKuvu9MvIBK1EQ==/oat/x86_64/split_AdsDynamite_installtime.odex) is kOatUpToDate with filter 'speed' executable 'false'
02-19 20:48:19.475 28352 28355 I artd    : GetBestInfo: odex next to the dex file (/data/app/~~O-UZzK0jUU9NLgS3MODOZA==/com.google.android.gms-YQ2L6GsYyKuvu9MvIBK1EQ==/oat/x86_64/split_CronetDynamite_installtime.odex) is kOatUpToDate with filter 'speed' executable 'false'
02-19 20:48:19.478 28352 28355 I artd    : GetBestInfo: odex next to the dex file (/data/app/~~O-UZzK0jUU9NLgS3MODOZA==/com.google.android.gms-YQ2L6GsYyKuvu9MvIBK1EQ==/oat/x86_64/split_DynamiteLoader_installtime.odex) is kOatUpToDate with filter 'speed' executable 'false'
02-19 20:48:19.484 28352 28355 I artd    : GetBestInfo: odex next to the dex file (/data/app/~~O-UZzK0jUU9NLgS3MODOZA==/com.google.android.gms-YQ2L6GsYyKuvu9MvIBK1EQ==/oat/x86_64/split_DynamiteModulesA_installtime.odex) is kOatUpToDate with filter 'speed' executable 'false'
02-19 20:48:19.489 28352 28355 I artd    : GetBestInfo: odex next to the dex file (/data/app/~~O-UZzK0jUU9NLgS3MODOZA==/com.google.android.gms-YQ2L6GsYyKuvu9MvIBK1EQ==/oat/x86_64/split_DynamiteModulesC_installtime.odex) is kOatUpToDate with filter 'speed' executable 'false'
02-19 20:48:19.494 28352 28355 I artd    : GetBestInfo: odex next to the dex file (/data/app/~~O-UZzK0jUU9NLgS3MODOZA==/com.google.android.gms-YQ2L6GsYyKuvu9MvIBK1EQ==/oat/x86_64/split_GoogleCertificates_installtime.odex) is kOatUpToDate with filter 'speed' executable 'false'
02-19 20:48:19.499 28352 28355 I artd    : GetBestInfo: odex next to the dex file (/data/app/~~O-UZzK0jUU9NLgS3MODOZA==/com.google.android.gms-YQ2L6GsYyKuvu9MvIBK1EQ==/oat/x86_64/split_MapsDynamite_installtime.odex) is kOatUpToDate with filter 'speed' executable 'false'
02-19 20:48:19.504 28352 28355 I artd    : GetBestInfo: odex next to the dex file (/data/app/~~O-UZzK0jUU9NLgS3MODOZA==/com.google.android.gms-YQ2L6GsYyKuvu9MvIBK1EQ==/oat/x86_64/split_MeasurementDynamite_installtime.odex) is kOatUpToDate with filter 'speed' executable 'false'
02-19 20:48:19.509 28352 28355 I artd    : GetBestInfo: /data/app/~~O-UZzK0jUU9NLgS3MODOZA==/com.google.android.gms-YQ2L6GsYyKuvu9MvIBK1EQ==/split_maps_core_dynamite_ondemand.apk has no usable artifacts
02-19 20:48:19.514 28352 28355 I artd    : GetBestInfo: /data/user_de/0/com.google.android.gms/app_chimera/m/0000000c/dl-Appsearch.optional_250834100800.apk has no usable artifacts
02-19 20:48:19.516 28352 28355 I artd    : GetBestInfo: /data/user_de/0/com.google.android.gms/app_chimera/m/00000001/CronetDynamite.apk has no usable artifacts
02-19 20:48:19.517 28352 28355 I artd    : GetBestInfo: /data/user_de/0/com.google.android.gms/app_chimera/m/00000002/DynamiteLoader.apk has no usable artifacts
02-19 20:48:19.519 28352 28355 I artd    : GetBestInfo: /data/user_de/0/com.google.android.gms/app_chimera/m/00000005/GoogleCertificates.apk has no usable artifacts
02-19 20:48:19.523 28352 28355 I artd    : GetBestInfo: /data/user_de/0/com.google.android.gms/app_chimera/m/00000009/dl-TfliteDynamiteDynamite.integ_252130102100800.apk has no usable artifacts
02-19 20:48:19.528 28352 28355 I artd    : GetBestInfo: vdex next to the dex file (/data/user/0/com.google.android.gms/app_dg_cache/BF7C023AB90CCF01D1F467FC1CEBAF866511FF29/oat/x86_64/the.vdex) is kOatUpToDate with filter 'verify' executable 'false'
02-19 20:48:19.533 28352 28355 I artd    : GetBestInfo: /data/user_de/0/com.google.android.gms/app_chimera/m/00000010/dl-PlayCloudSearch.optional_250834100000.apk has no usable artifacts
02-19 20:48:19.537 28352 28355 I artd    : GetBestInfo: /data/user_de/0/com.google.android.gms/app_chimera/m/00000017/dl-PlayCloudSearch.optional_260438100000.apk has no usable artifacts
02-19 20:48:19.541 28352 28355 I artd    : GetBestInfo: /data/user_de/0/com.google.android.gms/app_chimera/m/00000015/dl-MlkitOcrCommon.optional_260438100800.apk has no usable artifacts
02-19 20:48:19.545 28352 28355 I artd    : GetBestInfo: /data/user_de/0/com.google.android.gms/app_chimera/m/00000013/dl-MlkitBarcodeUi.optional_260438100800.apk has no usable artifacts
02-19 20:48:19.550 28352 28355 I artd    : GetBestInfo: /data/user_de/0/com.google.android.gms/app_chimera/m/0000000f/dl-MlkitOcrCommon.optional_250834100800.apk has no usable artifacts
02-19 20:48:19.554 28352 28355 I artd    : GetBestInfo: /data/user_de/0/com.google.android.gms/app_chimera/m/0000000d/dl-VisionOcr.optional_250834100000.apk has no usable artifacts
02-19 20:48:19.559 28352 28355 I artd    : GetBestInfo: /data/user_de/0/com.google.android.gms/app_chimera/m/0000000a/dl-MlkitBarcodeUi.optional_250834100800.apk has no usable artifacts
02-19 20:48:19.564 28352 28355 I artd    : GetBestInfo: /data/user_de/0/com.google.android.gms/app_chimera/m/00000011/dl-VisionOcr.optional_260438100000.apk has no usable artifacts
02-19 20:48:19.568 28352 28355 I artd    : GetBestInfo: /data/user_de/0/com.google.android.gms/app_chimera/m/00000012/dl-Appsearch.optional_260438100800.apk has no usable artifacts
02-19 20:48:19.571 28352 28355 I artd    : GetBestInfo: vdex next to the dex file (/data/user/0/com.google.android.gms/app_dg_cache/94DF452EEF4B8E717545DCDEA6CC3C50A319A195/oat/x86_64/the.vdex) is kOatUpToDate with filter 'verify' executable 'false'
02-19 20:48:19.573 28352 28355 I artd    : GetBestInfo: /data/user_de/0/com.google.android.gms/app_chimera/m/00000007/MeasurementDynamite.apk has no usable artifacts
02-19 20:48:19.574 28352 28355 I artd    : GetBestInfo: /data/user_de/0/com.google.android.gms/app_chimera/m/00000018/dl-AdsFdrDynamite.integ_254380203100000.apk has no usable artifacts
02-19 20:48:19.698   752  1029 D InetDiagMessage: Destroyed 0 sockets, proto=IPPROTO_TCP, family=AF_INET, states=14
02-19 20:48:19.699   752  1029 D InetDiagMessage: Destroyed 0 sockets, proto=IPPROTO_TCP, family=AF_INET6, states=14
02-19 20:48:19.700   752  1029 D InetDiagMessage: Destroyed live tcp sockets for uids={10146} in 3ms
02-19 20:48:21.320   752  1856 E TaskPersister: File error accessing recents directory (directory doesn't exist?).
02-19 20:48:21.355 29486 29486 W dumpsys : Thread Pool max thread count is 0. Cannot cache binder as linkToDeath cannot be implemented. serviceName: window
02-19 20:48:21.365   752  1940 I system_server: AssetManager2(0x7d8fac4365f8) locale list changing from [] to [en-US]
02-19 20:48:21.367 19336 19720 I bbax    : (REDACTED) getHotwordActive::active query: %s, watch: %s, devices connected: %s
02-19 20:48:21.371   752  1940 I system_server: AssetManager2(0x7d8fac45c118) locale list changing from [] to [en-US]
02-19 20:48:21.374   752  1940 I system_server: AssetManager2(0x7d8fac466398) locale list changing from [] to [en-US]
02-19 20:48:21.377   752  1940 I system_server: AssetManager2(0x7d8fac4d42f8) locale list changing from [] to [en-US]
02-19 20:48:21.380   752  1940 I system_server: AssetManager2(0x7d8fac467338) locale list changing from [] to [en-US]
02-19 20:48:21.384   752  1940 I system_server: AssetManager2(0x7d8fac493ed8) locale list changing from [] to [en-US]
02-19 20:48:21.660 19166 20706 D OverviewCommandHelper: command added: CommandInfo(type=TOGGLE, status=IDLE, createTime=113175507, animationCallbacks=null, displayId=0, isLastOfBatch=true)
02-19 20:48:21.661 19166 20706 D OverviewCommandHelper: execute: CommandInfo(type=TOGGLE, status=IDLE, createTime=113175507, animationCallbacks=null, displayId=0, isLastOfBatch=true) - queue size: 1
02-19 20:48:21.662 19166 19166 D OverviewCommandHelper: executing command: CommandInfo(type=TOGGLE, status=PROCESSING, createTime=113175507, animationCallbacks=null, displayId=0, isLastOfBatch=true)
02-19 20:48:21.662 19166 19166 D OverviewCommandHelper: executeCommand: CommandInfo(type=TOGGLE, status=PROCESSING, createTime=113175507, animationCallbacks=null, displayId=0, isLastOfBatch=true) - visibleRecentsView: null
02-19 20:48:21.662 19166 19166 D OverviewCommandHelper: Querying TaskbarManager for TaskbarUIController for display: 0
02-19 20:48:21.662 19166 19166 D OverviewCommandHelper: TaskbarUIController for display 0 was found
02-19 20:48:21.663 19166 19166 D TFOManager: playPanelCloseAnimation() duration=150 traceTag=LauncherOverlay-hide isHomeButtonTap=true
02-19 20:48:21.663 19166 19166 D TFOManager: Skipped creating panel close animation because -1 is invisible.
02-19 20:48:21.664 19166 19166 D StateManager: goToState - fromState: Normal, toState: Overview, partial trace:
02-19 20:48:21.664 19166 19166 D StateManager: 	at com.android.quickstep.LauncherActivityInterface.switchToRecentsIfVisible(go/retraceme 72a59688580715d19f0e415c69e80376c2f062d1648c80db6730905005a27c20:39)
02-19 20:48:21.664 19166 19166 D StateManager: 	at com.android.quickstep.OverviewCommandHelper.executeWhenRecentsIsNotVisible(go/retraceme 72a59688580715d19f0e415c69e80376c2f062d1648c80db6730905005a27c20:292)
02-19 20:48:21.664 19166 19166 D StateManager: 	at com.android.quickstep.OverviewCommandHelper.executeCommand(go/retraceme 72a59688580715d19f0e415c69e80376c2f062d1648c80db6730905005a27c20:49)
02-19 20:48:21.666 19166 19166 D OverviewCommandHelper: switching to Overview state - waiting: CommandInfo(type=TOGGLE, status=PROCESSING, createTime=113175507, animationCallbacks=null, displayId=0, isLastOfBatch=true)
02-19 20:48:21.666 19166 19166 D OverviewCommandHelper: command executed: CommandInfo(type=TOGGLE, status=PROCESSING, createTime=113175507, animationCallbacks=null, displayId=0, isLastOfBatch=true) with result: false
02-19 20:48:21.666 19166 19166 D OverviewCommandHelper: waiting for command callback: CommandInfo(type=TOGGLE, status=PROCESSING, createTime=113175507, animationCallbacks=null, displayId=0, isLastOfBatch=true)
02-19 20:48:21.673  4449  4449 I vol.VolumeDialogImpl: mDialog.dismiss() reason: volume_controller from: com.android.systemui.volume.VolumeDialogImpl$7.onDismissRequested:3
02-19 20:48:23.081   531   568 W EventThread: Faking VSYNC due to driver stall for thread app
02-19 20:48:23.093 19166 19166 D StateManager: onStateTransitionStart - state: Overview
02-19 20:48:23.093 19166 19166 D RecentsView: updateTaskStackListenerState: true
02-19 20:48:23.094 19166 19166 D RecentsView: reloadIfNeeded - getTasks: 422
02-19 20:48:23.098 19166 19166 D OverviewCommandHelper: switching to Overview state - onAnimationStart: CommandInfo(type=TOGGLE, status=PROCESSING, createTime=113175507, animationCallbacks=null, displayId=0, isLastOfBatch=true)
02-19 20:48:23.101 19166 19166 D StatsLog: LAUNCHER_OVERVIEW_SHOW_OVERVIEW_FROM_3_BUTTON
02-19 20:48:23.120   752  1095 D BackgroundInstallControlService: Package event received: 0
02-19 20:48:23.125   752  1940 W ActivityTaskManager: getTaskSnapshot: taskId=119 not found
02-19 20:48:23.130   752  1981 W ActivityTaskManager: takeTaskSnapshot: taskId=119 not found or not visible
02-19 20:48:23.143 19166 19166 D RecentsView: applyLoadPlan - taskGroups: [type=SINGLE task=[id=12 windowingMode=0 user=0 lastActiveTime=89737] null, type=SINGLE task=[id=49 windowingMode=1 user=0 lastActiveTime=87698314] null]
02-19 20:48:23.170 19166 19166 D OverviewActionsView: updateForGroupedTask() called with: isGroupedTask = [false], canSaveAppPair = [false]
02-19 20:48:23.170 19166 19166 D OverviewActionsView: updateActionButtonsVisibility() called: showSingleTaskActions = [true], showGroupActions = [false]
02-19 20:48:23.258 20022 20022 I StylusModule: StylusModule.onUpdateToolType():801 Update tool type = 0
02-19 20:48:23.269   531   531 I BpBinder: onLastStrongRef automatically unlinking death recipients: 
02-19 20:48:23.375 19166 19166 D StateManager: goToState - fromState: Overview, toState: Normal, partial trace:
02-19 20:48:23.375 19166 19166 D StateManager: 	at com.android.launcher3.LauncherState.onBackInvoked(go/retraceme 72a59688580715d19f0e415c69e80376c2f062d1648c80db6730905005a27c20:24)
02-19 20:48:23.375 19166 19166 D StateManager: 	at com.android.launcher3.uioverrides.states.OverviewState.onBackInvoked(go/retraceme 72a59688580715d19f0e415c69e80376c2f062d1648c80db6730905005a27c20:31)
02-19 20:48:23.375 19166 19166 D StateManager: 	at com.android.launcher3.Launcher.onStateBack(go/retraceme 72a59688580715d19f0e415c69e80376c2f062d1648c80db6730905005a27c20:9)
02-19 20:48:23.376 19166 19166 D StateManager: cancelAnimation - with ongoing animation, partial trace:
02-19 20:48:23.376 19166 19166 D StateManager: 	at com.android.launcher3.statemanager.StateManager.goToState(go/retraceme 72a59688580715d19f0e415c69e80376c2f062d1648c80db6730905005a27c20:18)
02-19 20:48:23.376 19166 19166 D StateManager: 	at com.android.launcher3.statemanager.StateManager.goToState(go/retraceme 72a59688580715d19f0e415c69e80376c2f062d1648c80db6730905005a27c20:4)
02-19 20:48:23.376 19166 19166 D StateManager: 	at com.android.launcher3.statemanager.StateManager.goToState(go/retraceme 72a59688580715d19f0e415c69e80376c2f062d1648c80db6730905005a27c20:2)
02-19 20:48:23.376 19166 19166 D OverviewCommandHelper: switching to Overview state - onAnimationEnd: CommandInfo(type=TOGGLE, status=PROCESSING, createTime=113175507, animationCallbacks=null, displayId=0, isLastOfBatch=true)
02-19 20:48:23.377 19166 19166 D OverviewCommandHelper: command executed: CommandInfo(type=TOGGLE, status=PROCESSING, createTime=113175507, animationCallbacks=null, displayId=0, isLastOfBatch=true) with result: true
02-19 20:48:23.377 19166 19166 D OverviewCommandHelper: command executed successfully! CommandInfo(type=TOGGLE, status=COMPLETED, createTime=113175507, animationCallbacks=null, displayId=0, isLastOfBatch=true)
02-19 20:48:23.378 19166 19166 D OverviewCommandHelper: no pending commands to be executed.
02-19 20:48:23.378 19166 19166 D RecentsView: finishRecentsAnimation - mRecentsAnimationController: null
02-19 20:48:23.378 19166 19166 D RecentsView: cleanupRemoteTargets - mRemoteTargetHandles: null
02-19 20:48:23.421 19166 19166 D StateManager: onStateTransitionStart - state: Normal
02-19 20:48:23.421 19166 19166 D RecentsView: updateTaskStackListenerState: false
02-19 20:48:23.429   752  1095 D BackgroundInstallControlService: Package event received: 0
02-19 20:48:23.436 19166 19166 D OverviewActionsView: updateForGroupedTask() called with: isGroupedTask = [false], canSaveAppPair = [false]
02-19 20:48:23.436 19166 19166 D OverviewActionsView: updateActionButtonsVisibility() called: showSingleTaskActions = [true], showGroupActions = [false]
02-19 20:48:23.781 19166 19166 D StateManager: onStateTransitionEnd - state: Normal
02-19 20:48:23.782 19166 19166 D RecentsView: reset - mEnableDrawingLiveTile: false, mRecentsAnimationController: null
02-19 20:48:23.783 19166 19166 D ActivityAllAppsContainerView: rebindAdapters: force: false
02-19 20:48:23.783 19166 19166 D ActivityAllAppsContainerView: rebindAdapters: Not needed.
02-19 20:48:23.828 19166 19166 D OverviewActionsView: updateForGroupedTask() called with: isGroupedTask = [false], canSaveAppPair = [false]
02-19 20:48:23.828 19166 19166 D OverviewActionsView: updateActionButtonsVisibility() called: showSingleTaskActions = [true], showGroupActions = [false]
02-19 20:48:24.826 19166 19166 I Choreographer: Skipped 56 frames!  The application may be doing too much work on its main thread.
02-19 20:48:24.843 19166 19649 I HWUI    : Davey! duration=951ms; Flags=0, FrameTimelineVsyncId=2187312, IntendedVsync=113177721079748, Vsync=113177721079748, InputEventId=0, HandleInputStart=113177724269917, AnimationStart=113177724322917, PerformTraversalsStart=113177726654917, DrawStart=113177726976917, FrameDeadline=113177754413080, FrameStartTime=113177724236917, FrameInterval=16666666, WorkloadTarget=16666666, SyncQueued=113177727123917, SyncStart=113177727724917, IssueDrawCommandsStart=113177727995917, SwapBuffers=113177729115917, FrameCompleted=113178673235917, DequeueBufferDuration=4477000, QueueBufferDuration=1959000, GpuCompleted=113178673235917, SwapBuffersCompleted=113177736834917, DisplayPresentTime=0, CommandSubmissionCompleted=113177729115917, 
02-19 20:48:24.887 29499 29499 W dumpsys : Thread Pool max thread count is 0. Cannot cache binder as linkToDeath cannot be implemented. serviceName: window
02-19 20:48:24.909 19166 19649 I HWUI    : Davey! duration=997ms; Flags=0, FrameTimelineVsyncId=2187320, IntendedVsync=113177737746414, Vsync=113178671079710, InputEventId=0, HandleInputStart=113178675602917, AnimationStart=113178675672917, PerformTraversalsStart=113178684467917, DrawStart=113178684884917, FrameDeadline=113178704413042, FrameStartTime=113178673235917, FrameInterval=16666666, WorkloadTarget=16666666, SyncQueued=113178685030917, SyncStart=113178690217917, IssueDrawCommandsStart=113178690546917, SwapBuffers=113178692701917, FrameCompleted=113178740669917, DequeueBufferDuration=75000, QueueBufferDuration=2887000, GpuCompleted=113178740669917, SwapBuffersCompleted=113178699936917, DisplayPresentTime=0, CommandSubmissionCompleted=113178692701917, 
02-19 20:48:25.188   752   779 W ActivityTaskManager: callingPackage for (uid=2000, pid=29504) has no WPC
02-19 20:48:25.191   752   779 V GrammaticalInflectionUtils: AttributionSource: android.content.AttributionSource@56784557 does not have READ_SYSTEM_GRAMMATICAL_GENDER permission.
02-19 20:48:25.192   752   779 W OptProp : Cannot read opt property android.window.PROPERTY_COMPAT_ALLOW_USER_ASPECT_RATIO_OVERRIDE
02-19 20:48:25.192   752   779 W OptProp : Cannot read opt property android.window.PROPERTY_COMPAT_ALLOW_USER_ASPECT_RATIO_FULLSCREEN_OVERRIDE
02-19 20:48:25.192   752   779 W OptProp : Cannot read opt property android.window.PROPERTY_COMPAT_ALLOW_RESIZEABLE_ACTIVITY_OVERRIDES
02-19 20:48:25.193   752   779 W OptProp : Cannot read opt property android.window.PROPERTY_COMPAT_ALLOW_MIN_ASPECT_RATIO_OVERRIDE
02-19 20:48:25.200   752   779 W OptProp : Cannot read opt property android.window.PROPERTY_COMPAT_ALLOW_ORIENTATION_OVERRIDE
02-19 20:48:25.203   531   590 I BpBinder: onLastStrongRef automatically unlinking death recipients: 
02-19 20:48:25.210   752   779 I ActivityTaskManager: START u0 {act=android.intent.action.VIEW dat=intoss://takealook/... flg=0x10000000 xflg=0x4 pkg=viva.republica.toss.test cmp=viva.republica.toss.test/.MiniAppSchemeActivity} with LAUNCH_MULTIPLE from uid 2000 (BAL_ALLOW_PERMISSION) result code=0
02-19 20:48:25.211  4449  4467 V WindowManagerShell: Transition requested (#944): android.os.BinderProxy@7dea200 TransitionRequestInfo { type = OPEN, triggerTask = TaskInfo{userId=0 taskId=121 effectiveUid=10217 displayId=0 isRunning=true baseIntent=Intent { act=android.intent.action.VIEW dat=intoss://takealook/... flg=0x10000000 pkg=viva.republica.toss.test cmp=viva.republica.toss.test/.MiniAppSchemeActivity } baseActivity=ComponentInfo{viva.republica.toss.test/viva.republica.toss.test.MiniAppSchemeActivity} topActivity=ComponentInfo{viva.republica.toss.test/viva.republica.toss.test.MiniAppSchemeActivity} origActivity=null realActivity=ComponentInfo{viva.republica.toss.test/viva.republica.toss.test.MiniAppSchemeActivity} numActivities=1 lastActiveTime=113179055 supportsMultiWindow=true resizeMode=1 isResizeable=true minWidth=-1 minHeight=-1 defaultMinSize=220 token=WCT{android.window.IWindowContainerToken$Stub$Proxy@b272a39} topActivityType=1 pictureInPictureParams=null shouldDockBigOverlays=false launchIntoPipHostTaskId=-1 lastParentTaskIdBeforePip=-1 displayCutoutSafeInsets=Rect(0, 0 - 0, 0) topActivityInfo=ActivityInfo{fa0887e viva.republica.toss.test.MiniAppSchemeActivity} launchCookies=[] positionInParent=Point(0, 0) parentTaskId=-1 isFocused=false isVisible=false isVisibleRequested=false isTopActivityNoDisplay=false isSleeping=false locusId=null displayAreaFeatureId=1 isTopActivityTransparent=true isActivityStackTransparent=true lastNonFullscreenBounds=Rect(284, 660 - 796, 1740) capturedLink=null capturedLinkTimestamp=0 requestedVisibleTypes=-9 topActivityRequestOpenInBrowserEducationTimestamp=0 appCompatTaskInfo=AppCompatTaskInfo { topActivityInSizeCompat=false eligibleForLetterboxEducation= false isLetterboxEducationEnabled= true isLetterboxDoubleTapEnabled= false eligibleForUserAspectRatioButton= false topActivityBoundsLetterboxed= false isFromLetterboxDoubleTap= false topActivityLetterboxVerticalPosition= -1 topActivityLetterboxHorizontalPosition= -1 topActivityLetterboxWidth=-1 topActivityLetterboxHeight=-1 topActivityAppBounds=Rect(0, 0 - 1080, 2400) isUserFullscreenOverrideEnabled=false isSystemFullscreenOverrideEnabled=false hasMinAspectRatioOverride=false topActivityLetterboxBounds=null cameraCompatTaskInfo=CameraCompatTaskInfo { freeformCameraCompatMode=inactive}} topActivityMainWindowFrame=null}, pipChange = null, remoteTransition = null, displayChange = null, flags = 0, debugId = 944 }
02-19 20:48:25.211  4449  4467 D ShellSplitScreen: logExit: no-op, mLoggerSessionId is null
02-19 20:48:25.213 19166 19166 W SplitSelectStateCtor: Missing session instanceIds
02-19 20:48:25.213 19166 19166 D StatsLog: LAUNCHER_SPLIT_SELECTION_EXIT_INTERRUPTED
02-19 20:48:25.215  4449  4467 D WindowManagerShell: setLauncherKeepClearAreaHeight: visible=false, height=527
02-19 20:48:25.222   752   797 V GrammaticalInflectionUtils: AttributionSource: android.content.AttributionSource@56784557 does not have READ_SYSTEM_GRAMMATICAL_GENDER permission.
02-19 20:48:25.231   752  1095 D BackgroundInstallControlService: Package event received: 0
02-19 20:48:25.235   458   458 D Zygote  : Forked child process 29507
02-19 20:48:25.237   752   806 I ActivityManager: Start proc 29507:viva.republica.toss.test/u0a217 for next-top-activity {viva.republica.toss.test/viva.republica.toss.test.MiniAppSchemeActivity}
02-19 20:48:25.238   752   806 I ActivityManager: ProcessObserver broadcast disabled
02-19 20:48:26.547   531   568 W EventThread: Faking VSYNC due to driver stall for thread app
02-19 20:48:26.547   531   569 W EventThread: Faking VSYNC due to driver stall for thread appSf
02-19 20:48:26.552   531   531 I BpBinder: onLastStrongRef automatically unlinking death recipients: 
02-19 20:48:26.585   752  1940 W ActivityTaskManager: takeTaskSnapshot: taskId=121 not found or not visible
02-19 20:48:33.601   531   568 W EventThread: Faking VSYNC due to driver stall for thread app
02-19 20:48:33.602   531   569 W EventThread: Faking VSYNC due to driver stall for thread appSf
02-19 20:48:33.621  1336  1556 D SatelliteController: iisInCarrierRoamingNbIotNtn: satellite is disabled
02-19 20:48:33.624   752   797 W BLASTSyncEngine: Sync group 944 timeout
02-19 20:48:33.624   752   797 I BLASTSyncEngine: Unfinished container: Task{85ff50a #121 type=standard A=10217:viva.republica.toss.test}
02-19 20:48:33.625   752   797 I BLASTSyncEngine: Unfinished container: ActivityRecord{8225141 u0 viva.republica.toss.test/.MiniAppSchemeActivity t121}
02-19 20:48:33.636  4449  4532 V WindowManagerShell: onTransitionReady(transaction=3229815434277)
02-19 20:48:33.633 29507 29507 I blica.toss.test: Using CollectorTypeCMC GC.
02-19 20:48:33.636   752  1856 E TaskPersister: File error accessing recents directory (directory doesn't exist?).
02-19 20:48:33.638   752   794 V WindowManager: Sent Transition (#944) createdAt=02-19 20:48:25.193 via request=TransitionRequestInfo { type = OPEN, triggerTask = TaskInfo{userId=0 taskId=121 effectiveUid=10217 displayId=0 isRunning=true baseIntent=Intent { act=android.intent.action.VIEW dat=intoss://takealook/... flg=0x10000000 pkg=viva.republica.toss.test cmp=viva.republica.toss.test/.MiniAppSchemeActivity } baseActivity=ComponentInfo{viva.republica.toss.test/viva.republica.toss.test.MiniAppSchemeActivity} topActivity=ComponentInfo{viva.republica.toss.test/viva.republica.toss.test.MiniAppSchemeActivity} origActivity=null realActivity=ComponentInfo{viva.republica.toss.test/viva.republica.toss.test.MiniAppSchemeActivity} numActivities=1 lastActiveTime=113179055 supportsMultiWindow=true resizeMode=1 isResizeable=true minWidth=-1 minHeight=-1 defaultMinSize=220 token=WCT{RemoteToken{7921b62 Task{85ff50a #121 type=standard A=10217:viva.republica.toss.test}}} topActivityType=1 pictureInPictureParams=null shouldDockBigOverlays=false launchIntoPipHostTaskId=-1 lastParentTaskIdBeforePip=-1 displayCutoutSafeInsets=Rect(0, 0 - 0, 0) topActivityInfo=ActivityInfo{b4645b0 viva.republica.toss.test.MiniAppSchemeActivity} launchCookies=[] positionInParent=Point(0, 0) parentTaskId=-1 isFocused=false isVisible=false isVisibleRequested=false isTopActivityNoDisplay=false isSleeping=false locusId=null displayAreaFeatureId=1 isTopActivityTransparent=true isActivityStackTransparent=true lastNonFullscreenBounds=Rect(284, 660 - 796, 1740) capturedLink=null capturedLinkTimestamp=0 requestedVisibleTypes=-9 topActivityRequestOpenInBrowserEducationTimestamp=0 appCompatTaskInfo=AppCompatTaskInfo { topActivityInSizeCompat=false eligibleForLetterboxEducation= false isLetterboxEducationEnabled= true isLetterboxDoubleTapEnabled= false eligibleForUserAspectRatioButton= false topActivityBoundsLetterboxed= false isFromLetterboxDoubleTap= false topActivityLetterboxVerticalPosition= -1 topActivityLetterboxHorizontalPosition= -1 topActivityLetterboxWidth=-1 topActivityLetterboxHeight=-1 topActivityAppBounds=Rect(0, 0 - 1080, 2400) isUserFullscreenOverrideEnabled=false isSystemFullscreenOverrideEnabled=false hasMinAspectRatioOverride=false topActivityLetterboxBounds=null cameraCompatTaskInfo=CameraCompatTaskInfo { freeformCameraCompatMode=inactive}} topActivityMainWindowFrame=null}, pipChange = null, remoteTransition = null, displayChange = null, flags = 0, debugId = 944 }
02-19 20:48:33.639   752   794 V WindowManager:     startWCT=WindowContainerTransaction { changes= {} hops= [] errorCallbackToken=null taskFragmentOrganizer=null }
02-19 20:48:33.640 29507 29507 W blica.toss.test: Unexpected CPU variant for x86: x86_64.
02-19 20:48:33.640 29507 29507 W blica.toss.test: Known variants: atom, sandybridge, silvermont, goldmont, goldmont-plus, goldmont-without-sha-xsaves, tremont, kabylake, alderlake, default
02-19 20:48:33.640   752   794 V WindowManager:     info={id=944 t=OPEN f=0x0 trk=0 r=[0@Point(0, 0)] c=[
02-19 20:48:33.640   752   794 V WindowManager:         {WCT{RemoteToken{7921b62 Task{85ff50a #121 type=standard A=10217:viva.republica.toss.test}}} m=OPEN f=TRANSLUCENT leash=Surface(name=Task=121)/@0x652d944 sb=Rect(0, 0 - 1080, 2400) eb=Rect(0, 0 - 1080, 2400) epz=Point(1080, 2400) d=0 taskParent=-1}
02-19 20:48:33.640   752   794 V WindowManager:     ]}
02-19 20:48:33.644  4449  4467 V WindowManagerShell: onTransitionReady (#944) android.os.BinderProxy@7dea200: {id=944 t=OPEN f=0x0 trk=0 r=[0@Point(0, 0)] c=[
02-19 20:48:33.644  4449  4467 V WindowManagerShell:         {m=OPEN f=TRANSLUCENT leash=Surface(name=Task=121)/@0x64b1df sb=Rect(0, 0 - 1080, 2400) eb=Rect(0, 0 - 1080, 2400) epz=Point(1080, 2400) d=0 taskParent=-1}
02-19 20:48:33.644  4449  4467 V WindowManagerShell:     ]}
02-19 20:48:33.646  4449  4467 V WindowManagerShell: Playing animation for (#944) android.os.BinderProxy@7dea200@0
02-19 20:48:33.646 29507 29507 E blica.toss.test: Not starting debugger since process cannot load the jdwp agent.
02-19 20:48:33.646  4449  4467 V ShellRecents: RecentsTransitionHandler.startAnimation: no controller found
02-19 20:48:33.646  4449  4467 V WindowManagerShell: Transition doesn't have explicit remote, search filters for match for {id=944 t=OPEN f=0x0 trk=0 r=[0@Point(0, 0)] c=[{m=OPEN f=TRANSLUCENT leash=Surface(name=Task=121)/@0x64b1df sb=Rect(0, 0 - 1080, 2400) eb=Rect(0, 0 - 1080, 2400) epz=Point(1080, 2400) d=0 taskParent=-1}]}
02-19 20:48:33.646  4449  4467 V WindowManagerShell:  Checking filter Pair{{types=[] flags=0x0] notFlags=0x0 checks=[{atype=undefined independent=true modes=[CLOSE,TO_BACK] flags=IN_TASK_WITH_EMBEDDED_ACTIVITY mustBeTask=false order=ANY topActivity=null launchCookie=null taskFragmentToken=android.os.BinderProxy@71546f0 windowingMode=undefined}]} RemoteTransition { remoteTransition = android.window.IRemoteTransition$Stub$Proxy@d4c8469, appThread = android.app.IApplicationThread$Stub$Proxy@c228eee, debugName = overlayBackTransition }}
02-19 20:48:33.647  4449  4467 V WindowManagerShell:  Checking filter Pair{{types=[] flags=0x0] notFlags=0x0 checks=[{atype=dream independent=true modes=[OPEN,TO_FRONT] flags=NONE mustBeTask=false order=ANY topActivity=null launchCookie=null windowingMode=undefined},{atype=home independent=true modes=[CLOSE,TO_BACK] flags=NONE mustBeTask=false order=ANY topActivity=null launchCookie=null windowingMode=undefined}]} RemoteTransition { remoteTransition = android.window.IRemoteTransition$Stub$Proxy@c578f8f, appThread = android.app.IApplicationThread$Stub$Proxy@69fe21c, debugName = LauncherToDream }}
02-19 20:48:33.647  4449  4467 V WindowManagerShell:  Checking filter Pair{{types=[] flags=0x0] notFlags=0x100 checks=[{atype=home independent=true modes=[OPEN,TO_FRONT] flags=NONE mustBeTask=false order=TOP topActivity=ComponentInfo{com.google.android.apps.nexuslauncher/com.google.android.apps.nexuslauncher.NexusLauncherActivity} launchCookie=null windowingMode=undefined},{atype=standard independent=true modes=[CLOSE,TO_BACK] flags=NONE mustBeTask=false order=ANY topActivity=null launchCookie=null windowingMode=undefined},{NOT atype=undefined independent=true modes=[] flags=NONE mustBeTask=true order=ANY topActivity=null launchCookie=null customAnim=true windowingMode=undefined}]} RemoteTransition { remoteTransition = android.window.IRemoteTransition$Stub$Proxy@69ffe25, appThread = android.app.IApplicationThread$Stub$Proxy@72cabfa, debugName = QuickstepLaunchHome }}
02-19 20:48:33.647  4449  4467 V WindowManagerShell:  Checking filter Pair{{types=[] flags=0x0] notFlags=0x0 checks=[{atype=undefined independent=true modes=[CLOSE,TO_BACK] flags=IN_TASK_WITH_EMBEDDED_ACTIVITY mustBeTask=false order=ANY topActivity=null launchCookie=null taskFragmentToken=android.os.BinderProxy@71546f0 windowingMode=undefined}]} RemoteTransition { remoteTransition = android.window.IRemoteTransition$Stub$Proxy@7c795ab, appThread = android.app.IApplicationThread$Stub$Proxy@cd70408, debugName = overlayBackTransition }}
02-19 20:48:33.648  4449  4467 V WindowManagerShell:  Checking filter Pair{{types=[] flags=0x0] notFlags=0x0 checks=[{atype=dream independent=true modes=[OPEN,TO_FRONT] flags=NONE mustBeTask=false order=ANY topActivity=null launchCookie=null windowingMode=undefined},{atype=home independent=true modes=[CLOSE,TO_BACK] flags=NONE mustBeTask=false order=ANY topActivity=null launchCookie=null windowingMode=undefined}]} RemoteTransition { remoteTransition = android.window.IRemoteTransition$Stub$Proxy@f757a1, appThread = android.app.IApplicationThread$Stub$Proxy@d898dc6, debugName = LauncherToDream }}
02-19 20:48:33.648  4449  4467 V WindowManagerShell:  Checking filter Pair{{types=[] flags=0x0] notFlags=0x100 checks=[{atype=home independent=true modes=[OPEN,TO_FRONT] flags=NONE mustBeTask=false order=TOP topActivity=ComponentInfo{com.google.android.apps.nexuslauncher/com.google.android.apps.nexuslauncher.NexusLauncherActivity} launchCookie=null windowingMode=undefined},{atype=standard independent=true modes=[CLOSE,TO_BACK] flags=NONE mustBeTask=false order=ANY topActivity=null launchCookie=null windowingMode=undefined},{NOT atype=undefined independent=true modes=[] flags=NONE mustBeTask=true order=ANY topActivity=null launchCookie=null customAnim=true windowingMode=undefined}]} RemoteTransition { remoteTransition = android.window.IRemoteTransition$Stub$Proxy@9e7e187, appThread = android.app.IApplicationThread$Stub$Proxy@3dc58b4, debugName = QuickstepLaunchHome }}
02-19 20:48:33.648  4449  4467 V WindowManagerShell:  Delegate animation for (#944) to null
02-19 20:48:33.648  4449  4467 V WindowManagerShell: start default transition animation, info = {id=944 t=OPEN f=0x0 trk=0 r=[0@Point(0, 0)] c=[{m=OPEN f=TRANSLUCENT leash=Surface(name=Task=121)/@0x64b1df sb=Rect(0, 0 - 1080, 2400) eb=Rect(0, 0 - 1080, 2400) epz=Point(1080, 2400) d=0 taskParent=-1}]}
02-19 20:48:33.649  4449  4467 V WindowManagerShell: loadAnimation: anim=android.view.animation.AnimationSet@d4730f5 animAttr=0x4 type=OPEN isEntrance=true
02-19 20:48:33.652  4449  4467 V WindowManagerShell:  animated by com.android.wm.shell.transition.DefaultTransitionHandler@f74d823
02-19 20:48:33.657 29507 29507 D nativeloader: Load libframework-connectivity-tiramisu-jni.so using APEX ns com_android_tethering for caller /apex/com.android.tethering/javalib/framework-connectivity-t.jar: ok
02-19 20:48:33.708   752  1095 D BackgroundInstallControlService: Package event received: 0
02-19 20:48:33.724 29507 29507 D ApplicationLoaders: Returning zygote-cached class loader: /system_ext/framework/androidx.window.extensions.jar
02-19 20:48:33.725 29507 29507 D ApplicationLoaders: Returning zygote-cached class loader: /system_ext/framework/androidx.window.sidecar.jar
02-19 20:48:33.749 29507 29507 D nativeloader: Configuring clns-9 for other apk /data/app/~~NUQj-rdXzuicW-16SIRtKA==/viva.republica.toss.test-Si406wFvb_sqEA2GTBV6RQ==/base.apk. target_sdk_version=35, uses_libraries=, library_path=/data/app/~~NUQj-rdXzuicW-16SIRtKA==/viva.republica.toss.test-Si406wFvb_sqEA2GTBV6RQ==/lib/x86_64:/data/app/~~NUQj-rdXzuicW-16SIRtKA==/viva.republica.toss.test-Si406wFvb_sqEA2GTBV6RQ==/base.apk!/lib/x86_64, permitted_path=/data:/mnt/expand:/data/user/0/viva.republica.toss.test
02-19 20:48:33.751 29507 29507 D CompatChangeReporter: Compat change id reported: 202956589; UID 10217; state: ENABLED
02-19 20:48:33.753 29507 29507 I blica.toss.test: AssetManager2(0x7d8fac428e58) locale list changing from [] to [en-US]
02-19 20:48:33.759 29507 29507 V GraphicsEnvironment: Currently set values for:
02-19 20:48:33.759 29507 29507 V GraphicsEnvironment:   angle_gl_driver_selection_pkgs=[]
02-19 20:48:33.759 29507 29507 V GraphicsEnvironment:   angle_gl_driver_selection_values=[]
02-19 20:48:33.759 29507 29507 V GraphicsEnvironment: viva.republica.toss.test is not listed in per-application setting
02-19 20:48:33.759 29507 29507 V GraphicsEnvironment: ANGLE allowlist from config: com.dreamgames.royalmatch com.dts.freefiremax com.dxx.firenow com.gramgames.mergedragons com.ludo.king com.mojang.minecraftpe com.my.defense com.nintendo.zaka com.os.airforce com.playrix.fishdomdd.gplay io.teslatech.callbreak jp.konami.prospia net.peakgames.toonblast
02-19 20:48:33.759 29507 29507 V GraphicsEnvironment: viva.republica.toss.test is not listed in ANGLE allowlist or settings, returning default
02-19 20:48:33.759 29507 29507 V GraphicsEnvironment: Neither updatable production driver nor prerelease driver is supported.
02-19 20:48:33.779 29507 29507 D CompatChangeReporter: Compat change id reported: 279646685; UID 10217; state: ENABLED
02-19 20:48:33.793 29507 29507 D nativeloader: Load /data/app/~~NUQj-rdXzuicW-16SIRtKA==/viva.republica.toss.test-Si406wFvb_sqEA2GTBV6RQ==/lib/x86_64/libmmkv.so using class loader ns clns-9 (caller=/data/app/~~NUQj-rdXzuicW-16SIRtKA==/viva.republica.toss.test-Si406wFvb_sqEA2GTBV6RQ==/base.apk): ok
02-19 20:48:33.801 29507 29520 E ashmem  : Pinning is deprecated since Android Q. Please use trim or other methods.
02-19 20:48:33.806 29507 29507 I blica.toss.test: AssetManager2(0x7d8fac426f18) locale list changing from [] to [en-US]
02-19 20:48:33.807 29507 29507 I WebViewFactory: Loading com.google.android.webview version 133.0.6943.137 (code 694313738)
02-19 20:48:33.811 29507 29507 I blica.toss.test: AssetManager2(0x7d8fac427878) locale list changing from [] to [en-US]
02-19 20:48:33.814 29507 29507 I blica.toss.test: AssetManager2(0x7d8fac4284f8) locale list changing from [] to [en-US]
02-19 20:48:33.816 29507 29507 V ResourcesManager: The following library key has been added: ResourcesKey{ mHash=a24a3099 mResDir=null mSplitDirs=[] mOverlayDirs=[] mLibDirs=[/data/app/~~86wu-kVgQoavtKNPNhKNpg==/com.google.android.webview-1KjOBROVBHjUvpUZHW2m2g==/WebViewGoogle.apk,/data/app/~~zfNTtjjfT5QjKD_7Ux4KKQ==/com.google.android.trichromelibrary_694313738-AgzLRnDhHPFXke_9IsnuqA==/TrichromeLibrary.apk] mDisplayId=0 mOverrideConfig=v36 mCompatInfo={420dpi always-compat} mLoaders=[]}
02-19 20:48:33.823 29507 29507 W blica.toss.test: Failed to find entry 'classes.dex': Entry not found
02-19 20:48:33.824 29507 29507 D nativeloader: Configuring clns-10 for other apk /data/app/~~zfNTtjjfT5QjKD_7Ux4KKQ==/com.google.android.trichromelibrary_694313738-AgzLRnDhHPFXke_9IsnuqA==/TrichromeLibrary.apk. target_sdk_version=34, uses_libraries=ALL, library_path=/data/app/~~86wu-kVgQoavtKNPNhKNpg==/com.google.android.webview-1KjOBROVBHjUvpUZHW2m2g==/lib/x86_64:/data/app/~~86wu-kVgQoavtKNPNhKNpg==/com.google.android.webview-1KjOBROVBHjUvpUZHW2m2g==/WebViewGoogle.apk!/lib/x86_64:/data/app/~~zfNTtjjfT5QjKD_7Ux4KKQ==/com.google.android.trichromelibrary_694313738-AgzLRnDhHPFXke_9IsnuqA==/TrichromeLibrary.apk!/lib/x86_64, permitted_path=/data:/mnt/expand
02-19 20:48:33.836 29507 29507 D ApplicationLoaders: Returning zygote-cached class loader: /system_ext/framework/androidx.window.extensions.jar
02-19 20:48:33.843 29507 29507 D nativeloader: Configuring clns-11 for other apk /data/app/~~86wu-kVgQoavtKNPNhKNpg==/com.google.android.webview-1KjOBROVBHjUvpUZHW2m2g==/WebViewGoogle.apk. target_sdk_version=34, uses_libraries=, library_path=/data/app/~~86wu-kVgQoavtKNPNhKNpg==/com.google.android.webview-1KjOBROVBHjUvpUZHW2m2g==/lib/x86_64:/data/app/~~86wu-kVgQoavtKNPNhKNpg==/com.google.android.webview-1KjOBROVBHjUvpUZHW2m2g==/WebViewGoogle.apk!/lib/x86_64:/data/app/~~zfNTtjjfT5QjKD_7Ux4KKQ==/com.google.android.trichromelibrary_694313738-AgzLRnDhHPFXke_9IsnuqA==/TrichromeLibrary.apk!/lib/x86_64, permitted_path=/data:/mnt/expand
02-19 20:48:33.887 29507 29520 D nativeloader: Configuring clns-12 for other apk . target_sdk_version=35, uses_libraries=ALL, library_path=/data/app/~~NUQj-rdXzuicW-16SIRtKA==/viva.republica.toss.test-Si406wFvb_sqEA2GTBV6RQ==/lib/x86_64:/data/app/~~NUQj-rdXzuicW-16SIRtKA==/viva.republica.toss.test-Si406wFvb_sqEA2GTBV6RQ==/base.apk!/lib/x86_64, permitted_path=/data:/mnt/expand
02-19 20:48:33.895 29507 29520 D nativeloader: Load /data/app/~~NUQj-rdXzuicW-16SIRtKA==/viva.republica.toss.test-Si406wFvb_sqEA2GTBV6RQ==/lib/x86_64/libdceb.so using isolated ns clns-12 (caller=/data/user/0/viva.republica.toss.test/Anonymous-DexFile@1467667017.jar): ok
02-19 20:48:33.900 29507 29507 I cr_WVCFactoryProvider: version=133.0.6943.137 (694313738) minSdkVersion=29 isBundle=false multiprocess=true packageId=2
02-19 20:48:33.961 29507 29507 D nativeloader: Load /data/app/~~zfNTtjjfT5QjKD_7Ux4KKQ==/com.google.android.trichromelibrary_694313738-AgzLRnDhHPFXke_9IsnuqA==/TrichromeLibrary.apk!/lib/x86_64/libmonochrome_64.so using class loader ns clns-11 (caller=/data/app/~~86wu-kVgQoavtKNPNhKNpg==/com.google.android.webview-1KjOBROVBHjUvpUZHW2m2g==/WebViewGoogle.apk): ok
02-19 20:48:33.970 29507 29507 D nativeloader: Load /system/lib64/libwebviewchromium_plat_support.so using class loader ns clns-11 (caller=/data/app/~~86wu-kVgQoavtKNPNhKNpg==/com.google.android.webview-1KjOBROVBHjUvpUZHW2m2g==/WebViewGoogle.apk): ok
02-19 20:48:33.983 29507 29525 E chromium: [0219/204833.982849:ERROR:variations_seed_loader.cc(39)] Seed missing signature.
02-19 20:48:33.991 29507 29525 I chromium: [0219/204833.990445:INFO:variations_seed_loader.cc(67)] Failed to open file for reading.: No such file or directory (2)
02-19 20:48:34.008 29507 29507 I cr_LibraryLoader: Successfully loaded native library
02-19 20:48:34.009 29507 29507 I cr_CachingUmaRecorder: Flushed 6 samples from 6 histograms, 0 samples were dropped.
02-19 20:48:34.016 29507 29507 I cr_CombinedPProvider: #registerProvider() provider:WV.C8@88ca54d isPolicyCacheEnabled:false policyProvidersSize:0
02-19 20:48:34.019 29507 29507 I cr_PolicyProvider: #setManagerAndSource() 0
02-19 20:48:34.029   752  1940 V GrammaticalInflectionUtils: AttributionSource: android.content.AttributionSource@acfe0598 does not have READ_SYSTEM_GRAMMATICAL_GENDER permission.
02-19 20:48:34.037 29507 29507 I cr_CombinedPProvider: #linkNativeInternal() 1
02-19 20:48:34.038 29507 29507 I cr_AppResProvider: #getApplicationRestrictionsFromUserManager() Bundle[EMPTY_PARCEL]
02-19 20:48:34.039 29507 29507 I cr_PolicyProvider: #notifySettingsAvailable() 0
02-19 20:48:34.039 29507 29507 I cr_CombinedPProvider: #onSettingsAvailable() 0
02-19 20:48:34.039 29507 29507 I cr_CombinedPProvider: #flushPolicies()
02-19 20:48:34.042  1263  1263 D Zygote  : Forked child process 29529
02-19 20:48:34.056 29529 29529 I ocessService0:0: Using CollectorTypeCMC GC.
02-19 20:48:34.060 29529 29529 W ocessService0:0: Unexpected CPU variant for x86: x86_64.
02-19 20:48:34.060 29529 29529 W ocessService0:0: Known variants: atom, sandybridge, silvermont, goldmont, goldmont-plus, goldmont-without-sha-xsaves, tremont, kabylake, alderlake, default
02-19 20:48:34.070 29529 29529 E ocessService0:0: Not starting debugger since process cannot load the jdwp agent.
02-19 20:48:34.085 29529 29529 D nativeloader: Load libframework-connectivity-tiramisu-jni.so using APEX ns com_android_tethering for caller /apex/com.android.tethering/javalib/framework-connectivity-t.jar: ok
02-19 20:48:34.085   752  1095 D BackgroundInstallControlService: Package event received: 0
02-19 20:48:34.107 29507 29507 I blica.toss.test: AssetManager2(0x7d8fac4281d8) locale list changing from [] to [en-US]
02-19 20:48:34.114 29507 29507 I blica.toss.test: AssetManager2(0x7d8fac425938) locale list changing from [] to [en-US]
02-19 20:48:34.121 29507 29507 D DesktopModeFlags: Toggle override initialized to: OVERRIDE_UNSET
02-19 20:48:34.122 29507 29507 I DisplayManager: Implicitly registering for refresh rate
02-19 20:48:47.553   531   568 W EventThread: Faking VSYNC due to driver stall for thread app
02-19 20:48:47.571 27008 27008 I wpa_supplicant: wlan0: CTRL-EVENT-BEACON-LOSS 
02-19 20:48:47.573   752   797 W ActivityTaskManager: Launch timeout has expired, giving up wake lock!
02-19 20:48:47.574 29507 29527 W cr_ChildProcessConn: Fallback to ComponentInfo{com.google.android.webview/org.chromium.content.app.SandboxedProcessService1}
02-19 20:48:47.589  4449  4472 I Choreographer: Skipped 814 frames!  The application may be doing too much work on its main thread.
02-19 20:48:47.600  4449  4467 V WindowManagerShell: Transition animation finished (aborted=false), notifying core (#944) android.os.BinderProxy@7dea200@0
02-19 20:48:47.604  4449  4467 V WindowManagerShell: Track 0 became idle
02-19 20:48:47.605  4449  4467 V WindowManagerShell: All active transition animations finished
02-19 20:48:47.627   752   794 V WindowManager: Finish Transition (#944): created at 02-19 20:48:25.193 collect-started=0.167ms request-sent=15.903ms started=18.875ms ready=-1.13179040438E8ms sent=8437.581ms commit=62.024ms finished=22408.194ms
02-19 20:48:47.629   752   806 W ActivityManager: Slow operation: 13601ms so far, now at startProcess: returned from zygote!
02-19 20:48:47.651   752  1456 D ActivityManager: sync unfroze 3453 com.google.android.gms for 6
02-19 20:48:47.688   752   752 W Looper  : Slow delivery took 8826ms main app=system_server main=true group=FOREGROUND h=com.android.server.pm.SnapshotStatistics$1 c=null m=0
02-19 20:48:47.696   752  1095 D BackgroundInstallControlService: Package event received: 0
02-19 20:48:47.698   752  1456 D CompatChangeReporter: Compat change id reported: 311208629; UID 10217; state: ENABLED
02-19 20:48:47.736   752  1940 W ActivityManager: Slow operation: 13707ms so far, now at startProcess: done updating battery stats
02-19 20:48:47.737   752  1940 W ActivityManager: Slow operation: 13708ms so far, now at startProcess: building log message
02-19 20:48:47.737   752  1940 I ActivityManager: Start proc 29529:com.google.android.webview:sandboxed_process0:org.chromium.content.app.SandboxedProcessService0:0/u0i80 for  {viva.republica.toss.test/org.chromium.content.app.SandboxedProcessService0:0}
02-19 20:48:47.737   752  1940 W ActivityManager: Slow operation: 13709ms so far, now at startProcess: starting to update pids map
02-19 20:48:47.738   752  1940 I ActivityManager: ProcessObserver broadcast disabled
02-19 20:48:47.738  3453  3453 D BoundBrokerSvc: onBind: Intent { act=com.google.android.gms.safetynet.service.START xflg=0x4 pkg=com.google.android.gms }
02-19 20:48:47.739  3453  3453 D BoundBrokerSvc: Loading bound service for intent: Intent { act=com.google.android.gms.safetynet.service.START xflg=0x4 pkg=com.google.android.gms }
02-19 20:48:47.738   752  1940 W ActivityManager: Slow operation: 13710ms so far, now at startProcess: done updating pids map
02-19 20:48:47.761 29529 29529 D CompatChangeReporter: Compat change id reported: 242716250; UID 99080; state: ENABLED
02-19 20:48:47.767   752  1789 D ActivityManager: sync unfroze 19378 com.google.android.webview:webview_service for 6
02-19 20:48:47.769   752  1789 W IPCThreadState: Sending oneway calls to frozen process.
02-19 20:48:47.783   752  2377 V GrammaticalInflectionUtils: AttributionSource: android.content.AttributionSource@aeb2de37 does not have READ_SYSTEM_GRAMMATICAL_GENDER permission.
02-19 20:48:47.797  1263  1263 D Zygote  : Forked child process 29557
02-19 20:48:47.811 29557 29557 I ocessService1:0: Using CollectorTypeCMC GC.
02-19 20:48:47.829   752  1095 D BackgroundInstallControlService: Package event received: 0
02-19 20:48:47.829   752  1095 D BackgroundInstallControlService: Package event received: 0
02-19 20:48:47.832 29557 29557 W ocessService1:0: Unexpected CPU variant for x86: x86_64.
02-19 20:48:47.832 29557 29557 W ocessService1:0: Known variants: atom, sandybridge, silvermont, goldmont, goldmont-plus, goldmont-without-sha-xsaves, tremont, kabylake, alderlake, default
02-19 20:48:47.839 29557 29557 E ocessService1:0: Not starting debugger since process cannot load the jdwp agent.
02-19 20:48:47.847 29557 29557 D nativeloader: Load libframework-connectivity-tiramisu-jni.so using APEX ns com_android_tethering for caller /apex/com.android.tethering/javalib/framework-connectivity-t.jar: ok
02-19 20:48:47.850   752  1095 D BackgroundInstallControlService: Package event received: 0
02-19 20:48:47.852 29529 29529 D ApplicationLoaders: Returning zygote-cached class loader: /system_ext/framework/androidx.window.extensions.jar
02-19 20:48:47.857 29529 29529 I ocessService0:0: AssetManager2(0x7d8fac42ba18) locale list changing from [] to [en-US]
