02-19 18:38:11.208   752  2503 W ActivityManager: pid 752 system sent binder code 7 with flags 1 to frozen apps and got error -32
02-19 18:38:11.208   752  2503 D ActivityManager: Too many transaction errors, throttling freezer binder callback.
02-19 18:38:11.208   752  2503 W WindowManager: Exception thrown during dispatchAppVisibility Window{f78cd63 u0 viva.republica.toss.test/im.toss.rn.granite.core.GraniteActivity EXITING}
02-19 18:38:11.208   752  2503 W WindowManager: android.os.DeadObjectException
02-19 18:38:11.208   752  2503 W WindowManager: 	at android.os.BinderProxy.transactNative(Native Method)
02-19 18:38:11.208   752  2503 W WindowManager: 	at android.os.BinderProxy.transact(BinderProxy.java:592)
02-19 18:38:11.208   752  2503 W WindowManager: 	at android.view.IWindow$Stub$Proxy.dispatchAppVisibility(IWindow.java:557)
02-19 18:38:11.208   752  2503 W WindowManager: 	at com.android.server.wm.WindowState.sendAppVisibilityToClients(WindowState.java:3151)
02-19 18:38:11.208   752  2503 W WindowManager: 	at com.android.server.wm.WindowContainer.sendAppVisibilityToClients(WindowContainer.java:1311)
02-19 18:38:11.208   752  2503 W WindowManager: 	at com.android.server.wm.WindowToken.setClientVisible(WindowToken.java:389)
02-19 18:38:11.208   752  2503 W WindowManager: 	at com.android.server.wm.ActivityRecord.setClientVisible(ActivityRecord.java:6650)
02-19 18:38:11.208   752  2503 W WindowManager: 	at com.android.server.wm.ActivityRecord.commitVisibility(ActivityRecord.java:5561)
02-19 18:38:11.208   752  2503 W WindowManager: 	at com.android.server.wm.Transition.finishTransition(Transition.java:1391)
02-19 18:38:11.208   752  2503 W WindowManager: 	at com.android.server.wm.TransitionController.finishTransition(TransitionController.java:1029)
02-19 18:38:11.208   752  2503 W WindowManager: 	at com.android.server.wm.WindowOrganizerController.finishTransition(WindowOrganizerController.java:496)
02-19 18:38:11.208   752  2503 W WindowManager: 	at android.window.IWindowOrganizerController$Stub.onTransact(IWindowOrganizerController.java:261)
02-19 18:38:11.208   752  2503 W WindowManager: 	at com.android.server.wm.WindowOrganizerController.onTransact(WindowOrganizerController.java:223)
02-19 18:38:11.208   752  2503 W WindowManager: 	at android.os.Binder.execTransactInternal(Binder.java:1426)
02-19 18:38:11.208   752  2503 W WindowManager: 	at android.os.Binder.execTransact(Binder.java:1365)
02-19 18:38:11.208   752  2503 W Process : Unable to open /proc/15830/status
02-19 18:38:11.213  4449  4467 V WindowManagerShell: Track 0 became idle
02-19 18:38:11.213  4449  4467 V WindowManagerShell: All active transition animations finished
02-19 18:38:11.220  7804  7924 I HWUI    : Davey! duration=1356ms; Flags=0, FrameTimelineVsyncId=1860531, IntendedVsync=105363671392310, Vsync=105363671392310, InputEventId=0, HandleInputStart=105363680100717, AnimationStart=105363680102062, PerformTraversalsStart=105363681367568, DrawStart=105363681488736, FrameDeadline=105363738058974, FrameStartTime=105363680095683, FrameInterval=16666666, WorkloadTarget=16666666, SyncQueued=105363681677691, SyncStart=105363700473476, IssueDrawCommandsStart=105363700888314, SwapBuffers=105363702466485, FrameCompleted=105365046468007, DequeueBufferDuration=1328076211, QueueBufferDuration=372256, GpuCompleted=105365046468007, SwapBuffersCompleted=105365036109685, DisplayPresentTime=0, CommandSubmissionCompleted=105363702466485, 
02-19 18:38:11.225  7804  7804 D RecentsView: onTaskRemoved: 74, not handling task stack changes
02-19 18:38:11.225  7804  7804 D RecentsView: onTaskRemoved: 74, not handling task stack changes
02-19 18:38:11.250   531   531 E BpTransactionCompletedListener: Failed to transact (-32)
02-19 18:38:11.445   752  2419 W ActivityTaskManager: callingPackage for (uid=2000, pid=16024) has no WPC
02-19 18:38:11.447   752  2419 V GrammaticalInflectionUtils: AttributionSource: android.content.AttributionSource@56784557 does not have READ_SYSTEM_GRAMMATICAL_GENDER permission.
02-19 18:38:11.448   752  2419 W OptProp : Cannot read opt property android.window.PROPERTY_COMPAT_ALLOW_USER_ASPECT_RATIO_OVERRIDE
02-19 18:38:11.448   752  2419 W OptProp : Cannot read opt property android.window.PROPERTY_COMPAT_ALLOW_USER_ASPECT_RATIO_FULLSCREEN_OVERRIDE
02-19 18:38:11.448   752  2419 W OptProp : Cannot read opt property android.window.PROPERTY_COMPAT_ALLOW_RESIZEABLE_ACTIVITY_OVERRIDES
02-19 18:38:11.448   752  2419 W OptProp : Cannot read opt property android.window.PROPERTY_COMPAT_ALLOW_MIN_ASPECT_RATIO_OVERRIDE
02-19 18:38:11.456   752  2419 W OptProp : Cannot read opt property android.window.PROPERTY_COMPAT_ALLOW_ORIENTATION_OVERRIDE
02-19 18:38:11.466  4449  4474 I ndroid.systemui: AssetManager2(0x7d8fac467c98) locale list changing from [] to [en-US]
02-19 18:38:11.466   752  2419 I ActivityTaskManager: START u0 {act=android.intent.action.VIEW dat=intoss://takealook/... flg=0x10000000 xflg=0x4 cmp=viva.republica.toss.test/im.toss.rn.granite.core.GraniteActivity} with LAUNCH_MULTIPLE from uid 2000 (BAL_ALLOW_PERMISSION) result code=0
02-19 18:38:11.468  4449  4467 V WindowManagerShell: Transition requested (#668): android.os.BinderProxy@9168c9f TransitionRequestInfo { type = OPEN, triggerTask = TaskInfo{userId=0 taskId=75 effectiveUid=10217 displayId=0 isRunning=true baseIntent=Intent { act=android.intent.action.VIEW dat=intoss://takealook/... flg=0x10000000 cmp=viva.republica.toss.test/im.toss.rn.granite.core.GraniteActivity } baseActivity=ComponentInfo{viva.republica.toss.test/im.toss.rn.granite.core.GraniteActivity} topActivity=ComponentInfo{viva.republica.toss.test/im.toss.rn.granite.core.GraniteActivity} origActivity=null realActivity=ComponentInfo{viva.republica.toss.test/im.toss.rn.granite.core.GraniteActivity} numActivities=1 lastActiveTime=105365312 supportsMultiWindow=true resizeMode=1 isResizeable=true minWidth=-1 minHeight=-1 defaultMinSize=220 token=WCT{android.window.IWindowContainerToken$Stub$Proxy@f6c81ec} topActivityType=1 pictureInPictureParams=null shouldDockBigOverlays=false launchIntoPipHostTaskId=-1 lastParentTaskIdBeforePip=-1 displayCutoutSafeInsets=Rect(0, 0 - 0, 0) topActivityInfo=ActivityInfo{95169b5 im.toss.rn.granite.core.GraniteActivity} launchCookies=[] positionInParent=Point(0, 0) parentTaskId=-1 isFocused=false isVisible=false isVisibleRequested=false isTopActivityNoDisplay=false isSleeping=false locusId=null displayAreaFeatureId=1 isTopActivityTransparent=false isActivityStackTransparent=false lastNonFullscreenBounds=Rect(284, 660 - 796, 1740) capturedLink=null capturedLinkTimestamp=0 requestedVisibleTypes=-9 topActivityRequestOpenInBrowserEducationTimestamp=0 appCompatTaskInfo=AppCompatTaskInfo { topActivityInSizeCompat=false eligibleForLetterboxEducation= false isLetterboxEducationEnabled= true isLetterboxDoubleTapEnabled= false eligibleForUserAspectRatioButton= false topActivityBoundsLetterboxed= false isFromLetterboxDoubleTap= false topActivityLetterboxVerticalPosition= -1 topActivityLetterboxHorizontalPosition= -1 topActivityLetterboxWidth=-1 topActivityLetterboxHeight=-1 topActivityAppBounds=Rect(0, 0 - 1080, 2400) isUserFullscreenOverrideEnabled=false isSystemFullscreenOverrideEnabled=false hasMinAspectRatioOverride=false topActivityLetterboxBounds=null cameraCompatTaskInfo=CameraCompatTaskInfo { freeformCameraCompatMode=inactive}} topActivityMainWindowFrame=null}, pipChange = null, remoteTransition = null, displayChange = null, flags = 0, debugId = 668 }
02-19 18:38:11.468  4449  4467 D ShellSplitScreen: logExit: no-op, mLoggerSessionId is null
02-19 18:38:11.469   752  2500 D CompatChangeReporter: Compat change id reported: 309578419; UID 10217; state: ENABLED
02-19 18:38:11.475   752   797 V GrammaticalInflectionUtils: AttributionSource: android.content.AttributionSource@56784557 does not have READ_SYSTEM_GRAMMATICAL_GENDER permission.
02-19 18:38:11.475  4449  4475 W HWUI    : Image decoding logging dropped!
02-19 18:38:11.482   458   458 D Zygote  : Forked child process 16027
02-19 18:38:11.483   752   806 I ActivityManager: Start proc 16027:viva.republica.toss.test/u0a217 for next-top-activity {viva.republica.toss.test/im.toss.rn.granite.core.GraniteActivity}
02-19 18:38:11.483   752   806 I ActivityManager: ProcessObserver broadcast disabled
02-19 18:38:28.453   531   568 W EventThread: Faking VSYNC due to driver stall for thread app
02-19 18:38:28.454   531   569 W EventThread: Faking VSYNC due to driver stall for thread appSf
02-19 18:38:28.456   531   531 I BpBinder: onLastStrongRef automatically unlinking death recipients: 
02-19 18:38:28.459  7804  7828 W HWUI    : dequeueBuffer failed, error = -110; switching to fallback
02-19 18:38:28.463 27008 27008 I wpa_supplicant: wlan0: CTRL-EVENT-BEACON-LOSS 
02-19 18:38:28.472   752   797 W ActivityTaskManager: Activity top resumed state loss timeout for ActivityRecord{32265495 u0 com.google.android.apps.nexuslauncher/.NexusLauncherActivity t5}
02-19 18:38:28.475   752   797 W ActivityTaskManager: Activity pause timeout for ActivityRecord{32265495 u0 com.google.android.apps.nexuslauncher/.NexusLauncherActivity t5}
02-19 18:38:28.480  7804  7804 I Choreographer: Skipped 1021 frames!  The application may be doing too much work on its main thread.
02-19 18:38:28.482   752   805 W ActivityManager: Process ProcessRecord{59f7379 16027:viva.republica.toss.test/u0a217} failed to attach
02-19 18:38:28.485   531   602 I BpBinder: onLastStrongRef automatically unlinking death recipients: 
02-19 18:38:28.495  7804  7840 I HWUI    : Davey! duration=17183ms; Flags=0, FrameTimelineVsyncId=1860609, IntendedVsync=105365104725586, Vsync=105365238058914, InputEventId=0, HandleInputStart=105365257186389, AnimationStart=105365257188579, PerformTraversalsStart=105365260224474, DrawStart=105365260376013, FrameDeadline=105365338058910, FrameStartTime=105365254707512, FrameInterval=16666666, WorkloadTarget=16666666, SyncQueued=105365261260798, SyncStart=105365298410032, IssueDrawCommandsStart=105365298732395, SwapBuffers=105365303788166, FrameCompleted=105382325523642, DequeueBufferDuration=0, QueueBufferDuration=0, GpuCompleted=105382323399470, SwapBuffersCompleted=105382325523642, DisplayPresentTime=0, CommandSubmissionCompleted=105365303788166, 
02-19 18:38:28.511   752  1029 D InetDiagMessage: Destroyed 0 sockets, proto=IPPROTO_TCP, family=AF_INET, states=14
02-19 18:38:28.528   752   797 I AppsFilter: interaction: PackageSetting{d389813 com.android.microdroid.empty_payload/10204} -> PackageSetting{b61a196 viva.republica.toss.test/10217} BLOCKED
02-19 18:38:28.536   752   797 I AppsFilter: interaction: PackageSetting{120ba50 com.android.adbkeyboard/10219} -> PackageSetting{b61a196 viva.republica.toss.test/10217} BLOCKED
02-19 18:38:28.535 16027 16027 I blica.toss.test: Using CollectorTypeCMC GC.
02-19 18:38:28.540 16027 16027 W blica.toss.test: Unexpected CPU variant for x86: x86_64.
02-19 18:38:28.540 16027 16027 W blica.toss.test: Known variants: atom, sandybridge, silvermont, goldmont, goldmont-plus, goldmont-without-sha-xsaves, tremont, kabylake, alderlake, default
02-19 18:38:28.543   752  1029 D InetDiagMessage: Destroyed 0 sockets, proto=IPPROTO_TCP, family=AF_INET6, states=14
02-19 18:38:28.544   752  1029 D InetDiagMessage: Destroyed live tcp sockets for uids={10205} in 34ms
02-19 18:38:28.544   752   797 W BLASTSyncEngine: Sync group 668 timeout
02-19 18:38:28.544 16027 16027 E blica.toss.test: Not starting debugger since process cannot load the jdwp agent.
02-19 18:38:28.545   752  1790 D CoreBackPreview: Window{19be7c3 u0 Splash Screen viva.republica.toss.test}: Setting back callback OnBackInvokedCallbackInfo{mCallback=android.window.IOnBackInvokedCallback$Stub$Proxy@7079904, mPriority=0, mIsAnimationCallback=false, mOverrideBehavior=0}
02-19 18:38:28.545   752   797 I BLASTSyncEngine: Unfinished container: ActivityRecord{219198182 u0 viva.republica.toss.test/im.toss.rn.granite.core.GraniteActivity t75}
02-19 18:38:28.547   752   797 I BLASTSyncEngine:   Window{19be7c3 u0 Splash Screen viva.republica.toss.test} DRAW_PENDING
02-19 18:38:28.547   752   797 I BLASTSyncEngine: Unfinished container: Task{a827027 #75 type=standard A=10217:viva.republica.toss.test}
02-19 18:38:28.547   752   797 I BLASTSyncEngine:   Window{19be7c3 u0 Splash Screen viva.republica.toss.test} DRAW_PENDING
02-19 18:38:28.548   752  1029 D InetDiagMessage: Destroyed 0 sockets, proto=IPPROTO_TCP, family=AF_INET, states=14
02-19 18:38:28.548   752  1029 D InetDiagMessage: Destroyed 0 sockets, proto=IPPROTO_TCP, family=AF_INET6, states=14
02-19 18:38:28.549   752  1029 D InetDiagMessage: Destroyed live tcp sockets for uids={20205} in 4ms
02-19 18:38:28.552   752   794 V WindowManager: Sent Transition (#668) createdAt=02-19 18:38:11.449 via request=TransitionRequestInfo { type = OPEN, triggerTask = TaskInfo{userId=0 taskId=75 effectiveUid=10217 displayId=0 isRunning=true baseIntent=Intent { act=android.intent.action.VIEW dat=intoss://takealook/... flg=0x10000000 cmp=viva.republica.toss.test/im.toss.rn.granite.core.GraniteActivity } baseActivity=ComponentInfo{viva.republica.toss.test/im.toss.rn.granite.core.GraniteActivity} topActivity=ComponentInfo{viva.republica.toss.test/im.toss.rn.granite.core.GraniteActivity} origActivity=null realActivity=ComponentInfo{viva.republica.toss.test/im.toss.rn.granite.core.GraniteActivity} numActivities=1 lastActiveTime=105365312 supportsMultiWindow=true resizeMode=1 isResizeable=true minWidth=-1 minHeight=-1 defaultMinSize=220 token=WCT{RemoteToken{ab647b3 Task{a827027 #75 type=standard A=10217:viva.republica.toss.test}}} topActivityType=1 pictureInPictureParams=null shouldDockBigOverlays=false launchIntoPipHostTaskId=-1 lastParentTaskIdBeforePip=-1 displayCutoutSafeInsets=Rect(0, 0 - 0, 0) topActivityInfo=ActivityInfo{e74170 im.toss.rn.granite.core.GraniteActivity} launchCookies=[] positionInParent=Point(0, 0) parentTaskId=-1 isFocused=false isVisible=false isVisibleRequested=false isTopActivityNoDisplay=false isSleeping=false locusId=null displayAreaFeatureId=1 isTopActivityTransparent=false isActivityStackTransparent=false lastNonFullscreenBounds=Rect(284, 660 - 796, 1740) capturedLink=null capturedLinkTimestamp=0 requestedVisibleTypes=-9 topActivityRequestOpenInBrowserEducationTimestamp=0 appCompatTaskInfo=AppCompatTaskInfo { topActivityInSizeCompat=false eligibleForLetterboxEducation= false isLetterboxEducationEnabled= true isLetterboxDoubleTapEnabled= false eligibleForUserAspectRatioButton= false topActivityBoundsLetterboxed= false isFromLetterboxDoubleTap= false topActivityLetterboxVerticalPosition= -1 topActivityLetterboxHorizontalPosition= -1 topActivityLetterboxWidth=-1 topActivityLetterboxHeight=-1 topActivityAppBounds=Rect(0, 0 - 1080, 2400) isUserFullscreenOverrideEnabled=false isSystemFullscreenOverrideEnabled=false hasMinAspectRatioOverride=false topActivityLetterboxBounds=null cameraCompatTaskInfo=CameraCompatTaskInfo { freeformCameraCompatMode=inactive}} topActivityMainWindowFrame=null}, pipChange = null, remoteTransition = null, displayChange = null, flags = 0, debugId = 668 }
02-19 18:38:28.553  7804  7804 W SplitSelectStateCtor: Missing session instanceIds
02-19 18:38:28.553  7804  7804 D StatsLog: LAUNCHER_SPLIT_SELECTION_EXIT_INTERRUPTED
02-19 18:38:28.553   752   794 V WindowManager:     startWCT=WindowContainerTransaction { changes= {} hops= [] errorCallbackToken=null taskFragmentOrganizer=null }
02-19 18:38:28.554   752   794 V WindowManager:     info={id=668 t=OPEN f=0x0 trk=0 r=[0@Point(0, 0)] c=[
02-19 18:38:28.554   752   794 V WindowManager:         {WCT{RemoteToken{ab647b3 Task{a827027 #75 type=standard A=10217:viva.republica.toss.test}}} m=OPEN f=NONE leash=Surface(name=Task=75)/@0xbf38eed sb=Rect(0, 0 - 1080, 2400) eb=Rect(0, 0 - 1080, 2400) epz=Point(1080, 2400) d=0 taskParent=-1},
02-19 18:38:28.554   752   794 V WindowManager:         {WCT{RemoteToken{5218fe8 Task{dd43522 #1 type=home}}} m=TO_BACK f=SHOW_WALLPAPER leash=Surface(name=Task=1)/@0x8ddbd2e sb=Rect(0, 0 - 1080, 2400) eb=Rect(0, 0 - 1080, 2400) epz=Point(1080, 2400) d=0 taskParent=-1},
02-19 18:38:28.554   752   794 V WindowManager:         {m=TO_BACK f=IS_WALLPAPER leash=Surface(name=WallpaperWindowToken{35e0c0f showWhenLocked=false})/@0x512f5be sb=Rect(0, 0 - 1080, 2400) eb=Rect(0, 0 - 1080, 2400) epz=Point(1080, 2400) d=0}
02-19 18:38:28.554   752   794 V WindowManager:     ]}
02-19 18:38:28.555   752   805 W ActivityTaskManager: ProcessRecord{59f7379 16027:viva.republica.toss.test/u0a217} is removed with pending start ActivityRecord{219198182 u0 viva.republica.toss.test/im.toss.rn.granite.core.GraniteActivity t75}
02-19 18:38:28.558  4449 22842 V WindowManagerShell: onTransitionReady(transaction=3229815426609)
02-19 18:38:28.558  4449  4467 V WindowManagerShell: onTransitionReady (#668) android.os.BinderProxy@9168c9f: {id=668 t=OPEN f=0x0 trk=0 r=[0@Point(0, 0)] c=[
02-19 18:38:28.558  4449  4467 V WindowManagerShell:         {m=OPEN f=NONE leash=Surface(name=Task=75)/@0xe0aa1ab sb=Rect(0, 0 - 1080, 2400) eb=Rect(0, 0 - 1080, 2400) epz=Point(1080, 2400) d=0 taskParent=-1},
02-19 18:38:28.558  4449  4467 V WindowManagerShell:         {m=TO_BACK f=SHOW_WALLPAPER leash=Surface(name=Task=1)/@0xd0b2008 sb=Rect(0, 0 - 1080, 2400) eb=Rect(0, 0 - 1080, 2400) epz=Point(1080, 2400) d=0 taskParent=-1},
02-19 18:38:28.558  4449  4467 V WindowManagerShell:         {m=TO_BACK f=IS_WALLPAPER leash=Surface(name=WallpaperWindowToken{35e0c0f showWhenLocked=false})/@0xfaf43a1 sb=Rect(0, 0 - 1080, 2400) eb=Rect(0, 0 - 1080, 2400) epz=Point(1080, 2400) d=0}
02-19 18:38:28.558  4449  4467 V WindowManagerShell:     ]}
02-19 18:38:28.559  4449  4467 V WindowManagerShell: Playing animation for (#668) android.os.BinderProxy@9168c9f@0
02-19 18:38:28.560  4449  4467 V ShellRecents: RecentsTransitionHandler.startAnimation: no controller found
02-19 18:38:28.560  4449  4467 V WindowManagerShell: Transition doesn't have explicit remote, search filters for match for {id=668 t=OPEN f=0x0 trk=0 r=[0@Point(0, 0)] c=[{m=OPEN f=NONE leash=Surface(name=Task=75)/@0xe0aa1ab sb=Rect(0, 0 - 1080, 2400) eb=Rect(0, 0 - 1080, 2400) epz=Point(1080, 2400) d=0 taskParent=-1},{m=TO_BACK f=SHOW_WALLPAPER leash=Surface(name=Task=1)/@0xd0b2008 sb=Rect(0, 0 - 1080, 2400) eb=Rect(0, 0 - 1080, 2400) epz=Point(1080, 2400) d=0 taskParent=-1},{m=TO_BACK f=IS_WALLPAPER leash=Surface(name=WallpaperWindowToken{35e0c0f showWhenLocked=false})/@0xfaf43a1 sb=Rect(0, 0 - 1080, 2400) eb=Rect(0, 0 - 1080, 2400) epz=Point(1080, 2400) d=0}]}
02-19 18:38:28.560  4449  4467 V WindowManagerShell:  Checking filter Pair{{types=[] flags=0x0] notFlags=0x0 checks=[{atype=undefined independent=true modes=[CLOSE,TO_BACK] flags=IN_TASK_WITH_EMBEDDED_ACTIVITY mustBeTask=false order=ANY topActivity=null launchCookie=null taskFragmentToken=android.os.BinderProxy@dcfd27d windowingMode=undefined}]} RemoteTransition { remoteTransition = android.window.IRemoteTransition$Stub$Proxy@d4ce572, appThread = android.app.IApplicationThread$Stub$Proxy@fd29dc3, debugName = overlayBackTransition }}
02-19 18:38:28.560  4449  4467 V WindowManagerShell:  Checking filter Pair{{types=[] flags=0x0] notFlags=0x0 checks=[{atype=dream independent=true modes=[OPEN,TO_FRONT] flags=NONE mustBeTask=false order=ANY topActivity=null launchCookie=null windowingMode=undefined},{atype=home independent=true modes=[CLOSE,TO_BACK] flags=NONE mustBeTask=false order=ANY topActivity=null launchCookie=null windowingMode=undefined}]} RemoteTransition { remoteTransition = android.window.IRemoteTransition$Stub$Proxy@90c640, appThread = android.app.IApplicationThread$Stub$Proxy@f8c1979, debugName = LauncherToDream }}
02-19 18:38:28.561  4449  4467 V WindowManagerShell:  Checking filter Pair{{types=[] flags=0x0] notFlags=0x100 checks=[{atype=home independent=true modes=[OPEN,TO_FRONT] flags=NONE mustBeTask=false order=TOP topActivity=ComponentInfo{com.google.android.apps.nexuslauncher/com.google.android.apps.nexuslauncher.NexusLauncherActivity} launchCookie=null windowingMode=undefined},{atype=standard independent=true modes=[CLOSE,TO_BACK] flags=NONE mustBeTask=false order=ANY topActivity=null launchCookie=null windowingMode=undefined},{NOT atype=undefined independent=true modes=[] flags=NONE mustBeTask=true order=ANY topActivity=null launchCookie=null customAnim=true windowingMode=undefined}]} RemoteTransition { remoteTransition = android.window.IRemoteTransition$Stub$Proxy@affe6be, appThread = android.app.IApplicationThread$Stub$Proxy@c37531f, debugName = QuickstepLaunchHome }}
02-19 18:38:28.562  4449  4467 V WindowManagerShell:  Checking filter Pair{{types=[] flags=0x0] notFlags=0x0 checks=[{atype=undefined independent=true modes=[CLOSE,TO_BACK] flags=IN_TASK_WITH_EMBEDDED_ACTIVITY mustBeTask=false order=ANY topActivity=null launchCookie=null taskFragmentToken=android.os.BinderProxy@dcfd27d windowingMode=undefined}]} RemoteTransition { remoteTransition = android.window.IRemoteTransition$Stub$Proxy@3517b6e, appThread = android.app.IApplicationThread$Stub$Proxy@261420f, debugName = overlayBackTransition }}
02-19 18:38:28.562  4449  4467 V WindowManagerShell:  Checking filter Pair{{types=[] flags=0x0] notFlags=0x0 checks=[{atype=dream independent=true modes=[OPEN,TO_FRONT] flags=NONE mustBeTask=false order=ANY topActivity=null launchCookie=null windowingMode=undefined},{atype=home independent=true modes=[CLOSE,TO_BACK] flags=NONE mustBeTask=false order=ANY topActivity=null launchCookie=null windowingMode=undefined}]} RemoteTransition { remoteTransition = android.window.IRemoteTransition$Stub$Proxy@c23e29c, appThread = android.app.IApplicationThread$Stub$Proxy@afb34a5, debugName = LauncherToDream }}
02-19 18:38:28.562  4449  4467 V WindowManagerShell:  Checking filter Pair{{types=[] flags=0x0] notFlags=0x100 checks=[{atype=home independent=true modes=[OPEN,TO_FRONT] flags=NONE mustBeTask=false order=TOP topActivity=ComponentInfo{com.google.android.apps.nexuslauncher/com.google.android.apps.nexuslauncher.NexusLauncherActivity} launchCookie=null windowingMode=undefined},{atype=standard independent=true modes=[CLOSE,TO_BACK] flags=NONE mustBeTask=false order=ANY topActivity=null launchCookie=null windowingMode=undefined},{NOT atype=undefined independent=true modes=[] flags=NONE mustBeTask=true order=ANY topActivity=null launchCookie=null customAnim=true windowingMode=undefined}]} RemoteTransition { remoteTransition = android.window.IRemoteTransition$Stub$Proxy@39de07a, appThread = android.app.IApplicationThread$Stub$Proxy@cf9f02b, debugName = QuickstepLaunchHome }}
02-19 18:38:28.562  4449  4467 V WindowManagerShell:  Delegate animation for (#668) to null
02-19 18:38:28.562  4449  4467 V WindowManagerShell: start default transition animation, info = {id=668 t=OPEN f=0x0 trk=0 r=[0@Point(0, 0)] c=[{m=OPEN f=NONE leash=Surface(name=Task=75)/@0xe0aa1ab sb=Rect(0, 0 - 1080, 2400) eb=Rect(0, 0 - 1080, 2400) epz=Point(1080, 2400) d=0 taskParent=-1},{m=TO_BACK f=SHOW_WALLPAPER leash=Surface(name=Task=1)/@0xd0b2008 sb=Rect(0, 0 - 1080, 2400) eb=Rect(0, 0 - 1080, 2400) epz=Point(1080, 2400) d=0 taskParent=-1},{m=TO_BACK f=IS_WALLPAPER leash=Surface(name=WallpaperWindowToken{35e0c0f showWhenLocked=false})/@0xfaf43a1 sb=Rect(0, 0 - 1080, 2400) eb=Rect(0, 0 - 1080, 2400) epz=Point(1080, 2400) d=0}]}
02-19 18:38:28.563 16027 16027 D nativeloader: Load libframework-connectivity-tiramisu-jni.so using APEX ns com_android_tethering for caller /apex/com.android.tethering/javalib/framework-connectivity-t.jar: ok
02-19 18:38:28.564  4449  4467 V WindowManagerShell: loadAnimation: anim=android.view.animation.AnimationSet@93634b4 animAttr=0x13 type=OPEN isEntrance=false
02-19 18:38:28.566  4449  4467 V WindowManagerShell: loadAnimation: anim=android.view.animation.AnimationSet@4ef9b23 animAttr=0x12 type=OPEN isEntrance=true
02-19 18:38:28.572  4449  4467 V WindowManagerShell:  animated by com.android.wm.shell.transition.DefaultTransitionHandler@f74d823
02-19 18:38:28.572  4449  4467 D WindowManagerShell: setLauncherKeepClearAreaHeight: visible=false, height=527
02-19 18:38:28.574  4449  4467 V WindowManagerShell: Transition requested (#669): android.os.BinderProxy@b5be820 TransitionRequestInfo { type = CLOSE, triggerTask = TaskInfo{userId=0 taskId=75 effectiveUid=10217 displayId=0 isRunning=false baseIntent=Intent { act=android.intent.action.VIEW dat=intoss://takealook/... flg=0x10000000 cmp=viva.republica.toss.test/im.toss.rn.granite.core.GraniteActivity } baseActivity=null topActivity=null origActivity=null realActivity=ComponentInfo{viva.republica.toss.test/im.toss.rn.granite.core.GraniteActivity} numActivities=0 lastActiveTime=105365312 supportsMultiWindow=true resizeMode=1 isResizeable=true minWidth=-1 minHeight=-1 defaultMinSize=220 token=WCT{android.window.IWindowContainerToken$Stub$Proxy@f9bc5d9} topActivityType=1 pictureInPictureParams=null shouldDockBigOverlays=false launchIntoPipHostTaskId=-1 lastParentTaskIdBeforePip=-1 displayCutoutSafeInsets=Rect(0, 0 - 0, 0) topActivityInfo=null launchCookies=[] positionInParent=Point(0, 0) parentTaskId=-1 isFocused=false isVisible=true isVisibleRequested=true isTopActivityNoDisplay=false isSleeping=false locusId=null displayAreaFeatureId=1 isTopActivityTransparent=false isActivityStackTransparent=true lastNonFullscreenBounds=Rect(284, 660 - 796, 1740) capturedLink=null capturedLinkTimestamp=0 requestedVisibleTypes=-9 topActivityRequestOpenInBrowserEducationTimestamp=0 appCompatTaskInfo=AppCompatTaskInfo { topActivityInSizeCompat=false eligibleForLetterboxEducation= false isLetterboxEducationEnabled= false isLetterboxDoubleTapEnabled= false eligibleForUserAspectRatioButton= false topActivityBoundsLetterboxed= false isFromLetterboxDoubleTap= false topActivityLetterboxVerticalPosition= -1 topActivityLetterboxHorizontalPosition= -1 topActivityLetterboxWidth=-1 topActivityLetterboxHeight=-1 topActivityAppBounds=Rect(0, 0 - 0, 0) isUserFullscreenOverrideEnabled=false isSystemFullscreenOverrideEnabled=false hasMinAspectRatioOverride=false topActivityLetterboxBounds=null cameraCompatTaskInfo=CameraCompatTaskInfo { freeformCameraCompatMode=undefined}} topActivityMainWindowFrame=null}, pipChange = null, remoteTransition = null, displayChange = null, flags = 0, debugId = 669 }
02-19 18:38:28.574   531   548 I BpBinder: onLastStrongRef automatically unlinking death recipients: 
02-19 18:38:28.579   752   780 D TelephonyManager: requestModemActivityInfo: Sending result to app: ModemActivityInfo{ mTimestamp=105382417 mSleepTimeMs=11088 mIdleTimeMs=3696 mActivityStatsTechSpecificInfo=[{mRat=UNKNOWN,mFrequencyRange=UNKNOWN,mTxTimeMs[]=[264, 792, 1584, 2112, 2376],mRxTimeMs=2376}]}
02-19 18:38:28.588  7804  7804 D StatsLog: LAUNCHER_ONRESUME
02-19 18:38:28.589   752   805 I ActivityManager: Killing 16027:viva.republica.toss.test/u0a217 (adj -10000): start timeout
02-19 18:38:28.593   752   797 W ActivityTaskManager: Launch timeout has expired, giving up wake lock!
02-19 18:38:28.610  4449  4467 D WindowManagerShell: setLauncherKeepClearAreaHeight: visible=true, height=527
02-19 18:38:28.614   752  1095 D BackgroundInstallControlService: Package event received: 0
02-19 18:38:28.616   752  1790 W ActivityManager: No pending application record for pid 16027 (IApplicationThread android.app.IApplicationThread$Stub$Proxy@243ac0f); dropping process
02-19 18:38:28.618  7804  7804 I NotificationListener: Handling notification state refresh for com.google.android.adservices.api#0
02-19 18:38:28.619  7804  7804 I NotificationListener: Handling notification state refresh for android#0
02-19 18:38:28.619  7804  7804 I NotificationListener: Handling notification state refresh for com.android.systemui#0
02-19 18:38:28.621  7804  7823 D QuickstepModelDelegate: notifyAppTargetEvent action=1 launchLocation=workspace/0/[-1,-1]/[1,1]
02-19 18:38:28.625  4449 22136 V WindowManagerShell: onTransitionReady(transaction=3229815426614)
02-19 18:38:28.627   752   969 D ActivityManager: freezing 8913 com.google.android.apps.messaging
02-19 18:38:28.630  4449  4467 V WindowManagerShell: onTransitionReady (#669) android.os.BinderProxy@b5be820: {id=669 t=CLOSE f=0x0 trk=0 r=[0@Point(0, 0)] c=[
02-19 18:38:28.630  4449  4467 V WindowManagerShell:         {m=TO_FRONT f=SHOW_WALLPAPER|MOVE_TO_TOP leash=Surface(name=Task=1)/@0x67664c sb=Rect(0, 0 - 1080, 2400) eb=Rect(0, 0 - 1080, 2400) epz=Point(1080, 2400) d=0 taskParent=-1},
02-19 18:38:28.630  4449  4467 V WindowManagerShell:         {m=CLOSE f=NONE leash=Surface(name=Task=75)/@0x7f9e695 sb=Rect(0, 0 - 1080, 2400) eb=Rect(0, 0 - 1080, 2400) epz=Point(1080, 2400) d=0 taskParent=-1},
02-19 18:38:28.630  4449  4467 V WindowManagerShell:         {m=TO_FRONT f=IS_WALLPAPER leash=Surface(name=WallpaperWindowToken{35e0c0f showWhenLocked=false})/@0x5e6c3aa sb=Rect(0, 0 - 1080, 2400) eb=Rect(0, 0 - 1080, 2400) epz=Point(1080, 2400) d=0}
02-19 18:38:28.630  4449  4467 V WindowManagerShell:     ]}
02-19 18:38:28.630  4449  4467 V WindowManagerShell: Transition (#669) android.os.BinderProxy@b5be820@0 ready while (#668) android.os.BinderProxy@9168c9f@0 is still animating. Notify the animating transition in case they can be merged
02-19 18:38:28.633   752   794 V WindowManager: Sent Transition (#669) createdAt=02-19 18:38:28.558 via request=TransitionRequestInfo { type = CLOSE, triggerTask = TaskInfo{userId=0 taskId=75 effectiveUid=10217 displayId=0 isRunning=false baseIntent=Intent { act=android.intent.action.VIEW dat=intoss://takealook/... flg=0x10000000 cmp=viva.republica.toss.test/im.toss.rn.granite.core.GraniteActivity } baseActivity=null topActivity=null origActivity=null realActivity=ComponentInfo{viva.republica.toss.test/im.toss.rn.granite.core.GraniteActivity} numActivities=0 lastActiveTime=105365312 supportsMultiWindow=true resizeMode=1 isResizeable=true minWidth=-1 minHeight=-1 defaultMinSize=220 token=WCT{RemoteToken{ab647b3 Task{a827027 #75 type=standard A=10217:viva.republica.toss.test}}} topActivityType=1 pictureInPictureParams=null shouldDockBigOverlays=false launchIntoPipHostTaskId=-1 lastParentTaskIdBeforePip=-1 displayCutoutSafeInsets=Rect(0, 0 - 0, 0) topActivityInfo=null launchCookies=[] positionInParent=Point(0, 0) parentTaskId=-1 isFocused=false isVisible=true isVisibleRequested=true isTopActivityNoDisplay=false isSleeping=false locusId=null displayAreaFeatureId=1 isTopActivityTransparent=false isActivityStackTransparent=true lastNonFullscreenBounds=Rect(284, 660 - 796, 1740) capturedLink=null capturedLinkTimestamp=0 requestedVisibleTypes=-9 topActivityRequestOpenInBrowserEducationTimestamp=0 appCompatTaskInfo=AppCompatTaskInfo { topActivityInSizeCompat=false eligibleForLetterboxEducation= false isLetterboxEducationEnabled= false isLetterboxDoubleTapEnabled= false eligibleForUserAspectRatioButton= false topActivityBoundsLetterboxed= false isFromLetterboxDoubleTap= false topActivityLetterboxVerticalPosition= -1 topActivityLetterboxHorizontalPosition= -1 topActivityLetterboxWidth=-1 topActivityLetterboxHeight=-1 topActivityAppBounds=Rect(0, 0 - 0, 0) isUserFullscreenOverrideEnabled=false isSystemFullscreenOverrideEnabled=false hasMinAspectRatioOverride=false topActivityLetterboxBounds=null cameraCompatTaskInfo=CameraCompatTaskInfo { freeformCameraCompatMode=undefined}} topActivityMainWindowFrame=null}, pipChange = null, remoteTransition = null, displayChange = null, flags = 0, debugId = 669 }
02-19 18:38:28.640  1971  2198 I AiAiEcho: Predicting[0]:  [CONTEXT sampling_count=5 ]
02-19 18:38:28.643  1971  2198 I AiAiEcho: EchoTargets: 
02-19 18:38:28.643  1971  2198 I AiAiEcho: Filtered by AiAi flag check: 
02-19 18:38:28.643  1971  2198 I AiAiEcho: [CONTEXT ratelimit_period="10 SECONDS" ]
02-19 18:38:28.643  1971  2198 I AiAiEcho: #remoteViewsTwiddler: feature disabled.
02-19 18:38:28.644   458   458 I Zygote  : Process 16027 exited due to signal 9 (Killed)
02-19 18:38:28.644  1971  2198 I AiAiEcho: #postPredictionTargets: Sending updates to UISurface home with targets# 0 (types=[])
02-19 18:38:28.642   752   794 V WindowManager:     startWCT=WindowContainerTransaction { changes= {} hops= [] errorCallbackToken=null taskFragmentOrganizer=null }
02-19 18:38:28.646   752   794 V WindowManager:     info={id=669 t=CLOSE f=0x0 trk=0 r=[0@Point(0, 0)] c=[
02-19 18:38:28.646   752   794 V WindowManager:         {WCT{RemoteToken{5218fe8 Task{dd43522 #1 type=home}}} m=TO_FRONT f=SHOW_WALLPAPER|MOVE_TO_TOP leash=Surface(name=Task=1)/@0x8ddbd2e sb=Rect(0, 0 - 1080, 2400) eb=Rect(0, 0 - 1080, 2400) epz=Point(1080, 2400) d=0 taskParent=-1},
02-19 18:38:28.646   752   794 V WindowManager:         {WCT{RemoteToken{ab647b3 Task{a827027 #75 type=standard A=10217:viva.republica.toss.test}}} m=CLOSE f=NONE leash=Surface(name=Task=75)/@0xbf38eed sb=Rect(0, 0 - 1080, 2400) eb=Rect(0, 0 - 1080, 2400) epz=Point(1080, 2400) d=0 taskParent=-1},
02-19 18:38:28.646   752   794 V WindowManager:         {m=TO_FRONT f=IS_WALLPAPER leash=Surface(name=WallpaperWindowToken{35e0c0f showWhenLocked=false})/@0x512f5be sb=Rect(0, 0 - 1080, 2400) eb=Rect(0, 0 - 1080, 2400) epz=Point(1080, 2400) d=0}
02-19 18:38:28.646   752   794 V WindowManager:     ]}
02-19 18:38:28.648  7804  7804 D SsBaseTemplateCard: No text view can be set up
02-19 18:38:28.648  7804  7804 D SsBaseTemplateCard: Passed-in item info is null
02-19 18:38:28.648  7804  7804 D SsBaseTemplateCard: Passed-in item info is null
02-19 18:38:28.648  7804  7804 D SsBaseTemplateCard: Passed-in item info is null
02-19 18:38:28.648  7804  7804 I SsBaseTemplateCard: Secondary card pane is null
02-19 18:38:28.648   752  1095 D BackgroundInstallControlService: Package event received: 0
02-19 18:38:28.648   752  1095 D BackgroundInstallControlService: Package event received: 0
02-19 18:38:28.649   752   969 D ActivityManager: freezing 11873 com.google.android.webview:webview_service
02-19 18:38:28.649   752   807 I libprocessgroup: Removed cgroup /sys/fs/cgroup/apps/uid_10217/pid_16027
02-19 18:38:28.650   752   969 D ActivityManager: freezing 4656 com.google.android.adservices.api
02-19 18:38:28.650   752   955 W UsageStatsService: Unexpected activity event reported! (viva.republica.toss.test/im.toss.rn.granite.core.GraniteActivity event : 23 instanceId : 215995092)
02-19 18:38:28.653   752   797 W IPCThreadState: Sending oneway calls to frozen process.
02-19 18:38:28.653   752   797 W IPCThreadState: Sending oneway calls to frozen process.
02-19 18:38:28.653   752   797 W IPCThreadState: Sending oneway calls to frozen process.
02-19 18:38:28.653   752   797 W IPCThreadState: Sending oneway calls to frozen process.
02-19 18:38:28.653   752   797 W IPCThreadState: Sending oneway calls to frozen process.
02-19 18:38:28.653   752   797 W IPCThreadState: Sending oneway calls to frozen process.
02-19 18:38:28.654   752   797 W IPCThreadState: Sending oneway calls to frozen process.
02-19 18:38:28.654   752   797 W IPCThreadState: Sending oneway calls to frozen process.
02-19 18:38:28.654   752   797 W IPCThreadState: Sending oneway calls to frozen process.
02-19 18:38:28.654   752   797 W IPCThreadState: Sending oneway calls to frozen process.
02-19 18:38:28.654   752   797 W ProcessStats: Tracking association SourceState{1b917ca system/1000 BFgs #21056} whose proc state 4 is better than process ProcessState{42c4ef0 com.google.android.ext.services/10208 pkg=com.google.android.ext.services} proc state 14 (28 skipped)
02-19 18:38:28.655   752   969 D ActivityManager: freezing 3453 com.google.android.gms
02-19 18:38:28.657   752   969 D ActivityManager: freezing 3794 com.android.vending
02-19 18:38:28.659   752   969 D ActivityManager: freezing 10620 com.android.vending:background
02-19 18:38:28.754  4449  4467 V WindowManagerShell: Transition animation finished (aborted=false), notifying core (#668) android.os.BinderProxy@9168c9f@0
02-19 18:38:28.762   752   752 W Looper  : Slow dispatch took 145ms main app=system_server main=true group=FOREGROUND h=android.app.ActivityThread$H c=android.app.LoadedApk$ReceiverDispatcher$Args$$ExternalSyntheticLambda0@5c5e6a0 m=0
02-19 18:38:28.766   752   794 V WindowManager: Finish Transition (#668): created at 02-19 18:38:11.449 collect-started=0.084ms request-sent=16.904ms started=20.487ms ready=-1.05365295957E8ms sent=17101.767ms commit=66.904ms finished=17308.277ms
02-19 18:38:28.767  4449  4467 V WindowManagerShell: Playing animation for (#669) android.os.BinderProxy@b5be820@0
02-19 18:38:28.775  4449  4467 V ShellRecents: RecentsTransitionHandler.startAnimation: no controller found
02-19 18:38:28.775  4449  4467 V WindowManagerShell: Transition doesn't have explicit remote, search filters for match for {id=669 t=CLOSE f=0x0 trk=0 r=[0@Point(0, 0)] c=[{m=TO_FRONT f=SHOW_WALLPAPER|MOVE_TO_TOP leash=Surface(name=Task=1)/@0x67664c sb=Rect(0, 0 - 1080, 2400) eb=Rect(0, 0 - 1080, 2400) epz=Point(1080, 2400) d=0 taskParent=-1},{m=CLOSE f=NONE leash=Surface(name=Task=75)/@0x7f9e695 sb=Rect(0, 0 - 1080, 2400) eb=Rect(0, 0 - 1080, 2400) epz=Point(1080, 2400) d=0 taskParent=-1},{m=TO_FRONT f=IS_WALLPAPER leash=Surface(name=WallpaperWindowToken{35e0c0f showWhenLocked=false})/@0x5e6c3aa sb=Rect(0, 0 - 1080, 2400) eb=Rect(0, 0 - 1080, 2400) epz=Point(1080, 2400) d=0}]}
02-19 18:38:28.775  4449  4467 V WindowManagerShell:  Checking filter Pair{{types=[] flags=0x0] notFlags=0x0 checks=[{atype=undefined independent=true modes=[CLOSE,TO_BACK] flags=IN_TASK_WITH_EMBEDDED_ACTIVITY mustBeTask=false order=ANY topActivity=null launchCookie=null taskFragmentToken=android.os.BinderProxy@dcfd27d windowingMode=undefined}]} RemoteTransition { remoteTransition = android.window.IRemoteTransition$Stub$Proxy@d4ce572, appThread = android.app.IApplicationThread$Stub$Proxy@fd29dc3, debugName = overlayBackTransition }}
02-19 18:38:28.775  4449  4467 V WindowManagerShell:  Checking filter Pair{{types=[] flags=0x0] notFlags=0x0 checks=[{atype=dream independent=true modes=[OPEN,TO_FRONT] flags=NONE mustBeTask=false order=ANY topActivity=null launchCookie=null windowingMode=undefined},{atype=home independent=true modes=[CLOSE,TO_BACK] flags=NONE mustBeTask=false order=ANY topActivity=null launchCookie=null windowingMode=undefined}]} RemoteTransition { remoteTransition = android.window.IRemoteTransition$Stub$Proxy@90c640, appThread = android.app.IApplicationThread$Stub$Proxy@f8c1979, debugName = LauncherToDream }}
02-19 18:38:28.776  4449  4467 V WindowManagerShell:  Checking filter Pair{{types=[] flags=0x0] notFlags=0x100 checks=[{atype=home independent=true modes=[OPEN,TO_FRONT] flags=NONE mustBeTask=false order=TOP topActivity=ComponentInfo{com.google.android.apps.nexuslauncher/com.google.android.apps.nexuslauncher.NexusLauncherActivity} launchCookie=null windowingMode=undefined},{atype=standard independent=true modes=[CLOSE,TO_BACK] flags=NONE mustBeTask=false order=ANY topActivity=null launchCookie=null windowingMode=undefined},{NOT atype=undefined independent=true modes=[] flags=NONE mustBeTask=true order=ANY topActivity=null launchCookie=null customAnim=true windowingMode=undefined}]} RemoteTransition { remoteTransition = android.window.IRemoteTransition$Stub$Proxy@affe6be, appThread = android.app.IApplicationThread$Stub$Proxy@c37531f, debugName = QuickstepLaunchHome }}
02-19 18:38:28.776  4449  4467 D RemoteTransitionHandler: Found filterPair{{types=[] flags=0x0] notFlags=0x100 checks=[{atype=home independent=true modes=[OPEN,TO_FRONT] flags=NONE mustBeTask=false order=TOP topActivity=ComponentInfo{com.google.android.apps.nexuslauncher/com.google.android.apps.nexuslauncher.NexusLauncherActivity} launchCookie=null windowingMode=undefined},{atype=standard independent=true modes=[CLOSE,TO_BACK] flags=NONE mustBeTask=false order=ANY topActivity=null launchCookie=null windowingMode=undefined},{NOT atype=undefined independent=true modes=[] flags=NONE mustBeTask=true order=ANY topActivity=null launchCookie=null customAnim=true windowingMode=undefined}]} RemoteTransition { remoteTransition = android.window.IRemoteTransition$Stub$Proxy@affe6be, appThread = android.app.IApplicationThread$Stub$Proxy@c37531f, debugName = QuickstepLaunchHome }}
02-19 18:38:28.776  4449  4467 V WindowManagerShell:  Delegate animation for (#669) to RemoteTransition { remoteTransition = android.window.IRemoteTransition$Stub$Proxy@affe6be, appThread = android.app.IApplicationThread$Stub$Proxy@c37531f, debugName = QuickstepLaunchHome }
02-19 18:38:28.780  4449  4467 V WindowManagerShell:  animated by com.android.wm.shell.transition.RemoteTransitionHandler@ef09705
02-19 18:38:28.795  7804  7804 D StateManager: createAtomicAnimation - fromState: Background, toState: Normal, partial trace:
02-19 18:38:28.795  7804  7804 D StateManager: 	at com.android.quickstep.util.ScalingWorkspaceRevealAnim.<init>(go/retraceme 72a59688580715d19f0e415c69e80376c2f062d1648c80db6730905005a27c20:39)
02-19 18:38:28.795  7804  7804 D StateManager: 	at com.android.launcher3.QuickstepTransitionManager.createWallpaperOpenAnimations(go/retraceme 72a59688580715d19f0e415c69e80376c2f062d1648c80db6730905005a27c20:168)
02-19 18:38:28.795  7804  7804 D StateManager: 	at com.android.launcher3.QuickstepTransitionManager$WallpaperOpenLauncherAnimationRunner.onAnimationStart(go/retraceme 72a59688580715d19f0e415c69e80376c2f062d1648c80db6730905005a27c20:17)
02-19 18:38:28.795  7804  7804 D b/311077782: LauncherAnimationRunner.setAnimation
02-19 18:38:28.811  7804  7823 W HWUI    : Image decoding logging dropped!
02-19 18:38:28.843   531   531 I BpBinder: onLastStrongRef automatically unlinking death recipients: 
02-19 18:38:28.844   488   488 I RanchuHwc: logCompositionFallbackIfChanged: layer 1226 CompositionType fallback from 2 to 1
02-19 18:38:28.854  4449  4474 W WindowOnBackDispatcher: sendCancelIfRunning: isInProgress=false callback=android.view.ViewRootImpl$$ExternalSyntheticLambda13@7568aee
02-19 18:38:28.854   752  1940 D CoreBackPreview: Window{19be7c3 u0 Splash Screen viva.republica.toss.test EXITING}: Setting back callback null
02-19 18:38:28.880   752   989 I ImeTracker: com.google.android.apps.nexuslauncher:ec9fe73: onRequestHide at ORIGIN_SERVER reason HIDE_SAME_WINDOW_FOCUSED_WITHOUT_EDITOR fromUser false
02-19 18:38:28.885  1563  1563 I GoogleInputMethodService: GoogleInputMethodService.onFinishInput():2043 
02-19 18:38:28.886   752  1029 D InetDiagMessage: Destroyed 0 sockets, proto=IPPROTO_TCP, family=AF_INET, states=14
02-19 18:38:28.887  1563  1563 I Module  : DeviceLockedStatusModuleProvider$Module.updateDeviceLockedStatus():100 repeatCheckTimes = 0, locked = false
02-19 18:38:28.888  1563  1563 I GoogleInputMethodService: GoogleInputMethodService.onStartInput():1293 onStartInput(EditorInfo{EditorInfo{packageName=com.google.android.apps.nexuslauncher, inputType=0, inputTypeString=NULL, enableLearning=false, autoCorrection=false, autoComplete=false, imeOptions=0, privateImeOptions=null, actionName=UNSPECIFIED, actionLabel=null, initialSelStart=-1, initialSelEnd=-1, initialCapsMode=0, label=null, fieldId=0, fieldName=null, extras=null, hintText=null, hintLocales=[]}}, false)
02-19 18:38:28.889  1563  1563 I Module  : DeviceLockedStatusModuleProvider$Module.updateDeviceLockedStatus():100 repeatCheckTimes = 1, locked = false
02-19 18:38:28.890  1563  1563 I EmojiCompatManager: EmojiCompatManager.getEmojiCompatIfLoaded():343 EmojiCompat.init() was never called.
02-19 18:38:28.890  1563  1563 I EmojiCompatManager: java.lang.IllegalStateException: EmojiCompat is not initialized. Please call EmojiCompat.init() first
02-19 18:38:28.890  1563  1563 I EmojiCompatManager: 	at asx.p(PG:6)
02-19 18:38:28.890  1563  1563 I EmojiCompatManager: 	at axb.b(PG:13)
02-19 18:38:28.890  1563  1563 I EmojiCompatManager: 	at jnr.b(PG:2)
02-19 18:38:28.890  1563  1563 I EmojiCompatManager: 	at jnr.c(PG:4)
02-19 18:38:28.890  1563  1563 I EmojiCompatManager: 	at jnr.f(PG:3)
02-19 18:38:28.890  1563  1563 I EmojiCompatManager: 	at jnx.c(PG:3)
02-19 18:38:28.890  1563  1563 I EmojiCompatManager: 	at kif.cz(PG:47)
02-19 18:38:28.890  1563  1563 I EmojiCompatManager: 	at lhl.run(PG:1025)
02-19 18:38:28.890  1563  1563 I EmojiCompatManager: 	at jaf.execute(PG:12)
02-19 18:38:28.890  1563  1563 I EmojiCompatManager: 	at nco.v(PG:13)
02-19 18:38:28.890  1563  1563 I EmojiCompatManager: 	at lhn.m(PG:96)
02-19 18:38:28.890  1563  1563 I EmojiCompatManager: 	at lhn.k(PG:25)
02-19 18:38:28.890  1563  1563 I EmojiCompatManager: 	at kgn.onStartInput(PG:250)
02-19 18:38:28.890  1563  1563 I EmojiCompatManager: 	at android.inputmethodservice.InputMethodService.doStartInput(InputMethodService.java:3521)
02-19 18:38:28.890  1563  1563 I EmojiCompatManager: 	at android.inputmethodservice.InputMethodService$InputMethodImpl.startInput(InputMethodService.java:879)
02-19 18:38:28.890  1563  1563 I EmojiCompatManager: 	at android.inputmethodservice.InputMethodService$InputMethodImpl.dispatchStartInput(InputMethodService.java:908)
02-19 18:38:28.890  1563  1563 I EmojiCompatManager: 	at android.inputmethodservice.IInputMethodWrapper.executeMessage(IInputMethodWrapper.java:201)
02-19 18:38:28.890  1563  1563 I EmojiCompatManager: 	at com.android.internal.os.HandlerCaller$MyHandler.handleMessage(HandlerCaller.java:44)
02-19 18:38:28.890  1563  1563 I EmojiCompatManager: 	at android.os.Handler.dispatchMessage(Handler.java:110)
02-19 18:38:28.890  1563  1563 I EmojiCompatManager: 	at android.os.Looper.loopOnce(Looper.java:248)
02-19 18:38:28.890  1563  1563 I EmojiCompatManager: 	at android.os.Looper.loop(Looper.java:338)
02-19 18:38:28.890  1563  1563 I EmojiCompatManager: 	at android.app.ActivityThread.main(ActivityThread.java:9067)
02-19 18:38:28.890  1563  1563 I EmojiCompatManager: 	at java.lang.reflect.Method.invoke(Native Method)
02-19 18:38:28.890  1563  1563 I EmojiCompatManager: 	at com.android.internal.os.RuntimeInit$MethodAndArgsCaller.run(RuntimeInit.java:593)
02-19 18:38:28.890  1563  1563 I EmojiCompatManager: 	at com.android.internal.os.ZygoteInit.main(ZygoteInit.java:932)
02-19 18:38:28.891   752  1790 W PackageConfigPersister: App-specific configuration not found for packageName: com.google.android.apps.nexuslauncher and userId: 0
02-19 18:38:28.895   752  1029 D InetDiagMessage: Destroyed 0 sockets, proto=IPPROTO_TCP, family=AF_INET6, states=14
02-19 18:38:28.895   752  1029 D InetDiagMessage: Destroyed live tcp sockets for uids={10168} in 12ms
02-19 18:38:28.897   752  1029 D InetDiagMessage: Destroyed 0 sockets, proto=IPPROTO_TCP, family=AF_INET, states=14
02-19 18:38:28.900   752  1029 D InetDiagMessage: Destroyed 0 sockets, proto=IPPROTO_TCP, family=AF_INET6, states=14
02-19 18:38:28.904   752  1029 D InetDiagMessage: Destroyed live tcp sockets for uids={10205} in 8ms
02-19 18:38:28.926  7804  7804 D InsetsController: hide(ime(), fromIme=false)
02-19 18:38:28.927  7804  7804 I ImeTracker: com.google.android.apps.nexuslauncher:ec9fe73: onCancelled at PHASE_CLIENT_ALREADY_HIDDEN
02-19 18:38:29.276   752   775 I system_server: Background concurrent mark compact GC freed 24MB AllocSpace bytes, 43(876KB) LOS objects, 42% free, 32MB/56MB, paused 5.355ms,3.317ms total 759.783ms
02-19 18:38:29.321   752   776 I BpBinder: onLastStrongRef automatically unlinking death recipients: 
02-19 18:38:29.369   752   777 W System  : A resource failed to call release. 
02-19 18:38:29.529   752  1029 D InetDiagMessage: Destroyed 0 sockets, proto=IPPROTO_TCP, family=AF_INET, states=14
02-19 18:38:29.530   752  1029 D InetDiagMessage: Destroyed 0 sockets, proto=IPPROTO_TCP, family=AF_INET6, states=14
02-19 18:38:29.530   752  1029 D InetDiagMessage: Destroyed live tcp sockets for uids={10146} in 0ms
02-19 18:38:31.012   531   568 W EventThread: Faking VSYNC due to driver stall for thread app
02-19 18:38:31.024   752  1856 E TaskPersister: File error accessing recents directory (directory doesn't exist?).
02-19 18:38:31.025  7804  7804 I Choreographer: Skipped 95 frames!  The application may be doing too much work on its main thread.
02-19 18:38:31.028  7804  7804 D ScalingWorkspaceRevealAnim: alpha of workspace at the end of animation: 1.0
02-19 18:38:31.034  4449  4467 V WindowManagerShell: Transition animation finished (aborted=false), notifying core (#669) android.os.BinderProxy@b5be820@0
02-19 18:38:31.040   752   794 V WindowManager: Finish Transition (#669): created at 02-19 18:38:28.558 collect-started=0.053ms request-sent=0.187ms started=51.65ms ready=56.909ms sent=65.791ms commit=200.163ms finished=2480.433ms
02-19 18:38:31.043  4449  4467 V WindowManagerShell: Track 0 became idle
02-19 18:38:31.043  4449  4467 V WindowManagerShell: All active transition animations finished
02-19 18:38:31.076 16038 16038 W dumpsys : Thread Pool max thread count is 0. Cannot cache binder as linkToDeath cannot be implemented. serviceName: window
02-19 18:38:31.083   752  1940 I system_server: AssetManager2(0x7d8fac44e978) locale list changing from [] to [en-US]
02-19 18:38:31.085  7804  7947 I HWUI    : Davey! duration=1610ms; Flags=0, FrameTimelineVsyncId=1861186, IntendedVsync=105383238058194, Vsync=105383238058194, InputEventId=0, HandleInputStart=105383243155804, AnimationStart=105383243156729, PerformTraversalsStart=105383243720566, DrawStart=105383243778100, FrameDeadline=105383304724858, FrameStartTime=105383243153342, FrameInterval=16666666, WorkloadTarget=16666666, SyncQueued=105383243881815, SyncStart=105383273621892, IssueDrawCommandsStart=105383274704025, SwapBuffers=105383275955645, FrameCompleted=105384878084532, DequeueBufferDuration=1585869407, QueueBufferDuration=494600, GpuCompleted=105384878084532, SwapBuffersCompleted=105384870890758, DisplayPresentTime=0, CommandSubmissionCompleted=105383275955645, 
02-19 18:38:31.090   752  1940 I system_server: AssetManager2(0x7d8fac44c718) locale list changing from [] to [en-US]
02-19 18:38:31.097   752  1940 I system_server: AssetManager2(0x7d8fac4dbff8) locale list changing from [] to [en-US]
