--------- beginning of main
02-19 19:23:37.891   531   568 W EventThread: Faking VSYNC due to driver stall for thread app
02-19 19:23:37.897 27008 27008 I wpa_supplicant: wlan0: CTRL-EVENT-BEACON-LOSS 
02-19 19:23:37.898 19336 19579 I bbax    : (REDACTED) getHotwordActive::active query: %s, watch: %s, devices connected: %s
02-19 19:23:37.905   752   805 I ActivityManager: Test idle passed
02-19 19:23:38.118  1336  1556 D SatelliteController: iisInCarrierRoamingNbIotNtn: satellite is disabled
--------- beginning of system
02-19 19:23:38.504   752   795 W ActivityTaskManager: callingPackage for (uid=-1, pid=0) has no WPC
02-19 19:23:38.505   752   795 W ActivityStartInterceptor: Starting home with component specified, uid=0
02-19 19:23:38.506   752   795 W OptProp : Cannot read opt property android.window.PROPERTY_COMPAT_ALLOW_USER_ASPECT_RATIO_OVERRIDE
02-19 19:23:38.506   752   795 W OptProp : Cannot read opt property android.window.PROPERTY_COMPAT_ALLOW_USER_ASPECT_RATIO_FULLSCREEN_OVERRIDE
02-19 19:23:38.506   752   795 W OptProp : Cannot read opt property android.window.PROPERTY_COMPAT_ALLOW_RESIZEABLE_ACTIVITY_OVERRIDES
02-19 19:23:38.507   752   795 W OptProp : Cannot read opt property android.window.PROPERTY_COMPAT_ALLOW_MIN_ASPECT_RATIO_OVERRIDE
02-19 19:23:38.507   752   795 V GrammaticalInflectionUtils: AttributionSource: android.content.AttributionSource@1abea79a does not have READ_SYSTEM_GRAMMATICAL_GENDER permission.
02-19 19:23:38.515  4449  4449 I vol.VolumeDialogImpl: mDialog.dismiss() reason: volume_controller from: com.android.systemui.volume.VolumeDialogImpl$7.onDismissRequested:3
02-19 19:23:38.522  4449  4463 D KeyguardService: setOccluded(false)
02-19 19:23:38.523   752   795 I ActivityTaskManager: START u0 {act=android.intent.action.MAIN cat=[android.intent.category.HOME] flg=0x10000100 cmp=com.google.android.apps.nexuslauncher/.NexusLauncherActivity (has extras)} with LAUNCH_SINGLE_TASK from uid 0 (BAL_ALLOW_ALLOWLISTED_UID) result code=3
02-19 19:23:38.523  4449  4463 D KeyguardViewMediator: setOccluded(false)
02-19 19:23:38.524  4449  4449 D KeyguardViewMediator: handleSetOccluded(false)
02-19 19:23:38.524 19166 19166 W SplitSelectStateCtor: Missing session instanceIds
02-19 19:23:38.524 19166 19166 D StatsLog: LAUNCHER_SPLIT_SELECTION_EXIT_INTERRUPTED
02-19 19:23:38.526  4449  4449 D KeyguardViewMediator: KeyguardViewMediator queue processing message: SET_OCCLUDED
02-19 19:23:38.526  4449  4467 D WindowManagerShell: onActivityRestartAttempt: topActivity=ComponentInfo{com.google.android.apps.nexuslauncher/com.google.android.apps.nexuslauncher.NexusLauncherActivity}, wasVisible=true
02-19 19:23:38.531 19166 19166 D StateManager: goToState - fromState: Overview, toState: Normal, partial trace:
02-19 19:23:38.531 19166 19166 D StateManager: 	at com.android.launcher3.Launcher.onNewIntent(go/retraceme 72a59688580715d19f0e415c69e80376c2f062d1648c80db6730905005a27c20:116)
02-19 19:23:38.531 19166 19166 D StateManager: 	at com.android.launcher3.uioverrides.QuickstepLauncher.onNewIntent(go/retraceme 72a59688580715d19f0e415c69e80376c2f062d1648c80db6730905005a27c20:1)
02-19 19:23:38.531 19166 19166 D StateManager: 	at com.google.android.apps.nexuslauncher.NexusLauncherActivity.onNewIntent(go/retraceme 72a59688580715d19f0e415c69e80376c2f062d1648c80db6730905005a27c20:1)
02-19 19:23:38.548 19166 19166 I AiAiSuggestUi: Clearing suggestions.
02-19 19:23:38.548 19166 19166 I AiAiSuggestUi: Clearing suggestions.
02-19 19:23:38.548 19166 19166 I AiAiSuggestUi: Requesting to show indicators
02-19 19:23:38.549 19166 19166 I AiAiSuggestUi: Fetching contents, isPrimaryTask = true
02-19 19:23:38.558 19166 19166 D TFOManager: playPanelCloseAnimation() duration=200 traceTag=LauncherOverlay-hide isHomeButtonTap=true
02-19 19:23:38.558 19166 19166 D TFOManager: Skipped creating panel close animation because -1 is invisible.
02-19 19:23:38.558 19166 19166 D OverviewCommandHelper: clearing pending commands: []
02-19 19:23:38.560 19166 19166 D StatsLog: LAUNCHER_ONRESUME
02-19 19:23:38.565   531   602 I BpBinder: onLastStrongRef automatically unlinking death recipients: 
02-19 19:23:38.577 19166 19190 D QuickstepModelDelegate: notifyAppTargetEvent action=1 launchLocation=
02-19 19:23:38.592  1971  2198 I AiAiEcho: Predicting[0]:  [CONTEXT sampling_count=5 ]
02-19 19:23:38.592  1971  2198 I AiAiEcho: EchoTargets: 
02-19 19:23:38.592  1971  2198 I AiAiEcho: Filtered by AiAi flag check: 
02-19 19:23:38.592  1971  2198 I AiAiEcho: [CONTEXT ratelimit_period="10 SECONDS" ]
02-19 19:23:38.593  1971  2198 I AiAiEcho: #remoteViewsTwiddler: feature disabled.
02-19 19:23:38.596  1971  2198 I AiAiEcho: #postPredictionTargets: Sending updates to UISurface home with targets# 0 (types=[])
02-19 19:23:38.638 19166 19176 I AiAiSuggestUi: Request suggestContentSelections complete, took: 89
02-19 19:23:38.638 19166 19176 I AiAiSuggestUi: Fetched content back in callback
02-19 19:23:39.906   531   568 W EventThread: Faking VSYNC due to driver stall for thread app
02-19 19:23:40.026 19166 19166 D StateManager: onStateTransitionStart - state: Normal
02-19 19:23:40.026 19166 19166 D RecentsView: updateTaskStackListenerState: false
02-19 19:23:40.029 19166 19166 D ActivityAllAppsContainerView: rebindAdapters: force: false
02-19 19:23:40.029 19166 19166 D ActivityAllAppsContainerView: rebindAdapters: Not needed.
02-19 19:23:40.032 19166 19166 I NotificationListener: Handling notification state refresh for com.google.android.adservices.api#0
02-19 19:23:40.034 19166 19166 I NotificationListener: Handling notification state refresh for android#0
02-19 19:23:40.034 19166 19166 I NotificationListener: Handling notification state refresh for com.android.systemui#0
02-19 19:23:40.034   752  1095 D BackgroundInstallControlService: Package event received: 0
02-19 19:23:40.035 19166 19166 D SsBaseTemplateCard: No text view can be set up
02-19 19:23:40.035 19166 19166 D SsBaseTemplateCard: Passed-in item info is null
02-19 19:23:40.035 19166 19166 D SsBaseTemplateCard: Passed-in item info is null
02-19 19:23:40.035 19166 19166 D SsBaseTemplateCard: Passed-in item info is null
02-19 19:23:40.035 19166 19166 I SsBaseTemplateCard: Secondary card pane is null
02-19 19:23:40.038 19166 19166 I AiAiSuggestUi: Display indicators
02-19 19:23:40.042 19166 19166 D OverviewActionsView: updateForGroupedTask() called with: isGroupedTask = [false], canSaveAppPair = [false]
02-19 19:23:40.042 19166 19166 D OverviewActionsView: updateActionButtonsVisibility() called: showSingleTaskActions = [true], showGroupActions = [false]
02-19 19:23:40.223   752  1981 W ActivityTaskManager: callingPackage for (uid=2000, pid=20388) has no WPC
02-19 19:23:40.225   752  1981 V GrammaticalInflectionUtils: AttributionSource: android.content.AttributionSource@56784557 does not have READ_SYSTEM_GRAMMATICAL_GENDER permission.
02-19 19:23:40.226   752  1981 W OptProp : Cannot read opt property android.window.PROPERTY_COMPAT_ALLOW_USER_ASPECT_RATIO_OVERRIDE
02-19 19:23:40.226   752  1981 W OptProp : Cannot read opt property android.window.PROPERTY_COMPAT_ALLOW_USER_ASPECT_RATIO_FULLSCREEN_OVERRIDE
02-19 19:23:40.226   752  1981 W OptProp : Cannot read opt property android.window.PROPERTY_COMPAT_ALLOW_RESIZEABLE_ACTIVITY_OVERRIDES
02-19 19:23:40.226   752  1981 W OptProp : Cannot read opt property android.window.PROPERTY_COMPAT_ALLOW_MIN_ASPECT_RATIO_OVERRIDE
02-19 19:23:40.235   752  1981 W OptProp : Cannot read opt property android.window.PROPERTY_COMPAT_ALLOW_ORIENTATION_OVERRIDE
02-19 19:23:40.260  4449  4467 V WindowManagerShell: Transition requested (#763): android.os.BinderProxy@8480fbe TransitionRequestInfo { type = OPEN, triggerTask = TaskInfo{userId=0 taskId=78 effectiveUid=10217 displayId=0 isRunning=true baseIntent=Intent { act=android.intent.action.VIEW dat=intoss://takealook/... flg=0x10000000 cmp=viva.republica.toss.test/im.toss.rn.granite.core.GraniteActivity } baseActivity=ComponentInfo{viva.republica.toss.test/im.toss.rn.granite.core.GraniteActivity} topActivity=ComponentInfo{viva.republica.toss.test/viva.republica.toss.test.MiniAppSchemeActivity} origActivity=null realActivity=ComponentInfo{viva.republica.toss.test/im.toss.rn.granite.core.GraniteActivity} numActivities=13 lastActiveTime=108094089 supportsMultiWindow=true resizeMode=1 isResizeable=true minWidth=-1 minHeight=-1 defaultMinSize=220 token=WCT{android.window.IWindowContainerToken$Stub$Proxy@66ec81f} topActivityType=1 pictureInPictureParams=null shouldDockBigOverlays=false launchIntoPipHostTaskId=-1 lastParentTaskIdBeforePip=-1 displayCutoutSafeInsets=Rect(0, 0 - 0, 0) topActivityInfo=ActivityInfo{51ed76c viva.republica.toss.test.MiniAppSchemeActivity} launchCookies=[] positionInParent=Point(0, 0) parentTaskId=-1 isFocused=false isVisible=true isVisibleRequested=true isTopActivityNoDisplay=false isSleeping=false locusId=null displayAreaFeatureId=1 isTopActivityTransparent=true isActivityStackTransparent=false lastNonFullscreenBounds=Rect(284, 660 - 796, 1740) capturedLink=null capturedLinkTimestamp=0 requestedVisibleTypes=-9 topActivityRequestOpenInBrowserEducationTimestamp=0 appCompatTaskInfo=AppCompatTaskInfo { topActivityInSizeCompat=false eligibleForLetterboxEducation= false isLetterboxEducationEnabled= true isLetterboxDoubleTapEnabled= false eligibleForUserAspectRatioButton= false topActivityBoundsLetterboxed= false isFromLetterboxDoubleTap= false topActivityLetterboxVerticalPosition= -1 topActivityLetterboxHorizontalPosition= -1 topActivityLetterboxWidth=-1 topActivityLetterboxHeight=-1 topActivityAppBounds=Rect(0, 0 - 1080, 2400) isUserFullscreenOverrideEnabled=false isSystemFullscreenOverrideEnabled=false hasMinAspectRatioOverride=false topActivityLetterboxBounds=null cameraCompatTaskInfo=CameraCompatTaskInfo { freeformCameraCompatMode=inactive}} topActivityMainWindowFrame=null}, pipChange = null, remoteTransition = null, displayChange = null, flags = 65536, debugId = 763 }
02-19 19:23:40.261  4449  4467 D ShellSplitScreen: logExit: no-op, mLoggerSessionId is null
02-19 19:23:40.264   752  1981 I ActivityTaskManager: START u0 {act=android.intent.action.VIEW dat=intoss://takealook/... flg=0x10000000 xflg=0x4 pkg=viva.republica.toss.test cmp=viva.republica.toss.test/.MiniAppSchemeActivity} with LAUNCH_MULTIPLE from uid 2000 (BAL_ALLOW_PERMISSION) result code=0
02-19 19:23:40.297  4449  4474 V SnapshotDrawerUtils: Drawing snapshot surface sizeMismatch=true
02-19 19:23:40.323  4449  4463 V WindowManagerShell: onTransitionReady(transaction=3229815429150)
02-19 19:23:40.325  4449  4467 V WindowManagerShell: onTransitionReady (#763) android.os.BinderProxy@8480fbe: {id=763 t=OPEN f=0x10000 trk=3 r=[0@Point(0, 0)] c=[
02-19 19:23:40.325  4449  4467 V WindowManagerShell:         {m=OPEN f=TRANSLUCENT|FILLS_TASK|IS_BEHIND_STARTING_WINDOW leash=Surface(name=ActivityRecord{267888338 u0 viva.republica.toss.test/.MiniAppSchemeActivity)/@0xbc1c73b sb=Rect(0, 0 - 0, 0) eb=Rect(0, 0 - 1080, 2400) epz=Point(1080, 2400) d=-1->0 r=-1->0:-1 bc=ffffffff component=viva.republica.toss.test/.MiniAppSchemeActivity}
02-19 19:23:40.325  4449  4467 V WindowManagerShell:     ]}
02-19 19:23:40.325  4449  4467 V WindowManagerShell: Playing animation for (#763) android.os.BinderProxy@8480fbe@3
02-19 19:23:40.326  4449  4467 V ShellRecents: RecentsTransitionHandler.startAnimation: no controller found
02-19 19:23:40.326  4449  4467 V WindowManagerShell: Transition doesn't have explicit remote, search filters for match for {id=763 t=OPEN f=0x10000 trk=3 r=[0@Point(0, 0)] c=[{m=OPEN f=TRANSLUCENT|FILLS_TASK|IS_BEHIND_STARTING_WINDOW leash=Surface(name=ActivityRecord{267888338 u0 viva.republica.toss.test/.MiniAppSchemeActivity)/@0xbc1c73b sb=Rect(0, 0 - 0, 0) eb=Rect(0, 0 - 1080, 2400) epz=Point(1080, 2400) d=-1->0 r=-1->0:-1 bc=ffffffff component=viva.republica.toss.test/.MiniAppSchemeActivity}]}
02-19 19:23:40.326  4449  4467 V WindowManagerShell:  Checking filter Pair{{types=[] flags=0x0] notFlags=0x0 checks=[{atype=undefined independent=true modes=[CLOSE,TO_BACK] flags=IN_TASK_WITH_EMBEDDED_ACTIVITY mustBeTask=false order=ANY topActivity=null launchCookie=null taskFragmentToken=android.os.BinderProxy@71546f0 windowingMode=undefined}]} RemoteTransition { remoteTransition = android.window.IRemoteTransition$Stub$Proxy@d4c8469, appThread = android.app.IApplicationThread$Stub$Proxy@c228eee, debugName = overlayBackTransition }}
02-19 19:23:40.326  4449  4467 V WindowManagerShell:  Checking filter Pair{{types=[] flags=0x0] notFlags=0x0 checks=[{atype=dream independent=true modes=[OPEN,TO_FRONT] flags=NONE mustBeTask=false order=ANY topActivity=null launchCookie=null windowingMode=undefined},{atype=home independent=true modes=[CLOSE,TO_BACK] flags=NONE mustBeTask=false order=ANY topActivity=null launchCookie=null windowingMode=undefined}]} RemoteTransition { remoteTransition = android.window.IRemoteTransition$Stub$Proxy@c578f8f, appThread = android.app.IApplicationThread$Stub$Proxy@69fe21c, debugName = LauncherToDream }}
02-19 19:23:40.326  4449  4467 V WindowManagerShell:  Checking filter Pair{{types=[] flags=0x0] notFlags=0x100 checks=[{atype=home independent=true modes=[OPEN,TO_FRONT] flags=NONE mustBeTask=false order=TOP topActivity=ComponentInfo{com.google.android.apps.nexuslauncher/com.google.android.apps.nexuslauncher.NexusLauncherActivity} launchCookie=null windowingMode=undefined},{atype=standard independent=true modes=[CLOSE,TO_BACK] flags=NONE mustBeTask=false order=ANY topActivity=null launchCookie=null windowingMode=undefined},{NOT atype=undefined independent=true modes=[] flags=NONE mustBeTask=true order=ANY topActivity=null launchCookie=null customAnim=true windowingMode=undefined}]} RemoteTransition { remoteTransition = android.window.IRemoteTransition$Stub$Proxy@69ffe25, appThread = android.app.IApplicationThread$Stub$Proxy@72cabfa, debugName = QuickstepLaunchHome }}
02-19 19:23:40.326  4449  4467 V WindowManagerShell:  Checking filter Pair{{types=[] flags=0x0] notFlags=0x0 checks=[{atype=undefined independent=true modes=[CLOSE,TO_BACK] flags=IN_TASK_WITH_EMBEDDED_ACTIVITY mustBeTask=false order=ANY topActivity=null launchCookie=null taskFragmentToken=android.os.BinderProxy@71546f0 windowingMode=undefined}]} RemoteTransition { remoteTransition = android.window.IRemoteTransition$Stub$Proxy@7c795ab, appThread = android.app.IApplicationThread$Stub$Proxy@cd70408, debugName = overlayBackTransition }}
02-19 19:23:40.326  4449  4467 V WindowManagerShell:  Checking filter Pair{{types=[] flags=0x0] notFlags=0x0 checks=[{atype=dream independent=true modes=[OPEN,TO_FRONT] flags=NONE mustBeTask=false order=ANY topActivity=null launchCookie=null windowingMode=undefined},{atype=home independent=true modes=[CLOSE,TO_BACK] flags=NONE mustBeTask=false order=ANY topActivity=null launchCookie=null windowingMode=undefined}]} RemoteTransition { remoteTransition = android.window.IRemoteTransition$Stub$Proxy@f757a1, appThread = android.app.IApplicationThread$Stub$Proxy@d898dc6, debugName = LauncherToDream }}
02-19 19:23:40.327  4449  4467 V WindowManagerShell:  Checking filter Pair{{types=[] flags=0x0] notFlags=0x100 checks=[{atype=home independent=true modes=[OPEN,TO_FRONT] flags=NONE mustBeTask=false order=TOP topActivity=ComponentInfo{com.google.android.apps.nexuslauncher/com.google.android.apps.nexuslauncher.NexusLauncherActivity} launchCookie=null windowingMode=undefined},{atype=standard independent=true modes=[CLOSE,TO_BACK] flags=NONE mustBeTask=false order=ANY topActivity=null launchCookie=null windowingMode=undefined},{NOT atype=undefined independent=true modes=[] flags=NONE mustBeTask=true order=ANY topActivity=null launchCookie=null customAnim=true windowingMode=undefined}]} RemoteTransition { remoteTransition = android.window.IRemoteTransition$Stub$Proxy@9e7e187, appThread = android.app.IApplicationThread$Stub$Proxy@3dc58b4, debugName = QuickstepLaunchHome }}
02-19 19:23:40.327  4449  4467 V WindowManagerShell:  Delegate animation for (#763) to null
02-19 19:23:40.327  4449  4467 V WindowManagerShell: start default transition animation, info = {id=763 t=OPEN f=0x10000 trk=3 r=[0@Point(0, 0)] c=[{m=OPEN f=TRANSLUCENT|FILLS_TASK|IS_BEHIND_STARTING_WINDOW leash=Surface(name=ActivityRecord{267888338 u0 viva.republica.toss.test/.MiniAppSchemeActivity)/@0xbc1c73b sb=Rect(0, 0 - 0, 0) eb=Rect(0, 0 - 1080, 2400) epz=Point(1080, 2400) d=-1->0 r=-1->0:-1 bc=ffffffff component=viva.republica.toss.test/.MiniAppSchemeActivity}]}
02-19 19:23:40.327  4449  4467 V WindowManagerShell: loadAnimation: anim=null animAttr=0x4 type=OPEN isEntrance=true
02-19 19:23:40.331  4449  4467 V WindowManagerShell: Transition animation finished (aborted=false), notifying core (#763) android.os.BinderProxy@8480fbe@3
02-19 19:23:40.353   752   934 W OptProp : Cannot read opt property android.window.PROPERTY_COMPAT_ENABLE_FAKE_FOCUS
02-19 19:23:40.364   752   794 V WindowManager: Sent Transition (#763) createdAt=02-19 19:23:40.230 via request=TransitionRequestInfo { type = OPEN, triggerTask = TaskInfo{userId=0 taskId=78 effectiveUid=10217 displayId=0 isRunning=true baseIntent=Intent { act=android.intent.action.VIEW dat=intoss://takealook/... flg=0x10000000 cmp=viva.republica.toss.test/im.toss.rn.granite.core.GraniteActivity } baseActivity=ComponentInfo{viva.republica.toss.test/im.toss.rn.granite.core.GraniteActivity} topActivity=ComponentInfo{viva.republica.toss.test/viva.republica.toss.test.MiniAppSchemeActivity} origActivity=null realActivity=ComponentInfo{viva.republica.toss.test/im.toss.rn.granite.core.GraniteActivity} numActivities=13 lastActiveTime=108094089 supportsMultiWindow=true resizeMode=1 isResizeable=true minWidth=-1 minHeight=-1 defaultMinSize=220 token=WCT{RemoteToken{58f5d87 Task{11d79c0 #78 type=standard A=10217:viva.republica.toss.test}}} topActivityType=1 pictureInPictureParams=null shouldDockBigOverlays=false launchIntoPipHostTaskId=-1 lastParentTaskIdBeforePip=-1 displayCutoutSafeInsets=Rect(0, 0 - 0, 0) topActivityInfo=ActivityInfo{7a53e2a viva.republica.toss.test.MiniAppSchemeActivity} launchCookies=[] positionInParent=Point(0, 0) parentTaskId=-1 isFocused=false isVisible=true isVisibleRequested=true isTopActivityNoDisplay=false isSleeping=false locusId=null displayAreaFeatureId=1 isTopActivityTransparent=true isActivityStackTransparent=false lastNonFullscreenBounds=Rect(284, 660 - 796, 1740) capturedLink=null capturedLinkTimestamp=0 requestedVisibleTypes=-9 topActivityRequestOpenInBrowserEducationTimestamp=0 appCompatTaskInfo=AppCompatTaskInfo { topActivityInSizeCompat=false eligibleForLetterboxEducation= false isLetterboxEducationEnabled= true isLetterboxDoubleTapEnabled= false eligibleForUserAspectRatioButton= false topActivityBoundsLetterboxed= false isFromLetterboxDoubleTap= false topActivityLetterboxVerticalPosition= -1 topActivityLetterboxHorizontalPosition= -1 topActivityLetterboxWidth=-1 topActivityLetterboxHeight=-1 topActivityAppBounds=Rect(0, 0 - 1080, 2400) isUserFullscreenOverrideEnabled=false isSystemFullscreenOverrideEnabled=false hasMinAspectRatioOverride=false topActivityLetterboxBounds=null cameraCompatTaskInfo=CameraCompatTaskInfo { freeformCameraCompatMode=inactive}} topActivityMainWindowFrame=null}, pipChange = null, remoteTransition = null, displayChange = null, flags = 65536, debugId = 763 }
02-19 19:23:40.365   752   794 V WindowManager:     startWCT=WindowContainerTransaction { changes= {} hops= [] errorCallbackToken=null taskFragmentOrganizer=null }
02-19 19:23:40.365   752   794 V WindowManager:     info={id=763 t=OPEN f=0x10000 trk=3 r=[0@Point(0, 0)] c=[
02-19 19:23:40.365   752   794 V WindowManager:         {m=OPEN f=TRANSLUCENT|FILLS_TASK|IS_BEHIND_STARTING_WINDOW leash=Surface(name=ActivityRecord{267888338 u0 viva.republica.toss.test/.MiniAppSchemeActivity)/@0x629bccc sb=Rect(0, 0 - 0, 0) eb=Rect(0, 0 - 1080, 2400) epz=Point(1080, 2400) d=-1->0 r=-1->0:-1 bc=ffffffff component=viva.republica.toss.test/.MiniAppSchemeActivity}
02-19 19:23:40.365   752   794 V WindowManager:     ]}
02-19 19:23:40.413   752  1095 D BackgroundInstallControlService: Package event received: 0
02-19 19:23:40.433   752   794 V WindowManager: Finish Transition (#763): created at 02-19 19:23:40.230 collect-started=0.398ms request-sent=18.02ms started=40.084ms ready=40.054ms sent=78.205ms commit=91.372ms finished=201.403ms
02-19 19:23:40.435   752  1095 D BackgroundInstallControlService: Package event received: 0
02-19 19:23:40.436 19166 19166 D StateManager: onStateTransitionEnd - state: Normal
02-19 19:23:40.438   752  1095 D BackgroundInstallControlService: Package event received: 0
02-19 19:23:40.446  4449  4467 V WindowManagerShell: Track 3 became idle
02-19 19:23:40.456  4449  4467 V WindowManagerShell:  animated by com.android.wm.shell.transition.DefaultTransitionHandler@f74d823
02-19 19:23:40.457  4449  4467 V WindowManagerShell: Track 3 became idle
02-19 19:23:40.460 19316 19316 I blica.toss.test: AssetManager2(0x7d8fac4cdef8) locale list changing from [] to [en-US]
02-19 19:23:40.610 19166 19166 D RecentsView: reset - mEnableDrawingLiveTile: true, mRecentsAnimationController: com.android.quickstep.RecentsAnimationController@b7e2bc6
02-19 19:23:40.610 19166 19166 D RecentsView: finishRecentsAnimation - mRecentsAnimationController: com.android.quickstep.RecentsAnimationController@b7e2bc6
02-19 19:23:40.610 19166 19166 D RecentsView: cleanupRemoteTargets - mRemoteTargetHandles: [com.android.quickstep.RemoteTargetGluer$RemoteTargetHandle@67b5ada]
02-19 19:23:40.615  4449  4467 D WindowManagerShell: setLauncherKeepClearAreaHeight: visible=true, height=527
02-19 19:23:40.639 19166 19166 I AiAiSuggestUi: Clearing suggestions.
02-19 19:23:40.639 19166 19166 I AiAiSuggestUi: Clearing suggestions.
02-19 19:23:40.639 19166 19166 D ActivityAllAppsContainerView: rebindAdapters: force: false
02-19 19:23:40.639 19166 19166 D ActivityAllAppsContainerView: rebindAdapters: Not needed.
02-19 19:23:40.639  4449  4467 V ShellRecents: [151807169] RecentsController.finishInner: toHome=true userLeave=true willFinishToHome=true state=0 hasPausingTasks=true reason=requested
02-19 19:23:40.639  4449  4467 V ShellRecents:   normal finish
02-19 19:23:40.645  4449  4467 V ShellRecents: [151807169] RecentsController.finishInner: Completing finish
02-19 19:23:40.645  4449  4467 V ShellRecents: [151807169] RecentsController.cleanup
02-19 19:23:40.647  4449  4467 V WindowManagerShell: Transition animation finished (aborted=false), notifying core (#759) android.os.BinderProxy@c5191a8@0
02-19 19:23:40.649   752   794 V WindowManager: Finish Transition (#759): created at 02-19 19:21:42.800 collect-started=0.498ms started=0.547ms ready=46.778ms sent=170.007ms commit=44.696ms finished=117848.47ms
02-19 19:23:40.653   531   549 I BpBinder: onLastStrongRef automatically unlinking death recipients: 
02-19 19:23:40.657 19166 19166 D RecentsView: cleanupRemoteTargets - mRemoteTargetHandles: null
02-19 19:23:40.663 19166 19166 D OverviewActionsView: updateForGroupedTask() called with: isGroupedTask = [false], canSaveAppPair = [false]
02-19 19:23:40.663 19166 19166 D OverviewActionsView: updateActionButtonsVisibility() called: showSingleTaskActions = [true], showGroupActions = [false]
02-19 19:23:40.677 19166 19166 D RecentsView: finishRecentsAnimation - mRecentsAnimationController: com.android.quickstep.RecentsAnimationController@b7e2bc6
02-19 19:23:40.677 19166 19166 D RecentsView: cleanupRemoteTargets - mRemoteTargetHandles: null
02-19 19:23:40.703  4449  4467 V WindowManagerShell: Track 0 became idle
02-19 19:23:40.703  4449  4467 V WindowManagerShell: All active transition animations finished
02-19 19:23:40.703  4449  4467 V ShellRecents: [151807169] RecentsController.finishInner: calling finish callback
02-19 19:23:40.737   752   797 V WindowManager: Unknown focus tokens, dropping reportFocusChanged
02-19 19:23:40.760   752  1095 D BackgroundInstallControlService: Package event received: 0
02-19 19:23:40.782   752   797 W IPCThreadState: Sending oneway calls to frozen process.
02-19 19:23:40.785   752   797 W IPCThreadState: Sending oneway calls to frozen process.
02-19 19:23:40.793   752   797 W IPCThreadState: Sending oneway calls to frozen process.
02-19 19:23:40.795   752   797 W IPCThreadState: Sending oneway calls to frozen process.
02-19 19:23:40.801   752   797 W IPCThreadState: Sending oneway calls to frozen process.
02-19 19:23:40.802   752   797 W IPCThreadState: Sending oneway calls to frozen process.
02-19 19:23:40.803   752   797 W IPCThreadState: Sending oneway calls to frozen process.
02-19 19:23:40.808   752   797 W IPCThreadState: Sending oneway calls to frozen process.
02-19 19:23:40.840   752   797 W ProcessStats: Tracking association SourceState{1b917ca system/1000 BFgs #22629} whose proc state 4 is better than process ProcessState{42c4ef0 com.google.android.ext.services/10208 pkg=com.google.android.ext.services} proc state 14 (6 skipped)
02-19 19:23:40.841 19166 19166 D RecentsView: onRecentsAnimationComplete - mRecentsAnimationController: com.android.quickstep.RecentsAnimationController@b7e2bc6, mSideTaskLaunchCallback: null
02-19 19:23:40.841 19166 19166 D RecentsView: onRecentsAnimationComplete - mRecentsAnimationController: null, mSideTaskLaunchCallback: null
02-19 19:23:40.906   752  2375 E ActivityTaskManager: Background activity launch blocked! goo.gle/android-bal [callingPackage: viva.republica.toss.test; callingPackageTargetSdk: 35; callingUid: 10217; callingPid: 19316; appSwitchState: 0; callingUidHasVisibleActivity: false; callingUidHasNonAppVisibleWindow: false; callingUidProcState: TOP; isCallingUidPersistentSystemProcess: false; allowBalExemptionForSystemProcess: false; intent: Intent { act=android.intent.action.VIEW dat=intoss://takealook/... xflg=0x4 cmp=viva.republica.toss.test/im.toss.rn.granite.core.GraniteActivity (has extras) }; callerApp: ProcessRecord{cf7bfa0 19316:viva.republica.toss.test/u0a217}; inVisibleTask: false; balAllowedByPiCreator: BSP.ALLOW_BAL; resultIfPiCreatorAllowsBal: BAL_BLOCK; callerStartMode: MODE_BACKGROUND_ACTIVITY_START_SYSTEM_DEFINED; hasRealCaller: true; isCallForResult: false; isPendingIntent: false; autoOptInReason: notPendingIntent; realCallingPackage: viva.republica.toss.test; realCallingPackageTargetSdk: 35; realCallingUid: 10217; realCallingPid: 19316; realCallingUidHasVisibleActivity: false; realCallingUidHasNonAppVisibleWindow: false; realCallingUidProcState: TOP; isRealCallingUidPersistentSystemProcess: false; originatingPendingIntent: null; realCallerApp: ProcessRecord{cf7bfa0 19316:viva.republica.toss.test/u0a217}; realInVisibleTask: false; balAllowedByPiSender: BSP.ALLOW_BAL; resultIfPiSenderAllowsBal: BAL_BLOCK; realCallerStartMode: MODE_BACKGROUND_ACTIVITY_START_SYSTEM_DEFINED; balRequireOptInByPendingIntentCreator: true; balDontBringExistingBackgroundTaskStackToFg: true]
02-19 19:23:40.916   752  2375 V GrammaticalInflectionUtils: AttributionSource: android.content.AttributionSource@56784557 does not have READ_SYSTEM_GRAMMATICAL_GENDER permission.
02-19 19:23:40.916   752  2375 W OptProp : Cannot read opt property android.window.PROPERTY_COMPAT_ALLOW_USER_ASPECT_RATIO_OVERRIDE
02-19 19:23:40.916   752  2375 W OptProp : Cannot read opt property android.window.PROPERTY_COMPAT_ALLOW_USER_ASPECT_RATIO_FULLSCREEN_OVERRIDE
02-19 19:23:40.916   752  2375 W OptProp : Cannot read opt property android.window.PROPERTY_COMPAT_ALLOW_RESIZEABLE_ACTIVITY_OVERRIDES
02-19 19:23:40.916   752  2375 W OptProp : Cannot read opt property android.window.PROPERTY_COMPAT_ALLOW_MIN_ASPECT_RATIO_OVERRIDE
02-19 19:23:40.919   752   795 W Looper  : Slow dispatch took 109ms android.ui app=system_server main=false group=TOP_APP h=com.android.server.am.ActivityManagerService$UiHandler c=com.android.server.am.UidObserverController$$ExternalSyntheticLambda0@6a2cd6d m=0
02-19 19:23:40.920   752  2375 W OptProp : Cannot read opt property android.window.PROPERTY_COMPAT_ALLOW_ORIENTATION_OVERRIDE
02-19 19:23:40.922 19166 19170 I s.nexuslauncher: NativeAlloc concurrent mark compact GC freed 774KB AllocSpace bytes, 0(0B) LOS objects, 49% free, 5725KB/11MB, paused 4.501ms,2.356ms total 111.147ms
02-19 19:23:40.941 19166 19172 W System  : A resource failed to call release. 
02-19 19:23:40.941 19166 19172 W System  : A resource failed to call release. 
02-19 19:23:40.941 19166 19172 W System  : A resource failed to call release. 
02-19 19:23:40.941 19166 19172 W System  : A resource failed to call release. 
02-19 19:23:41.072   752  2375 I ActivityTaskManager: Abort TransitionRecord{6b683c9 id=764 type=OPEN flags=0x0 c=[
02-19 19:23:41.072   752  2375 I ActivityTaskManager:    ChangeInfo{7310def container=ActivityRecord{181627010 u0 viva.republica.toss.test/im.toss.rn.granite.core.GraniteActivity t78} flags=0x0}
02-19 19:23:41.072   752  2375 I ActivityTaskManager: ]
02-19 19:23:41.072   752  2375 I ActivityTaskManager: } of invisible launch ActivityRecord{181627010 u0 viva.republica.toss.test/im.toss.rn.granite.core.GraniteActivity t78}
02-19 19:23:41.073   752  2375 I ActivityTaskManager: START u0 {act=android.intent.action.VIEW dat=intoss://takealook/... xflg=0x4 cmp=viva.republica.toss.test/im.toss.rn.granite.core.GraniteActivity (has extras)} with LAUNCH_MULTIPLE from uid 10217 (sr=267888338) (BAL_BLOCK) result code=0
02-19 19:23:41.079   752  2375 W ActivityTaskManager: Duplicate finish request for r=ActivityRecord{267888338 u0 viva.republica.toss.test/.MiniAppSchemeActivity t78 f}}
02-19 19:23:41.082 19316 19316 D VRI[GraniteActivity]: visibilityChanged oldVisibility=true newVisibility=false
02-19 19:23:41.083   752   989 I ImeTracker: com.google.android.apps.nexuslauncher:4f3d9f91: onRequestHide at ORIGIN_SERVER reason HIDE_UNSPECIFIED_WINDOW fromUser false
02-19 19:23:41.098 19166 19166 D InsetsController: hide(ime(), fromIme=false)
02-19 19:23:41.101 19166 19166 I ImeTracker: com.google.android.apps.nexuslauncher:4f3d9f91: onCancelled at PHASE_CLIENT_ALREADY_HIDDEN
02-19 19:23:41.113 19316 19316 W WindowOnBackDispatcher: sendCancelIfRunning: isInProgress=false callback=android.view.ViewRootImpl$$ExternalSyntheticLambda13@3434f10
02-19 19:23:41.115 19316 19316 D ViewRootImpl: Skipping stats log for color mode
02-19 19:23:41.115   752   933 D CoreBackPreview: Window{d87c591 u0 viva.republica.toss.test/viva.republica.toss.test.MiniAppSchemeActivity}: Setting back callback null
02-19 19:23:41.131 20022 20022 I GoogleInputMethodService: GoogleInputMethodService.onFinishInput():2043 
02-19 19:23:41.141   752  1852 I ImeTracker: system_server:886aabab: onRequestHide at ORIGIN_SERVER reason IME_REQUESTED_CHANGED_LISTENER fromUser false
02-19 19:23:41.142   752   797 I ImeTracker: system_server:886aabab: onCancelled at PHASE_SERVER_SHOULD_HIDE
02-19 19:23:41.148   752  1095 D BackgroundInstallControlService: Package event received: 0
02-19 19:23:41.282 19316 19316 D ViewRootImpl: Skipping stats log for color mode
02-19 19:23:41.290   752  1095 D BackgroundInstallControlService: Package event received: 0
02-19 19:23:41.297 19316 19316 I Choreographer: Skipped 30 frames!  The application may be doing too much work on its main thread.
02-19 19:23:41.373   752   752 W Looper  : Slow dispatch took 102ms main app=system_server main=true group=FOREGROUND h=android.app.ActivityThread$H c=null m=114
02-19 19:23:41.402 19316 19826 I ReactNativeJNI: Memory warning (pressure level: TRIM_MEMORY_UI_HIDDEN) received by JS VM, ignoring because it's non-severe
02-19 19:23:41.403 20022 20022 I Module  : DeviceLockedStatusModuleProvider$Module.updateDeviceLockedStatus():100 repeatCheckTimes = 0, locked = false
02-19 19:23:41.408   752   933 W WindowManager: Failed looking up window session=Session{bcd6833 4449:u0a10187} callers=com.android.server.wm.WindowManagerService.removeClientToken:2135 com.android.server.wm.Session.remove:270 android.view.IWindowSession$Stub.onTransact:696 
02-19 19:23:41.420 20022 20022 I GoogleInputMethodService: GoogleInputMethodService.onStartInput():1293 onStartInput(EditorInfo{EditorInfo{packageName=com.google.android.apps.nexuslauncher, inputType=0, inputTypeString=NULL, enableLearning=false, autoCorrection=false, autoComplete=false, imeOptions=0, privateImeOptions=null, actionName=UNSPECIFIED, actionLabel=null, initialSelStart=-1, initialSelEnd=-1, initialCapsMode=0, label=null, fieldId=0, fieldName=null, extras=null, hintText=null, hintLocales=[]}}, false)
02-19 19:23:41.431 19316 20341 I ReactNativeJNI: Memory warning (pressure level: TRIM_MEMORY_UI_HIDDEN) received by JS VM, ignoring because it's non-severe
02-19 19:23:41.445 20022 20022 I EmojiCompatManager: EmojiCompatManager.getEmojiCompatIfLoaded():343 EmojiCompat.init() was never called.
02-19 19:23:41.445 20022 20022 I EmojiCompatManager: java.lang.IllegalStateException: EmojiCompat is not initialized. Please call EmojiCompat.init() first
02-19 19:23:41.445 20022 20022 I EmojiCompatManager: 	at asx.p(PG:6)
02-19 19:23:41.445 20022 20022 I EmojiCompatManager: 	at axb.b(PG:13)
02-19 19:23:41.445 20022 20022 I EmojiCompatManager: 	at jnr.b(PG:2)
02-19 19:23:41.445 20022 20022 I EmojiCompatManager: 	at jnr.c(PG:4)
02-19 19:23:41.445 20022 20022 I EmojiCompatManager: 	at jnr.f(PG:3)
02-19 19:23:41.445 20022 20022 I EmojiCompatManager: 	at jnx.c(PG:3)
02-19 19:23:41.445 20022 20022 I EmojiCompatManager: 	at kif.cz(PG:47)
02-19 19:23:41.445 20022 20022 I EmojiCompatManager: 	at lhl.run(PG:1025)
02-19 19:23:41.445 20022 20022 I EmojiCompatManager: 	at jaf.execute(PG:12)
02-19 19:23:41.445 20022 20022 I EmojiCompatManager: 	at nco.v(PG:13)
02-19 19:23:41.445 20022 20022 I EmojiCompatManager: 	at lhn.m(PG:96)
02-19 19:23:41.445 20022 20022 I EmojiCompatManager: 	at lhn.k(PG:25)
02-19 19:23:41.445 20022 20022 I EmojiCompatManager: 	at kgn.onStartInput(PG:250)
02-19 19:23:41.445 20022 20022 I EmojiCompatManager: 	at android.inputmethodservice.InputMethodService.doStartInput(InputMethodService.java:3521)
02-19 19:23:41.445 20022 20022 I EmojiCompatManager: 	at android.inputmethodservice.InputMethodService$InputMethodImpl.startInput(InputMethodService.java:879)
02-19 19:23:41.445 20022 20022 I EmojiCompatManager: 	at android.inputmethodservice.InputMethodService$InputMethodImpl.dispatchStartInput(InputMethodService.java:908)
02-19 19:23:41.445 20022 20022 I EmojiCompatManager: 	at android.inputmethodservice.IInputMethodWrapper.executeMessage(IInputMethodWrapper.java:201)
02-19 19:23:41.445 20022 20022 I EmojiCompatManager: 	at com.android.internal.os.HandlerCaller$MyHandler.handleMessage(HandlerCaller.java:44)
02-19 19:23:41.445 20022 20022 I EmojiCompatManager: 	at android.os.Handler.dispatchMessage(Handler.java:110)
02-19 19:23:41.445 20022 20022 I EmojiCompatManager: 	at android.os.Looper.loopOnce(Looper.java:248)
02-19 19:23:41.445 20022 20022 I EmojiCompatManager: 	at android.os.Looper.loop(Looper.java:338)
02-19 19:23:41.445 20022 20022 I EmojiCompatManager: 	at android.app.ActivityThread.main(ActivityThread.java:9067)
02-19 19:23:41.445 20022 20022 I EmojiCompatManager: 	at java.lang.reflect.Method.invoke(Native Method)
02-19 19:23:41.445 20022 20022 I EmojiCompatManager: 	at com.android.internal.os.RuntimeInit$MethodAndArgsCaller.run(RuntimeInit.java:593)
02-19 19:23:41.445 20022 20022 I EmojiCompatManager: 	at com.android.internal.os.ZygoteInit.main(ZygoteInit.java:932)
02-19 19:23:41.448 20022 20022 I Module  : DeviceLockedStatusModuleProvider$Module.updateDeviceLockedStatus():100 repeatCheckTimes = 1, locked = false
02-19 19:23:41.461   752  1095 D BackgroundInstallControlService: Package event received: 0
02-19 19:23:41.555   752  1852 W PackageConfigPersister: App-specific configuration not found for packageName: com.google.android.apps.nexuslauncher and userId: 0
02-19 19:23:41.570 20022 20022 W NotificationCenter: NotificationCenter$NotificationQueue.notifyPendingNotificationsOnExecutor():877 Heavy notify work detected on UI thread: [kig->jjs] takes 120ms
02-19 19:23:41.598   752  1095 D BackgroundInstallControlService: Package event received: 0
02-19 19:23:43.330 20395 20395 W dumpsys : Thread Pool max thread count is 0. Cannot cache binder as linkToDeath cannot be implemented. serviceName: window
02-19 19:23:43.453   752  1852 I system_server: AssetManager2(0x7d8fac46e098) locale list changing from [] to [en-US]
02-19 19:23:43.469   752  1852 I system_server: AssetManager2(0x7d8fac4d3678) locale list changing from [] to [en-US]
02-19 19:23:43.491 19301 19301 I NearbyDiscovery: FastPairHandler: unregistering intent receivers [CONTEXT service_id=265 ]
02-19 19:23:43.496 19301 19301 I NearbyDiscovery: DiscoveryService destroyed [CONTEXT service_id=265 ]
02-19 19:23:43.498   752  1852 I system_server: AssetManager2(0x7d8fac445058) locale list changing from [] to [en-US]
02-19 19:23:43.730 19301 19967 I NearbyDiscovery: (REDACTED) PureOffloadFastPairScanner: eventType=%s, isInternalReq=%s, isScanning=%s, isScanningAllowed=%s
02-19 19:23:43.730 19301 19967 I NearbyDiscovery: PureOffloadFastPairScanner: Skipping stop, already stopped scanning [CONTEXT service_id=265 ]
02-19 19:23:43.730 19301 19967 I NearbyDiscovery: (REDACTED) ApFastPairScanner: isScreenOn=%s, isLocationEnabled=%s, disableLocationRequirement=%s, isDiscoveryScanningEnabled=%s, during24GhzWifiWarmingUpPeriod=%s
02-19 19:23:43.734 19301 19967 D BluetoothAdapter: isLeEnabled(): OFF
02-19 19:23:43.737 19301 19967 I NearbyDiscovery: (REDACTED) ApFastPairScanner: eventType=%s, intReq=%s, scanning=%s, scanAllowed=%s, bleEnabled=%s, lockScanRate=%s, startScanningByLowPowerMode=%s
02-19 19:23:43.738 19301 19967 I NearbyDiscovery: ApFastPairScanner: Skipping stop, already stopped scanning [CONTEXT service_id=265 ]
02-19 19:23:43.741 19301 19967 I Nearby  : (REDACTED) Successfully shutdown executor %s.
02-19 19:23:43.741 19301 19967 I NearbyDiscovery: FastPairController: unregister location ble observer [CONTEXT service_id=265 ]
02-19 19:23:43.748 19301 19967 I NearbyDiscovery: FastPairController: removeAllEventStreamInitializationDevice [CONTEXT service_id=265 ]
02-19 19:23:43.748 19301 19967 I NearbyDiscovery: FastPairController: destroyAllEventStreams [CONTEXT service_id=265 ]
02-19 19:23:43.748 19301 19967 I NearbyDiscovery: (REDACTED) EventStreamManager: Disconnect all event streams, size=%s
02-19 19:23:43.755 19301 19967 I NearbyDiscovery: FastPairController: unregister display observer [CONTEXT service_id=265 ]
02-19 19:23:43.755 19301 20257 I NearbyDiscovery: (REDACTED) SdpManager: Remove all pending sdp actions (%s)
02-19 19:23:43.762 19301 19967 I NearbyDiscovery: (REDACTED) Show notifications: %d total, no changes since last shown, no-op.
02-19 19:23:43.763 19301 19967 I NearbyDiscovery: CasePairingHandler: Close DB. [CONTEXT service_id=265 ]
02-19 19:23:43.764 19301 19967 D BluetoothAdapter: unregisterBluetoothConnectionCallback()
02-19 19:23:43.784 19301 19967 I NearbyDiscovery: DiscoveryModule: EventLoop destroyed [CONTEXT service_id=265 ]
02-19 19:23:44.477   752  1852 I system_server: AssetManager2(0x7d8fac4da3d8) locale list changing from [] to [en-US]
02-19 19:23:44.626   752  1852 I system_server: AssetManager2(0x7d8fac4d0dd8) locale list changing from [] to [en-US]
02-19 19:23:44.741   752  1852 I system_server: AssetManager2(0x7d8fac4ddc18) locale list changing from [] to [en-US]
02-19 19:23:44.820   752  1856 E TaskPersister: File error accessing recents directory (directory doesn't exist?).
02-19 19:23:45.008 20022 20022 I StylusModule: StylusModule.onUpdateToolType():801 Update tool type = 0
02-19 19:23:46.479   752   805 I ActivityManager: Test idle passed
02-19 19:23:46.491   752  1029 D InetDiagMessage: Destroyed 1 sockets, proto=IPPROTO_TCP, family=AF_INET, states=14
02-19 19:23:46.510   752  1029 D InetDiagMessage: Destroyed 9 sockets, proto=IPPROTO_TCP, family=AF_INET6, states=14
02-19 19:23:46.511   752  1029 D InetDiagMessage: Destroyed live tcp sockets for uids={10217} in 23ms
02-19 19:23:46.512   752  1029 D InetDiagMessage: Destroyed 0 sockets, proto=IPPROTO_TCP, family=AF_INET, states=14
02-19 19:23:46.513   752  1029 D InetDiagMessage: Destroyed 0 sockets, proto=IPPROTO_TCP, family=AF_INET6, states=14
02-19 19:23:46.513   752  1029 D InetDiagMessage: Destroyed live tcp sockets for uids={20217} in 2ms
02-19 19:23:46.516   752  1029 D InetDiagMessage: Destroyed 0 sockets, proto=IPPROTO_TCP, family=AF_INET, states=14
02-19 19:23:46.517   752  1029 D InetDiagMessage: Destroyed 0 sockets, proto=IPPROTO_TCP, family=AF_INET6, states=14
02-19 19:23:46.518   752  1029 D InetDiagMessage: Destroyed live tcp sockets for uids={10205} in 3ms
02-19 19:23:46.519   752  1029 D InetDiagMessage: Destroyed 0 sockets, proto=IPPROTO_TCP, family=AF_INET, states=14
02-19 19:23:46.521   752  1029 D InetDiagMessage: Destroyed 0 sockets, proto=IPPROTO_TCP, family=AF_INET6, states=14
02-19 19:23:46.521   752  1029 D InetDiagMessage: Destroyed live tcp sockets for uids={20205} in 3ms
02-19 19:23:46.561 19166 19176 D OverviewCommandHelper: command added: CommandInfo(type=TOGGLE, status=IDLE, createTime=108100408, animationCallbacks=null, displayId=0, isLastOfBatch=true)
02-19 19:23:46.562 19166 19176 D OverviewCommandHelper: execute: CommandInfo(type=TOGGLE, status=IDLE, createTime=108100408, animationCallbacks=null, displayId=0, isLastOfBatch=true) - queue size: 1
02-19 19:23:46.563 19166 19166 D OverviewCommandHelper: executing command: CommandInfo(type=TOGGLE, status=PROCESSING, createTime=108100408, animationCallbacks=null, displayId=0, isLastOfBatch=true)
02-19 19:23:46.563 19166 19166 D OverviewCommandHelper: executeCommand: CommandInfo(type=TOGGLE, status=PROCESSING, createTime=108100408, animationCallbacks=null, displayId=0, isLastOfBatch=true) - visibleRecentsView: null
02-19 19:23:46.563 19166 19166 D OverviewCommandHelper: Querying TaskbarManager for TaskbarUIController for display: 0
02-19 19:23:46.563 19166 19166 D OverviewCommandHelper: TaskbarUIController for display 0 was found
02-19 19:23:46.564 19166 19166 D TFOManager: playPanelCloseAnimation() duration=150 traceTag=LauncherOverlay-hide isHomeButtonTap=true
02-19 19:23:46.564 19166 19166 D TFOManager: Skipped creating panel close animation because -1 is invisible.
02-19 19:23:46.565 19166 19166 D StateManager: goToState - fromState: Normal, toState: Overview, partial trace:
02-19 19:23:46.565 19166 19166 D StateManager: 	at com.android.quickstep.LauncherActivityInterface.switchToRecentsIfVisible(go/retraceme 72a59688580715d19f0e415c69e80376c2f062d1648c80db6730905005a27c20:39)
02-19 19:23:46.565 19166 19166 D StateManager: 	at com.android.quickstep.OverviewCommandHelper.executeWhenRecentsIsNotVisible(go/retraceme 72a59688580715d19f0e415c69e80376c2f062d1648c80db6730905005a27c20:292)
02-19 19:23:46.565 19166 19166 D StateManager: 	at com.android.quickstep.OverviewCommandHelper.executeCommand(go/retraceme 72a59688580715d19f0e415c69e80376c2f062d1648c80db6730905005a27c20:49)
02-19 19:23:46.569 19166 19166 D OverviewCommandHelper: switching to Overview state - waiting: CommandInfo(type=TOGGLE, status=PROCESSING, createTime=108100408, animationCallbacks=null, displayId=0, isLastOfBatch=true)
02-19 19:23:46.569 19166 19166 D OverviewCommandHelper: command executed: CommandInfo(type=TOGGLE, status=PROCESSING, createTime=108100408, animationCallbacks=null, displayId=0, isLastOfBatch=true) with result: false
02-19 19:23:46.569 19166 19166 D OverviewCommandHelper: waiting for command callback: CommandInfo(type=TOGGLE, status=PROCESSING, createTime=108100408, animationCallbacks=null, displayId=0, isLastOfBatch=true)
02-19 19:23:46.590  4449  4449 I vol.VolumeDialogImpl: mDialog.dismiss() reason: volume_controller from: com.android.systemui.volume.VolumeDialogImpl$7.onDismissRequested:3
02-19 19:23:46.599 19166 19166 D StateManager: onStateTransitionStart - state: Overview
02-19 19:23:46.599 19166 19166 D RecentsView: updateTaskStackListenerState: true
02-19 19:23:46.599 19166 19166 D RecentsView: reloadIfNeeded - getTasks: 16
02-19 19:23:46.603 19166 19166 D OverviewCommandHelper: switching to Overview state - onAnimationStart: CommandInfo(type=TOGGLE, status=PROCESSING, createTime=108100408, animationCallbacks=null, displayId=0, isLastOfBatch=true)
02-19 19:23:46.604 19166 19166 D StatsLog: LAUNCHER_OVERVIEW_SHOW_OVERVIEW_FROM_3_BUTTON
02-19 19:23:46.617   752  1095 D BackgroundInstallControlService: Package event received: 0
02-19 19:23:46.637 19166 19166 D RecentsView: applyLoadPlan - taskGroups: [type=SINGLE task=[id=12 windowingMode=0 user=0 lastActiveTime=89737] null, type=SINGLE task=[id=49 windowingMode=1 user=0 lastActiveTime=87698314] null, type=SINGLE task=[id=78 windowingMode=1 user=0 lastActiveTime=108094506] null]
02-19 19:23:46.733   531   531 I BpBinder: onLastStrongRef automatically unlinking death recipients: 
02-19 19:23:46.961 19166 20297 I s.nexuslauncher: AssetManager2(0x7d8fac43ef78) locale list changing from [] to [en-US]
02-19 19:23:47.022 19166 19166 D StateManager: onStateTransitionEnd - state: Overview
02-19 19:23:47.023 19166 19166 I AiAiSuggestUi: Clearing suggestions.
02-19 19:23:47.024 19166 19166 I AiAiSuggestUi: Requesting to show indicators
02-19 19:23:47.024 19166 19166 I AiAiSuggestUi: Fetching contents, isPrimaryTask = false
02-19 19:23:47.025 19166 19166 D OverviewCommandHelper: switching to Overview state - onAnimationEnd: CommandInfo(type=TOGGLE, status=PROCESSING, createTime=108100408, animationCallbacks=null, displayId=0, isLastOfBatch=true)
02-19 19:23:47.025 19166 19166 D OverviewCommandHelper: command executed: CommandInfo(type=TOGGLE, status=PROCESSING, createTime=108100408, animationCallbacks=null, displayId=0, isLastOfBatch=true) with result: true
02-19 19:23:47.025 19166 19166 D OverviewCommandHelper: command executed successfully! CommandInfo(type=TOGGLE, status=COMPLETED, createTime=108100408, animationCallbacks=null, displayId=0, isLastOfBatch=true)
02-19 19:23:47.025 19166 19166 D OverviewCommandHelper: no pending commands to be executed.
02-19 19:23:47.026   752   933 E ActivityTaskManager: Could not find activity for task 78
02-19 19:23:47.075 19166 20297 W HWUI    : Image decoding logging dropped!
02-19 19:23:47.107 19166 19649 I AiAiSuggestUi: Request suggestContentSelections complete, took: 83
02-19 19:23:47.107 19166 19649 I AiAiSuggestUi: Fetched content back in callback
02-19 19:23:48.017 19166 19166 I AiAiSuggestUi: Display indicators
02-19 19:23:48.018 19166 19166 I Choreographer: Skipped 54 frames!  The application may be doing too much work on its main thread.
02-19 19:23:48.060 19166 20392 I HWUI    : Davey! duration=935ms; Flags=0, FrameTimelineVsyncId=2000905, IntendedVsync=108100954616152, Vsync=108101854616116, InputEventId=0, HandleInputStart=108101869247917, AnimationStart=108101869292917, PerformTraversalsStart=108101876479917, DrawStart=108101876849917, FrameDeadline=108100971282818, FrameStartTime=108101864546917, FrameInterval=16666666, WorkloadTarget=16666666, SyncQueued=108101877364917, SyncStart=108101883085917, IssueDrawCommandsStart=108101883313917, SwapBuffers=108101886011917, FrameCompleted=108101895816917, DequeueBufferDuration=108000, QueueBufferDuration=701000, GpuCompleted=108101895816917, SwapBuffersCompleted=108101889057917, DisplayPresentTime=0, CommandSubmissionCompleted=108101886011917, 
02-19 19:23:48.074 20408 20408 W dumpsys : Thread Pool max thread count is 0. Cannot cache binder as linkToDeath cannot be implemented. serviceName: window
02-19 19:23:48.090 19166 20392 I HWUI    : Davey! duration=948ms; Flags=0, FrameTimelineVsyncId=2000905, IntendedVsync=108100954616152, Vsync=108101854616116, InputEventId=0, HandleInputStart=108101869247917, AnimationStart=108101869292917, PerformTraversalsStart=108101876479917, DrawStart=108101890096917, FrameDeadline=108101887949448, FrameStartTime=108101864546917, FrameInterval=16666666, WorkloadTarget=16666666, SyncQueued=108101890228917, SyncStart=108101893739917, IssueDrawCommandsStart=108101894328917, SwapBuffers=108101895348917, FrameCompleted=108101906159917, DequeueBufferDuration=7380000, QueueBufferDuration=1622000, GpuCompleted=108101898236917, SwapBuffersCompleted=108101906159917, DisplayPresentTime=0, CommandSubmissionCompleted=108101895348917, 
02-19 19:23:48.126   752   796 I EntropyMixer: Updated seed file
02-19 19:23:48.399   752   933 W ActivityTaskManager: callingPackage for (uid=2000, pid=20413) has no WPC
02-19 19:23:48.403   752   933 V GrammaticalInflectionUtils: AttributionSource: android.content.AttributionSource@56784557 does not have READ_SYSTEM_GRAMMATICAL_GENDER permission.
02-19 19:23:48.404   752   933 W OptProp : Cannot read opt property android.window.PROPERTY_COMPAT_ALLOW_USER_ASPECT_RATIO_OVERRIDE
02-19 19:23:48.404   752   933 W OptProp : Cannot read opt property android.window.PROPERTY_COMPAT_ALLOW_USER_ASPECT_RATIO_FULLSCREEN_OVERRIDE
02-19 19:23:48.405   752   933 W OptProp : Cannot read opt property android.window.PROPERTY_COMPAT_ALLOW_RESIZEABLE_ACTIVITY_OVERRIDES
02-19 19:23:48.406   752   933 W OptProp : Cannot read opt property android.window.PROPERTY_COMPAT_ALLOW_MIN_ASPECT_RATIO_OVERRIDE
02-19 19:23:48.412   531   602 I BpBinder: onLastStrongRef automatically unlinking death recipients: 
02-19 19:23:48.419   752   933 I ActivityTaskManager: START u0 {act=android.intent.action.VIEW dat=intoss://takealook/... flg=0x10000000 xflg=0x4 cmp=viva.republica.toss.test/im.toss.rn.granite.core.GraniteActivity} with LAUNCH_MULTIPLE from uid 2000 (BAL_ALLOW_PERMISSION) result code=2
