--------- beginning of main
02-19 20:18:14.143   752 26181 E system_server: libdebuggerd_client: failed to read status response from tombstoned: timeout reached?
02-19 20:18:14.149 27008 27008 I wpa_supplicant: wlan0: CTRL-EVENT-BEACON-LOSS 
--------- beginning of system
02-19 20:18:14.198   752 26181 W ActivityManager: Dumping Java threads failed, initiating native stack dump.
02-19 20:18:14.198   752 26181 E system_server: Could not open /dev/binderfs/binder_logs/transactions. Likely a permissions issue. errno: 2
02-19 20:18:14.198   752 26181 E android.os.Debug: Failed to get binder state info for pid: 26129 status: -2: No such file or directory
02-19 20:18:14.160   752   752 W AnrMainProcessD: type=1400 audit(0.0:487): avc:  denied  { read } for  name="transactions" dev="binder" ino=1048587 scontext=u:r:system_server:s0 tcontext=u:object_r:binderfs_logs_transactions:s0 tclass=file permissive=0
02-19 20:18:14.208   752 26181 I system_server: libdebuggerd_client: started dumping process 26129
02-19 20:18:14.209   283   283 I tombstoned: registered intercept for pid 26129 and type kDebuggerdNativeBacktrace
02-19 20:18:14.209 26129 26129 I libc    : Requested dump for pid 26129 (blica.toss.test)
02-19 20:18:14.278 26129 26133 I blica.toss.test: Background concurrent mark compact GC freed 2521KB AllocSpace bytes, 10(364KB) LOS objects, 49% free, 2096KB/4193KB, paused 16.867ms,4.508ms total 145.878ms
02-19 20:18:14.315   752   752 W Looper  : Drained
02-19 20:18:14.346 19301 26096 I AlarmManager: setExactAndAllowWhileIdle [name: GCM_HB_ALARM type: 2 triggerAtMillis: 113168192]
02-19 20:18:14.350 19301 26096 I AlarmManager: setExactAndAllowWhileIdle [name: GCM_HB_ALARM type: 2 triggerAtMillis: 113168197]
02-19 20:18:14.845 26193 26193 I crash_dump64: obtaining output fd from tombstoned, type: kDebuggerdNativeBacktrace
02-19 20:18:14.846   283   283 I tombstoned: received crash request for pid 26129
02-19 20:18:14.846   283   283 I tombstoned: found intercept fd 512 for pid 26129 and type kDebuggerdNativeBacktrace
02-19 20:18:14.846 26193 26193 I crash_dump64: performing dump of process 26129 (target tid = 26129)
02-19 20:18:14.859   752  1095 D BackgroundInstallControlService: Package event received: 0
02-19 20:18:14.958   752  1233 D ActivityManager: sync unfroze 19378 com.google.android.webview:webview_service for 6
02-19 20:18:14.959   752  1233 W IPCThreadState: Sending oneway calls to frozen process.
02-19 20:18:14.960   752  1095 D BackgroundInstallControlService: Package event received: 0
02-19 20:18:14.967   752  1233 W ProcessStats: Tracking association SourceState{124a4c4 viva.republica.toss.test/10217 BTop #24676} whose proc state 2 is better than process ProcessState{753bac8 com.google.android.webview:webview_service/10168 pkg=com.google.android.webview} proc state 15 (7 skipped)
02-19 20:18:15.011 26129 26200 D nativeloader: Load /data/app/~~NUQj-rdXzuicW-16SIRtKA==/viva.republica.toss.test-Si406wFvb_sqEA2GTBV6RQ==/lib/x86_64/libbugsnag-root-detection.so using class loader ns clns-9 (caller=/data/app/~~NUQj-rdXzuicW-16SIRtKA==/viva.republica.toss.test-Si406wFvb_sqEA2GTBV6RQ==/base.apk): ok
02-19 20:18:15.028   752  1233 D FileUtils: Rounded bytes from 2067259392 to 4000000000
02-19 20:18:15.076 26129 26198 D nativeloader: Load /data/app/~~NUQj-rdXzuicW-16SIRtKA==/viva.republica.toss.test-Si406wFvb_sqEA2GTBV6RQ==/lib/x86_64/libbugsnag-ndk.so using class loader ns clns-9 (caller=<unknown>): ok
02-19 20:18:15.100   752  1233 D FileUtils: Rounded bytes from 2067259392 to 4000000000
02-19 20:18:15.102 26129 26129 W BugsnagNDK: Initialization complete!
02-19 20:18:15.109 26129 26198 D nativeloader: Load /data/app/~~NUQj-rdXzuicW-16SIRtKA==/viva.republica.toss.test-Si406wFvb_sqEA2GTBV6RQ==/lib/x86_64/libbugsnag-plugin-android-anr.so using class loader ns clns-9 (caller=<unknown>): ok
02-19 20:18:15.110 26129 26129 W BugsnagANR: Failed to initialize Google ANR caller. ANRs won't be sent to Google.
02-19 20:18:15.135   752  1233 D ConnectivityService: requestNetwork for uid/pid:10217/26129 activeRequest: null callbackRequest: 845 [NetworkRequest [ REQUEST id=846, [ Capabilities: INTERNET&NOT_RESTRICTED&TRUSTED&NOT_VCN_MANAGED&NOT_BANDWIDTH_CONSTRAINED Uid: 10217 RequestorUid: 10217 RequestorPkg: viva.republica.toss.test UnderlyingNetworks: Null] ]] callback flags: 0 order: 2147483647 isUidTracked: false declaredMethods: AVAIL|UNAVAIL
02-19 20:18:15.138   752  1023 D OemPaidWifiNetworkFactory: got request NetworkRequest [ REQUEST id=846, [ Capabilities: INTERNET&NOT_RESTRICTED&TRUSTED&NOT_VCN_MANAGED&NOT_BANDWIDTH_CONSTRAINED Uid: 10217 RequestorUid: 10217 RequestorPkg: viva.republica.toss.test UnderlyingNetworks: Null] ]
02-19 20:18:15.138   752  1023 D MultiInternetWifiNetworkFactory: got request NetworkRequest [ REQUEST id=846, [ Capabilities: INTERNET&NOT_RESTRICTED&TRUSTED&NOT_VCN_MANAGED&NOT_BANDWIDTH_CONSTRAINED Uid: 10217 RequestorUid: 10217 RequestorPkg: viva.republica.toss.test UnderlyingNetworks: Null] ]
02-19 20:18:15.138   752  1029 D ConnectivityService: NetReassign [846 : null → 108] [c 1] [a 1] [i 1]
02-19 20:18:15.139 26129 26129 W System.err: SLF4J: No SLF4J providers were found.
02-19 20:18:15.139 26129 26129 W System.err: SLF4J: Defaulting to no-operation (NOP) logger implementation
02-19 20:18:15.139 26129 26129 W System.err: SLF4J: See https://www.slf4j.org/codes.html#noProviders for further details.
02-19 20:18:15.144   752  1023 D WifiNetworkFactory: got request NetworkRequest [ REQUEST id=846, [ Capabilities: INTERNET&NOT_RESTRICTED&TRUSTED&NOT_VCN_MANAGED&NOT_BANDWIDTH_CONSTRAINED Uid: 10217 RequestorUid: 10217 RequestorPkg: viva.republica.toss.test UnderlyingNetworks: Null] ]
02-19 20:18:15.144   752  1023 D UntrustedWifiNetworkFactory: got request NetworkRequest [ REQUEST id=846, [ Capabilities: INTERNET&NOT_RESTRICTED&TRUSTED&NOT_VCN_MANAGED&NOT_BANDWIDTH_CONSTRAINED Uid: 10217 RequestorUid: 10217 RequestorPkg: viva.republica.toss.test UnderlyingNetworks: Null] ]
02-19 20:18:15.186   752  1852 W OptProp : Cannot read opt property android.window.PROPERTY_COMPAT_ENABLE_FAKE_FOCUS
02-19 20:18:15.186   752  1852 D CompatChangeReporter: Compat change id reported: 324203798; UID 10217; state: ENABLED
02-19 20:18:15.197   752  1095 D BackgroundInstallControlService: Package event received: 0
02-19 20:18:15.200   752  1095 D BackgroundInstallControlService: Package event received: 0
02-19 20:18:15.531 26129 26129 I Choreographer: Skipped 2191 frames!  The application may be doing too much work on its main thread.
02-19 20:18:15.551 26129 26212 I CameraManagerGlobal: Connecting to camera service
02-19 20:18:15.588 26129 26129 I blica.toss.test: AssetManager2(0x7d8fac432db8) locale list changing from [] to [en-US]
02-19 20:18:15.653   615 17673 I AttributionAndPermissionUtils: checkPermission (forDataDelivery 0 startDataDelivery 0): Permission hard denied for client attribution [uid 10217, pid 26129, packageName "<unknown>"]
02-19 20:18:15.705 26129 26129 I blica.toss.test: AssetManager2(0x7d8fac42c378) locale list changing from [] to [en-US]
02-19 20:18:15.735 26129 26133 I blica.toss.test: Background concurrent mark compact GC freed 1512KB AllocSpace bytes, 0(0B) LOS objects, 49% free, 6359KB/12MB, paused 32.020ms,36.586ms total 547.508ms
02-19 20:18:15.883 26129 26215 I EGL_emulation: Opening libGLESv1_CM_emulation.so
02-19 20:18:15.885 26129 26215 I EGL_emulation: Opening libGLESv2_emulation.so
02-19 20:18:15.919 26129 26215 W HWUI    : Failed to choose config with EGL_SWAP_BEHAVIOR_PRESERVED, retrying without...
02-19 20:18:15.919 26129 26215 W HWUI    : Failed to initialize 101010-2 format, error = EGL_SUCCESS
02-19 20:18:16.050 26129 26129 I blica.toss.test: AssetManager2(0x7d8fac432458) locale list changing from [] to [en-US]
02-19 20:18:16.063 26129 26129 D CompatChangeReporter: Compat change id reported: 309578419; UID 10217; state: ENABLED
02-19 20:18:16.072   283   283 W tombstoned: skipping tombstone file creation due to intercept
02-19 20:18:16.072   752 26181 I system_server: libdebuggerd_client: done dumping process 26129
02-19 20:18:16.102   752 26181 E ActivityManager: Aborted stack trace dump (current primary pid=26129); deadline exceeded.
02-19 20:18:16.108   752 26182 I ActivityManager: dumpStackTraces nativepids=null
02-19 20:18:16.108   752 26182 I ActivityManager: dumpStackTraces extraPids=null
02-19 20:18:16.108   752 26182 I ActivityManager: Done dumping
02-19 20:18:16.118 26129 26129 D CompatChangeReporter: Compat change id reported: 352594277; UID 10217; state: ENABLED
02-19 20:18:16.127 26129 26129 D CompatChangeReporter: Compat change id reported: 349153669; UID 10217; state: ENABLED
02-19 20:18:16.132 26129 26129 W HWUI    : Unknown dataspace 0
02-19 20:18:16.214   752  1509 D CoreBackPreview: Window{ad89978 u0 viva.republica.toss.test/viva.republica.toss.test.MiniAppSchemeActivity}: Setting back callback OnBackInvokedCallbackInfo{mCallback=android.window.IOnBackInvokedCallback$Stub$Proxy@f538b6, mPriority=0, mIsAnimationCallback=false, mOverrideBehavior=0}
02-19 20:18:16.229   752 26182 E ActivityManager: ANR in viva.republica.toss.test
02-19 20:18:16.229   752 26182 E ActivityManager: PID: 26129
02-19 20:18:16.229   752 26182 E ActivityManager: Reason: Process ProcessRecord{5384e0 26129:viva.republica.toss.test/u0a217} failed to complete startup
02-19 20:18:16.229   752 26182 E ActivityManager: ErrorId: b0d7d902-66ad-4d60-8f55-933671660ffb
02-19 20:18:16.229   752 26182 E ActivityManager: Frozen: false
02-19 20:18:16.229   752 26182 E ActivityManager: Load: 0.0 / 0.0 / 0.0
02-19 20:18:16.229   752 26182 E ActivityManager: ----- Output from /proc/pressure/memory -----
02-19 20:18:16.229   752 26182 E ActivityManager: some avg10=0.00 avg60=0.06 avg300=0.31 total=1050547537
02-19 20:18:16.229   752 26182 E ActivityManager: full avg10=0.00 avg60=0.01 avg300=0.11 total=757163949
02-19 20:18:16.229   752 26182 E ActivityManager: ----- End output from /proc/pressure/memory -----
02-19 20:18:16.229   752 26182 E ActivityManager: ----- Output from /proc/pressure/cpu -----
02-19 20:18:16.229   752 26182 E ActivityManager: some avg10=2.28 avg60=4.73 avg300=7.72 total=2981556485
02-19 20:18:16.229   752 26182 E ActivityManager: full avg10=0.00 avg60=0.00 avg300=0.00 total=0
02-19 20:18:16.229   752 26182 E ActivityManager: ----- End output from /proc/pressure/cpu -----
02-19 20:18:16.229   752 26182 E ActivityManager: ----- Output from /proc/pressure/io -----
02-19 20:18:16.229   752 26182 E ActivityManager: some avg10=0.57 avg60=1.05 avg300=1.97 total=3636146255
02-19 20:18:16.229   752 26182 E ActivityManager: full avg10=0.37 avg60=0.60 avg300=1.02 total=2390777928
02-19 20:18:16.229   752 26182 E ActivityManager: ----- End output from /proc/pressure/io -----
02-19 20:18:16.229   752 26182 E ActivityManager: 
02-19 20:18:16.229   752 26182 E ActivityManager: CPU usage from 71ms to 16706ms later (2026-02-19 20:17:59.489 to 2026-02-19 20:18:16.125):
02-19 20:18:16.229   752 26182 E ActivityManager:   15% 26129/viva.republica.toss.test: 5.5% user + 10% kernel / faults: 13160 minor 10 major
02-19 20:18:16.229   752 26182 E ActivityManager:   4.3% 752/system_server: 0.2% user + 4.1% kernel / faults: 414 minor 8 major
02-19 20:18:16.229   752 26182 E ActivityManager:   0.9% 19301/com.google.android.gms.persistent: 0.2% user + 0.6% kernel / faults: 48 minor 16 major
02-19 20:18:16.229   752 26182 E ActivityManager:   2.2% 531/surfaceflinger: 0.3% user + 1.9% kernel
02-19 20:18:16.229   752 26182 E ActivityManager:   1.4% 4449/com.android.systemui: 0.4% user + 1% kernel / faults: 85 minor 2 major
02-19 20:18:16.229   752 26182 E ActivityManager:   0.7% 479/android.hardware.sensors-service.multihal: 0% user + 0.7% kernel
02-19 20:18:16.229   752 26182 E ActivityManager:   0.7% 4656/com.google.android.adservices.api: 0.4% user + 0.2% kernel / faults: 59 minor 2 major
02-19 20:18:16.229   752 26182 E ActivityManager:   0.6% 25296/kworker/u8:0-events_unbound: 0% user + 0.6% kernel
02-19 20:18:16.229   752 26182 E ActivityManager:   0.5% 19166/com.google.android.apps.nexuslauncher: 0.2% user + 0.3% kernel / faults: 2 minor
02-19 20:18:16.229   752 26182 E ActivityManager:   0.5% 488/android.hardware.graphics.composer3-service.ranchu: 0% user + 0.4% kernel
02-19 20:18:16.229   752 26182 E ActivityManager: 5% TOTAL: 0.8% user + 2.8% kernel + 1.2% iowait + 0% softirq
02-19 20:18:16.229   752 26182 E ActivityManager: CPU usage from 111353265ms to 111353265ms ago (1970-01-01 09:00:00.000 to 1970-01-01 09:00:00.000) with 0% awake:
02-19 20:18:16.229   752 26182 E ActivityManager: 0% TOTAL: 0% user + 0% kernel
02-19 20:18:16.255   752 26182 D ActivityManager: Completed ANR of viva.republica.toss.test in 16831ms, latency 7ms
02-19 20:18:16.259   752 26228 I DropBoxManagerService: add tag=data_app_anr isTagEnabled=true flags=0x6
02-19 20:18:16.370   752   794 I ActivityTaskManager: Displayed viva.republica.toss.test/.MiniAppSchemeActivity for user 0: +43s706ms
02-19 20:18:16.398   752   797 W IPCThreadState: Sending oneway calls to frozen process.
02-19 20:18:16.399   752   797 W IPCThreadState: Sending oneway calls to frozen process.
02-19 20:18:16.404   752   797 W IPCThreadState: Sending oneway calls to frozen process.
02-19 20:18:16.406   752   797 W IPCThreadState: Sending oneway calls to frozen process.
02-19 20:18:16.407   752   797 W IPCThreadState: Sending oneway calls to frozen process.
02-19 20:18:16.407   752   797 W IPCThreadState: Sending oneway calls to frozen process.
02-19 20:18:16.407   752   797 W IPCThreadState: Sending oneway calls to frozen process.
02-19 20:18:16.408   752   797 W IPCThreadState: Sending oneway calls to frozen process.
02-19 20:18:16.409   752   797 W IPCThreadState: Sending oneway calls to frozen process.
02-19 20:18:16.412   752   797 W IPCThreadState: Sending oneway calls to frozen process.
02-19 20:18:16.412   752   797 W IPCThreadState: Sending oneway calls to frozen process.
02-19 20:18:16.413   752   797 W IPCThreadState: Sending oneway calls to frozen process.
02-19 20:18:16.414   752   797 W IPCThreadState: Sending oneway calls to frozen process.
02-19 20:18:16.439   752   795 W Looper  : Slow dispatch took 152ms android.ui app=system_server main=false group=TOP_APP h=com.android.server.am.ActivityManagerService$UiHandler c=com.android.server.am.ErrorDialogController$$ExternalSyntheticLambda4@c04a125 m=0
02-19 20:18:16.448   752   989 I ImeTracker: viva.republica.toss.test:16dedce8: onRequestHide at ORIGIN_SERVER reason HIDE_UNSPECIFIED_WINDOW fromUser false
02-19 20:18:16.459 20022 20022 I GoogleInputMethodService: GoogleInputMethodService.onFinishInput():2043 
02-19 20:18:16.460 20022 20022 I Module  : DeviceLockedStatusModuleProvider$Module.updateDeviceLockedStatus():100 repeatCheckTimes = 0, locked = false
02-19 20:18:16.464   752  1509 I ImeTracker: system_server:55070a2: onRequestHide at ORIGIN_SERVER reason IME_REQUESTED_CHANGED_LISTENER fromUser false
02-19 20:18:16.466 20022 20022 I GoogleInputMethodService: GoogleInputMethodService.onStartInput():1293 onStartInput(EditorInfo{EditorInfo{packageName=viva.republica.toss.test, inputType=0, inputTypeString=NULL, enableLearning=false, autoCorrection=false, autoComplete=false, imeOptions=0, privateImeOptions=null, actionName=UNSPECIFIED, actionLabel=null, initialSelStart=-1, initialSelEnd=-1, initialCapsMode=0, label=null, fieldId=0, fieldName=null, extras=null, hintText=null, hintLocales=[]}}, false)
02-19 20:18:16.467 20022 20022 I EmojiCompatManager: EmojiCompatManager.getEmojiCompatIfLoaded():343 EmojiCompat.init() was never called.
02-19 20:18:16.467 20022 20022 I EmojiCompatManager: java.lang.IllegalStateException: EmojiCompat is not initialized. Please call EmojiCompat.init() first
02-19 20:18:16.467 20022 20022 I EmojiCompatManager: 	at asx.p(PG:6)
02-19 20:18:16.467 20022 20022 I EmojiCompatManager: 	at axb.b(PG:13)
02-19 20:18:16.467 20022 20022 I EmojiCompatManager: 	at jnr.b(PG:2)
02-19 20:18:16.467 20022 20022 I EmojiCompatManager: 	at jnr.c(PG:4)
02-19 20:18:16.467 20022 20022 I EmojiCompatManager: 	at jnr.f(PG:3)
02-19 20:18:16.467 20022 20022 I EmojiCompatManager: 	at jnx.c(PG:3)
02-19 20:18:16.467 20022 20022 I EmojiCompatManager: 	at kif.cz(PG:47)
02-19 20:18:16.467 20022 20022 I EmojiCompatManager: 	at lhl.run(PG:1025)
02-19 20:18:16.467 20022 20022 I EmojiCompatManager: 	at jaf.execute(PG:12)
02-19 20:18:16.467 20022 20022 I EmojiCompatManager: 	at nco.v(PG:13)
02-19 20:18:16.467 20022 20022 I EmojiCompatManager: 	at lhn.m(PG:96)
02-19 20:18:16.467 20022 20022 I EmojiCompatManager: 	at lhn.k(PG:25)
02-19 20:18:16.467 20022 20022 I EmojiCompatManager: 	at kgn.onStartInput(PG:250)
02-19 20:18:16.467 20022 20022 I EmojiCompatManager: 	at android.inputmethodservice.InputMethodService.doStartInput(InputMethodService.java:3521)
02-19 20:18:16.467 20022 20022 I EmojiCompatManager: 	at android.inputmethodservice.InputMethodService$InputMethodImpl.startInput(InputMethodService.java:879)
02-19 20:18:16.467 20022 20022 I EmojiCompatManager: 	at android.inputmethodservice.InputMethodService$InputMethodImpl.dispatchStartInput(InputMethodService.java:908)
02-19 20:18:16.467 20022 20022 I EmojiCompatManager: 	at android.inputmethodservice.IInputMethodWrapper.executeMessage(IInputMethodWrapper.java:201)
02-19 20:18:16.467 20022 20022 I EmojiCompatManager: 	at com.android.internal.os.HandlerCaller$MyHandler.handleMessage(HandlerCaller.java:44)
02-19 20:18:16.467 20022 20022 I EmojiCompatManager: 	at android.os.Handler.dispatchMessage(Handler.java:110)
02-19 20:18:16.467 20022 20022 I EmojiCompatManager: 	at android.os.Looper.loopOnce(Looper.java:248)
02-19 20:18:16.467 20022 20022 I EmojiCompatManager: 	at android.os.Looper.loop(Looper.java:338)
02-19 20:18:16.467 20022 20022 I EmojiCompatManager: 	at android.app.ActivityThread.main(ActivityThread.java:9067)
02-19 20:18:16.467 20022 20022 I EmojiCompatManager: 	at java.lang.reflect.Method.invoke(Native Method)
02-19 20:18:16.467 20022 20022 I EmojiCompatManager: 	at com.android.internal.os.RuntimeInit$MethodAndArgsCaller.run(RuntimeInit.java:593)
02-19 20:18:16.467 20022 20022 I EmojiCompatManager: 	at com.android.internal.os.ZygoteInit.main(ZygoteInit.java:932)
02-19 20:18:16.468 26129 26129 D InsetsController: hide(ime(), fromIme=false)
02-19 20:18:16.468 26129 26129 I ImeTracker: viva.republica.toss.test:16dedce8: onCancelled at PHASE_CLIENT_ALREADY_HIDDEN
02-19 20:18:16.469   752   797 I ImeTracker: system_server:55070a2: onCancelled at PHASE_SERVER_SHOULD_HIDE
02-19 20:18:16.469 20022 20022 I Module  : DeviceLockedStatusModuleProvider$Module.updateDeviceLockedStatus():100 repeatCheckTimes = 1, locked = false
02-19 20:18:16.472   752   933 W PackageConfigPersister: App-specific configuration not found for packageName: viva.republica.toss.test and userId: 0
02-19 20:18:16.475   752   795 D CoreBackPreview: Window{e09b16d u0 Application Not Responding: viva.republica.toss.test}: Setting back callback OnBackInvokedCallbackInfo{mCallback=android.window.WindowOnBackInvokedDispatcher$OnBackInvokedCallbackWrapper@a2a0752, mPriority=-1, mIsAnimationCallback=false, mOverrideBehavior=0}
02-19 20:18:16.512   752  2468 W HWUI    : Failed to choose config with EGL_SWAP_BEHAVIOR_PRESERVED, retrying without...
02-19 20:18:16.513   752  2468 W HWUI    : Failed to initialize 101010-2 format, error = EGL_SUCCESS
02-19 20:18:16.559   752   933 D CompatChangeReporter: Compat change id reported: 151861875; UID 10217; state: ENABLED
02-19 20:18:16.560   752   933 V GrammaticalInflectionUtils: AttributionSource: android.content.AttributionSource@56784557 does not have READ_SYSTEM_GRAMMATICAL_GENDER permission.
02-19 20:18:16.561   752   933 W OptProp : Cannot read opt property android.window.PROPERTY_COMPAT_ALLOW_USER_ASPECT_RATIO_OVERRIDE
02-19 20:18:16.561   752   933 W OptProp : Cannot read opt property android.window.PROPERTY_COMPAT_ALLOW_USER_ASPECT_RATIO_FULLSCREEN_OVERRIDE
02-19 20:18:16.561   752   933 W OptProp : Cannot read opt property android.window.PROPERTY_COMPAT_ALLOW_RESIZEABLE_ACTIVITY_OVERRIDES
02-19 20:18:16.563   752   933 W OptProp : Cannot read opt property android.window.PROPERTY_COMPAT_ALLOW_MIN_ASPECT_RATIO_OVERRIDE
02-19 20:18:16.573   752   933 W OptProp : Cannot read opt property android.window.PROPERTY_COMPAT_ALLOW_ORIENTATION_OVERRIDE
02-19 20:18:16.587   752   933 I ActivityTaskManager: START u0 {act=android.intent.action.VIEW dat=intoss://takealook/... xflg=0x4 cmp=viva.republica.toss.test/im.toss.rn.granite.core.GraniteActivity (has extras)} with LAUNCH_MULTIPLE from uid 10217 (sr=23692660) (BAL_ALLOW_VISIBLE_WINDOW) result code=0
02-19 20:18:16.588  4449  4467 V WindowManagerShell: Transition requested (#883): android.os.BinderProxy@fd3d83d TransitionRequestInfo { type = OPEN, triggerTask = TaskInfo{userId=0 taskId=99 effectiveUid=10217 displayId=0 isRunning=true baseIntent=Intent { act=android.intent.action.VIEW dat=intoss://takealook/... flg=0x10000000 pkg=viva.republica.toss.test cmp=viva.republica.toss.test/.MiniAppSchemeActivity } baseActivity=ComponentInfo{viva.republica.toss.test/viva.republica.toss.test.MiniAppSchemeActivity} topActivity=ComponentInfo{viva.republica.toss.test/im.toss.rn.granite.core.GraniteActivity} origActivity=null realActivity=ComponentInfo{viva.republica.toss.test/viva.republica.toss.test.MiniAppSchemeActivity} numActivities=2 lastActiveTime=111370426 supportsMultiWindow=true resizeMode=1 isResizeable=true minWidth=-1 minHeight=-1 defaultMinSize=220 token=WCT{android.window.IWindowContainerToken$Stub$Proxy@543d832} topActivityType=1 pictureInPictureParams=null shouldDockBigOverlays=false launchIntoPipHostTaskId=-1 lastParentTaskIdBeforePip=-1 displayCutoutSafeInsets=Rect(0, 0 - 0, 0) topActivityInfo=ActivityInfo{26e7983 im.toss.rn.granite.core.GraniteActivity} launchCookies=[] positionInParent=Point(0, 0) parentTaskId=-1 isFocused=true isVisible=true isVisibleRequested=true isTopActivityNoDisplay=false isSleeping=false locusId=null displayAreaFeatureId=1 isTopActivityTransparent=false isActivityStackTransparent=false lastNonFullscreenBounds=Rect(284, 660 - 796, 1740) capturedLink=null capturedLinkTimestamp=0 requestedVisibleTypes=-9 topActivityRequestOpenInBrowserEducationTimestamp=0 appCompatTaskInfo=AppCompatTaskInfo { topActivityInSizeCompat=false eligibleForLetterboxEducation= false isLetterboxEducationEnabled= true isLetterboxDoubleTapEnabled= false eligibleForUserAspectRatioButton= false topActivityBoundsLetterboxed= false isFromLetterboxDoubleTap= false topActivityLetterboxVerticalPosition= -1 topActivityLetterboxHorizontalPosition= -1 topActivityLetterboxWidth=-1 topActivityLetterboxHeight=-1 topActivityAppBounds=Rect(0, 0 - 1080, 2400) isUserFullscreenOverrideEnabled=false isSystemFullscreenOverrideEnabled=false hasMinAspectRatioOverride=false topActivityLetterboxBounds=null cameraCompatTaskInfo=CameraCompatTaskInfo { freeformCameraCompatMode=inactive}} topActivityMainWindowFrame=null}, pipChange = null, remoteTransition = null, displayChange = null, flags = 0, debugId = 883 }
02-19 20:18:16.588  4449  4467 D ShellSplitScreen: logExit: no-op, mLoggerSessionId is null
02-19 20:18:16.606   752  1095 D BackgroundInstallControlService: Package event received: 0
02-19 20:18:16.841   752   752 W Looper  : Slow delivery took 234ms main app=system_server main=true group=FOREGROUND h=android.os.Handler c=<recycled PooledLambda@6e39c2> m=0
02-19 20:18:16.841   752   752 W Looper  : Drained
02-19 20:18:16.844   531   531 I BpBinder: onLastStrongRef automatically unlinking death recipients: 
02-19 20:18:16.850   752  2500 W OptProp : Cannot read opt property android.window.PROPERTY_COMPAT_ENABLE_FAKE_FOCUS
02-19 20:18:16.852   752   795 W Looper  : Slow dispatch took 381ms android.ui app=system_server main=false group=TOP_APP h=android.view.Choreographer$FrameHandler c=android.view.Choreographer$FrameDisplayEventReceiver@871751d m=0
02-19 20:18:16.876   752   795 W Looper  : Slow delivery took 439ms android.ui app=system_server main=false group=TOP_APP h=com.android.server.wm.DisplayPolicy$PolicyHandler c=com.android.server.wm.DisplayPolicy$$ExternalSyntheticLambda14@26d8b76 m=0
02-19 20:18:16.915 26129 26129 I blica.toss.test: AssetManager2(0x7d8fac433d58) locale list changing from [] to [en-US]
02-19 20:18:16.948 19301 19311 I FontLog : (REDACTED) Received query %s, URI %s
02-19 20:18:16.948 19301 19311 I FontLog : (REDACTED) Query [%s] resolved to %s
02-19 20:18:16.952   531   549 I BpBinder: onLastStrongRef automatically unlinking death recipients: 
02-19 20:18:16.958 19301 19311 I FontLog : (REDACTED) Fetch %s end status %s
02-19 20:18:16.980   752  1095 D BackgroundInstallControlService: Package event received: 0
02-19 20:18:16.980   752  1095 D BackgroundInstallControlService: Package event received: 0
02-19 20:18:16.984 19301 19311 I FontLog : (REDACTED) Pulling font file for id = %d, cache size = %d
02-19 20:18:16.988   752   795 W Looper  : Drained
02-19 20:18:17.015 19301 19311 I FontLog : (REDACTED) Pulling font file for id = %d, cache size = %d
02-19 20:18:17.534   752  1509 D CoreBackPreview: Window{ca8c2b0 u0 viva.republica.toss.test/im.toss.rn.granite.core.GraniteActivity}: Setting back callback OnBackInvokedCallbackInfo{mCallback=android.window.IOnBackInvokedCallback$Stub$Proxy@bae49ba, mPriority=0, mIsAnimationCallback=false, mOverrideBehavior=0}
02-19 20:18:17.539 26129 26129 W unknown:ReactRootView: Unable to update root layout specs for uninitialized ReactInstanceManager
02-19 20:18:17.626 26129 26129 V SoLoader: Init System Loader delegate
02-19 20:18:17.632   752   795 W Looper  : Slow delivery took 238ms android.ui app=system_server main=false group=TOP_APP h=com.android.server.am.BaseErrorDialog$2 c=null m=0
02-19 20:18:17.636   752   795 W Looper  : Drained
02-19 20:18:17.638   752   794 I ActivityTaskManager: Displayed viva.republica.toss.test/im.toss.rn.granite.core.GraniteActivity for user 0: +1s73ms
02-19 20:18:17.639   752   794 V WindowManager: Sent Transition (#883) createdAt=02-19 20:18:16.565 via request=TransitionRequestInfo { type = OPEN, triggerTask = TaskInfo{userId=0 taskId=99 effectiveUid=10217 displayId=0 isRunning=true baseIntent=Intent { act=android.intent.action.VIEW dat=intoss://takealook/... flg=0x10000000 pkg=viva.republica.toss.test cmp=viva.republica.toss.test/.MiniAppSchemeActivity } baseActivity=ComponentInfo{viva.republica.toss.test/viva.republica.toss.test.MiniAppSchemeActivity} topActivity=ComponentInfo{viva.republica.toss.test/im.toss.rn.granite.core.GraniteActivity} origActivity=null realActivity=ComponentInfo{viva.republica.toss.test/viva.republica.toss.test.MiniAppSchemeActivity} numActivities=2 lastActiveTime=111370426 supportsMultiWindow=true resizeMode=1 isResizeable=true minWidth=-1 minHeight=-1 defaultMinSize=220 token=WCT{RemoteToken{5880509 Task{c4f5a9d #99 type=standard A=10217:viva.republica.toss.test}}} topActivityType=1 pictureInPictureParams=null shouldDockBigOverlays=false launchIntoPipHostTaskId=-1 lastParentTaskIdBeforePip=-1 displayCutoutSafeInsets=Rect(0, 0 - 0, 0) topActivityInfo=ActivityInfo{9e74786 im.toss.rn.granite.core.GraniteActivity} launchCookies=[] positionInParent=Point(0, 0) parentTaskId=-1 isFocused=true isVisible=true isVisibleRequested=true isTopActivityNoDisplay=false isSleeping=false locusId=null displayAreaFeatureId=1 isTopActivityTransparent=false isActivityStackTransparent=false lastNonFullscreenBounds=Rect(284, 660 - 796, 1740) capturedLink=null capturedLinkTimestamp=0 requestedVisibleTypes=-9 topActivityRequestOpenInBrowserEducationTimestamp=0 appCompatTaskInfo=AppCompatTaskInfo { topActivityInSizeCompat=false eligibleForLetterboxEducation= false isLetterboxEducationEnabled= true isLetterboxDoubleTapEnabled= false eligibleForUserAspectRatioButton= false topActivityBoundsLetterboxed= false isFromLetterboxDoubleTap= false topActivityLetterboxVerticalPosition= -1 topActivityLetterboxHorizontalPosition= -1 topActivityLetterboxWidth=-1 topActivityLetterboxHeight=-1 topActivityAppBounds=Rect(0, 0 - 1080, 2400) isUserFullscreenOverrideEnabled=false isSystemFullscreenOverrideEnabled=false hasMinAspectRatioOverride=false topActivityLetterboxBounds=null cameraCompatTaskInfo=CameraCompatTaskInfo { freeformCameraCompatMode=inactive}} topActivityMainWindowFrame=null}, pipChange = null, remoteTransition = null, displayChange = null, flags = 0, debugId = 883 }
02-19 20:18:17.639   752   794 V WindowManager:     startWCT=WindowContainerTransaction { changes= {} hops= [] errorCallbackToken=null taskFragmentOrganizer=null }
02-19 20:18:17.639   752   794 V WindowManager:     info={id=883 t=OPEN f=0x0 trk=0 r=[0@Point(0, 0)] c=[
02-19 20:18:17.639   752   794 V WindowManager:         {m=OPEN f=FILLS_TASK leash=Surface(name=ActivityRecord{206529919 u0 viva.republica.toss.test/im.toss.rn.granite.core.GraniteActivity)/@0x26637c8 sb=Rect(0, 0 - 0, 0) eb=Rect(0, 0 - 1080, 2400) epz=Point(1080, 2400) d=-1->0 r=-1->0:-1 bc=ffffffff component=viva.republica.toss.test/im.toss.rn.granite.core.GraniteActivity},
02-19 20:18:17.639   752   794 V WindowManager:         {m=CLOSE f=TRANSLUCENT|FILLS_TASK leash=Surface(name=ActivityRecord{23692660 u0 viva.republica.toss.test/.MiniAppSchemeActivity)/@0x388406b sb=Rect(0, 0 - 1080, 2400) eb=Rect(0, 0 - 1080, 2400) epz=Point(1080, 2400) d=0 bc=ffffffff component=viva.republica.toss.test/.MiniAppSchemeActivity},
02-19 20:18:17.639   752   794 V WindowManager:         {WCT{RemoteToken{5218fe8 Task{dd43522 #1 type=home}}} m=TO_BACK f=SHOW_WALLPAPER leash=Surface(name=Task=1)/@0x8ddbd2e sb=Rect(0, 0 - 1080, 2400) eb=Rect(0, 0 - 1080, 2400) epz=Point(1080, 2400) d=0 taskParent=-1},
02-19 20:18:17.639   752   794 V WindowManager:         {m=TO_BACK f=IS_WALLPAPER leash=Surface(name=WallpaperWindowToken{35e0c0f showWhenLocked=false})/@0x512f5be sb=Rect(0, 0 - 1080, 2400) eb=Rect(0, 0 - 1080, 2400) epz=Point(1080, 2400) d=0}
02-19 20:18:17.639   752   794 V WindowManager:     ]}
02-19 20:18:17.665  4449  4536 V WindowManagerShell: onTransitionReady(transaction=3229815432719)
02-19 20:18:17.666  4449  4467 V WindowManagerShell: onTransitionReady (#883) android.os.BinderProxy@fd3d83d: {id=883 t=OPEN f=0x0 trk=0 r=[0@Point(0, 0)] c=[
02-19 20:18:17.666  4449  4467 V WindowManagerShell:         {m=OPEN f=FILLS_TASK leash=Surface(name=ActivityRecord{206529919 u0 viva.republica.toss.test/im.toss.rn.granite.core.GraniteActivity)/@0x61d700 sb=Rect(0, 0 - 0, 0) eb=Rect(0, 0 - 1080, 2400) epz=Point(1080, 2400) d=-1->0 r=-1->0:-1 bc=ffffffff component=viva.republica.toss.test/im.toss.rn.granite.core.GraniteActivity},
02-19 20:18:17.666  4449  4467 V WindowManagerShell:         {m=CLOSE f=TRANSLUCENT|FILLS_TASK leash=Surface(name=ActivityRecord{23692660 u0 viva.republica.toss.test/.MiniAppSchemeActivity)/@0x32abb39 sb=Rect(0, 0 - 1080, 2400) eb=Rect(0, 0 - 1080, 2400) epz=Point(1080, 2400) d=0 bc=ffffffff component=viva.republica.toss.test/.MiniAppSchemeActivity},
02-19 20:18:17.666  4449  4467 V WindowManagerShell:         {m=TO_BACK f=SHOW_WALLPAPER leash=Surface(name=Task=1)/@0x553457e sb=Rect(0, 0 - 1080, 2400) eb=Rect(0, 0 - 1080, 2400) epz=Point(1080, 2400) d=0 taskParent=-1},
02-19 20:18:17.666  4449  4467 V WindowManagerShell:         {m=TO_BACK f=IS_WALLPAPER leash=Surface(name=WallpaperWindowToken{35e0c0f showWhenLocked=false})/@0x1152adf sb=Rect(0, 0 - 1080, 2400) eb=Rect(0, 0 - 1080, 2400) epz=Point(1080, 2400) d=0}
02-19 20:18:17.666  4449  4467 V WindowManagerShell:     ]}
02-19 20:18:17.666  4449  4467 V WindowManagerShell: Playing animation for (#883) android.os.BinderProxy@fd3d83d@0
02-19 20:18:17.666  4449  4467 V ShellRecents: RecentsTransitionHandler.startAnimation: no controller found
02-19 20:18:17.666  4449  4467 V WindowManagerShell: Transition doesn't have explicit remote, search filters for match for {id=883 t=OPEN f=0x0 trk=0 r=[0@Point(0, 0)] c=[{m=OPEN f=FILLS_TASK leash=Surface(name=ActivityRecord{206529919 u0 viva.republica.toss.test/im.toss.rn.granite.core.GraniteActivity)/@0x61d700 sb=Rect(0, 0 - 0, 0) eb=Rect(0, 0 - 1080, 2400) epz=Point(1080, 2400) d=-1->0 r=-1->0:-1 bc=ffffffff component=viva.republica.toss.test/im.toss.rn.granite.core.GraniteActivity},{m=CLOSE f=TRANSLUCENT|FILLS_TASK leash=Surface(name=ActivityRecord{23692660 u0 viva.republica.toss.test/.MiniAppSchemeActivity)/@0x32abb39 sb=Rect(0, 0 - 1080, 2400) eb=Rect(0, 0 - 1080, 2400) epz=Point(1080, 2400) d=0 bc=ffffffff component=viva.republica.toss.test/.MiniAppSchemeActivity},{m=TO_BACK f=SHOW_WALLPAPER leash=Surface(name=Task=1)/@0x553457e sb=Rect(0, 0 - 1080, 2400) eb=Rect(0, 0 - 1080, 2400) epz=Point(1080, 2400) d=0 taskParent=-1},{m=TO_BACK f=IS_WALLPAPER leash=Surface(name=WallpaperWindowToken{35e0c0f showWhenLocked=false})/@0x1152adf sb=Rect(0, 0 - 1080, 2400) eb=Rect(0, 0 - 1080, 2400) epz=Point(1080, 2400) d=0}]}
02-19 20:18:17.667  4449  4467 V WindowManagerShell:  Checking filter Pair{{types=[] flags=0x0] notFlags=0x0 checks=[{atype=undefined independent=true modes=[CLOSE,TO_BACK] flags=IN_TASK_WITH_EMBEDDED_ACTIVITY mustBeTask=false order=ANY topActivity=null launchCookie=null taskFragmentToken=android.os.BinderProxy@71546f0 windowingMode=undefined}]} RemoteTransition { remoteTransition = android.window.IRemoteTransition$Stub$Proxy@d4c8469, appThread = android.app.IApplicationThread$Stub$Proxy@c228eee, debugName = overlayBackTransition }}
02-19 20:18:17.667  4449  4467 V WindowManagerShell:  Checking filter Pair{{types=[] flags=0x0] notFlags=0x0 checks=[{atype=dream independent=true modes=[OPEN,TO_FRONT] flags=NONE mustBeTask=false order=ANY topActivity=null launchCookie=null windowingMode=undefined},{atype=home independent=true modes=[CLOSE,TO_BACK] flags=NONE mustBeTask=false order=ANY topActivity=null launchCookie=null windowingMode=undefined}]} RemoteTransition { remoteTransition = android.window.IRemoteTransition$Stub$Proxy@c578f8f, appThread = android.app.IApplicationThread$Stub$Proxy@69fe21c, debugName = LauncherToDream }}
02-19 20:18:17.667  4449  4467 V WindowManagerShell:  Checking filter Pair{{types=[] flags=0x0] notFlags=0x100 checks=[{atype=home independent=true modes=[OPEN,TO_FRONT] flags=NONE mustBeTask=false order=TOP topActivity=ComponentInfo{com.google.android.apps.nexuslauncher/com.google.android.apps.nexuslauncher.NexusLauncherActivity} launchCookie=null windowingMode=undefined},{atype=standard independent=true modes=[CLOSE,TO_BACK] flags=NONE mustBeTask=false order=ANY topActivity=null launchCookie=null windowingMode=undefined},{NOT atype=undefined independent=true modes=[] flags=NONE mustBeTask=true order=ANY topActivity=null launchCookie=null customAnim=true windowingMode=undefined}]} RemoteTransition { remoteTransition = android.window.IRemoteTransition$Stub$Proxy@69ffe25, appThread = android.app.IApplicationThread$Stub$Proxy@72cabfa, debugName = QuickstepLaunchHome }}
02-19 20:18:17.667  4449  4467 V WindowManagerShell:  Checking filter Pair{{types=[] flags=0x0] notFlags=0x0 checks=[{atype=undefined independent=true modes=[CLOSE,TO_BACK] flags=IN_TASK_WITH_EMBEDDED_ACTIVITY mustBeTask=false order=ANY topActivity=null launchCookie=null taskFragmentToken=android.os.BinderProxy@71546f0 windowingMode=undefined}]} RemoteTransition { remoteTransition = android.window.IRemoteTransition$Stub$Proxy@7c795ab, appThread = android.app.IApplicationThread$Stub$Proxy@cd70408, debugName = overlayBackTransition }}
02-19 20:18:17.667  4449  4467 V WindowManagerShell:  Checking filter Pair{{types=[] flags=0x0] notFlags=0x0 checks=[{atype=dream independent=true modes=[OPEN,TO_FRONT] flags=NONE mustBeTask=false order=ANY topActivity=null launchCookie=null windowingMode=undefined},{atype=home independent=true modes=[CLOSE,TO_BACK] flags=NONE mustBeTask=false order=ANY topActivity=null launchCookie=null windowingMode=undefined}]} RemoteTransition { remoteTransition = android.window.IRemoteTransition$Stub$Proxy@f757a1, appThread = android.app.IApplicationThread$Stub$Proxy@d898dc6, debugName = LauncherToDream }}
02-19 20:18:17.667  4449  4467 V WindowManagerShell:  Checking filter Pair{{types=[] flags=0x0] notFlags=0x100 checks=[{atype=home independent=true modes=[OPEN,TO_FRONT] flags=NONE mustBeTask=false order=TOP topActivity=ComponentInfo{com.google.android.apps.nexuslauncher/com.google.android.apps.nexuslauncher.NexusLauncherActivity} launchCookie=null windowingMode=undefined},{atype=standard independent=true modes=[CLOSE,TO_BACK] flags=NONE mustBeTask=false order=ANY topActivity=null launchCookie=null windowingMode=undefined},{NOT atype=undefined independent=true modes=[] flags=NONE mustBeTask=true order=ANY topActivity=null launchCookie=null customAnim=true windowingMode=undefined}]} RemoteTransition { remoteTransition = android.window.IRemoteTransition$Stub$Proxy@9e7e187, appThread = android.app.IApplicationThread$Stub$Proxy@3dc58b4, debugName = QuickstepLaunchHome }}
02-19 20:18:17.667  4449  4467 V WindowManagerShell:  Delegate animation for (#883) to null
02-19 20:18:17.667  4449  4467 V WindowManagerShell: start default transition animation, info = {id=883 t=OPEN f=0x0 trk=0 r=[0@Point(0, 0)] c=[{m=OPEN f=FILLS_TASK leash=Surface(name=ActivityRecord{206529919 u0 viva.republica.toss.test/im.toss.rn.granite.core.GraniteActivity)/@0x61d700 sb=Rect(0, 0 - 0, 0) eb=Rect(0, 0 - 1080, 2400) epz=Point(1080, 2400) d=-1->0 r=-1->0:-1 bc=ffffffff component=viva.republica.toss.test/im.toss.rn.granite.core.GraniteActivity},{m=CLOSE f=TRANSLUCENT|FILLS_TASK leash=Surface(name=ActivityRecord{23692660 u0 viva.republica.toss.test/.MiniAppSchemeActivity)/@0x32abb39 sb=Rect(0, 0 - 1080, 2400) eb=Rect(0, 0 - 1080, 2400) epz=Point(1080, 2400) d=0 bc=ffffffff component=viva.republica.toss.test/.MiniAppSchemeActivity},{m=TO_BACK f=SHOW_WALLPAPER leash=Surface(name=Task=1)/@0x553457e sb=Rect(0, 0 - 1080, 2400) eb=Rect(0, 0 - 1080, 2400) epz=Point(1080, 2400) d=0 taskParent=-1},{m=TO_BACK f=IS_WALLPAPER leash=Surface(name=WallpaperWindowToken{35e0c0f showWhenLocked=false})/@0x1152adf sb=Rect(0, 0 - 1080, 2400) eb=Rect(0, 0 - 1080, 2400) epz=Point(1080, 2400) d=0}]}
02-19 20:18:17.668  4449  4467 V WindowManagerShell: loadAnimation: anim=android.view.animation.AnimationSet@55a3b8a animAttr=0x13 type=OPEN isEntrance=false
02-19 20:18:17.668  4449  4467 V WindowManagerShell: loadAnimation: anim=android.view.animation.AnimationSet@c4b95fb animAttr=0x13 type=OPEN isEntrance=false
02-19 20:18:17.669  4449  4467 V WindowManagerShell: loadAnimation: anim=android.view.animation.AnimationSet@4b396d7 animAttr=0x12 type=OPEN isEntrance=true
02-19 20:18:17.672  4449  4467 V WindowManagerShell:  animated by com.android.wm.shell.transition.DefaultTransitionHandler@f74d823
02-19 20:18:17.762 26129 26265 W unknown:InspectorPackagerConnection: Couldn't connect to packager, will silently retry
02-19 20:18:17.768 26129 26266 W unknown:ReconnectingWebSocket: Couldn't connect to "ws://10.0.2.2:8081/message?device=sdk_gphone64_x86_64%20-%2016%20-%20API%2036&app=viva.republica.toss.test&clientid=BridgeDevSupportManager", will silently retry
02-19 20:18:17.800 26129 26129 E unknown:ReactRootView: Unhandled SoftException
02-19 20:18:17.800 26129 26129 E unknown:ReactRootView: com.facebook.react.uimanager.IllegalViewOperationException: Trying to attach a ReactRootView with an explicit id already set to [2131362676]. React Native uses the id field to track react tags and will overwrite this field. If that is fine, explicitly overwrite the id field to View.NO_ID.
02-19 20:18:17.800 26129 26129 E unknown:ReactRootView: 	at com.facebook.react.ReactRootView.attachToReactInstanceManager(:799)
02-19 20:18:17.800 26129 26129 E unknown:ReactRootView: 	at com.facebook.react.ReactRootView.startReactApplication(:509)
02-19 20:18:17.800 26129 26129 E unknown:ReactRootView: 	at com.facebook.react.ReactRootView.startReactApplication(:469)
02-19 20:18:17.800 26129 26129 E unknown:ReactRootView: 	at im.toss.rn.granite.core.GraniteActivity.write(:486)
02-19 20:18:17.800 26129 26129 E unknown:ReactRootView: 	at im.toss.rn.granite.core.GraniteActivity.RemoteActionCompatParcelizer(:124)
02-19 20:18:17.800 26129 26129 E unknown:ReactRootView: 	at im.toss.rn.granite.core.GraniteActivity$RemoteActionCompatParcelizer.IconCompatParcelizer(:65353)
02-19 20:18:17.800 26129 26129 E unknown:ReactRootView: 	at o.sh.a_(:33)
02-19 20:18:17.800 26129 26129 E unknown:ReactRootView: 	at o.xP.run(:100)
02-19 20:18:17.800 26129 26129 E unknown:ReactRootView: 	at android.os.Handler.handleCallback(Handler.java:995)
02-19 20:18:17.800 26129 26129 E unknown:ReactRootView: 	at android.os.Handler.dispatchMessage(Handler.java:103)
02-19 20:18:17.800 26129 26129 E unknown:ReactRootView: 	at android.os.Looper.loopOnce(Looper.java:248)
02-19 20:18:17.800 26129 26129 E unknown:ReactRootView: 	at android.os.Looper.loop(Looper.java:338)
02-19 20:18:17.800 26129 26129 E unknown:ReactRootView: 	at android.app.ActivityThread.main(ActivityThread.java:9067)
02-19 20:18:17.800 26129 26129 E unknown:ReactRootView: 	at java.lang.reflect.Method.invoke(Native Method)
02-19 20:18:17.800 26129 26129 E unknown:ReactRootView: 	at com.android.internal.os.RuntimeInit$MethodAndArgsCaller.run(RuntimeInit.java:593)
02-19 20:18:17.800 26129 26129 E unknown:ReactRootView: 	at com.android.internal.os.ZygoteInit.main(ZygoteInit.java:932)
02-19 20:18:17.822 26129 26129 D CompatChangeReporter: Compat change id reported: 270674727; UID 10217; state: ENABLED
02-19 20:18:17.885 26129 26129 D CompatChangeReporter: Compat change id reported: 63938206; UID 10217; state: ENABLED
02-19 20:18:17.935   752  1509 D CoreBackPreview: Window{d203a99 u0 PopupWindow:f7bd206}: Setting back callback OnBackInvokedCallbackInfo{mCallback=android.window.IOnBackInvokedCallback$Stub$Proxy@26293f, mPriority=0, mIsAnimationCallback=false, mOverrideBehavior=0}
02-19 20:18:17.980  4449  4467 V WindowManagerShell: Transition animation finished (aborted=false), notifying core (#883) android.os.BinderProxy@fd3d83d@0
02-19 20:18:17.988   752   794 V WindowManager: Finish Transition (#883): created at 02-19 20:18:16.565 collect-started=1.975ms request-sent=20.271ms started=27.124ms ready=390.785ms sent=1070.274ms commit=43.447ms finished=1421.621ms
02-19 20:18:18.076  4449  4467 V WindowManagerShell: Track 0 became idle
02-19 20:18:18.076  4449  4467 V WindowManagerShell: All active transition animations finished
02-19 20:18:18.105 19166 19166 D VRI[NexusLauncherActivity]: visibilityChanged oldVisibility=true newVisibility=false
02-19 20:18:18.113 19166 19166 D NexusLauncherModelDelegate: notifySmartspaceEvent: SmartspaceTargetEvent{mSmartspaceTarget=null, mSmartspaceActionId='null', mEventType=7}
02-19 20:18:18.180 19166 19166 D BaseDepthController: setSurface:
02-19 20:18:18.180 19166 19166 D BaseDepthController: 	mWaitingOnSurfaceValidity: false
02-19 20:18:18.180 19166 19166 D BaseDepthController: 	mBaseSurface: null
02-19 20:18:18.199 19166 19166 D BaseDepthController: mSurface is null and mCurrentBlur is: 0
02-19 20:18:18.201 19166 19166 D StateManager: goToState - fromState: Normal, toState: Normal, partial trace:
02-19 20:18:18.201 19166 19166 D StateManager: 	at com.android.launcher3.statemanager.StateManager.moveToRestState(go/retraceme 72a59688580715d19f0e415c69e80376c2f062d1648c80db6730905005a27c20:4)
02-19 20:18:18.201 19166 19166 D StateManager: 	at com.android.launcher3.statemanager.StateManager.moveToRestState(go/retraceme 72a59688580715d19f0e415c69e80376c2f062d1648c80db6730905005a27c20:1)
02-19 20:18:18.201 19166 19166 D StateManager: 	at com.android.launcher3.statemanager.StatefulActivity.onStop(go/retraceme 72a59688580715d19f0e415c69e80376c2f062d1648c80db6730905005a27c20:34)
02-19 20:18:18.202 26129 26129 D VRI[MiniAppSchemeActivity]: visibilityChanged oldVisibility=true newVisibility=false
02-19 20:18:18.203 19166 19166 D StatsLog: LAUNCHER_ONSTOP
02-19 20:18:18.211 19166 19166 D StatsLog: LAUNCHER_GOOGLE_SEARCH_RESTORE_LIST_SIZE_AFTER_ACTIVITY_RESTART
02-19 20:18:18.211 26129 26129 W WindowOnBackDispatcher: sendCancelIfRunning: isInProgress=false callback=android.view.ViewRootImpl$$ExternalSyntheticLambda13@ff79e45
02-19 20:18:18.212   752   933 D CoreBackPreview: Window{ad89978 u0 viva.republica.toss.test/viva.republica.toss.test.MiniAppSchemeActivity}: Setting back callback null
02-19 20:18:18.214 26129 26129 D ViewRootImpl: Skipping stats log for color mode
02-19 20:18:18.217   752   933 I ImeTracker: system_server:92be7e85: onRequestHide at ORIGIN_SERVER reason IME_REQUESTED_CHANGED_LISTENER fromUser false
02-19 20:18:18.218   752   797 I ImeTracker: system_server:92be7e85: onCancelled at PHASE_SERVER_SHOULD_HIDE
02-19 20:18:18.284   752  1095 D BackgroundInstallControlService: Package event received: 0
02-19 20:18:18.288   752  1095 D BackgroundInstallControlService: Package event received: 0
02-19 20:18:18.360 19166 19172 W System  : A resource failed to call release. 
02-19 20:18:18.365 19166 19172 W System  : A resource failed to call release. 
02-19 20:18:18.366 19166 19172 W System  : A resource failed to call release. 
02-19 20:18:18.369 19166 19172 W System  : A resource failed to call release. 
02-19 20:18:18.369 19166 19172 W System  : A resource failed to call release. 
02-19 20:18:18.382 19166 19172 W System  : A resource failed to call release. 
02-19 20:18:18.790 26271 26271 W dumpsys : Thread Pool max thread count is 0. Cannot cache binder as linkToDeath cannot be implemented. serviceName: package
02-19 20:18:19.012 26274 26274 W dumpsys : Thread Pool max thread count is 0. Cannot cache binder as linkToDeath cannot be implemented. serviceName: window
02-19 20:18:19.049   752  2500 I system_server: AssetManager2(0x7d8fac4d7e58) locale list changing from [] to [en-US]
02-19 20:18:19.059   752  2500 I system_server: AssetManager2(0x7d8fac4deed8) locale list changing from [] to [en-US]
02-19 20:18:19.066   752  2500 I system_server: AssetManager2(0x7d8fac522b38) locale list changing from [] to [en-US]
02-19 20:18:19.072   752  2500 I system_server: AssetManager2(0x7d8fac4ce218) locale list changing from [] to [en-US]
02-19 20:18:19.088   752  2500 I system_server: AssetManager2(0x7d8fac511b58) locale list changing from [] to [en-US]
02-19 20:18:19.112   752  2500 I system_server: AssetManager2(0x7d8fac448898) locale list changing from [] to [en-US]
02-19 20:18:19.298 25968 25988 I artd    : GetBestInfo: odex next to the dex file (/data/app/~~O-UZzK0jUU9NLgS3MODOZA==/com.google.android.gms-YQ2L6GsYyKuvu9MvIBK1EQ==/oat/x86_64/base.odex) is kOatUpToDate with filter 'speed-profile' executable 'false'
02-19 20:18:19.305 25968 25989 I artd    : GetBestInfo: odex next to the dex file (/data/app/~~O-UZzK0jUU9NLgS3MODOZA==/com.google.android.gms-YQ2L6GsYyKuvu9MvIBK1EQ==/oat/x86_64/split_AdsDynamite_installtime.odex) is kOatUpToDate with filter 'speed' executable 'false'
02-19 20:18:19.314 25968 25988 I artd    : GetBestInfo: odex next to the dex file (/data/app/~~O-UZzK0jUU9NLgS3MODOZA==/com.google.android.gms-YQ2L6GsYyKuvu9MvIBK1EQ==/oat/x86_64/split_CronetDynamite_installtime.odex) is kOatUpToDate with filter 'speed' executable 'false'
02-19 20:18:19.319 25968 25989 I artd    : GetBestInfo: odex next to the dex file (/data/app/~~O-UZzK0jUU9NLgS3MODOZA==/com.google.android.gms-YQ2L6GsYyKuvu9MvIBK1EQ==/oat/x86_64/split_DynamiteLoader_installtime.odex) is kOatUpToDate with filter 'speed' executable 'false'
02-19 20:18:19.328 25968 25988 I artd    : GetBestInfo: odex next to the dex file (/data/app/~~O-UZzK0jUU9NLgS3MODOZA==/com.google.android.gms-YQ2L6GsYyKuvu9MvIBK1EQ==/oat/x86_64/split_DynamiteModulesA_installtime.odex) is kOatUpToDate with filter 'speed' executable 'false'
02-19 20:18:19.335 25968 25989 I artd    : GetBestInfo: odex next to the dex file (/data/app/~~O-UZzK0jUU9NLgS3MODOZA==/com.google.android.gms-YQ2L6GsYyKuvu9MvIBK1EQ==/oat/x86_64/split_DynamiteModulesC_installtime.odex) is kOatUpToDate with filter 'speed' executable 'false'
02-19 20:18:19.342 25968 25988 I artd    : GetBestInfo: odex next to the dex file (/data/app/~~O-UZzK0jUU9NLgS3MODOZA==/com.google.android.gms-YQ2L6GsYyKuvu9MvIBK1EQ==/oat/x86_64/split_GoogleCertificates_installtime.odex) is kOatUpToDate with filter 'speed' executable 'false'
02-19 20:18:19.350 25968 25988 I artd    : GetBestInfo: odex next to the dex file (/data/app/~~O-UZzK0jUU9NLgS3MODOZA==/com.google.android.gms-YQ2L6GsYyKuvu9MvIBK1EQ==/oat/x86_64/split_MapsDynamite_installtime.odex) is kOatUpToDate with filter 'speed' executable 'false'
02-19 20:18:19.364 25968 25988 I artd    : GetBestInfo: odex next to the dex file (/data/app/~~O-UZzK0jUU9NLgS3MODOZA==/com.google.android.gms-YQ2L6GsYyKuvu9MvIBK1EQ==/oat/x86_64/split_MeasurementDynamite_installtime.odex) is kOatUpToDate with filter 'speed' executable 'false'
02-19 20:18:19.368 25968 25989 I artd    : GetBestInfo: /data/app/~~O-UZzK0jUU9NLgS3MODOZA==/com.google.android.gms-YQ2L6GsYyKuvu9MvIBK1EQ==/split_maps_core_dynamite_ondemand.apk has no usable artifacts
02-19 20:18:19.374 25968 25989 I artd    : GetBestInfo: /data/user_de/0/com.google.android.gms/app_chimera/m/0000000c/dl-Appsearch.optional_250834100800.apk has no usable artifacts
02-19 20:18:19.375 25968 25989 I artd    : GetBestInfo: /data/user_de/0/com.google.android.gms/app_chimera/m/00000001/CronetDynamite.apk has no usable artifacts
02-19 20:18:19.376 25968 25988 I artd    : GetBestInfo: /data/user_de/0/com.google.android.gms/app_chimera/m/00000002/DynamiteLoader.apk has no usable artifacts
02-19 20:18:19.377 25968 25988 I artd    : GetBestInfo: /data/user_de/0/com.google.android.gms/app_chimera/m/00000005/GoogleCertificates.apk has no usable artifacts
02-19 20:18:19.383 25968 25988 I artd    : GetBestInfo: /data/user_de/0/com.google.android.gms/app_chimera/m/00000009/dl-TfliteDynamiteDynamite.integ_252130102100800.apk has no usable artifacts
