02-19 20:18:19.388 25968 25988 I artd    : GetBestInfo: vdex next to the dex file (/data/user/0/com.google.android.gms/app_dg_cache/BF7C023AB90CCF01D1F467FC1CEBAF866511FF29/oat/x86_64/the.vdex) is kOatUpToDate with filter 'verify' executable 'false'
02-19 20:18:19.393 25968 25988 I artd    : GetBestInfo: /data/user_de/0/com.google.android.gms/app_chimera/m/00000010/dl-PlayCloudSearch.optional_250834100000.apk has no usable artifacts
02-19 20:18:19.397 25968 25988 I artd    : GetBestInfo: /data/user_de/0/com.google.android.gms/app_chimera/m/00000017/dl-PlayCloudSearch.optional_260438100000.apk has no usable artifacts
02-19 20:18:19.402 25968 25988 I artd    : GetBestInfo: /data/user_de/0/com.google.android.gms/app_chimera/m/00000015/dl-MlkitOcrCommon.optional_260438100800.apk has no usable artifacts
02-19 20:18:19.408 25968 25988 I artd    : GetBestInfo: /data/user_de/0/com.google.android.gms/app_chimera/m/00000013/dl-MlkitBarcodeUi.optional_260438100800.apk has no usable artifacts
02-19 20:18:19.413 25968 25988 I artd    : GetBestInfo: /data/user_de/0/com.google.android.gms/app_chimera/m/0000000f/dl-MlkitOcrCommon.optional_250834100800.apk has no usable artifacts
02-19 20:18:19.417 25968 25988 I artd    : GetBestInfo: /data/user_de/0/com.google.android.gms/app_chimera/m/0000000d/dl-VisionOcr.optional_250834100000.apk has no usable artifacts
02-19 20:18:19.422 25968 25989 I artd    : GetBestInfo: /data/user_de/0/com.google.android.gms/app_chimera/m/0000000a/dl-MlkitBarcodeUi.optional_250834100800.apk has no usable artifacts
02-19 20:18:19.427 25968 25989 I artd    : GetBestInfo: /data/user_de/0/com.google.android.gms/app_chimera/m/00000011/dl-VisionOcr.optional_260438100000.apk has no usable artifacts
02-19 20:18:19.435 25968 25989 I artd    : GetBestInfo: /data/user_de/0/com.google.android.gms/app_chimera/m/00000012/dl-Appsearch.optional_260438100800.apk has no usable artifacts
02-19 20:18:19.440 25968 25989 I artd    : GetBestInfo: vdex next to the dex file (/data/user/0/com.google.android.gms/app_dg_cache/94DF452EEF4B8E717545DCDEA6CC3C50A319A195/oat/x86_64/the.vdex) is kOatUpToDate with filter 'verify' executable 'false'
02-19 20:18:19.460 25968 25988 I artd    : GetBestInfo: /data/user_de/0/com.google.android.gms/app_chimera/m/00000007/MeasurementDynamite.apk has no usable artifacts
02-19 20:18:19.463 25968 25988 I artd    : GetBestInfo: /data/user_de/0/com.google.android.gms/app_chimera/m/00000018/dl-AdsFdrDynamite.integ_254380203100000.apk has no usable artifacts
02-19 20:18:20.111   752  1856 E TaskPersister: File error accessing recents directory (directory doesn't exist?).
02-19 20:18:21.084 26283 26283 W dumpsys : Thread Pool max thread count is 0. Cannot cache binder as linkToDeath cannot be implemented. serviceName: window
02-19 20:18:21.228   752  1029 D InetDiagMessage: Destroyed 0 sockets, proto=IPPROTO_TCP, family=AF_INET, states=14
02-19 20:18:21.229   752  1029 D InetDiagMessage: Destroyed 0 sockets, proto=IPPROTO_TCP, family=AF_INET6, states=14
02-19 20:18:21.229   752  1029 D InetDiagMessage: Destroyed live tcp sockets for uids={10168} in 5ms
02-19 20:18:21.231   752  1029 D InetDiagMessage: Destroyed 0 sockets, proto=IPPROTO_TCP, family=AF_INET, states=14
02-19 20:18:21.232   752  1029 D InetDiagMessage: Destroyed 0 sockets, proto=IPPROTO_TCP, family=AF_INET6, states=14
02-19 20:18:21.232   752  1029 D InetDiagMessage: Destroyed live tcp sockets for uids={20168} in 2ms
02-19 20:18:21.296 26129 26129 W WindowOnBackDispatcher: sendCancelIfRunning: isInProgress=false callback=android.view.ViewRootImpl$$ExternalSyntheticLambda13@4ba0e1d
02-19 20:18:21.297   752   933 D CoreBackPreview: Window{d203a99 u0 PopupWindow:f7bd206}: Setting back callback null
02-19 20:18:21.306 26129 26286 D nativeloader: Load /data/app/~~NUQj-rdXzuicW-16SIRtKA==/viva.republica.toss.test-Si406wFvb_sqEA2GTBV6RQ==/lib/x86_64/libc++_shared.so using class loader ns clns-9 (caller=<unknown>): ok
02-19 20:18:21.361 19336 19579 I bbax    : (REDACTED) getHotwordActive::active query: %s, watch: %s, devices connected: %s
02-19 20:18:21.424   752  1509 W ActivityTaskManager: callingPackage for (uid=2000, pid=26290) has no WPC
02-19 20:18:21.427   752  1509 V GrammaticalInflectionUtils: AttributionSource: android.content.AttributionSource@56784557 does not have READ_SYSTEM_GRAMMATICAL_GENDER permission.
02-19 20:18:21.428   752  1509 W OptProp : Cannot read opt property android.window.PROPERTY_COMPAT_ALLOW_USER_ASPECT_RATIO_OVERRIDE
02-19 20:18:21.428   752  1509 W OptProp : Cannot read opt property android.window.PROPERTY_COMPAT_ALLOW_USER_ASPECT_RATIO_FULLSCREEN_OVERRIDE
02-19 20:18:21.428   752  1509 W OptProp : Cannot read opt property android.window.PROPERTY_COMPAT_ALLOW_RESIZEABLE_ACTIVITY_OVERRIDES
02-19 20:18:21.429   752  1509 W OptProp : Cannot read opt property android.window.PROPERTY_COMPAT_ALLOW_MIN_ASPECT_RATIO_OVERRIDE
02-19 20:18:21.434  4449  4536 D KeyguardService: setOccluded(false)
02-19 20:18:21.434   752  1509 I ActivityTaskManager: START u0 {act=android.intent.action.VIEW dat=intoss://takealook/... flg=0x10000000 xflg=0x4 pkg=viva.republica.toss.test cmp=viva.republica.toss.test/.MiniAppSchemeActivity} with LAUNCH_MULTIPLE from uid 2000 (BAL_ALLOW_PERMISSION) result code=3
02-19 20:18:21.434  4449  4536 D KeyguardViewMediator: setOccluded(false)
02-19 20:18:21.435  4449  4449 D KeyguardViewMediator: handleSetOccluded(false)
02-19 20:18:21.436  4449  4449 D KeyguardViewMediator: KeyguardViewMediator queue processing message: SET_OCCLUDED
02-19 20:18:21.436   531   590 I BpBinder: onLastStrongRef automatically unlinking death recipients: 
02-19 20:18:21.440  4449  4467 D WindowManagerShell: onActivityRestartAttempt: topActivity=ComponentInfo{viva.republica.toss.test/im.toss.rn.granite.core.GraniteActivity}, wasVisible=true
02-19 20:18:21.766 26129 26286 D nativeloader: Load /data/app/~~NUQj-rdXzuicW-16SIRtKA==/viva.republica.toss.test-Si406wFvb_sqEA2GTBV6RQ==/lib/x86_64/libglog.so using class loader ns clns-9 (caller=<unknown>): ok
02-19 20:18:21.771 26129 26286 D nativeloader: Load /data/app/~~NUQj-rdXzuicW-16SIRtKA==/viva.republica.toss.test-Si406wFvb_sqEA2GTBV6RQ==/lib/x86_64/libfolly_runtime.so using class loader ns clns-9 (caller=<unknown>): ok
02-19 20:18:21.776 26129 26286 D nativeloader: Load /data/app/~~NUQj-rdXzuicW-16SIRtKA==/viva.republica.toss.test-Si406wFvb_sqEA2GTBV6RQ==/lib/x86_64/libfbjni.so using class loader ns clns-9 (caller=<unknown>): ok
02-19 20:18:21.781 26129 26286 D nativeloader: Load /data/app/~~NUQj-rdXzuicW-16SIRtKA==/viva.republica.toss.test-Si406wFvb_sqEA2GTBV6RQ==/lib/x86_64/libjsi.so using class loader ns clns-9 (caller=<unknown>): ok
02-19 20:18:21.785 26129 26286 D nativeloader: Load /data/app/~~NUQj-rdXzuicW-16SIRtKA==/viva.republica.toss.test-Si406wFvb_sqEA2GTBV6RQ==/lib/x86_64/libhermes.so using class loader ns clns-9 (caller=<unknown>): ok
02-19 20:18:21.793 26129 26286 D nativeloader: Load /data/app/~~NUQj-rdXzuicW-16SIRtKA==/viva.republica.toss.test-Si406wFvb_sqEA2GTBV6RQ==/lib/x86_64/libfb.so using class loader ns clns-9 (caller=<unknown>): ok
02-19 20:18:21.801 26129 26286 D nativeloader: Load /data/app/~~NUQj-rdXzuicW-16SIRtKA==/viva.republica.toss.test-Si406wFvb_sqEA2GTBV6RQ==/lib/x86_64/libyoga.so using class loader ns clns-9 (caller=<unknown>): ok
02-19 20:18:21.811 26129 26286 D nativeloader: Load /data/app/~~NUQj-rdXzuicW-16SIRtKA==/viva.republica.toss.test-Si406wFvb_sqEA2GTBV6RQ==/lib/x86_64/libruntimeexecutor.so using class loader ns clns-9 (caller=<unknown>): ok
02-19 20:18:21.814 26129 26286 D nativeloader: Load /data/app/~~NUQj-rdXzuicW-16SIRtKA==/viva.republica.toss.test-Si406wFvb_sqEA2GTBV6RQ==/lib/x86_64/libreact_debug.so using class loader ns clns-9 (caller=<unknown>): ok
02-19 20:18:21.817 26129 26286 D nativeloader: Load /data/app/~~NUQj-rdXzuicW-16SIRtKA==/viva.republica.toss.test-Si406wFvb_sqEA2GTBV6RQ==/lib/x86_64/libglog_init.so using class loader ns clns-9 (caller=<unknown>): ok
02-19 20:18:21.819 26129 26286 D nativeloader: Load /data/app/~~NUQj-rdXzuicW-16SIRtKA==/viva.republica.toss.test-Si406wFvb_sqEA2GTBV6RQ==/lib/x86_64/libreact_utils.so using class loader ns clns-9 (caller=<unknown>): ok
02-19 20:18:21.822 26129 26286 D nativeloader: Load /data/app/~~NUQj-rdXzuicW-16SIRtKA==/viva.republica.toss.test-Si406wFvb_sqEA2GTBV6RQ==/lib/x86_64/libreact_render_mapbuffer.so using class loader ns clns-9 (caller=<unknown>): ok
02-19 20:18:21.827 26129 26286 D nativeloader: Load /data/app/~~NUQj-rdXzuicW-16SIRtKA==/viva.republica.toss.test-Si406wFvb_sqEA2GTBV6RQ==/lib/x86_64/libreact_render_graphics.so using class loader ns clns-9 (caller=<unknown>): ok
02-19 20:18:21.829 26129 26286 D nativeloader: Load /data/app/~~NUQj-rdXzuicW-16SIRtKA==/viva.republica.toss.test-Si406wFvb_sqEA2GTBV6RQ==/lib/x86_64/libreact_render_debug.so using class loader ns clns-9 (caller=<unknown>): ok
02-19 20:18:21.832 26129 26286 D nativeloader: Load /data/app/~~NUQj-rdXzuicW-16SIRtKA==/viva.republica.toss.test-Si406wFvb_sqEA2GTBV6RQ==/lib/x86_64/libreact_render_core.so using class loader ns clns-9 (caller=<unknown>): ok
02-19 20:18:21.834 26129 26286 D nativeloader: Load /data/app/~~NUQj-rdXzuicW-16SIRtKA==/viva.republica.toss.test-Si406wFvb_sqEA2GTBV6RQ==/lib/x86_64/libreact_render_runtimescheduler.so using class loader ns clns-9 (caller=<unknown>): ok
02-19 20:18:21.836 26129 26286 D nativeloader: Load /data/app/~~NUQj-rdXzuicW-16SIRtKA==/viva.republica.toss.test-Si406wFvb_sqEA2GTBV6RQ==/lib/x86_64/liblogger.so using class loader ns clns-9 (caller=<unknown>): ok
02-19 20:18:21.838 26129 26286 D nativeloader: Load /data/app/~~NUQj-rdXzuicW-16SIRtKA==/viva.republica.toss.test-Si406wFvb_sqEA2GTBV6RQ==/lib/x86_64/libreactperfloggerjni.so using class loader ns clns-9 (caller=<unknown>): ok
02-19 20:18:21.840 26129 26286 D nativeloader: Load /data/app/~~NUQj-rdXzuicW-16SIRtKA==/viva.republica.toss.test-Si406wFvb_sqEA2GTBV6RQ==/lib/x86_64/libjsinspector.so using class loader ns clns-9 (caller=<unknown>): ok
02-19 20:18:21.845 26129 26286 D nativeloader: Load /data/app/~~NUQj-rdXzuicW-16SIRtKA==/viva.republica.toss.test-Si406wFvb_sqEA2GTBV6RQ==/lib/x86_64/libreactnativejni.so using class loader ns clns-9 (caller=<unknown>): ok
02-19 20:18:21.885 26129 26286 D nativeloader: Load /data/app/~~NUQj-rdXzuicW-16SIRtKA==/viva.republica.toss.test-Si406wFvb_sqEA2GTBV6RQ==/lib/x86_64/libhermes_executor.so using class loader ns clns-9 (caller=<unknown>): ok
02-19 20:18:21.982 26129 26286 D ApplicationLoaders: Returning zygote-cached class loader: /system/framework/org.apache.http.legacy.jar
02-19 20:18:21.983 26129 26286 D ApplicationLoaders: Returning zygote-cached class loader: /system/framework/com.android.location.provider.jar
02-19 20:18:21.983 26129 26286 D ApplicationLoaders: Returning zygote-cached class loader: /system/framework/com.android.media.remotedisplay.jar
02-19 20:18:21.984 26129 26286 D ApplicationLoaders: Returning zygote-cached class loader: /system_ext/framework/androidx.window.extensions.jar
02-19 20:18:21.984 26129 26286 D ApplicationLoaders: Returning zygote-cached class loader: /system_ext/framework/androidx.window.sidecar.jar
02-19 20:18:22.077 26129 26286 D nativeloader: Configuring clns-13 for other apk /data/app/~~O-UZzK0jUU9NLgS3MODOZA==/com.google.android.gms-YQ2L6GsYyKuvu9MvIBK1EQ==/base.apk. target_sdk_version=36, uses_libraries=, library_path=/data/app/~~O-UZzK0jUU9NLgS3MODOZA==/com.google.android.gms-YQ2L6GsYyKuvu9MvIBK1EQ==/lib/x86_64:/data/app/~~O-UZzK0jUU9NLgS3MODOZA==/com.google.android.gms-YQ2L6GsYyKuvu9MvIBK1EQ==/base.apk!/lib/x86_64, permitted_path=/data:/mnt/expand:/data/user/0/com.google.android.gms
02-19 20:18:22.118 26129 26286 I blica.toss.test: AssetManager2(0x7d8fac43f8d8) locale list changing from [] to [en-US]
02-19 20:18:22.155 26129 26286 W System  : ClassLoader referenced unknown path: 
02-19 20:18:22.156 26129 26286 D nativeloader: Configuring clns-14 for other apk . target_sdk_version=36, uses_libraries=, library_path=/data/app/~~O-UZzK0jUU9NLgS3MODOZA==/com.google.android.gms-YQ2L6GsYyKuvu9MvIBK1EQ==/lib/x86_64:/data/app/~~O-UZzK0jUU9NLgS3MODOZA==/com.google.android.gms-YQ2L6GsYyKuvu9MvIBK1EQ==/base.apk!/lib/x86_64, permitted_path=/data:/mnt/expand:/data/user/0/com.google.android.gms
02-19 20:18:22.160 26129 26286 W DynamiteModule: Failed to load module via V2: java.lang.NoSuchFieldException: No field sClassLoader in class Lcom/google/android/gms/dynamite/DynamiteModule$DynamiteLoaderClassLoader; (declaration of 'com.google.android.gms.dynamite.DynamiteModule$DynamiteLoaderClassLoader' appears in /data/app/~~NUQj-rdXzuicW-16SIRtKA==/viva.republica.toss.test-Si406wFvb_sqEA2GTBV6RQ==/base.apk!classes2.dex)
02-19 20:18:22.166 26129 26286 I DynamiteModule: Considering local module com.google.android.gms.ads.dynamite:0 and remote module com.google.android.gms.ads.dynamite:254380203
02-19 20:18:22.166 26129 26286 I DynamiteModule: Selected remote version of com.google.android.gms.ads.dynamite, version >= 254380203
02-19 20:18:22.180 26129 26286 D CompatChangeReporter: Compat change id reported: 312399441; UID 10217; state: ENABLED
02-19 20:18:22.207 26129 26286 I blica.toss.test: Waiting for a blocking GC ClassLinker
02-19 20:18:22.264 26129 26286 I blica.toss.test: WaitForGcToComplete blocked ClassLinker on Background for 56.900ms
02-19 20:18:22.272 26129 26286 I blica.toss.test: AssetManager2(0x7d8fac42f898) locale list changing from [] to [en-US]
02-19 20:18:22.273 26129 26286 I blica.toss.test: AssetManager2(0x7d8fac42df98) locale list changing from [] to [en-US]
02-19 20:18:22.286 26129 26286 D DynamitePackage: Instantiated singleton DynamitePackage.
02-19 20:18:22.286 26129 26286 D DynamitePackage: Instantiating com.google.android.gms.ads.ChimeraMobileAdsSettingManagerCreatorImpl
02-19 20:18:22.319 26129 26286 D ApplicationLoaders: Returning zygote-cached class loader: /system/framework/org.apache.http.legacy.jar
02-19 20:18:22.319 26129 26286 D ApplicationLoaders: Returning zygote-cached class loader: /system/framework/com.android.location.provider.jar
02-19 20:18:22.319 26129 26286 D ApplicationLoaders: Returning zygote-cached class loader: /system/framework/com.android.media.remotedisplay.jar
02-19 20:18:22.319 26129 26286 D ApplicationLoaders: Returning zygote-cached class loader: /system_ext/framework/androidx.window.extensions.jar
02-19 20:18:22.319 26129 26286 D ApplicationLoaders: Returning zygote-cached class loader: /system_ext/framework/androidx.window.sidecar.jar
02-19 20:18:22.584   752  2500 D ConnectivityService: requestNetwork for uid/pid:10217/26129 activeRequest: null callbackRequest: 847 [NetworkRequest [ REQUEST id=848, [ Capabilities: INTERNET&NOT_RESTRICTED&TRUSTED&NOT_VCN_MANAGED&NOT_BANDWIDTH_CONSTRAINED Uid: 10217 RequestorUid: 10217 RequestorPkg: viva.republica.toss.test UnderlyingNetworks: Null] ]] callback flags: 0 order: 2147483647 isUidTracked: false declaredMethods: AVAIL|LOST
02-19 20:18:22.588   752  1023 D OemPaidWifiNetworkFactory: got request NetworkRequest [ REQUEST id=848, [ Capabilities: INTERNET&NOT_RESTRICTED&TRUSTED&NOT_VCN_MANAGED&NOT_BANDWIDTH_CONSTRAINED Uid: 10217 RequestorUid: 10217 RequestorPkg: viva.republica.toss.test UnderlyingNetworks: Null] ]
02-19 20:18:22.588   752  1023 D MultiInternetWifiNetworkFactory: got request NetworkRequest [ REQUEST id=848, [ Capabilities: INTERNET&NOT_RESTRICTED&TRUSTED&NOT_VCN_MANAGED&NOT_BANDWIDTH_CONSTRAINED Uid: 10217 RequestorUid: 10217 RequestorPkg: viva.republica.toss.test UnderlyingNetworks: Null] ]
02-19 20:18:22.588   752  1023 D WifiNetworkFactory: got request NetworkRequest [ REQUEST id=848, [ Capabilities: INTERNET&NOT_RESTRICTED&TRUSTED&NOT_VCN_MANAGED&NOT_BANDWIDTH_CONSTRAINED Uid: 10217 RequestorUid: 10217 RequestorPkg: viva.republica.toss.test UnderlyingNetworks: Null] ]
02-19 20:18:22.588   752  1023 D UntrustedWifiNetworkFactory: got request NetworkRequest [ REQUEST id=848, [ Capabilities: INTERNET&NOT_RESTRICTED&TRUSTED&NOT_VCN_MANAGED&NOT_BANDWIDTH_CONSTRAINED Uid: 10217 RequestorUid: 10217 RequestorPkg: viva.republica.toss.test UnderlyingNetworks: Null] ]
02-19 20:18:22.588   752  1029 D ConnectivityService: NetReassign [848 : null → 108] [c 1] [a 1] [i 2]
02-19 20:18:22.725 26129 26286 D DynamitePackage: Instantiating com.google.android.gms.ads.ChimeraAdPreloaderCreatorImpl
02-19 20:18:22.863 26129 26286 W unknown:ReactContext: initializeMessageQueueThreads() is called.
02-19 20:18:22.900   752  1095 D BackgroundInstallControlService: Package event received: 0
02-19 20:18:22.903  3453  3453 D BoundBrokerSvc: onBind: Intent { act=com.google.android.gms.appset.service.START dat=chimera-action:/... xflg=0x4 cmp=com.google.android.gms/.chimera.GmsApiService }
02-19 20:18:22.903  3453  3453 D BoundBrokerSvc: Loading bound service for intent: Intent { act=com.google.android.gms.appset.service.START dat=chimera-action:/... xflg=0x4 cmp=com.google.android.gms/.chimera.GmsApiService }
02-19 20:18:22.903   752  1852 D ConnectivityService: requestNetwork for uid/pid:10217/26129 activeRequest: null callbackRequest: 849 [NetworkRequest [ REQUEST id=850, [ Capabilities: INTERNET&NOT_RESTRICTED&TRUSTED&NOT_VCN_MANAGED&NOT_BANDWIDTH_CONSTRAINED Uid: 10217 RequestorUid: 10217 RequestorPkg: viva.republica.toss.test UnderlyingNetworks: Null] ]] callback flags: 0 order: 2147483647 isUidTracked: false declaredMethods: AVAIL|LOST|NC|LP
02-19 20:18:22.909   752  2500 D CompatChangeReporter: Compat change id reported: 319212206; UID 10217; state: ENABLED
02-19 20:18:22.910   752  1095 D BackgroundInstallControlService: Package event received: 0
02-19 20:18:22.941   752  1790 D CompatChangeReporter: Compat change id reported: 297989574; UID 10217; state: ENABLED
02-19 20:18:23.005 26129 26129 W unknown:ReactNative: Packager connection already open, nooping.
02-19 20:18:23.025 26129 26157 W cr_media: BLUETOOTH_CONNECT permission is missing.
02-19 20:18:23.027 26129 26157 W cr_media: getBluetoothAdapter() requires BLUETOOTH permission
02-19 20:18:23.027 26129 26157 W cr_media: registerBluetoothIntentsIfNeeded: Requires BLUETOOTH permission
02-19 20:18:23.048   752  1023 D OemPaidWifiNetworkFactory: got request NetworkRequest [ REQUEST id=850, [ Capabilities: INTERNET&NOT_RESTRICTED&TRUSTED&NOT_VCN_MANAGED&NOT_BANDWIDTH_CONSTRAINED Uid: 10217 RequestorUid: 10217 RequestorPkg: viva.republica.toss.test UnderlyingNetworks: Null] ]
02-19 20:18:23.049   752  1029 D ConnectivityService: NetReassign [850 : null → 108] [c 0] [a 5] [i 140]
02-19 20:18:23.051 26166 26176 I cr_LibraryLoader: Successfully loaded native library
02-19 20:18:23.052 26166 26176 I cr_CachingUmaRecorder: Flushed 2 samples from 2 histograms, 0 samples were dropped.
02-19 20:18:23.053   752  1029 D ConnectivityService: NetReassign [no changes] [c 1] [a 1] [i 2]
02-19 20:18:23.054   752  1023 D MultiInternetWifiNetworkFactory: got request NetworkRequest [ REQUEST id=850, [ Capabilities: INTERNET&NOT_RESTRICTED&TRUSTED&NOT_VCN_MANAGED&NOT_BANDWIDTH_CONSTRAINED Uid: 10217 RequestorUid: 10217 RequestorPkg: viva.republica.toss.test UnderlyingNetworks: Null] ]
02-19 20:18:23.054   752  1023 D WifiNetworkFactory: got request NetworkRequest [ REQUEST id=850, [ Capabilities: INTERNET&NOT_RESTRICTED&TRUSTED&NOT_VCN_MANAGED&NOT_BANDWIDTH_CONSTRAINED Uid: 10217 RequestorUid: 10217 RequestorPkg: viva.republica.toss.test UnderlyingNetworks: Null] ]
02-19 20:18:23.055   752  1023 D UntrustedWifiNetworkFactory: got request NetworkRequest [ REQUEST id=850, [ Capabilities: INTERNET&NOT_RESTRICTED&TRUSTED&NOT_VCN_MANAGED&NOT_BANDWIDTH_CONSTRAINED Uid: 10217 RequestorUid: 10217 RequestorPkg: viva.republica.toss.test UnderlyingNetworks: Null] ]
02-19 20:18:23.080 26166 26176 W SystemServiceRegistry: No service published for: uimode
02-19 20:18:23.081 26129 26319 W libc    : Access denied finding property "vendor.mesa.log"
02-19 20:18:23.084 26129 26319 W libc    : Access denied finding property "vendor.mesa.log.file"
02-19 20:18:23.085 26129 26319 E MESA    : Failed to open rendernode: No such file or directory
02-19 20:18:23.102 26166 26176 W chromium: [WARNING:runtime_features.cc(560)] Fenced frames cannot be enabled in this configuration. Use --enable-features=FencedFrames instead.
02-19 20:18:23.102 26166 26176 W chromium: [WARNING:runtime_features.cc(585)] Topics cannot be enabled in this configuration. Use --enable-features=BrowsingTopics in addition.
02-19 20:18:23.103 26166 26176 W chromium: [WARNING:runtime_features.cc(606)] SharedStorage cannot be enabled in this configuration. Use --enable-features=SharedStorageAPI in addition.
02-19 20:18:23.080 26129 26129 W mqt_js  : type=1400 audit(0.0:488): avc:  granted  { execute } for  path="/data/data/viva.republica.toss.test/libtcj.so" dev="dm-55" ino=363826 scontext=u:r:untrusted_app:s0:c217,c256,c512,c768 tcontext=u:object_r:app_data_file:s0:c217,c256,c512,c768 tclass=file app=viva.republica.toss.test
02-19 20:18:23.105 26129 26312 D nativeloader: Load /data/data/viva.republica.toss.test/libtcj.so using class loader ns clns-9 (caller=<unknown>): ok
02-19 20:18:23.123 26129 26319 D vulkan  : searching for layers in '/data/app/~~NUQj-rdXzuicW-16SIRtKA==/viva.republica.toss.test-Si406wFvb_sqEA2GTBV6RQ==/lib/x86_64'
02-19 20:18:23.124 26129 26319 D vulkan  : searching for layers in '/data/app/~~NUQj-rdXzuicW-16SIRtKA==/viva.republica.toss.test-Si406wFvb_sqEA2GTBV6RQ==/base.apk!/lib/x86_64'
02-19 20:18:23.138 26129 26319 W libc    : Access denied finding property "vendor.mesa.vk.trace.per.submit"
02-19 20:18:23.138 26129 26319 W libc    : Access denied finding property "vendor.mesa.gallium.print.optio"
02-19 20:18:23.139 26129 26319 W libc    : Access denied finding property "vendor.mesa.vk.trace.frame"
02-19 20:18:23.154 26129 26319 W libc    : Access denied finding property "vendor.mesa.vk.wsi.headless.swa"
02-19 20:18:23.177   752  1509 D ActivityManager: sync unfroze 19829 com.android.vending for 6
02-19 20:18:23.229 26129 26313 W unknown:ViewManagerPropertyUpdater: Could not find generated setter for class com.facebook.react.views.traceupdateoverlay.TraceUpdateOverlayManager
02-19 20:18:23.239 26129 26313 W unknown:ViewManagerPropertyUpdater: Could not find generated setter for class com.facebook.react.uimanager.LayoutShadowNode
02-19 20:18:23.243 26129 26313 W unknown:ViewManagerPropertyUpdater: Could not find generated setter for class com.facebook.react.views.drawer.ReactDrawerLayoutManager
02-19 20:18:23.245 26129 26313 W unknown:ViewManagerPropertyUpdater: Could not find generated setter for class com.facebook.react.views.scroll.ReactHorizontalScrollViewManager
02-19 20:18:23.251 26129 26313 W unknown:ViewManagerPropertyUpdater: Could not find generated setter for class com.facebook.react.views.scroll.ReactHorizontalScrollContainerViewManager
02-19 20:18:23.255 26129 26313 W unknown:ViewManagerPropertyUpdater: Could not find generated setter for class com.facebook.react.views.progressbar.ReactProgressBarViewManager
02-19 20:18:23.256 26129 26319 W chromium: [WARNING:viz_main_impl.cc(85)] VizNullHypothesis is disabled (not a warning)
02-19 20:18:23.258 26129 26313 W unknown:ViewManagerPropertyUpdater: Could not find generated setter for class com.facebook.react.views.progressbar.ProgressBarShadowNode
02-19 20:18:23.260 26129 26313 W unknown:ViewManagerPropertyUpdater: Could not find generated setter for class com.facebook.react.views.scroll.ReactScrollViewManager
02-19 20:18:23.263 26129 26313 W unknown:ViewManagerPropertyUpdater: Could not find generated setter for class com.facebook.react.views.switchview.ReactSwitchManager
02-19 20:18:23.265 26129 26313 W unknown:ViewManagerPropertyUpdater: Could not find generated setter for class com.facebook.react.views.switchview.ReactSwitchManager$ReactSwitchShadowNode
02-19 20:18:23.266 26129 26313 W unknown:ViewManagerPropertyUpdater: Could not find generated setter for class com.facebook.react.views.swiperefresh.SwipeRefreshLayoutManager
02-19 20:18:23.269 26129 26313 W unknown:ViewManagerPropertyUpdater: Could not find generated setter for class com.facebook.react.views.text.frescosupport.FrescoBasedReactTextInlineImageViewManager
02-19 20:18:23.270 26129 26313 W unknown:ViewManagerPropertyUpdater: Could not find generated setter for class com.facebook.react.views.text.frescosupport.FrescoBasedReactTextInlineImageShadowNode
02-19 20:18:23.271 26129 26313 W unknown:ViewManagerPropertyUpdater: Could not find generated setter for class com.facebook.react.views.image.ReactImageManager
02-19 20:18:23.275 26129 26313 W unknown:ViewManagerPropertyUpdater: Could not find generated setter for class com.facebook.react.views.modal.ReactModalHostManager
02-19 20:18:23.277 26129 26313 W unknown:ViewManagerPropertyUpdater: Could not find generated setter for class com.facebook.react.views.modal.ModalHostShadowNode
02-19 20:18:23.277 26129 26313 W unknown:ViewManagerPropertyUpdater: Could not find generated setter for class com.facebook.react.views.text.ReactRawTextManager
02-19 20:18:23.278 26129 26313 W unknown:ViewManagerPropertyUpdater: Could not find generated setter for class com.facebook.react.views.text.ReactRawTextShadowNode
02-19 20:18:23.279 26129 26313 W unknown:ViewManagerPropertyUpdater: Could not find generated setter for class com.facebook.react.views.textinput.ReactTextInputManager
02-19 20:18:23.284 26129 26313 W unknown:ViewManagerPropertyUpdater: Could not find generated setter for class com.facebook.react.views.textinput.ReactTextInputShadowNode
02-19 20:18:23.287 26129 26313 W unknown:ViewManagerPropertyUpdater: Could not find generated setter for class com.facebook.react.views.text.ReactTextViewManager
02-19 20:18:23.288 26129 26313 W unknown:ViewManagerPropertyUpdater: Could not find generated setter for class com.facebook.react.views.text.ReactTextShadowNode
02-19 20:18:23.289 26129 26313 W unknown:ViewManagerPropertyUpdater: Could not find generated setter for class com.facebook.react.views.view.ReactViewManager
02-19 20:18:23.291 26129 26313 W unknown:ViewManagerPropertyUpdater: Could not find generated setter for class com.facebook.react.views.text.ReactVirtualTextViewManager
02-19 20:18:23.291 26129 26313 W unknown:ViewManagerPropertyUpdater: Could not find generated setter for class com.facebook.react.views.text.ReactVirtualTextShadowNode
02-19 20:18:23.292 26129 26313 W unknown:ViewManagerPropertyUpdater: Could not find generated setter for class com.facebook.react.views.unimplementedview.ReactUnimplementedViewManager
02-19 20:18:23.293 26129 26313 W unknown:ViewManagerPropertyUpdater: Could not find generated setter for class com.shopify.reactnative.flash_list.AutoLayoutViewManager
02-19 20:18:23.295 26129 26313 W unknown:ViewManagerPropertyUpdater: Could not find generated setter for class com.shopify.reactnative.flash_list.CellContainerManager
02-19 20:18:23.297 26129 26313 W unknown:ViewManagerPropertyUpdater: Could not find generated setter for class com.airbnb.android.react.lottie.LottieAnimationViewManager
02-19 20:18:23.300 26129 26313 W unknown:ViewManagerPropertyUpdater: Could not find generated setter for class com.swmansion.gesturehandler.react.RNGestureHandlerRootViewManager
02-19 20:18:23.301 26129 26313 W unknown:ViewManagerPropertyUpdater: Could not find generated setter for class com.swmansion.gesturehandler.react.RNGestureHandlerButtonViewManager
02-19 20:18:23.303 26129 26313 W unknown:ViewManagerPropertyUpdater: Could not find generated setter for class io.invertase.googlemobileads.ReactNativeGoogleMobileAdsBannerAdViewManager
02-19 20:18:23.304 26129 26313 W unknown:ViewManagerPropertyUpdater: Could not find generated setter for class com.reactnativepagerview.PagerViewViewManager
02-19 20:18:23.306 26129 26313 W unknown:ViewManagerPropertyUpdater: Could not find generated setter for class com.th3rdwave.safeareacontext.SafeAreaProviderManager
02-19 20:18:23.307 26129 26313 W unknown:ViewManagerPropertyUpdater: Could not find generated setter for class com.th3rdwave.safeareacontext.SafeAreaViewManager
02-19 20:18:23.308 26129 26313 W unknown:ViewManagerPropertyUpdater: Could not find generated setter for class o.eglCreatePlatformPixmapSurface
02-19 20:18:23.308 26129 26313 W unknown:ViewManagerPropertyUpdater: Could not find generated setter for class com.swmansion.rnscreens.ScreenContainerViewManager
02-19 20:18:23.309 26129 26313 W unknown:ViewManagerPropertyUpdater: Could not find generated setter for class com.swmansion.rnscreens.ScreenViewManager
02-19 20:18:23.311 26129 26313 W unknown:ViewManagerPropertyUpdater: Could not find generated setter for class com.swmansion.rnscreens.ScreenStackViewManager
02-19 20:18:23.312 26129 26313 W unknown:ViewManagerPropertyUpdater: Could not find generated setter for class com.swmansion.rnscreens.ScreenStackHeaderConfigViewManager
02-19 20:18:23.314 26129 26313 W unknown:ViewManagerPropertyUpdater: Could not find generated setter for class com.swmansion.rnscreens.ScreenStackHeaderSubviewManager
02-19 20:18:23.315 26129 26313 W unknown:ViewManagerPropertyUpdater: Could not find generated setter for class com.swmansion.rnscreens.SearchBarManager
02-19 20:18:23.316 26129 26313 W unknown:ViewManagerPropertyUpdater: Could not find generated setter for class com.horcrux.svg.RenderableViewManager$DefsViewManager
02-19 20:18:23.316  3453  3453 D BoundBrokerSvc: onBind: Intent { act=com.google.android.gms.safebrowsing.SafeBrowsingService.START dat=chimera-action:/... xflg=0x4 cmp=com.google.android.gms/.chimera.GmsBoundBrokerService }
02-19 20:18:23.317  3453  3453 D BoundBrokerSvc: Loading bound service for intent: Intent { act=com.google.android.gms.safebrowsing.SafeBrowsingService.START dat=chimera-action:/... xflg=0x4 cmp=com.google.android.gms/.chimera.GmsBoundBrokerService }
02-19 20:18:23.319 26129 26313 W unknown:ViewManagerPropertyUpdater: Could not find generated setter for class com.horcrux.svg.VirtualViewManager$RemoteActionCompatParcelizer
02-19 20:18:23.320 26129 26313 W unknown:ViewManagerPropertyUpdater: Could not find generated setter for class com.horcrux.svg.RenderableViewManager$MarkerManager
02-19 20:18:23.324 26129 26313 W unknown:ViewManagerPropertyUpdater: Could not find generated setter for class com.horcrux.svg.RenderableViewManager$ForeignObjectManager
02-19 20:18:23.327 26129 26313 W unknown:ViewManagerPropertyUpdater: Could not find generated setter for class com.horcrux.svg.RenderableViewManager$EllipseViewManager
02-19 20:18:23.328 26129 26313 W unknown:ViewManagerPropertyUpdater: Could not find generated setter for class com.horcrux.svg.RenderableViewManager$LineViewManager
02-19 20:18:23.330 26129 26313 W unknown:ViewManagerPropertyUpdater: Could not find generated setter for class com.horcrux.svg.RenderableViewManager$LinearGradientManager
02-19 20:18:23.332 26129 26313 W unknown:ViewManagerPropertyUpdater: Could not find generated setter for class com.horcrux.svg.RenderableViewManager$GroupViewManager
02-19 20:18:23.333 26129 26313 W unknown:ViewManagerPropertyUpdater: Could not find generated setter for class com.horcrux.svg.RenderableViewManager$TextViewManager
02-19 20:18:23.335 26129 26313 W unknown:ViewManagerPropertyUpdater: Could not find generated setter for class com.horcrux.svg.RenderableViewManager$ImageViewManager
02-19 20:18:23.337 26129 26313 W unknown:ViewManagerPropertyUpdater: Could not find generated setter for class com.horcrux.svg.RenderableViewManager$ClipPathViewManager
02-19 20:18:23.338 26129 26313 W unknown:ViewManagerPropertyUpdater: Could not find generated setter for class com.horcrux.svg.RenderableViewManager$RadialGradientManager
02-19 20:18:23.341 26129 26313 W unknown:ViewManagerPropertyUpdater: Could not find generated setter for class com.horcrux.svg.RenderableViewManager$MaskManager
02-19 20:18:23.343 26129 26313 W unknown:ViewManagerPropertyUpdater: Could not find generated setter for class com.horcrux.svg.RenderableViewManager$SymbolManager
02-19 20:18:23.346 26129 26313 W unknown:ViewManagerPropertyUpdater: Could not find generated setter for class com.horcrux.svg.RenderableViewManager$PatternManager
02-19 20:18:23.349 26129 26313 W unknown:ViewManagerPropertyUpdater: Could not find generated setter for class com.horcrux.svg.RenderableViewManager$RectViewManager
02-19 20:18:23.351 26129 26313 W unknown:ViewManagerPropertyUpdater: Could not find generated setter for class com.horcrux.svg.RenderableViewManager$TextPathViewManager
02-19 20:18:23.352 19301 20014 I FontLog : (REDACTED) Received query %s, URI %s
02-19 20:18:23.352 19301 20014 I FontLog : (REDACTED) Query [%s] resolved to %s
02-19 20:18:23.355 26129 26313 W unknown:ViewManagerPropertyUpdater: Could not find generated setter for class com.horcrux.svg.SvgViewManager
02-19 20:18:23.355 19301 20014 I FontLog : (REDACTED) Font PFD returned from cache for %s
02-19 20:18:23.355 19301 20014 I FontLog : (REDACTED) Fetch %s end status %s
02-19 20:18:23.356 26129 26313 W unknown:ViewManagerPropertyUpdater: Could not find generated setter for class com.horcrux.svg.RenderableViewManager$PathViewManager
02-19 20:18:23.359 26129 26313 W unknown:ViewManagerPropertyUpdater: Could not find generated setter for class com.horcrux.svg.RenderableViewManager$UseViewManager
02-19 20:18:23.362 26129 26313 W unknown:ViewManagerPropertyUpdater: Could not find generated setter for class com.horcrux.svg.RenderableViewManager$CircleViewManager
02-19 20:18:23.365 26129 26313 W unknown:ViewManagerPropertyUpdater: Could not find generated setter for class com.horcrux.svg.RenderableViewManager$TSpanViewManager
02-19 20:18:23.367 26129 26313 W unknown:ViewManagerPropertyUpdater: Could not find generated setter for class com.brentvatne.exoplayer.ReactExoplayerViewManager
02-19 20:18:23.371 26129 26313 W unknown:ViewManagerPropertyUpdater: Could not find generated setter for class com.reactnativecommunity.webview.RNCWebViewManager
02-19 20:18:23.391   752  1095 D BackgroundInstallControlService: Package event received: 0
02-19 20:18:23.394 26129 26313 W unknown:ViewManagerPropertyUpdater: Could not find generated setter for class im.toss.rn.granite.core.module.image.FastImageViewManager
02-19 20:18:23.395 19301 20014 I FontLog : (REDACTED) Pulling font file for id = %d, cache size = %d
02-19 20:18:23.401 26129 26313 W unknown:ReactContext: initializeMessageQueueThreads() is called.
02-19 20:18:23.402 19301 20014 I FontLog : (REDACTED) Received query %s, URI %s
02-19 20:18:23.403 19301 20014 I FontLog : (REDACTED) Query [%s] resolved to %s
02-19 20:18:23.406 19301 20014 I FontLog : (REDACTED) Fetch %s end status %s
02-19 20:18:23.421 19301 20014 I FontLog : (REDACTED) Pulling font file for id = %d, cache size = %d
02-19 20:18:23.435 19829 19829 I Finsky  : [2] Memory trim requested to level 40
02-19 20:18:23.441 19301 20014 I FontLog : (REDACTED) Received query %s, URI %s
02-19 20:18:23.442 19301 20014 I FontLog : (REDACTED) Query [%s] resolved to %s
02-19 20:18:23.444 19301 20014 I FontLog : (REDACTED) Font PFD returned from cache for %s
02-19 20:18:23.444 19301 20014 I FontLog : (REDACTED) Fetch %s end status %s
02-19 20:18:23.446 19301 20013 I FontLog : (REDACTED) Pulling font file for id = %d, cache size = %d
02-19 20:18:23.457 19301 20014 I FontLog : (REDACTED) Received query %s, URI %s
02-19 20:18:23.457 19301 20014 I FontLog : (REDACTED) Query [%s] resolved to %s
02-19 20:18:23.462 19301 20014 I FontLog : (REDACTED) Font PFD returned from cache for %s
02-19 20:18:23.462 19301 20014 I FontLog : (REDACTED) Fetch %s end status %s
02-19 20:18:23.464 19301 20014 I FontLog : (REDACTED) Pulling font file for id = %d, cache size = %d
02-19 20:18:23.467 19301 20014 I FontLog : (REDACTED) Received query %s, URI %s
02-19 20:18:23.467 19301 20014 I FontLog : (REDACTED) Query [%s] resolved to %s
02-19 20:18:23.472 19829 19829 I Finsky  : [2] Flushing in-memory image cache
02-19 20:18:23.490 19301 20014 I FontLog : (REDACTED) Font PFD returned from cache for %s
02-19 20:18:23.490 19301 20014 I FontLog : (REDACTED) Fetch %s end status %s
02-19 20:18:23.493 19301 20013 I FontLog : (REDACTED) Pulling font file for id = %d, cache size = %d
02-19 20:18:23.938 19829 19965 I Finsky  : [69] Current account updated in PVS
02-19 20:18:24.015 26333 26333 W dumpsys : Thread Pool max thread count is 0. Cannot cache binder as linkToDeath cannot be implemented. serviceName: window
02-19 20:18:24.109 19829 19829 I Finsky  : [2] Current account updated in PVS
02-19 20:18:24.132 19829 19965 I Finsky  : [69] Current account updated in PVS
02-19 20:18:24.134 19829 19961 I Finsky  : [66] Current account updated in PVS
02-19 20:18:24.355 26129 26129 I Ads     : JS: The jsLoaded GMSG has been sent (https://googleads.g.doubleclick.net/mads/static/sdk/native/sdk-core-v40.html:1025)
02-19 20:18:24.469 26129 26130 E libunwindstack: Unwinding thread 26189: Timeout waiting for ucontext
02-19 20:18:24.516 26129 26312 D nativeloader: Load /data/app/~~NUQj-rdXzuicW-16SIRtKA==/viva.republica.toss.test-Si406wFvb_sqEA2GTBV6RQ==/lib/x86_64/libreactnativeblob.so using class loader ns clns-9 (caller=<unknown>): ok
02-19 20:18:24.711 26129 26132 I blica.toss.test: Compiler allocated 4717KB to compile void com.facebook.soloader.nativeloader.SystemDelegate.read(java.lang.String)
02-19 20:18:24.767   537   537 W adbd    : timeout expired while flushing socket, closing
02-19 20:18:24.786 26337 26337 W screencap: Thread Pool max thread count is 0. Cannot cache binder as linkToDeath cannot be implemented. serviceName: SurfaceFlingerAIDL
02-19 20:18:24.788 26337 26337 W BpBinder: Linking to death on android.gui.ISurfaceComposer but there are no threads (yet?) listening to incoming transactions. See ProcessState::startThreadPool and ProcessState::setThreadPoolMaxThreadCount. Generally you should setup the binder threadpool before other initialization steps.
02-19 20:18:24.789 26337 26337 W ProcessState: Extra binder thread started, but 0 threads requested. Do not use *startThreadPool when zero threads are requested.
02-19 20:18:24.796   531   602 E HwcComposer: getLuts failed Status(-8, EX_SERVICE_SPECIFIC): '8: '
02-19 20:18:24.796   531   602 E HWComposer: getLuts: getLuts failed for display 4619827259835644672: UNSUPPORTED (8)
02-19 20:18:24.812   283   283 I tombstoned: received crash request for pid 26129
02-19 20:18:24.830 26129 26130 I blica.toss.test: Wrote stack traces to tombstoned
02-19 20:18:24.830   283   283 E tombstoned: Traces for pid 26129 written to: trace_13
02-19 20:18:24.843 26129 26129 W unknown:ReactContext: initializeMessageQueueThreads() is called.
02-19 20:18:24.989   752  1852 W PackageConfigPersister: App-specific configuration not found for packageName: viva.republica.toss.test and userId: 0
02-19 20:18:25.103 26129 26133 I blica.toss.test: NativeAlloc concurrent mark compact GC freed 7668KB AllocSpace bytes, 10(304KB) LOS objects, 49% free, 17MB/35MB, paused 6.136ms,7.369ms total 198.023ms
02-19 20:18:25.130 26129 26135 W System  : A resource failed to call ZipFile.close. 
02-19 20:18:25.685 26129 26129 I Choreographer: Skipped 33 frames!  The application may be doing too much work on its main thread.
