02-19 20:58:30.001   752   806 I ActivityManager: Start proc 30819:com.google.android.webview:sandboxed_process0:org.chromium.content.app.SandboxedProcessService0:0/u0i86 for  {viva.republica.toss.test/org.chromium.content.app.SandboxedProcessService0:0}
02-19 20:58:30.001   752   806 W ActivityManager: Slow operation: 96ms so far, now at startProcess: starting to update pids map
02-19 20:58:30.001   752 30815 I system_server: libdebuggerd_client: started dumping process 30791
02-19 20:58:30.002   752   806 I ActivityManager: ProcessObserver broadcast disabled
02-19 20:58:30.002   752   806 W ActivityManager: Slow operation: 97ms so far, now at startProcess: done updating pids map
02-19 20:58:30.006   283   283 I tombstoned: registered intercept for pid 30791 and type kDebuggerdJavaBacktrace
02-19 20:58:30.018 19166 19166 D VRI[NexusLauncherActivity]: visibilityChanged oldVisibility=true newVisibility=false
02-19 20:58:30.020 30791 30792 I blica.toss.test: Thread[2,tid=30792,WaitingInMainSignalCatcherLoop,Thread*=0x7d8f4c4454b0,peer=0x2108020,"Signal Catcher"]: reacting to signal 3
02-19 20:58:30.020 30791 30792 I blica.toss.test: 
02-19 20:58:30.021 19166 19166 D NexusLauncherModelDelegate: notifySmartspaceEvent: SmartspaceTargetEvent{mSmartspaceTarget=null, mSmartspaceActionId='null', mEventType=7}
02-19 20:58:30.064 27218 27231 W .apps.safetyhub: Reducing the number of considered missed Gc histogram windows from 185 to 100
02-19 20:58:30.069 30819 30819 D CompatChangeReporter: Compat change id reported: 242716250; UID 99086; state: ENABLED
02-19 20:58:30.096 30819 30819 D ApplicationLoaders: Returning zygote-cached class loader: /system_ext/framework/androidx.window.extensions.jar
02-19 20:58:30.099 30819 30819 I ocessService0:0: AssetManager2(0x7d8fac42ba18) locale list changing from [] to [en-US]
02-19 20:58:30.104 30819 30819 I LoadedApk: No resource references to update in package com.google.android.trichromelibrary
02-19 20:58:30.106 30819 30819 I cr_WebViewApkApp: version=133.0.6943.137 (694313738) minSdkVersion=29 isBundle=false processName=com.google.android.webview:sandboxed_process0:org.chromium.content.app.SandboxedProcessService0:0
02-19 20:58:30.110   752  1095 D BackgroundInstallControlService: Package event received: 0
02-19 20:58:30.118 30819 30819 I cr_ChildProcessService: Creating new ChildProcessService pid=30819
02-19 20:58:30.393 27218 27218 I Safetyhub.SyncManagerImpl: #sync(). Running Synclets and scheduling next sync.
02-19 20:58:30.402 27218 27363 I Safetyhub.SyncManagerImpl: Running synclets: [SharedAccountInfoSynclet]
02-19 20:58:30.425 27218 27365 I Safetyhub.SyncManagerImpl: Starting synclet: SharedAccountInfoSynclet
02-19 20:58:30.459 27218 27363 I Safetyhub.SyncManagerImpl: #sync() complete
02-19 20:58:30.459 27218 27363 I Safetyhub.SyncManagerImpl: Completed sync. Scheduling next wakeup
02-19 20:58:30.460 27218 27363 I Safetyhub.SyncWorkManagerOneTimeScheduler: Scheduling next onetime WorkManager workers
02-19 20:58:30.465   752  1095 D BackgroundInstallControlService: Package event received: 0
02-19 20:58:30.465 27218 27347 I WM-WorkerWrapper: Worker result SUCCESS for Work [ id=0a5b1b31-40f0-4f6c-9885-9352fb860d99, tags={ com.google.apps.tiktok.contrib.work.TikTokListenableWorker,com.google.apps.tiktok.sync.impl.workmanager.SyncWorker,TikTokWorker#com.google.apps.tiktok.sync.impl.workmanager.SyncWorker } ]
02-19 20:58:30.469 30791 30791 I blica.toss.test: AssetManager2(0x7d8fac42ef38) locale list changing from [] to [en-US]
02-19 20:58:30.483   752  1095 D BackgroundInstallControlService: Package event received: 0
02-19 20:58:30.484   752   933 D ActivityManager: sync unfroze 3453 com.google.android.gms for 6
02-19 20:58:30.489   752  1095 D BackgroundInstallControlService: Package event received: 0
02-19 20:58:30.490 30791 30791 I blica.toss.test: AssetManager2(0x7d8fac425938) locale list changing from [] to [en-US]
02-19 20:58:30.496 30791 30791 D DesktopModeFlags: Toggle override initialized to: OVERRIDE_UNSET
02-19 20:58:30.497 30791 30791 I DisplayManager: Implicitly registering for refresh rate
02-19 20:58:30.505 19301 19301 D WearableService: Creating wearable service asynchronously.
02-19 20:58:30.535 27218 27230 W .apps.safetyhub: Missing inline cache for int pqt.a(java.lang.Object)
02-19 20:58:30.535  3453  3453 D BoundBrokerSvc: onBind: Intent { act=com.google.android.gms.safetynet.service.START xflg=0x4 pkg=com.google.android.gms }
02-19 20:58:30.535  3453  3453 D BoundBrokerSvc: Loading bound service for intent: Intent { act=com.google.android.gms.safetynet.service.START xflg=0x4 pkg=com.google.android.gms }
02-19 20:58:30.571 19301 20335 D WearableService: onGetService: waiting for onCreate to be completed.
02-19 20:58:30.696 19301 19435 I Wear_Controller: Wearable module requires a companion app to be installed.
02-19 20:58:30.696 19301 19435 I WearableService: onCreate: Wearable Services not starting. Wear is not available on this device.
02-19 20:58:30.707 19301 20335 W WearableService: onGetService: Wear is not available on this device.
02-19 20:58:30.718   752  1095 D BackgroundInstallControlService: Package event received: 0
02-19 20:58:30.731   752  2368 D ActivityManager: sync unfroze 19378 com.google.android.webview:webview_service for 6
02-19 20:58:30.733   752  2368 W IPCThreadState: Sending oneway calls to frozen process.
02-19 20:58:30.733   752  1095 D BackgroundInstallControlService: Package event received: 0
02-19 20:58:30.747   752  1095 D BackgroundInstallControlService: Package event received: 0
02-19 20:58:30.797 30791 30859 D nativeloader: Load /data/app/~~NUQj-rdXzuicW-16SIRtKA==/viva.republica.toss.test-Si406wFvb_sqEA2GTBV6RQ==/lib/x86_64/libbugsnag-root-detection.so using class loader ns clns-9 (caller=/data/app/~~NUQj-rdXzuicW-16SIRtKA==/viva.republica.toss.test-Si406wFvb_sqEA2GTBV6RQ==/base.apk): ok
02-19 20:58:30.826   752  2368 D FileUtils: Rounded bytes from 2067259392 to 4000000000
02-19 20:58:30.907 30791 30857 D nativeloader: Load /data/app/~~NUQj-rdXzuicW-16SIRtKA==/viva.republica.toss.test-Si406wFvb_sqEA2GTBV6RQ==/lib/x86_64/libbugsnag-ndk.so using class loader ns clns-9 (caller=<unknown>): ok
02-19 20:58:35.602  1336  1556 D SatelliteController: iisInCarrierRoamingNbIotNtn: satellite is disabled
02-19 20:58:35.614   752   933 D ActivityManager: sync unfroze 4656 com.google.android.adservices.api for 6
02-19 20:58:35.617   752  1095 D BackgroundInstallControlService: Package event received: 0
02-19 20:58:35.636   752  2305 D FileUtils: Rounded bytes from 2067259392 to 4000000000
02-19 20:58:35.639 30791 30791 W BugsnagNDK: Initialization complete!
02-19 20:58:35.643  4656 30863 W adservices: Skip logging because Cobalt logger is null
02-19 20:58:35.648  4656 30864 W adservices: Skip logging because Cobalt is disabled.
02-19 20:58:35.649  4656 15179 E adservices.measurement: AttributionFallbackJobService is disabled, skip scheduling
02-19 20:58:35.660 30791 30857 D nativeloader: Load /data/app/~~NUQj-rdXzuicW-16SIRtKA==/viva.republica.toss.test-Si406wFvb_sqEA2GTBV6RQ==/lib/x86_64/libbugsnag-plugin-android-anr.so using class loader ns clns-9 (caller=<unknown>): ok
02-19 20:58:35.662 30791 30791 W BugsnagANR: Failed to initialize Google ANR caller. ANRs won't be sent to Google.
02-19 20:58:35.672  4656 15179 E adservices: Encryption key fetch job is disabled, skip scheduling.
02-19 20:58:35.703   752   934 D ConnectivityService: requestNetwork for uid/pid:10217/30791 activeRequest: null callbackRequest: 961 [NetworkRequest [ REQUEST id=962, [ Capabilities: INTERNET&NOT_RESTRICTED&TRUSTED&NOT_VCN_MANAGED&NOT_BANDWIDTH_CONSTRAINED Uid: 10217 RequestorUid: 10217 RequestorPkg: viva.republica.toss.test UnderlyingNetworks: Null] ]] callback flags: 0 order: 2147483647 isUidTracked: false declaredMethods: AVAIL|UNAVAIL
02-19 20:58:35.709 30791 30791 W System.err: SLF4J: No SLF4J providers were found.
02-19 20:58:35.709 30791 30791 W System.err: SLF4J: Defaulting to no-operation (NOP) logger implementation
02-19 20:58:35.709 30791 30791 W System.err: SLF4J: See https://www.slf4j.org/codes.html#noProviders for further details.
02-19 20:58:35.709   752  1023 D OemPaidWifiNetworkFactory: got request NetworkRequest [ REQUEST id=962, [ Capabilities: INTERNET&NOT_RESTRICTED&TRUSTED&NOT_VCN_MANAGED&NOT_BANDWIDTH_CONSTRAINED Uid: 10217 RequestorUid: 10217 RequestorPkg: viva.republica.toss.test UnderlyingNetworks: Null] ]
02-19 20:58:35.710   752  1029 D ConnectivityService: NetReassign [962 : null  108] [c 0] [a 2] [i 3]
02-19 20:58:35.711   752  1023 D MultiInternetWifiNetworkFactory: got request NetworkRequest [ REQUEST id=962, [ Capabilities: INTERNET&NOT_RESTRICTED&TRUSTED&NOT_VCN_MANAGED&NOT_BANDWIDTH_CONSTRAINED Uid: 10217 RequestorUid: 10217 RequestorPkg: viva.republica.toss.test UnderlyingNetworks: Null] ]
02-19 20:58:35.711   752  1023 D WifiNetworkFactory: got request NetworkRequest [ REQUEST id=962, [ Capabilities: INTERNET&NOT_RESTRICTED&TRUSTED&NOT_VCN_MANAGED&NOT_BANDWIDTH_CONSTRAINED Uid: 10217 RequestorUid: 10217 RequestorPkg: viva.republica.toss.test UnderlyingNetworks: Null] ]
02-19 20:58:35.711   752  1023 D UntrustedWifiNetworkFactory: got request NetworkRequest [ REQUEST id=962, [ Capabilities: INTERNET&NOT_RESTRICTED&TRUSTED&NOT_VCN_MANAGED&NOT_BANDWIDTH_CONSTRAINED Uid: 10217 RequestorUid: 10217 RequestorPkg: viva.republica.toss.test UnderlyingNetworks: Null] ]
02-19 20:58:35.734   283   283 I tombstoned: received crash request for pid 30791
02-19 20:58:35.734   283   283 I tombstoned: found intercept fd 512 for pid 30791 and type kDebuggerdJavaBacktrace
02-19 20:58:35.735 30791 30792 I blica.toss.test: Wrote stack traces to tombstoned
02-19 20:58:35.735   283   283 W tombstoned: skipping tombstone file creation due to intercept
02-19 20:58:35.742   752 30815 I system_server: libdebuggerd_client: done dumping process 30791
02-19 20:58:35.748   752  1790 W OptProp : Cannot read opt property android.window.PROPERTY_COMPAT_ENABLE_FAKE_FOCUS
02-19 20:58:35.748   752  1790 D CompatChangeReporter: Compat change id reported: 324203798; UID 10217; state: ENABLED
02-19 20:58:35.754   752 30816 I ActivityManager: dumpStackTraces nativepids=null
02-19 20:58:35.754   752 30816 I ActivityManager: dumpStackTraces extraPids=null
02-19 20:58:35.754   752 30816 I ActivityManager: Done dumping
02-19 20:58:35.764   752  1095 D BackgroundInstallControlService: Package event received: 0
02-19 20:58:35.764   752  1095 D BackgroundInstallControlService: Package event received: 0
02-19 20:58:35.774 30791 30791 I Choreographer: Skipped 1413 frames!  The application may be doing too much work on its main thread.
02-19 20:58:35.788 30791 30791 I blica.toss.test: AssetManager2(0x7d8fac426bf8) locale list changing from [] to [en-US]
02-19 20:58:35.870 30791 30791 I blica.toss.test: AssetManager2(0x7d8fac432138) locale list changing from [] to [en-US]
02-19 20:58:35.881 30791 30873 I CameraManagerGlobal: Connecting to camera service
02-19 20:58:35.885   615   715 I AttributionAndPermissionUtils: checkPermission (forDataDelivery 0 startDataDelivery 0): Permission hard denied for client attribution [uid 10217, pid 30791, packageName "<unknown>"]
02-19 20:58:35.905 30791 30796 I blica.toss.test: Background concurrent mark compact GC freed 5503KB AllocSpace bytes, 32(940KB) LOS objects, 49% free, 5253KB/10MB, paused 3.395ms,37.504ms total 174.242ms
02-19 20:58:35.942   752 30816 E ActivityManager: ANR in viva.republica.toss.test
02-19 20:58:35.942   752 30816 E ActivityManager: PID: 30791
02-19 20:58:35.942   752 30816 E ActivityManager: Reason: Process ProcessRecord{1f3e7fc 30791:viva.republica.toss.test/u0a217} failed to complete startup
02-19 20:58:35.942   752 30816 E ActivityManager: ErrorId: 5a0904e3-860b-423b-b6f3-7f1cf05f42a9
02-19 20:58:35.942   752 30816 E ActivityManager: Frozen: false
02-19 20:58:35.942   752 30816 E ActivityManager: Load: 0.0 / 0.0 / 0.0
02-19 20:58:35.942   752 30816 E ActivityManager: ----- Output from /proc/pressure/memory -----
02-19 20:58:35.942   752 30816 E ActivityManager: some avg10=0.00 avg60=0.01 avg300=0.31 total=1067082802
02-19 20:58:35.942   752 30816 E ActivityManager: full avg10=0.00 avg60=0.00 avg300=0.15 total=766633488
02-19 20:58:35.942   752 30816 E ActivityManager: ----- End output from /proc/pressure/memory -----
02-19 20:58:35.942   752 30816 E ActivityManager: ----- Output from /proc/pressure/cpu -----
02-19 20:58:35.942   752 30816 E ActivityManager: some avg10=4.09 avg60=2.99 avg300=5.81 total=3133173662
02-19 20:58:35.942   752 30816 E ActivityManager: full avg10=0.00 avg60=0.00 avg300=0.00 total=0
02-19 20:58:35.942   752 30816 E ActivityManager: ----- End output from /proc/pressure/cpu -----
02-19 20:58:35.942   752 30816 E ActivityManager: ----- Output from /proc/pressure/io -----
02-19 20:58:35.942   752 30816 E ActivityManager: some avg10=0.40 avg60=0.37 avg300=1.69 total=3692773003
02-19 20:58:35.942   752 30816 E ActivityManager: full avg10=0.01 avg60=0.10 avg300=0.86 total=2423763445
02-19 20:58:35.942   752 30816 E ActivityManager: ----- End output from /proc/pressure/io -----
02-19 20:58:35.942   752 30816 E ActivityManager: 
02-19 20:58:35.942   752 30816 E ActivityManager: CPU usage from 187ms to -5954ms ago (2026-02-19 20:58:29.685 to 2026-02-19 20:58:35.826):
02-19 20:58:35.942   752 30816 E ActivityManager:   21% 30791/viva.republica.toss.test: 6.4% user + 15% kernel / faults: 7888 minor 20 major
02-19 20:58:35.942   752 30816 E ActivityManager:   9.8% 752/system_server: 1.6% user + 8.2% kernel / faults: 464 minor 6 major
02-19 20:58:35.942   752 30816 E ActivityManager:   7.5% 27218/com.google.android.apps.safetyhub: 2.6% user + 4.9% kernel / faults: 1342 minor 1659 major
02-19 20:58:35.942   752 30816 E ActivityManager:   2.7% 488/android.hardware.graphics.composer3-service.ranchu: 0% user + 2.7% kernel
02-19 20:58:35.942   752 30816 E ActivityManager:   2.7% 531/surfaceflinger: 0.1% user + 2.6% kernel / faults: 2 minor
02-19 20:58:35.942   752 30816 E ActivityManager:   1.4% 19166/com.google.android.apps.nexuslauncher: 0.1% user + 1.3% kernel / faults: 5 minor
02-19 20:58:35.942   752 30816 E ActivityManager:   0.2% 19301/com.google.android.gms.persistent: 0.1% user + 0.1% kernel / faults: 257 minor 11 major
02-19 20:58:35.942   752 30816 E ActivityManager:   0.1% 3453/com.google.android.gms: 0% user + 0.1% kernel / faults: 18 minor 1151 major
02-19 20:58:35.942   752 30816 E ActivityManager:   0.1% 4656/com.google.android.adservices.api: 0.1% user + 0% kernel / faults: 154 minor 21 major
02-19 20:58:35.942   752 30816 E ActivityManager:   0.8% 479/android.hardware.sensors-service.multihal: 0% user + 0.8% kernel
02-19 20:58:35.942   752 30816 E ActivityManager: 11% TOTAL: 1.7% user + 5.6% kernel + 4.3% iowait + 0% softirq
02-19 20:58:35.942   752 30816 E ActivityManager: CPU usage from 113783719ms to 113783719ms ago (1970-01-01 09:00:00.000 to 1970-01-01 09:00:00.000) with 0% awake:
02-19 20:58:35.942   752 30816 E ActivityManager: 0% TOTAL: 0% user + 0% kernel
02-19 20:58:35.944   752 30880 I DropBoxManagerService: add tag=data_app_anr isTagEnabled=true flags=0x6
02-19 20:58:35.946   752 30816 D ActivityManager: Completed ANR of viva.republica.toss.test in 6074ms, latency 2ms
02-19 20:58:35.948 30791 30874 I EGL_emulation: Opening libGLESv1_CM_emulation.so
02-19 20:58:35.951 30791 30874 I EGL_emulation: Opening libGLESv2_emulation.so
02-19 20:58:35.965 30791 30874 W HWUI    : Failed to choose config with EGL_SWAP_BEHAVIOR_PRESERVED, retrying without...
02-19 20:58:35.966 30791 30874 W HWUI    : Failed to initialize 101010-2 format, error = EGL_SUCCESS
02-19 20:58:35.972 27218 27347 I SQLiteConnection: Long db operation: /data/user/0/com.google.android.apps.safetyhub/no_backup/androidx.work.workdb
02-19 20:58:35.997 27218 27347 I Safetyhub.SyncWorkManagerOneTimeScheduler: Successfully scheduled next onetime workers
02-19 20:58:36.056   752   795 W Looper  : Slow dispatch took 102ms android.ui app=system_server main=false group=TOP_APP h=com.android.server.am.ActivityManagerService$UiHandler c=com.android.server.am.ErrorDialogController$$ExternalSyntheticLambda4@ca5bc62 m=0
02-19 20:58:36.087 30791 30791 I blica.toss.test: AssetManager2(0x7d8fac430e78) locale list changing from [] to [en-US]
02-19 20:58:36.089 30791 30791 D CompatChangeReporter: Compat change id reported: 309578419; UID 10217; state: ENABLED
02-19 20:58:36.164 30791 30791 D CompatChangeReporter: Compat change id reported: 352594277; UID 10217; state: ENABLED
02-19 20:58:36.186   752   795 D CoreBackPreview: Window{f84760a u0 Application Not Responding: viva.republica.toss.test}: Setting back callback OnBackInvokedCallbackInfo{mCallback=android.window.WindowOnBackInvokedDispatcher$OnBackInvokedCallbackWrapper@c2e75ba, mPriority=-1, mIsAnimationCallback=false, mOverrideBehavior=0}
02-19 20:58:36.201 30791 30791 D CompatChangeReporter: Compat change id reported: 349153669; UID 10217; state: ENABLED
02-19 20:58:36.215 30791 30791 W HWUI    : Unknown dataspace 0
02-19 20:58:36.271   752  2468 W HWUI    : Failed to choose config with EGL_SWAP_BEHAVIOR_PRESERVED, retrying without...
02-19 20:58:36.272   752  2468 W HWUI    : Failed to initialize 101010-2 format, error = EGL_SUCCESS
02-19 20:58:36.408 30791 30791 V SoLoader: Init System Loader delegate
02-19 20:58:36.555   752   795 W Looper  : Slow dispatch took 378ms android.ui app=system_server main=false group=TOP_APP h=android.view.Choreographer$FrameHandler c=android.view.Choreographer$FrameDisplayEventReceiver@871751d m=0
02-19 20:58:36.567   752   795 W Looper  : Slow delivery took 512ms android.ui app=system_server main=false group=TOP_APP h=com.android.server.wm.DisplayPolicy$PolicyHandler c=com.android.server.wm.DisplayPolicy$$ExternalSyntheticLambda14@22f9579 m=0
02-19 20:58:36.653 30791 30912 W unknown:ReconnectingWebSocket: Couldn't connect to "ws://10.0.2.2:8081/message?device=sdk_gphone64_x86_64%20-%2016%20-%20API%2036&app=viva.republica.toss.test&clientid=BridgeDevSupportManager", will silently retry
02-19 20:58:36.657 30791 30913 W unknown:InspectorPackagerConnection: Couldn't connect to packager, will silently retry
02-19 20:58:36.973   752  1789 D CoreBackPreview: Window{f29d474 u0 viva.republica.toss.test/im.toss.rn.granite.core.GraniteActivity}: Setting back callback OnBackInvokedCallbackInfo{mCallback=android.window.IOnBackInvokedCallback$Stub$Proxy@56fe317, mPriority=0, mIsAnimationCallback=false, mOverrideBehavior=0}
02-19 20:58:36.977 30791 30791 W unknown:ReactRootView: Unable to update root layout specs for uninitialized ReactInstanceManager
02-19 20:58:37.044   752   795 W Looper  : Slow dispatch took 381ms android.ui app=system_server main=false group=TOP_APP h=android.view.Choreographer$FrameHandler c=android.view.Choreographer$FrameDisplayEventReceiver@871751d m=0
02-19 20:58:37.060   752   794 I ActivityTaskManager: Displayed viva.republica.toss.test/im.toss.rn.granite.core.GraniteActivity for user 0: +25s151ms
02-19 20:58:37.089 30791 30801 I HWUI    : Davey! duration=749ms; Flags=1, FrameTimelineVsyncId=2206448, IntendedVsync=113790121055252, Vsync=113790354388576, InputEventId=0, HandleInputStart=113790371248917, AnimationStart=113790371375917, PerformTraversalsStart=113790371471917, DrawStart=113790843920917, FrameDeadline=113790137721918, FrameStartTime=113790369882917, FrameInterval=16666666, WorkloadTarget=16666666, SyncQueued=113790844505917, SyncStart=113790850729917, IssueDrawCommandsStart=113790851316917, SwapBuffers=113790853278917, FrameCompleted=113790876767917, DequeueBufferDuration=104000, QueueBufferDuration=1282000, GpuCompleted=113790876767917, SwapBuffersCompleted=113790863528917, DisplayPresentTime=0, CommandSubmissionCompleted=113790853278917, 
02-19 20:58:37.125 30791 30791 E unknown:ReactRootView: Unhandled SoftException
02-19 20:58:37.125 30791 30791 E unknown:ReactRootView: com.facebook.react.uimanager.IllegalViewOperationException: Trying to attach a ReactRootView with an explicit id already set to [2131362676]. React Native uses the id field to track react tags and will overwrite this field. If that is fine, explicitly overwrite the id field to View.NO_ID.
02-19 20:58:37.125 30791 30791 E unknown:ReactRootView: 	at com.facebook.react.ReactRootView.attachToReactInstanceManager(:799)
02-19 20:58:37.125 30791 30791 E unknown:ReactRootView: 	at com.facebook.react.ReactRootView.startReactApplication(:509)
02-19 20:58:37.125 30791 30791 E unknown:ReactRootView: 	at com.facebook.react.ReactRootView.startReactApplication(:469)
02-19 20:58:37.125 30791 30791 E unknown:ReactRootView: 	at im.toss.rn.granite.core.GraniteActivity.write(:486)
02-19 20:58:37.125 30791 30791 E unknown:ReactRootView: 	at im.toss.rn.granite.core.GraniteActivity.RemoteActionCompatParcelizer(:124)
02-19 20:58:37.125 30791 30791 E unknown:ReactRootView: 	at im.toss.rn.granite.core.GraniteActivity$RemoteActionCompatParcelizer.IconCompatParcelizer(:65353)
02-19 20:58:37.125 30791 30791 E unknown:ReactRootView: 	at o.sh.a_(:33)
02-19 20:58:37.125 30791 30791 E unknown:ReactRootView: 	at o.xP.run(:100)
02-19 20:58:37.125 30791 30791 E unknown:ReactRootView: 	at android.os.Handler.handleCallback(Handler.java:995)
02-19 20:58:37.125 30791 30791 E unknown:ReactRootView: 	at android.os.Handler.dispatchMessage(Handler.java:103)
02-19 20:58:37.125 30791 30791 E unknown:ReactRootView: 	at android.os.Looper.loopOnce(Looper.java:248)
02-19 20:58:37.125 30791 30791 E unknown:ReactRootView: 	at android.os.Looper.loop(Looper.java:338)
02-19 20:58:37.125 30791 30791 E unknown:ReactRootView: 	at android.app.ActivityThread.main(ActivityThread.java:9067)
02-19 20:58:37.125 30791 30791 E unknown:ReactRootView: 	at java.lang.reflect.Method.invoke(Native Method)
02-19 20:58:37.125 30791 30791 E unknown:ReactRootView: 	at com.android.internal.os.RuntimeInit$MethodAndArgsCaller.run(RuntimeInit.java:593)
02-19 20:58:37.125 30791 30791 E unknown:ReactRootView: 	at com.android.internal.os.ZygoteInit.main(ZygoteInit.java:932)
02-19 20:58:37.152 19301 20335 I FontLog : (REDACTED) Received query %s, URI %s
02-19 20:58:37.152 19301 20335 I FontLog : (REDACTED) Query [%s] resolved to %s
02-19 20:58:37.161 19166 19166 D BaseDepthController: setSurface:
02-19 20:58:37.161 19166 19166 D BaseDepthController: 	mWaitingOnSurfaceValidity: false
02-19 20:58:37.161 19166 19166 D BaseDepthController: 	mBaseSurface: null
02-19 20:58:37.165 19166 19166 D BaseDepthController: mSurface is null and mCurrentBlur is: 0
02-19 20:58:37.167 19166 19166 D StateManager: goToState - fromState: Normal, toState: Normal, partial trace:
02-19 20:58:37.167 19166 19166 D StateManager: 	at com.android.launcher3.statemanager.StateManager.moveToRestState(go/retraceme 72a59688580715d19f0e415c69e80376c2f062d1648c80db6730905005a27c20:4)
02-19 20:58:37.167 19166 19166 D StateManager: 	at com.android.launcher3.statemanager.StateManager.moveToRestState(go/retraceme 72a59688580715d19f0e415c69e80376c2f062d1648c80db6730905005a27c20:1)
02-19 20:58:37.167 19166 19166 D StateManager: 	at com.android.launcher3.statemanager.StatefulActivity.onStop(go/retraceme 72a59688580715d19f0e415c69e80376c2f062d1648c80db6730905005a27c20:34)
02-19 20:58:37.169 19166 19166 D StatsLog: LAUNCHER_ONSTOP
02-19 20:58:37.171   752   797 W IPCThreadState: Sending oneway calls to frozen process.
02-19 20:58:37.171   752   797 W IPCThreadState: Sending oneway calls to frozen process.
02-19 20:58:37.172 30791 30791 D CompatChangeReporter: Compat change id reported: 270674727; UID 10217; state: ENABLED
02-19 20:58:37.172   752   797 W IPCThreadState: Sending oneway calls to frozen process.
02-19 20:58:37.172   752   797 W IPCThreadState: Sending oneway calls to frozen process.
02-19 20:58:37.172   752   797 W IPCThreadState: Sending oneway calls to frozen process.
02-19 20:58:37.173 19166 19166 D StatsLog: LAUNCHER_GOOGLE_SEARCH_RESTORE_LIST_SIZE_AFTER_ACTIVITY_RESTART
02-19 20:58:37.173   752   797 W IPCThreadState: Sending oneway calls to frozen process.
02-19 20:58:37.173   752   797 W IPCThreadState: Sending oneway calls to frozen process.
02-19 20:58:37.173   752   797 W IPCThreadState: Sending oneway calls to frozen process.
02-19 20:58:37.174   752   797 W IPCThreadState: Sending oneway calls to frozen process.
02-19 20:58:37.174   752   797 W IPCThreadState: Sending oneway calls to frozen process.
02-19 20:58:37.175   752   797 W IPCThreadState: Sending oneway calls to frozen process.
02-19 20:58:37.181 19301 20335 I FontLog : (REDACTED) Fetch %s end status %s
02-19 20:58:37.185 30791 30791 D CompatChangeReporter: Compat change id reported: 63938206; UID 10217; state: ENABLED
02-19 20:58:37.186   752   797 W IPCThreadState: Sending oneway calls to frozen process.
02-19 20:58:37.186 19301 20335 I FontLog : (REDACTED) Pulling font file for id = %d, cache size = %d
02-19 20:58:37.186   752   797 W IPCThreadState: Sending oneway calls to frozen process.
02-19 20:58:37.192 19301 20335 I FontLog : (REDACTED) Pulling font file for id = %d, cache size = %d
02-19 20:58:37.220   752  1095 D BackgroundInstallControlService: Package event received: 0
02-19 20:58:37.265   752  1790 D CoreBackPreview: Window{4408c2b u0 PopupWindow:845a562}: Setting back callback OnBackInvokedCallbackInfo{mCallback=android.window.IOnBackInvokedCallback$Stub$Proxy@fdd7221, mPriority=0, mIsAnimationCallback=false, mOverrideBehavior=0}
02-19 20:58:37.324   752   795 W Looper  : Slow dispatch took 124ms android.ui app=system_server main=false group=TOP_APP h=com.android.server.am.ActivityManagerService$UiHandler c=com.android.server.am.UidObserverController$$ExternalSyntheticLambda0@6a2cd6d m=0
02-19 20:58:37.384   752   795 W Looper  : Drained
02-19 20:58:37.504  4449  4474 W WindowOnBackDispatcher: sendCancelIfRunning: isInProgress=false callback=android.view.ViewRootImpl$$ExternalSyntheticLambda13@386d7c6
02-19 20:58:37.505   752  1789 D CoreBackPreview: Window{febd4da u0 Splash Screen viva.republica.toss.test EXITING}: Setting back callback null
02-19 20:58:37.700 19166 19172 W System  : A resource failed to call release. 
02-19 20:58:37.701 19166 19172 W System  : A resource failed to call release. 
02-19 20:58:37.702 19166 19172 W System  : A resource failed to call release. 
02-19 20:58:39.672 30922 30922 W dumpsys : Thread Pool max thread count is 0. Cannot cache binder as linkToDeath cannot be implemented. serviceName: window
02-19 20:58:40.373 30927 30927 W screencap: Thread Pool max thread count is 0. Cannot cache binder as linkToDeath cannot be implemented. serviceName: SurfaceFlingerAIDL
02-19 20:58:40.375 30927 30927 W BpBinder: Linking to death on android.gui.ISurfaceComposer but there are no threads (yet?) listening to incoming transactions. See ProcessState::startThreadPool and ProcessState::setThreadPoolMaxThreadCount. Generally you should setup the binder threadpool before other initialization steps.
02-19 20:58:40.378 30927 30927 W ProcessState: Extra binder thread started, but 0 threads requested. Do not use *startThreadPool when zero threads are requested.
02-19 20:58:40.388   531   590 E HwcComposer: getLuts failed Status(-8, EX_SERVICE_SPECIFIC): '8: '
02-19 20:58:40.388   531   590 E HWComposer: getLuts: getLuts failed for display 4619827259835644672: UNSUPPORTED (8)
02-19 20:58:40.571   752   969 D ActivityManager: freezing 27218 com.google.android.apps.safetyhub
02-19 20:58:40.578   752  1029 D InetDiagMessage: Destroyed 0 sockets, proto=IPPROTO_TCP, family=AF_INET, states=14
02-19 20:58:40.580   752  1029 D InetDiagMessage: Destroyed 0 sockets, proto=IPPROTO_TCP, family=AF_INET6, states=14
02-19 20:58:40.580   752  1029 D InetDiagMessage: Destroyed live tcp sockets for uids={10143} in 3ms
02-19 20:58:41.095 30791 30791 W WindowOnBackDispatcher: sendCancelIfRunning: isInProgress=false callback=android.view.ViewRootImpl$$ExternalSyntheticLambda13@6900e29
02-19 20:58:41.096   752   933 D CoreBackPreview: Window{4408c2b u0 PopupWindow:845a562}: Setting back callback null
02-19 20:58:41.106 30791 30930 D nativeloader: Load /data/app/~~NUQj-rdXzuicW-16SIRtKA==/viva.republica.toss.test-Si406wFvb_sqEA2GTBV6RQ==/lib/x86_64/libc++_shared.so using class loader ns clns-9 (caller=<unknown>): ok
02-19 20:58:41.109 30791 30930 D nativeloader: Load /data/app/~~NUQj-rdXzuicW-16SIRtKA==/viva.republica.toss.test-Si406wFvb_sqEA2GTBV6RQ==/lib/x86_64/libglog.so using class loader ns clns-9 (caller=<unknown>): ok
02-19 20:58:41.112 30791 30930 D nativeloader: Load /data/app/~~NUQj-rdXzuicW-16SIRtKA==/viva.republica.toss.test-Si406wFvb_sqEA2GTBV6RQ==/lib/x86_64/libfolly_runtime.so using class loader ns clns-9 (caller=<unknown>): ok
02-19 20:58:41.118 30791 30930 D nativeloader: Load /data/app/~~NUQj-rdXzuicW-16SIRtKA==/viva.republica.toss.test-Si406wFvb_sqEA2GTBV6RQ==/lib/x86_64/libfbjni.so using class loader ns clns-9 (caller=<unknown>): ok
02-19 20:58:41.121 30791 30930 D nativeloader: Load /data/app/~~NUQj-rdXzuicW-16SIRtKA==/viva.republica.toss.test-Si406wFvb_sqEA2GTBV6RQ==/lib/x86_64/libjsi.so using class loader ns clns-9 (caller=<unknown>): ok
02-19 20:58:41.124 30791 30930 D nativeloader: Load /data/app/~~NUQj-rdXzuicW-16SIRtKA==/viva.republica.toss.test-Si406wFvb_sqEA2GTBV6RQ==/lib/x86_64/libhermes.so using class loader ns clns-9 (caller=<unknown>): ok
02-19 20:58:41.132 30791 30930 D nativeloader: Load /data/app/~~NUQj-rdXzuicW-16SIRtKA==/viva.republica.toss.test-Si406wFvb_sqEA2GTBV6RQ==/lib/x86_64/libfb.so using class loader ns clns-9 (caller=<unknown>): ok
02-19 20:58:41.137 30791 30930 D nativeloader: Load /data/app/~~NUQj-rdXzuicW-16SIRtKA==/viva.republica.toss.test-Si406wFvb_sqEA2GTBV6RQ==/lib/x86_64/libyoga.so using class loader ns clns-9 (caller=<unknown>): ok
02-19 20:58:41.144 30791 30930 D nativeloader: Load /data/app/~~NUQj-rdXzuicW-16SIRtKA==/viva.republica.toss.test-Si406wFvb_sqEA2GTBV6RQ==/lib/x86_64/libruntimeexecutor.so using class loader ns clns-9 (caller=<unknown>): ok
02-19 20:58:41.146 30791 30930 D nativeloader: Load /data/app/~~NUQj-rdXzuicW-16SIRtKA==/viva.republica.toss.test-Si406wFvb_sqEA2GTBV6RQ==/lib/x86_64/libreact_debug.so using class loader ns clns-9 (caller=<unknown>): ok
02-19 20:58:41.148 30791 30930 D nativeloader: Load /data/app/~~NUQj-rdXzuicW-16SIRtKA==/viva.republica.toss.test-Si406wFvb_sqEA2GTBV6RQ==/lib/x86_64/libglog_init.so using class loader ns clns-9 (caller=<unknown>): ok
02-19 20:58:41.150 30791 30930 D nativeloader: Load /data/app/~~NUQj-rdXzuicW-16SIRtKA==/viva.republica.toss.test-Si406wFvb_sqEA2GTBV6RQ==/lib/x86_64/libreact_utils.so using class loader ns clns-9 (caller=<unknown>): ok
02-19 20:58:41.152 30791 30930 D nativeloader: Load /data/app/~~NUQj-rdXzuicW-16SIRtKA==/viva.republica.toss.test-Si406wFvb_sqEA2GTBV6RQ==/lib/x86_64/libreact_render_mapbuffer.so using class loader ns clns-9 (caller=<unknown>): ok
02-19 20:58:41.154 30791 30930 D nativeloader: Load /data/app/~~NUQj-rdXzuicW-16SIRtKA==/viva.republica.toss.test-Si406wFvb_sqEA2GTBV6RQ==/lib/x86_64/libreact_render_graphics.so using class loader ns clns-9 (caller=<unknown>): ok
02-19 20:58:41.155 30791 30930 D nativeloader: Load /data/app/~~NUQj-rdXzuicW-16SIRtKA==/viva.republica.toss.test-Si406wFvb_sqEA2GTBV6RQ==/lib/x86_64/libreact_render_debug.so using class loader ns clns-9 (caller=<unknown>): ok
02-19 20:58:41.158 30791 30930 D nativeloader: Load /data/app/~~NUQj-rdXzuicW-16SIRtKA==/viva.republica.toss.test-Si406wFvb_sqEA2GTBV6RQ==/lib/x86_64/libreact_render_core.so using class loader ns clns-9 (caller=<unknown>): ok
02-19 20:58:41.159 30791 30930 D nativeloader: Load /data/app/~~NUQj-rdXzuicW-16SIRtKA==/viva.republica.toss.test-Si406wFvb_sqEA2GTBV6RQ==/lib/x86_64/libreact_render_runtimescheduler.so using class loader ns clns-9 (caller=<unknown>): ok
02-19 20:58:41.161 30791 30930 D nativeloader: Load /data/app/~~NUQj-rdXzuicW-16SIRtKA==/viva.republica.toss.test-Si406wFvb_sqEA2GTBV6RQ==/lib/x86_64/liblogger.so using class loader ns clns-9 (caller=<unknown>): ok
02-19 20:58:41.163 30791 30930 D nativeloader: Load /data/app/~~NUQj-rdXzuicW-16SIRtKA==/viva.republica.toss.test-Si406wFvb_sqEA2GTBV6RQ==/lib/x86_64/libreactperfloggerjni.so using class loader ns clns-9 (caller=<unknown>): ok
02-19 20:58:41.165 30791 30930 D nativeloader: Load /data/app/~~NUQj-rdXzuicW-16SIRtKA==/viva.republica.toss.test-Si406wFvb_sqEA2GTBV6RQ==/lib/x86_64/libjsinspector.so using class loader ns clns-9 (caller=<unknown>): ok
02-19 20:58:41.169 30791 30930 D nativeloader: Load /data/app/~~NUQj-rdXzuicW-16SIRtKA==/viva.republica.toss.test-Si406wFvb_sqEA2GTBV6RQ==/lib/x86_64/libreactnativejni.so using class loader ns clns-9 (caller=<unknown>): ok
02-19 20:58:41.176 30791 30930 D nativeloader: Load /data/app/~~NUQj-rdXzuicW-16SIRtKA==/viva.republica.toss.test-Si406wFvb_sqEA2GTBV6RQ==/lib/x86_64/libhermes_executor.so using class loader ns clns-9 (caller=<unknown>): ok
02-19 20:58:41.233 30791 30930 D ApplicationLoaders: Returning zygote-cached class loader: /system/framework/org.apache.http.legacy.jar
02-19 20:58:41.233 30791 30930 D ApplicationLoaders: Returning zygote-cached class loader: /system/framework/com.android.location.provider.jar
02-19 20:58:41.234 30791 30930 D ApplicationLoaders: Returning zygote-cached class loader: /system/framework/com.android.media.remotedisplay.jar
02-19 20:58:41.234 30791 30930 D ApplicationLoaders: Returning zygote-cached class loader: /system_ext/framework/androidx.window.extensions.jar
02-19 20:58:41.234 30791 30930 D ApplicationLoaders: Returning zygote-cached class loader: /system_ext/framework/androidx.window.sidecar.jar
02-19 20:58:41.291 30791 30930 D nativeloader: Configuring clns-13 for other apk /data/app/~~O-UZzK0jUU9NLgS3MODOZA==/com.google.android.gms-YQ2L6GsYyKuvu9MvIBK1EQ==/base.apk. target_sdk_version=36, uses_libraries=, library_path=/data/app/~~O-UZzK0jUU9NLgS3MODOZA==/com.google.android.gms-YQ2L6GsYyKuvu9MvIBK1EQ==/lib/x86_64:/data/app/~~O-UZzK0jUU9NLgS3MODOZA==/com.google.android.gms-YQ2L6GsYyKuvu9MvIBK1EQ==/base.apk!/lib/x86_64, permitted_path=/data:/mnt/expand:/data/user/0/com.google.android.gms
02-19 20:58:41.295 30791 30930 I blica.toss.test: AssetManager2(0x7d8fac435c98) locale list changing from [] to [en-US]
