02-19 19:30:30.075  4449  4467 V WindowManagerShell:  Checking filter Pair{{types=[] flags=0x0] notFlags=0x0 checks=[{atype=undefined independent=true modes=[CLOSE,TO_BACK] flags=IN_TASK_WITH_EMBEDDED_ACTIVITY mustBeTask=false order=ANY topActivity=null launchCookie=null taskFragmentToken=android.os.BinderProxy@71546f0 windowingMode=undefined}]} RemoteTransition { remoteTransition = android.window.IRemoteTransition$Stub$Proxy@d4c8469, appThread = android.app.IApplicationThread$Stub$Proxy@c228eee, debugName = overlayBackTransition }}
02-19 19:30:30.075  4449  4467 V WindowManagerShell:  Checking filter Pair{{types=[] flags=0x0] notFlags=0x0 checks=[{atype=dream independent=true modes=[OPEN,TO_FRONT] flags=NONE mustBeTask=false order=ANY topActivity=null launchCookie=null windowingMode=undefined},{atype=home independent=true modes=[CLOSE,TO_BACK] flags=NONE mustBeTask=false order=ANY topActivity=null launchCookie=null windowingMode=undefined}]} RemoteTransition { remoteTransition = android.window.IRemoteTransition$Stub$Proxy@c578f8f, appThread = android.app.IApplicationThread$Stub$Proxy@69fe21c, debugName = LauncherToDream }}
02-19 19:30:30.081   752   794 V WindowManager: Sent Transition (#785) createdAt=02-19 19:30:29.399 via request=TransitionRequestInfo { type = OPEN, triggerTask = TaskInfo{userId=0 taskId=78 effectiveUid=10217 displayId=0 isRunning=true baseIntent=Intent { act=android.intent.action.VIEW dat=intoss://takealook/... flg=0x10000000 cmp=viva.republica.toss.test/im.toss.rn.granite.core.GraniteActivity } baseActivity=ComponentInfo{viva.republica.toss.test/im.toss.rn.granite.core.GraniteActivity} topActivity=ComponentInfo{viva.republica.toss.test/im.toss.rn.granite.core.GraniteActivity} origActivity=null realActivity=ComponentInfo{viva.republica.toss.test/im.toss.rn.granite.core.GraniteActivity} numActivities=16 lastActiveTime=108503268 supportsMultiWindow=true resizeMode=1 isResizeable=true minWidth=-1 minHeight=-1 defaultMinSize=220 token=WCT{RemoteToken{58f5d87 Task{11d79c0 #78 type=standard A=10217:viva.republica.toss.test}}} topActivityType=1 pictureInPictureParams=null shouldDockBigOverlays=false launchIntoPipHostTaskId=-1 lastParentTaskIdBeforePip=-1 displayCutoutSafeInsets=Rect(0, 0 - 0, 0) topActivityInfo=ActivityInfo{bed0014 im.toss.rn.granite.core.GraniteActivity} launchCookies=[] positionInParent=Point(0, 0) parentTaskId=-1 isFocused=true isVisible=true isVisibleRequested=true isTopActivityNoDisplay=false isSleeping=false locusId=null displayAreaFeatureId=1 isTopActivityTransparent=false isActivityStackTransparent=false lastNonFullscreenBounds=Rect(284, 660 - 796, 1740) capturedLink=null capturedLinkTimestamp=0 requestedVisibleTypes=-9 topActivityRequestOpenInBrowserEducationTimestamp=0 appCompatTaskInfo=AppCompatTaskInfo { topActivityInSizeCompat=false eligibleForLetterboxEducation= false isLetterboxEducationEnabled= true isLetterboxDoubleTapEnabled= false eligibleForUserAspectRatioButton= false topActivityBoundsLetterboxed= false isFromLetterboxDoubleTap= false topActivityLetterboxVerticalPosition= -1 topActivityLetterboxHorizontalPosition= -1 topActivityLetterboxWidth=-1 topActivityLetterboxHeight=-1 topActivityAppBounds=Rect(0, 0 - 1080, 2400) isUserFullscreenOverrideEnabled=false isSystemFullscreenOverrideEnabled=false hasMinAspectRatioOverride=false topActivityLetterboxBounds=null cameraCompatTaskInfo=CameraCompatTaskInfo { freeformCameraCompatMode=inactive}} topActivityMainWindowFrame=null}, pipChange = null, remoteTransition = null, displayChange = null, flags = 0, debugId = 785 }
02-19 19:30:30.082   752   794 V WindowManager:     startWCT=WindowContainerTransaction { changes= {} hops= [] errorCallbackToken=null taskFragmentOrganizer=null }
02-19 19:30:30.082   752   794 V WindowManager:     info={id=785 t=OPEN f=0x0 trk=0 r=[0@Point(0, 0)] c=[
02-19 19:30:30.082   752   794 V WindowManager:         {m=OPEN f=FILLS_TASK leash=Surface(name=ActivityRecord{200455551 u0 viva.republica.toss.test/im.toss.rn.granite.core.GraniteActivity)/@0x1924e26 sb=Rect(0, 0 - 0, 0) eb=Rect(0, 0 - 1080, 2400) epz=Point(1080, 2400) d=-1->0 r=-1->0:-1 bc=ffffffff component=viva.republica.toss.test/im.toss.rn.granite.core.GraniteActivity opt={t=FROM_STYLE mUserId=0}},
02-19 19:30:30.082   752   794 V WindowManager:         {m=CLOSE f=TRANSLUCENT|FILLS_TASK leash=Surface(name=ActivityRecord{10977645 u0 viva.republica.toss.test/.MiniAppSchemeActivity)/@0x6635d81 sb=Rect(0, 0 - 1080, 2400) eb=Rect(0, 0 - 1080, 2400) epz=Point(1080, 2400) d=0 bc=ffffffff component=viva.republica.toss.test/.MiniAppSchemeActivity opt={t=FROM_STYLE mUserId=0}},
02-19 19:30:30.082   752   794 V WindowManager:         {m=TO_BACK f=FILLS_TASK leash=Surface(name=ActivityRecord{65014138 u0 viva.republica.toss.test/im.toss.rn.granite.core.GraniteActivity)/@0x60d6691 sb=Rect(0, 0 - 1080, 2400) eb=Rect(0, 0 - 1080, 2400) epz=Point(1080, 2400) d=0 bc=ffffffff component=viva.republica.toss.test/im.toss.rn.granite.core.GraniteActivity opt={t=FROM_STYLE mUserId=0}}
02-19 19:30:30.082   752   794 V WindowManager:     ]}
02-19 19:30:30.086  4449  4467 V WindowManagerShell:  Checking filter Pair{{types=[] flags=0x0] notFlags=0x100 checks=[{atype=home independent=true modes=[OPEN,TO_FRONT] flags=NONE mustBeTask=false order=TOP topActivity=ComponentInfo{com.google.android.apps.nexuslauncher/com.google.android.apps.nexuslauncher.NexusLauncherActivity} launchCookie=null windowingMode=undefined},{atype=standard independent=true modes=[CLOSE,TO_BACK] flags=NONE mustBeTask=false order=ANY topActivity=null launchCookie=null windowingMode=undefined},{NOT atype=undefined independent=true modes=[] flags=NONE mustBeTask=true order=ANY topActivity=null launchCookie=null customAnim=true windowingMode=undefined}]} RemoteTransition { remoteTransition = android.window.IRemoteTransition$Stub$Proxy@69ffe25, appThread = android.app.IApplicationThread$Stub$Proxy@72cabfa, debugName = QuickstepLaunchHome }}
02-19 19:30:30.087  4449  4467 V WindowManagerShell:  Checking filter Pair{{types=[] flags=0x0] notFlags=0x0 checks=[{atype=undefined independent=true modes=[CLOSE,TO_BACK] flags=IN_TASK_WITH_EMBEDDED_ACTIVITY mustBeTask=false order=ANY topActivity=null launchCookie=null taskFragmentToken=android.os.BinderProxy@71546f0 windowingMode=undefined}]} RemoteTransition { remoteTransition = android.window.IRemoteTransition$Stub$Proxy@7c795ab, appThread = android.app.IApplicationThread$Stub$Proxy@cd70408, debugName = overlayBackTransition }}
02-19 19:30:30.089  4449  4467 V WindowManagerShell:  Checking filter Pair{{types=[] flags=0x0] notFlags=0x0 checks=[{atype=dream independent=true modes=[OPEN,TO_FRONT] flags=NONE mustBeTask=false order=ANY topActivity=null launchCookie=null windowingMode=undefined},{atype=home independent=true modes=[CLOSE,TO_BACK] flags=NONE mustBeTask=false order=ANY topActivity=null launchCookie=null windowingMode=undefined}]} RemoteTransition { remoteTransition = android.window.IRemoteTransition$Stub$Proxy@f757a1, appThread = android.app.IApplicationThread$Stub$Proxy@d898dc6, debugName = LauncherToDream }}
02-19 19:30:30.091  4449  4467 V WindowManagerShell:  Checking filter Pair{{types=[] flags=0x0] notFlags=0x100 checks=[{atype=home independent=true modes=[OPEN,TO_FRONT] flags=NONE mustBeTask=false order=TOP topActivity=ComponentInfo{com.google.android.apps.nexuslauncher/com.google.android.apps.nexuslauncher.NexusLauncherActivity} launchCookie=null windowingMode=undefined},{atype=standard independent=true modes=[CLOSE,TO_BACK] flags=NONE mustBeTask=false order=ANY topActivity=null launchCookie=null windowingMode=undefined},{NOT atype=undefined independent=true modes=[] flags=NONE mustBeTask=true order=ANY topActivity=null launchCookie=null customAnim=true windowingMode=undefined}]} RemoteTransition { remoteTransition = android.window.IRemoteTransition$Stub$Proxy@9e7e187, appThread = android.app.IApplicationThread$Stub$Proxy@3dc58b4, debugName = QuickstepLaunchHome }}
02-19 19:30:30.109  4449  4467 V WindowManagerShell:  Delegate animation for (#785) to null
02-19 19:30:30.111  4449  4467 V WindowManagerShell: start default transition animation, info = {id=785 t=OPEN f=0x0 trk=0 r=[0@Point(0, 0)] c=[{m=OPEN f=FILLS_TASK leash=Surface(name=ActivityRecord{200455551 u0 viva.republica.toss.test/im.toss.rn.granite.core.GraniteActivity)/@0xd76405a sb=Rect(0, 0 - 0, 0) eb=Rect(0, 0 - 1080, 2400) epz=Point(1080, 2400) d=-1->0 r=-1->0:-1 bc=ffffffff component=viva.republica.toss.test/im.toss.rn.granite.core.GraniteActivity opt={t=FROM_STYLE mUserId=0}},{m=CLOSE f=TRANSLUCENT|FILLS_TASK leash=Surface(name=ActivityRecord{10977645 u0 viva.republica.toss.test/.MiniAppSchemeActivity)/@0x291028b sb=Rect(0, 0 - 1080, 2400) eb=Rect(0, 0 - 1080, 2400) epz=Point(1080, 2400) d=0 bc=ffffffff component=viva.republica.toss.test/.MiniAppSchemeActivity opt={t=FROM_STYLE mUserId=0}},{m=TO_BACK f=FILLS_TASK leash=Surface(name=ActivityRecord{65014138 u0 viva.republica.toss.test/im.toss.rn.granite.core.GraniteActivity)/@0x9069f68 sb=Rect(0, 0 - 1080, 2400) eb=Rect(0, 0 - 1080, 2400) epz=Point(1080, 2400) d=0 bc=ffffffff component=viva.republica.toss.test/im.toss.rn.granite.core.GraniteActivity opt={t=FROM_STYLE mUserId=0}}]}
02-19 19:30:30.117  4449  4467 V WindowManagerShell: loadAnimation: anim=android.view.animation.AnimationSet@97bd2bd animAttr=0x5 type=OPEN isEntrance=false
02-19 19:30:30.120  4449  4467 V WindowManagerShell: loadAnimation: anim=android.view.animation.AnimationSet@f1c80b2 animAttr=0x5 type=OPEN isEntrance=false
02-19 19:30:30.123  4449  4467 V WindowManagerShell: loadAnimation: anim=android.view.animation.AnimationSet@b97ddb9 animAttr=0x4 type=OPEN isEntrance=true
02-19 19:30:30.133  4449  4467 V WindowManagerShell:  animated by com.android.wm.shell.transition.DefaultTransitionHandler@f74d823
02-19 19:30:30.149 19316 20841 W unknown:InspectorPackagerConnection: Couldn't connect to packager, will silently retry
02-19 19:30:30.211 19316 20846 W unknown:ReconnectingWebSocket: Couldn't connect to "ws://10.0.2.2:8081/message?device=sdk_gphone64_x86_64%20-%2016%20-%20API%2036&app=viva.republica.toss.test&clientid=BridgeDevSupportManager", will silently retry
02-19 19:30:30.287 19316 19316 E unknown:ReactRootView: Unhandled SoftException
02-19 19:30:30.287 19316 19316 E unknown:ReactRootView: com.facebook.react.uimanager.IllegalViewOperationException: Trying to attach a ReactRootView with an explicit id already set to [2131362676]. React Native uses the id field to track react tags and will overwrite this field. If that is fine, explicitly overwrite the id field to View.NO_ID.
02-19 19:30:30.287 19316 19316 E unknown:ReactRootView: 	at com.facebook.react.ReactRootView.attachToReactInstanceManager(:799)
02-19 19:30:30.287 19316 19316 E unknown:ReactRootView: 	at com.facebook.react.ReactRootView.startReactApplication(:509)
02-19 19:30:30.287 19316 19316 E unknown:ReactRootView: 	at com.facebook.react.ReactRootView.startReactApplication(:469)
02-19 19:30:30.287 19316 19316 E unknown:ReactRootView: 	at im.toss.rn.granite.core.GraniteActivity.write(:486)
02-19 19:30:30.287 19316 19316 E unknown:ReactRootView: 	at im.toss.rn.granite.core.GraniteActivity.RemoteActionCompatParcelizer(:124)
02-19 19:30:30.287 19316 19316 E unknown:ReactRootView: 	at im.toss.rn.granite.core.GraniteActivity$RemoteActionCompatParcelizer.IconCompatParcelizer(:65353)
02-19 19:30:30.287 19316 19316 E unknown:ReactRootView: 	at o.sh.a_(:33)
02-19 19:30:30.287 19316 19316 E unknown:ReactRootView: 	at o.xP.run(:100)
02-19 19:30:30.287 19316 19316 E unknown:ReactRootView: 	at android.os.Handler.handleCallback(Handler.java:995)
02-19 19:30:30.287 19316 19316 E unknown:ReactRootView: 	at android.os.Handler.dispatchMessage(Handler.java:103)
02-19 19:30:30.287 19316 19316 E unknown:ReactRootView: 	at android.os.Looper.loopOnce(Looper.java:248)
02-19 19:30:30.287 19316 19316 E unknown:ReactRootView: 	at android.os.Looper.loop(Looper.java:338)
02-19 19:30:30.287 19316 19316 E unknown:ReactRootView: 	at android.app.ActivityThread.main(ActivityThread.java:9067)
02-19 19:30:30.287 19316 19316 E unknown:ReactRootView: 	at java.lang.reflect.Method.invoke(Native Method)
02-19 19:30:30.287 19316 19316 E unknown:ReactRootView: 	at com.android.internal.os.RuntimeInit$MethodAndArgsCaller.run(RuntimeInit.java:593)
02-19 19:30:30.287 19316 19316 E unknown:ReactRootView: 	at com.android.internal.os.ZygoteInit.main(ZygoteInit.java:932)
02-19 19:30:30.355   752   989 I ImeTracker: viva.republica.toss.test:a58ad68a: onRequestHide at ORIGIN_SERVER reason HIDE_UNSPECIFIED_WINDOW fromUser false
02-19 19:30:30.361 19316 19316 D InsetsController: hide(ime(), fromIme=false)
02-19 19:30:30.362 19316 19316 I ImeTracker: viva.republica.toss.test:a58ad68a: onCancelled at PHASE_CLIENT_ALREADY_HIDDEN
02-19 19:30:30.382   752  2377 I ImeTracker: system_server:253b8131: onRequestHide at ORIGIN_SERVER reason IME_REQUESTED_CHANGED_LISTENER fromUser false
02-19 19:30:30.384 20022 20022 I GoogleInputMethodService: GoogleInputMethodService.onFinishInput():2043 
02-19 19:30:30.386   752   797 I ImeTracker: system_server:253b8131: onCancelled at PHASE_SERVER_SHOULD_HIDE
02-19 19:30:30.387 20022 20022 I Module  : DeviceLockedStatusModuleProvider$Module.updateDeviceLockedStatus():100 repeatCheckTimes = 0, locked = false
02-19 19:30:30.394 20022 20022 I GoogleInputMethodService: GoogleInputMethodService.onStartInput():1293 onStartInput(EditorInfo{EditorInfo{packageName=viva.republica.toss.test, inputType=0, inputTypeString=NULL, enableLearning=false, autoCorrection=false, autoComplete=false, imeOptions=0, privateImeOptions=null, actionName=UNSPECIFIED, actionLabel=null, initialSelStart=-1, initialSelEnd=-1, initialCapsMode=0, label=null, fieldId=0, fieldName=null, extras=null, hintText=null, hintLocales=[]}}, false)
02-19 19:30:30.402 20022 20022 I EmojiCompatManager: EmojiCompatManager.getEmojiCompatIfLoaded():343 EmojiCompat.init() was never called.
02-19 19:30:30.402 20022 20022 I EmojiCompatManager: java.lang.IllegalStateException: EmojiCompat is not initialized. Please call EmojiCompat.init() first
02-19 19:30:30.402 20022 20022 I EmojiCompatManager: 	at asx.p(PG:6)
02-19 19:30:30.402 20022 20022 I EmojiCompatManager: 	at axb.b(PG:13)
02-19 19:30:30.402 20022 20022 I EmojiCompatManager: 	at jnr.b(PG:2)
02-19 19:30:30.402 20022 20022 I EmojiCompatManager: 	at jnr.c(PG:4)
02-19 19:30:30.402 20022 20022 I EmojiCompatManager: 	at jnr.f(PG:3)
02-19 19:30:30.402 20022 20022 I EmojiCompatManager: 	at jnx.c(PG:3)
02-19 19:30:30.402 20022 20022 I EmojiCompatManager: 	at kif.cz(PG:47)
02-19 19:30:30.402 20022 20022 I EmojiCompatManager: 	at lhl.run(PG:1025)
02-19 19:30:30.402 20022 20022 I EmojiCompatManager: 	at jaf.execute(PG:12)
02-19 19:30:30.402 20022 20022 I EmojiCompatManager: 	at nco.v(PG:13)
02-19 19:30:30.402 20022 20022 I EmojiCompatManager: 	at lhn.m(PG:96)
02-19 19:30:30.402 20022 20022 I EmojiCompatManager: 	at lhn.k(PG:25)
02-19 19:30:30.402 20022 20022 I EmojiCompatManager: 	at kgn.onStartInput(PG:250)
02-19 19:30:30.402 20022 20022 I EmojiCompatManager: 	at android.inputmethodservice.InputMethodService.doStartInput(InputMethodService.java:3521)
02-19 19:30:30.402 20022 20022 I EmojiCompatManager: 	at android.inputmethodservice.InputMethodService$InputMethodImpl.startInput(InputMethodService.java:879)
02-19 19:30:30.402 20022 20022 I EmojiCompatManager: 	at android.inputmethodservice.InputMethodService$InputMethodImpl.dispatchStartInput(InputMethodService.java:908)
02-19 19:30:30.402 20022 20022 I EmojiCompatManager: 	at android.inputmethodservice.IInputMethodWrapper.executeMessage(IInputMethodWrapper.java:201)
02-19 19:30:30.402 20022 20022 I EmojiCompatManager: 	at com.android.internal.os.HandlerCaller$MyHandler.handleMessage(HandlerCaller.java:44)
02-19 19:30:30.402 20022 20022 I EmojiCompatManager: 	at android.os.Handler.dispatchMessage(Handler.java:110)
02-19 19:30:30.402 20022 20022 I EmojiCompatManager: 	at android.os.Looper.loopOnce(Looper.java:248)
02-19 19:30:30.402 20022 20022 I EmojiCompatManager: 	at android.os.Looper.loop(Looper.java:338)
02-19 19:30:30.402 20022 20022 I EmojiCompatManager: 	at android.app.ActivityThread.main(ActivityThread.java:9067)
02-19 19:30:30.402 20022 20022 I EmojiCompatManager: 	at java.lang.reflect.Method.invoke(Native Method)
02-19 19:30:30.402 20022 20022 I EmojiCompatManager: 	at com.android.internal.os.RuntimeInit$MethodAndArgsCaller.run(RuntimeInit.java:593)
02-19 19:30:30.402 20022 20022 I EmojiCompatManager: 	at com.android.internal.os.ZygoteInit.main(ZygoteInit.java:932)
02-19 19:30:30.408 20022 20022 I Module  : DeviceLockedStatusModuleProvider$Module.updateDeviceLockedStatus():100 repeatCheckTimes = 1, locked = false
02-19 19:30:30.410   752  2377 W PackageConfigPersister: App-specific configuration not found for packageName: viva.republica.toss.test and userId: 0
02-19 19:30:30.492   752  2363 D CoreBackPreview: Window{6e6da0a u0 PopupWindow:c6c4822}: Setting back callback OnBackInvokedCallbackInfo{mCallback=android.window.IOnBackInvokedCallback$Stub$Proxy@6098898, mPriority=0, mIsAnimationCallback=false, mOverrideBehavior=0}
02-19 19:30:30.600  4449  4467 V WindowManagerShell: Transition animation finished (aborted=false), notifying core (#785) android.os.BinderProxy@ba9ee6f@0
02-19 19:30:30.605   752   794 V WindowManager: Finish Transition (#785): created at 02-19 19:30:29.399 collect-started=0.258ms request-sent=151.395ms started=155.572ms ready=302.394ms sent=664.198ms commit=67.341ms finished=1203.72ms
02-19 19:30:30.609  4449  4467 V WindowManagerShell: Track 0 became idle
02-19 19:30:30.610  4449  4467 V WindowManagerShell: All active transition animations finished
02-19 19:30:30.764 19316 19316 D VRI[MiniAppSchemeActivity]: visibilityChanged oldVisibility=true newVisibility=false
02-19 19:30:30.767 19316 19316 D VRI[GraniteActivity]: visibilityChanged oldVisibility=true newVisibility=false
02-19 19:30:30.805 19316 19316 W WindowOnBackDispatcher: sendCancelIfRunning: isInProgress=false callback=android.view.ViewRootImpl$$ExternalSyntheticLambda13@dd7a1da
02-19 19:30:30.819   752  2363 D CoreBackPreview: Window{e785308 u0 viva.republica.toss.test/viva.republica.toss.test.MiniAppSchemeActivity}: Setting back callback null
02-19 19:30:30.822 19316 19316 D ViewRootImpl: Skipping stats log for color mode
02-19 19:30:30.860   752  1095 D BackgroundInstallControlService: Package event received: 0
02-19 19:30:30.970   752   955 W UsageStatsService: Unexpected activity event reported! (viva.republica.toss.test/im.toss.rn.granite.core.GraniteActivity event : 23 instanceId : 128148779)
02-19 19:30:31.707 20851 20851 W dumpsys : Thread Pool max thread count is 0. Cannot cache binder as linkToDeath cannot be implemented. serviceName: window
02-19 19:30:31.909   752   775 I system_server: Background concurrent mark compact GC freed 24MB AllocSpace bytes, 34(692KB) LOS objects, 42% free, 33MB/57MB, paused 3.251ms,3.155ms total 163.058ms
02-19 19:30:31.931   752  1856 E TaskPersister: File error accessing recents directory (directory doesn't exist?).
02-19 19:30:33.713 20856 20856 W screencap: Thread Pool max thread count is 0. Cannot cache binder as linkToDeath cannot be implemented. serviceName: SurfaceFlingerAIDL
02-19 19:30:33.715 20856 20856 W BpBinder: Linking to death on android.gui.ISurfaceComposer but there are no threads (yet?) listening to incoming transactions. See ProcessState::startThreadPool and ProcessState::setThreadPoolMaxThreadCount. Generally you should setup the binder threadpool before other initialization steps.
02-19 19:30:33.717 20856 20856 W ProcessState: Extra binder thread started, but 0 threads requested. Do not use *startThreadPool when zero threads are requested.
02-19 19:30:33.724   531   603 E HwcComposer: getLuts failed Status(-8, EX_SERVICE_SPECIFIC): '8: '
02-19 19:30:33.724   531   603 E HWComposer: getLuts: getLuts failed for display 4619827259835644672: UNSUPPORTED (8)
02-19 19:30:34.607 19316 19316 W WindowOnBackDispatcher: sendCancelIfRunning: isInProgress=false callback=android.view.ViewRootImpl$$ExternalSyntheticLambda13@d261fe9
02-19 19:30:34.609   752  2363 D CoreBackPreview: Window{6e6da0a u0 PopupWindow:c6c4822}: Setting back callback null
02-19 19:30:34.636 19316 20858 W unknown:ReactContext: initializeMessageQueueThreads() is called.
02-19 19:30:34.638 19316 19316 W unknown:ReactNative: Packager connection already open, nooping.
02-19 19:30:34.662 19316 20861 W unknown:ReactContext: initializeMessageQueueThreads() is called.
02-19 19:30:34.666 19316 20861 W unknown:ReactNative: Fresco has already been initialized with a different config. The new Fresco configuration will be ignored!
