--------- beginning of main
02-19 18:13:49.841  7804  7804 D SsBaseTemplateCard: Passed-in item info is null
02-19 18:13:49.841  7804  7804 D SsBaseTemplateCard: Passed-in item info is null
02-19 18:13:49.841  7804  7804 I SsBaseTemplateCard: Secondary card pane is null
02-19 18:13:49.844 13391 13533 D nativeloader: Load /data/app/~~NUQj-rdXzuicW-16SIRtKA==/viva.republica.toss.test-Si406wFvb_sqEA2GTBV6RQ==/lib/x86_64/libglog_init.so using class loader ns clns-9 (caller=<unknown>): ok
02-19 18:13:49.869 13391 13533 D nativeloader: Load /data/app/~~NUQj-rdXzuicW-16SIRtKA==/viva.republica.toss.test-Si406wFvb_sqEA2GTBV6RQ==/lib/x86_64/libreact_utils.so using class loader ns clns-9 (caller=<unknown>): ok
02-19 18:13:49.879   488   488 I RanchuHwc: logCompositionFallbackIfChanged: layer 1146 CompositionType fallback from 2 to 1
02-19 18:13:49.890 20068 20076 I FontLog : (REDACTED) Received query %s, URI %s
02-19 18:13:49.891 13391 13533 D nativeloader: Load /data/app/~~NUQj-rdXzuicW-16SIRtKA==/viva.republica.toss.test-Si406wFvb_sqEA2GTBV6RQ==/lib/x86_64/libreact_render_mapbuffer.so using class loader ns clns-9 (caller=<unknown>): ok
02-19 18:13:49.891 20068 20076 I FontLog : (REDACTED) Query [%s] resolved to %s
02-19 18:13:49.897 20068 20076 I FontLog : (REDACTED) Font PFD returned from cache for %s
02-19 18:13:49.901 20068 20076 I FontLog : (REDACTED) Fetch %s end status %s
02-19 18:13:49.914 20068 20076 I FontLog : (REDACTED) Pulling font file for id = %d, cache size = %d
02-19 18:13:49.917  1971 22104 W AiAiScreenProcessor: tryGetAllInputSources timed out.
02-19 18:13:49.947  7804  7938 I AiAiSuggestUi: Request suggestContentSelections complete, took: 503
02-19 18:13:49.947  7804  7938 E AiAiSuggestUi: Timeout while retrieving suggestContentSelections
02-19 18:13:49.947  7804  7938 E AiAiSuggestUi: java.util.concurrent.TimeoutException
02-19 18:13:49.947  7804  7938 E AiAiSuggestUi: 	at java.util.concurrent.CompletableFuture$Timeout.run(CompletableFuture.java:2908)
02-19 18:13:49.947  7804  7938 E AiAiSuggestUi: 	at java.util.concurrent.Executors$RunnableAdapter.call(Executors.java:524)
02-19 18:13:49.947  7804  7938 E AiAiSuggestUi: 	at java.util.concurrent.FutureTask.run(FutureTask.java:317)
02-19 18:13:49.947  7804  7938 E AiAiSuggestUi: 	at java.util.concurrent.ScheduledThreadPoolExecutor$ScheduledFutureTask.run(ScheduledThreadPoolExecutor.java:348)
02-19 18:13:49.947  7804  7938 E AiAiSuggestUi: 	at java.util.concurrent.ThreadPoolExecutor.runWorker(ThreadPoolExecutor.java:1156)
02-19 18:13:49.947  7804  7938 E AiAiSuggestUi: 	at java.util.concurrent.ThreadPoolExecutor$Worker.run(ThreadPoolExecutor.java:651)
02-19 18:13:49.947  7804  7938 E AiAiSuggestUi: 	at java.lang.Thread.run(Thread.java:1119)
02-19 18:13:49.947  7804  7938 I AiAiSuggestUi: Fetched content back in callback
--------- beginning of system
02-19 18:13:49.976   752  1987 I ActivityManager: Force stopping viva.republica.toss.test appid=10217 user=0: from pid 13551
02-19 18:13:49.976   752  1987 I WindowManager:   Force removing ActivityRecord{98373948 u0 viva.republica.toss.test/.MiniAppSchemeActivity t63}
02-19 18:13:49.978   752   955 W UsageStatsService: Unexpected activity event reported! (viva.republica.toss.test/viva.republica.toss.test.MiniAppSchemeActivity event : 23 instanceId : 132005914)
02-19 18:13:49.993   752  1987 I ActivityManager: Killing 13391:viva.republica.toss.test/u0a217 (adj 102): stop viva.republica.toss.test due to from pid 13551
02-19 18:13:49.996   752  1029 D InetDiagMessage: Destroyed 0 sockets, proto=IPPROTO_TCP, family=AF_INET, states=14
02-19 18:13:50.000   752  1029 D InetDiagMessage: Destroyed 2 sockets, proto=IPPROTO_TCP, family=AF_INET6, states=14
02-19 18:13:50.000   752  1029 D InetDiagMessage: Destroyed live tcp sockets for uids={10217} in 5ms
02-19 18:13:50.003   752  1029 D InetDiagMessage: Destroyed 0 sockets, proto=IPPROTO_TCP, family=AF_INET, states=14
02-19 18:13:50.006   752  1029 D InetDiagMessage: Destroyed 0 sockets, proto=IPPROTO_TCP, family=AF_INET6, states=14
02-19 18:13:50.006   752  1029 D InetDiagMessage: Destroyed live tcp sockets for uids={20217} in 5ms
02-19 18:13:50.009   752  1987 D CompatChangeReporter: Compat change id reported: 311208629; UID 10217; state: ENABLED
02-19 18:13:50.011   752  1987 W ActivityTaskManager: Force removing ActivityRecord{139498862 u0 viva.republica.toss.test/im.toss.rn.granite.core.GraniteActivity t63 f}}: app died, no saved state
02-19 18:13:50.014 13412 13412 I cr_ChildProcessService: Destroying ChildProcessService pid=13412
02-19 18:13:50.021  4449  4467 V WindowManagerShell: Transition requested (#623): android.os.BinderProxy@eaf5fea TransitionRequestInfo { type = CLOSE, triggerTask = TaskInfo{userId=0 taskId=63 effectiveUid=10217 displayId=0 isRunning=false baseIntent=Intent { act=android.intent.action.VIEW dat=intoss://takealook/... flg=0x10000000 pkg=viva.republica.toss.test cmp=viva.republica.toss.test/.MiniAppSchemeActivity } baseActivity=null topActivity=null origActivity=null realActivity=ComponentInfo{viva.republica.toss.test/viva.republica.toss.test.MiniAppSchemeActivity} numActivities=0 lastActiveTime=103896910 supportsMultiWindow=true resizeMode=1 isResizeable=true minWidth=-1 minHeight=-1 defaultMinSize=220 token=WCT{android.window.IWindowContainerToken$Stub$Proxy@8e152db} topActivityType=1 pictureInPictureParams=null shouldDockBigOverlays=false launchIntoPipHostTaskId=-1 lastParentTaskIdBeforePip=-1 displayCutoutSafeInsets=Rect(0, 0 - 0, 0) topActivityInfo=null launchCookies=[] positionInParent=Point(0, 0) parentTaskId=-1 isFocused=false isVisible=true isVisibleRequested=true isTopActivityNoDisplay=false isSleeping=false locusId=null displayAreaFeatureId=1 isTopActivityTransparent=false isActivityStackTransparent=true lastNonFullscreenBounds=Rect(284, 660 - 796, 1740) capturedLink=null capturedLinkTimestamp=0 requestedVisibleTypes=-9 topActivityRequestOpenInBrowserEducationTimestamp=0 appCompatTaskInfo=AppCompatTaskInfo { topActivityInSizeCompat=false eligibleForLetterboxEducation= false isLetterboxEducationEnabled= false isLetterboxDoubleTapEnabled= false eligibleForUserAspectRatioButton= false topActivityBoundsLetterboxed= false isFromLetterboxDoubleTap= false topActivityLetterboxVerticalPosition= -1 topActivityLetterboxHorizontalPosition= -1 topActivityLetterboxWidth=-1 topActivityLetterboxHeight=-1 topActivityAppBounds=Rect(0, 0 - 0, 0) isUserFullscreenOverrideEnabled=false isSystemFullscreenOverrideEnabled=false hasMinAspectRatioOverride=false topActivityLetterboxBounds=null cameraCompatTaskInfo=CameraCompatTaskInfo { freeformCameraCompatMode=undefined}} topActivityMainWindowFrame=null}, pipChange = null, remoteTransition = null, displayChange = null, flags = 0, debugId = 623 }
02-19 18:13:50.021   752  1987 I ActivityManager: Killing 13412:com.google.android.webview:sandboxed_process0:org.chromium.content.app.SandboxedProcessService0:0/u0a217i36 (adj 0): isolated not needed
02-19 18:13:50.022   531   602 I BpBinder: onLastStrongRef automatically unlinking death recipients: 
02-19 18:13:50.023   752  1987 W ProcessStats: Tracking association SourceState{1b917ca system/1000 BFgs #20287} whose proc state 4 is better than process ProcessState{42c4ef0 com.google.android.ext.services/10208 pkg=com.google.android.ext.services} proc state 14 (33 skipped)
02-19 18:13:50.027   752  1095 D BackgroundInstallControlService: Package event received: 0
02-19 18:13:50.012  3453  3453 D BoundBrokerSvc: onUnbind: Intent { act=com.google.android.gms.safetynet.service.START xflg=0x4 pkg=com.google.android.gms }
02-19 18:13:50.031  4449  4582 V WindowManagerShell: onTransitionReady(transaction=3229815425326)
02-19 18:13:50.034  4449  4467 V WindowManagerShell: onTransitionReady (#623) android.os.BinderProxy@eaf5fea: {id=623 t=CLOSE f=0x0 trk=0 r=[0@Point(0, 0)] c=[
02-19 18:13:50.034  4449  4467 V WindowManagerShell:         {m=CLOSE f=NONE leash=Surface(name=Task=63)/@0xf913178 sb=Rect(0, 0 - 1080, 2400) eb=Rect(0, 0 - 1080, 2400) epz=Point(1080, 2400) d=0 taskParent=-1}
02-19 18:13:50.034  4449  4467 V WindowManagerShell:     ]}
02-19 18:13:50.037  4449  4467 V WindowManagerShell: Transition (#623) android.os.BinderProxy@eaf5fea@0 ready while (#622) android.os.BinderProxy@b0cb1a9@0 is still animating. Notify the animating transition in case they can be merged
02-19 18:13:50.040  4449  4467 V ShellRecents: [71258926] RecentsController.merge
02-19 18:13:50.041  4449  4467 V ShellRecents:   closing pausing taskId=63
02-19 18:13:50.041  4449  4467 V ShellRecents: [71258926] RecentsController.merge: empty pausing tasks
02-19 18:13:50.041  4449  4467 V ShellRecents: [71258926] RecentsController.merge: consuming merge
02-19 18:13:50.042  4449  4467 V WindowManagerShell: Transition was merged: (#623) android.os.BinderProxy@eaf5fea@0 into (#622) android.os.BinderProxy@b0cb1a9@0
02-19 18:13:50.045   752   794 V WindowManager: Sent Transition (#623) createdAt=02-19 18:13:50.012 via request=TransitionRequestInfo { type = CLOSE, triggerTask = TaskInfo{userId=0 taskId=63 effectiveUid=10217 displayId=0 isRunning=false baseIntent=Intent { act=android.intent.action.VIEW dat=intoss://takealook/... flg=0x10000000 pkg=viva.republica.toss.test cmp=viva.republica.toss.test/.MiniAppSchemeActivity } baseActivity=null topActivity=null origActivity=null realActivity=ComponentInfo{viva.republica.toss.test/viva.republica.toss.test.MiniAppSchemeActivity} numActivities=0 lastActiveTime=103896910 supportsMultiWindow=true resizeMode=1 isResizeable=true minWidth=-1 minHeight=-1 defaultMinSize=220 token=WCT{RemoteToken{2d6e3ca Task{ac8cec5 #63 type=standard A=10217:viva.republica.toss.test}}} topActivityType=1 pictureInPictureParams=null shouldDockBigOverlays=false launchIntoPipHostTaskId=-1 lastParentTaskIdBeforePip=-1 displayCutoutSafeInsets=Rect(0, 0 - 0, 0) topActivityInfo=null launchCookies=[] positionInParent=Point(0, 0) parentTaskId=-1 isFocused=false isVisible=true isVisibleRequested=true isTopActivityNoDisplay=false isSleeping=false locusId=null displayAreaFeatureId=1 isTopActivityTransparent=false isActivityStackTransparent=true lastNonFullscreenBounds=Rect(284, 660 - 796, 1740) capturedLink=null capturedLinkTimestamp=0 requestedVisibleTypes=-9 topActivityRequestOpenInBrowserEducationTimestamp=0 appCompatTaskInfo=AppCompatTaskInfo { topActivityInSizeCompat=false eligibleForLetterboxEducation= false isLetterboxEducationEnabled= false isLetterboxDoubleTapEnabled= false eligibleForUserAspectRatioButton= false topActivityBoundsLetterboxed= false isFromLetterboxDoubleTap= false topActivityLetterboxVerticalPosition= -1 topActivityLetterboxHorizontalPosition= -1 topActivityLetterboxWidth=-1 topActivityLetterboxHeight=-1 topActivityAppBounds=Rect(0, 0 - 0, 0) isUserFullscreenOverrideEnabled=false isSystemFullscreenOverrideEnabled=false hasMinAspectRatioOverride=false topActivityLetterboxBounds=null cameraCompatTaskInfo=CameraCompatTaskInfo { freeformCameraCompatMode=undefined}} topActivityMainWindowFrame=null}, pipChange = null, remoteTransition = null, displayChange = null, flags = 0, debugId = 623 }
02-19 18:13:50.049   752  1987 I AppsFilter: interaction: PackageSetting{d389813 com.android.microdroid.empty_payload/10204} -> PackageSetting{1aa99b7 viva.republica.toss.test/10217} BLOCKED
02-19 18:13:50.051   752  1987 I AppsFilter: interaction: PackageSetting{120ba50 com.android.adbkeyboard/10219} -> PackageSetting{1aa99b7 viva.republica.toss.test/10217} BLOCKED
02-19 18:13:50.058  7804  7804 I AiAiSuggestUi: Clearing suggestions.
02-19 18:13:50.059  7804  7804 I AiAiSuggestUi: Clearing suggestions.
02-19 18:13:50.059  7804  7804 I AiAiSuggestUi: Requesting to show indicators
02-19 18:13:50.059  7804  7804 I AiAiSuggestUi: Fetching contents, isPrimaryTask = true
02-19 18:13:50.072   752  2417 E ActivityTaskManager: Could not find activity for task 63
02-19 18:13:50.074   752   794 V WindowManager:     startWCT=WindowContainerTransaction { changes= {} hops= [] errorCallbackToken=null taskFragmentOrganizer=null }
02-19 18:13:50.084   752   794 V WindowManager:     info={id=623 t=CLOSE f=0x0 trk=0 r=[0@Point(0, 0)] c=[
02-19 18:13:50.084   752   794 V WindowManager:         {WCT{RemoteToken{2d6e3ca Task{ac8cec5 #63 type=standard A=10217:viva.republica.toss.test}}} m=CLOSE f=NONE leash=Surface(name=Task=63)/@0x7ac393 sb=Rect(0, 0 - 1080, 2400) eb=Rect(0, 0 - 1080, 2400) epz=Point(1080, 2400) d=0 taskParent=-1}
02-19 18:13:50.084   752   794 V WindowManager:     ]}
02-19 18:13:50.087  1263  1263 I Zygote  : Process 13412 exited due to signal 9 (Killed)
02-19 18:13:50.103   752   990 I system_server: AssetManager2(0x7d8fac4ce218) locale list changing from [] to [en-US]
02-19 18:13:50.121   752   990 I system_server: AssetManager2(0x7d8fac4d0158) locale list changing from [] to [en-US]
02-19 18:13:50.126  1336  1336 D CarrierSvcBindHelper: onHandleForceStop: [viva.republica.toss.test]
02-19 18:13:50.211   752   990 I system_server: AssetManager2(0x7d8fac491f98) locale list changing from [] to [en-US]
02-19 18:13:50.224   752   990 I system_server: AssetManager2(0x7d8fac5224f8) locale list changing from [] to [en-US]
02-19 18:13:50.228   752  1935 I WindowManager: WIN DEATH: Window{3c05a7c u0 viva.republica.toss.test/im.toss.rn.granite.core.GraniteActivity}
02-19 18:13:50.229   752  1852 I ImeTracker: viva.republica.toss.test:7381d461: onRequestHide at ORIGIN_SERVER reason HIDE_REMOVE_CLIENT fromUser false
02-19 18:13:50.229   752  1852 I ImeTracker: viva.republica.toss.test:7381d461: onCancelled at PHASE_SERVER_SHOULD_HIDE
02-19 18:13:50.231   752   807 I libprocessgroup: Removed cgroup /sys/fs/cgroup/apps/uid_10217/pid_13391
02-19 18:13:50.231   752  1509 V ActivityManager: Got obituary of 13391:viva.republica.toss.test
02-19 18:13:50.232   752   807 I libprocessgroup: Removed cgroup /sys/fs/cgroup/apps/uid_99036/pid_13412
02-19 18:13:50.232   752   797 W ActivityManager: setHasOverlayUi called on unknown pid: 13391
02-19 18:13:50.233   458   458 I Zygote  : Process 13391 exited due to signal 9 (Killed)
02-19 18:13:50.243   752  1029 D ConnectivityService: releasing NetworkRequest [ REQUEST id=582, [ Capabilities: INTERNET&NOT_RESTRICTED&TRUSTED&NOT_VCN_MANAGED&NOT_BANDWIDTH_CONSTRAINED Uid: 10217 RequestorUid: 10217 RequestorPkg: viva.republica.toss.test UnderlyingNetworks: Null] ] (release request)
02-19 18:13:50.250  1336  1336 D CarrierSvcBindHelper: No carrier app for: 0
02-19 18:13:50.253 20068 30652 I FontLog : (REDACTED) Received query %s, URI %s
02-19 18:13:50.254 20068 30652 I FontLog : (REDACTED) Query [%s] resolved to %s
02-19 18:13:50.259 20068 30652 I FontLog : (REDACTED) Font PFD returned from cache for %s
02-19 18:13:50.260 20068 30652 I FontLog : (REDACTED) Fetch %s end status %s
02-19 18:13:50.265 20068 20120 I FontLog : (REDACTED) Pulling font file for id = %d, cache size = %d
02-19 18:13:50.265  7804  7813 I AiAiSuggestUi: Request suggestContentSelections complete, took: 204
02-19 18:13:50.265  7804  7813 I AiAiSuggestUi: Fetched content back in callback
02-19 18:13:50.267  7804  7804 I AiAiSuggestUi: Display indicators
02-19 18:13:50.274   752   752 W Looper  : Slow dispatch took 149ms main app=system_server main=true group=FOREGROUND h=android.app.ActivityThread$H c=android.app.LoadedApk$ReceiverDispatcher$Args$$ExternalSyntheticLambda0@7dd3eaa m=0
02-19 18:13:50.672  4449  4458 W System  : A resource failed to call release. 
02-19 18:13:50.672  4449  4458 W System  : A resource failed to call release. 
02-19 18:13:50.672  4449  4458 W System  : A resource failed to call release. 
02-19 18:13:50.672  4449  4458 W System  : A resource failed to call release. 
02-19 18:13:50.672  4449  4458 W System  : A resource failed to call release. 
02-19 18:13:50.672  4449  4458 W System  : A resource failed to call release. 
02-19 18:13:50.673  4449  4458 W System  : A resource failed to call release. 
02-19 18:13:50.673  4449  4458 W System  : A resource failed to call release. 
02-19 18:13:50.673  4449  4458 W System  : A resource failed to call release. 
02-19 18:13:51.024 20068 20120 I FontLog : (REDACTED) Received query %s, URI %s
02-19 18:13:51.024 20068 20120 I FontLog : (REDACTED) Query [%s] resolved to %s
02-19 18:13:51.026 20068 20120 I FontLog : (REDACTED) Font PFD returned from cache for %s
02-19 18:13:51.028 20068 20120 I FontLog : (REDACTED) Fetch %s end status %s
02-19 18:13:51.031 20068 20120 I FontLog : (REDACTED) Pulling font file for id = %d, cache size = %d
02-19 18:13:51.411 20068 13328 I SQLiteConnection: Long db operation: /data/user/0/com.google.android.gms/databases/phenotype.db
02-19 18:13:51.412 13359 13541 V ClearcutMetricXmitter: Transmission is done.
02-19 18:13:51.413 13359 13541 V ClearcutMetricXmitter: Transmission is done.
02-19 18:13:51.736   752  1987 W ActivityTaskManager: callingPackage for (uid=2000, pid=13565) has no WPC
02-19 18:13:51.736   752  1987 V GrammaticalInflectionUtils: AttributionSource: android.content.AttributionSource@56784557 does not have READ_SYSTEM_GRAMMATICAL_GENDER permission.
02-19 18:13:51.737   752  1987 W OptProp : Cannot read opt property android.window.PROPERTY_COMPAT_ALLOW_USER_ASPECT_RATIO_OVERRIDE
02-19 18:13:51.737   752  1987 W OptProp : Cannot read opt property android.window.PROPERTY_COMPAT_ALLOW_USER_ASPECT_RATIO_FULLSCREEN_OVERRIDE
02-19 18:13:51.737   752  1987 W OptProp : Cannot read opt property android.window.PROPERTY_COMPAT_ALLOW_RESIZEABLE_ACTIVITY_OVERRIDES
02-19 18:13:51.737   752  1987 W OptProp : Cannot read opt property android.window.PROPERTY_COMPAT_ALLOW_MIN_ASPECT_RATIO_OVERRIDE
02-19 18:13:51.742   752  1987 W OptProp : Cannot read opt property android.window.PROPERTY_COMPAT_ALLOW_ORIENTATION_OVERRIDE
02-19 18:13:51.744   531   602 I BpBinder: onLastStrongRef automatically unlinking death recipients: 
02-19 18:13:51.746   752  1987 I AppsFilter: interaction: PackageSetting{d389813 com.android.microdroid.empty_payload/10204} -> PackageSetting{c92fd7c viva.republica.toss.test/10217} BLOCKED
02-19 18:13:51.746   752  1987 I AppsFilter: interaction: PackageSetting{120ba50 com.android.adbkeyboard/10219} -> PackageSetting{c92fd7c viva.republica.toss.test/10217} BLOCKED
02-19 18:13:51.747   752  1987 I ActivityTaskManager: Add Task{ac8cec5 #63 type=standard A=10217:viva.republica.toss.test} to hidden list because adding Task{2a3a34e #64 type=standard A=10217:viva.republica.toss.test}
02-19 18:13:51.748   752  1987 I ActivityTaskManager: START u0 {act=android.intent.action.VIEW dat=intoss://takealook/... flg=0x10000000 xflg=0x4 pkg=viva.republica.toss.test cmp=viva.republica.toss.test/.MiniAppSchemeActivity} with LAUNCH_MULTIPLE from uid 2000 (BAL_ALLOW_PERMISSION) result code=0
02-19 18:13:51.749  4449  4467 V WindowManagerShell: Transition requested (#624): android.os.BinderProxy@584b790 TransitionRequestInfo { type = OPEN, triggerTask = TaskInfo{userId=0 taskId=64 effectiveUid=10217 displayId=0 isRunning=true baseIntent=Intent { act=android.intent.action.VIEW dat=intoss://takealook/... flg=0x10000000 pkg=viva.republica.toss.test cmp=viva.republica.toss.test/.MiniAppSchemeActivity } baseActivity=ComponentInfo{viva.republica.toss.test/viva.republica.toss.test.MiniAppSchemeActivity} topActivity=ComponentInfo{viva.republica.toss.test/viva.republica.toss.test.MiniAppSchemeActivity} origActivity=null realActivity=ComponentInfo{viva.republica.toss.test/viva.republica.toss.test.MiniAppSchemeActivity} numActivities=1 lastActiveTime=103905594 supportsMultiWindow=true resizeMode=1 isResizeable=true minWidth=-1 minHeight=-1 defaultMinSize=220 token=WCT{android.window.IWindowContainerToken$Stub$Proxy@2d03889} topActivityType=1 pictureInPictureParams=null shouldDockBigOverlays=false launchIntoPipHostTaskId=-1 lastParentTaskIdBeforePip=-1 displayCutoutSafeInsets=Rect(0, 0 - 0, 0) topActivityInfo=ActivityInfo{6d8008e viva.republica.toss.test.MiniAppSchemeActivity} launchCookies=[] positionInParent=Point(0, 0) parentTaskId=-1 isFocused=false isVisible=false isVisibleRequested=false isTopActivityNoDisplay=false isSleeping=false locusId=null displayAreaFeatureId=1 isTopActivityTransparent=true isActivityStackTransparent=true lastNonFullscreenBounds=Rect(284, 660 - 796, 1740) capturedLink=null capturedLinkTimestamp=0 requestedVisibleTypes=-9 topActivityRequestOpenInBrowserEducationTimestamp=0 appCompatTaskInfo=AppCompatTaskInfo { topActivityInSizeCompat=false eligibleForLetterboxEducation= false isLetterboxEducationEnabled= true isLetterboxDoubleTapEnabled= false eligibleForUserAspectRatioButton= false topActivityBoundsLetterboxed= false isFromLetterboxDoubleTap= false topActivityLetterboxVerticalPosition= -1 topActivityLetterboxHorizontalPosition= -1 topActivityLetterboxWidth=-1 topActivityLetterboxHeight=-1 topActivityAppBounds=Rect(0, 0 - 1080, 2400) isUserFullscreenOverrideEnabled=false isSystemFullscreenOverrideEnabled=false hasMinAspectRatioOverride=false topActivityLetterboxBounds=null cameraCompatTaskInfo=CameraCompatTaskInfo { freeformCameraCompatMode=inactive}} topActivityMainWindowFrame=null}, pipChange = null, remoteTransition = null, displayChange = null, flags = 0, debugId = 624 }
02-19 18:13:51.750  4449  4467 D ShellSplitScreen: logExit: no-op, mLoggerSessionId is null
02-19 18:13:51.753   752   797 V GrammaticalInflectionUtils: AttributionSource: android.content.AttributionSource@56784557 does not have READ_SYSTEM_GRAMMATICAL_GENDER permission.
02-19 18:13:51.762   458   458 D Zygote  : Forked child process 13568
02-19 18:13:51.763   752   806 I ActivityManager: Start proc 13568:viva.republica.toss.test/u0a217 for top-activity {viva.republica.toss.test/viva.republica.toss.test.MiniAppSchemeActivity}
02-19 18:13:51.763   752   806 I ActivityManager: ProcessObserver broadcast disabled
02-19 18:13:51.811 13568 13568 I blica.toss.test: Using CollectorTypeCMC GC.
02-19 18:13:51.813 13568 13568 W blica.toss.test: Unexpected CPU variant for x86: x86_64.
02-19 18:13:51.813 13568 13568 W blica.toss.test: Known variants: atom, sandybridge, silvermont, goldmont, goldmont-plus, goldmont-without-sha-xsaves, tremont, kabylake, alderlake, default
02-19 18:13:51.816 13568 13568 E blica.toss.test: Not starting debugger since process cannot load the jdwp agent.
02-19 18:13:51.821 13568 13568 D nativeloader: Load libframework-connectivity-tiramisu-jni.so using APEX ns com_android_tethering for caller /apex/com.android.tethering/javalib/framework-connectivity-t.jar: ok
02-19 18:13:51.832   752  1095 D BackgroundInstallControlService: Package event received: 0
02-19 18:13:51.840 13568 13568 D ApplicationLoaders: Returning zygote-cached class loader: /system_ext/framework/androidx.window.extensions.jar
02-19 18:13:51.841 13568 13568 D ApplicationLoaders: Returning zygote-cached class loader: /system_ext/framework/androidx.window.sidecar.jar
02-19 18:13:51.845 13568 13568 D nativeloader: Configuring clns-9 for other apk /data/app/~~NUQj-rdXzuicW-16SIRtKA==/viva.republica.toss.test-Si406wFvb_sqEA2GTBV6RQ==/base.apk. target_sdk_version=35, uses_libraries=, library_path=/data/app/~~NUQj-rdXzuicW-16SIRtKA==/viva.republica.toss.test-Si406wFvb_sqEA2GTBV6RQ==/lib/x86_64:/data/app/~~NUQj-rdXzuicW-16SIRtKA==/viva.republica.toss.test-Si406wFvb_sqEA2GTBV6RQ==/base.apk!/lib/x86_64, permitted_path=/data:/mnt/expand:/data/user/0/viva.republica.toss.test
02-19 18:13:51.846 13568 13568 D CompatChangeReporter: Compat change id reported: 202956589; UID 10217; state: ENABLED
02-19 18:13:51.849 13568 13568 I blica.toss.test: AssetManager2(0x7d8fac428e58) locale list changing from [] to [en-US]
02-19 18:13:51.853 13568 13568 V GraphicsEnvironment: Currently set values for:
02-19 18:13:51.853 13568 13568 V GraphicsEnvironment:   angle_gl_driver_selection_pkgs=[]
02-19 18:13:51.853 13568 13568 V GraphicsEnvironment:   angle_gl_driver_selection_values=[]
02-19 18:13:51.853 13568 13568 V GraphicsEnvironment: viva.republica.toss.test is not listed in per-application setting
02-19 18:13:51.853 13568 13568 V GraphicsEnvironment: ANGLE allowlist from config: com.dreamgames.royalmatch com.dts.freefiremax com.dxx.firenow com.gramgames.mergedragons com.ludo.king com.mojang.minecraftpe com.my.defense com.nintendo.zaka com.os.airforce com.playrix.fishdomdd.gplay io.teslatech.callbreak jp.konami.prospia net.peakgames.toonblast
02-19 18:13:51.853 13568 13568 V GraphicsEnvironment: viva.republica.toss.test is not listed in ANGLE allowlist or settings, returning default
02-19 18:13:51.853 13568 13568 V GraphicsEnvironment: Neither updatable production driver nor prerelease driver is supported.
02-19 18:13:51.861 13568 13568 D CompatChangeReporter: Compat change id reported: 279646685; UID 10217; state: ENABLED
02-19 18:13:51.872 13568 13580 E ashmem  : Pinning is deprecated since Android Q. Please use trim or other methods.
02-19 18:13:51.873 13568 13568 D nativeloader: Load /data/app/~~NUQj-rdXzuicW-16SIRtKA==/viva.republica.toss.test-Si406wFvb_sqEA2GTBV6RQ==/lib/x86_64/libmmkv.so using class loader ns clns-9 (caller=/data/app/~~NUQj-rdXzuicW-16SIRtKA==/viva.republica.toss.test-Si406wFvb_sqEA2GTBV6RQ==/base.apk): ok
02-19 18:13:51.880 13568 13568 I blica.toss.test: AssetManager2(0x7d8fac426f18) locale list changing from [] to [en-US]
02-19 18:13:51.881 13568 13568 I WebViewFactory: Loading com.google.android.webview version 133.0.6943.137 (code 694313738)
02-19 18:13:51.886 13568 13568 I blica.toss.test: AssetManager2(0x7d8fac427878) locale list changing from [] to [en-US]
02-19 18:13:51.889 13568 13568 I blica.toss.test: AssetManager2(0x7d8fac4284f8) locale list changing from [] to [en-US]
02-19 18:13:51.890 13568 13568 V ResourcesManager: The following library key has been added: ResourcesKey{ mHash=a24a3099 mResDir=null mSplitDirs=[] mOverlayDirs=[] mLibDirs=[/data/app/~~86wu-kVgQoavtKNPNhKNpg==/com.google.android.webview-1KjOBROVBHjUvpUZHW2m2g==/WebViewGoogle.apk,/data/app/~~zfNTtjjfT5QjKD_7Ux4KKQ==/com.google.android.trichromelibrary_694313738-AgzLRnDhHPFXke_9IsnuqA==/TrichromeLibrary.apk] mDisplayId=0 mOverrideConfig=v36 mCompatInfo={420dpi always-compat} mLoaders=[]}
02-19 18:13:51.900 13568 13568 W blica.toss.test: Failed to find entry 'classes.dex': Entry not found
02-19 18:13:51.901 13568 13568 D nativeloader: Configuring clns-10 for other apk /data/app/~~zfNTtjjfT5QjKD_7Ux4KKQ==/com.google.android.trichromelibrary_694313738-AgzLRnDhHPFXke_9IsnuqA==/TrichromeLibrary.apk. target_sdk_version=34, uses_libraries=ALL, library_path=/data/app/~~86wu-kVgQoavtKNPNhKNpg==/com.google.android.webview-1KjOBROVBHjUvpUZHW2m2g==/lib/x86_64:/data/app/~~86wu-kVgQoavtKNPNhKNpg==/com.google.android.webview-1KjOBROVBHjUvpUZHW2m2g==/WebViewGoogle.apk!/lib/x86_64:/data/app/~~zfNTtjjfT5QjKD_7Ux4KKQ==/com.google.android.trichromelibrary_694313738-AgzLRnDhHPFXke_9IsnuqA==/TrichromeLibrary.apk!/lib/x86_64, permitted_path=/data:/mnt/expand
02-19 18:13:51.907 13568 13568 D ApplicationLoaders: Returning zygote-cached class loader: /system_ext/framework/androidx.window.extensions.jar
02-19 18:13:51.911 13568 13568 D nativeloader: Configuring clns-11 for other apk /data/app/~~86wu-kVgQoavtKNPNhKNpg==/com.google.android.webview-1KjOBROVBHjUvpUZHW2m2g==/WebViewGoogle.apk. target_sdk_version=34, uses_libraries=, library_path=/data/app/~~86wu-kVgQoavtKNPNhKNpg==/com.google.android.webview-1KjOBROVBHjUvpUZHW2m2g==/lib/x86_64:/data/app/~~86wu-kVgQoavtKNPNhKNpg==/com.google.android.webview-1KjOBROVBHjUvpUZHW2m2g==/WebViewGoogle.apk!/lib/x86_64:/data/app/~~zfNTtjjfT5QjKD_7Ux4KKQ==/com.google.android.trichromelibrary_694313738-AgzLRnDhHPFXke_9IsnuqA==/TrichromeLibrary.apk!/lib/x86_64, permitted_path=/data:/mnt/expand
02-19 18:13:51.942 13568 13568 I blica.toss.test: Waiting for a blocking GC ClassLinker
02-19 18:13:51.943 13568 13580 D nativeloader: Configuring clns-12 for other apk . target_sdk_version=35, uses_libraries=ALL, library_path=/data/app/~~NUQj-rdXzuicW-16SIRtKA==/viva.republica.toss.test-Si406wFvb_sqEA2GTBV6RQ==/lib/x86_64:/data/app/~~NUQj-rdXzuicW-16SIRtKA==/viva.republica.toss.test-Si406wFvb_sqEA2GTBV6RQ==/base.apk!/lib/x86_64, permitted_path=/data:/mnt/expand
02-19 18:13:51.956 13568 13580 D nativeloader: Load /data/app/~~NUQj-rdXzuicW-16SIRtKA==/viva.republica.toss.test-Si406wFvb_sqEA2GTBV6RQ==/lib/x86_64/libdceb.so using isolated ns clns-12 (caller=/data/user/0/viva.republica.toss.test/Anonymous-DexFile@1467667017.jar): ok
02-19 18:13:51.963 13568 13568 I cr_WVCFactoryProvider: version=133.0.6943.137 (694313738) minSdkVersion=29 isBundle=false multiprocess=true packageId=2
02-19 18:13:51.987 13568 13568 D nativeloader: Load /data/app/~~zfNTtjjfT5QjKD_7Ux4KKQ==/com.google.android.trichromelibrary_694313738-AgzLRnDhHPFXke_9IsnuqA==/TrichromeLibrary.apk!/lib/x86_64/libmonochrome_64.so using class loader ns clns-11 (caller=/data/app/~~86wu-kVgQoavtKNPNhKNpg==/com.google.android.webview-1KjOBROVBHjUvpUZHW2m2g==/WebViewGoogle.apk): ok
02-19 18:13:51.990 13568 13568 D nativeloader: Load /system/lib64/libwebviewchromium_plat_support.so using class loader ns clns-11 (caller=/data/app/~~86wu-kVgQoavtKNPNhKNpg==/com.google.android.webview-1KjOBROVBHjUvpUZHW2m2g==/WebViewGoogle.apk): ok
02-19 18:13:51.996 13568 13585 E chromium: [0219/181351.994024:ERROR:variations_seed_loader.cc(39)] Seed missing signature.
02-19 18:13:51.997 13568 13585 I chromium: [0219/181351.997023:INFO:variations_seed_loader.cc(67)] Failed to open file for reading.: No such file or directory (2)
02-19 18:13:52.005 13568 13568 I cr_LibraryLoader: Successfully loaded native library
02-19 18:13:52.006 13568 13568 I cr_CachingUmaRecorder: Flushed 6 samples from 6 histograms, 0 samples were dropped.
02-19 18:13:52.012 13568 13568 I cr_CombinedPProvider: #registerProvider() provider:WV.C8@88ca54d isPolicyCacheEnabled:false policyProvidersSize:0
02-19 18:13:52.014 13568 13568 I cr_PolicyProvider: #setManagerAndSource() 0
02-19 18:13:52.019   752  1454 V GrammaticalInflectionUtils: AttributionSource: android.content.AttributionSource@639da2e3 does not have READ_SYSTEM_GRAMMATICAL_GENDER permission.
02-19 18:13:52.043 13568 13568 I cr_CombinedPProvider: #linkNativeInternal() 1
02-19 18:13:52.046 13568 13568 I cr_AppResProvider: #getApplicationRestrictionsFromUserManager() Bundle[EMPTY_PARCEL]
02-19 18:13:52.047 13568 13568 I cr_PolicyProvider: #notifySettingsAvailable() 0
02-19 18:13:52.047 13568 13568 I cr_CombinedPProvider: #onSettingsAvailable() 0
02-19 18:13:52.047 13568 13568 I cr_CombinedPProvider: #flushPolicies()
02-19 18:13:52.051  1263  1263 D Zygote  : Forked child process 13589
02-19 18:13:52.078 13589 13589 I ocessService0:0: Using CollectorTypeCMC GC.
02-19 18:13:52.079 13589 13589 W ocessService0:0: Unexpected CPU variant for x86: x86_64.
02-19 18:13:52.079 13589 13589 W ocessService0:0: Known variants: atom, sandybridge, silvermont, goldmont, goldmont-plus, goldmont-without-sha-xsaves, tremont, kabylake, alderlake, default
02-19 18:13:52.083 13589 13589 E ocessService0:0: Not starting debugger since process cannot load the jdwp agent.
02-19 18:13:52.087 13589 13589 D nativeloader: Load libframework-connectivity-tiramisu-jni.so using APEX ns com_android_tethering for caller /apex/com.android.tethering/javalib/framework-connectivity-t.jar: ok
02-19 18:13:52.093   752  1095 D BackgroundInstallControlService: Package event received: 0
02-19 18:13:52.094   752  1095 D BackgroundInstallControlService: Package event received: 0
02-19 18:13:52.095  3453  3453 D BoundBrokerSvc: onBind: Intent { act=com.google.android.gms.safetynet.service.START xflg=0x4 pkg=com.google.android.gms }
02-19 18:13:52.096  3453  3453 D BoundBrokerSvc: Loading bound service for intent: Intent { act=com.google.android.gms.safetynet.service.START xflg=0x4 pkg=com.google.android.gms }
02-19 18:13:52.108 13568 13568 I blica.toss.test: AssetManager2(0x7d8fac4281d8) locale list changing from [] to [en-US]
02-19 18:13:52.112 13568 13568 I blica.toss.test: AssetManager2(0x7d8fac425938) locale list changing from [] to [en-US]
02-19 18:13:52.114   752   934 W ActivityManager: Slow operation: 94ms so far, now at startProcess: done updating battery stats
02-19 18:13:52.114   752   934 W ActivityManager: Slow operation: 94ms so far, now at startProcess: building log message
02-19 18:13:52.114   752   934 I ActivityManager: Start proc 13589:com.google.android.webview:sandboxed_process0:org.chromium.content.app.SandboxedProcessService0:0/u0i37 for  {viva.republica.toss.test/org.chromium.content.app.SandboxedProcessService0:0}
02-19 18:13:52.114   752   934 W ActivityManager: Slow operation: 94ms so far, now at startProcess: starting to update pids map
02-19 18:13:52.114   752   934 I ActivityManager: ProcessObserver broadcast disabled
02-19 18:13:52.114   752   934 W ActivityManager: Slow operation: 95ms so far, now at startProcess: done updating pids map
02-19 18:13:52.115 13568 13568 D DesktopModeFlags: Toggle override initialized to: OVERRIDE_UNSET
02-19 18:13:52.116 13568 13568 I DisplayManager: Implicitly registering for refresh rate
02-19 18:13:52.141 13589 13589 D CompatChangeReporter: Compat change id reported: 242716250; UID 99037; state: ENABLED
02-19 18:13:52.150 13589 13589 D ApplicationLoaders: Returning zygote-cached class loader: /system_ext/framework/androidx.window.extensions.jar
02-19 18:13:52.152 13589 13589 I ocessService0:0: AssetManager2(0x7d8fac42ba18) locale list changing from [] to [en-US]
02-19 18:13:52.156   752  1095 D BackgroundInstallControlService: Package event received: 0
02-19 18:13:52.156   752  1095 D BackgroundInstallControlService: Package event received: 0
02-19 18:13:52.158 13589 13589 I LoadedApk: No resource references to update in package com.google.android.trichromelibrary
02-19 18:13:52.161 13589 13589 I cr_WebViewApkApp: version=133.0.6943.137 (694313738) minSdkVersion=29 isBundle=false processName=com.google.android.webview:sandboxed_process0:org.chromium.content.app.SandboxedProcessService0:0
02-19 18:13:52.165   752  1095 D BackgroundInstallControlService: Package event received: 0
02-19 18:13:52.170 13589 13589 I cr_ChildProcessService: Creating new ChildProcessService pid=13589
02-19 18:13:52.263   752   806 W ActivityManager: Slow operation: 243ms so far, now at startProcess: returned from zygote!
02-19 18:13:52.386 13568 13618 D nativeloader: Load /data/app/~~NUQj-rdXzuicW-16SIRtKA==/viva.republica.toss.test-Si406wFvb_sqEA2GTBV6RQ==/lib/x86_64/libbugsnag-root-detection.so using class loader ns clns-9 (caller=/data/app/~~NUQj-rdXzuicW-16SIRtKA==/viva.republica.toss.test-Si406wFvb_sqEA2GTBV6RQ==/base.apk): ok
02-19 18:13:52.397   752  1095 D BackgroundInstallControlService: Package event received: 0
02-19 18:13:52.397   752  1095 D BackgroundInstallControlService: Package event received: 0
02-19 18:13:52.411   752   934 D FileUtils: Rounded bytes from 2067259392 to 4000000000
02-19 18:13:52.453 13568 13616 D nativeloader: Load /data/app/~~NUQj-rdXzuicW-16SIRtKA==/viva.republica.toss.test-Si406wFvb_sqEA2GTBV6RQ==/lib/x86_64/libbugsnag-ndk.so using class loader ns clns-9 (caller=<unknown>): ok
02-19 18:13:52.479   752   934 D FileUtils: Rounded bytes from 2067259392 to 4000000000
02-19 18:13:52.480 13568 13568 W BugsnagNDK: Initialization complete!
02-19 18:13:52.485 13568 13616 D nativeloader: Load /data/app/~~NUQj-rdXzuicW-16SIRtKA==/viva.republica.toss.test-Si406wFvb_sqEA2GTBV6RQ==/lib/x86_64/libbugsnag-plugin-android-anr.so using class loader ns clns-9 (caller=<unknown>): ok
02-19 18:13:52.495   752   934 D ConnectivityService: requestNetwork for uid/pid:10217/13568 activeRequest: null callbackRequest: 583 [NetworkRequest [ REQUEST id=584, [ Capabilities: INTERNET&NOT_RESTRICTED&TRUSTED&NOT_VCN_MANAGED&NOT_BANDWIDTH_CONSTRAINED Uid: 10217 RequestorUid: 10217 RequestorPkg: viva.republica.toss.test UnderlyingNetworks: Null] ]] callback flags: 0 order: 2147483647 isUidTracked: false declaredMethods: AVAIL|UNAVAIL
02-19 18:13:52.495 13568 13568 W System.err: SLF4J: No SLF4J providers were found.
02-19 18:13:52.495 13568 13568 W System.err: SLF4J: Defaulting to no-operation (NOP) logger implementation
02-19 18:13:52.495 13568 13568 W System.err: SLF4J: See https://www.slf4j.org/codes.html#noProviders for further details.
02-19 18:13:52.498   752  1023 D OemPaidWifiNetworkFactory: got request NetworkRequest [ REQUEST id=584, [ Capabilities: INTERNET&NOT_RESTRICTED&TRUSTED&NOT_VCN_MANAGED&NOT_BANDWIDTH_CONSTRAINED Uid: 10217 RequestorUid: 10217 RequestorPkg: viva.republica.toss.test UnderlyingNetworks: Null] ]
02-19 18:13:52.499   752  1029 D ConnectivityService: NetReassign [584 : null → 108] [c 0] [a 1] [i 2]
02-19 18:13:52.499   752  1023 D MultiInternetWifiNetworkFactory: got request NetworkRequest [ REQUEST id=584, [ Capabilities: INTERNET&NOT_RESTRICTED&TRUSTED&NOT_VCN_MANAGED&NOT_BANDWIDTH_CONSTRAINED Uid: 10217 RequestorUid: 10217 RequestorPkg: viva.republica.toss.test UnderlyingNetworks: Null] ]
02-19 18:13:52.499   752  1023 D WifiNetworkFactory: got request NetworkRequest [ REQUEST id=584, [ Capabilities: INTERNET&NOT_RESTRICTED&TRUSTED&NOT_VCN_MANAGED&NOT_BANDWIDTH_CONSTRAINED Uid: 10217 RequestorUid: 10217 RequestorPkg: viva.republica.toss.test UnderlyingNetworks: Null] ]
02-19 18:13:52.499   752  1023 D UntrustedWifiNetworkFactory: got request NetworkRequest [ REQUEST id=584, [ Capabilities: INTERNET&NOT_RESTRICTED&TRUSTED&NOT_VCN_MANAGED&NOT_BANDWIDTH_CONSTRAINED Uid: 10217 RequestorUid: 10217 RequestorPkg: viva.republica.toss.test UnderlyingNetworks: Null] ]
02-19 18:13:52.505  4656 15175 E adservices.measurement: AttributionFallbackJobService is disabled, skip scheduling
02-19 18:13:52.510  4656 13514 W adservices: Skip logging because Cobalt logger is null
02-19 18:13:52.510  4656 13513 W adservices: Skip logging because Cobalt is disabled.
02-19 18:13:52.527   752  1454 W OptProp : Cannot read opt property android.window.PROPERTY_COMPAT_ENABLE_FAKE_FOCUS
02-19 18:13:52.537   752  1095 D BackgroundInstallControlService: Package event received: 0
02-19 18:13:52.537   752  1095 D BackgroundInstallControlService: Package event received: 0
02-19 18:13:52.541 13568 13568 I Choreographer: Skipped 38 frames!  The application may be doing too much work on its main thread.
02-19 18:13:52.545 13568 13635 I CameraManagerGlobal: Connecting to camera service
02-19 18:13:52.551 13568 13568 I blica.toss.test: AssetManager2(0x7d8fac42f578) locale list changing from [] to [en-US]
02-19 18:13:52.560  4656 15175 E adservices: Encryption key fetch job is disabled, skip scheduling.
02-19 18:13:52.577   615   615 I AttributionAndPermissionUtils: checkPermission (forDataDelivery 0 startDataDelivery 0): Permission hard denied for client attribution [uid 10217, pid 13568, packageName "<unknown>"]
02-19 18:13:52.625 13568 13637 I EGL_emulation: Opening libGLESv1_CM_emulation.so
02-19 18:13:52.626 13568 13637 I EGL_emulation: Opening libGLESv2_emulation.so
02-19 18:13:52.639 13568 13637 W HWUI    : Failed to choose config with EGL_SWAP_BEHAVIOR_PRESERVED, retrying without...
02-19 18:13:52.640 13568 13637 W HWUI    : Failed to initialize 101010-2 format, error = EGL_SUCCESS
02-19 18:13:52.665 13568 13568 I blica.toss.test: AssetManager2(0x7d8fac430e78) locale list changing from [] to [en-US]
02-19 18:13:52.720 13568 13568 I blica.toss.test: AssetManager2(0x7d8fac42f258) locale list changing from [] to [en-US]
02-19 18:13:52.727 13568 13568 D CompatChangeReporter: Compat change id reported: 309578419; UID 10217; state: ENABLED
02-19 18:13:52.748 13568 13568 D CompatChangeReporter: Compat change id reported: 352594277; UID 10217; state: ENABLED
02-19 18:13:52.765 13568 13568 D CompatChangeReporter: Compat change id reported: 349153669; UID 10217; state: ENABLED
02-19 18:13:52.771 13568 13568 W HWUI    : Unknown dataspace 0
02-19 18:13:52.803   752  1454 D CoreBackPreview: Window{973d29c u0 viva.republica.toss.test/viva.republica.toss.test.MiniAppSchemeActivity}: Setting back callback OnBackInvokedCallbackInfo{mCallback=android.window.IOnBackInvokedCallback$Stub$Proxy@fc7507a, mPriority=0, mIsAnimationCallback=false, mOverrideBehavior=0}
02-19 18:13:52.841   752   797 V WindowManager: Unknown focus tokens, dropping reportFocusChanged
02-19 18:13:52.911  4449   613 V WindowManagerShell: onTransitionReady(transaction=3229815425348)
02-19 18:13:52.911  4449  4467 V WindowManagerShell: onTransitionReady (#624) android.os.BinderProxy@584b790: {id=624 t=OPEN f=0x0 trk=0 r=[0@Point(0, 0)] c=[
02-19 18:13:52.911  4449  4467 V WindowManagerShell:         {m=OPEN f=TRANSLUCENT leash=Surface(name=Task=64)/@0x5f7b0af sb=Rect(0, 0 - 1080, 2400) eb=Rect(0, 0 - 1080, 2400) epz=Point(1080, 2400) d=0 taskParent=-1}
02-19 18:13:52.911  4449  4467 V WindowManagerShell:     ]}
02-19 18:13:52.912  4449  4467 V WindowManagerShell: Transition (#624) android.os.BinderProxy@584b790@0 ready while (#622) android.os.BinderProxy@b0cb1a9@0 is still animating. Notify the animating transition in case they can be merged
02-19 18:13:52.914  4449  4467 V ShellRecents: [71258926] RecentsController.merge
02-19 18:13:52.918  4449  4467 V ShellRecents:   opening new leaf taskId=64 wasClosing=false
02-19 18:13:52.919  4449  4467 V ShellRecents: [71258926] RecentsController.merge: empty pausing tasks
02-19 18:13:52.919  4449  4467 V ShellRecents: [71258926] RecentsController.merge: consuming merge
02-19 18:13:52.921  4449  4467 V WindowManagerShell: Transition was merged: (#624) android.os.BinderProxy@584b790@0 into (#622) android.os.BinderProxy@b0cb1a9@0
02-19 18:13:52.921  4449  4467 V ShellRecents: [71258926] RecentsController.merge: calling onTasksAppeared
02-19 18:13:52.923   752   794 I ActivityTaskManager: Displayed viva.republica.toss.test/.MiniAppSchemeActivity for user 0: +1s169ms
02-19 18:13:52.924   752   794 V WindowManager: Sent Transition (#624) createdAt=02-19 18:13:51.738 via request=TransitionRequestInfo { type = OPEN, triggerTask = TaskInfo{userId=0 taskId=64 effectiveUid=10217 displayId=0 isRunning=true baseIntent=Intent { act=android.intent.action.VIEW dat=intoss://takealook/... flg=0x10000000 pkg=viva.republica.toss.test cmp=viva.republica.toss.test/.MiniAppSchemeActivity } baseActivity=ComponentInfo{viva.republica.toss.test/viva.republica.toss.test.MiniAppSchemeActivity} topActivity=ComponentInfo{viva.republica.toss.test/viva.republica.toss.test.MiniAppSchemeActivity} origActivity=null realActivity=ComponentInfo{viva.republica.toss.test/viva.republica.toss.test.MiniAppSchemeActivity} numActivities=1 lastActiveTime=103905594 supportsMultiWindow=true resizeMode=1 isResizeable=true minWidth=-1 minHeight=-1 defaultMinSize=220 token=WCT{RemoteToken{269fa46 Task{2a3a34e #64 type=standard A=10217:viva.republica.toss.test}}} topActivityType=1 pictureInPictureParams=null shouldDockBigOverlays=false launchIntoPipHostTaskId=-1 lastParentTaskIdBeforePip=-1 displayCutoutSafeInsets=Rect(0, 0 - 0, 0) topActivityInfo=ActivityInfo{9851407 viva.republica.toss.test.MiniAppSchemeActivity} launchCookies=[] positionInParent=Point(0, 0) parentTaskId=-1 isFocused=false isVisible=false isVisibleRequested=false isTopActivityNoDisplay=false isSleeping=false locusId=null displayAreaFeatureId=1 isTopActivityTransparent=true isActivityStackTransparent=true lastNonFullscreenBounds=Rect(284, 660 - 796, 1740) capturedLink=null capturedLinkTimestamp=0 requestedVisibleTypes=-9 topActivityRequestOpenInBrowserEducationTimestamp=0 appCompatTaskInfo=AppCompatTaskInfo { topActivityInSizeCompat=false eligibleForLetterboxEducation= false isLetterboxEducationEnabled= true isLetterboxDoubleTapEnabled= false eligibleForUserAspectRatioButton= false topActivityBoundsLetterboxed= false isFromLetterboxDoubleTap= false topActivityLetterboxVerticalPosition= -1 topActivityLetterboxHorizontalPosition= -1 topActivityLetterboxWidth=-1 topActivityLetterboxHeight=-1 topActivityAppBounds=Rect(0, 0 - 1080, 2400) isUserFullscreenOverrideEnabled=false isSystemFullscreenOverrideEnabled=false hasMinAspectRatioOverride=false topActivityLetterboxBounds=null cameraCompatTaskInfo=CameraCompatTaskInfo { freeformCameraCompatMode=inactive}} topActivityMainWindowFrame=null}, pipChange = null, remoteTransition = null, displayChange = null, flags = 0, debugId = 624 }
02-19 18:13:52.924   752   794 V WindowManager:     startWCT=WindowContainerTransaction { changes= {} hops= [] errorCallbackToken=null taskFragmentOrganizer=null }
02-19 18:13:52.924   752   794 V WindowManager:     info={id=624 t=OPEN f=0x0 trk=0 r=[0@Point(0, 0)] c=[
02-19 18:13:52.924   752   794 V WindowManager:         {WCT{RemoteToken{269fa46 Task{2a3a34e #64 type=standard A=10217:viva.republica.toss.test}}} m=OPEN f=TRANSLUCENT leash=Surface(name=Task=64)/@0xabea02b sb=Rect(0, 0 - 1080, 2400) eb=Rect(0, 0 - 1080, 2400) epz=Point(1080, 2400) d=0 taskParent=-1}
02-19 18:13:52.924   752   794 V WindowManager:     ]}
02-19 18:13:52.932   752   797 W IPCThreadState: Sending oneway calls to frozen process.
02-19 18:13:52.935   752   797 W IPCThreadState: Sending oneway calls to frozen process.
02-19 18:13:52.935   752   797 W IPCThreadState: Sending oneway calls to frozen process.
02-19 18:13:52.936   752   797 W IPCThreadState: Sending oneway calls to frozen process.
02-19 18:13:52.936   752   797 W IPCThreadState: Sending oneway calls to frozen process.
02-19 18:13:52.936   752   797 W IPCThreadState: Sending oneway calls to frozen process.
02-19 18:13:52.936   752   797 W IPCThreadState: Sending oneway calls to frozen process.
02-19 18:13:53.059   531   531 W SurfaceFlinger: Resetting transform for Snapshot{TraversalPath{.id = 5332}Surface(name=Task=64)/@0x5f7b0af_transition-leash#5332 isVisible=0 {invalidTransform} changes=Hierarchy | Geometry | Z | Visibility | AffectsChildren | FrameRate | VisibleRegion layerStack=0 geomLayerBounds={-10800,-24000,24000,10800} geomLayerTransform={tx=540,ty=1200}} because it is invalid. transform={0.000000,0.000000,0.000000,0.000000}  requestedTransform={0.000000,0.000000,0.000000,0.000000}
02-19 18:13:53.106   752   989 I ImeTracker: viva.republica.toss.test:db98abf0: onRequestHide at ORIGIN_SERVER reason HIDE_UNSPECIFIED_WINDOW fromUser false
02-19 18:13:53.108 13568 13568 D InsetsController: hide(ime(), fromIme=false)
02-19 18:13:53.110 13568 13568 I ImeTracker: viva.republica.toss.test:db98abf0: onCancelled at PHASE_CLIENT_ALREADY_HIDDEN
02-19 18:13:53.117  1563  1563 I GoogleInputMethodService: GoogleInputMethodService.onFinishInput():2043 
02-19 18:13:53.119  1563  1563 I Module  : DeviceLockedStatusModuleProvider$Module.updateDeviceLockedStatus():100 repeatCheckTimes = 0, locked = false
02-19 18:13:53.120  1563  1563 I GoogleInputMethodService: GoogleInputMethodService.onStartInput():1293 onStartInput(EditorInfo{EditorInfo{packageName=viva.republica.toss.test, inputType=0, inputTypeString=NULL, enableLearning=false, autoCorrection=false, autoComplete=false, imeOptions=0, privateImeOptions=null, actionName=UNSPECIFIED, actionLabel=null, initialSelStart=-1, initialSelEnd=-1, initialCapsMode=0, label=null, fieldId=0, fieldName=null, extras=null, hintText=null, hintLocales=[]}}, false)
02-19 18:13:53.128   752   934 I ImeTracker: system_server:cb281e60: onRequestHide at ORIGIN_SERVER reason IME_REQUESTED_CHANGED_LISTENER fromUser false
02-19 18:13:53.129  1563  1563 I Module  : DeviceLockedStatusModuleProvider$Module.updateDeviceLockedStatus():100 repeatCheckTimes = 1, locked = false
02-19 18:13:53.130  1563  1563 I EmojiCompatManager: EmojiCompatManager.getEmojiCompatIfLoaded():343 EmojiCompat.init() was never called.
02-19 18:13:53.130  1563  1563 I EmojiCompatManager: java.lang.IllegalStateException: EmojiCompat is not initialized. Please call EmojiCompat.init() first
02-19 18:13:53.130  1563  1563 I EmojiCompatManager: 	at asx.p(PG:6)
02-19 18:13:53.130  1563  1563 I EmojiCompatManager: 	at axb.b(PG:13)
02-19 18:13:53.130  1563  1563 I EmojiCompatManager: 	at jnr.b(PG:2)
02-19 18:13:53.130  1563  1563 I EmojiCompatManager: 	at jnr.c(PG:4)
02-19 18:13:53.130  1563  1563 I EmojiCompatManager: 	at jnr.f(PG:3)
02-19 18:13:53.130  1563  1563 I EmojiCompatManager: 	at jnx.c(PG:3)
02-19 18:13:53.130  1563  1563 I EmojiCompatManager: 	at kif.cz(PG:47)
02-19 18:13:53.130  1563  1563 I EmojiCompatManager: 	at lhl.run(PG:1025)
02-19 18:13:53.130  1563  1563 I EmojiCompatManager: 	at jaf.execute(PG:12)
02-19 18:13:53.130  1563  1563 I EmojiCompatManager: 	at nco.v(PG:13)
02-19 18:13:53.130  1563  1563 I EmojiCompatManager: 	at lhn.m(PG:96)
02-19 18:13:53.130  1563  1563 I EmojiCompatManager: 	at lhn.k(PG:25)
02-19 18:13:53.130  1563  1563 I EmojiCompatManager: 	at kgn.onStartInput(PG:250)
02-19 18:13:53.130  1563  1563 I EmojiCompatManager: 	at android.inputmethodservice.InputMethodService.doStartInput(InputMethodService.java:3521)
02-19 18:13:53.130  1563  1563 I EmojiCompatManager: 	at android.inputmethodservice.InputMethodService$InputMethodImpl.startInput(InputMethodService.java:879)
02-19 18:13:53.130  1563  1563 I EmojiCompatManager: 	at android.inputmethodservice.InputMethodService$InputMethodImpl.dispatchStartInput(InputMethodService.java:908)
02-19 18:13:53.130  1563  1563 I EmojiCompatManager: 	at android.inputmethodservice.IInputMethodWrapper.executeMessage(IInputMethodWrapper.java:201)
02-19 18:13:53.130  1563  1563 I EmojiCompatManager: 	at com.android.internal.os.HandlerCaller$MyHandler.handleMessage(HandlerCaller.java:44)
02-19 18:13:53.130  1563  1563 I EmojiCompatManager: 	at android.os.Handler.dispatchMessage(Handler.java:110)
02-19 18:13:53.130  1563  1563 I EmojiCompatManager: 	at android.os.Looper.loopOnce(Looper.java:248)
02-19 18:13:53.130  1563  1563 I EmojiCompatManager: 	at android.os.Looper.loop(Looper.java:338)
02-19 18:13:53.130  1563  1563 I EmojiCompatManager: 	at android.app.ActivityThread.main(ActivityThread.java:9067)
02-19 18:13:53.130  1563  1563 I EmojiCompatManager: 	at java.lang.reflect.Method.invoke(Native Method)
