02-19 12:14:15.431 28285 28412 D nativeloader: Load /data/app/~~NUQj-rdXzuicW-16SIRtKA==/viva.republica.toss.test-Si406wFvb_sqEA2GTBV6RQ==/lib/x86_64/libjsinspector.so using class loader ns clns-9 (caller=<unknown>): ok
02-19 12:14:15.434 28285 28412 D nativeloader: Load /data/app/~~NUQj-rdXzuicW-16SIRtKA==/viva.republica.toss.test-Si406wFvb_sqEA2GTBV6RQ==/lib/x86_64/libreactnativejni.so using class loader ns clns-9 (caller=<unknown>): ok
02-19 12:14:15.438 28285 28412 D nativeloader: Load /data/app/~~NUQj-rdXzuicW-16SIRtKA==/viva.republica.toss.test-Si406wFvb_sqEA2GTBV6RQ==/lib/x86_64/libhermes_executor.so using class loader ns clns-9 (caller=<unknown>): ok
02-19 12:14:15.471 28285 28412 D ApplicationLoaders: Returning zygote-cached class loader: /system/framework/org.apache.http.legacy.jar
02-19 12:14:15.472 28285 28412 D ApplicationLoaders: Returning zygote-cached class loader: /system/framework/com.android.location.provider.jar
02-19 12:14:15.472 28285 28412 D ApplicationLoaders: Returning zygote-cached class loader: /system/framework/com.android.media.remotedisplay.jar
02-19 12:14:15.472 28285 28412 D ApplicationLoaders: Returning zygote-cached class loader: /system_ext/framework/androidx.window.extensions.jar
02-19 12:14:15.472 28285 28412 D ApplicationLoaders: Returning zygote-cached class loader: /system_ext/framework/androidx.window.sidecar.jar
02-19 12:14:15.654 28285 28412 D nativeloader: Configuring clns-13 for other apk /data/app/~~O-UZzK0jUU9NLgS3MODOZA==/com.google.android.gms-YQ2L6GsYyKuvu9MvIBK1EQ==/base.apk. target_sdk_version=36, uses_libraries=, library_path=/data/app/~~O-UZzK0jUU9NLgS3MODOZA==/com.google.android.gms-YQ2L6GsYyKuvu9MvIBK1EQ==/lib/x86_64:/data/app/~~O-UZzK0jUU9NLgS3MODOZA==/com.google.android.gms-YQ2L6GsYyKuvu9MvIBK1EQ==/base.apk!/lib/x86_64, permitted_path=/data:/mnt/expand:/data/user/0/com.google.android.gms
02-19 12:14:15.689 28285 28412 I blica.toss.test: AssetManager2(0x7d8fac43b738) locale list changing from [] to [en-US]
02-19 12:14:15.710 28285 28412 W System  : ClassLoader referenced unknown path: 
02-19 12:14:15.710 28285 28412 D nativeloader: Configuring clns-14 for other apk . target_sdk_version=36, uses_libraries=, library_path=/data/app/~~O-UZzK0jUU9NLgS3MODOZA==/com.google.android.gms-YQ2L6GsYyKuvu9MvIBK1EQ==/lib/x86_64:/data/app/~~O-UZzK0jUU9NLgS3MODOZA==/com.google.android.gms-YQ2L6GsYyKuvu9MvIBK1EQ==/base.apk!/lib/x86_64, permitted_path=/data:/mnt/expand:/data/user/0/com.google.android.gms
02-19 12:14:15.712 28285 28412 W DynamiteModule: Failed to load module via V2: java.lang.NoSuchFieldException: No field sClassLoader in class Lcom/google/android/gms/dynamite/DynamiteModule$DynamiteLoaderClassLoader; (declaration of 'com.google.android.gms.dynamite.DynamiteModule$DynamiteLoaderClassLoader' appears in /data/app/~~NUQj-rdXzuicW-16SIRtKA==/viva.republica.toss.test-Si406wFvb_sqEA2GTBV6RQ==/base.apk!classes2.dex)
02-19 12:14:15.715 28285 28412 I DynamiteModule: Considering local module com.google.android.gms.ads.dynamite:0 and remote module com.google.android.gms.ads.dynamite:254380203
02-19 12:14:15.716 28285 28412 I DynamiteModule: Selected remote version of com.google.android.gms.ads.dynamite, version >= 254380203
02-19 12:14:15.723 28285 28412 D CompatChangeReporter: Compat change id reported: 312399441; UID 10217; state: ENABLED
02-19 12:14:15.723 28418 28418 W dumpsys : Thread Pool max thread count is 0. Cannot cache binder as linkToDeath cannot be implemented. serviceName: window
02-19 12:14:15.727   752  1233 I system_server: AssetManager2(0x7d8fac43c098) locale list changing from [] to [en-US]
02-19 12:14:15.730   752  1233 I system_server: AssetManager2(0x7d8fac505fd8) locale list changing from [] to [en-US]
02-19 12:14:15.731   752  1233 I system_server: AssetManager2(0x7d8fac49de38) locale list changing from [] to [en-US]
02-19 12:14:15.733   752  1233 I system_server: AssetManager2(0x7d8fac4bfdf8) locale list changing from [] to [en-US]
02-19 12:14:15.735   752  1233 I system_server: AssetManager2(0x7d8fac47c7d8) locale list changing from [] to [en-US]
02-19 12:14:15.738   752  1233 I system_server: AssetManager2(0x7d8fac507298) locale list changing from [] to [en-US]
02-19 12:14:15.751 28285 28412 I blica.toss.test: AssetManager2(0x7d8fac43c9f8) locale list changing from [] to [en-US]
02-19 12:14:15.752 28285 28412 I blica.toss.test: AssetManager2(0x7d8fac440eb8) locale list changing from [] to [en-US]
02-19 12:14:15.755 28285 28412 D DynamitePackage: Instantiated singleton DynamitePackage.
02-19 12:14:15.756 28285 28412 D DynamitePackage: Instantiating com.google.android.gms.ads.ChimeraMobileAdsSettingManagerCreatorImpl
02-19 12:14:15.829   752  1233 D ConnectivityService: requestNetwork for uid/pid:10217/28285 activeRequest: null callbackRequest: 409 [NetworkRequest [ REQUEST id=410, [ Capabilities: INTERNET&NOT_RESTRICTED&TRUSTED&NOT_VCN_MANAGED&NOT_BANDWIDTH_CONSTRAINED Uid: 10217 RequestorUid: 10217 RequestorPkg: viva.republica.toss.test UnderlyingNetworks: Null] ]] callback flags: 0 order: 2147483647 isUidTracked: false declaredMethods: AVAIL|LOST
02-19 12:14:15.834   752  1023 D OemPaidWifiNetworkFactory: got request NetworkRequest [ REQUEST id=410, [ Capabilities: INTERNET&NOT_RESTRICTED&TRUSTED&NOT_VCN_MANAGED&NOT_BANDWIDTH_CONSTRAINED Uid: 10217 RequestorUid: 10217 RequestorPkg: viva.republica.toss.test UnderlyingNetworks: Null] ]
02-19 12:14:15.835   752  1023 D MultiInternetWifiNetworkFactory: got request NetworkRequest [ REQUEST id=410, [ Capabilities: INTERNET&NOT_RESTRICTED&TRUSTED&NOT_VCN_MANAGED&NOT_BANDWIDTH_CONSTRAINED Uid: 10217 RequestorUid: 10217 RequestorPkg: viva.republica.toss.test UnderlyingNetworks: Null] ]
02-19 12:14:15.835   752  1023 D WifiNetworkFactory: got request NetworkRequest [ REQUEST id=410, [ Capabilities: INTERNET&NOT_RESTRICTED&TRUSTED&NOT_VCN_MANAGED&NOT_BANDWIDTH_CONSTRAINED Uid: 10217 RequestorUid: 10217 RequestorPkg: viva.republica.toss.test UnderlyingNetworks: Null] ]
02-19 12:14:15.836   752  1023 D UntrustedWifiNetworkFactory: got request NetworkRequest [ REQUEST id=410, [ Capabilities: INTERNET&NOT_RESTRICTED&TRUSTED&NOT_VCN_MANAGED&NOT_BANDWIDTH_CONSTRAINED Uid: 10217 RequestorUid: 10217 RequestorPkg: viva.republica.toss.test UnderlyingNetworks: Null] ]
02-19 12:14:15.836   752  1029 D ConnectivityService: NetReassign [410 : null → 107] [c 0] [a 2] [i 3]
02-19 12:14:15.926 28285 28412 D DynamitePackage: Instantiating com.google.android.gms.ads.ChimeraAdPreloaderCreatorImpl
02-19 12:14:15.952   752  1095 D BackgroundInstallControlService: Package event received: 0
02-19 12:14:15.953 14715 14715 D BoundBrokerSvc: onBind: Intent { act=com.google.android.gms.appset.service.START dat=chimera-action:/... xflg=0x4 cmp=com.google.android.gms/.chimera.GmsApiService }
02-19 12:14:15.953 14715 14715 D BoundBrokerSvc: Loading bound service for intent: Intent { act=com.google.android.gms.appset.service.START dat=chimera-action:/... xflg=0x4 cmp=com.google.android.gms/.chimera.GmsApiService }
02-19 12:14:15.958   752  1095 D BackgroundInstallControlService: Package event received: 0
02-19 12:14:15.958   752  1095 D BackgroundInstallControlService: Package event received: 0
02-19 12:14:15.968 28285 28412 W unknown:ReactContext: initializeMessageQueueThreads() is called.
02-19 12:14:15.986 14001 14037 I Finsky  : [55] Current account updated in PVS
02-19 12:14:15.987 14001 14039 I Finsky  : [57] Current account updated in PVS
02-19 12:14:15.988 14001 14038 I Finsky  : [56] Current account updated in PVS
02-19 12:14:15.989 28285 28437 W unknown:ViewManagerPropertyUpdater: Could not find generated setter for class com.facebook.react.views.traceupdateoverlay.TraceUpdateOverlayManager
02-19 12:14:15.995 28285 28437 W unknown:ViewManagerPropertyUpdater: Could not find generated setter for class com.facebook.react.uimanager.LayoutShadowNode
02-19 12:14:15.997 28285 28437 W unknown:ViewManagerPropertyUpdater: Could not find generated setter for class com.facebook.react.views.drawer.ReactDrawerLayoutManager
02-19 12:14:16.001 28285 28437 W unknown:ViewManagerPropertyUpdater: Could not find generated setter for class com.facebook.react.views.scroll.ReactHorizontalScrollViewManager
02-19 12:14:16.005 28285 28437 W unknown:ViewManagerPropertyUpdater: Could not find generated setter for class com.facebook.react.views.scroll.ReactHorizontalScrollContainerViewManager
02-19 12:14:16.007   752  1233 D ConnectivityService: requestNetwork for uid/pid:10217/28285 activeRequest: null callbackRequest: 411 [NetworkRequest [ REQUEST id=412, [ Capabilities: INTERNET&NOT_RESTRICTED&TRUSTED&NOT_VCN_MANAGED&NOT_BANDWIDTH_CONSTRAINED Uid: 10217 RequestorUid: 10217 RequestorPkg: viva.republica.toss.test UnderlyingNetworks: Null] ]] callback flags: 0 order: 2147483647 isUidTracked: false declaredMethods: AVAIL|LOST|NC|LP
02-19 12:14:16.007 28285 28437 W unknown:ViewManagerPropertyUpdater: Could not find generated setter for class com.facebook.react.views.progressbar.ReactProgressBarViewManager
02-19 12:14:16.009 28285 28437 W unknown:ViewManagerPropertyUpdater: Could not find generated setter for class com.facebook.react.views.progressbar.ProgressBarShadowNode
02-19 12:14:16.011 28285 28437 W unknown:ViewManagerPropertyUpdater: Could not find generated setter for class com.facebook.react.views.scroll.ReactScrollViewManager
02-19 12:14:16.013   752  1023 D OemPaidWifiNetworkFactory: got request NetworkRequest [ REQUEST id=412, [ Capabilities: INTERNET&NOT_RESTRICTED&TRUSTED&NOT_VCN_MANAGED&NOT_BANDWIDTH_CONSTRAINED Uid: 10217 RequestorUid: 10217 RequestorPkg: viva.republica.toss.test UnderlyingNetworks: Null] ]
02-19 12:14:16.013   752  1023 D MultiInternetWifiNetworkFactory: got request NetworkRequest [ REQUEST id=412, [ Capabilities: INTERNET&NOT_RESTRICTED&TRUSTED&NOT_VCN_MANAGED&NOT_BANDWIDTH_CONSTRAINED Uid: 10217 RequestorUid: 10217 RequestorPkg: viva.republica.toss.test UnderlyingNetworks: Null] ]
02-19 12:14:16.013   752  1023 D WifiNetworkFactory: got request NetworkRequest [ REQUEST id=412, [ Capabilities: INTERNET&NOT_RESTRICTED&TRUSTED&NOT_VCN_MANAGED&NOT_BANDWIDTH_CONSTRAINED Uid: 10217 RequestorUid: 10217 RequestorPkg: viva.republica.toss.test UnderlyingNetworks: Null] ]
02-19 12:14:16.013   752  1029 D ConnectivityService: NetReassign [412 : null → 107] [c 0] [a 2] [i 2]
02-19 12:14:16.013   752  1023 D UntrustedWifiNetworkFactory: got request NetworkRequest [ REQUEST id=412, [ Capabilities: INTERNET&NOT_RESTRICTED&TRUSTED&NOT_VCN_MANAGED&NOT_BANDWIDTH_CONSTRAINED Uid: 10217 RequestorUid: 10217 RequestorPkg: viva.republica.toss.test UnderlyingNetworks: Null] ]
02-19 12:14:16.013 28285 28437 W unknown:ViewManagerPropertyUpdater: Could not find generated setter for class com.facebook.react.views.switchview.ReactSwitchManager
02-19 12:14:16.015 28285 28437 W unknown:ViewManagerPropertyUpdater: Could not find generated setter for class com.facebook.react.views.switchview.ReactSwitchManager$ReactSwitchShadowNode
02-19 12:14:16.016 28285 28437 W unknown:ViewManagerPropertyUpdater: Could not find generated setter for class com.facebook.react.views.swiperefresh.SwipeRefreshLayoutManager
02-19 12:14:16.018 28285 28437 W unknown:ViewManagerPropertyUpdater: Could not find generated setter for class com.facebook.react.views.text.frescosupport.FrescoBasedReactTextInlineImageViewManager
02-19 12:14:16.019 28285 28437 W unknown:ViewManagerPropertyUpdater: Could not find generated setter for class com.facebook.react.views.text.frescosupport.FrescoBasedReactTextInlineImageShadowNode
02-19 12:14:16.020 28285 28437 W unknown:ViewManagerPropertyUpdater: Could not find generated setter for class com.facebook.react.views.image.ReactImageManager
02-19 12:14:16.023 28285 28437 W unknown:ViewManagerPropertyUpdater: Could not find generated setter for class com.facebook.react.views.modal.ReactModalHostManager
02-19 12:14:16.023   752  1029 D ConnectivityService: NetReassign [no changes] [c 2] [a 1] [i 2]
02-19 12:14:16.024 28285 28437 W unknown:ViewManagerPropertyUpdater: Could not find generated setter for class com.facebook.react.views.modal.ModalHostShadowNode
02-19 12:14:16.026 28285 28437 W unknown:ViewManagerPropertyUpdater: Could not find generated setter for class com.facebook.react.views.text.ReactRawTextManager
02-19 12:14:16.027 28285 28437 W unknown:ViewManagerPropertyUpdater: Could not find generated setter for class com.facebook.react.views.text.ReactRawTextShadowNode
02-19 12:14:16.028 28285 28437 W unknown:ViewManagerPropertyUpdater: Could not find generated setter for class com.facebook.react.views.textinput.ReactTextInputManager
02-19 12:14:16.031 28285 28437 W unknown:ViewManagerPropertyUpdater: Could not find generated setter for class com.facebook.react.views.textinput.ReactTextInputShadowNode
02-19 12:14:16.032   752  1856 E TaskPersister: File error accessing recents directory (directory doesn't exist?).
02-19 12:14:16.033 28285 28437 W unknown:ViewManagerPropertyUpdater: Could not find generated setter for class com.facebook.react.views.text.ReactTextViewManager
02-19 12:14:16.034 28285 28437 W unknown:ViewManagerPropertyUpdater: Could not find generated setter for class com.facebook.react.views.text.ReactTextShadowNode
02-19 12:14:16.034 28285 28437 W unknown:ViewManagerPropertyUpdater: Could not find generated setter for class com.facebook.react.views.view.ReactViewManager
02-19 12:14:16.036 28285 28437 W unknown:ViewManagerPropertyUpdater: Could not find generated setter for class com.facebook.react.views.text.ReactVirtualTextViewManager
02-19 12:14:16.037 28285 28437 W unknown:ViewManagerPropertyUpdater: Could not find generated setter for class com.facebook.react.views.text.ReactVirtualTextShadowNode
02-19 12:14:16.037 28285 28437 W unknown:ViewManagerPropertyUpdater: Could not find generated setter for class com.facebook.react.views.unimplementedview.ReactUnimplementedViewManager
02-19 12:14:16.038 28285 28437 W unknown:ViewManagerPropertyUpdater: Could not find generated setter for class com.shopify.reactnative.flash_list.AutoLayoutViewManager
02-19 12:14:16.040 28285 28437 W unknown:ViewManagerPropertyUpdater: Could not find generated setter for class com.shopify.reactnative.flash_list.CellContainerManager
02-19 12:14:16.041 28285 28437 W unknown:ViewManagerPropertyUpdater: Could not find generated setter for class com.airbnb.android.react.lottie.LottieAnimationViewManager
02-19 12:14:16.043 28285 28437 W unknown:ViewManagerPropertyUpdater: Could not find generated setter for class com.swmansion.gesturehandler.react.RNGestureHandlerRootViewManager
02-19 12:14:16.044 28285 28437 W unknown:ViewManagerPropertyUpdater: Could not find generated setter for class com.swmansion.gesturehandler.react.RNGestureHandlerButtonViewManager
02-19 12:14:16.045 28285 28437 W unknown:ViewManagerPropertyUpdater: Could not find generated setter for class io.invertase.googlemobileads.ReactNativeGoogleMobileAdsBannerAdViewManager
02-19 12:14:16.046 28285 28437 W unknown:ViewManagerPropertyUpdater: Could not find generated setter for class com.reactnativepagerview.PagerViewViewManager
02-19 12:14:16.048 28285 28437 W unknown:ViewManagerPropertyUpdater: Could not find generated setter for class com.th3rdwave.safeareacontext.SafeAreaProviderManager
02-19 12:14:16.049 28285 28437 W unknown:ViewManagerPropertyUpdater: Could not find generated setter for class com.th3rdwave.safeareacontext.SafeAreaViewManager
02-19 12:14:16.050 28285 28437 W unknown:ViewManagerPropertyUpdater: Could not find generated setter for class o.eglCreatePlatformPixmapSurface
02-19 12:14:16.051 28285 28437 W unknown:ViewManagerPropertyUpdater: Could not find generated setter for class com.swmansion.rnscreens.ScreenContainerViewManager
02-19 12:14:16.052 28285 28437 W unknown:ViewManagerPropertyUpdater: Could not find generated setter for class com.swmansion.rnscreens.ScreenViewManager
02-19 12:14:16.054 28285 28437 W unknown:ViewManagerPropertyUpdater: Could not find generated setter for class com.swmansion.rnscreens.ScreenStackViewManager
02-19 12:14:16.056 28285 28437 W unknown:ViewManagerPropertyUpdater: Could not find generated setter for class com.swmansion.rnscreens.ScreenStackHeaderConfigViewManager
02-19 12:14:16.058 28285 28437 W unknown:ViewManagerPropertyUpdater: Could not find generated setter for class com.swmansion.rnscreens.ScreenStackHeaderSubviewManager
02-19 12:14:16.060 28285 28437 W unknown:ViewManagerPropertyUpdater: Could not find generated setter for class com.swmansion.rnscreens.SearchBarManager
02-19 12:14:16.061 28285 28437 W unknown:ViewManagerPropertyUpdater: Could not find generated setter for class com.horcrux.svg.RenderableViewManager$DefsViewManager
02-19 12:14:16.063 28285 28437 W unknown:ViewManagerPropertyUpdater: Could not find generated setter for class com.horcrux.svg.VirtualViewManager$RemoteActionCompatParcelizer
02-19 12:14:16.064 28285 28437 W unknown:ViewManagerPropertyUpdater: Could not find generated setter for class com.horcrux.svg.RenderableViewManager$MarkerManager
02-19 12:14:16.069 28285 28437 W unknown:ViewManagerPropertyUpdater: Could not find generated setter for class com.horcrux.svg.RenderableViewManager$ForeignObjectManager
02-19 12:14:16.071 28285 28437 W unknown:ViewManagerPropertyUpdater: Could not find generated setter for class com.horcrux.svg.RenderableViewManager$EllipseViewManager
02-19 12:14:16.073 28285 28437 W unknown:ViewManagerPropertyUpdater: Could not find generated setter for class com.horcrux.svg.RenderableViewManager$LineViewManager
02-19 12:14:16.076 28285 28437 W unknown:ViewManagerPropertyUpdater: Could not find generated setter for class com.horcrux.svg.RenderableViewManager$LinearGradientManager
02-19 12:14:16.078 28285 28437 W unknown:ViewManagerPropertyUpdater: Could not find generated setter for class com.horcrux.svg.RenderableViewManager$GroupViewManager
02-19 12:14:16.080 28285 28437 W unknown:ViewManagerPropertyUpdater: Could not find generated setter for class com.horcrux.svg.RenderableViewManager$TextViewManager
02-19 12:14:16.081 28285 28285 W unknown:ReactNative: Packager connection already open, nooping.
02-19 12:14:16.082 28285 28437 W unknown:ViewManagerPropertyUpdater: Could not find generated setter for class com.horcrux.svg.RenderableViewManager$ImageViewManager
02-19 12:14:16.085 28285 28437 W unknown:ViewManagerPropertyUpdater: Could not find generated setter for class com.horcrux.svg.RenderableViewManager$ClipPathViewManager
02-19 12:14:16.086 28285 28437 W unknown:ViewManagerPropertyUpdater: Could not find generated setter for class com.horcrux.svg.RenderableViewManager$RadialGradientManager
02-19 12:14:16.088 28285 28437 W unknown:ViewManagerPropertyUpdater: Could not find generated setter for class com.horcrux.svg.RenderableViewManager$MaskManager
02-19 12:14:16.091 28285 28437 W unknown:ViewManagerPropertyUpdater: Could not find generated setter for class com.horcrux.svg.RenderableViewManager$SymbolManager
02-19 12:14:16.093 28285 28437 W unknown:ViewManagerPropertyUpdater: Could not find generated setter for class com.horcrux.svg.RenderableViewManager$PatternManager
02-19 12:14:16.097 28285 28437 W unknown:ViewManagerPropertyUpdater: Could not find generated setter for class com.horcrux.svg.RenderableViewManager$RectViewManager
02-19 12:14:16.099 28285 28326 W cr_media: BLUETOOTH_CONNECT permission is missing.
02-19 12:14:16.099 28285 28437 W unknown:ViewManagerPropertyUpdater: Could not find generated setter for class com.horcrux.svg.RenderableViewManager$TextPathViewManager
02-19 12:14:16.100 28285 28326 W cr_media: getBluetoothAdapter() requires BLUETOOTH permission
02-19 12:14:16.100 28285 28326 W cr_media: registerBluetoothIntentsIfNeeded: Requires BLUETOOTH permission
02-19 12:14:16.102 28285 28437 W unknown:ViewManagerPropertyUpdater: Could not find generated setter for class com.horcrux.svg.SvgViewManager
02-19 12:14:16.103 28285 28437 W unknown:ViewManagerPropertyUpdater: Could not find generated setter for class com.horcrux.svg.RenderableViewManager$PathViewManager
02-19 12:14:16.105 28285 28437 W unknown:ViewManagerPropertyUpdater: Could not find generated setter for class com.horcrux.svg.RenderableViewManager$UseViewManager
02-19 12:14:16.111 28285 28437 W unknown:ViewManagerPropertyUpdater: Could not find generated setter for class com.horcrux.svg.RenderableViewManager$CircleViewManager
02-19 12:14:16.116 28285 28437 W unknown:ViewManagerPropertyUpdater: Could not find generated setter for class com.horcrux.svg.RenderableViewManager$TSpanViewManager
02-19 12:14:16.121 28285 28437 W unknown:ViewManagerPropertyUpdater: Could not find generated setter for class com.brentvatne.exoplayer.ReactExoplayerViewManager
02-19 12:14:16.123 28285 28437 W unknown:ViewManagerPropertyUpdater: Could not find generated setter for class com.reactnativecommunity.webview.RNCWebViewManager
02-19 12:14:16.126 28285 28437 W unknown:ViewManagerPropertyUpdater: Could not find generated setter for class im.toss.rn.granite.core.module.image.FastImageViewManager
02-19 12:14:16.129 28285 28437 W unknown:ReactContext: initializeMessageQueueThreads() is called.
02-19 12:14:16.134 28307 28317 I cr_LibraryLoader: Successfully loaded native library
02-19 12:14:16.135 28307 28317 I cr_CachingUmaRecorder: Flushed 2 samples from 2 histograms, 0 samples were dropped.
02-19 12:14:16.185 28285 28445 W libc    : Access denied finding property "vendor.mesa.log"
02-19 12:14:16.185 28285 28445 W libc    : Access denied finding property "vendor.mesa.log.file"
02-19 12:14:16.185 28285 28445 E MESA    : Failed to open rendernode: No such file or directory
02-19 12:14:16.187 28307 28317 W SystemServiceRegistry: No service published for: uimode
02-19 12:14:16.205 28307 28317 W chromium: [WARNING:runtime_features.cc(560)] Fenced frames cannot be enabled in this configuration. Use --enable-features=FencedFrames instead.
02-19 12:14:16.206 28307 28317 W chromium: [WARNING:runtime_features.cc(585)] Topics cannot be enabled in this configuration. Use --enable-features=BrowsingTopics in addition.
02-19 12:14:16.206 28307 28317 W chromium: [WARNING:runtime_features.cc(606)] SharedStorage cannot be enabled in this configuration. Use --enable-features=SharedStorageAPI in addition.
02-19 12:14:16.188 28285 28285 W mqt_js  : type=1400 audit(0.0:159): avc:  granted  { execute } for  path="/data/data/viva.republica.toss.test/libtcj.so" dev="dm-55" ino=362298 scontext=u:r:untrusted_app:s0:c217,c256,c512,c768 tcontext=u:object_r:app_data_file:s0:c217,c256,c512,c768 tclass=file app=viva.republica.toss.test
02-19 12:14:16.209 28285 28445 D vulkan  : searching for layers in '/data/app/~~NUQj-rdXzuicW-16SIRtKA==/viva.republica.toss.test-Si406wFvb_sqEA2GTBV6RQ==/lib/x86_64'
02-19 12:14:16.210 28285 28445 D vulkan  : searching for layers in '/data/app/~~NUQj-rdXzuicW-16SIRtKA==/viva.republica.toss.test-Si406wFvb_sqEA2GTBV6RQ==/base.apk!/lib/x86_64'
02-19 12:14:16.217 28285 28436 D nativeloader: Load /data/data/viva.republica.toss.test/libtcj.so using class loader ns clns-9 (caller=<unknown>): ok
02-19 12:14:16.231 20068 20156 I FontLog : (REDACTED) Received query %s, URI %s
02-19 12:14:16.232 20068 20156 I FontLog : (REDACTED) Query [%s] resolved to %s
02-19 12:14:16.233 20068 20156 I FontLog : (REDACTED) Font PFD returned from cache for %s
02-19 12:14:16.237 20068 20156 I FontLog : (REDACTED) Fetch %s end status %s
02-19 12:14:16.241 20068 20156 I FontLog : (REDACTED) Pulling font file for id = %d, cache size = %d
02-19 12:14:16.245 20068 20156 I FontLog : (REDACTED) Received query %s, URI %s
02-19 12:14:16.245 20068 20156 I FontLog : (REDACTED) Query [%s] resolved to %s
02-19 12:14:16.247 20068 20156 I FontLog : (REDACTED) Fetch %s end status %s
02-19 12:14:16.257 20068 20156 I FontLog : (REDACTED) Pulling font file for id = %d, cache size = %d
02-19 12:14:16.260 20068 20156 I FontLog : (REDACTED) Received query %s, URI %s
02-19 12:14:16.261 20068 20156 I FontLog : (REDACTED) Query [%s] resolved to %s
02-19 12:14:16.262 20068 20156 I FontLog : (REDACTED) Font PFD returned from cache for %s
02-19 12:14:16.262 20068 20156 I FontLog : (REDACTED) Fetch %s end status %s
02-19 12:14:16.264 20068 20156 I FontLog : (REDACTED) Pulling font file for id = %d, cache size = %d
02-19 12:14:16.273 20068 20156 I FontLog : (REDACTED) Received query %s, URI %s
02-19 12:14:16.273 20068 20156 I FontLog : (REDACTED) Query [%s] resolved to %s
02-19 12:14:16.275 20068 20156 I FontLog : (REDACTED) Font PFD returned from cache for %s
02-19 12:14:16.276 20068 20156 I FontLog : (REDACTED) Fetch %s end status %s
02-19 12:14:16.278 14715 14715 D BoundBrokerSvc: onBind: Intent { act=com.google.android.gms.safebrowsing.SafeBrowsingService.START dat=chimera-action:/... xflg=0x4 cmp=com.google.android.gms/.chimera.GmsBoundBrokerService }
02-19 12:14:16.278 14715 14715 D BoundBrokerSvc: Loading bound service for intent: Intent { act=com.google.android.gms.safebrowsing.SafeBrowsingService.START dat=chimera-action:/... xflg=0x4 cmp=com.google.android.gms/.chimera.GmsBoundBrokerService }
02-19 12:14:16.279 20068 20156 I FontLog : (REDACTED) Pulling font file for id = %d, cache size = %d
02-19 12:14:16.282 20068 20156 I FontLog : (REDACTED) Received query %s, URI %s
02-19 12:14:16.282 20068 20156 I FontLog : (REDACTED) Query [%s] resolved to %s
02-19 12:14:16.283 20068 20156 I FontLog : (REDACTED) Font PFD returned from cache for %s
02-19 12:14:16.283 20068 20156 I FontLog : (REDACTED) Fetch %s end status %s
02-19 12:14:16.284 20068 22075 I FontLog : (REDACTED) Pulling font file for id = %d, cache size = %d
02-19 12:14:16.402 28285 28445 W libc    : Access denied finding property "vendor.mesa.vk.trace.per.submit"
02-19 12:14:16.402 28285 28445 W libc    : Access denied finding property "vendor.mesa.gallium.print.optio"
02-19 12:14:16.402 28285 28445 W libc    : Access denied finding property "vendor.mesa.vk.trace.frame"
02-19 12:14:16.425 28285 28445 W libc    : Access denied finding property "vendor.mesa.vk.wsi.headless.swa"
02-19 12:14:16.490 28285 28445 W chromium: [WARNING:viz_main_impl.cc(85)] VizNullHypothesis is disabled (not a warning)
02-19 12:14:16.602 28444 28444 W screencap: Thread Pool max thread count is 0. Cannot cache binder as linkToDeath cannot be implemented. serviceName: SurfaceFlingerAIDL
02-19 12:14:16.603 28444 28444 W BpBinder: Linking to death on android.gui.ISurfaceComposer but there are no threads (yet?) listening to incoming transactions. See ProcessState::startThreadPool and ProcessState::setThreadPoolMaxThreadCount. Generally you should setup the binder threadpool before other initialization steps.
02-19 12:14:16.603 28444 28444 W ProcessState: Extra binder thread started, but 0 threads requested. Do not use *startThreadPool when zero threads are requested.
02-19 12:14:16.607   531   603 E HwcComposer: getLuts failed Status(-8, EX_SERVICE_SPECIFIC): '8: '
02-19 12:14:16.607   531   603 E HWComposer: getLuts: getLuts failed for display 4619827259835644672: UNSUPPORTED (8)
02-19 12:14:17.078 28285 28285 I Ads     : JS: The jsLoaded GMSG has been sent (https://googleads.g.doubleclick.net/mads/static/sdk/native/sdk-core-v40.html:1025)
02-19 12:14:17.300 28285 28436 D nativeloader: Load /data/app/~~NUQj-rdXzuicW-16SIRtKA==/viva.republica.toss.test-Si406wFvb_sqEA2GTBV6RQ==/lib/x86_64/libreactnativeblob.so using class loader ns clns-9 (caller=<unknown>): ok
