--------- beginning of main
02-19 19:47:24.799 21985 22037 E adservices: Failed to bind to measurement service: com.android.adservices.shared.common.exception.ServiceUnavailableException: Service is not available.
--------- beginning of system
02-19 19:47:24.805   752   933 D ActivityManager: sync unfroze 19378 com.google.android.webview:webview_service for 6
02-19 19:47:24.807   752   933 W IPCThreadState: Sending oneway calls to frozen process.
02-19 19:47:24.810   752  1095 D BackgroundInstallControlService: Package event received: 0
02-19 19:47:24.818   752   752 W Looper  : Slow delivery took 5039ms main app=system_server main=true group=FOREGROUND h=android.app.ActivityThread$H c=com.android.server.powerstats.TimerTrigger$PeriodicTimer@3cf8487 m=0
02-19 19:47:24.831   752   780 W ProcessStats: Tracking association SourceState{34f503e viva.republica.toss.test/10217 BTop #23222} whose proc state 2 is better than process ProcessState{452e1c2 com.google.android.adservices.api/10205 pkg=com.google.android.adservices.api} proc state 15 (7 skipped)
02-19 19:47:24.847   752   805 I ActivityManager: Extending process start timeout by 401ms for ProcessRecord{bb0284f 21985:viva.republica.toss.test/u0a217}
02-19 19:47:24.849   752   752 W Looper  : Drained
02-19 19:47:24.862 22039 22039 W dumpsys : Thread Pool max thread count is 0. Cannot cache binder as linkToDeath cannot be implemented. serviceName: package
02-19 19:47:24.911 21985 22048 D nativeloader: Load /data/app/~~NUQj-rdXzuicW-16SIRtKA==/viva.republica.toss.test-Si406wFvb_sqEA2GTBV6RQ==/lib/x86_64/libbugsnag-root-detection.so using class loader ns clns-9 (caller=/data/app/~~NUQj-rdXzuicW-16SIRtKA==/viva.republica.toss.test-Si406wFvb_sqEA2GTBV6RQ==/base.apk): ok
02-19 19:47:24.970   752   933 D FileUtils: Rounded bytes from 2067259392 to 4000000000
02-19 19:47:25.128 21985 22046 D nativeloader: Load /data/app/~~NUQj-rdXzuicW-16SIRtKA==/viva.republica.toss.test-Si406wFvb_sqEA2GTBV6RQ==/lib/x86_64/libbugsnag-ndk.so using class loader ns clns-9 (caller=<unknown>): ok
02-19 19:47:25.145 21540 21543 I artd    : GetBestInfo: odex next to the dex file (/data/app/~~O-UZzK0jUU9NLgS3MODOZA==/com.google.android.gms-YQ2L6GsYyKuvu9MvIBK1EQ==/oat/x86_64/base.odex) is kOatUpToDate with filter 'speed-profile' executable 'false'
02-19 19:47:25.152 21540 21543 I artd    : GetBestInfo: odex next to the dex file (/data/app/~~O-UZzK0jUU9NLgS3MODOZA==/com.google.android.gms-YQ2L6GsYyKuvu9MvIBK1EQ==/oat/x86_64/split_AdsDynamite_installtime.odex) is kOatUpToDate with filter 'speed' executable 'false'
02-19 19:47:25.158 21540 21750 I artd    : GetBestInfo: odex next to the dex file (/data/app/~~O-UZzK0jUU9NLgS3MODOZA==/com.google.android.gms-YQ2L6GsYyKuvu9MvIBK1EQ==/oat/x86_64/split_CronetDynamite_installtime.odex) is kOatUpToDate with filter 'speed' executable 'false'
02-19 19:47:25.163 21540 21750 I artd    : GetBestInfo: odex next to the dex file (/data/app/~~O-UZzK0jUU9NLgS3MODOZA==/com.google.android.gms-YQ2L6GsYyKuvu9MvIBK1EQ==/oat/x86_64/split_DynamiteLoader_installtime.odex) is kOatUpToDate with filter 'speed' executable 'false'
02-19 19:47:25.167 21540 21750 I artd    : GetBestInfo: odex next to the dex file (/data/app/~~O-UZzK0jUU9NLgS3MODOZA==/com.google.android.gms-YQ2L6GsYyKuvu9MvIBK1EQ==/oat/x86_64/split_DynamiteModulesA_installtime.odex) is kOatUpToDate with filter 'speed' executable 'false'
02-19 19:47:25.170 21540 21750 I artd    : GetBestInfo: odex next to the dex file (/data/app/~~O-UZzK0jUU9NLgS3MODOZA==/com.google.android.gms-YQ2L6GsYyKuvu9MvIBK1EQ==/oat/x86_64/split_DynamiteModulesC_installtime.odex) is kOatUpToDate with filter 'speed' executable 'false'
02-19 19:47:25.172   752   933 D FileUtils: Rounded bytes from 2067259392 to 4000000000
02-19 19:47:25.173 21540 21750 I artd    : GetBestInfo: odex next to the dex file (/data/app/~~O-UZzK0jUU9NLgS3MODOZA==/com.google.android.gms-YQ2L6GsYyKuvu9MvIBK1EQ==/oat/x86_64/split_GoogleCertificates_installtime.odex) is kOatUpToDate with filter 'speed' executable 'false'
02-19 19:47:25.174 21985 21985 W BugsnagNDK: Initialization complete!
02-19 19:47:25.178 21540 21750 I artd    : GetBestInfo: odex next to the dex file (/data/app/~~O-UZzK0jUU9NLgS3MODOZA==/com.google.android.gms-YQ2L6GsYyKuvu9MvIBK1EQ==/oat/x86_64/split_MapsDynamite_installtime.odex) is kOatUpToDate with filter 'speed' executable 'false'
02-19 19:47:25.188 21985 22046 D nativeloader: Load /data/app/~~NUQj-rdXzuicW-16SIRtKA==/viva.republica.toss.test-Si406wFvb_sqEA2GTBV6RQ==/lib/x86_64/libbugsnag-plugin-android-anr.so using class loader ns clns-9 (caller=<unknown>): ok
02-19 19:47:25.188 21540 21543 I artd    : GetBestInfo: odex next to the dex file (/data/app/~~O-UZzK0jUU9NLgS3MODOZA==/com.google.android.gms-YQ2L6GsYyKuvu9MvIBK1EQ==/oat/x86_64/split_MeasurementDynamite_installtime.odex) is kOatUpToDate with filter 'speed' executable 'false'
02-19 19:47:25.194 21540 21543 I artd    : GetBestInfo: /data/app/~~O-UZzK0jUU9NLgS3MODOZA==/com.google.android.gms-YQ2L6GsYyKuvu9MvIBK1EQ==/split_maps_core_dynamite_ondemand.apk has no usable artifacts
02-19 19:47:25.198 21540 21543 I artd    : GetBestInfo: /data/user_de/0/com.google.android.gms/app_chimera/m/0000000c/dl-Appsearch.optional_250834100800.apk has no usable artifacts
02-19 19:47:25.200 21540 21543 I artd    : GetBestInfo: /data/user_de/0/com.google.android.gms/app_chimera/m/00000001/CronetDynamite.apk has no usable artifacts
02-19 19:47:25.202 21540 21543 I artd    : GetBestInfo: /data/user_de/0/com.google.android.gms/app_chimera/m/00000002/DynamiteLoader.apk has no usable artifacts
02-19 19:47:25.203 21540 21543 I artd    : GetBestInfo: /data/user_de/0/com.google.android.gms/app_chimera/m/00000005/GoogleCertificates.apk has no usable artifacts
02-19 19:47:25.209 21540 21543 I artd    : GetBestInfo: /data/user_de/0/com.google.android.gms/app_chimera/m/00000009/dl-TfliteDynamiteDynamite.integ_252130102100800.apk has no usable artifacts
02-19 19:47:25.217 21540 21543 I artd    : GetBestInfo: vdex next to the dex file (/data/user/0/com.google.android.gms/app_dg_cache/BF7C023AB90CCF01D1F467FC1CEBAF866511FF29/oat/x86_64/the.vdex) is kOatUpToDate with filter 'verify' executable 'false'
02-19 19:47:25.220   752   933 D ConnectivityService: requestNetwork for uid/pid:10217/21985 activeRequest: null callbackRequest: 730 [NetworkRequest [ REQUEST id=731, [ Capabilities: INTERNET&NOT_RESTRICTED&TRUSTED&NOT_VCN_MANAGED&NOT_BANDWIDTH_CONSTRAINED Uid: 10217 RequestorUid: 10217 RequestorPkg: viva.republica.toss.test UnderlyingNetworks: Null] ]] callback flags: 0 order: 2147483647 isUidTracked: false declaredMethods: AVAIL|UNAVAIL
02-19 19:47:25.223 21540 21750 I artd    : GetBestInfo: /data/user_de/0/com.google.android.gms/app_chimera/m/00000010/dl-PlayCloudSearch.optional_250834100000.apk has no usable artifacts
02-19 19:47:25.225   752  1023 D OemPaidWifiNetworkFactory: got request NetworkRequest [ REQUEST id=731, [ Capabilities: INTERNET&NOT_RESTRICTED&TRUSTED&NOT_VCN_MANAGED&NOT_BANDWIDTH_CONSTRAINED Uid: 10217 RequestorUid: 10217 RequestorPkg: viva.republica.toss.test UnderlyingNetworks: Null] ]
02-19 19:47:25.225   752  1023 D MultiInternetWifiNetworkFactory: got request NetworkRequest [ REQUEST id=731, [ Capabilities: INTERNET&NOT_RESTRICTED&TRUSTED&NOT_VCN_MANAGED&NOT_BANDWIDTH_CONSTRAINED Uid: 10217 RequestorUid: 10217 RequestorPkg: viva.republica.toss.test UnderlyingNetworks: Null] ]
02-19 19:47:25.226   752  1023 D WifiNetworkFactory: got request NetworkRequest [ REQUEST id=731, [ Capabilities: INTERNET&NOT_RESTRICTED&TRUSTED&NOT_VCN_MANAGED&NOT_BANDWIDTH_CONSTRAINED Uid: 10217 RequestorUid: 10217 RequestorPkg: viva.republica.toss.test UnderlyingNetworks: Null] ]
02-19 19:47:25.226 21985 21985 W System.err: SLF4J: No SLF4J providers were found.
02-19 19:47:25.226 21985 21985 W System.err: SLF4J: Defaulting to no-operation (NOP) logger implementation
02-19 19:47:25.226 21985 21985 W System.err: SLF4J: See https://www.slf4j.org/codes.html#noProviders for further details.
02-19 19:47:25.226   752  1023 D UntrustedWifiNetworkFactory: got request NetworkRequest [ REQUEST id=731, [ Capabilities: INTERNET&NOT_RESTRICTED&TRUSTED&NOT_VCN_MANAGED&NOT_BANDWIDTH_CONSTRAINED Uid: 10217 RequestorUid: 10217 RequestorPkg: viva.republica.toss.test UnderlyingNetworks: Null] ]
02-19 19:47:25.226   752  1029 D ConnectivityService: NetReassign [731 : null → 108] [c 1] [a 2] [i 1]
02-19 19:47:25.229 21540 21750 I artd    : GetBestInfo: /data/user_de/0/com.google.android.gms/app_chimera/m/00000017/dl-PlayCloudSearch.optional_260438100000.apk has no usable artifacts
02-19 19:47:25.233 21540 21750 I artd    : GetBestInfo: /data/user_de/0/com.google.android.gms/app_chimera/m/00000015/dl-MlkitOcrCommon.optional_260438100800.apk has no usable artifacts
02-19 19:47:25.238 21540 21750 I artd    : GetBestInfo: /data/user_de/0/com.google.android.gms/app_chimera/m/00000013/dl-MlkitBarcodeUi.optional_260438100800.apk has no usable artifacts
02-19 19:47:25.247 21540 21750 I artd    : GetBestInfo: /data/user_de/0/com.google.android.gms/app_chimera/m/0000000f/dl-MlkitOcrCommon.optional_250834100800.apk has no usable artifacts
02-19 19:47:25.254 21540 21750 I artd    : GetBestInfo: /data/user_de/0/com.google.android.gms/app_chimera/m/0000000d/dl-VisionOcr.optional_250834100000.apk has no usable artifacts
02-19 19:47:25.261 21540 21543 I artd    : GetBestInfo: /data/user_de/0/com.google.android.gms/app_chimera/m/0000000a/dl-MlkitBarcodeUi.optional_250834100800.apk has no usable artifacts
02-19 19:47:25.266 21540 21750 I artd    : GetBestInfo: /data/user_de/0/com.google.android.gms/app_chimera/m/00000011/dl-VisionOcr.optional_260438100000.apk has no usable artifacts
02-19 19:47:25.288   752   933 W OptProp : Cannot read opt property android.window.PROPERTY_COMPAT_ENABLE_FAKE_FOCUS
02-19 19:47:25.289   752   933 D CompatChangeReporter: Compat change id reported: 324203798; UID 10217; state: ENABLED
02-19 19:47:25.290 21540 21750 I artd    : GetBestInfo: /data/user_de/0/com.google.android.gms/app_chimera/m/00000012/dl-Appsearch.optional_260438100800.apk has no usable artifacts
02-19 19:47:25.296 21540 21750 I artd    : GetBestInfo: vdex next to the dex file (/data/user/0/com.google.android.gms/app_dg_cache/94DF452EEF4B8E717545DCDEA6CC3C50A319A195/oat/x86_64/the.vdex) is kOatUpToDate with filter 'verify' executable 'false'
02-19 19:47:25.299 21540 21750 I artd    : GetBestInfo: /data/user_de/0/com.google.android.gms/app_chimera/m/00000007/MeasurementDynamite.apk has no usable artifacts
02-19 19:47:25.300 21540 21750 I artd    : GetBestInfo: /data/user_de/0/com.google.android.gms/app_chimera/m/00000018/dl-AdsFdrDynamite.integ_254380203100000.apk has no usable artifacts
02-19 19:47:25.418   752   933 W ActivityManager: Slow operation: 136ms so far, now at finishAttachApplicationInner: after mServices.attachApplicationLocked
02-19 19:47:25.418   752   933 W ActivityManager: Slow operation: 136ms so far, now at finishAttachApplicationInner: after dispatching broadcasts
02-19 19:47:25.421   752  1095 D BackgroundInstallControlService: Package event received: 0
02-19 19:47:25.422   752  1095 D BackgroundInstallControlService: Package event received: 0
02-19 19:47:25.453 21985 21985 I Choreographer: Skipped 1198 frames!  The application may be doing too much work on its main thread.
02-19 19:47:25.489 21985 22065 I CameraManagerGlobal: Connecting to camera service
02-19 19:47:25.502 21985 21985 I blica.toss.test: AssetManager2(0x7d8fac42f578) locale list changing from [] to [en-US]
02-19 19:47:25.508   615 17673 I AttributionAndPermissionUtils: checkPermission (forDataDelivery 0 startDataDelivery 0): Permission hard denied for client attribution [uid 10217, pid 21985, packageName "<unknown>"]
02-19 19:47:25.513 21985 21990 I blica.toss.test: Background concurrent mark compact GC freed 5235KB AllocSpace bytes, 31(920KB) LOS objects, 49% free, 11MB/22MB, paused 14.516ms,2.740ms total 245.970ms
02-19 19:47:25.572 21985 21985 I blica.toss.test: AssetManager2(0x7d8fac431198) locale list changing from [] to [en-US]
02-19 19:47:25.626 21985 22068 I EGL_emulation: Opening libGLESv1_CM_emulation.so
02-19 19:47:25.627 21985 22068 I EGL_emulation: Opening libGLESv2_emulation.so
02-19 19:47:25.641 21985 22068 W HWUI    : Failed to choose config with EGL_SWAP_BEHAVIOR_PRESERVED, retrying without...
02-19 19:47:25.642 21985 22068 W HWUI    : Failed to initialize 101010-2 format, error = EGL_SUCCESS
02-19 19:47:25.753 21985 21985 I blica.toss.test: AssetManager2(0x7d8fac432778) locale list changing from [] to [en-US]
02-19 19:47:25.757 21985 21985 D CompatChangeReporter: Compat change id reported: 309578419; UID 10217; state: ENABLED
02-19 19:47:25.846 21985 21985 D CompatChangeReporter: Compat change id reported: 352594277; UID 10217; state: ENABLED
02-19 19:47:25.853 21985 21985 D CompatChangeReporter: Compat change id reported: 349153669; UID 10217; state: ENABLED
02-19 19:47:25.860 21985 21985 W HWUI    : Unknown dataspace 0
02-19 19:47:25.923 21985 21985 V SoLoader: Init System Loader delegate
02-19 19:47:25.997 21985 22092 W unknown:ReconnectingWebSocket: Couldn't connect to "ws://10.0.2.2:8081/message?device=sdk_gphone64_x86_64%20-%2016%20-%20API%2036&app=viva.republica.toss.test&clientid=BridgeDevSupportManager", will silently retry
02-19 19:47:26.092 21985 22093 W unknown:InspectorPackagerConnection: Couldn't connect to packager, will silently retry
02-19 19:47:26.524   752   780 D CoreBackPreview: Window{ff78edc u0 viva.republica.toss.test/im.toss.rn.granite.core.GraniteActivity}: Setting back callback OnBackInvokedCallbackInfo{mCallback=android.window.IOnBackInvokedCallback$Stub$Proxy@485d486, mPriority=0, mIsAnimationCallback=false, mOverrideBehavior=0}
02-19 19:47:26.529 21985 21985 W unknown:ReactRootView: Unable to update root layout specs for uninitialized ReactInstanceManager
02-19 19:47:26.618   752   794 I ActivityTaskManager: Displayed viva.republica.toss.test/im.toss.rn.granite.core.GraniteActivity for user 0: +23s293ms
02-19 19:47:26.650 21985 21985 E unknown:ReactRootView: Unhandled SoftException
02-19 19:47:26.650 21985 21985 E unknown:ReactRootView: com.facebook.react.uimanager.IllegalViewOperationException: Trying to attach a ReactRootView with an explicit id already set to [2131362676]. React Native uses the id field to track react tags and will overwrite this field. If that is fine, explicitly overwrite the id field to View.NO_ID.
02-19 19:47:26.650 21985 21985 E unknown:ReactRootView: 	at com.facebook.react.ReactRootView.attachToReactInstanceManager(:799)
02-19 19:47:26.650 21985 21985 E unknown:ReactRootView: 	at com.facebook.react.ReactRootView.startReactApplication(:509)
02-19 19:47:26.650 21985 21985 E unknown:ReactRootView: 	at com.facebook.react.ReactRootView.startReactApplication(:469)
02-19 19:47:26.650 21985 21985 E unknown:ReactRootView: 	at im.toss.rn.granite.core.GraniteActivity.write(:486)
02-19 19:47:26.650 21985 21985 E unknown:ReactRootView: 	at im.toss.rn.granite.core.GraniteActivity.RemoteActionCompatParcelizer(:124)
02-19 19:47:26.650 21985 21985 E unknown:ReactRootView: 	at im.toss.rn.granite.core.GraniteActivity$RemoteActionCompatParcelizer.IconCompatParcelizer(:65353)
02-19 19:47:26.650 21985 21985 E unknown:ReactRootView: 	at o.sh.a_(:33)
02-19 19:47:26.650 21985 21985 E unknown:ReactRootView: 	at o.xP.run(:100)
02-19 19:47:26.650 21985 21985 E unknown:ReactRootView: 	at android.os.Handler.handleCallback(Handler.java:995)
02-19 19:47:26.650 21985 21985 E unknown:ReactRootView: 	at android.os.Handler.dispatchMessage(Handler.java:103)
02-19 19:47:26.650 21985 21985 E unknown:ReactRootView: 	at android.os.Looper.loopOnce(Looper.java:248)
02-19 19:47:26.650 21985 21985 E unknown:ReactRootView: 	at android.os.Looper.loop(Looper.java:338)
02-19 19:47:26.650 21985 21985 E unknown:ReactRootView: 	at android.app.ActivityThread.main(ActivityThread.java:9067)
02-19 19:47:26.650 21985 21985 E unknown:ReactRootView: 	at java.lang.reflect.Method.invoke(Native Method)
02-19 19:47:26.650 21985 21985 E unknown:ReactRootView: 	at com.android.internal.os.RuntimeInit$MethodAndArgsCaller.run(RuntimeInit.java:593)
02-19 19:47:26.650 21985 21985 E unknown:ReactRootView: 	at com.android.internal.os.ZygoteInit.main(ZygoteInit.java:932)
02-19 19:47:26.651   752   989 I ImeTracker: viva.republica.toss.test:9d0e395b: onRequestHide at ORIGIN_SERVER reason HIDE_UNSPECIFIED_WINDOW fromUser false
02-19 19:47:26.654 19301 19456 I FontLog : (REDACTED) Received query %s, URI %s
02-19 19:47:26.654 19301 19456 I FontLog : (REDACTED) Query [%s] resolved to %s
02-19 19:47:26.655 19166 19166 D BaseDepthController: setSurface:
02-19 19:47:26.655 19166 19166 D BaseDepthController: 	mWaitingOnSurfaceValidity: false
02-19 19:47:26.655 19166 19166 D BaseDepthController: 	mBaseSurface: null
02-19 19:47:26.656 19301 19456 I FontLog : (REDACTED) Fetch %s end status %s
02-19 19:47:26.656 19166 19166 D BaseDepthController: mSurface is null and mCurrentBlur is: 0
02-19 19:47:26.657 19166 19166 D StateManager: goToState - fromState: Normal, toState: Normal, partial trace:
02-19 19:47:26.657 19166 19166 D StateManager: 	at com.android.launcher3.statemanager.StateManager.moveToRestState(go/retraceme 72a59688580715d19f0e415c69e80376c2f062d1648c80db6730905005a27c20:4)
02-19 19:47:26.657 19166 19166 D StateManager: 	at com.android.launcher3.statemanager.StateManager.moveToRestState(go/retraceme 72a59688580715d19f0e415c69e80376c2f062d1648c80db6730905005a27c20:1)
02-19 19:47:26.657 19166 19166 D StateManager: 	at com.android.launcher3.statemanager.StatefulActivity.onStop(go/retraceme 72a59688580715d19f0e415c69e80376c2f062d1648c80db6730905005a27c20:34)
02-19 19:47:26.657 19166 19166 D StatsLog: LAUNCHER_ONSTOP
02-19 19:47:26.661 19166 19166 D StatsLog: LAUNCHER_GOOGLE_SEARCH_RESTORE_LIST_SIZE_AFTER_ACTIVITY_RESTART
02-19 19:47:26.665 21985 21985 D InsetsController: hide(ime(), fromIme=false)
02-19 19:47:26.665 21985 21985 I ImeTracker: viva.republica.toss.test:9d0e395b: onCancelled at PHASE_CLIENT_ALREADY_HIDDEN
02-19 19:47:26.659 20022 20022 I GoogleInputMethodService: GoogleInputMethodService.onFinishInput():2043 
02-19 19:47:26.667 20022 20022 I Module  : DeviceLockedStatusModuleProvider$Module.updateDeviceLockedStatus():100 repeatCheckTimes = 0, locked = false
02-19 19:47:26.672   752   780 I ImeTracker: system_server:f4644df4: onRequestHide at ORIGIN_SERVER reason IME_REQUESTED_CHANGED_LISTENER fromUser false
02-19 19:47:26.675 20022 20022 I GoogleInputMethodService: GoogleInputMethodService.onStartInput():1293 onStartInput(EditorInfo{EditorInfo{packageName=viva.republica.toss.test, inputType=0, inputTypeString=NULL, enableLearning=false, autoCorrection=false, autoComplete=false, imeOptions=0, privateImeOptions=null, actionName=UNSPECIFIED, actionLabel=null, initialSelStart=-1, initialSelEnd=-1, initialCapsMode=0, label=null, fieldId=0, fieldName=null, extras=null, hintText=null, hintLocales=[]}}, false)
02-19 19:47:26.682 20022 20022 I EmojiCompatManager: EmojiCompatManager.getEmojiCompatIfLoaded():343 EmojiCompat.init() was never called.
02-19 19:47:26.682 20022 20022 I EmojiCompatManager: java.lang.IllegalStateException: EmojiCompat is not initialized. Please call EmojiCompat.init() first
02-19 19:47:26.682 20022 20022 I EmojiCompatManager: 	at asx.p(PG:6)
02-19 19:47:26.682 20022 20022 I EmojiCompatManager: 	at axb.b(PG:13)
02-19 19:47:26.682 20022 20022 I EmojiCompatManager: 	at jnr.b(PG:2)
02-19 19:47:26.682 20022 20022 I EmojiCompatManager: 	at jnr.c(PG:4)
02-19 19:47:26.682 20022 20022 I EmojiCompatManager: 	at jnr.f(PG:3)
02-19 19:47:26.682 20022 20022 I EmojiCompatManager: 	at jnx.c(PG:3)
02-19 19:47:26.682 20022 20022 I EmojiCompatManager: 	at kif.cz(PG:47)
02-19 19:47:26.682 20022 20022 I EmojiCompatManager: 	at lhl.run(PG:1025)
02-19 19:47:26.682 20022 20022 I EmojiCompatManager: 	at jaf.execute(PG:12)
02-19 19:47:26.682 20022 20022 I EmojiCompatManager: 	at nco.v(PG:13)
02-19 19:47:26.682 20022 20022 I EmojiCompatManager: 	at lhn.m(PG:96)
02-19 19:47:26.682 20022 20022 I EmojiCompatManager: 	at lhn.k(PG:25)
02-19 19:47:26.682 20022 20022 I EmojiCompatManager: 	at kgn.onStartInput(PG:250)
02-19 19:47:26.682 20022 20022 I EmojiCompatManager: 	at android.inputmethodservice.InputMethodService.doStartInput(InputMethodService.java:3521)
02-19 19:47:26.682 20022 20022 I EmojiCompatManager: 	at android.inputmethodservice.InputMethodService$InputMethodImpl.startInput(InputMethodService.java:879)
02-19 19:47:26.682 20022 20022 I EmojiCompatManager: 	at android.inputmethodservice.InputMethodService$InputMethodImpl.dispatchStartInput(InputMethodService.java:908)
02-19 19:47:26.682 20022 20022 I EmojiCompatManager: 	at android.inputmethodservice.IInputMethodWrapper.executeMessage(IInputMethodWrapper.java:201)
02-19 19:47:26.682 20022 20022 I EmojiCompatManager: 	at com.android.internal.os.HandlerCaller$MyHandler.handleMessage(HandlerCaller.java:44)
02-19 19:47:26.682 20022 20022 I EmojiCompatManager: 	at android.os.Handler.dispatchMessage(Handler.java:110)
02-19 19:47:26.682 20022 20022 I EmojiCompatManager: 	at android.os.Looper.loopOnce(Looper.java:248)
02-19 19:47:26.682 20022 20022 I EmojiCompatManager: 	at android.os.Looper.loop(Looper.java:338)
02-19 19:47:26.682 20022 20022 I EmojiCompatManager: 	at android.app.ActivityThread.main(ActivityThread.java:9067)
02-19 19:47:26.682 20022 20022 I EmojiCompatManager: 	at java.lang.reflect.Method.invoke(Native Method)
02-19 19:47:26.682 20022 20022 I EmojiCompatManager: 	at com.android.internal.os.RuntimeInit$MethodAndArgsCaller.run(RuntimeInit.java:593)
02-19 19:47:26.682 20022 20022 I EmojiCompatManager: 	at com.android.internal.os.ZygoteInit.main(ZygoteInit.java:932)
02-19 19:47:26.685 20022 20022 I Module  : DeviceLockedStatusModuleProvider$Module.updateDeviceLockedStatus():100 repeatCheckTimes = 1, locked = false
02-19 19:47:26.695 19301 19456 I FontLog : (REDACTED) Pulling font file for id = %d, cache size = %d
02-19 19:47:26.701   752   797 W IPCThreadState: Sending oneway calls to frozen process.
02-19 19:47:26.705 19301 19456 I FontLog : (REDACTED) Pulling font file for id = %d, cache size = %d
02-19 19:47:26.724   752   797 W IPCThreadState: Sending oneway calls to frozen process.
02-19 19:47:26.725   752   797 W IPCThreadState: Sending oneway calls to frozen process.
02-19 19:47:26.725   752   797 W IPCThreadState: Sending oneway calls to frozen process.
02-19 19:47:26.726   752   797 W IPCThreadState: Sending oneway calls to frozen process.
02-19 19:47:26.726 21985 21985 D CompatChangeReporter: Compat change id reported: 270674727; UID 10217; state: ENABLED
02-19 19:47:26.726   752   797 W IPCThreadState: Sending oneway calls to frozen process.
02-19 19:47:26.727   752   797 W IPCThreadState: Sending oneway calls to frozen process.
02-19 19:47:26.728   752   797 W IPCThreadState: Sending oneway calls to frozen process.
02-19 19:47:26.732   752   797 W IPCThreadState: Sending oneway calls to frozen process.
02-19 19:47:26.741   752   780 W PackageConfigPersister: App-specific configuration not found for packageName: viva.republica.toss.test and userId: 0
02-19 19:47:26.742 20022 20022 W NotificationCenter: NotificationCenter$NotificationQueue.notifyPendingNotificationsOnExecutor():877 Heavy notify work detected on UI thread: [kig->jjs] takes 53ms
02-19 19:47:26.750 21985 21985 D CompatChangeReporter: Compat change id reported: 63938206; UID 10217; state: ENABLED
02-19 19:47:26.750   752   797 I ImeTracker: system_server:f4644df4: onCancelled at PHASE_SERVER_SHOULD_HIDE
02-19 19:47:26.756   752  1095 D BackgroundInstallControlService: Package event received: 0
02-19 19:47:26.787   752   780 D CoreBackPreview: Window{4b48ba4 u0 PopupWindow:f8211f1}: Setting back callback OnBackInvokedCallbackInfo{mCallback=android.window.IOnBackInvokedCallback$Stub$Proxy@3b204c2, mPriority=0, mIsAnimationCallback=false, mOverrideBehavior=0}
02-19 19:47:26.871   752   795 W Looper  : Slow dispatch took 119ms android.ui app=system_server main=false group=TOP_APP h=com.android.server.am.ActivityManagerService$UiHandler c=com.android.server.am.UidObserverController$$ExternalSyntheticLambda0@6a2cd6d m=0
02-19 19:47:27.099  4449  4474 W WindowOnBackDispatcher: sendCancelIfRunning: isInProgress=false callback=android.view.ViewRootImpl$$ExternalSyntheticLambda13@48c11d9
02-19 19:47:27.136   752  1456 D CoreBackPreview: Window{14dbf29 u0 Splash Screen viva.republica.toss.test EXITING}: Setting back callback null
02-19 19:47:27.582  4449  4458 W System  : A resource failed to call release. 
02-19 19:47:27.582  4449  4458 W System  : A resource failed to call release. 
02-19 19:47:27.583  4449  4458 W System  : A resource failed to call release. 
02-19 19:47:27.583  4449  4458 W System  : A resource failed to call release. 
02-19 19:47:27.583  4449  4458 W System  : A resource failed to call release. 
02-19 19:47:27.583  4449  4458 W System  : A resource failed to call release. 
02-19 19:47:27.583  4449  4458 W System  : A resource failed to call release. 
02-19 19:47:27.583  4449  4458 W System  : A resource failed to call release. 
02-19 19:47:27.583  4449  4458 W System  : A resource failed to call release. 
02-19 19:47:27.583  4449  4458 W System  : A resource failed to call release. 
02-19 19:47:27.583  4449  4458 W System  : A resource failed to call release. 
02-19 19:47:27.583  4449  4458 W System  : A resource failed to call release. 
02-19 19:47:27.583  4449  4458 W System  : A resource failed to call release. 
02-19 19:47:27.583  4449  4458 W System  : A resource failed to call release. 
02-19 19:47:27.583  4449  4458 W System  : A resource failed to call release. 
02-19 19:47:27.584  4449  4458 W System  : A resource failed to call release. 
02-19 19:47:27.584  4449  4458 W System  : A resource failed to call release. 
02-19 19:47:27.584  4449  4458 W System  : A resource failed to call release. 
02-19 19:47:27.584  4449  4458 W System  : A resource failed to call release. 
02-19 19:47:27.584  4449  4458 W System  : A resource failed to call release. 
02-19 19:47:27.584  4449  4458 W System  : A resource failed to call release. 
02-19 19:47:27.584  4449  4458 W System  : A resource failed to call release. 
02-19 19:47:27.584  4449  4458 W System  : A resource failed to call release. 
02-19 19:47:27.584  4449  4458 W System  : A resource failed to call release. 
02-19 19:47:27.584  4449  4458 W System  : A resource failed to call release. 
02-19 19:47:29.125 22107 22107 W dumpsys : Thread Pool max thread count is 0. Cannot cache binder as linkToDeath cannot be implemented. serviceName: window
02-19 19:47:29.143   752   779 I system_server: AssetManager2(0x7d8fac5205b8) locale list changing from [] to [en-US]
02-19 19:47:29.149   752   779 I system_server: AssetManager2(0x7d8fac4e6ef8) locale list changing from [] to [en-US]
02-19 19:47:29.154   752   779 I system_server: AssetManager2(0x7d8fac5188b8) locale list changing from [] to [en-US]
02-19 19:47:29.156   752   779 I system_server: AssetManager2(0x7d8fac449b58) locale list changing from [] to [en-US]
02-19 19:47:29.159   752   779 I system_server: AssetManager2(0x7d8fac4478f8) locale list changing from [] to [en-US]
02-19 19:47:29.162   752   779 I system_server: AssetManager2(0x7d8fac449518) locale list changing from [] to [en-US]
02-19 19:47:29.510   752   779 W ActivityTaskManager: callingPackage for (uid=2000, pid=22112) has no WPC
02-19 19:47:29.513   752   779 D CompatChangeReporter: Compat change id reported: 151861875; UID 10217; state: ENABLED
02-19 19:47:29.514   752   779 V GrammaticalInflectionUtils: AttributionSource: android.content.AttributionSource@56784557 does not have READ_SYSTEM_GRAMMATICAL_GENDER permission.
02-19 19:47:29.515   752   779 W OptProp : Cannot read opt property android.window.PROPERTY_COMPAT_ALLOW_USER_ASPECT_RATIO_OVERRIDE
02-19 19:47:29.515   752   779 W OptProp : Cannot read opt property android.window.PROPERTY_COMPAT_ALLOW_USER_ASPECT_RATIO_FULLSCREEN_OVERRIDE
02-19 19:47:29.515   752   779 W OptProp : Cannot read opt property android.window.PROPERTY_COMPAT_ALLOW_RESIZEABLE_ACTIVITY_OVERRIDES
02-19 19:47:29.515   752   779 W OptProp : Cannot read opt property android.window.PROPERTY_COMPAT_ALLOW_MIN_ASPECT_RATIO_OVERRIDE
02-19 19:47:29.528   752   779 W OptProp : Cannot read opt property android.window.PROPERTY_COMPAT_ALLOW_ORIENTATION_OVERRIDE
02-19 19:47:29.534   531   602 I BpBinder: onLastStrongRef automatically unlinking death recipients: 
02-19 19:47:29.543  4449  4467 V WindowManagerShell: Transition requested (#819): android.os.BinderProxy@8262767 TransitionRequestInfo { type = OPEN, triggerTask = TaskInfo{userId=0 taskId=83 effectiveUid=10217 displayId=0 isRunning=true baseIntent=Intent { act=android.intent.action.VIEW dat=intoss://takealook/... flg=0x10000000 cmp=viva.republica.toss.test/im.toss.rn.granite.core.GraniteActivity } baseActivity=ComponentInfo{viva.republica.toss.test/im.toss.rn.granite.core.GraniteActivity} topActivity=ComponentInfo{viva.republica.toss.test/viva.republica.toss.test.MiniAppSchemeActivity} origActivity=null realActivity=ComponentInfo{viva.republica.toss.test/im.toss.rn.granite.core.GraniteActivity} numActivities=2 lastActiveTime=109523378 supportsMultiWindow=true resizeMode=1 isResizeable=true minWidth=-1 minHeight=-1 defaultMinSize=220 token=WCT{android.window.IWindowContainerToken$Stub$Proxy@8ea5914} topActivityType=1 pictureInPictureParams=null shouldDockBigOverlays=false launchIntoPipHostTaskId=-1 lastParentTaskIdBeforePip=-1 displayCutoutSafeInsets=Rect(0, 0 - 0, 0) topActivityInfo=ActivityInfo{c6435bd viva.republica.toss.test.MiniAppSchemeActivity} launchCookies=[] positionInParent=Point(0, 0) parentTaskId=-1 isFocused=true isVisible=true isVisibleRequested=true isTopActivityNoDisplay=false isSleeping=false locusId=null displayAreaFeatureId=1 isTopActivityTransparent=true isActivityStackTransparent=false lastNonFullscreenBounds=Rect(284, 660 - 796, 1740) capturedLink=null capturedLinkTimestamp=0 requestedVisibleTypes=-9 topActivityRequestOpenInBrowserEducationTimestamp=0 appCompatTaskInfo=AppCompatTaskInfo { topActivityInSizeCompat=false eligibleForLetterboxEducation= false isLetterboxEducationEnabled= true isLetterboxDoubleTapEnabled= false eligibleForUserAspectRatioButton= false topActivityBoundsLetterboxed= false isFromLetterboxDoubleTap= false topActivityLetterboxVerticalPosition= -1 topActivityLetterboxHorizontalPosition= -1 topActivityLetterboxWidth=-1 topActivityLetterboxHeight=-1 topActivityAppBounds=Rect(0, 0 - 1080, 2400) isUserFullscreenOverrideEnabled=false isSystemFullscreenOverrideEnabled=false hasMinAspectRatioOverride=false topActivityLetterboxBounds=null cameraCompatTaskInfo=CameraCompatTaskInfo { freeformCameraCompatMode=inactive}} topActivityMainWindowFrame=null}, pipChange = null, remoteTransition = null, displayChange = null, flags = 0, debugId = 819 }
02-19 19:47:29.544  4449  4467 D ShellSplitScreen: logExit: no-op, mLoggerSessionId is null
02-19 19:47:29.544   752   779 I ActivityTaskManager: START u0 {act=android.intent.action.VIEW dat=intoss://takealook/... flg=0x10000000 xflg=0x4 pkg=viva.republica.toss.test cmp=viva.republica.toss.test/.MiniAppSchemeActivity} with LAUNCH_MULTIPLE from uid 2000 (BAL_ALLOW_PERMISSION) result code=0
02-19 19:47:29.578   531   531 I BpBinder: onLastStrongRef automatically unlinking death recipients: 
02-19 19:47:29.581   752  1095 D BackgroundInstallControlService: Package event received: 0
02-19 19:47:29.581   752  1509 W OptProp : Cannot read opt property android.window.PROPERTY_COMPAT_ENABLE_FAKE_FOCUS
02-19 19:47:29.600 21985 21985 W WindowOnBackDispatcher: sendCancelIfRunning: isInProgress=false callback=android.view.ViewRootImpl$$ExternalSyntheticLambda13@5d4d344
02-19 19:47:29.605   752  1509 D CoreBackPreview: Window{4b48ba4 u0 PopupWindow:f8211f1}: Setting back callback null
02-19 19:47:29.636   752  1095 D BackgroundInstallControlService: Package event received: 0
02-19 19:47:29.636   752  1095 D BackgroundInstallControlService: Package event received: 0
02-19 19:47:29.827   752  1509 D CoreBackPreview: Window{f2da5a5 u0 viva.republica.toss.test/viva.republica.toss.test.MiniAppSchemeActivity}: Setting back callback OnBackInvokedCallbackInfo{mCallback=android.window.IOnBackInvokedCallback$Stub$Proxy@fa4492b, mPriority=0, mIsAnimationCallback=false, mOverrideBehavior=0}
02-19 19:47:29.933  4449 22842 V WindowManagerShell: onTransitionReady(transaction=3229815430706)
02-19 19:47:29.935  4449  4467 V WindowManagerShell: onTransitionReady (#819) android.os.BinderProxy@8262767: {id=819 t=OPEN f=0x0 trk=0 r=[0@Point(0, 0)] c=[
02-19 19:47:29.935  4449  4467 V WindowManagerShell:         {m=OPEN f=TRANSLUCENT|FILLS_TASK leash=Surface(name=ActivityRecord{260224691 u0 viva.republica.toss.test/.MiniAppSchemeActivity)/@0xc38a7b2 sb=Rect(0, 0 - 0, 0) eb=Rect(0, 0 - 1080, 2400) epz=Point(1080, 2400) d=-1->0 r=-1->0:-1 bc=ffffffff component=viva.republica.toss.test/.MiniAppSchemeActivity opt={t=FROM_STYLE mUserId=0}}
02-19 19:47:29.935  4449  4467 V WindowManagerShell:     ]}
02-19 19:47:29.935  4449  4467 V WindowManagerShell: Playing animation for (#819) android.os.BinderProxy@8262767@0
02-19 19:47:29.935  4449  4467 V ShellRecents: RecentsTransitionHandler.startAnimation: no controller found
02-19 19:47:29.935  4449  4467 V WindowManagerShell: Transition doesn't have explicit remote, search filters for match for {id=819 t=OPEN f=0x0 trk=0 r=[0@Point(0, 0)] c=[{m=OPEN f=TRANSLUCENT|FILLS_TASK leash=Surface(name=ActivityRecord{260224691 u0 viva.republica.toss.test/.MiniAppSchemeActivity)/@0xc38a7b2 sb=Rect(0, 0 - 0, 0) eb=Rect(0, 0 - 1080, 2400) epz=Point(1080, 2400) d=-1->0 r=-1->0:-1 bc=ffffffff component=viva.republica.toss.test/.MiniAppSchemeActivity opt={t=FROM_STYLE mUserId=0}}]}
02-19 19:47:29.936  4449  4467 V WindowManagerShell:  Checking filter Pair{{types=[] flags=0x0] notFlags=0x0 checks=[{atype=undefined independent=true modes=[CLOSE,TO_BACK] flags=IN_TASK_WITH_EMBEDDED_ACTIVITY mustBeTask=false order=ANY topActivity=null launchCookie=null taskFragmentToken=android.os.BinderProxy@71546f0 windowingMode=undefined}]} RemoteTransition { remoteTransition = android.window.IRemoteTransition$Stub$Proxy@d4c8469, appThread = android.app.IApplicationThread$Stub$Proxy@c228eee, debugName = overlayBackTransition }}
02-19 19:47:29.936  4449  4467 V WindowManagerShell:  Checking filter Pair{{types=[] flags=0x0] notFlags=0x0 checks=[{atype=dream independent=true modes=[OPEN,TO_FRONT] flags=NONE mustBeTask=false order=ANY topActivity=null launchCookie=null windowingMode=undefined},{atype=home independent=true modes=[CLOSE,TO_BACK] flags=NONE mustBeTask=false order=ANY topActivity=null launchCookie=null windowingMode=undefined}]} RemoteTransition { remoteTransition = android.window.IRemoteTransition$Stub$Proxy@c578f8f, appThread = android.app.IApplicationThread$Stub$Proxy@69fe21c, debugName = LauncherToDream }}
02-19 19:47:29.936  4449  4467 V WindowManagerShell:  Checking filter Pair{{types=[] flags=0x0] notFlags=0x100 checks=[{atype=home independent=true modes=[OPEN,TO_FRONT] flags=NONE mustBeTask=false order=TOP topActivity=ComponentInfo{com.google.android.apps.nexuslauncher/com.google.android.apps.nexuslauncher.NexusLauncherActivity} launchCookie=null windowingMode=undefined},{atype=standard independent=true modes=[CLOSE,TO_BACK] flags=NONE mustBeTask=false order=ANY topActivity=null launchCookie=null windowingMode=undefined},{NOT atype=undefined independent=true modes=[] flags=NONE mustBeTask=true order=ANY topActivity=null launchCookie=null customAnim=true windowingMode=undefined}]} RemoteTransition { remoteTransition = android.window.IRemoteTransition$Stub$Proxy@69ffe25, appThread = android.app.IApplicationThread$Stub$Proxy@72cabfa, debugName = QuickstepLaunchHome }}
02-19 19:47:29.936  4449  4467 V WindowManagerShell:  Checking filter Pair{{types=[] flags=0x0] notFlags=0x0 checks=[{atype=undefined independent=true modes=[CLOSE,TO_BACK] flags=IN_TASK_WITH_EMBEDDED_ACTIVITY mustBeTask=false order=ANY topActivity=null launchCookie=null taskFragmentToken=android.os.BinderProxy@71546f0 windowingMode=undefined}]} RemoteTransition { remoteTransition = android.window.IRemoteTransition$Stub$Proxy@7c795ab, appThread = android.app.IApplicationThread$Stub$Proxy@cd70408, debugName = overlayBackTransition }}
02-19 19:47:29.936  4449  4467 V WindowManagerShell:  Checking filter Pair{{types=[] flags=0x0] notFlags=0x0 checks=[{atype=dream independent=true modes=[OPEN,TO_FRONT] flags=NONE mustBeTask=false order=ANY topActivity=null launchCookie=null windowingMode=undefined},{atype=home independent=true modes=[CLOSE,TO_BACK] flags=NONE mustBeTask=false order=ANY topActivity=null launchCookie=null windowingMode=undefined}]} RemoteTransition { remoteTransition = android.window.IRemoteTransition$Stub$Proxy@f757a1, appThread = android.app.IApplicationThread$Stub$Proxy@d898dc6, debugName = LauncherToDream }}
02-19 19:47:29.936  4449  4467 V WindowManagerShell:  Checking filter Pair{{types=[] flags=0x0] notFlags=0x100 checks=[{atype=home independent=true modes=[OPEN,TO_FRONT] flags=NONE mustBeTask=false order=TOP topActivity=ComponentInfo{com.google.android.apps.nexuslauncher/com.google.android.apps.nexuslauncher.NexusLauncherActivity} launchCookie=null windowingMode=undefined},{atype=standard independent=true modes=[CLOSE,TO_BACK] flags=NONE mustBeTask=false order=ANY topActivity=null launchCookie=null windowingMode=undefined},{NOT atype=undefined independent=true modes=[] flags=NONE mustBeTask=true order=ANY topActivity=null launchCookie=null customAnim=true windowingMode=undefined}]} RemoteTransition { remoteTransition = android.window.IRemoteTransition$Stub$Proxy@9e7e187, appThread = android.app.IApplicationThread$Stub$Proxy@3dc58b4, debugName = QuickstepLaunchHome }}
02-19 19:47:29.936  4449  4467 V WindowManagerShell:  Delegate animation for (#819) to null
02-19 19:47:29.936  4449  4467 V WindowManagerShell: start default transition animation, info = {id=819 t=OPEN f=0x0 trk=0 r=[0@Point(0, 0)] c=[{m=OPEN f=TRANSLUCENT|FILLS_TASK leash=Surface(name=ActivityRecord{260224691 u0 viva.republica.toss.test/.MiniAppSchemeActivity)/@0xc38a7b2 sb=Rect(0, 0 - 0, 0) eb=Rect(0, 0 - 1080, 2400) epz=Point(1080, 2400) d=-1->0 r=-1->0:-1 bc=ffffffff component=viva.republica.toss.test/.MiniAppSchemeActivity opt={t=FROM_STYLE mUserId=0}}]}
02-19 19:47:29.937  4449  4467 V WindowManagerShell: loadAnimation: anim=null animAttr=0x4 type=OPEN isEntrance=true
02-19 19:47:29.937   752   794 I ActivityTaskManager: Displayed viva.republica.toss.test/.MiniAppSchemeActivity for user 0: +418ms
02-19 19:47:29.938  4449  4467 V WindowManagerShell: Transition animation finished (aborted=false), notifying core (#819) android.os.BinderProxy@8262767@0
02-19 19:47:29.942   752   794 V WindowManager: Sent Transition (#819) createdAt=02-19 19:47:29.517 via request=TransitionRequestInfo { type = OPEN, triggerTask = TaskInfo{userId=0 taskId=83 effectiveUid=10217 displayId=0 isRunning=true baseIntent=Intent { act=android.intent.action.VIEW dat=intoss://takealook/... flg=0x10000000 cmp=viva.republica.toss.test/im.toss.rn.granite.core.GraniteActivity } baseActivity=ComponentInfo{viva.republica.toss.test/im.toss.rn.granite.core.GraniteActivity} topActivity=ComponentInfo{viva.republica.toss.test/viva.republica.toss.test.MiniAppSchemeActivity} origActivity=null realActivity=ComponentInfo{viva.republica.toss.test/im.toss.rn.granite.core.GraniteActivity} numActivities=2 lastActiveTime=109523378 supportsMultiWindow=true resizeMode=1 isResizeable=true minWidth=-1 minHeight=-1 defaultMinSize=220 token=WCT{RemoteToken{c771155 Task{e297d2d #83 type=standard A=10217:viva.republica.toss.test}}} topActivityType=1 pictureInPictureParams=null shouldDockBigOverlays=false launchIntoPipHostTaskId=-1 lastParentTaskIdBeforePip=-1 displayCutoutSafeInsets=Rect(0, 0 - 0, 0) topActivityInfo=ActivityInfo{5e67746 viva.republica.toss.test.MiniAppSchemeActivity} launchCookies=[] positionInParent=Point(0, 0) parentTaskId=-1 isFocused=true isVisible=true isVisibleRequested=true isTopActivityNoDisplay=false isSleeping=false locusId=null displayAreaFeatureId=1 isTopActivityTransparent=true isActivityStackTransparent=false lastNonFullscreenBounds=Rect(284, 660 - 796, 1740) capturedLink=null capturedLinkTimestamp=0 requestedVisibleTypes=-9 topActivityRequestOpenInBrowserEducationTimestamp=0 appCompatTaskInfo=AppCompatTaskInfo { topActivityInSizeCompat=false eligibleForLetterboxEducation= false isLetterboxEducationEnabled= true isLetterboxDoubleTapEnabled= false eligibleForUserAspectRatioButton= false topActivityBoundsLetterboxed= false isFromLetterboxDoubleTap= false topActivityLetterboxVerticalPosition= -1 topActivityLetterboxHorizontalPosition= -1 topActivityLetterboxWidth=-1 topActivityLetterboxHeight=-1 topActivityAppBounds=Rect(0, 0 - 1080, 2400) isUserFullscreenOverrideEnabled=false isSystemFullscreenOverrideEnabled=false hasMinAspectRatioOverride=false topActivityLetterboxBounds=null cameraCompatTaskInfo=CameraCompatTaskInfo { freeformCameraCompatMode=inactive}} topActivityMainWindowFrame=null}, pipChange = null, remoteTransition = null, displayChange = null, flags = 0, debugId = 819 }
02-19 19:47:29.942   752   794 V WindowManager:     startWCT=WindowContainerTransaction { changes= {} hops= [] errorCallbackToken=null taskFragmentOrganizer=null }
02-19 19:47:29.943   752   794 V WindowManager:     info={id=819 t=OPEN f=0x0 trk=0 r=[0@Point(0, 0)] c=[
02-19 19:47:29.943   752   794 V WindowManager:         {m=OPEN f=TRANSLUCENT|FILLS_TASK leash=Surface(name=ActivityRecord{260224691 u0 viva.republica.toss.test/.MiniAppSchemeActivity)/@0x9807188 sb=Rect(0, 0 - 0, 0) eb=Rect(0, 0 - 1080, 2400) epz=Point(1080, 2400) d=-1->0 r=-1->0:-1 bc=ffffffff component=viva.republica.toss.test/.MiniAppSchemeActivity opt={t=FROM_STYLE mUserId=0}}
02-19 19:47:29.943   752   794 V WindowManager:     ]}
02-19 19:47:29.960   752   989 I ImeTracker: viva.republica.toss.test:eaccfff9: onRequestHide at ORIGIN_SERVER reason HIDE_UNSPECIFIED_WINDOW fromUser false
02-19 19:47:29.970 21985 21985 D InsetsController: hide(ime(), fromIme=false)
02-19 19:47:29.971 21985 21985 I ImeTracker: viva.republica.toss.test:eaccfff9: onCancelled at PHASE_CLIENT_ALREADY_HIDDEN
02-19 19:47:29.971   752   794 V WindowManager: Finish Transition (#819): created at 02-19 19:47:29.517 collect-started=0.168ms request-sent=24.461ms started=34.328ms ready=71.846ms sent=414.691ms commit=13.383ms finished=442.522ms
02-19 19:47:29.980  4449  4467 V WindowManagerShell: Track 0 became idle
02-19 19:47:29.980  4449  4467 V WindowManagerShell: All active transition animations finished
02-19 19:47:29.980  4449  4467 V WindowManagerShell:  animated by com.android.wm.shell.transition.DefaultTransitionHandler@f74d823
02-19 19:47:29.980  4449  4467 V WindowManagerShell: Track 0 became idle
02-19 19:47:29.980  4449  4467 V WindowManagerShell: All active transition animations finished
02-19 19:47:30.012 20022 20022 I GoogleInputMethodService: GoogleInputMethodService.onFinishInput():2043 
02-19 19:47:30.030 20022 20022 I Module  : DeviceLockedStatusModuleProvider$Module.updateDeviceLockedStatus():100 repeatCheckTimes = 0, locked = false
02-19 19:47:30.032   752  2375 I ImeTracker: system_server:8d1aaa94: onRequestHide at ORIGIN_SERVER reason IME_REQUESTED_CHANGED_LISTENER fromUser false
02-19 19:47:30.036   752   797 I ImeTracker: system_server:8d1aaa94: onCancelled at PHASE_SERVER_SHOULD_HIDE
02-19 19:47:30.040 20022 20022 I GoogleInputMethodService: GoogleInputMethodService.onStartInput():1293 onStartInput(EditorInfo{EditorInfo{packageName=viva.republica.toss.test, inputType=0, inputTypeString=NULL, enableLearning=false, autoCorrection=false, autoComplete=false, imeOptions=0, privateImeOptions=null, actionName=UNSPECIFIED, actionLabel=null, initialSelStart=-1, initialSelEnd=-1, initialCapsMode=0, label=null, fieldId=0, fieldName=null, extras=null, hintText=null, hintLocales=[]}}, false)
02-19 19:47:30.043 20022 20022 I EmojiCompatManager: EmojiCompatManager.getEmojiCompatIfLoaded():343 EmojiCompat.init() was never called.
02-19 19:47:30.043 20022 20022 I EmojiCompatManager: java.lang.IllegalStateException: EmojiCompat is not initialized. Please call EmojiCompat.init() first
02-19 19:47:30.043 20022 20022 I EmojiCompatManager: 	at asx.p(PG:6)
02-19 19:47:30.043 20022 20022 I EmojiCompatManager: 	at axb.b(PG:13)
02-19 19:47:30.043 20022 20022 I EmojiCompatManager: 	at jnr.b(PG:2)
02-19 19:47:30.043 20022 20022 I EmojiCompatManager: 	at jnr.c(PG:4)
02-19 19:47:30.043 20022 20022 I EmojiCompatManager: 	at jnr.f(PG:3)
02-19 19:47:30.043 20022 20022 I EmojiCompatManager: 	at jnx.c(PG:3)
02-19 19:47:30.043 20022 20022 I EmojiCompatManager: 	at kif.cz(PG:47)
02-19 19:47:30.043 20022 20022 I EmojiCompatManager: 	at lhl.run(PG:1025)
02-19 19:47:30.043 20022 20022 I EmojiCompatManager: 	at jaf.execute(PG:12)
02-19 19:47:30.043 20022 20022 I EmojiCompatManager: 	at nco.v(PG:13)
02-19 19:47:30.043 20022 20022 I EmojiCompatManager: 	at lhn.m(PG:96)
02-19 19:47:30.043 20022 20022 I EmojiCompatManager: 	at lhn.k(PG:25)
02-19 19:47:30.043 20022 20022 I EmojiCompatManager: 	at kgn.onStartInput(PG:250)
02-19 19:47:30.043 20022 20022 I EmojiCompatManager: 	at android.inputmethodservice.InputMethodService.doStartInput(InputMethodService.java:3521)
02-19 19:47:30.043 20022 20022 I EmojiCompatManager: 	at android.inputmethodservice.InputMethodService$InputMethodImpl.startInput(InputMethodService.java:879)
02-19 19:47:30.043 20022 20022 I EmojiCompatManager: 	at android.inputmethodservice.InputMethodService$InputMethodImpl.dispatchStartInput(InputMethodService.java:908)
02-19 19:47:30.043 20022 20022 I EmojiCompatManager: 	at android.inputmethodservice.IInputMethodWrapper.executeMessage(IInputMethodWrapper.java:201)
02-19 19:47:30.043 20022 20022 I EmojiCompatManager: 	at com.android.internal.os.HandlerCaller$MyHandler.handleMessage(HandlerCaller.java:44)
02-19 19:47:30.043 20022 20022 I EmojiCompatManager: 	at android.os.Handler.dispatchMessage(Handler.java:110)
02-19 19:47:30.043 20022 20022 I EmojiCompatManager: 	at android.os.Looper.loopOnce(Looper.java:248)
02-19 19:47:30.043 20022 20022 I EmojiCompatManager: 	at android.os.Looper.loop(Looper.java:338)
02-19 19:47:30.043 20022 20022 I EmojiCompatManager: 	at android.app.ActivityThread.main(ActivityThread.java:9067)
02-19 19:47:30.043 20022 20022 I EmojiCompatManager: 	at java.lang.reflect.Method.invoke(Native Method)
02-19 19:47:30.043 20022 20022 I EmojiCompatManager: 	at com.android.internal.os.RuntimeInit$MethodAndArgsCaller.run(RuntimeInit.java:593)
02-19 19:47:30.043 20022 20022 I EmojiCompatManager: 	at com.android.internal.os.ZygoteInit.main(ZygoteInit.java:932)
02-19 19:47:30.044 20022 20022 I Module  : DeviceLockedStatusModuleProvider$Module.updateDeviceLockedStatus():100 repeatCheckTimes = 1, locked = false
02-19 19:47:30.049   752  2375 W PackageConfigPersister: App-specific configuration not found for packageName: viva.republica.toss.test and userId: 0
02-19 19:47:30.091   752  2375 V GrammaticalInflectionUtils: AttributionSource: android.content.AttributionSource@56784557 does not have READ_SYSTEM_GRAMMATICAL_GENDER permission.
02-19 19:47:30.092   752  2375 W OptProp : Cannot read opt property android.window.PROPERTY_COMPAT_ALLOW_USER_ASPECT_RATIO_OVERRIDE
02-19 19:47:30.093   752  2375 W OptProp : Cannot read opt property android.window.PROPERTY_COMPAT_ALLOW_USER_ASPECT_RATIO_FULLSCREEN_OVERRIDE
02-19 19:47:30.093   752  2375 W OptProp : Cannot read opt property android.window.PROPERTY_COMPAT_ALLOW_RESIZEABLE_ACTIVITY_OVERRIDES
02-19 19:47:30.093   752  2375 W OptProp : Cannot read opt property android.window.PROPERTY_COMPAT_ALLOW_MIN_ASPECT_RATIO_OVERRIDE
02-19 19:47:30.099   752  2375 W OptProp : Cannot read opt property android.window.PROPERTY_COMPAT_ALLOW_ORIENTATION_OVERRIDE
02-19 19:47:30.113   752  2375 I ActivityTaskManager: START u0 {act=android.intent.action.VIEW dat=intoss://takealook/... xflg=0x4 cmp=viva.republica.toss.test/im.toss.rn.granite.core.GraniteActivity (has extras)} with LAUNCH_MULTIPLE from uid 10217 (sr=260224691) (BAL_ALLOW_VISIBLE_WINDOW) result code=0
