--------- beginning of main
02-19 22:27:26.250 19166 19166 D SsBaseTemplateCard: Passed-in item info is null
02-19 22:27:26.250 19166 19166 I SsBaseTemplateCard: Secondary card pane is null
02-19 22:27:26.252  9538  9545 W blica.toss.test: Suspending all threads took: 13.912ms
--------- beginning of system
02-19 22:27:26.269   752   794 V WindowManager: Sent Transition (#1175) createdAt=02-19 22:27:26.020 via request=TransitionRequestInfo { type = CLOSE, triggerTask = TaskInfo{userId=0 taskId=202 effectiveUid=10217 displayId=0 isRunning=false baseIntent=Intent { act=android.intent.action.VIEW dat=intoss://takealook/... flg=0x10000000 cmp=viva.republica.toss.test/im.toss.rn.granite.core.GraniteActivity } baseActivity=null topActivity=null origActivity=null realActivity=ComponentInfo{viva.republica.toss.test/im.toss.rn.granite.core.GraniteActivity} numActivities=0 lastActiveTime=119114935 supportsMultiWindow=true resizeMode=1 isResizeable=true minWidth=-1 minHeight=-1 defaultMinSize=220 token=WCT{RemoteToken{8f01b85 Task{59de334 #202 type=standard A=10217:viva.republica.toss.test}}} topActivityType=1 pictureInPictureParams=null shouldDockBigOverlays=false launchIntoPipHostTaskId=-1 lastParentTaskIdBeforePip=-1 displayCutoutSafeInsets=Rect(0, 0 - 0, 0) topActivityInfo=null launchCookies=[] positionInParent=Point(0, 0) parentTaskId=-1 isFocused=true isVisible=true isVisibleRequested=true isTopActivityNoDisplay=false isSleeping=false locusId=null displayAreaFeatureId=1 isTopActivityTransparent=false isActivityStackTransparent=true lastNonFullscreenBounds=Rect(284, 660 - 796, 1740) capturedLink=null capturedLinkTimestamp=0 requestedVisibleTypes=-9 topActivityRequestOpenInBrowserEducationTimestamp=0 appCompatTaskInfo=AppCompatTaskInfo { topActivityInSizeCompat=false eligibleForLetterboxEducation= false isLetterboxEducationEnabled= false isLetterboxDoubleTapEnabled= false eligibleForUserAspectRatioButton= false topActivityBoundsLetterboxed= false isFromLetterboxDoubleTap= false topActivityLetterboxVerticalPosition= -1 topActivityLetterboxHorizontalPosition= -1 topActivityLetterboxWidth=-1 topActivityLetterboxHeight=-1 topActivityAppBounds=Rect(0, 0 - 0, 0) isUserFullscreenOverrideEnabled=false isSystemFullscreenOverrideEnabled=false hasMinAspectRatioOverride=false topActivityLetterboxBounds=null cameraCompatTaskInfo=CameraCompatTaskInfo { freeformCameraCompatMode=undefined}} topActivityMainWindowFrame=null}, pipChange = null, remoteTransition = null, displayChange = null, flags = 0, debugId = 1175 }
02-19 22:27:26.269   752   794 V WindowManager:     startWCT=WindowContainerTransaction { changes= {} hops= [] errorCallbackToken=null taskFragmentOrganizer=null }
02-19 22:27:26.269   752   794 V WindowManager:     info={id=1175 t=CLOSE f=0x0 trk=0 r=[0@Point(0, 0)] c=[
02-19 22:27:26.269   752   794 V WindowManager:         {WCT{RemoteToken{5218fe8 Task{dd43522 #1 type=home}}} m=TO_FRONT f=SHOW_WALLPAPER|MOVE_TO_TOP leash=Surface(name=Task=1)/@0x8ddbd2e sb=Rect(0, 0 - 1080, 2400) eb=Rect(0, 0 - 1080, 2400) epz=Point(1080, 2400) d=0 taskParent=-1},
02-19 22:27:26.269   752   794 V WindowManager:         {WCT{RemoteToken{8f01b85 Task{59de334 #202 type=standard A=10217:viva.republica.toss.test}}} m=CLOSE f=NONE leash=Surface(name=Task=202)/@0x7d955ef sb=Rect(0, 0 - 1080, 2400) eb=Rect(0, 0 - 1080, 2400) epz=Point(1080, 2400) d=0 taskParent=-1},
02-19 22:27:26.269   752   794 V WindowManager:         {m=TO_FRONT f=IS_WALLPAPER leash=Surface(name=WallpaperWindowToken{35e0c0f showWhenLocked=false})/@0x512f5be sb=Rect(0, 0 - 1080, 2400) eb=Rect(0, 0 - 1080, 2400) epz=Point(1080, 2400) d=0}
02-19 22:27:26.269   752   794 V WindowManager:     ]}
02-19 22:27:26.270   615 21625 W IPCThreadState: Sending oneway calls to frozen process.
02-19 22:27:26.283  4449  4467 V WindowManagerShell:  animated by com.android.wm.shell.transition.RemoteTransitionHandler@ef09705
02-19 22:27:26.297   752   795 W Looper  : Slow dispatch took 154ms android.ui app=system_server main=false group=TOP_APP h=com.android.server.am.ActivityManagerService$UiHandler c=com.android.server.am.UidObserverController$$ExternalSyntheticLambda0@6a2cd6d m=0
02-19 22:27:26.325 19166 19166 D StateManager: createAtomicAnimation - fromState: Background, toState: Normal, partial trace:
02-19 22:27:26.325 19166 19166 D StateManager: 	at com.android.quickstep.util.ScalingWorkspaceRevealAnim.<init>(go/retraceme 72a59688580715d19f0e415c69e80376c2f062d1648c80db6730905005a27c20:39)
02-19 22:27:26.325 19166 19166 D StateManager: 	at com.android.launcher3.QuickstepTransitionManager.createWallpaperOpenAnimations(go/retraceme 72a59688580715d19f0e415c69e80376c2f062d1648c80db6730905005a27c20:168)
02-19 22:27:26.325 19166 19166 D StateManager: 	at com.android.launcher3.QuickstepTransitionManager$WallpaperOpenLauncherAnimationRunner.onAnimationStart(go/retraceme 72a59688580715d19f0e415c69e80376c2f062d1648c80db6730905005a27c20:17)
02-19 22:27:26.329 19166 19190 I s.nexuslauncher: AssetManager2(0x7d8fac43ff18) locale list changing from [] to [en-US]
02-19 22:27:26.330 19166 19166 D b/311077782: LauncherAnimationRunner.setAnimation
02-19 22:27:26.351   752   989 I ImeTracker: com.google.android.apps.nexuslauncher:6ccec6b5: onRequestHide at ORIGIN_SERVER reason HIDE_UNSPECIFIED_WINDOW fromUser false
02-19 22:27:26.394   531   531 I BpBinder: onLastStrongRef automatically unlinking death recipients: 
02-19 22:27:26.412 20022 20022 I GoogleInputMethodService: GoogleInputMethodService.onFinishInput():2043 
02-19 22:27:26.415 19166 19166 D InsetsController: hide(ime(), fromIme=false)
02-19 22:27:26.415 19166 19166 I ImeTracker: com.google.android.apps.nexuslauncher:6ccec6b5: onCancelled at PHASE_CLIENT_ALREADY_HIDDEN
02-19 22:27:26.417 19166 19190 W HWUI    : Image decoding logging dropped!
02-19 22:27:26.419 20022 20022 I Module  : DeviceLockedStatusModuleProvider$Module.updateDeviceLockedStatus():100 repeatCheckTimes = 0, locked = false
02-19 22:27:26.422   752  1789 I ImeTracker: system_server:5ee93daa: onRequestHide at ORIGIN_SERVER reason IME_REQUESTED_CHANGED_LISTENER fromUser false
02-19 22:27:26.439   752   797 I ImeTracker: system_server:5ee93daa: onCancelled at PHASE_SERVER_SHOULD_HIDE
02-19 22:27:26.442 20022 20022 I GoogleInputMethodService: GoogleInputMethodService.onStartInput():1293 onStartInput(EditorInfo{EditorInfo{packageName=com.google.android.apps.nexuslauncher, inputType=0, inputTypeString=NULL, enableLearning=false, autoCorrection=false, autoComplete=false, imeOptions=0, privateImeOptions=null, actionName=UNSPECIFIED, actionLabel=null, initialSelStart=-1, initialSelEnd=-1, initialCapsMode=0, label=null, fieldId=0, fieldName=null, extras=null, hintText=null, hintLocales=[]}}, false)
02-19 22:27:26.449 20022 20022 I EmojiCompatManager: EmojiCompatManager.getEmojiCompatIfLoaded():343 EmojiCompat.init() was never called.
02-19 22:27:26.449 20022 20022 I EmojiCompatManager: java.lang.IllegalStateException: EmojiCompat is not initialized. Please call EmojiCompat.init() first
02-19 22:27:26.449 20022 20022 I EmojiCompatManager: 	at asx.p(PG:6)
02-19 22:27:26.449 20022 20022 I EmojiCompatManager: 	at axb.b(PG:13)
02-19 22:27:26.449 20022 20022 I EmojiCompatManager: 	at jnr.b(PG:2)
02-19 22:27:26.449 20022 20022 I EmojiCompatManager: 	at jnr.c(PG:4)
02-19 22:27:26.449 20022 20022 I EmojiCompatManager: 	at jnr.f(PG:3)
02-19 22:27:26.449 20022 20022 I EmojiCompatManager: 	at jnx.c(PG:3)
02-19 22:27:26.449 20022 20022 I EmojiCompatManager: 	at kif.cz(PG:47)
02-19 22:27:26.449 20022 20022 I EmojiCompatManager: 	at lhl.run(PG:1025)
02-19 22:27:26.449 20022 20022 I EmojiCompatManager: 	at jaf.execute(PG:12)
02-19 22:27:26.449 20022 20022 I EmojiCompatManager: 	at nco.v(PG:13)
02-19 22:27:26.449 20022 20022 I EmojiCompatManager: 	at lhn.m(PG:96)
02-19 22:27:26.449 20022 20022 I EmojiCompatManager: 	at lhn.k(PG:25)
02-19 22:27:26.449 20022 20022 I EmojiCompatManager: 	at kgn.onStartInput(PG:250)
02-19 22:27:26.449 20022 20022 I EmojiCompatManager: 	at android.inputmethodservice.InputMethodService.doStartInput(InputMethodService.java:3521)
02-19 22:27:26.449 20022 20022 I EmojiCompatManager: 	at android.inputmethodservice.InputMethodService$InputMethodImpl.startInput(InputMethodService.java:879)
02-19 22:27:26.449 20022 20022 I EmojiCompatManager: 	at android.inputmethodservice.InputMethodService$InputMethodImpl.dispatchStartInput(InputMethodService.java:908)
02-19 22:27:26.449 20022 20022 I EmojiCompatManager: 	at android.inputmethodservice.IInputMethodWrapper.executeMessage(IInputMethodWrapper.java:201)
02-19 22:27:26.449 20022 20022 I EmojiCompatManager: 	at com.android.internal.os.HandlerCaller$MyHandler.handleMessage(HandlerCaller.java:44)
02-19 22:27:26.449 20022 20022 I EmojiCompatManager: 	at android.os.Handler.dispatchMessage(Handler.java:110)
02-19 22:27:26.449 20022 20022 I EmojiCompatManager: 	at android.os.Looper.loopOnce(Looper.java:248)
02-19 22:27:26.449 20022 20022 I EmojiCompatManager: 	at android.os.Looper.loop(Looper.java:338)
02-19 22:27:26.449 20022 20022 I EmojiCompatManager: 	at android.app.ActivityThread.main(ActivityThread.java:9067)
02-19 22:27:26.449 20022 20022 I EmojiCompatManager: 	at java.lang.reflect.Method.invoke(Native Method)
02-19 22:27:26.449 20022 20022 I EmojiCompatManager: 	at com.android.internal.os.RuntimeInit$MethodAndArgsCaller.run(RuntimeInit.java:593)
02-19 22:27:26.449 20022 20022 I EmojiCompatManager: 	at com.android.internal.os.ZygoteInit.main(ZygoteInit.java:932)
02-19 22:27:26.457 20022 20022 I Module  : DeviceLockedStatusModuleProvider$Module.updateDeviceLockedStatus():100 repeatCheckTimes = 1, locked = false
02-19 22:27:26.471   752  2368 W PackageConfigPersister: App-specific configuration not found for packageName: com.google.android.apps.nexuslauncher and userId: 0
02-19 22:27:27.047  9538  9673 D nativeloader: Load /data/app/~~NUQj-rdXzuicW-16SIRtKA==/viva.republica.toss.test-Si406wFvb_sqEA2GTBV6RQ==/lib/x86_64/libc++_shared.so using class loader ns clns-9 (caller=<unknown>): ok
02-19 22:27:27.193   752  1029 D InetDiagMessage: Destroyed 0 sockets, proto=IPPROTO_TCP, family=AF_INET, states=14
02-19 22:27:27.194   752  1029 D InetDiagMessage: Destroyed 0 sockets, proto=IPPROTO_TCP, family=AF_INET6, states=14
02-19 22:27:27.194   752  1029 D InetDiagMessage: Destroyed live tcp sockets for uids={10168} in 1ms
02-19 22:27:27.194   752  1029 D InetDiagMessage: Destroyed 0 sockets, proto=IPPROTO_TCP, family=AF_INET, states=14
02-19 22:27:27.195   752  1029 D InetDiagMessage: Destroyed 0 sockets, proto=IPPROTO_TCP, family=AF_INET6, states=14
02-19 22:27:27.195   752  1029 D InetDiagMessage: Destroyed live tcp sockets for uids={20168} in 2ms
02-19 22:27:27.322 19166 19166 D ScalingWorkspaceRevealAnim: alpha of workspace at the end of animation: 1.0
02-19 22:27:27.327  4449  4467 V WindowManagerShell: Transition animation finished (aborted=false), notifying core (#1175) android.os.BinderProxy@d0ed33a@0
02-19 22:27:27.334   752   794 V WindowManager: Finish Transition (#1175): created at 02-19 22:27:26.020 collect-started=0.093ms request-sent=0.222ms started=16.306ms ready=90.939ms sent=215.784ms commit=41.751ms finished=1312.78ms
02-19 22:27:27.338  9538  9538 D VRI[GraniteActivity]: visibilityChanged oldVisibility=true newVisibility=false
02-19 22:27:27.356  4449  4467 V WindowManagerShell: Track 0 became idle
02-19 22:27:27.357  4449  4467 V WindowManagerShell: All active transition animations finished
02-19 22:27:27.392   752   797 D CompatChangeReporter: Compat change id reported: 151861875; UID 10217; state: ENABLED
02-19 22:27:27.496  9538  9538 W Ads     : Failed to get a preloader. Call MobileAds.initialize() prior to calling preload APIs. @3
02-19 22:27:27.508  9538  9538 W Ads     : Failed to get a preloader. Call MobileAds.initialize() prior to calling preload APIs.
02-19 22:27:27.510  9538  9538 W WindowOnBackDispatcher: sendCancelIfRunning: isInProgress=false callback=android.view.ViewRootImpl$$ExternalSyntheticLambda13@db7b34d
02-19 22:27:27.510   752  2368 D CoreBackPreview: Window{85f46cd u0 viva.republica.toss.test/im.toss.rn.granite.core.GraniteActivity}: Setting back callback null
02-19 22:27:27.513  9538  9538 D ViewRootImpl: Skipping stats log for color mode
02-19 22:27:27.544   752  1095 D BackgroundInstallControlService: Package event received: 0
02-19 22:27:27.597 19166 19166 D RecentsView: onTaskRemoved: 202, not handling task stack changes
02-19 22:27:27.600 19166 19166 D RecentsView: onTaskRemoved: 202, not handling task stack changes
02-19 22:27:27.654   752   795 W ActivityTaskManager: callingPackage for (uid=-1, pid=0) has no WPC
02-19 22:27:27.660   752   795 W ActivityStartInterceptor: Starting home with component specified, uid=0
02-19 22:27:27.661   752   795 W OptProp : Cannot read opt property android.window.PROPERTY_COMPAT_ALLOW_USER_ASPECT_RATIO_OVERRIDE
02-19 22:27:27.661  4449  4449 I vol.VolumeDialogImpl: mDialog.dismiss() reason: volume_controller from: com.android.systemui.volume.VolumeDialogImpl$7.onDismissRequested:3
02-19 22:27:27.661   752   795 W OptProp : Cannot read opt property android.window.PROPERTY_COMPAT_ALLOW_USER_ASPECT_RATIO_FULLSCREEN_OVERRIDE
02-19 22:27:27.661   752   795 W OptProp : Cannot read opt property android.window.PROPERTY_COMPAT_ALLOW_RESIZEABLE_ACTIVITY_OVERRIDES
02-19 22:27:27.662   752   795 W OptProp : Cannot read opt property android.window.PROPERTY_COMPAT_ALLOW_MIN_ASPECT_RATIO_OVERRIDE
02-19 22:27:27.662   752   795 V GrammaticalInflectionUtils: AttributionSource: android.content.AttributionSource@1abea79a does not have READ_SYSTEM_GRAMMATICAL_GENDER permission.
02-19 22:27:27.666  4449  4463 D KeyguardService: setOccluded(false)
02-19 22:27:27.666  4449  4463 D KeyguardViewMediator: setOccluded(false)
02-19 22:27:27.666   752   795 I ActivityTaskManager: START u0 {act=android.intent.action.MAIN cat=[android.intent.category.HOME] flg=0x10000100 cmp=com.google.android.apps.nexuslauncher/.NexusLauncherActivity (has extras)} with LAUNCH_SINGLE_TASK from uid 0 (BAL_ALLOW_ALLOWLISTED_UID) result code=3
02-19 22:27:27.666  4449  4449 D KeyguardViewMediator: handleSetOccluded(false)
02-19 22:27:27.667 19166 19166 W SplitSelectStateCtor: Missing session instanceIds
02-19 22:27:27.667 19166 19166 D StatsLog: LAUNCHER_SPLIT_SELECTION_EXIT_INTERRUPTED
02-19 22:27:27.667  4449  4449 D KeyguardViewMediator: KeyguardViewMediator queue processing message: SET_OCCLUDED
02-19 22:27:27.668 19166 19166 D TFOManager: playPanelCloseAnimation() duration=200 traceTag=LauncherOverlay-hide isHomeButtonTap=true
02-19 22:27:27.668 19166 19166 D TFOManager: Skipped creating panel close animation because -1 is invisible.
02-19 22:27:27.668 19166 19166 D OverviewCommandHelper: clearing pending commands: []
02-19 22:27:27.669  4449  4467 D WindowManagerShell: onActivityRestartAttempt: topActivity=ComponentInfo{com.google.android.apps.nexuslauncher/com.google.android.apps.nexuslauncher.NexusLauncherActivity}, wasVisible=true
02-19 22:27:27.670 19166 19166 D StatsLog: LAUNCHER_ONRESUME
02-19 22:27:27.679 19166 19190 D QuickstepModelDelegate: notifyAppTargetEvent action=1 launchLocation=workspace/0/[-1,-1]/[1,1]
02-19 22:27:27.685  1971  2198 I AiAiEcho: Predicting[0]:  [CONTEXT sampling_count=5 ]
02-19 22:27:27.687  1971  2198 I AiAiEcho: EchoTargets: 
02-19 22:27:27.687  1971  2198 I AiAiEcho: Filtered by AiAi flag check: 
02-19 22:27:27.687  1971  2198 I AiAiEcho: [CONTEXT ratelimit_period="10 SECONDS" ]
02-19 22:27:27.687  1971  2198 I AiAiEcho: #remoteViewsTwiddler: feature disabled.
02-19 22:27:27.690   531   602 I BpBinder: onLastStrongRef automatically unlinking death recipients: 
02-19 22:27:27.690 19166 19166 I NotificationListener: Handling notification state refresh for com.google.android.adservices.api#0
02-19 22:27:27.693 19166 19166 I NotificationListener: Handling notification state refresh for android#0
02-19 22:27:27.693 19166 19166 I NotificationListener: Handling notification state refresh for com.android.systemui#0
02-19 22:27:27.694  1971  2198 I AiAiEcho: #postPredictionTargets: Sending updates to UISurface home with targets# 0 (types=[])
02-19 22:27:27.698 19166 19166 D SsBaseTemplateCard: No text view can be set up
02-19 22:27:27.698 19166 19166 D SsBaseTemplateCard: Passed-in item info is null
02-19 22:27:27.698 19166 19166 D SsBaseTemplateCard: Passed-in item info is null
02-19 22:27:27.698 19166 19166 D SsBaseTemplateCard: Passed-in item info is null
02-19 22:27:27.698 19166 19166 I SsBaseTemplateCard: Secondary card pane is null
02-19 22:27:28.790   537   537 W adbd    : timeout expired while flushing socket, closing
02-19 22:27:28.889  9538  9673 D nativeloader: Load /data/app/~~NUQj-rdXzuicW-16SIRtKA==/viva.republica.toss.test-Si406wFvb_sqEA2GTBV6RQ==/lib/x86_64/libglog.so using class loader ns clns-9 (caller=<unknown>): ok
02-19 22:27:28.910  9538  9673 D nativeloader: Load /data/app/~~NUQj-rdXzuicW-16SIRtKA==/viva.republica.toss.test-Si406wFvb_sqEA2GTBV6RQ==/lib/x86_64/libfolly_runtime.so using class loader ns clns-9 (caller=<unknown>): ok
02-19 22:27:28.934  9538  9673 D nativeloader: Load /data/app/~~NUQj-rdXzuicW-16SIRtKA==/viva.republica.toss.test-Si406wFvb_sqEA2GTBV6RQ==/lib/x86_64/libfbjni.so using class loader ns clns-9 (caller=<unknown>): ok
02-19 22:27:28.950  9538  9673 D nativeloader: Load /data/app/~~NUQj-rdXzuicW-16SIRtKA==/viva.republica.toss.test-Si406wFvb_sqEA2GTBV6RQ==/lib/x86_64/libjsi.so using class loader ns clns-9 (caller=<unknown>): ok
02-19 22:27:28.986  9538  9673 D nativeloader: Load /data/app/~~NUQj-rdXzuicW-16SIRtKA==/viva.republica.toss.test-Si406wFvb_sqEA2GTBV6RQ==/lib/x86_64/libhermes.so using class loader ns clns-9 (caller=<unknown>): ok
02-19 22:27:28.992  9538  9673 D nativeloader: Load /data/app/~~NUQj-rdXzuicW-16SIRtKA==/viva.republica.toss.test-Si406wFvb_sqEA2GTBV6RQ==/lib/x86_64/libfb.so using class loader ns clns-9 (caller=<unknown>): ok
02-19 22:27:29.043  9538  9673 D nativeloader: Load /data/app/~~NUQj-rdXzuicW-16SIRtKA==/viva.republica.toss.test-Si406wFvb_sqEA2GTBV6RQ==/lib/x86_64/libyoga.so using class loader ns clns-9 (caller=<unknown>): ok
02-19 22:27:29.048  9538  9673 D nativeloader: Load /data/app/~~NUQj-rdXzuicW-16SIRtKA==/viva.republica.toss.test-Si406wFvb_sqEA2GTBV6RQ==/lib/x86_64/libruntimeexecutor.so using class loader ns clns-9 (caller=<unknown>): ok
02-19 22:27:29.050  9538  9673 D nativeloader: Load /data/app/~~NUQj-rdXzuicW-16SIRtKA==/viva.republica.toss.test-Si406wFvb_sqEA2GTBV6RQ==/lib/x86_64/libreact_debug.so using class loader ns clns-9 (caller=<unknown>): ok
02-19 22:27:29.078  9538  9673 D nativeloader: Load /data/app/~~NUQj-rdXzuicW-16SIRtKA==/viva.republica.toss.test-Si406wFvb_sqEA2GTBV6RQ==/lib/x86_64/libglog_init.so using class loader ns clns-9 (caller=<unknown>): ok
02-19 22:27:29.084  9538  9673 D nativeloader: Load /data/app/~~NUQj-rdXzuicW-16SIRtKA==/viva.republica.toss.test-Si406wFvb_sqEA2GTBV6RQ==/lib/x86_64/libreact_utils.so using class loader ns clns-9 (caller=<unknown>): ok
02-19 22:27:29.104  9538  9673 D nativeloader: Load /data/app/~~NUQj-rdXzuicW-16SIRtKA==/viva.republica.toss.test-Si406wFvb_sqEA2GTBV6RQ==/lib/x86_64/libreact_render_mapbuffer.so using class loader ns clns-9 (caller=<unknown>): ok
02-19 22:27:29.115  9680  9680 W dumpsys : Thread Pool max thread count is 0. Cannot cache binder as linkToDeath cannot be implemented. serviceName: window
02-19 22:27:29.124  9538  9673 D nativeloader: Load /data/app/~~NUQj-rdXzuicW-16SIRtKA==/viva.republica.toss.test-Si406wFvb_sqEA2GTBV6RQ==/lib/x86_64/libreact_render_graphics.so using class loader ns clns-9 (caller=<unknown>): ok
02-19 22:27:29.127  9538  9673 D nativeloader: Load /data/app/~~NUQj-rdXzuicW-16SIRtKA==/viva.republica.toss.test-Si406wFvb_sqEA2GTBV6RQ==/lib/x86_64/libreact_render_debug.so using class loader ns clns-9 (caller=<unknown>): ok
02-19 22:27:29.157  9538  9673 D nativeloader: Load /data/app/~~NUQj-rdXzuicW-16SIRtKA==/viva.republica.toss.test-Si406wFvb_sqEA2GTBV6RQ==/lib/x86_64/libreact_render_core.so using class loader ns clns-9 (caller=<unknown>): ok
02-19 22:27:29.187  9538  9673 D nativeloader: Load /data/app/~~NUQj-rdXzuicW-16SIRtKA==/viva.republica.toss.test-Si406wFvb_sqEA2GTBV6RQ==/lib/x86_64/libreact_render_runtimescheduler.so using class loader ns clns-9 (caller=<unknown>): ok
02-19 22:27:29.249  9538  9673 D nativeloader: Load /data/app/~~NUQj-rdXzuicW-16SIRtKA==/viva.republica.toss.test-Si406wFvb_sqEA2GTBV6RQ==/lib/x86_64/liblogger.so using class loader ns clns-9 (caller=<unknown>): ok
02-19 22:27:29.251  9538  9673 D nativeloader: Load /data/app/~~NUQj-rdXzuicW-16SIRtKA==/viva.republica.toss.test-Si406wFvb_sqEA2GTBV6RQ==/lib/x86_64/libreactperfloggerjni.so using class loader ns clns-9 (caller=<unknown>): ok
02-19 22:27:29.312   537   537 W adbd    : timeout expired while flushing socket, closing
02-19 22:27:29.313  9538  9673 D nativeloader: Load /data/app/~~NUQj-rdXzuicW-16SIRtKA==/viva.republica.toss.test-Si406wFvb_sqEA2GTBV6RQ==/lib/x86_64/libjsinspector.so using class loader ns clns-9 (caller=<unknown>): ok
02-19 22:27:29.361  9538  9673 D nativeloader: Load /data/app/~~NUQj-rdXzuicW-16SIRtKA==/viva.republica.toss.test-Si406wFvb_sqEA2GTBV6RQ==/lib/x86_64/libreactnativejni.so using class loader ns clns-9 (caller=<unknown>): ok
02-19 22:27:29.390  9538  9673 D nativeloader: Load /data/app/~~NUQj-rdXzuicW-16SIRtKA==/viva.republica.toss.test-Si406wFvb_sqEA2GTBV6RQ==/lib/x86_64/libhermes_executor.so using class loader ns clns-9 (caller=<unknown>): ok
02-19 22:27:29.410   752  2368 W ActivityTaskManager: callingPackage for (uid=2000, pid=9685) has no WPC
02-19 22:27:29.412   752  2368 V GrammaticalInflectionUtils: AttributionSource: android.content.AttributionSource@56784557 does not have READ_SYSTEM_GRAMMATICAL_GENDER permission.
02-19 22:27:29.413   752  2368 W OptProp : Cannot read opt property android.window.PROPERTY_COMPAT_ALLOW_USER_ASPECT_RATIO_OVERRIDE
02-19 22:27:29.413   752  2368 W OptProp : Cannot read opt property android.window.PROPERTY_COMPAT_ALLOW_USER_ASPECT_RATIO_FULLSCREEN_OVERRIDE
02-19 22:27:29.413   752  2368 W OptProp : Cannot read opt property android.window.PROPERTY_COMPAT_ALLOW_RESIZEABLE_ACTIVITY_OVERRIDES
02-19 22:27:29.413   752  2368 W OptProp : Cannot read opt property android.window.PROPERTY_COMPAT_ALLOW_MIN_ASPECT_RATIO_OVERRIDE
02-19 22:27:29.422   752  2368 W OptProp : Cannot read opt property android.window.PROPERTY_COMPAT_ALLOW_ORIENTATION_OVERRIDE
02-19 22:27:29.433   752  2368 I ActivityTaskManager: START u0 {act=android.intent.action.VIEW dat=intoss://takealook/... flg=0x10000000 xflg=0x4 pkg=viva.republica.toss.test cmp=viva.republica.toss.test/.MiniAppSchemeActivity} with LAUNCH_MULTIPLE from uid 2000 (BAL_ALLOW_PERMISSION) result code=0
02-19 22:27:29.433  4449  4467 V WindowManagerShell: Transition requested (#1177): android.os.BinderProxy@1aee878 TransitionRequestInfo { type = OPEN, triggerTask = TaskInfo{userId=0 taskId=203 effectiveUid=10217 displayId=0 isRunning=true baseIntent=Intent { act=android.intent.action.VIEW dat=intoss://takealook/... flg=0x10000000 pkg=viva.republica.toss.test cmp=viva.republica.toss.test/.MiniAppSchemeActivity } baseActivity=ComponentInfo{viva.republica.toss.test/viva.republica.toss.test.MiniAppSchemeActivity} topActivity=ComponentInfo{viva.republica.toss.test/viva.republica.toss.test.MiniAppSchemeActivity} origActivity=null realActivity=ComponentInfo{viva.republica.toss.test/viva.republica.toss.test.MiniAppSchemeActivity} numActivities=1 lastActiveTime=119123278 supportsMultiWindow=true resizeMode=1 isResizeable=true minWidth=-1 minHeight=-1 defaultMinSize=220 token=WCT{android.window.IWindowContainerToken$Stub$Proxy@71dbb51} topActivityType=1 pictureInPictureParams=null shouldDockBigOverlays=false launchIntoPipHostTaskId=-1 lastParentTaskIdBeforePip=-1 displayCutoutSafeInsets=Rect(0, 0 - 0, 0) topActivityInfo=ActivityInfo{8619fb6 viva.republica.toss.test.MiniAppSchemeActivity} launchCookies=[] positionInParent=Point(0, 0) parentTaskId=-1 isFocused=false isVisible=false isVisibleRequested=false isTopActivityNoDisplay=false isSleeping=false locusId=null displayAreaFeatureId=1 isTopActivityTransparent=true isActivityStackTransparent=true lastNonFullscreenBounds=Rect(284, 660 - 796, 1740) capturedLink=null capturedLinkTimestamp=0 requestedVisibleTypes=-9 topActivityRequestOpenInBrowserEducationTimestamp=0 appCompatTaskInfo=AppCompatTaskInfo { topActivityInSizeCompat=false eligibleForLetterboxEducation= false isLetterboxEducationEnabled= true isLetterboxDoubleTapEnabled= false eligibleForUserAspectRatioButton= false topActivityBoundsLetterboxed= false isFromLetterboxDoubleTap= false topActivityLetterboxVerticalPosition= -1 topActivityLetterboxHorizontalPosition= -1 topActivityLetterboxWidth=-1 topActivityLetterboxHeight=-1 topActivityAppBounds=Rect(0, 0 - 1080, 2400) isUserFullscreenOverrideEnabled=false isSystemFullscreenOverrideEnabled=false hasMinAspectRatioOverride=false topActivityLetterboxBounds=null cameraCompatTaskInfo=CameraCompatTaskInfo { freeformCameraCompatMode=inactive}} topActivityMainWindowFrame=null}, pipChange = null, remoteTransition = null, displayChange = null, flags = 0, debugId = 1177 }
02-19 22:27:29.433  4449  4467 D ShellSplitScreen: logExit: no-op, mLoggerSessionId is null
02-19 22:27:29.436 19166 19166 W SplitSelectStateCtor: Missing session instanceIds
02-19 22:27:29.436 19166 19166 D StatsLog: LAUNCHER_SPLIT_SELECTION_EXIT_INTERRUPTED
02-19 22:27:29.439  4449  4467 D WindowManagerShell: setLauncherKeepClearAreaHeight: visible=false, height=527
02-19 22:27:29.439   752  1789 W OptProp : Cannot read opt property android.window.PROPERTY_COMPAT_ENABLE_FAKE_FOCUS
02-19 22:27:29.443  9538  9621 I EGL_emulation: Opening libGLESv1_CM_emulation.so
02-19 22:27:29.443  9538  9621 I EGL_emulation: Opening libGLESv2_emulation.so
02-19 22:27:29.443   752  1095 D BackgroundInstallControlService: Package event received: 0
02-19 22:27:29.447   531   549 I BpBinder: onLastStrongRef automatically unlinking death recipients: 
02-19 22:27:29.459   752  1095 D BackgroundInstallControlService: Package event received: 0
02-19 22:27:29.459   752  1095 D BackgroundInstallControlService: Package event received: 0
02-19 22:27:29.459   752  1095 D BackgroundInstallControlService: Package event received: 0
02-19 22:27:29.459   752  1095 D BackgroundInstallControlService: Package event received: 0
02-19 22:27:29.465  9538  9621 W HWUI    : Failed to choose config with EGL_SWAP_BEHAVIOR_PRESERVED, retrying without...
02-19 22:27:29.465  9538  9621 W HWUI    : Failed to initialize 101010-2 format, error = EGL_SUCCESS
02-19 22:27:29.476  9538  9538 I blica.toss.test: AssetManager2(0x7d8fac435658) locale list changing from [] to [en-US]
02-19 22:27:29.554   615 17673 W IPCThreadState: Sending oneway calls to frozen process.
02-19 22:27:29.557   752  1095 D BackgroundInstallControlService: Package event received: 0
02-19 22:27:29.557   752  1095 D BackgroundInstallControlService: Package event received: 0
02-19 22:27:29.565  9538  9673 D ApplicationLoaders: Returning zygote-cached class loader: /system/framework/org.apache.http.legacy.jar
02-19 22:27:29.565  9538  9673 D ApplicationLoaders: Returning zygote-cached class loader: /system/framework/com.android.location.provider.jar
02-19 22:27:29.565  9538  9673 D ApplicationLoaders: Returning zygote-cached class loader: /system/framework/com.android.media.remotedisplay.jar
02-19 22:27:29.566  9538  9673 D ApplicationLoaders: Returning zygote-cached class loader: /system_ext/framework/androidx.window.extensions.jar
02-19 22:27:29.566  9538  9673 D ApplicationLoaders: Returning zygote-cached class loader: /system_ext/framework/androidx.window.sidecar.jar
02-19 22:27:29.575   531   531 I BpBinder: onLastStrongRef automatically unlinking death recipients: 
02-19 22:27:29.601   752  2305 D CoreBackPreview: Window{9eda752 u0 viva.republica.toss.test/viva.republica.toss.test.MiniAppSchemeActivity}: Setting back callback OnBackInvokedCallbackInfo{mCallback=android.window.IOnBackInvokedCallback$Stub$Proxy@2e10b20, mPriority=0, mIsAnimationCallback=false, mOverrideBehavior=0}
02-19 22:27:29.678  4449  4582 V WindowManagerShell: onTransitionReady(transaction=3229815440478)
02-19 22:27:29.684  4449  4467 V WindowManagerShell: onTransitionReady (#1177) android.os.BinderProxy@1aee878: {id=1177 t=OPEN f=0x0 trk=0 r=[0@Point(0, 0)] c=[
02-19 22:27:29.684  4449  4467 V WindowManagerShell:         {m=OPEN f=TRANSLUCENT leash=Surface(name=Task=203)/@0xcfea4b7 sb=Rect(0, 0 - 1080, 2400) eb=Rect(0, 0 - 1080, 2400) epz=Point(1080, 2400) d=0 taskParent=-1}
02-19 22:27:29.684  4449  4467 V WindowManagerShell:     ]}
02-19 22:27:29.690  4449  4467 V WindowManagerShell: Playing animation for (#1177) android.os.BinderProxy@1aee878@0
02-19 22:27:29.690  4449  4467 V ShellRecents: RecentsTransitionHandler.startAnimation: no controller found
02-19 22:27:29.690  4449  4467 V WindowManagerShell: Transition doesn't have explicit remote, search filters for match for {id=1177 t=OPEN f=0x0 trk=0 r=[0@Point(0, 0)] c=[{m=OPEN f=TRANSLUCENT leash=Surface(name=Task=203)/@0xcfea4b7 sb=Rect(0, 0 - 1080, 2400) eb=Rect(0, 0 - 1080, 2400) epz=Point(1080, 2400) d=0 taskParent=-1}]}
02-19 22:27:29.690  4449  4467 V WindowManagerShell:  Checking filter Pair{{types=[] flags=0x0] notFlags=0x0 checks=[{atype=undefined independent=true modes=[CLOSE,TO_BACK] flags=IN_TASK_WITH_EMBEDDED_ACTIVITY mustBeTask=false order=ANY topActivity=null launchCookie=null taskFragmentToken=android.os.BinderProxy@71546f0 windowingMode=undefined}]} RemoteTransition { remoteTransition = android.window.IRemoteTransition$Stub$Proxy@d4c8469, appThread = android.app.IApplicationThread$Stub$Proxy@c228eee, debugName = overlayBackTransition }}
02-19 22:27:29.690  4449  4467 V WindowManagerShell:  Checking filter Pair{{types=[] flags=0x0] notFlags=0x0 checks=[{atype=dream independent=true modes=[OPEN,TO_FRONT] flags=NONE mustBeTask=false order=ANY topActivity=null launchCookie=null windowingMode=undefined},{atype=home independent=true modes=[CLOSE,TO_BACK] flags=NONE mustBeTask=false order=ANY topActivity=null launchCookie=null windowingMode=undefined}]} RemoteTransition { remoteTransition = android.window.IRemoteTransition$Stub$Proxy@c578f8f, appThread = android.app.IApplicationThread$Stub$Proxy@69fe21c, debugName = LauncherToDream }}
02-19 22:27:29.691  4449  4467 V WindowManagerShell:  Checking filter Pair{{types=[] flags=0x0] notFlags=0x100 checks=[{atype=home independent=true modes=[OPEN,TO_FRONT] flags=NONE mustBeTask=false order=TOP topActivity=ComponentInfo{com.google.android.apps.nexuslauncher/com.google.android.apps.nexuslauncher.NexusLauncherActivity} launchCookie=null windowingMode=undefined},{atype=standard independent=true modes=[CLOSE,TO_BACK] flags=NONE mustBeTask=false order=ANY topActivity=null launchCookie=null windowingMode=undefined},{NOT atype=undefined independent=true modes=[] flags=NONE mustBeTask=true order=ANY topActivity=null launchCookie=null customAnim=true windowingMode=undefined}]} RemoteTransition { remoteTransition = android.window.IRemoteTransition$Stub$Proxy@69ffe25, appThread = android.app.IApplicationThread$Stub$Proxy@72cabfa, debugName = QuickstepLaunchHome }}
02-19 22:27:29.691  4449  4467 V WindowManagerShell:  Checking filter Pair{{types=[] flags=0x0] notFlags=0x0 checks=[{atype=undefined independent=true modes=[CLOSE,TO_BACK] flags=IN_TASK_WITH_EMBEDDED_ACTIVITY mustBeTask=false order=ANY topActivity=null launchCookie=null taskFragmentToken=android.os.BinderProxy@71546f0 windowingMode=undefined}]} RemoteTransition { remoteTransition = android.window.IRemoteTransition$Stub$Proxy@7c795ab, appThread = android.app.IApplicationThread$Stub$Proxy@cd70408, debugName = overlayBackTransition }}
02-19 22:27:29.691  4449  4467 V WindowManagerShell:  Checking filter Pair{{types=[] flags=0x0] notFlags=0x0 checks=[{atype=dream independent=true modes=[OPEN,TO_FRONT] flags=NONE mustBeTask=false order=ANY topActivity=null launchCookie=null windowingMode=undefined},{atype=home independent=true modes=[CLOSE,TO_BACK] flags=NONE mustBeTask=false order=ANY topActivity=null launchCookie=null windowingMode=undefined}]} RemoteTransition { remoteTransition = android.window.IRemoteTransition$Stub$Proxy@f757a1, appThread = android.app.IApplicationThread$Stub$Proxy@d898dc6, debugName = LauncherToDream }}
02-19 22:27:29.691  4449  4467 V WindowManagerShell:  Checking filter Pair{{types=[] flags=0x0] notFlags=0x100 checks=[{atype=home independent=true modes=[OPEN,TO_FRONT] flags=NONE mustBeTask=false order=TOP topActivity=ComponentInfo{com.google.android.apps.nexuslauncher/com.google.android.apps.nexuslauncher.NexusLauncherActivity} launchCookie=null windowingMode=undefined},{atype=standard independent=true modes=[CLOSE,TO_BACK] flags=NONE mustBeTask=false order=ANY topActivity=null launchCookie=null windowingMode=undefined},{NOT atype=undefined independent=true modes=[] flags=NONE mustBeTask=true order=ANY topActivity=null launchCookie=null customAnim=true windowingMode=undefined}]} RemoteTransition { remoteTransition = android.window.IRemoteTransition$Stub$Proxy@9e7e187, appThread = android.app.IApplicationThread$Stub$Proxy@3dc58b4, debugName = QuickstepLaunchHome }}
02-19 22:27:29.691  4449  4467 V WindowManagerShell:  Delegate animation for (#1177) to null
02-19 22:27:29.691  4449  4467 V WindowManagerShell: start default transition animation, info = {id=1177 t=OPEN f=0x0 trk=0 r=[0@Point(0, 0)] c=[{m=OPEN f=TRANSLUCENT leash=Surface(name=Task=203)/@0xcfea4b7 sb=Rect(0, 0 - 1080, 2400) eb=Rect(0, 0 - 1080, 2400) epz=Point(1080, 2400) d=0 taskParent=-1}]}
02-19 22:27:29.692  4449  4467 V WindowManagerShell: loadAnimation: anim=android.view.animation.AnimationSet@54ed553 animAttr=0x4 type=OPEN isEntrance=true
02-19 22:27:29.698   752   794 I ActivityTaskManager: Displayed viva.republica.toss.test/.MiniAppSchemeActivity for user 0: +248ms
02-19 22:27:29.700   752   794 V WindowManager: Sent Transition (#1177) createdAt=02-19 22:27:29.414 via request=TransitionRequestInfo { type = OPEN, triggerTask = TaskInfo{userId=0 taskId=203 effectiveUid=10217 displayId=0 isRunning=true baseIntent=Intent { act=android.intent.action.VIEW dat=intoss://takealook/... flg=0x10000000 pkg=viva.republica.toss.test cmp=viva.republica.toss.test/.MiniAppSchemeActivity } baseActivity=ComponentInfo{viva.republica.toss.test/viva.republica.toss.test.MiniAppSchemeActivity} topActivity=ComponentInfo{viva.republica.toss.test/viva.republica.toss.test.MiniAppSchemeActivity} origActivity=null realActivity=ComponentInfo{viva.republica.toss.test/viva.republica.toss.test.MiniAppSchemeActivity} numActivities=1 lastActiveTime=119123278 supportsMultiWindow=true resizeMode=1 isResizeable=true minWidth=-1 minHeight=-1 defaultMinSize=220 token=WCT{RemoteToken{e9bb94c Task{cbae308 #203 type=standard A=10217:viva.republica.toss.test}}} topActivityType=1 pictureInPictureParams=null shouldDockBigOverlays=false launchIntoPipHostTaskId=-1 lastParentTaskIdBeforePip=-1 displayCutoutSafeInsets=Rect(0, 0 - 0, 0) topActivityInfo=ActivityInfo{78b3d95 viva.republica.toss.test.MiniAppSchemeActivity} launchCookies=[] positionInParent=Point(0, 0) parentTaskId=-1 isFocused=false isVisible=false isVisibleRequested=false isTopActivityNoDisplay=false isSleeping=false locusId=null displayAreaFeatureId=1 isTopActivityTransparent=true isActivityStackTransparent=true lastNonFullscreenBounds=Rect(284, 660 - 796, 1740) capturedLink=null capturedLinkTimestamp=0 requestedVisibleTypes=-9 topActivityRequestOpenInBrowserEducationTimestamp=0 appCompatTaskInfo=AppCompatTaskInfo { topActivityInSizeCompat=false eligibleForLetterboxEducation= false isLetterboxEducationEnabled= true isLetterboxDoubleTapEnabled= false eligibleForUserAspectRatioButton= false topActivityBoundsLetterboxed= false isFromLetterboxDoubleTap= false topActivityLetterboxVerticalPosition= -1 topActivityLetterboxHorizontalPosition= -1 topActivityLetterboxWidth=-1 topActivityLetterboxHeight=-1 topActivityAppBounds=Rect(0, 0 - 1080, 2400) isUserFullscreenOverrideEnabled=false isSystemFullscreenOverrideEnabled=false hasMinAspectRatioOverride=false topActivityLetterboxBounds=null cameraCompatTaskInfo=CameraCompatTaskInfo { freeformCameraCompatMode=inactive}} topActivityMainWindowFrame=null}, pipChange = null, remoteTransition = null, displayChange = null, flags = 0, debugId = 1177 }
02-19 22:27:29.700   752   794 V WindowManager:     startWCT=WindowContainerTransaction { changes= {} hops= [] errorCallbackToken=null taskFragmentOrganizer=null }
02-19 22:27:29.700   752   794 V WindowManager:     info={id=1177 t=OPEN f=0x0 trk=0 r=[0@Point(0, 0)] c=[
02-19 22:27:29.700   752   794 V WindowManager:         {WCT{RemoteToken{e9bb94c Task{cbae308 #203 type=standard A=10217:viva.republica.toss.test}}} m=OPEN f=TRANSLUCENT leash=Surface(name=Task=203)/@0x5f5acd9 sb=Rect(0, 0 - 1080, 2400) eb=Rect(0, 0 - 1080, 2400) epz=Point(1080, 2400) d=0 taskParent=-1}
02-19 22:27:29.700   752   794 V WindowManager:     ]}
02-19 22:27:29.711  4449  4467 V WindowManagerShell:  animated by com.android.wm.shell.transition.DefaultTransitionHandler@f74d823
02-19 22:27:29.736   752   989 I ImeTracker: viva.republica.toss.test:6a61d75a: onRequestHide at ORIGIN_SERVER reason HIDE_UNSPECIFIED_WINDOW fromUser false
02-19 22:27:29.747 20022 20022 I GoogleInputMethodService: GoogleInputMethodService.onFinishInput():2043 
02-19 22:27:29.756  9538  9538 D InsetsController: hide(ime(), fromIme=false)
02-19 22:27:29.757  9538  9538 I ImeTracker: viva.republica.toss.test:6a61d75a: onCancelled at PHASE_CLIENT_ALREADY_HIDDEN
02-19 22:27:29.769 20022 20022 I Module  : DeviceLockedStatusModuleProvider$Module.updateDeviceLockedStatus():100 repeatCheckTimes = 0, locked = false
02-19 22:27:29.780   752  1789 I ImeTracker: system_server:bd66f825: onRequestHide at ORIGIN_SERVER reason IME_REQUESTED_CHANGED_LISTENER fromUser false
02-19 22:27:29.785 20022 20022 I GoogleInputMethodService: GoogleInputMethodService.onStartInput():1293 onStartInput(EditorInfo{EditorInfo{packageName=viva.republica.toss.test, inputType=0, inputTypeString=NULL, enableLearning=false, autoCorrection=false, autoComplete=false, imeOptions=0, privateImeOptions=null, actionName=UNSPECIFIED, actionLabel=null, initialSelStart=-1, initialSelEnd=-1, initialCapsMode=0, label=null, fieldId=0, fieldName=null, extras=null, hintText=null, hintLocales=[]}}, false)
02-19 22:27:29.789 20022 20022 I EmojiCompatManager: EmojiCompatManager.getEmojiCompatIfLoaded():343 EmojiCompat.init() was never called.
02-19 22:27:29.789 20022 20022 I EmojiCompatManager: java.lang.IllegalStateException: EmojiCompat is not initialized. Please call EmojiCompat.init() first
02-19 22:27:29.789 20022 20022 I EmojiCompatManager: 	at asx.p(PG:6)
02-19 22:27:29.789 20022 20022 I EmojiCompatManager: 	at axb.b(PG:13)
02-19 22:27:29.789 20022 20022 I EmojiCompatManager: 	at jnr.b(PG:2)
02-19 22:27:29.789 20022 20022 I EmojiCompatManager: 	at jnr.c(PG:4)
02-19 22:27:29.789 20022 20022 I EmojiCompatManager: 	at jnr.f(PG:3)
02-19 22:27:29.789 20022 20022 I EmojiCompatManager: 	at jnx.c(PG:3)
02-19 22:27:29.789 20022 20022 I EmojiCompatManager: 	at kif.cz(PG:47)
02-19 22:27:29.789 20022 20022 I EmojiCompatManager: 	at lhl.run(PG:1025)
02-19 22:27:29.789 20022 20022 I EmojiCompatManager: 	at jaf.execute(PG:12)
02-19 22:27:29.789 20022 20022 I EmojiCompatManager: 	at nco.v(PG:13)
02-19 22:27:29.789 20022 20022 I EmojiCompatManager: 	at lhn.m(PG:96)
02-19 22:27:29.789 20022 20022 I EmojiCompatManager: 	at lhn.k(PG:25)
02-19 22:27:29.789 20022 20022 I EmojiCompatManager: 	at kgn.onStartInput(PG:250)
02-19 22:27:29.789 20022 20022 I EmojiCompatManager: 	at android.inputmethodservice.InputMethodService.doStartInput(InputMethodService.java:3521)
02-19 22:27:29.789 20022 20022 I EmojiCompatManager: 	at android.inputmethodservice.InputMethodService$InputMethodImpl.startInput(InputMethodService.java:879)
02-19 22:27:29.789 20022 20022 I EmojiCompatManager: 	at android.inputmethodservice.InputMethodService$InputMethodImpl.dispatchStartInput(InputMethodService.java:908)
02-19 22:27:29.789 20022 20022 I EmojiCompatManager: 	at android.inputmethodservice.IInputMethodWrapper.executeMessage(IInputMethodWrapper.java:201)
02-19 22:27:29.789 20022 20022 I EmojiCompatManager: 	at com.android.internal.os.HandlerCaller$MyHandler.handleMessage(HandlerCaller.java:44)
02-19 22:27:29.789 20022 20022 I EmojiCompatManager: 	at android.os.Handler.dispatchMessage(Handler.java:110)
02-19 22:27:29.789 20022 20022 I EmojiCompatManager: 	at android.os.Looper.loopOnce(Looper.java:248)
02-19 22:27:29.789 20022 20022 I EmojiCompatManager: 	at android.os.Looper.loop(Looper.java:338)
02-19 22:27:29.789 20022 20022 I EmojiCompatManager: 	at android.app.ActivityThread.main(ActivityThread.java:9067)
02-19 22:27:29.789 20022 20022 I EmojiCompatManager: 	at java.lang.reflect.Method.invoke(Native Method)
02-19 22:27:29.789 20022 20022 I EmojiCompatManager: 	at com.android.internal.os.RuntimeInit$MethodAndArgsCaller.run(RuntimeInit.java:593)
02-19 22:27:29.789 20022 20022 I EmojiCompatManager: 	at com.android.internal.os.ZygoteInit.main(ZygoteInit.java:932)
02-19 22:27:29.796 20022 20022 I Module  : DeviceLockedStatusModuleProvider$Module.updateDeviceLockedStatus():100 repeatCheckTimes = 1, locked = false
02-19 22:27:29.804   752   797 I ImeTracker: system_server:bd66f825: onCancelled at PHASE_SERVER_SHOULD_HIDE
02-19 22:27:29.805   752  2417 W PackageConfigPersister: App-specific configuration not found for packageName: viva.republica.toss.test and userId: 0
02-19 22:27:29.954   752  2368 V GrammaticalInflectionUtils: AttributionSource: android.content.AttributionSource@56784557 does not have READ_SYSTEM_GRAMMATICAL_GENDER permission.
02-19 22:27:29.955   752  2368 W OptProp : Cannot read opt property android.window.PROPERTY_COMPAT_ALLOW_USER_ASPECT_RATIO_OVERRIDE
02-19 22:27:29.955   752  2368 W OptProp : Cannot read opt property android.window.PROPERTY_COMPAT_ALLOW_USER_ASPECT_RATIO_FULLSCREEN_OVERRIDE
02-19 22:27:29.955   752  2368 W OptProp : Cannot read opt property android.window.PROPERTY_COMPAT_ALLOW_RESIZEABLE_ACTIVITY_OVERRIDES
02-19 22:27:29.955   752  2368 W OptProp : Cannot read opt property android.window.PROPERTY_COMPAT_ALLOW_MIN_ASPECT_RATIO_OVERRIDE
02-19 22:27:29.967   752  2368 W OptProp : Cannot read opt property android.window.PROPERTY_COMPAT_ALLOW_ORIENTATION_OVERRIDE
02-19 22:27:29.986   752  2368 I ActivityTaskManager: START u0 {act=android.intent.action.VIEW dat=intoss://takealook/... xflg=0x4 cmp=viva.republica.toss.test/im.toss.rn.granite.core.GraniteActivity (has extras)} with LAUNCH_MULTIPLE from uid 10217 (sr=23302315) (BAL_ALLOW_VISIBLE_WINDOW) result code=0
02-19 22:27:29.993  4449  4467 V WindowManagerShell: Transition requested (#1178): android.os.BinderProxy@5f0ef8e TransitionRequestInfo { type = OPEN, triggerTask = TaskInfo{userId=0 taskId=203 effectiveUid=10217 displayId=0 isRunning=true baseIntent=Intent { act=android.intent.action.VIEW dat=intoss://takealook/... flg=0x10000000 pkg=viva.republica.toss.test cmp=viva.republica.toss.test/.MiniAppSchemeActivity } baseActivity=ComponentInfo{viva.republica.toss.test/viva.republica.toss.test.MiniAppSchemeActivity} topActivity=ComponentInfo{viva.republica.toss.test/im.toss.rn.granite.core.GraniteActivity} origActivity=null realActivity=ComponentInfo{viva.republica.toss.test/viva.republica.toss.test.MiniAppSchemeActivity} numActivities=2 lastActiveTime=119123818 supportsMultiWindow=true resizeMode=1 isResizeable=true minWidth=-1 minHeight=-1 defaultMinSize=220 token=WCT{android.window.IWindowContainerToken$Stub$Proxy@66773af} topActivityType=1 pictureInPictureParams=null shouldDockBigOverlays=false launchIntoPipHostTaskId=-1 lastParentTaskIdBeforePip=-1 displayCutoutSafeInsets=Rect(0, 0 - 0, 0) topActivityInfo=ActivityInfo{7a5c3bc im.toss.rn.granite.core.GraniteActivity} launchCookies=[] positionInParent=Point(0, 0) parentTaskId=-1 isFocused=true isVisible=true isVisibleRequested=true isTopActivityNoDisplay=false isSleeping=false locusId=null displayAreaFeatureId=1 isTopActivityTransparent=false isActivityStackTransparent=false lastNonFullscreenBounds=Rect(284, 660 - 796, 1740) capturedLink=null capturedLinkTimestamp=0 requestedVisibleTypes=-9 topActivityRequestOpenInBrowserEducationTimestamp=0 appCompatTaskInfo=AppCompatTaskInfo { topActivityInSizeCompat=false eligibleForLetterboxEducation= false isLetterboxEducationEnabled= true isLetterboxDoubleTapEnabled= false eligibleForUserAspectRatioButton= false topActivityBoundsLetterboxed= false isFromLetterboxDoubleTap= false topActivityLetterboxVerticalPosition= -1 topActivityLetterboxHorizontalPosition= -1 topActivityLetterboxWidth=-1 topActivityLetterboxHeight=-1 topActivityAppBounds=Rect(0, 0 - 1080, 2400) isUserFullscreenOverrideEnabled=false isSystemFullscreenOverrideEnabled=false hasMinAspectRatioOverride=false topActivityLetterboxBounds=null cameraCompatTaskInfo=CameraCompatTaskInfo { freeformCameraCompatMode=inactive}} topActivityMainWindowFrame=null}, pipChange = null, remoteTransition = null, displayChange = null, flags = 0, debugId = 1178 }
02-19 22:27:29.993  4449  4467 D ShellSplitScreen: logExit: no-op, mLoggerSessionId is null
02-19 22:27:29.999   531   602 I BpBinder: onLastStrongRef automatically unlinking death recipients: 
02-19 22:27:30.002   752  2417 W OptProp : Cannot read opt property android.window.PROPERTY_COMPAT_ENABLE_FAKE_FOCUS
02-19 22:27:30.003   752  1095 D BackgroundInstallControlService: Package event received: 0
02-19 22:27:30.014   752  1095 D BackgroundInstallControlService: Package event received: 0
02-19 22:27:30.014   752  1095 D BackgroundInstallControlService: Package event received: 0
02-19 22:27:30.022  4449  4467 V WindowManagerShell: Transition animation finished (aborted=false), notifying core (#1177) android.os.BinderProxy@1aee878@0
02-19 22:27:30.033   752   794 V WindowManager: Finish Transition (#1177): created at 02-19 22:27:29.414 collect-started=0.106ms request-sent=18.488ms started=20.505ms ready=28.954ms sent=262.304ms commit=42.31ms finished=618.662ms
02-19 22:27:30.038  4449  4467 V WindowManagerShell: Track 0 became idle
02-19 22:27:30.112  9538  9696 W okhttp.OkHttpClient: A connection to http://localhost:8081/ was leaked. Did you forget to close a response body? To see where this was allocated, set the OkHttpClient logger level to FINE: Logger.getLogger(OkHttpClient.class.getName()).setLevel(Level.FINE);
02-19 22:27:30.174  9538  9538 W unknown:ReactRootView: Unable to update root layout specs for uninitialized ReactInstanceManager
02-19 22:27:30.174   752  1984 D CoreBackPreview: Window{d77cc6f u0 viva.republica.toss.test/im.toss.rn.granite.core.GraniteActivity}: Setting back callback OnBackInvokedCallbackInfo{mCallback=android.window.IOnBackInvokedCallback$Stub$Proxy@737b605, mPriority=0, mIsAnimationCallback=false, mOverrideBehavior=0}
02-19 22:27:30.249  9538  9673 D nativeloader: Configuring clns-13 for other apk /data/app/~~O-UZzK0jUU9NLgS3MODOZA==/com.google.android.gms-YQ2L6GsYyKuvu9MvIBK1EQ==/base.apk. target_sdk_version=36, uses_libraries=, library_path=/data/app/~~O-UZzK0jUU9NLgS3MODOZA==/com.google.android.gms-YQ2L6GsYyKuvu9MvIBK1EQ==/lib/x86_64:/data/app/~~O-UZzK0jUU9NLgS3MODOZA==/com.google.android.gms-YQ2L6GsYyKuvu9MvIBK1EQ==/base.apk!/lib/x86_64, permitted_path=/data:/mnt/expand:/data/user/0/com.google.android.gms
02-19 22:27:30.257  4449  4582 V WindowManagerShell: onTransitionReady(transaction=3229815440497)
02-19 22:27:30.258  4449  4467 V WindowManagerShell: onTransitionReady (#1178) android.os.BinderProxy@5f0ef8e: {id=1178 t=OPEN f=0x0 trk=1 r=[0@Point(0, 0)] c=[
02-19 22:27:30.258  4449  4467 V WindowManagerShell:         {m=OPEN f=FILLS_TASK leash=Surface(name=ActivityRecord{81734518 u0 viva.republica.toss.test/im.toss.rn.granite.core.GraniteActivity)/@0x29fcf45 sb=Rect(0, 0 - 0, 0) eb=Rect(0, 0 - 1080, 2400) epz=Point(1080, 2400) d=-1->0 r=-1->0:-1 bc=ffffffff component=viva.republica.toss.test/im.toss.rn.granite.core.GraniteActivity},
02-19 22:27:30.258  4449  4467 V WindowManagerShell:         {m=CLOSE f=TRANSLUCENT|FILLS_TASK|IS_OCCLUDED leash=Surface(name=ActivityRecord{23302315 u0 viva.republica.toss.test/.MiniAppSchemeActivity)/@0x390769a sb=Rect(0, 0 - 1080, 2400) eb=Rect(0, 0 - 1080, 2400) epz=Point(1080, 2400) d=0 bc=ffffffff component=viva.republica.toss.test/.MiniAppSchemeActivity},
02-19 22:27:30.258  4449  4467 V WindowManagerShell:         {m=TO_BACK f=SHOW_WALLPAPER leash=Surface(name=Task=1)/@0xdc19bcb sb=Rect(0, 0 - 1080, 2400) eb=Rect(0, 0 - 1080, 2400) epz=Point(1080, 2400) d=0 taskParent=-1},
02-19 22:27:30.258  4449  4467 V WindowManagerShell:         {m=TO_BACK f=IS_WALLPAPER leash=Surface(name=WallpaperWindowToken{35e0c0f showWhenLocked=false})/@0x2e95fa8 sb=Rect(0, 0 - 1080, 2400) eb=Rect(0, 0 - 1080, 2400) epz=Point(1080, 2400) d=0}
02-19 22:27:30.258  4449  4467 V WindowManagerShell:     ]}
02-19 22:27:30.258  4449  4467 V WindowManagerShell: Playing animation for (#1178) android.os.BinderProxy@5f0ef8e@1
02-19 22:27:30.259  4449  4467 V ShellRecents: RecentsTransitionHandler.startAnimation: no controller found
