02-19 22:27:30.259  4449  4467 V WindowManagerShell: Transition doesn't have explicit remote, search filters for match for {id=1178 t=OPEN f=0x0 trk=1 r=[0@Point(0, 0)] c=[{m=OPEN f=FILLS_TASK leash=Surface(name=ActivityRecord{81734518 u0 viva.republica.toss.test/im.toss.rn.granite.core.GraniteActivity)/@0x29fcf45 sb=Rect(0, 0 - 0, 0) eb=Rect(0, 0 - 1080, 2400) epz=Point(1080, 2400) d=-1->0 r=-1->0:-1 bc=ffffffff component=viva.republica.toss.test/im.toss.rn.granite.core.GraniteActivity},{m=CLOSE f=TRANSLUCENT|FILLS_TASK|IS_OCCLUDED leash=Surface(name=ActivityRecord{23302315 u0 viva.republica.toss.test/.MiniAppSchemeActivity)/@0x390769a sb=Rect(0, 0 - 1080, 2400) eb=Rect(0, 0 - 1080, 2400) epz=Point(1080, 2400) d=0 bc=ffffffff component=viva.republica.toss.test/.MiniAppSchemeActivity},{m=TO_BACK f=SHOW_WALLPAPER leash=Surface(name=Task=1)/@0xdc19bcb sb=Rect(0, 0 - 1080, 2400) eb=Rect(0, 0 - 1080, 2400) epz=Point(1080, 2400) d=0 taskParent=-1},{m=TO_BACK f=IS_WALLPAPER leash=Surface(name=WallpaperWindowToken{35e0c0f showWhenLocked=false})/@0x2e95fa8 sb=Rect(0, 0 - 1080, 2400) eb=Rect(0, 0 - 1080, 2400) epz=Point(1080, 2400) d=0}]}
02-19 22:27:30.259  4449  4467 V WindowManagerShell:  Checking filter Pair{{types=[] flags=0x0] notFlags=0x0 checks=[{atype=undefined independent=true modes=[CLOSE,TO_BACK] flags=IN_TASK_WITH_EMBEDDED_ACTIVITY mustBeTask=false order=ANY topActivity=null launchCookie=null taskFragmentToken=android.os.BinderProxy@71546f0 windowingMode=undefined}]} RemoteTransition { remoteTransition = android.window.IRemoteTransition$Stub$Proxy@d4c8469, appThread = android.app.IApplicationThread$Stub$Proxy@c228eee, debugName = overlayBackTransition }}
02-19 22:27:30.259  4449  4467 V WindowManagerShell:  Checking filter Pair{{types=[] flags=0x0] notFlags=0x0 checks=[{atype=dream independent=true modes=[OPEN,TO_FRONT] flags=NONE mustBeTask=false order=ANY topActivity=null launchCookie=null windowingMode=undefined},{atype=home independent=true modes=[CLOSE,TO_BACK] flags=NONE mustBeTask=false order=ANY topActivity=null launchCookie=null windowingMode=undefined}]} RemoteTransition { remoteTransition = android.window.IRemoteTransition$Stub$Proxy@c578f8f, appThread = android.app.IApplicationThread$Stub$Proxy@69fe21c, debugName = LauncherToDream }}
02-19 22:27:30.259  4449  4467 V WindowManagerShell:  Checking filter Pair{{types=[] flags=0x0] notFlags=0x100 checks=[{atype=home independent=true modes=[OPEN,TO_FRONT] flags=NONE mustBeTask=false order=TOP topActivity=ComponentInfo{com.google.android.apps.nexuslauncher/com.google.android.apps.nexuslauncher.NexusLauncherActivity} launchCookie=null windowingMode=undefined},{atype=standard independent=true modes=[CLOSE,TO_BACK] flags=NONE mustBeTask=false order=ANY topActivity=null launchCookie=null windowingMode=undefined},{NOT atype=undefined independent=true modes=[] flags=NONE mustBeTask=true order=ANY topActivity=null launchCookie=null customAnim=true windowingMode=undefined}]} RemoteTransition { remoteTransition = android.window.IRemoteTransition$Stub$Proxy@69ffe25, appThread = android.app.IApplicationThread$Stub$Proxy@72cabfa, debugName = QuickstepLaunchHome }}
02-19 22:27:30.259  4449  4467 V WindowManagerShell:  Checking filter Pair{{types=[] flags=0x0] notFlags=0x0 checks=[{atype=undefined independent=true modes=[CLOSE,TO_BACK] flags=IN_TASK_WITH_EMBEDDED_ACTIVITY mustBeTask=false order=ANY topActivity=null launchCookie=null taskFragmentToken=android.os.BinderProxy@71546f0 windowingMode=undefined}]} RemoteTransition { remoteTransition = android.window.IRemoteTransition$Stub$Proxy@7c795ab, appThread = android.app.IApplicationThread$Stub$Proxy@cd70408, debugName = overlayBackTransition }}
02-19 22:27:30.260  4449  4467 V WindowManagerShell:  Checking filter Pair{{types=[] flags=0x0] notFlags=0x0 checks=[{atype=dream independent=true modes=[OPEN,TO_FRONT] flags=NONE mustBeTask=false order=ANY topActivity=null launchCookie=null windowingMode=undefined},{atype=home independent=true modes=[CLOSE,TO_BACK] flags=NONE mustBeTask=false order=ANY topActivity=null launchCookie=null windowingMode=undefined}]} RemoteTransition { remoteTransition = android.window.IRemoteTransition$Stub$Proxy@f757a1, appThread = android.app.IApplicationThread$Stub$Proxy@d898dc6, debugName = LauncherToDream }}
02-19 22:27:30.260  4449  4467 V WindowManagerShell:  Checking filter Pair{{types=[] flags=0x0] notFlags=0x100 checks=[{atype=home independent=true modes=[OPEN,TO_FRONT] flags=NONE mustBeTask=false order=TOP topActivity=ComponentInfo{com.google.android.apps.nexuslauncher/com.google.android.apps.nexuslauncher.NexusLauncherActivity} launchCookie=null windowingMode=undefined},{atype=standard independent=true modes=[CLOSE,TO_BACK] flags=NONE mustBeTask=false order=ANY topActivity=null launchCookie=null windowingMode=undefined},{NOT atype=undefined independent=true modes=[] flags=NONE mustBeTask=true order=ANY topActivity=null launchCookie=null customAnim=true windowingMode=undefined}]} RemoteTransition { remoteTransition = android.window.IRemoteTransition$Stub$Proxy@9e7e187, appThread = android.app.IApplicationThread$Stub$Proxy@3dc58b4, debugName = QuickstepLaunchHome }}
02-19 22:27:30.260  4449  4467 V WindowManagerShell:  Delegate animation for (#1178) to null
02-19 22:27:30.260  4449  4467 V WindowManagerShell: start default transition animation, info = {id=1178 t=OPEN f=0x0 trk=1 r=[0@Point(0, 0)] c=[{m=OPEN f=FILLS_TASK leash=Surface(name=ActivityRecord{81734518 u0 viva.republica.toss.test/im.toss.rn.granite.core.GraniteActivity)/@0x29fcf45 sb=Rect(0, 0 - 0, 0) eb=Rect(0, 0 - 1080, 2400) epz=Point(1080, 2400) d=-1->0 r=-1->0:-1 bc=ffffffff component=viva.republica.toss.test/im.toss.rn.granite.core.GraniteActivity},{m=CLOSE f=TRANSLUCENT|FILLS_TASK|IS_OCCLUDED leash=Surface(name=ActivityRecord{23302315 u0 viva.republica.toss.test/.MiniAppSchemeActivity)/@0x390769a sb=Rect(0, 0 - 1080, 2400) eb=Rect(0, 0 - 1080, 2400) epz=Point(1080, 2400) d=0 bc=ffffffff component=viva.republica.toss.test/.MiniAppSchemeActivity},{m=TO_BACK f=SHOW_WALLPAPER leash=Surface(name=Task=1)/@0xdc19bcb sb=Rect(0, 0 - 1080, 2400) eb=Rect(0, 0 - 1080, 2400) epz=Point(1080, 2400) d=0 taskParent=-1},{m=TO_BACK f=IS_WALLPAPER leash=Surface(name=WallpaperWindowToken{35e0c0f showWhenLocked=false})/@0x2e95fa8 sb=Rect(0, 0 - 1080, 2400) eb=Rect(0, 0 - 1080, 2400) epz=Point(1080, 2400) d=0}]}
02-19 22:27:30.261  4449  4467 V WindowManagerShell: loadAnimation: anim=android.view.animation.AnimationSet@d4c29a7 animAttr=0x13 type=OPEN isEntrance=false
02-19 22:27:30.261  4449  4467 V WindowManagerShell: loadAnimation: anim=android.view.animation.AnimationSet@c48ce54 animAttr=0x13 type=OPEN isEntrance=false
02-19 22:27:30.265  4449  4467 V WindowManagerShell: loadAnimation: anim=android.view.animation.AnimationSet@38e7bc0 animAttr=0x12 type=OPEN isEntrance=true
02-19 22:27:30.268   752   794 I ActivityTaskManager: Displayed viva.republica.toss.test/im.toss.rn.granite.core.GraniteActivity for user 0: +299ms
02-19 22:27:30.269   752   794 V WindowManager: Sent Transition (#1178) createdAt=02-19 22:27:29.958 via request=TransitionRequestInfo { type = OPEN, triggerTask = TaskInfo{userId=0 taskId=203 effectiveUid=10217 displayId=0 isRunning=true baseIntent=Intent { act=android.intent.action.VIEW dat=intoss://takealook/... flg=0x10000000 pkg=viva.republica.toss.test cmp=viva.republica.toss.test/.MiniAppSchemeActivity } baseActivity=ComponentInfo{viva.republica.toss.test/viva.republica.toss.test.MiniAppSchemeActivity} topActivity=ComponentInfo{viva.republica.toss.test/im.toss.rn.granite.core.GraniteActivity} origActivity=null realActivity=ComponentInfo{viva.republica.toss.test/viva.republica.toss.test.MiniAppSchemeActivity} numActivities=2 lastActiveTime=119123818 supportsMultiWindow=true resizeMode=1 isResizeable=true minWidth=-1 minHeight=-1 defaultMinSize=220 token=WCT{RemoteToken{e9bb94c Task{cbae308 #203 type=standard A=10217:viva.republica.toss.test}}} topActivityType=1 pictureInPictureParams=null shouldDockBigOverlays=false launchIntoPipHostTaskId=-1 lastParentTaskIdBeforePip=-1 displayCutoutSafeInsets=Rect(0, 0 - 0, 0) topActivityInfo=ActivityInfo{2ba0bd im.toss.rn.granite.core.GraniteActivity} launchCookies=[] positionInParent=Point(0, 0) parentTaskId=-1 isFocused=true isVisible=true isVisibleRequested=true isTopActivityNoDisplay=false isSleeping=false locusId=null displayAreaFeatureId=1 isTopActivityTransparent=false isActivityStackTransparent=false lastNonFullscreenBounds=Rect(284, 660 - 796, 1740) capturedLink=null capturedLinkTimestamp=0 requestedVisibleTypes=-9 topActivityRequestOpenInBrowserEducationTimestamp=0 appCompatTaskInfo=AppCompatTaskInfo { topActivityInSizeCompat=false eligibleForLetterboxEducation= false isLetterboxEducationEnabled= true isLetterboxDoubleTapEnabled= false eligibleForUserAspectRatioButton= false topActivityBoundsLetterboxed= false isFromLetterboxDoubleTap= false topActivityLetterboxVerticalPosition= -1 topActivityLetterboxHorizontalPosition= -1 topActivityLetterboxWidth=-1 topActivityLetterboxHeight=-1 topActivityAppBounds=Rect(0, 0 - 1080, 2400) isUserFullscreenOverrideEnabled=false isSystemFullscreenOverrideEnabled=false hasMinAspectRatioOverride=false topActivityLetterboxBounds=null cameraCompatTaskInfo=CameraCompatTaskInfo { freeformCameraCompatMode=inactive}} topActivityMainWindowFrame=null}, pipChange = null, remoteTransition = null, displayChange = null, flags = 0, debugId = 1178 }
02-19 22:27:30.270  4449  4467 V WindowManagerShell:  animated by com.android.wm.shell.transition.DefaultTransitionHandler@f74d823
02-19 22:27:30.292   752   794 V WindowManager:     startWCT=WindowContainerTransaction { changes= {} hops= [] errorCallbackToken=null taskFragmentOrganizer=null }
02-19 22:27:30.295   752   794 V WindowManager:     info={id=1178 t=OPEN f=0x0 trk=1 r=[0@Point(0, 0)] c=[
02-19 22:27:30.295   752   794 V WindowManager:         {m=OPEN f=FILLS_TASK leash=Surface(name=ActivityRecord{81734518 u0 viva.republica.toss.test/im.toss.rn.granite.core.GraniteActivity)/@0x176da67 sb=Rect(0, 0 - 0, 0) eb=Rect(0, 0 - 1080, 2400) epz=Point(1080, 2400) d=-1->0 r=-1->0:-1 bc=ffffffff component=viva.republica.toss.test/im.toss.rn.granite.core.GraniteActivity},
02-19 22:27:30.295   752   794 V WindowManager:         {m=CLOSE f=TRANSLUCENT|FILLS_TASK|IS_OCCLUDED leash=Surface(name=ActivityRecord{23302315 u0 viva.republica.toss.test/.MiniAppSchemeActivity)/@0x1475e26 sb=Rect(0, 0 - 1080, 2400) eb=Rect(0, 0 - 1080, 2400) epz=Point(1080, 2400) d=0 bc=ffffffff component=viva.republica.toss.test/.MiniAppSchemeActivity},
02-19 22:27:30.295   752   794 V WindowManager:         {WCT{RemoteToken{5218fe8 Task{dd43522 #1 type=home}}} m=TO_BACK f=SHOW_WALLPAPER leash=Surface(name=Task=1)/@0x8ddbd2e sb=Rect(0, 0 - 1080, 2400) eb=Rect(0, 0 - 1080, 2400) epz=Point(1080, 2400) d=0 taskParent=-1},
02-19 22:27:30.295   752   794 V WindowManager:         {m=TO_BACK f=IS_WALLPAPER leash=Surface(name=WallpaperWindowToken{35e0c0f showWhenLocked=false})/@0x512f5be sb=Rect(0, 0 - 1080, 2400) eb=Rect(0, 0 - 1080, 2400) epz=Point(1080, 2400) d=0}
02-19 22:27:30.295   752   794 V WindowManager:     ]}
02-19 22:27:30.390  9538  9673 I blica.toss.test: AssetManager2(0x7d8fac434398) locale list changing from [] to [en-US]
02-19 22:27:30.484   752   989 I ImeTracker: viva.republica.toss.test:2783041b: onRequestHide at ORIGIN_SERVER reason HIDE_UNSPECIFIED_WINDOW fromUser false
02-19 22:27:30.492  9538  9538 D InsetsController: hide(ime(), fromIme=false)
02-19 22:27:30.492  9538  9538 I ImeTracker: viva.republica.toss.test:2783041b: onCancelled at PHASE_CLIENT_ALREADY_HIDDEN
02-19 22:27:30.499 20022 20022 I GoogleInputMethodService: GoogleInputMethodService.onFinishInput():2043 
02-19 22:27:30.519   752  2417 I ImeTracker: system_server:428dac4f: onRequestHide at ORIGIN_SERVER reason IME_REQUESTED_CHANGED_LISTENER fromUser false
02-19 22:27:30.520 20022 20022 I Module  : DeviceLockedStatusModuleProvider$Module.updateDeviceLockedStatus():100 repeatCheckTimes = 0, locked = false
02-19 22:27:30.556 20022 20022 I GoogleInputMethodService: GoogleInputMethodService.onStartInput():1293 onStartInput(EditorInfo{EditorInfo{packageName=viva.republica.toss.test, inputType=0, inputTypeString=NULL, enableLearning=false, autoCorrection=false, autoComplete=false, imeOptions=0, privateImeOptions=null, actionName=UNSPECIFIED, actionLabel=null, initialSelStart=-1, initialSelEnd=-1, initialCapsMode=0, label=null, fieldId=0, fieldName=null, extras=null, hintText=null, hintLocales=[]}}, false)
02-19 22:27:30.558 20022 20022 I EmojiCompatManager: EmojiCompatManager.getEmojiCompatIfLoaded():343 EmojiCompat.init() was never called.
02-19 22:27:30.558 20022 20022 I EmojiCompatManager: java.lang.IllegalStateException: EmojiCompat is not initialized. Please call EmojiCompat.init() first
02-19 22:27:30.558 20022 20022 I EmojiCompatManager: 	at asx.p(PG:6)
02-19 22:27:30.558 20022 20022 I EmojiCompatManager: 	at axb.b(PG:13)
02-19 22:27:30.558 20022 20022 I EmojiCompatManager: 	at jnr.b(PG:2)
02-19 22:27:30.558 20022 20022 I EmojiCompatManager: 	at jnr.c(PG:4)
02-19 22:27:30.558 20022 20022 I EmojiCompatManager: 	at jnr.f(PG:3)
02-19 22:27:30.558 20022 20022 I EmojiCompatManager: 	at jnx.c(PG:3)
02-19 22:27:30.558 20022 20022 I EmojiCompatManager: 	at kif.cz(PG:47)
02-19 22:27:30.558 20022 20022 I EmojiCompatManager: 	at lhl.run(PG:1025)
02-19 22:27:30.558 20022 20022 I EmojiCompatManager: 	at jaf.execute(PG:12)
02-19 22:27:30.558 20022 20022 I EmojiCompatManager: 	at nco.v(PG:13)
02-19 22:27:30.558 20022 20022 I EmojiCompatManager: 	at lhn.m(PG:96)
02-19 22:27:30.558 20022 20022 I EmojiCompatManager: 	at lhn.k(PG:25)
02-19 22:27:30.558 20022 20022 I EmojiCompatManager: 	at kgn.onStartInput(PG:250)
02-19 22:27:30.558 20022 20022 I EmojiCompatManager: 	at android.inputmethodservice.InputMethodService.doStartInput(InputMethodService.java:3521)
02-19 22:27:30.558 20022 20022 I EmojiCompatManager: 	at android.inputmethodservice.InputMethodService$InputMethodImpl.startInput(InputMethodService.java:879)
02-19 22:27:30.558 20022 20022 I EmojiCompatManager: 	at android.inputmethodservice.InputMethodService$InputMethodImpl.dispatchStartInput(InputMethodService.java:908)
02-19 22:27:30.558 20022 20022 I EmojiCompatManager: 	at android.inputmethodservice.IInputMethodWrapper.executeMessage(IInputMethodWrapper.java:201)
02-19 22:27:30.558 20022 20022 I EmojiCompatManager: 	at com.android.internal.os.HandlerCaller$MyHandler.handleMessage(HandlerCaller.java:44)
02-19 22:27:30.558 20022 20022 I EmojiCompatManager: 	at android.os.Handler.dispatchMessage(Handler.java:110)
02-19 22:27:30.558 20022 20022 I EmojiCompatManager: 	at android.os.Looper.loopOnce(Looper.java:248)
02-19 22:27:30.558 20022 20022 I EmojiCompatManager: 	at android.os.Looper.loop(Looper.java:338)
02-19 22:27:30.558 20022 20022 I EmojiCompatManager: 	at android.app.ActivityThread.main(ActivityThread.java:9067)
02-19 22:27:30.558 20022 20022 I EmojiCompatManager: 	at java.lang.reflect.Method.invoke(Native Method)
02-19 22:27:30.558 20022 20022 I EmojiCompatManager: 	at com.android.internal.os.RuntimeInit$MethodAndArgsCaller.run(RuntimeInit.java:593)
02-19 22:27:30.558 20022 20022 I EmojiCompatManager: 	at com.android.internal.os.ZygoteInit.main(ZygoteInit.java:932)
02-19 22:27:30.565   752   969 D ActivityManager: freezing 19829 com.android.vending
02-19 22:27:30.576 20022 20022 I Module  : DeviceLockedStatusModuleProvider$Module.updateDeviceLockedStatus():100 repeatCheckTimes = 1, locked = false
02-19 22:27:30.580 20022 20022 W NotificationCenter: NotificationCenter$NotificationQueue.notifyPendingNotificationsOnExecutor():877 Heavy notify work detected on UI thread: [kig->ilu, kig->ijm, kig->gkl, kig->ilu, kig->jnx, kig->khc, kig->ilu, kig->fro, kig->fef, kig->ilu, kig->ilu, kig->fcb, kig->ilu, kig->khg, kig->imt, kig->ilu, kig->ilu, kig->ilu, kig->ilu, kig->ilu, kig->lux, kig->ilu, kig->ilu] takes 22ms
02-19 22:27:30.583   752  2368 W PackageConfigPersister: App-specific configuration not found for packageName: viva.republica.toss.test and userId: 0
02-19 22:27:30.591  9538  9538 E unknown:ReactRootView: Unhandled SoftException
02-19 22:27:30.591  9538  9538 E unknown:ReactRootView: com.facebook.react.uimanager.IllegalViewOperationException: Trying to attach a ReactRootView with an explicit id already set to [2131362676]. React Native uses the id field to track react tags and will overwrite this field. If that is fine, explicitly overwrite the id field to View.NO_ID.
02-19 22:27:30.591  9538  9538 E unknown:ReactRootView: 	at com.facebook.react.ReactRootView.attachToReactInstanceManager(:799)
02-19 22:27:30.591  9538  9538 E unknown:ReactRootView: 	at com.facebook.react.ReactRootView.startReactApplication(:509)
02-19 22:27:30.591  9538  9538 E unknown:ReactRootView: 	at com.facebook.react.ReactRootView.startReactApplication(:469)
02-19 22:27:30.591  9538  9538 E unknown:ReactRootView: 	at im.toss.rn.granite.core.GraniteActivity.write(:486)
02-19 22:27:30.591  9538  9538 E unknown:ReactRootView: 	at im.toss.rn.granite.core.GraniteActivity.RemoteActionCompatParcelizer(:124)
02-19 22:27:30.591  9538  9538 E unknown:ReactRootView: 	at im.toss.rn.granite.core.GraniteActivity$RemoteActionCompatParcelizer.IconCompatParcelizer(:65353)
02-19 22:27:30.591  9538  9538 E unknown:ReactRootView: 	at o.sh.a_(:33)
02-19 22:27:30.591  9538  9538 E unknown:ReactRootView: 	at o.xP.run(:100)
02-19 22:27:30.591  9538  9538 E unknown:ReactRootView: 	at android.os.Handler.handleCallback(Handler.java:995)
02-19 22:27:30.591  9538  9538 E unknown:ReactRootView: 	at android.os.Handler.dispatchMessage(Handler.java:103)
02-19 22:27:30.591  9538  9538 E unknown:ReactRootView: 	at android.os.Looper.loopOnce(Looper.java:248)
02-19 22:27:30.591  9538  9538 E unknown:ReactRootView: 	at android.os.Looper.loop(Looper.java:338)
02-19 22:27:30.591  9538  9538 E unknown:ReactRootView: 	at android.app.ActivityThread.main(ActivityThread.java:9067)
02-19 22:27:30.591  9538  9538 E unknown:ReactRootView: 	at java.lang.reflect.Method.invoke(Native Method)
02-19 22:27:30.591  9538  9538 E unknown:ReactRootView: 	at com.android.internal.os.RuntimeInit$MethodAndArgsCaller.run(RuntimeInit.java:593)
02-19 22:27:30.591  9538  9538 E unknown:ReactRootView: 	at com.android.internal.os.ZygoteInit.main(ZygoteInit.java:932)
02-19 22:27:30.598   752   797 I ImeTracker: system_server:428dac4f: onCancelled at PHASE_SERVER_SHOULD_HIDE
02-19 22:27:30.632  4449  4467 V WindowManagerShell: Transition animation finished (aborted=false), notifying core (#1178) android.os.BinderProxy@5f0ef8e@1
02-19 22:27:30.691   752  1029 D InetDiagMessage: Destroyed 0 sockets, proto=IPPROTO_TCP, family=AF_INET, states=14
02-19 22:27:30.696   752   794 V WindowManager: Finish Transition (#1178): created at 02-19 22:27:29.958 collect-started=0.314ms request-sent=25.803ms started=39.858ms ready=51.185ms sent=297.714ms commit=20.306ms finished=733.157ms
02-19 22:27:30.701  9538  9701 W unknown:InspectorPackagerConnection: Couldn't connect to packager, will silently retry
02-19 22:27:30.702  9538  9702 W unknown:ReconnectingWebSocket: Couldn't connect to "ws://10.0.2.2:8081/message?device=sdk_gphone64_x86_64%20-%2016%20-%20API%2036&app=viva.republica.toss.test&clientid=BridgeDevSupportManager", will silently retry
02-19 22:27:30.708  4449  4467 V WindowManagerShell: Track 1 became idle
02-19 22:27:30.708  4449  4467 V WindowManagerShell: All active transition animations finished
02-19 22:27:30.714   752  1029 D InetDiagMessage: Destroyed 0 sockets, proto=IPPROTO_TCP, family=AF_INET6, states=14
02-19 22:27:30.714   752  1029 D InetDiagMessage: Destroyed live tcp sockets for uids={10146} in 131ms
02-19 22:27:30.723   752   752 W Looper  : Slow dispatch took 127ms main app=system_server main=true group=FOREGROUND h=com.android.server.alarm.AlarmManagerService$AlarmHandler c=android.app.ActivityManager$2$$ExternalSyntheticLambda0@9399cd6 m=0
02-19 22:27:30.741  9538  9538 D VRI[MiniAppSchemeActivity]: visibilityChanged oldVisibility=true newVisibility=false
02-19 22:27:30.752 19166 19166 D VRI[NexusLauncherActivity]: visibilityChanged oldVisibility=true newVisibility=false
02-19 22:27:30.764 19166 19166 D NexusLauncherModelDelegate: notifySmartspaceEvent: SmartspaceTargetEvent{mSmartspaceTarget=null, mSmartspaceActionId='null', mEventType=7}
02-19 22:27:30.768   752  2368 D CoreBackPreview: Window{422644 u0 PopupWindow:a8c88b7}: Setting back callback OnBackInvokedCallbackInfo{mCallback=android.window.IOnBackInvokedCallback$Stub$Proxy@90ab062, mPriority=0, mIsAnimationCallback=false, mOverrideBehavior=0}
02-19 22:27:30.783   752   797 W IPCThreadState: Sending oneway calls to frozen process.
02-19 22:27:30.785 19166 19166 D BaseDepthController: setSurface:
02-19 22:27:30.785 19166 19166 D BaseDepthController: 	mWaitingOnSurfaceValidity: false
02-19 22:27:30.785 19166 19166 D BaseDepthController: 	mBaseSurface: null
02-19 22:27:30.786 19166 19166 D BaseDepthController: mSurface is null and mCurrentBlur is: 0
02-19 22:27:30.786 19166 19166 D StateManager: goToState - fromState: Normal, toState: Normal, partial trace:
02-19 22:27:30.786 19166 19166 D StateManager: 	at com.android.launcher3.statemanager.StateManager.moveToRestState(go/retraceme 72a59688580715d19f0e415c69e80376c2f062d1648c80db6730905005a27c20:4)
02-19 22:27:30.786 19166 19166 D StateManager: 	at com.android.launcher3.statemanager.StateManager.moveToRestState(go/retraceme 72a59688580715d19f0e415c69e80376c2f062d1648c80db6730905005a27c20:1)
02-19 22:27:30.786 19166 19166 D StateManager: 	at com.android.launcher3.statemanager.StatefulActivity.onStop(go/retraceme 72a59688580715d19f0e415c69e80376c2f062d1648c80db6730905005a27c20:34)
02-19 22:27:30.787 19166 19166 D StatsLog: LAUNCHER_ONSTOP
02-19 22:27:30.818 19166 19166 D StatsLog: LAUNCHER_GOOGLE_SEARCH_RESTORE_LIST_SIZE_AFTER_ACTIVITY_RESTART
02-19 22:27:30.830   752   797 W ProcessStats: Tracking association SourceState{1b917ca system/1000 BFgs #29104} whose proc state 4 is better than process ProcessState{42c4ef0 com.google.android.ext.services/10208 pkg=com.google.android.ext.services} proc state 14 (20 skipped)
02-19 22:27:30.837  9538  9673 W System  : ClassLoader referenced unknown path: 
02-19 22:27:30.837  9538  9673 D nativeloader: Configuring clns-14 for other apk . target_sdk_version=36, uses_libraries=, library_path=/data/app/~~O-UZzK0jUU9NLgS3MODOZA==/com.google.android.gms-YQ2L6GsYyKuvu9MvIBK1EQ==/lib/x86_64:/data/app/~~O-UZzK0jUU9NLgS3MODOZA==/com.google.android.gms-YQ2L6GsYyKuvu9MvIBK1EQ==/base.apk!/lib/x86_64, permitted_path=/data:/mnt/expand:/data/user/0/com.google.android.gms
02-19 22:27:30.839  9538  9673 W DynamiteModule: Failed to load module via V2: java.lang.NoSuchFieldException: No field sClassLoader in class Lcom/google/android/gms/dynamite/DynamiteModule$DynamiteLoaderClassLoader; (declaration of 'com.google.android.gms.dynamite.DynamiteModule$DynamiteLoaderClassLoader' appears in /data/app/~~NUQj-rdXzuicW-16SIRtKA==/viva.republica.toss.test-Si406wFvb_sqEA2GTBV6RQ==/base.apk!classes2.dex)
02-19 22:27:30.845  9538  9673 I DynamiteModule: Considering local module com.google.android.gms.ads.dynamite:0 and remote module com.google.android.gms.ads.dynamite:254380203
02-19 22:27:30.846  9538  9673 I DynamiteModule: Selected remote version of com.google.android.gms.ads.dynamite, version >= 254380203
02-19 22:27:30.854  9538  9673 D CompatChangeReporter: Compat change id reported: 312399441; UID 10217; state: ENABLED
02-19 22:27:30.902  9538  9538 W WindowOnBackDispatcher: sendCancelIfRunning: isInProgress=false callback=android.view.ViewRootImpl$$ExternalSyntheticLambda13@f7bd206
02-19 22:27:30.903   752  1789 D CoreBackPreview: Window{9eda752 u0 viva.republica.toss.test/viva.republica.toss.test.MiniAppSchemeActivity}: Setting back callback null
02-19 22:27:30.904  9538  9538 D ViewRootImpl: Skipping stats log for color mode
02-19 22:27:30.920   752  1095 D BackgroundInstallControlService: Package event received: 0
02-19 22:27:30.923   752  1095 D BackgroundInstallControlService: Package event received: 0
02-19 22:27:31.023  9538  9673 I blica.toss.test: AssetManager2(0x7d8fac440238) locale list changing from [] to [en-US]
02-19 22:27:31.024  9538  9673 I blica.toss.test: AssetManager2(0x7d8fac4411d8) locale list changing from [] to [en-US]
02-19 22:27:31.051  9538  9673 D DynamitePackage: Instantiated singleton DynamitePackage.
02-19 22:27:31.051  9538  9673 D DynamitePackage: Instantiating com.google.android.gms.ads.ChimeraMobileAdsSettingManagerCreatorImpl
02-19 22:27:31.717   752  1856 E TaskPersister: File error accessing recents directory (directory doesn't exist?).
02-19 22:27:31.755   752  2368 D ConnectivityService: requestNetwork for uid/pid:10217/9538 activeRequest: null callbackRequest: 1204 [NetworkRequest [ REQUEST id=1205, [ Capabilities: INTERNET&NOT_RESTRICTED&TRUSTED&NOT_VCN_MANAGED&NOT_BANDWIDTH_CONSTRAINED Uid: 10217 RequestorUid: 10217 RequestorPkg: viva.republica.toss.test UnderlyingNetworks: Null] ]] callback flags: 0 order: 2147483647 isUidTracked: false declaredMethods: AVAIL|LOST
02-19 22:27:31.763   752  1023 D OemPaidWifiNetworkFactory: got request NetworkRequest [ REQUEST id=1205, [ Capabilities: INTERNET&NOT_RESTRICTED&TRUSTED&NOT_VCN_MANAGED&NOT_BANDWIDTH_CONSTRAINED Uid: 10217 RequestorUid: 10217 RequestorPkg: viva.republica.toss.test UnderlyingNetworks: Null] ]
02-19 22:27:31.764   752  1023 D MultiInternetWifiNetworkFactory: got request NetworkRequest [ REQUEST id=1205, [ Capabilities: INTERNET&NOT_RESTRICTED&TRUSTED&NOT_VCN_MANAGED&NOT_BANDWIDTH_CONSTRAINED Uid: 10217 RequestorUid: 10217 RequestorPkg: viva.republica.toss.test UnderlyingNetworks: Null] ]
02-19 22:27:31.764   752  1023 D WifiNetworkFactory: got request NetworkRequest [ REQUEST id=1205, [ Capabilities: INTERNET&NOT_RESTRICTED&TRUSTED&NOT_VCN_MANAGED&NOT_BANDWIDTH_CONSTRAINED Uid: 10217 RequestorUid: 10217 RequestorPkg: viva.republica.toss.test UnderlyingNetworks: Null] ]
02-19 22:27:31.765   752  1023 D UntrustedWifiNetworkFactory: got request NetworkRequest [ REQUEST id=1205, [ Capabilities: INTERNET&NOT_RESTRICTED&TRUSTED&NOT_VCN_MANAGED&NOT_BANDWIDTH_CONSTRAINED Uid: 10217 RequestorUid: 10217 RequestorPkg: viva.republica.toss.test UnderlyingNetworks: Null] ]
02-19 22:27:31.765   752  1029 D ConnectivityService: NetReassign [1205 : null  108] [c 0] [a 4] [i 4]
02-19 22:27:32.028  9538  9673 D DynamitePackage: Instantiating com.google.android.gms.ads.ChimeraAdPreloaderCreatorImpl
02-19 22:27:32.143  9538  9673 W unknown:ReactContext: initializeMessageQueueThreads() is called.
02-19 22:27:32.153  3453  3453 D BoundBrokerSvc: onRebind: Intent { act=com.google.android.gms.appset.service.START dat=chimera-action:/... xflg=0x4 cmp=com.google.android.gms/.chimera.GmsApiService }
02-19 22:27:32.160   752  1095 D BackgroundInstallControlService: Package event received: 0
02-19 22:27:32.163   752  2368 D ActivityManager: sync unfroze 19829 com.android.vending for 6
02-19 22:27:32.177   752  1984 D ConnectivityService: requestNetwork for uid/pid:10217/9538 activeRequest: null callbackRequest: 1206 [NetworkRequest [ REQUEST id=1207, [ Capabilities: INTERNET&NOT_RESTRICTED&TRUSTED&NOT_VCN_MANAGED&NOT_BANDWIDTH_CONSTRAINED Uid: 10217 RequestorUid: 10217 RequestorPkg: viva.republica.toss.test UnderlyingNetworks: Null] ]] callback flags: 0 order: 2147483647 isUidTracked: false declaredMethods: AVAIL|LOST|NC|LP
02-19 22:27:32.180   752   969 D ActivityManager: freezing 19378 com.google.android.webview:webview_service
02-19 22:27:32.184   752  2368 D CompatChangeReporter: Compat change id reported: 319212206; UID 10217; state: ENABLED
02-19 22:27:32.195   752  1095 D BackgroundInstallControlService: Package event received: 0
02-19 22:27:32.196   752  1023 D OemPaidWifiNetworkFactory: got request NetworkRequest [ REQUEST id=1207, [ Capabilities: INTERNET&NOT_RESTRICTED&TRUSTED&NOT_VCN_MANAGED&NOT_BANDWIDTH_CONSTRAINED Uid: 10217 RequestorUid: 10217 RequestorPkg: viva.republica.toss.test UnderlyingNetworks: Null] ]
02-19 22:27:32.197   752  1023 D MultiInternetWifiNetworkFactory: got request NetworkRequest [ REQUEST id=1207, [ Capabilities: INTERNET&NOT_RESTRICTED&TRUSTED&NOT_VCN_MANAGED&NOT_BANDWIDTH_CONSTRAINED Uid: 10217 RequestorUid: 10217 RequestorPkg: viva.republica.toss.test UnderlyingNetworks: Null] ]
02-19 22:27:32.197   752  1023 D WifiNetworkFactory: got request NetworkRequest [ REQUEST id=1207, [ Capabilities: INTERNET&NOT_RESTRICTED&TRUSTED&NOT_VCN_MANAGED&NOT_BANDWIDTH_CONSTRAINED Uid: 10217 RequestorUid: 10217 RequestorPkg: viva.republica.toss.test UnderlyingNetworks: Null] ]
02-19 22:27:32.197   752  1023 D UntrustedWifiNetworkFactory: got request NetworkRequest [ REQUEST id=1207, [ Capabilities: INTERNET&NOT_RESTRICTED&TRUSTED&NOT_VCN_MANAGED&NOT_BANDWIDTH_CONSTRAINED Uid: 10217 RequestorUid: 10217 RequestorPkg: viva.republica.toss.test UnderlyingNetworks: Null] ]
02-19 22:27:32.280   752  1029 D ConnectivityService: NetReassign [1207 : null  108] [c 15] [a 0] [i 87]
02-19 22:27:32.298   752  1029 D ConnectivityService: NetReassign [no changes] [c 1] [a 1] [i 6]
02-19 22:27:32.299 19829 19829 I Finsky  : [2] Memory trim requested to level 40
02-19 22:27:32.300   752  1029 D InetDiagMessage: Destroyed 0 sockets, proto=IPPROTO_TCP, family=AF_INET, states=14
02-19 22:27:32.301   752  1029 D InetDiagMessage: Destroyed 0 sockets, proto=IPPROTO_TCP, family=AF_INET6, states=14
02-19 22:27:32.301   752  1029 D InetDiagMessage: Destroyed live tcp sockets for uids={10168} in 2ms
02-19 22:27:32.302  9723  9723 W dumpsys : Thread Pool max thread count is 0. Cannot cache binder as linkToDeath cannot be implemented. serviceName: window
02-19 22:27:32.362  9538  9582 W cr_media: BLUETOOTH_CONNECT permission is missing.
02-19 22:27:32.362  9538  9582 W cr_media: getBluetoothAdapter() requires BLUETOOTH permission
02-19 22:27:32.362  9538  9582 W cr_media: registerBluetoothIntentsIfNeeded: Requires BLUETOOTH permission
02-19 22:27:32.374 19829 19829 I Finsky  : [2] Flushing in-memory image cache
02-19 22:27:32.447  9566  9592 I cr_LibraryLoader: Successfully loaded native library
02-19 22:27:32.447  9566  9592 I cr_CachingUmaRecorder: Flushed 2 samples from 2 histograms, 0 samples were dropped.
02-19 22:27:32.465  9566  9592 W SystemServiceRegistry: No service published for: uimode
02-19 22:27:32.591   752   775 I system_server: Background concurrent mark compact GC freed 25MB AllocSpace bytes, 54(1100KB) LOS objects, 41% free, 33MB/57MB, paused 2.611ms,2.723ms total 397.707ms
02-19 22:27:32.611  9566  9592 W chromium: [WARNING:runtime_features.cc(560)] Fenced frames cannot be enabled in this configuration. Use --enable-features=FencedFrames instead.
02-19 22:27:32.611  9566  9592 W chromium: [WARNING:runtime_features.cc(585)] Topics cannot be enabled in this configuration. Use --enable-features=BrowsingTopics in addition.
02-19 22:27:32.611  9566  9592 W chromium: [WARNING:runtime_features.cc(606)] SharedStorage cannot be enabled in this configuration. Use --enable-features=SharedStorageAPI in addition.
02-19 22:27:32.623   752   776 I BpBinder: onLastStrongRef automatically unlinking death recipients: 
02-19 22:27:32.652   752   777 W System  : A resource failed to call release. 
02-19 22:27:32.653   752   777 W System  : A resource failed to call release. 
02-19 22:27:32.776  9538  9726 W libc    : Access denied finding property "vendor.mesa.log"
02-19 22:27:32.776  9538  9726 W libc    : Access denied finding property "vendor.mesa.log.file"
02-19 22:27:32.776  9538  9726 E MESA    : Failed to open rendernode: No such file or directory
02-19 22:27:32.776  9538  9538 W mqt_js  : type=1400 audit(0.0:552): avc:  granted  { execute } for  path="/data/data/viva.republica.toss.test/libtcj.so" dev="dm-55" ino=364185 scontext=u:r:untrusted_app:s0:c217,c256,c512,c768 tcontext=u:object_r:app_data_file:s0:c217,c256,c512,c768 tclass=file app=viva.republica.toss.test
02-19 22:27:32.826  9538  9716 D nativeloader: Load /data/data/viva.republica.toss.test/libtcj.so using class loader ns clns-9 (caller=<unknown>): ok
02-19 22:27:32.876  9538  9726 D vulkan  : searching for layers in '/data/app/~~NUQj-rdXzuicW-16SIRtKA==/viva.republica.toss.test-Si406wFvb_sqEA2GTBV6RQ==/lib/x86_64'
02-19 22:27:32.943 19829 19970 I Finsky  : [71] Current account updated in PVS
02-19 22:27:32.967 19301 20335 I FontLog : (REDACTED) Received query %s, URI %s
02-19 22:27:32.968 19301 20335 I FontLog : (REDACTED) Query [%s] resolved to %s
02-19 22:27:32.989  9538  9726 D vulkan  : searching for layers in '/data/app/~~NUQj-rdXzuicW-16SIRtKA==/viva.republica.toss.test-Si406wFvb_sqEA2GTBV6RQ==/base.apk!/lib/x86_64'
02-19 22:27:32.993 19301 20335 I FontLog : (REDACTED) Font PFD returned from cache for %s
02-19 22:27:32.994 19301 20335 I FontLog : (REDACTED) Fetch %s end status %s
02-19 22:27:33.011 19301 19315 I FontLog : (REDACTED) Pulling font file for id = %d, cache size = %d
02-19 22:27:33.028 19301 19315 I FontLog : (REDACTED) Received query %s, URI %s
02-19 22:27:33.029 19301 19315 I FontLog : (REDACTED) Query [%s] resolved to %s
02-19 22:27:33.042 19301 19315 I FontLog : (REDACTED) Fetch %s end status %s
02-19 22:27:33.051 19301 19315 I FontLog : (REDACTED) Pulling font file for id = %d, cache size = %d
02-19 22:27:33.097 19301 19315 I FontLog : (REDACTED) Received query %s, URI %s
02-19 22:27:33.097 19301 19315 I FontLog : (REDACTED) Query [%s] resolved to %s
02-19 22:27:33.105 19301 19315 I FontLog : (REDACTED) Font PFD returned from cache for %s
02-19 22:27:33.106 19301 19315 I FontLog : (REDACTED) Fetch %s end status %s
02-19 22:27:33.110 19301 20335 I FontLog : (REDACTED) Pulling font file for id = %d, cache size = %d
02-19 22:27:33.117 19301 20335 I FontLog : (REDACTED) Received query %s, URI %s
02-19 22:27:33.119 19301 20335 I FontLog : (REDACTED) Query [%s] resolved to %s
02-19 22:27:33.132 19301 20335 I FontLog : (REDACTED) Font PFD returned from cache for %s
02-19 22:27:33.132 19301 20335 I FontLog : (REDACTED) Fetch %s end status %s
02-19 22:27:33.137 19301 19311 I FontLog : (REDACTED) Pulling font file for id = %d, cache size = %d
02-19 22:27:33.148 19301 19311 I FontLog : (REDACTED) Received query %s, URI %s
02-19 22:27:33.148 19301 19311 I FontLog : (REDACTED) Query [%s] resolved to %s
02-19 22:27:33.153 19301  9743 W FontLog : Error updating last accessed time for {Google Sans, wdth 100.0, wght 400, ital 0.0, bestEffort false}, isVf false}. [CONTEXT service_id=132 ]
02-19 22:27:33.153 19301  9743 W FontLog : java.lang.IllegalStateException: attempt to re-open an already-closed object: SQLiteDatabase: /data/user/0/com.google.android.gms/databases/metadata.db
02-19 22:27:33.153 19301  9743 W FontLog : 	at android.database.sqlite.SQLiteClosable.acquireReference(SQLiteClosable.java:73)
02-19 22:27:33.153 19301  9743 W FontLog : 	at android.database.sqlite.SQLiteDatabase.executeSql(SQLiteDatabase.java:2217)
02-19 22:27:33.153 19301  9743 W FontLog : 	at android.database.sqlite.SQLiteDatabase.execSQL(SQLiteDatabase.java:2211)
02-19 22:27:33.153 19301  9743 W FontLog : 	at bvxi.run(:com.google.android.gms@260438038@26.04.38 (260800-867839860):57)
02-19 22:27:33.153 19301  9743 W FontLog : 	at bfir.c(:com.google.android.gms@260438038@26.04.38 (260800-867839860):50)
02-19 22:27:33.153 19301  9743 W FontLog : 	at bfir.run(:com.google.android.gms@260438038@26.04.38 (260800-867839860):73)
02-19 22:27:33.153 19301  9743 W FontLog : 	at java.util.concurrent.ThreadPoolExecutor.runWorker(ThreadPoolExecutor.java:1156)
02-19 22:27:33.153 19301  9743 W FontLog : 	at java.util.concurrent.ThreadPoolExecutor$Worker.run(ThreadPoolExecutor.java:651)
02-19 22:27:33.153 19301  9743 W FontLog : 	at bfoi.run(:com.google.android.gms@260438038@26.04.38 (260800-867839860):8)
02-19 22:27:33.153 19301  9743 W FontLog : 	at java.lang.Thread.run(Thread.java:1119)
02-19 22:27:33.153 19301  9743 W FontLog : Caused by: java.lang.Exception: closed by android.database.sqlite.SQLiteDatabase.close()
02-19 22:27:33.153 19301  9743 W FontLog : 	at android.database.sqlite.SQLiteClosable.close(SQLiteClosable.java:128)
02-19 22:27:33.153 19301  9743 W FontLog : 	at bvxh.c(:com.google.android.gms@260438038@26.04.38 (260800-867839860):3)
02-19 22:27:33.153 19301  9743 W FontLog : 	at bvxi.run(:com.google.android.gms@260438038@26.04.38 (260800-867839860):62)
02-19 22:27:33.153 19301  9743 W FontLog : 	... 6 more
02-19 22:27:33.155 19301 19311 I FontLog : (REDACTED) Font PFD returned from cache for %s
02-19 22:27:33.155 19301 19311 I FontLog : (REDACTED) Fetch %s end status %s
02-19 22:27:33.219 19301 19311 I FontLog : (REDACTED) Pulling font file for id = %d, cache size = %d
02-19 22:27:33.332 19829 19829 I Finsky  : [2] Current account updated in PVS
02-19 22:27:33.382  8447  8447 I AidlLazyServiceRegistrar: Process has 0 (of 1 available) client(s) in use after notification artd has clients: 0
02-19 22:27:33.382  8447  8447 I AidlLazyServiceRegistrar: Trying to shut down the service. No clients in use for any service in process.
02-19 22:27:33.387 19829 19961 I Finsky  : [66] Current account updated in PVS
02-19 22:27:33.390  8447  8447 I AidlLazyServiceRegistrar: Unregistered all clients and exiting
02-19 22:27:33.421 19829 19961 I Finsky  : [66] Current account updated in PVS
02-19 22:27:33.805  9538  9538 I Ads     : JS: The jsLoaded GMSG has been sent (https://googleads.g.doubleclick.net/mads/static/sdk/native/sdk-core-v40.html:1025)
02-19 22:27:34.440  9538  9716 D nativeloader: Load /data/app/~~NUQj-rdXzuicW-16SIRtKA==/viva.republica.toss.test-Si406wFvb_sqEA2GTBV6RQ==/lib/x86_64/libreactnativeblob.so using class loader ns clns-9 (caller=<unknown>): ok
02-19 22:27:34.464  9538  9726 W libc    : Access denied finding property "vendor.mesa.vk.trace.per.submit"
02-19 22:27:34.464  9538  9726 W libc    : Access denied finding property "vendor.mesa.gallium.print.optio"
02-19 22:27:34.465  9538  9726 W libc    : Access denied finding property "vendor.mesa.vk.trace.frame"
02-19 22:27:34.470  9538  9726 W libc    : Access denied finding property "vendor.mesa.vk.wsi.headless.swa"
02-19 22:27:34.523  9538  9726 W chromium: [WARNING:viz_main_impl.cc(85)] VizNullHypothesis is disabled (not a warning)
02-19 22:27:34.535  9538  9538 E unknown:ReactNative: Unable to launch logbox because react was unable to create the root view
02-19 22:27:34.811   752  2417 D CompatChangeReporter: Compat change id reported: 297989574; UID 10217; state: ENABLED
02-19 22:27:34.872  9538  9716 W unknown:ViewManagerPropertyUpdater: Could not find generated setter for class com.facebook.react.views.traceupdateoverlay.TraceUpdateOverlayManager
02-19 22:27:34.885  9538  9716 W unknown:ViewManagerPropertyUpdater: Could not find generated setter for class com.facebook.react.uimanager.LayoutShadowNode
02-19 22:27:34.895  9538  9716 W unknown:ViewManagerPropertyUpdater: Could not find generated setter for class com.facebook.react.views.drawer.ReactDrawerLayoutManager
02-19 22:27:34.901  9538  9716 W unknown:ViewManagerPropertyUpdater: Could not find generated setter for class com.facebook.react.views.scroll.ReactHorizontalScrollViewManager
02-19 22:27:34.914  9538  9716 W unknown:ViewManagerPropertyUpdater: Could not find generated setter for class com.facebook.react.views.scroll.ReactHorizontalScrollContainerViewManager
02-19 22:27:34.920  9538  9716 W unknown:ViewManagerPropertyUpdater: Could not find generated setter for class com.facebook.react.views.progressbar.ReactProgressBarViewManager
02-19 22:27:34.923  9538  9716 W unknown:ViewManagerPropertyUpdater: Could not find generated setter for class com.facebook.react.views.progressbar.ProgressBarShadowNode
02-19 22:27:34.928  9538  9716 W unknown:ViewManagerPropertyUpdater: Could not find generated setter for class com.facebook.react.views.scroll.ReactScrollViewManager
02-19 22:27:34.930  9538  9716 W unknown:ViewManagerPropertyUpdater: Could not find generated setter for class com.facebook.react.views.switchview.ReactSwitchManager
02-19 22:27:34.932  9538  9716 W unknown:ViewManagerPropertyUpdater: Could not find generated setter for class com.facebook.react.views.switchview.ReactSwitchManager$ReactSwitchShadowNode
02-19 22:27:34.932  9538  9716 W unknown:ViewManagerPropertyUpdater: Could not find generated setter for class com.facebook.react.views.swiperefresh.SwipeRefreshLayoutManager
02-19 22:27:34.936  9538  9716 W unknown:ViewManagerPropertyUpdater: Could not find generated setter for class com.facebook.react.views.text.frescosupport.FrescoBasedReactTextInlineImageViewManager
02-19 22:27:34.936  9538  9716 W unknown:ViewManagerPropertyUpdater: Could not find generated setter for class com.facebook.react.views.text.frescosupport.FrescoBasedReactTextInlineImageShadowNode
02-19 22:27:34.942  9538  9716 W unknown:ViewManagerPropertyUpdater: Could not find generated setter for class com.facebook.react.views.image.ReactImageManager
02-19 22:27:34.946  9538  9716 W unknown:ViewManagerPropertyUpdater: Could not find generated setter for class com.facebook.react.views.modal.ReactModalHostManager
02-19 22:27:34.950  9538  9716 W unknown:ViewManagerPropertyUpdater: Could not find generated setter for class com.facebook.react.views.modal.ModalHostShadowNode
02-19 22:27:34.952  9538  9716 W unknown:ViewManagerPropertyUpdater: Could not find generated setter for class com.facebook.react.views.text.ReactRawTextManager
02-19 22:27:34.955  9538  9716 W unknown:ViewManagerPropertyUpdater: Could not find generated setter for class com.facebook.react.views.text.ReactRawTextShadowNode
02-19 22:27:34.957  9538  9716 W unknown:ViewManagerPropertyUpdater: Could not find generated setter for class com.facebook.react.views.textinput.ReactTextInputManager
02-19 22:27:34.964  9538  9716 W unknown:ViewManagerPropertyUpdater: Could not find generated setter for class com.facebook.react.views.textinput.ReactTextInputShadowNode
02-19 22:27:34.969  9538  9716 W unknown:ViewManagerPropertyUpdater: Could not find generated setter for class com.facebook.react.views.text.ReactTextViewManager
02-19 22:27:34.971  9538  9716 W unknown:ViewManagerPropertyUpdater: Could not find generated setter for class com.facebook.react.views.text.ReactTextShadowNode
02-19 22:27:34.972  9538  9716 W unknown:ViewManagerPropertyUpdater: Could not find generated setter for class com.facebook.react.views.view.ReactViewManager
02-19 22:27:34.974  9538  9716 W unknown:ViewManagerPropertyUpdater: Could not find generated setter for class com.facebook.react.views.text.ReactVirtualTextViewManager
02-19 22:27:34.975  9538  9716 W unknown:ViewManagerPropertyUpdater: Could not find generated setter for class com.facebook.react.views.text.ReactVirtualTextShadowNode
02-19 22:27:34.975  9538  9716 W unknown:ViewManagerPropertyUpdater: Could not find generated setter for class com.facebook.react.views.unimplementedview.ReactUnimplementedViewManager
02-19 22:27:34.980  9538  9716 W unknown:ViewManagerPropertyUpdater: Could not find generated setter for class com.shopify.reactnative.flash_list.AutoLayoutViewManager
02-19 22:27:34.982  9538  9716 W unknown:ViewManagerPropertyUpdater: Could not find generated setter for class com.shopify.reactnative.flash_list.CellContainerManager
02-19 22:27:34.987  9538  9716 W unknown:ViewManagerPropertyUpdater: Could not find generated setter for class com.airbnb.android.react.lottie.LottieAnimationViewManager
02-19 22:27:34.992  9538  9716 W unknown:ViewManagerPropertyUpdater: Could not find generated setter for class com.swmansion.gesturehandler.react.RNGestureHandlerRootViewManager
02-19 22:27:34.999  9538  9716 W unknown:ViewManagerPropertyUpdater: Could not find generated setter for class com.swmansion.gesturehandler.react.RNGestureHandlerButtonViewManager
02-19 22:27:35.002  9538  9716 W unknown:ViewManagerPropertyUpdater: Could not find generated setter for class io.invertase.googlemobileads.ReactNativeGoogleMobileAdsBannerAdViewManager
02-19 22:27:35.005  9538  9716 W unknown:ViewManagerPropertyUpdater: Could not find generated setter for class com.reactnativepagerview.PagerViewViewManager
02-19 22:27:35.053  9538  9716 W unknown:ViewManagerPropertyUpdater: Could not find generated setter for class com.th3rdwave.safeareacontext.SafeAreaProviderManager
02-19 22:27:35.056  9538  9716 W unknown:ViewManagerPropertyUpdater: Could not find generated setter for class com.th3rdwave.safeareacontext.SafeAreaViewManager
02-19 22:27:35.065  9538  9716 W unknown:ViewManagerPropertyUpdater: Could not find generated setter for class o.eglCreatePlatformPixmapSurface
02-19 22:27:35.068  9538  9716 W unknown:ViewManagerPropertyUpdater: Could not find generated setter for class com.swmansion.rnscreens.ScreenContainerViewManager
02-19 22:27:35.073  9538  9716 W unknown:ViewManagerPropertyUpdater: Could not find generated setter for class com.swmansion.rnscreens.ScreenViewManager
02-19 22:27:35.081  9538  9716 W unknown:ViewManagerPropertyUpdater: Could not find generated setter for class com.swmansion.rnscreens.ScreenStackViewManager
02-19 22:27:35.092  9538  9716 W unknown:ViewManagerPropertyUpdater: Could not find generated setter for class com.swmansion.rnscreens.ScreenStackHeaderConfigViewManager
02-19 22:27:35.096  9538  9716 W unknown:ViewManagerPropertyUpdater: Could not find generated setter for class com.swmansion.rnscreens.ScreenStackHeaderSubviewManager
02-19 22:27:35.112  9538  9716 W unknown:ViewManagerPropertyUpdater: Could not find generated setter for class com.swmansion.rnscreens.SearchBarManager
02-19 22:27:35.116  9538  9716 W unknown:ViewManagerPropertyUpdater: Could not find generated setter for class com.horcrux.svg.RenderableViewManager$DefsViewManager
02-19 22:27:35.121  9538  9716 W unknown:ViewManagerPropertyUpdater: Could not find generated setter for class com.horcrux.svg.VirtualViewManager$RemoteActionCompatParcelizer
02-19 22:27:35.127  9538  9716 W unknown:ViewManagerPropertyUpdater: Could not find generated setter for class com.horcrux.svg.RenderableViewManager$MarkerManager
02-19 22:27:35.137  9538  9716 W unknown:ViewManagerPropertyUpdater: Could not find generated setter for class com.horcrux.svg.RenderableViewManager$ForeignObjectManager
02-19 22:27:35.141  9538  9716 W unknown:ViewManagerPropertyUpdater: Could not find generated setter for class com.horcrux.svg.RenderableViewManager$EllipseViewManager
02-19 22:27:35.153  9538  9716 W unknown:ViewManagerPropertyUpdater: Could not find generated setter for class com.horcrux.svg.RenderableViewManager$LineViewManager
02-19 22:27:35.156  9538  9716 W unknown:ViewManagerPropertyUpdater: Could not find generated setter for class com.horcrux.svg.RenderableViewManager$LinearGradientManager
02-19 22:27:35.159  9538  9716 W unknown:ViewManagerPropertyUpdater: Could not find generated setter for class com.horcrux.svg.RenderableViewManager$GroupViewManager
02-19 22:27:35.160  9538  9716 W unknown:ViewManagerPropertyUpdater: Could not find generated setter for class com.horcrux.svg.RenderableViewManager$TextViewManager
02-19 22:27:35.163  9538  9716 W unknown:ViewManagerPropertyUpdater: Could not find generated setter for class com.horcrux.svg.RenderableViewManager$ImageViewManager
02-19 22:27:35.165  9538  9716 W unknown:ViewManagerPropertyUpdater: Could not find generated setter for class com.horcrux.svg.RenderableViewManager$ClipPathViewManager
02-19 22:27:35.166  9538  9716 W unknown:ViewManagerPropertyUpdater: Could not find generated setter for class com.horcrux.svg.RenderableViewManager$RadialGradientManager
02-19 22:27:35.169  9538  9716 W unknown:ViewManagerPropertyUpdater: Could not find generated setter for class com.horcrux.svg.RenderableViewManager$MaskManager
02-19 22:27:35.283  9538  9716 W unknown:ViewManagerPropertyUpdater: Could not find generated setter for class com.horcrux.svg.RenderableViewManager$SymbolManager
02-19 22:27:35.287  9538  9716 W unknown:ViewManagerPropertyUpdater: Could not find generated setter for class com.horcrux.svg.RenderableViewManager$PatternManager
02-19 22:27:35.291  9538  9716 W unknown:ViewManagerPropertyUpdater: Could not find generated setter for class com.horcrux.svg.RenderableViewManager$RectViewManager
02-19 22:27:35.293  9538  9716 W unknown:ViewManagerPropertyUpdater: Could not find generated setter for class com.horcrux.svg.RenderableViewManager$TextPathViewManager
02-19 22:27:35.296  9538  9716 W unknown:ViewManagerPropertyUpdater: Could not find generated setter for class com.horcrux.svg.SvgViewManager
02-19 22:27:35.299  9538  9716 W unknown:ViewManagerPropertyUpdater: Could not find generated setter for class com.horcrux.svg.RenderableViewManager$PathViewManager
02-19 22:27:35.303  9538  9716 W unknown:ViewManagerPropertyUpdater: Could not find generated setter for class com.horcrux.svg.RenderableViewManager$UseViewManager
02-19 22:27:35.306  9538  9716 W unknown:ViewManagerPropertyUpdater: Could not find generated setter for class com.horcrux.svg.RenderableViewManager$CircleViewManager
02-19 22:27:35.312  9538  9716 W unknown:ViewManagerPropertyUpdater: Could not find generated setter for class com.horcrux.svg.RenderableViewManager$TSpanViewManager
02-19 22:27:35.317  9538  9716 W unknown:ViewManagerPropertyUpdater: Could not find generated setter for class com.brentvatne.exoplayer.ReactExoplayerViewManager
02-19 22:27:35.333  9538  9716 W unknown:ViewManagerPropertyUpdater: Could not find generated setter for class com.reactnativecommunity.webview.RNCWebViewManager
02-19 22:27:35.340  9538  9716 W unknown:ViewManagerPropertyUpdater: Could not find generated setter for class im.toss.rn.granite.core.module.image.FastImageViewManager
