--------- beginning of main
02-19 18:28:09.368 14299 14299 I artd    : GetBestInfo: vdex next to the dex file (/data/user/0/com.google.android.gms/app_dg_cache/BF7C023AB90CCF01D1F467FC1CEBAF866511FF29/oat/x86_64/the.vdex) is kOatUpToDate with filter 'verify' executable 'false'
02-19 18:28:09.372 14299 14371 I artd    : GetBestInfo: /data/user_de/0/com.google.android.gms/app_chimera/m/00000010/dl-PlayCloudSearch.optional_250834100000.apk has no usable artifacts
02-19 18:28:09.376 14299 14371 I artd    : GetBestInfo: /data/user_de/0/com.google.android.gms/app_chimera/m/00000017/dl-PlayCloudSearch.optional_260438100000.apk has no usable artifacts
02-19 18:28:09.379 14299 14371 I artd    : GetBestInfo: /data/user_de/0/com.google.android.gms/app_chimera/m/00000015/dl-MlkitOcrCommon.optional_260438100800.apk has no usable artifacts
02-19 18:28:09.383 14299 14371 I artd    : GetBestInfo: /data/user_de/0/com.google.android.gms/app_chimera/m/00000013/dl-MlkitBarcodeUi.optional_260438100800.apk has no usable artifacts
02-19 18:28:09.389 14299 14371 I artd    : GetBestInfo: /data/user_de/0/com.google.android.gms/app_chimera/m/0000000f/dl-MlkitOcrCommon.optional_250834100800.apk has no usable artifacts
02-19 18:28:09.393 14299 14371 I artd    : GetBestInfo: /data/user_de/0/com.google.android.gms/app_chimera/m/0000000d/dl-VisionOcr.optional_250834100000.apk has no usable artifacts
02-19 18:28:09.398 14299 14371 I artd    : GetBestInfo: /data/user_de/0/com.google.android.gms/app_chimera/m/0000000a/dl-MlkitBarcodeUi.optional_250834100800.apk has no usable artifacts
02-19 18:28:09.398 14782 14782 D CompatChangeReporter: Compat change id reported: 279646685; UID 10217; state: ENABLED
02-19 18:28:09.401 14299 14371 I artd    : GetBestInfo: /data/user_de/0/com.google.android.gms/app_chimera/m/00000011/dl-VisionOcr.optional_260438100000.apk has no usable artifacts
02-19 18:28:09.406 14299 14371 I artd    : GetBestInfo: /data/user_de/0/com.google.android.gms/app_chimera/m/00000012/dl-Appsearch.optional_260438100800.apk has no usable artifacts
02-19 18:28:09.413 14299 14371 I artd    : GetBestInfo: vdex next to the dex file (/data/user/0/com.google.android.gms/app_dg_cache/94DF452EEF4B8E717545DCDEA6CC3C50A319A195/oat/x86_64/the.vdex) is kOatUpToDate with filter 'verify' executable 'false'
02-19 18:28:09.415 14299 14371 I artd    : GetBestInfo: /data/user_de/0/com.google.android.gms/app_chimera/m/00000007/MeasurementDynamite.apk has no usable artifacts
02-19 18:28:09.416 14782 14782 D nativeloader: Load /data/app/~~NUQj-rdXzuicW-16SIRtKA==/viva.republica.toss.test-Si406wFvb_sqEA2GTBV6RQ==/lib/x86_64/libmmkv.so using class loader ns clns-9 (caller=/data/app/~~NUQj-rdXzuicW-16SIRtKA==/viva.republica.toss.test-Si406wFvb_sqEA2GTBV6RQ==/base.apk): ok
02-19 18:28:09.417 14299 14371 I artd    : GetBestInfo: /data/user_de/0/com.google.android.gms/app_chimera/m/00000018/dl-AdsFdrDynamite.integ_254380203100000.apk has no usable artifacts
02-19 18:28:09.419 14782 14798 E ashmem  : Pinning is deprecated since Android Q. Please use trim or other methods.
02-19 18:28:09.426 14782 14782 I blica.toss.test: AssetManager2(0x7d8fac426f18) locale list changing from [] to [en-US]
02-19 18:28:09.426 14782 14782 I WebViewFactory: Loading com.google.android.webview version 133.0.6943.137 (code 694313738)
02-19 18:28:09.428 14782 14782 I blica.toss.test: AssetManager2(0x7d8fac427878) locale list changing from [] to [en-US]
02-19 18:28:09.429 14782 14782 I blica.toss.test: AssetManager2(0x7d8fac4284f8) locale list changing from [] to [en-US]
--------- beginning of system
02-19 18:28:09.429 14782 14782 V ResourcesManager: The following library key has been added: ResourcesKey{ mHash=a24a3099 mResDir=null mSplitDirs=[] mOverlayDirs=[] mLibDirs=[/data/app/~~86wu-kVgQoavtKNPNhKNpg==/com.google.android.webview-1KjOBROVBHjUvpUZHW2m2g==/WebViewGoogle.apk,/data/app/~~zfNTtjjfT5QjKD_7Ux4KKQ==/com.google.android.trichromelibrary_694313738-AgzLRnDhHPFXke_9IsnuqA==/TrichromeLibrary.apk] mDisplayId=0 mOverrideConfig=v36 mCompatInfo={420dpi always-compat} mLoaders=[]}
02-19 18:28:09.438 14782 14782 W blica.toss.test: Failed to find entry 'classes.dex': Entry not found
02-19 18:28:09.440 14782 14782 D nativeloader: Configuring clns-10 for other apk /data/app/~~zfNTtjjfT5QjKD_7Ux4KKQ==/com.google.android.trichromelibrary_694313738-AgzLRnDhHPFXke_9IsnuqA==/TrichromeLibrary.apk. target_sdk_version=34, uses_libraries=ALL, library_path=/data/app/~~86wu-kVgQoavtKNPNhKNpg==/com.google.android.webview-1KjOBROVBHjUvpUZHW2m2g==/lib/x86_64:/data/app/~~86wu-kVgQoavtKNPNhKNpg==/com.google.android.webview-1KjOBROVBHjUvpUZHW2m2g==/WebViewGoogle.apk!/lib/x86_64:/data/app/~~zfNTtjjfT5QjKD_7Ux4KKQ==/com.google.android.trichromelibrary_694313738-AgzLRnDhHPFXke_9IsnuqA==/TrichromeLibrary.apk!/lib/x86_64, permitted_path=/data:/mnt/expand
02-19 18:28:09.443 14782 14782 D ApplicationLoaders: Returning zygote-cached class loader: /system_ext/framework/androidx.window.extensions.jar
02-19 18:28:09.449 14782 14782 D nativeloader: Configuring clns-11 for other apk /data/app/~~86wu-kVgQoavtKNPNhKNpg==/com.google.android.webview-1KjOBROVBHjUvpUZHW2m2g==/WebViewGoogle.apk. target_sdk_version=34, uses_libraries=, library_path=/data/app/~~86wu-kVgQoavtKNPNhKNpg==/com.google.android.webview-1KjOBROVBHjUvpUZHW2m2g==/lib/x86_64:/data/app/~~86wu-kVgQoavtKNPNhKNpg==/com.google.android.webview-1KjOBROVBHjUvpUZHW2m2g==/WebViewGoogle.apk!/lib/x86_64:/data/app/~~zfNTtjjfT5QjKD_7Ux4KKQ==/com.google.android.trichromelibrary_694313738-AgzLRnDhHPFXke_9IsnuqA==/TrichromeLibrary.apk!/lib/x86_64, permitted_path=/data:/mnt/expand
02-19 18:28:09.552   752   775 I system_server: Background concurrent mark compact GC freed 23MB AllocSpace bytes, 42(1152KB) LOS objects, 42% free, 32MB/56MB, paused 999us,2.131ms total 302.418ms
02-19 18:28:09.686 14782 14782 I cr_WVCFactoryProvider: version=133.0.6943.137 (694313738) minSdkVersion=29 isBundle=false multiprocess=true packageId=2
02-19 18:28:09.703 14782 14782 D nativeloader: Load /data/app/~~zfNTtjjfT5QjKD_7Ux4KKQ==/com.google.android.trichromelibrary_694313738-AgzLRnDhHPFXke_9IsnuqA==/TrichromeLibrary.apk!/lib/x86_64/libmonochrome_64.so using class loader ns clns-11 (caller=/data/app/~~86wu-kVgQoavtKNPNhKNpg==/com.google.android.webview-1KjOBROVBHjUvpUZHW2m2g==/WebViewGoogle.apk): ok
02-19 18:28:09.717 14782 14782 D nativeloader: Load /system/lib64/libwebviewchromium_plat_support.so using class loader ns clns-11 (caller=/data/app/~~86wu-kVgQoavtKNPNhKNpg==/com.google.android.webview-1KjOBROVBHjUvpUZHW2m2g==/WebViewGoogle.apk): ok
02-19 18:28:09.722 14782 14803 E chromium: [0219/182809.720805:ERROR:variations_seed_loader.cc(39)] Seed missing signature.
02-19 18:28:09.722 14782 14803 I chromium: [0219/182809.722689:INFO:variations_seed_loader.cc(67)] Failed to open file for reading.: No such file or directory (2)
02-19 18:28:09.729 14782 14782 I cr_LibraryLoader: Successfully loaded native library
02-19 18:28:09.730 14782 14782 I cr_CachingUmaRecorder: Flushed 6 samples from 6 histograms, 0 samples were dropped.
02-19 18:28:09.732 14782 14782 I cr_CombinedPProvider: #registerProvider() provider:WV.C8@b59ad9b isPolicyCacheEnabled:false policyProvidersSize:0
02-19 18:28:09.733 14782 14782 I cr_PolicyProvider: #setManagerAndSource() 0
02-19 18:28:09.738   752   935 V GrammaticalInflectionUtils: AttributionSource: android.content.AttributionSource@6a71055f does not have READ_SYSTEM_GRAMMATICAL_GENDER permission.
02-19 18:28:09.748  1263  1263 D Zygote  : Forked child process 14807
02-19 18:28:09.759 14807 14807 I ocessService0:0: Using CollectorTypeCMC GC.
02-19 18:28:09.761 14807 14807 W ocessService0:0: Unexpected CPU variant for x86: x86_64.
02-19 18:28:09.761 14807 14807 W ocessService0:0: Known variants: atom, sandybridge, silvermont, goldmont, goldmont-plus, goldmont-without-sha-xsaves, tremont, kabylake, alderlake, default
02-19 18:28:09.766 14807 14807 E ocessService0:0: Not starting debugger since process cannot load the jdwp agent.
02-19 18:28:09.769 14782 14798 D nativeloader: Configuring clns-12 for other apk . target_sdk_version=35, uses_libraries=ALL, library_path=/data/app/~~NUQj-rdXzuicW-16SIRtKA==/viva.republica.toss.test-Si406wFvb_sqEA2GTBV6RQ==/lib/x86_64:/data/app/~~NUQj-rdXzuicW-16SIRtKA==/viva.republica.toss.test-Si406wFvb_sqEA2GTBV6RQ==/base.apk!/lib/x86_64, permitted_path=/data:/mnt/expand
02-19 18:28:09.770 14807 14807 D nativeloader: Load libframework-connectivity-tiramisu-jni.so using APEX ns com_android_tethering for caller /apex/com.android.tethering/javalib/framework-connectivity-t.jar: ok
02-19 18:28:09.771 14782 14798 D nativeloader: Load /data/app/~~NUQj-rdXzuicW-16SIRtKA==/viva.republica.toss.test-Si406wFvb_sqEA2GTBV6RQ==/lib/x86_64/libdceb.so using isolated ns clns-12 (caller=/data/user/0/viva.republica.toss.test/Anonymous-DexFile@1467667017.jar): ok
02-19 18:28:09.784   752  1116 I ActivityManager: Start proc 14807:com.google.android.webview:sandboxed_process0:org.chromium.content.app.SandboxedProcessService0:0/u0i41 for  {viva.republica.toss.test/org.chromium.content.app.SandboxedProcessService0:0}
02-19 18:28:09.784   752  1116 I ActivityManager: ProcessObserver broadcast disabled
02-19 18:28:09.790 14782 14782 I cr_CombinedPProvider: #linkNativeInternal() 1
02-19 18:28:09.791 14782 14782 I cr_AppResProvider: #getApplicationRestrictionsFromUserManager() Bundle[EMPTY_PARCEL]
02-19 18:28:09.791 14782 14782 I cr_PolicyProvider: #notifySettingsAvailable() 0
02-19 18:28:09.792 14782 14782 I cr_CombinedPProvider: #onSettingsAvailable() 0
02-19 18:28:09.792 14782 14782 I cr_CombinedPProvider: #flushPolicies()
02-19 18:28:09.795 14807 14807 D CompatChangeReporter: Compat change id reported: 242716250; UID 99041; state: ENABLED
02-19 18:28:09.812 14807 14807 D ApplicationLoaders: Returning zygote-cached class loader: /system_ext/framework/androidx.window.extensions.jar
02-19 18:28:09.815 14807 14807 I ocessService0:0: AssetManager2(0x7d8fac42ba18) locale list changing from [] to [en-US]
02-19 18:28:09.822 14807 14807 I LoadedApk: No resource references to update in package com.google.android.trichromelibrary
02-19 18:28:09.824 14807 14807 I cr_WebViewApkApp: version=133.0.6943.137 (694313738) minSdkVersion=29 isBundle=false processName=com.google.android.webview:sandboxed_process0:org.chromium.content.app.SandboxedProcessService0:0
02-19 18:28:09.827   752  1095 D BackgroundInstallControlService: Package event received: 0
02-19 18:28:09.833   752  1095 D BackgroundInstallControlService: Package event received: 0
02-19 18:28:09.837   752  1095 D BackgroundInstallControlService: Package event received: 0
02-19 18:28:09.837   752  1095 D BackgroundInstallControlService: Package event received: 0
02-19 18:28:09.838  3453  3453 D BoundBrokerSvc: onBind: Intent { act=com.google.android.gms.safetynet.service.START xflg=0x4 pkg=com.google.android.gms }
02-19 18:28:09.838  3453  3453 D BoundBrokerSvc: Loading bound service for intent: Intent { act=com.google.android.gms.safetynet.service.START xflg=0x4 pkg=com.google.android.gms }
02-19 18:28:09.841 14807 14807 I cr_ChildProcessService: Creating new ChildProcessService pid=14807
02-19 18:28:09.853   752   806 W ActivityManager: Slow operation: 115ms so far, now at startProcess: returned from zygote!
02-19 18:28:09.985 14782 14782 I blica.toss.test: AssetManager2(0x7d8fac4281d8) locale list changing from [] to [en-US]
02-19 18:28:09.989 14782 14782 I blica.toss.test: AssetManager2(0x7d8fac425938) locale list changing from [] to [en-US]
02-19 18:28:09.993 14782 14782 D DesktopModeFlags: Toggle override initialized to: OVERRIDE_UNSET
02-19 18:28:09.994 14782 14782 I DisplayManager: Implicitly registering for refresh rate
02-19 18:28:19.460   752   969 D ActivityManager: freezing 4656 com.google.android.adservices.api
02-19 18:28:19.463 27008 27008 I wpa_supplicant: wlan0: CTRL-EVENT-BEACON-LOSS 
02-19 18:28:19.463   752   797 W BLASTSyncEngine: Sync group 648 timeout
02-19 18:28:19.463   752   797 I BLASTSyncEngine: Unfinished container: Task{3d85282 #70 type=standard A=10217:viva.republica.toss.test}
02-19 18:28:19.464   752   797 I BLASTSyncEngine: Unfinished container: ActivityRecord{8358349 u0 viva.republica.toss.test/.MiniAppSchemeActivity t70}
02-19 18:28:19.469   752  1029 D InetDiagMessage: Destroyed 0 sockets, proto=IPPROTO_TCP, family=AF_INET, states=14
02-19 18:28:19.478   752   794 V WindowManager: Sent Transition (#648) createdAt=02-19 18:28:07.695 via request=TransitionRequestInfo { type = OPEN, triggerTask = TaskInfo{userId=0 taskId=70 effectiveUid=10217 displayId=0 isRunning=true baseIntent=Intent { act=android.intent.action.VIEW dat=intoss://takealook/... flg=0x10000000 pkg=viva.republica.toss.test cmp=viva.republica.toss.test/.MiniAppSchemeActivity } baseActivity=ComponentInfo{viva.republica.toss.test/viva.republica.toss.test.MiniAppSchemeActivity} topActivity=ComponentInfo{viva.republica.toss.test/viva.republica.toss.test.MiniAppSchemeActivity} origActivity=null realActivity=ComponentInfo{viva.republica.toss.test/viva.republica.toss.test.MiniAppSchemeActivity} numActivities=1 lastActiveTime=104761560 supportsMultiWindow=true resizeMode=1 isResizeable=true minWidth=-1 minHeight=-1 defaultMinSize=220 token=WCT{RemoteToken{c103735 Task{3d85282 #70 type=standard A=10217:viva.republica.toss.test}}} topActivityType=1 pictureInPictureParams=null shouldDockBigOverlays=false launchIntoPipHostTaskId=-1 lastParentTaskIdBeforePip=-1 displayCutoutSafeInsets=Rect(0, 0 - 0, 0) topActivityInfo=ActivityInfo{bb7d7ca viva.republica.toss.test.MiniAppSchemeActivity} launchCookies=[] positionInParent=Point(0, 0) parentTaskId=-1 isFocused=false isVisible=false isVisibleRequested=false isTopActivityNoDisplay=false isSleeping=false locusId=null displayAreaFeatureId=1 isTopActivityTransparent=true isActivityStackTransparent=true lastNonFullscreenBounds=Rect(284, 660 - 796, 1740) capturedLink=null capturedLinkTimestamp=0 requestedVisibleTypes=-9 topActivityRequestOpenInBrowserEducationTimestamp=0 appCompatTaskInfo=AppCompatTaskInfo { topActivityInSizeCompat=false eligibleForLetterboxEducation= false isLetterboxEducationEnabled= true isLetterboxDoubleTapEnabled= false eligibleForUserAspectRatioButton= false topActivityBoundsLetterboxed= false isFromLetterboxDoubleTap= false topActivityLetterboxVerticalPosition= -1 topActivityLetterboxHorizontalPosition= -1 topActivityLetterboxWidth=-1 topActivityLetterboxHeight=-1 topActivityAppBounds=Rect(0, 0 - 1080, 2400) isUserFullscreenOverrideEnabled=false isSystemFullscreenOverrideEnabled=false hasMinAspectRatioOverride=false topActivityLetterboxBounds=null cameraCompatTaskInfo=CameraCompatTaskInfo { freeformCameraCompatMode=inactive}} topActivityMainWindowFrame=null}, pipChange = null, remoteTransition = null, displayChange = null, flags = 0, debugId = 648 }
02-19 18:28:19.478   752   794 V WindowManager:     startWCT=WindowContainerTransaction { changes= {} hops= [] errorCallbackToken=null taskFragmentOrganizer=null }
02-19 18:28:19.478   752   794 V WindowManager:     info={id=648 t=OPEN f=0x0 trk=1 r=[0@Point(0, 0)] c=[
02-19 18:28:19.478   752   794 V WindowManager:         {WCT{RemoteToken{c103735 Task{3d85282 #70 type=standard A=10217:viva.republica.toss.test}}} m=OPEN f=TRANSLUCENT leash=Surface(name=Task=70)/@0xd639dbe sb=Rect(0, 0 - 1080, 2400) eb=Rect(0, 0 - 1080, 2400) epz=Point(1080, 2400) d=0 taskParent=-1}
02-19 18:28:19.478   752   794 V WindowManager:     ]}
02-19 18:28:19.479   752   797 W ActivityTaskManager: Launch timeout has expired, giving up wake lock!
02-19 18:28:19.488   752  1029 D InetDiagMessage: Destroyed 0 sockets, proto=IPPROTO_TCP, family=AF_INET6, states=14
02-19 18:28:19.488   752  1029 D InetDiagMessage: Destroyed live tcp sockets for uids={10205} in 19ms
02-19 18:28:19.492  4449 22842 V WindowManagerShell: onTransitionReady(transaction=3229815425984)
02-19 18:28:19.495   752  1029 D InetDiagMessage: Destroyed 0 sockets, proto=IPPROTO_TCP, family=AF_INET, states=14
02-19 18:28:19.494  4449  4467 V WindowManagerShell: onTransitionReady (#648) android.os.BinderProxy@4bf3c8d: {id=648 t=OPEN f=0x0 trk=1 r=[0@Point(0, 0)] c=[
02-19 18:28:19.494  4449  4467 V WindowManagerShell:         {m=OPEN f=TRANSLUCENT leash=Surface(name=Task=70)/@0x38a8390 sb=Rect(0, 0 - 1080, 2400) eb=Rect(0, 0 - 1080, 2400) epz=Point(1080, 2400) d=0 taskParent=-1}
02-19 18:28:19.494  4449  4467 V WindowManagerShell:     ]}
02-19 18:28:19.496   752  1029 D InetDiagMessage: Destroyed 0 sockets, proto=IPPROTO_TCP, family=AF_INET6, states=14
02-19 18:28:19.496   752  1029 D InetDiagMessage: Destroyed live tcp sockets for uids={20205} in 8ms
02-19 18:28:19.496  4449  4467 V WindowManagerShell: Playing animation for (#648) android.os.BinderProxy@4bf3c8d@1
02-19 18:28:19.496  4449  4467 V ShellRecents: RecentsTransitionHandler.startAnimation: no controller found
02-19 18:28:19.496  4449  4467 V WindowManagerShell: Transition doesn't have explicit remote, search filters for match for {id=648 t=OPEN f=0x0 trk=1 r=[0@Point(0, 0)] c=[{m=OPEN f=TRANSLUCENT leash=Surface(name=Task=70)/@0x38a8390 sb=Rect(0, 0 - 1080, 2400) eb=Rect(0, 0 - 1080, 2400) epz=Point(1080, 2400) d=0 taskParent=-1}]}
02-19 18:28:19.496  4449  4467 V WindowManagerShell:  Checking filter Pair{{types=[] flags=0x0] notFlags=0x0 checks=[{atype=undefined independent=true modes=[CLOSE,TO_BACK] flags=IN_TASK_WITH_EMBEDDED_ACTIVITY mustBeTask=false order=ANY topActivity=null launchCookie=null taskFragmentToken=android.os.BinderProxy@dcfd27d windowingMode=undefined}]} RemoteTransition { remoteTransition = android.window.IRemoteTransition$Stub$Proxy@d4ce572, appThread = android.app.IApplicationThread$Stub$Proxy@fd29dc3, debugName = overlayBackTransition }}
02-19 18:28:19.497  4449  4467 V WindowManagerShell:  Checking filter Pair{{types=[] flags=0x0] notFlags=0x0 checks=[{atype=dream independent=true modes=[OPEN,TO_FRONT] flags=NONE mustBeTask=false order=ANY topActivity=null launchCookie=null windowingMode=undefined},{atype=home independent=true modes=[CLOSE,TO_BACK] flags=NONE mustBeTask=false order=ANY topActivity=null launchCookie=null windowingMode=undefined}]} RemoteTransition { remoteTransition = android.window.IRemoteTransition$Stub$Proxy@90c640, appThread = android.app.IApplicationThread$Stub$Proxy@f8c1979, debugName = LauncherToDream }}
02-19 18:28:19.497   752  1029 D InetDiagMessage: Destroyed 0 sockets, proto=IPPROTO_TCP, family=AF_INET, states=14
02-19 18:28:19.497  4449  4467 V WindowManagerShell:  Checking filter Pair{{types=[] flags=0x0] notFlags=0x100 checks=[{atype=home independent=true modes=[OPEN,TO_FRONT] flags=NONE mustBeTask=false order=TOP topActivity=ComponentInfo{com.google.android.apps.nexuslauncher/com.google.android.apps.nexuslauncher.NexusLauncherActivity} launchCookie=null windowingMode=undefined},{atype=standard independent=true modes=[CLOSE,TO_BACK] flags=NONE mustBeTask=false order=ANY topActivity=null launchCookie=null windowingMode=undefined},{NOT atype=undefined independent=true modes=[] flags=NONE mustBeTask=true order=ANY topActivity=null launchCookie=null customAnim=true windowingMode=undefined}]} RemoteTransition { remoteTransition = android.window.IRemoteTransition$Stub$Proxy@affe6be, appThread = android.app.IApplicationThread$Stub$Proxy@c37531f, debugName = QuickstepLaunchHome }}
02-19 18:28:19.497  4449  4467 V WindowManagerShell:  Checking filter Pair{{types=[] flags=0x0] notFlags=0x0 checks=[{atype=undefined independent=true modes=[CLOSE,TO_BACK] flags=IN_TASK_WITH_EMBEDDED_ACTIVITY mustBeTask=false order=ANY topActivity=null launchCookie=null taskFragmentToken=android.os.BinderProxy@dcfd27d windowingMode=undefined}]} RemoteTransition { remoteTransition = android.window.IRemoteTransition$Stub$Proxy@3517b6e, appThread = android.app.IApplicationThread$Stub$Proxy@261420f, debugName = overlayBackTransition }}
02-19 18:28:19.497  4449  4467 V WindowManagerShell:  Checking filter Pair{{types=[] flags=0x0] notFlags=0x0 checks=[{atype=dream independent=true modes=[OPEN,TO_FRONT] flags=NONE mustBeTask=false order=ANY topActivity=null launchCookie=null windowingMode=undefined},{atype=home independent=true modes=[CLOSE,TO_BACK] flags=NONE mustBeTask=false order=ANY topActivity=null launchCookie=null windowingMode=undefined}]} RemoteTransition { remoteTransition = android.window.IRemoteTransition$Stub$Proxy@c23e29c, appThread = android.app.IApplicationThread$Stub$Proxy@afb34a5, debugName = LauncherToDream }}
02-19 18:28:19.497  4449  4467 V WindowManagerShell:  Checking filter Pair{{types=[] flags=0x0] notFlags=0x100 checks=[{atype=home independent=true modes=[OPEN,TO_FRONT] flags=NONE mustBeTask=false order=TOP topActivity=ComponentInfo{com.google.android.apps.nexuslauncher/com.google.android.apps.nexuslauncher.NexusLauncherActivity} launchCookie=null windowingMode=undefined},{atype=standard independent=true modes=[CLOSE,TO_BACK] flags=NONE mustBeTask=false order=ANY topActivity=null launchCookie=null windowingMode=undefined},{NOT atype=undefined independent=true modes=[] flags=NONE mustBeTask=true order=ANY topActivity=null launchCookie=null customAnim=true windowingMode=undefined}]} RemoteTransition { remoteTransition = android.window.IRemoteTransition$Stub$Proxy@39de07a, appThread = android.app.IApplicationThread$Stub$Proxy@cf9f02b, debugName = QuickstepLaunchHome }}
02-19 18:28:19.497  4449  4467 V WindowManagerShell:  Delegate animation for (#648) to null
02-19 18:28:19.497  4449  4467 V WindowManagerShell: start default transition animation, info = {id=648 t=OPEN f=0x0 trk=1 r=[0@Point(0, 0)] c=[{m=OPEN f=TRANSLUCENT leash=Surface(name=Task=70)/@0x38a8390 sb=Rect(0, 0 - 1080, 2400) eb=Rect(0, 0 - 1080, 2400) epz=Point(1080, 2400) d=0 taskParent=-1}]}
02-19 18:28:19.497   752  1029 D InetDiagMessage: Destroyed 0 sockets, proto=IPPROTO_TCP, family=AF_INET6, states=14
02-19 18:28:19.497   752  1029 D InetDiagMessage: Destroyed live tcp sockets for uids={10205} in 1ms
02-19 18:28:19.500 14782 14835 E chromium: [ERROR:simple_version_upgrade.cc(151)] Failed to write a new fake index.
02-19 18:28:19.509   752  1095 D BackgroundInstallControlService: Package event received: 0
02-19 18:28:19.527   752  2417 D ActivityManager: sync unfroze 4656 com.google.android.adservices.api for 6
02-19 18:28:19.528   752  1095 D BackgroundInstallControlService: Package event received: 0
02-19 18:28:19.531   752  1095 D BackgroundInstallControlService: Package event received: 0
02-19 18:28:19.532   752   779 D ActivityManager: sync unfroze 11873 com.google.android.webview:webview_service for 6
02-19 18:28:19.539   752  1095 D BackgroundInstallControlService: Package event received: 0
02-19 18:28:19.550  4449  4467 V WindowManagerShell: loadAnimation: anim=android.view.animation.AnimationSet@de0ecaf animAttr=0x4 type=OPEN isEntrance=true
02-19 18:28:19.551  4449  4467 V WindowManagerShell:  animated by com.android.wm.shell.transition.DefaultTransitionHandler@f74d823
02-19 18:28:19.551 14782 14848 D nativeloader: Load /data/app/~~NUQj-rdXzuicW-16SIRtKA==/viva.republica.toss.test-Si406wFvb_sqEA2GTBV6RQ==/lib/x86_64/libbugsnag-root-detection.so using class loader ns clns-9 (caller=/data/app/~~NUQj-rdXzuicW-16SIRtKA==/viva.republica.toss.test-Si406wFvb_sqEA2GTBV6RQ==/base.apk): ok
02-19 18:28:19.650   752  1116 W ProcessStats: Tracking association SourceState{b726823 viva.republica.toss.test/10217 BTop #20678} whose proc state 2 is better than process ProcessState{753bac8 com.google.android.webview:webview_service/10168 pkg=com.google.android.webview} proc state 15 (27 skipped)
02-19 18:28:19.781   752   779 D FileUtils: Rounded bytes from 2067259392 to 4000000000
02-19 18:28:19.865  4449  4467 V WindowManagerShell: Transition animation finished (aborted=false), notifying core (#648) android.os.BinderProxy@4bf3c8d@1
02-19 18:28:19.868   752   794 V WindowManager: Finish Transition (#648): created at 02-19 18:28:07.695 collect-started=0.196ms request-sent=18.288ms started=23.507ms ready=-1.04761542157E8ms sent=11781.112ms commit=90.802ms finished=12171.57ms
02-19 18:28:19.870  4449  4467 V WindowManagerShell: Track 1 became idle
02-19 18:28:19.870  4449  4467 V WindowManagerShell: All active transition animations finished
02-19 18:28:19.888 14782 14846 D nativeloader: Load /data/app/~~NUQj-rdXzuicW-16SIRtKA==/viva.republica.toss.test-Si406wFvb_sqEA2GTBV6RQ==/lib/x86_64/libbugsnag-ndk.so using class loader ns clns-9 (caller=<unknown>): ok
02-19 18:28:19.892   531   531 E BpTransactionCompletedListener: Failed to transact (-32)
02-19 18:28:19.921   752  1116 D FileUtils: Rounded bytes from 2067259392 to 4000000000
02-19 18:28:19.922 14782 14782 W BugsnagNDK: Initialization complete!
02-19 18:28:20.005 14782 14846 D nativeloader: Load /data/app/~~NUQj-rdXzuicW-16SIRtKA==/viva.republica.toss.test-Si406wFvb_sqEA2GTBV6RQ==/lib/x86_64/libbugsnag-plugin-android-anr.so using class loader ns clns-9 (caller=<unknown>): ok
02-19 18:28:20.015   752  1116 D ConnectivityService: requestNetwork for uid/pid:10217/14782 activeRequest: null callbackRequest: 613 [NetworkRequest [ REQUEST id=614, [ Capabilities: INTERNET&NOT_RESTRICTED&TRUSTED&NOT_VCN_MANAGED&NOT_BANDWIDTH_CONSTRAINED Uid: 10217 RequestorUid: 10217 RequestorPkg: viva.republica.toss.test UnderlyingNetworks: Null] ]] callback flags: 0 order: 2147483647 isUidTracked: false declaredMethods: AVAIL|UNAVAIL
02-19 18:28:20.016 14782 14782 W System.err: SLF4J: No SLF4J providers were found.
02-19 18:28:20.016 14782 14782 W System.err: SLF4J: Defaulting to no-operation (NOP) logger implementation
02-19 18:28:20.016 14782 14782 W System.err: SLF4J: See https://www.slf4j.org/codes.html#noProviders for further details.
02-19 18:28:20.018   752  1023 D OemPaidWifiNetworkFactory: got request NetworkRequest [ REQUEST id=614, [ Capabilities: INTERNET&NOT_RESTRICTED&TRUSTED&NOT_VCN_MANAGED&NOT_BANDWIDTH_CONSTRAINED Uid: 10217 RequestorUid: 10217 RequestorPkg: viva.republica.toss.test UnderlyingNetworks: Null] ]
02-19 18:28:20.018   752  1023 D MultiInternetWifiNetworkFactory: got request NetworkRequest [ REQUEST id=614, [ Capabilities: INTERNET&NOT_RESTRICTED&TRUSTED&NOT_VCN_MANAGED&NOT_BANDWIDTH_CONSTRAINED Uid: 10217 RequestorUid: 10217 RequestorPkg: viva.republica.toss.test UnderlyingNetworks: Null] ]
02-19 18:28:20.018   752  1023 D WifiNetworkFactory: got request NetworkRequest [ REQUEST id=614, [ Capabilities: INTERNET&NOT_RESTRICTED&TRUSTED&NOT_VCN_MANAGED&NOT_BANDWIDTH_CONSTRAINED Uid: 10217 RequestorUid: 10217 RequestorPkg: viva.republica.toss.test UnderlyingNetworks: Null] ]
02-19 18:28:20.018   752  1029 D ConnectivityService: NetReassign [614 : null → 108] [c 1] [a 1] [i 1]
02-19 18:28:20.018   752  1023 D UntrustedWifiNetworkFactory: got request NetworkRequest [ REQUEST id=614, [ Capabilities: INTERNET&NOT_RESTRICTED&TRUSTED&NOT_VCN_MANAGED&NOT_BANDWIDTH_CONSTRAINED Uid: 10217 RequestorUid: 10217 RequestorPkg: viva.republica.toss.test UnderlyingNetworks: Null] ]
02-19 18:28:20.028   752  1116 W OptProp : Cannot read opt property android.window.PROPERTY_COMPAT_ENABLE_FAKE_FOCUS
02-19 18:28:20.028   752  1116 D CompatChangeReporter: Compat change id reported: 324203798; UID 10217; state: ENABLED
02-19 18:28:20.033   752  1095 D BackgroundInstallControlService: Package event received: 0
02-19 18:28:20.033   752  1095 D BackgroundInstallControlService: Package event received: 0
02-19 18:28:20.036 14782 14782 I Choreographer: Skipped 637 frames!  The application may be doing too much work on its main thread.
02-19 18:28:20.037 14782 14861 I CameraManagerGlobal: Connecting to camera service
02-19 18:28:20.047   615   615 I AttributionAndPermissionUtils: checkPermission (forDataDelivery 0 startDataDelivery 0): Permission hard denied for client attribution [uid 10217, pid 14782, packageName "<unknown>"]
02-19 18:28:20.148 14782 14782 I blica.toss.test: AssetManager2(0x7d8fac432138) locale list changing from [] to [en-US]
02-19 18:28:20.153 14782 14788 I blica.toss.test: Background concurrent mark compact GC freed 4927KB AllocSpace bytes, 32(940KB) LOS objects, 49% free, 3939KB/7878KB, paused 178us,5.307ms total 74.424ms
02-19 18:28:20.196 14782 14782 I blica.toss.test: AssetManager2(0x7d8fac426bf8) locale list changing from [] to [en-US]
02-19 18:28:20.412 14782 14782 I blica.toss.test: AssetManager2(0x7d8fac42c9b8) locale list changing from [] to [en-US]
02-19 18:28:20.543   752  1856 E TaskPersister: File error accessing recents directory (directory doesn't exist?).
02-19 18:28:20.543 14782 14782 D CompatChangeReporter: Compat change id reported: 309578419; UID 10217; state: ENABLED
02-19 18:28:20.649  4656 15179 E adservices.measurement: AttributionFallbackJobService is disabled, skip scheduling
02-19 18:28:20.667  4656 14872 W adservices: Skip logging because Cobalt logger is null
02-19 18:28:20.671  4656 14873 W adservices: Skip logging because Cobalt is disabled.
02-19 18:28:20.678 14782 14782 D CompatChangeReporter: Compat change id reported: 352594277; UID 10217; state: ENABLED
02-19 18:28:20.684 14782 14782 D CompatChangeReporter: Compat change id reported: 349153669; UID 10217; state: ENABLED
02-19 18:28:20.686 14782 14782 W HWUI    : Unknown dataspace 0
02-19 18:28:20.753  4656 15179 E adservices: Encryption key fetch job is disabled, skip scheduling.
02-19 18:28:20.945 14782 14866 I EGL_emulation: Opening libGLESv1_CM_emulation.so
02-19 18:28:20.945 14782 14866 I EGL_emulation: Opening libGLESv2_emulation.so
02-19 18:28:20.957 14782 14866 W HWUI    : Failed to choose config with EGL_SWAP_BEHAVIOR_PRESERVED, retrying without...
02-19 18:28:20.958 14782 14866 W HWUI    : Failed to initialize 101010-2 format, error = EGL_SUCCESS
02-19 18:28:21.002   752  1116 D CompatChangeReporter: Compat change id reported: 151861875; UID 10217; state: ENABLED
02-19 18:28:21.003   752  1116 V GrammaticalInflectionUtils: AttributionSource: android.content.AttributionSource@56784557 does not have READ_SYSTEM_GRAMMATICAL_GENDER permission.
02-19 18:28:21.003   752  1116 W OptProp : Cannot read opt property android.window.PROPERTY_COMPAT_ALLOW_USER_ASPECT_RATIO_OVERRIDE
02-19 18:28:21.004   752  1116 W OptProp : Cannot read opt property android.window.PROPERTY_COMPAT_ALLOW_USER_ASPECT_RATIO_FULLSCREEN_OVERRIDE
02-19 18:28:21.004   752  1116 W OptProp : Cannot read opt property android.window.PROPERTY_COMPAT_ALLOW_RESIZEABLE_ACTIVITY_OVERRIDES
02-19 18:28:21.004   752  1116 W OptProp : Cannot read opt property android.window.PROPERTY_COMPAT_ALLOW_MIN_ASPECT_RATIO_OVERRIDE
02-19 18:28:21.007   752  1116 W OptProp : Cannot read opt property android.window.PROPERTY_COMPAT_ALLOW_ORIENTATION_OVERRIDE
02-19 18:28:21.011   531   590 I BpBinder: onLastStrongRef automatically unlinking death recipients: 
02-19 18:28:21.014   752  1116 I ActivityTaskManager: START u0 {act=android.intent.action.VIEW dat=intoss://takealook/... xflg=0x4 cmp=viva.republica.toss.test/im.toss.rn.granite.core.GraniteActivity (has extras)} with LAUNCH_MULTIPLE from uid 10217 (sr=8358349) (BAL_ALLOW_VISIBLE_WINDOW) result code=0
02-19 18:28:21.014  4449  4467 V WindowManagerShell: Transition requested (#649): android.os.BinderProxy@83c7045 TransitionRequestInfo { type = OPEN, triggerTask = TaskInfo{userId=0 taskId=70 effectiveUid=10217 displayId=0 isRunning=true baseIntent=Intent { act=android.intent.action.VIEW dat=intoss://takealook/... flg=0x10000000 pkg=viva.republica.toss.test cmp=viva.republica.toss.test/.MiniAppSchemeActivity } baseActivity=ComponentInfo{viva.republica.toss.test/viva.republica.toss.test.MiniAppSchemeActivity} topActivity=ComponentInfo{viva.republica.toss.test/im.toss.rn.granite.core.GraniteActivity} origActivity=null realActivity=ComponentInfo{viva.republica.toss.test/viva.republica.toss.test.MiniAppSchemeActivity} numActivities=2 lastActiveTime=104774855 supportsMultiWindow=true resizeMode=1 isResizeable=true minWidth=-1 minHeight=-1 defaultMinSize=220 token=WCT{android.window.IWindowContainerToken$Stub$Proxy@64f039a} topActivityType=1 pictureInPictureParams=null shouldDockBigOverlays=false launchIntoPipHostTaskId=-1 lastParentTaskIdBeforePip=-1 displayCutoutSafeInsets=Rect(0, 0 - 0, 0) topActivityInfo=ActivityInfo{5d9a4cb im.toss.rn.granite.core.GraniteActivity} launchCookies=[] positionInParent=Point(0, 0) parentTaskId=-1 isFocused=true isVisible=true isVisibleRequested=true isTopActivityNoDisplay=false isSleeping=false locusId=null displayAreaFeatureId=1 isTopActivityTransparent=false isActivityStackTransparent=false lastNonFullscreenBounds=Rect(284, 660 - 796, 1740) capturedLink=null capturedLinkTimestamp=0 requestedVisibleTypes=-9 topActivityRequestOpenInBrowserEducationTimestamp=0 appCompatTaskInfo=AppCompatTaskInfo { topActivityInSizeCompat=false eligibleForLetterboxEducation= false isLetterboxEducationEnabled= true isLetterboxDoubleTapEnabled= false eligibleForUserAspectRatioButton= false topActivityBoundsLetterboxed= false isFromLetterboxDoubleTap= false topActivityLetterboxVerticalPosition= -1 topActivityLetterboxHorizontalPosition= -1 topActivityLetterboxWidth=-1 topActivityLetterboxHeight=-1 topActivityAppBounds=Rect(0, 0 - 1080, 2400) isUserFullscreenOverrideEnabled=false isSystemFullscreenOverrideEnabled=false hasMinAspectRatioOverride=false topActivityLetterboxBounds=null cameraCompatTaskInfo=CameraCompatTaskInfo { freeformCameraCompatMode=inactive}} topActivityMainWindowFrame=null}, pipChange = null, remoteTransition = null, displayChange = null, flags = 0, debugId = 649 }
02-19 18:28:21.014  4449  4467 D ShellSplitScreen: logExit: no-op, mLoggerSessionId is null
02-19 18:28:21.023   531   531 I BpBinder: onLastStrongRef automatically unlinking death recipients: 
02-19 18:28:21.032   752  1116 D CoreBackPreview: Window{64c387e u0 viva.republica.toss.test/viva.republica.toss.test.MiniAppSchemeActivity}: Setting back callback OnBackInvokedCallbackInfo{mCallback=android.window.IOnBackInvokedCallback$Stub$Proxy@fbce118, mPriority=0, mIsAnimationCallback=false, mOverrideBehavior=0}
02-19 18:28:21.095   752  1095 D BackgroundInstallControlService: Package event received: 0
02-19 18:28:21.095   752  1116 W OptProp : Cannot read opt property android.window.PROPERTY_COMPAT_ENABLE_FAKE_FOCUS
02-19 18:28:21.105   752  1095 D BackgroundInstallControlService: Package event received: 0
02-19 18:28:21.105   752  1095 D BackgroundInstallControlService: Package event received: 0
02-19 18:28:21.105   752   797 W IPCThreadState: Sending oneway calls to frozen process.
02-19 18:28:21.106   752   797 W IPCThreadState: Sending oneway calls to frozen process.
02-19 18:28:21.106   752   797 W IPCThreadState: Sending oneway calls to frozen process.
02-19 18:28:21.106   752   797 W IPCThreadState: Sending oneway calls to frozen process.
02-19 18:28:21.106   752   797 W IPCThreadState: Sending oneway calls to frozen process.
02-19 18:28:21.106   752   797 W IPCThreadState: Sending oneway calls to frozen process.
02-19 18:28:21.106   752   797 W IPCThreadState: Sending oneway calls to frozen process.
02-19 18:28:21.107   752   797 W IPCThreadState: Sending oneway calls to frozen process.
02-19 18:28:31.725   531   568 W EventThread: Faking VSYNC due to driver stall for thread app
02-19 18:28:31.726   531   569 W EventThread: Faking VSYNC due to driver stall for thread appSf
02-19 18:28:31.731   752   798 I Choreographer: Skipped 641 frames!  The application may be doing too much work on its main thread.
02-19 18:28:31.734  1336  1556 D SatelliteController: iisInCarrierRoamingNbIotNtn: satellite is disabled
02-19 18:28:31.739 27008 27008 I wpa_supplicant: wlan0: CTRL-EVENT-BEACON-LOSS 
02-19 18:28:31.745   752   797 W BLASTSyncEngine: Sync group 649 timeout
02-19 18:28:31.745   752   797 I BLASTSyncEngine: Unfinished container: ActivityRecord{166371573 u0 viva.republica.toss.test/im.toss.rn.granite.core.GraniteActivity t70}
02-19 18:28:31.746   752  1029 D InetDiagMessage: Destroyed 0 sockets, proto=IPPROTO_TCP, family=AF_INET, states=14
02-19 18:28:31.751  4449  4488 V WindowManagerShell: onTransitionReady(transaction=3229815426001)
02-19 18:28:31.751  4449  4467 V WindowManagerShell: onTransitionReady (#649) android.os.BinderProxy@83c7045: {id=649 t=OPEN f=0x0 trk=0 r=[0@Point(0, 0)] c=[
02-19 18:28:31.751  4449  4467 V WindowManagerShell:         {m=OPEN f=FILLS_TASK leash=Surface(name=ActivityRecord{166371573 u0 viva.republica.toss.test/im.toss.rn.granite.core.GraniteActivity)/@0xde334a8 sb=Rect(0, 0 - 0, 0) eb=Rect(0, 0 - 1080, 2400) epz=Point(1080, 2400) d=-1->0 r=-1->0:-1 bc=ffffffff component=viva.republica.toss.test/im.toss.rn.granite.core.GraniteActivity},
02-19 18:28:31.751  4449  4467 V WindowManagerShell:         {m=CLOSE f=TRANSLUCENT|FILLS_TASK leash=Surface(name=ActivityRecord{8358349 u0 viva.republica.toss.test/.MiniAppSchemeActivity)/@0x5b8cbc1 sb=Rect(0, 0 - 1080, 2400) eb=Rect(0, 0 - 1080, 2400) epz=Point(1080, 2400) d=0 bc=ffffffff component=viva.republica.toss.test/.MiniAppSchemeActivity},
02-19 18:28:31.751  4449  4467 V WindowManagerShell:         {m=TO_BACK f=SHOW_WALLPAPER leash=Surface(name=Task=1)/@0x609bf66 sb=Rect(0, 0 - 1080, 2400) eb=Rect(0, 0 - 1080, 2400) epz=Point(1080, 2400) d=0 taskParent=-1},
02-19 18:28:31.751  4449  4467 V WindowManagerShell:         {m=TO_BACK f=IS_WALLPAPER leash=Surface(name=WallpaperWindowToken{35e0c0f showWhenLocked=false})/@0x95bc2a7 sb=Rect(0, 0 - 1080, 2400) eb=Rect(0, 0 - 1080, 2400) epz=Point(1080, 2400) d=0}
02-19 18:28:31.751  4449  4467 V WindowManagerShell:     ]}
02-19 18:28:31.751  4449  4467 V WindowManagerShell: Playing animation for (#649) android.os.BinderProxy@83c7045@0
02-19 18:28:31.752   752   969 D ActivityManager: freezing 11873 com.google.android.webview:webview_service
02-19 18:28:31.752   752   797 W ActivityTaskManager: Launch timeout has expired, giving up wake lock!
02-19 18:28:31.753  4449  4467 V ShellRecents: RecentsTransitionHandler.startAnimation: no controller found
02-19 18:28:31.753  4449  4467 V WindowManagerShell: Transition doesn't have explicit remote, search filters for match for {id=649 t=OPEN f=0x0 trk=0 r=[0@Point(0, 0)] c=[{m=OPEN f=FILLS_TASK leash=Surface(name=ActivityRecord{166371573 u0 viva.republica.toss.test/im.toss.rn.granite.core.GraniteActivity)/@0xde334a8 sb=Rect(0, 0 - 0, 0) eb=Rect(0, 0 - 1080, 2400) epz=Point(1080, 2400) d=-1->0 r=-1->0:-1 bc=ffffffff component=viva.republica.toss.test/im.toss.rn.granite.core.GraniteActivity},{m=CLOSE f=TRANSLUCENT|FILLS_TASK leash=Surface(name=ActivityRecord{8358349 u0 viva.republica.toss.test/.MiniAppSchemeActivity)/@0x5b8cbc1 sb=Rect(0, 0 - 1080, 2400) eb=Rect(0, 0 - 1080, 2400) epz=Point(1080, 2400) d=0 bc=ffffffff component=viva.republica.toss.test/.MiniAppSchemeActivity},{m=TO_BACK f=SHOW_WALLPAPER leash=Surface(name=Task=1)/@0x609bf66 sb=Rect(0, 0 - 1080, 2400) eb=Rect(0, 0 - 1080, 2400) epz=Point(1080, 2400) d=0 taskParent=-1},{m=TO_BACK f=IS_WALLPAPER leash=Surface(name=WallpaperWindowToken{35e0c0f showWhenLocked=false})/@0x95bc2a7 sb=Rect(0, 0 - 1080, 2400) eb=Rect(0, 0 - 1080, 2400) epz=Point(1080, 2400) d=0}]}
02-19 18:28:31.754  4449  4467 V WindowManagerShell:  Checking filter Pair{{types=[] flags=0x0] notFlags=0x0 checks=[{atype=undefined independent=true modes=[CLOSE,TO_BACK] flags=IN_TASK_WITH_EMBEDDED_ACTIVITY mustBeTask=false order=ANY topActivity=null launchCookie=null taskFragmentToken=android.os.BinderProxy@dcfd27d windowingMode=undefined}]} RemoteTransition { remoteTransition = android.window.IRemoteTransition$Stub$Proxy@d4ce572, appThread = android.app.IApplicationThread$Stub$Proxy@fd29dc3, debugName = overlayBackTransition }}
02-19 18:28:31.754  4449  4467 V WindowManagerShell:  Checking filter Pair{{types=[] flags=0x0] notFlags=0x0 checks=[{atype=dream independent=true modes=[OPEN,TO_FRONT] flags=NONE mustBeTask=false order=ANY topActivity=null launchCookie=null windowingMode=undefined},{atype=home independent=true modes=[CLOSE,TO_BACK] flags=NONE mustBeTask=false order=ANY topActivity=null launchCookie=null windowingMode=undefined}]} RemoteTransition { remoteTransition = android.window.IRemoteTransition$Stub$Proxy@90c640, appThread = android.app.IApplicationThread$Stub$Proxy@f8c1979, debugName = LauncherToDream }}
02-19 18:28:31.756  4449  4467 V WindowManagerShell:  Checking filter Pair{{types=[] flags=0x0] notFlags=0x100 checks=[{atype=home independent=true modes=[OPEN,TO_FRONT] flags=NONE mustBeTask=false order=TOP topActivity=ComponentInfo{com.google.android.apps.nexuslauncher/com.google.android.apps.nexuslauncher.NexusLauncherActivity} launchCookie=null windowingMode=undefined},{atype=standard independent=true modes=[CLOSE,TO_BACK] flags=NONE mustBeTask=false order=ANY topActivity=null launchCookie=null windowingMode=undefined},{NOT atype=undefined independent=true modes=[] flags=NONE mustBeTask=true order=ANY topActivity=null launchCookie=null customAnim=true windowingMode=undefined}]} RemoteTransition { remoteTransition = android.window.IRemoteTransition$Stub$Proxy@affe6be, appThread = android.app.IApplicationThread$Stub$Proxy@c37531f, debugName = QuickstepLaunchHome }}
02-19 18:28:31.756  4449  4467 V WindowManagerShell:  Checking filter Pair{{types=[] flags=0x0] notFlags=0x0 checks=[{atype=undefined independent=true modes=[CLOSE,TO_BACK] flags=IN_TASK_WITH_EMBEDDED_ACTIVITY mustBeTask=false order=ANY topActivity=null launchCookie=null taskFragmentToken=android.os.BinderProxy@dcfd27d windowingMode=undefined}]} RemoteTransition { remoteTransition = android.window.IRemoteTransition$Stub$Proxy@3517b6e, appThread = android.app.IApplicationThread$Stub$Proxy@261420f, debugName = overlayBackTransition }}
02-19 18:28:31.756  4449  4467 V WindowManagerShell:  Checking filter Pair{{types=[] flags=0x0] notFlags=0x0 checks=[{atype=dream independent=true modes=[OPEN,TO_FRONT] flags=NONE mustBeTask=false order=ANY topActivity=null launchCookie=null windowingMode=undefined},{atype=home independent=true modes=[CLOSE,TO_BACK] flags=NONE mustBeTask=false order=ANY topActivity=null launchCookie=null windowingMode=undefined}]} RemoteTransition { remoteTransition = android.window.IRemoteTransition$Stub$Proxy@c23e29c, appThread = android.app.IApplicationThread$Stub$Proxy@afb34a5, debugName = LauncherToDream }}
02-19 18:28:31.756  4449  4467 V WindowManagerShell:  Checking filter Pair{{types=[] flags=0x0] notFlags=0x100 checks=[{atype=home independent=true modes=[OPEN,TO_FRONT] flags=NONE mustBeTask=false order=TOP topActivity=ComponentInfo{com.google.android.apps.nexuslauncher/com.google.android.apps.nexuslauncher.NexusLauncherActivity} launchCookie=null windowingMode=undefined},{atype=standard independent=true modes=[CLOSE,TO_BACK] flags=NONE mustBeTask=false order=ANY topActivity=null launchCookie=null windowingMode=undefined},{NOT atype=undefined independent=true modes=[] flags=NONE mustBeTask=true order=ANY topActivity=null launchCookie=null customAnim=true windowingMode=undefined}]} RemoteTransition { remoteTransition = android.window.IRemoteTransition$Stub$Proxy@39de07a, appThread = android.app.IApplicationThread$Stub$Proxy@cf9f02b, debugName = QuickstepLaunchHome }}
02-19 18:28:31.756  4449  4467 V WindowManagerShell:  Delegate animation for (#649) to null
02-19 18:28:31.756  4449  4467 V WindowManagerShell: start default transition animation, info = {id=649 t=OPEN f=0x0 trk=0 r=[0@Point(0, 0)] c=[{m=OPEN f=FILLS_TASK leash=Surface(name=ActivityRecord{166371573 u0 viva.republica.toss.test/im.toss.rn.granite.core.GraniteActivity)/@0xde334a8 sb=Rect(0, 0 - 0, 0) eb=Rect(0, 0 - 1080, 2400) epz=Point(1080, 2400) d=-1->0 r=-1->0:-1 bc=ffffffff component=viva.republica.toss.test/im.toss.rn.granite.core.GraniteActivity},{m=CLOSE f=TRANSLUCENT|FILLS_TASK leash=Surface(name=ActivityRecord{8358349 u0 viva.republica.toss.test/.MiniAppSchemeActivity)/@0x5b8cbc1 sb=Rect(0, 0 - 1080, 2400) eb=Rect(0, 0 - 1080, 2400) epz=Point(1080, 2400) d=0 bc=ffffffff component=viva.republica.toss.test/.MiniAppSchemeActivity},{m=TO_BACK f=SHOW_WALLPAPER leash=Surface(name=Task=1)/@0x609bf66 sb=Rect(0, 0 - 1080, 2400) eb=Rect(0, 0 - 1080, 2400) epz=Point(1080, 2400) d=0 taskParent=-1},{m=TO_BACK f=IS_WALLPAPER leash=Surface(name=WallpaperWindowToken{35e0c0f showWhenLocked=false})/@0x95bc2a7 sb=Rect(0, 0 - 1080, 2400) eb=Rect(0, 0 - 1080, 2400) epz=Point(1080, 2400) d=0}]}
02-19 18:28:31.756   752   797 W IPCThreadState: Sending oneway calls to frozen process.
02-19 18:28:31.756  4449  4467 V WindowManagerShell: loadAnimation: anim=android.view.animation.AnimationSet@94562fd animAttr=0x13 type=OPEN isEntrance=false
02-19 18:28:31.756   752   797 W ProcessStats: Tracking association SourceState{34f503e viva.republica.toss.test/10217 BTop #20691} whose proc state 2 is better than process ProcessState{452e1c2 com.google.android.adservices.api/10205 pkg=com.google.android.adservices.api} proc state 14 (10 skipped)
02-19 18:28:31.756  4449  4467 V WindowManagerShell: loadAnimation: anim=android.view.animation.AnimationSet@3626bf2 animAttr=0x13 type=OPEN isEntrance=false
02-19 18:28:31.760   752   794 V WindowManager: Sent Transition (#649) createdAt=02-19 18:28:21.005 via request=TransitionRequestInfo { type = OPEN, triggerTask = TaskInfo{userId=0 taskId=70 effectiveUid=10217 displayId=0 isRunning=true baseIntent=Intent { act=android.intent.action.VIEW dat=intoss://takealook/... flg=0x10000000 pkg=viva.republica.toss.test cmp=viva.republica.toss.test/.MiniAppSchemeActivity } baseActivity=ComponentInfo{viva.republica.toss.test/viva.republica.toss.test.MiniAppSchemeActivity} topActivity=ComponentInfo{viva.republica.toss.test/im.toss.rn.granite.core.GraniteActivity} origActivity=null realActivity=ComponentInfo{viva.republica.toss.test/viva.republica.toss.test.MiniAppSchemeActivity} numActivities=2 lastActiveTime=104774855 supportsMultiWindow=true resizeMode=1 isResizeable=true minWidth=-1 minHeight=-1 defaultMinSize=220 token=WCT{RemoteToken{c103735 Task{3d85282 #70 type=standard A=10217:viva.republica.toss.test}}} topActivityType=1 pictureInPictureParams=null shouldDockBigOverlays=false launchIntoPipHostTaskId=-1 lastParentTaskIdBeforePip=-1 displayCutoutSafeInsets=Rect(0, 0 - 0, 0) topActivityInfo=ActivityInfo{48c4406 im.toss.rn.granite.core.GraniteActivity} launchCookies=[] positionInParent=Point(0, 0) parentTaskId=-1 isFocused=true isVisible=true isVisibleRequested=true isTopActivityNoDisplay=false isSleeping=false locusId=null displayAreaFeatureId=1 isTopActivityTransparent=false isActivityStackTransparent=false lastNonFullscreenBounds=Rect(284, 660 - 796, 1740) capturedLink=null capturedLinkTimestamp=0 requestedVisibleTypes=-9 topActivityRequestOpenInBrowserEducationTimestamp=0 appCompatTaskInfo=AppCompatTaskInfo { topActivityInSizeCompat=false eligibleForLetterboxEducation= false isLetterboxEducationEnabled= true isLetterboxDoubleTapEnabled= false eligibleForUserAspectRatioButton= false topActivityBoundsLetterboxed= false isFromLetterboxDoubleTap= false topActivityLetterboxVerticalPosition= -1 topActivityLetterboxHorizontalPosition= -1 topActivityLetterboxWidth=-1 topActivityLetterboxHeight=-1 topActivityAppBounds=Rect(0, 0 - 1080, 2400) isUserFullscreenOverrideEnabled=false isSystemFullscreenOverrideEnabled=false hasMinAspectRatioOverride=false topActivityLetterboxBounds=null cameraCompatTaskInfo=CameraCompatTaskInfo { freeformCameraCompatMode=inactive}} topActivityMainWindowFrame=null}, pipChange = null, remoteTransition = null, displayChange = null, flags = 0, debugId = 649 }
02-19 18:28:31.760   752   794 V WindowManager:     startWCT=WindowContainerTransaction { changes= {} hops= [] errorCallbackToken=null taskFragmentOrganizer=null }
02-19 18:28:31.761   752   794 V WindowManager:     info={id=649 t=OPEN f=0x0 trk=0 r=[0@Point(0, 0)] c=[
02-19 18:28:31.761   752   794 V WindowManager:         {m=OPEN f=FILLS_TASK leash=Surface(name=ActivityRecord{166371573 u0 viva.republica.toss.test/im.toss.rn.granite.core.GraniteActivity)/@0x19b9aeb sb=Rect(0, 0 - 0, 0) eb=Rect(0, 0 - 1080, 2400) epz=Point(1080, 2400) d=-1->0 r=-1->0:-1 bc=ffffffff component=viva.republica.toss.test/im.toss.rn.granite.core.GraniteActivity},
02-19 18:28:31.761   752   794 V WindowManager:         {m=CLOSE f=TRANSLUCENT|FILLS_TASK leash=Surface(name=ActivityRecord{8358349 u0 viva.republica.toss.test/.MiniAppSchemeActivity)/@0x3e47e3a sb=Rect(0, 0 - 1080, 2400) eb=Rect(0, 0 - 1080, 2400) epz=Point(1080, 2400) d=0 bc=ffffffff component=viva.republica.toss.test/.MiniAppSchemeActivity},
02-19 18:28:31.761   752   794 V WindowManager:         {WCT{RemoteToken{5218fe8 Task{dd43522 #1 type=home}}} m=TO_BACK f=SHOW_WALLPAPER leash=Surface(name=Task=1)/@0x8ddbd2e sb=Rect(0, 0 - 1080, 2400) eb=Rect(0, 0 - 1080, 2400) epz=Point(1080, 2400) d=0 taskParent=-1},
02-19 18:28:31.761   752   794 V WindowManager:         {m=TO_BACK f=IS_WALLPAPER leash=Surface(name=WallpaperWindowToken{35e0c0f showWhenLocked=false})/@0x512f5be sb=Rect(0, 0 - 1080, 2400) eb=Rect(0, 0 - 1080, 2400) epz=Point(1080, 2400) d=0}
02-19 18:28:31.761   752   794 V WindowManager:     ]}
02-19 18:28:31.762  3794  3794 I Finsky  : [2] Memory trim requested to level 40
02-19 18:28:31.762 10620 10620 I Finsky:background: [2] Memory trim requested to level 40
02-19 18:28:31.762  3794  3794 I Finsky  : [2] Flushing in-memory image cache
02-19 18:28:31.764  4449  4467 V WindowManagerShell: loadAnimation: anim=android.view.animation.AnimationSet@80a31f9 animAttr=0x12 type=OPEN isEntrance=true
02-19 18:28:31.766   752  1029 D InetDiagMessage: Destroyed 0 sockets, proto=IPPROTO_TCP, family=AF_INET6, states=14
02-19 18:28:31.766   752  1029 D InetDiagMessage: Destroyed live tcp sockets for uids={10168} in 21ms
02-19 18:28:31.767   752  1029 D InetDiagMessage: Destroyed 0 sockets, proto=IPPROTO_TCP, family=AF_INET, states=14
02-19 18:28:31.767   752  1029 D InetDiagMessage: Destroyed 0 sockets, proto=IPPROTO_TCP, family=AF_INET6, states=14
