02-19 21:43:17.405  3787  3956 W unknown:ViewManagerPropertyUpdater: Could not find generated setter for class com.facebook.react.views.text.frescosupport.FrescoBasedReactTextInlineImageViewManager
02-19 21:43:17.406  3787  3956 W unknown:ViewManagerPropertyUpdater: Could not find generated setter for class com.facebook.react.views.text.frescosupport.FrescoBasedReactTextInlineImageShadowNode
02-19 21:43:17.407  3787  3956 W unknown:ViewManagerPropertyUpdater: Could not find generated setter for class com.facebook.react.views.image.ReactImageManager
02-19 21:43:17.410  3787  3956 W unknown:ViewManagerPropertyUpdater: Could not find generated setter for class com.facebook.react.views.modal.ReactModalHostManager
02-19 21:43:17.411  3787  3956 W unknown:ViewManagerPropertyUpdater: Could not find generated setter for class com.facebook.react.views.modal.ModalHostShadowNode
02-19 21:43:17.411  3787  3956 W unknown:ViewManagerPropertyUpdater: Could not find generated setter for class com.facebook.react.views.text.ReactRawTextManager
02-19 21:43:17.412  3787  3956 W unknown:ViewManagerPropertyUpdater: Could not find generated setter for class com.facebook.react.views.text.ReactRawTextShadowNode
02-19 21:43:17.413  3787  3956 W unknown:ViewManagerPropertyUpdater: Could not find generated setter for class com.facebook.react.views.textinput.ReactTextInputManager
02-19 21:43:17.416  3787  3956 W unknown:ViewManagerPropertyUpdater: Could not find generated setter for class com.facebook.react.views.textinput.ReactTextInputShadowNode
02-19 21:43:17.419  3787  3956 W unknown:ViewManagerPropertyUpdater: Could not find generated setter for class com.facebook.react.views.text.ReactTextViewManager
02-19 21:43:17.420  3787  3956 W unknown:ViewManagerPropertyUpdater: Could not find generated setter for class com.facebook.react.views.text.ReactTextShadowNode
02-19 21:43:17.420  3787  3956 W unknown:ViewManagerPropertyUpdater: Could not find generated setter for class com.facebook.react.views.view.ReactViewManager
02-19 21:43:17.422  3787  3956 W unknown:ViewManagerPropertyUpdater: Could not find generated setter for class com.facebook.react.views.text.ReactVirtualTextViewManager
02-19 21:43:17.422  3787  3956 W unknown:ViewManagerPropertyUpdater: Could not find generated setter for class com.facebook.react.views.text.ReactVirtualTextShadowNode
02-19 21:43:17.422  3787  3956 W unknown:ViewManagerPropertyUpdater: Could not find generated setter for class com.facebook.react.views.unimplementedview.ReactUnimplementedViewManager
02-19 21:43:17.424  3787  3956 W unknown:ViewManagerPropertyUpdater: Could not find generated setter for class com.shopify.reactnative.flash_list.AutoLayoutViewManager
02-19 21:43:17.425  3787  3956 W unknown:ViewManagerPropertyUpdater: Could not find generated setter for class com.shopify.reactnative.flash_list.CellContainerManager
02-19 21:43:17.427  3787  3956 W unknown:ViewManagerPropertyUpdater: Could not find generated setter for class com.airbnb.android.react.lottie.LottieAnimationViewManager
02-19 21:43:17.428  3787  3956 W unknown:ViewManagerPropertyUpdater: Could not find generated setter for class com.swmansion.gesturehandler.react.RNGestureHandlerRootViewManager
02-19 21:43:17.429  3787  3956 W unknown:ViewManagerPropertyUpdater: Could not find generated setter for class com.swmansion.gesturehandler.react.RNGestureHandlerButtonViewManager
02-19 21:43:17.430  3787  3956 W unknown:ViewManagerPropertyUpdater: Could not find generated setter for class io.invertase.googlemobileads.ReactNativeGoogleMobileAdsBannerAdViewManager
02-19 21:43:17.431  3787  3956 W unknown:ViewManagerPropertyUpdater: Could not find generated setter for class com.reactnativepagerview.PagerViewViewManager
02-19 21:43:17.433  3787  3956 W unknown:ViewManagerPropertyUpdater: Could not find generated setter for class com.th3rdwave.safeareacontext.SafeAreaProviderManager
02-19 21:43:17.434  3787  3956 W unknown:ViewManagerPropertyUpdater: Could not find generated setter for class com.th3rdwave.safeareacontext.SafeAreaViewManager
02-19 21:43:17.434  3787  3956 W unknown:ViewManagerPropertyUpdater: Could not find generated setter for class o.eglCreatePlatformPixmapSurface
02-19 21:43:17.436  3787  3956 W unknown:ViewManagerPropertyUpdater: Could not find generated setter for class com.swmansion.rnscreens.ScreenContainerViewManager
02-19 21:43:17.437  3787  3956 W unknown:ViewManagerPropertyUpdater: Could not find generated setter for class com.swmansion.rnscreens.ScreenViewManager
02-19 21:43:17.438  3787  3956 W unknown:ViewManagerPropertyUpdater: Could not find generated setter for class com.swmansion.rnscreens.ScreenStackViewManager
02-19 21:43:17.439  3787  3956 W unknown:ViewManagerPropertyUpdater: Could not find generated setter for class com.swmansion.rnscreens.ScreenStackHeaderConfigViewManager
02-19 21:43:17.440  3787  3956 W unknown:ViewManagerPropertyUpdater: Could not find generated setter for class com.swmansion.rnscreens.ScreenStackHeaderSubviewManager
02-19 21:43:17.441  3787  3956 W unknown:ViewManagerPropertyUpdater: Could not find generated setter for class com.swmansion.rnscreens.SearchBarManager
02-19 21:43:17.442  3787  3956 W unknown:ViewManagerPropertyUpdater: Could not find generated setter for class com.horcrux.svg.RenderableViewManager$DefsViewManager
02-19 21:43:17.444  3787  3956 W unknown:ViewManagerPropertyUpdater: Could not find generated setter for class com.horcrux.svg.VirtualViewManager$RemoteActionCompatParcelizer
02-19 21:43:17.444  3787  3956 W unknown:ViewManagerPropertyUpdater: Could not find generated setter for class com.horcrux.svg.RenderableViewManager$MarkerManager
02-19 21:43:17.447  3787  3956 W unknown:ViewManagerPropertyUpdater: Could not find generated setter for class com.horcrux.svg.RenderableViewManager$ForeignObjectManager
02-19 21:43:17.449  3787  3956 W unknown:ViewManagerPropertyUpdater: Could not find generated setter for class com.horcrux.svg.RenderableViewManager$EllipseViewManager
02-19 21:43:17.451  3787  3956 W unknown:ViewManagerPropertyUpdater: Could not find generated setter for class com.horcrux.svg.RenderableViewManager$LineViewManager
02-19 21:43:17.452  3787  3956 W unknown:ViewManagerPropertyUpdater: Could not find generated setter for class com.horcrux.svg.RenderableViewManager$LinearGradientManager
02-19 21:43:17.454  3787  3956 W unknown:ViewManagerPropertyUpdater: Could not find generated setter for class com.horcrux.svg.RenderableViewManager$GroupViewManager
02-19 21:43:17.455  3787  3956 W unknown:ViewManagerPropertyUpdater: Could not find generated setter for class com.horcrux.svg.RenderableViewManager$TextViewManager
02-19 21:43:17.457  3787  3956 W unknown:ViewManagerPropertyUpdater: Could not find generated setter for class com.horcrux.svg.RenderableViewManager$ImageViewManager
02-19 21:43:17.459  3787  3956 W unknown:ViewManagerPropertyUpdater: Could not find generated setter for class com.horcrux.svg.RenderableViewManager$ClipPathViewManager
02-19 21:43:17.464  3787  3956 W unknown:ViewManagerPropertyUpdater: Could not find generated setter for class com.horcrux.svg.RenderableViewManager$RadialGradientManager
02-19 21:43:17.470  3787  3956 W unknown:ViewManagerPropertyUpdater: Could not find generated setter for class com.horcrux.svg.RenderableViewManager$MaskManager
02-19 21:43:17.474  3787  3956 W unknown:ViewManagerPropertyUpdater: Could not find generated setter for class com.horcrux.svg.RenderableViewManager$SymbolManager
02-19 21:43:17.476  3787  3956 W unknown:ViewManagerPropertyUpdater: Could not find generated setter for class com.horcrux.svg.RenderableViewManager$PatternManager
02-19 21:43:17.478  3787  3956 W unknown:ViewManagerPropertyUpdater: Could not find generated setter for class com.horcrux.svg.RenderableViewManager$RectViewManager
02-19 21:43:17.479  3787  3956 W unknown:ViewManagerPropertyUpdater: Could not find generated setter for class com.horcrux.svg.RenderableViewManager$TextPathViewManager
02-19 21:43:17.481  3787  3956 W unknown:ViewManagerPropertyUpdater: Could not find generated setter for class com.horcrux.svg.SvgViewManager
02-19 21:43:17.482  3787  3956 W unknown:ViewManagerPropertyUpdater: Could not find generated setter for class com.horcrux.svg.RenderableViewManager$PathViewManager
02-19 21:43:17.486  3787  3956 W unknown:ViewManagerPropertyUpdater: Could not find generated setter for class com.horcrux.svg.RenderableViewManager$UseViewManager
02-19 21:43:17.488  3787  3956 W unknown:ViewManagerPropertyUpdater: Could not find generated setter for class com.horcrux.svg.RenderableViewManager$CircleViewManager
02-19 21:43:17.489  3787  3956 W unknown:ViewManagerPropertyUpdater: Could not find generated setter for class com.horcrux.svg.RenderableViewManager$TSpanViewManager
02-19 21:43:17.491  3787  3956 W unknown:ViewManagerPropertyUpdater: Could not find generated setter for class com.brentvatne.exoplayer.ReactExoplayerViewManager
02-19 21:43:17.492  3787  3827 W cr_media: BLUETOOTH_CONNECT permission is missing.
02-19 21:43:17.492  3787  3827 W cr_media: getBluetoothAdapter() requires BLUETOOTH permission
02-19 21:43:17.492  3787  3827 W cr_media: registerBluetoothIntentsIfNeeded: Requires BLUETOOTH permission
02-19 21:43:17.493  3787  3956 W unknown:ViewManagerPropertyUpdater: Could not find generated setter for class com.reactnativecommunity.webview.RNCWebViewManager
02-19 21:43:17.496  3787  3956 W unknown:ViewManagerPropertyUpdater: Could not find generated setter for class im.toss.rn.granite.core.module.image.FastImageViewManager
02-19 21:43:17.508  3787  3956 W unknown:ReactContext: initializeMessageQueueThreads() is called.
02-19 21:43:17.560  3964  3964 W dumpsys : Thread Pool max thread count is 0. Cannot cache binder as linkToDeath cannot be implemented. serviceName: window
02-19 21:43:17.583  3787  3962 W libc    : Access denied finding property "vendor.mesa.log"
02-19 21:43:17.583  3787  3962 W libc    : Access denied finding property "vendor.mesa.log.file"
02-19 21:43:17.583  3787  3962 E MESA    : Failed to open rendernode: No such file or directory
02-19 21:43:17.623  3787  3962 D vulkan  : searching for layers in '/data/app/~~NUQj-rdXzuicW-16SIRtKA==/viva.republica.toss.test-Si406wFvb_sqEA2GTBV6RQ==/lib/x86_64'
02-19 21:43:17.624  3787  3962 D vulkan  : searching for layers in '/data/app/~~NUQj-rdXzuicW-16SIRtKA==/viva.republica.toss.test-Si406wFvb_sqEA2GTBV6RQ==/base.apk!/lib/x86_64'
02-19 21:43:17.632  3787  3962 W libc    : Access denied finding property "vendor.mesa.vk.trace.per.submit"
02-19 21:43:17.633  3787  3962 W libc    : Access denied finding property "vendor.mesa.gallium.print.optio"
02-19 21:43:17.633  3787  3962 W libc    : Access denied finding property "vendor.mesa.vk.trace.frame"
02-19 21:43:17.637  3787  3962 W libc    : Access denied finding property "vendor.mesa.vk.wsi.headless.swa"
02-19 21:43:17.729  3787  3962 W chromium: [WARNING:viz_main_impl.cc(85)] VizNullHypothesis is disabled (not a warning)
02-19 21:43:17.744  3810  3836 I cr_LibraryLoader: Successfully loaded native library
02-19 21:43:17.745  3810  3836 I cr_CachingUmaRecorder: Flushed 2 samples from 2 histograms, 0 samples were dropped.
02-19 21:43:17.791  3810  3836 W SystemServiceRegistry: No service published for: uimode
02-19 21:43:17.814  3810  3836 W chromium: [WARNING:runtime_features.cc(560)] Fenced frames cannot be enabled in this configuration. Use --enable-features=FencedFrames instead.
02-19 21:43:17.814  3810  3836 W chromium: [WARNING:runtime_features.cc(585)] Topics cannot be enabled in this configuration. Use --enable-features=BrowsingTopics in addition.
02-19 21:43:17.814  3810  3836 W chromium: [WARNING:runtime_features.cc(606)] SharedStorage cannot be enabled in this configuration. Use --enable-features=SharedStorageAPI in addition.
02-19 21:43:17.990   752  1116 W ActivityTaskManager: callingPackage for (uid=2000, pid=3981) has no WPC
02-19 21:43:17.996   752  1116 V GrammaticalInflectionUtils: AttributionSource: android.content.AttributionSource@56784557 does not have READ_SYSTEM_GRAMMATICAL_GENDER permission.
02-19 21:43:17.997   752  1116 W OptProp : Cannot read opt property android.window.PROPERTY_COMPAT_ALLOW_USER_ASPECT_RATIO_OVERRIDE
02-19 21:43:17.997   752  1116 W OptProp : Cannot read opt property android.window.PROPERTY_COMPAT_ALLOW_USER_ASPECT_RATIO_FULLSCREEN_OVERRIDE
02-19 21:43:17.998   752  1116 W OptProp : Cannot read opt property android.window.PROPERTY_COMPAT_ALLOW_RESIZEABLE_ACTIVITY_OVERRIDES
02-19 21:43:17.999   752  1116 W OptProp : Cannot read opt property android.window.PROPERTY_COMPAT_ALLOW_MIN_ASPECT_RATIO_OVERRIDE
02-19 21:43:18.006 19301 19458 I FontLog : (REDACTED) Received query %s, URI %s
02-19 21:43:18.006 19301 19458 I FontLog : (REDACTED) Query [%s] resolved to %s
02-19 21:43:18.009   752  1116 W OptProp : Cannot read opt property android.window.PROPERTY_COMPAT_ALLOW_ORIENTATION_OVERRIDE
02-19 21:43:18.020 19301 19458 I FontLog : (REDACTED) Font PFD returned from cache for %s
02-19 21:43:18.020 19301 19458 I FontLog : (REDACTED) Fetch %s end status %s
02-19 21:43:18.020   531   548 I BpBinder: onLastStrongRef automatically unlinking death recipients: 
02-19 21:43:18.022   752  1116 I ActivityTaskManager: START u0 {act=android.intent.action.VIEW dat=intoss://takealook/... flg=0x10000000 xflg=0x4 cmp=viva.republica.toss.test/im.toss.rn.granite.core.GraniteActivity} with LAUNCH_MULTIPLE from uid 2000 (BAL_ALLOW_PERMISSION) result code=0
02-19 21:43:18.024 19166 19166 W SplitSelectStateCtor: Missing session instanceIds
02-19 21:43:18.024 19166 19166 D StatsLog: LAUNCHER_SPLIT_SELECTION_EXIT_INTERRUPTED
02-19 21:43:18.025  4449  4467 V WindowManagerShell: Transition requested (#1074): android.os.BinderProxy@b7a958e TransitionRequestInfo { type = OPEN, triggerTask = TaskInfo{userId=0 taskId=166 effectiveUid=10217 displayId=0 isRunning=true baseIntent=Intent { act=android.intent.action.VIEW dat=intoss://takealook/... flg=0x10000000 pkg=viva.republica.toss.test cmp=viva.republica.toss.test/.MiniAppSchemeActivity } baseActivity=ComponentInfo{viva.republica.toss.test/im.toss.rn.granite.core.GraniteActivity} topActivity=ComponentInfo{viva.republica.toss.test/im.toss.rn.granite.core.GraniteActivity} origActivity=null realActivity=ComponentInfo{viva.republica.toss.test/viva.republica.toss.test.MiniAppSchemeActivity} numActivities=2 lastActiveTime=116466642 supportsMultiWindow=true resizeMode=1 isResizeable=true minWidth=-1 minHeight=-1 defaultMinSize=220 token=WCT{android.window.IWindowContainerToken$Stub$Proxy@69721af} topActivityType=1 pictureInPictureParams=null shouldDockBigOverlays=false launchIntoPipHostTaskId=-1 lastParentTaskIdBeforePip=-1 displayCutoutSafeInsets=Rect(0, 0 - 0, 0) topActivityInfo=ActivityInfo{6f6d9bc im.toss.rn.granite.core.GraniteActivity} launchCookies=[] positionInParent=Point(0, 0) parentTaskId=-1 isFocused=false isVisible=false isVisibleRequested=false isTopActivityNoDisplay=false isSleeping=false locusId=null displayAreaFeatureId=1 isTopActivityTransparent=false isActivityStackTransparent=false lastNonFullscreenBounds=Rect(284, 660 - 796, 1740) capturedLink=null capturedLinkTimestamp=0 requestedVisibleTypes=-9 topActivityRequestOpenInBrowserEducationTimestamp=0 appCompatTaskInfo=AppCompatTaskInfo { topActivityInSizeCompat=false eligibleForLetterboxEducation= false isLetterboxEducationEnabled= true isLetterboxDoubleTapEnabled= false eligibleForUserAspectRatioButton= false topActivityBoundsLetterboxed= false isFromLetterboxDoubleTap= false topActivityLetterboxVerticalPosition= -1 topActivityLetterboxHorizontalPosition= -1 topActivityLetterboxWidth=-1 topActivityLetterboxHeight=-1 topActivityAppBounds=Rect(0, 0 - 1080, 2400) isUserFullscreenOverrideEnabled=false isSystemFullscreenOverrideEnabled=false hasMinAspectRatioOverride=false topActivityLetterboxBounds=null cameraCompatTaskInfo=CameraCompatTaskInfo { freeformCameraCompatMode=inactive}} topActivityMainWindowFrame=null}, pipChange = null, remoteTransition = null, displayChange = null, flags = 0, debugId = 1074 }
02-19 21:43:18.025  4449  4467 D ShellSplitScreen: logExit: no-op, mLoggerSessionId is null
02-19 21:43:18.029   752  2363 W OptProp : Cannot read opt property android.window.PROPERTY_COMPAT_ENABLE_FAKE_FOCUS
02-19 21:43:18.033   752  1987 D CompatChangeReporter: Compat change id reported: 309578419; UID 10217; state: ENABLED
02-19 21:43:18.072   752  1095 D BackgroundInstallControlService: Package event received: 0
02-19 21:43:18.076 19301 19458 I FontLog : (REDACTED) Pulling font file for id = %d, cache size = %d
02-19 21:43:18.077  3787  3787 I blica.toss.test: AssetManager2(0x7d8fac4284f8) locale list changing from [] to [en-US]
02-19 21:43:18.082   752  1095 D BackgroundInstallControlService: Package event received: 0
02-19 21:43:18.082   752  1095 D BackgroundInstallControlService: Package event received: 0
02-19 21:43:18.082   752  1095 D BackgroundInstallControlService: Package event received: 0
02-19 21:43:18.082   752  1095 D BackgroundInstallControlService: Package event received: 0
02-19 21:43:18.087  4449  4467 D WindowManagerShell: setLauncherKeepClearAreaHeight: visible=false, height=527
02-19 21:43:18.088 19301 19458 I FontLog : (REDACTED) Received query %s, URI %s
02-19 21:43:18.089 19301 19458 I FontLog : (REDACTED) Query [%s] resolved to %s
02-19 21:43:18.115   752   775 I system_server: Background concurrent mark compact GC freed 24MB AllocSpace bytes, 51(1056KB) LOS objects, 41% free, 34MB/58MB, paused 51.349ms,10.412ms total 522.909ms
02-19 21:43:18.145 19301 19458 I FontLog : (REDACTED) Fetch %s end status %s
02-19 21:43:18.149   752  1095 D BackgroundInstallControlService: Package event received: 0
02-19 21:43:18.149   752  1095 D BackgroundInstallControlService: Package event received: 0
02-19 21:43:18.149   752  1095 D BackgroundInstallControlService: Package event received: 0
02-19 21:43:18.163   531   531 I BpBinder: onLastStrongRef automatically unlinking death recipients: 
02-19 21:43:18.190   752   795 W Looper  : Slow dispatch took 129ms android.ui app=system_server main=false group=TOP_APP h=com.android.server.am.ActivityManagerService$UiHandler c=com.android.server.am.UidObserverController$$ExternalSyntheticLambda0@6a2cd6d m=0
02-19 21:43:18.190 19301 19458 I FontLog : (REDACTED) Pulling font file for id = %d, cache size = %d
02-19 21:43:18.200 19301 19458 I FontLog : (REDACTED) Received query %s, URI %s
02-19 21:43:18.200 19301 19458 I FontLog : (REDACTED) Query [%s] resolved to %s
02-19 21:43:18.201   752  1789 D CoreBackPreview: Window{68f0f46 u0 Splash Screen viva.republica.toss.test}: Setting back callback OnBackInvokedCallbackInfo{mCallback=android.window.IOnBackInvokedCallback$Stub$Proxy@e8f5c5d, mPriority=0, mIsAnimationCallback=false, mOverrideBehavior=0}
02-19 21:43:18.205   615 21625 W IPCThreadState: Sending oneway calls to frozen process.
02-19 21:43:18.206 19301 19458 I FontLog : (REDACTED) Font PFD returned from cache for %s
02-19 21:43:18.207 19301 19458 I FontLog : (REDACTED) Fetch %s end status %s
02-19 21:43:18.230 19301 19312 I FontLog : (REDACTED) Pulling font file for id = %d, cache size = %d
02-19 21:43:18.237 19301 19312 I FontLog : (REDACTED) Received query %s, URI %s
02-19 21:43:18.239 19301 19312 I FontLog : (REDACTED) Query [%s] resolved to %s
02-19 21:43:18.247 19301 19312 I FontLog : (REDACTED) Font PFD returned from cache for %s
02-19 21:43:18.247 19301 19312 I FontLog : (REDACTED) Fetch %s end status %s
02-19 21:43:18.252 19301 19458 I FontLog : (REDACTED) Pulling font file for id = %d, cache size = %d
02-19 21:43:18.261 19301 19458 I FontLog : (REDACTED) Received query %s, URI %s
02-19 21:43:18.261 19301 19458 I FontLog : (REDACTED) Query [%s] resolved to %s
02-19 21:43:18.270 19301 19458 I FontLog : (REDACTED) Font PFD returned from cache for %s
02-19 21:43:18.271 19301 19458 I FontLog : (REDACTED) Fetch %s end status %s
02-19 21:43:18.279   615   715 W IPCThreadState: Sending oneway calls to frozen process.
02-19 21:43:18.285 19301 19458 I FontLog : (REDACTED) Pulling font file for id = %d, cache size = %d
02-19 21:43:18.290 19301  3727 I SQLiteConnectionPool: The connection pool for /data/user/0/com.google.android.gms/databases/metadata.db has been closed but there are still 1 connections in use.  They will be closed as they are released back to the pool.
02-19 21:43:18.300  3787  3891 W okhttp.OkHttpClient: A connection to http://localhost:8081/ was leaked. Did you forget to close a response body? To see where this was allocated, set the OkHttpClient logger level to FINE: Logger.getLogger(OkHttpClient.class.getName()).setLevel(Level.FINE);
02-19 21:43:18.312 19301  3988 W FontLog : Error updating last accessed time for {Google Sans, wdth 100.0, wght 500, ital 0.0, bestEffort false}, isVf false}. [CONTEXT service_id=132 ]
02-19 21:43:18.312 19301  3988 W FontLog : java.lang.IllegalStateException: Cannot perform this operation because the connection pool has been closed.
02-19 21:43:18.312 19301  3988 W FontLog : 	at android.database.sqlite.SQLiteConnectionPool.throwIfClosedLocked(SQLiteConnectionPool.java:1110)
02-19 21:43:18.312 19301  3988 W FontLog : 	at android.database.sqlite.SQLiteConnectionPool.waitForConnection(SQLiteConnectionPool.java:801)
02-19 21:43:18.312 19301  3988 W FontLog : 	at android.database.sqlite.SQLiteConnectionPool.acquireConnection(SQLiteConnectionPool.java:406)
02-19 21:43:18.312 19301  3988 W FontLog : 	at android.database.sqlite.SQLiteSession.acquireConnection(SQLiteSession.java:931)
02-19 21:43:18.312 19301  3988 W FontLog : 	at android.database.sqlite.SQLiteSession.prepare(SQLiteSession.java:623)
02-19 21:43:18.312 19301  3988 W FontLog : 	at android.database.sqlite.SQLiteProgram.<init>(SQLiteProgram.java:62)
02-19 21:43:18.312 19301  3988 W FontLog : 	at android.database.sqlite.SQLiteStatement.<init>(SQLiteStatement.java:34)
02-19 21:43:18.312 19301  3988 W FontLog : 	at android.database.sqlite.SQLiteDatabase.executeSql(SQLiteDatabase.java:2234)
02-19 21:43:18.312 19301  3988 W FontLog : 	at android.database.sqlite.SQLiteDatabase.execSQL(SQLiteDatabase.java:2211)
02-19 21:43:18.312 19301  3988 W FontLog : 	at bvxi.run(:com.google.android.gms@260438038@26.04.38 (260800-867839860):57)
02-19 21:43:18.312 19301  3988 W FontLog : 	at bfir.c(:com.google.android.gms@260438038@26.04.38 (260800-867839860):50)
02-19 21:43:18.312 19301  3988 W FontLog : 	at bfir.run(:com.google.android.gms@260438038@26.04.38 (260800-867839860):73)
02-19 21:43:18.312 19301  3988 W FontLog : 	at java.util.concurrent.ThreadPoolExecutor.runWorker(ThreadPoolExecutor.java:1156)
02-19 21:43:18.312 19301  3988 W FontLog : 	at java.util.concurrent.ThreadPoolExecutor$Worker.run(ThreadPoolExecutor.java:651)
02-19 21:43:18.312 19301  3988 W FontLog : 	at bfoi.run(:com.google.android.gms@260438038@26.04.38 (260800-867839860):8)
02-19 21:43:18.312 19301  3988 W FontLog : 	at java.lang.Thread.run(Thread.java:1119)
02-19 21:43:18.312 19301  3988 W FontLog : Caused by: java.lang.Exception: SQLiteConnectionPool.close()
02-19 21:43:18.312 19301  3988 W FontLog : 	at android.database.sqlite.SQLiteConnectionPool.dispose(SQLiteConnectionPool.java:274)
02-19 21:43:18.312 19301  3988 W FontLog : 	at android.database.sqlite.SQLiteConnectionPool.close(SQLiteConnectionPool.java:254)
02-19 21:43:18.312 19301  3988 W FontLog : 	at android.database.sqlite.SQLiteDatabase.dispose(SQLiteDatabase.java:559)
02-19 21:43:18.312 19301  3988 W FontLog : 	at android.database.sqlite.SQLiteDatabase.onAllReferencesReleased(SQLiteDatabase.java:536)
02-19 21:43:18.312 19301  3988 W FontLog : 	at android.database.sqlite.SQLiteClosable.releaseReference(SQLiteClosable.java:92)
02-19 21:43:18.312 19301  3988 W FontLog : 	at android.database.sqlite.SQLiteClosable.close(SQLiteClosable.java:124)
02-19 21:43:18.312 19301  3988 W FontLog : 	at bvxh.c(:com.google.android.gms@260438038@26.04.38 (260800-867839860):3)
02-19 21:43:18.312 19301  3988 W FontLog : 	at bvxi.run(:com.google.android.gms@260438038@26.04.38 (260800-867839860):62)
02-19 21:43:18.312 19301  3988 W FontLog : 	... 6 more
02-19 21:43:18.338  3787  3792 I blica.toss.test: Background concurrent mark compact GC freed 3160KB AllocSpace bytes, 5(148KB) LOS objects, 50% free, 18MB/37MB, paused 4.082ms,3.663ms total 633.806ms
02-19 21:43:18.340  3787  3794 W System  : A resource failed to call ZipFile.close. 
02-19 21:43:18.380   752   777 W System  : A resource failed to call release. 
02-19 21:43:18.384   752   794 V WindowManager: Sent Transition (#1074) createdAt=02-19 21:43:18.000 via request=TransitionRequestInfo { type = OPEN, triggerTask = TaskInfo{userId=0 taskId=166 effectiveUid=10217 displayId=0 isRunning=true baseIntent=Intent { act=android.intent.action.VIEW dat=intoss://takealook/... flg=0x10000000 pkg=viva.republica.toss.test cmp=viva.republica.toss.test/.MiniAppSchemeActivity } baseActivity=ComponentInfo{viva.republica.toss.test/im.toss.rn.granite.core.GraniteActivity} topActivity=ComponentInfo{viva.republica.toss.test/im.toss.rn.granite.core.GraniteActivity} origActivity=null realActivity=ComponentInfo{viva.republica.toss.test/viva.republica.toss.test.MiniAppSchemeActivity} numActivities=2 lastActiveTime=116466642 supportsMultiWindow=true resizeMode=1 isResizeable=true minWidth=-1 minHeight=-1 defaultMinSize=220 token=WCT{RemoteToken{6a8a860 Task{8b4cec4 #166 type=standard A=10217:viva.republica.toss.test}}} topActivityType=1 pictureInPictureParams=null shouldDockBigOverlays=false launchIntoPipHostTaskId=-1 lastParentTaskIdBeforePip=-1 displayCutoutSafeInsets=Rect(0, 0 - 0, 0) topActivityInfo=ActivityInfo{d4ac11e im.toss.rn.granite.core.GraniteActivity} launchCookies=[] positionInParent=Point(0, 0) parentTaskId=-1 isFocused=false isVisible=false isVisibleRequested=false isTopActivityNoDisplay=false isSleeping=false locusId=null displayAreaFeatureId=1 isTopActivityTransparent=false isActivityStackTransparent=false lastNonFullscreenBounds=Rect(284, 660 - 796, 1740) capturedLink=null capturedLinkTimestamp=0 requestedVisibleTypes=-9 topActivityRequestOpenInBrowserEducationTimestamp=0 appCompatTaskInfo=AppCompatTaskInfo { topActivityInSizeCompat=false eligibleForLetterboxEducation= false isLetterboxEducationEnabled= true isLetterboxDoubleTapEnabled= false eligibleForUserAspectRatioButton= false topActivityBoundsLetterboxed= false isFromLetterboxDoubleTap= false topActivityLetterboxVerticalPosition= -1 topActivityLetterboxHorizontalPosition= -1 topActivityLetterboxWidth=-1 topActivityLetterboxHeight=-1 topActivityAppBounds=Rect(0, 0 - 1080, 2400) isUserFullscreenOverrideEnabled=false isSystemFullscreenOverrideEnabled=false hasMinAspectRatioOverride=false topActivityLetterboxBounds=null cameraCompatTaskInfo=CameraCompatTaskInfo { freeformCameraCompatMode=inactive}} topActivityMainWindowFrame=null}, pipChange = null, remoteTransition = null, displayChange = null, flags = 0, debugId = 1074 }
02-19 21:43:18.387   752   794 V WindowManager:     startWCT=WindowContainerTransaction { changes= {} hops= [] errorCallbackToken=null taskFragmentOrganizer=null }
02-19 21:43:18.388   752   794 V WindowManager:     info={id=1074 t=OPEN f=0x0 trk=0 r=[0@Point(0, 0)] c=[
02-19 21:43:18.388   752   794 V WindowManager:         {WCT{RemoteToken{6a8a860 Task{8b4cec4 #166 type=standard A=10217:viva.republica.toss.test}}} m=TO_FRONT f=MOVE_TO_TOP leash=Surface(name=Task=166)/@0x3a83292 sb=Rect(0, 0 - 1080, 2400) eb=Rect(0, 0 - 1080, 2400) epz=Point(1080, 2400) d=0 taskParent=-1},
02-19 21:43:18.388   752   794 V WindowManager:         {WCT{RemoteToken{5218fe8 Task{dd43522 #1 type=home}}} m=TO_BACK f=SHOW_WALLPAPER leash=Surface(name=Task=1)/@0x8ddbd2e sb=Rect(0, 0 - 1080, 2400) eb=Rect(0, 0 - 1080, 2400) epz=Point(1080, 2400) d=0 taskParent=-1},
02-19 21:43:18.388   752   794 V WindowManager:         {m=TO_BACK f=IS_WALLPAPER leash=Surface(name=WallpaperWindowToken{35e0c0f showWhenLocked=false})/@0x512f5be sb=Rect(0, 0 - 1080, 2400) eb=Rect(0, 0 - 1080, 2400) epz=Point(1080, 2400) d=0}
02-19 21:43:18.388   752   794 V WindowManager:     ]}
02-19 21:43:18.397  3787  3787 W unknown:ReactRootView: Unable to update root layout specs for uninitialized ReactInstanceManager
02-19 21:43:18.408  4449  4463 V WindowManagerShell: onTransitionReady(transaction=3229815437485)
02-19 21:43:18.409  4449  4467 V WindowManagerShell: onTransitionReady (#1074) android.os.BinderProxy@b7a958e: {id=1074 t=OPEN f=0x0 trk=0 r=[0@Point(0, 0)] c=[
02-19 21:43:18.409  4449  4467 V WindowManagerShell:         {m=TO_FRONT f=MOVE_TO_TOP leash=Surface(name=Task=166)/@0x37804f2 sb=Rect(0, 0 - 1080, 2400) eb=Rect(0, 0 - 1080, 2400) epz=Point(1080, 2400) d=0 taskParent=-1},
02-19 21:43:18.409  4449  4467 V WindowManagerShell:         {m=TO_BACK f=SHOW_WALLPAPER leash=Surface(name=Task=1)/@0xc80743 sb=Rect(0, 0 - 1080, 2400) eb=Rect(0, 0 - 1080, 2400) epz=Point(1080, 2400) d=0 taskParent=-1},
02-19 21:43:18.409  4449  4467 V WindowManagerShell:         {m=TO_BACK f=IS_WALLPAPER leash=Surface(name=WallpaperWindowToken{35e0c0f showWhenLocked=false})/@0x833b1c0 sb=Rect(0, 0 - 1080, 2400) eb=Rect(0, 0 - 1080, 2400) epz=Point(1080, 2400) d=0}
02-19 21:43:18.409  4449  4467 V WindowManagerShell:     ]}
02-19 21:43:18.415  4449  4467 V WindowManagerShell: Playing animation for (#1074) android.os.BinderProxy@b7a958e@0
02-19 21:43:18.415  4449  4467 V ShellRecents: RecentsTransitionHandler.startAnimation: no controller found
02-19 21:43:18.415  4449  4467 V WindowManagerShell: Transition doesn't have explicit remote, search filters for match for {id=1074 t=OPEN f=0x0 trk=0 r=[0@Point(0, 0)] c=[{m=TO_FRONT f=MOVE_TO_TOP leash=Surface(name=Task=166)/@0x37804f2 sb=Rect(0, 0 - 1080, 2400) eb=Rect(0, 0 - 1080, 2400) epz=Point(1080, 2400) d=0 taskParent=-1},{m=TO_BACK f=SHOW_WALLPAPER leash=Surface(name=Task=1)/@0xc80743 sb=Rect(0, 0 - 1080, 2400) eb=Rect(0, 0 - 1080, 2400) epz=Point(1080, 2400) d=0 taskParent=-1},{m=TO_BACK f=IS_WALLPAPER leash=Surface(name=WallpaperWindowToken{35e0c0f showWhenLocked=false})/@0x833b1c0 sb=Rect(0, 0 - 1080, 2400) eb=Rect(0, 0 - 1080, 2400) epz=Point(1080, 2400) d=0}]}
02-19 21:43:18.415  4449  4467 V WindowManagerShell:  Checking filter Pair{{types=[] flags=0x0] notFlags=0x0 checks=[{atype=undefined independent=true modes=[CLOSE,TO_BACK] flags=IN_TASK_WITH_EMBEDDED_ACTIVITY mustBeTask=false order=ANY topActivity=null launchCookie=null taskFragmentToken=android.os.BinderProxy@71546f0 windowingMode=undefined}]} RemoteTransition { remoteTransition = android.window.IRemoteTransition$Stub$Proxy@d4c8469, appThread = android.app.IApplicationThread$Stub$Proxy@c228eee, debugName = overlayBackTransition }}
02-19 21:43:18.415  4449  4467 V WindowManagerShell:  Checking filter Pair{{types=[] flags=0x0] notFlags=0x0 checks=[{atype=dream independent=true modes=[OPEN,TO_FRONT] flags=NONE mustBeTask=false order=ANY topActivity=null launchCookie=null windowingMode=undefined},{atype=home independent=true modes=[CLOSE,TO_BACK] flags=NONE mustBeTask=false order=ANY topActivity=null launchCookie=null windowingMode=undefined}]} RemoteTransition { remoteTransition = android.window.IRemoteTransition$Stub$Proxy@c578f8f, appThread = android.app.IApplicationThread$Stub$Proxy@69fe21c, debugName = LauncherToDream }}
02-19 21:43:18.416  4449  4467 V WindowManagerShell:  Checking filter Pair{{types=[] flags=0x0] notFlags=0x100 checks=[{atype=home independent=true modes=[OPEN,TO_FRONT] flags=NONE mustBeTask=false order=TOP topActivity=ComponentInfo{com.google.android.apps.nexuslauncher/com.google.android.apps.nexuslauncher.NexusLauncherActivity} launchCookie=null windowingMode=undefined},{atype=standard independent=true modes=[CLOSE,TO_BACK] flags=NONE mustBeTask=false order=ANY topActivity=null launchCookie=null windowingMode=undefined},{NOT atype=undefined independent=true modes=[] flags=NONE mustBeTask=true order=ANY topActivity=null launchCookie=null customAnim=true windowingMode=undefined}]} RemoteTransition { remoteTransition = android.window.IRemoteTransition$Stub$Proxy@69ffe25, appThread = android.app.IApplicationThread$Stub$Proxy@72cabfa, debugName = QuickstepLaunchHome }}
02-19 21:43:18.416  4449  4467 V WindowManagerShell:  Checking filter Pair{{types=[] flags=0x0] notFlags=0x0 checks=[{atype=undefined independent=true modes=[CLOSE,TO_BACK] flags=IN_TASK_WITH_EMBEDDED_ACTIVITY mustBeTask=false order=ANY topActivity=null launchCookie=null taskFragmentToken=android.os.BinderProxy@71546f0 windowingMode=undefined}]} RemoteTransition { remoteTransition = android.window.IRemoteTransition$Stub$Proxy@7c795ab, appThread = android.app.IApplicationThread$Stub$Proxy@cd70408, debugName = overlayBackTransition }}
02-19 21:43:18.416  4449  4467 V WindowManagerShell:  Checking filter Pair{{types=[] flags=0x0] notFlags=0x0 checks=[{atype=dream independent=true modes=[OPEN,TO_FRONT] flags=NONE mustBeTask=false order=ANY topActivity=null launchCookie=null windowingMode=undefined},{atype=home independent=true modes=[CLOSE,TO_BACK] flags=NONE mustBeTask=false order=ANY topActivity=null launchCookie=null windowingMode=undefined}]} RemoteTransition { remoteTransition = android.window.IRemoteTransition$Stub$Proxy@f757a1, appThread = android.app.IApplicationThread$Stub$Proxy@d898dc6, debugName = LauncherToDream }}
02-19 21:43:18.417  4449  4467 V WindowManagerShell:  Checking filter Pair{{types=[] flags=0x0] notFlags=0x100 checks=[{atype=home independent=true modes=[OPEN,TO_FRONT] flags=NONE mustBeTask=false order=TOP topActivity=ComponentInfo{com.google.android.apps.nexuslauncher/com.google.android.apps.nexuslauncher.NexusLauncherActivity} launchCookie=null windowingMode=undefined},{atype=standard independent=true modes=[CLOSE,TO_BACK] flags=NONE mustBeTask=false order=ANY topActivity=null launchCookie=null windowingMode=undefined},{NOT atype=undefined independent=true modes=[] flags=NONE mustBeTask=true order=ANY topActivity=null launchCookie=null customAnim=true windowingMode=undefined}]} RemoteTransition { remoteTransition = android.window.IRemoteTransition$Stub$Proxy@9e7e187, appThread = android.app.IApplicationThread$Stub$Proxy@3dc58b4, debugName = QuickstepLaunchHome }}
02-19 21:43:18.417  4449  4467 V WindowManagerShell:  Delegate animation for (#1074) to null
02-19 21:43:18.417  4449  4467 V WindowManagerShell: start default transition animation, info = {id=1074 t=OPEN f=0x0 trk=0 r=[0@Point(0, 0)] c=[{m=TO_FRONT f=MOVE_TO_TOP leash=Surface(name=Task=166)/@0x37804f2 sb=Rect(0, 0 - 1080, 2400) eb=Rect(0, 0 - 1080, 2400) epz=Point(1080, 2400) d=0 taskParent=-1},{m=TO_BACK f=SHOW_WALLPAPER leash=Surface(name=Task=1)/@0xc80743 sb=Rect(0, 0 - 1080, 2400) eb=Rect(0, 0 - 1080, 2400) epz=Point(1080, 2400) d=0 taskParent=-1},{m=TO_BACK f=IS_WALLPAPER leash=Surface(name=WallpaperWindowToken{35e0c0f showWhenLocked=false})/@0x833b1c0 sb=Rect(0, 0 - 1080, 2400) eb=Rect(0, 0 - 1080, 2400) epz=Point(1080, 2400) d=0}]}
02-19 21:43:18.417  4449  4467 V WindowManagerShell: loadAnimation: anim=android.view.animation.AnimationSet@57d7e3e animAttr=0x13 type=OPEN isEntrance=false
02-19 21:43:18.418  4449  4467 V WindowManagerShell: loadAnimation: anim=android.view.animation.AnimationSet@4d9d49f animAttr=0x12 type=OPEN isEntrance=true
02-19 21:43:18.428  4449  4467 V WindowManagerShell:  animated by com.android.wm.shell.transition.DefaultTransitionHandler@f74d823
02-19 21:43:18.451   752  1246 D CoreBackPreview: Window{712eaa3 u0 viva.republica.toss.test/im.toss.rn.granite.core.GraniteActivity}: Setting back callback OnBackInvokedCallbackInfo{mCallback=android.window.IOnBackInvokedCallback$Stub$Proxy@ca90b1b, mPriority=0, mIsAnimationCallback=false, mOverrideBehavior=0}
02-19 21:43:18.673   752   794 I ActivityTaskManager: Displayed viva.republica.toss.test/im.toss.rn.granite.core.GraniteActivity for user 0: +681ms
02-19 21:43:18.728   537   537 W adbd    : timeout expired while flushing socket, closing
02-19 21:43:18.757  3787  3994 W unknown:InspectorPackagerConnection: Couldn't connect to packager, will silently retry
02-19 21:43:18.770  4449  4467 V WindowManagerShell: Transition animation finished (aborted=false), notifying core (#1074) android.os.BinderProxy@b7a958e@0
02-19 21:43:18.789  4449  4467 V WindowManagerShell: Track 0 became idle
02-19 21:43:18.790  4449  4467 V WindowManagerShell: All active transition animations finished
02-19 21:43:18.798   752   794 V WindowManager: Finish Transition (#1074): created at 02-19 21:43:18.000 collect-started=0.496ms request-sent=21.008ms started=39.011ms ready=49.033ms sent=381.171ms commit=84.488ms finished=779.418ms
02-19 21:43:18.806   752   989 I ImeTracker: viva.republica.toss.test:9d0c233: onRequestHide at ORIGIN_SERVER reason HIDE_UNSPECIFIED_WINDOW fromUser false
02-19 21:43:18.828 19166 19166 D VRI[NexusLauncherActivity]: visibilityChanged oldVisibility=true newVisibility=false
02-19 21:43:18.833 19166 19166 D NexusLauncherModelDelegate: notifySmartspaceEvent: SmartspaceTargetEvent{mSmartspaceTarget=null, mSmartspaceActionId='null', mEventType=7}
02-19 21:43:18.872 20022 20022 I GoogleInputMethodService: GoogleInputMethodService.onFinishInput():2043 
02-19 21:43:18.874   752  1116 I ImeTracker: system_server:1c1e95a9: onRequestHide at ORIGIN_SERVER reason IME_REQUESTED_CHANGED_LISTENER fromUser false
02-19 21:43:18.876 20022 20022 I Module  : DeviceLockedStatusModuleProvider$Module.updateDeviceLockedStatus():100 repeatCheckTimes = 0, locked = false
02-19 21:43:18.880 20022 20022 I GoogleInputMethodService: GoogleInputMethodService.onStartInput():1293 onStartInput(EditorInfo{EditorInfo{packageName=viva.republica.toss.test, inputType=0, inputTypeString=NULL, enableLearning=false, autoCorrection=false, autoComplete=false, imeOptions=0, privateImeOptions=null, actionName=UNSPECIFIED, actionLabel=null, initialSelStart=-1, initialSelEnd=-1, initialCapsMode=0, label=null, fieldId=0, fieldName=null, extras=null, hintText=null, hintLocales=[]}}, false)
02-19 21:43:18.893   752   797 W ProcessStats: Tracking association SourceState{1b917ca system/1000 BFgs #27500} whose proc state 4 is better than process ProcessState{42c4ef0 com.google.android.ext.services/10208 pkg=com.google.android.ext.services} proc state 14 (22 skipped)
02-19 21:43:18.895   752   797 I ImeTracker: system_server:1c1e95a9: onCancelled at PHASE_SERVER_SHOULD_HIDE
02-19 21:43:18.899 20022 20022 I EmojiCompatManager: EmojiCompatManager.getEmojiCompatIfLoaded():343 EmojiCompat.init() was never called.
02-19 21:43:18.899 20022 20022 I EmojiCompatManager: java.lang.IllegalStateException: EmojiCompat is not initialized. Please call EmojiCompat.init() first
02-19 21:43:18.899 20022 20022 I EmojiCompatManager: 	at asx.p(PG:6)
02-19 21:43:18.899 20022 20022 I EmojiCompatManager: 	at axb.b(PG:13)
02-19 21:43:18.899 20022 20022 I EmojiCompatManager: 	at jnr.b(PG:2)
02-19 21:43:18.899 20022 20022 I EmojiCompatManager: 	at jnr.c(PG:4)
02-19 21:43:18.899 20022 20022 I EmojiCompatManager: 	at jnr.f(PG:3)
02-19 21:43:18.899 20022 20022 I EmojiCompatManager: 	at jnx.c(PG:3)
02-19 21:43:18.899 20022 20022 I EmojiCompatManager: 	at kif.cz(PG:47)
02-19 21:43:18.899 20022 20022 I EmojiCompatManager: 	at lhl.run(PG:1025)
02-19 21:43:18.899 20022 20022 I EmojiCompatManager: 	at jaf.execute(PG:12)
02-19 21:43:18.899 20022 20022 I EmojiCompatManager: 	at nco.v(PG:13)
02-19 21:43:18.899 20022 20022 I EmojiCompatManager: 	at lhn.m(PG:96)
02-19 21:43:18.899 20022 20022 I EmojiCompatManager: 	at lhn.k(PG:25)
02-19 21:43:18.899 20022 20022 I EmojiCompatManager: 	at kgn.onStartInput(PG:250)
02-19 21:43:18.899 20022 20022 I EmojiCompatManager: 	at android.inputmethodservice.InputMethodService.doStartInput(InputMethodService.java:3521)
02-19 21:43:18.899 20022 20022 I EmojiCompatManager: 	at android.inputmethodservice.InputMethodService$InputMethodImpl.startInput(InputMethodService.java:879)
02-19 21:43:18.899 20022 20022 I EmojiCompatManager: 	at android.inputmethodservice.InputMethodService$InputMethodImpl.dispatchStartInput(InputMethodService.java:908)
02-19 21:43:18.899 20022 20022 I EmojiCompatManager: 	at android.inputmethodservice.IInputMethodWrapper.executeMessage(IInputMethodWrapper.java:201)
02-19 21:43:18.899 20022 20022 I EmojiCompatManager: 	at com.android.internal.os.HandlerCaller$MyHandler.handleMessage(HandlerCaller.java:44)
02-19 21:43:18.899 20022 20022 I EmojiCompatManager: 	at android.os.Handler.dispatchMessage(Handler.java:110)
02-19 21:43:18.899 20022 20022 I EmojiCompatManager: 	at android.os.Looper.loopOnce(Looper.java:248)
02-19 21:43:18.899 20022 20022 I EmojiCompatManager: 	at android.os.Looper.loop(Looper.java:338)
02-19 21:43:18.899 20022 20022 I EmojiCompatManager: 	at android.app.ActivityThread.main(ActivityThread.java:9067)
02-19 21:43:18.899 20022 20022 I EmojiCompatManager: 	at java.lang.reflect.Method.invoke(Native Method)
02-19 21:43:18.899 20022 20022 I EmojiCompatManager: 	at com.android.internal.os.RuntimeInit$MethodAndArgsCaller.run(RuntimeInit.java:593)
02-19 21:43:18.899 20022 20022 I EmojiCompatManager: 	at com.android.internal.os.ZygoteInit.main(ZygoteInit.java:932)
02-19 21:43:18.904 20022 20022 I Module  : DeviceLockedStatusModuleProvider$Module.updateDeviceLockedStatus():100 repeatCheckTimes = 1, locked = false
02-19 21:43:18.906 20022 20022 W NotificationCenter: NotificationCenter$NotificationQueue.notifyPendingNotificationsOnExecutor():877 Heavy notify work detected on UI thread: [kig->ilu, kig->ijm, kig->gkl, kig->ilu, kig->jnx, kig->khc, kig->ilu, kig->fro, kig->fef, kig->ilu, kig->ilu, kig->fcb, kig->ilu, kig->khg, kig->imt, kig->ilu, kig->ilu, kig->ilu, kig->ilu, kig->ilu, kig->lux, kig->ilu, kig->ilu] takes 23ms
02-19 21:43:18.907   752  2363 W PackageConfigPersister: App-specific configuration not found for packageName: viva.republica.toss.test and userId: 0
02-19 21:43:18.933  3787  3787 D InsetsController: hide(ime(), fromIme=false)
02-19 21:43:18.934  3787  3787 I ImeTracker: viva.republica.toss.test:9d0c233: onCancelled at PHASE_CLIENT_ALREADY_HIDDEN
02-19 21:43:18.973   615   715 W IPCThreadState: Sending oneway calls to frozen process.
02-19 21:43:18.987  4449  4474 W WindowOnBackDispatcher: sendCancelIfRunning: isInProgress=false callback=android.view.ViewRootImpl$$ExternalSyntheticLambda13@c3e29cb
02-19 21:43:18.987   752  1509 D CoreBackPreview: Window{68f0f46 u0 Splash Screen viva.republica.toss.test EXITING}: Setting back callback null
02-19 21:43:19.003 19166 19166 D BaseDepthController: setSurface:
02-19 21:43:19.003 19166 19166 D BaseDepthController: 	mWaitingOnSurfaceValidity: false
02-19 21:43:19.003 19166 19166 D BaseDepthController: 	mBaseSurface: null
02-19 21:43:19.006 19166 19166 D BaseDepthController: mSurface is null and mCurrentBlur is: 0
02-19 21:43:19.027  3787  3787 E unknown:ReactRootView: Unhandled SoftException
02-19 21:43:19.027  3787  3787 E unknown:ReactRootView: com.facebook.react.uimanager.IllegalViewOperationException: Trying to attach a ReactRootView with an explicit id already set to [2131362676]. React Native uses the id field to track react tags and will overwrite this field. If that is fine, explicitly overwrite the id field to View.NO_ID.
02-19 21:43:19.027  3787  3787 E unknown:ReactRootView: 	at com.facebook.react.ReactRootView.attachToReactInstanceManager(:799)
02-19 21:43:19.027  3787  3787 E unknown:ReactRootView: 	at com.facebook.react.ReactRootView.startReactApplication(:509)
02-19 21:43:19.027  3787  3787 E unknown:ReactRootView: 	at com.facebook.react.ReactRootView.startReactApplication(:469)
02-19 21:43:19.027  3787  3787 E unknown:ReactRootView: 	at im.toss.rn.granite.core.GraniteActivity.write(:486)
02-19 21:43:19.027  3787  3787 E unknown:ReactRootView: 	at im.toss.rn.granite.core.GraniteActivity.RemoteActionCompatParcelizer(:124)
02-19 21:43:19.027  3787  3787 E unknown:ReactRootView: 	at im.toss.rn.granite.core.GraniteActivity$RemoteActionCompatParcelizer.IconCompatParcelizer(:65353)
02-19 21:43:19.027  3787  3787 E unknown:ReactRootView: 	at o.sh.a_(:33)
02-19 21:43:19.027  3787  3787 E unknown:ReactRootView: 	at o.xP.run(:100)
02-19 21:43:19.027  3787  3787 E unknown:ReactRootView: 	at android.os.Handler.handleCallback(Handler.java:995)
02-19 21:43:19.027  3787  3787 E unknown:ReactRootView: 	at android.os.Handler.dispatchMessage(Handler.java:103)
02-19 21:43:19.027  3787  3787 E unknown:ReactRootView: 	at android.os.Looper.loopOnce(Looper.java:248)
02-19 21:43:19.027  3787  3787 E unknown:ReactRootView: 	at android.os.Looper.loop(Looper.java:338)
02-19 21:43:19.027  3787  3787 E unknown:ReactRootView: 	at android.app.ActivityThread.main(ActivityThread.java:9067)
02-19 21:43:19.027  3787  3787 E unknown:ReactRootView: 	at java.lang.reflect.Method.invoke(Native Method)
02-19 21:43:19.027  3787  3787 E unknown:ReactRootView: 	at com.android.internal.os.RuntimeInit$MethodAndArgsCaller.run(RuntimeInit.java:593)
02-19 21:43:19.027  3787  3787 E unknown:ReactRootView: 	at com.android.internal.os.ZygoteInit.main(ZygoteInit.java:932)
02-19 21:43:19.040 19166 19166 D StateManager: goToState - fromState: Normal, toState: Normal, partial trace:
02-19 21:43:19.040 19166 19166 D StateManager: 	at com.android.launcher3.statemanager.StateManager.moveToRestState(go/retraceme 72a59688580715d19f0e415c69e80376c2f062d1648c80db6730905005a27c20:4)
02-19 21:43:19.040 19166 19166 D StateManager: 	at com.android.launcher3.statemanager.StateManager.moveToRestState(go/retraceme 72a59688580715d19f0e415c69e80376c2f062d1648c80db6730905005a27c20:1)
02-19 21:43:19.040 19166 19166 D StateManager: 	at com.android.launcher3.statemanager.StatefulActivity.onStop(go/retraceme 72a59688580715d19f0e415c69e80376c2f062d1648c80db6730905005a27c20:34)
02-19 21:43:19.041 19166 19166 D StatsLog: LAUNCHER_ONSTOP
02-19 21:43:19.052 19166 19166 D StatsLog: LAUNCHER_GOOGLE_SEARCH_RESTORE_LIST_SIZE_AFTER_ACTIVITY_RESTART
02-19 21:43:19.055  3787  3997 W unknown:ReconnectingWebSocket: Couldn't connect to "ws://10.0.2.2:8081/message?device=sdk_gphone64_x86_64%20-%2016%20-%20API%2036&app=viva.republica.toss.test&clientid=BridgeDevSupportManager", will silently retry
02-19 21:43:19.099   752  1095 D BackgroundInstallControlService: Package event received: 0
02-19 21:43:19.134   752  2363 D CoreBackPreview: Window{5e02be8 u0 PopupWindow:f9a484d}: Setting back callback OnBackInvokedCallbackInfo{mCallback=android.window.IOnBackInvokedCallback$Stub$Proxy@7a8a6, mPriority=0, mIsAnimationCallback=false, mOverrideBehavior=0}
02-19 21:43:19.301  3787  3787 I Ads     : JS: The jsLoaded GMSG has been sent (https://googleads.g.doubleclick.net/mads/static/sdk/native/sdk-core-v40.html:1025)
02-19 21:43:19.773   752   969 D ActivityManager: freezing 19378 com.google.android.webview:webview_service
02-19 21:43:19.824  3787  3955 D nativeloader: Load /data/app/~~NUQj-rdXzuicW-16SIRtKA==/viva.republica.toss.test-Si406wFvb_sqEA2GTBV6RQ==/lib/x86_64/libreactnativeblob.so using class loader ns clns-9 (caller=<unknown>): ok
02-19 21:43:19.845   752  1029 D InetDiagMessage: Destroyed 0 sockets, proto=IPPROTO_TCP, family=AF_INET, states=14
02-19 21:43:19.850   752  1029 D InetDiagMessage: Destroyed 0 sockets, proto=IPPROTO_TCP, family=AF_INET6, states=14
02-19 21:43:19.851   752  1029 D InetDiagMessage: Destroyed live tcp sockets for uids={10168} in 8ms
02-19 21:43:20.063  3787  3787 W unknown:ReactContext: initializeMessageQueueThreads() is called.
02-19 21:43:20.074  3787  3791 I blica.toss.test: Compiler allocated 4717KB to compile void com.facebook.soloader.nativeloader.SystemDelegate.read(java.lang.String)
02-19 21:43:20.344   752  1116 W PackageConfigPersister: App-specific configuration not found for packageName: viva.republica.toss.test and userId: 0
02-19 21:43:21.272  4007  4007 W dumpsys : Thread Pool max thread count is 0. Cannot cache binder as linkToDeath cannot be implemented. serviceName: window
02-19 21:43:21.279   752  2363 I system_server: AssetManager2(0x7d8fac4ac258) locale list changing from [] to [en-US]
02-19 21:43:21.281   752  2363 I system_server: AssetManager2(0x7d8fac4b00d8) locale list changing from [] to [en-US]
02-19 21:43:21.283   752  2363 I system_server: AssetManager2(0x7d8fac486418) locale list changing from [] to [en-US]
02-19 21:43:21.285   752  2363 I system_server: AssetManager2(0x7d8fac4ade78) locale list changing from [] to [en-US]
02-19 21:43:21.287   752  2363 I system_server: AssetManager2(0x7d8fac4abf38) locale list changing from [] to [en-US]
02-19 21:43:21.289   752  2363 I system_server: AssetManager2(0x7d8fac4aa638) locale list changing from [] to [en-US]
02-19 21:43:21.356 19336 19718 I bbax    : (REDACTED) getHotwordActive::active query: %s, watch: %s, devices connected: %s
02-19 21:43:21.559   752  1856 E TaskPersister: File error accessing recents directory (directory doesn't exist?).
02-19 21:43:21.893  4012  4012 W screencap: Thread Pool max thread count is 0. Cannot cache binder as linkToDeath cannot be implemented. serviceName: SurfaceFlingerAIDL
02-19 21:43:21.894  4012  4012 W BpBinder: Linking to death on android.gui.ISurfaceComposer but there are no threads (yet?) listening to incoming transactions. See ProcessState::startThreadPool and ProcessState::setThreadPoolMaxThreadCount. Generally you should setup the binder threadpool before other initialization steps.
02-19 21:43:21.895  4012  4012 W ProcessState: Extra binder thread started, but 0 threads requested. Do not use *startThreadPool when zero threads are requested.
02-19 21:43:21.902   531   590 E HwcComposer: getLuts failed Status(-8, EX_SERVICE_SPECIFIC): '8: '
02-19 21:43:21.902   531   590 E HWComposer: getLuts: getLuts failed for display 4619827259835644672: UNSUPPORTED (8)
