02-19 21:58:45.581  4449  4467 V WindowManagerShell: start default transition animation, info = {id=1111 t=OPEN f=0x0 trk=0 r=[0@Point(0, 0)] c=[{m=OPEN f=NONE leash=Surface(name=Task=179)/@0xc83c691 sb=Rect(0, 0 - 1080, 2400) eb=Rect(0, 0 - 1080, 2400) epz=Point(1080, 2400) d=0 taskParent=-1},{m=TO_BACK f=SHOW_WALLPAPER leash=Surface(name=Task=1)/@0xfc1e9f6 sb=Rect(0, 0 - 1080, 2400) eb=Rect(0, 0 - 1080, 2400) epz=Point(1080, 2400) d=0 taskParent=-1},{m=TO_BACK f=IS_WALLPAPER leash=Surface(name=WallpaperWindowToken{35e0c0f showWhenLocked=false})/@0x51dc1f7 sb=Rect(0, 0 - 1080, 2400) eb=Rect(0, 0 - 1080, 2400) epz=Point(1080, 2400) d=0}]}
02-19 21:58:45.581  4449  4467 V WindowManagerShell: loadAnimation: anim=android.view.animation.AnimationSet@d3acd animAttr=0x13 type=OPEN isEntrance=false
02-19 21:58:45.582  4449  4467 V WindowManagerShell: loadAnimation: anim=android.view.animation.AnimationSet@51aaf82 animAttr=0x12 type=OPEN isEntrance=true
02-19 21:58:45.587  4449  4467 V WindowManagerShell:  animated by com.android.wm.shell.transition.DefaultTransitionHandler@f74d823
02-19 21:58:45.611  5531  5531 I blica.toss.test: Using CollectorTypeCMC GC.
02-19 21:58:45.615  5531  5531 W blica.toss.test: Unexpected CPU variant for x86: x86_64.
02-19 21:58:45.615  5531  5531 W blica.toss.test: Known variants: atom, sandybridge, silvermont, goldmont, goldmont-plus, goldmont-without-sha-xsaves, tremont, kabylake, alderlake, default
02-19 21:58:45.636  5531  5531 E blica.toss.test: Not starting debugger since process cannot load the jdwp agent.
02-19 21:58:45.663  5531  5531 D nativeloader: Load libframework-connectivity-tiramisu-jni.so using APEX ns com_android_tethering for caller /apex/com.android.tethering/javalib/framework-connectivity-t.jar: ok
02-19 21:58:45.730   752  1095 D BackgroundInstallControlService: Package event received: 0
02-19 21:58:45.750  5531  5531 D ApplicationLoaders: Returning zygote-cached class loader: /system_ext/framework/androidx.window.extensions.jar
02-19 21:58:45.750  5531  5531 D ApplicationLoaders: Returning zygote-cached class loader: /system_ext/framework/androidx.window.sidecar.jar
02-19 21:58:45.777  5531  5531 D nativeloader: Configuring clns-9 for other apk /data/app/~~NUQj-rdXzuicW-16SIRtKA==/viva.republica.toss.test-Si406wFvb_sqEA2GTBV6RQ==/base.apk. target_sdk_version=35, uses_libraries=, library_path=/data/app/~~NUQj-rdXzuicW-16SIRtKA==/viva.republica.toss.test-Si406wFvb_sqEA2GTBV6RQ==/lib/x86_64:/data/app/~~NUQj-rdXzuicW-16SIRtKA==/viva.republica.toss.test-Si406wFvb_sqEA2GTBV6RQ==/base.apk!/lib/x86_64, permitted_path=/data:/mnt/expand:/data/user/0/viva.republica.toss.test
02-19 21:58:45.781  5531  5531 D CompatChangeReporter: Compat change id reported: 202956589; UID 10217; state: ENABLED
02-19 21:58:45.795  5531  5531 I blica.toss.test: AssetManager2(0x7d8fac428e58) locale list changing from [] to [en-US]
02-19 21:58:45.821  5531  5531 V GraphicsEnvironment: Currently set values for:
02-19 21:58:45.821  5531  5531 V GraphicsEnvironment:   angle_gl_driver_selection_pkgs=[]
02-19 21:58:45.821  5531  5531 V GraphicsEnvironment:   angle_gl_driver_selection_values=[]
02-19 21:58:45.821  5531  5531 V GraphicsEnvironment: viva.republica.toss.test is not listed in per-application setting
02-19 21:58:45.822  5531  5531 V GraphicsEnvironment: ANGLE allowlist from config: com.dreamgames.royalmatch com.dts.freefiremax com.dxx.firenow com.gramgames.mergedragons com.ludo.king com.mojang.minecraftpe com.my.defense com.nintendo.zaka com.os.airforce com.playrix.fishdomdd.gplay io.teslatech.callbreak jp.konami.prospia net.peakgames.toonblast
02-19 21:58:45.822  5531  5531 V GraphicsEnvironment: viva.republica.toss.test is not listed in ANGLE allowlist or settings, returning default
02-19 21:58:45.823  5531  5531 V GraphicsEnvironment: Neither updatable production driver nor prerelease driver is supported.
02-19 21:58:45.861  5531  5531 D CompatChangeReporter: Compat change id reported: 279646685; UID 10217; state: ENABLED
02-19 21:58:45.889  5531  5531 D nativeloader: Load /data/app/~~NUQj-rdXzuicW-16SIRtKA==/viva.republica.toss.test-Si406wFvb_sqEA2GTBV6RQ==/lib/x86_64/libmmkv.so using class loader ns clns-9 (caller=/data/app/~~NUQj-rdXzuicW-16SIRtKA==/viva.republica.toss.test-Si406wFvb_sqEA2GTBV6RQ==/base.apk): ok
02-19 21:58:45.896  5531  5531 I blica.toss.test: AssetManager2(0x7d8fac426f18) locale list changing from [] to [en-US]
02-19 21:58:45.897  5531  5531 I WebViewFactory: Loading com.google.android.webview version 133.0.6943.137 (code 694313738)
02-19 21:58:45.899  5531  5531 I blica.toss.test: AssetManager2(0x7d8fac427878) locale list changing from [] to [en-US]
02-19 21:58:45.900  5531  5531 I blica.toss.test: AssetManager2(0x7d8fac4284f8) locale list changing from [] to [en-US]
02-19 21:58:45.901  5531  5531 V ResourcesManager: The following library key has been added: ResourcesKey{ mHash=a24a3099 mResDir=null mSplitDirs=[] mOverlayDirs=[] mLibDirs=[/data/app/~~86wu-kVgQoavtKNPNhKNpg==/com.google.android.webview-1KjOBROVBHjUvpUZHW2m2g==/WebViewGoogle.apk,/data/app/~~zfNTtjjfT5QjKD_7Ux4KKQ==/com.google.android.trichromelibrary_694313738-AgzLRnDhHPFXke_9IsnuqA==/TrichromeLibrary.apk] mDisplayId=0 mOverrideConfig=v36 mCompatInfo={420dpi always-compat} mLoaders=[]}
02-19 21:58:45.905  5531  5531 W blica.toss.test: Failed to find entry 'classes.dex': Entry not found
02-19 21:58:45.906  5531  5531 D nativeloader: Configuring clns-10 for other apk /data/app/~~zfNTtjjfT5QjKD_7Ux4KKQ==/com.google.android.trichromelibrary_694313738-AgzLRnDhHPFXke_9IsnuqA==/TrichromeLibrary.apk. target_sdk_version=34, uses_libraries=ALL, library_path=/data/app/~~86wu-kVgQoavtKNPNhKNpg==/com.google.android.webview-1KjOBROVBHjUvpUZHW2m2g==/lib/x86_64:/data/app/~~86wu-kVgQoavtKNPNhKNpg==/com.google.android.webview-1KjOBROVBHjUvpUZHW2m2g==/WebViewGoogle.apk!/lib/x86_64:/data/app/~~zfNTtjjfT5QjKD_7Ux4KKQ==/com.google.android.trichromelibrary_694313738-AgzLRnDhHPFXke_9IsnuqA==/TrichromeLibrary.apk!/lib/x86_64, permitted_path=/data:/mnt/expand
02-19 21:58:45.908  5531  5531 D ApplicationLoaders: Returning zygote-cached class loader: /system_ext/framework/androidx.window.extensions.jar
02-19 21:58:45.915  5531  5531 D nativeloader: Configuring clns-11 for other apk /data/app/~~86wu-kVgQoavtKNPNhKNpg==/com.google.android.webview-1KjOBROVBHjUvpUZHW2m2g==/WebViewGoogle.apk. target_sdk_version=34, uses_libraries=, library_path=/data/app/~~86wu-kVgQoavtKNPNhKNpg==/com.google.android.webview-1KjOBROVBHjUvpUZHW2m2g==/lib/x86_64:/data/app/~~86wu-kVgQoavtKNPNhKNpg==/com.google.android.webview-1KjOBROVBHjUvpUZHW2m2g==/WebViewGoogle.apk!/lib/x86_64:/data/app/~~zfNTtjjfT5QjKD_7Ux4KKQ==/com.google.android.trichromelibrary_694313738-AgzLRnDhHPFXke_9IsnuqA==/TrichromeLibrary.apk!/lib/x86_64, permitted_path=/data:/mnt/expand
02-19 21:58:45.920  5531  5545 E ashmem  : Pinning is deprecated since Android Q. Please use trim or other methods.
02-19 21:58:45.981  5531  5531 I cr_WVCFactoryProvider: version=133.0.6943.137 (694313738) minSdkVersion=29 isBundle=false multiprocess=true packageId=2
02-19 21:58:45.999  5531  5545 D nativeloader: Configuring clns-12 for other apk . target_sdk_version=35, uses_libraries=ALL, library_path=/data/app/~~NUQj-rdXzuicW-16SIRtKA==/viva.republica.toss.test-Si406wFvb_sqEA2GTBV6RQ==/lib/x86_64:/data/app/~~NUQj-rdXzuicW-16SIRtKA==/viva.republica.toss.test-Si406wFvb_sqEA2GTBV6RQ==/base.apk!/lib/x86_64, permitted_path=/data:/mnt/expand
02-19 21:58:46.006  5531  5545 D nativeloader: Load /data/app/~~NUQj-rdXzuicW-16SIRtKA==/viva.republica.toss.test-Si406wFvb_sqEA2GTBV6RQ==/lib/x86_64/libdceb.so using isolated ns clns-12 (caller=/data/user/0/viva.republica.toss.test/Anonymous-DexFile@1467667017.jar): ok
02-19 21:58:46.014  5531  5531 D nativeloader: Load /data/app/~~zfNTtjjfT5QjKD_7Ux4KKQ==/com.google.android.trichromelibrary_694313738-AgzLRnDhHPFXke_9IsnuqA==/TrichromeLibrary.apk!/lib/x86_64/libmonochrome_64.so using class loader ns clns-11 (caller=/data/app/~~86wu-kVgQoavtKNPNhKNpg==/com.google.android.webview-1KjOBROVBHjUvpUZHW2m2g==/WebViewGoogle.apk): ok
02-19 21:58:46.021  5531  5531 D nativeloader: Load /system/lib64/libwebviewchromium_plat_support.so using class loader ns clns-11 (caller=/data/app/~~86wu-kVgQoavtKNPNhKNpg==/com.google.android.webview-1KjOBROVBHjUvpUZHW2m2g==/WebViewGoogle.apk): ok
02-19 21:58:46.025  5531  5550 E chromium: [0219/215846.025219:ERROR:variations_seed_loader.cc(39)] Seed missing signature.
02-19 21:58:46.026  5531  5550 I chromium: [0219/215846.025933:INFO:variations_seed_loader.cc(67)] Failed to open file for reading.: No such file or directory (2)
02-19 21:58:46.038  5531  5531 I cr_LibraryLoader: Successfully loaded native library
02-19 21:58:46.039  5531  5531 I cr_CachingUmaRecorder: Flushed 6 samples from 6 histograms, 0 samples were dropped.
02-19 21:58:46.046  4449  4467 V WindowManagerShell: Transition animation finished (aborted=false), notifying core (#1111) android.os.BinderProxy@ce0e97a@0
02-19 21:58:46.056   752   794 V WindowManager: Finish Transition (#1111): created at 02-19 21:58:44.599 collect-started=0.265ms request-sent=14.276ms started=17.281ms ready=953.521ms sent=958.309ms commit=69.374ms finished=1451.61ms
02-19 21:58:46.057  5531  5531 I cr_CombinedPProvider: #registerProvider() provider:WV.C8@88ca54d isPolicyCacheEnabled:false policyProvidersSize:0
02-19 21:58:46.058 19166 19166 D VRI[NexusLauncherActivity]: visibilityChanged oldVisibility=true newVisibility=false
02-19 21:58:46.059  5531  5531 I cr_PolicyProvider: #setManagerAndSource() 0
02-19 21:58:46.062  4449  4467 V WindowManagerShell: Track 0 became idle
02-19 21:58:46.062  4449  4467 V WindowManagerShell: All active transition animations finished
02-19 21:58:46.076   752  2363 V GrammaticalInflectionUtils: AttributionSource: android.content.AttributionSource@de7a8f9b does not have READ_SYSTEM_GRAMMATICAL_GENDER permission.
02-19 21:58:46.083  5531  5531 I cr_CombinedPProvider: #linkNativeInternal() 1
02-19 21:58:46.085  5531  5531 I cr_AppResProvider: #getApplicationRestrictionsFromUserManager() Bundle[EMPTY_PARCEL]
02-19 21:58:46.085  5531  5531 I cr_PolicyProvider: #notifySettingsAvailable() 0
02-19 21:58:46.085  5531  5531 I cr_CombinedPProvider: #onSettingsAvailable() 0
02-19 21:58:46.085  5531  5531 I cr_CombinedPProvider: #flushPolicies()
02-19 21:58:46.095  1263  1263 D Zygote  : Forked child process 5557
02-19 21:58:46.110  5557  5557 I ocessService0:0: Using CollectorTypeCMC GC.
02-19 21:58:46.112  5557  5557 W ocessService0:0: Unexpected CPU variant for x86: x86_64.
02-19 21:58:46.112  5557  5557 W ocessService0:0: Known variants: atom, sandybridge, silvermont, goldmont, goldmont-plus, goldmont-without-sha-xsaves, tremont, kabylake, alderlake, default
02-19 21:58:46.122  5557  5557 E ocessService0:0: Not starting debugger since process cannot load the jdwp agent.
02-19 21:58:46.128  5557  5557 D nativeloader: Load libframework-connectivity-tiramisu-jni.so using APEX ns com_android_tethering for caller /apex/com.android.tethering/javalib/framework-connectivity-t.jar: ok
02-19 21:58:46.140   752  2363 W ActivityManager: Slow operation: 64ms so far, now at startProcess: done updating battery stats
02-19 21:58:46.141   752  2363 W ActivityManager: Slow operation: 65ms so far, now at startProcess: building log message
02-19 21:58:46.141   752  2363 I ActivityManager: Start proc 5557:com.google.android.webview:sandboxed_process0:org.chromium.content.app.SandboxedProcessService0:0/u0i109 for  {viva.republica.toss.test/org.chromium.content.app.SandboxedProcessService0:0}
02-19 21:58:46.141   752  2363 W ActivityManager: Slow operation: 65ms so far, now at startProcess: starting to update pids map
02-19 21:58:46.141   752  2363 I ActivityManager: ProcessObserver broadcast disabled
02-19 21:58:46.142   752  2363 W ActivityManager: Slow operation: 65ms so far, now at startProcess: done updating pids map
02-19 21:58:46.148  5531  5531 I blica.toss.test: AssetManager2(0x7d8fac4281d8) locale list changing from [] to [en-US]
02-19 21:58:46.155  5557  5557 D CompatChangeReporter: Compat change id reported: 242716250; UID 99109; state: ENABLED
02-19 21:58:46.158  5531  5531 I blica.toss.test: AssetManager2(0x7d8fac425938) locale list changing from [] to [en-US]
02-19 21:58:46.162  5531  5531 D DesktopModeFlags: Toggle override initialized to: OVERRIDE_UNSET
02-19 21:58:46.162  5531  5531 I DisplayManager: Implicitly registering for refresh rate
02-19 21:58:46.164  5557  5557 D ApplicationLoaders: Returning zygote-cached class loader: /system_ext/framework/androidx.window.extensions.jar
02-19 21:58:46.167  5557  5557 I ocessService0:0: AssetManager2(0x7d8fac42ba18) locale list changing from [] to [en-US]
02-19 21:58:46.180  5557  5557 I LoadedApk: No resource references to update in package com.google.android.trichromelibrary
02-19 21:58:46.183  5557  5557 I cr_WebViewApkApp: version=133.0.6943.137 (694313738) minSdkVersion=29 isBundle=false processName=com.google.android.webview:sandboxed_process0:org.chromium.content.app.SandboxedProcessService0:0
02-19 21:58:57.568   531   568 W EventThread: Faking VSYNC due to driver stall for thread app
02-19 21:58:57.568   531   569 W EventThread: Faking VSYNC due to driver stall for thread appSf
02-19 21:58:57.586  5531  5552 W cr_ChildProcessConn: Fallback to ComponentInfo{com.google.android.webview/org.chromium.content.app.SandboxedProcessService1}
02-19 21:58:57.590   752   797 W ActivityTaskManager: Launch timeout has expired, giving up wake lock!
02-19 21:58:57.613  4965  5201 I AidlLazyServiceRegistrar: Process has 0 (of 1 available) client(s) in use after notification artd has clients: 0
02-19 21:58:57.613  4965  5201 I AidlLazyServiceRegistrar: Trying to shut down the service. No clients in use for any service in process.
02-19 21:58:57.613 27008 27008 I wpa_supplicant: wlan0: CTRL-EVENT-BEACON-LOSS 
02-19 21:58:57.620   752   806 W ActivityManager: Slow operation: 11544ms so far, now at startProcess: returned from zygote!
02-19 21:58:57.623 19166 19166 D NexusLauncherModelDelegate: notifySmartspaceEvent: SmartspaceTargetEvent{mSmartspaceTarget=null, mSmartspaceActionId='null', mEventType=7}
02-19 21:58:57.651  4965  5201 I AidlLazyServiceRegistrar: Unregistered all clients and exiting
02-19 21:58:57.661   752  1856 E TaskPersister: File error accessing recents directory (directory doesn't exist?).
02-19 21:58:57.665   752  2505 D ActivityManager: sync unfroze 3453 com.google.android.gms for 4
02-19 21:58:57.676   752  1095 D BackgroundInstallControlService: Package event received: 0
02-19 21:58:57.677   752  2377 W ActivityManager: Slow operation: 11492ms so far, now at finishAttachApplicationInner: after mServices.attachApplicationLocked
02-19 21:58:57.678   752  2377 W ActivityManager: Slow operation: 11492ms so far, now at finishAttachApplicationInner: after dispatching broadcasts
02-19 21:58:57.699   752  1095 D BackgroundInstallControlService: Package event received: 0
02-19 21:58:57.707  5557  5557 I cr_ChildProcessService: Creating new ChildProcessService pid=5557
02-19 21:58:57.724   752  1790 D CompatChangeReporter: Compat change id reported: 311208629; UID 10217; state: ENABLED
02-19 21:58:57.724   752  1790 I ActivityManager: Killing 5557:com.google.android.webview:sandboxed_process0:org.chromium.content.app.SandboxedProcessService0:0/u0a217i109 (adj 0): isolated not needed
02-19 21:58:57.730   752  1790 V GrammaticalInflectionUtils: AttributionSource: android.content.AttributionSource@e02f683a does not have READ_SYSTEM_GRAMMATICAL_GENDER permission.
02-19 21:58:57.740  1263  1263 D Zygote  : Forked child process 5582
02-19 21:58:57.744   752   807 I libprocessgroup: Removed cgroup /sys/fs/cgroup/apps/uid_99109/pid_5557
02-19 21:58:57.745  1263  1263 I Zygote  : Process 5557 exited due to signal 9 (Killed)
02-19 21:58:57.749  5582  5582 I ocessService1:0: Using CollectorTypeCMC GC.
02-19 21:58:57.750  5582  5582 W ocessService1:0: Unexpected CPU variant for x86: x86_64.
02-19 21:58:57.750  5582  5582 W ocessService1:0: Known variants: atom, sandybridge, silvermont, goldmont, goldmont-plus, goldmont-without-sha-xsaves, tremont, kabylake, alderlake, default
02-19 21:58:57.752   752   819 W ProcessCpuTracker: Failed to stat(/proc/5557): android.system.ErrnoException: stat failed: ENOENT (No such file or directory)
02-19 21:58:57.753  5582  5582 E ocessService1:0: Not starting debugger since process cannot load the jdwp agent.
02-19 21:58:57.753   752   819 W ProcessCpuTracker: Skipping unknown process pid 5557
02-19 21:58:57.757  5582  5582 D nativeloader: Load libframework-connectivity-tiramisu-jni.so using APEX ns com_android_tethering for caller /apex/com.android.tethering/javalib/framework-connectivity-t.jar: ok
02-19 21:58:57.757   752   815 D KernelCpuUidUserSysTimeReader: Removing uids 99107-99107
02-19 21:58:57.770   752  2377 I ActivityManager: Start proc 5582:com.google.android.webview:sandboxed_process1:org.chromium.content.app.SandboxedProcessService1:0/u0i110 for  {viva.republica.toss.test/org.chromium.content.app.SandboxedProcessService1:0}
02-19 21:58:57.770   752  2377 I ActivityManager: ProcessObserver broadcast disabled
02-19 21:58:57.791  5531  5558 E chromium: [ERROR:simple_file_enumerator.cc(21)] opendir /data/user/0/viva.republica.toss.test/cache/WebView/Default/HTTP Cache/Code Cache/wasm: No such file or directory (2)
02-19 21:58:57.792  5531  5558 E chromium: [ERROR:simple_index_file.cc(613)] Could not reconstruct index from disk
02-19 21:58:57.804   752   806 W ActivityManager: Slow operation: 73ms so far, now at startProcess: returned from zygote!
02-19 21:58:57.808  5531  5555 E chromium: [ERROR:simple_file_enumerator.cc(21)] opendir /data/user/0/viva.republica.toss.test/cache/WebView/Default/HTTP Cache/Code Cache/js: No such file or directory (2)
02-19 21:58:57.815   752   779 D ActivityManager: sync unfroze 4656 com.google.android.adservices.api for 4
02-19 21:58:57.820  5531  5555 E chromium: [ERROR:simple_index_file.cc(613)] Could not reconstruct index from disk
02-19 21:58:57.827   752  1095 D BackgroundInstallControlService: Package event received: 0
02-19 21:58:57.827  4656  5598 W adservices: Skip logging because Cobalt logger is null
02-19 21:58:57.831  4656  5599 W adservices: Skip logging because Cobalt is disabled.
02-19 21:58:57.841   752  1095 D BackgroundInstallControlService: Package event received: 0
02-19 21:58:57.843  5582  5582 D CompatChangeReporter: Compat change id reported: 242716250; UID 99110; state: ENABLED
02-19 21:58:57.852   752  2363 D ActivityManager: sync unfroze 19378 com.google.android.webview:webview_service for 6
02-19 21:58:57.857   752  2363 W IPCThreadState: Sending oneway calls to frozen process.
02-19 21:58:57.857   752  1095 D BackgroundInstallControlService: Package event received: 0
02-19 21:58:57.867  5582  5582 D ApplicationLoaders: Returning zygote-cached class loader: /system_ext/framework/androidx.window.extensions.jar
02-19 21:58:57.870  5582  5582 I ocessService1:0: AssetManager2(0x7d8fac42ba18) locale list changing from [] to [en-US]
02-19 21:58:57.872   752  2363 W ProcessStats: Tracking association SourceState{124a4c4 viva.republica.toss.test/10217 BTop #27904} whose proc state 2 is better than process ProcessState{753bac8 com.google.android.webview:webview_service/10168 pkg=com.google.android.webview} proc state 15 (5 skipped)
02-19 21:58:57.880  5582  5582 I LoadedApk: No resource references to update in package com.google.android.trichromelibrary
02-19 21:58:57.883  5582  5582 I cr_WebViewApkApp: version=133.0.6943.137 (694313738) minSdkVersion=29 isBundle=false processName=com.google.android.webview:sandboxed_process1:org.chromium.content.app.SandboxedProcessService1:0
02-19 21:58:57.889   752  1095 D BackgroundInstallControlService: Package event received: 0
02-19 21:58:57.905  5582  5582 I cr_ChildProcessService: Creating new ChildProcessService pid=5582
02-19 21:58:57.940  5531  5608 D nativeloader: Load /data/app/~~NUQj-rdXzuicW-16SIRtKA==/viva.republica.toss.test-Si406wFvb_sqEA2GTBV6RQ==/lib/x86_64/libbugsnag-root-detection.so using class loader ns clns-9 (caller=/data/app/~~NUQj-rdXzuicW-16SIRtKA==/viva.republica.toss.test-Si406wFvb_sqEA2GTBV6RQ==/base.apk): ok
02-19 21:58:57.969   752   779 D FileUtils: Rounded bytes from 2067259392 to 4000000000
02-19 21:58:58.131  5531  5604 D nativeloader: Load /data/app/~~NUQj-rdXzuicW-16SIRtKA==/viva.republica.toss.test-Si406wFvb_sqEA2GTBV6RQ==/lib/x86_64/libbugsnag-ndk.so using class loader ns clns-9 (caller=<unknown>): ok
02-19 21:58:58.160   752   779 D FileUtils: Rounded bytes from 2067259392 to 4000000000
02-19 21:58:58.161  5531  5531 W BugsnagNDK: Initialization complete!
02-19 21:58:58.179  5531  5604 D nativeloader: Load /data/app/~~NUQj-rdXzuicW-16SIRtKA==/viva.republica.toss.test-Si406wFvb_sqEA2GTBV6RQ==/lib/x86_64/libbugsnag-plugin-android-anr.so using class loader ns clns-9 (caller=<unknown>): ok
02-19 21:58:58.225   752   779 D ConnectivityService: requestNetwork for uid/pid:10217/5531 activeRequest: null callbackRequest: 1099 [NetworkRequest [ REQUEST id=1100, [ Capabilities: INTERNET&NOT_RESTRICTED&TRUSTED&NOT_VCN_MANAGED&NOT_BANDWIDTH_CONSTRAINED Uid: 10217 RequestorUid: 10217 RequestorPkg: viva.republica.toss.test UnderlyingNetworks: Null] ]] callback flags: 0 order: 2147483647 isUidTracked: false declaredMethods: AVAIL|UNAVAIL
02-19 21:58:58.229  5531  5531 W System.err: SLF4J: No SLF4J providers were found.
02-19 21:58:58.229  5531  5531 W System.err: SLF4J: Defaulting to no-operation (NOP) logger implementation
02-19 21:58:58.230  5531  5531 W System.err: SLF4J: See https://www.slf4j.org/codes.html#noProviders for further details.
02-19 21:58:58.230   752  1023 D OemPaidWifiNetworkFactory: got request NetworkRequest [ REQUEST id=1100, [ Capabilities: INTERNET&NOT_RESTRICTED&TRUSTED&NOT_VCN_MANAGED&NOT_BANDWIDTH_CONSTRAINED Uid: 10217 RequestorUid: 10217 RequestorPkg: viva.republica.toss.test UnderlyingNetworks: Null] ]
02-19 21:58:58.230   752  1023 D MultiInternetWifiNetworkFactory: got request NetworkRequest [ REQUEST id=1100, [ Capabilities: INTERNET&NOT_RESTRICTED&TRUSTED&NOT_VCN_MANAGED&NOT_BANDWIDTH_CONSTRAINED Uid: 10217 RequestorUid: 10217 RequestorPkg: viva.republica.toss.test UnderlyingNetworks: Null] ]
02-19 21:58:58.230   752  1023 D WifiNetworkFactory: got request NetworkRequest [ REQUEST id=1100, [ Capabilities: INTERNET&NOT_RESTRICTED&TRUSTED&NOT_VCN_MANAGED&NOT_BANDWIDTH_CONSTRAINED Uid: 10217 RequestorUid: 10217 RequestorPkg: viva.republica.toss.test UnderlyingNetworks: Null] ]
02-19 21:58:58.231   752  1029 D ConnectivityService: NetReassign [1100 : null  108] [c 0] [a 2] [i 2]
02-19 21:58:58.231   752  1023 D UntrustedWifiNetworkFactory: got request NetworkRequest [ REQUEST id=1100, [ Capabilities: INTERNET&NOT_RESTRICTED&TRUSTED&NOT_VCN_MANAGED&NOT_BANDWIDTH_CONSTRAINED Uid: 10217 RequestorUid: 10217 RequestorPkg: viva.republica.toss.test UnderlyingNetworks: Null] ]
02-19 21:58:58.278   752   779 W OptProp : Cannot read opt property android.window.PROPERTY_COMPAT_ENABLE_FAKE_FOCUS
02-19 21:58:58.278   752   779 D CompatChangeReporter: Compat change id reported: 324203798; UID 10217; state: ENABLED
02-19 21:58:58.290  5531  5531 I Choreographer: Skipped 745 frames!  The application may be doing too much work on its main thread.
02-19 21:58:58.299  5531  5531 I blica.toss.test: AssetManager2(0x7d8fac42fed8) locale list changing from [] to [en-US]
02-19 21:58:58.317  5531  5531 I blica.toss.test: AssetManager2(0x7d8fac42d318) locale list changing from [] to [en-US]
02-19 21:58:58.333  5531  5623 I CameraManagerGlobal: Connecting to camera service
02-19 21:58:58.335   752  1095 D BackgroundInstallControlService: Package event received: 0
02-19 21:58:58.336   752  1095 D BackgroundInstallControlService: Package event received: 0
02-19 21:58:58.398   615   715 I AttributionAndPermissionUtils: checkPermission (forDataDelivery 0 startDataDelivery 0): Permission hard denied for client attribution [uid 10217, pid 5531, packageName "<unknown>"]
02-19 21:58:58.453  5531  5624 I EGL_emulation: Opening libGLESv1_CM_emulation.so
02-19 21:58:58.467  5531  5624 I EGL_emulation: Opening libGLESv2_emulation.so
02-19 21:58:58.480  5531  5536 I blica.toss.test: Background concurrent mark compact GC freed 6136KB AllocSpace bytes, 40(1100KB) LOS objects, 49% free, 11MB/22MB, paused 2.559ms,4.215ms total 210.549ms
02-19 21:58:58.481  5531  5624 W HWUI    : Failed to choose config with EGL_SWAP_BEHAVIOR_PRESERVED, retrying without...
02-19 21:58:58.482  5531  5624 W HWUI    : Failed to initialize 101010-2 format, error = EGL_SUCCESS
02-19 21:58:58.522  5531  5531 I blica.toss.test: AssetManager2(0x7d8fac426f18) locale list changing from [] to [en-US]
02-19 21:58:58.525  5531  5531 D CompatChangeReporter: Compat change id reported: 309578419; UID 10217; state: ENABLED
02-19 21:58:58.567  3453  8460 W gle.android.gms: Suspending all threads took: 49.091ms
02-19 21:58:58.605  5531  5531 D CompatChangeReporter: Compat change id reported: 352594277; UID 10217; state: ENABLED
02-19 21:58:58.617  5531  5531 D CompatChangeReporter: Compat change id reported: 349153669; UID 10217; state: ENABLED
02-19 21:58:58.631  5531  5531 W HWUI    : Unknown dataspace 0
02-19 21:58:58.673  3453  8460 I gle.android.gms: Explicit concurrent mark compact GC freed 1200KB AllocSpace bytes, 3(352KB) LOS objects, 24% free, 9347KB/12MB, paused 54.743ms,3.966ms total 891.076ms
02-19 21:58:58.721 19301 19301 D BoundBrokerSvc: onRebind: Intent { act=com.google.android.gms.common.telemetry.service.START dat=chimera-action:/... xflg=0x4 cmp=com.google.android.gms/.chimera.PersistentApiService }
02-19 21:58:59.058   752   779 D CoreBackPreview: Window{21eb595 u0 viva.republica.toss.test/im.toss.rn.granite.core.GraniteActivity}: Setting back callback OnBackInvokedCallbackInfo{mCallback=android.window.IOnBackInvokedCallback$Stub$Proxy@bc2c376, mPriority=0, mIsAnimationCallback=false, mOverrideBehavior=0}
02-19 21:58:59.063  5531  5531 W unknown:ReactRootView: Unable to update root layout specs for uninitialized ReactInstanceManager
02-19 21:58:59.154  5531  5531 V SoLoader: Init System Loader delegate
02-19 21:58:59.174   752   794 I ActivityTaskManager: Displayed viva.republica.toss.test/im.toss.rn.granite.core.GraniteActivity for user 0: +14s565ms
02-19 21:58:59.305  5531  5531 I Choreographer: Skipped 32 frames!  The application may be doing too much work on its main thread.
02-19 21:58:59.312  5531  5652 W unknown:InspectorPackagerConnection: Couldn't connect to packager, will silently retry
02-19 21:58:59.321  5531  5653 W unknown:ReconnectingWebSocket: Couldn't connect to "ws://10.0.2.2:8081/message?device=sdk_gphone64_x86_64%20-%2016%20-%20API%2036&app=viva.republica.toss.test&clientid=BridgeDevSupportManager", will silently retry
02-19 21:58:59.330   752   989 I ImeTracker: viva.republica.toss.test:f20af44d: onRequestHide at ORIGIN_SERVER reason HIDE_UNSPECIFIED_WINDOW fromUser false
02-19 21:58:59.342 19301 19315 I FontLog : (REDACTED) Received query %s, URI %s
02-19 21:58:59.345 19301 19315 I FontLog : (REDACTED) Query [%s] resolved to %s
02-19 21:58:59.355  5531  5531 D InsetsController: hide(ime(), fromIme=false)
02-19 21:58:59.356  5531  5531 I ImeTracker: viva.republica.toss.test:f20af44d: onCancelled at PHASE_CLIENT_ALREADY_HIDDEN
02-19 21:58:59.357 19301 19315 I FontLog : (REDACTED) Fetch %s end status %s
02-19 21:58:59.369 19301 19315 I FontLog : (REDACTED) Pulling font file for id = %d, cache size = %d
02-19 21:58:59.371 20022 20022 I GoogleInputMethodService: GoogleInputMethodService.onFinishInput():2043 
02-19 21:58:59.381 20022 20022 I Module  : DeviceLockedStatusModuleProvider$Module.updateDeviceLockedStatus():100 repeatCheckTimes = 0, locked = false
02-19 21:58:59.385   752   779 I ImeTracker: system_server:35b3aa40: onRequestHide at ORIGIN_SERVER reason IME_REQUESTED_CHANGED_LISTENER fromUser false
02-19 21:58:59.389 19166 19166 D BaseDepthController: setSurface:
02-19 21:58:59.389 19166 19166 D BaseDepthController: 	mWaitingOnSurfaceValidity: false
02-19 21:58:59.389 19166 19166 D BaseDepthController: 	mBaseSurface: null
02-19 21:58:59.390 19166 19166 D BaseDepthController: mSurface is null and mCurrentBlur is: 0
02-19 21:58:59.392 19166 19166 D StateManager: goToState - fromState: Normal, toState: Normal, partial trace:
02-19 21:58:59.392 19166 19166 D StateManager: 	at com.android.launcher3.statemanager.StateManager.moveToRestState(go/retraceme 72a59688580715d19f0e415c69e80376c2f062d1648c80db6730905005a27c20:4)
02-19 21:58:59.392 19166 19166 D StateManager: 	at com.android.launcher3.statemanager.StateManager.moveToRestState(go/retraceme 72a59688580715d19f0e415c69e80376c2f062d1648c80db6730905005a27c20:1)
02-19 21:58:59.392 19166 19166 D StateManager: 	at com.android.launcher3.statemanager.StatefulActivity.onStop(go/retraceme 72a59688580715d19f0e415c69e80376c2f062d1648c80db6730905005a27c20:34)
02-19 21:58:59.392 19166 19166 D StatsLog: LAUNCHER_ONSTOP
02-19 21:58:59.396 19301 19315 I FontLog : (REDACTED) Pulling font file for id = %d, cache size = %d
02-19 21:58:59.412 20022 20022 I GoogleInputMethodService: GoogleInputMethodService.onStartInput():1293 onStartInput(EditorInfo{EditorInfo{packageName=viva.republica.toss.test, inputType=0, inputTypeString=NULL, enableLearning=false, autoCorrection=false, autoComplete=false, imeOptions=0, privateImeOptions=null, actionName=UNSPECIFIED, actionLabel=null, initialSelStart=-1, initialSelEnd=-1, initialCapsMode=0, label=null, fieldId=0, fieldName=null, extras=null, hintText=null, hintLocales=[]}}, false)
02-19 21:58:59.416 20022 20022 I EmojiCompatManager: EmojiCompatManager.getEmojiCompatIfLoaded():343 EmojiCompat.init() was never called.
02-19 21:58:59.416 20022 20022 I EmojiCompatManager: java.lang.IllegalStateException: EmojiCompat is not initialized. Please call EmojiCompat.init() first
02-19 21:58:59.416 20022 20022 I EmojiCompatManager: 	at asx.p(PG:6)
02-19 21:58:59.416 20022 20022 I EmojiCompatManager: 	at axb.b(PG:13)
02-19 21:58:59.416 20022 20022 I EmojiCompatManager: 	at jnr.b(PG:2)
02-19 21:58:59.416 20022 20022 I EmojiCompatManager: 	at jnr.c(PG:4)
02-19 21:58:59.416 20022 20022 I EmojiCompatManager: 	at jnr.f(PG:3)
02-19 21:58:59.416 20022 20022 I EmojiCompatManager: 	at jnx.c(PG:3)
02-19 21:58:59.416 20022 20022 I EmojiCompatManager: 	at kif.cz(PG:47)
02-19 21:58:59.416 20022 20022 I EmojiCompatManager: 	at lhl.run(PG:1025)
02-19 21:58:59.416 20022 20022 I EmojiCompatManager: 	at jaf.execute(PG:12)
02-19 21:58:59.416 20022 20022 I EmojiCompatManager: 	at nco.v(PG:13)
02-19 21:58:59.416 20022 20022 I EmojiCompatManager: 	at lhn.m(PG:96)
02-19 21:58:59.416 20022 20022 I EmojiCompatManager: 	at lhn.k(PG:25)
02-19 21:58:59.416 20022 20022 I EmojiCompatManager: 	at kgn.onStartInput(PG:250)
02-19 21:58:59.416 20022 20022 I EmojiCompatManager: 	at android.inputmethodservice.InputMethodService.doStartInput(InputMethodService.java:3521)
02-19 21:58:59.416 20022 20022 I EmojiCompatManager: 	at android.inputmethodservice.InputMethodService$InputMethodImpl.startInput(InputMethodService.java:879)
02-19 21:58:59.416 20022 20022 I EmojiCompatManager: 	at android.inputmethodservice.InputMethodService$InputMethodImpl.dispatchStartInput(InputMethodService.java:908)
02-19 21:58:59.416 20022 20022 I EmojiCompatManager: 	at android.inputmethodservice.IInputMethodWrapper.executeMessage(IInputMethodWrapper.java:201)
02-19 21:58:59.416 20022 20022 I EmojiCompatManager: 	at com.android.internal.os.HandlerCaller$MyHandler.handleMessage(HandlerCaller.java:44)
02-19 21:58:59.416 20022 20022 I EmojiCompatManager: 	at android.os.Handler.dispatchMessage(Handler.java:110)
02-19 21:58:59.416 20022 20022 I EmojiCompatManager: 	at android.os.Looper.loopOnce(Looper.java:248)
02-19 21:58:59.416 20022 20022 I EmojiCompatManager: 	at android.os.Looper.loop(Looper.java:338)
02-19 21:58:59.416 20022 20022 I EmojiCompatManager: 	at android.app.ActivityThread.main(ActivityThread.java:9067)
02-19 21:58:59.416 20022 20022 I EmojiCompatManager: 	at java.lang.reflect.Method.invoke(Native Method)
02-19 21:58:59.416 20022 20022 I EmojiCompatManager: 	at com.android.internal.os.RuntimeInit$MethodAndArgsCaller.run(RuntimeInit.java:593)
02-19 21:58:59.416 20022 20022 I EmojiCompatManager: 	at com.android.internal.os.ZygoteInit.main(ZygoteInit.java:932)
02-19 21:58:59.417 20022 20022 I Module  : DeviceLockedStatusModuleProvider$Module.updateDeviceLockedStatus():100 repeatCheckTimes = 1, locked = false
02-19 21:58:59.418 19166 19166 D StatsLog: LAUNCHER_GOOGLE_SEARCH_RESTORE_LIST_SIZE_AFTER_ACTIVITY_RESTART
02-19 21:58:59.441   752   797 W IPCThreadState: Sending oneway calls to frozen process.
02-19 21:58:59.441   752   797 W IPCThreadState: Sending oneway calls to frozen process.
02-19 21:58:59.442   752   797 W IPCThreadState: Sending oneway calls to frozen process.
02-19 21:58:59.442   752   797 W IPCThreadState: Sending oneway calls to frozen process.
02-19 21:58:59.443   752   797 W IPCThreadState: Sending oneway calls to frozen process.
02-19 21:58:59.444   752   797 W IPCThreadState: Sending oneway calls to frozen process.
02-19 21:58:59.445   752   797 W IPCThreadState: Sending oneway calls to frozen process.
02-19 21:58:59.446   752   797 W IPCThreadState: Sending oneway calls to frozen process.
02-19 21:58:59.450   752   797 W IPCThreadState: Sending oneway calls to frozen process.
02-19 21:58:59.450   752   797 W IPCThreadState: Sending oneway calls to frozen process.
02-19 21:58:59.451   752   797 W IPCThreadState: Sending oneway calls to frozen process.
02-19 21:58:59.468   752   797 W IPCThreadState: Sending oneway calls to frozen process.
02-19 21:58:59.468   752   797 W IPCThreadState: Sending oneway calls to frozen process.
02-19 21:58:59.469   752   797 W IPCThreadState: Sending oneway calls to frozen process.
02-19 21:58:59.475   752   797 I ImeTracker: system_server:35b3aa40: onCancelled at PHASE_SERVER_SHOULD_HIDE
02-19 21:58:59.487   752   779 W PackageConfigPersister: App-specific configuration not found for packageName: viva.republica.toss.test and userId: 0
02-19 21:58:59.487 20022 20022 W NotificationCenter: NotificationCenter$NotificationQueue.notifyPendingNotificationsOnExecutor():877 Heavy notify work detected on UI thread: [kig->jjs] takes 70ms
02-19 21:58:59.503   752  1095 D BackgroundInstallControlService: Package event received: 0
02-19 21:58:59.531  5531  5531 E unknown:ReactRootView: Unhandled SoftException
02-19 21:58:59.531  5531  5531 E unknown:ReactRootView: com.facebook.react.uimanager.IllegalViewOperationException: Trying to attach a ReactRootView with an explicit id already set to [2131362676]. React Native uses the id field to track react tags and will overwrite this field. If that is fine, explicitly overwrite the id field to View.NO_ID.
02-19 21:58:59.531  5531  5531 E unknown:ReactRootView: 	at com.facebook.react.ReactRootView.attachToReactInstanceManager(:799)
02-19 21:58:59.531  5531  5531 E unknown:ReactRootView: 	at com.facebook.react.ReactRootView.startReactApplication(:509)
02-19 21:58:59.531  5531  5531 E unknown:ReactRootView: 	at com.facebook.react.ReactRootView.startReactApplication(:469)
02-19 21:58:59.531  5531  5531 E unknown:ReactRootView: 	at im.toss.rn.granite.core.GraniteActivity.write(:486)
02-19 21:58:59.531  5531  5531 E unknown:ReactRootView: 	at im.toss.rn.granite.core.GraniteActivity.RemoteActionCompatParcelizer(:124)
02-19 21:58:59.531  5531  5531 E unknown:ReactRootView: 	at im.toss.rn.granite.core.GraniteActivity$RemoteActionCompatParcelizer.IconCompatParcelizer(:65353)
02-19 21:58:59.531  5531  5531 E unknown:ReactRootView: 	at o.sh.a_(:33)
02-19 21:58:59.531  5531  5531 E unknown:ReactRootView: 	at o.xP.run(:100)
02-19 21:58:59.531  5531  5531 E unknown:ReactRootView: 	at android.os.Handler.handleCallback(Handler.java:995)
02-19 21:58:59.531  5531  5531 E unknown:ReactRootView: 	at android.os.Handler.dispatchMessage(Handler.java:103)
02-19 21:58:59.531  5531  5531 E unknown:ReactRootView: 	at android.os.Looper.loopOnce(Looper.java:248)
02-19 21:58:59.531  5531  5531 E unknown:ReactRootView: 	at android.os.Looper.loop(Looper.java:338)
02-19 21:58:59.531  5531  5531 E unknown:ReactRootView: 	at android.app.ActivityThread.main(ActivityThread.java:9067)
02-19 21:58:59.531  5531  5531 E unknown:ReactRootView: 	at java.lang.reflect.Method.invoke(Native Method)
02-19 21:58:59.531  5531  5531 E unknown:ReactRootView: 	at com.android.internal.os.RuntimeInit$MethodAndArgsCaller.run(RuntimeInit.java:593)
02-19 21:58:59.531  5531  5531 E unknown:ReactRootView: 	at com.android.internal.os.ZygoteInit.main(ZygoteInit.java:932)
02-19 21:58:59.614  5531  5531 D CompatChangeReporter: Compat change id reported: 270674727; UID 10217; state: ENABLED
02-19 21:58:59.616  4449  4474 W WindowOnBackDispatcher: sendCancelIfRunning: isInProgress=false callback=android.view.ViewRootImpl$$ExternalSyntheticLambda13@fce551e
02-19 21:58:59.643   752   780 D CoreBackPreview: Window{98a045d u0 Splash Screen viva.republica.toss.test EXITING}: Setting back callback null
02-19 21:58:59.649   615 21625 W IPCThreadState: Sending oneway calls to frozen process.
02-19 21:58:59.656  5531  5531 D CompatChangeReporter: Compat change id reported: 63938206; UID 10217; state: ENABLED
02-19 21:58:59.671   752   780 D CoreBackPreview: Window{39aa275 u0 PopupWindow:ff263e5}: Setting back callback OnBackInvokedCallbackInfo{mCallback=android.window.IOnBackInvokedCallback$Stub$Proxy@c0d1a7b, mPriority=0, mIsAnimationCallback=false, mOverrideBehavior=0}
02-19 21:58:59.676 19166 19172 W System  : A resource failed to call release. 
02-19 21:58:59.677 19166 19172 W System  : A resource failed to call release. 
02-19 21:58:59.677 19166 19172 W System  : A resource failed to call release. 
02-19 21:58:59.677 19166 19172 W System  : A resource failed to call release. 
02-19 21:58:59.677 19166 19172 W System  : A resource failed to call release. 
02-19 21:58:59.677 19166 19172 W System  : A resource failed to call release. 
02-19 21:59:01.680  5662  5662 W dumpsys : Thread Pool max thread count is 0. Cannot cache binder as linkToDeath cannot be implemented. serviceName: window
02-19 21:59:01.686   752  2363 I system_server: AssetManager2(0x7d8fac497a38) locale list changing from [] to [en-US]
02-19 21:59:01.689   752  2363 I system_server: AssetManager2(0x7d8fac4aa638) locale list changing from [] to [en-US]
02-19 21:59:01.691   752  2363 I system_server: AssetManager2(0x7d8fac4abf38) locale list changing from [] to [en-US]
02-19 21:59:01.693   752  2363 I system_server: AssetManager2(0x7d8fac482bd8) locale list changing from [] to [en-US]
02-19 21:59:01.698   752  2363 I system_server: AssetManager2(0x7d8fac4ce218) locale list changing from [] to [en-US]
02-19 21:59:01.710   752  2363 I system_server: AssetManager2(0x7d8fac48d178) locale list changing from [] to [en-US]
02-19 21:59:02.541  5667  5667 W screencap: Thread Pool max thread count is 0. Cannot cache binder as linkToDeath cannot be implemented. serviceName: SurfaceFlingerAIDL
02-19 21:59:02.548  5667  5667 W BpBinder: Linking to death on android.gui.ISurfaceComposer but there are no threads (yet?) listening to incoming transactions. See ProcessState::startThreadPool and ProcessState::setThreadPoolMaxThreadCount. Generally you should setup the binder threadpool before other initialization steps.
02-19 21:59:02.549  5667  5667 W ProcessState: Extra binder thread started, but 0 threads requested. Do not use *startThreadPool when zero threads are requested.
02-19 21:59:02.573   531   602 E HwcComposer: getLuts failed Status(-8, EX_SERVICE_SPECIFIC): '8: '
02-19 21:59:02.573   531   602 E HWComposer: getLuts: getLuts failed for display 4619827259835644672: UNSUPPORTED (8)
