02-19 13:45:40.641  1563  1563 I EmojiCompatManager: 	at android.os.Looper.loop(Looper.java:338)
02-19 13:45:40.641  1563  1563 I EmojiCompatManager: 	at android.app.ActivityThread.main(ActivityThread.java:9067)
02-19 13:45:40.641  1563  1563 I EmojiCompatManager: 	at java.lang.reflect.Method.invoke(Native Method)
02-19 13:45:40.641  1563  1563 I EmojiCompatManager: 	at com.android.internal.os.RuntimeInit$MethodAndArgsCaller.run(RuntimeInit.java:593)
02-19 13:45:40.641  1563  1563 I EmojiCompatManager: 	at com.android.internal.os.ZygoteInit.main(ZygoteInit.java:932)
02-19 13:45:40.641  1563  1563 W NotificationCenter: NotificationCenter$NotificationQueue.notifyPendingNotificationsOnExecutor():877 Heavy notify work detected on UI thread: [kig->khg, kig->khc, kig->ilu, kig->ilu, kig->ilu, kig->ilu, kig->ilu, kig->ilu, kig->gkl, kig->ilu, kig->ilu, kig->fef, kig->fro, kig->lux, kig->ilu, kig->imt, kig->ilu, kig->ilu, kig->ijm, kig->ilu, kig->ilu, kig->fcb, kig->jnx] takes 29ms
02-19 13:45:40.641   752  1981 W PackageConfigPersister: App-specific configuration not found for packageName: com.google.android.apps.nexuslauncher and userId: 0
02-19 13:45:40.665   617   617 D InsetsController: hide(ime(), fromIme=false)
02-19 13:45:40.665   617   617 I ImeTracker: com.google.android.apps.nexuslauncher:e85c8c68: onCancelled at PHASE_CLIENT_ALREADY_HIDDEN
02-19 13:45:40.670  1971  2198 I AiAiEcho: Predicting[0]:  [CONTEXT sampling_count=5 ]
02-19 13:45:40.671  1971  2198 I AiAiEcho: EchoTargets: 
02-19 13:45:40.671  1971  2198 I AiAiEcho: Filtered by AiAi flag check: 
02-19 13:45:40.671  1971  2198 I AiAiEcho: [CONTEXT ratelimit_period="10 SECONDS" ]
02-19 13:45:40.674  1971  2198 I AiAiEcho: #remoteViewsTwiddler: feature disabled.
02-19 13:45:40.675  1971  2198 I AiAiEcho: #postPredictionTargets: Sending updates to UISurface home with targets# 0 (types=[])
02-19 13:45:40.722   617   617 D SsBaseTemplateCard: No text view can be set up
02-19 13:45:40.738   617   617 D SsBaseTemplateCard: Passed-in item info is null
02-19 13:45:40.738   617   617 D SsBaseTemplateCard: Passed-in item info is null
02-19 13:45:40.738   617   617 D SsBaseTemplateCard: Passed-in item info is null
02-19 13:45:40.738   617   617 I SsBaseTemplateCard: Secondary card pane is null
02-19 13:45:40.836   752  1095 D BackgroundInstallControlService: Package event received: 0
02-19 13:45:40.912  4153  4199 I dyzc    : (REDACTED) Failed to find any valid flight records for process id %d
02-19 13:45:41.027  4153  4158 W earchbox:search: Missing inline cache for void fsvi.m(java.lang.Object, fsva)
02-19 13:45:41.078  4153  4164 V ClearcutMetricXmitter: Transmission is done.
02-19 13:45:41.081  4153  4164 V ClearcutMetricXmitter: Transmission is done.
02-19 13:45:41.373  4265  4265 W dumpsys : Thread Pool max thread count is 0. Cannot cache binder as linkToDeath cannot be implemented. serviceName: window
02-19 13:45:41.638   752  2419 W ActivityTaskManager: callingPackage for (uid=2000, pid=4270) has no WPC
02-19 13:45:41.640   752  2419 V GrammaticalInflectionUtils: AttributionSource: android.content.AttributionSource@56784557 does not have READ_SYSTEM_GRAMMATICAL_GENDER permission.
02-19 13:45:41.641   752  2419 W OptProp : Cannot read opt property android.window.PROPERTY_COMPAT_ALLOW_USER_ASPECT_RATIO_OVERRIDE
02-19 13:45:41.641   752  2419 W OptProp : Cannot read opt property android.window.PROPERTY_COMPAT_ALLOW_USER_ASPECT_RATIO_FULLSCREEN_OVERRIDE
02-19 13:45:41.641   752  2419 W OptProp : Cannot read opt property android.window.PROPERTY_COMPAT_ALLOW_RESIZEABLE_ACTIVITY_OVERRIDES
02-19 13:45:41.641   752  2419 W OptProp : Cannot read opt property android.window.PROPERTY_COMPAT_ALLOW_MIN_ASPECT_RATIO_OVERRIDE
02-19 13:45:41.645   531   549 I BpBinder: onLastStrongRef automatically unlinking death recipients: 
02-19 13:45:41.645   752  2419 W OptProp : Cannot read opt property android.window.PROPERTY_COMPAT_ALLOW_ORIENTATION_OVERRIDE
02-19 13:45:41.654   752  2419 I ActivityTaskManager: START u0 {act=android.intent.action.VIEW dat=intoss://takealook/... flg=0x10000000 xflg=0x4 cmp=viva.republica.toss.test/im.toss.rn.granite.core.GraniteActivity} with LAUNCH_MULTIPLE from uid 2000 (BAL_ALLOW_PERMISSION) result code=0
02-19 13:45:41.655  4449  4467 V WindowManagerShell: Transition requested (#434): android.os.BinderProxy@9ad1c78 TransitionRequestInfo { type = OPEN, triggerTask = TaskInfo{userId=0 taskId=56 effectiveUid=10217 displayId=0 isRunning=true baseIntent=Intent { act=android.intent.action.VIEW dat=intoss://takealook/... flg=0x10000000 pkg=viva.republica.toss.test cmp=viva.republica.toss.test/.MiniAppSchemeActivity } baseActivity=ComponentInfo{viva.republica.toss.test/im.toss.rn.granite.core.GraniteActivity} topActivity=ComponentInfo{viva.republica.toss.test/im.toss.rn.granite.core.GraniteActivity} origActivity=null realActivity=ComponentInfo{viva.republica.toss.test/viva.republica.toss.test.MiniAppSchemeActivity} numActivities=14 lastActiveTime=87814281 supportsMultiWindow=true resizeMode=1 isResizeable=true minWidth=-1 minHeight=-1 defaultMinSize=220 token=WCT{android.window.IWindowContainerToken$Stub$Proxy@a31df51} topActivityType=1 pictureInPictureParams=null shouldDockBigOverlays=false launchIntoPipHostTaskId=-1 lastParentTaskIdBeforePip=-1 displayCutoutSafeInsets=Rect(0, 0 - 0, 0) topActivityInfo=ActivityInfo{2ecf3b6 im.toss.rn.granite.core.GraniteActivity} launchCookies=[] positionInParent=Point(0, 0) parentTaskId=-1 isFocused=false isVisible=false isVisibleRequested=false isTopActivityNoDisplay=false isSleeping=false locusId=null displayAreaFeatureId=1 isTopActivityTransparent=false isActivityStackTransparent=false lastNonFullscreenBounds=Rect(284, 660 - 796, 1740) capturedLink=null capturedLinkTimestamp=0 requestedVisibleTypes=-9 topActivityRequestOpenInBrowserEducationTimestamp=0 appCompatTaskInfo=AppCompatTaskInfo { topActivityInSizeCompat=false eligibleForLetterboxEducation= false isLetterboxEducationEnabled= true isLetterboxDoubleTapEnabled= false eligibleForUserAspectRatioButton= false topActivityBoundsLetterboxed= false isFromLetterboxDoubleTap= false topActivityLetterboxVerticalPosition= -1 topActivityLetterboxHorizontalPosition= -1 topActivityLetterboxWidth=-1 topActivityLetterboxHeight=-1 topActivityAppBounds=Rect(0, 0 - 1080, 2400) isUserFullscreenOverrideEnabled=false isSystemFullscreenOverrideEnabled=false hasMinAspectRatioOverride=false topActivityLetterboxBounds=null cameraCompatTaskInfo=CameraCompatTaskInfo { freeformCameraCompatMode=inactive}} topActivityMainWindowFrame=null}, pipChange = null, remoteTransition = null, displayChange = null, flags = 0, debugId = 434 }
02-19 13:45:41.655  4449  4467 D ShellSplitScreen: logExit: no-op, mLoggerSessionId is null
02-19 13:45:41.656   617   617 W SplitSelectStateCtor: Missing session instanceIds
02-19 13:45:41.656   617   617 D StatsLog: LAUNCHER_SPLIT_SELECTION_EXIT_INTERRUPTED
02-19 13:45:41.660   531   531 I BpBinder: onLastStrongRef automatically unlinking death recipients: 
02-19 13:45:41.663  4449  4467 D WindowManagerShell: setLauncherKeepClearAreaHeight: visible=false, height=527
02-19 13:45:41.666   752   935 W OptProp : Cannot read opt property android.window.PROPERTY_COMPAT_ENABLE_FAKE_FOCUS
02-19 13:45:41.674   752  1095 D BackgroundInstallControlService: Package event received: 0
02-19 13:45:41.690   752  1095 D BackgroundInstallControlService: Package event received: 0
02-19 13:45:41.690   752  1095 D BackgroundInstallControlService: Package event received: 0
02-19 13:45:41.690   752  1095 D BackgroundInstallControlService: Package event received: 0
02-19 13:45:41.690   752  1095 D BackgroundInstallControlService: Package event received: 0
02-19 13:45:41.690   752  1095 D BackgroundInstallControlService: Package event received: 0
02-19 13:45:41.694  3630  3630 I blica.toss.test: AssetManager2(0x7d8fac4f4378) locale list changing from [] to [en-US]
02-19 13:45:41.694   752  1095 D BackgroundInstallControlService: Package event received: 0
02-19 13:45:41.694   752  1095 D BackgroundInstallControlService: Package event received: 0
02-19 13:45:41.700   752  2500 D CoreBackPreview: Window{38b06c4 u0 Splash Screen viva.republica.toss.test}: Setting back callback OnBackInvokedCallbackInfo{mCallback=android.window.IOnBackInvokedCallback$Stub$Proxy@9fbc4e2, mPriority=0, mIsAnimationCallback=false, mOverrideBehavior=0}
02-19 13:45:41.766   752   794 V WindowManager: Sent Transition (#434) createdAt=02-19 13:45:41.642 via request=TransitionRequestInfo { type = OPEN, triggerTask = TaskInfo{userId=0 taskId=56 effectiveUid=10217 displayId=0 isRunning=true baseIntent=Intent { act=android.intent.action.VIEW dat=intoss://takealook/... flg=0x10000000 pkg=viva.republica.toss.test cmp=viva.republica.toss.test/.MiniAppSchemeActivity } baseActivity=ComponentInfo{viva.republica.toss.test/im.toss.rn.granite.core.GraniteActivity} topActivity=ComponentInfo{viva.republica.toss.test/im.toss.rn.granite.core.GraniteActivity} origActivity=null realActivity=ComponentInfo{viva.republica.toss.test/viva.republica.toss.test.MiniAppSchemeActivity} numActivities=14 lastActiveTime=87814281 supportsMultiWindow=true resizeMode=1 isResizeable=true minWidth=-1 minHeight=-1 defaultMinSize=220 token=WCT{RemoteToken{29715c6 Task{fa7be33 #56 type=standard A=10217:viva.republica.toss.test}}} topActivityType=1 pictureInPictureParams=null shouldDockBigOverlays=false launchIntoPipHostTaskId=-1 lastParentTaskIdBeforePip=-1 displayCutoutSafeInsets=Rect(0, 0 - 0, 0) topActivityInfo=ActivityInfo{b93cb30 im.toss.rn.granite.core.GraniteActivity} launchCookies=[] positionInParent=Point(0, 0) parentTaskId=-1 isFocused=false isVisible=false isVisibleRequested=false isTopActivityNoDisplay=false isSleeping=false locusId=null displayAreaFeatureId=1 isTopActivityTransparent=false isActivityStackTransparent=false lastNonFullscreenBounds=Rect(284, 660 - 796, 1740) capturedLink=null capturedLinkTimestamp=0 requestedVisibleTypes=-9 topActivityRequestOpenInBrowserEducationTimestamp=0 appCompatTaskInfo=AppCompatTaskInfo { topActivityInSizeCompat=false eligibleForLetterboxEducation= false isLetterboxEducationEnabled= true isLetterboxDoubleTapEnabled= false eligibleForUserAspectRatioButton= false topActivityBoundsLetterboxed= false isFromLetterboxDoubleTap= false topActivityLetterboxVerticalPosition= -1 topActivityLetterboxHorizontalPosition= -1 topActivityLetterboxWidth=-1 topActivityLetterboxHeight=-1 topActivityAppBounds=Rect(0, 0 - 1080, 2400) isUserFullscreenOverrideEnabled=false isSystemFullscreenOverrideEnabled=false hasMinAspectRatioOverride=false topActivityLetterboxBounds=null cameraCompatTaskInfo=CameraCompatTaskInfo { freeformCameraCompatMode=inactive}} topActivityMainWindowFrame=null}, pipChange = null, remoteTransition = null, displayChange = null, flags = 0, debugId = 434 }
02-19 13:45:41.767   752   794 V WindowManager:     startWCT=WindowContainerTransaction { changes= {} hops= [] errorCallbackToken=null taskFragmentOrganizer=null }
02-19 13:45:41.767   752   794 V WindowManager:     info={id=434 t=OPEN f=0x0 trk=0 r=[0@Point(0, 0)] c=[
02-19 13:45:41.767   752   794 V WindowManager:         {WCT{RemoteToken{29715c6 Task{fa7be33 #56 type=standard A=10217:viva.republica.toss.test}}} m=TO_FRONT f=MOVE_TO_TOP leash=Surface(name=Task=56)/@0xf76b753 sb=Rect(0, 0 - 1080, 2400) eb=Rect(0, 0 - 1080, 2400) epz=Point(1080, 2400) d=0 taskParent=-1},
02-19 13:45:41.767   752   794 V WindowManager:         {WCT{RemoteToken{5218fe8 Task{dd43522 #1 type=home}}} m=TO_BACK f=SHOW_WALLPAPER leash=Surface(name=Task=1)/@0x8ddbd2e sb=Rect(0, 0 - 1080, 2400) eb=Rect(0, 0 - 1080, 2400) epz=Point(1080, 2400) d=0 taskParent=-1},
02-19 13:45:41.767   752   794 V WindowManager:         {m=TO_BACK f=IS_WALLPAPER leash=Surface(name=WallpaperWindowToken{35e0c0f showWhenLocked=false})/@0x512f5be sb=Rect(0, 0 - 1080, 2400) eb=Rect(0, 0 - 1080, 2400) epz=Point(1080, 2400) d=0}
02-19 13:45:41.767   752   794 V WindowManager:     ]}
02-19 13:45:41.769  4449 30775 V WindowManagerShell: onTransitionReady(transaction=3229815419607)
02-19 13:45:41.770  4449  4467 V WindowManagerShell: onTransitionReady (#434) android.os.BinderProxy@9ad1c78: {id=434 t=OPEN f=0x0 trk=0 r=[0@Point(0, 0)] c=[
02-19 13:45:41.770  4449  4467 V WindowManagerShell:         {m=TO_FRONT f=MOVE_TO_TOP leash=Surface(name=Task=56)/@0xc3ab345 sb=Rect(0, 0 - 1080, 2400) eb=Rect(0, 0 - 1080, 2400) epz=Point(1080, 2400) d=0 taskParent=-1},
02-19 13:45:41.770  4449  4467 V WindowManagerShell:         {m=TO_BACK f=SHOW_WALLPAPER leash=Surface(name=Task=1)/@0x3fb8a9a sb=Rect(0, 0 - 1080, 2400) eb=Rect(0, 0 - 1080, 2400) epz=Point(1080, 2400) d=0 taskParent=-1},
02-19 13:45:41.770  4449  4467 V WindowManagerShell:         {m=TO_BACK f=IS_WALLPAPER leash=Surface(name=WallpaperWindowToken{35e0c0f showWhenLocked=false})/@0x3711fcb sb=Rect(0, 0 - 1080, 2400) eb=Rect(0, 0 - 1080, 2400) epz=Point(1080, 2400) d=0}
02-19 13:45:41.770  4449  4467 V WindowManagerShell:     ]}
02-19 13:45:41.771  4449  4467 V WindowManagerShell: Playing animation for (#434) android.os.BinderProxy@9ad1c78@0
02-19 13:45:41.771  4449  4467 V ShellRecents: RecentsTransitionHandler.startAnimation: no controller found
02-19 13:45:41.772  4449  4467 V WindowManagerShell: Transition doesn't have explicit remote, search filters for match for {id=434 t=OPEN f=0x0 trk=0 r=[0@Point(0, 0)] c=[{m=TO_FRONT f=MOVE_TO_TOP leash=Surface(name=Task=56)/@0xc3ab345 sb=Rect(0, 0 - 1080, 2400) eb=Rect(0, 0 - 1080, 2400) epz=Point(1080, 2400) d=0 taskParent=-1},{m=TO_BACK f=SHOW_WALLPAPER leash=Surface(name=Task=1)/@0x3fb8a9a sb=Rect(0, 0 - 1080, 2400) eb=Rect(0, 0 - 1080, 2400) epz=Point(1080, 2400) d=0 taskParent=-1},{m=TO_BACK f=IS_WALLPAPER leash=Surface(name=WallpaperWindowToken{35e0c0f showWhenLocked=false})/@0x3711fcb sb=Rect(0, 0 - 1080, 2400) eb=Rect(0, 0 - 1080, 2400) epz=Point(1080, 2400) d=0}]}
02-19 13:45:41.772  4449  4467 V WindowManagerShell:  Checking filter Pair{{types=[] flags=0x0] notFlags=0x0 checks=[{atype=undefined independent=true modes=[CLOSE,TO_BACK] flags=IN_TASK_WITH_EMBEDDED_ACTIVITY mustBeTask=false order=ANY topActivity=null launchCookie=null taskFragmentToken=android.os.BinderProxy@268473d windowingMode=undefined}]} RemoteTransition { remoteTransition = android.window.IRemoteTransition$Stub$Proxy@2491b32, appThread = android.app.IApplicationThread$Stub$Proxy@a160083, debugName = overlayBackTransition }}
02-19 13:45:41.772  4449  4467 V WindowManagerShell:  Checking filter Pair{{types=[] flags=0x0] notFlags=0x0 checks=[{atype=dream independent=true modes=[OPEN,TO_FRONT] flags=NONE mustBeTask=false order=ANY topActivity=null launchCookie=null windowingMode=undefined},{atype=home independent=true modes=[CLOSE,TO_BACK] flags=NONE mustBeTask=false order=ANY topActivity=null launchCookie=null windowingMode=undefined}]} RemoteTransition { remoteTransition = android.window.IRemoteTransition$Stub$Proxy@7d85200, appThread = android.app.IApplicationThread$Stub$Proxy@c171a39, debugName = LauncherToDream }}
02-19 13:45:41.779  4449  4467 V WindowManagerShell:  Checking filter Pair{{types=[] flags=0x0] notFlags=0x100 checks=[{atype=home independent=true modes=[OPEN,TO_FRONT] flags=NONE mustBeTask=false order=TOP topActivity=ComponentInfo{com.google.android.apps.nexuslauncher/com.google.android.apps.nexuslauncher.NexusLauncherActivity} launchCookie=null windowingMode=undefined},{atype=standard independent=true modes=[CLOSE,TO_BACK] flags=NONE mustBeTask=false order=ANY topActivity=null launchCookie=null windowingMode=undefined},{NOT atype=undefined independent=true modes=[] flags=NONE mustBeTask=true order=ANY topActivity=null launchCookie=null customAnim=true windowingMode=undefined}]} RemoteTransition { remoteTransition = android.window.IRemoteTransition$Stub$Proxy@e9b87e, appThread = android.app.IApplicationThread$Stub$Proxy@92e21df, debugName = QuickstepLaunchHome }}
02-19 13:45:41.779  4449  4467 V WindowManagerShell:  Checking filter Pair{{types=[] flags=0x0] notFlags=0x0 checks=[{atype=undefined independent=true modes=[CLOSE,TO_BACK] flags=IN_TASK_WITH_EMBEDDED_ACTIVITY mustBeTask=false order=ANY topActivity=null launchCookie=null taskFragmentToken=android.os.BinderProxy@268473d windowingMode=undefined}]} RemoteTransition { remoteTransition = android.window.IRemoteTransition$Stub$Proxy@2767ac7, appThread = android.app.IApplicationThread$Stub$Proxy@2c518f4, debugName = overlayBackTransition }}
02-19 13:45:41.779  4449  4467 V WindowManagerShell:  Checking filter Pair{{types=[] flags=0x0] notFlags=0x0 checks=[{atype=dream independent=true modes=[OPEN,TO_FRONT] flags=NONE mustBeTask=false order=ANY topActivity=null launchCookie=null windowingMode=undefined},{atype=home independent=true modes=[CLOSE,TO_BACK] flags=NONE mustBeTask=false order=ANY topActivity=null launchCookie=null windowingMode=undefined}]} RemoteTransition { remoteTransition = android.window.IRemoteTransition$Stub$Proxy@c3e281d, appThread = android.app.IApplicationThread$Stub$Proxy@a1e1a92, debugName = LauncherToDream }}
02-19 13:45:41.779  4449  4467 V WindowManagerShell:  Checking filter Pair{{types=[] flags=0x0] notFlags=0x100 checks=[{atype=home independent=true modes=[OPEN,TO_FRONT] flags=NONE mustBeTask=false order=TOP topActivity=ComponentInfo{com.google.android.apps.nexuslauncher/com.google.android.apps.nexuslauncher.NexusLauncherActivity} launchCookie=null windowingMode=undefined},{atype=standard independent=true modes=[CLOSE,TO_BACK] flags=NONE mustBeTask=false order=ANY topActivity=null launchCookie=null windowingMode=undefined},{NOT atype=undefined independent=true modes=[] flags=NONE mustBeTask=true order=ANY topActivity=null launchCookie=null customAnim=true windowingMode=undefined}]} RemoteTransition { remoteTransition = android.window.IRemoteTransition$Stub$Proxy@9d5fc63, appThread = android.app.IApplicationThread$Stub$Proxy@a94d060, debugName = QuickstepLaunchHome }}
02-19 13:45:41.779  4449  4467 V WindowManagerShell:  Delegate animation for (#434) to null
02-19 13:45:41.780  4449  4467 V WindowManagerShell: start default transition animation, info = {id=434 t=OPEN f=0x0 trk=0 r=[0@Point(0, 0)] c=[{m=TO_FRONT f=MOVE_TO_TOP leash=Surface(name=Task=56)/@0xc3ab345 sb=Rect(0, 0 - 1080, 2400) eb=Rect(0, 0 - 1080, 2400) epz=Point(1080, 2400) d=0 taskParent=-1},{m=TO_BACK f=SHOW_WALLPAPER leash=Surface(name=Task=1)/@0x3fb8a9a sb=Rect(0, 0 - 1080, 2400) eb=Rect(0, 0 - 1080, 2400) epz=Point(1080, 2400) d=0 taskParent=-1},{m=TO_BACK f=IS_WALLPAPER leash=Surface(name=WallpaperWindowToken{35e0c0f showWhenLocked=false})/@0x3711fcb sb=Rect(0, 0 - 1080, 2400) eb=Rect(0, 0 - 1080, 2400) epz=Point(1080, 2400) d=0}]}
02-19 13:45:41.780  4449  4467 V WindowManagerShell: loadAnimation: anim=android.view.animation.AnimationSet@ed83ec1 animAttr=0x13 type=OPEN isEntrance=false
02-19 13:45:41.780  4449  4467 V WindowManagerShell: loadAnimation: anim=android.view.animation.AnimationSet@f77b666 animAttr=0x12 type=OPEN isEntrance=true
02-19 13:45:41.783  4449  4467 V WindowManagerShell:  animated by com.android.wm.shell.transition.DefaultTransitionHandler@f74d823
02-19 13:45:41.829  3630  4136 W okhttp.OkHttpClient: A connection to http://localhost:8081/ was leaked. Did you forget to close a response body? To see where this was allocated, set the OkHttpClient logger level to FINE: Logger.getLogger(OkHttpClient.class.getName()).setLevel(Level.FINE);
02-19 13:45:42.084  4449  4467 V WindowManagerShell: Transition animation finished (aborted=false), notifying core (#434) android.os.BinderProxy@9ad1c78@0
02-19 13:45:42.092   752   794 V WindowManager: Finish Transition (#434): created at 02-19 13:45:41.642 collect-started=0.167ms request-sent=12.073ms started=15.178ms ready=42.921ms sent=120.822ms commit=37.977ms finished=445.548ms
02-19 13:45:42.100   617   617 D VRI[NexusLauncherActivity]: visibilityChanged oldVisibility=true newVisibility=false
02-19 13:45:42.104  4449  4467 V WindowManagerShell: Track 0 became idle
02-19 13:45:42.105  4449  4467 V WindowManagerShell: All active transition animations finished
02-19 13:45:42.119   617   617 D NexusLauncherModelDelegate: notifySmartspaceEvent: SmartspaceTargetEvent{mSmartspaceTarget=null, mSmartspaceActionId='null', mEventType=7}
02-19 13:45:42.344  3630  4281 W unknown:ReconnectingWebSocket: Couldn't connect to "ws://10.0.2.2:8081/message?device=sdk_gphone64_x86_64%20-%2016%20-%20API%2036&app=viva.republica.toss.test&clientid=BridgeDevSupportManager", will silently retry
02-19 13:45:42.345  3630  4283 W unknown:InspectorPackagerConnection: Couldn't connect to packager, will silently retry
02-19 13:45:42.361   752  1981 D CoreBackPreview: Window{154d2e u0 viva.republica.toss.test/im.toss.rn.granite.core.GraniteActivity}: Setting back callback OnBackInvokedCallbackInfo{mCallback=android.window.IOnBackInvokedCallback$Stub$Proxy@460eaeb, mPriority=0, mIsAnimationCallback=false, mOverrideBehavior=0}
02-19 13:45:42.361  3630  3630 W unknown:ReactRootView: Unable to update root layout specs for uninitialized ReactInstanceManager
02-19 13:45:42.504  3630  3630 E unknown:ReactRootView: Unhandled SoftException
02-19 13:45:42.504  3630  3630 E unknown:ReactRootView: com.facebook.react.uimanager.IllegalViewOperationException: Trying to attach a ReactRootView with an explicit id already set to [2131362676]. React Native uses the id field to track react tags and will overwrite this field. If that is fine, explicitly overwrite the id field to View.NO_ID.
02-19 13:45:42.504  3630  3630 E unknown:ReactRootView: 	at com.facebook.react.ReactRootView.attachToReactInstanceManager(:799)
02-19 13:45:42.504  3630  3630 E unknown:ReactRootView: 	at com.facebook.react.ReactRootView.startReactApplication(:509)
02-19 13:45:42.504  3630  3630 E unknown:ReactRootView: 	at com.facebook.react.ReactRootView.startReactApplication(:469)
02-19 13:45:42.504  3630  3630 E unknown:ReactRootView: 	at im.toss.rn.granite.core.GraniteActivity.write(:486)
02-19 13:45:42.504  3630  3630 E unknown:ReactRootView: 	at im.toss.rn.granite.core.GraniteActivity.RemoteActionCompatParcelizer(:124)
02-19 13:45:42.504  3630  3630 E unknown:ReactRootView: 	at im.toss.rn.granite.core.GraniteActivity$RemoteActionCompatParcelizer.IconCompatParcelizer(:65353)
02-19 13:45:42.504  3630  3630 E unknown:ReactRootView: 	at o.sh.a_(:33)
02-19 13:45:42.504  3630  3630 E unknown:ReactRootView: 	at o.xP.run(:100)
02-19 13:45:42.504  3630  3630 E unknown:ReactRootView: 	at android.os.Handler.handleCallback(Handler.java:995)
02-19 13:45:42.504  3630  3630 E unknown:ReactRootView: 	at android.os.Handler.dispatchMessage(Handler.java:103)
02-19 13:45:42.504  3630  3630 E unknown:ReactRootView: 	at android.os.Looper.loopOnce(Looper.java:248)
02-19 13:45:42.504  3630  3630 E unknown:ReactRootView: 	at android.os.Looper.loop(Looper.java:338)
02-19 13:45:42.504  3630  3630 E unknown:ReactRootView: 	at android.app.ActivityThread.main(ActivityThread.java:9067)
02-19 13:45:42.504  3630  3630 E unknown:ReactRootView: 	at java.lang.reflect.Method.invoke(Native Method)
02-19 13:45:42.504  3630  3630 E unknown:ReactRootView: 	at com.android.internal.os.RuntimeInit$MethodAndArgsCaller.run(RuntimeInit.java:593)
02-19 13:45:42.504  3630  3630 E unknown:ReactRootView: 	at com.android.internal.os.ZygoteInit.main(ZygoteInit.java:932)
02-19 13:45:42.508   617   617 D BaseDepthController: setSurface:
02-19 13:45:42.508   617   617 D BaseDepthController: 	mWaitingOnSurfaceValidity: false
02-19 13:45:42.508   617   617 D BaseDepthController: 	mBaseSurface: null
02-19 13:45:42.508   617   617 D BaseDepthController: mSurface is null and mCurrentBlur is: 0
02-19 13:45:42.520   752   794 I ActivityTaskManager: Displayed viva.republica.toss.test/im.toss.rn.granite.core.GraniteActivity for user 0: +841ms
02-19 13:45:42.526   617   617 D StateManager: goToState - fromState: Normal, toState: Normal, partial trace:
02-19 13:45:42.526   617   617 D StateManager: 	at com.android.launcher3.statemanager.StateManager.moveToRestState(go/retraceme 72a59688580715d19f0e415c69e80376c2f062d1648c80db6730905005a27c20:4)
02-19 13:45:42.526   617   617 D StateManager: 	at com.android.launcher3.statemanager.StateManager.moveToRestState(go/retraceme 72a59688580715d19f0e415c69e80376c2f062d1648c80db6730905005a27c20:1)
02-19 13:45:42.526   617   617 D StateManager: 	at com.android.launcher3.statemanager.StatefulActivity.onStop(go/retraceme 72a59688580715d19f0e415c69e80376c2f062d1648c80db6730905005a27c20:34)
02-19 13:45:42.526   617   617 D StatsLog: LAUNCHER_ONSTOP
02-19 13:45:42.551   617   617 D StatsLog: LAUNCHER_GOOGLE_SEARCH_RESTORE_LIST_SIZE_AFTER_ACTIVITY_RESTART
02-19 13:45:42.653   752  1095 D BackgroundInstallControlService: Package event received: 0
02-19 13:45:42.686   752  1790 D CoreBackPreview: Window{4886060 u0 PopupWindow:72bdc93}: Setting back callback OnBackInvokedCallbackInfo{mCallback=android.window.IOnBackInvokedCallback$Stub$Proxy@116cbbf, mPriority=0, mIsAnimationCallback=false, mOverrideBehavior=0}
02-19 13:45:42.729   752   989 I ImeTracker: viva.republica.toss.test:f66ce1c7: onRequestHide at ORIGIN_SERVER reason HIDE_UNSPECIFIED_WINDOW fromUser false
02-19 13:45:42.740  3630  3630 D InsetsController: hide(ime(), fromIme=false)
02-19 13:45:42.740  3630  3630 I ImeTracker: viva.republica.toss.test:f66ce1c7: onCancelled at PHASE_CLIENT_ALREADY_HIDDEN
02-19 13:45:42.745  1563  1563 I GoogleInputMethodService: GoogleInputMethodService.onFinishInput():2043 
02-19 13:45:42.761  1563  1563 I Module  : DeviceLockedStatusModuleProvider$Module.updateDeviceLockedStatus():100 repeatCheckTimes = 0, locked = false
02-19 13:45:42.763  1563  1563 I GoogleInputMethodService: GoogleInputMethodService.onStartInput():1293 onStartInput(EditorInfo{EditorInfo{packageName=viva.republica.toss.test, inputType=0, inputTypeString=NULL, enableLearning=false, autoCorrection=false, autoComplete=false, imeOptions=0, privateImeOptions=null, actionName=UNSPECIFIED, actionLabel=null, initialSelStart=-1, initialSelEnd=-1, initialCapsMode=0, label=null, fieldId=0, fieldName=null, extras=null, hintText=null, hintLocales=[]}}, false)
02-19 13:45:42.767   752  1790 I ImeTracker: system_server:fb96b91b: onRequestHide at ORIGIN_SERVER reason IME_REQUESTED_CHANGED_LISTENER fromUser false
02-19 13:45:42.776  1563  1563 I Module  : DeviceLockedStatusModuleProvider$Module.updateDeviceLockedStatus():100 repeatCheckTimes = 1, locked = false
02-19 13:45:42.779  1563  1563 I EmojiCompatManager: EmojiCompatManager.getEmojiCompatIfLoaded():343 EmojiCompat.init() was never called.
02-19 13:45:42.779  1563  1563 I EmojiCompatManager: java.lang.IllegalStateException: EmojiCompat is not initialized. Please call EmojiCompat.init() first
02-19 13:45:42.779  1563  1563 I EmojiCompatManager: 	at asx.p(PG:6)
02-19 13:45:42.779  1563  1563 I EmojiCompatManager: 	at axb.b(PG:13)
02-19 13:45:42.779  1563  1563 I EmojiCompatManager: 	at jnr.b(PG:2)
02-19 13:45:42.779  1563  1563 I EmojiCompatManager: 	at jnr.c(PG:4)
02-19 13:45:42.779  1563  1563 I EmojiCompatManager: 	at jnr.f(PG:3)
02-19 13:45:42.779  1563  1563 I EmojiCompatManager: 	at jnx.c(PG:3)
02-19 13:45:42.779  1563  1563 I EmojiCompatManager: 	at kif.cz(PG:47)
02-19 13:45:42.779  1563  1563 I EmojiCompatManager: 	at lhl.run(PG:1025)
02-19 13:45:42.779  1563  1563 I EmojiCompatManager: 	at jaf.execute(PG:12)
02-19 13:45:42.779  1563  1563 I EmojiCompatManager: 	at nco.v(PG:13)
02-19 13:45:42.779  1563  1563 I EmojiCompatManager: 	at lhn.m(PG:96)
02-19 13:45:42.779  1563  1563 I EmojiCompatManager: 	at lhn.k(PG:25)
02-19 13:45:42.779  1563  1563 I EmojiCompatManager: 	at kgn.onStartInput(PG:250)
02-19 13:45:42.779  1563  1563 I EmojiCompatManager: 	at android.inputmethodservice.InputMethodService.doStartInput(InputMethodService.java:3521)
02-19 13:45:42.779  1563  1563 I EmojiCompatManager: 	at android.inputmethodservice.InputMethodService$InputMethodImpl.startInput(InputMethodService.java:879)
02-19 13:45:42.779  1563  1563 I EmojiCompatManager: 	at android.inputmethodservice.InputMethodService$InputMethodImpl.dispatchStartInput(InputMethodService.java:908)
02-19 13:45:42.779  1563  1563 I EmojiCompatManager: 	at android.inputmethodservice.IInputMethodWrapper.executeMessage(IInputMethodWrapper.java:201)
02-19 13:45:42.779  1563  1563 I EmojiCompatManager: 	at com.android.internal.os.HandlerCaller$MyHandler.handleMessage(HandlerCaller.java:44)
02-19 13:45:42.779  1563  1563 I EmojiCompatManager: 	at android.os.Handler.dispatchMessage(Handler.java:110)
02-19 13:45:42.779  1563  1563 I EmojiCompatManager: 	at android.os.Looper.loopOnce(Looper.java:248)
02-19 13:45:42.779  1563  1563 I EmojiCompatManager: 	at android.os.Looper.loop(Looper.java:338)
02-19 13:45:42.779  1563  1563 I EmojiCompatManager: 	at android.app.ActivityThread.main(ActivityThread.java:9067)
02-19 13:45:42.779  1563  1563 I EmojiCompatManager: 	at java.lang.reflect.Method.invoke(Native Method)
02-19 13:45:42.779  1563  1563 I EmojiCompatManager: 	at com.android.internal.os.RuntimeInit$MethodAndArgsCaller.run(RuntimeInit.java:593)
02-19 13:45:42.779  1563  1563 I EmojiCompatManager: 	at com.android.internal.os.ZygoteInit.main(ZygoteInit.java:932)
02-19 13:45:42.797   752   797 I ImeTracker: system_server:fb96b91b: onCancelled at PHASE_SERVER_SHOULD_HIDE
02-19 13:45:42.798   752  2419 W PackageConfigPersister: App-specific configuration not found for packageName: viva.republica.toss.test and userId: 0
02-19 13:45:42.802  1563  1563 W NotificationCenter: NotificationCenter$NotificationQueue.notifyPendingNotificationsOnExecutor():877 Heavy notify work detected on UI thread: [kig->jjs] takes 23ms
02-19 13:45:42.847  4449  4474 W WindowOnBackDispatcher: sendCancelIfRunning: isInProgress=false callback=android.view.ViewRootImpl$$ExternalSyntheticLambda13@f4c9542
02-19 13:45:42.848   752  2419 D CoreBackPreview: Window{38b06c4 u0 Splash Screen viva.republica.toss.test EXITING}: Setting back callback null
02-19 13:45:44.298  3630  4249 I ReactNativeJS: Running "shared" with {"initialProps":{"initialColorPreference":"light","loadingStartTs":1771476333592,"initialFontScale":"100"},"rootTag":91}
02-19 13:45:45.049  3630  3630 W WindowOnBackDispatcher: sendCancelIfRunning: isInProgress=false callback=android.view.ViewRootImpl$$ExternalSyntheticLambda13@2ca0fce
02-19 13:45:45.052   752  1984 D CoreBackPreview: Window{4886060 u0 PopupWindow:72bdc93}: Setting back callback null
02-19 13:45:45.127  3630  4290 W unknown:ReactContext: initializeMessageQueueThreads() is called.
02-19 13:45:45.141  4289  4289 W dumpsys : Thread Pool max thread count is 0. Cannot cache binder as linkToDeath cannot be implemented. serviceName: window
02-19 13:45:45.168  3630  4293 W unknown:ReactContext: initializeMessageQueueThreads() is called.
02-19 13:45:45.168  3630  3630 W unknown:ReactNative: Packager connection already open, nooping.
02-19 13:45:45.171  3630  4293 W unknown:ReactNative: Fresco has already been initialized with a different config. The new Fresco configuration will be ignored!
02-19 13:45:45.239  3630  4249 I ReactNativeJNI: Memory warning (pressure level: TRIM_MEMORY_UI_HIDDEN) received by JS VM, ignoring because it's non-severe
02-19 13:45:45.247   752  1856 E TaskPersister: File error accessing recents directory (directory doesn't exist?).
02-19 13:45:45.741   752   775 I system_server: Background concurrent mark compact GC freed 23MB AllocSpace bytes, 32(636KB) LOS objects, 42% free, 32MB/56MB, paused 3.132ms,3.255ms total 535.314ms
02-19 13:45:45.742   752   776 I BpBinder: onLastStrongRef automatically unlinking death recipients: 
02-19 13:45:46.141  3630  4249 D ReactNativeJS: '[Analytics]', '{\n  "log_type": "screen",\n  "log_name": "/::screen",\n  "params": {\n    "referrer": null,\n    "deployment_id": "local",\n    "deployment_timestamp": null\n  }\n}'
02-19 13:45:46.372  3630  4249 E ReactNativeJS: '    :', [Error: SERVICE_NAME is missing]
02-19 13:45:46.844  3630  3634 I blica.toss.test: NativeAlloc concurrent mark compact GC freed 3712KB AllocSpace bytes, 6(184KB) LOS objects, 49% free, 21MB/43MB, paused 4.354ms,11.536ms total 290.089ms
02-19 13:45:46.873  3453  3453 D BoundBrokerSvc: onRebind: Intent { act=com.google.android.gms.safebrowsing.SafeBrowsingService.START dat=chimera-action:/... xflg=0x4 cmp=com.google.android.gms/.chimera.GmsBoundBrokerService }
02-19 13:45:46.908  3630  3630 I Choreographer: Skipped 33 frames!  The application may be doing too much work on its main thread.
02-19 13:45:46.950  3630  3630 W unknown:ReactContext: initializeMessageQueueThreads() is called.
02-19 13:45:47.091   752  1984 W PackageConfigPersister: App-specific configuration not found for packageName: viva.republica.toss.test and userId: 0
02-19 13:45:47.268  3630  4249 I ReactNativeJS: '[eventLogDebug]', { log_name: '/::screen',
02-19 13:45:47.268  3630  4249 I ReactNativeJS:   log_type: 'screen',
02-19 13:45:47.268  3630  4249 I ReactNativeJS:   params: 
02-19 13:45:47.268  3630  4249 I ReactNativeJS:    { search: '',
02-19 13:45:47.268  3630  4249 I ReactNativeJS:      referrer: 'null',
02-19 13:45:47.268  3630  4249 I ReactNativeJS:      deployment_id: 'local',
02-19 13:45:47.268  3630  4249 I ReactNativeJS:      deployment_timestamp: 'NaN' } }
02-19 13:45:48.515  3322  3357 I AidlLazyServiceRegistrar: Process has 0 (of 1 available) client(s) in use after notification artd has clients: 0
02-19 13:45:48.515  3322  3357 I AidlLazyServiceRegistrar: Trying to shut down the service. No clients in use for any service in process.
02-19 13:45:48.521  3322  3357 I AidlLazyServiceRegistrar: Unregistered all clients and exiting
02-19 13:45:48.826   537   537 W adbd    : timeout expired while flushing socket, closing
02-19 13:45:49.265  3453  3453 D BoundBrokerSvc: onUnbind: Intent { act=com.google.android.mobstore.service.START xflg=0x4 pkg=com.google.android.gms }
02-19 13:45:49.361   537   537 W adbd    : timeout expired while flushing socket, closing
02-19 13:45:50.030  3453  3453 D BoundBrokerSvc: onUnbind: Intent { act=com.google.android.gms.audit.service.START xflg=0x4 pkg=com.google.android.gms }
02-19 13:45:50.320  4301  4301 W screencap: Thread Pool max thread count is 0. Cannot cache binder as linkToDeath cannot be implemented. serviceName: SurfaceFlingerAIDL
02-19 13:45:50.335  4301  4301 W BpBinder: Linking to death on android.gui.ISurfaceComposer but there are no threads (yet?) listening to incoming transactions. See ProcessState::startThreadPool and ProcessState::setThreadPoolMaxThreadCount. Generally you should setup the binder threadpool before other initialization steps.
02-19 13:45:50.339  4301  4301 W ProcessState: Extra binder thread started, but 0 threads requested. Do not use *startThreadPool when zero threads are requested.
02-19 13:45:50.365   531   549 E HwcComposer: getLuts failed Status(-8, EX_SERVICE_SPECIFIC): '8: '
02-19 13:45:50.365   531   549 E HWComposer: getLuts: getLuts failed for display 4619827259835644672: UNSUPPORTED (8)
02-19 13:45:51.603  3630  4249 I ReactNativeJS: '[eventLogDebug]', { log_name: '/::screen',
02-19 13:45:51.603  3630  4249 I ReactNativeJS:   log_type: 'screen',
02-19 13:45:51.603  3630  4249 I ReactNativeJS:   params: 
02-19 13:45:51.603  3630  4249 I ReactNativeJS:    { search: '',
02-19 13:45:51.603  3630  4249 I ReactNativeJS:      referrer: 'null',
02-19 13:45:51.603  3630  4249 I ReactNativeJS:      deployment_id: 'local',
02-19 13:45:51.603  3630  4249 I ReactNativeJS:      deployment_timestamp: 'NaN' } }
02-19 13:45:51.648  3630  4249 I ReactNativeJS: '[eventLogDebug]', { log_name: '/::screen',
02-19 13:45:51.648  3630  4249 I ReactNativeJS:   log_type: 'screen',
02-19 13:45:51.648  3630  4249 I ReactNativeJS:   params: 
02-19 13:45:51.648  3630  4249 I ReactNativeJS:    { search: '',
02-19 13:45:51.648  3630  4249 I ReactNativeJS:      referrer: 'null',
02-19 13:45:51.648  3630  4249 I ReactNativeJS:      deployment_id: 'local',
02-19 13:45:51.648  3630  4249 I ReactNativeJS:      deployment_timestamp: 'NaN' } }
02-19 13:45:51.669  3630  4249 I ReactNativeJS: '[eventLogDebug]', { log_name: '/::screen',
02-19 13:45:51.669  3630  4249 I ReactNativeJS:   log_type: 'screen',
02-19 13:45:51.669  3630  4249 I ReactNativeJS:   params: 
02-19 13:45:51.669  3630  4249 I ReactNativeJS:    { search: '',
02-19 13:45:51.669  3630  4249 I ReactNativeJS:      referrer: 'null',
02-19 13:45:51.669  3630  4249 I ReactNativeJS:      deployment_id: 'local',
02-19 13:45:51.669  3630  4249 I ReactNativeJS:      deployment_timestamp: 'NaN' } }
02-19 13:45:51.745  3630  4249 I ReactNativeJS: '[eventLogDebug]', { log_name: '/login::screen',
02-19 13:45:51.745  3630  4249 I ReactNativeJS:   log_type: 'screen',
02-19 13:45:51.745  3630  4249 I ReactNativeJS:   params: 
02-19 13:45:51.745  3630  4249 I ReactNativeJS:    { search: 'next=%2F',
02-19 13:45:51.745  3630  4249 I ReactNativeJS:      referrer: 'null',
02-19 13:45:51.745  3630  4249 I ReactNativeJS:      deployment_id: 'local',
02-19 13:45:51.745  3630  4249 I ReactNativeJS:      deployment_timestamp: 'NaN' } }
02-19 13:45:51.850  3630  4249 I ReactNativeJS: '[eventLogDebug]', { log_name: '/login::screen',
02-19 13:45:51.850  3630  4249 I ReactNativeJS:   log_type: 'screen',
02-19 13:45:51.850  3630  4249 I ReactNativeJS:   params: 
02-19 13:45:51.850  3630  4249 I ReactNativeJS:    { search: 'next=%2F',
02-19 13:45:51.850  3630  4249 I ReactNativeJS:      referrer: 'null',
02-19 13:45:51.850  3630  4249 I ReactNativeJS:      deployment_id: 'local',
02-19 13:45:51.850  3630  4249 I ReactNativeJS:      deployment_timestamp: 'NaN' } }
02-19 13:45:51.863  3630  4249 I ReactNativeJS: '[eventLogDebug]', { log_name: '/login::screen',
02-19 13:45:51.863  3630  4249 I ReactNativeJS:   log_type: 'screen',
02-19 13:45:51.863  3630  4249 I ReactNativeJS:   params: 
02-19 13:45:51.863  3630  4249 I ReactNativeJS:    { search: 'next=%2F',
02-19 13:45:51.863  3630  4249 I ReactNativeJS:      referrer: 'null',
02-19 13:45:51.863  3630  4249 I ReactNativeJS:      deployment_id: 'local',
02-19 13:45:51.863  3630  4249 I ReactNativeJS:      deployment_timestamp: 'NaN' } }
