--------- beginning of main
02-19 21:17:44.677   752   797 W IPCThreadState: Sending oneway calls to frozen process.
02-19 21:17:44.677   752   797 W IPCThreadState: Sending oneway calls to frozen process.
02-19 21:17:44.678   752   797 W IPCThreadState: Sending oneway calls to frozen process.
--------- beginning of system
02-19 21:17:44.678   752  1095 D BackgroundInstallControlService: Package event received: 0
02-19 21:17:44.679   752   797 W IPCThreadState: Sending oneway calls to frozen process.
02-19 21:17:44.686   752   797 W ProcessStats: Tracking association SourceState{1b917ca system/1000 BFgs #26506} whose proc state 4 is better than process ProcessState{42c4ef0 com.google.android.ext.services/10208 pkg=com.google.android.ext.services} proc state 14 (15 skipped)
02-19 21:17:44.691   752  1095 D BackgroundInstallControlService: Package event received: 0
02-19 21:17:44.710   752  1095 D BackgroundInstallControlService: Package event received: 0
02-19 21:17:44.735   752  1095 D BackgroundInstallControlService: Package event received: 0
02-19 21:17:44.736   752  1095 D BackgroundInstallControlService: Package event received: 0
02-19 21:17:44.736   752  1095 D BackgroundInstallControlService: Package event received: 0
02-19 21:17:44.737   752  1095 D BackgroundInstallControlService: Package event received: 0
02-19 21:17:45.452 19166 19166 I Choreographer: Skipped 38 frames!  The application may be doing too much work on its main thread.
02-19 21:17:45.515   752  2417 I ActivityManager: Force stopping viva.republica.toss.test appid=10217 user=0: from pid 32169
02-19 21:17:45.518   752  2417 I AppsFilter: interaction: PackageSetting{d389813 com.android.microdroid.empty_payload/10204} -> PackageSetting{1f3cbca viva.republica.toss.test/10217} BLOCKED
02-19 21:17:45.518   752  2417 I AppsFilter: interaction: PackageSetting{120ba50 com.android.adbkeyboard/10219} -> PackageSetting{1f3cbca viva.republica.toss.test/10217} BLOCKED
02-19 21:17:45.538 19166 19338 I HWUI    : Davey! duration=756ms; Flags=0, FrameTimelineVsyncId=2223366, IntendedVsync=114938604342646, Vsync=114938604342646, InputEventId=0, HandleInputStart=114938613033917, AnimationStart=114938615087917, PerformTraversalsStart=114938617659917, DrawStart=114938617973917, FrameDeadline=114938654342644, FrameStartTime=114938612993917, FrameInterval=16666666, WorkloadTarget=16666666, SyncQueued=114938618074917, SyncStart=114938635742917, IssueDrawCommandsStart=114938635999917, SwapBuffers=114938637094917, FrameCompleted=114939378495917, DequeueBufferDuration=655173000, QueueBufferDuration=1499000, GpuCompleted=114939378495917, SwapBuffersCompleted=114939306352917, DisplayPresentTime=0, CommandSubmissionCompleted=114938637094917, 
02-19 21:17:45.539  1336  1336 D CarrierSvcBindHelper: onHandleForceStop: [viva.republica.toss.test]
02-19 21:17:45.540   752   990 I system_server: AssetManager2(0x7d8fac4362d8) locale list changing from [] to [en-US]
02-19 21:17:45.542  1336  1336 D CarrierSvcBindHelper: No carrier app for: 0
02-19 21:17:45.550   752   990 I system_server: AssetManager2(0x7d8fac42fbb8) locale list changing from [] to [en-US]
02-19 21:17:45.562   752   990 I system_server: AssetManager2(0x7d8fac437bd8) locale list changing from [] to [en-US]
02-19 21:17:45.564   752   990 I system_server: AssetManager2(0x7d8fac46d738) locale list changing from [] to [en-US]
02-19 21:17:47.250   752  2417 W ActivityTaskManager: callingPackage for (uid=2000, pid=32176) has no WPC
02-19 21:17:47.260   752  2417 V GrammaticalInflectionUtils: AttributionSource: android.content.AttributionSource@56784557 does not have READ_SYSTEM_GRAMMATICAL_GENDER permission.
02-19 21:17:47.260   752  2417 W OptProp : Cannot read opt property android.window.PROPERTY_COMPAT_ALLOW_USER_ASPECT_RATIO_OVERRIDE
02-19 21:17:47.260   752  2417 W OptProp : Cannot read opt property android.window.PROPERTY_COMPAT_ALLOW_USER_ASPECT_RATIO_FULLSCREEN_OVERRIDE
02-19 21:17:47.261   752  2417 W OptProp : Cannot read opt property android.window.PROPERTY_COMPAT_ALLOW_RESIZEABLE_ACTIVITY_OVERRIDES
02-19 21:17:47.262   752  2417 W OptProp : Cannot read opt property android.window.PROPERTY_COMPAT_ALLOW_MIN_ASPECT_RATIO_OVERRIDE
02-19 21:17:47.295   752  2417 W OptProp : Cannot read opt property android.window.PROPERTY_COMPAT_ALLOW_ORIENTATION_OVERRIDE
02-19 21:17:47.298   531   548 I BpBinder: onLastStrongRef automatically unlinking death recipients: 
02-19 21:17:47.302   752  2417 I ActivityTaskManager: START u0 {act=android.intent.action.VIEW dat=intoss://takealook/... flg=0x10000000 xflg=0x4 cmp=viva.republica.toss.test/im.toss.rn.granite.core.GraniteActivity} with LAUNCH_MULTIPLE from uid 2000 (BAL_ALLOW_PERMISSION) result code=0
02-19 21:17:47.303  4449  4467 V WindowManagerShell: Transition requested (#1010): android.os.BinderProxy@9f007f3 TransitionRequestInfo { type = OPEN, triggerTask = TaskInfo{userId=0 taskId=145 effectiveUid=10217 displayId=0 isRunning=true baseIntent=Intent { act=android.intent.action.VIEW dat=intoss://takealook/... flg=0x10000000 cmp=viva.republica.toss.test/im.toss.rn.granite.core.GraniteActivity } baseActivity=ComponentInfo{viva.republica.toss.test/im.toss.rn.granite.core.GraniteActivity} topActivity=ComponentInfo{viva.republica.toss.test/im.toss.rn.granite.core.GraniteActivity} origActivity=null realActivity=ComponentInfo{viva.republica.toss.test/im.toss.rn.granite.core.GraniteActivity} numActivities=1 lastActiveTime=114941147 supportsMultiWindow=true resizeMode=1 isResizeable=true minWidth=-1 minHeight=-1 defaultMinSize=220 token=WCT{android.window.IWindowContainerToken$Stub$Proxy@6919cb0} topActivityType=1 pictureInPictureParams=null shouldDockBigOverlays=false launchIntoPipHostTaskId=-1 lastParentTaskIdBeforePip=-1 displayCutoutSafeInsets=Rect(0, 0 - 0, 0) topActivityInfo=ActivityInfo{9dd8729 im.toss.rn.granite.core.GraniteActivity} launchCookies=[] positionInParent=Point(0, 0) parentTaskId=-1 isFocused=false isVisible=false isVisibleRequested=false isTopActivityNoDisplay=false isSleeping=false locusId=null displayAreaFeatureId=1 isTopActivityTransparent=false isActivityStackTransparent=false lastNonFullscreenBounds=Rect(284, 660 - 796, 1740) capturedLink=null capturedLinkTimestamp=0 requestedVisibleTypes=-9 topActivityRequestOpenInBrowserEducationTimestamp=0 appCompatTaskInfo=AppCompatTaskInfo { topActivityInSizeCompat=false eligibleForLetterboxEducation= false isLetterboxEducationEnabled= true isLetterboxDoubleTapEnabled= false eligibleForUserAspectRatioButton= false topActivityBoundsLetterboxed= false isFromLetterboxDoubleTap= false topActivityLetterboxVerticalPosition= -1 topActivityLetterboxHorizontalPosition= -1 topActivityLetterboxWidth=-1 topActivityLetterboxHeight=-1 topActivityAppBounds=Rect(0, 0 - 1080, 2400) isUserFullscreenOverrideEnabled=false isSystemFullscreenOverrideEnabled=false hasMinAspectRatioOverride=false topActivityLetterboxBounds=null cameraCompatTaskInfo=CameraCompatTaskInfo { freeformCameraCompatMode=inactive}} topActivityMainWindowFrame=null}, pipChange = null, remoteTransition = null, displayChange = null, flags = 0, debugId = 1010 }
02-19 21:17:47.303  4449  4467 D ShellSplitScreen: logExit: no-op, mLoggerSessionId is null
02-19 21:17:47.307 19166 19166 W SplitSelectStateCtor: Missing session instanceIds
02-19 21:17:47.308  4449  4475 W HWUI    : Image decoding logging dropped!
02-19 21:17:47.311   615 17673 W IPCThreadState: Sending oneway calls to frozen process.
02-19 21:17:47.314 19166 19166 D StatsLog: LAUNCHER_SPLIT_SELECTION_EXIT_INTERRUPTED
02-19 21:17:47.317  4449  4467 D WindowManagerShell: setLauncherKeepClearAreaHeight: visible=false, height=527
02-19 21:17:47.317   752  1456 I AppsFilter: interaction: PackageSetting{d389813 com.android.microdroid.empty_payload/10204} -> PackageSetting{b6d448 viva.republica.toss.test/10217} BLOCKED
02-19 21:17:47.317   752  1456 I AppsFilter: interaction: PackageSetting{120ba50 com.android.adbkeyboard/10219} -> PackageSetting{b6d448 viva.republica.toss.test/10217} BLOCKED
02-19 21:17:47.347   752   797 V GrammaticalInflectionUtils: AttributionSource: android.content.AttributionSource@56784557 does not have READ_SYSTEM_GRAMMATICAL_GENDER permission.
02-19 21:17:47.359   752  1095 D BackgroundInstallControlService: Package event received: 0
02-19 21:17:47.361   458   458 D Zygote  : Forked child process 32179
02-19 21:17:47.362   752   806 I ActivityManager: Start proc 32179:viva.republica.toss.test/u0a217 for next-top-activity {viva.republica.toss.test/im.toss.rn.granite.core.GraniteActivity}
02-19 21:17:47.362   752   806 I ActivityManager: ProcessObserver broadcast disabled
02-19 21:18:05.597   531   568 W EventThread: Faking VSYNC due to driver stall for thread app
02-19 21:18:05.597   531   569 W EventThread: Faking VSYNC due to driver stall for thread appSf
02-19 21:18:05.603   752   797 W BLASTSyncEngine: Sync group 1010 timeout
02-19 21:18:05.604   752   797 I BLASTSyncEngine: Unfinished container: Task{443712e #145 type=standard A=10217:viva.republica.toss.test}
02-19 21:18:05.604   752   797 I BLASTSyncEngine:   Window{f19723a u0 Splash Screen viva.republica.toss.test} NO_SURFACE
02-19 21:18:05.604   752   797 I BLASTSyncEngine: Unfinished container: ActivityRecord{37128105 u0 viva.republica.toss.test/im.toss.rn.granite.core.GraniteActivity t145}
02-19 21:18:05.604   752   797 I BLASTSyncEngine:   Window{f19723a u0 Splash Screen viva.republica.toss.test} NO_SURFACE
02-19 21:18:05.612  4449  4501 V WindowManagerShell: onTransitionReady(transaction=3229815435737)
02-19 21:18:05.613  4449  4467 V WindowManagerShell: onTransitionReady (#1010) android.os.BinderProxy@9f007f3: {id=1010 t=OPEN f=0x0 trk=0 r=[0@Point(0, 0)] c=[
02-19 21:18:05.613  4449  4467 V WindowManagerShell:         {m=OPEN f=NONE leash=Surface(name=Task=145)/@0xf84da47 sb=Rect(0, 0 - 1080, 2400) eb=Rect(0, 0 - 1080, 2400) epz=Point(1080, 2400) d=0 taskParent=-1},
02-19 21:18:05.613  4449  4467 V WindowManagerShell:         {m=TO_BACK f=SHOW_WALLPAPER leash=Surface(name=Task=1)/@0xffcc274 sb=Rect(0, 0 - 1080, 2400) eb=Rect(0, 0 - 1080, 2400) epz=Point(1080, 2400) d=0 taskParent=-1},
02-19 21:18:05.613  4449  4467 V WindowManagerShell:         {m=TO_BACK f=IS_WALLPAPER leash=Surface(name=WallpaperWindowToken{35e0c0f showWhenLocked=false})/@0xb96539d sb=Rect(0, 0 - 1080, 2400) eb=Rect(0, 0 - 1080, 2400) epz=Point(1080, 2400) d=0}
02-19 21:18:05.613  4449  4467 V WindowManagerShell:     ]}
02-19 21:18:05.613  4449  4467 V WindowManagerShell: Playing animation for (#1010) android.os.BinderProxy@9f007f3@0
02-19 21:18:05.613  4449  4467 V ShellRecents: RecentsTransitionHandler.startAnimation: no controller found
02-19 21:18:05.613  4449  4467 V WindowManagerShell: Transition doesn't have explicit remote, search filters for match for {id=1010 t=OPEN f=0x0 trk=0 r=[0@Point(0, 0)] c=[{m=OPEN f=NONE leash=Surface(name=Task=145)/@0xf84da47 sb=Rect(0, 0 - 1080, 2400) eb=Rect(0, 0 - 1080, 2400) epz=Point(1080, 2400) d=0 taskParent=-1},{m=TO_BACK f=SHOW_WALLPAPER leash=Surface(name=Task=1)/@0xffcc274 sb=Rect(0, 0 - 1080, 2400) eb=Rect(0, 0 - 1080, 2400) epz=Point(1080, 2400) d=0 taskParent=-1},{m=TO_BACK f=IS_WALLPAPER leash=Surface(name=WallpaperWindowToken{35e0c0f showWhenLocked=false})/@0xb96539d sb=Rect(0, 0 - 1080, 2400) eb=Rect(0, 0 - 1080, 2400) epz=Point(1080, 2400) d=0}]}
02-19 21:18:05.613  4449  4467 V WindowManagerShell:  Checking filter Pair{{types=[] flags=0x0] notFlags=0x0 checks=[{atype=undefined independent=true modes=[CLOSE,TO_BACK] flags=IN_TASK_WITH_EMBEDDED_ACTIVITY mustBeTask=false order=ANY topActivity=null launchCookie=null taskFragmentToken=android.os.BinderProxy@71546f0 windowingMode=undefined}]} RemoteTransition { remoteTransition = android.window.IRemoteTransition$Stub$Proxy@d4c8469, appThread = android.app.IApplicationThread$Stub$Proxy@c228eee, debugName = overlayBackTransition }}
02-19 21:18:05.614  4449  4467 V WindowManagerShell:  Checking filter Pair{{types=[] flags=0x0] notFlags=0x0 checks=[{atype=dream independent=true modes=[OPEN,TO_FRONT] flags=NONE mustBeTask=false order=ANY topActivity=null launchCookie=null windowingMode=undefined},{atype=home independent=true modes=[CLOSE,TO_BACK] flags=NONE mustBeTask=false order=ANY topActivity=null launchCookie=null windowingMode=undefined}]} RemoteTransition { remoteTransition = android.window.IRemoteTransition$Stub$Proxy@c578f8f, appThread = android.app.IApplicationThread$Stub$Proxy@69fe21c, debugName = LauncherToDream }}
02-19 21:18:05.614  4449  4467 V WindowManagerShell:  Checking filter Pair{{types=[] flags=0x0] notFlags=0x100 checks=[{atype=home independent=true modes=[OPEN,TO_FRONT] flags=NONE mustBeTask=false order=TOP topActivity=ComponentInfo{com.google.android.apps.nexuslauncher/com.google.android.apps.nexuslauncher.NexusLauncherActivity} launchCookie=null windowingMode=undefined},{atype=standard independent=true modes=[CLOSE,TO_BACK] flags=NONE mustBeTask=false order=ANY topActivity=null launchCookie=null windowingMode=undefined},{NOT atype=undefined independent=true modes=[] flags=NONE mustBeTask=true order=ANY topActivity=null launchCookie=null customAnim=true windowingMode=undefined}]} RemoteTransition { remoteTransition = android.window.IRemoteTransition$Stub$Proxy@69ffe25, appThread = android.app.IApplicationThread$Stub$Proxy@72cabfa, debugName = QuickstepLaunchHome }}
02-19 21:18:05.614  4449  4467 V WindowManagerShell:  Checking filter Pair{{types=[] flags=0x0] notFlags=0x0 checks=[{atype=undefined independent=true modes=[CLOSE,TO_BACK] flags=IN_TASK_WITH_EMBEDDED_ACTIVITY mustBeTask=false order=ANY topActivity=null launchCookie=null taskFragmentToken=android.os.BinderProxy@71546f0 windowingMode=undefined}]} RemoteTransition { remoteTransition = android.window.IRemoteTransition$Stub$Proxy@7c795ab, appThread = android.app.IApplicationThread$Stub$Proxy@cd70408, debugName = overlayBackTransition }}
02-19 21:18:05.614  4449  4467 V WindowManagerShell:  Checking filter Pair{{types=[] flags=0x0] notFlags=0x0 checks=[{atype=dream independent=true modes=[OPEN,TO_FRONT] flags=NONE mustBeTask=false order=ANY topActivity=null launchCookie=null windowingMode=undefined},{atype=home independent=true modes=[CLOSE,TO_BACK] flags=NONE mustBeTask=false order=ANY topActivity=null launchCookie=null windowingMode=undefined}]} RemoteTransition { remoteTransition = android.window.IRemoteTransition$Stub$Proxy@f757a1, appThread = android.app.IApplicationThread$Stub$Proxy@d898dc6, debugName = LauncherToDream }}
02-19 21:18:05.614  4449  4467 V WindowManagerShell:  Checking filter Pair{{types=[] flags=0x0] notFlags=0x100 checks=[{atype=home independent=true modes=[OPEN,TO_FRONT] flags=NONE mustBeTask=false order=TOP topActivity=ComponentInfo{com.google.android.apps.nexuslauncher/com.google.android.apps.nexuslauncher.NexusLauncherActivity} launchCookie=null windowingMode=undefined},{atype=standard independent=true modes=[CLOSE,TO_BACK] flags=NONE mustBeTask=false order=ANY topActivity=null launchCookie=null windowingMode=undefined},{NOT atype=undefined independent=true modes=[] flags=NONE mustBeTask=true order=ANY topActivity=null launchCookie=null customAnim=true windowingMode=undefined}]} RemoteTransition { remoteTransition = android.window.IRemoteTransition$Stub$Proxy@9e7e187, appThread = android.app.IApplicationThread$Stub$Proxy@3dc58b4, debugName = QuickstepLaunchHome }}
02-19 21:18:05.614  4449  4467 V WindowManagerShell:  Delegate animation for (#1010) to null
02-19 21:18:05.615  4449  4467 V WindowManagerShell: start default transition animation, info = {id=1010 t=OPEN f=0x0 trk=0 r=[0@Point(0, 0)] c=[{m=OPEN f=NONE leash=Surface(name=Task=145)/@0xf84da47 sb=Rect(0, 0 - 1080, 2400) eb=Rect(0, 0 - 1080, 2400) epz=Point(1080, 2400) d=0 taskParent=-1},{m=TO_BACK f=SHOW_WALLPAPER leash=Surface(name=Task=1)/@0xffcc274 sb=Rect(0, 0 - 1080, 2400) eb=Rect(0, 0 - 1080, 2400) epz=Point(1080, 2400) d=0 taskParent=-1},{m=TO_BACK f=IS_WALLPAPER leash=Surface(name=WallpaperWindowToken{35e0c0f showWhenLocked=false})/@0xb96539d sb=Rect(0, 0 - 1080, 2400) eb=Rect(0, 0 - 1080, 2400) epz=Point(1080, 2400) d=0}]}
02-19 21:18:05.615  4449  4467 V WindowManagerShell: loadAnimation: anim=android.view.animation.AnimationSet@62ad3e3 animAttr=0x13 type=OPEN isEntrance=false
02-19 21:18:05.615   752   794 V WindowManager: Sent Transition (#1010) createdAt=02-19 21:17:47.266 via request=TransitionRequestInfo { type = OPEN, triggerTask = TaskInfo{userId=0 taskId=145 effectiveUid=10217 displayId=0 isRunning=true baseIntent=Intent { act=android.intent.action.VIEW dat=intoss://takealook/... flg=0x10000000 cmp=viva.republica.toss.test/im.toss.rn.granite.core.GraniteActivity } baseActivity=ComponentInfo{viva.republica.toss.test/im.toss.rn.granite.core.GraniteActivity} topActivity=ComponentInfo{viva.republica.toss.test/im.toss.rn.granite.core.GraniteActivity} origActivity=null realActivity=ComponentInfo{viva.republica.toss.test/im.toss.rn.granite.core.GraniteActivity} numActivities=1 lastActiveTime=114941147 supportsMultiWindow=true resizeMode=1 isResizeable=true minWidth=-1 minHeight=-1 defaultMinSize=220 token=WCT{RemoteToken{854e651 Task{443712e #145 type=standard A=10217:viva.republica.toss.test}}} topActivityType=1 pictureInPictureParams=null shouldDockBigOverlays=false launchIntoPipHostTaskId=-1 lastParentTaskIdBeforePip=-1 displayCutoutSafeInsets=Rect(0, 0 - 0, 0) topActivityInfo=ActivityInfo{df8eeb6 im.toss.rn.granite.core.GraniteActivity} launchCookies=[] positionInParent=Point(0, 0) parentTaskId=-1 isFocused=false isVisible=false isVisibleRequested=false isTopActivityNoDisplay=false isSleeping=false locusId=null displayAreaFeatureId=1 isTopActivityTransparent=false isActivityStackTransparent=false lastNonFullscreenBounds=Rect(284, 660 - 796, 1740) capturedLink=null capturedLinkTimestamp=0 requestedVisibleTypes=-9 topActivityRequestOpenInBrowserEducationTimestamp=0 appCompatTaskInfo=AppCompatTaskInfo { topActivityInSizeCompat=false eligibleForLetterboxEducation= false isLetterboxEducationEnabled= true isLetterboxDoubleTapEnabled= false eligibleForUserAspectRatioButton= false topActivityBoundsLetterboxed= false isFromLetterboxDoubleTap= false topActivityLetterboxVerticalPosition= -1 topActivityLetterboxHorizontalPosition= -1 topActivityLetterboxWidth=-1 topActivityLetterboxHeight=-1 topActivityAppBounds=Rect(0, 0 - 1080, 2400) isUserFullscreenOverrideEnabled=false isSystemFullscreenOverrideEnabled=false hasMinAspectRatioOverride=false topActivityLetterboxBounds=null cameraCompatTaskInfo=CameraCompatTaskInfo { freeformCameraCompatMode=inactive}} topActivityMainWindowFrame=null}, pipChange = null, remoteTransition = null, displayChange = null, flags = 0, debugId = 1010 }
02-19 21:18:05.615   752   794 V WindowManager:     startWCT=WindowContainerTransaction { changes= {} hops= [] errorCallbackToken=null taskFragmentOrganizer=null }
02-19 21:18:05.615  4449  4467 V WindowManagerShell: loadAnimation: anim=android.view.animation.AnimationSet@15d91e0 animAttr=0x12 type=OPEN isEntrance=true
02-19 21:18:05.615   752   794 V WindowManager:     info={id=1010 t=OPEN f=0x0 trk=0 r=[0@Point(0, 0)] c=[
02-19 21:18:05.615   752   794 V WindowManager:         {WCT{RemoteToken{854e651 Task{443712e #145 type=standard A=10217:viva.republica.toss.test}}} m=OPEN f=NONE leash=Surface(name=Task=145)/@0xc61f8db sb=Rect(0, 0 - 1080, 2400) eb=Rect(0, 0 - 1080, 2400) epz=Point(1080, 2400) d=0 taskParent=-1},
02-19 21:18:05.615   752   794 V WindowManager:         {WCT{RemoteToken{5218fe8 Task{dd43522 #1 type=home}}} m=TO_BACK f=SHOW_WALLPAPER leash=Surface(name=Task=1)/@0x8ddbd2e sb=Rect(0, 0 - 1080, 2400) eb=Rect(0, 0 - 1080, 2400) epz=Point(1080, 2400) d=0 taskParent=-1},
02-19 21:18:05.615   752   794 V WindowManager:         {m=TO_BACK f=IS_WALLPAPER leash=Surface(name=WallpaperWindowToken{35e0c0f showWhenLocked=false})/@0x512f5be sb=Rect(0, 0 - 1080, 2400) eb=Rect(0, 0 - 1080, 2400) epz=Point(1080, 2400) d=0}
02-19 21:18:05.615   752   794 V WindowManager:     ]}
02-19 21:18:05.616 27008 27008 I wpa_supplicant: wlan0: CTRL-EVENT-BEACON-LOSS 
02-19 21:18:05.619   531   531 I BpBinder: onLastStrongRef automatically unlinking death recipients: 
02-19 21:18:05.633  4449  4467 V WindowManagerShell:  animated by com.android.wm.shell.transition.DefaultTransitionHandler@f74d823
02-19 21:18:05.638  1336  1556 D SatelliteController: iisInCarrierRoamingNbIotNtn: satellite is disabled
02-19 21:18:05.657   752   797 W ActivityTaskManager: Launch timeout has expired, giving up wake lock!
02-19 21:18:05.676   752   805 W ActivityManager: Process ProcessRecord{a3682e1 32179:viva.republica.toss.test/u0a217} failed to attach
02-19 21:18:05.676   752   805 W ActivityTaskManager: ProcessRecord{a3682e1 32179:viva.republica.toss.test/u0a217} is removed with pending start ActivityRecord{37128105 u0 viva.republica.toss.test/im.toss.rn.granite.core.GraniteActivity t145}
02-19 21:18:05.682 32179 32179 I blica.toss.test: Using CollectorTypeCMC GC.
02-19 21:18:05.712 32179 32179 W blica.toss.test: Unexpected CPU variant for x86: x86_64.
02-19 21:18:05.712 32179 32179 W blica.toss.test: Known variants: atom, sandybridge, silvermont, goldmont, goldmont-plus, goldmont-without-sha-xsaves, tremont, kabylake, alderlake, default
02-19 21:18:05.721 32179 32179 E blica.toss.test: Not starting debugger since process cannot load the jdwp agent.
02-19 21:18:05.728   752  1456 D CoreBackPreview: Window{f19723a u0 Splash Screen viva.republica.toss.test}: Setting back callback OnBackInvokedCallbackInfo{mCallback=android.window.IOnBackInvokedCallback$Stub$Proxy@156959a, mPriority=0, mIsAnimationCallback=false, mOverrideBehavior=0}
02-19 21:18:05.751   752   805 I ActivityManager: Killing 32179:viva.republica.toss.test/u0a217 (adj -10000): start timeout
02-19 21:18:05.755  4449  4467 V WindowManagerShell: Transition requested (#1011): android.os.BinderProxy@a9fbcf8 TransitionRequestInfo { type = CLOSE, triggerTask = TaskInfo{userId=0 taskId=145 effectiveUid=10217 displayId=0 isRunning=false baseIntent=Intent { act=android.intent.action.VIEW dat=intoss://takealook/... flg=0x10000000 cmp=viva.republica.toss.test/im.toss.rn.granite.core.GraniteActivity } baseActivity=null topActivity=null origActivity=null realActivity=ComponentInfo{viva.republica.toss.test/im.toss.rn.granite.core.GraniteActivity} numActivities=0 lastActiveTime=114941147 supportsMultiWindow=true resizeMode=1 isResizeable=true minWidth=-1 minHeight=-1 defaultMinSize=220 token=WCT{android.window.IWindowContainerToken$Stub$Proxy@16735d1} topActivityType=1 pictureInPictureParams=null shouldDockBigOverlays=false launchIntoPipHostTaskId=-1 lastParentTaskIdBeforePip=-1 displayCutoutSafeInsets=Rect(0, 0 - 0, 0) topActivityInfo=null launchCookies=[] positionInParent=Point(0, 0) parentTaskId=-1 isFocused=false isVisible=true isVisibleRequested=true isTopActivityNoDisplay=false isSleeping=false locusId=null displayAreaFeatureId=1 isTopActivityTransparent=false isActivityStackTransparent=true lastNonFullscreenBounds=Rect(284, 660 - 796, 1740) capturedLink=null capturedLinkTimestamp=0 requestedVisibleTypes=-9 topActivityRequestOpenInBrowserEducationTimestamp=0 appCompatTaskInfo=AppCompatTaskInfo { topActivityInSizeCompat=false eligibleForLetterboxEducation= false isLetterboxEducationEnabled= false isLetterboxDoubleTapEnabled= false eligibleForUserAspectRatioButton= false topActivityBoundsLetterboxed= false isFromLetterboxDoubleTap= false topActivityLetterboxVerticalPosition= -1 topActivityLetterboxHorizontalPosition= -1 topActivityLetterboxWidth=-1 topActivityLetterboxHeight=-1 topActivityAppBounds=Rect(0, 0 - 0, 0) isUserFullscreenOverrideEnabled=false isSystemFullscreenOverrideEnabled=false hasMinAspectRatioOverride=false topActivityLetterboxBounds=null cameraCompatTaskInfo=CameraCompatTaskInfo { freeformCameraCompatMode=undefined}} topActivityMainWindowFrame=null}, pipChange = null, remoteTransition = null, displayChange = null, flags = 0, debugId = 1011 }
02-19 21:18:05.777   752  1856 E TaskPersister: File error accessing recents directory (directory doesn't exist?).
02-19 21:18:05.787   752   752 W Looper  : Slow dispatch took 134ms main app=system_server main=true group=FOREGROUND h=com.android.server.alarm.AlarmManagerService$AlarmHandler c=com.android.server.alarm.AlarmManagerService$2$$ExternalSyntheticLambda0@d398ca7 m=0
02-19 21:18:05.789   752   969 D ActivityManager: freezing 3453 com.google.android.gms
02-19 21:18:05.810   531   603 I BpBinder: onLastStrongRef automatically unlinking death recipients: 
02-19 21:18:05.817  4449  4467 D WindowManagerShell: setLauncherKeepClearAreaHeight: visible=true, height=527
02-19 21:18:05.824 19166 19166 D StatsLog: LAUNCHER_ONRESUME
02-19 21:18:05.831   752   955 W UsageStatsService: Unexpected activity event reported! (viva.republica.toss.test/im.toss.rn.granite.core.GraniteActivity event : 23 instanceId : 80176335)
02-19 21:18:05.832   752   989 I ImeTracker: com.google.android.apps.nexuslauncher:ad02765b: onRequestHide at ORIGIN_SERVER reason HIDE_SAME_WINDOW_FOCUSED_WITHOUT_EDITOR fromUser false
02-19 21:18:05.833   752  1095 D BackgroundInstallControlService: Package event received: 0
02-19 21:18:05.837   752  1095 D BackgroundInstallControlService: Package event received: 0
02-19 21:18:05.840 20022 20022 I GoogleInputMethodService: GoogleInputMethodService.onFinishInput():2043 
02-19 21:18:05.844 20022 20022 I Module  : DeviceLockedStatusModuleProvider$Module.updateDeviceLockedStatus():100 repeatCheckTimes = 0, locked = false
02-19 21:18:05.847 20022 20022 I GoogleInputMethodService: GoogleInputMethodService.onStartInput():1293 onStartInput(EditorInfo{EditorInfo{packageName=com.google.android.apps.nexuslauncher, inputType=0, inputTypeString=NULL, enableLearning=false, autoCorrection=false, autoComplete=false, imeOptions=0, privateImeOptions=null, actionName=UNSPECIFIED, actionLabel=null, initialSelStart=-1, initialSelEnd=-1, initialCapsMode=0, label=null, fieldId=0, fieldName=null, extras=null, hintText=null, hintLocales=[]}}, false)
02-19 21:18:05.848 20022 20022 I EmojiCompatManager: EmojiCompatManager.getEmojiCompatIfLoaded():343 EmojiCompat.init() was never called.
02-19 21:18:05.848 20022 20022 I EmojiCompatManager: java.lang.IllegalStateException: EmojiCompat is not initialized. Please call EmojiCompat.init() first
02-19 21:18:05.848 20022 20022 I EmojiCompatManager: 	at asx.p(PG:6)
02-19 21:18:05.848 20022 20022 I EmojiCompatManager: 	at axb.b(PG:13)
02-19 21:18:05.848 20022 20022 I EmojiCompatManager: 	at jnr.b(PG:2)
02-19 21:18:05.848 20022 20022 I EmojiCompatManager: 	at jnr.c(PG:4)
02-19 21:18:05.848 20022 20022 I EmojiCompatManager: 	at jnr.f(PG:3)
02-19 21:18:05.848 20022 20022 I EmojiCompatManager: 	at jnx.c(PG:3)
02-19 21:18:05.848 20022 20022 I EmojiCompatManager: 	at kif.cz(PG:47)
02-19 21:18:05.848 20022 20022 I EmojiCompatManager: 	at lhl.run(PG:1025)
02-19 21:18:05.848 20022 20022 I EmojiCompatManager: 	at jaf.execute(PG:12)
02-19 21:18:05.848 20022 20022 I EmojiCompatManager: 	at nco.v(PG:13)
02-19 21:18:05.848 20022 20022 I EmojiCompatManager: 	at lhn.m(PG:96)
02-19 21:18:05.848 20022 20022 I EmojiCompatManager: 	at lhn.k(PG:25)
02-19 21:18:05.848 20022 20022 I EmojiCompatManager: 	at kgn.onStartInput(PG:250)
02-19 21:18:05.848 20022 20022 I EmojiCompatManager: 	at android.inputmethodservice.InputMethodService.doStartInput(InputMethodService.java:3521)
02-19 21:18:05.848 20022 20022 I EmojiCompatManager: 	at android.inputmethodservice.InputMethodService$InputMethodImpl.startInput(InputMethodService.java:879)
02-19 21:18:05.848 20022 20022 I EmojiCompatManager: 	at android.inputmethodservice.InputMethodService$InputMethodImpl.dispatchStartInput(InputMethodService.java:908)
02-19 21:18:05.848 20022 20022 I EmojiCompatManager: 	at android.inputmethodservice.IInputMethodWrapper.executeMessage(IInputMethodWrapper.java:201)
02-19 21:18:05.848 20022 20022 I EmojiCompatManager: 	at com.android.internal.os.HandlerCaller$MyHandler.handleMessage(HandlerCaller.java:44)
02-19 21:18:05.848 20022 20022 I EmojiCompatManager: 	at android.os.Handler.dispatchMessage(Handler.java:110)
02-19 21:18:05.848 20022 20022 I EmojiCompatManager: 	at android.os.Looper.loopOnce(Looper.java:248)
02-19 21:18:05.848 20022 20022 I EmojiCompatManager: 	at android.os.Looper.loop(Looper.java:338)
02-19 21:18:05.848 20022 20022 I EmojiCompatManager: 	at android.app.ActivityThread.main(ActivityThread.java:9067)
02-19 21:18:05.848 20022 20022 I EmojiCompatManager: 	at java.lang.reflect.Method.invoke(Native Method)
02-19 21:18:05.848 20022 20022 I EmojiCompatManager: 	at com.android.internal.os.RuntimeInit$MethodAndArgsCaller.run(RuntimeInit.java:593)
02-19 21:18:05.848 20022 20022 I EmojiCompatManager: 	at com.android.internal.os.ZygoteInit.main(ZygoteInit.java:932)
02-19 21:18:05.850 20022 20022 I Module  : DeviceLockedStatusModuleProvider$Module.updateDeviceLockedStatus():100 repeatCheckTimes = 1, locked = false
02-19 21:18:05.852   752  1456 W PackageConfigPersister: App-specific configuration not found for packageName: com.google.android.apps.nexuslauncher and userId: 0
02-19 21:18:05.860   752   807 I libprocessgroup: Removed cgroup /sys/fs/cgroup/apps/uid_10217/pid_32179
02-19 21:18:05.862 19166 19190 D QuickstepModelDelegate: notifyAppTargetEvent action=1 launchLocation=workspace/0/[-1,-1]/[1,1]
02-19 21:18:05.865  1971  2198 I AiAiEcho: Predicting[0]:  [CONTEXT sampling_count=5 ]
02-19 21:18:05.866  1971  2198 I AiAiEcho: EchoTargets: 
02-19 21:18:05.866  1971  2198 I AiAiEcho: Filtered by AiAi flag check: 
02-19 21:18:05.866  1971  2198 I AiAiEcho: [CONTEXT ratelimit_period="10 SECONDS" ]
02-19 21:18:05.867  1971  2198 I AiAiEcho: #remoteViewsTwiddler: feature disabled.
02-19 21:18:05.875  4449  4488 V WindowManagerShell: onTransitionReady(transaction=3229815435745)
02-19 21:18:05.876  4449  4467 V WindowManagerShell: onTransitionReady (#1011) android.os.BinderProxy@a9fbcf8: {id=1011 t=CLOSE f=0x0 trk=0 r=[0@Point(0, 0)] c=[
02-19 21:18:05.876  4449  4467 V WindowManagerShell:         {m=TO_FRONT f=SHOW_WALLPAPER|MOVE_TO_TOP leash=Surface(name=Task=1)/@0x2d85e0d sb=Rect(0, 0 - 1080, 2400) eb=Rect(0, 0 - 1080, 2400) epz=Point(1080, 2400) d=0 taskParent=-1},
02-19 21:18:05.876  4449  4467 V WindowManagerShell:         {m=CLOSE f=NONE leash=Surface(name=Task=145)/@0xdd631c2 sb=Rect(0, 0 - 1080, 2400) eb=Rect(0, 0 - 1080, 2400) epz=Point(1080, 2400) d=0 taskParent=-1},
02-19 21:18:05.876  4449  4467 V WindowManagerShell:         {m=TO_FRONT f=IS_WALLPAPER leash=Surface(name=WallpaperWindowToken{35e0c0f showWhenLocked=false})/@0x5687bd3 sb=Rect(0, 0 - 1080, 2400) eb=Rect(0, 0 - 1080, 2400) epz=Point(1080, 2400) d=0}
02-19 21:18:05.876  4449  4467 V WindowManagerShell:     ]}
02-19 21:18:05.877  4449  4467 V WindowManagerShell: Transition (#1011) android.os.BinderProxy@a9fbcf8@0 ready while (#1010) android.os.BinderProxy@9f007f3@0 is still animating. Notify the animating transition in case they can be merged
02-19 21:18:05.881   752   794 V WindowManager: Sent Transition (#1011) createdAt=02-19 21:18:05.677 via request=TransitionRequestInfo { type = CLOSE, triggerTask = TaskInfo{userId=0 taskId=145 effectiveUid=10217 displayId=0 isRunning=false baseIntent=Intent { act=android.intent.action.VIEW dat=intoss://takealook/... flg=0x10000000 cmp=viva.republica.toss.test/im.toss.rn.granite.core.GraniteActivity } baseActivity=null topActivity=null origActivity=null realActivity=ComponentInfo{viva.republica.toss.test/im.toss.rn.granite.core.GraniteActivity} numActivities=0 lastActiveTime=114941147 supportsMultiWindow=true resizeMode=1 isResizeable=true minWidth=-1 minHeight=-1 defaultMinSize=220 token=WCT{RemoteToken{854e651 Task{443712e #145 type=standard A=10217:viva.republica.toss.test}}} topActivityType=1 pictureInPictureParams=null shouldDockBigOverlays=false launchIntoPipHostTaskId=-1 lastParentTaskIdBeforePip=-1 displayCutoutSafeInsets=Rect(0, 0 - 0, 0) topActivityInfo=null launchCookies=[] positionInParent=Point(0, 0) parentTaskId=-1 isFocused=false isVisible=true isVisibleRequested=true isTopActivityNoDisplay=false isSleeping=false locusId=null displayAreaFeatureId=1 isTopActivityTransparent=false isActivityStackTransparent=true lastNonFullscreenBounds=Rect(284, 660 - 796, 1740) capturedLink=null capturedLinkTimestamp=0 requestedVisibleTypes=-9 topActivityRequestOpenInBrowserEducationTimestamp=0 appCompatTaskInfo=AppCompatTaskInfo { topActivityInSizeCompat=false eligibleForLetterboxEducation= false isLetterboxEducationEnabled= false isLetterboxDoubleTapEnabled= false eligibleForUserAspectRatioButton= false topActivityBoundsLetterboxed= false isFromLetterboxDoubleTap= false topActivityLetterboxVerticalPosition= -1 topActivityLetterboxHorizontalPosition= -1 topActivityLetterboxWidth=-1 topActivityLetterboxHeight=-1 topActivityAppBounds=Rect(0, 0 - 0, 0) isUserFullscreenOverrideEnabled=false isSystemFullscreenOverrideEnabled=false hasMinAspectRatioOverride=false topActivityLetterboxBounds=null cameraCompatTaskInfo=CameraCompatTaskInfo { freeformCameraCompatMode=undefined}} topActivityMainWindowFrame=null}, pipChange = null, remoteTransition = null, displayChange = null, flags = 0, debugId = 1011 }
02-19 21:18:05.881   752   794 V WindowManager:     startWCT=WindowContainerTransaction { changes= {} hops= [] errorCallbackToken=null taskFragmentOrganizer=null }
02-19 21:18:05.882   752   794 V WindowManager:     info={id=1011 t=CLOSE f=0x0 trk=0 r=[0@Point(0, 0)] c=[
02-19 21:18:05.882   752   794 V WindowManager:         {WCT{RemoteToken{5218fe8 Task{dd43522 #1 type=home}}} m=TO_FRONT f=SHOW_WALLPAPER|MOVE_TO_TOP leash=Surface(name=Task=1)/@0x8ddbd2e sb=Rect(0, 0 - 1080, 2400) eb=Rect(0, 0 - 1080, 2400) epz=Point(1080, 2400) d=0 taskParent=-1},
02-19 21:18:05.882   752   794 V WindowManager:         {WCT{RemoteToken{854e651 Task{443712e #145 type=standard A=10217:viva.republica.toss.test}}} m=CLOSE f=NONE leash=Surface(name=Task=145)/@0xc61f8db sb=Rect(0, 0 - 1080, 2400) eb=Rect(0, 0 - 1080, 2400) epz=Point(1080, 2400) d=0 taskParent=-1},
02-19 21:18:05.882   752   794 V WindowManager:         {m=TO_FRONT f=IS_WALLPAPER leash=Surface(name=WallpaperWindowToken{35e0c0f showWhenLocked=false})/@0x512f5be sb=Rect(0, 0 - 1080, 2400) eb=Rect(0, 0 - 1080, 2400) epz=Point(1080, 2400) d=0}
02-19 21:18:05.882   752   794 V WindowManager:     ]}
02-19 21:18:05.887  1971  2198 I AiAiEcho: #postPredictionTargets: Sending updates to UISurface home with targets# 0 (types=[])
02-19 21:18:05.887   458   458 I Zygote  : Process 32179 exited due to signal 9 (Killed)
02-19 21:18:05.888 19166 19166 D InsetsController: hide(ime(), fromIme=false)
02-19 21:18:05.888 19166 19166 I ImeTracker: com.google.android.apps.nexuslauncher:ad02765b: onCancelled at PHASE_CLIENT_ALREADY_HIDDEN
02-19 21:18:05.890  4449  4467 V WindowManagerShell: Transition animation finished (aborted=false), notifying core (#1010) android.os.BinderProxy@9f007f3@0
02-19 21:18:05.892   752  2417 D WifiNl80211Manager: Scan result ready event
02-19 21:18:05.893   752  2417 D WifiNative: Scan result ready event
02-19 21:18:05.898 19301 19312 I WifiScanner: onFullResults
02-19 21:18:05.905 19301 19312 I WifiScanner: onFullResults
02-19 21:18:05.914   752  1023 I HalDevMgr: bestIfaceCreationProposal is null, requestIface=STA, existingIface=[name=wlan0 type=STA]
02-19 21:18:05.925   752   794 V WindowManager: Finish Transition (#1010): created at 02-19 21:17:47.266 collect-started=0.281ms request-sent=35.065ms started=47.733ms ready=-1.14941113424E8ms sent=18343.623ms commit=11.275ms finished=18657.703ms
02-19 21:18:05.925 19166 19166 I NotificationListener: Handling notification state refresh for com.google.android.adservices.api#0
02-19 21:18:05.926 19166 19166 I NotificationListener: Handling notification state refresh for android#0
02-19 21:18:05.926 19166 19166 I NotificationListener: Handling notification state refresh for com.android.systemui#0
02-19 21:18:05.926  4449  4467 V WindowManagerShell: Playing animation for (#1011) android.os.BinderProxy@a9fbcf8@0
02-19 21:18:05.927  4449  4467 V ShellRecents: RecentsTransitionHandler.startAnimation: no controller found
02-19 21:18:05.927  4449  4467 V WindowManagerShell: Transition doesn't have explicit remote, search filters for match for {id=1011 t=CLOSE f=0x0 trk=0 r=[0@Point(0, 0)] c=[{m=TO_FRONT f=SHOW_WALLPAPER|MOVE_TO_TOP leash=Surface(name=Task=1)/@0x2d85e0d sb=Rect(0, 0 - 1080, 2400) eb=Rect(0, 0 - 1080, 2400) epz=Point(1080, 2400) d=0 taskParent=-1},{m=CLOSE f=NONE leash=Surface(name=Task=145)/@0xdd631c2 sb=Rect(0, 0 - 1080, 2400) eb=Rect(0, 0 - 1080, 2400) epz=Point(1080, 2400) d=0 taskParent=-1},{m=TO_FRONT f=IS_WALLPAPER leash=Surface(name=WallpaperWindowToken{35e0c0f showWhenLocked=false})/@0x5687bd3 sb=Rect(0, 0 - 1080, 2400) eb=Rect(0, 0 - 1080, 2400) epz=Point(1080, 2400) d=0}]}
02-19 21:18:05.928  4449  4467 V WindowManagerShell:  Checking filter Pair{{types=[] flags=0x0] notFlags=0x0 checks=[{atype=undefined independent=true modes=[CLOSE,TO_BACK] flags=IN_TASK_WITH_EMBEDDED_ACTIVITY mustBeTask=false order=ANY topActivity=null launchCookie=null taskFragmentToken=android.os.BinderProxy@71546f0 windowingMode=undefined}]} RemoteTransition { remoteTransition = android.window.IRemoteTransition$Stub$Proxy@d4c8469, appThread = android.app.IApplicationThread$Stub$Proxy@c228eee, debugName = overlayBackTransition }}
02-19 21:18:05.928  4449  4467 V WindowManagerShell:  Checking filter Pair{{types=[] flags=0x0] notFlags=0x0 checks=[{atype=dream independent=true modes=[OPEN,TO_FRONT] flags=NONE mustBeTask=false order=ANY topActivity=null launchCookie=null windowingMode=undefined},{atype=home independent=true modes=[CLOSE,TO_BACK] flags=NONE mustBeTask=false order=ANY topActivity=null launchCookie=null windowingMode=undefined}]} RemoteTransition { remoteTransition = android.window.IRemoteTransition$Stub$Proxy@c578f8f, appThread = android.app.IApplicationThread$Stub$Proxy@69fe21c, debugName = LauncherToDream }}
02-19 21:18:05.928  4449  4467 V WindowManagerShell:  Checking filter Pair{{types=[] flags=0x0] notFlags=0x100 checks=[{atype=home independent=true modes=[OPEN,TO_FRONT] flags=NONE mustBeTask=false order=TOP topActivity=ComponentInfo{com.google.android.apps.nexuslauncher/com.google.android.apps.nexuslauncher.NexusLauncherActivity} launchCookie=null windowingMode=undefined},{atype=standard independent=true modes=[CLOSE,TO_BACK] flags=NONE mustBeTask=false order=ANY topActivity=null launchCookie=null windowingMode=undefined},{NOT atype=undefined independent=true modes=[] flags=NONE mustBeTask=true order=ANY topActivity=null launchCookie=null customAnim=true windowingMode=undefined}]} RemoteTransition { remoteTransition = android.window.IRemoteTransition$Stub$Proxy@69ffe25, appThread = android.app.IApplicationThread$Stub$Proxy@72cabfa, debugName = QuickstepLaunchHome }}
02-19 21:18:05.928  4449  4467 D RemoteTransitionHandler: Found filterPair{{types=[] flags=0x0] notFlags=0x100 checks=[{atype=home independent=true modes=[OPEN,TO_FRONT] flags=NONE mustBeTask=false order=TOP topActivity=ComponentInfo{com.google.android.apps.nexuslauncher/com.google.android.apps.nexuslauncher.NexusLauncherActivity} launchCookie=null windowingMode=undefined},{atype=standard independent=true modes=[CLOSE,TO_BACK] flags=NONE mustBeTask=false order=ANY topActivity=null launchCookie=null windowingMode=undefined},{NOT atype=undefined independent=true modes=[] flags=NONE mustBeTask=true order=ANY topActivity=null launchCookie=null customAnim=true windowingMode=undefined}]} RemoteTransition { remoteTransition = android.window.IRemoteTransition$Stub$Proxy@69ffe25, appThread = android.app.IApplicationThread$Stub$Proxy@72cabfa, debugName = QuickstepLaunchHome }}
02-19 21:18:05.929  4449  4467 V WindowManagerShell:  Delegate animation for (#1011) to RemoteTransition { remoteTransition = android.window.IRemoteTransition$Stub$Proxy@69ffe25, appThread = android.app.IApplicationThread$Stub$Proxy@72cabfa, debugName = QuickstepLaunchHome }
02-19 21:18:05.933  4449  4467 V WindowManagerShell:  animated by com.android.wm.shell.transition.RemoteTransitionHandler@ef09705
02-19 21:18:05.947 19166 19166 D SsBaseTemplateCard: No text view can be set up
02-19 21:18:05.947 19166 19166 D SsBaseTemplateCard: Passed-in item info is null
02-19 21:18:05.947 19166 19166 D SsBaseTemplateCard: Passed-in item info is null
02-19 21:18:05.947 19166 19166 D SsBaseTemplateCard: Passed-in item info is null
02-19 21:18:05.948 19166 19166 I SsBaseTemplateCard: Secondary card pane is null
02-19 21:18:05.952   752   989 I ImeTracker: com.google.android.apps.nexuslauncher:51499447: onRequestHide at ORIGIN_SERVER reason HIDE_SAME_WINDOW_FOCUSED_WITHOUT_EDITOR fromUser false
02-19 21:18:05.966 20022 20022 I GoogleInputMethodService: GoogleInputMethodService.onFinishInput():2043 
02-19 21:18:05.969 20022 20022 I Module  : DeviceLockedStatusModuleProvider$Module.updateDeviceLockedStatus():100 repeatCheckTimes = 0, locked = false
02-19 21:18:05.976 19166 19166 D StateManager: createAtomicAnimation - fromState: Background, toState: Normal, partial trace:
02-19 21:18:05.976 19166 19166 D StateManager: 	at com.android.quickstep.util.ScalingWorkspaceRevealAnim.<init>(go/retraceme 72a59688580715d19f0e415c69e80376c2f062d1648c80db6730905005a27c20:39)
02-19 21:18:05.976 19166 19166 D StateManager: 	at com.android.launcher3.QuickstepTransitionManager.createWallpaperOpenAnimations(go/retraceme 72a59688580715d19f0e415c69e80376c2f062d1648c80db6730905005a27c20:168)
02-19 21:18:05.976 19166 19166 D StateManager: 	at com.android.launcher3.QuickstepTransitionManager$WallpaperOpenLauncherAnimationRunner.onAnimationStart(go/retraceme 72a59688580715d19f0e415c69e80376c2f062d1648c80db6730905005a27c20:17)
02-19 21:18:05.979 19166 19166 D b/311077782: LauncherAnimationRunner.setAnimation
02-19 21:18:05.981 19166 19190 W HWUI    : Image decoding logging dropped!
02-19 21:18:05.987 20022 20022 I GoogleInputMethodService: GoogleInputMethodService.onStartInput():1293 onStartInput(EditorInfo{EditorInfo{packageName=com.google.android.apps.nexuslauncher, inputType=0, inputTypeString=NULL, enableLearning=false, autoCorrection=false, autoComplete=false, imeOptions=0, privateImeOptions=null, actionName=UNSPECIFIED, actionLabel=null, initialSelStart=-1, initialSelEnd=-1, initialCapsMode=0, label=null, fieldId=0, fieldName=null, extras=null, hintText=null, hintLocales=[]}}, false)
02-19 21:18:05.988 20022 20022 I EmojiCompatManager: EmojiCompatManager.getEmojiCompatIfLoaded():343 EmojiCompat.init() was never called.
02-19 21:18:05.988 20022 20022 I EmojiCompatManager: java.lang.IllegalStateException: EmojiCompat is not initialized. Please call EmojiCompat.init() first
02-19 21:18:05.988 20022 20022 I EmojiCompatManager: 	at asx.p(PG:6)
02-19 21:18:05.988 20022 20022 I EmojiCompatManager: 	at axb.b(PG:13)
02-19 21:18:05.988 20022 20022 I EmojiCompatManager: 	at jnr.b(PG:2)
02-19 21:18:05.988 20022 20022 I EmojiCompatManager: 	at jnr.c(PG:4)
02-19 21:18:05.988 20022 20022 I EmojiCompatManager: 	at jnr.f(PG:3)
02-19 21:18:05.988 20022 20022 I EmojiCompatManager: 	at jnx.c(PG:3)
02-19 21:18:05.988 20022 20022 I EmojiCompatManager: 	at kif.cz(PG:47)
02-19 21:18:05.988 20022 20022 I EmojiCompatManager: 	at lhl.run(PG:1025)
02-19 21:18:05.988 20022 20022 I EmojiCompatManager: 	at jaf.execute(PG:12)
02-19 21:18:05.988 20022 20022 I EmojiCompatManager: 	at nco.v(PG:13)
02-19 21:18:05.988 20022 20022 I EmojiCompatManager: 	at lhn.m(PG:96)
02-19 21:18:05.988 20022 20022 I EmojiCompatManager: 	at lhn.k(PG:25)
02-19 21:18:05.988 20022 20022 I EmojiCompatManager: 	at kgn.onStartInput(PG:250)
02-19 21:18:05.988 20022 20022 I EmojiCompatManager: 	at android.inputmethodservice.InputMethodService.doStartInput(InputMethodService.java:3521)
02-19 21:18:05.988 20022 20022 I EmojiCompatManager: 	at android.inputmethodservice.InputMethodService$InputMethodImpl.startInput(InputMethodService.java:879)
02-19 21:18:05.988 20022 20022 I EmojiCompatManager: 	at android.inputmethodservice.InputMethodService$InputMethodImpl.dispatchStartInput(InputMethodService.java:908)
02-19 21:18:05.988 20022 20022 I EmojiCompatManager: 	at android.inputmethodservice.IInputMethodWrapper.executeMessage(IInputMethodWrapper.java:201)
02-19 21:18:05.988 20022 20022 I EmojiCompatManager: 	at com.android.internal.os.HandlerCaller$MyHandler.handleMessage(HandlerCaller.java:44)
02-19 21:18:05.988 20022 20022 I EmojiCompatManager: 	at android.os.Handler.dispatchMessage(Handler.java:110)
02-19 21:18:05.988 20022 20022 I EmojiCompatManager: 	at android.os.Looper.loopOnce(Looper.java:248)
02-19 21:18:05.988 20022 20022 I EmojiCompatManager: 	at android.os.Looper.loop(Looper.java:338)
02-19 21:18:05.988 20022 20022 I EmojiCompatManager: 	at android.app.ActivityThread.main(ActivityThread.java:9067)
02-19 21:18:05.988 20022 20022 I EmojiCompatManager: 	at java.lang.reflect.Method.invoke(Native Method)
02-19 21:18:05.988 20022 20022 I EmojiCompatManager: 	at com.android.internal.os.RuntimeInit$MethodAndArgsCaller.run(RuntimeInit.java:593)
02-19 21:18:05.988 20022 20022 I EmojiCompatManager: 	at com.android.internal.os.ZygoteInit.main(ZygoteInit.java:932)
02-19 21:18:05.990 20022 20022 I Module  : DeviceLockedStatusModuleProvider$Module.updateDeviceLockedStatus():100 repeatCheckTimes = 1, locked = false
02-19 21:18:05.992   752  2419 W PackageConfigPersister: App-specific configuration not found for packageName: com.google.android.apps.nexuslauncher and userId: 0
02-19 21:18:06.016  4449  4474 W WindowOnBackDispatcher: sendCancelIfRunning: isInProgress=false callback=android.view.ViewRootImpl$$ExternalSyntheticLambda13@f8ff186
02-19 21:18:06.017   752  2417 D CoreBackPreview: Window{f19723a u0 Splash Screen viva.republica.toss.test EXITING}: Setting back callback null
02-19 21:18:06.020 19166 19166 D InsetsController: hide(ime(), fromIme=false)
02-19 21:18:06.021 19166 19166 I ImeTracker: com.google.android.apps.nexuslauncher:51499447: onCancelled at PHASE_CLIENT_ALREADY_HIDDEN
02-19 21:18:06.042   615 17673 W IPCThreadState: Sending oneway calls to frozen process.
02-19 21:18:06.065   752   797 W IPCThreadState: Sending oneway calls to frozen process.
02-19 21:18:06.067   752   797 W IPCThreadState: Sending oneway calls to frozen process.
02-19 21:18:06.068   752   797 W IPCThreadState: Sending oneway calls to frozen process.
02-19 21:18:06.069   752   797 W IPCThreadState: Sending oneway calls to frozen process.
02-19 21:18:06.069   752   797 W IPCThreadState: Sending oneway calls to frozen process.
02-19 21:18:06.070   752   797 W IPCThreadState: Sending oneway calls to frozen process.
02-19 21:18:06.071   752   797 W IPCThreadState: Sending oneway calls to frozen process.
02-19 21:18:06.072   752   797 W IPCThreadState: Sending oneway calls to frozen process.
02-19 21:18:06.072   752   797 W IPCThreadState: Sending oneway calls to frozen process.
02-19 21:18:06.072   752   797 W IPCThreadState: Sending oneway calls to frozen process.
02-19 21:18:06.073   752   797 W IPCThreadState: Sending oneway calls to frozen process.
02-19 21:18:06.073   752   797 W IPCThreadState: Sending oneway calls to frozen process.
02-19 21:18:06.075   752   797 W IPCThreadState: Sending oneway calls to frozen process.
02-19 21:18:06.077   752   797 W IPCThreadState: Sending oneway calls to frozen process.
02-19 21:18:06.079   752   797 W IPCThreadState: Sending oneway calls to frozen process.
02-19 21:18:06.081   752   797 W IPCThreadState: Sending oneway calls to frozen process.
02-19 21:18:06.082   752   797 W IPCThreadState: Sending oneway calls to frozen process.
02-19 21:18:06.083   752   797 W ProcessStats: Tracking association SourceState{1b917ca system/1000 BFgs #26515} whose proc state 4 is better than process ProcessState{42c4ef0 com.google.android.ext.services/10208 pkg=com.google.android.ext.services} proc state 14 (7 skipped)
02-19 21:18:06.092   531   531 I BpBinder: onLastStrongRef automatically unlinking death recipients: 
02-19 21:18:08.191   531   568 W EventThread: Faking VSYNC due to driver stall for thread app
02-19 21:18:08.199  4449  4474 I Choreographer: Skipped 92 frames!  The application may be doing too much work on its main thread.
02-19 21:18:08.214 19166 19166 W InteractionJankMonitor: CUJ cancelled due to timeout, CUJ=LAUNCHER_APP_CLOSE_TO_HOME
02-19 21:18:08.222 19166 19166 D ScalingWorkspaceRevealAnim: alpha of workspace at the end of animation: 1.0
02-19 21:18:08.230  4449  4467 V WindowManagerShell: Transition animation finished (aborted=false), notifying core (#1011) android.os.BinderProxy@a9fbcf8@0
02-19 21:18:08.237   752   794 V WindowManager: Finish Transition (#1011): created at 02-19 21:18:05.677 collect-started=0.141ms request-sent=0.302ms started=85.196ms ready=175.309ms sent=194.457ms commit=67.771ms finished=2557.098ms
02-19 21:18:08.248 19166 19200 I HWUI    : Davey! duration=1604ms; Flags=0, FrameTimelineVsyncId=2224030, IntendedVsync=114960437675106, Vsync=114960454341772, InputEventId=0, HandleInputStart=114960465015917, AnimationStart=114960465060917, PerformTraversalsStart=114960466882917, DrawStart=114960467024917, FrameDeadline=114960521008436, FrameStartTime=114960464983917, FrameInterval=16666666, WorkloadTarget=16666666, SyncQueued=114960467278917, SyncStart=114960493079917, IssueDrawCommandsStart=114960493667917, SwapBuffers=114960494751917, FrameCompleted=114962068432917, DequeueBufferDuration=1558641000, QueueBufferDuration=680000, GpuCompleted=114962068432917, SwapBuffersCompleted=114962055868917, DisplayPresentTime=0, CommandSubmissionCompleted=114960494751917, 
02-19 21:18:08.253  4449  4467 V WindowManagerShell: Track 0 became idle
02-19 21:18:08.253  4449  4467 V WindowManagerShell: All active transition animations finished
