02-19 21:18:08.281 19166 19166 D RecentsView: onTaskRemoved: 145, not handling task stack changes
02-19 21:18:08.310 32185 32185 W dumpsys : Thread Pool max thread count is 0. Cannot cache binder as linkToDeath cannot be implemented. serviceName: window
02-19 21:18:08.316 19166 19166 D RecentsView: onTaskRemoved: 145, not handling task stack changes
02-19 21:18:08.341   752  2375 I system_server: AssetManager2(0x7d8fac4e23f8) locale list changing from [] to [en-US]
02-19 21:18:08.348   752  2375 I system_server: AssetManager2(0x7d8fac4d10f8) locale list changing from [] to [en-US]
02-19 21:18:08.358   752  2375 I system_server: AssetManager2(0x7d8fac438538) locale list changing from [] to [en-US]
02-19 21:18:08.369   752  2375 I system_server: AssetManager2(0x7d8fac45e378) locale list changing from [] to [en-US]
02-19 21:18:08.373   752  2375 I system_server: AssetManager2(0x7d8fac4d7e58) locale list changing from [] to [en-US]
02-19 21:18:08.381   752  2375 I system_server: AssetManager2(0x7d8fac4c8138) locale list changing from [] to [en-US]
02-19 21:18:08.791 32190 32190 W dumpsys : Thread Pool max thread count is 0. Cannot cache binder as linkToDeath cannot be implemented. serviceName: package
02-19 21:18:08.831   752   795 W ActivityTaskManager: callingPackage for (uid=-1, pid=0) has no WPC
02-19 21:18:08.832   752   795 W ActivityStartInterceptor: Starting home with component specified, uid=0
02-19 21:18:08.833   752   795 W OptProp : Cannot read opt property android.window.PROPERTY_COMPAT_ALLOW_USER_ASPECT_RATIO_OVERRIDE
02-19 21:18:08.833   752   795 W OptProp : Cannot read opt property android.window.PROPERTY_COMPAT_ALLOW_USER_ASPECT_RATIO_FULLSCREEN_OVERRIDE
02-19 21:18:08.833   752   795 W OptProp : Cannot read opt property android.window.PROPERTY_COMPAT_ALLOW_RESIZEABLE_ACTIVITY_OVERRIDES
02-19 21:18:08.834   752   795 W OptProp : Cannot read opt property android.window.PROPERTY_COMPAT_ALLOW_MIN_ASPECT_RATIO_OVERRIDE
02-19 21:18:08.834   752   795 V GrammaticalInflectionUtils: AttributionSource: android.content.AttributionSource@1abea79a does not have READ_SYSTEM_GRAMMATICAL_GENDER permission.
02-19 21:18:08.835  4449  4449 I vol.VolumeDialogImpl: mDialog.dismiss() reason: volume_controller from: com.android.systemui.volume.VolumeDialogImpl$7.onDismissRequested:3
02-19 21:18:08.845  4449 21898 D KeyguardService: setOccluded(false)
02-19 21:18:08.845  4449 21898 D KeyguardViewMediator: setOccluded(false)
02-19 21:18:08.847   752   795 I ActivityTaskManager: START u0 {act=android.intent.action.MAIN cat=[android.intent.category.HOME] flg=0x10000100 cmp=com.google.android.apps.nexuslauncher/.NexusLauncherActivity (has extras)} with LAUNCH_SINGLE_TASK from uid 0 (BAL_ALLOW_ALLOWLISTED_UID) result code=3
02-19 21:18:08.851  4449  4467 D WindowManagerShell: onActivityRestartAttempt: topActivity=ComponentInfo{com.google.android.apps.nexuslauncher/com.google.android.apps.nexuslauncher.NexusLauncherActivity}, wasVisible=true
02-19 21:18:08.853 19166 19166 W SplitSelectStateCtor: Missing session instanceIds
02-19 21:18:08.853 19166 19166 D StatsLog: LAUNCHER_SPLIT_SELECTION_EXIT_INTERRUPTED
02-19 21:18:08.855 19166 19166 D TFOManager: playPanelCloseAnimation() duration=200 traceTag=LauncherOverlay-hide isHomeButtonTap=true
02-19 21:18:08.855  4449  4449 D KeyguardViewMediator: handleSetOccluded(false)
02-19 21:18:08.855 19166 19166 D TFOManager: Skipped creating panel close animation because -1 is invisible.
02-19 21:18:08.855 19166 19166 D OverviewCommandHelper: clearing pending commands: []
02-19 21:18:08.856  4449  4449 D KeyguardViewMediator: KeyguardViewMediator queue processing message: SET_OCCLUDED
02-19 21:18:08.864 19166 19166 D StatsLog: LAUNCHER_ONRESUME
02-19 21:18:08.873   531   602 I BpBinder: onLastStrongRef automatically unlinking death recipients: 
02-19 21:18:08.907 19166 19166 I NotificationListener: Handling notification state refresh for com.google.android.adservices.api#0
02-19 21:18:08.907 19166 19166 I NotificationListener: Handling notification state refresh for android#0
02-19 21:18:08.907 19166 19166 I NotificationListener: Handling notification state refresh for com.android.systemui#0
02-19 21:18:08.914 19166 19190 D QuickstepModelDelegate: notifyAppTargetEvent action=1 launchLocation=workspace/0/[-1,-1]/[1,1]
02-19 21:18:08.938  1971  2198 I AiAiEcho: Predicting[0]:  [CONTEXT sampling_count=5 ]
02-19 21:18:08.938  1971  2198 I AiAiEcho: EchoTargets: 
02-19 21:18:08.938  1971  2198 I AiAiEcho: Filtered by AiAi flag check: 
02-19 21:18:08.938  1971  2198 I AiAiEcho: [CONTEXT ratelimit_period="10 SECONDS" ]
02-19 21:18:08.939  1971  2198 I AiAiEcho: #remoteViewsTwiddler: feature disabled.
02-19 21:18:08.940  1971  2198 I AiAiEcho: #postPredictionTargets: Sending updates to UISurface home with targets# 0 (types=[])
02-19 21:18:08.942 19166 19166 D SsBaseTemplateCard: No text view can be set up
02-19 21:18:08.942 19166 19166 D SsBaseTemplateCard: Passed-in item info is null
02-19 21:18:08.943 19166 19166 D SsBaseTemplateCard: Passed-in item info is null
02-19 21:18:08.943 19166 19166 D SsBaseTemplateCard: Passed-in item info is null
02-19 21:18:08.943 19166 19166 I SsBaseTemplateCard: Secondary card pane is null
02-19 21:18:09.100 32081 32081 I artd    : GetBestInfo: odex next to the dex file (/data/app/~~O-UZzK0jUU9NLgS3MODOZA==/com.google.android.gms-YQ2L6GsYyKuvu9MvIBK1EQ==/oat/x86_64/base.odex) is kOatUpToDate with filter 'speed-profile' executable 'false'
02-19 21:18:09.106 32081 32081 I artd    : GetBestInfo: odex next to the dex file (/data/app/~~O-UZzK0jUU9NLgS3MODOZA==/com.google.android.gms-YQ2L6GsYyKuvu9MvIBK1EQ==/oat/x86_64/split_AdsDynamite_installtime.odex) is kOatUpToDate with filter 'speed' executable 'false'
02-19 21:18:09.109 32081 32081 I artd    : GetBestInfo: odex next to the dex file (/data/app/~~O-UZzK0jUU9NLgS3MODOZA==/com.google.android.gms-YQ2L6GsYyKuvu9MvIBK1EQ==/oat/x86_64/split_CronetDynamite_installtime.odex) is kOatUpToDate with filter 'speed' executable 'false'
02-19 21:18:09.113 32081 32081 I artd    : GetBestInfo: odex next to the dex file (/data/app/~~O-UZzK0jUU9NLgS3MODOZA==/com.google.android.gms-YQ2L6GsYyKuvu9MvIBK1EQ==/oat/x86_64/split_DynamiteLoader_installtime.odex) is kOatUpToDate with filter 'speed' executable 'false'
02-19 21:18:09.119 32081 32081 I artd    : GetBestInfo: odex next to the dex file (/data/app/~~O-UZzK0jUU9NLgS3MODOZA==/com.google.android.gms-YQ2L6GsYyKuvu9MvIBK1EQ==/oat/x86_64/split_DynamiteModulesA_installtime.odex) is kOatUpToDate with filter 'speed' executable 'false'
02-19 21:18:09.126 32081 32081 I artd    : GetBestInfo: odex next to the dex file (/data/app/~~O-UZzK0jUU9NLgS3MODOZA==/com.google.android.gms-YQ2L6GsYyKuvu9MvIBK1EQ==/oat/x86_64/split_DynamiteModulesC_installtime.odex) is kOatUpToDate with filter 'speed' executable 'false'
02-19 21:18:09.133 32081 32081 I artd    : GetBestInfo: odex next to the dex file (/data/app/~~O-UZzK0jUU9NLgS3MODOZA==/com.google.android.gms-YQ2L6GsYyKuvu9MvIBK1EQ==/oat/x86_64/split_GoogleCertificates_installtime.odex) is kOatUpToDate with filter 'speed' executable 'false'
02-19 21:18:09.138 32081 32081 I artd    : GetBestInfo: odex next to the dex file (/data/app/~~O-UZzK0jUU9NLgS3MODOZA==/com.google.android.gms-YQ2L6GsYyKuvu9MvIBK1EQ==/oat/x86_64/split_MapsDynamite_installtime.odex) is kOatUpToDate with filter 'speed' executable 'false'
02-19 21:18:09.145 32081 32081 I artd    : GetBestInfo: odex next to the dex file (/data/app/~~O-UZzK0jUU9NLgS3MODOZA==/com.google.android.gms-YQ2L6GsYyKuvu9MvIBK1EQ==/oat/x86_64/split_MeasurementDynamite_installtime.odex) is kOatUpToDate with filter 'speed' executable 'false'
02-19 21:18:09.149 32081 32081 I artd    : GetBestInfo: /data/app/~~O-UZzK0jUU9NLgS3MODOZA==/com.google.android.gms-YQ2L6GsYyKuvu9MvIBK1EQ==/split_maps_core_dynamite_ondemand.apk has no usable artifacts
02-19 21:18:09.154 32081 32081 I artd    : GetBestInfo: /data/user_de/0/com.google.android.gms/app_chimera/m/0000000c/dl-Appsearch.optional_250834100800.apk has no usable artifacts
02-19 21:18:09.155 32081 32081 I artd    : GetBestInfo: /data/user_de/0/com.google.android.gms/app_chimera/m/00000001/CronetDynamite.apk has no usable artifacts
02-19 21:18:09.156 32081 32081 I artd    : GetBestInfo: /data/user_de/0/com.google.android.gms/app_chimera/m/00000002/DynamiteLoader.apk has no usable artifacts
02-19 21:18:09.159 32081 32081 I artd    : GetBestInfo: /data/user_de/0/com.google.android.gms/app_chimera/m/00000005/GoogleCertificates.apk has no usable artifacts
02-19 21:18:09.163 32081 32081 I artd    : GetBestInfo: /data/user_de/0/com.google.android.gms/app_chimera/m/00000009/dl-TfliteDynamiteDynamite.integ_252130102100800.apk has no usable artifacts
02-19 21:18:09.170 32081 32081 I artd    : GetBestInfo: vdex next to the dex file (/data/user/0/com.google.android.gms/app_dg_cache/BF7C023AB90CCF01D1F467FC1CEBAF866511FF29/oat/x86_64/the.vdex) is kOatUpToDate with filter 'verify' executable 'false'
02-19 21:18:09.174 32081 32081 I artd    : GetBestInfo: /data/user_de/0/com.google.android.gms/app_chimera/m/00000010/dl-PlayCloudSearch.optional_250834100000.apk has no usable artifacts
02-19 21:18:09.177 32081 32081 I artd    : GetBestInfo: /data/user_de/0/com.google.android.gms/app_chimera/m/00000017/dl-PlayCloudSearch.optional_260438100000.apk has no usable artifacts
02-19 21:18:09.181 32081 32081 I artd    : GetBestInfo: /data/user_de/0/com.google.android.gms/app_chimera/m/00000015/dl-MlkitOcrCommon.optional_260438100800.apk has no usable artifacts
02-19 21:18:09.184 32081 32081 I artd    : GetBestInfo: /data/user_de/0/com.google.android.gms/app_chimera/m/00000013/dl-MlkitBarcodeUi.optional_260438100800.apk has no usable artifacts
02-19 21:18:09.188 32081 32081 I artd    : GetBestInfo: /data/user_de/0/com.google.android.gms/app_chimera/m/0000000f/dl-MlkitOcrCommon.optional_250834100800.apk has no usable artifacts
02-19 21:18:09.192 32081 32081 I artd    : GetBestInfo: /data/user_de/0/com.google.android.gms/app_chimera/m/0000000d/dl-VisionOcr.optional_250834100000.apk has no usable artifacts
02-19 21:18:09.197 32081 32081 I artd    : GetBestInfo: /data/user_de/0/com.google.android.gms/app_chimera/m/0000000a/dl-MlkitBarcodeUi.optional_250834100800.apk has no usable artifacts
02-19 21:18:09.201 32081 32081 I artd    : GetBestInfo: /data/user_de/0/com.google.android.gms/app_chimera/m/00000011/dl-VisionOcr.optional_260438100000.apk has no usable artifacts
02-19 21:18:09.205 32081 32081 I artd    : GetBestInfo: /data/user_de/0/com.google.android.gms/app_chimera/m/00000012/dl-Appsearch.optional_260438100800.apk has no usable artifacts
02-19 21:18:09.211 32081 32081 I artd    : GetBestInfo: vdex next to the dex file (/data/user/0/com.google.android.gms/app_dg_cache/94DF452EEF4B8E717545DCDEA6CC3C50A319A195/oat/x86_64/the.vdex) is kOatUpToDate with filter 'verify' executable 'false'
02-19 21:18:09.214 32081 32081 I artd    : GetBestInfo: /data/user_de/0/com.google.android.gms/app_chimera/m/00000007/MeasurementDynamite.apk has no usable artifacts
02-19 21:18:09.217 32081 32081 I artd    : GetBestInfo: /data/user_de/0/com.google.android.gms/app_chimera/m/00000018/dl-AdsFdrDynamite.integ_254380203100000.apk has no usable artifacts
02-19 21:18:09.276   752   775 W system_server: Suspending all threads took: 32.987ms
02-19 21:18:09.380   752   775 I system_server: Background concurrent mark compact GC freed 23MB AllocSpace bytes, 26(552KB) LOS objects, 41% free, 33MB/57MB, paused 42.079ms,5.225ms total 344.004ms
02-19 21:18:10.343 19166 20392 D OverviewCommandHelper: command added: CommandInfo(type=TOGGLE, status=IDLE, createTime=114964189, animationCallbacks=null, displayId=0, isLastOfBatch=true)
02-19 21:18:10.343 19166 20392 D OverviewCommandHelper: execute: CommandInfo(type=TOGGLE, status=IDLE, createTime=114964189, animationCallbacks=null, displayId=0, isLastOfBatch=true) - queue size: 1
02-19 21:18:10.352 19166 19166 D OverviewCommandHelper: executing command: CommandInfo(type=TOGGLE, status=PROCESSING, createTime=114964189, animationCallbacks=null, displayId=0, isLastOfBatch=true)
02-19 21:18:10.353 19166 19166 D OverviewCommandHelper: executeCommand: CommandInfo(type=TOGGLE, status=PROCESSING, createTime=114964189, animationCallbacks=null, displayId=0, isLastOfBatch=true) - visibleRecentsView: null
02-19 21:18:10.353 19166 19166 D OverviewCommandHelper: Querying TaskbarManager for TaskbarUIController for display: 0
02-19 21:18:10.353 19166 19166 D OverviewCommandHelper: TaskbarUIController for display 0 was found
02-19 21:18:10.354 19166 19166 D TFOManager: playPanelCloseAnimation() duration=150 traceTag=LauncherOverlay-hide isHomeButtonTap=true
02-19 21:18:10.354 19166 19166 D TFOManager: Skipped creating panel close animation because -1 is invisible.
02-19 21:18:10.355 19166 19166 D StateManager: goToState - fromState: Normal, toState: Overview, partial trace:
02-19 21:18:10.355 19166 19166 D StateManager: 	at com.android.quickstep.LauncherActivityInterface.switchToRecentsIfVisible(go/retraceme 72a59688580715d19f0e415c69e80376c2f062d1648c80db6730905005a27c20:39)
02-19 21:18:10.355 19166 19166 D StateManager: 	at com.android.quickstep.OverviewCommandHelper.executeWhenRecentsIsNotVisible(go/retraceme 72a59688580715d19f0e415c69e80376c2f062d1648c80db6730905005a27c20:292)
02-19 21:18:10.355 19166 19166 D StateManager: 	at com.android.quickstep.OverviewCommandHelper.executeCommand(go/retraceme 72a59688580715d19f0e415c69e80376c2f062d1648c80db6730905005a27c20:49)
02-19 21:18:10.357 19166 19166 D OverviewCommandHelper: switching to Overview state - waiting: CommandInfo(type=TOGGLE, status=PROCESSING, createTime=114964189, animationCallbacks=null, displayId=0, isLastOfBatch=true)
02-19 21:18:10.357 19166 19166 D OverviewCommandHelper: command executed: CommandInfo(type=TOGGLE, status=PROCESSING, createTime=114964189, animationCallbacks=null, displayId=0, isLastOfBatch=true) with result: false
02-19 21:18:10.357 19166 19166 D OverviewCommandHelper: waiting for command callback: CommandInfo(type=TOGGLE, status=PROCESSING, createTime=114964189, animationCallbacks=null, displayId=0, isLastOfBatch=true)
02-19 21:18:10.370 19166 19166 D StateManager: onStateTransitionStart - state: Overview
02-19 21:18:10.370 19166 19166 D RecentsView: updateTaskStackListenerState: true
02-19 21:18:10.371 19166 19166 D RecentsView: reloadIfNeeded - getTasks: 565
02-19 21:18:10.375  4449  4449 I vol.VolumeDialogImpl: mDialog.dismiss() reason: volume_controller from: com.android.systemui.volume.VolumeDialogImpl$7.onDismissRequested:3
02-19 21:18:10.377 19166 19166 D OverviewCommandHelper: switching to Overview state - onAnimationStart: CommandInfo(type=TOGGLE, status=PROCESSING, createTime=114964189, animationCallbacks=null, displayId=0, isLastOfBatch=true)
02-19 21:18:10.377 19166 19166 D StatsLog: LAUNCHER_OVERVIEW_SHOW_OVERVIEW_FROM_3_BUTTON
02-19 21:18:10.383   752  1095 D BackgroundInstallControlService: Package event received: 0
02-19 21:18:11.750   531   568 W EventThread: Faking VSYNC due to driver stall for thread app
02-19 21:18:11.762 19166 20392 I HWUI    : Davey! duration=1394ms; Flags=0, FrameTimelineVsyncId=2224413, IntendedVsync=114964204341622, Vsync=114964204341622, InputEventId=0, HandleInputStart=114964209228917, AnimationStart=114964209266917, PerformTraversalsStart=114964209437917, DrawStart=114964209685917, FrameDeadline=114964221008288, FrameStartTime=114964209206917, FrameInterval=16666666, WorkloadTarget=16666666, SyncQueued=114964210270917, SyncStart=114964211778917, IssueDrawCommandsStart=114964212430917, SwapBuffers=114964215180917, FrameCompleted=114965599850917, DequeueBufferDuration=132000, QueueBufferDuration=1161000, GpuCompleted=114965599850917, SwapBuffersCompleted=114964218959917, DisplayPresentTime=0, CommandSubmissionCompleted=114964215180917, 
02-19 21:18:11.795   752  1856 E TaskPersister: File error accessing recents directory (directory doesn't exist?).
02-19 21:18:11.799 19166 19166 D RecentsView: applyLoadPlan - taskGroups: [type=SINGLE task=[id=12 windowingMode=0 user=0 lastActiveTime=89737] null, type=SINGLE task=[id=49 windowingMode=1 user=0 lastActiveTime=87698314] null, type=SINGLE task=[id=145 windowingMode=1 user=0 lastActiveTime=114941147] null]
02-19 21:18:11.810   752  2503 W ActivityTaskManager: takeTaskSnapshot: taskId=145 not found or not visible
02-19 21:18:11.818 19166 20297 W HWUI    : Image decoding logging dropped!
02-19 21:18:11.853 20022 20022 I StylusModule: StylusModule.onUpdateToolType():801 Update tool type = 0
02-19 21:18:11.859 19166 19166 D StateManager: goToState - fromState: Overview, toState: Normal, partial trace:
02-19 21:18:11.859 19166 19166 D StateManager: 	at com.android.launcher3.LauncherState.onBackInvoked(go/retraceme 72a59688580715d19f0e415c69e80376c2f062d1648c80db6730905005a27c20:24)
02-19 21:18:11.859 19166 19166 D StateManager: 	at com.android.launcher3.uioverrides.states.OverviewState.onBackInvoked(go/retraceme 72a59688580715d19f0e415c69e80376c2f062d1648c80db6730905005a27c20:31)
02-19 21:18:11.859 19166 19166 D StateManager: 	at com.android.launcher3.Launcher.onStateBack(go/retraceme 72a59688580715d19f0e415c69e80376c2f062d1648c80db6730905005a27c20:9)
02-19 21:18:11.860 19166 19166 D StateManager: cancelAnimation - with ongoing animation, partial trace:
02-19 21:18:11.860 19166 19166 D StateManager: 	at com.android.launcher3.statemanager.StateManager.goToState(go/retraceme 72a59688580715d19f0e415c69e80376c2f062d1648c80db6730905005a27c20:18)
02-19 21:18:11.860 19166 19166 D StateManager: 	at com.android.launcher3.statemanager.StateManager.goToState(go/retraceme 72a59688580715d19f0e415c69e80376c2f062d1648c80db6730905005a27c20:4)
02-19 21:18:11.860 19166 19166 D StateManager: 	at com.android.launcher3.statemanager.StateManager.goToState(go/retraceme 72a59688580715d19f0e415c69e80376c2f062d1648c80db6730905005a27c20:2)
02-19 21:18:11.860 19166 19166 D OverviewCommandHelper: switching to Overview state - onAnimationEnd: CommandInfo(type=TOGGLE, status=PROCESSING, createTime=114964189, animationCallbacks=null, displayId=0, isLastOfBatch=true)
02-19 21:18:11.860 19166 19166 D OverviewCommandHelper: command executed: CommandInfo(type=TOGGLE, status=PROCESSING, createTime=114964189, animationCallbacks=null, displayId=0, isLastOfBatch=true) with result: true
02-19 21:18:11.861 19166 19166 D OverviewCommandHelper: command executed successfully! CommandInfo(type=TOGGLE, status=COMPLETED, createTime=114964189, animationCallbacks=null, displayId=0, isLastOfBatch=true)
02-19 21:18:11.861 19166 19166 D OverviewCommandHelper: no pending commands to be executed.
02-19 21:18:11.861 19166 19166 D RecentsView: finishRecentsAnimation - mRecentsAnimationController: null
02-19 21:18:11.861 19166 19166 D RecentsView: cleanupRemoteTargets - mRemoteTargetHandles: null
02-19 21:18:11.939 19166 19166 D StateManager: onStateTransitionStart - state: Normal
02-19 21:18:11.939 19166 19166 D RecentsView: updateTaskStackListenerState: false
02-19 21:18:11.944 19166 19166 D OverviewActionsView: updateForGroupedTask() called with: isGroupedTask = [false], canSaveAppPair = [false]
02-19 21:18:11.944 19166 19166 D OverviewActionsView: updateActionButtonsVisibility() called: showSingleTaskActions = [true], showGroupActions = [false]
02-19 21:18:11.945   752  1095 D BackgroundInstallControlService: Package event received: 0
02-19 21:18:12.023 19166 19166 W FrameTracker: Missed App frame:UNKNOWN: 3, 2224450, 141236353, CUJ=J<RECENTS_SCROLLING>
02-19 21:18:12.023 19166 19166 W FrameTracker: Missed SF frame:UNKNOWN: 3, 2224450, 141236353, CUJ=J<RECENTS_SCROLLING>
02-19 21:18:13.304   531   568 W EventThread: Faking VSYNC due to driver stall for thread app
02-19 21:18:13.315 19166 19166 I Choreographer: Skipped 76 frames!  The application may be doing too much work on its main thread.
02-19 21:18:13.324 19166 19166 D StateManager: onStateTransitionEnd - state: Normal
02-19 21:18:13.325 19166 19166 D RecentsView: reset - mEnableDrawingLiveTile: false, mRecentsAnimationController: null
02-19 21:18:13.325 19166 19166 D ActivityAllAppsContainerView: rebindAdapters: force: false
02-19 21:18:13.325 19166 19166 D ActivityAllAppsContainerView: rebindAdapters: Not needed.
02-19 21:18:13.332 19166 19166 D OverviewActionsView: updateForGroupedTask() called with: isGroupedTask = [false], canSaveAppPair = [false]
02-19 21:18:13.333 19166 19166 D OverviewActionsView: updateActionButtonsVisibility() called: showSingleTaskActions = [true], showGroupActions = [false]
02-19 21:18:13.359 19166 19200 I HWUI    : Davey! duration=1308ms; Flags=0, FrameTimelineVsyncId=2224538, IntendedVsync=114965871008222, Vsync=114965887674888, InputEventId=0, HandleInputStart=114965889162917, AnimationStart=114965889195917, PerformTraversalsStart=114965890799917, DrawStart=114965891104917, FrameDeadline=114965921008220, FrameStartTime=114965889133917, FrameInterval=16666666, WorkloadTarget=16666666, SyncQueued=114965891251917, SyncStart=114965891864917, IssueDrawCommandsStart=114965892320917, SwapBuffers=114965894780917, FrameCompleted=114967179876917, DequeueBufferDuration=1260961000, QueueBufferDuration=1013000, GpuCompleted=114967179876917, SwapBuffersCompleted=114967161274917, DisplayPresentTime=0, CommandSubmissionCompleted=114965894780917, 
02-19 21:18:13.364 32208 32208 W dumpsys : Thread Pool max thread count is 0. Cannot cache binder as linkToDeath cannot be implemented. serviceName: window
02-19 21:18:13.378   752  2375 I system_server: AssetManager2(0x7d8fac4715b8) locale list changing from [] to [en-US]
02-19 21:18:13.382 19166 19200 I HWUI    : Davey! duration=1318ms; Flags=0, FrameTimelineVsyncId=2224546, IntendedVsync=114965887674888, Vsync=114967154341504, InputEventId=0, HandleInputStart=114967164630917, AnimationStart=114967164704917, PerformTraversalsStart=114967172987917, DrawStart=114967173373917, FrameDeadline=114967204341502, FrameStartTime=114967162397917, FrameInterval=16666666, WorkloadTarget=16666666, SyncQueued=114967173638917, SyncStart=114967174074917, IssueDrawCommandsStart=114967174694917, SwapBuffers=114967177374917, FrameCompleted=114967206552917, DequeueBufferDuration=26339000, QueueBufferDuration=1356000, GpuCompleted=114967205466917, SwapBuffersCompleted=114967206552917, DisplayPresentTime=0, CommandSubmissionCompleted=114967177374917, 
02-19 21:18:13.388   752  2375 I system_server: AssetManager2(0x7d8fac449518) locale list changing from [] to [en-US]
02-19 21:18:13.396   752  2375 I system_server: AssetManager2(0x7d8fac46e6d8) locale list changing from [] to [en-US]
02-19 21:18:13.399   752  2375 I system_server: AssetManager2(0x7d8fac472558) locale list changing from [] to [en-US]
02-19 21:18:13.402   752  2375 I system_server: AssetManager2(0x7d8fac4d10f8) locale list changing from [] to [en-US]
02-19 21:18:13.405   752  2375 I system_server: AssetManager2(0x7d8fac477378) locale list changing from [] to [en-US]
02-19 21:18:13.673   752  2375 W ActivityTaskManager: callingPackage for (uid=2000, pid=32213) has no WPC
02-19 21:18:13.677   752  2375 V GrammaticalInflectionUtils: AttributionSource: android.content.AttributionSource@56784557 does not have READ_SYSTEM_GRAMMATICAL_GENDER permission.
02-19 21:18:13.678   752  2375 W OptProp : Cannot read opt property android.window.PROPERTY_COMPAT_ALLOW_USER_ASPECT_RATIO_OVERRIDE
02-19 21:18:13.678   752  2375 W OptProp : Cannot read opt property android.window.PROPERTY_COMPAT_ALLOW_USER_ASPECT_RATIO_FULLSCREEN_OVERRIDE
02-19 21:18:13.679   752  2375 W OptProp : Cannot read opt property android.window.PROPERTY_COMPAT_ALLOW_RESIZEABLE_ACTIVITY_OVERRIDES
02-19 21:18:13.680   752  2375 W OptProp : Cannot read opt property android.window.PROPERTY_COMPAT_ALLOW_MIN_ASPECT_RATIO_OVERRIDE
02-19 21:18:13.688   752  2375 W OptProp : Cannot read opt property android.window.PROPERTY_COMPAT_ALLOW_ORIENTATION_OVERRIDE
02-19 21:18:13.691   531   603 I BpBinder: onLastStrongRef automatically unlinking death recipients: 
02-19 21:18:13.701   752  2375 I ActivityTaskManager: START u0 {act=android.intent.action.VIEW dat=intoss://takealook/... flg=0x10000000 xflg=0x4 pkg=viva.republica.toss.test cmp=viva.republica.toss.test/.MiniAppSchemeActivity} with LAUNCH_MULTIPLE from uid 2000 (BAL_ALLOW_PERMISSION) result code=0
02-19 21:18:13.702  4449  4467 V WindowManagerShell: Transition requested (#1013): android.os.BinderProxy@469fa59 TransitionRequestInfo { type = OPEN, triggerTask = TaskInfo{userId=0 taskId=146 effectiveUid=10217 displayId=0 isRunning=true baseIntent=Intent { act=android.intent.action.VIEW dat=intoss://takealook/... flg=0x10000000 pkg=viva.republica.toss.test cmp=viva.republica.toss.test/.MiniAppSchemeActivity } baseActivity=ComponentInfo{viva.republica.toss.test/viva.republica.toss.test.MiniAppSchemeActivity} topActivity=ComponentInfo{viva.republica.toss.test/viva.republica.toss.test.MiniAppSchemeActivity} origActivity=null realActivity=ComponentInfo{viva.republica.toss.test/viva.republica.toss.test.MiniAppSchemeActivity} numActivities=1 lastActiveTime=114967545 supportsMultiWindow=true resizeMode=1 isResizeable=true minWidth=-1 minHeight=-1 defaultMinSize=220 token=WCT{android.window.IWindowContainerToken$Stub$Proxy@53ce61e} topActivityType=1 pictureInPictureParams=null shouldDockBigOverlays=false launchIntoPipHostTaskId=-1 lastParentTaskIdBeforePip=-1 displayCutoutSafeInsets=Rect(0, 0 - 0, 0) topActivityInfo=ActivityInfo{23f4eff viva.republica.toss.test.MiniAppSchemeActivity} launchCookies=[] positionInParent=Point(0, 0) parentTaskId=-1 isFocused=false isVisible=false isVisibleRequested=false isTopActivityNoDisplay=false isSleeping=false locusId=null displayAreaFeatureId=1 isTopActivityTransparent=true isActivityStackTransparent=true lastNonFullscreenBounds=Rect(284, 660 - 796, 1740) capturedLink=null capturedLinkTimestamp=0 requestedVisibleTypes=-9 topActivityRequestOpenInBrowserEducationTimestamp=0 appCompatTaskInfo=AppCompatTaskInfo { topActivityInSizeCompat=false eligibleForLetterboxEducation= false isLetterboxEducationEnabled= true isLetterboxDoubleTapEnabled= false eligibleForUserAspectRatioButton= false topActivityBoundsLetterboxed= false isFromLetterboxDoubleTap= false topActivityLetterboxVerticalPosition= -1 topActivityLetterboxHorizontalPosition= -1 topActivityLetterboxWidth=-1 topActivityLetterboxHeight=-1 topActivityAppBounds=Rect(0, 0 - 1080, 2400) isUserFullscreenOverrideEnabled=false isSystemFullscreenOverrideEnabled=false hasMinAspectRatioOverride=false topActivityLetterboxBounds=null cameraCompatTaskInfo=CameraCompatTaskInfo { freeformCameraCompatMode=inactive}} topActivityMainWindowFrame=null}, pipChange = null, remoteTransition = null, displayChange = null, flags = 0, debugId = 1013 }
02-19 21:18:13.703  4449  4467 D ShellSplitScreen: logExit: no-op, mLoggerSessionId is null
02-19 21:18:13.705 19166 19166 W SplitSelectStateCtor: Missing session instanceIds
02-19 21:18:13.707 19166 19166 D StatsLog: LAUNCHER_SPLIT_SELECTION_EXIT_INTERRUPTED
02-19 21:18:13.709  4449  4467 D WindowManagerShell: setLauncherKeepClearAreaHeight: visible=false, height=527
02-19 21:18:13.717   752   797 V GrammaticalInflectionUtils: AttributionSource: android.content.AttributionSource@56784557 does not have READ_SYSTEM_GRAMMATICAL_GENDER permission.
02-19 21:18:13.726   752  1095 D BackgroundInstallControlService: Package event received: 0
02-19 21:18:13.733   458   458 D Zygote  : Forked child process 32216
02-19 21:18:13.735   752   806 I ActivityManager: Start proc 32216:viva.republica.toss.test/u0a217 for next-top-activity {viva.republica.toss.test/viva.republica.toss.test.MiniAppSchemeActivity}
02-19 21:18:13.736   752   806 I ActivityManager: ProcessObserver broadcast disabled
02-19 21:18:26.649   531   569 W EventThread: Faking VSYNC due to driver stall for thread appSf
02-19 21:18:26.650   531   568 W EventThread: Faking VSYNC due to driver stall for thread app
02-19 21:18:26.672 27008 27008 I wpa_supplicant: wlan0: CTRL-EVENT-BEACON-LOSS 
02-19 21:18:26.704 32216 32216 I blica.toss.test: Using CollectorTypeCMC GC.
02-19 21:18:26.706   752   797 W BLASTSyncEngine: Sync group 1013 timeout
02-19 21:18:26.707   752   797 I BLASTSyncEngine: Unfinished container: Task{cef498e #146 type=standard A=10217:viva.republica.toss.test}
02-19 21:18:26.707   752   797 I BLASTSyncEngine: Unfinished container: ActivityRecord{184747401 u0 viva.republica.toss.test/.MiniAppSchemeActivity t146}
02-19 21:18:26.708 32216 32216 W blica.toss.test: Unexpected CPU variant for x86: x86_64.
02-19 21:18:26.708 32216 32216 W blica.toss.test: Known variants: atom, sandybridge, silvermont, goldmont, goldmont-plus, goldmont-without-sha-xsaves, tremont, kabylake, alderlake, default
02-19 21:18:26.713   752   752 W Looper  : Slow delivery took 6028ms main app=system_server main=true group=FOREGROUND h=android.app.ActivityThread$H c=com.android.server.powerstats.TimerTrigger$PeriodicTimer@3cf8487 m=0
02-19 21:18:26.714   752   797 W ActivityTaskManager: Launch timeout has expired, giving up wake lock!
02-19 21:18:26.715   752   794 V WindowManager: Sent Transition (#1013) createdAt=02-19 21:18:13.681 via request=TransitionRequestInfo { type = OPEN, triggerTask = TaskInfo{userId=0 taskId=146 effectiveUid=10217 displayId=0 isRunning=true baseIntent=Intent { act=android.intent.action.VIEW dat=intoss://takealook/... flg=0x10000000 pkg=viva.republica.toss.test cmp=viva.republica.toss.test/.MiniAppSchemeActivity } baseActivity=ComponentInfo{viva.republica.toss.test/viva.republica.toss.test.MiniAppSchemeActivity} topActivity=ComponentInfo{viva.republica.toss.test/viva.republica.toss.test.MiniAppSchemeActivity} origActivity=null realActivity=ComponentInfo{viva.republica.toss.test/viva.republica.toss.test.MiniAppSchemeActivity} numActivities=1 lastActiveTime=114967545 supportsMultiWindow=true resizeMode=1 isResizeable=true minWidth=-1 minHeight=-1 defaultMinSize=220 token=WCT{RemoteToken{a9efc66 Task{cef498e #146 type=standard A=10217:viva.republica.toss.test}}} topActivityType=1 pictureInPictureParams=null shouldDockBigOverlays=false launchIntoPipHostTaskId=-1 lastParentTaskIdBeforePip=-1 displayCutoutSafeInsets=Rect(0, 0 - 0, 0) topActivityInfo=ActivityInfo{37cbba7 viva.republica.toss.test.MiniAppSchemeActivity} launchCookies=[] positionInParent=Point(0, 0) parentTaskId=-1 isFocused=false isVisible=false isVisibleRequested=false isTopActivityNoDisplay=false isSleeping=false locusId=null displayAreaFeatureId=1 isTopActivityTransparent=true isActivityStackTransparent=true lastNonFullscreenBounds=Rect(284, 660 - 796, 1740) capturedLink=null capturedLinkTimestamp=0 requestedVisibleTypes=-9 topActivityRequestOpenInBrowserEducationTimestamp=0 appCompatTaskInfo=AppCompatTaskInfo { topActivityInSizeCompat=false eligibleForLetterboxEducation= false isLetterboxEducationEnabled= true isLetterboxDoubleTapEnabled= false eligibleForUserAspectRatioButton= false topActivityBoundsLetterboxed= false isFromLetterboxDoubleTap= false topActivityLetterboxVerticalPosition= -1 topActivityLetterboxHorizontalPosition= -1 topActivityLetterboxWidth=-1 topActivityLetterboxHeight=-1 topActivityAppBounds=Rect(0, 0 - 1080, 2400) isUserFullscreenOverrideEnabled=false isSystemFullscreenOverrideEnabled=false hasMinAspectRatioOverride=false topActivityLetterboxBounds=null cameraCompatTaskInfo=CameraCompatTaskInfo { freeformCameraCompatMode=inactive}} topActivityMainWindowFrame=null}, pipChange = null, remoteTransition = null, displayChange = null, flags = 0, debugId = 1013 }
02-19 21:18:26.715   752   794 V WindowManager:     startWCT=WindowContainerTransaction { changes= {} hops= [] errorCallbackToken=null taskFragmentOrganizer=null }
02-19 21:18:26.716   752   794 V WindowManager:     info={id=1013 t=OPEN f=0x0 trk=0 r=[0@Point(0, 0)] c=[
02-19 21:18:26.716   752   794 V WindowManager:         {WCT{RemoteToken{a9efc66 Task{cef498e #146 type=standard A=10217:viva.republica.toss.test}}} m=OPEN f=TRANSLUCENT leash=Surface(name=Task=146)/@0xbad0dcb sb=Rect(0, 0 - 1080, 2400) eb=Rect(0, 0 - 1080, 2400) epz=Point(1080, 2400) d=0 taskParent=-1}
02-19 21:18:26.716   752   794 V WindowManager:     ]}
02-19 21:18:26.731   752   752 W Looper  : Drained
02-19 21:18:26.736 32216 32216 E blica.toss.test: Not starting debugger since process cannot load the jdwp agent.
02-19 21:18:26.753 19336 19579 I bbax    : (REDACTED) getHotwordActive::active query: %s, watch: %s, devices connected: %s
02-19 21:18:26.758  4449 21898 V WindowManagerShell: onTransitionReady(transaction=3229815435778)
02-19 21:18:26.761 32216 32216 D nativeloader: Load libframework-connectivity-tiramisu-jni.so using APEX ns com_android_tethering for caller /apex/com.android.tethering/javalib/framework-connectivity-t.jar: ok
02-19 21:18:26.763   752   805 W ActivityManager: Process ProcessRecord{8d7145 32216:viva.republica.toss.test/u0a217} failed to attach
02-19 21:18:26.766   752   805 W ActivityTaskManager: ProcessRecord{8d7145 32216:viva.republica.toss.test/u0a217} is removed with pending start ActivityRecord{184747401 u0 viva.republica.toss.test/.MiniAppSchemeActivity t146}
02-19 21:18:26.767  4449  4467 V WindowManagerShell: onTransitionReady (#1013) android.os.BinderProxy@469fa59: {id=1013 t=OPEN f=0x0 trk=0 r=[0@Point(0, 0)] c=[
02-19 21:18:26.767  4449  4467 V WindowManagerShell:         {m=OPEN f=TRANSLUCENT leash=Surface(name=Task=146)/@0x74084cc sb=Rect(0, 0 - 1080, 2400) eb=Rect(0, 0 - 1080, 2400) epz=Point(1080, 2400) d=0 taskParent=-1}
02-19 21:18:26.767  4449  4467 V WindowManagerShell:     ]}
02-19 21:18:26.768  4449  4467 V WindowManagerShell: Playing animation for (#1013) android.os.BinderProxy@469fa59@0
02-19 21:18:26.769  4449  4467 V ShellRecents: RecentsTransitionHandler.startAnimation: no controller found
02-19 21:18:26.769  4449  4467 V WindowManagerShell: Transition doesn't have explicit remote, search filters for match for {id=1013 t=OPEN f=0x0 trk=0 r=[0@Point(0, 0)] c=[{m=OPEN f=TRANSLUCENT leash=Surface(name=Task=146)/@0x74084cc sb=Rect(0, 0 - 1080, 2400) eb=Rect(0, 0 - 1080, 2400) epz=Point(1080, 2400) d=0 taskParent=-1}]}
02-19 21:18:26.770  4449  4467 V WindowManagerShell:  Checking filter Pair{{types=[] flags=0x0] notFlags=0x0 checks=[{atype=undefined independent=true modes=[CLOSE,TO_BACK] flags=IN_TASK_WITH_EMBEDDED_ACTIVITY mustBeTask=false order=ANY topActivity=null launchCookie=null taskFragmentToken=android.os.BinderProxy@71546f0 windowingMode=undefined}]} RemoteTransition { remoteTransition = android.window.IRemoteTransition$Stub$Proxy@d4c8469, appThread = android.app.IApplicationThread$Stub$Proxy@c228eee, debugName = overlayBackTransition }}
02-19 21:18:26.770  4449  4467 V WindowManagerShell:  Checking filter Pair{{types=[] flags=0x0] notFlags=0x0 checks=[{atype=dream independent=true modes=[OPEN,TO_FRONT] flags=NONE mustBeTask=false order=ANY topActivity=null launchCookie=null windowingMode=undefined},{atype=home independent=true modes=[CLOSE,TO_BACK] flags=NONE mustBeTask=false order=ANY topActivity=null launchCookie=null windowingMode=undefined}]} RemoteTransition { remoteTransition = android.window.IRemoteTransition$Stub$Proxy@c578f8f, appThread = android.app.IApplicationThread$Stub$Proxy@69fe21c, debugName = LauncherToDream }}
02-19 21:18:26.770  4449  4467 V WindowManagerShell:  Checking filter Pair{{types=[] flags=0x0] notFlags=0x100 checks=[{atype=home independent=true modes=[OPEN,TO_FRONT] flags=NONE mustBeTask=false order=TOP topActivity=ComponentInfo{com.google.android.apps.nexuslauncher/com.google.android.apps.nexuslauncher.NexusLauncherActivity} launchCookie=null windowingMode=undefined},{atype=standard independent=true modes=[CLOSE,TO_BACK] flags=NONE mustBeTask=false order=ANY topActivity=null launchCookie=null windowingMode=undefined},{NOT atype=undefined independent=true modes=[] flags=NONE mustBeTask=true order=ANY topActivity=null launchCookie=null customAnim=true windowingMode=undefined}]} RemoteTransition { remoteTransition = android.window.IRemoteTransition$Stub$Proxy@69ffe25, appThread = android.app.IApplicationThread$Stub$Proxy@72cabfa, debugName = QuickstepLaunchHome }}
02-19 21:18:26.770  4449  4467 V WindowManagerShell:  Checking filter Pair{{types=[] flags=0x0] notFlags=0x0 checks=[{atype=undefined independent=true modes=[CLOSE,TO_BACK] flags=IN_TASK_WITH_EMBEDDED_ACTIVITY mustBeTask=false order=ANY topActivity=null launchCookie=null taskFragmentToken=android.os.BinderProxy@71546f0 windowingMode=undefined}]} RemoteTransition { remoteTransition = android.window.IRemoteTransition$Stub$Proxy@7c795ab, appThread = android.app.IApplicationThread$Stub$Proxy@cd70408, debugName = overlayBackTransition }}
02-19 21:18:26.771  4449  4467 V WindowManagerShell:  Checking filter Pair{{types=[] flags=0x0] notFlags=0x0 checks=[{atype=dream independent=true modes=[OPEN,TO_FRONT] flags=NONE mustBeTask=false order=ANY topActivity=null launchCookie=null windowingMode=undefined},{atype=home independent=true modes=[CLOSE,TO_BACK] flags=NONE mustBeTask=false order=ANY topActivity=null launchCookie=null windowingMode=undefined}]} RemoteTransition { remoteTransition = android.window.IRemoteTransition$Stub$Proxy@f757a1, appThread = android.app.IApplicationThread$Stub$Proxy@d898dc6, debugName = LauncherToDream }}
02-19 21:18:26.771  4449  4467 V WindowManagerShell:  Checking filter Pair{{types=[] flags=0x0] notFlags=0x100 checks=[{atype=home independent=true modes=[OPEN,TO_FRONT] flags=NONE mustBeTask=false order=TOP topActivity=ComponentInfo{com.google.android.apps.nexuslauncher/com.google.android.apps.nexuslauncher.NexusLauncherActivity} launchCookie=null windowingMode=undefined},{atype=standard independent=true modes=[CLOSE,TO_BACK] flags=NONE mustBeTask=false order=ANY topActivity=null launchCookie=null windowingMode=undefined},{NOT atype=undefined independent=true modes=[] flags=NONE mustBeTask=true order=ANY topActivity=null launchCookie=null customAnim=true windowingMode=undefined}]} RemoteTransition { remoteTransition = android.window.IRemoteTransition$Stub$Proxy@9e7e187, appThread = android.app.IApplicationThread$Stub$Proxy@3dc58b4, debugName = QuickstepLaunchHome }}
02-19 21:18:26.771  4449  4467 V WindowManagerShell:  Delegate animation for (#1013) to null
02-19 21:18:26.771  4449  4467 V WindowManagerShell: start default transition animation, info = {id=1013 t=OPEN f=0x0 trk=0 r=[0@Point(0, 0)] c=[{m=OPEN f=TRANSLUCENT leash=Surface(name=Task=146)/@0x74084cc sb=Rect(0, 0 - 1080, 2400) eb=Rect(0, 0 - 1080, 2400) epz=Point(1080, 2400) d=0 taskParent=-1}]}
02-19 21:18:26.774  4449  4467 V WindowManagerShell: loadAnimation: anim=android.view.animation.AnimationSet@85721b8 animAttr=0x4 type=OPEN isEntrance=true
02-19 21:18:26.777  4449  4467 V WindowManagerShell:  animated by com.android.wm.shell.transition.DefaultTransitionHandler@f74d823
02-19 21:18:26.779  4449  4467 V WindowManagerShell: Transition requested (#1014): android.os.BinderProxy@5af9b91 TransitionRequestInfo { type = CLOSE, triggerTask = TaskInfo{userId=0 taskId=146 effectiveUid=10217 displayId=0 isRunning=false baseIntent=Intent { act=android.intent.action.VIEW dat=intoss://takealook/... flg=0x10000000 pkg=viva.republica.toss.test cmp=viva.republica.toss.test/.MiniAppSchemeActivity } baseActivity=null topActivity=null origActivity=null realActivity=ComponentInfo{viva.republica.toss.test/viva.republica.toss.test.MiniAppSchemeActivity} numActivities=0 lastActiveTime=114967545 supportsMultiWindow=true resizeMode=1 isResizeable=true minWidth=-1 minHeight=-1 defaultMinSize=220 token=WCT{android.window.IWindowContainerToken$Stub$Proxy@519af6} topActivityType=1 pictureInPictureParams=null shouldDockBigOverlays=false launchIntoPipHostTaskId=-1 lastParentTaskIdBeforePip=-1 displayCutoutSafeInsets=Rect(0, 0 - 0, 0) topActivityInfo=null launchCookies=[] positionInParent=Point(0, 0) parentTaskId=-1 isFocused=false isVisible=true isVisibleRequested=true isTopActivityNoDisplay=false isSleeping=false locusId=null displayAreaFeatureId=1 isTopActivityTransparent=false isActivityStackTransparent=true lastNonFullscreenBounds=Rect(284, 660 - 796, 1740) capturedLink=null capturedLinkTimestamp=0 requestedVisibleTypes=-9 topActivityRequestOpenInBrowserEducationTimestamp=0 appCompatTaskInfo=AppCompatTaskInfo { topActivityInSizeCompat=false eligibleForLetterboxEducation= false isLetterboxEducationEnabled= false isLetterboxDoubleTapEnabled= false eligibleForUserAspectRatioButton= false topActivityBoundsLetterboxed= false isFromLetterboxDoubleTap= false topActivityLetterboxVerticalPosition= -1 topActivityLetterboxHorizontalPosition= -1 topActivityLetterboxWidth=-1 topActivityLetterboxHeight=-1 topActivityAppBounds=Rect(0, 0 - 0, 0) isUserFullscreenOverrideEnabled=false isSystemFullscreenOverrideEnabled=false hasMinAspectRatioOverride=false topActivityLetterboxBounds=null cameraCompatTaskInfo=CameraCompatTaskInfo { freeformCameraCompatMode=undefined}} topActivityMainWindowFrame=null}, pipChange = null, remoteTransition = null, displayChange = null, flags = 0, debugId = 1014 }
02-19 21:18:26.779   531   548 I BpBinder: onLastStrongRef automatically unlinking death recipients: 
02-19 21:18:26.785 19166 19166 D StatsLog: LAUNCHER_ONRESUME
02-19 21:18:26.785   752  2503 W ActivityTaskManager: getTaskSnapshot: taskId=146 not found
02-19 21:18:26.787   752   805 I ActivityManager: Killing 32216:viva.republica.toss.test/u0a217 (adj -10000): start timeout
02-19 21:18:26.789   752  2503 W ActivityTaskManager: takeTaskSnapshot: taskId=146 not found or not visible
02-19 21:18:26.791  4449  4467 D WindowManagerShell: setLauncherKeepClearAreaHeight: visible=true, height=527
02-19 21:18:26.796   531   531 I BpBinder: onLastStrongRef automatically unlinking death recipients: 
02-19 21:18:26.802   752   794 V WindowManager: Sent Transition (#1014) createdAt=02-19 21:18:26.767 via request=TransitionRequestInfo { type = CLOSE, triggerTask = TaskInfo{userId=0 taskId=146 effectiveUid=10217 displayId=0 isRunning=false baseIntent=Intent { act=android.intent.action.VIEW dat=intoss://takealook/... flg=0x10000000 pkg=viva.republica.toss.test cmp=viva.republica.toss.test/.MiniAppSchemeActivity } baseActivity=null topActivity=null origActivity=null realActivity=ComponentInfo{viva.republica.toss.test/viva.republica.toss.test.MiniAppSchemeActivity} numActivities=0 lastActiveTime=114967545 supportsMultiWindow=true resizeMode=1 isResizeable=true minWidth=-1 minHeight=-1 defaultMinSize=220 token=WCT{RemoteToken{a9efc66 Task{cef498e #146 type=standard A=10217:viva.republica.toss.test}}} topActivityType=1 pictureInPictureParams=null shouldDockBigOverlays=false launchIntoPipHostTaskId=-1 lastParentTaskIdBeforePip=-1 displayCutoutSafeInsets=Rect(0, 0 - 0, 0) topActivityInfo=null launchCookies=[] positionInParent=Point(0, 0) parentTaskId=-1 isFocused=false isVisible=true isVisibleRequested=true isTopActivityNoDisplay=false isSleeping=false locusId=null displayAreaFeatureId=1 isTopActivityTransparent=false isActivityStackTransparent=true lastNonFullscreenBounds=Rect(284, 660 - 796, 1740) capturedLink=null capturedLinkTimestamp=0 requestedVisibleTypes=-9 topActivityRequestOpenInBrowserEducationTimestamp=0 appCompatTaskInfo=AppCompatTaskInfo { topActivityInSizeCompat=false eligibleForLetterboxEducation= false isLetterboxEducationEnabled= false isLetterboxDoubleTapEnabled= false eligibleForUserAspectRatioButton= false topActivityBoundsLetterboxed= false isFromLetterboxDoubleTap= false topActivityLetterboxVerticalPosition= -1 topActivityLetterboxHorizontalPosition= -1 topActivityLetterboxWidth=-1 topActivityLetterboxHeight=-1 topActivityAppBounds=Rect(0, 0 - 0, 0) isUserFullscreenOverrideEnabled=false isSystemFullscreenOverrideEnabled=false hasMinAspectRatioOverride=false topActivityLetterboxBounds=null cameraCompatTaskInfo=CameraCompatTaskInfo { freeformCameraCompatMode=undefined}} topActivityMainWindowFrame=null}, pipChange = null, remoteTransition = null, displayChange = null, flags = 0, debugId = 1014 }
02-19 21:18:26.803   752   794 V WindowManager:     startWCT=WindowContainerTransaction { changes= {} hops= [] errorCallbackToken=null taskFragmentOrganizer=null }
02-19 21:18:26.803  4449 21898 V WindowManagerShell: onTransitionReady(transaction=3229815435784)
02-19 21:18:26.804   752   794 V WindowManager:     info={id=1014 t=CLOSE f=0x0 trk=0 r=[0@Point(0, 0)] c=[
02-19 21:18:26.804   752   794 V WindowManager:         {WCT{RemoteToken{5218fe8 Task{dd43522 #1 type=home}}} m=CHANGE f=SHOW_WALLPAPER|MOVE_TO_TOP leash=Surface(name=Task=1)/@0x8ddbd2e sb=Rect(0, 0 - 1080, 2400) eb=Rect(0, 0 - 1080, 2400) epz=Point(1080, 2400) d=0 taskParent=-1}
02-19 21:18:26.804   752   794 V WindowManager:     ]}
02-19 21:18:26.812  4449  4467 V WindowManagerShell: onTransitionReady (#1014) android.os.BinderProxy@5af9b91: {id=1014 t=CLOSE f=0x0 trk=0 r=[0@Point(0, 0)] c=[
02-19 21:18:26.812  4449  4467 V WindowManagerShell:         {m=CHANGE f=SHOW_WALLPAPER|MOVE_TO_TOP leash=Surface(name=Task=1)/@0x838a164 sb=Rect(0, 0 - 1080, 2400) eb=Rect(0, 0 - 1080, 2400) epz=Point(1080, 2400) d=0 taskParent=-1}
02-19 21:18:26.812  4449  4467 V WindowManagerShell:     ]}
02-19 21:18:26.812  4449  4467 V WindowManagerShell: Transition (#1014) android.os.BinderProxy@5af9b91@0 ready while (#1013) android.os.BinderProxy@469fa59@0 is still animating. Notify the animating transition in case they can be merged
02-19 21:18:26.817  4449  4467 V WindowManagerShell: Transition animation finished (aborted=false), notifying core (#1013) android.os.BinderProxy@469fa59@0
02-19 21:18:26.819   752  1940 W ActivityManager: No pending application record for pid 32216 (IApplicationThread android.app.IApplicationThread$Stub$Proxy@787323e); dropping process
02-19 21:18:26.820  4449  4467 V WindowManagerShell: Playing animation for (#1014) android.os.BinderProxy@5af9b91@0
02-19 21:18:26.821  4449  4467 V ShellRecents: RecentsTransitionHandler.startAnimation: no controller found
02-19 21:18:26.821  4449  4467 V WindowManagerShell: Transition doesn't have explicit remote, search filters for match for {id=1014 t=CLOSE f=0x0 trk=0 r=[0@Point(0, 0)] c=[{m=CHANGE f=SHOW_WALLPAPER|MOVE_TO_TOP leash=Surface(name=Task=1)/@0x838a164 sb=Rect(0, 0 - 1080, 2400) eb=Rect(0, 0 - 1080, 2400) epz=Point(1080, 2400) d=0 taskParent=-1}]}
02-19 21:18:26.821  4449  4467 V WindowManagerShell:  Checking filter Pair{{types=[] flags=0x0] notFlags=0x0 checks=[{atype=undefined independent=true modes=[CLOSE,TO_BACK] flags=IN_TASK_WITH_EMBEDDED_ACTIVITY mustBeTask=false order=ANY topActivity=null launchCookie=null taskFragmentToken=android.os.BinderProxy@71546f0 windowingMode=undefined}]} RemoteTransition { remoteTransition = android.window.IRemoteTransition$Stub$Proxy@d4c8469, appThread = android.app.IApplicationThread$Stub$Proxy@c228eee, debugName = overlayBackTransition }}
02-19 21:18:26.822  4449  4467 V WindowManagerShell:  Checking filter Pair{{types=[] flags=0x0] notFlags=0x0 checks=[{atype=dream independent=true modes=[OPEN,TO_FRONT] flags=NONE mustBeTask=false order=ANY topActivity=null launchCookie=null windowingMode=undefined},{atype=home independent=true modes=[CLOSE,TO_BACK] flags=NONE mustBeTask=false order=ANY topActivity=null launchCookie=null windowingMode=undefined}]} RemoteTransition { remoteTransition = android.window.IRemoteTransition$Stub$Proxy@c578f8f, appThread = android.app.IApplicationThread$Stub$Proxy@69fe21c, debugName = LauncherToDream }}
02-19 21:18:26.823  4449  4467 V WindowManagerShell:  Checking filter Pair{{types=[] flags=0x0] notFlags=0x100 checks=[{atype=home independent=true modes=[OPEN,TO_FRONT] flags=NONE mustBeTask=false order=TOP topActivity=ComponentInfo{com.google.android.apps.nexuslauncher/com.google.android.apps.nexuslauncher.NexusLauncherActivity} launchCookie=null windowingMode=undefined},{atype=standard independent=true modes=[CLOSE,TO_BACK] flags=NONE mustBeTask=false order=ANY topActivity=null launchCookie=null windowingMode=undefined},{NOT atype=undefined independent=true modes=[] flags=NONE mustBeTask=true order=ANY topActivity=null launchCookie=null customAnim=true windowingMode=undefined}]} RemoteTransition { remoteTransition = android.window.IRemoteTransition$Stub$Proxy@69ffe25, appThread = android.app.IApplicationThread$Stub$Proxy@72cabfa, debugName = QuickstepLaunchHome }}
02-19 21:18:26.823  4449  4467 V WindowManagerShell:  Checking filter Pair{{types=[] flags=0x0] notFlags=0x0 checks=[{atype=undefined independent=true modes=[CLOSE,TO_BACK] flags=IN_TASK_WITH_EMBEDDED_ACTIVITY mustBeTask=false order=ANY topActivity=null launchCookie=null taskFragmentToken=android.os.BinderProxy@71546f0 windowingMode=undefined}]} RemoteTransition { remoteTransition = android.window.IRemoteTransition$Stub$Proxy@7c795ab, appThread = android.app.IApplicationThread$Stub$Proxy@cd70408, debugName = overlayBackTransition }}
02-19 21:18:26.823  4449  4467 V WindowManagerShell:  Checking filter Pair{{types=[] flags=0x0] notFlags=0x0 checks=[{atype=dream independent=true modes=[OPEN,TO_FRONT] flags=NONE mustBeTask=false order=ANY topActivity=null launchCookie=null windowingMode=undefined},{atype=home independent=true modes=[CLOSE,TO_BACK] flags=NONE mustBeTask=false order=ANY topActivity=null launchCookie=null windowingMode=undefined}]} RemoteTransition { remoteTransition = android.window.IRemoteTransition$Stub$Proxy@f757a1, appThread = android.app.IApplicationThread$Stub$Proxy@d898dc6, debugName = LauncherToDream }}
