--------- beginning of main
02-19 22:43:08.146 20022 20022 I Module  : DeviceLockedStatusModuleProvider$Module.updateDeviceLockedStatus():100 repeatCheckTimes = 1, locked = false
--------- beginning of system
02-19 22:43:08.150   752  2377 W PackageConfigPersister: App-specific configuration not found for packageName: com.google.android.apps.nexuslauncher and userId: 0
02-19 22:43:08.166   752  2368 I ImeTracker: system_server:e0d61e13: onRequestHide at ORIGIN_SERVER reason IME_REQUESTED_CHANGED_LISTENER fromUser false
02-19 22:43:08.173   752   797 I ImeTracker: system_server:e0d61e13: onCancelled at PHASE_SERVER_SHOULD_HIDE
02-19 22:43:08.750  4449  4456 W ndroid.systemui: Suspending all threads took: 17.954ms
02-19 22:43:08.766   752  1856 E TaskPersister: File error accessing recents directory (directory doesn't exist?).
02-19 22:43:08.997 19166 19166 D ScalingWorkspaceRevealAnim: alpha of workspace at the end of animation: 1.0
02-19 22:43:09.011  4449  4467 V WindowManagerShell: Transition animation finished (aborted=false), notifying core (#1219) android.os.BinderProxy@96d96ab@0
02-19 22:43:09.030  4449  4458 W System  : A resource failed to call release. 
02-19 22:43:09.030  4449  4458 W System  : A resource failed to call release. 
02-19 22:43:09.031  4449  4458 W System  : A resource failed to call release. 
02-19 22:43:09.031  4449  4458 W System  : A resource failed to call release. 
02-19 22:43:09.031  4449  4458 W System  : A resource failed to call release. 
02-19 22:43:09.039  4449  4458 W System  : A resource failed to call release. 
02-19 22:43:09.039  4449  4458 W System  : A resource failed to call release. 
02-19 22:43:09.039  4449  4458 W System  : A resource failed to call release. 
02-19 22:43:09.039  4449  4458 W System  : A resource failed to call release. 
02-19 22:43:09.056 11395 11395 D VRI[GraniteActivity]: visibilityChanged oldVisibility=true newVisibility=false
02-19 22:43:09.056   752   794 V WindowManager: Finish Transition (#1219): created at 02-19 22:43:07.493 collect-started=0.179ms request-sent=0.325ms started=24.847ms ready=308.756ms sent=325.128ms commit=106.816ms finished=1539.511ms
02-19 22:43:09.069  4449  4458 W System  : A resource failed to call release. 
02-19 22:43:09.070  4449  4458 W System  : A resource failed to call release. 
02-19 22:43:09.070  4449  4458 W System  : A resource failed to call release. 
02-19 22:43:09.070  4449  4458 W System  : A resource failed to call release. 
02-19 22:43:09.070  4449  4458 W System  : A resource failed to call release. 
02-19 22:43:09.070  4449  4458 W System  : A resource failed to call release. 
02-19 22:43:09.071  4449  4467 V WindowManagerShell: Track 0 became idle
02-19 22:43:09.071  4449  4458 W System  : A resource failed to call release. 
02-19 22:43:09.071  4449  4467 V WindowManagerShell: All active transition animations finished
02-19 22:43:09.071  4449  4458 W System  : A resource failed to call release. 
02-19 22:43:09.072  4449  4458 W System  : A resource failed to call release. 
02-19 22:43:09.072  4449  4458 W System  : A resource failed to call release. 
02-19 22:43:09.072  4449  4458 W System  : A resource failed to call release. 
02-19 22:43:09.072  4449  4458 W System  : A resource failed to call release. 
02-19 22:43:09.072  4449  4458 W System  : A resource failed to call release. 
02-19 22:43:09.073  4449  4458 W System  : A resource failed to call release. 
02-19 22:43:09.073  4449  4458 W System  : A resource failed to call release. 
02-19 22:43:09.073  4449  4458 W System  : A resource failed to call release. 
02-19 22:43:09.073  4449  4458 W System  : A resource failed to call release. 
02-19 22:43:09.074  4449  4458 W System  : A resource failed to call release. 
02-19 22:43:09.074  4449  4458 W System  : A resource failed to call release. 
02-19 22:43:09.074  4449  4458 W System  : A resource failed to call release. 
02-19 22:43:09.074  4449  4458 W System  : A resource failed to call release. 
02-19 22:43:09.074  4449  4458 W System  : A resource failed to call release. 
02-19 22:43:09.074  4449  4458 W System  : A resource failed to call release. 
02-19 22:43:09.074  4449  4458 W System  : A resource failed to call release. 
02-19 22:43:09.074  4449  4458 W System  : A resource failed to call release. 
02-19 22:43:09.074  4449  4458 W System  : A resource failed to call release. 
02-19 22:43:09.074  4449  4458 W System  : A resource failed to call release. 
02-19 22:43:09.215 19166 19176 D OverviewCommandHelper: command added: CommandInfo(type=TOGGLE, status=IDLE, createTime=120063062, animationCallbacks=null, displayId=0, isLastOfBatch=true)
02-19 22:43:09.215 19166 19176 D OverviewCommandHelper: execute: CommandInfo(type=TOGGLE, status=IDLE, createTime=120063062, animationCallbacks=null, displayId=0, isLastOfBatch=true) - queue size: 1
02-19 22:43:09.239 19166 19166 D OverviewCommandHelper: executing command: CommandInfo(type=TOGGLE, status=PROCESSING, createTime=120063062, animationCallbacks=null, displayId=0, isLastOfBatch=true)
02-19 22:43:09.239 19166 19166 D OverviewCommandHelper: executeCommand: CommandInfo(type=TOGGLE, status=PROCESSING, createTime=120063062, animationCallbacks=null, displayId=0, isLastOfBatch=true) - visibleRecentsView: null
02-19 22:43:09.239 19166 19166 D OverviewCommandHelper: Querying TaskbarManager for TaskbarUIController for display: 0
02-19 22:43:09.240 19166 19166 D OverviewCommandHelper: TaskbarUIController for display 0 was found
02-19 22:43:09.240 19166 19166 D TFOManager: playPanelCloseAnimation() duration=150 traceTag=LauncherOverlay-hide isHomeButtonTap=true
02-19 22:43:09.240 19166 19166 D TFOManager: Skipped creating panel close animation because -1 is invisible.
02-19 22:43:09.240 19166 19166 D StateManager: goToState - fromState: Normal, toState: Overview, partial trace:
02-19 22:43:09.240 19166 19166 D StateManager: 	at com.android.quickstep.LauncherActivityInterface.switchToRecentsIfVisible(go/retraceme 72a59688580715d19f0e415c69e80376c2f062d1648c80db6730905005a27c20:39)
02-19 22:43:09.240 19166 19166 D StateManager: 	at com.android.quickstep.OverviewCommandHelper.executeWhenRecentsIsNotVisible(go/retraceme 72a59688580715d19f0e415c69e80376c2f062d1648c80db6730905005a27c20:292)
02-19 22:43:09.240 19166 19166 D StateManager: 	at com.android.quickstep.OverviewCommandHelper.executeCommand(go/retraceme 72a59688580715d19f0e415c69e80376c2f062d1648c80db6730905005a27c20:49)
02-19 22:43:09.242 19166 19166 D OverviewCommandHelper: switching to Overview state - waiting: CommandInfo(type=TOGGLE, status=PROCESSING, createTime=120063062, animationCallbacks=null, displayId=0, isLastOfBatch=true)
02-19 22:43:09.242 19166 19166 D OverviewCommandHelper: command executed: CommandInfo(type=TOGGLE, status=PROCESSING, createTime=120063062, animationCallbacks=null, displayId=0, isLastOfBatch=true) with result: false
02-19 22:43:09.242 19166 19166 D OverviewCommandHelper: waiting for command callback: CommandInfo(type=TOGGLE, status=PROCESSING, createTime=120063062, animationCallbacks=null, displayId=0, isLastOfBatch=true)
02-19 22:43:09.252 19829 19829 I Finsky  : [2] Memory trim requested to level 40
02-19 22:43:09.252 19829 19829 I Finsky  : [2] Flushing in-memory image cache
02-19 22:43:09.271  4449  4449 I vol.VolumeDialogImpl: mDialog.dismiss() reason: volume_controller from: com.android.systemui.volume.VolumeDialogImpl$7.onDismissRequested:3
02-19 22:43:09.271   752  1029 D InetDiagMessage: Destroyed 0 sockets, proto=IPPROTO_TCP, family=AF_INET, states=14
02-19 22:43:09.271 19166 19166 D StateManager: onStateTransitionStart - state: Overview
02-19 22:43:09.272 19166 19166 D RecentsView: updateTaskStackListenerState: true
02-19 22:43:09.272   752  1029 D InetDiagMessage: Destroyed 0 sockets, proto=IPPROTO_TCP, family=AF_INET6, states=14
02-19 22:43:09.272   752  1029 D InetDiagMessage: Destroyed live tcp sockets for uids={10168} in 2ms
02-19 22:43:09.272 19166 19166 D RecentsView: reloadIfNeeded - getTasks: 1075
02-19 22:43:09.273 19166 19166 D OverviewCommandHelper: switching to Overview state - onAnimationStart: CommandInfo(type=TOGGLE, status=PROCESSING, createTime=120063062, animationCallbacks=null, displayId=0, isLastOfBatch=true)
02-19 22:43:09.273 19166 19166 D StatsLog: LAUNCHER_OVERVIEW_SHOW_OVERVIEW_FROM_3_BUTTON
02-19 22:43:09.275 11395 11395 W Ads     : Failed to get a preloader. Call MobileAds.initialize() prior to calling preload APIs. @3
02-19 22:43:09.276 11395 11395 W Ads     : Failed to get a preloader. Call MobileAds.initialize() prior to calling preload APIs.
02-19 22:43:09.277 11395 11395 W WindowOnBackDispatcher: sendCancelIfRunning: isInProgress=false callback=android.view.ViewRootImpl$$ExternalSyntheticLambda13@28b35f6
02-19 22:43:09.277   752  2502 D CoreBackPreview: Window{4e3b8e0 u0 viva.republica.toss.test/im.toss.rn.granite.core.GraniteActivity}: Setting back callback null
02-19 22:43:09.288 11395 11395 D ViewRootImpl: Skipping stats log for color mode
02-19 22:43:09.288   752  1029 D InetDiagMessage: Destroyed 0 sockets, proto=IPPROTO_TCP, family=AF_INET, states=14
02-19 22:43:09.292   752  1029 D InetDiagMessage: Destroyed 0 sockets, proto=IPPROTO_TCP, family=AF_INET6, states=14
02-19 22:43:09.292   752  1029 D InetDiagMessage: Destroyed live tcp sockets for uids={20168} in 6ms
02-19 22:43:09.295 19829 19966 I Finsky  : [70] Current account updated in PVS
02-19 22:43:09.307   752  1454 W ActivityTaskManager: getTaskSnapshot: taskId=214 not found
02-19 22:43:09.309   752  1095 D BackgroundInstallControlService: Package event received: 0
02-19 22:43:09.309   752  1454 W ActivityTaskManager: takeTaskSnapshot: taskId=214 not found or not visible
02-19 22:43:09.326 19829 19829 I Finsky  : [2] Memory trim requested to level 40
02-19 22:43:09.327 19829 19829 I Finsky  : [2] Flushing in-memory image cache
02-19 22:43:09.338 19829 19965 I Finsky  : [69] Current account updated in PVS
02-19 22:43:09.363   752  1095 D BackgroundInstallControlService: Package event received: 0
02-19 22:43:09.365  1336  1556 D SatelliteController: iisInCarrierRoamingNbIotNtn: satellite is disabled
02-19 22:43:09.428 19166 19166 D RecentsView: applyLoadPlan - taskGroups: [type=SINGLE task=[id=12 windowingMode=0 user=0 lastActiveTime=89737] null, type=SINGLE task=[id=49 windowingMode=1 user=0 lastActiveTime=87698314] null, type=SINGLE task=[id=216 windowingMode=1 user=0 lastActiveTime=120061355] null]
02-19 22:43:09.428   531   531 I BpBinder: onLastStrongRef automatically unlinking death recipients: 
02-19 22:43:09.450 19166 19166 D RecentsView: onTaskRemoved: 216
02-19 22:43:09.451 19166 19166 D RecentsView: onTaskRemoved: 216
02-19 22:43:09.460   752  2377 W ActivityTaskManager: takeTaskSnapshot: taskId=216 not found or not visible
02-19 22:43:09.471 19166 20297 W HWUI    : Image decoding logging dropped!
02-19 22:43:09.764 19166 19166 D StateManager: onStateTransitionEnd - state: Overview
02-19 22:43:09.769 19166 19166 D OverviewCommandHelper: switching to Overview state - onAnimationEnd: CommandInfo(type=TOGGLE, status=PROCESSING, createTime=120063062, animationCallbacks=null, displayId=0, isLastOfBatch=true)
02-19 22:43:09.769 19166 19166 D OverviewCommandHelper: command executed: CommandInfo(type=TOGGLE, status=PROCESSING, createTime=120063062, animationCallbacks=null, displayId=0, isLastOfBatch=true) with result: true
02-19 22:43:09.770 19166 19166 D OverviewCommandHelper: command executed successfully! CommandInfo(type=TOGGLE, status=COMPLETED, createTime=120063062, animationCallbacks=null, displayId=0, isLastOfBatch=true)
02-19 22:43:09.770 19166 19166 D OverviewCommandHelper: no pending commands to be executed.
02-19 22:43:10.839   752   795 W ActivityTaskManager: callingPackage for (uid=-1, pid=0) has no WPC
02-19 22:43:10.840   752   795 W ActivityStartInterceptor: Starting home with component specified, uid=0
02-19 22:43:10.843   752   795 W OptProp : Cannot read opt property android.window.PROPERTY_COMPAT_ALLOW_USER_ASPECT_RATIO_OVERRIDE
02-19 22:43:10.844   752   795 W OptProp : Cannot read opt property android.window.PROPERTY_COMPAT_ALLOW_USER_ASPECT_RATIO_FULLSCREEN_OVERRIDE
02-19 22:43:10.844   752   795 W OptProp : Cannot read opt property android.window.PROPERTY_COMPAT_ALLOW_RESIZEABLE_ACTIVITY_OVERRIDES
02-19 22:43:10.845   752   795 W OptProp : Cannot read opt property android.window.PROPERTY_COMPAT_ALLOW_MIN_ASPECT_RATIO_OVERRIDE
02-19 22:43:10.846   752   795 V GrammaticalInflectionUtils: AttributionSource: android.content.AttributionSource@1abea79a does not have READ_SYSTEM_GRAMMATICAL_GENDER permission.
02-19 22:43:10.858   752   795 I ActivityTaskManager: START u0 {act=android.intent.action.MAIN cat=[android.intent.category.HOME] flg=0x10000100 cmp=com.google.android.apps.nexuslauncher/.NexusLauncherActivity (has extras)} with LAUNCH_SINGLE_TASK from uid 0 (BAL_ALLOW_ALLOWLISTED_UID) result code=3
02-19 22:43:10.859  4449   614 D KeyguardService: setOccluded(false)
02-19 22:43:10.859  4449   614 D KeyguardViewMediator: setOccluded(false)
02-19 22:43:10.860  4449  4467 D WindowManagerShell: onActivityRestartAttempt: topActivity=ComponentInfo{com.google.android.apps.nexuslauncher/com.google.android.apps.nexuslauncher.NexusLauncherActivity}, wasVisible=true
02-19 22:43:10.863  4449  4449 I vol.VolumeDialogImpl: mDialog.dismiss() reason: volume_controller from: com.android.systemui.volume.VolumeDialogImpl$7.onDismissRequested:3
02-19 22:43:10.863 19166 19166 W SplitSelectStateCtor: Missing session instanceIds
02-19 22:43:10.864 19166 19166 D StatsLog: LAUNCHER_SPLIT_SELECTION_EXIT_INTERRUPTED
02-19 22:43:10.868  4449  4449 D KeyguardViewMediator: handleSetOccluded(false)
02-19 22:43:10.868  4449  4449 D KeyguardViewMediator: KeyguardViewMediator queue processing message: SET_OCCLUDED
02-19 22:43:10.869 19166 19166 D StateManager: goToState - fromState: Overview, toState: Normal, partial trace:
02-19 22:43:10.869 19166 19166 D StateManager: 	at com.android.launcher3.Launcher.onNewIntent(go/retraceme 72a59688580715d19f0e415c69e80376c2f062d1648c80db6730905005a27c20:116)
02-19 22:43:10.869 19166 19166 D StateManager: 	at com.android.launcher3.uioverrides.QuickstepLauncher.onNewIntent(go/retraceme 72a59688580715d19f0e415c69e80376c2f062d1648c80db6730905005a27c20:1)
02-19 22:43:10.869 19166 19166 D StateManager: 	at com.google.android.apps.nexuslauncher.NexusLauncherActivity.onNewIntent(go/retraceme 72a59688580715d19f0e415c69e80376c2f062d1648c80db6730905005a27c20:1)
02-19 22:43:10.869 19166 19166 D RecentsView: finishRecentsAnimation - mRecentsAnimationController: null
02-19 22:43:10.869 19166 19166 D RecentsView: cleanupRemoteTargets - mRemoteTargetHandles: null
02-19 22:43:10.873 19166 19166 D TFOManager: playPanelCloseAnimation() duration=200 traceTag=LauncherOverlay-hide isHomeButtonTap=true
02-19 22:43:10.874 19166 19166 D TFOManager: Skipped creating panel close animation because -1 is invisible.
02-19 22:43:10.875 19166 19166 D OverviewCommandHelper: clearing pending commands: []
02-19 22:43:10.888   531   602 I BpBinder: onLastStrongRef automatically unlinking death recipients: 
02-19 22:43:10.996 19166 19166 D StateManager: onStateTransitionStart - state: Normal
02-19 22:43:10.999 19166 19166 D RecentsView: updateTaskStackListenerState: false
02-19 22:43:11.073 19166 19166 D StatsLog: LAUNCHER_ONRESUME
02-19 22:43:11.100 19166 19166 D OverviewActionsView: updateForGroupedTask() called with: isGroupedTask = [false], canSaveAppPair = [false]
02-19 22:43:11.101 19166 19166 D OverviewActionsView: updateActionButtonsVisibility() called: showSingleTaskActions = [true], showGroupActions = [false]
02-19 22:43:11.113   752  1095 D BackgroundInstallControlService: Package event received: 0
02-19 22:43:11.135  1971  2198 I AiAiEcho: Predicting[0]:  [CONTEXT sampling_count=5 ]
02-19 22:43:11.138 19166 19190 D QuickstepModelDelegate: notifyAppTargetEvent action=1 launchLocation=workspace/0/[-1,-1]/[1,1]
02-19 22:43:11.140  1971  2198 I AiAiEcho: EchoTargets: 
02-19 22:43:11.140  1971  2198 I AiAiEcho: Filtered by AiAi flag check: 
02-19 22:43:11.140  1971  2198 I AiAiEcho: [CONTEXT ratelimit_period="10 SECONDS" ]
02-19 22:43:11.147  1971  2198 I AiAiEcho: #remoteViewsTwiddler: feature disabled.
02-19 22:43:11.151 19166 19166 I NotificationListener: Handling notification state refresh for com.google.android.adservices.api#0
02-19 22:43:11.151 19166 19166 I NotificationListener: Handling notification state refresh for android#0
02-19 22:43:11.151 19166 19166 I NotificationListener: Handling notification state refresh for com.android.systemui#0
02-19 22:43:11.152  1971  2198 I AiAiEcho: #postPredictionTargets: Sending updates to UISurface home with targets# 0 (types=[])
02-19 22:43:11.184 19166 19166 D SsBaseTemplateCard: No text view can be set up
02-19 22:43:11.184 19166 19166 D SsBaseTemplateCard: Passed-in item info is null
02-19 22:43:11.184 19166 19166 D SsBaseTemplateCard: Passed-in item info is null
02-19 22:43:11.184 19166 19166 D SsBaseTemplateCard: Passed-in item info is null
02-19 22:43:11.184 19166 19166 I SsBaseTemplateCard: Secondary card pane is null
02-19 22:43:11.369 19166 19166 D StateManager: onStateTransitionEnd - state: Normal
02-19 22:43:11.370 19166 19166 D RecentsView: reset - mEnableDrawingLiveTile: false, mRecentsAnimationController: null
02-19 22:43:11.371 19166 19166 D ActivityAllAppsContainerView: rebindAdapters: force: false
02-19 22:43:11.372 19166 19166 D ActivityAllAppsContainerView: rebindAdapters: Not needed.
02-19 22:43:11.455 19166 19166 D OverviewActionsView: updateForGroupedTask() called with: isGroupedTask = [false], canSaveAppPair = [false]
02-19 22:43:11.456 19166 19166 D OverviewActionsView: updateActionButtonsVisibility() called: showSingleTaskActions = [true], showGroupActions = [false]
02-19 22:43:12.023 11395 11545 D nativeloader: Load /data/app/~~NUQj-rdXzuicW-16SIRtKA==/viva.republica.toss.test-Si406wFvb_sqEA2GTBV6RQ==/lib/x86_64/libc++_shared.so using class loader ns clns-9 (caller=<unknown>): ok
02-19 22:43:12.261   537   537 W adbd    : timeout expired while flushing socket, closing
02-19 22:43:12.348   752  1856 E TaskPersister: File error accessing recents directory (directory doesn't exist?).
02-19 22:43:12.379   537   537 W adbd    : timeout expired while flushing socket, closing
02-19 22:43:12.422 11546 11546 W dumpsys : Thread Pool max thread count is 0. Cannot cache binder as linkToDeath cannot be implemented. serviceName: window
02-19 22:43:12.723   752  2368 W ActivityTaskManager: callingPackage for (uid=2000, pid=11551) has no WPC
02-19 22:43:12.725   752  2368 V GrammaticalInflectionUtils: AttributionSource: android.content.AttributionSource@56784557 does not have READ_SYSTEM_GRAMMATICAL_GENDER permission.
02-19 22:43:12.728   752  2368 W OptProp : Cannot read opt property android.window.PROPERTY_COMPAT_ALLOW_USER_ASPECT_RATIO_OVERRIDE
02-19 22:43:12.728   752  2368 W OptProp : Cannot read opt property android.window.PROPERTY_COMPAT_ALLOW_USER_ASPECT_RATIO_FULLSCREEN_OVERRIDE
02-19 22:43:12.728   752  2368 W OptProp : Cannot read opt property android.window.PROPERTY_COMPAT_ALLOW_RESIZEABLE_ACTIVITY_OVERRIDES
02-19 22:43:12.729   752  2368 W OptProp : Cannot read opt property android.window.PROPERTY_COMPAT_ALLOW_MIN_ASPECT_RATIO_OVERRIDE
02-19 22:43:12.738 11395 11545 D nativeloader: Load /data/app/~~NUQj-rdXzuicW-16SIRtKA==/viva.republica.toss.test-Si406wFvb_sqEA2GTBV6RQ==/lib/x86_64/libglog.so using class loader ns clns-9 (caller=<unknown>): ok
02-19 22:43:12.738   752  2368 W OptProp : Cannot read opt property android.window.PROPERTY_COMPAT_ALLOW_ORIENTATION_OVERRIDE
02-19 22:43:12.746   531   602 I BpBinder: onLastStrongRef automatically unlinking death recipients: 
02-19 22:43:12.757  4449  4474 I ndroid.systemui: AssetManager2(0x7d8fac470c58) locale list changing from [] to [en-US]
02-19 22:43:12.762   752  2368 I ActivityTaskManager: START u0 {act=android.intent.action.VIEW dat=intoss://takealook/... flg=0x10000000 xflg=0x4 cmp=viva.republica.toss.test/im.toss.rn.granite.core.GraniteActivity} with LAUNCH_MULTIPLE from uid 2000 (BAL_ALLOW_PERMISSION) result code=0
02-19 22:43:12.772  4449  4467 V WindowManagerShell: Transition requested (#1221): android.os.BinderProxy@4fc1368 TransitionRequestInfo { type = OPEN, triggerTask = TaskInfo{userId=0 taskId=217 effectiveUid=10217 displayId=0 isRunning=true baseIntent=Intent { act=android.intent.action.VIEW dat=intoss://takealook/... flg=0x10000000 cmp=viva.republica.toss.test/im.toss.rn.granite.core.GraniteActivity } baseActivity=ComponentInfo{viva.republica.toss.test/im.toss.rn.granite.core.GraniteActivity} topActivity=ComponentInfo{viva.republica.toss.test/im.toss.rn.granite.core.GraniteActivity} origActivity=null realActivity=ComponentInfo{viva.republica.toss.test/im.toss.rn.granite.core.GraniteActivity} numActivities=1 lastActiveTime=120066604 supportsMultiWindow=true resizeMode=1 isResizeable=true minWidth=-1 minHeight=-1 defaultMinSize=220 token=WCT{android.window.IWindowContainerToken$Stub$Proxy@7ae2381} topActivityType=1 pictureInPictureParams=null shouldDockBigOverlays=false launchIntoPipHostTaskId=-1 lastParentTaskIdBeforePip=-1 displayCutoutSafeInsets=Rect(0, 0 - 0, 0) topActivityInfo=ActivityInfo{abc9c26 im.toss.rn.granite.core.GraniteActivity} launchCookies=[] positionInParent=Point(0, 0) parentTaskId=-1 isFocused=false isVisible=false isVisibleRequested=false isTopActivityNoDisplay=false isSleeping=false locusId=null displayAreaFeatureId=1 isTopActivityTransparent=false isActivityStackTransparent=false lastNonFullscreenBounds=Rect(284, 660 - 796, 1740) capturedLink=null capturedLinkTimestamp=0 requestedVisibleTypes=-9 topActivityRequestOpenInBrowserEducationTimestamp=0 appCompatTaskInfo=AppCompatTaskInfo { topActivityInSizeCompat=false eligibleForLetterboxEducation= false isLetterboxEducationEnabled= true isLetterboxDoubleTapEnabled= false eligibleForUserAspectRatioButton= false topActivityBoundsLetterboxed= false isFromLetterboxDoubleTap= false topActivityLetterboxVerticalPosition= -1 topActivityLetterboxHorizontalPosition= -1 topActivityLetterboxWidth=-1 topActivityLetterboxHeight=-1 topActivityAppBounds=Rect(0, 0 - 1080, 2400) isUserFullscreenOverrideEnabled=false isSystemFullscreenOverrideEnabled=false hasMinAspectRatioOverride=false topActivityLetterboxBounds=null cameraCompatTaskInfo=CameraCompatTaskInfo { freeformCameraCompatMode=inactive}} topActivityMainWindowFrame=null}, pipChange = null, remoteTransition = null, displayChange = null, flags = 0, debugId = 1221 }
02-19 22:43:12.773  4449  4467 D ShellSplitScreen: logExit: no-op, mLoggerSessionId is null
02-19 22:43:12.781 11395 11545 D nativeloader: Load /data/app/~~NUQj-rdXzuicW-16SIRtKA==/viva.republica.toss.test-Si406wFvb_sqEA2GTBV6RQ==/lib/x86_64/libfolly_runtime.so using class loader ns clns-9 (caller=<unknown>): ok
02-19 22:43:12.783   752  2502 D CompatChangeReporter: Compat change id reported: 309578419; UID 10217; state: ENABLED
02-19 22:43:12.792 11395 11545 D nativeloader: Load /data/app/~~NUQj-rdXzuicW-16SIRtKA==/viva.republica.toss.test-Si406wFvb_sqEA2GTBV6RQ==/lib/x86_64/libfbjni.so using class loader ns clns-9 (caller=<unknown>): ok
02-19 22:43:12.794 19166 19166 W SplitSelectStateCtor: Missing session instanceIds
02-19 22:43:12.794 19166 19166 D StatsLog: LAUNCHER_SPLIT_SELECTION_EXIT_INTERRUPTED
02-19 22:43:12.796  4449  4467 D WindowManagerShell: setLauncherKeepClearAreaHeight: visible=false, height=527
02-19 22:43:12.803   531   531 I BpBinder: onLastStrongRef automatically unlinking death recipients: 
02-19 22:43:12.811   752  2502 W OptProp : Cannot read opt property android.window.PROPERTY_COMPAT_ENABLE_FAKE_FOCUS
02-19 22:43:12.821 11395 11474 I EGL_emulation: Opening libGLESv1_CM_emulation.so
02-19 22:43:12.822  4449  4475 W HWUI    : Image decoding logging dropped!
02-19 22:43:12.822 11395 11545 D nativeloader: Load /data/app/~~NUQj-rdXzuicW-16SIRtKA==/viva.republica.toss.test-Si406wFvb_sqEA2GTBV6RQ==/lib/x86_64/libjsi.so using class loader ns clns-9 (caller=<unknown>): ok
02-19 22:43:12.824 11395 11474 I EGL_emulation: Opening libGLESv2_emulation.so
02-19 22:43:12.835   752  1029 D InetDiagMessage: Destroyed 0 sockets, proto=IPPROTO_TCP, family=AF_INET, states=14
02-19 22:43:12.843   752  1029 D InetDiagMessage: Destroyed 3 sockets, proto=IPPROTO_TCP, family=AF_INET6, states=14
02-19 22:43:12.844   752  1029 D InetDiagMessage: Destroyed live tcp sockets for uids={10217} in 13ms
02-19 22:43:12.848   752  1029 D InetDiagMessage: Destroyed 0 sockets, proto=IPPROTO_TCP, family=AF_INET, states=14
02-19 22:43:12.851   752  1029 D InetDiagMessage: Destroyed 0 sockets, proto=IPPROTO_TCP, family=AF_INET6, states=14
02-19 22:43:12.851 11395 11545 D nativeloader: Load /data/app/~~NUQj-rdXzuicW-16SIRtKA==/viva.republica.toss.test-Si406wFvb_sqEA2GTBV6RQ==/lib/x86_64/libhermes.so using class loader ns clns-9 (caller=<unknown>): ok
02-19 22:43:12.852   752  1029 D InetDiagMessage: Destroyed live tcp sockets for uids={20217} in 7ms
02-19 22:43:12.855   752  1029 D InetDiagMessage: Destroyed 0 sockets, proto=IPPROTO_TCP, family=AF_INET, states=14
02-19 22:43:12.857   752  1029 D InetDiagMessage: Destroyed 0 sockets, proto=IPPROTO_TCP, family=AF_INET6, states=14
02-19 22:43:12.859   752  1029 D InetDiagMessage: Destroyed live tcp sockets for uids={10205} in 6ms
02-19 22:43:12.862   752  1029 D InetDiagMessage: Destroyed 0 sockets, proto=IPPROTO_TCP, family=AF_INET, states=14
02-19 22:43:12.864 11395 11545 D nativeloader: Load /data/app/~~NUQj-rdXzuicW-16SIRtKA==/viva.republica.toss.test-Si406wFvb_sqEA2GTBV6RQ==/lib/x86_64/libfb.so using class loader ns clns-9 (caller=<unknown>): ok
02-19 22:43:12.865   752  1029 D InetDiagMessage: Destroyed 0 sockets, proto=IPPROTO_TCP, family=AF_INET6, states=14
02-19 22:43:12.865   752  1029 D InetDiagMessage: Destroyed live tcp sockets for uids={20205} in 6ms
02-19 22:43:12.881 11395 11395 I blica.toss.test: AssetManager2(0x7d8fac433718) locale list changing from [] to [en-US]
02-19 22:43:12.900   752   797 W ProcessStats: Tracking association SourceState{1b917ca system/1000 BFgs #29639} whose proc state 4 is better than process ProcessState{42c4ef0 com.google.android.ext.services/10208 pkg=com.google.android.ext.services} proc state 14 (22 skipped)
02-19 22:43:12.930   752  1095 D BackgroundInstallControlService: Package event received: 0
02-19 22:43:12.948 11395 11474 W HWUI    : Failed to choose config with EGL_SWAP_BEHAVIOR_PRESERVED, retrying without...
02-19 22:43:12.949 11395 11474 W HWUI    : Failed to initialize 101010-2 format, error = EGL_SUCCESS
02-19 22:43:12.969   752  1095 D BackgroundInstallControlService: Package event received: 0
02-19 22:43:12.969   752  1095 D BackgroundInstallControlService: Package event received: 0
02-19 22:43:12.970   752  1095 D BackgroundInstallControlService: Package event received: 0
02-19 22:43:12.970   752  1095 D BackgroundInstallControlService: Package event received: 0
02-19 22:43:12.970   752  1095 D BackgroundInstallControlService: Package event received: 0
02-19 22:43:12.970   752  1095 D BackgroundInstallControlService: Package event received: 0
02-19 22:43:12.972   752   935 D CoreBackPreview: Window{8943c5c u0 Splash Screen viva.republica.toss.test}: Setting back callback OnBackInvokedCallbackInfo{mCallback=android.window.IOnBackInvokedCallback$Stub$Proxy@456c248, mPriority=0, mIsAnimationCallback=false, mOverrideBehavior=0}
02-19 22:43:12.981   615   715 W IPCThreadState: Sending oneway calls to frozen process.
02-19 22:43:12.984   615  2506 W IPCThreadState: Sending oneway calls to frozen process.
02-19 22:43:13.028  4449   614 V WindowManagerShell: onTransitionReady(transaction=3229815441530)
02-19 22:43:13.029  4449  4467 V WindowManagerShell: onTransitionReady (#1221) android.os.BinderProxy@4fc1368: {id=1221 t=OPEN f=0x0 trk=0 r=[0@Point(0, 0)] c=[
02-19 22:43:13.029  4449  4467 V WindowManagerShell:         {m=OPEN f=NONE leash=Surface(name=Task=217)/@0x7994e62 sb=Rect(0, 0 - 1080, 2400) eb=Rect(0, 0 - 1080, 2400) epz=Point(1080, 2400) d=0 taskParent=-1},
02-19 22:43:13.029  4449  4467 V WindowManagerShell:         {m=TO_BACK f=SHOW_WALLPAPER leash=Surface(name=Task=1)/@0x3f46bf3 sb=Rect(0, 0 - 1080, 2400) eb=Rect(0, 0 - 1080, 2400) epz=Point(1080, 2400) d=0 taskParent=-1},
02-19 22:43:13.029  4449  4467 V WindowManagerShell:         {m=TO_BACK f=IS_WALLPAPER leash=Surface(name=WallpaperWindowToken{35e0c0f showWhenLocked=false})/@0x8e830b0 sb=Rect(0, 0 - 1080, 2400) eb=Rect(0, 0 - 1080, 2400) epz=Point(1080, 2400) d=0}
02-19 22:43:13.029  4449  4467 V WindowManagerShell:     ]}
02-19 22:43:13.031  4449  4467 V WindowManagerShell: Playing animation for (#1221) android.os.BinderProxy@4fc1368@0
02-19 22:43:13.031  4449  4467 V ShellRecents: RecentsTransitionHandler.startAnimation: no controller found
02-19 22:43:13.032  4449  4467 V WindowManagerShell: Transition doesn't have explicit remote, search filters for match for {id=1221 t=OPEN f=0x0 trk=0 r=[0@Point(0, 0)] c=[{m=OPEN f=NONE leash=Surface(name=Task=217)/@0x7994e62 sb=Rect(0, 0 - 1080, 2400) eb=Rect(0, 0 - 1080, 2400) epz=Point(1080, 2400) d=0 taskParent=-1},{m=TO_BACK f=SHOW_WALLPAPER leash=Surface(name=Task=1)/@0x3f46bf3 sb=Rect(0, 0 - 1080, 2400) eb=Rect(0, 0 - 1080, 2400) epz=Point(1080, 2400) d=0 taskParent=-1},{m=TO_BACK f=IS_WALLPAPER leash=Surface(name=WallpaperWindowToken{35e0c0f showWhenLocked=false})/@0x8e830b0 sb=Rect(0, 0 - 1080, 2400) eb=Rect(0, 0 - 1080, 2400) epz=Point(1080, 2400) d=0}]}
02-19 22:43:13.032  4449  4467 V WindowManagerShell:  Checking filter Pair{{types=[] flags=0x0] notFlags=0x0 checks=[{atype=undefined independent=true modes=[CLOSE,TO_BACK] flags=IN_TASK_WITH_EMBEDDED_ACTIVITY mustBeTask=false order=ANY topActivity=null launchCookie=null taskFragmentToken=android.os.BinderProxy@71546f0 windowingMode=undefined}]} RemoteTransition { remoteTransition = android.window.IRemoteTransition$Stub$Proxy@d4c8469, appThread = android.app.IApplicationThread$Stub$Proxy@c228eee, debugName = overlayBackTransition }}
02-19 22:43:13.033  4449  4467 V WindowManagerShell:  Checking filter Pair{{types=[] flags=0x0] notFlags=0x0 checks=[{atype=dream independent=true modes=[OPEN,TO_FRONT] flags=NONE mustBeTask=false order=ANY topActivity=null launchCookie=null windowingMode=undefined},{atype=home independent=true modes=[CLOSE,TO_BACK] flags=NONE mustBeTask=false order=ANY topActivity=null launchCookie=null windowingMode=undefined}]} RemoteTransition { remoteTransition = android.window.IRemoteTransition$Stub$Proxy@c578f8f, appThread = android.app.IApplicationThread$Stub$Proxy@69fe21c, debugName = LauncherToDream }}
02-19 22:43:13.033  4449  4467 V WindowManagerShell:  Checking filter Pair{{types=[] flags=0x0] notFlags=0x100 checks=[{atype=home independent=true modes=[OPEN,TO_FRONT] flags=NONE mustBeTask=false order=TOP topActivity=ComponentInfo{com.google.android.apps.nexuslauncher/com.google.android.apps.nexuslauncher.NexusLauncherActivity} launchCookie=null windowingMode=undefined},{atype=standard independent=true modes=[CLOSE,TO_BACK] flags=NONE mustBeTask=false order=ANY topActivity=null launchCookie=null windowingMode=undefined},{NOT atype=undefined independent=true modes=[] flags=NONE mustBeTask=true order=ANY topActivity=null launchCookie=null customAnim=true windowingMode=undefined}]} RemoteTransition { remoteTransition = android.window.IRemoteTransition$Stub$Proxy@69ffe25, appThread = android.app.IApplicationThread$Stub$Proxy@72cabfa, debugName = QuickstepLaunchHome }}
02-19 22:43:13.034  4449  4467 V WindowManagerShell:  Checking filter Pair{{types=[] flags=0x0] notFlags=0x0 checks=[{atype=undefined independent=true modes=[CLOSE,TO_BACK] flags=IN_TASK_WITH_EMBEDDED_ACTIVITY mustBeTask=false order=ANY topActivity=null launchCookie=null taskFragmentToken=android.os.BinderProxy@71546f0 windowingMode=undefined}]} RemoteTransition { remoteTransition = android.window.IRemoteTransition$Stub$Proxy@7c795ab, appThread = android.app.IApplicationThread$Stub$Proxy@cd70408, debugName = overlayBackTransition }}
02-19 22:43:13.039   752   794 V WindowManager: Sent Transition (#1221) createdAt=02-19 22:43:12.729 via request=TransitionRequestInfo { type = OPEN, triggerTask = TaskInfo{userId=0 taskId=217 effectiveUid=10217 displayId=0 isRunning=true baseIntent=Intent { act=android.intent.action.VIEW dat=intoss://takealook/... flg=0x10000000 cmp=viva.republica.toss.test/im.toss.rn.granite.core.GraniteActivity } baseActivity=ComponentInfo{viva.republica.toss.test/im.toss.rn.granite.core.GraniteActivity} topActivity=ComponentInfo{viva.republica.toss.test/im.toss.rn.granite.core.GraniteActivity} origActivity=null realActivity=ComponentInfo{viva.republica.toss.test/im.toss.rn.granite.core.GraniteActivity} numActivities=1 lastActiveTime=120066604 supportsMultiWindow=true resizeMode=1 isResizeable=true minWidth=-1 minHeight=-1 defaultMinSize=220 token=WCT{RemoteToken{c3064c7 Task{2a01a73 #217 type=standard A=10217:viva.republica.toss.test}}} topActivityType=1 pictureInPictureParams=null shouldDockBigOverlays=false launchIntoPipHostTaskId=-1 lastParentTaskIdBeforePip=-1 displayCutoutSafeInsets=Rect(0, 0 - 0, 0) topActivityInfo=ActivityInfo{839baf4 im.toss.rn.granite.core.GraniteActivity} launchCookies=[] positionInParent=Point(0, 0) parentTaskId=-1 isFocused=false isVisible=false isVisibleRequested=false isTopActivityNoDisplay=false isSleeping=false locusId=null displayAreaFeatureId=1 isTopActivityTransparent=false isActivityStackTransparent=false lastNonFullscreenBounds=Rect(284, 660 - 796, 1740) capturedLink=null capturedLinkTimestamp=0 requestedVisibleTypes=-9 topActivityRequestOpenInBrowserEducationTimestamp=0 appCompatTaskInfo=AppCompatTaskInfo { topActivityInSizeCompat=false eligibleForLetterboxEducation= false isLetterboxEducationEnabled= true isLetterboxDoubleTapEnabled= false eligibleForUserAspectRatioButton= false topActivityBoundsLetterboxed= false isFromLetterboxDoubleTap= false topActivityLetterboxVerticalPosition= -1 topActivityLetterboxHorizontalPosition= -1 topActivityLetterboxWidth=-1 topActivityLetterboxHeight=-1 topActivityAppBounds=Rect(0, 0 - 1080, 2400) isUserFullscreenOverrideEnabled=false isSystemFullscreenOverrideEnabled=false hasMinAspectRatioOverride=false topActivityLetterboxBounds=null cameraCompatTaskInfo=CameraCompatTaskInfo { freeformCameraCompatMode=inactive}} topActivityMainWindowFrame=null}, pipChange = null, remoteTransition = null, displayChange = null, flags = 0, debugId = 1221 }
02-19 22:43:13.039   752   794 V WindowManager:     startWCT=WindowContainerTransaction { changes= {} hops= [] errorCallbackToken=null taskFragmentOrganizer=null }
02-19 22:43:13.039   752   794 V WindowManager:     info={id=1221 t=OPEN f=0x0 trk=0 r=[0@Point(0, 0)] c=[
02-19 22:43:13.039   752   794 V WindowManager:         {WCT{RemoteToken{c3064c7 Task{2a01a73 #217 type=standard A=10217:viva.republica.toss.test}}} m=OPEN f=NONE leash=Surface(name=Task=217)/@0x3d2d8e1 sb=Rect(0, 0 - 1080, 2400) eb=Rect(0, 0 - 1080, 2400) epz=Point(1080, 2400) d=0 taskParent=-1},
02-19 22:43:13.039   752   794 V WindowManager:         {WCT{RemoteToken{5218fe8 Task{dd43522 #1 type=home}}} m=TO_BACK f=SHOW_WALLPAPER leash=Surface(name=Task=1)/@0x8ddbd2e sb=Rect(0, 0 - 1080, 2400) eb=Rect(0, 0 - 1080, 2400) epz=Point(1080, 2400) d=0 taskParent=-1},
02-19 22:43:13.039   752   794 V WindowManager:         {m=TO_BACK f=IS_WALLPAPER leash=Surface(name=WallpaperWindowToken{35e0c0f showWhenLocked=false})/@0x512f5be sb=Rect(0, 0 - 1080, 2400) eb=Rect(0, 0 - 1080, 2400) epz=Point(1080, 2400) d=0}
02-19 22:43:13.039   752   794 V WindowManager:     ]}
02-19 22:43:13.040  4449  4467 V WindowManagerShell:  Checking filter Pair{{types=[] flags=0x0] notFlags=0x0 checks=[{atype=dream independent=true modes=[OPEN,TO_FRONT] flags=NONE mustBeTask=false order=ANY topActivity=null launchCookie=null windowingMode=undefined},{atype=home independent=true modes=[CLOSE,TO_BACK] flags=NONE mustBeTask=false order=ANY topActivity=null launchCookie=null windowingMode=undefined}]} RemoteTransition { remoteTransition = android.window.IRemoteTransition$Stub$Proxy@f757a1, appThread = android.app.IApplicationThread$Stub$Proxy@d898dc6, debugName = LauncherToDream }}
02-19 22:43:13.042  4449  4467 V WindowManagerShell:  Checking filter Pair{{types=[] flags=0x0] notFlags=0x100 checks=[{atype=home independent=true modes=[OPEN,TO_FRONT] flags=NONE mustBeTask=false order=TOP topActivity=ComponentInfo{com.google.android.apps.nexuslauncher/com.google.android.apps.nexuslauncher.NexusLauncherActivity} launchCookie=null windowingMode=undefined},{atype=standard independent=true modes=[CLOSE,TO_BACK] flags=NONE mustBeTask=false order=ANY topActivity=null launchCookie=null windowingMode=undefined},{NOT atype=undefined independent=true modes=[] flags=NONE mustBeTask=true order=ANY topActivity=null launchCookie=null customAnim=true windowingMode=undefined}]} RemoteTransition { remoteTransition = android.window.IRemoteTransition$Stub$Proxy@9e7e187, appThread = android.app.IApplicationThread$Stub$Proxy@3dc58b4, debugName = QuickstepLaunchHome }}
02-19 22:43:13.042  4449  4467 V WindowManagerShell:  Delegate animation for (#1221) to null
02-19 22:43:13.042  4449  4467 V WindowManagerShell: start default transition animation, info = {id=1221 t=OPEN f=0x0 trk=0 r=[0@Point(0, 0)] c=[{m=OPEN f=NONE leash=Surface(name=Task=217)/@0x7994e62 sb=Rect(0, 0 - 1080, 2400) eb=Rect(0, 0 - 1080, 2400) epz=Point(1080, 2400) d=0 taskParent=-1},{m=TO_BACK f=SHOW_WALLPAPER leash=Surface(name=Task=1)/@0x3f46bf3 sb=Rect(0, 0 - 1080, 2400) eb=Rect(0, 0 - 1080, 2400) epz=Point(1080, 2400) d=0 taskParent=-1},{m=TO_BACK f=IS_WALLPAPER leash=Surface(name=WallpaperWindowToken{35e0c0f showWhenLocked=false})/@0x8e830b0 sb=Rect(0, 0 - 1080, 2400) eb=Rect(0, 0 - 1080, 2400) epz=Point(1080, 2400) d=0}]}
02-19 22:43:13.043  4449  4467 V WindowManagerShell: loadAnimation: anim=android.view.animation.AnimationSet@7c1eeae animAttr=0x13 type=OPEN isEntrance=false
02-19 22:43:13.043  4449  4467 V WindowManagerShell: loadAnimation: anim=android.view.animation.AnimationSet@cdfd44f animAttr=0x12 type=OPEN isEntrance=true
02-19 22:43:13.055  4449  4467 V WindowManagerShell:  animated by com.android.wm.shell.transition.DefaultTransitionHandler@f74d823
02-19 22:43:13.070 11395 11495 W okhttp.OkHttpClient: A connection to http://localhost:8081/ was leaked. Did you forget to close a response body? To see where this was allocated, set the OkHttpClient logger level to FINE: Logger.getLogger(OkHttpClient.class.getName()).setLevel(Level.FINE);
02-19 22:43:13.075   752   795 W Looper  : Slow dispatch took 213ms android.ui app=system_server main=false group=TOP_APP h=com.android.server.am.ActivityManagerService$UiHandler c=com.android.server.am.UidObserverController$$ExternalSyntheticLambda0@6a2cd6d m=0
02-19 22:43:13.103 11395 11545 D nativeloader: Load /data/app/~~NUQj-rdXzuicW-16SIRtKA==/viva.republica.toss.test-Si406wFvb_sqEA2GTBV6RQ==/lib/x86_64/libyoga.so using class loader ns clns-9 (caller=<unknown>): ok
02-19 22:43:13.211 11395 11545 D nativeloader: Load /data/app/~~NUQj-rdXzuicW-16SIRtKA==/viva.republica.toss.test-Si406wFvb_sqEA2GTBV6RQ==/lib/x86_64/libruntimeexecutor.so using class loader ns clns-9 (caller=<unknown>): ok
02-19 22:43:13.281 11395 11545 D nativeloader: Load /data/app/~~NUQj-rdXzuicW-16SIRtKA==/viva.republica.toss.test-Si406wFvb_sqEA2GTBV6RQ==/lib/x86_64/libreact_debug.so using class loader ns clns-9 (caller=<unknown>): ok
02-19 22:43:13.294   752   935 D CoreBackPreview: Window{4688c92 u0 viva.republica.toss.test/im.toss.rn.granite.core.GraniteActivity}: Setting back callback OnBackInvokedCallbackInfo{mCallback=android.window.IOnBackInvokedCallback$Stub$Proxy@fb19260, mPriority=0, mIsAnimationCallback=false, mOverrideBehavior=0}
02-19 22:43:13.295 11395 11395 W unknown:ReactRootView: Unable to update root layout specs for uninitialized ReactInstanceManager
02-19 22:43:13.327 11395 11545 D nativeloader: Load /data/app/~~NUQj-rdXzuicW-16SIRtKA==/viva.republica.toss.test-Si406wFvb_sqEA2GTBV6RQ==/lib/x86_64/libglog_init.so using class loader ns clns-9 (caller=<unknown>): ok
02-19 22:43:13.356 11395 11545 D nativeloader: Load /data/app/~~NUQj-rdXzuicW-16SIRtKA==/viva.republica.toss.test-Si406wFvb_sqEA2GTBV6RQ==/lib/x86_64/libreact_utils.so using class loader ns clns-9 (caller=<unknown>): ok
02-19 22:43:13.366 11395 11545 D nativeloader: Load /data/app/~~NUQj-rdXzuicW-16SIRtKA==/viva.republica.toss.test-Si406wFvb_sqEA2GTBV6RQ==/lib/x86_64/libreact_render_mapbuffer.so using class loader ns clns-9 (caller=<unknown>): ok
02-19 22:43:13.371  4449  4467 V WindowManagerShell: Transition animation finished (aborted=false), notifying core (#1221) android.os.BinderProxy@4fc1368@0
02-19 22:43:13.375   752   794 V WindowManager: Finish Transition (#1221): created at 02-19 22:43:12.729 collect-started=0.225ms request-sent=30.72ms started=52.003ms ready=198.323ms sent=295.388ms commit=43.728ms finished=644.972ms
02-19 22:43:13.392  4449  4467 V WindowManagerShell: Track 0 became idle
02-19 22:43:13.395 19166 19166 D VRI[NexusLauncherActivity]: visibilityChanged oldVisibility=true newVisibility=false
02-19 22:43:13.397 11395 11545 D nativeloader: Load /data/app/~~NUQj-rdXzuicW-16SIRtKA==/viva.republica.toss.test-Si406wFvb_sqEA2GTBV6RQ==/lib/x86_64/libreact_render_graphics.so using class loader ns clns-9 (caller=<unknown>): ok
02-19 22:43:13.392  4449  4467 V WindowManagerShell: All active transition animations finished
02-19 22:43:13.402 19166 19166 D NexusLauncherModelDelegate: notifySmartspaceEvent: SmartspaceTargetEvent{mSmartspaceTarget=null, mSmartspaceActionId='null', mEventType=7}
02-19 22:43:13.412 11395 11545 D nativeloader: Load /data/app/~~NUQj-rdXzuicW-16SIRtKA==/viva.republica.toss.test-Si406wFvb_sqEA2GTBV6RQ==/lib/x86_64/libreact_render_debug.so using class loader ns clns-9 (caller=<unknown>): ok
02-19 22:43:13.430 11395 11545 D nativeloader: Load /data/app/~~NUQj-rdXzuicW-16SIRtKA==/viva.republica.toss.test-Si406wFvb_sqEA2GTBV6RQ==/lib/x86_64/libreact_render_core.so using class loader ns clns-9 (caller=<unknown>): ok
02-19 22:43:13.450 11395 11545 D nativeloader: Load /data/app/~~NUQj-rdXzuicW-16SIRtKA==/viva.republica.toss.test-Si406wFvb_sqEA2GTBV6RQ==/lib/x86_64/libreact_render_runtimescheduler.so using class loader ns clns-9 (caller=<unknown>): ok
02-19 22:43:13.466 11395 11545 D nativeloader: Load /data/app/~~NUQj-rdXzuicW-16SIRtKA==/viva.republica.toss.test-Si406wFvb_sqEA2GTBV6RQ==/lib/x86_64/liblogger.so using class loader ns clns-9 (caller=<unknown>): ok
02-19 22:43:13.482 11395 11545 D nativeloader: Load /data/app/~~NUQj-rdXzuicW-16SIRtKA==/viva.republica.toss.test-Si406wFvb_sqEA2GTBV6RQ==/lib/x86_64/libreactperfloggerjni.so using class loader ns clns-9 (caller=<unknown>): ok
02-19 22:43:13.500 11395 11545 D nativeloader: Load /data/app/~~NUQj-rdXzuicW-16SIRtKA==/viva.republica.toss.test-Si406wFvb_sqEA2GTBV6RQ==/lib/x86_64/libjsinspector.so using class loader ns clns-9 (caller=<unknown>): ok
02-19 22:43:13.538   752   794 I ActivityTaskManager: Displayed viva.republica.toss.test/im.toss.rn.granite.core.GraniteActivity for user 0: +812ms
02-19 22:43:13.566 11395 11545 D nativeloader: Load /data/app/~~NUQj-rdXzuicW-16SIRtKA==/viva.republica.toss.test-Si406wFvb_sqEA2GTBV6RQ==/lib/x86_64/libreactnativejni.so using class loader ns clns-9 (caller=<unknown>): ok
02-19 22:43:13.663 11395 11559 W unknown:InspectorPackagerConnection: Couldn't connect to packager, will silently retry
02-19 22:43:13.670   752   989 I ImeTracker: viva.republica.toss.test:13b7239c: onRequestHide at ORIGIN_SERVER reason HIDE_UNSPECIFIED_WINDOW fromUser false
02-19 22:43:13.695 20022 20022 I GoogleInputMethodService: GoogleInputMethodService.onFinishInput():2043 
02-19 22:43:13.697 20022 20022 I Module  : DeviceLockedStatusModuleProvider$Module.updateDeviceLockedStatus():100 repeatCheckTimes = 0, locked = false
02-19 22:43:13.704 19166 19166 D BaseDepthController: setSurface:
02-19 22:43:13.704 19166 19166 D BaseDepthController: 	mWaitingOnSurfaceValidity: false
02-19 22:43:13.704 19166 19166 D BaseDepthController: 	mBaseSurface: null
02-19 22:43:13.704 19166 19166 D BaseDepthController: mSurface is null and mCurrentBlur is: 0
02-19 22:43:13.705 19166 19166 D StateManager: goToState - fromState: Normal, toState: Normal, partial trace:
02-19 22:43:13.705 19166 19166 D StateManager: 	at com.android.launcher3.statemanager.StateManager.moveToRestState(go/retraceme 72a59688580715d19f0e415c69e80376c2f062d1648c80db6730905005a27c20:4)
02-19 22:43:13.705 19166 19166 D StateManager: 	at com.android.launcher3.statemanager.StateManager.moveToRestState(go/retraceme 72a59688580715d19f0e415c69e80376c2f062d1648c80db6730905005a27c20:1)
02-19 22:43:13.705 19166 19166 D StateManager: 	at com.android.launcher3.statemanager.StatefulActivity.onStop(go/retraceme 72a59688580715d19f0e415c69e80376c2f062d1648c80db6730905005a27c20:34)
02-19 22:43:13.705 19166 19166 D StatsLog: LAUNCHER_ONSTOP
02-19 22:43:13.706   752  1454 I ImeTracker: system_server:dfecee2f: onRequestHide at ORIGIN_SERVER reason IME_REQUESTED_CHANGED_LISTENER fromUser false
02-19 22:43:13.707 19166 19166 D StatsLog: LAUNCHER_GOOGLE_SEARCH_RESTORE_LIST_SIZE_AFTER_ACTIVITY_RESTART
02-19 22:43:13.707   752   797 I ImeTracker: system_server:dfecee2f: onCancelled at PHASE_SERVER_SHOULD_HIDE
02-19 22:43:13.710 20022 20022 I GoogleInputMethodService: GoogleInputMethodService.onStartInput():1293 onStartInput(EditorInfo{EditorInfo{packageName=viva.republica.toss.test, inputType=0, inputTypeString=NULL, enableLearning=false, autoCorrection=false, autoComplete=false, imeOptions=0, privateImeOptions=null, actionName=UNSPECIFIED, actionLabel=null, initialSelStart=-1, initialSelEnd=-1, initialCapsMode=0, label=null, fieldId=0, fieldName=null, extras=null, hintText=null, hintLocales=[]}}, false)
02-19 22:43:13.714 20022 20022 I EmojiCompatManager: EmojiCompatManager.getEmojiCompatIfLoaded():343 EmojiCompat.init() was never called.
02-19 22:43:13.714 20022 20022 I EmojiCompatManager: java.lang.IllegalStateException: EmojiCompat is not initialized. Please call EmojiCompat.init() first
02-19 22:43:13.714 20022 20022 I EmojiCompatManager: 	at asx.p(PG:6)
02-19 22:43:13.714 20022 20022 I EmojiCompatManager: 	at axb.b(PG:13)
02-19 22:43:13.714 20022 20022 I EmojiCompatManager: 	at jnr.b(PG:2)
02-19 22:43:13.714 20022 20022 I EmojiCompatManager: 	at jnr.c(PG:4)
02-19 22:43:13.714 20022 20022 I EmojiCompatManager: 	at jnr.f(PG:3)
02-19 22:43:13.714 20022 20022 I EmojiCompatManager: 	at jnx.c(PG:3)
02-19 22:43:13.714 20022 20022 I EmojiCompatManager: 	at kif.cz(PG:47)
02-19 22:43:13.714 20022 20022 I EmojiCompatManager: 	at lhl.run(PG:1025)
02-19 22:43:13.714 20022 20022 I EmojiCompatManager: 	at jaf.execute(PG:12)
02-19 22:43:13.714 20022 20022 I EmojiCompatManager: 	at nco.v(PG:13)
02-19 22:43:13.714 20022 20022 I EmojiCompatManager: 	at lhn.m(PG:96)
02-19 22:43:13.714 20022 20022 I EmojiCompatManager: 	at lhn.k(PG:25)
02-19 22:43:13.714 20022 20022 I EmojiCompatManager: 	at kgn.onStartInput(PG:250)
02-19 22:43:13.714 20022 20022 I EmojiCompatManager: 	at android.inputmethodservice.InputMethodService.doStartInput(InputMethodService.java:3521)
02-19 22:43:13.714 20022 20022 I EmojiCompatManager: 	at android.inputmethodservice.InputMethodService$InputMethodImpl.startInput(InputMethodService.java:879)
02-19 22:43:13.714 20022 20022 I EmojiCompatManager: 	at android.inputmethodservice.InputMethodService$InputMethodImpl.dispatchStartInput(InputMethodService.java:908)
02-19 22:43:13.714 20022 20022 I EmojiCompatManager: 	at android.inputmethodservice.IInputMethodWrapper.executeMessage(IInputMethodWrapper.java:201)
02-19 22:43:13.714 20022 20022 I EmojiCompatManager: 	at com.android.internal.os.HandlerCaller$MyHandler.handleMessage(HandlerCaller.java:44)
02-19 22:43:13.714 20022 20022 I EmojiCompatManager: 	at android.os.Handler.dispatchMessage(Handler.java:110)
02-19 22:43:13.714 20022 20022 I EmojiCompatManager: 	at android.os.Looper.loopOnce(Looper.java:248)
02-19 22:43:13.714 20022 20022 I EmojiCompatManager: 	at android.os.Looper.loop(Looper.java:338)
02-19 22:43:13.714 20022 20022 I EmojiCompatManager: 	at android.app.ActivityThread.main(ActivityThread.java:9067)
02-19 22:43:13.714 20022 20022 I EmojiCompatManager: 	at java.lang.reflect.Method.invoke(Native Method)
02-19 22:43:13.714 20022 20022 I EmojiCompatManager: 	at com.android.internal.os.RuntimeInit$MethodAndArgsCaller.run(RuntimeInit.java:593)
02-19 22:43:13.714 20022 20022 I EmojiCompatManager: 	at com.android.internal.os.ZygoteInit.main(ZygoteInit.java:932)
02-19 22:43:13.715   752  1095 D BackgroundInstallControlService: Package event received: 0
02-19 22:43:13.715 20022 20022 I Module  : DeviceLockedStatusModuleProvider$Module.updateDeviceLockedStatus():100 repeatCheckTimes = 1, locked = false
02-19 22:43:13.717   752  1454 W PackageConfigPersister: App-specific configuration not found for packageName: viva.republica.toss.test and userId: 0
02-19 22:43:13.728 11395 11558 W unknown:ReconnectingWebSocket: Couldn't connect to "ws://10.0.2.2:8081/message?device=sdk_gphone64_x86_64%20-%2016%20-%20API%2036&app=viva.republica.toss.test&clientid=BridgeDevSupportManager", will silently retry
02-19 22:43:13.756 11395 11395 D InsetsController: hide(ime(), fromIme=false)
02-19 22:43:13.756 11395 11395 I ImeTracker: viva.republica.toss.test:13b7239c: onCancelled at PHASE_CLIENT_ALREADY_HIDDEN
02-19 22:43:13.819 11395 11395 E unknown:ReactRootView: Unhandled SoftException
