02-19 13:28:29.529   617   617 D RemoteTargetGluer: resizing handles
02-19 13:28:29.529   617   617 D RemoteTargetGluer: containsSplitTargets? false handleLength: 1 appsLength: 1
02-19 13:28:29.529   617   617 D RecentsView: setRecentsAnimationTargets - recentsAnimationController: com.android.quickstep.RecentsAnimationController@a2ec2ba, recentsAnimationTargets: com.android.quickstep.RecentsAnimationTargets@b19c56b
02-19 13:28:29.530   617   617 D RemoteTargetGluer: appCount: 1 handleLength: 1
02-19 13:28:29.530   617   617 D RemoteTargetGluer: containsSplitTargets? false handleLength: 1 appsLength: 1
02-19 13:28:29.531   617   617 D OverviewCommandHelper: recents animation started: CommandInfo(type=TOGGLE, status=PROCESSING, createTime=86780714, animationCallbacks=com.android.quickstep.RecentsAnimationCallbacks@bcfc21c, displayId=0, isLastOfBatch=true)
02-19 13:28:29.531   617   617 D StatsLog: LAUNCHER_OVERVIEW_SHOW_OVERVIEW_FROM_3_BUTTON
02-19 13:28:29.531   617   617 D OverviewCommandHelper: recents animation started - onInitBackgroundStateUI: CommandInfo(type=TOGGLE, status=PROCESSING, createTime=86780714, animationCallbacks=com.android.quickstep.RecentsAnimationCallbacks@bcfc21c, displayId=0, isLastOfBatch=true)
02-19 13:28:29.561  2603  2603 D CompatChangeReporter: Compat change id reported: 242716250; UID 10143; state: ENABLED
02-19 13:28:29.611 32388  2648 I ReactNativeJS: Running "shared" with {"initialProps":{"initialColorPreference":"light","loadingStartTs":1771475302278,"initialFontScale":"100"},"rootTag":411}
02-19 13:28:29.665 32388 32393 I blica.toss.test: NativeAlloc concurrent mark compact GC freed 8488KB AllocSpace bytes, 7(204KB) LOS objects, 47% free, 26MB/50MB, paused 2.678ms,7.353ms total 2.049s
02-19 13:28:29.679   617   617 D RecentsView: onPrepareGestureEndAnimation - endTarget: RECENTS
02-19 13:28:29.736  4449  4467 V ShellRecents: [144965155] RecentsController.setInputConsumerEnabled: set focus to recents
02-19 13:28:29.966   752   795 W ActivityTaskManager: callingPackage for (uid=-1, pid=0) has no WPC
02-19 13:28:29.981   752   795 W ActivityStartInterceptor: Starting home with component specified, uid=0
02-19 13:28:29.987   752   795 W OptProp : Cannot read opt property android.window.PROPERTY_COMPAT_ALLOW_USER_ASPECT_RATIO_OVERRIDE
02-19 13:28:29.989   752   795 W OptProp : Cannot read opt property android.window.PROPERTY_COMPAT_ALLOW_USER_ASPECT_RATIO_FULLSCREEN_OVERRIDE
02-19 13:28:29.989   752   795 W OptProp : Cannot read opt property android.window.PROPERTY_COMPAT_ALLOW_RESIZEABLE_ACTIVITY_OVERRIDES
02-19 13:28:29.989   752   795 W OptProp : Cannot read opt property android.window.PROPERTY_COMPAT_ALLOW_MIN_ASPECT_RATIO_OVERRIDE
02-19 13:28:29.989   752   795 V GrammaticalInflectionUtils: AttributionSource: android.content.AttributionSource@1abea79a does not have READ_SYSTEM_GRAMMATICAL_GENDER permission.
02-19 13:28:30.045  4449  4449 I vol.VolumeDialogImpl: mDialog.dismiss() reason: volume_controller from: com.android.systemui.volume.VolumeDialogImpl$7.onDismissRequested:3
02-19 13:28:30.183   752   795 I ActivityTaskManager: START u0 {act=android.intent.action.MAIN cat=[android.intent.category.HOME] flg=0x10000100 cmp=com.google.android.apps.nexuslauncher/.NexusLauncherActivity (has extras)} with LAUNCH_SINGLE_TASK from uid 0 (BAL_ALLOW_ALLOWLISTED_UID) result code=3
02-19 13:28:30.185  4449  4467 D WindowManagerShell: onActivityRestartAttempt: topActivity=ComponentInfo{com.google.android.apps.nexuslauncher/com.google.android.apps.nexuslauncher.NexusLauncherActivity}, wasVisible=true
02-19 13:28:30.185   752   795 W Looper  : Slow dispatch took 298ms android.ui app=system_server main=false group=TOP_APP h=com.android.server.policy.PhoneWindowManager$PolicyHandler c=com.android.server.policy.PhoneWindowManager$DisplayHomeButtonHandler$$ExternalSyntheticLambda0@e9022d m=0
02-19 13:28:30.438  4449 22842 D KeyguardService: setOccluded(false)
02-19 13:28:30.438  4449 22842 D KeyguardViewMediator: setOccluded(false)
02-19 13:28:30.441  4449  4449 D KeyguardViewMediator: handleSetOccluded(false)
02-19 13:28:30.442  4449  4449 D KeyguardViewMediator: KeyguardViewMediator queue processing message: SET_OCCLUDED
02-19 13:28:30.504   617   617 W SplitSelectStateCtor: Missing session instanceIds
02-19 13:28:30.504   617   617 D StatsLog: LAUNCHER_SPLIT_SELECTION_EXIT_INTERRUPTED
02-19 13:28:30.505   617   617 D ContextTracker: handleIntent: mCallbacks=[com.android.launcher3.LauncherInitListener@46fb89a]
02-19 13:28:30.509   617   617 D TFOManager: playPanelCloseAnimation() duration=200 traceTag=LauncherOverlay-hide isHomeButtonTap=true
02-19 13:28:30.510   617   617 D TFOManager: Skipped creating panel close animation because -1 is invisible.
02-19 13:28:30.530   488  1424 I RanchuHwc: logCompositionFallbackIfChanged: layer 748 CompositionType fallback from 2 to 1
02-19 13:28:30.530   488  1424 I RanchuHwc: logCompositionFallbackIfChanged: layer 749 CompositionType fallback from 2 to 1
02-19 13:28:30.758  2603  2603 D ApplicationLoaders: Returning zygote-cached class loader: /system/framework/org.apache.http.legacy.jar
02-19 13:28:30.759  2603  2603 D ApplicationLoaders: Returning zygote-cached class loader: /system_ext/framework/androidx.window.extensions.jar
02-19 13:28:30.759  2603  2603 D ApplicationLoaders: Returning zygote-cached class loader: /system_ext/framework/androidx.window.sidecar.jar
02-19 13:28:30.768   617   617 D OverviewCommandHelper: clearing pending commands: [CommandInfo(type=TOGGLE, status=PROCESSING, createTime=86780714, animationCallbacks=com.android.quickstep.RecentsAnimationCallbacks@bcfc21c, displayId=0, isLastOfBatch=true)]
02-19 13:28:30.985   617   617 D StateManager: goToState - fromState: Background, toState: Overview, partial trace:
02-19 13:28:30.985   617   617 D StateManager: 	at com.android.quickstep.BaseActivityInterface$DefaultAnimationFactory.lambda$createContainerInterface$0(go/retraceme 72a59688580715d19f0e415c69e80376c2f062d1648c80db6730905005a27c20:28)
02-19 13:28:30.985   617   617 D StateManager: 	at com.android.quickstep.BaseActivityInterface$DefaultAnimationFactory.a(go/retraceme 72a59688580715d19f0e415c69e80376c2f062d1648c80db6730905005a27c20:1)
02-19 13:28:30.985   617   617 D StateManager: 	at com.android.quickstep.y.run(go/retraceme 72a59688580715d19f0e415c69e80376c2f062d1648c80db6730905005a27c20:5)
02-19 13:28:30.985   617   617 D StatsLog: LAUNCHER_ONRESUME
02-19 13:28:30.986   617   617 D StateManager: onStateTransitionStart - state: Overview
02-19 13:28:30.986  4449  4467 D WindowManagerShell: setLauncherKeepClearAreaHeight: visible=true, height=527
02-19 13:28:30.988   752  1095 D BackgroundInstallControlService: Package event received: 0
02-19 13:28:30.988   617   617 D KeyboardInsetsHandler: setState, toState:Overview StateManager(mLastStableState:Normal, mCurrentStableState:Background, mState:Overview, mRestState:Normal, isInTransition:false)
02-19 13:28:30.988   617   617 D StateManager: onStateTransitionEnd - state: Overview
02-19 13:28:31.000   617   651 D QuickstepModelDelegate: notifyAppTargetEvent action=1 launchLocation=
02-19 13:28:31.016   617   617 I AiAiSuggestUi: Clearing suggestions.
02-19 13:28:31.017   617   617 I AiAiSuggestUi: Requesting to show indicators
02-19 13:28:31.017   617   617 I AiAiSuggestUi: Fetching contents, isPrimaryTask = true
02-19 13:28:31.020   617   617 D StatsLog: LAUNCHER_OVERVIEW_GESTURE
02-19 13:28:31.020   617   617 D OverviewCommandHelper: switching via recents animation - onTransitionComplete: CommandInfo(type=TOGGLE, status=PROCESSING, createTime=86780714, animationCallbacks=com.android.quickstep.RecentsAnimationCallbacks@bcfc21c, displayId=0, isLastOfBatch=true)
02-19 13:28:31.021   617   617 D OverviewCommandHelper: command executed: CommandInfo(type=TOGGLE, status=PROCESSING, createTime=86780714, animationCallbacks=com.android.quickstep.RecentsAnimationCallbacks@bcfc21c, displayId=0, isLastOfBatch=true) with result: true
02-19 13:28:31.021   617   617 D OverviewCommandHelper: command executed successfully! CommandInfo(type=TOGGLE, status=COMPLETED, createTime=86780714, animationCallbacks=com.android.quickstep.RecentsAnimationCallbacks@bcfc21c, displayId=0, isLastOfBatch=true)
02-19 13:28:31.021   617   617 D OverviewCommandHelper: no pending commands to be executed.
02-19 13:28:31.022   617   617 D ContextTracker: Unregistering callback: com.android.launcher3.LauncherInitListener@46fb89a, reason=AbsSwipeUpHandler.invalidateHandler
02-19 13:28:31.049   617   617 D OverviewActionsView: updateForGroupedTask() called with: isGroupedTask = [false], canSaveAppPair = [false]
02-19 13:28:31.050   617   617 D OverviewActionsView: updateActionButtonsVisibility() called: showSingleTaskActions = [true], showGroupActions = [false]
02-19 13:28:31.053   617   617 D OverviewActionsView: updateForGroupedTask() called with: isGroupedTask = [false], canSaveAppPair = [false]
02-19 13:28:31.053   617   617 D OverviewActionsView: updateActionButtonsVisibility() called: showSingleTaskActions = [true], showGroupActions = [false]
02-19 13:28:31.053   617   617 D RecentsView: onGestureAnimationEnd - mEnableDrawingLiveTile: true
02-19 13:28:31.057   617   617 I Choreographer: Skipped 32 frames!  The application may be doing too much work on its main thread.
02-19 13:28:31.193   617   637 W System  : A resource failed to call release. 
02-19 13:28:31.205   617   617 D StatsLog: LAUNCHER_ONRESUME
02-19 13:28:31.206   617   637 W System  : A resource failed to call release. 
02-19 13:28:31.206  4449  4463 V ShellRecents: [144965155] RecentsController.detachNavigationBarFromApp
02-19 13:28:31.207   617   637 W System  : A resource failed to call release. 
02-19 13:28:31.212   617   869 W HWUI    : Image decoding logging dropped!
02-19 13:28:31.220   617   651 D QuickstepModelDelegate: notifyAppTargetEvent action=1 launchLocation=
02-19 13:28:31.230 32388  2648 D ReactNativeJS: '[Analytics]', '{\n  "log_type": "screen",\n  "log_name": "/::screen",\n  "params": {\n    "referrer": null,\n    "deployment_id": "local",\n    "deployment_timestamp": null\n  }\n}'
02-19 13:28:31.283   488  1424 I RanchuHwc: logCompositionFallbackIfChanged: layer 750 CompositionType fallback from 2 to 1
02-19 13:28:31.414   617   617 I NotificationListener: Handling notification state refresh for com.google.android.adservices.api#0
02-19 13:28:31.415   617   617 I NotificationListener: Handling notification state refresh for android#0
02-19 13:28:31.415   617   617 I NotificationListener: Handling notification state refresh for com.android.systemui#0
02-19 13:28:31.426   617   617 I NotificationListener: Handling notification state refresh for com.google.android.adservices.api#0
02-19 13:28:31.426   617   617 I NotificationListener: Handling notification state refresh for android#0
02-19 13:28:31.426   617   617 I NotificationListener: Handling notification state refresh for com.android.systemui#0
02-19 13:28:31.429   752   797 W IPCThreadState: Sending oneway calls to frozen process.
02-19 13:28:31.431   752   797 W IPCThreadState: Sending oneway calls to frozen process.
02-19 13:28:31.432   752   797 W IPCThreadState: Sending oneway calls to frozen process.
02-19 13:28:31.438   752   797 W IPCThreadState: Sending oneway calls to frozen process.
02-19 13:28:31.439   752   797 W IPCThreadState: Sending oneway calls to frozen process.
02-19 13:28:31.439   752   797 W IPCThreadState: Sending oneway calls to frozen process.
02-19 13:28:31.440   752   797 W IPCThreadState: Sending oneway calls to frozen process.
02-19 13:28:31.441   752   797 W IPCThreadState: Sending oneway calls to frozen process.
02-19 13:28:31.442   752   797 W IPCThreadState: Sending oneway calls to frozen process.
02-19 13:28:31.442   752   797 W IPCThreadState: Sending oneway calls to frozen process.
02-19 13:28:31.442   752   797 W IPCThreadState: Sending oneway calls to frozen process.
02-19 13:28:31.442   752   797 W IPCThreadState: Sending oneway calls to frozen process.
02-19 13:28:31.443   752   797 W IPCThreadState: Sending oneway calls to frozen process.
02-19 13:28:31.443   752   797 W IPCThreadState: Sending oneway calls to frozen process.
02-19 13:28:31.443   752   797 W IPCThreadState: Sending oneway calls to frozen process.
02-19 13:28:31.443   752   797 W IPCThreadState: Sending oneway calls to frozen process.
02-19 13:28:31.444   752   797 W ProcessStats: Tracking association SourceState{1b917ca system/1000 BFgs #15778} whose proc state 4 is better than process ProcessState{42c4ef0 com.google.android.ext.services/10208 pkg=com.google.android.ext.services} proc state 14 (17 skipped)
02-19 13:28:31.569   617   876 I AiAiSuggestUi: Request suggestContentSelections complete, took: 550
02-19 13:28:31.574   752  1095 D BackgroundInstallControlService: Package event received: 0
02-19 13:28:31.599 32388  2648 E ReactNativeJS: '    :', [Error: SERVICE_NAME is missing]
02-19 13:28:31.661  2676  2676 W dumpsys : Thread Pool max thread count is 0. Cannot cache binder as linkToDeath cannot be implemented. serviceName: window
02-19 13:28:31.712   752  2505 D ActivityManager: sync unfroze 30659 com.google.android.gms for 6
02-19 13:28:31.713   752  1095 D BackgroundInstallControlService: Package event received: 0
02-19 13:28:32.002   617   876 E AiAiSuggestUi: Timeout while retrieving suggestContentSelections
02-19 13:28:32.002   617   876 E AiAiSuggestUi: java.util.concurrent.TimeoutException
02-19 13:28:32.002   617   876 E AiAiSuggestUi: 	at java.util.concurrent.CompletableFuture$Timeout.run(CompletableFuture.java:2908)
02-19 13:28:32.002   617   876 E AiAiSuggestUi: 	at java.util.concurrent.Executors$RunnableAdapter.call(Executors.java:524)
02-19 13:28:32.002   617   876 E AiAiSuggestUi: 	at java.util.concurrent.FutureTask.run(FutureTask.java:317)
02-19 13:28:32.002   617   876 E AiAiSuggestUi: 	at java.util.concurrent.ScheduledThreadPoolExecutor$ScheduledFutureTask.run(ScheduledThreadPoolExecutor.java:348)
02-19 13:28:32.002   617   876 E AiAiSuggestUi: 	at java.util.concurrent.ThreadPoolExecutor.runWorker(ThreadPoolExecutor.java:1156)
02-19 13:28:32.002   617   876 E AiAiSuggestUi: 	at java.util.concurrent.ThreadPoolExecutor$Worker.run(ThreadPoolExecutor.java:651)
02-19 13:28:32.002   617   876 E AiAiSuggestUi: 	at java.lang.Thread.run(Thread.java:1119)
02-19 13:28:32.016   617   876 I AiAiSuggestUi: Fetched content back in callback
02-19 13:28:32.019 30659 30659 D BoundBrokerSvc: onBind: Intent { act=com.google.android.gms.safebrowsing.SafeBrowsingService.START dat=chimera-action:/... xflg=0x4 cmp=com.google.android.gms/.chimera.GmsBoundBrokerService }
02-19 13:28:32.020 30659 30659 D BoundBrokerSvc: Loading bound service for intent: Intent { act=com.google.android.gms.safebrowsing.SafeBrowsingService.START dat=chimera-action:/... xflg=0x4 cmp=com.google.android.gms/.chimera.GmsBoundBrokerService }
02-19 13:28:32.047  1971  2198 I AiAiEcho: Predicting[0]:  [CONTEXT sampling_count=5 ]
02-19 13:28:32.048  1971  2198 I AiAiEcho: EchoTargets: 
02-19 13:28:32.048  1971  2198 I AiAiEcho: Filtered by AiAi flag check: 
02-19 13:28:32.048  1971  2198 I AiAiEcho: [CONTEXT ratelimit_period="10 SECONDS" ]
02-19 13:28:32.065  1971  2198 I AiAiEcho: #remoteViewsTwiddler: feature disabled.
02-19 13:28:32.169  1971  2198 I AiAiEcho: #postPredictionTargets: Sending updates to UISurface home with targets# 0 (types=[])
02-19 13:28:32.173   617   617 D SsBaseTemplateCard: No text view can be set up
02-19 13:28:32.173   617   617 D SsBaseTemplateCard: Passed-in item info is null
02-19 13:28:32.173   617   617 D SsBaseTemplateCard: Passed-in item info is null
02-19 13:28:32.174   617   617 D SsBaseTemplateCard: Passed-in item info is null
02-19 13:28:32.174   617   617 I SsBaseTemplateCard: Secondary card pane is null
02-19 13:28:32.187   752  1454 W ActivityTaskManager: callingPackage for (uid=2000, pid=2681) has no WPC
02-19 13:28:32.196   752  1454 V GrammaticalInflectionUtils: AttributionSource: android.content.AttributionSource@56784557 does not have READ_SYSTEM_GRAMMATICAL_GENDER permission.
02-19 13:28:32.199   752  1454 W OptProp : Cannot read opt property android.window.PROPERTY_COMPAT_ALLOW_USER_ASPECT_RATIO_OVERRIDE
02-19 13:28:32.200   752  1454 W OptProp : Cannot read opt property android.window.PROPERTY_COMPAT_ALLOW_USER_ASPECT_RATIO_FULLSCREEN_OVERRIDE
02-19 13:28:32.200   752  1454 W OptProp : Cannot read opt property android.window.PROPERTY_COMPAT_ALLOW_RESIZEABLE_ACTIVITY_OVERRIDES
02-19 13:28:32.201   752  1454 W OptProp : Cannot read opt property android.window.PROPERTY_COMPAT_ALLOW_MIN_ASPECT_RATIO_OVERRIDE
02-19 13:28:32.209   531   603 I BpBinder: onLastStrongRef automatically unlinking death recipients: 
02-19 13:28:32.236  4449  4467 V WindowManagerShell: Transition requested (#411): android.os.BinderProxy@bd6a06f TransitionRequestInfo { type = OPEN, triggerTask = TaskInfo{userId=0 taskId=56 effectiveUid=10217 displayId=0 isRunning=true baseIntent=Intent { act=android.intent.action.VIEW dat=intoss://takealook/... flg=0x10000000 pkg=viva.republica.toss.test cmp=viva.republica.toss.test/.MiniAppSchemeActivity } baseActivity=ComponentInfo{viva.republica.toss.test/im.toss.rn.granite.core.GraniteActivity} topActivity=ComponentInfo{viva.republica.toss.test/im.toss.rn.granite.core.GraniteActivity} origActivity=null realActivity=ComponentInfo{viva.republica.toss.test/viva.republica.toss.test.MiniAppSchemeActivity} numActivities=9 lastActiveTime=86775480 supportsMultiWindow=true resizeMode=1 isResizeable=true minWidth=-1 minHeight=-1 defaultMinSize=220 token=WCT{android.window.IWindowContainerToken$Stub$Proxy@41e517c} topActivityType=1 pictureInPictureParams=null shouldDockBigOverlays=false launchIntoPipHostTaskId=-1 lastParentTaskIdBeforePip=-1 displayCutoutSafeInsets=Rect(0, 0 - 0, 0) topActivityInfo=ActivityInfo{fa4aa05 im.toss.rn.granite.core.GraniteActivity} launchCookies=[] positionInParent=Point(0, 0) parentTaskId=-1 isFocused=true isVisible=true isVisibleRequested=true isTopActivityNoDisplay=false isSleeping=false locusId=null displayAreaFeatureId=1 isTopActivityTransparent=false isActivityStackTransparent=false lastNonFullscreenBounds=Rect(284, 660 - 796, 1740) capturedLink=null capturedLinkTimestamp=0 requestedVisibleTypes=-9 topActivityRequestOpenInBrowserEducationTimestamp=0 appCompatTaskInfo=AppCompatTaskInfo { topActivityInSizeCompat=false eligibleForLetterboxEducation= false isLetterboxEducationEnabled= true isLetterboxDoubleTapEnabled= false eligibleForUserAspectRatioButton= false topActivityBoundsLetterboxed= false isFromLetterboxDoubleTap= false topActivityLetterboxVerticalPosition= -1 topActivityLetterboxHorizontalPosition= -1 topActivityLetterboxWidth=-1 topActivityLetterboxHeight=-1 topActivityAppBounds=Rect(0, 0 - 1080, 2400) isUserFullscreenOverrideEnabled=false isSystemFullscreenOverrideEnabled=false hasMinAspectRatioOverride=false topActivityLetterboxBounds=null cameraCompatTaskInfo=CameraCompatTaskInfo { freeformCameraCompatMode=inactive}} topActivityMainWindowFrame=null}, pipChange = null, remoteTransition = null, displayChange = null, flags = 65536, debugId = 411 }
02-19 13:28:32.237  4449  4467 D ShellSplitScreen: logExit: no-op, mLoggerSessionId is null
02-19 13:28:32.239   752  1454 I ActivityTaskManager: START u0 {act=android.intent.action.VIEW dat=intoss://takealook/... flg=0x10000000 xflg=0x4 pkg=viva.republica.toss.test cmp=viva.republica.toss.test/.MiniAppSchemeActivity} with LAUNCH_MULTIPLE from uid 2000 (BAL_ALLOW_PERMISSION) result code=3
02-19 13:28:32.365   752   794 V WindowManager: Sent Transition (#411) createdAt=02-19 13:28:32.201 via request=TransitionRequestInfo { type = OPEN, triggerTask = TaskInfo{userId=0 taskId=56 effectiveUid=10217 displayId=0 isRunning=true baseIntent=Intent { act=android.intent.action.VIEW dat=intoss://takealook/... flg=0x10000000 pkg=viva.republica.toss.test cmp=viva.republica.toss.test/.MiniAppSchemeActivity } baseActivity=ComponentInfo{viva.republica.toss.test/im.toss.rn.granite.core.GraniteActivity} topActivity=ComponentInfo{viva.republica.toss.test/im.toss.rn.granite.core.GraniteActivity} origActivity=null realActivity=ComponentInfo{viva.republica.toss.test/viva.republica.toss.test.MiniAppSchemeActivity} numActivities=9 lastActiveTime=86775480 supportsMultiWindow=true resizeMode=1 isResizeable=true minWidth=-1 minHeight=-1 defaultMinSize=220 token=WCT{RemoteToken{29715c6 Task{fa7be33 #56 type=standard A=10217:viva.republica.toss.test}}} topActivityType=1 pictureInPictureParams=null shouldDockBigOverlays=false launchIntoPipHostTaskId=-1 lastParentTaskIdBeforePip=-1 displayCutoutSafeInsets=Rect(0, 0 - 0, 0) topActivityInfo=ActivityInfo{d5c686b im.toss.rn.granite.core.GraniteActivity} launchCookies=[] positionInParent=Point(0, 0) parentTaskId=-1 isFocused=true isVisible=true isVisibleRequested=true isTopActivityNoDisplay=false isSleeping=false locusId=null displayAreaFeatureId=1 isTopActivityTransparent=false isActivityStackTransparent=false lastNonFullscreenBounds=Rect(284, 660 - 796, 1740) capturedLink=null capturedLinkTimestamp=0 requestedVisibleTypes=-9 topActivityRequestOpenInBrowserEducationTimestamp=0 appCompatTaskInfo=AppCompatTaskInfo { topActivityInSizeCompat=false eligibleForLetterboxEducation= false isLetterboxEducationEnabled= true isLetterboxDoubleTapEnabled= false eligibleForUserAspectRatioButton= false topActivityBoundsLetterboxed= false isFromLetterboxDoubleTap= false topActivityLetterboxVerticalPosition= -1 topActivityLetterboxHorizontalPosition= -1 topActivityLetterboxWidth=-1 topActivityLetterboxHeight=-1 topActivityAppBounds=Rect(0, 0 - 1080, 2400) isUserFullscreenOverrideEnabled=false isSystemFullscreenOverrideEnabled=false hasMinAspectRatioOverride=false topActivityLetterboxBounds=null cameraCompatTaskInfo=CameraCompatTaskInfo { freeformCameraCompatMode=inactive}} topActivityMainWindowFrame=null}, pipChange = null, remoteTransition = null, displayChange = null, flags = 65536, debugId = 411 }
02-19 13:28:32.365   752   794 V WindowManager:     startWCT=WindowContainerTransaction { changes= {} hops= [] errorCallbackToken=null taskFragmentOrganizer=null }
02-19 13:28:32.366   752   794 V WindowManager:     info={id=411 t=OPEN f=0x10000 trk=0 r=[0@Point(0, 0)] c=[
02-19 13:28:32.366   752   794 V WindowManager:         {WCT{RemoteToken{29715c6 Task{fa7be33 #56 type=standard A=10217:viva.republica.toss.test}}} m=CHANGE f=MOVE_TO_TOP leash=Surface(name=Task=56)/@0xf76b753 sb=Rect(0, 0 - 1080, 2400) eb=Rect(0, 0 - 1080, 2400) epz=Point(1080, 2400) d=0 taskParent=-1},
02-19 13:28:32.366   752   794 V WindowManager:         {WCT{RemoteToken{5218fe8 Task{dd43522 #1 type=home}}} m=TO_BACK f=SHOW_WALLPAPER leash=Surface(name=Task=1)/@0x8ddbd2e sb=Rect(0, 0 - 1080, 2400) eb=Rect(0, 0 - 1080, 2400) epz=Point(1080, 2400) d=0 taskParent=-1},
02-19 13:28:32.366   752   794 V WindowManager:         {m=TO_BACK f=IS_WALLPAPER leash=Surface(name=WallpaperWindowToken{35e0c0f showWhenLocked=false})/@0x512f5be sb=Rect(0, 0 - 1080, 2400) eb=Rect(0, 0 - 1080, 2400) epz=Point(1080, 2400) d=0}
02-19 13:28:32.366   752   794 V WindowManager:     ]}
02-19 13:28:32.367  4449  4511 V WindowManagerShell: onTransitionReady(transaction=3229815418783)
02-19 13:28:32.720  4449  4467 D WindowManagerShell: onActivityRestartAttempt: topActivity=ComponentInfo{viva.republica.toss.test/im.toss.rn.granite.core.GraniteActivity}, wasVisible=true
02-19 13:28:32.960  4449  4467 V WindowManagerShell: onTransitionReady (#411) android.os.BinderProxy@bd6a06f: {id=411 t=OPEN f=0x10000 trk=0 r=[0@Point(0, 0)] c=[
02-19 13:28:32.960  4449  4467 V WindowManagerShell:         {m=CHANGE f=MOVE_TO_TOP leash=Surface(name=Task=56)/@0x9c81a5a sb=Rect(0, 0 - 1080, 2400) eb=Rect(0, 0 - 1080, 2400) epz=Point(1080, 2400) d=0 taskParent=-1},
02-19 13:28:32.960  4449  4467 V WindowManagerShell:         {m=TO_BACK f=SHOW_WALLPAPER leash=Surface(name=Task=1)/@0xdd6d48b sb=Rect(0, 0 - 1080, 2400) eb=Rect(0, 0 - 1080, 2400) epz=Point(1080, 2400) d=0 taskParent=-1},
02-19 13:28:32.960  4449  4467 V WindowManagerShell:         {m=TO_BACK f=IS_WALLPAPER leash=Surface(name=WallpaperWindowToken{35e0c0f showWhenLocked=false})/@0x7bd0968 sb=Rect(0, 0 - 1080, 2400) eb=Rect(0, 0 - 1080, 2400) epz=Point(1080, 2400) d=0}
02-19 13:28:32.960  4449  4467 V WindowManagerShell:     ]}
02-19 13:28:32.960  1971  1992 W ogle.android.as: Suspending all threads took: 111.272ms
02-19 13:28:32.970  4449  4467 V WindowManagerShell: Transition (#411) android.os.BinderProxy@bd6a06f@0 ready while (#409) android.os.BinderProxy@c00b52@0 is still animating. Notify the animating transition in case they can be merged
02-19 13:28:32.971  4449  4467 V ShellRecents: [144965155] RecentsController.merge
02-19 13:28:32.971  4449  4467 V ShellRecents:   opening pausing leaf taskId=56
02-19 13:28:32.971  4449  4467 V ShellRecents: [144965155] RecentsController.merge: empty pausing tasks
02-19 13:28:32.972  4449  4467 V ShellRecents: [144965155] RecentsController.merge: consuming merge
02-19 13:28:32.982  4449  4467 V WindowManagerShell: Transition was merged: (#411) android.os.BinderProxy@bd6a06f@0 into (#409) android.os.BinderProxy@c00b52@0
02-19 13:28:32.983  4449  4467 V ShellRecents: [144965155] RecentsController.merge: calling onTasksAppeared
02-19 13:28:33.054  2603  2603 D nativeloader: InitLlndkLibrariesProduct: libEGL.so:libGLESv1_CM.so:libGLESv2.so:libGLESv3.so:libRS.so:libandroid_net.so:libapexsupport.so:libavf.so:libbinder_ndk.so:libc.so:libcgrouprc.so:libclang_rt.asan-x86_64-android.so:libcom.android.tethering.connectivity_native.so:libdl.so:libft2.so:liblog.so:libm.so:libmediandk.so:libnativewindow.so:libneuralnetworks.so:libselinux.so:libsync.so:libvendorsupport.so:libvndksupport.so:libvulkan.so
02-19 13:28:33.055  2603  2603 D nativeloader: Configuring product-clns-9 for unbundled product apk /product/priv-app/SafetyHubPrebuilt/SafetyHubPrebuilt.apk. target_sdk_version=34, uses_libraries=, library_path=/product/priv-app/SafetyHubPrebuilt/lib/arm64:/product/priv-app/SafetyHubPrebuilt/SafetyHubPrebuilt.apk!/lib/arm64-v8a:/product/lib64:/system/product/lib64, permitted_path=/data:/mnt/expand:/data/user/0/com.google.android.apps.safetyhub:/product/lib64:/system/product/lib64
02-19 13:28:33.281 32388 32397 I HWUI    : Davey! duration=1114ms; Flags=0, FrameTimelineVsyncId=1379179, IntendedVsync=86785972135418, Vsync=86785972135418, InputEventId=0, HandleInputStart=86785979135618, AnimationStart=86785979136762, PerformTraversalsStart=86786218211921, DrawStart=86786221783788, FrameDeadline=86785988802084, FrameStartTime=86785979131976, FrameInterval=16666666, WorkloadTarget=16666666, SyncQueued=86786229060373, SyncStart=86786229287649, IssueDrawCommandsStart=86786230279791, SwapBuffers=86786959902309, FrameCompleted=86787086929527, DequeueBufferDuration=159955, QueueBufferDuration=5384072, GpuCompleted=86787086929527, SwapBuffersCompleted=86786975805435, DisplayPresentTime=0, CommandSubmissionCompleted=86786959902309, 
02-19 13:28:33.406  2603  2603 D nativeloader: InitVndkspLibrariesProduct: VNDK is deprecated with product
02-19 13:28:33.562  1971  2198 I AiAiEcho: Predicting[0]:  [CONTEXT sampling_count=5 ]
02-19 13:28:33.570  1971  2198 I AiAiEcho: EchoTargets: 
02-19 13:28:33.570  1971  2198 I AiAiEcho: Filtered by AiAi flag check: 
02-19 13:28:33.570  1971  2198 I AiAiEcho: [CONTEXT ratelimit_period="10 SECONDS" ]
02-19 13:28:33.577  1971  2198 I AiAiEcho: #remoteViewsTwiddler: feature disabled.
02-19 13:28:33.588   752   989 I ImeTracker: viva.republica.toss.test:40432a31: onRequestHide at ORIGIN_SERVER reason HIDE_SAME_WINDOW_FOCUSED_WITHOUT_EDITOR fromUser false
02-19 13:28:33.595 32388 32388 I Choreographer: Skipped 71 frames!  The application may be doing too much work on its main thread.
02-19 13:28:33.616  1971  2198 I AiAiEcho: #postPredictionTargets: Sending updates to UISurface home with targets# 0 (types=[])
02-19 13:28:33.754  1563  1563 I GoogleInputMethodService: GoogleInputMethodService.onFinishInput():2043 
02-19 13:28:33.786   617   617 D RecentsView: finishRecentsAnimation - mRecentsAnimationController: com.android.quickstep.RecentsAnimationController@a2ec2ba
02-19 13:28:33.786   617   617 D RecentsView: cleanupRemoteTargets - mRemoteTargetHandles: [com.android.quickstep.RemoteTargetGluer$RemoteTargetHandle@dbdc6c9]
02-19 13:28:33.806 32388 32388 D InsetsController: hide(ime(), fromIme=false)
02-19 13:28:33.807 32388 32388 I ImeTracker: viva.republica.toss.test:40432a31: onCancelled at PHASE_CLIENT_ALREADY_HIDDEN
02-19 13:28:33.809   617   617 D SsBaseTemplateCard: No text view can be set up
02-19 13:28:33.809   617   617 D SsBaseTemplateCard: Passed-in item info is null
02-19 13:28:33.809   617   617 D SsBaseTemplateCard: Passed-in item info is null
02-19 13:28:33.809   617   617 D SsBaseTemplateCard: Passed-in item info is null
02-19 13:28:33.809   617   617 I SsBaseTemplateCard: Secondary card pane is null
02-19 13:28:33.840  4449  4467 V ShellRecents: [144965155] RecentsController.finishInner: toHome=false userLeave=false willFinishToHome=false state=0 hasPausingTasks=true reason=requested
02-19 13:28:33.841  4449  4467 V ShellRecents:   returning to app
02-19 13:28:33.841  4449  4467 V ShellRecents: [144965155] RecentsController.finishInner: Completing finish
02-19 13:28:33.841  4449  4467 V ShellRecents: [144965155] RecentsController.cleanup
02-19 13:28:33.846   617   617 D RecentsView: cleanupRemoteTargets - mRemoteTargetHandles: null
02-19 13:28:33.847  4449  4467 V WindowManagerShell: Transition animation finished (aborted=false), notifying core (#409) android.os.BinderProxy@c00b52@0
02-19 13:28:33.849 32388 32541 I HWUI    : Davey! duration=1409ms; Flags=0, FrameTimelineVsyncId=1379235, IntendedVsync=86786255468740, Vsync=86787438802026, InputEventId=0, HandleInputStart=86787442115790, AnimationStart=86787442117077, PerformTraversalsStart=86787600108406, DrawStart=86787603968800, FrameDeadline=86787172135370, FrameStartTime=86787441656640, FrameInterval=16666666, WorkloadTarget=16666666, SyncQueued=86787624632881, SyncStart=86787625100332, IssueDrawCommandsStart=86787627507997, SwapBuffers=86787639536632, FrameCompleted=86787665689081, DequeueBufferDuration=10724, QueueBufferDuration=1503660, GpuCompleted=86787665689081, SwapBuffersCompleted=86787647569958, DisplayPresentTime=0, CommandSubmissionCompleted=86787639536632, 
02-19 13:28:33.867   752   794 V WindowManager: Finish Transition (#409): created at 02-19 13:28:28.077 collect-started=0.205ms started=257.204ms ready=1243.501ms sent=1246.516ms commit=179.818ms finished=5779.015ms
02-19 13:28:33.873   617   617 W SplitSelectStateCtor: Missing session instanceIds
02-19 13:28:33.873   617   617 D StatsLog: LAUNCHER_SPLIT_SELECTION_EXIT_INTERRUPTED
02-19 13:28:33.929   617   617 D VRI[NexusLauncherActivity]: visibilityChanged oldVisibility=true newVisibility=false
02-19 13:28:33.932   617   617 D RecentsView: updateTaskStackListenerState: false
02-19 13:28:33.932   617   617 D NexusLauncherModelDelegate: notifySmartspaceEvent: SmartspaceTargetEvent{mSmartspaceTarget=null, mSmartspaceActionId='null', mEventType=7}
02-19 13:28:33.936  4449  4467 V WindowManagerShell: Track 0 became idle
02-19 13:28:33.936  4449  4467 V WindowManagerShell: All active transition animations finished
02-19 13:28:33.936  4449  4467 V ShellRecents: [144965155] RecentsController.finishInner: calling finish callback
02-19 13:28:33.936  4449  4467 D WindowManagerShell: setLauncherKeepClearAreaHeight: visible=false, height=527
02-19 13:28:33.941   752  1095 D BackgroundInstallControlService: Package event received: 0
02-19 13:28:33.950   752   794 V WindowManager: Finish Transition (#411): created at 02-19 13:28:32.201 collect-started=0.248ms request-sent=31.516ms started=134.856ms ready=134.828ms sent=162.398ms commit=616.791ms finished=1727.862ms
02-19 13:28:33.953  2603  2603 I .apps.safetyhub: AssetManager2(0x7d8fac427b98) locale list changing from [] to [en-US]
02-19 13:28:33.956  1563  1563 I Module  : DeviceLockedStatusModuleProvider$Module.updateDeviceLockedStatus():100 repeatCheckTimes = 0, locked = false
02-19 13:28:33.965   617   617 D RecentsView: onRecentsAnimationComplete - mRecentsAnimationController: com.android.quickstep.RecentsAnimationController@a2ec2ba, mSideTaskLaunchCallback: null
02-19 13:28:33.974   617   617 D BaseDepthController: setSurface:
02-19 13:28:33.974   617   617 D BaseDepthController: 	mWaitingOnSurfaceValidity: false
02-19 13:28:33.974   617   617 D BaseDepthController: 	mBaseSurface: null
02-19 13:28:33.974   617   617 D BaseDepthController: mSurface is null and mCurrentBlur is: 23
02-19 13:28:33.975   617   617 D StateManager: goToState - fromState: Overview, toState: Normal, partial trace:
02-19 13:28:33.975   617   617 D StateManager: 	at com.android.launcher3.statemanager.StateManager.moveToRestState(go/retraceme 72a59688580715d19f0e415c69e80376c2f062d1648c80db6730905005a27c20:4)
02-19 13:28:33.975   617   617 D StateManager: 	at com.android.launcher3.statemanager.StateManager.moveToRestState(go/retraceme 72a59688580715d19f0e415c69e80376c2f062d1648c80db6730905005a27c20:1)
02-19 13:28:33.975   617   617 D StateManager: 	at com.android.launcher3.statemanager.StatefulActivity.onStop(go/retraceme 72a59688580715d19f0e415c69e80376c2f062d1648c80db6730905005a27c20:34)
02-19 13:28:33.976   617   617 D StateManager: onStateTransitionStart - state: Normal
02-19 13:28:33.998   617   617 D BaseDepthController: mSurface is null and mCurrentBlur is: 23
02-19 13:28:34.000   752  1095 D BackgroundInstallControlService: Package event received: 0
02-19 13:28:34.002   617   617 D KeyboardInsetsHandler: setState, toState:Normal StateManager(mLastStableState:Normal, mCurrentStableState:Overview, mState:Normal, mRestState:Normal, isInTransition:false)
02-19 13:28:34.003   617   617 D StateManager: onStateTransitionEnd - state: Normal
02-19 13:28:34.008  1563  1563 I GoogleInputMethodService: GoogleInputMethodService.onStartInput():1293 onStartInput(EditorInfo{EditorInfo{packageName=viva.republica.toss.test, inputType=0, inputTypeString=NULL, enableLearning=false, autoCorrection=false, autoComplete=false, imeOptions=0, privateImeOptions=null, actionName=UNSPECIFIED, actionLabel=null, initialSelStart=-1, initialSelEnd=-1, initialCapsMode=0, label=null, fieldId=0, fieldName=null, extras=null, hintText=null, hintLocales=[]}}, false)
02-19 13:28:34.008   617   617 D RecentsView: reset - mEnableDrawingLiveTile: true, mRecentsAnimationController: null
02-19 13:28:34.008   617   617 I AiAiSuggestUi: Clearing suggestions.
02-19 13:28:34.010   617   617 I AiAiSuggestUi: Clearing suggestions.
02-19 13:28:34.011   617   617 D ActivityAllAppsContainerView: rebindAdapters: force: false
02-19 13:28:34.011   617   617 D ActivityAllAppsContainerView: rebindAdapters: Not needed.
02-19 13:28:34.086   617   617 D StatsLog: LAUNCHER_ONSTOP
02-19 13:28:34.089   617   617 D StatsLog: LAUNCHER_GOOGLE_SEARCH_RESTORE_LIST_SIZE_AFTER_ACTIVITY_RESTART
02-19 13:28:34.092   617   617 D StateManager: goToState - fromState: Normal, toState: Normal, partial trace:
02-19 13:28:34.092   617   617 D StateManager: 	at com.android.launcher3.statemanager.StateManager.moveToRestState(go/retraceme 72a59688580715d19f0e415c69e80376c2f062d1648c80db6730905005a27c20:4)
02-19 13:28:34.092   617   617 D StateManager: 	at com.android.launcher3.statemanager.StateManager.moveToRestState(go/retraceme 72a59688580715d19f0e415c69e80376c2f062d1648c80db6730905005a27c20:1)
02-19 13:28:34.092   617   617 D StateManager: 	at com.android.quickstep.TaskViewUtils$9.lambda$onAnimationSuccess$0(go/retraceme 72a59688580715d19f0e415c69e80376c2f062d1648c80db6730905005a27c20:1)
02-19 13:28:34.096   617   617 D KeyboardInsetsHandler: setState, toState:Normal StateManager(mLastStableState:Normal, mCurrentStableState:Normal, mState:Normal, mRestState:null, isInTransition:false)
02-19 13:28:34.130   617   617 D OverviewActionsView: updateForGroupedTask() called with: isGroupedTask = [false], canSaveAppPair = [false]
02-19 13:28:34.132   617   617 D OverviewActionsView: updateActionButtonsVisibility() called: showSingleTaskActions = [true], showGroupActions = [false]
02-19 13:28:34.148   752  1095 D BackgroundInstallControlService: Package event received: 0
02-19 13:28:34.201  1563  1563 I Module  : DeviceLockedStatusModuleProvider$Module.updateDeviceLockedStatus():100 repeatCheckTimes = 1, locked = false
02-19 13:28:34.567  1563  1563 I EmojiCompatManager: EmojiCompatManager.getEmojiCompatIfLoaded():343 EmojiCompat.init() was never called.
02-19 13:28:34.567  1563  1563 I EmojiCompatManager: java.lang.IllegalStateException: EmojiCompat is not initialized. Please call EmojiCompat.init() first
02-19 13:28:34.567  1563  1563 I EmojiCompatManager: 	at asx.p(PG:6)
02-19 13:28:34.567  1563  1563 I EmojiCompatManager: 	at axb.b(PG:13)
02-19 13:28:34.567  1563  1563 I EmojiCompatManager: 	at jnr.b(PG:2)
02-19 13:28:34.567  1563  1563 I EmojiCompatManager: 	at jnr.c(PG:4)
02-19 13:28:34.567  1563  1563 I EmojiCompatManager: 	at jnr.f(PG:3)
02-19 13:28:34.567  1563  1563 I EmojiCompatManager: 	at jnx.c(PG:3)
02-19 13:28:34.567  1563  1563 I EmojiCompatManager: 	at kif.cz(PG:47)
02-19 13:28:34.567  1563  1563 I EmojiCompatManager: 	at lhl.run(PG:1025)
02-19 13:28:34.567  1563  1563 I EmojiCompatManager: 	at jaf.execute(PG:12)
02-19 13:28:34.567  1563  1563 I EmojiCompatManager: 	at nco.v(PG:13)
02-19 13:28:34.567  1563  1563 I EmojiCompatManager: 	at lhn.m(PG:96)
02-19 13:28:34.567  1563  1563 I EmojiCompatManager: 	at lhn.k(PG:25)
02-19 13:28:34.567  1563  1563 I EmojiCompatManager: 	at kgn.onStartInput(PG:250)
02-19 13:28:34.567  1563  1563 I EmojiCompatManager: 	at android.inputmethodservice.InputMethodService.doStartInput(InputMethodService.java:3521)
02-19 13:28:34.567  1563  1563 I EmojiCompatManager: 	at android.inputmethodservice.InputMethodService$InputMethodImpl.startInput(InputMethodService.java:879)
02-19 13:28:34.567  1563  1563 I EmojiCompatManager: 	at android.inputmethodservice.InputMethodService$InputMethodImpl.dispatchStartInput(InputMethodService.java:908)
02-19 13:28:34.567  1563  1563 I EmojiCompatManager: 	at android.inputmethodservice.IInputMethodWrapper.executeMessage(IInputMethodWrapper.java:201)
02-19 13:28:34.567  1563  1563 I EmojiCompatManager: 	at com.android.internal.os.HandlerCaller$MyHandler.handleMessage(HandlerCaller.java:44)
02-19 13:28:34.567  1563  1563 I EmojiCompatManager: 	at android.os.Handler.dispatchMessage(Handler.java:110)
02-19 13:28:34.567  1563  1563 I EmojiCompatManager: 	at android.os.Looper.loopOnce(Looper.java:248)
02-19 13:28:34.567  1563  1563 I EmojiCompatManager: 	at android.os.Looper.loop(Looper.java:338)
02-19 13:28:34.567  1563  1563 I EmojiCompatManager: 	at android.app.ActivityThread.main(ActivityThread.java:9067)
02-19 13:28:34.567  1563  1563 I EmojiCompatManager: 	at java.lang.reflect.Method.invoke(Native Method)
02-19 13:28:34.567  1563  1563 I EmojiCompatManager: 	at com.android.internal.os.RuntimeInit$MethodAndArgsCaller.run(RuntimeInit.java:593)
02-19 13:28:34.567  1563  1563 I EmojiCompatManager: 	at com.android.internal.os.ZygoteInit.main(ZygoteInit.java:932)
02-19 13:28:34.600  1563  1563 W NotificationCenter: NotificationCenter$NotificationQueue.notifyPendingNotificationsOnExecutor():877 Heavy notify work detected on UI thread: [kig->khg, kig->khc, kig->ilu, kig->ilu, kig->ilu, kig->ilu, kig->ilu, kig->ilu, kig->gkl, kig->ilu, kig->ilu, kig->fef, kig->fro, kig->lux, kig->ilu, kig->imt, kig->ilu, kig->ilu, kig->ijm, kig->ilu, kig->ilu, kig->fcb, kig->jnx] takes 368ms
02-19 13:28:34.601   752  2505 W PackageConfigPersister: App-specific configuration not found for packageName: viva.republica.toss.test and userId: 0
02-19 13:28:35.295   752  1856 E TaskPersister: File error accessing recents directory (directory doesn't exist?).
02-19 13:28:35.603 32388 32388 I Choreographer: Skipped 83 frames!  The application may be doing too much work on its main thread.
02-19 13:28:35.677  2603  2603 V GraphicsEnvironment: Currently set values for:
02-19 13:28:35.677  2603  2603 V GraphicsEnvironment:   angle_gl_driver_selection_pkgs=[]
02-19 13:28:35.677  2603  2603 V GraphicsEnvironment:   angle_gl_driver_selection_values=[]
02-19 13:28:35.677  2603  2603 V GraphicsEnvironment: com.google.android.apps.safetyhub is not listed in per-application setting
02-19 13:28:35.677  2603  2603 V GraphicsEnvironment: ANGLE allowlist from config: com.dreamgames.royalmatch com.dts.freefiremax com.dxx.firenow com.gramgames.mergedragons com.ludo.king com.mojang.minecraftpe com.my.defense com.nintendo.zaka com.os.airforce com.playrix.fishdomdd.gplay io.teslatech.callbreak jp.konami.prospia net.peakgames.toonblast
02-19 13:28:35.677  2694  2694 W dumpsys : Thread Pool max thread count is 0. Cannot cache binder as linkToDeath cannot be implemented. serviceName: window
02-19 13:28:35.677  2603  2603 V GraphicsEnvironment: com.google.android.apps.safetyhub is not listed in ANGLE allowlist or settings, returning default
02-19 13:28:35.677  2603  2603 V GraphicsEnvironment: Neither updatable production driver nor prerelease driver is supported.
02-19 13:28:35.955  1336  1556 D SatelliteController: iisInCarrierRoamingNbIotNtn: satellite is disabled
02-19 13:28:37.534 32388 32388 I Choreographer: Skipped 100 frames!  The application may be doing too much work on its main thread.
02-19 13:28:37.560  2603  2603 I MultiDex: VM with version 2.1.0 has multidex support
02-19 13:28:37.560  2603  2603 I MultiDex: Installing application
02-19 13:28:37.560  2603  2603 I MultiDex: VM has multidex support, MultiDex support library is disabled.
02-19 13:28:37.692 32388  2648 I ReactNativeJS: '[eventLogDebug]', { log_name: '/::screen',
02-19 13:28:37.692 32388  2648 I ReactNativeJS:   log_type: 'screen',
02-19 13:28:37.692 32388  2648 I ReactNativeJS:   params: 
02-19 13:28:37.692 32388  2648 I ReactNativeJS:    { search: '',
02-19 13:28:37.692 32388  2648 I ReactNativeJS:      referrer: 'null',
02-19 13:28:37.692 32388  2648 I ReactNativeJS:      deployment_id: 'local',
02-19 13:28:37.692 32388  2648 I ReactNativeJS:      deployment_timestamp: 'NaN' } }
02-19 13:28:37.695   752  1987 D WifiNl80211Manager: Scan result ready event
02-19 13:28:37.696   752  1987 D WifiNative: Scan result ready event
02-19 13:28:37.879 20068 30652 I WifiScanner: onFullResults
02-19 13:28:37.879 20068 20154 I WifiScanner: onFullResults
02-19 13:28:37.887  2603  2603 I FirebaseApp: Device unlocked: initializing all Firebase APIs for app [DEFAULT]
02-19 13:28:37.973   752   956 W JobServiceContext: Timed out while trying to bind for 288ffcd {androidx.work.systemjobscheduler} #u0a143/21 @androidx.work.systemjobscheduler@com.google.android.apps.safetyhub/androidx.work.impl.background.systemjob.SystemJobService
02-19 13:28:38.657  2603  2603 I FirebaseInitProvider: FirebaseApp initialization successful
02-19 13:28:38.741   481   481 E IPCThreadState: binder thread pool (1 threads) starved for 669 ms
02-19 13:28:39.076   752  1023 I HalDevMgr: bestIfaceCreationProposal is null, requestIface=STA, existingIface=[name=wlan0 type=STA]
02-19 13:28:39.087   481  1119 E IPCThreadState: binder thread pool (1 threads) starved for 167 ms
02-19 13:28:41.366  2603  2603 D CompatChangeReporter: Compat change id reported: 3400644; UID 10143; state: ENABLED
02-19 13:28:42.001   752  1987 D CompatChangeReporter: Compat change id reported: 261072174; UID 10143; state: ENABLED
02-19 13:28:42.116  2603  2603 I lap     : SslGuard completed installation.
02-19 13:28:42.120   752  1935 D CompatChangeReporter: Compat change id reported: 161145287; UID 10143; state: ENABLED
02-19 13:28:42.384   752  1987 D FileUtils: Rounded bytes from 2067259392 to 4000000000
02-19 13:28:47.855 32388  2648 I ReactNativeJS: '[eventLogDebug]', { log_name: '/::screen',
02-19 13:28:47.855 32388  2648 I ReactNativeJS:   log_type: 'screen',
02-19 13:28:47.855 32388  2648 I ReactNativeJS:   params: 
02-19 13:28:47.855 32388  2648 I ReactNativeJS:    { search: '',
02-19 13:28:47.855 32388  2648 I ReactNativeJS:      referrer: 'null',
02-19 13:28:47.855 32388  2648 I ReactNativeJS:      deployment_id: 'local',
02-19 13:28:47.855 32388  2648 I ReactNativeJS:      deployment_timestamp: 'NaN' } }
02-19 13:28:47.890 32388  2648 I ReactNativeJS: '[eventLogDebug]', { log_name: '/::screen',
02-19 13:28:47.890 32388  2648 I ReactNativeJS:   log_type: 'screen',
02-19 13:28:47.890 32388  2648 I ReactNativeJS:   params: 
02-19 13:28:47.890 32388  2648 I ReactNativeJS:    { search: '',
02-19 13:28:47.890 32388  2648 I ReactNativeJS:      referrer: 'null',
02-19 13:28:47.890 32388  2648 I ReactNativeJS:      deployment_id: 'local',
02-19 13:28:47.890 32388  2648 I ReactNativeJS:      deployment_timestamp: 'NaN' } }
02-19 13:28:47.932 32388  2648 I ReactNativeJS: '[eventLogDebug]', { log_name: '/::screen',
02-19 13:28:47.932 32388  2648 I ReactNativeJS:   log_type: 'screen',
02-19 13:28:47.932 32388  2648 I ReactNativeJS:   params: 
02-19 13:28:47.932 32388  2648 I ReactNativeJS:    { search: '',
02-19 13:28:47.932 32388  2648 I ReactNativeJS:      referrer: 'null',
02-19 13:28:47.932 32388  2648 I ReactNativeJS:      deployment_id: 'local',
02-19 13:28:47.932 32388  2648 I ReactNativeJS:      deployment_timestamp: 'NaN' } }
02-19 13:28:47.989  2699  2699 W screencap: Thread Pool max thread count is 0. Cannot cache binder as linkToDeath cannot be implemented. serviceName: SurfaceFlingerAIDL
02-19 13:28:47.992  2699  2699 W BpBinder: Linking to death on android.gui.ISurfaceComposer but there are no threads (yet?) listening to incoming transactions. See ProcessState::startThreadPool and ProcessState::setThreadPoolMaxThreadCount. Generally you should setup the binder threadpool before other initialization steps.
02-19 13:28:47.998  2699  2699 W ProcessState: Extra binder thread started, but 0 threads requested. Do not use *startThreadPool when zero threads are requested.
02-19 13:28:48.018   531   603 E HwcComposer: getLuts failed Status(-8, EX_SERVICE_SPECIFIC): '8: '
02-19 13:28:48.021   531   603 E HWComposer: getLuts: getLuts failed for display 4619827259835644672: UNSUPPORTED (8)
02-19 13:28:48.139 32388  2648 I ReactNativeJS: '[eventLogDebug]', { log_name: '/login::screen',
02-19 13:28:48.139 32388  2648 I ReactNativeJS:   log_type: 'screen',
02-19 13:28:48.139 32388  2648 I ReactNativeJS:   params: 
02-19 13:28:48.139 32388  2648 I ReactNativeJS:    { search: 'next=%2F',
02-19 13:28:48.139 32388  2648 I ReactNativeJS:      referrer: 'null',
02-19 13:28:48.139 32388  2648 I ReactNativeJS:      deployment_id: 'local',
02-19 13:28:48.139 32388  2648 I ReactNativeJS:      deployment_timestamp: 'NaN' } }
02-19 13:28:48.152   752   956 D CompatChangeReporter: Compat change id reported: 271850009; UID 10143; state: ENABLED
02-19 13:28:48.316 32388  2648 I ReactNativeJS: '[eventLogDebug]', { log_name: '/login::screen',
02-19 13:28:48.316 32388  2648 I ReactNativeJS:   log_type: 'screen',
02-19 13:28:48.316 32388  2648 I ReactNativeJS:   params: 
02-19 13:28:48.316 32388  2648 I ReactNativeJS:    { search: 'next=%2F',
02-19 13:28:48.316 32388  2648 I ReactNativeJS:      referrer: 'null',
02-19 13:28:48.316 32388  2648 I ReactNativeJS:      deployment_id: 'local',
02-19 13:28:48.316 32388  2648 I ReactNativeJS:      deployment_timestamp: 'NaN' } }
02-19 13:28:48.330 32388  2648 I ReactNativeJS: '[eventLogDebug]', { log_name: '/login::screen',
02-19 13:28:48.330 32388  2648 I ReactNativeJS:   log_type: 'screen',
02-19 13:28:48.330 32388  2648 I ReactNativeJS:   params: 
02-19 13:28:48.330 32388  2648 I ReactNativeJS:    { search: 'next=%2F',
02-19 13:28:48.330 32388  2648 I ReactNativeJS:      referrer: 'null',
02-19 13:28:48.330 32388  2648 I ReactNativeJS:      deployment_id: 'local',
02-19 13:28:48.330 32388  2648 I ReactNativeJS:      deployment_timestamp: 'NaN' } }
02-19 13:28:49.377 30659 30659 D BoundBrokerSvc: onUnbind: Intent { act=com.google.android.gms.safebrowsing.SafeBrowsingService.START dat=chimera-action:/... xflg=0x4 cmp=com.google.android.gms/.chimera.GmsBoundBrokerService }
02-19 13:28:49.384 32388 32388 I Choreographer: Skipped 32 frames!  The application may be doing too much work on its main thread.
02-19 13:28:50.166   537   537 W adbd    : timeout expired while flushing socket, closing
02-19 13:28:50.167   537   537 W adbd    : timeout expired while flushing socket, closing
02-19 13:28:50.211  2603  2707 E ashmem  : Pinning is deprecated since Android Q. Please use trim or other methods.
