--------- beginning of system
02-19 13:28:21.591   752  1935 W OptProp : Cannot read opt property android.window.PROPERTY_COMPAT_ALLOW_USER_ASPECT_RATIO_OVERRIDE
02-19 13:28:21.591   752  1935 W OptProp : Cannot read opt property android.window.PROPERTY_COMPAT_ALLOW_USER_ASPECT_RATIO_FULLSCREEN_OVERRIDE
02-19 13:28:21.591   752  1935 W OptProp : Cannot read opt property android.window.PROPERTY_COMPAT_ALLOW_RESIZEABLE_ACTIVITY_OVERRIDES
02-19 13:28:21.591   752  1935 W OptProp : Cannot read opt property android.window.PROPERTY_COMPAT_ALLOW_MIN_ASPECT_RATIO_OVERRIDE
--------- beginning of main
02-19 13:28:21.594   531   548 I BpBinder: onLastStrongRef automatically unlinking death recipients: 
02-19 13:28:21.594   752  1935 W OptProp : Cannot read opt property android.window.PROPERTY_COMPAT_ALLOW_ORIENTATION_OVERRIDE
02-19 13:28:21.599  4449  4467 V WindowManagerShell: Transition requested (#408): android.os.BinderProxy@9ca3354 TransitionRequestInfo { type = OPEN, triggerTask = TaskInfo{userId=0 taskId=56 effectiveUid=10217 displayId=0 isRunning=true baseIntent=Intent { act=android.intent.action.VIEW dat=intoss://takealook/... flg=0x10000000 pkg=viva.republica.toss.test cmp=viva.republica.toss.test/.MiniAppSchemeActivity } baseActivity=ComponentInfo{viva.republica.toss.test/im.toss.rn.granite.core.GraniteActivity} topActivity=ComponentInfo{viva.republica.toss.test/im.toss.rn.granite.core.GraniteActivity} origActivity=null realActivity=ComponentInfo{viva.republica.toss.test/viva.republica.toss.test.MiniAppSchemeActivity} numActivities=9 lastActiveTime=86773518 supportsMultiWindow=true resizeMode=1 isResizeable=true minWidth=-1 minHeight=-1 defaultMinSize=220 token=WCT{android.window.IWindowContainerToken$Stub$Proxy@db3a2fd} topActivityType=1 pictureInPictureParams=null shouldDockBigOverlays=false launchIntoPipHostTaskId=-1 lastParentTaskIdBeforePip=-1 displayCutoutSafeInsets=Rect(0, 0 - 0, 0) topActivityInfo=ActivityInfo{dd3abf2 im.toss.rn.granite.core.GraniteActivity} launchCookies=[] positionInParent=Point(0, 0) parentTaskId=-1 isFocused=false isVisible=false isVisibleRequested=false isTopActivityNoDisplay=false isSleeping=false locusId=null displayAreaFeatureId=1 isTopActivityTransparent=false isActivityStackTransparent=false lastNonFullscreenBounds=Rect(284, 660 - 796, 1740) capturedLink=null capturedLinkTimestamp=0 requestedVisibleTypes=-9 topActivityRequestOpenInBrowserEducationTimestamp=0 appCompatTaskInfo=AppCompatTaskInfo { topActivityInSizeCompat=false eligibleForLetterboxEducation= false isLetterboxEducationEnabled= true isLetterboxDoubleTapEnabled= false eligibleForUserAspectRatioButton= false topActivityBoundsLetterboxed= false isFromLetterboxDoubleTap= false topActivityLetterboxVerticalPosition= -1 topActivityLetterboxHorizontalPosition= -1 topActivityLetterboxWidth=-1 topActivityLetterboxHeight=-1 topActivityAppBounds=Rect(0, 0 - 1080, 2400) isUserFullscreenOverrideEnabled=false isSystemFullscreenOverrideEnabled=false hasMinAspectRatioOverride=false topActivityLetterboxBounds=null cameraCompatTaskInfo=CameraCompatTaskInfo { freeformCameraCompatMode=inactive}} topActivityMainWindowFrame=null}, pipChange = null, remoteTransition = null, displayChange = null, flags = 0, debugId = 408 }
02-19 13:28:21.599  4449  4467 D ShellSplitScreen: logExit: no-op, mLoggerSessionId is null
02-19 13:28:21.597   752  1935 I ActivityTaskManager: START u0 {act=android.intent.action.VIEW dat=intoss://takealook/... flg=0x10000000 xflg=0x4 cmp=viva.republica.toss.test/im.toss.rn.granite.core.GraniteActivity} with LAUNCH_MULTIPLE from uid 2000 (BAL_ALLOW_PERMISSION) result code=0
02-19 13:28:21.602   617   617 W SplitSelectStateCtor: Missing session instanceIds
02-19 13:28:21.602   617   617 D StatsLog: LAUNCHER_SPLIT_SELECTION_EXIT_INTERRUPTED
02-19 13:28:21.611  4449  4467 D WindowManagerShell: setLauncherKeepClearAreaHeight: visible=false, height=527
02-19 13:28:21.612   531   531 I BpBinder: onLastStrongRef automatically unlinking death recipients: 
02-19 13:28:21.633   752   779 W OptProp : Cannot read opt property android.window.PROPERTY_COMPAT_ENABLE_FAKE_FOCUS
02-19 13:28:21.633   752  1095 D BackgroundInstallControlService: Package event received: 0
02-19 13:28:21.639   752  2502 D CoreBackPreview: Window{5dc1d29 u0 Splash Screen viva.republica.toss.test}: Setting back callback OnBackInvokedCallbackInfo{mCallback=android.window.IOnBackInvokedCallback$Stub$Proxy@e13e1dc, mPriority=0, mIsAnimationCallback=false, mOverrideBehavior=0}
02-19 13:28:21.656   752  1095 D BackgroundInstallControlService: Package event received: 0
02-19 13:28:21.657   752  1095 D BackgroundInstallControlService: Package event received: 0
02-19 13:28:21.657   752  1095 D BackgroundInstallControlService: Package event received: 0
02-19 13:28:21.657   752  1095 D BackgroundInstallControlService: Package event received: 0
02-19 13:28:21.657   752  1095 D BackgroundInstallControlService: Package event received: 0
02-19 13:28:21.681 32388 32388 I blica.toss.test: AssetManager2(0x7d8fac586818) locale list changing from [] to [en-US]
02-19 13:28:21.688   752   794 V WindowManager: Sent Transition (#408) createdAt=02-19 13:28:21.592 via request=TransitionRequestInfo { type = OPEN, triggerTask = TaskInfo{userId=0 taskId=56 effectiveUid=10217 displayId=0 isRunning=true baseIntent=Intent { act=android.intent.action.VIEW dat=intoss://takealook/... flg=0x10000000 pkg=viva.republica.toss.test cmp=viva.republica.toss.test/.MiniAppSchemeActivity } baseActivity=ComponentInfo{viva.republica.toss.test/im.toss.rn.granite.core.GraniteActivity} topActivity=ComponentInfo{viva.republica.toss.test/im.toss.rn.granite.core.GraniteActivity} origActivity=null realActivity=ComponentInfo{viva.republica.toss.test/viva.republica.toss.test.MiniAppSchemeActivity} numActivities=9 lastActiveTime=86773518 supportsMultiWindow=true resizeMode=1 isResizeable=true minWidth=-1 minHeight=-1 defaultMinSize=220 token=WCT{RemoteToken{29715c6 Task{fa7be33 #56 type=standard A=10217:viva.republica.toss.test}}} topActivityType=1 pictureInPictureParams=null shouldDockBigOverlays=false launchIntoPipHostTaskId=-1 lastParentTaskIdBeforePip=-1 displayCutoutSafeInsets=Rect(0, 0 - 0, 0) topActivityInfo=ActivityInfo{d5c686b im.toss.rn.granite.core.GraniteActivity} launchCookies=[] positionInParent=Point(0, 0) parentTaskId=-1 isFocused=false isVisible=false isVisibleRequested=false isTopActivityNoDisplay=false isSleeping=false locusId=null displayAreaFeatureId=1 isTopActivityTransparent=false isActivityStackTransparent=false lastNonFullscreenBounds=Rect(284, 660 - 796, 1740) capturedLink=null capturedLinkTimestamp=0 requestedVisibleTypes=-9 topActivityRequestOpenInBrowserEducationTimestamp=0 appCompatTaskInfo=AppCompatTaskInfo { topActivityInSizeCompat=false eligibleForLetterboxEducation= false isLetterboxEducationEnabled= true isLetterboxDoubleTapEnabled= false eligibleForUserAspectRatioButton= false topActivityBoundsLetterboxed= false isFromLetterboxDoubleTap= false topActivityLetterboxVerticalPosition= -1 topActivityLetterboxHorizontalPosition= -1 topActivityLetterboxWidth=-1 topActivityLetterboxHeight=-1 topActivityAppBounds=Rect(0, 0 - 1080, 2400) isUserFullscreenOverrideEnabled=false isSystemFullscreenOverrideEnabled=false hasMinAspectRatioOverride=false topActivityLetterboxBounds=null cameraCompatTaskInfo=CameraCompatTaskInfo { freeformCameraCompatMode=inactive}} topActivityMainWindowFrame=null}, pipChange = null, remoteTransition = null, displayChange = null, flags = 0, debugId = 408 }
02-19 13:28:21.688  4449 21898 V WindowManagerShell: onTransitionReady(transaction=3229815418700)
02-19 13:28:21.689  4449  4467 V WindowManagerShell: onTransitionReady (#408) android.os.BinderProxy@9ca3354: {id=408 t=OPEN f=0x0 trk=0 r=[0@Point(0, 0)] c=[
02-19 13:28:21.689  4449  4467 V WindowManagerShell:         {m=TO_FRONT f=MOVE_TO_TOP leash=Surface(name=Task=56)/@0xcbc57d8 sb=Rect(0, 0 - 1080, 2400) eb=Rect(0, 0 - 1080, 2400) epz=Point(1080, 2400) d=0 taskParent=-1},
02-19 13:28:21.689  4449  4467 V WindowManagerShell:         {m=TO_BACK f=SHOW_WALLPAPER leash=Surface(name=Task=1)/@0x8056731 sb=Rect(0, 0 - 1080, 2400) eb=Rect(0, 0 - 1080, 2400) epz=Point(1080, 2400) d=0 taskParent=-1},
02-19 13:28:21.689  4449  4467 V WindowManagerShell:         {m=TO_BACK f=IS_WALLPAPER leash=Surface(name=WallpaperWindowToken{35e0c0f showWhenLocked=false})/@0xa40e16 sb=Rect(0, 0 - 1080, 2400) eb=Rect(0, 0 - 1080, 2400) epz=Point(1080, 2400) d=0}
02-19 13:28:21.689  4449  4467 V WindowManagerShell:     ]}
02-19 13:28:21.690  4449  4467 V WindowManagerShell: Playing animation for (#408) android.os.BinderProxy@9ca3354@0
02-19 13:28:21.692   752   794 V WindowManager:     startWCT=WindowContainerTransaction { changes= {} hops= [] errorCallbackToken=null taskFragmentOrganizer=null }
02-19 13:28:21.692   752   794 V WindowManager:     info={id=408 t=OPEN f=0x0 trk=0 r=[0@Point(0, 0)] c=[
02-19 13:28:21.692   752   794 V WindowManager:         {WCT{RemoteToken{29715c6 Task{fa7be33 #56 type=standard A=10217:viva.republica.toss.test}}} m=TO_FRONT f=MOVE_TO_TOP leash=Surface(name=Task=56)/@0xf76b753 sb=Rect(0, 0 - 1080, 2400) eb=Rect(0, 0 - 1080, 2400) epz=Point(1080, 2400) d=0 taskParent=-1},
02-19 13:28:21.692   752   794 V WindowManager:         {WCT{RemoteToken{5218fe8 Task{dd43522 #1 type=home}}} m=TO_BACK f=SHOW_WALLPAPER leash=Surface(name=Task=1)/@0x8ddbd2e sb=Rect(0, 0 - 1080, 2400) eb=Rect(0, 0 - 1080, 2400) epz=Point(1080, 2400) d=0 taskParent=-1},
02-19 13:28:21.692   752   794 V WindowManager:         {m=TO_BACK f=IS_WALLPAPER leash=Surface(name=WallpaperWindowToken{35e0c0f showWhenLocked=false})/@0x512f5be sb=Rect(0, 0 - 1080, 2400) eb=Rect(0, 0 - 1080, 2400) epz=Point(1080, 2400) d=0}
02-19 13:28:21.692   752   794 V WindowManager:     ]}
02-19 13:28:21.692  4449  4467 V ShellRecents: RecentsTransitionHandler.startAnimation: no controller found
02-19 13:28:21.692  4449  4467 V WindowManagerShell: Transition doesn't have explicit remote, search filters for match for {id=408 t=OPEN f=0x0 trk=0 r=[0@Point(0, 0)] c=[{m=TO_FRONT f=MOVE_TO_TOP leash=Surface(name=Task=56)/@0xcbc57d8 sb=Rect(0, 0 - 1080, 2400) eb=Rect(0, 0 - 1080, 2400) epz=Point(1080, 2400) d=0 taskParent=-1},{m=TO_BACK f=SHOW_WALLPAPER leash=Surface(name=Task=1)/@0x8056731 sb=Rect(0, 0 - 1080, 2400) eb=Rect(0, 0 - 1080, 2400) epz=Point(1080, 2400) d=0 taskParent=-1},{m=TO_BACK f=IS_WALLPAPER leash=Surface(name=WallpaperWindowToken{35e0c0f showWhenLocked=false})/@0xa40e16 sb=Rect(0, 0 - 1080, 2400) eb=Rect(0, 0 - 1080, 2400) epz=Point(1080, 2400) d=0}]}
02-19 13:28:21.694  4449  4467 V WindowManagerShell:  Checking filter Pair{{types=[] flags=0x0] notFlags=0x0 checks=[{atype=undefined independent=true modes=[CLOSE,TO_BACK] flags=IN_TASK_WITH_EMBEDDED_ACTIVITY mustBeTask=false order=ANY topActivity=null launchCookie=null taskFragmentToken=android.os.BinderProxy@268473d windowingMode=undefined}]} RemoteTransition { remoteTransition = android.window.IRemoteTransition$Stub$Proxy@2491b32, appThread = android.app.IApplicationThread$Stub$Proxy@a160083, debugName = overlayBackTransition }}
02-19 13:28:21.695  4449  4467 V WindowManagerShell:  Checking filter Pair{{types=[] flags=0x0] notFlags=0x0 checks=[{atype=dream independent=true modes=[OPEN,TO_FRONT] flags=NONE mustBeTask=false order=ANY topActivity=null launchCookie=null windowingMode=undefined},{atype=home independent=true modes=[CLOSE,TO_BACK] flags=NONE mustBeTask=false order=ANY topActivity=null launchCookie=null windowingMode=undefined}]} RemoteTransition { remoteTransition = android.window.IRemoteTransition$Stub$Proxy@7d85200, appThread = android.app.IApplicationThread$Stub$Proxy@c171a39, debugName = LauncherToDream }}
02-19 13:28:21.695  4449  4467 V WindowManagerShell:  Checking filter Pair{{types=[] flags=0x0] notFlags=0x100 checks=[{atype=home independent=true modes=[OPEN,TO_FRONT] flags=NONE mustBeTask=false order=TOP topActivity=ComponentInfo{com.google.android.apps.nexuslauncher/com.google.android.apps.nexuslauncher.NexusLauncherActivity} launchCookie=null windowingMode=undefined},{atype=standard independent=true modes=[CLOSE,TO_BACK] flags=NONE mustBeTask=false order=ANY topActivity=null launchCookie=null windowingMode=undefined},{NOT atype=undefined independent=true modes=[] flags=NONE mustBeTask=true order=ANY topActivity=null launchCookie=null customAnim=true windowingMode=undefined}]} RemoteTransition { remoteTransition = android.window.IRemoteTransition$Stub$Proxy@e9b87e, appThread = android.app.IApplicationThread$Stub$Proxy@92e21df, debugName = QuickstepLaunchHome }}
02-19 13:28:21.695  4449  4467 V WindowManagerShell:  Checking filter Pair{{types=[] flags=0x0] notFlags=0x0 checks=[{atype=undefined independent=true modes=[CLOSE,TO_BACK] flags=IN_TASK_WITH_EMBEDDED_ACTIVITY mustBeTask=false order=ANY topActivity=null launchCookie=null taskFragmentToken=android.os.BinderProxy@268473d windowingMode=undefined}]} RemoteTransition { remoteTransition = android.window.IRemoteTransition$Stub$Proxy@2767ac7, appThread = android.app.IApplicationThread$Stub$Proxy@2c518f4, debugName = overlayBackTransition }}
02-19 13:28:21.695  4449  4467 V WindowManagerShell:  Checking filter Pair{{types=[] flags=0x0] notFlags=0x0 checks=[{atype=dream independent=true modes=[OPEN,TO_FRONT] flags=NONE mustBeTask=false order=ANY topActivity=null launchCookie=null windowingMode=undefined},{atype=home independent=true modes=[CLOSE,TO_BACK] flags=NONE mustBeTask=false order=ANY topActivity=null launchCookie=null windowingMode=undefined}]} RemoteTransition { remoteTransition = android.window.IRemoteTransition$Stub$Proxy@c3e281d, appThread = android.app.IApplicationThread$Stub$Proxy@a1e1a92, debugName = LauncherToDream }}
02-19 13:28:21.695  4449  4467 V WindowManagerShell:  Checking filter Pair{{types=[] flags=0x0] notFlags=0x100 checks=[{atype=home independent=true modes=[OPEN,TO_FRONT] flags=NONE mustBeTask=false order=TOP topActivity=ComponentInfo{com.google.android.apps.nexuslauncher/com.google.android.apps.nexuslauncher.NexusLauncherActivity} launchCookie=null windowingMode=undefined},{atype=standard independent=true modes=[CLOSE,TO_BACK] flags=NONE mustBeTask=false order=ANY topActivity=null launchCookie=null windowingMode=undefined},{NOT atype=undefined independent=true modes=[] flags=NONE mustBeTask=true order=ANY topActivity=null launchCookie=null customAnim=true windowingMode=undefined}]} RemoteTransition { remoteTransition = android.window.IRemoteTransition$Stub$Proxy@9d5fc63, appThread = android.app.IApplicationThread$Stub$Proxy@a94d060, debugName = QuickstepLaunchHome }}
02-19 13:28:21.696  4449  4467 V WindowManagerShell:  Delegate animation for (#408) to null
02-19 13:28:21.696  4449  4467 V WindowManagerShell: start default transition animation, info = {id=408 t=OPEN f=0x0 trk=0 r=[0@Point(0, 0)] c=[{m=TO_FRONT f=MOVE_TO_TOP leash=Surface(name=Task=56)/@0xcbc57d8 sb=Rect(0, 0 - 1080, 2400) eb=Rect(0, 0 - 1080, 2400) epz=Point(1080, 2400) d=0 taskParent=-1},{m=TO_BACK f=SHOW_WALLPAPER leash=Surface(name=Task=1)/@0x8056731 sb=Rect(0, 0 - 1080, 2400) eb=Rect(0, 0 - 1080, 2400) epz=Point(1080, 2400) d=0 taskParent=-1},{m=TO_BACK f=IS_WALLPAPER leash=Surface(name=WallpaperWindowToken{35e0c0f showWhenLocked=false})/@0xa40e16 sb=Rect(0, 0 - 1080, 2400) eb=Rect(0, 0 - 1080, 2400) epz=Point(1080, 2400) d=0}]}
02-19 13:28:21.696  4449  4467 V WindowManagerShell: loadAnimation: anim=android.view.animation.AnimationSet@d8b1984 animAttr=0x13 type=OPEN isEntrance=false
02-19 13:28:21.774  4449  4467 V WindowManagerShell: loadAnimation: anim=android.view.animation.AnimationSet@618456d animAttr=0x12 type=OPEN isEntrance=true
02-19 13:28:21.778  4449  4467 V WindowManagerShell:  animated by com.android.wm.shell.transition.DefaultTransitionHandler@f74d823
02-19 13:28:21.854 32388  1360 W okhttp.OkHttpClient: A connection to http://localhost:8081/ was leaked. Did you forget to close a response body? To see where this was allocated, set the OkHttpClient logger level to FINE: Logger.getLogger(OkHttpClient.class.getName()).setLevel(Level.FINE);
02-19 13:28:22.039   752  2505 D CoreBackPreview: Window{f494861 u0 viva.republica.toss.test/im.toss.rn.granite.core.GraniteActivity}: Setting back callback OnBackInvokedCallbackInfo{mCallback=android.window.IOnBackInvokedCallback$Stub$Proxy@dd72047, mPriority=0, mIsAnimationCallback=false, mOverrideBehavior=0}
02-19 13:28:22.039 32388 32388 W unknown:ReactRootView: Unable to update root layout specs for uninitialized ReactInstanceManager
02-19 13:28:22.106  4449  4467 V WindowManagerShell: Transition animation finished (aborted=false), notifying core (#408) android.os.BinderProxy@9ca3354@0
02-19 13:28:22.127   752   794 V WindowManager: Finish Transition (#408): created at 02-19 13:28:21.592 collect-started=0.118ms request-sent=5.357ms started=8.776ms ready=48.418ms sent=93.4ms commit=110.594ms finished=534.327ms
02-19 13:28:22.137  4449  4467 V WindowManagerShell: Track 0 became idle
02-19 13:28:22.137  4449  4467 V WindowManagerShell: All active transition animations finished
02-19 13:28:22.137   617   617 D VRI[NexusLauncherActivity]: visibilityChanged oldVisibility=true newVisibility=false
02-19 13:28:22.150   617   617 D NexusLauncherModelDelegate: notifySmartspaceEvent: SmartspaceTargetEvent{mSmartspaceTarget=null, mSmartspaceActionId='null', mEventType=7}
02-19 13:28:22.245 32388  2632 W unknown:InspectorPackagerConnection: Couldn't connect to packager, will silently retry
02-19 13:28:22.262 32388  2631 W unknown:ReconnectingWebSocket: Couldn't connect to "ws://10.0.2.2:8081/message?device=sdk_gphone64_x86_64%20-%2016%20-%20API%2036&app=viva.republica.toss.test&clientid=BridgeDevSupportManager", will silently retry
02-19 13:28:22.269   752   989 I ImeTracker: viva.republica.toss.test:e1f242a8: onRequestHide at ORIGIN_SERVER reason HIDE_UNSPECIFIED_WINDOW fromUser false
02-19 13:28:22.273 32388 32388 D InsetsController: hide(ime(), fromIme=false)
02-19 13:28:22.274 32388 32388 I ImeTracker: viva.republica.toss.test:e1f242a8: onCancelled at PHASE_CLIENT_ALREADY_HIDDEN
02-19 13:28:22.278   617   617 D BaseDepthController: setSurface:
02-19 13:28:22.278   617   617 D BaseDepthController: 	mWaitingOnSurfaceValidity: false
02-19 13:28:22.278   617   617 D BaseDepthController: 	mBaseSurface: null
02-19 13:28:22.278   617   617 D BaseDepthController: mSurface is null and mCurrentBlur is: 0
02-19 13:28:22.281   617   617 D StateManager: goToState - fromState: Normal, toState: Normal, partial trace:
02-19 13:28:22.281   617   617 D StateManager: 	at com.android.launcher3.statemanager.StateManager.moveToRestState(go/retraceme 72a59688580715d19f0e415c69e80376c2f062d1648c80db6730905005a27c20:4)
02-19 13:28:22.281   617   617 D StateManager: 	at com.android.launcher3.statemanager.StateManager.moveToRestState(go/retraceme 72a59688580715d19f0e415c69e80376c2f062d1648c80db6730905005a27c20:1)
02-19 13:28:22.281   617   617 D StateManager: 	at com.android.launcher3.statemanager.StatefulActivity.onStop(go/retraceme 72a59688580715d19f0e415c69e80376c2f062d1648c80db6730905005a27c20:34)
02-19 13:28:22.284 32388 32388 E unknown:ReactRootView: Unhandled SoftException
02-19 13:28:22.284 32388 32388 E unknown:ReactRootView: com.facebook.react.uimanager.IllegalViewOperationException: Trying to attach a ReactRootView with an explicit id already set to [2131362676]. React Native uses the id field to track react tags and will overwrite this field. If that is fine, explicitly overwrite the id field to View.NO_ID.
02-19 13:28:22.284 32388 32388 E unknown:ReactRootView: 	at com.facebook.react.ReactRootView.attachToReactInstanceManager(:799)
02-19 13:28:22.284 32388 32388 E unknown:ReactRootView: 	at com.facebook.react.ReactRootView.startReactApplication(:509)
02-19 13:28:22.284 32388 32388 E unknown:ReactRootView: 	at com.facebook.react.ReactRootView.startReactApplication(:469)
02-19 13:28:22.284 32388 32388 E unknown:ReactRootView: 	at im.toss.rn.granite.core.GraniteActivity.write(:486)
02-19 13:28:22.284 32388 32388 E unknown:ReactRootView: 	at im.toss.rn.granite.core.GraniteActivity.RemoteActionCompatParcelizer(:124)
02-19 13:28:22.284 32388 32388 E unknown:ReactRootView: 	at im.toss.rn.granite.core.GraniteActivity$RemoteActionCompatParcelizer.IconCompatParcelizer(:65353)
02-19 13:28:22.284 32388 32388 E unknown:ReactRootView: 	at o.sh.a_(:33)
02-19 13:28:22.284 32388 32388 E unknown:ReactRootView: 	at o.xP.run(:100)
02-19 13:28:22.284 32388 32388 E unknown:ReactRootView: 	at android.os.Handler.handleCallback(Handler.java:995)
02-19 13:28:22.284 32388 32388 E unknown:ReactRootView: 	at android.os.Handler.dispatchMessage(Handler.java:103)
02-19 13:28:22.284 32388 32388 E unknown:ReactRootView: 	at android.os.Looper.loopOnce(Looper.java:248)
02-19 13:28:22.284 32388 32388 E unknown:ReactRootView: 	at android.os.Looper.loop(Looper.java:338)
02-19 13:28:22.284 32388 32388 E unknown:ReactRootView: 	at android.app.ActivityThread.main(ActivityThread.java:9067)
02-19 13:28:22.284 32388 32388 E unknown:ReactRootView: 	at java.lang.reflect.Method.invoke(Native Method)
02-19 13:28:22.284 32388 32388 E unknown:ReactRootView: 	at com.android.internal.os.RuntimeInit$MethodAndArgsCaller.run(RuntimeInit.java:593)
02-19 13:28:22.284 32388 32388 E unknown:ReactRootView: 	at com.android.internal.os.ZygoteInit.main(ZygoteInit.java:932)
02-19 13:28:22.292  1563  1563 I GoogleInputMethodService: GoogleInputMethodService.onFinishInput():2043 
02-19 13:28:22.292   617   617 D StatsLog: LAUNCHER_ONSTOP
02-19 13:28:22.316  1563  1563 I Module  : DeviceLockedStatusModuleProvider$Module.updateDeviceLockedStatus():100 repeatCheckTimes = 0, locked = false
02-19 13:28:22.328   752  1935 I ImeTracker: system_server:9b57efee: onRequestHide at ORIGIN_SERVER reason IME_REQUESTED_CHANGED_LISTENER fromUser false
02-19 13:28:22.329   617   617 D StatsLog: LAUNCHER_GOOGLE_SEARCH_RESTORE_LIST_SIZE_AFTER_ACTIVITY_RESTART
02-19 13:28:22.337   752   797 I ImeTracker: system_server:9b57efee: onCancelled at PHASE_SERVER_SHOULD_HIDE
02-19 13:28:22.356   752  1095 D BackgroundInstallControlService: Package event received: 0
02-19 13:28:22.491  1563  1563 W NotificationCenter: NotificationCenter$NotificationQueue.notifyPendingNotificationsOnExecutor():877 Heavy notify work detected on UI thread: [kig->khg, kig->khc, kig->ilu, kig->ilu, kig->ilu, kig->ilu, kig->ilu, kig->ilu, kig->gkl, kig->ilu, kig->ilu, kig->fef, kig->fro, kig->lux, kig->ilu, kig->imt, kig->ilu, kig->ilu, kig->ijm, kig->ilu, kig->ilu, kig->fcb, kig->jnx] takes 29ms
02-19 13:28:22.491  1563  1563 I GoogleInputMethodService: GoogleInputMethodService.onStartInput():1293 onStartInput(EditorInfo{EditorInfo{packageName=viva.republica.toss.test, inputType=0, inputTypeString=NULL, enableLearning=false, autoCorrection=false, autoComplete=false, imeOptions=0, privateImeOptions=null, actionName=UNSPECIFIED, actionLabel=null, initialSelStart=-1, initialSelEnd=-1, initialCapsMode=0, label=null, fieldId=0, fieldName=null, extras=null, hintText=null, hintLocales=[]}}, false)
02-19 13:28:22.494  1563  1563 I Module  : DeviceLockedStatusModuleProvider$Module.updateDeviceLockedStatus():100 repeatCheckTimes = 1, locked = false
02-19 13:28:22.495  1563  1563 I EmojiCompatManager: EmojiCompatManager.getEmojiCompatIfLoaded():343 EmojiCompat.init() was never called.
02-19 13:28:22.495  1563  1563 I EmojiCompatManager: java.lang.IllegalStateException: EmojiCompat is not initialized. Please call EmojiCompat.init() first
02-19 13:28:22.495  1563  1563 I EmojiCompatManager: 	at asx.p(PG:6)
02-19 13:28:22.495  1563  1563 I EmojiCompatManager: 	at axb.b(PG:13)
02-19 13:28:22.495  1563  1563 I EmojiCompatManager: 	at jnr.b(PG:2)
02-19 13:28:22.495  1563  1563 I EmojiCompatManager: 	at jnr.c(PG:4)
02-19 13:28:22.495  1563  1563 I EmojiCompatManager: 	at jnr.f(PG:3)
02-19 13:28:22.495  1563  1563 I EmojiCompatManager: 	at jnx.c(PG:3)
02-19 13:28:22.495  1563  1563 I EmojiCompatManager: 	at kif.cz(PG:47)
02-19 13:28:22.495  1563  1563 I EmojiCompatManager: 	at lhl.run(PG:1025)
02-19 13:28:22.495  1563  1563 I EmojiCompatManager: 	at jaf.execute(PG:12)
02-19 13:28:22.495  1563  1563 I EmojiCompatManager: 	at nco.v(PG:13)
02-19 13:28:22.495  1563  1563 I EmojiCompatManager: 	at lhn.m(PG:96)
02-19 13:28:22.495  1563  1563 I EmojiCompatManager: 	at lhn.k(PG:25)
02-19 13:28:22.495  1563  1563 I EmojiCompatManager: 	at kgn.onStartInput(PG:250)
02-19 13:28:22.495  1563  1563 I EmojiCompatManager: 	at android.inputmethodservice.InputMethodService.doStartInput(InputMethodService.java:3521)
02-19 13:28:22.495  1563  1563 I EmojiCompatManager: 	at android.inputmethodservice.InputMethodService$InputMethodImpl.startInput(InputMethodService.java:879)
02-19 13:28:22.495  1563  1563 I EmojiCompatManager: 	at android.inputmethodservice.InputMethodService$InputMethodImpl.dispatchStartInput(InputMethodService.java:908)
02-19 13:28:22.495  1563  1563 I EmojiCompatManager: 	at android.inputmethodservice.IInputMethodWrapper.executeMessage(IInputMethodWrapper.java:201)
02-19 13:28:22.495  1563  1563 I EmojiCompatManager: 	at com.android.internal.os.HandlerCaller$MyHandler.handleMessage(HandlerCaller.java:44)
02-19 13:28:22.495  1563  1563 I EmojiCompatManager: 	at android.os.Handler.dispatchMessage(Handler.java:110)
02-19 13:28:22.495  1563  1563 I EmojiCompatManager: 	at android.os.Looper.loopOnce(Looper.java:248)
02-19 13:28:22.495  1563  1563 I EmojiCompatManager: 	at android.os.Looper.loop(Looper.java:338)
02-19 13:28:22.495  1563  1563 I EmojiCompatManager: 	at android.app.ActivityThread.main(ActivityThread.java:9067)
02-19 13:28:22.495  1563  1563 I EmojiCompatManager: 	at java.lang.reflect.Method.invoke(Native Method)
02-19 13:28:22.495  1563  1563 I EmojiCompatManager: 	at com.android.internal.os.RuntimeInit$MethodAndArgsCaller.run(RuntimeInit.java:593)
02-19 13:28:22.495  1563  1563 I EmojiCompatManager: 	at com.android.internal.os.ZygoteInit.main(ZygoteInit.java:932)
02-19 13:28:22.496   752  1456 W PackageConfigPersister: App-specific configuration not found for packageName: viva.republica.toss.test and userId: 0
02-19 13:28:22.522  4449  4474 W WindowOnBackDispatcher: sendCancelIfRunning: isInProgress=false callback=android.view.ViewRootImpl$$ExternalSyntheticLambda13@51c71f9
02-19 13:28:22.522   752   779 D CoreBackPreview: Window{5dc1d29 u0 Splash Screen viva.republica.toss.test EXITING}: Setting back callback null
02-19 13:28:22.677   752  2502 D CoreBackPreview: Window{35d7e3c u0 PopupWindow:9531697}: Setting back callback OnBackInvokedCallbackInfo{mCallback=android.window.IOnBackInvokedCallback$Stub$Proxy@d1cf51a, mPriority=0, mIsAnimationCallback=false, mOverrideBehavior=0}
02-19 13:28:22.912   752   794 I ActivityTaskManager: Displayed viva.republica.toss.test/im.toss.rn.granite.core.GraniteActivity for user 0: +559ms
02-19 13:28:22.912   752   794 W Looper  : Slow dispatch took 762ms android.fg app=system_server main=false group=FOREGROUND h=android.os.Handler c=com.android.server.wm.ActivityMetricsLogger$$ExternalSyntheticLambda0@5da4e27 m=0
02-19 13:28:22.912   752   794 W Looper  : Slow delivery took 764ms android.fg app=system_server main=false group=FOREGROUND h=android.os.Handler c=com.android.server.wm.ActivityMetricsLogger$$ExternalSyntheticLambda8@aed58d4 m=0
02-19 13:28:22.955   752   794 W Looper  : Drained
02-19 13:28:24.307  2603  2603 E .apps.safetyhub: Not starting debugger since process cannot load the jdwp agent.
02-19 13:28:24.396  2643  2643 W dumpsys : Thread Pool max thread count is 0. Cannot cache binder as linkToDeath cannot be implemented. serviceName: package
02-19 13:28:24.518 32388 32388 W WindowOnBackDispatcher: sendCancelIfRunning: isInProgress=false callback=android.view.ViewRootImpl$$ExternalSyntheticLambda13@b1504a2
02-19 13:28:24.520   752  2502 D CoreBackPreview: Window{35d7e3c u0 PopupWindow:9531697}: Setting back callback null
02-19 13:28:24.573 32388  2646 W unknown:ReactContext: initializeMessageQueueThreads() is called.
02-19 13:28:24.790 32388 32388 W unknown:ReactNative: Packager connection already open, nooping.
02-19 13:28:24.797  1772  1772 I artd    : GetBestInfo: odex next to the dex file (/data/app/~~O-UZzK0jUU9NLgS3MODOZA==/com.google.android.gms-YQ2L6GsYyKuvu9MvIBK1EQ==/oat/x86_64/base.odex) is kOatUpToDate with filter 'speed-profile' executable 'false'
02-19 13:28:24.812 32388  2649 W unknown:ReactContext: initializeMessageQueueThreads() is called.
02-19 13:28:24.814 32388  2649 W unknown:ReactNative: Fresco has already been initialized with a different config. The new Fresco configuration will be ignored!
02-19 13:28:24.852  2653  2653 W dumpsys : Thread Pool max thread count is 0. Cannot cache binder as linkToDeath cannot be implemented. serviceName: window
02-19 13:28:25.081  1772  1772 I artd    : GetBestInfo: odex next to the dex file (/data/app/~~O-UZzK0jUU9NLgS3MODOZA==/com.google.android.gms-YQ2L6GsYyKuvu9MvIBK1EQ==/oat/x86_64/split_AdsDynamite_installtime.odex) is kOatUpToDate with filter 'speed' executable 'false'
02-19 13:28:25.104  1772  1772 I artd    : GetBestInfo: odex next to the dex file (/data/app/~~O-UZzK0jUU9NLgS3MODOZA==/com.google.android.gms-YQ2L6GsYyKuvu9MvIBK1EQ==/oat/x86_64/split_CronetDynamite_installtime.odex) is kOatUpToDate with filter 'speed' executable 'false'
02-19 13:28:25.119   752  1454 I system_server: AssetManager2(0x7d8fac4c93f8) locale list changing from [] to [en-US]
02-19 13:28:25.120  2603  2603 D nativeloader: Load libframework-connectivity-tiramisu-jni.so using APEX ns com_android_tethering for caller /apex/com.android.tethering/javalib/framework-connectivity-t.jar: ok
02-19 13:28:25.122  1772  1772 I artd    : GetBestInfo: odex next to the dex file (/data/app/~~O-UZzK0jUU9NLgS3MODOZA==/com.google.android.gms-YQ2L6GsYyKuvu9MvIBK1EQ==/oat/x86_64/split_DynamiteLoader_installtime.odex) is kOatUpToDate with filter 'speed' executable 'false'
02-19 13:28:25.213   752  1454 I system_server: AssetManager2(0x7d8fac49db18) locale list changing from [] to [en-US]
02-19 13:28:25.338   752  1454 I system_server: AssetManager2(0x7d8fac49bef8) locale list changing from [] to [en-US]
02-19 13:28:25.379  1772  1772 I artd    : GetBestInfo: odex next to the dex file (/data/app/~~O-UZzK0jUU9NLgS3MODOZA==/com.google.android.gms-YQ2L6GsYyKuvu9MvIBK1EQ==/oat/x86_64/split_DynamiteModulesA_installtime.odex) is kOatUpToDate with filter 'speed' executable 'false'
02-19 13:28:25.418  1772  1772 I artd    : GetBestInfo: odex next to the dex file (/data/app/~~O-UZzK0jUU9NLgS3MODOZA==/com.google.android.gms-YQ2L6GsYyKuvu9MvIBK1EQ==/oat/x86_64/split_DynamiteModulesC_installtime.odex) is kOatUpToDate with filter 'speed' executable 'false'
02-19 13:28:25.522  1772  1772 I artd    : GetBestInfo: odex next to the dex file (/data/app/~~O-UZzK0jUU9NLgS3MODOZA==/com.google.android.gms-YQ2L6GsYyKuvu9MvIBK1EQ==/oat/x86_64/split_GoogleCertificates_installtime.odex) is kOatUpToDate with filter 'speed' executable 'false'
02-19 13:28:25.701  1772  1772 I artd    : GetBestInfo: odex next to the dex file (/data/app/~~O-UZzK0jUU9NLgS3MODOZA==/com.google.android.gms-YQ2L6GsYyKuvu9MvIBK1EQ==/oat/x86_64/split_MapsDynamite_installtime.odex) is kOatUpToDate with filter 'speed' executable 'false'
02-19 13:28:25.724  1772  1772 I artd    : GetBestInfo: odex next to the dex file (/data/app/~~O-UZzK0jUU9NLgS3MODOZA==/com.google.android.gms-YQ2L6GsYyKuvu9MvIBK1EQ==/oat/x86_64/split_MeasurementDynamite_installtime.odex) is kOatUpToDate with filter 'speed' executable 'false'
02-19 13:28:25.731  1772  1772 I artd    : GetBestInfo: /data/app/~~O-UZzK0jUU9NLgS3MODOZA==/com.google.android.gms-YQ2L6GsYyKuvu9MvIBK1EQ==/split_maps_core_dynamite_ondemand.apk has no usable artifacts
02-19 13:28:25.731   752  1454 I system_server: AssetManager2(0x7d8fac497d58) locale list changing from [] to [en-US]
02-19 13:28:25.765   752  1454 I system_server: AssetManager2(0x7d8fac4bd238) locale list changing from [] to [en-US]
02-19 13:28:25.768  1772  1772 I artd    : GetBestInfo: /data/user_de/0/com.google.android.gms/app_chimera/m/0000000c/dl-Appsearch.optional_250834100800.apk has no usable artifacts
02-19 13:28:25.789   752  1454 I system_server: AssetManager2(0x7d8fac493898) locale list changing from [] to [en-US]
02-19 13:28:25.796  1772  1775 I artd    : GetBestInfo: /data/user_de/0/com.google.android.gms/app_chimera/m/00000001/CronetDynamite.apk has no usable artifacts
02-19 13:28:25.797  1772  1772 I artd    : GetBestInfo: /data/user_de/0/com.google.android.gms/app_chimera/m/00000002/DynamiteLoader.apk has no usable artifacts
02-19 13:28:25.799  1772  1774 I artd    : GetBestInfo: /data/user_de/0/com.google.android.gms/app_chimera/m/00000005/GoogleCertificates.apk has no usable artifacts
02-19 13:28:25.893  1772  2659 I artd    : GetBestInfo: /data/user_de/0/com.google.android.gms/app_chimera/m/00000009/dl-TfliteDynamiteDynamite.integ_252130102100800.apk has no usable artifacts
02-19 13:28:25.900  1772  1775 I artd    : GetBestInfo: vdex next to the dex file (/data/user/0/com.google.android.gms/app_dg_cache/BF7C023AB90CCF01D1F467FC1CEBAF866511FF29/oat/x86_64/the.vdex) is kOatUpToDate with filter 'verify' executable 'false'
02-19 13:28:25.904  1772  2659 I artd    : GetBestInfo: /data/user_de/0/com.google.android.gms/app_chimera/m/00000010/dl-PlayCloudSearch.optional_250834100000.apk has no usable artifacts
02-19 13:28:25.910  1772  2659 I artd    : GetBestInfo: /data/user_de/0/com.google.android.gms/app_chimera/m/00000017/dl-PlayCloudSearch.optional_260438100000.apk has no usable artifacts
02-19 13:28:25.914  1772  2659 I artd    : GetBestInfo: /data/user_de/0/com.google.android.gms/app_chimera/m/00000015/dl-MlkitOcrCommon.optional_260438100800.apk has no usable artifacts
02-19 13:28:25.918  1772  2659 I artd    : GetBestInfo: /data/user_de/0/com.google.android.gms/app_chimera/m/00000013/dl-MlkitBarcodeUi.optional_260438100800.apk has no usable artifacts
02-19 13:28:25.924  1772  2659 I artd    : GetBestInfo: /data/user_de/0/com.google.android.gms/app_chimera/m/0000000f/dl-MlkitOcrCommon.optional_250834100800.apk has no usable artifacts
02-19 13:28:25.931  1772  2659 I artd    : GetBestInfo: /data/user_de/0/com.google.android.gms/app_chimera/m/0000000d/dl-VisionOcr.optional_250834100000.apk has no usable artifacts
02-19 13:28:25.935  1772  2659 I artd    : GetBestInfo: /data/user_de/0/com.google.android.gms/app_chimera/m/0000000a/dl-MlkitBarcodeUi.optional_250834100800.apk has no usable artifacts
02-19 13:28:26.147 32388 32388 W unknown:ReactContext: initializeMessageQueueThreads() is called.
02-19 13:28:26.339   752  2502 W PackageConfigPersister: App-specific configuration not found for packageName: viva.republica.toss.test and userId: 0
02-19 13:28:26.499   752  1856 E TaskPersister: File error accessing recents directory (directory doesn't exist?).
02-19 13:28:26.509  1772  2659 I artd    : GetBestInfo: /data/user_de/0/com.google.android.gms/app_chimera/m/00000011/dl-VisionOcr.optional_260438100000.apk has no usable artifacts
02-19 13:28:26.622  1772  2659 I artd    : GetBestInfo: /data/user_de/0/com.google.android.gms/app_chimera/m/00000012/dl-Appsearch.optional_260438100800.apk has no usable artifacts
02-19 13:28:26.651   752   981 W InputDispatcher: Excessive delay in interceptKeyBeforeDispatching; took 65 ms
02-19 13:28:26.721  1772  2659 I artd    : GetBestInfo: vdex next to the dex file (/data/user/0/com.google.android.gms/app_dg_cache/94DF452EEF4B8E717545DCDEA6CC3C50A319A195/oat/x86_64/the.vdex) is kOatUpToDate with filter 'verify' executable 'false'
02-19 13:28:26.868   617   862 D OverviewCommandHelper: command added: CommandInfo(type=TOGGLE, status=IDLE, createTime=86780714, animationCallbacks=null, displayId=0, isLastOfBatch=true)
02-19 13:28:26.868   617   862 D OverviewCommandHelper: execute: CommandInfo(type=TOGGLE, status=IDLE, createTime=86780714, animationCallbacks=null, displayId=0, isLastOfBatch=true) - queue size: 1
02-19 13:28:26.868   617   617 D OverviewCommandHelper: executing command: CommandInfo(type=TOGGLE, status=PROCESSING, createTime=86780714, animationCallbacks=null, displayId=0, isLastOfBatch=true)
02-19 13:28:26.871   617   617 D OverviewCommandHelper: executeCommand: CommandInfo(type=TOGGLE, status=PROCESSING, createTime=86780714, animationCallbacks=null, displayId=0, isLastOfBatch=true) - visibleRecentsView: null
02-19 13:28:26.871   617   617 D OverviewCommandHelper: Querying TaskbarManager for TaskbarUIController for display: 0
02-19 13:28:26.871   617   617 D OverviewCommandHelper: TaskbarUIController for display 0 was found
02-19 13:28:26.880   617   617 D ContextTracker: Registering callback: com.android.launcher3.LauncherInitListener@46fb89a, reason=OverviewCommandHelper: command.type=TOGGLE
02-19 13:28:26.881   617   617 D RecentsView: onGestureAnimationStart - groupedTaskInfo: Desk ID= -1, Desk Display ID=-1, Tasks=[id=56 winMode=fullscreen visReq=true vis=true excluded=false baseIntent=viva.republica.toss.test/.MiniAppSchemeActivity], Type=FULLSCREEN, Minimized Task IDs=null
02-19 13:28:26.883   617   617 D RecentsView: showCurrentTask(onGestureAnimationStart) - groupedTaskInfo: Desk ID= -1, Desk Display ID=-1, Tasks=[id=56 winMode=fullscreen visReq=true vis=true excluded=false baseIntent=viva.republica.toss.test/.MiniAppSchemeActivity], Type=FULLSCREEN, Minimized Task IDs=null
02-19 13:28:26.982   617   617 D OverviewActionsView: updateForGroupedTask() called with: isGroupedTask = [false], canSaveAppPair = [false]
02-19 13:28:26.982   617   617 D OverviewActionsView: updateActionButtonsVisibility() called: showSingleTaskActions = [true], showGroupActions = [false]
02-19 13:28:26.984   617   617 D RecentsView: reloadIfNeeded - getTasks: 71
02-19 13:28:27.012   617   617 D RecentsView: onGestureAnimationStart - groupedTaskInfo: Desk ID= -1, Desk Display ID=-1, Tasks=[id=56 winMode=fullscreen visReq=true vis=true excluded=false baseIntent=viva.republica.toss.test/.MiniAppSchemeActivity], Type=FULLSCREEN, Minimized Task IDs=null
02-19 13:28:27.012   617   617 D RecentsView: showCurrentTask(onGestureAnimationStart) - groupedTaskInfo: Desk ID= -1, Desk Display ID=-1, Tasks=[id=56 winMode=fullscreen visReq=true vis=true excluded=false baseIntent=viva.republica.toss.test/.MiniAppSchemeActivity], Type=FULLSCREEN, Minimized Task IDs=null
02-19 13:28:27.013   617   617 D OverviewActionsView: updateForGroupedTask() called with: isGroupedTask = [false], canSaveAppPair = [false]
02-19 13:28:27.013   617   617 D OverviewActionsView: updateActionButtonsVisibility() called: showSingleTaskActions = [true], showGroupActions = [false]
02-19 13:28:27.021   617   617 D RecentsView: reloadIfNeeded - task list still valid: 71
02-19 13:28:27.021   617   617 D OverviewCommandHelper: switching via recents animation - onGestureStarted: CommandInfo(type=TOGGLE, status=PROCESSING, createTime=86780714, animationCallbacks=com.android.quickstep.RecentsAnimationCallbacks@bcfc21c, displayId=0, isLastOfBatch=true)
02-19 13:28:27.022   617   617 D OverviewCommandHelper: command executed: CommandInfo(type=TOGGLE, status=PROCESSING, createTime=86780714, animationCallbacks=com.android.quickstep.RecentsAnimationCallbacks@bcfc21c, displayId=0, isLastOfBatch=true) with result: false
02-19 13:28:27.022   617   617 D OverviewCommandHelper: waiting for command callback: CommandInfo(type=TOGGLE, status=PROCESSING, createTime=86780714, animationCallbacks=com.android.quickstep.RecentsAnimationCallbacks@bcfc21c, displayId=0, isLastOfBatch=true)
02-19 13:28:27.033   617   617 D RecentsView: applyLoadPlan - taskGroups: [type=SINGLE task=[id=12 windowingMode=0 user=0 lastActiveTime=89737] null, type=SINGLE task=[id=49 windowingMode=1 user=0 lastActiveTime=83987405] null, type=SINGLE task=[id=56 windowingMode=1 user=0 lastActiveTime=86775480] null]
02-19 13:28:27.033  4449  4449 I vol.VolumeDialogImpl: mDialog.dismiss() reason: volume_controller from: com.android.systemui.volume.VolumeDialogImpl$7.onDismissRequested:3
02-19 13:28:27.039  4449  4449 I vol.VolumeDialogImpl: mDialog.dismiss() reason: volume_controller from: com.android.systemui.volume.VolumeDialogImpl$7.onDismissRequested:3
02-19 13:28:27.040  4449  4449 D vol.VolumeDialogImpl: dismissH: skipping dismiss because isAnimatingDismiss is true and showingStateInconsistent is false
02-19 13:28:27.175  1772  2659 I artd    : GetBestInfo: /data/user_de/0/com.google.android.gms/app_chimera/m/00000007/MeasurementDynamite.apk has no usable artifacts
02-19 13:28:27.177  1772  2659 I artd    : GetBestInfo: /data/user_de/0/com.google.android.gms/app_chimera/m/00000018/dl-AdsFdrDynamite.integ_254380203100000.apk has no usable artifacts
02-19 13:28:27.224   752   779 W ActivityManager: Slow operation: 101ms so far, now at attachApplicationLocked: before bindApplication
02-19 13:28:27.891  4449  4467 V ShellRecents: RecentsTransitionHandler.startRecentsTransition
02-19 13:28:28.037  4449  4467 V WindowManagerShell: Directly starting a new transition type=TO_FRONT wct=WindowContainerTransaction { changes= {} hops= [{pendingIntent: options=Bundle[{android.activity.splashScreenStyle=-1, android.activity.sourceInfo=Supplier{VAL_PARCELABLE@148+104}, android.pendingIntent.backgroundActivityAllowed=3, android:activity.animAbortListener=null, android.activity.transientLaunch=true}]}] errorCallbackToken=null taskFragmentOrganizer=null } handler=com.android.wm.shell.recents.RecentsTransitionHandler@bc47314
02-19 13:28:28.344   531   531 I BpBinder: onLastStrongRef automatically unlinking death recipients: 
02-19 13:28:28.349   617   617 D ViewRootImpl: Skipping stats log for color mode
02-19 13:28:28.352   617   617 D StateManager: goToState - fromState: Normal, toState: Background, partial trace:
02-19 13:28:28.352   617   617 D StateManager: 	at com.android.quickstep.BaseActivityInterface$DefaultAnimationFactory.initBackgroundStateUI(go/retraceme 72a59688580715d19f0e415c69e80376c2f062d1648c80db6730905005a27c20:39)
02-19 13:28:28.352   617   617 D StateManager: 	at com.android.quickstep.LauncherActivityInterface.prepareRecentsUI(go/retraceme 72a59688580715d19f0e415c69e80376c2f062d1648c80db6730905005a27c20:9)
02-19 13:28:28.352   617   617 D StateManager: 	at com.android.quickstep.AbsSwipeUpHandler.lambda$onLauncherStart$7(go/retraceme 72a59688580715d19f0e415c69e80376c2f062d1648c80db6730905005a27c20:11)
02-19 13:28:28.352   617   617 D StateManager: onStateTransitionStart - state: Background
02-19 13:28:28.354   752  1095 D BackgroundInstallControlService: Package event received: 0
02-19 13:28:28.355   617   617 D BaseDepthController: mSurface is null and mCurrentBlur is: 0
02-19 13:28:28.356   617   617 D KeyboardInsetsHandler: setState, toState:Background StateManager(mLastStableState:Normal, mCurrentStableState:Normal, mState:Background, mRestState:Normal, isInTransition:false)
02-19 13:28:28.356   617   617 D StateManager: onStateTransitionEnd - state: Background
02-19 13:28:28.424   617   617 D RecentsView: updateTaskStackListenerState: true
02-19 13:28:28.424   617   617 D RecentsView: reloadIfNeeded - task list still valid: 71
02-19 13:28:28.425   617   617 D NexusLauncherModelDelegate: notifySmartspaceEvent: SmartspaceTargetEvent{mSmartspaceTarget=null, mSmartspaceActionId='null', mEventType=6}
02-19 13:28:28.527   617   617 D BaseDepthController: setSurface:
02-19 13:28:28.527   617   617 D BaseDepthController: 	mWaitingOnSurfaceValidity: false
02-19 13:28:28.527   617   617 D BaseDepthController: 	mBaseSurface: Surface(name=com.google.android.apps.nexuslauncher/com.google.android.apps.nexuslauncher.NexusLauncherActivity)/@0x2710b18
02-19 13:28:28.607  4449  4449 I Choreographer: Skipped 85 frames!  The application may be doing too much work on its main thread.
02-19 13:28:28.628  4449  4467 V ShellRecents: [144965155] RecentsController.setTransition: id=android.os.BinderProxy@c00b52
02-19 13:28:29.018   537   537 W adbd    : timeout expired while flushing socket, closing
02-19 13:28:29.087   752   779 W ActivityManager: Slow operation: 1965ms so far, now at attachApplicationLocked: immediately before bindApplication
02-19 13:28:29.219   537   537 W adbd    : timeout expired while flushing socket, closing
02-19 13:28:29.318   617   617 D ActivityAllAppsContainerView: rebindAdapters: force: false
02-19 13:28:29.318   617   617 D ActivityAllAppsContainerView: rebindAdapters: Not needed.
02-19 13:28:29.321   617   617 I Choreographer: Skipped 53 frames!  The application may be doing too much work on its main thread.
02-19 13:28:29.322   531   590 I BpBinder: onLastStrongRef automatically unlinking death recipients: 
02-19 13:28:29.325  4449 21898 V WindowManagerShell: onTransitionReady(transaction=3229815418747)
02-19 13:28:29.325  4449  4467 V WindowManagerShell: onTransitionReady (#409) android.os.BinderProxy@c00b52: {id=409 t=TO_FRONT f=0x80 trk=0 r=[0@Point(0, 0)] c=[
02-19 13:28:29.325  4449  4467 V WindowManagerShell:         {m=TO_FRONT f=SHOW_WALLPAPER|MOVE_TO_TOP leash=Surface(name=Task=1)/@0x7540f20 sb=Rect(0, 0 - 1080, 2400) eb=Rect(0, 0 - 1080, 2400) epz=Point(1080, 2400) d=0 taskParent=-1},
02-19 13:28:29.325  4449  4467 V WindowManagerShell:         {m=TO_BACK f=NONE leash=Surface(name=Task=56)/@0xe2660d9 sb=Rect(0, 0 - 1080, 2400) eb=Rect(0, 0 - 1080, 2400) epz=Point(1080, 2400) d=0 taskParent=-1},
02-19 13:28:29.325  4449  4467 V WindowManagerShell:         {m=TO_FRONT f=IS_WALLPAPER leash=Surface(name=WallpaperWindowToken{35e0c0f showWhenLocked=false})/@0x8af8a9e sb=Rect(0, 0 - 1080, 2400) eb=Rect(0, 0 - 1080, 2400) epz=Point(1080, 2400) d=0}
02-19 13:28:29.325  4449  4467 V WindowManagerShell:     ]}
02-19 13:28:29.326  4449  4467 V WindowManagerShell: Playing animation for (#409) android.os.BinderProxy@c00b52@0
02-19 13:28:29.326  4449  4467 V WindowManagerShell:  try firstHandler com.android.wm.shell.recents.RecentsTransitionHandler@bc47314
02-19 13:28:29.326  4449  4467 V ShellRecents: [144965155] RecentsController.start
02-19 13:28:29.328   531   531 I BpBinder: onLastStrongRef automatically unlinking death recipients: 
02-19 13:28:29.343   617   862 I HWUI    : Davey! duration=968ms; Flags=1, FrameTimelineVsyncId=1377569, IntendedVsync=86782205468902, Vsync=86782255468900, InputEventId=0, HandleInputStart=86782270815858, AnimationStart=86782270816716, PerformTraversalsStart=86782270926915, DrawStart=86783150636986, FrameDeadline=86782222135568, FrameStartTime=86782270812468, FrameInterval=16666666, WorkloadTarget=16666666, SyncQueued=86783152472806, SyncStart=86783153315807, IssueDrawCommandsStart=86783153448337, SwapBuffers=86783153702158, FrameCompleted=86783174674598, DequeueBufferDuration=9020, QueueBufferDuration=1341024, GpuCompleted=86783174674598, SwapBuffersCompleted=86783158378017, DisplayPresentTime=0, CommandSubmissionCompleted=86783153702158, 
02-19 13:28:29.424   752   794 V WindowManager: Sent Transition (#409) createdAt=02-19 13:28:28.077
02-19 13:28:29.424   752   794 V WindowManager:     startWCT=WindowContainerTransaction { changes= {} hops= [{pendingIntent: options=Bundle[{android.activity.splashScreenStyle=-1, android.activity.sourceInfo=android.app.ActivityOptions$SourceInfo@454dd03, android.pendingIntent.backgroundActivityAllowed=3, android:activity.animAbortListener=null, android.activity.transientLaunch=true}]}] errorCallbackToken=null taskFragmentOrganizer=null }
02-19 13:28:29.424   752   794 V WindowManager:     info={id=409 t=TO_FRONT f=0x80 trk=0 r=[0@Point(0, 0)] c=[
02-19 13:28:29.424   752   794 V WindowManager:         {WCT{RemoteToken{5218fe8 Task{dd43522 #1 type=home}}} m=TO_FRONT f=SHOW_WALLPAPER|MOVE_TO_TOP leash=Surface(name=Task=1)/@0x8ddbd2e sb=Rect(0, 0 - 1080, 2400) eb=Rect(0, 0 - 1080, 2400) epz=Point(1080, 2400) d=0 taskParent=-1},
02-19 13:28:29.424   752   794 V WindowManager:         {WCT{RemoteToken{29715c6 Task{fa7be33 #56 type=standard A=10217:viva.republica.toss.test}}} m=TO_BACK f=NONE leash=Surface(name=Task=56)/@0xf76b753 sb=Rect(0, 0 - 1080, 2400) eb=Rect(0, 0 - 1080, 2400) epz=Point(1080, 2400) d=0 taskParent=-1},
02-19 13:28:29.424   752   794 V WindowManager:         {m=TO_FRONT f=IS_WALLPAPER leash=Surface(name=WallpaperWindowToken{35e0c0f showWhenLocked=false})/@0x512f5be sb=Rect(0, 0 - 1080, 2400) eb=Rect(0, 0 - 1080, 2400) epz=Point(1080, 2400) d=0}
02-19 13:28:29.424   752   794 V WindowManager:     ]}
02-19 13:28:29.457  4449  4467 V ShellRecents:   not handling home taskId=1
02-19 13:28:29.458   752   779 W ActivityManager: Slow operation: 2335ms so far, now at attachApplicationLocked: immediately after bindApplication
02-19 13:28:29.459   752   779 W ActivityManager: Slow operation: 2336ms so far, now at attachApplicationLocked: after updateLruProcessLocked
02-19 13:28:29.472  4449  4467 V ShellRecents:   adding pausing leaf taskId=56 at layer=8
02-19 13:28:29.476  4449  4467 V ShellRecents: Applying transaction=3229815418747
02-19 13:28:29.479   752   779 I ActivityManager: PendingStartActivityUids startActivity to updateOomAdj delay:1139ms, uid:10182
02-19 13:28:29.480   752   779 W ActivityManager: Slow operation: 2357ms so far, now at attachApplicationLocked: after updateOomAdjLocked
02-19 13:28:29.482  4449  4467 V ShellRecents: No matching remote found to takeover (#409)
02-19 13:28:29.483  4449  4467 V ShellSplitScreen: getSplitBoundsForTaskId: expected split bounds for taskId=56 but not found
02-19 13:28:29.483  4449  4467 V ShellRecents: [144965155] RecentsController.start: calling onAnimationStart with 2 apps
02-19 13:28:29.490  4449  4467 V WindowManagerShell:  animated by firstHandler
02-19 13:28:29.500   752  1095 D BackgroundInstallControlService: Package event received: 0
02-19 13:28:29.500   752  1095 D BackgroundInstallControlService: Package event received: 0
02-19 13:28:29.529   617   617 D RemoteTargetGluer: appCount: 1 handleLength: 4
