02-19 18:33:10.317  4449  4467 V WindowManagerShell:  Checking filter Pair{{types=[] flags=0x0] notFlags=0x0 checks=[{atype=dream independent=true modes=[OPEN,TO_FRONT] flags=NONE mustBeTask=false order=ANY topActivity=null launchCookie=null windowingMode=undefined},{atype=home independent=true modes=[CLOSE,TO_BACK] flags=NONE mustBeTask=false order=ANY topActivity=null launchCookie=null windowingMode=undefined}]} RemoteTransition { remoteTransition = android.window.IRemoteTransition$Stub$Proxy@c23e29c, appThread = android.app.IApplicationThread$Stub$Proxy@afb34a5, debugName = LauncherToDream }}
02-19 18:33:10.317  4449  4467 V WindowManagerShell:  Checking filter Pair{{types=[] flags=0x0] notFlags=0x100 checks=[{atype=home independent=true modes=[OPEN,TO_FRONT] flags=NONE mustBeTask=false order=TOP topActivity=ComponentInfo{com.google.android.apps.nexuslauncher/com.google.android.apps.nexuslauncher.NexusLauncherActivity} launchCookie=null windowingMode=undefined},{atype=standard independent=true modes=[CLOSE,TO_BACK] flags=NONE mustBeTask=false order=ANY topActivity=null launchCookie=null windowingMode=undefined},{NOT atype=undefined independent=true modes=[] flags=NONE mustBeTask=true order=ANY topActivity=null launchCookie=null customAnim=true windowingMode=undefined}]} RemoteTransition { remoteTransition = android.window.IRemoteTransition$Stub$Proxy@39de07a, appThread = android.app.IApplicationThread$Stub$Proxy@cf9f02b, debugName = QuickstepLaunchHome }}
02-19 18:33:10.317  4449  4467 V WindowManagerShell:  Delegate animation for (#658) to null
02-19 18:33:10.318  4449  4467 V WindowManagerShell: start default transition animation, info = {id=658 t=OPEN f=0x0 trk=0 r=[0@Point(0, 0)] c=[{m=OPEN f=FILLS_TASK leash=Surface(name=ActivityRecord{155098016 u0 viva.republica.toss.test/im.toss.rn.granite.core.GraniteActivity)/@0x3dd4ee0 sb=Rect(0, 0 - 0, 0) eb=Rect(0, 0 - 1080, 2400) epz=Point(1080, 2400) d=-1->0 r=-1->0:-1 bc=ffffffff component=viva.republica.toss.test/im.toss.rn.granite.core.GraniteActivity},{m=CLOSE f=TRANSLUCENT|FILLS_TASK leash=Surface(name=ActivityRecord{171450712 u0 viva.republica.toss.test/.MiniAppSchemeActivity)/@0x4830599 sb=Rect(0, 0 - 1080, 2400) eb=Rect(0, 0 - 1080, 2400) epz=Point(1080, 2400) d=0 bc=ffffffff component=viva.republica.toss.test/.MiniAppSchemeActivity},{m=TO_BACK f=SHOW_WALLPAPER leash=Surface(name=Task=1)/@0x4d4305e sb=Rect(0, 0 - 1080, 2400) eb=Rect(0, 0 - 1080, 2400) epz=Point(1080, 2400) d=0 taskParent=-1},{m=TO_BACK f=IS_WALLPAPER leash=Surface(name=WallpaperWindowToken{35e0c0f showWhenLocked=false})/@0xbc96c3f sb=Rect(0, 0 - 1080, 2400) eb=Rect(0, 0 - 1080, 2400) epz=Point(1080, 2400) d=0}]}
02-19 18:33:10.318  4449  4467 V WindowManagerShell: loadAnimation: anim=android.view.animation.AnimationSet@2756255 animAttr=0x13 type=OPEN isEntrance=false
02-19 18:33:10.318  4449  4467 V WindowManagerShell: loadAnimation: anim=android.view.animation.AnimationSet@2aef46a animAttr=0x13 type=OPEN isEntrance=false
02-19 18:33:10.319  4449  4467 V WindowManagerShell: loadAnimation: anim=android.view.animation.AnimationSet@ff6ced1 animAttr=0x12 type=OPEN isEntrance=true
02-19 18:33:10.339  4449  4467 V WindowManagerShell:  animated by com.android.wm.shell.transition.DefaultTransitionHandler@f74d823
02-19 18:33:10.345 20068 20156 I FontLog : (REDACTED) Received query %s, URI %s
02-19 18:33:10.345 20068 20156 I FontLog : (REDACTED) Query [%s] resolved to %s
02-19 18:33:10.349 20068 20156 I FontLog : (REDACTED) Fetch %s end status %s
02-19 18:33:10.355 15304 15304 E unknown:ReactRootView: Unhandled SoftException
02-19 18:33:10.355 15304 15304 E unknown:ReactRootView: com.facebook.react.uimanager.IllegalViewOperationException: Trying to attach a ReactRootView with an explicit id already set to [2131362676]. React Native uses the id field to track react tags and will overwrite this field. If that is fine, explicitly overwrite the id field to View.NO_ID.
02-19 18:33:10.355 15304 15304 E unknown:ReactRootView: 	at com.facebook.react.ReactRootView.attachToReactInstanceManager(:799)
02-19 18:33:10.355 15304 15304 E unknown:ReactRootView: 	at com.facebook.react.ReactRootView.startReactApplication(:509)
02-19 18:33:10.355 15304 15304 E unknown:ReactRootView: 	at com.facebook.react.ReactRootView.startReactApplication(:469)
02-19 18:33:10.355 15304 15304 E unknown:ReactRootView: 	at im.toss.rn.granite.core.GraniteActivity.write(:486)
02-19 18:33:10.355 15304 15304 E unknown:ReactRootView: 	at im.toss.rn.granite.core.GraniteActivity.RemoteActionCompatParcelizer(:124)
02-19 18:33:10.355 15304 15304 E unknown:ReactRootView: 	at im.toss.rn.granite.core.GraniteActivity$RemoteActionCompatParcelizer.IconCompatParcelizer(:65353)
02-19 18:33:10.355 15304 15304 E unknown:ReactRootView: 	at o.sh.a_(:33)
02-19 18:33:10.355 15304 15304 E unknown:ReactRootView: 	at o.xP.run(:100)
02-19 18:33:10.355 15304 15304 E unknown:ReactRootView: 	at android.os.Handler.handleCallback(Handler.java:995)
02-19 18:33:10.355 15304 15304 E unknown:ReactRootView: 	at android.os.Handler.dispatchMessage(Handler.java:103)
02-19 18:33:10.355 15304 15304 E unknown:ReactRootView: 	at android.os.Looper.loopOnce(Looper.java:248)
02-19 18:33:10.355 15304 15304 E unknown:ReactRootView: 	at android.os.Looper.loop(Looper.java:338)
02-19 18:33:10.355 15304 15304 E unknown:ReactRootView: 	at android.app.ActivityThread.main(ActivityThread.java:9067)
02-19 18:33:10.355 15304 15304 E unknown:ReactRootView: 	at java.lang.reflect.Method.invoke(Native Method)
02-19 18:33:10.355 15304 15304 E unknown:ReactRootView: 	at com.android.internal.os.RuntimeInit$MethodAndArgsCaller.run(RuntimeInit.java:593)
02-19 18:33:10.355 15304 15304 E unknown:ReactRootView: 	at com.android.internal.os.ZygoteInit.main(ZygoteInit.java:932)
02-19 18:33:10.376 20068 20076 I FontLog : (REDACTED) Pulling font file for id = %d, cache size = %d
02-19 18:33:10.384 15304 15304 D CompatChangeReporter: Compat change id reported: 270674727; UID 10217; state: ENABLED
02-19 18:33:10.390 20068 20076 I FontLog : (REDACTED) Pulling font file for id = %d, cache size = %d
02-19 18:33:10.401 15304 15304 D CompatChangeReporter: Compat change id reported: 63938206; UID 10217; state: ENABLED
02-19 18:33:10.410   752   989 I ImeTracker: viva.republica.toss.test:6bb55436: onRequestHide at ORIGIN_SERVER reason HIDE_UNSPECIFIED_WINDOW fromUser false
02-19 18:33:10.413 15304 15304 D InsetsController: hide(ime(), fromIme=false)
02-19 18:33:10.413 15304 15304 I ImeTracker: viva.republica.toss.test:6bb55436: onCancelled at PHASE_CLIENT_ALREADY_HIDDEN
02-19 18:33:10.418  1563  1563 I GoogleInputMethodService: GoogleInputMethodService.onFinishInput():2043 
02-19 18:33:10.421   752  1631 I ImeTracker: system_server:2d3060e5: onRequestHide at ORIGIN_SERVER reason IME_REQUESTED_CHANGED_LISTENER fromUser false
02-19 18:33:10.422   752  2363 D CoreBackPreview: Window{fb6ff3d u0 PopupWindow:2398b2e}: Setting back callback OnBackInvokedCallbackInfo{mCallback=android.window.IOnBackInvokedCallback$Stub$Proxy@8a2262c, mPriority=0, mIsAnimationCallback=false, mOverrideBehavior=0}
02-19 18:33:10.422  1563  1563 I Module  : DeviceLockedStatusModuleProvider$Module.updateDeviceLockedStatus():100 repeatCheckTimes = 0, locked = false
02-19 18:33:10.423  1563  1563 I GoogleInputMethodService: GoogleInputMethodService.onStartInput():1293 onStartInput(EditorInfo{EditorInfo{packageName=viva.republica.toss.test, inputType=0, inputTypeString=NULL, enableLearning=false, autoCorrection=false, autoComplete=false, imeOptions=0, privateImeOptions=null, actionName=UNSPECIFIED, actionLabel=null, initialSelStart=-1, initialSelEnd=-1, initialCapsMode=0, label=null, fieldId=0, fieldName=null, extras=null, hintText=null, hintLocales=[]}}, false)
02-19 18:33:10.426  1563  1563 I Module  : DeviceLockedStatusModuleProvider$Module.updateDeviceLockedStatus():100 repeatCheckTimes = 1, locked = false
02-19 18:33:10.428  1563  1563 I EmojiCompatManager: EmojiCompatManager.getEmojiCompatIfLoaded():343 EmojiCompat.init() was never called.
02-19 18:33:10.428  1563  1563 I EmojiCompatManager: java.lang.IllegalStateException: EmojiCompat is not initialized. Please call EmojiCompat.init() first
02-19 18:33:10.428  1563  1563 I EmojiCompatManager: 	at asx.p(PG:6)
02-19 18:33:10.428  1563  1563 I EmojiCompatManager: 	at axb.b(PG:13)
02-19 18:33:10.428  1563  1563 I EmojiCompatManager: 	at jnr.b(PG:2)
02-19 18:33:10.428  1563  1563 I EmojiCompatManager: 	at jnr.c(PG:4)
02-19 18:33:10.428  1563  1563 I EmojiCompatManager: 	at jnr.f(PG:3)
02-19 18:33:10.428  1563  1563 I EmojiCompatManager: 	at jnx.c(PG:3)
02-19 18:33:10.428  1563  1563 I EmojiCompatManager: 	at kif.cz(PG:47)
02-19 18:33:10.428  1563  1563 I EmojiCompatManager: 	at lhl.run(PG:1025)
02-19 18:33:10.428  1563  1563 I EmojiCompatManager: 	at jaf.execute(PG:12)
02-19 18:33:10.428  1563  1563 I EmojiCompatManager: 	at nco.v(PG:13)
02-19 18:33:10.428  1563  1563 I EmojiCompatManager: 	at lhn.m(PG:96)
02-19 18:33:10.428  1563  1563 I EmojiCompatManager: 	at lhn.k(PG:25)
02-19 18:33:10.428  1563  1563 I EmojiCompatManager: 	at kgn.onStartInput(PG:250)
02-19 18:33:10.428  1563  1563 I EmojiCompatManager: 	at android.inputmethodservice.InputMethodService.doStartInput(InputMethodService.java:3521)
02-19 18:33:10.428  1563  1563 I EmojiCompatManager: 	at android.inputmethodservice.InputMethodService$InputMethodImpl.startInput(InputMethodService.java:879)
02-19 18:33:10.428  1563  1563 I EmojiCompatManager: 	at android.inputmethodservice.InputMethodService$InputMethodImpl.dispatchStartInput(InputMethodService.java:908)
02-19 18:33:10.428  1563  1563 I EmojiCompatManager: 	at android.inputmethodservice.IInputMethodWrapper.executeMessage(IInputMethodWrapper.java:201)
02-19 18:33:10.428  1563  1563 I EmojiCompatManager: 	at com.android.internal.os.HandlerCaller$MyHandler.handleMessage(HandlerCaller.java:44)
02-19 18:33:10.428  1563  1563 I EmojiCompatManager: 	at android.os.Handler.dispatchMessage(Handler.java:110)
02-19 18:33:10.428  1563  1563 I EmojiCompatManager: 	at android.os.Looper.loopOnce(Looper.java:248)
02-19 18:33:10.428  1563  1563 I EmojiCompatManager: 	at android.os.Looper.loop(Looper.java:338)
02-19 18:33:10.428  1563  1563 I EmojiCompatManager: 	at android.app.ActivityThread.main(ActivityThread.java:9067)
02-19 18:33:10.428  1563  1563 I EmojiCompatManager: 	at java.lang.reflect.Method.invoke(Native Method)
02-19 18:33:10.428  1563  1563 I EmojiCompatManager: 	at com.android.internal.os.RuntimeInit$MethodAndArgsCaller.run(RuntimeInit.java:593)
02-19 18:33:10.428  1563  1563 I EmojiCompatManager: 	at com.android.internal.os.ZygoteInit.main(ZygoteInit.java:932)
02-19 18:33:10.432   752  2377 W PackageConfigPersister: App-specific configuration not found for packageName: viva.republica.toss.test and userId: 0
02-19 18:33:10.432   752   797 I ImeTracker: system_server:2d3060e5: onCancelled at PHASE_SERVER_SHOULD_HIDE
02-19 18:33:10.647  4449  4467 V WindowManagerShell: Transition animation finished (aborted=false), notifying core (#658) android.os.BinderProxy@cba3c9d@0
02-19 18:33:10.652  7804  7804 D VRI[NexusLauncherActivity]: visibilityChanged oldVisibility=true newVisibility=false
02-19 18:33:10.657 15304 15304 D VRI[MiniAppSchemeActivity]: visibilityChanged oldVisibility=true newVisibility=false
02-19 18:33:10.657  4449  4467 V WindowManagerShell: Track 0 became idle
02-19 18:33:10.658  4449  4467 V WindowManagerShell: All active transition animations finished
02-19 18:33:10.660  7804  7804 D NexusLauncherModelDelegate: notifySmartspaceEvent: SmartspaceTargetEvent{mSmartspaceTarget=null, mSmartspaceActionId='null', mEventType=7}
02-19 18:33:10.672   752   794 V WindowManager: Finish Transition (#658): created at 02-19 18:33:09.890 collect-started=0.299ms request-sent=7.14ms started=9.055ms ready=25.086ms sent=411.747ms commit=42.873ms finished=757.77ms
02-19 18:33:10.744  7804  7804 D BaseDepthController: setSurface:
02-19 18:33:10.744  7804  7804 D BaseDepthController: 	mWaitingOnSurfaceValidity: false
02-19 18:33:10.744  7804  7804 D BaseDepthController: 	mBaseSurface: null
02-19 18:33:10.744  7804  7804 D BaseDepthController: mSurface is null and mCurrentBlur is: 0
02-19 18:33:10.749  7804  7804 D StateManager: goToState - fromState: Normal, toState: Normal, partial trace:
02-19 18:33:10.749  7804  7804 D StateManager: 	at com.android.launcher3.statemanager.StateManager.moveToRestState(go/retraceme 72a59688580715d19f0e415c69e80376c2f062d1648c80db6730905005a27c20:4)
02-19 18:33:10.749  7804  7804 D StateManager: 	at com.android.launcher3.statemanager.StateManager.moveToRestState(go/retraceme 72a59688580715d19f0e415c69e80376c2f062d1648c80db6730905005a27c20:1)
02-19 18:33:10.749  7804  7804 D StateManager: 	at com.android.launcher3.statemanager.StatefulActivity.onStop(go/retraceme 72a59688580715d19f0e415c69e80376c2f062d1648c80db6730905005a27c20:34)
02-19 18:33:10.750  7804  7804 D StatsLog: LAUNCHER_ONSTOP
02-19 18:33:10.753  7804  7804 D StatsLog: LAUNCHER_GOOGLE_SEARCH_RESTORE_LIST_SIZE_AFTER_ACTIVITY_RESTART
02-19 18:33:10.753 15304 15304 W WindowOnBackDispatcher: sendCancelIfRunning: isInProgress=false callback=android.view.ViewRootImpl$$ExternalSyntheticLambda13@6974990
02-19 18:33:10.761 15304 15304 D ViewRootImpl: Skipping stats log for color mode
02-19 18:33:10.780   752  1095 D BackgroundInstallControlService: Package event received: 0
02-19 18:33:10.786   752  2377 W WindowManager: Failed looking up window session=Session{dcd4fed 15304:u0a10217} callers=com.android.server.wm.WindowManagerService.windowForClientLocked:6410 com.android.server.wm.Session.setOnBackInvokedCallbackInfo:1002 android.view.IWindowSession$Stub.onTransact:1156 
02-19 18:33:10.788   752  2377 I WindowManager: setOnBackInvokedCallback(): No window state for package:viva.republica.toss.test
02-19 18:33:10.820   752  1095 D BackgroundInstallControlService: Package event received: 0
02-19 18:33:10.941  7804  7810 W System  : A resource failed to call release. 
02-19 18:33:10.941  7804  7810 W System  : A resource failed to call release. 
02-19 18:33:10.941  7804  7810 W System  : A resource failed to call release. 
02-19 18:33:10.941  7804  7810 W System  : A resource failed to call release. 
02-19 18:33:10.941  7804  7810 W System  : A resource failed to call release. 
02-19 18:33:10.941  7804  7810 W System  : A resource failed to call release. 
02-19 18:33:12.151 15304 15304 W WindowOnBackDispatcher: sendCancelIfRunning: isInProgress=false callback=android.view.ViewRootImpl$$ExternalSyntheticLambda13@f572c3a
02-19 18:33:12.152   752  1852 D CoreBackPreview: Window{fb6ff3d u0 PopupWindow:2398b2e}: Setting back callback null
02-19 18:33:12.169 15304 15434 D nativeloader: Load /data/app/~~NUQj-rdXzuicW-16SIRtKA==/viva.republica.toss.test-Si406wFvb_sqEA2GTBV6RQ==/lib/x86_64/libc++_shared.so using class loader ns clns-9 (caller=<unknown>): ok
02-19 18:33:12.186 15304 15434 D nativeloader: Load /data/app/~~NUQj-rdXzuicW-16SIRtKA==/viva.republica.toss.test-Si406wFvb_sqEA2GTBV6RQ==/lib/x86_64/libglog.so using class loader ns clns-9 (caller=<unknown>): ok
02-19 18:33:12.197 15304 15434 D nativeloader: Load /data/app/~~NUQj-rdXzuicW-16SIRtKA==/viva.republica.toss.test-Si406wFvb_sqEA2GTBV6RQ==/lib/x86_64/libfolly_runtime.so using class loader ns clns-9 (caller=<unknown>): ok
02-19 18:33:12.206 15304 15434 D nativeloader: Load /data/app/~~NUQj-rdXzuicW-16SIRtKA==/viva.republica.toss.test-Si406wFvb_sqEA2GTBV6RQ==/lib/x86_64/libfbjni.so using class loader ns clns-9 (caller=<unknown>): ok
02-19 18:33:12.212 15304 15434 D nativeloader: Load /data/app/~~NUQj-rdXzuicW-16SIRtKA==/viva.republica.toss.test-Si406wFvb_sqEA2GTBV6RQ==/lib/x86_64/libjsi.so using class loader ns clns-9 (caller=<unknown>): ok
02-19 18:33:12.215 15304 15434 D nativeloader: Load /data/app/~~NUQj-rdXzuicW-16SIRtKA==/viva.republica.toss.test-Si406wFvb_sqEA2GTBV6RQ==/lib/x86_64/libhermes.so using class loader ns clns-9 (caller=<unknown>): ok
02-19 18:33:12.221 15304 15434 D nativeloader: Load /data/app/~~NUQj-rdXzuicW-16SIRtKA==/viva.republica.toss.test-Si406wFvb_sqEA2GTBV6RQ==/lib/x86_64/libfb.so using class loader ns clns-9 (caller=<unknown>): ok
02-19 18:33:12.227 15304 15434 D nativeloader: Load /data/app/~~NUQj-rdXzuicW-16SIRtKA==/viva.republica.toss.test-Si406wFvb_sqEA2GTBV6RQ==/lib/x86_64/libyoga.so using class loader ns clns-9 (caller=<unknown>): ok
02-19 18:33:12.235 15304 15434 D nativeloader: Load /data/app/~~NUQj-rdXzuicW-16SIRtKA==/viva.republica.toss.test-Si406wFvb_sqEA2GTBV6RQ==/lib/x86_64/libruntimeexecutor.so using class loader ns clns-9 (caller=<unknown>): ok
02-19 18:33:12.237 15304 15434 D nativeloader: Load /data/app/~~NUQj-rdXzuicW-16SIRtKA==/viva.republica.toss.test-Si406wFvb_sqEA2GTBV6RQ==/lib/x86_64/libreact_debug.so using class loader ns clns-9 (caller=<unknown>): ok
02-19 18:33:12.241 15304 15434 D nativeloader: Load /data/app/~~NUQj-rdXzuicW-16SIRtKA==/viva.republica.toss.test-Si406wFvb_sqEA2GTBV6RQ==/lib/x86_64/libglog_init.so using class loader ns clns-9 (caller=<unknown>): ok
02-19 18:33:12.243 15304 15434 D nativeloader: Load /data/app/~~NUQj-rdXzuicW-16SIRtKA==/viva.republica.toss.test-Si406wFvb_sqEA2GTBV6RQ==/lib/x86_64/libreact_utils.so using class loader ns clns-9 (caller=<unknown>): ok
02-19 18:33:12.245 15304 15434 D nativeloader: Load /data/app/~~NUQj-rdXzuicW-16SIRtKA==/viva.republica.toss.test-Si406wFvb_sqEA2GTBV6RQ==/lib/x86_64/libreact_render_mapbuffer.so using class loader ns clns-9 (caller=<unknown>): ok
02-19 18:33:12.248 15304 15434 D nativeloader: Load /data/app/~~NUQj-rdXzuicW-16SIRtKA==/viva.republica.toss.test-Si406wFvb_sqEA2GTBV6RQ==/lib/x86_64/libreact_render_graphics.so using class loader ns clns-9 (caller=<unknown>): ok
02-19 18:33:12.250 15304 15434 D nativeloader: Load /data/app/~~NUQj-rdXzuicW-16SIRtKA==/viva.republica.toss.test-Si406wFvb_sqEA2GTBV6RQ==/lib/x86_64/libreact_render_debug.so using class loader ns clns-9 (caller=<unknown>): ok
02-19 18:33:12.253 15304 15434 D nativeloader: Load /data/app/~~NUQj-rdXzuicW-16SIRtKA==/viva.republica.toss.test-Si406wFvb_sqEA2GTBV6RQ==/lib/x86_64/libreact_render_core.so using class loader ns clns-9 (caller=<unknown>): ok
02-19 18:33:12.255 15304 15434 D nativeloader: Load /data/app/~~NUQj-rdXzuicW-16SIRtKA==/viva.republica.toss.test-Si406wFvb_sqEA2GTBV6RQ==/lib/x86_64/libreact_render_runtimescheduler.so using class loader ns clns-9 (caller=<unknown>): ok
02-19 18:33:12.257 15304 15434 D nativeloader: Load /data/app/~~NUQj-rdXzuicW-16SIRtKA==/viva.republica.toss.test-Si406wFvb_sqEA2GTBV6RQ==/lib/x86_64/liblogger.so using class loader ns clns-9 (caller=<unknown>): ok
02-19 18:33:12.260 15304 15434 D nativeloader: Load /data/app/~~NUQj-rdXzuicW-16SIRtKA==/viva.republica.toss.test-Si406wFvb_sqEA2GTBV6RQ==/lib/x86_64/libreactperfloggerjni.so using class loader ns clns-9 (caller=<unknown>): ok
02-19 18:33:12.261 15304 15434 D nativeloader: Load /data/app/~~NUQj-rdXzuicW-16SIRtKA==/viva.republica.toss.test-Si406wFvb_sqEA2GTBV6RQ==/lib/x86_64/libjsinspector.so using class loader ns clns-9 (caller=<unknown>): ok
02-19 18:33:12.264 15304 15434 D nativeloader: Load /data/app/~~NUQj-rdXzuicW-16SIRtKA==/viva.republica.toss.test-Si406wFvb_sqEA2GTBV6RQ==/lib/x86_64/libreactnativejni.so using class loader ns clns-9 (caller=<unknown>): ok
02-19 18:33:12.269 15304 15434 D nativeloader: Load /data/app/~~NUQj-rdXzuicW-16SIRtKA==/viva.republica.toss.test-Si406wFvb_sqEA2GTBV6RQ==/lib/x86_64/libhermes_executor.so using class loader ns clns-9 (caller=<unknown>): ok
02-19 18:33:12.298 15304 15434 D ApplicationLoaders: Returning zygote-cached class loader: /system/framework/org.apache.http.legacy.jar
02-19 18:33:12.298 15304 15434 D ApplicationLoaders: Returning zygote-cached class loader: /system/framework/com.android.location.provider.jar
02-19 18:33:12.298 15304 15434 D ApplicationLoaders: Returning zygote-cached class loader: /system/framework/com.android.media.remotedisplay.jar
02-19 18:33:12.298 15304 15434 D ApplicationLoaders: Returning zygote-cached class loader: /system_ext/framework/androidx.window.extensions.jar
02-19 18:33:12.298 15304 15434 D ApplicationLoaders: Returning zygote-cached class loader: /system_ext/framework/androidx.window.sidecar.jar
02-19 18:33:12.366 15304 15434 D nativeloader: Configuring clns-13 for other apk /data/app/~~O-UZzK0jUU9NLgS3MODOZA==/com.google.android.gms-YQ2L6GsYyKuvu9MvIBK1EQ==/base.apk. target_sdk_version=36, uses_libraries=, library_path=/data/app/~~O-UZzK0jUU9NLgS3MODOZA==/com.google.android.gms-YQ2L6GsYyKuvu9MvIBK1EQ==/lib/x86_64:/data/app/~~O-UZzK0jUU9NLgS3MODOZA==/com.google.android.gms-YQ2L6GsYyKuvu9MvIBK1EQ==/base.apk!/lib/x86_64, permitted_path=/data:/mnt/expand:/data/user/0/com.google.android.gms
02-19 18:33:12.369 15304 15434 I blica.toss.test: AssetManager2(0x7d8fac42e5d8) locale list changing from [] to [en-US]
02-19 18:33:12.383 15441 15441 W dumpsys : Thread Pool max thread count is 0. Cannot cache binder as linkToDeath cannot be implemented. serviceName: window
02-19 18:33:12.388 15304 15434 W System  : ClassLoader referenced unknown path: 
02-19 18:33:12.388 15304 15434 D nativeloader: Configuring clns-14 for other apk . target_sdk_version=36, uses_libraries=, library_path=/data/app/~~O-UZzK0jUU9NLgS3MODOZA==/com.google.android.gms-YQ2L6GsYyKuvu9MvIBK1EQ==/lib/x86_64:/data/app/~~O-UZzK0jUU9NLgS3MODOZA==/com.google.android.gms-YQ2L6GsYyKuvu9MvIBK1EQ==/base.apk!/lib/x86_64, permitted_path=/data:/mnt/expand:/data/user/0/com.google.android.gms
02-19 18:33:12.390 15304 15434 W DynamiteModule: Failed to load module via V2: java.lang.NoSuchFieldException: No field sClassLoader in class Lcom/google/android/gms/dynamite/DynamiteModule$DynamiteLoaderClassLoader; (declaration of 'com.google.android.gms.dynamite.DynamiteModule$DynamiteLoaderClassLoader' appears in /data/app/~~NUQj-rdXzuicW-16SIRtKA==/viva.republica.toss.test-Si406wFvb_sqEA2GTBV6RQ==/base.apk!classes2.dex)
02-19 18:33:12.390   752  1852 I system_server: AssetManager2(0x7d8fac4eebf8) locale list changing from [] to [en-US]
02-19 18:33:12.392 15304 15434 I DynamiteModule: Considering local module com.google.android.gms.ads.dynamite:0 and remote module com.google.android.gms.ads.dynamite:254380203
02-19 18:33:12.392 15304 15434 I DynamiteModule: Selected remote version of com.google.android.gms.ads.dynamite, version >= 254380203
02-19 18:33:12.392   752  1852 I system_server: AssetManager2(0x7d8fac4ef558) locale list changing from [] to [en-US]
02-19 18:33:12.394   752  1852 I system_server: AssetManager2(0x7d8fac43aab8) locale list changing from [] to [en-US]
02-19 18:33:12.396   752  1852 I system_server: AssetManager2(0x7d8fac4f0e58) locale list changing from [] to [en-US]
02-19 18:33:12.397 15304 15434 D CompatChangeReporter: Compat change id reported: 312399441; UID 10217; state: ENABLED
02-19 18:33:12.398   752  1852 I system_server: AssetManager2(0x7d8fac443438) locale list changing from [] to [en-US]
02-19 18:33:12.400   752  1852 I system_server: AssetManager2(0x7d8fac44a7d8) locale list changing from [] to [en-US]
02-19 18:33:12.419 15304 15434 I blica.toss.test: AssetManager2(0x7d8fac42ef38) locale list changing from [] to [en-US]
02-19 18:33:12.420 15304 15434 I blica.toss.test: AssetManager2(0x7d8fac4284f8) locale list changing from [] to [en-US]
02-19 18:33:12.423 15304 15434 D DynamitePackage: Instantiated singleton DynamitePackage.
02-19 18:33:12.423 15304 15434 D DynamitePackage: Instantiating com.google.android.gms.ads.ChimeraMobileAdsSettingManagerCreatorImpl
02-19 18:33:12.473   752  1852 D ConnectivityService: requestNetwork for uid/pid:10217/15304 activeRequest: null callbackRequest: 629 [NetworkRequest [ REQUEST id=630, [ Capabilities: INTERNET&NOT_RESTRICTED&TRUSTED&NOT_VCN_MANAGED&NOT_BANDWIDTH_CONSTRAINED Uid: 10217 RequestorUid: 10217 RequestorPkg: viva.republica.toss.test UnderlyingNetworks: Null] ]] callback flags: 0 order: 2147483647 isUidTracked: false declaredMethods: AVAIL|LOST
02-19 18:33:12.476   752  1023 D OemPaidWifiNetworkFactory: got request NetworkRequest [ REQUEST id=630, [ Capabilities: INTERNET&NOT_RESTRICTED&TRUSTED&NOT_VCN_MANAGED&NOT_BANDWIDTH_CONSTRAINED Uid: 10217 RequestorUid: 10217 RequestorPkg: viva.republica.toss.test UnderlyingNetworks: Null] ]
02-19 18:33:12.476   752  1023 D MultiInternetWifiNetworkFactory: got request NetworkRequest [ REQUEST id=630, [ Capabilities: INTERNET&NOT_RESTRICTED&TRUSTED&NOT_VCN_MANAGED&NOT_BANDWIDTH_CONSTRAINED Uid: 10217 RequestorUid: 10217 RequestorPkg: viva.republica.toss.test UnderlyingNetworks: Null] ]
02-19 18:33:12.476   752  1023 D WifiNetworkFactory: got request NetworkRequest [ REQUEST id=630, [ Capabilities: INTERNET&NOT_RESTRICTED&TRUSTED&NOT_VCN_MANAGED&NOT_BANDWIDTH_CONSTRAINED Uid: 10217 RequestorUid: 10217 RequestorPkg: viva.republica.toss.test UnderlyingNetworks: Null] ]
02-19 18:33:12.476   752  1023 D UntrustedWifiNetworkFactory: got request NetworkRequest [ REQUEST id=630, [ Capabilities: INTERNET&NOT_RESTRICTED&TRUSTED&NOT_VCN_MANAGED&NOT_BANDWIDTH_CONSTRAINED Uid: 10217 RequestorUid: 10217 RequestorPkg: viva.republica.toss.test UnderlyingNetworks: Null] ]
02-19 18:33:12.476   752  1029 D ConnectivityService: NetReassign [630 : null → 108] [c 0] [a 1] [i 2]
02-19 18:33:12.499 15304 15434 D DynamitePackage: Instantiating com.google.android.gms.ads.ChimeraAdPreloaderCreatorImpl
02-19 18:33:12.528  3453  3453 D BoundBrokerSvc: onRebind: Intent { act=com.google.android.gms.appset.service.START dat=chimera-action:/... xflg=0x4 cmp=com.google.android.gms/.chimera.GmsApiService }
02-19 18:33:12.545   752   780 D ConnectivityService: requestNetwork for uid/pid:10217/15304 activeRequest: null callbackRequest: 631 [NetworkRequest [ REQUEST id=632, [ Capabilities: INTERNET&NOT_RESTRICTED&TRUSTED&NOT_VCN_MANAGED&NOT_BANDWIDTH_CONSTRAINED Uid: 10217 RequestorUid: 10217 RequestorPkg: viva.republica.toss.test UnderlyingNetworks: Null] ]] callback flags: 0 order: 2147483647 isUidTracked: false declaredMethods: AVAIL|LOST|NC|LP
02-19 18:33:12.547   752   780 D CompatChangeReporter: Compat change id reported: 319212206; UID 10217; state: ENABLED
02-19 18:33:12.549   752  1029 D ConnectivityService: NetReassign [632 : null → 108] [c 0] [a 1] [i 2]
02-19 18:33:12.551 15304 15434 W unknown:ReactContext: initializeMessageQueueThreads() is called.
02-19 18:33:12.551   752  1023 D OemPaidWifiNetworkFactory: got request NetworkRequest [ REQUEST id=632, [ Capabilities: INTERNET&NOT_RESTRICTED&TRUSTED&NOT_VCN_MANAGED&NOT_BANDWIDTH_CONSTRAINED Uid: 10217 RequestorUid: 10217 RequestorPkg: viva.republica.toss.test UnderlyingNetworks: Null] ]
02-19 18:33:12.551   752  1023 D MultiInternetWifiNetworkFactory: got request NetworkRequest [ REQUEST id=632, [ Capabilities: INTERNET&NOT_RESTRICTED&TRUSTED&NOT_VCN_MANAGED&NOT_BANDWIDTH_CONSTRAINED Uid: 10217 RequestorUid: 10217 RequestorPkg: viva.republica.toss.test UnderlyingNetworks: Null] ]
02-19 18:33:12.551   752  1023 D WifiNetworkFactory: got request NetworkRequest [ REQUEST id=632, [ Capabilities: INTERNET&NOT_RESTRICTED&TRUSTED&NOT_VCN_MANAGED&NOT_BANDWIDTH_CONSTRAINED Uid: 10217 RequestorUid: 10217 RequestorPkg: viva.republica.toss.test UnderlyingNetworks: Null] ]
02-19 18:33:12.551   752  1023 D UntrustedWifiNetworkFactory: got request NetworkRequest [ REQUEST id=632, [ Capabilities: INTERNET&NOT_RESTRICTED&TRUSTED&NOT_VCN_MANAGED&NOT_BANDWIDTH_CONSTRAINED Uid: 10217 RequestorUid: 10217 RequestorPkg: viva.republica.toss.test UnderlyingNetworks: Null] ]
02-19 18:33:12.572   752  1029 D ConnectivityService: NetReassign [no changes] [c 0] [a 1] [i 21]
02-19 18:33:12.575   752  1852 D CompatChangeReporter: Compat change id reported: 297989574; UID 10217; state: ENABLED
02-19 18:33:12.585 15304 15458 W unknown:ViewManagerPropertyUpdater: Could not find generated setter for class com.facebook.react.views.traceupdateoverlay.TraceUpdateOverlayManager
02-19 18:33:12.588 15304 15458 W unknown:ViewManagerPropertyUpdater: Could not find generated setter for class com.facebook.react.uimanager.LayoutShadowNode
02-19 18:33:12.590 15304 15458 W unknown:ViewManagerPropertyUpdater: Could not find generated setter for class com.facebook.react.views.drawer.ReactDrawerLayoutManager
02-19 18:33:12.591 15304 15458 W unknown:ViewManagerPropertyUpdater: Could not find generated setter for class com.facebook.react.views.scroll.ReactHorizontalScrollViewManager
02-19 18:33:12.594 15304 15458 W unknown:ViewManagerPropertyUpdater: Could not find generated setter for class com.facebook.react.views.scroll.ReactHorizontalScrollContainerViewManager
02-19 18:33:12.595 15304 15458 W unknown:ViewManagerPropertyUpdater: Could not find generated setter for class com.facebook.react.views.progressbar.ReactProgressBarViewManager
02-19 18:33:12.597 15304 15458 W unknown:ViewManagerPropertyUpdater: Could not find generated setter for class com.facebook.react.views.progressbar.ProgressBarShadowNode
02-19 18:33:12.598 15304 15458 W unknown:ViewManagerPropertyUpdater: Could not find generated setter for class com.facebook.react.views.scroll.ReactScrollViewManager
02-19 18:33:12.601 15304 15458 W unknown:ViewManagerPropertyUpdater: Could not find generated setter for class com.facebook.react.views.switchview.ReactSwitchManager
02-19 18:33:12.603 15304 15458 W unknown:ViewManagerPropertyUpdater: Could not find generated setter for class com.facebook.react.views.switchview.ReactSwitchManager$ReactSwitchShadowNode
02-19 18:33:12.607 15304 15304 W unknown:ReactNative: Packager connection already open, nooping.
02-19 18:33:12.608 15304 15458 W unknown:ViewManagerPropertyUpdater: Could not find generated setter for class com.facebook.react.views.swiperefresh.SwipeRefreshLayoutManager
02-19 18:33:12.609 15304 15458 W unknown:ViewManagerPropertyUpdater: Could not find generated setter for class com.facebook.react.views.text.frescosupport.FrescoBasedReactTextInlineImageViewManager
02-19 18:33:12.609 15304 15458 W unknown:ViewManagerPropertyUpdater: Could not find generated setter for class com.facebook.react.views.text.frescosupport.FrescoBasedReactTextInlineImageShadowNode
02-19 18:33:12.610 15304 15458 W unknown:ViewManagerPropertyUpdater: Could not find generated setter for class com.facebook.react.views.image.ReactImageManager
02-19 18:33:12.612 15304 15458 W unknown:ViewManagerPropertyUpdater: Could not find generated setter for class com.facebook.react.views.modal.ReactModalHostManager
02-19 18:33:12.616 15304 15458 W unknown:ViewManagerPropertyUpdater: Could not find generated setter for class com.facebook.react.views.modal.ModalHostShadowNode
02-19 18:33:12.616 15304 15458 W unknown:ViewManagerPropertyUpdater: Could not find generated setter for class com.facebook.react.views.text.ReactRawTextManager
02-19 18:33:12.617 15304 15458 W unknown:ViewManagerPropertyUpdater: Could not find generated setter for class com.facebook.react.views.text.ReactRawTextShadowNode
02-19 18:33:12.617 15304 15458 W unknown:ViewManagerPropertyUpdater: Could not find generated setter for class com.facebook.react.views.textinput.ReactTextInputManager
02-19 18:33:12.620 15304 15458 W unknown:ViewManagerPropertyUpdater: Could not find generated setter for class com.facebook.react.views.textinput.ReactTextInputShadowNode
02-19 18:33:12.621 15304 15458 W unknown:ViewManagerPropertyUpdater: Could not find generated setter for class com.facebook.react.views.text.ReactTextViewManager
02-19 18:33:12.621 15304 15334 W cr_media: BLUETOOTH_CONNECT permission is missing.
02-19 18:33:12.622 15304 15334 W cr_media: getBluetoothAdapter() requires BLUETOOTH permission
02-19 18:33:12.622 15304 15334 W cr_media: registerBluetoothIntentsIfNeeded: Requires BLUETOOTH permission
02-19 18:33:12.623 15304 15458 W unknown:ViewManagerPropertyUpdater: Could not find generated setter for class com.facebook.react.views.text.ReactTextShadowNode
02-19 18:33:12.625 15304 15458 W unknown:ViewManagerPropertyUpdater: Could not find generated setter for class com.facebook.react.views.view.ReactViewManager
02-19 18:33:12.627 15304 15458 W unknown:ViewManagerPropertyUpdater: Could not find generated setter for class com.facebook.react.views.text.ReactVirtualTextViewManager
02-19 18:33:12.629 15304 15458 W unknown:ViewManagerPropertyUpdater: Could not find generated setter for class com.facebook.react.views.text.ReactVirtualTextShadowNode
02-19 18:33:12.630 15304 15458 W unknown:ViewManagerPropertyUpdater: Could not find generated setter for class com.facebook.react.views.unimplementedview.ReactUnimplementedViewManager
02-19 18:33:12.631 15304 15458 W unknown:ViewManagerPropertyUpdater: Could not find generated setter for class com.shopify.reactnative.flash_list.AutoLayoutViewManager
02-19 18:33:12.633 15304 15458 W unknown:ViewManagerPropertyUpdater: Could not find generated setter for class com.shopify.reactnative.flash_list.CellContainerManager
02-19 18:33:12.635 15304 15458 W unknown:ViewManagerPropertyUpdater: Could not find generated setter for class com.airbnb.android.react.lottie.LottieAnimationViewManager
02-19 18:33:12.638 15304 15458 W unknown:ViewManagerPropertyUpdater: Could not find generated setter for class com.swmansion.gesturehandler.react.RNGestureHandlerRootViewManager
02-19 18:33:12.640 15304 15458 W unknown:ViewManagerPropertyUpdater: Could not find generated setter for class com.swmansion.gesturehandler.react.RNGestureHandlerButtonViewManager
02-19 18:33:12.641 15304 15458 W unknown:ViewManagerPropertyUpdater: Could not find generated setter for class io.invertase.googlemobileads.ReactNativeGoogleMobileAdsBannerAdViewManager
02-19 18:33:12.643 15304 15458 W unknown:ViewManagerPropertyUpdater: Could not find generated setter for class com.reactnativepagerview.PagerViewViewManager
02-19 18:33:12.624 15304 15304 W mqt_js  : type=1400 audit(0.0:335): avc:  granted  { execute } for  path="/data/data/viva.republica.toss.test/libtcj.so" dev="dm-55" ino=363433 scontext=u:r:untrusted_app:s0:c217,c256,c512,c768 tcontext=u:object_r:app_data_file:s0:c217,c256,c512,c768 tclass=file app=viva.republica.toss.test
02-19 18:33:12.646 15326 15352 I cr_LibraryLoader: Successfully loaded native library
02-19 18:33:12.647 15304 15458 W unknown:ViewManagerPropertyUpdater: Could not find generated setter for class com.th3rdwave.safeareacontext.SafeAreaProviderManager
02-19 18:33:12.647 15326 15352 I cr_CachingUmaRecorder: Flushed 2 samples from 2 histograms, 0 samples were dropped.
02-19 18:33:12.648 15304 15458 W unknown:ViewManagerPropertyUpdater: Could not find generated setter for class com.th3rdwave.safeareacontext.SafeAreaViewManager
02-19 18:33:12.649 15304 15458 W unknown:ViewManagerPropertyUpdater: Could not find generated setter for class o.eglCreatePlatformPixmapSurface
02-19 18:33:12.651 15304 15458 W unknown:ViewManagerPropertyUpdater: Could not find generated setter for class com.swmansion.rnscreens.ScreenContainerViewManager
02-19 18:33:12.651 15304 15457 D nativeloader: Load /data/data/viva.republica.toss.test/libtcj.so using class loader ns clns-9 (caller=<unknown>): ok
02-19 18:33:12.652 15304 15458 W unknown:ViewManagerPropertyUpdater: Could not find generated setter for class com.swmansion.rnscreens.ScreenViewManager
02-19 18:33:12.653 15304 15458 W unknown:ViewManagerPropertyUpdater: Could not find generated setter for class com.swmansion.rnscreens.ScreenStackViewManager
02-19 18:33:12.654 15304 15458 W unknown:ViewManagerPropertyUpdater: Could not find generated setter for class com.swmansion.rnscreens.ScreenStackHeaderConfigViewManager
02-19 18:33:12.656 15304 15463 W libc    : Access denied finding property "vendor.mesa.log"
02-19 18:33:12.656 15304 15458 W unknown:ViewManagerPropertyUpdater: Could not find generated setter for class com.swmansion.rnscreens.ScreenStackHeaderSubviewManager
02-19 18:33:12.657 15304 15458 W unknown:ViewManagerPropertyUpdater: Could not find generated setter for class com.swmansion.rnscreens.SearchBarManager
02-19 18:33:12.657 15326 15352 W SystemServiceRegistry: No service published for: uimode
02-19 18:33:12.659 15304 15458 W unknown:ViewManagerPropertyUpdater: Could not find generated setter for class com.horcrux.svg.RenderableViewManager$DefsViewManager
02-19 18:33:12.660 15304 15458 W unknown:ViewManagerPropertyUpdater: Could not find generated setter for class com.horcrux.svg.VirtualViewManager$RemoteActionCompatParcelizer
02-19 18:33:12.661 15304 15458 W unknown:ViewManagerPropertyUpdater: Could not find generated setter for class com.horcrux.svg.RenderableViewManager$MarkerManager
02-19 18:33:12.665 15304 15458 W unknown:ViewManagerPropertyUpdater: Could not find generated setter for class com.horcrux.svg.RenderableViewManager$ForeignObjectManager
02-19 18:33:12.667 15304 15458 W unknown:ViewManagerPropertyUpdater: Could not find generated setter for class com.horcrux.svg.RenderableViewManager$EllipseViewManager
02-19 18:33:12.669 15304 15458 W unknown:ViewManagerPropertyUpdater: Could not find generated setter for class com.horcrux.svg.RenderableViewManager$LineViewManager
02-19 18:33:12.671 15304 15458 W unknown:ViewManagerPropertyUpdater: Could not find generated setter for class com.horcrux.svg.RenderableViewManager$LinearGradientManager
02-19 18:33:12.673 15304 15458 W unknown:ViewManagerPropertyUpdater: Could not find generated setter for class com.horcrux.svg.RenderableViewManager$GroupViewManager
02-19 18:33:12.675 15304 15458 W unknown:ViewManagerPropertyUpdater: Could not find generated setter for class com.horcrux.svg.RenderableViewManager$TextViewManager
02-19 18:33:12.677 15304 15458 W unknown:ViewManagerPropertyUpdater: Could not find generated setter for class com.horcrux.svg.RenderableViewManager$ImageViewManager
02-19 18:33:12.679 15304 15458 W unknown:ViewManagerPropertyUpdater: Could not find generated setter for class com.horcrux.svg.RenderableViewManager$ClipPathViewManager
02-19 18:33:12.679 15326 15352 W chromium: [WARNING:runtime_features.cc(560)] Fenced frames cannot be enabled in this configuration. Use --enable-features=FencedFrames instead.
02-19 18:33:12.679 15326 15352 W chromium: [WARNING:runtime_features.cc(585)] Topics cannot be enabled in this configuration. Use --enable-features=BrowsingTopics in addition.
02-19 18:33:12.679 15326 15352 W chromium: [WARNING:runtime_features.cc(606)] SharedStorage cannot be enabled in this configuration. Use --enable-features=SharedStorageAPI in addition.
02-19 18:33:12.680 15304 15458 W unknown:ViewManagerPropertyUpdater: Could not find generated setter for class com.horcrux.svg.RenderableViewManager$RadialGradientManager
02-19 18:33:12.681 15304 15458 W unknown:ViewManagerPropertyUpdater: Could not find generated setter for class com.horcrux.svg.RenderableViewManager$MaskManager
02-19 18:33:12.683 15304 15458 W unknown:ViewManagerPropertyUpdater: Could not find generated setter for class com.horcrux.svg.RenderableViewManager$SymbolManager
02-19 18:33:12.684 15304 15458 W unknown:ViewManagerPropertyUpdater: Could not find generated setter for class com.horcrux.svg.RenderableViewManager$PatternManager
02-19 18:33:12.685 15304 15458 W unknown:ViewManagerPropertyUpdater: Could not find generated setter for class com.horcrux.svg.RenderableViewManager$RectViewManager
02-19 18:33:12.687 15304 15458 W unknown:ViewManagerPropertyUpdater: Could not find generated setter for class com.horcrux.svg.RenderableViewManager$TextPathViewManager
02-19 18:33:12.688 15304 15463 W libc    : Access denied finding property "vendor.mesa.log.file"
02-19 18:33:12.688 15304 15463 E MESA    : Failed to open rendernode: No such file or directory
02-19 18:33:12.688 15304 15458 W unknown:ViewManagerPropertyUpdater: Could not find generated setter for class com.horcrux.svg.SvgViewManager
02-19 18:33:12.689 15304 15458 W unknown:ViewManagerPropertyUpdater: Could not find generated setter for class com.horcrux.svg.RenderableViewManager$PathViewManager
02-19 18:33:12.691 15304 15458 W unknown:ViewManagerPropertyUpdater: Could not find generated setter for class com.horcrux.svg.RenderableViewManager$UseViewManager
02-19 18:33:12.692 15304 15458 W unknown:ViewManagerPropertyUpdater: Could not find generated setter for class com.horcrux.svg.RenderableViewManager$CircleViewManager
02-19 18:33:12.693 15304 15458 W unknown:ViewManagerPropertyUpdater: Could not find generated setter for class com.horcrux.svg.RenderableViewManager$TSpanViewManager
02-19 18:33:12.695 15304 15458 W unknown:ViewManagerPropertyUpdater: Could not find generated setter for class com.brentvatne.exoplayer.ReactExoplayerViewManager
02-19 18:33:12.698 15304 15458 W unknown:ViewManagerPropertyUpdater: Could not find generated setter for class com.reactnativecommunity.webview.RNCWebViewManager
02-19 18:33:12.700 15304 15458 W unknown:ViewManagerPropertyUpdater: Could not find generated setter for class im.toss.rn.granite.core.module.image.FastImageViewManager
02-19 18:33:12.702 15304 15458 W unknown:ReactContext: initializeMessageQueueThreads() is called.
02-19 18:33:12.718 20068 20076 I FontLog : (REDACTED) Received query %s, URI %s
02-19 18:33:12.718 20068 20076 I FontLog : (REDACTED) Query [%s] resolved to %s
02-19 18:33:12.798 20068 20076 I FontLog : (REDACTED) Font PFD returned from cache for %s
02-19 18:33:12.798 20068 20076 I FontLog : (REDACTED) Fetch %s end status %s
02-19 18:33:12.802 15304 15463 D vulkan  : searching for layers in '/data/app/~~NUQj-rdXzuicW-16SIRtKA==/viva.republica.toss.test-Si406wFvb_sqEA2GTBV6RQ==/lib/x86_64'
02-19 18:33:12.802 15304 15463 D vulkan  : searching for layers in '/data/app/~~NUQj-rdXzuicW-16SIRtKA==/viva.republica.toss.test-Si406wFvb_sqEA2GTBV6RQ==/base.apk!/lib/x86_64'
02-19 18:33:12.816 15304 15463 W libc    : Access denied finding property "vendor.mesa.vk.trace.per.submit"
02-19 18:33:12.817  3453  3453 D BoundBrokerSvc: onBind: Intent { act=com.google.android.gms.safebrowsing.SafeBrowsingService.START dat=chimera-action:/... xflg=0x4 cmp=com.google.android.gms/.chimera.GmsBoundBrokerService }
02-19 18:33:12.817  3453  3453 D BoundBrokerSvc: Loading bound service for intent: Intent { act=com.google.android.gms.safebrowsing.SafeBrowsingService.START dat=chimera-action:/... xflg=0x4 cmp=com.google.android.gms/.chimera.GmsBoundBrokerService }
02-19 18:33:12.817 20068 20076 I FontLog : (REDACTED) Pulling font file for id = %d, cache size = %d
02-19 18:33:12.820 15304 15463 W libc    : Access denied finding property "vendor.mesa.gallium.print.optio"
02-19 18:33:12.821 15304 15463 W libc    : Access denied finding property "vendor.mesa.vk.trace.frame"
02-19 18:33:12.821 20068 20076 I FontLog : (REDACTED) Received query %s, URI %s
02-19 18:33:12.827 15304 15463 W libc    : Access denied finding property "vendor.mesa.vk.wsi.headless.swa"
02-19 18:33:12.827 20068 20076 I FontLog : (REDACTED) Query [%s] resolved to %s
02-19 18:33:12.836 15467 15467 W screencap: Thread Pool max thread count is 0. Cannot cache binder as linkToDeath cannot be implemented. serviceName: SurfaceFlingerAIDL
02-19 18:33:12.837 15467 15467 W BpBinder: Linking to death on android.gui.ISurfaceComposer but there are no threads (yet?) listening to incoming transactions. See ProcessState::startThreadPool and ProcessState::setThreadPoolMaxThreadCount. Generally you should setup the binder threadpool before other initialization steps.
02-19 18:33:12.838 15467 15467 W ProcessState: Extra binder thread started, but 0 threads requested. Do not use *startThreadPool when zero threads are requested.
02-19 18:33:12.839 20068 20076 I FontLog : (REDACTED) Fetch %s end status %s
02-19 18:33:12.841 20068 20076 I FontLog : (REDACTED) Pulling font file for id = %d, cache size = %d
02-19 18:33:12.845   531   603 E HwcComposer: getLuts failed Status(-8, EX_SERVICE_SPECIFIC): '8: '
02-19 18:33:12.845   531   603 E HWComposer: getLuts: getLuts failed for display 4619827259835644672: UNSUPPORTED (8)
02-19 18:33:12.846 20068 20076 I FontLog : (REDACTED) Received query %s, URI %s
02-19 18:33:12.846 20068 20076 I FontLog : (REDACTED) Query [%s] resolved to %s
02-19 18:33:12.848 20068 20076 I FontLog : (REDACTED) Font PFD returned from cache for %s
02-19 18:33:12.849 20068 20076 I FontLog : (REDACTED) Fetch %s end status %s
02-19 18:33:12.856 20068 20154 I FontLog : (REDACTED) Pulling font file for id = %d, cache size = %d
02-19 18:33:12.862 20068 20154 I FontLog : (REDACTED) Received query %s, URI %s
02-19 18:33:12.862 20068 20154 I FontLog : (REDACTED) Query [%s] resolved to %s
02-19 18:33:12.865 20068 20154 I FontLog : (REDACTED) Font PFD returned from cache for %s
02-19 18:33:12.865 20068 20154 I FontLog : (REDACTED) Fetch %s end status %s
02-19 18:33:12.871 20068 20154 I FontLog : (REDACTED) Pulling font file for id = %d, cache size = %d
02-19 18:33:12.875 20068 20154 I FontLog : (REDACTED) Received query %s, URI %s
02-19 18:33:12.875 20068 20154 I FontLog : (REDACTED) Query [%s] resolved to %s
02-19 18:33:12.877 20068 20154 I FontLog : (REDACTED) Font PFD returned from cache for %s
02-19 18:33:12.878 20068 20154 I FontLog : (REDACTED) Fetch %s end status %s
02-19 18:33:12.880 20068 20076 I FontLog : (REDACTED) Pulling font file for id = %d, cache size = %d
02-19 18:33:12.985 15304 15463 W chromium: [WARNING:viz_main_impl.cc(85)] VizNullHypothesis is disabled (not a warning)
02-19 18:33:12.987 20068 15480 I SQLiteConnectionPool: The connection pool for /data/user/0/com.google.android.gms/databases/metadata.db has been closed but there are still 1 connections in use.  They will be closed as they are released back to the pool.
02-19 18:33:13.019 20068 15481 W FontLog : Error updating last accessed time for {Google Sans, wdth 100.0, wght 500, ital 0.0, bestEffort false}, isVf false}. [CONTEXT service_id=132 ]
02-19 18:33:13.019 20068 15481 W FontLog : java.lang.IllegalStateException: Cannot perform this operation because the connection pool has been closed.
02-19 18:33:13.019 20068 15481 W FontLog : 	at android.database.sqlite.SQLiteConnectionPool.throwIfClosedLocked(SQLiteConnectionPool.java:1110)
02-19 18:33:13.019 20068 15481 W FontLog : 	at android.database.sqlite.SQLiteConnectionPool.waitForConnection(SQLiteConnectionPool.java:801)
02-19 18:33:13.019 20068 15481 W FontLog : 	at android.database.sqlite.SQLiteConnectionPool.acquireConnection(SQLiteConnectionPool.java:406)
02-19 18:33:13.019 20068 15481 W FontLog : 	at android.database.sqlite.SQLiteSession.acquireConnection(SQLiteSession.java:931)
02-19 18:33:13.019 20068 15481 W FontLog : 	at android.database.sqlite.SQLiteSession.executeForChangedRowCount(SQLiteSession.java:789)
02-19 18:33:13.019 20068 15481 W FontLog : 	at android.database.sqlite.SQLiteStatement.executeUpdateDelete(SQLiteStatement.java:67)
02-19 18:33:13.019 20068 15481 W FontLog : 	at android.database.sqlite.SQLiteDatabase.executeSql(SQLiteDatabase.java:2235)
02-19 18:33:13.019 20068 15481 W FontLog : 	at android.database.sqlite.SQLiteDatabase.execSQL(SQLiteDatabase.java:2211)
02-19 18:33:13.019 20068 15481 W FontLog : 	at bvxi.run(:com.google.android.gms@260438038@26.04.38 (260800-867839860):57)
02-19 18:33:13.019 20068 15481 W FontLog : 	at bfir.c(:com.google.android.gms@260438038@26.04.38 (260800-867839860):50)
02-19 18:33:13.019 20068 15481 W FontLog : 	at bfir.run(:com.google.android.gms@260438038@26.04.38 (260800-867839860):73)
02-19 18:33:13.019 20068 15481 W FontLog : 	at java.util.concurrent.ThreadPoolExecutor.runWorker(ThreadPoolExecutor.java:1156)
02-19 18:33:13.019 20068 15481 W FontLog : 	at java.util.concurrent.ThreadPoolExecutor$Worker.run(ThreadPoolExecutor.java:651)
02-19 18:33:13.019 20068 15481 W FontLog : 	at bfoi.run(:com.google.android.gms@260438038@26.04.38 (260800-867839860):8)
02-19 18:33:13.019 20068 15481 W FontLog : 	at java.lang.Thread.run(Thread.java:1119)
02-19 18:33:13.019 20068 15481 W FontLog : Caused by: java.lang.Exception: SQLiteConnectionPool.close()
02-19 18:33:13.019 20068 15481 W FontLog : 	at android.database.sqlite.SQLiteConnectionPool.dispose(SQLiteConnectionPool.java:274)
02-19 18:33:13.019 20068 15481 W FontLog : 	at android.database.sqlite.SQLiteConnectionPool.close(SQLiteConnectionPool.java:254)
02-19 18:33:13.019 20068 15481 W FontLog : 	at android.database.sqlite.SQLiteDatabase.dispose(SQLiteDatabase.java:559)
02-19 18:33:13.019 20068 15481 W FontLog : 	at android.database.sqlite.SQLiteDatabase.onAllReferencesReleased(SQLiteDatabase.java:536)
02-19 18:33:13.019 20068 15481 W FontLog : 	at android.database.sqlite.SQLiteClosable.releaseReference(SQLiteClosable.java:92)
02-19 18:33:13.019 20068 15481 W FontLog : 	at android.database.sqlite.SQLiteDatabase.executeSql(SQLiteDatabase.java:2246)
02-19 18:33:13.019 20068 15481 W FontLog : 	... 8 more
02-19 18:33:13.318 15304 15304 I Ads     : JS: The jsLoaded GMSG has been sent (https://googleads.g.doubleclick.net/mads/static/sdk/native/sdk-core-v40.html:1025)
02-19 18:33:13.432   752  1856 E TaskPersister: File error accessing recents directory (directory doesn't exist?).
