--------- beginning of main
02-19 11:18:40.825  1971  2198 I AiAiEcho: #postPredictionTargets: Sending updates to UISurface home with targets# 0 (types=[])
--------- beginning of system
02-19 11:18:40.842   752   795 I ActivityTaskManager: START u0 {act=android.intent.action.MAIN cat=[android.intent.category.HOME] flg=0x10000100 cmp=com.google.android.apps.nexuslauncher/.NexusLauncherActivity (has extras)} with LAUNCH_SINGLE_TASK from uid 0 (BAL_ALLOW_ALLOWLISTED_UID) result code=2
02-19 11:18:40.845  4449  4467 D WindowManagerShell: setLauncherKeepClearAreaHeight: visible=false, height=527
02-19 11:18:40.845  4449  4467 D WindowManagerShell: setLauncherKeepClearAreaHeight: visible=true, height=527
02-19 11:18:40.845   752  1095 D BackgroundInstallControlService: Package event received: 0
02-19 11:18:40.847   752  1095 D BackgroundInstallControlService: Package event received: 0
02-19 11:18:40.848   752  1095 D BackgroundInstallControlService: Package event received: 0
02-19 11:18:40.890   752   797 W IPCThreadState: Sending oneway calls to frozen process.
02-19 11:18:40.890   752   797 W IPCThreadState: Sending oneway calls to frozen process.
02-19 11:18:40.890   752   797 W IPCThreadState: Sending oneway calls to frozen process.
02-19 11:18:40.890   752   797 W IPCThreadState: Sending oneway calls to frozen process.
02-19 11:18:40.890   752   797 W IPCThreadState: Sending oneway calls to frozen process.
02-19 11:18:40.890   752   797 W IPCThreadState: Sending oneway calls to frozen process.
02-19 11:18:40.890   752   797 W IPCThreadState: Sending oneway calls to frozen process.
02-19 11:18:40.890   752   797 W IPCThreadState: Sending oneway calls to frozen process.
02-19 11:18:40.891   752   797 W IPCThreadState: Sending oneway calls to frozen process.
02-19 11:18:40.891   752   797 W IPCThreadState: Sending oneway calls to frozen process.
02-19 11:18:40.891   752   797 W IPCThreadState: Sending oneway calls to frozen process.
02-19 11:18:40.891   752  1095 D BackgroundInstallControlService: Package event received: 0
02-19 11:18:40.891   752  1095 D BackgroundInstallControlService: Package event received: 0
02-19 11:18:40.891   752  1095 D BackgroundInstallControlService: Package event received: 0
02-19 11:18:40.891   752   797 W IPCThreadState: Sending oneway calls to frozen process.
02-19 11:18:40.891   752   797 W IPCThreadState: Sending oneway calls to frozen process.
02-19 11:18:40.891   752   797 W IPCThreadState: Sending oneway calls to frozen process.
02-19 11:18:40.891   752   797 W IPCThreadState: Sending oneway calls to frozen process.
02-19 11:18:40.892   752   797 W IPCThreadState: Sending oneway calls to frozen process.
02-19 11:18:40.892   752   797 W IPCThreadState: Sending oneway calls to frozen process.
02-19 11:18:40.892   752   797 W ProcessStats: Tracking association SourceState{515934e com.android.settings/1000 BTop #11427} whose proc state 2 is better than process ProcessState{cf3716c com.google.android.settings.intelligence/10144 pkg=com.google.android.settings.intelligence} proc state 15 (0 skipped)
02-19 11:18:40.892   752  1095 D BackgroundInstallControlService: Package event received: 0
02-19 11:18:40.892   752  1095 D BackgroundInstallControlService: Package event received: 0
02-19 11:18:40.892   752  1095 D BackgroundInstallControlService: Package event received: 0
02-19 11:18:40.892   752  1095 D BackgroundInstallControlService: Package event received: 0
02-19 11:18:40.892   752  1095 D BackgroundInstallControlService: Package event received: 0
02-19 11:18:40.892   752  1095 D BackgroundInstallControlService: Package event received: 0
02-19 11:18:40.892   752  1095 D BackgroundInstallControlService: Package event received: 0
02-19 11:18:40.892   752  1095 D BackgroundInstallControlService: Package event received: 0
02-19 11:18:40.893  4449  4467 D WindowManagerShell: onActivityRestartAttempt: topActivity=ComponentInfo{com.google.android.apps.nexuslauncher/com.google.android.apps.nexuslauncher.NexusLauncherActivity}, wasVisible=false
02-19 11:18:41.539  4449  4449 I Choreographer: Skipped 43 frames!  The application may be doing too much work on its main thread.
02-19 11:18:41.539  1341  1341 I Choreographer: Skipped 43 frames!  The application may be doing too much work on its main thread.
02-19 11:18:41.540  1341  1341 D NexusLauncherModelDelegate: notifySmartspaceEvent: SmartspaceTargetEvent{mSmartspaceTarget=null, mSmartspaceActionId='null', mEventType=6}
02-19 11:18:41.544   531   531 I BpBinder: onLastStrongRef automatically unlinking death recipients: 
02-19 11:18:41.555  1341  1341 D BaseDepthController: setSurface:
02-19 11:18:41.555  1341  1341 D BaseDepthController: 	mWaitingOnSurfaceValidity: false
02-19 11:18:41.555  1341  1341 D BaseDepthController: 	mBaseSurface: Surface(name=com.google.android.apps.nexuslauncher/com.google.android.apps.nexuslauncher.NexusLauncherActivity)/@0x94d8eb8
02-19 11:18:41.659 25278 25278 W dumpsys : Thread Pool max thread count is 0. Cannot cache binder as linkToDeath cannot be implemented. serviceName: package
02-19 11:18:41.697   752   956 D ActivityManager: sync unfroze 3092 com.android.vending:background for 6
02-19 11:18:41.718   752  1095 D BackgroundInstallControlService: Package event received: 0
02-19 11:18:41.743  3092  3146 I Finsky:background: [40] Stats for Executor: bgExecutor uww@ab2c291[Running, pool size = 4, active threads = 0, queued tasks = 0, completed tasks = 272]
02-19 11:18:41.743  3092  3146 I Finsky:background: [40] Stats for Executor: LightweightExecutor uww@28b35f6[Running, pool size = 3, active threads = 0, queued tasks = 0, completed tasks = 2999]
02-19 11:18:41.744  3092  3146 I Finsky:background: [40] Stats for Executor: BlockingExecutor uww@1fb1df7[Running, pool size = 0, active threads = 0, queued tasks = 0, completed tasks = 42]
02-19 11:18:41.752  3092  3092 I Finsky:background: [2] Memory trim requested to level 40
02-19 11:18:41.784   531   590 W VsyncModulator: setTransactionSchedule: Unexpected EarlyEnd
02-19 11:18:41.787  1341  1341 D ActivityAllAppsContainerView: rebindAdapters: force: false
02-19 11:18:41.787  1341  1341 D ActivityAllAppsContainerView: rebindAdapters: Not needed.
02-19 11:18:41.789  1341  1341 I NotificationListener: Handling notification state refresh for com.google.android.adservices.api#0
02-19 11:18:41.789  1341  1341 I NotificationListener: Handling notification state refresh for android#0
02-19 11:18:41.789  1341  1341 I NotificationListener: Handling notification state refresh for com.android.systemui#0
02-19 11:18:41.790  1341  1341 D SsBaseTemplateCard: No text view can be set up
02-19 11:18:41.790  1341  1341 D SsBaseTemplateCard: Passed-in item info is null
02-19 11:18:41.790  1341  1341 D SsBaseTemplateCard: Passed-in item info is null
02-19 11:18:41.790  1341  1341 D SsBaseTemplateCard: Passed-in item info is null
02-19 11:18:41.790  1341  1341 I SsBaseTemplateCard: Secondary card pane is null
02-19 11:18:41.791   531   603 I BpBinder: onLastStrongRef automatically unlinking death recipients: 
02-19 11:18:41.842  4449  4501 V WindowManagerShell: onTransitionReady(transaction=3229815410270)
02-19 11:18:41.868  3092  3092 I Finsky:background: [2] Memory trim requested to level 40
02-19 11:18:41.871  4449  4467 V WindowManagerShell: onTransitionReady (#128) android.os.BinderProxy@e4b2e4b: {id=128 t=OPEN f=0x0 trk=0 r=[0@Point(0, 0)] c=[
02-19 11:18:41.871  4449  4467 V WindowManagerShell:         {m=TO_FRONT f=SHOW_WALLPAPER|MOVE_TO_TOP leash=Surface(name=Task=1)/@0x2c9f6e6 sb=Rect(0, 0 - 1080, 2400) eb=Rect(0, 0 - 1080, 2400) epz=Point(1080, 2400) d=0 taskParent=-1},
02-19 11:18:41.871  4449  4467 V WindowManagerShell:         {m=TO_BACK f=NONE leash=Surface(name=Task=32)/@0x51c6427 sb=Rect(0, 0 - 1080, 2400) eb=Rect(0, 0 - 1080, 2400) epz=Point(1080, 2400) d=0 taskParent=-1},
02-19 11:18:41.871  4449  4467 V WindowManagerShell:         {m=TO_FRONT f=IS_WALLPAPER leash=Surface(name=WallpaperWindowToken{35e0c0f showWhenLocked=false})/@0xc4b6d4 sb=Rect(0, 0 - 1080, 2400) eb=Rect(0, 0 - 1080, 2400) epz=Point(1080, 2400) d=0}
02-19 11:18:41.871  4449  4467 V WindowManagerShell:     ]}
02-19 11:18:41.885  4449  4467 V WindowManagerShell: Playing animation for (#128) android.os.BinderProxy@e4b2e4b@0
02-19 11:18:41.886  4449  4467 V ShellRecents: RecentsTransitionHandler.startAnimation: no controller found
02-19 11:18:41.887  4449  4467 V WindowManagerShell: Transition doesn't have explicit remote, search filters for match for {id=128 t=OPEN f=0x0 trk=0 r=[0@Point(0, 0)] c=[{m=TO_FRONT f=SHOW_WALLPAPER|MOVE_TO_TOP leash=Surface(name=Task=1)/@0x2c9f6e6 sb=Rect(0, 0 - 1080, 2400) eb=Rect(0, 0 - 1080, 2400) epz=Point(1080, 2400) d=0 taskParent=-1},{m=TO_BACK f=NONE leash=Surface(name=Task=32)/@0x51c6427 sb=Rect(0, 0 - 1080, 2400) eb=Rect(0, 0 - 1080, 2400) epz=Point(1080, 2400) d=0 taskParent=-1},{m=TO_FRONT f=IS_WALLPAPER leash=Surface(name=WallpaperWindowToken{35e0c0f showWhenLocked=false})/@0xc4b6d4 sb=Rect(0, 0 - 1080, 2400) eb=Rect(0, 0 - 1080, 2400) epz=Point(1080, 2400) d=0}]}
02-19 11:18:41.887  4449  4467 V WindowManagerShell:  Checking filter Pair{{types=[] flags=0x0] notFlags=0x0 checks=[{atype=undefined independent=true modes=[CLOSE,TO_BACK] flags=IN_TASK_WITH_EMBEDDED_ACTIVITY mustBeTask=false order=ANY topActivity=null launchCookie=null taskFragmentToken=android.os.BinderProxy@188d51a windowingMode=undefined}]} RemoteTransition { remoteTransition = android.window.IRemoteTransition$Stub$Proxy@44cd84b, appThread = android.app.IApplicationThread$Stub$Proxy@3a12228, debugName = overlayBackTransition }}
02-19 11:18:41.887  4449  4467 V WindowManagerShell:  Checking filter Pair{{types=[] flags=0x0] notFlags=0x0 checks=[{atype=dream independent=true modes=[OPEN,TO_FRONT] flags=NONE mustBeTask=false order=ANY topActivity=null launchCookie=null windowingMode=undefined},{atype=home independent=true modes=[CLOSE,TO_BACK] flags=NONE mustBeTask=false order=ANY topActivity=null launchCookie=null windowingMode=undefined}]} RemoteTransition { remoteTransition = android.window.IRemoteTransition$Stub$Proxy@6f3eb41, appThread = android.app.IApplicationThread$Stub$Proxy@ccf28e6, debugName = LauncherToDream }}
02-19 11:18:41.888  4449  4467 V WindowManagerShell:  Checking filter Pair{{types=[] flags=0x0] notFlags=0x100 checks=[{atype=home independent=true modes=[OPEN,TO_FRONT] flags=NONE mustBeTask=false order=TOP topActivity=ComponentInfo{com.google.android.apps.nexuslauncher/com.google.android.apps.nexuslauncher.NexusLauncherActivity} launchCookie=null windowingMode=undefined},{atype=standard independent=true modes=[CLOSE,TO_BACK] flags=NONE mustBeTask=false order=ANY topActivity=null launchCookie=null windowingMode=undefined},{NOT atype=undefined independent=true modes=[] flags=NONE mustBeTask=true order=ANY topActivity=null launchCookie=null customAnim=true windowingMode=undefined}]} RemoteTransition { remoteTransition = android.window.IRemoteTransition$Stub$Proxy@a8eae27, appThread = android.app.IApplicationThread$Stub$Proxy@fa38d4, debugName = QuickstepLaunchHome }}
02-19 11:18:41.888  4449  4467 D RemoteTransitionHandler: Found filterPair{{types=[] flags=0x0] notFlags=0x100 checks=[{atype=home independent=true modes=[OPEN,TO_FRONT] flags=NONE mustBeTask=false order=TOP topActivity=ComponentInfo{com.google.android.apps.nexuslauncher/com.google.android.apps.nexuslauncher.NexusLauncherActivity} launchCookie=null windowingMode=undefined},{atype=standard independent=true modes=[CLOSE,TO_BACK] flags=NONE mustBeTask=false order=ANY topActivity=null launchCookie=null windowingMode=undefined},{NOT atype=undefined independent=true modes=[] flags=NONE mustBeTask=true order=ANY topActivity=null launchCookie=null customAnim=true windowingMode=undefined}]} RemoteTransition { remoteTransition = android.window.IRemoteTransition$Stub$Proxy@a8eae27, appThread = android.app.IApplicationThread$Stub$Proxy@fa38d4, debugName = QuickstepLaunchHome }}
02-19 11:18:41.889  4449  4467 V WindowManagerShell:  Delegate animation for (#128) to RemoteTransition { remoteTransition = android.window.IRemoteTransition$Stub$Proxy@a8eae27, appThread = android.app.IApplicationThread$Stub$Proxy@fa38d4, debugName = QuickstepLaunchHome }
02-19 11:18:41.913  1341  1427 I HWUI    : Davey! duration=962ms; Flags=1, FrameTimelineVsyncId=1021191, IntendedVsync=78994655780404, Vsync=78995372447042, InputEventId=0, HandleInputStart=78995386822822, AnimationStart=78995386823697, PerformTraversalsStart=78995387240555, DrawStart=78995515813891, FrameDeadline=78994672447070, FrameStartTime=78995385839216, FrameInterval=16666666, WorkloadTarget=16666666, SyncQueued=78995546809761, SyncStart=78995558418302, IssueDrawCommandsStart=78995575512888, SwapBuffers=78995585288851, FrameCompleted=78995629604612, DequeueBufferDuration=6237, QueueBufferDuration=1461560, GpuCompleted=78995627846465, SwapBuffersCompleted=78995629604612, DisplayPresentTime=0, CommandSubmissionCompleted=78995585288851, 
02-19 11:18:41.924  3092  3092 I Finsky:background: [2] Memory trim requested to level 40
02-19 11:18:41.925  3092  3092 I Finsky:background: [2] Memory trim requested to level 40
02-19 11:18:41.925  3092  3092 I Finsky:background: [2] Memory trim requested to level 40
02-19 11:18:41.925  3092  3092 I Finsky:background: [2] Memory trim requested to level 40
02-19 11:18:41.926  3092  3092 I Finsky:background: [2] Memory trim requested to level 40
02-19 11:18:41.926  3092  3092 I Finsky:background: [2] Memory trim requested to level 40
02-19 11:18:41.926  3092  3092 I Finsky:background: [2] Memory trim requested to level 40
02-19 11:18:41.926  3092  3092 I Finsky:background: [2] Memory trim requested to level 40
02-19 11:18:41.927  3092  3092 I Finsky:background: [2] Memory trim requested to level 40
02-19 11:18:41.936  1341  1341 D StateManager: createAtomicAnimation - fromState: Background, toState: Normal, partial trace:
02-19 11:18:41.936  1341  1341 D StateManager: 	at com.android.quickstep.util.WorkspaceRevealAnim.prepareToAnimate(go/retraceme 72a59688580715d19f0e415c69e80376c2f062d1648c80db6730905005a27c20:22)
02-19 11:18:41.936  1341  1341 D StateManager: 	at com.android.quickstep.util.WorkspaceRevealAnim.<init>(go/retraceme 72a59688580715d19f0e415c69e80376c2f062d1648c80db6730905005a27c20:11)
02-19 11:18:41.936  1341  1341 D StateManager: 	at com.android.launcher3.QuickstepTransitionManager.createWallpaperOpenAnimations(go/retraceme 72a59688580715d19f0e415c69e80376c2f062d1648c80db6730905005a27c20:339)
02-19 11:18:41.951  1341  1341 D b/311077782: LauncherAnimationRunner.setAnimation
02-19 11:18:41.959  3092  3092 I Finsky:background: [2] Memory trim requested to level 40
02-19 11:18:41.960  3092  3092 I Finsky:background: [2] Memory trim requested to level 40
02-19 11:18:41.963  3092  3092 I Finsky:background: [2] Memory trim requested to level 40
02-19 11:18:41.988   752   794 V WindowManager: Sent Transition (#128) createdAt=02-19 11:18:40.800 via request=TransitionRequestInfo { type = OPEN, triggerTask = TaskInfo{userId=0 taskId=5 effectiveUid=10182 displayId=0 isRunning=true baseIntent=Intent { act=android.intent.action.MAIN cat=[android.intent.category.HOME] flg=0x10000100 cmp=com.google.android.apps.nexuslauncher/.NexusLauncherActivity } baseActivity=ComponentInfo{com.google.android.apps.nexuslauncher/com.google.android.apps.nexuslauncher.NexusLauncherActivity} topActivity=ComponentInfo{com.google.android.apps.nexuslauncher/com.google.android.apps.nexuslauncher.NexusLauncherActivity} origActivity=null realActivity=ComponentInfo{com.google.android.apps.nexuslauncher/com.google.android.apps.nexuslauncher.NexusLauncherActivity} numActivities=1 lastActiveTime=78994653 supportsMultiWindow=true resizeMode=2 isResizeable=true minWidth=-1 minHeight=-1 defaultMinSize=220 token=WCT{RemoteToken{50a2c5f Task{b605570 #5 type=home I=com.google.android.apps.nexuslauncher/.NexusLauncherActivity}}} topActivityType=2 pictureInPictureParams=null shouldDockBigOverlays=false launchIntoPipHostTaskId=-1 lastParentTaskIdBeforePip=-1 displayCutoutSafeInsets=Rect(0, 0 - 0, 0) topActivityInfo=ActivityInfo{f5406ac com.google.android.apps.nexuslauncher.NexusLauncherActivity} launchCookies=[] positionInParent=Point(0, 0) parentTaskId=-1 isFocused=true isVisible=false isVisibleRequested=true isTopActivityNoDisplay=false isSleeping=false locusId=LocusId[17_chars] displayAreaFeatureId=1 isTopActivityTransparent=false isActivityStackTransparent=false lastNonFullscreenBounds=Rect(284, 660 - 796, 1740) capturedLink=null capturedLinkTimestamp=0 requestedVisibleTypes=-9 topActivityRequestOpenInBrowserEducationTimestamp=0 appCompatTaskInfo=AppCompatTaskInfo { topActivityInSizeCompat=false eligibleForLetterboxEducation= false isLetterboxEducationEnabled= true isLetterboxDoubleTapEnabled= false eligibleForUserAspectRatioButton= false topActivityBoundsLetterboxed= false isFromLetterboxDoubleTap= false topActivityLetterboxVerticalPosition= -1 topActivityLetterboxHorizontalPosition= -1 topActivityLetterboxWidth=-1 topActivityLetterboxHeight=-1 topActivityAppBounds=Rect(0, 0 - 1080, 2400) isUserFullscreenOverrideEnabled=false isSystemFullscreenOverrideEnabled=false hasMinAspectRatioOverride=false topActivityLetterboxBounds=null cameraCompatTaskInfo=CameraCompatTaskInfo { freeformCameraCompatMode=inactive}} topActivityMainWindowFrame=null}, pipChange = null, remoteTransition = null, displayChange = null, flags = 0, debugId = 128 }
02-19 11:18:41.990   752   794 V WindowManager:     startWCT=WindowContainerTransaction { changes= {} hops= [] errorCallbackToken=null taskFragmentOrganizer=null }
02-19 11:18:41.991   752   794 V WindowManager:     info={id=128 t=OPEN f=0x0 trk=0 r=[0@Point(0, 0)] c=[
02-19 11:18:41.991   752   794 V WindowManager:         {WCT{RemoteToken{5218fe8 Task{dd43522 #1 type=home}}} m=TO_FRONT f=SHOW_WALLPAPER|MOVE_TO_TOP leash=Surface(name=Task=1)/@0x8ddbd2e sb=Rect(0, 0 - 1080, 2400) eb=Rect(0, 0 - 1080, 2400) epz=Point(1080, 2400) d=0 taskParent=-1},
02-19 11:18:41.991   752   794 V WindowManager:         {WCT{RemoteToken{e1d59e7 Task{66d6fb8 #32 type=standard A=1000:com.android.settings.root}}} m=TO_BACK f=NONE leash=Surface(name=Task=32)/@0xf5aeeec sb=Rect(0, 0 - 1080, 2400) eb=Rect(0, 0 - 1080, 2400) epz=Point(1080, 2400) d=0 taskParent=-1},
02-19 11:18:41.991   752   794 V WindowManager:         {m=TO_FRONT f=IS_WALLPAPER leash=Surface(name=WallpaperWindowToken{35e0c0f showWhenLocked=false})/@0x512f5be sb=Rect(0, 0 - 1080, 2400) eb=Rect(0, 0 - 1080, 2400) epz=Point(1080, 2400) d=0}
02-19 11:18:41.991   752   794 V WindowManager:     ]}
02-19 11:18:42.012  4449  4467 V WindowManagerShell:  animated by com.android.wm.shell.transition.RemoteTransitionHandler@ef09705
02-19 11:18:42.021  3092  3147 I Finsky:background: [41] Current account updated in PVS
02-19 11:18:42.026  3092  3149 I Finsky:background: [43] Current account updated in PVS
02-19 11:18:42.034  3092  3153 I Finsky:background: [45] Current account updated in PVS
02-19 11:18:42.037  3092  3149 I Finsky:background: [43] Current account updated in PVS
02-19 11:18:42.038  3092  3149 I Finsky:background: [43] Current account updated in PVS
02-19 11:18:42.039  3092  3149 I Finsky:background: [43] Current account updated in PVS
02-19 11:18:42.039  3092  3150 I Finsky:background: [44] Current account updated in PVS
02-19 11:18:42.047  3092  3153 I Finsky:background: [45] Current account updated in PVS
02-19 11:18:42.060  3092  3153 I Finsky:background: [45] Current account updated in PVS
02-19 11:18:42.061  3092  3153 I Finsky:background: [45] Current account updated in PVS
02-19 11:18:42.062  3092  3153 I Finsky:background: [45] Current account updated in PVS
02-19 11:18:42.062  3092  3150 I Finsky:background: [44] Current account updated in PVS
02-19 11:18:42.063  3092  3147 I Finsky:background: [41] Current account updated in PVS
02-19 11:18:42.063  3092  3149 I Finsky:background: [43] Current account updated in PVS
02-19 11:18:42.341 25003 25008 I artd    : GetBestInfo: odex next to the dex file (/data/app/~~O-UZzK0jUU9NLgS3MODOZA==/com.google.android.gms-YQ2L6GsYyKuvu9MvIBK1EQ==/oat/x86_64/base.odex) is kOatUpToDate with filter 'speed-profile' executable 'false'
02-19 11:18:42.343  1341  1341 D WorkspaceRevealAnim: onAnimationEnd: workspace alpha = 1.0
02-19 11:18:42.359  3092  3153 I Finsky:background: [45] Current account updated in PVS
02-19 11:18:42.360  3092  3153 I Finsky:background: [45] Current account updated in PVS
02-19 11:18:42.366  4449  4467 V WindowManagerShell: Transition animation finished (aborted=false), notifying core (#128) android.os.BinderProxy@e4b2e4b@0
02-19 11:18:42.368   752   989 I ImeTracker: com.google.android.apps.nexuslauncher:312100c2: onRequestHide at ORIGIN_SERVER reason HIDE_UNSPECIFIED_WINDOW fromUser false
02-19 11:18:42.369  1341  1341 D InsetsController: hide(ime(), fromIme=false)
02-19 11:18:42.369  1341  1341 I ImeTracker: com.google.android.apps.nexuslauncher:312100c2: onCancelled at PHASE_CLIENT_ALREADY_HIDDEN
02-19 11:18:42.380 25003 25008 I artd    : GetBestInfo: odex next to the dex file (/data/app/~~O-UZzK0jUU9NLgS3MODOZA==/com.google.android.gms-YQ2L6GsYyKuvu9MvIBK1EQ==/oat/x86_64/split_AdsDynamite_installtime.odex) is kOatUpToDate with filter 'speed' executable 'false'
02-19 11:18:42.382   752   794 V WindowManager: Finish Transition (#128): created at 02-19 11:18:40.800 collect-started=0.046ms request-sent=8.896ms started=43.678ms ready=1009.931ms sent=1025.867ms commit=122.825ms finished=1569.285ms
02-19 11:18:42.382 22757 22757 D VRI[SettingsHomepageActivity]: visibilityChanged oldVisibility=true newVisibility=false
02-19 11:18:42.385  1563  1563 I GoogleInputMethodService: GoogleInputMethodService.onFinishInput():2043 
02-19 11:18:42.385  1563  1563 I Module  : DeviceLockedStatusModuleProvider$Module.updateDeviceLockedStatus():100 repeatCheckTimes = 0, locked = false
02-19 11:18:42.386  1563  1563 I GoogleInputMethodService: GoogleInputMethodService.onStartInput():1293 onStartInput(EditorInfo{EditorInfo{packageName=com.google.android.apps.nexuslauncher, inputType=0, inputTypeString=NULL, enableLearning=false, autoCorrection=false, autoComplete=false, imeOptions=0, privateImeOptions=null, actionName=UNSPECIFIED, actionLabel=null, initialSelStart=-1, initialSelEnd=-1, initialCapsMode=0, label=null, fieldId=0, fieldName=null, extras=null, hintText=null, hintLocales=[]}}, false)
02-19 11:18:42.386  1563  1563 I Module  : DeviceLockedStatusModuleProvider$Module.updateDeviceLockedStatus():100 repeatCheckTimes = 1, locked = false
02-19 11:18:42.387  1563  1563 I EmojiCompatManager: EmojiCompatManager.getEmojiCompatIfLoaded():343 EmojiCompat.init() was never called.
02-19 11:18:42.387  1563  1563 I EmojiCompatManager: java.lang.IllegalStateException: EmojiCompat is not initialized. Please call EmojiCompat.init() first
02-19 11:18:42.387  1563  1563 I EmojiCompatManager: 	at asx.p(PG:6)
02-19 11:18:42.387  1563  1563 I EmojiCompatManager: 	at axb.b(PG:13)
02-19 11:18:42.387  1563  1563 I EmojiCompatManager: 	at jnr.b(PG:2)
02-19 11:18:42.387  1563  1563 I EmojiCompatManager: 	at jnr.c(PG:4)
02-19 11:18:42.387  1563  1563 I EmojiCompatManager: 	at jnr.f(PG:3)
02-19 11:18:42.387  1563  1563 I EmojiCompatManager: 	at jnx.c(PG:3)
02-19 11:18:42.387  1563  1563 I EmojiCompatManager: 	at kif.cz(PG:47)
02-19 11:18:42.387  1563  1563 I EmojiCompatManager: 	at lhl.run(PG:1025)
02-19 11:18:42.387  1563  1563 I EmojiCompatManager: 	at jaf.execute(PG:12)
02-19 11:18:42.387  1563  1563 I EmojiCompatManager: 	at nco.v(PG:13)
02-19 11:18:42.387  1563  1563 I EmojiCompatManager: 	at lhn.m(PG:96)
02-19 11:18:42.387  1563  1563 I EmojiCompatManager: 	at lhn.k(PG:25)
02-19 11:18:42.387  1563  1563 I EmojiCompatManager: 	at kgn.onStartInput(PG:250)
02-19 11:18:42.387  1563  1563 I EmojiCompatManager: 	at android.inputmethodservice.InputMethodService.doStartInput(InputMethodService.java:3521)
02-19 11:18:42.387  1563  1563 I EmojiCompatManager: 	at android.inputmethodservice.InputMethodService$InputMethodImpl.startInput(InputMethodService.java:879)
02-19 11:18:42.387  1563  1563 I EmojiCompatManager: 	at android.inputmethodservice.InputMethodService$InputMethodImpl.dispatchStartInput(InputMethodService.java:908)
02-19 11:18:42.387  1563  1563 I EmojiCompatManager: 	at android.inputmethodservice.IInputMethodWrapper.executeMessage(IInputMethodWrapper.java:201)
02-19 11:18:42.387  1563  1563 I EmojiCompatManager: 	at com.android.internal.os.HandlerCaller$MyHandler.handleMessage(HandlerCaller.java:44)
02-19 11:18:42.387  1563  1563 I EmojiCompatManager: 	at android.os.Handler.dispatchMessage(Handler.java:110)
02-19 11:18:42.387  1563  1563 I EmojiCompatManager: 	at android.os.Looper.loopOnce(Looper.java:248)
02-19 11:18:42.387  1563  1563 I EmojiCompatManager: 	at android.os.Looper.loop(Looper.java:338)
02-19 11:18:42.387  1563  1563 I EmojiCompatManager: 	at android.app.ActivityThread.main(ActivityThread.java:9067)
02-19 11:18:42.387  1563  1563 I EmojiCompatManager: 	at java.lang.reflect.Method.invoke(Native Method)
02-19 11:18:42.387  1563  1563 I EmojiCompatManager: 	at com.android.internal.os.RuntimeInit$MethodAndArgsCaller.run(RuntimeInit.java:593)
02-19 11:18:42.387  1563  1563 I EmojiCompatManager: 	at com.android.internal.os.ZygoteInit.main(ZygoteInit.java:932)
02-19 11:18:42.387   752  2375 W PackageConfigPersister: App-specific configuration not found for packageName: com.google.android.apps.nexuslauncher and userId: 0
02-19 11:18:42.389   752  1454 I ImeTracker: system_server:700758c9: onRequestHide at ORIGIN_SERVER reason IME_REQUESTED_CHANGED_LISTENER fromUser false
02-19 11:18:42.427 25003 25008 I artd    : GetBestInfo: odex next to the dex file (/data/app/~~O-UZzK0jUU9NLgS3MODOZA==/com.google.android.gms-YQ2L6GsYyKuvu9MvIBK1EQ==/oat/x86_64/split_CronetDynamite_installtime.odex) is kOatUpToDate with filter 'speed' executable 'false'
02-19 11:18:42.431   752   797 I ImeTracker: system_server:700758c9: onCancelled at PHASE_SERVER_SHOULD_HIDE
02-19 11:18:42.433  4449  4467 V WindowManagerShell: Track 0 became idle
02-19 11:18:42.433  4449  4467 V WindowManagerShell: All active transition animations finished
02-19 11:18:42.450  3092  3092 I Finsky:background: [2] SCH: job service start with id 10320.
02-19 11:18:42.452 25003 25010 I artd    : GetBestInfo: odex next to the dex file (/data/app/~~O-UZzK0jUU9NLgS3MODOZA==/com.google.android.gms-YQ2L6GsYyKuvu9MvIBK1EQ==/oat/x86_64/split_DynamiteLoader_installtime.odex) is kOatUpToDate with filter 'speed' executable 'false'
02-19 11:18:42.507 25003 25008 I artd    : GetBestInfo: odex next to the dex file (/data/app/~~O-UZzK0jUU9NLgS3MODOZA==/com.google.android.gms-YQ2L6GsYyKuvu9MvIBK1EQ==/oat/x86_64/split_DynamiteModulesA_installtime.odex) is kOatUpToDate with filter 'speed' executable 'false'
02-19 11:18:42.525 22757 22757 D DashboardFragment: unregister observer: @e115f24, uri: content://com.google.android.apps.wellbeing.api/digitalWellbeingSummary
02-19 11:18:42.526 22757 22757 D DashboardFragment: unregister observer: @8ffc442, uri: content://com.google.android.gms.settings.persistent/getGoogleSettingsTitle
02-19 11:18:42.527 22757 22757 D DashboardFragment: unregister observer: @fbedc53, uri: content://com.google.android.gms.settings.persistent/getGoogleSettingsSummary
02-19 11:18:42.529 25003 25008 I artd    : GetBestInfo: odex next to the dex file (/data/app/~~O-UZzK0jUU9NLgS3MODOZA==/com.google.android.gms-YQ2L6GsYyKuvu9MvIBK1EQ==/oat/x86_64/split_DynamiteModulesC_installtime.odex) is kOatUpToDate with filter 'speed' executable 'false'
02-19 11:18:42.580 25003 25008 I artd    : GetBestInfo: odex next to the dex file (/data/app/~~O-UZzK0jUU9NLgS3MODOZA==/com.google.android.gms-YQ2L6GsYyKuvu9MvIBK1EQ==/oat/x86_64/split_GoogleCertificates_installtime.odex) is kOatUpToDate with filter 'speed' executable 'false'
02-19 11:18:42.590 25003 25010 I artd    : GetBestInfo: odex next to the dex file (/data/app/~~O-UZzK0jUU9NLgS3MODOZA==/com.google.android.gms-YQ2L6GsYyKuvu9MvIBK1EQ==/oat/x86_64/split_MapsDynamite_installtime.odex) is kOatUpToDate with filter 'speed' executable 'false'
02-19 11:18:42.624 25003 25008 I artd    : GetBestInfo: odex next to the dex file (/data/app/~~O-UZzK0jUU9NLgS3MODOZA==/com.google.android.gms-YQ2L6GsYyKuvu9MvIBK1EQ==/oat/x86_64/split_MeasurementDynamite_installtime.odex) is kOatUpToDate with filter 'speed' executable 'false'
02-19 11:18:42.632   752  1095 D BackgroundInstallControlService: Package event received: 0
02-19 11:18:42.650   752  1454 W IPCThreadState: Sending oneway calls to frozen process.
02-19 11:18:42.653   752  1454 W IPCThreadState: Sending oneway calls to frozen process.
02-19 11:18:42.653   752  1454 W IPCThreadState: Sending oneway calls to frozen process.
02-19 11:18:42.678   615 21625 W IPCThreadState: Sending oneway calls to frozen process.
02-19 11:18:42.678   615 21625 W IPCThreadState: Sending oneway calls to frozen process.
02-19 11:18:42.689 25003 25008 I artd    : GetBestInfo: /data/app/~~O-UZzK0jUU9NLgS3MODOZA==/com.google.android.gms-YQ2L6GsYyKuvu9MvIBK1EQ==/split_maps_core_dynamite_ondemand.apk has no usable artifacts
02-19 11:18:42.694   752  2375 W ActivityTaskManager: callingPackage for (uid=2000, pid=25285) has no WPC
02-19 11:18:42.700   752  2375 V GrammaticalInflectionUtils: AttributionSource: android.content.AttributionSource@56784557 does not have READ_SYSTEM_GRAMMATICAL_GENDER permission.
02-19 11:18:42.706 25003 25008 I artd    : GetBestInfo: /data/user_de/0/com.google.android.gms/app_chimera/m/0000000c/dl-Appsearch.optional_250834100800.apk has no usable artifacts
02-19 11:18:42.708 25003 25010 I artd    : GetBestInfo: /data/user_de/0/com.google.android.gms/app_chimera/m/00000001/CronetDynamite.apk has no usable artifacts
02-19 11:18:42.710   752  2375 W OptProp : Cannot read opt property android.window.PROPERTY_COMPAT_ALLOW_USER_ASPECT_RATIO_OVERRIDE
02-19 11:18:42.711   752  2375 W OptProp : Cannot read opt property android.window.PROPERTY_COMPAT_ALLOW_USER_ASPECT_RATIO_FULLSCREEN_OVERRIDE
02-19 11:18:42.718   752  2375 W OptProp : Cannot read opt property android.window.PROPERTY_COMPAT_ALLOW_RESIZEABLE_ACTIVITY_OVERRIDES
02-19 11:18:42.720   752  2375 W OptProp : Cannot read opt property android.window.PROPERTY_COMPAT_ALLOW_MIN_ASPECT_RATIO_OVERRIDE
02-19 11:18:42.724 25003 25008 I artd    : GetBestInfo: /data/user_de/0/com.google.android.gms/app_chimera/m/00000002/DynamiteLoader.apk has no usable artifacts
02-19 11:18:42.727 25003 25008 I artd    : GetBestInfo: /data/user_de/0/com.google.android.gms/app_chimera/m/00000005/GoogleCertificates.apk has no usable artifacts
02-19 11:18:42.738 25003 25008 I artd    : GetBestInfo: /data/user_de/0/com.google.android.gms/app_chimera/m/00000009/dl-TfliteDynamiteDynamite.integ_252130102100800.apk has no usable artifacts
02-19 11:18:42.744   531   549 I BpBinder: onLastStrongRef automatically unlinking death recipients: 
02-19 11:18:42.748 25003 25010 I artd    : GetBestInfo: vdex next to the dex file (/data/user/0/com.google.android.gms/app_dg_cache/BF7C023AB90CCF01D1F467FC1CEBAF866511FF29/oat/x86_64/the.vdex) is kOatUpToDate with filter 'verify' executable 'false'
02-19 11:18:42.749   752  2375 I ActivityTaskManager: START u0 {act=android.intent.action.VIEW dat=intoss://takealook/... flg=0x10000000 xflg=0x4 cmp=viva.republica.toss.test/im.toss.rn.granite.core.GraniteActivity} with LAUNCH_MULTIPLE from uid 2000 (BAL_ALLOW_PERMISSION) result code=2
02-19 11:18:42.752  4449  4467 V WindowManagerShell: Transition requested (#129): android.os.BinderProxy@7166235 TransitionRequestInfo { type = OPEN, triggerTask = TaskInfo{userId=0 taskId=46 effectiveUid=10217 displayId=0 isRunning=true baseIntent=Intent { act=android.intent.action.VIEW dat=intoss://takealook/... flg=0x10000000 cmp=viva.republica.toss.test/im.toss.rn.granite.core.GraniteActivity } baseActivity=ComponentInfo{viva.republica.toss.test/im.toss.rn.granite.core.GraniteActivity} topActivity=ComponentInfo{viva.republica.toss.test/im.toss.rn.granite.core.GraniteActivity} origActivity=null realActivity=ComponentInfo{viva.republica.toss.test/im.toss.rn.granite.core.GraniteActivity} numActivities=1 lastActiveTime=78689037 supportsMultiWindow=true resizeMode=1 isResizeable=true minWidth=-1 minHeight=-1 defaultMinSize=220 token=WCT{android.window.IWindowContainerToken$Stub$Proxy@7226ca} topActivityType=1 pictureInPictureParams=null shouldDockBigOverlays=false launchIntoPipHostTaskId=-1 lastParentTaskIdBeforePip=-1 displayCutoutSafeInsets=Rect(0, 0 - 0, 0) topActivityInfo=ActivityInfo{2a8403b im.toss.rn.granite.core.GraniteActivity} launchCookies=[] positionInParent=Point(0, 0) parentTaskId=-1 isFocused=false isVisible=false isVisibleRequested=false isTopActivityNoDisplay=false isSleeping=false locusId=null displayAreaFeatureId=1 isTopActivityTransparent=false isActivityStackTransparent=false lastNonFullscreenBounds=Rect(284, 660 - 796, 1740) capturedLink=null capturedLinkTimestamp=0 requestedVisibleTypes=-9 topActivityRequestOpenInBrowserEducationTimestamp=0 appCompatTaskInfo=AppCompatTaskInfo { topActivityInSizeCompat=false eligibleForLetterboxEducation= false isLetterboxEducationEnabled= true isLetterboxDoubleTapEnabled= false eligibleForUserAspectRatioButton= false topActivityBoundsLetterboxed= false isFromLetterboxDoubleTap= false topActivityLetterboxVerticalPosition= -1 topActivityLetterboxHorizontalPosition= -1 topActivityLetterboxWidth=-1 topActivityLetterboxHeight=-1 topActivityAppBounds=Rect(0, 0 - 1080, 2400) isUserFullscreenOverrideEnabled=false isSystemFullscreenOverrideEnabled=false hasMinAspectRatioOverride=false topActivityLetterboxBounds=null cameraCompatTaskInfo=CameraCompatTaskInfo { freeformCameraCompatMode=inactive}} topActivityMainWindowFrame=null}, pipChange = null, remoteTransition = null, displayChange = null, flags = 0, debugId = 129 }
02-19 11:18:42.758  4449  4467 D ShellSplitScreen: logExit: no-op, mLoggerSessionId is null
02-19 11:18:42.762 25003 25010 I artd    : GetBestInfo: /data/user_de/0/com.google.android.gms/app_chimera/m/00000010/dl-PlayCloudSearch.optional_250834100000.apk has no usable artifacts
02-19 11:18:42.766  1341  1341 W SplitSelectStateCtor: Missing session instanceIds
02-19 11:18:42.767  4449  4467 D WindowManagerShell: onActivityRestartAttempt: topActivity=ComponentInfo{viva.republica.toss.test/im.toss.rn.granite.core.GraniteActivity}, wasVisible=false
02-19 11:18:42.771  4449  4467 D WindowManagerShell: setLauncherKeepClearAreaHeight: visible=false, height=527
02-19 11:18:42.771  1341  1341 D StatsLog: LAUNCHER_SPLIT_SELECTION_EXIT_INTERRUPTED
02-19 11:18:42.779   531   531 I BpBinder: onLastStrongRef automatically unlinking death recipients: 
02-19 11:18:42.783  4449  4474 V SnapshotDrawerUtils: Drawing snapshot surface sizeMismatch=true
02-19 11:18:42.786 25003 25010 I artd    : GetBestInfo: /data/user_de/0/com.google.android.gms/app_chimera/m/00000017/dl-PlayCloudSearch.optional_260438100000.apk has no usable artifacts
02-19 11:18:42.788   752  1509 D ActivityManager: quick sync unfreeze 24035 for 1
02-19 11:18:42.799   752  1095 D BackgroundInstallControlService: Package event received: 0
02-19 11:18:42.807   752  1095 D BackgroundInstallControlService: Package event received: 0
02-19 11:18:42.808   752  1095 D BackgroundInstallControlService: Package event received: 0
02-19 11:18:42.810   752   797 D ActivityManager: sync unfroze 24035 viva.republica.toss.test for 1
02-19 11:18:42.823 25003 25010 I artd    : GetBestInfo: /data/user_de/0/com.google.android.gms/app_chimera/m/00000015/dl-MlkitOcrCommon.optional_260438100800.apk has no usable artifacts
02-19 11:18:42.825 25003 25010 I artd    : GetBestInfo: /data/user_de/0/com.google.android.gms/app_chimera/m/00000013/dl-MlkitBarcodeUi.optional_260438100800.apk has no usable artifacts
02-19 11:18:42.827 25003 25010 I artd    : GetBestInfo: /data/user_de/0/com.google.android.gms/app_chimera/m/0000000f/dl-MlkitOcrCommon.optional_250834100800.apk has no usable artifacts
02-19 11:18:42.829 25003 25010 I artd    : GetBestInfo: /data/user_de/0/com.google.android.gms/app_chimera/m/0000000d/dl-VisionOcr.optional_250834100000.apk has no usable artifacts
02-19 11:18:42.831 25003 25008 I artd    : GetBestInfo: /data/user_de/0/com.google.android.gms/app_chimera/m/0000000a/dl-MlkitBarcodeUi.optional_250834100800.apk has no usable artifacts
02-19 11:18:42.834 25003 25010 I artd    : GetBestInfo: /data/user_de/0/com.google.android.gms/app_chimera/m/00000011/dl-VisionOcr.optional_260438100000.apk has no usable artifacts
02-19 11:18:42.837 25003 25010 I artd    : GetBestInfo: /data/user_de/0/com.google.android.gms/app_chimera/m/00000012/dl-Appsearch.optional_260438100800.apk has no usable artifacts
02-19 11:18:42.839 25003 25008 I artd    : GetBestInfo: vdex next to the dex file (/data/user/0/com.google.android.gms/app_dg_cache/94DF452EEF4B8E717545DCDEA6CC3C50A319A195/oat/x86_64/the.vdex) is kOatUpToDate with filter 'verify' executable 'false'
02-19 11:18:42.841 25003 25010 I artd    : GetBestInfo: /data/user_de/0/com.google.android.gms/app_chimera/m/00000007/MeasurementDynamite.apk has no usable artifacts
02-19 11:18:42.842 25003 25008 I artd    : GetBestInfo: /data/user_de/0/com.google.android.gms/app_chimera/m/00000018/dl-AdsFdrDynamite.integ_254380203100000.apk has no usable artifacts
02-19 11:18:42.894   752   797 D ActivityManager: sync unfroze 24059 com.google.android.webview:sandboxed_process0:org.chromium.content.app.SandboxedProcessService0:0 for 1
02-19 11:18:42.922   752  1095 D BackgroundInstallControlService: Package event received: 0
02-19 11:18:42.923   752  1095 D BackgroundInstallControlService: Package event received: 0
02-19 11:18:43.008   752   794 V WindowManager: Sent Transition (#129) createdAt=02-19 11:18:42.725 via request=TransitionRequestInfo { type = OPEN, triggerTask = TaskInfo{userId=0 taskId=46 effectiveUid=10217 displayId=0 isRunning=true baseIntent=Intent { act=android.intent.action.VIEW dat=intoss://takealook/... flg=0x10000000 cmp=viva.republica.toss.test/im.toss.rn.granite.core.GraniteActivity } baseActivity=ComponentInfo{viva.republica.toss.test/im.toss.rn.granite.core.GraniteActivity} topActivity=ComponentInfo{viva.republica.toss.test/im.toss.rn.granite.core.GraniteActivity} origActivity=null realActivity=ComponentInfo{viva.republica.toss.test/im.toss.rn.granite.core.GraniteActivity} numActivities=1 lastActiveTime=78689037 supportsMultiWindow=true resizeMode=1 isResizeable=true minWidth=-1 minHeight=-1 defaultMinSize=220 token=WCT{RemoteToken{a585dcd Task{7745c88 #46 type=standard A=10217:viva.republica.toss.test}}} topActivityType=1 pictureInPictureParams=null shouldDockBigOverlays=false launchIntoPipHostTaskId=-1 lastParentTaskIdBeforePip=-1 displayCutoutSafeInsets=Rect(0, 0 - 0, 0) topActivityInfo=ActivityInfo{dc29682 im.toss.rn.granite.core.GraniteActivity} launchCookies=[] positionInParent=Point(0, 0) parentTaskId=-1 isFocused=false isVisible=false isVisibleRequested=false isTopActivityNoDisplay=false isSleeping=false locusId=null displayAreaFeatureId=1 isTopActivityTransparent=false isActivityStackTransparent=false lastNonFullscreenBounds=Rect(284, 660 - 796, 1740) capturedLink=null capturedLinkTimestamp=0 requestedVisibleTypes=-9 topActivityRequestOpenInBrowserEducationTimestamp=0 appCompatTaskInfo=AppCompatTaskInfo { topActivityInSizeCompat=false eligibleForLetterboxEducation= false isLetterboxEducationEnabled= true isLetterboxDoubleTapEnabled= false eligibleForUserAspectRatioButton= false topActivityBoundsLetterboxed= false isFromLetterboxDoubleTap= false topActivityLetterboxVerticalPosition= -1 topActivityLetterboxHorizontalPosition= -1 topActivityLetterboxWidth=-1 topActivityLetterboxHeight=-1 topActivityAppBounds=Rect(0, 0 - 1080, 2400) isUserFullscreenOverrideEnabled=false isSystemFullscreenOverrideEnabled=false hasMinAspectRatioOverride=false topActivityLetterboxBounds=null cameraCompatTaskInfo=CameraCompatTaskInfo { freeformCameraCompatMode=inactive}} topActivityMainWindowFrame=null}, pipChange = null, remoteTransition = null, displayChange = null, flags = 0, debugId = 129 }
02-19 11:18:43.008   752   794 V WindowManager:     startWCT=WindowContainerTransaction { changes= {} hops= [] errorCallbackToken=null taskFragmentOrganizer=null }
02-19 11:18:43.008   752   794 V WindowManager:     info={id=129 t=OPEN f=0x0 trk=0 r=[0@Point(0, 0)] c=[
02-19 11:18:43.008   752   794 V WindowManager:         {WCT{RemoteToken{a585dcd Task{7745c88 #46 type=standard A=10217:viva.republica.toss.test}}} m=TO_FRONT f=MOVE_TO_TOP leash=Surface(name=Task=46)/@0xe2d6cf7 sb=Rect(0, 0 - 1080, 2400) eb=Rect(0, 0 - 1080, 2400) epz=Point(1080, 2400) d=0 taskParent=-1},
02-19 11:18:43.008   752   794 V WindowManager:         {WCT{RemoteToken{5218fe8 Task{dd43522 #1 type=home}}} m=TO_BACK f=SHOW_WALLPAPER leash=Surface(name=Task=1)/@0x8ddbd2e sb=Rect(0, 0 - 1080, 2400) eb=Rect(0, 0 - 1080, 2400) epz=Point(1080, 2400) d=0 taskParent=-1},
02-19 11:18:43.008   752   794 V WindowManager:         {m=TO_BACK f=IS_WALLPAPER leash=Surface(name=WallpaperWindowToken{35e0c0f showWhenLocked=false})/@0x512f5be sb=Rect(0, 0 - 1080, 2400) eb=Rect(0, 0 - 1080, 2400) epz=Point(1080, 2400) d=0}
02-19 11:18:43.008   752   794 V WindowManager:     ]}
02-19 11:18:43.010  4449  4531 V WindowManagerShell: onTransitionReady(transaction=3229815410292)
02-19 11:18:43.011  4449  4467 V WindowManagerShell: onTransitionReady (#129) android.os.BinderProxy@7166235: {id=129 t=OPEN f=0x0 trk=0 r=[0@Point(0, 0)] c=[
02-19 11:18:43.011  4449  4467 V WindowManagerShell:         {m=TO_FRONT f=MOVE_TO_TOP leash=Surface(name=Task=46)/@0x3f3e596 sb=Rect(0, 0 - 1080, 2400) eb=Rect(0, 0 - 1080, 2400) epz=Point(1080, 2400) d=0 taskParent=-1},
02-19 11:18:43.011  4449  4467 V WindowManagerShell:         {m=TO_BACK f=SHOW_WALLPAPER leash=Surface(name=Task=1)/@0x6d0a517 sb=Rect(0, 0 - 1080, 2400) eb=Rect(0, 0 - 1080, 2400) epz=Point(1080, 2400) d=0 taskParent=-1},
02-19 11:18:43.011  4449  4467 V WindowManagerShell:         {m=TO_BACK f=IS_WALLPAPER leash=Surface(name=WallpaperWindowToken{35e0c0f showWhenLocked=false})/@0xfed7d04 sb=Rect(0, 0 - 1080, 2400) eb=Rect(0, 0 - 1080, 2400) epz=Point(1080, 2400) d=0}
02-19 11:18:43.011  4449  4467 V WindowManagerShell:     ]}
02-19 11:18:43.013  4449  4467 V WindowManagerShell: Playing animation for (#129) android.os.BinderProxy@7166235@0
02-19 11:18:43.013  4449  4467 V ShellRecents: RecentsTransitionHandler.startAnimation: no controller found
02-19 11:18:43.013  4449  4467 V WindowManagerShell: Transition doesn't have explicit remote, search filters for match for {id=129 t=OPEN f=0x0 trk=0 r=[0@Point(0, 0)] c=[{m=TO_FRONT f=MOVE_TO_TOP leash=Surface(name=Task=46)/@0x3f3e596 sb=Rect(0, 0 - 1080, 2400) eb=Rect(0, 0 - 1080, 2400) epz=Point(1080, 2400) d=0 taskParent=-1},{m=TO_BACK f=SHOW_WALLPAPER leash=Surface(name=Task=1)/@0x6d0a517 sb=Rect(0, 0 - 1080, 2400) eb=Rect(0, 0 - 1080, 2400) epz=Point(1080, 2400) d=0 taskParent=-1},{m=TO_BACK f=IS_WALLPAPER leash=Surface(name=WallpaperWindowToken{35e0c0f showWhenLocked=false})/@0xfed7d04 sb=Rect(0, 0 - 1080, 2400) eb=Rect(0, 0 - 1080, 2400) epz=Point(1080, 2400) d=0}]}
02-19 11:18:43.013  4449  4467 V WindowManagerShell:  Checking filter Pair{{types=[] flags=0x0] notFlags=0x0 checks=[{atype=undefined independent=true modes=[CLOSE,TO_BACK] flags=IN_TASK_WITH_EMBEDDED_ACTIVITY mustBeTask=false order=ANY topActivity=null launchCookie=null taskFragmentToken=android.os.BinderProxy@188d51a windowingMode=undefined}]} RemoteTransition { remoteTransition = android.window.IRemoteTransition$Stub$Proxy@44cd84b, appThread = android.app.IApplicationThread$Stub$Proxy@3a12228, debugName = overlayBackTransition }}
02-19 11:18:43.013  4449  4467 V WindowManagerShell:  Checking filter Pair{{types=[] flags=0x0] notFlags=0x0 checks=[{atype=dream independent=true modes=[OPEN,TO_FRONT] flags=NONE mustBeTask=false order=ANY topActivity=null launchCookie=null windowingMode=undefined},{atype=home independent=true modes=[CLOSE,TO_BACK] flags=NONE mustBeTask=false order=ANY topActivity=null launchCookie=null windowingMode=undefined}]} RemoteTransition { remoteTransition = android.window.IRemoteTransition$Stub$Proxy@6f3eb41, appThread = android.app.IApplicationThread$Stub$Proxy@ccf28e6, debugName = LauncherToDream }}
02-19 11:18:43.014  4449  4467 V WindowManagerShell:  Checking filter Pair{{types=[] flags=0x0] notFlags=0x100 checks=[{atype=home independent=true modes=[OPEN,TO_FRONT] flags=NONE mustBeTask=false order=TOP topActivity=ComponentInfo{com.google.android.apps.nexuslauncher/com.google.android.apps.nexuslauncher.NexusLauncherActivity} launchCookie=null windowingMode=undefined},{atype=standard independent=true modes=[CLOSE,TO_BACK] flags=NONE mustBeTask=false order=ANY topActivity=null launchCookie=null windowingMode=undefined},{NOT atype=undefined independent=true modes=[] flags=NONE mustBeTask=true order=ANY topActivity=null launchCookie=null customAnim=true windowingMode=undefined}]} RemoteTransition { remoteTransition = android.window.IRemoteTransition$Stub$Proxy@a8eae27, appThread = android.app.IApplicationThread$Stub$Proxy@fa38d4, debugName = QuickstepLaunchHome }}
02-19 11:18:43.014  4449  4467 V WindowManagerShell:  Delegate animation for (#129) to null
02-19 11:18:43.014  4449  4467 V WindowManagerShell: start default transition animation, info = {id=129 t=OPEN f=0x0 trk=0 r=[0@Point(0, 0)] c=[{m=TO_FRONT f=MOVE_TO_TOP leash=Surface(name=Task=46)/@0x3f3e596 sb=Rect(0, 0 - 1080, 2400) eb=Rect(0, 0 - 1080, 2400) epz=Point(1080, 2400) d=0 taskParent=-1},{m=TO_BACK f=SHOW_WALLPAPER leash=Surface(name=Task=1)/@0x6d0a517 sb=Rect(0, 0 - 1080, 2400) eb=Rect(0, 0 - 1080, 2400) epz=Point(1080, 2400) d=0 taskParent=-1},{m=TO_BACK f=IS_WALLPAPER leash=Surface(name=WallpaperWindowToken{35e0c0f showWhenLocked=false})/@0xfed7d04 sb=Rect(0, 0 - 1080, 2400) eb=Rect(0, 0 - 1080, 2400) epz=Point(1080, 2400) d=0}]}
02-19 11:18:43.014  4449  4467 V WindowManagerShell: loadAnimation: anim=android.view.animation.AnimationSet@e00c522 animAttr=0x13 type=OPEN isEntrance=false
02-19 11:18:43.014  4449  4467 V WindowManagerShell: loadAnimation: anim=android.view.animation.AnimationSet@cb07bb3 animAttr=0x12 type=OPEN isEntrance=true
02-19 11:18:43.016  4449  4467 V WindowManagerShell:  animated by com.android.wm.shell.transition.DefaultTransitionHandler@f74d823
02-19 11:18:43.031   752   797 D ActivityManager: sync unfroze 4656 com.google.android.adservices.api for 1
02-19 11:18:43.035   752  1095 D BackgroundInstallControlService: Package event received: 0
02-19 11:18:43.074   615   715 W IPCThreadState: Sending oneway calls to frozen process.
02-19 11:18:43.180 24035 24035 D ViewRootImpl: Skipping stats log for color mode
02-19 11:18:43.182  3092  3149 I Finsky:background: [43] Current account updated in PVS
02-19 11:18:43.192  3092 25288 I Finsky:background: [146] SCH: Satisfied jobs for 10320 are: 47-15
02-19 11:18:43.202  3092  3153 I Finsky:background: [45] Current account updated in PVS
02-19 11:18:43.205  3092  3149 I Finsky:background: [43] Current account updated in PVS
02-19 11:18:43.206  3092  3149 I Finsky:background: [43] Current account updated in PVS
02-19 11:18:43.208  3092  3149 I Finsky:background: [43] Current account updated in PVS
02-19 11:18:43.221  3092  3149 I Finsky:background: [43] Current account updated in PVS
02-19 11:18:43.295   752   775 I system_server: Background concurrent mark compact GC freed 24MB AllocSpace bytes, 9(212KB) LOS objects, 43% free, 31MB/55MB, paused 4.690ms,7.144ms total 717.063ms
02-19 11:18:43.349  4449  4467 V WindowManagerShell: Transition animation finished (aborted=false), notifying core (#129) android.os.BinderProxy@7166235@0
02-19 11:18:43.353   752   794 V WindowManager: Finish Transition (#129): created at 02-19 11:18:42.725 collect-started=2.345ms request-sent=18.594ms started=39.91ms ready=187.494ms sent=280.975ms commit=16.745ms finished=627.049ms
02-19 11:18:43.354  1341  1341 D VRI[NexusLauncherActivity]: visibilityChanged oldVisibility=true newVisibility=false
02-19 11:18:43.358  4449  4467 V WindowManagerShell: Track 0 became idle
02-19 11:18:43.358  4449  4467 V WindowManagerShell: All active transition animations finished
02-19 11:18:43.393  1341  1341 D NexusLauncherModelDelegate: notifySmartspaceEvent: SmartspaceTargetEvent{mSmartspaceTarget=null, mSmartspaceActionId='null', mEventType=7}
02-19 11:18:44.124  3092 25284 I Finsky:background: [145] SCH: Job 47-15 starting
02-19 11:18:44.128  3092  3153 I Finsky:background: [45] Current account updated in PVS
02-19 11:18:44.129  3092  3092 I Finsky:background: [2] WM::SCH: Logging work start for 47-15
02-19 11:18:44.129  3092  3147 I Finsky:background: [41] Current account updated in PVS
02-19 11:18:44.130  3092  3147 I Finsky:background: [41] Current account updated in PVS
02-19 11:18:44.131  3092  3150 I Finsky:background: [44] Current account updated in PVS
02-19 11:18:44.520  3092  3147 I Finsky:background: [41] Current account updated in PVS
02-19 11:18:44.751 24035 25303 W unknown:ReconnectingWebSocket: Couldn't connect to "ws://10.0.2.2:8081/message?device=sdk_gphone64_x86_64%20-%2016%20-%20API%2036&app=viva.republica.toss.test&clientid=BridgeDevSupportManager", will silently retry
02-19 11:18:44.776 24035 24035 I Choreographer: Skipped 96 frames!  The application may be doing too much work on its main thread.
02-19 11:18:44.780  3092  3150 I Finsky:background: [44] Current account updated in PVS
02-19 11:18:44.869  3092  3147 I Finsky:background: [41] Current account updated in PVS
02-19 11:18:44.870  3092  3147 I Finsky:background: [41] Current account updated in PVS
02-19 11:18:44.875  3092  3147 I Finsky:background: [41] Current account updated in PVS
02-19 11:18:44.876  3092  3147 I Finsky:background: [41] Current account updated in PVS
