02-19 11:18:44.880  3092  3147 I Finsky:background: [41] Current account updated in PVS
02-19 11:18:44.882  3092  3150 I Finsky:background: [44] Current account updated in PVS
02-19 11:18:44.908 24035 24120 W HWUI    : Failed to choose config with EGL_SWAP_BEHAVIOR_PRESERVED, retrying without...
02-19 11:18:44.908 24035 24120 W HWUI    : Failed to initialize 101010-2 format, error = EGL_SUCCESS
02-19 11:18:44.919  3092  3147 I Finsky:background: [41] Current account updated in PVS
02-19 11:18:44.977  3092  3150 I Finsky:background: [44] Current account updated in PVS
02-19 11:18:44.977  3092 25304 E Finsky:background: [148] [Counters] attempted to use a non-positive increment for: 5114
02-19 11:18:44.977  3092 25304 E Finsky:background: [148] [Counters] attempted to use a non-positive increment for: 5129
02-19 11:18:44.977  3092 25304 E Finsky:background: [148] [Counters] attempted to use a non-positive increment for: 5115
02-19 11:18:44.977  3092 25304 E Finsky:background: [148] [Counters] attempted to use a non-positive increment for: 5116
02-19 11:18:44.977  3092 25304 E Finsky:background: [148] [Counters] attempted to use a non-positive increment for: 5118
02-19 11:18:44.977  3092 25304 E Finsky:background: [148] [Counters] attempted to use a non-positive increment for: 5119
02-19 11:18:44.980  3092  3153 I Finsky:background: [45] Current account updated in PVS
02-19 11:18:45.023  3092  3153 I Finsky:background: [45] SCH: Received scheduling request: Id: 47-30, Constraints: [{ L: 0, D: 172800000, C: CHARGING_NONE, I: IDLE_NONE, N: NET_ANY, B: BATTERY_ANY }]
02-19 11:18:45.040  3092  3150 I Finsky:background: [44] Current account updated in PVS
02-19 11:18:45.043  3092  3153 I Finsky:background: [45] Current account updated in PVS
02-19 11:18:45.054  3092  3150 I Finsky:background: [44] Current account updated in PVS
02-19 11:18:45.055  3092  3149 I Finsky:background: [43] Current account updated in PVS
02-19 11:18:45.056  3092  3149 I Finsky:background: [43] Current account updated in PVS
02-19 11:18:45.111  3092  3112 I ding:background: Waiting for a blocking GC ProfileSaver
02-19 11:18:45.256  3092  3097 W ding:background: Reducing the number of considered missed Gc histogram windows from 370 to 100
02-19 11:18:45.257  3092  3112 I ding:background: WaitForGcToComplete blocked ProfileSaver on Background for 146.683ms
02-19 11:18:45.438 24035 24179 I ReactNativeJNI: Memory warning (pressure level: TRIM_MEMORY_BACKGROUND) received by JS VM, running a GC
02-19 11:18:45.465  1341  1341 D BaseDepthController: setSurface:
02-19 11:18:45.465  1341  1341 D BaseDepthController: 	mWaitingOnSurfaceValidity: false
02-19 11:18:45.465  1341  1341 D BaseDepthController: 	mBaseSurface: null
02-19 11:18:45.465  1341  1341 D BaseDepthController: mSurface is null and mCurrentBlur is: 0
02-19 11:18:45.467  1341  1341 D StateManager: goToState - fromState: Normal, toState: Normal, partial trace:
02-19 11:18:45.467  1341  1341 D StateManager: 	at com.android.launcher3.statemanager.StateManager.moveToRestState(go/retraceme 72a59688580715d19f0e415c69e80376c2f062d1648c80db6730905005a27c20:4)
02-19 11:18:45.467  1341  1341 D StateManager: 	at com.android.launcher3.statemanager.StateManager.moveToRestState(go/retraceme 72a59688580715d19f0e415c69e80376c2f062d1648c80db6730905005a27c20:1)
02-19 11:18:45.467  1341  1341 D StateManager: 	at com.android.launcher3.statemanager.StatefulActivity.onStop(go/retraceme 72a59688580715d19f0e415c69e80376c2f062d1648c80db6730905005a27c20:34)
02-19 11:18:45.467  1341  1341 D StatsLog: LAUNCHER_ONSTOP
02-19 11:18:45.468 24035 24045 I HWUI    : Davey! duration=2219ms; Flags=1, FrameTimelineVsyncId=1021824, IntendedVsync=78997022446976, Vsync=78998622446912, InputEventId=0, HandleInputStart=78998623481026, AnimationStart=78998623481979, PerformTraversalsStart=78998637180172, DrawStart=78998773291705, FrameDeadline=78997039113642, FrameStartTime=78998623107383, FrameInterval=16666666, WorkloadTarget=16666666, SyncQueued=78998834925889, SyncStart=78998837584816, IssueDrawCommandsStart=78998844657234, SwapBuffers=78999184844101, FrameCompleted=78999244195987, DequeueBufferDuration=7849, QueueBufferDuration=658875, GpuCompleted=78999244083197, SwapBuffersCompleted=78999244195987, DisplayPresentTime=0, CommandSubmissionCompleted=78999184844101, 
02-19 11:18:45.479  1341  1341 D StatsLog: LAUNCHER_GOOGLE_SEARCH_RESTORE_LIST_SIZE_AFTER_ACTIVITY_RESTART
02-19 11:18:45.498   752  1095 D BackgroundInstallControlService: Package event received: 0
02-19 11:18:45.546 24035 24035 I Choreographer: Skipped 45 frames!  The application may be doing too much work on its main thread.
02-19 11:18:45.652 24035 24120 W HWUI    : Failed to choose config with EGL_SWAP_BEHAVIOR_PRESERVED, retrying without...
02-19 11:18:45.652 24035 24120 W HWUI    : Failed to initialize 101010-2 format, error = EGL_SUCCESS
02-19 11:18:45.699  3092  3149 I Finsky:background: [43] Current account updated in PVS
02-19 11:18:45.712  3092  3149 I Finsky:background: [43] Current account updated in PVS
02-19 11:18:45.748   752  1856 E TaskPersister: File error accessing recents directory (directory doesn't exist?).
02-19 11:18:45.756  3092  3147 I Finsky:background: [41] Current account updated in PVS
02-19 11:18:45.757  3092  3150 I Finsky:background: [44] Current account updated in PVS
02-19 11:18:45.759  3092  3150 I Finsky:background: [44] Current account updated in PVS
02-19 11:18:45.848  3092  3153 I Finsky:background: [45] WM::SCH: Logging work initialize for 47-30
02-19 11:18:45.873   752   989 I ImeTracker: viva.republica.toss.test:961ed35b: onRequestHide at ORIGIN_SERVER reason HIDE_UNSPECIFIED_WINDOW fromUser false
02-19 11:18:45.883  1563  1563 I GoogleInputMethodService: GoogleInputMethodService.onFinishInput():2043 
02-19 11:18:45.884   752  2368 I ImeTracker: system_server:9e786375: onRequestHide at ORIGIN_SERVER reason IME_REQUESTED_CHANGED_LISTENER fromUser false
02-19 11:18:45.884  1563  1563 I Module  : DeviceLockedStatusModuleProvider$Module.updateDeviceLockedStatus():100 repeatCheckTimes = 0, locked = false
02-19 11:18:45.884  1563  1563 I GoogleInputMethodService: GoogleInputMethodService.onStartInput():1293 onStartInput(EditorInfo{EditorInfo{packageName=viva.republica.toss.test, inputType=0, inputTypeString=NULL, enableLearning=false, autoCorrection=false, autoComplete=false, imeOptions=0, privateImeOptions=null, actionName=UNSPECIFIED, actionLabel=null, initialSelStart=-1, initialSelEnd=-1, initialCapsMode=0, label=null, fieldId=0, fieldName=null, extras=null, hintText=null, hintLocales=[]}}, false)
02-19 11:18:45.886   752   797 I ImeTracker: system_server:9e786375: onCancelled at PHASE_SERVER_SHOULD_HIDE
02-19 11:18:45.893  1563  1563 I Module  : DeviceLockedStatusModuleProvider$Module.updateDeviceLockedStatus():100 repeatCheckTimes = 1, locked = false
02-19 11:18:45.896  1563  1563 I EmojiCompatManager: EmojiCompatManager.getEmojiCompatIfLoaded():343 EmojiCompat.init() was never called.
02-19 11:18:45.896  1563  1563 I EmojiCompatManager: java.lang.IllegalStateException: EmojiCompat is not initialized. Please call EmojiCompat.init() first
02-19 11:18:45.896  1563  1563 I EmojiCompatManager: 	at asx.p(PG:6)
02-19 11:18:45.896  1563  1563 I EmojiCompatManager: 	at axb.b(PG:13)
02-19 11:18:45.896  1563  1563 I EmojiCompatManager: 	at jnr.b(PG:2)
02-19 11:18:45.896  1563  1563 I EmojiCompatManager: 	at jnr.c(PG:4)
02-19 11:18:45.896  1563  1563 I EmojiCompatManager: 	at jnr.f(PG:3)
02-19 11:18:45.896  1563  1563 I EmojiCompatManager: 	at jnx.c(PG:3)
02-19 11:18:45.896  1563  1563 I EmojiCompatManager: 	at kif.cz(PG:47)
02-19 11:18:45.896  1563  1563 I EmojiCompatManager: 	at lhl.run(PG:1025)
02-19 11:18:45.896  1563  1563 I EmojiCompatManager: 	at jaf.execute(PG:12)
02-19 11:18:45.896  1563  1563 I EmojiCompatManager: 	at nco.v(PG:13)
02-19 11:18:45.896  1563  1563 I EmojiCompatManager: 	at lhn.m(PG:96)
02-19 11:18:45.896  1563  1563 I EmojiCompatManager: 	at lhn.k(PG:25)
02-19 11:18:45.896  1563  1563 I EmojiCompatManager: 	at kgn.onStartInput(PG:250)
02-19 11:18:45.896  1563  1563 I EmojiCompatManager: 	at android.inputmethodservice.InputMethodService.doStartInput(InputMethodService.java:3521)
02-19 11:18:45.896  1563  1563 I EmojiCompatManager: 	at android.inputmethodservice.InputMethodService$InputMethodImpl.startInput(InputMethodService.java:879)
02-19 11:18:45.896  1563  1563 I EmojiCompatManager: 	at android.inputmethodservice.InputMethodService$InputMethodImpl.dispatchStartInput(InputMethodService.java:908)
02-19 11:18:45.896  1563  1563 I EmojiCompatManager: 	at android.inputmethodservice.IInputMethodWrapper.executeMessage(IInputMethodWrapper.java:201)
02-19 11:18:45.896  1563  1563 I EmojiCompatManager: 	at com.android.internal.os.HandlerCaller$MyHandler.handleMessage(HandlerCaller.java:44)
02-19 11:18:45.896  1563  1563 I EmojiCompatManager: 	at android.os.Handler.dispatchMessage(Handler.java:110)
02-19 11:18:45.896  1563  1563 I EmojiCompatManager: 	at android.os.Looper.loopOnce(Looper.java:248)
02-19 11:18:45.896  1563  1563 I EmojiCompatManager: 	at android.os.Looper.loop(Looper.java:338)
02-19 11:18:45.896  1563  1563 I EmojiCompatManager: 	at android.app.ActivityThread.main(ActivityThread.java:9067)
02-19 11:18:45.896  1563  1563 I EmojiCompatManager: 	at java.lang.reflect.Method.invoke(Native Method)
02-19 11:18:45.896  1563  1563 I EmojiCompatManager: 	at com.android.internal.os.RuntimeInit$MethodAndArgsCaller.run(RuntimeInit.java:593)
02-19 11:18:45.896  1563  1563 I EmojiCompatManager: 	at com.android.internal.os.ZygoteInit.main(ZygoteInit.java:932)
02-19 11:18:45.898   752  2368 W PackageConfigPersister: App-specific configuration not found for packageName: viva.republica.toss.test and userId: 0
02-19 11:18:45.952  3092  3210 I Finsky:background: [61] SCH: Scheduling phonesky job Id: 47-30, CT: 1771467525027, Constraints: [{ L: 0, D: 172800000, C: CHARGING_NONE, I: IDLE_NONE, N: NET_ANY, B: BATTERY_ANY }, { L: 0, D: 0, C: CHARGING_NONE, I: IDLE_NONE, N: NET_NONE, B: BATTERY_ANY }]
02-19 11:18:45.981  3092  3186 I Finsky:background: [52] SCH: Scheduling 2 system job(s)
02-19 11:18:45.984  3092  3186 I Finsky:background: [52] SCH: Scheduling system job Id: 10321, L: 0, D: 172799044, C: false, I: false, N: 1
02-19 11:18:46.005  3092  3186 I Finsky:background: [52] SCH: Scheduling expedited system job 10322
02-19 11:18:46.007  3092  3092 I Finsky:background: [2] SCH: job service start with id 10321.
02-19 11:18:46.023  3092 25288 I Finsky:background: [146] SCH: Satisfied jobs for 10321 are: 47-30
02-19 11:18:46.024  3092 25284 I Finsky:background: [145] SCH: Job 47-30 starting
02-19 11:18:46.024  3092  3092 I Finsky:background: [2] WM::SCH: Logging work start for 47-30
02-19 11:18:46.025  3092  3092 I Finsky:background: [2] [AUC]: Finished flush job
02-19 11:18:46.037  3092  3147 I Finsky:background: [41] Current account updated in PVS
02-19 11:18:46.046  3092  3092 I Finsky:background: [2] SCH: jobFinished: 47-30. TimeElapsed: 21ms.
02-19 11:18:46.047  3092  3092 I Finsky:background: [2] WM::SCH: Logging work end for 47-30
02-19 11:18:46.048  3092  3147 I Finsky:background: [41] Current account updated in PVS
02-19 11:18:46.050  3092  3150 I Finsky:background: [44] Current account updated in PVS
02-19 11:18:46.052  3092  3150 I Finsky:background: [44] Current account updated in PVS
02-19 11:18:46.053  3092  3150 I Finsky:background: [44] Current account updated in PVS
02-19 11:18:46.057  3092  3150 I Finsky:background: [44] Current account updated in PVS
02-19 11:18:46.059  3092  3150 I Finsky:background: [44] Current account updated in PVS
02-19 11:18:46.062  3092  3150 I Finsky:background: [44] Current account updated in PVS
02-19 11:18:46.064  3092  3150 I Finsky:background: [44] Current account updated in PVS
02-19 11:18:46.066  3092  3150 I Finsky:background: [44] Current account updated in PVS
02-19 11:18:46.070  3092  3150 I Finsky:background: [44] Current account updated in PVS
02-19 11:18:46.081  3092  3150 I Finsky:background: [44] Current account updated in PVS
02-19 11:18:46.091 24035 24045 I HWUI    : Davey! duration=1175ms; Flags=0, FrameTimelineVsyncId=1022047, IntendedVsync=78998639113578, Vsync=78999389113548, InputEventId=0, HandleInputStart=78999393318489, AnimationStart=78999393319772, PerformTraversalsStart=78999445517332, DrawStart=78999446013009, FrameDeadline=78999272446886, FrameStartTime=78999392983069, FrameInterval=16666666, WorkloadTarget=16666666, SyncQueued=78999447113005, SyncStart=78999560238218, IssueDrawCommandsStart=78999563766588, SwapBuffers=78999897109897, FrameCompleted=78999927851122, DequeueBufferDuration=7479029, QueueBufferDuration=4023259, GpuCompleted=78999924985718, SwapBuffersCompleted=78999927851122, DisplayPresentTime=0, CommandSubmissionCompleted=78999897109897, 
02-19 11:18:46.101  3092  3149 I Finsky:background: [43] Current account updated in PVS
02-19 11:18:46.105  3092  3149 I Finsky:background: [43] Current account updated in PVS
02-19 11:18:46.130  3092  3153 I Finsky:background: [45] SCH: jobFinished: 47-15. TimeElapsed: 2003ms.
02-19 11:18:46.131  3092  3149 I Finsky:background: [43] Current account updated in PVS
02-19 11:18:46.143 24035 24035 D InsetsController: hide(ime(), fromIme=false)
02-19 11:18:46.143  3092  3153 I Finsky:background: [45] WM::SCH: Logging work end for 47-15
02-19 11:18:46.143 24035 24035 I ImeTracker: viva.republica.toss.test:961ed35b: onCancelled at PHASE_CLIENT_ALREADY_HIDDEN
02-19 11:18:46.148  3092  3153 I Finsky:background: [45] Current account updated in PVS
02-19 11:18:46.151  3092  3092 I Finsky:background: [2] SCH: job service start with id 10322.
02-19 11:18:46.154  3092  3150 I Finsky:background: [44] Current account updated in PVS
02-19 11:18:46.154  3092  3149 I Finsky:background: [43] Current account updated in PVS
02-19 11:18:46.158  3092  3147 I Finsky:background: [41] Current account updated in PVS
02-19 11:18:46.163  3092  3153 I Finsky:background: [45] Current account updated in PVS
02-19 11:18:46.167  3092  3150 I Finsky:background: [44] Current account updated in PVS
02-19 11:18:46.277  3092 25288 I Finsky:background: [146] SCH: Attempting to reschedule job: Id: 47-15, Constraints: [{ L: 3600000, D: 21551802, C: CHARGING_NONE, I: IDLE_REQUIRED, N: NET_NONE, B: BATTERY_ANY }]
02-19 11:18:46.285  3092  3153 I Finsky:background: [45] Current account updated in PVS
02-19 11:18:46.288  3092  3153 I Finsky:background: [45] Current account updated in PVS
02-19 11:18:46.292  3092  3149 I Finsky:background: [43] Current account updated in PVS
02-19 11:18:46.292  3092  3149 I Finsky:background: [43] Current account updated in PVS
02-19 11:18:46.293  3092  3186 I Finsky:background: [52] SCH: no pending jobs to schedule.
02-19 11:18:46.293  3092 25284 I Finsky:background: [145] SCH: job service finished with id 10322.
02-19 11:18:46.293  3092  3149 I Finsky:background: [43] Current account updated in PVS
02-19 11:18:46.294  3092  3149 I Finsky:background: [43] Current account updated in PVS
02-19 11:18:46.299  3092  3149 I Finsky:background: [43] Current account updated in PVS
02-19 11:18:46.300  3092  3153 I Finsky:background: [45] Current account updated in PVS
02-19 11:18:46.302  3092  3153 I Finsky:background: [45] Current account updated in PVS
02-19 11:18:46.303  3092  3210 I Finsky:background: [61] SCH: no pending jobs to schedule.
02-19 11:18:46.304  3092  3153 I Finsky:background: [45] Current account updated in PVS
02-19 11:18:46.305  3092 25284 I Finsky:background: [145] SCH: job service finished with id 10321.
02-19 11:18:46.307  3092  3153 I Finsky:background: [45] Current account updated in PVS
02-19 11:18:46.309  3092  3153 I Finsky:background: [45] Current account updated in PVS
02-19 11:18:46.313  3092  3153 I Finsky:background: [45] Current account updated in PVS
02-19 11:18:46.320  3092  3153 I Finsky:background: [45] Current account updated in PVS
02-19 11:18:46.344  3092  3177 I Finsky:background: [50] SCH: no pending jobs to schedule.
02-19 11:18:46.345  3092 25284 I Finsky:background: [145] SCH: job service finished with id 10320.
02-19 11:18:46.350  3092  3153 I Finsky:background: [45] Current account updated in PVS
02-19 11:18:46.351  3092  3149 I Finsky:background: [43] Current account updated in PVS
02-19 11:18:46.357  3092  3092 I Finsky:background: [2] Memory trim requested to level 40
02-19 11:18:46.363  3092  3175 I Finsky:background: [48] Current account updated in PVS
02-19 11:18:46.412  3092  3149 I Finsky:background: [43] Current account updated in PVS
02-19 11:18:46.419  3092  3153 I Finsky:background: [45] Current account updated in PVS
02-19 11:18:46.464  3092  3150 I Finsky:background: [44] WM::SCH: Logging work initialize for 47-15
02-19 11:18:46.535 24035 24179 D ReactNativeJS: '[Analytics]', '{\n  "log_type": "screen",\n  "log_name": "/::screen",\n  "params": {\n    "referrer": null,\n    "deployment_id": "local",\n    "deployment_timestamp": null\n  }\n}'
02-19 11:18:46.562  3092  3147 I Finsky:background: [41] Current account updated in PVS
02-19 11:18:46.564  3092  3150 I Finsky:background: [44] Current account updated in PVS
02-19 11:18:46.566  3092  3150 I Finsky:background: [44] Current account updated in PVS
02-19 11:18:46.579  3092  3186 I Finsky:background: [52] SCH: Scheduling phonesky job Id: 47-15, CT: 1771467526277, Constraints: [{ L: 3600000, D: 21551802, C: CHARGING_NONE, I: IDLE_REQUIRED, N: NET_NONE, B: BATTERY_ANY }]
02-19 11:18:46.596  3092  3177 I Finsky:background: [50] SCH: Scheduling 1 system job(s)
02-19 11:18:46.596  3092  3177 I Finsky:background: [50] SCH: Scheduling system job Id: 10323, L: 3599681, D: 21551483, C: false, I: true, N: 0
02-19 11:18:46.624  3092  3149 I Finsky:background: [43] Current account updated in PVS
02-19 11:18:49.056   531   568 W EventThread: Faking VSYNC due to driver stall for thread app
02-19 11:18:49.113   752  1029 D InetDiagMessage: Destroyed 0 sockets, proto=IPPROTO_TCP, family=AF_INET, states=14
02-19 11:18:49.115   752  1029 D InetDiagMessage: Destroyed 0 sockets, proto=IPPROTO_TCP, family=AF_INET6, states=14
02-19 11:18:49.116   752  1029 D InetDiagMessage: Destroyed live tcp sockets for uids={10144} in 4ms
02-19 11:18:49.120   752  1029 D InetDiagMessage: Destroyed 0 sockets, proto=IPPROTO_TCP, family=AF_INET, states=14
02-19 11:18:49.125   752  1029 D InetDiagMessage: Destroyed 0 sockets, proto=IPPROTO_TCP, family=AF_INET6, states=14
02-19 11:18:49.125   752  1029 D InetDiagMessage: Destroyed live tcp sockets for uids={20144} in 8ms
02-19 11:18:49.147 25310 25310 W dumpsys : Thread Pool max thread count is 0. Cannot cache binder as linkToDeath cannot be implemented. serviceName: window
02-19 11:18:49.150   752  2368 I system_server: AssetManager2(0x7d8fac4c0438) locale list changing from [] to [en-US]
02-19 11:18:49.153   752  2368 I system_server: AssetManager2(0x7d8fac51efd8) locale list changing from [] to [en-US]
02-19 11:18:49.155   752  2368 I system_server: AssetManager2(0x7d8fac505358) locale list changing from [] to [en-US]
02-19 11:18:49.156   752  2368 I system_server: AssetManager2(0x7d8fac5094f8) locale list changing from [] to [en-US]
02-19 11:18:49.158   752  2368 I system_server: AssetManager2(0x7d8fac521558) locale list changing from [] to [en-US]
02-19 11:18:49.160   752  2368 I system_server: AssetManager2(0x7d8fac4e2a38) locale list changing from [] to [en-US]
02-19 11:18:49.747  4449  4478 D ControlsListingControllerImpl: Subscribing callback, service count: 0
02-19 11:18:49.763  4449  4478 D ControlsListingControllerImpl: Unsubscribing callback
02-19 11:18:49.765  4449  4478 I QuickAccessWalletTile: QAW service is unavailable, recreating the wallet client.
02-19 11:18:51.200 25316 25316 W screencap: Thread Pool max thread count is 0. Cannot cache binder as linkToDeath cannot be implemented. serviceName: SurfaceFlingerAIDL
02-19 11:18:51.202 25316 25316 W BpBinder: Linking to death on android.gui.ISurfaceComposer but there are no threads (yet?) listening to incoming transactions. See ProcessState::startThreadPool and ProcessState::setThreadPoolMaxThreadCount. Generally you should setup the binder threadpool before other initialization steps.
02-19 11:18:51.203 25316 25316 W ProcessState: Extra binder thread started, but 0 threads requested. Do not use *startThreadPool when zero threads are requested.
02-19 11:18:51.216   531   590 E HwcComposer: getLuts failed Status(-8, EX_SERVICE_SPECIFIC): '8: '
02-19 11:18:51.217   531   590 E HWComposer: getLuts: getLuts failed for display 4619827259835644672: UNSUPPORTED (8)
02-19 11:18:55.442   531   568 W EventThread: Faking VSYNC due to driver stall for thread app
02-19 11:18:55.444   752   969 D ActivityManager: freezing 22778 com.google.android.settings.intelligence
02-19 11:18:55.448  1336  1556 D SatelliteController: iisInCarrierRoamingNbIotNtn: satellite is disabled
02-19 11:18:55.449   752  1029 D InetDiagMessage: Destroyed 0 sockets, proto=IPPROTO_TCP, family=AF_INET, states=14
02-19 11:18:55.451   752  1029 D InetDiagMessage: Destroyed 0 sockets, proto=IPPROTO_TCP, family=AF_INET6, states=14
02-19 11:18:55.452  1563  1563 I StylusModule: StylusModule.onUpdateToolType():801 Update tool type = 0
02-19 11:18:55.453   752  1029 D InetDiagMessage: Destroyed live tcp sockets for uids={10144} in 7ms
02-19 11:18:55.565   752   981 I InputDispatcher: e7859e9 viva.republica.toss.test/im.toss.rn.granite.core.GraniteActivity spent 3539ms processing KeyEvent
02-19 11:18:58.005   531   568 W EventThread: Faking VSYNC due to driver stall for thread app
02-19 11:18:58.007 24035 24035 I Choreographer: Skipped 34 frames!  The application may be doing too much work on its main thread.
02-19 11:18:58.008   752   969 D ActivityManager: freezing 3092 com.android.vending:background
02-19 11:18:58.019   752  1029 D InetDiagMessage: Destroyed 0 sockets, proto=IPPROTO_TCP, family=AF_INET, states=14
02-19 11:18:58.023   752  1029 D InetDiagMessage: Destroyed 1 sockets, proto=IPPROTO_TCP, family=AF_INET6, states=14
02-19 11:18:58.024   752  1029 D InetDiagMessage: Destroyed live tcp sockets for uids={10146} in 6ms
02-19 11:18:58.056 25323 25323 W dumpsys : Thread Pool max thread count is 0. Cannot cache binder as linkToDeath cannot be implemented. serviceName: window
02-19 11:18:58.345  1782  2441 I bbax    : (REDACTED) getHotwordActive::active query: %s, watch: %s, devices connected: %s
02-19 11:18:58.624 25328 25328 W screencap: Thread Pool max thread count is 0. Cannot cache binder as linkToDeath cannot be implemented. serviceName: SurfaceFlingerAIDL
02-19 11:18:58.625 25328 25328 W BpBinder: Linking to death on android.gui.ISurfaceComposer but there are no threads (yet?) listening to incoming transactions. See ProcessState::startThreadPool and ProcessState::setThreadPoolMaxThreadCount. Generally you should setup the binder threadpool before other initialization steps.
02-19 11:18:58.625 25328 25328 W ProcessState: Extra binder thread started, but 0 threads requested. Do not use *startThreadPool when zero threads are requested.
02-19 11:18:58.629   531   590 E HwcComposer: getLuts failed Status(-8, EX_SERVICE_SPECIFIC): '8: '
02-19 11:18:58.629   531   590 E HWComposer: getLuts: getLuts failed for display 4619827259835644672: UNSUPPORTED (8)
