02-19 20:46:23.630 29213 29355 W unknown:ReactContext: initializeMessageQueueThreads() is called.
02-19 20:46:23.711   752  1095 D BackgroundInstallControlService: Package event received: 0
02-19 20:46:23.722  3453  3453 D BoundBrokerSvc: onBind: Intent { act=com.google.android.gms.appset.service.START dat=chimera-action:/... xflg=0x4 cmp=com.google.android.gms/.chimera.GmsApiService }
02-19 20:46:23.723  3453  3453 D BoundBrokerSvc: Loading bound service for intent: Intent { act=com.google.android.gms.appset.service.START dat=chimera-action:/... xflg=0x4 cmp=com.google.android.gms/.chimera.GmsApiService }
02-19 20:46:23.743   752  2375 W ActivityTaskManager: callingPackage for (uid=2000, pid=29385) has no WPC
02-19 20:46:23.747   752  2375 D CompatChangeReporter: Compat change id reported: 151861875; UID 10217; state: ENABLED
02-19 20:46:23.748   752  2375 V GrammaticalInflectionUtils: AttributionSource: android.content.AttributionSource@56784557 does not have READ_SYSTEM_GRAMMATICAL_GENDER permission.
02-19 20:46:23.749   752  1095 D BackgroundInstallControlService: Package event received: 0
02-19 20:46:23.749   752  2375 W OptProp : Cannot read opt property android.window.PROPERTY_COMPAT_ALLOW_USER_ASPECT_RATIO_OVERRIDE
02-19 20:46:23.750   752  2375 W OptProp : Cannot read opt property android.window.PROPERTY_COMPAT_ALLOW_USER_ASPECT_RATIO_FULLSCREEN_OVERRIDE
02-19 20:46:23.750   752  2375 W OptProp : Cannot read opt property android.window.PROPERTY_COMPAT_ALLOW_RESIZEABLE_ACTIVITY_OVERRIDES
02-19 20:46:23.750   752  2375 W OptProp : Cannot read opt property android.window.PROPERTY_COMPAT_ALLOW_MIN_ASPECT_RATIO_OVERRIDE
02-19 20:46:23.756   752  2375 I ActivityTaskManager: START u0 {act=android.intent.action.VIEW dat=intoss://takealook/... flg=0x10000000 xflg=0x4 cmp=viva.republica.toss.test/im.toss.rn.granite.core.GraniteActivity} with LAUNCH_MULTIPLE from uid 2000 (BAL_ALLOW_PERMISSION) result code=3
02-19 20:46:23.756  4449  4488 D KeyguardService: setOccluded(false)
02-19 20:46:23.756  4449  4488 D KeyguardViewMediator: setOccluded(false)
02-19 20:46:23.766  4449  4449 D KeyguardViewMediator: handleSetOccluded(false)
02-19 20:46:23.766  4449  4467 D WindowManagerShell: onActivityRestartAttempt: topActivity=ComponentInfo{viva.republica.toss.test/im.toss.rn.granite.core.GraniteActivity}, wasVisible=true
02-19 20:46:23.768   531   590 I BpBinder: onLastStrongRef automatically unlinking death recipients: 
02-19 20:46:23.778  4449  4449 D KeyguardViewMediator: KeyguardViewMediator queue processing message: SET_OCCLUDED
02-19 20:46:23.778   752  1987 D CompatChangeReporter: Compat change id reported: 297989574; UID 10217; state: ENABLED
02-19 20:46:23.788 29213 29218 I blica.toss.test: Background concurrent mark compact GC freed 7791KB AllocSpace bytes, 11(276KB) LOS objects, 49% free, 15MB/31MB, paused 12.165ms,8.193ms total 186.449ms
02-19 20:46:23.809   752  1789 D ActivityManager: sync unfroze 19829 com.android.vending for 6
02-19 20:46:23.812   752  1095 D BackgroundInstallControlService: Package event received: 0
02-19 20:46:23.827 29213 29378 W unknown:ViewManagerPropertyUpdater: Could not find generated setter for class com.facebook.react.views.traceupdateoverlay.TraceUpdateOverlayManager
02-19 20:46:23.831 29213 29378 W unknown:ViewManagerPropertyUpdater: Could not find generated setter for class com.facebook.react.uimanager.LayoutShadowNode
02-19 20:46:23.833 29213 29378 W unknown:ViewManagerPropertyUpdater: Could not find generated setter for class com.facebook.react.views.drawer.ReactDrawerLayoutManager
02-19 20:46:23.834 29213 29378 W unknown:ViewManagerPropertyUpdater: Could not find generated setter for class com.facebook.react.views.scroll.ReactHorizontalScrollViewManager
02-19 20:46:23.837 29213 29378 W unknown:ViewManagerPropertyUpdater: Could not find generated setter for class com.facebook.react.views.scroll.ReactHorizontalScrollContainerViewManager
02-19 20:46:23.838 29213 29378 W unknown:ViewManagerPropertyUpdater: Could not find generated setter for class com.facebook.react.views.progressbar.ReactProgressBarViewManager
02-19 20:46:23.839 29213 29378 W unknown:ViewManagerPropertyUpdater: Could not find generated setter for class com.facebook.react.views.progressbar.ProgressBarShadowNode
02-19 20:46:23.840 29213 29378 W unknown:ViewManagerPropertyUpdater: Could not find generated setter for class com.facebook.react.views.scroll.ReactScrollViewManager
02-19 20:46:23.842 29213 29378 W unknown:ViewManagerPropertyUpdater: Could not find generated setter for class com.facebook.react.views.switchview.ReactSwitchManager
02-19 20:46:23.843 29213 29378 W unknown:ViewManagerPropertyUpdater: Could not find generated setter for class com.facebook.react.views.switchview.ReactSwitchManager$ReactSwitchShadowNode
02-19 20:46:23.843 29213 29378 W unknown:ViewManagerPropertyUpdater: Could not find generated setter for class com.facebook.react.views.swiperefresh.SwipeRefreshLayoutManager
02-19 20:46:23.845 29213 29378 W unknown:ViewManagerPropertyUpdater: Could not find generated setter for class com.facebook.react.views.text.frescosupport.FrescoBasedReactTextInlineImageViewManager
02-19 20:46:23.845 29213 29378 W unknown:ViewManagerPropertyUpdater: Could not find generated setter for class com.facebook.react.views.text.frescosupport.FrescoBasedReactTextInlineImageShadowNode
02-19 20:46:23.846 29213 29378 W unknown:ViewManagerPropertyUpdater: Could not find generated setter for class com.facebook.react.views.image.ReactImageManager
02-19 20:46:23.847 29213 29378 W unknown:ViewManagerPropertyUpdater: Could not find generated setter for class com.facebook.react.views.modal.ReactModalHostManager
02-19 20:46:23.848 29213 29378 W unknown:ViewManagerPropertyUpdater: Could not find generated setter for class com.facebook.react.views.modal.ModalHostShadowNode
02-19 20:46:23.848 29213 29378 W unknown:ViewManagerPropertyUpdater: Could not find generated setter for class com.facebook.react.views.text.ReactRawTextManager
02-19 20:46:23.849 29213 29378 W unknown:ViewManagerPropertyUpdater: Could not find generated setter for class com.facebook.react.views.text.ReactRawTextShadowNode
02-19 20:46:23.849 29213 29378 W unknown:ViewManagerPropertyUpdater: Could not find generated setter for class com.facebook.react.views.textinput.ReactTextInputManager
02-19 20:46:23.863   752  1987 D ConnectivityService: requestNetwork for uid/pid:10217/29213 activeRequest: null callbackRequest: 928 [NetworkRequest [ REQUEST id=929, [ Capabilities: INTERNET&NOT_RESTRICTED&TRUSTED&NOT_VCN_MANAGED&NOT_BANDWIDTH_CONSTRAINED Uid: 10217 RequestorUid: 10217 RequestorPkg: viva.republica.toss.test UnderlyingNetworks: Null] ]] callback flags: 0 order: 2147483647 isUidTracked: false declaredMethods: AVAIL|LOST|NC|LP
02-19 20:46:23.866   752  1023 D OemPaidWifiNetworkFactory: got request NetworkRequest [ REQUEST id=929, [ Capabilities: INTERNET&NOT_RESTRICTED&TRUSTED&NOT_VCN_MANAGED&NOT_BANDWIDTH_CONSTRAINED Uid: 10217 RequestorUid: 10217 RequestorPkg: viva.republica.toss.test UnderlyingNetworks: Null] ]
02-19 20:46:23.866   752  1023 D MultiInternetWifiNetworkFactory: got request NetworkRequest [ REQUEST id=929, [ Capabilities: INTERNET&NOT_RESTRICTED&TRUSTED&NOT_VCN_MANAGED&NOT_BANDWIDTH_CONSTRAINED Uid: 10217 RequestorUid: 10217 RequestorPkg: viva.republica.toss.test UnderlyingNetworks: Null] ]
02-19 20:46:23.866   752  1023 D WifiNetworkFactory: got request NetworkRequest [ REQUEST id=929, [ Capabilities: INTERNET&NOT_RESTRICTED&TRUSTED&NOT_VCN_MANAGED&NOT_BANDWIDTH_CONSTRAINED Uid: 10217 RequestorUid: 10217 RequestorPkg: viva.republica.toss.test UnderlyingNetworks: Null] ]
02-19 20:46:23.866   752  1023 D UntrustedWifiNetworkFactory: got request NetworkRequest [ REQUEST id=929, [ Capabilities: INTERNET&NOT_RESTRICTED&TRUSTED&NOT_VCN_MANAGED&NOT_BANDWIDTH_CONSTRAINED Uid: 10217 RequestorUid: 10217 RequestorPkg: viva.republica.toss.test UnderlyingNetworks: Null] ]
02-19 20:46:23.866   752  1029 D ConnectivityService: NetReassign [929 : null â†’ 108] [c 0] [a 1] [i 1]
02-19 20:46:23.867   752  1987 D CompatChangeReporter: Compat change id reported: 319212206; UID 10217; state: ENABLED
02-19 20:46:23.870   752  1029 D ConnectivityService: NetReassign [no changes] [c 0] [a 1] [i 1]
02-19 20:46:23.879 29213 29378 W unknown:ViewManagerPropertyUpdater: Could not find generated setter for class com.facebook.react.views.textinput.ReactTextInputShadowNode
02-19 20:46:23.885 29213 29378 W unknown:ViewManagerPropertyUpdater: Could not find generated setter for class com.facebook.react.views.text.ReactTextViewManager
02-19 20:46:23.888 29213 29378 W unknown:ViewManagerPropertyUpdater: Could not find generated setter for class com.facebook.react.views.text.ReactTextShadowNode
02-19 20:46:23.889 29213 29378 W unknown:ViewManagerPropertyUpdater: Could not find generated setter for class com.facebook.react.views.view.ReactViewManager
02-19 20:46:23.890 19829 19829 I Finsky  : [2] Memory trim requested to level 40
02-19 20:46:23.895 29213 29378 W unknown:ViewManagerPropertyUpdater: Could not find generated setter for class com.facebook.react.views.text.ReactVirtualTextViewManager
02-19 20:46:23.895 29213 29378 W unknown:ViewManagerPropertyUpdater: Could not find generated setter for class com.facebook.react.views.text.ReactVirtualTextShadowNode
02-19 20:46:23.896 29213 29378 W unknown:ViewManagerPropertyUpdater: Could not find generated setter for class com.facebook.react.views.unimplementedview.ReactUnimplementedViewManager
02-19 20:46:23.898 29213 29378 W unknown:ViewManagerPropertyUpdater: Could not find generated setter for class com.shopify.reactnative.flash_list.AutoLayoutViewManager
02-19 20:46:23.899 19829 19829 I Finsky  : [2] Flushing in-memory image cache
02-19 20:46:23.901 29213 29378 W unknown:ViewManagerPropertyUpdater: Could not find generated setter for class com.shopify.reactnative.flash_list.CellContainerManager
02-19 20:46:23.903 29213 29378 W unknown:ViewManagerPropertyUpdater: Could not find generated setter for class com.airbnb.android.react.lottie.LottieAnimationViewManager
02-19 20:46:23.905 29213 29378 W unknown:ViewManagerPropertyUpdater: Could not find generated setter for class com.swmansion.gesturehandler.react.RNGestureHandlerRootViewManager
02-19 20:46:23.906 29213 29378 W unknown:ViewManagerPropertyUpdater: Could not find generated setter for class com.swmansion.gesturehandler.react.RNGestureHandlerButtonViewManager
02-19 20:46:23.909 29213 29378 W unknown:ViewManagerPropertyUpdater: Could not find generated setter for class io.invertase.googlemobileads.ReactNativeGoogleMobileAdsBannerAdViewManager
02-19 20:46:23.911 29213 29378 W unknown:ViewManagerPropertyUpdater: Could not find generated setter for class com.reactnativepagerview.PagerViewViewManager
02-19 20:46:23.914 29213 29378 W unknown:ViewManagerPropertyUpdater: Could not find generated setter for class com.th3rdwave.safeareacontext.SafeAreaProviderManager
02-19 20:46:23.916 29213 29378 W unknown:ViewManagerPropertyUpdater: Could not find generated setter for class com.th3rdwave.safeareacontext.SafeAreaViewManager
02-19 20:46:23.917 29213 29378 W unknown:ViewManagerPropertyUpdater: Could not find generated setter for class o.eglCreatePlatformPixmapSurface
02-19 20:46:23.926 29213 29378 W unknown:ViewManagerPropertyUpdater: Could not find generated setter for class com.swmansion.rnscreens.ScreenContainerViewManager
02-19 20:46:23.927 29213 29378 W unknown:ViewManagerPropertyUpdater: Could not find generated setter for class com.swmansion.rnscreens.ScreenViewManager
02-19 20:46:23.904 29213 29213 W mqt_js  : type=1400 audit(0.0:502): avc:  granted  { execute } for  path="/data/data/viva.republica.toss.test/libtcj.so" dev="dm-55" ino=363905 scontext=u:r:untrusted_app:s0:c217,c256,c512,c768 tcontext=u:object_r:app_data_file:s0:c217,c256,c512,c768 tclass=file app=viva.republica.toss.test
02-19 20:46:23.931 29213 29378 W unknown:ViewManagerPropertyUpdater: Could not find generated setter for class com.swmansion.rnscreens.ScreenStackViewManager
02-19 20:46:23.933 29213 29377 D nativeloader: Load /data/data/viva.republica.toss.test/libtcj.so using class loader ns clns-9 (caller=<unknown>): ok
02-19 20:46:23.936 29213 29378 W unknown:ViewManagerPropertyUpdater: Could not find generated setter for class com.swmansion.rnscreens.ScreenStackHeaderConfigViewManager
02-19 20:46:23.948 29213 29378 W unknown:ViewManagerPropertyUpdater: Could not find generated setter for class com.swmansion.rnscreens.ScreenStackHeaderSubviewManager
02-19 20:46:23.950 29213 29378 W unknown:ViewManagerPropertyUpdater: Could not find generated setter for class com.swmansion.rnscreens.SearchBarManager
02-19 20:46:23.952 29213 29378 W unknown:ViewManagerPropertyUpdater: Could not find generated setter for class com.horcrux.svg.RenderableViewManager$DefsViewManager
02-19 20:46:23.955 29213 29378 W unknown:ViewManagerPropertyUpdater: Could not find generated setter for class com.horcrux.svg.VirtualViewManager$RemoteActionCompatParcelizer
02-19 20:46:23.956 29213 29378 W unknown:ViewManagerPropertyUpdater: Could not find generated setter for class com.horcrux.svg.RenderableViewManager$MarkerManager
02-19 20:46:23.961 29213 29378 W unknown:ViewManagerPropertyUpdater: Could not find generated setter for class com.horcrux.svg.RenderableViewManager$ForeignObjectManager
02-19 20:46:23.965 29213 29378 W unknown:ViewManagerPropertyUpdater: Could not find generated setter for class com.horcrux.svg.RenderableViewManager$EllipseViewManager
02-19 20:46:23.968 29213 29378 W unknown:ViewManagerPropertyUpdater: Could not find generated setter for class com.horcrux.svg.RenderableViewManager$LineViewManager
02-19 20:46:23.972 29213 29378 W unknown:ViewManagerPropertyUpdater: Could not find generated setter for class com.horcrux.svg.RenderableViewManager$LinearGradientManager
02-19 20:46:23.976 29213 29378 W unknown:ViewManagerPropertyUpdater: Could not find generated setter for class com.horcrux.svg.RenderableViewManager$GroupViewManager
02-19 20:46:23.977 29213 29378 W unknown:ViewManagerPropertyUpdater: Could not find generated setter for class com.horcrux.svg.RenderableViewManager$TextViewManager
02-19 20:46:23.980 29213 29378 W unknown:ViewManagerPropertyUpdater: Could not find generated setter for class com.horcrux.svg.RenderableViewManager$ImageViewManager
02-19 20:46:23.983 29213 29378 W unknown:ViewManagerPropertyUpdater: Could not find generated setter for class com.horcrux.svg.RenderableViewManager$ClipPathViewManager
02-19 20:46:23.991 29213 29378 W unknown:ViewManagerPropertyUpdater: Could not find generated setter for class com.horcrux.svg.RenderableViewManager$RadialGradientManager
02-19 20:46:23.993 29213 29378 W unknown:ViewManagerPropertyUpdater: Could not find generated setter for class com.horcrux.svg.RenderableViewManager$MaskManager
02-19 20:46:23.996 29213 29378 W unknown:ViewManagerPropertyUpdater: Could not find generated setter for class com.horcrux.svg.RenderableViewManager$SymbolManager
02-19 20:46:23.999 29213 29378 W unknown:ViewManagerPropertyUpdater: Could not find generated setter for class com.horcrux.svg.RenderableViewManager$PatternManager
02-19 20:46:24.002 29213 29378 W unknown:ViewManagerPropertyUpdater: Could not find generated setter for class com.horcrux.svg.RenderableViewManager$RectViewManager
02-19 20:46:24.004 29213 29378 W unknown:ViewManagerPropertyUpdater: Could not find generated setter for class com.horcrux.svg.RenderableViewManager$TextPathViewManager
02-19 20:46:24.008 29213 29378 W unknown:ViewManagerPropertyUpdater: Could not find generated setter for class com.horcrux.svg.SvgViewManager
02-19 20:46:24.010 29213 29378 W unknown:ViewManagerPropertyUpdater: Could not find generated setter for class com.horcrux.svg.RenderableViewManager$PathViewManager
02-19 20:46:24.013 29213 29378 W unknown:ViewManagerPropertyUpdater: Could not find generated setter for class com.horcrux.svg.RenderableViewManager$UseViewManager
02-19 20:46:24.017 29213 29378 W unknown:ViewManagerPropertyUpdater: Could not find generated setter for class com.horcrux.svg.RenderableViewManager$CircleViewManager
02-19 20:46:24.019 29213 29378 W unknown:ViewManagerPropertyUpdater: Could not find generated setter for class com.horcrux.svg.RenderableViewManager$TSpanViewManager
02-19 20:46:24.022 29213 29378 W unknown:ViewManagerPropertyUpdater: Could not find generated setter for class com.brentvatne.exoplayer.ReactExoplayerViewManager
02-19 20:46:24.025 29213 29213 W unknown:ReactNative: Packager connection already open, nooping.
02-19 20:46:24.026 29213 29378 W unknown:ViewManagerPropertyUpdater: Could not find generated setter for class com.reactnativecommunity.webview.RNCWebViewManager
02-19 20:46:24.029 29213 29378 W unknown:ViewManagerPropertyUpdater: Could not find generated setter for class im.toss.rn.granite.core.module.image.FastImageViewManager
02-19 20:46:24.038 29213 29378 W unknown:ReactContext: initializeMessageQueueThreads() is called.
02-19 20:46:24.072 29213 29253 W cr_media: BLUETOOTH_CONNECT permission is missing.
02-19 20:46:24.075 29213 29253 W cr_media: getBluetoothAdapter() requires BLUETOOTH permission
02-19 20:46:24.075 29213 29253 W cr_media: registerBluetoothIntentsIfNeeded: Requires BLUETOOTH permission
02-19 20:46:24.109 19829 19970 I Finsky  : [71] Current account updated in PVS
02-19 20:46:24.117 29236 29255 I cr_LibraryLoader: Successfully loaded native library
02-19 20:46:24.119 29236 29255 I cr_CachingUmaRecorder: Flushed 2 samples from 2 histograms, 0 samples were dropped.
02-19 20:46:24.131  3453  3453 D BoundBrokerSvc: onBind: Intent { act=com.google.android.gms.safebrowsing.SafeBrowsingService.START dat=chimera-action:/... xflg=0x4 cmp=com.google.android.gms/.chimera.GmsBoundBrokerService }
02-19 20:46:24.131  3453  3453 D BoundBrokerSvc: Loading bound service for intent: Intent { act=com.google.android.gms.safebrowsing.SafeBrowsingService.START dat=chimera-action:/... xflg=0x4 cmp=com.google.android.gms/.chimera.GmsBoundBrokerService }
02-19 20:46:24.154 29213 29389 W libc    : Access denied finding property "vendor.mesa.log"
02-19 20:46:24.155 29213 29389 W libc    : Access denied finding property "vendor.mesa.log.file"
02-19 20:46:24.155 29213 29389 E MESA    : Failed to open rendernode: No such file or directory
02-19 20:46:24.156 29236 29255 W SystemServiceRegistry: No service published for: uimode
02-19 20:46:24.196 29213 29389 D vulkan  : searching for layers in '/data/app/~~NUQj-rdXzuicW-16SIRtKA==/viva.republica.toss.test-Si406wFvb_sqEA2GTBV6RQ==/lib/x86_64'
02-19 20:46:24.216 29213 29389 D vulkan  : searching for layers in '/data/app/~~NUQj-rdXzuicW-16SIRtKA==/viva.republica.toss.test-Si406wFvb_sqEA2GTBV6RQ==/base.apk!/lib/x86_64'
02-19 20:46:24.216 19829 19966 I Finsky  : [70] Current account updated in PVS
02-19 20:46:24.236 19829 19965 I Finsky  : [69] Current account updated in PVS
02-19 20:46:24.239   752  1789 W ProcessStats: Tracking association SourceState{52bd52 com.google.android.gms/10148 BTop #25672} whose proc state 2 is better than process ProcessState{a867855 com.android.vending/10146 pkg=com.android.vending} proc state 14 (27 skipped)
02-19 20:46:24.251 19829 19970 I Finsky  : [71] Current account updated in PVS
02-19 20:46:24.257 29236 29255 W chromium: [WARNING:runtime_features.cc(560)] Fenced frames cannot be enabled in this configuration. Use --enable-features=FencedFrames instead.
02-19 20:46:24.257 29236 29255 W chromium: [WARNING:runtime_features.cc(585)] Topics cannot be enabled in this configuration. Use --enable-features=BrowsingTopics in addition.
02-19 20:46:24.257 29236 29255 W chromium: [WARNING:runtime_features.cc(606)] SharedStorage cannot be enabled in this configuration. Use --enable-features=SharedStorageAPI in addition.
02-19 20:46:24.555 19301 19315 I FontLog : (REDACTED) Received query %s, URI %s
02-19 20:46:24.559 19301 19315 I FontLog : (REDACTED) Query [%s] resolved to %s
02-19 20:46:24.564 19301 19315 I FontLog : (REDACTED) Font PFD returned from cache for %s
02-19 20:46:24.565 19301 19315 I FontLog : (REDACTED) Fetch %s end status %s
02-19 20:46:24.577 19301 19315 I FontLog : (REDACTED) Pulling font file for id = %d, cache size = %d
02-19 20:46:24.585 19301 19315 I FontLog : (REDACTED) Received query %s, URI %s
02-19 20:46:24.585 19301 19315 I FontLog : (REDACTED) Query [%s] resolved to %s
02-19 20:46:24.592 19301 19315 I FontLog : (REDACTED) Fetch %s end status %s
02-19 20:46:24.599 19301 20013 I FontLog : (REDACTED) Pulling font file for id = %d, cache size = %d
02-19 20:46:24.609 19301 20013 I FontLog : (REDACTED) Received query %s, URI %s
02-19 20:46:24.610 19301 20013 I FontLog : (REDACTED) Query [%s] resolved to %s
02-19 20:46:24.619 19301 20013 I FontLog : (REDACTED) Font PFD returned from cache for %s
02-19 20:46:24.620 19301 20013 I FontLog : (REDACTED) Fetch %s end status %s
02-19 20:46:24.630 19301 20013 I FontLog : (REDACTED) Pulling font file for id = %d, cache size = %d
02-19 20:46:24.634 29213 29389 W libc    : Access denied finding property "vendor.mesa.vk.trace.per.submit"
02-19 20:46:24.634 29213 29389 W libc    : Access denied finding property "vendor.mesa.gallium.print.optio"
02-19 20:46:24.634 29213 29389 W libc    : Access denied finding property "vendor.mesa.vk.trace.frame"
02-19 20:46:24.637 19301 20013 I FontLog : (REDACTED) Received query %s, URI %s
02-19 20:46:24.637 19301 20013 I FontLog : (REDACTED) Query [%s] resolved to %s
02-19 20:46:24.640 19301 20013 I FontLog : (REDACTED) Font PFD returned from cache for %s
02-19 20:46:24.640 19301 20013 I FontLog : (REDACTED) Fetch %s end status %s
02-19 20:46:24.645 19301 20013 I FontLog : (REDACTED) Pulling font file for id = %d, cache size = %d
02-19 20:46:24.646 29213 29389 W libc    : Access denied finding property "vendor.mesa.vk.wsi.headless.swa"
02-19 20:46:24.654 19301 20013 I FontLog : (REDACTED) Received query %s, URI %s
02-19 20:46:24.655 19301 20013 I FontLog : (REDACTED) Query [%s] resolved to %s
02-19 20:46:24.664 19301 20013 I FontLog : (REDACTED) Font PFD returned from cache for %s
02-19 20:46:24.665 19301 20013 I FontLog : (REDACTED) Fetch %s end status %s
02-19 20:46:24.670 19301 20013 I FontLog : (REDACTED) Pulling font file for id = %d, cache size = %d
02-19 20:46:24.676 19301 29403 I SQLiteConnectionPool: The connection pool for /data/user/0/com.google.android.gms/databases/metadata.db has been closed but there are still 1 connections in use.  They will be closed as they are released back to the pool.
02-19 20:46:24.678 19301 29404 W FontLog : Error updating last accessed time for {Google Sans, wdth 100.0, wght 500, ital 0.0, bestEffort false}, isVf false}. [CONTEXT service_id=132 ]
02-19 20:46:24.678 19301 29404 W FontLog : java.lang.IllegalStateException: Cannot perform this operation because the connection pool has been closed.
02-19 20:46:24.678 19301 29404 W FontLog : 	at android.database.sqlite.SQLiteConnectionPool.throwIfClosedLocked(SQLiteConnectionPool.java:1110)
02-19 20:46:24.678 19301 29404 W FontLog : 	at android.database.sqlite.SQLiteConnectionPool.waitForConnection(SQLiteConnectionPool.java:801)
02-19 20:46:24.678 19301 29404 W FontLog : 	at android.database.sqlite.SQLiteConnectionPool.acquireConnection(SQLiteConnectionPool.java:406)
02-19 20:46:24.678 19301 29404 W FontLog : 	at android.database.sqlite.SQLiteSession.acquireConnection(SQLiteSession.java:931)
02-19 20:46:24.678 19301 29404 W FontLog : 	at android.database.sqlite.SQLiteSession.executeForChangedRowCount(SQLiteSession.java:789)
02-19 20:46:24.678 19301 29404 W FontLog : 	at android.database.sqlite.SQLiteStatement.executeUpdateDelete(SQLiteStatement.java:67)
02-19 20:46:24.678 19301 29404 W FontLog : 	at android.database.sqlite.SQLiteDatabase.executeSql(SQLiteDatabase.java:2235)
02-19 20:46:24.678 19301 29404 W FontLog : 	at android.database.sqlite.SQLiteDatabase.execSQL(SQLiteDatabase.java:2211)
02-19 20:46:24.678 19301 29404 W FontLog : 	at bvxi.run(:com.google.android.gms@260438038@26.04.38 (260800-867839860):57)
02-19 20:46:24.678 19301 29404 W FontLog : 	at bfir.c(:com.google.android.gms@260438038@26.04.38 (260800-867839860):50)
02-19 20:46:24.678 19301 29404 W FontLog : 	at bfir.run(:com.google.android.gms@260438038@26.04.38 (260800-867839860):73)
02-19 20:46:24.678 19301 29404 W FontLog : 	at java.util.concurrent.ThreadPoolExecutor.runWorker(ThreadPoolExecutor.java:1156)
02-19 20:46:24.678 19301 29404 W FontLog : 	at java.util.concurrent.ThreadPoolExecutor$Worker.run(ThreadPoolExecutor.java:651)
02-19 20:46:24.678 19301 29404 W FontLog : 	at bfoi.run(:com.google.android.gms@260438038@26.04.38 (260800-867839860):8)
02-19 20:46:24.678 19301 29404 W FontLog : 	at java.lang.Thread.run(Thread.java:1119)
02-19 20:46:24.678 19301 29404 W FontLog : Caused by: java.lang.Exception: SQLiteConnectionPool.close()
02-19 20:46:24.678 19301 29404 W FontLog : 	at android.database.sqlite.SQLiteConnectionPool.dispose(SQLiteConnectionPool.java:274)
02-19 20:46:24.678 19301 29404 W FontLog : 	at android.database.sqlite.SQLiteConnectionPool.close(SQLiteConnectionPool.java:254)
02-19 20:46:24.678 19301 29404 W FontLog : 	at android.database.sqlite.SQLiteDatabase.dispose(SQLiteDatabase.java:559)
02-19 20:46:24.678 19301 29404 W FontLog : 	at android.database.sqlite.SQLiteDatabase.onAllReferencesReleased(SQLiteDatabase.java:536)
02-19 20:46:24.678 19301 29404 W FontLog : 	at android.database.sqlite.SQLiteClosable.releaseReference(SQLiteClosable.java:92)
02-19 20:46:24.678 19301 29404 W FontLog : 	at android.database.sqlite.SQLiteDatabase.executeSql(SQLiteDatabase.java:2246)
02-19 20:46:24.678 19301 29404 W FontLog : 	... 8 more
02-19 20:46:24.697   752   795 W Looper  : Slow dispatch took 113ms android.ui app=system_server main=false group=TOP_APP h=com.android.server.am.ActivityManagerService$UiHandler c=com.android.server.am.UidObserverController$$ExternalSyntheticLambda0@6a2cd6d m=0
02-19 20:46:24.949 29213 29389 W chromium: [WARNING:viz_main_impl.cc(85)] VizNullHypothesis is disabled (not a warning)
02-19 20:46:26.181   752   969 D ActivityManager: freezing 19378 com.google.android.webview:webview_service
02-19 20:46:26.181   531   568 W EventThread: Faking VSYNC due to driver stall for thread app
02-19 20:46:26.184 29213 29213 I Choreographer: Skipped 65 frames!  The application may be doing too much work on its main thread.
02-19 20:46:26.193   752  1029 D InetDiagMessage: Destroyed 0 sockets, proto=IPPROTO_TCP, family=AF_INET, states=14
02-19 20:46:26.197   752  1029 D InetDiagMessage: Destroyed 0 sockets, proto=IPPROTO_TCP, family=AF_INET6, states=14
02-19 20:46:26.197   752  1029 D InetDiagMessage: Destroyed live tcp sockets for uids={10168} in 6ms
02-19 20:46:26.210   752  1856 E TaskPersister: File error accessing recents directory (directory doesn't exist?).
02-19 20:46:26.245 29213 29213 I Ads     : JS: The jsLoaded GMSG has been sent (https://googleads.g.doubleclick.net/mads/static/sdk/native/sdk-core-v40.html:1025)
02-19 20:46:26.270 29405 29405 W dumpsys : Thread Pool max thread count is 0. Cannot cache binder as linkToDeath cannot be implemented. serviceName: window
02-19 20:46:26.308 29213 29377 D nativeloader: Load /data/app/~~NUQj-rdXzuicW-16SIRtKA==/viva.republica.toss.test-Si406wFvb_sqEA2GTBV6RQ==/lib/x86_64/libreactnativeblob.so using class loader ns clns-9 (caller=<unknown>): ok
02-19 20:46:26.462 29213 29217 I blica.toss.test: Compiler allocated 4717KB to compile void com.facebook.soloader.nativeloader.SystemDelegate.read(java.lang.String)
02-19 20:46:26.470 29213 29213 W unknown:ReactContext: initializeMessageQueueThreads() is called.
02-19 20:46:26.619   752  1789 W PackageConfigPersister: App-specific configuration not found for packageName: viva.republica.toss.test and userId: 0
02-19 20:46:28.522   531   568 W EventThread: Faking VSYNC due to driver stall for thread app
02-19 20:46:28.666 29213 29377 I ReactNativeJS: Running "shared" with {"initialProps":{"initialColorPreference":"light","loadingStartTs":1771501576425,"initialFontScale":"100"},"rootTag":11}
02-19 20:46:28.775   752   797 E BLASTSyncEngine: WM sent Transaction (#940, Transition-OPEN, tx=3229815434212) to organizer, but never received commit callback. Application ANR likely to follow.
02-19 20:46:29.693  3453  3453 D BoundBrokerSvc: onUnbind: Intent { act=com.google.android.gms.safetynet.service.START xflg=0x4 pkg=com.google.android.gms }
02-19 20:46:29.721 29213 29218 I blica.toss.test: NativeAlloc concurrent mark compact GC freed 5620KB AllocSpace bytes, 6(168KB) LOS objects, 49% free, 17MB/35MB, paused 4.556ms,5.739ms total 134.405ms
02-19 20:46:29.724 29213 29220 W System  : A resource failed to call ZipFile.close. 
02-19 20:46:29.765 29213 29378 W unknown:ViewManagerPropertyUpdater: Could not find generated setter for class o.onLost
02-19 20:46:29.815 29213 29377 D ReactNativeJS: '[Analytics]', '{\n  "log_type": "screen",\n  "log_name": "/::screen",\n  "params": {\n    "referrer": null,\n    "deployment_id": "local",\n    "deployment_timestamp": null\n  }\n}'
02-19 20:46:30.506 29213 29377 E ReactNativeJS: 'ê¶Œí•œ ëª©ë¡ì„ ê°€ì ¸ì˜¤ëŠ” ë° ì‹¤íŒ¨í–ˆì–´ìš”:', [Error: SERVICE_NAME is missing]
02-19 20:46:31.182 29213 29429 D nativeloader: Load /data/app/~~NUQj-rdXzuicW-16SIRtKA==/viva.republica.toss.test-Si406wFvb_sqEA2GTBV6RQ==/lib/x86_64/libimagepipeline.so using class loader ns clns-9 (caller=<unknown>): ok
02-19 20:46:31.395 29213 29377 I ReactNativeJS: '[eventLogDebug]', { log_name: '/::screen',
02-19 20:46:31.395 29213 29377 I ReactNativeJS:   log_type: 'screen',
02-19 20:46:31.395 29213 29377 I ReactNativeJS:   params: 
02-19 20:46:31.395 29213 29377 I ReactNativeJS:    { search: '',
02-19 20:46:31.395 29213 29377 I ReactNativeJS:      referrer: 'null',
02-19 20:46:31.395 29213 29377 I ReactNativeJS:      deployment_id: 'local',
02-19 20:46:31.395 29213 29377 I ReactNativeJS:      deployment_timestamp: 'NaN' } }
02-19 20:46:31.559 29213 29430 W HWUI    : Image decoding logging dropped!
02-19 20:46:32.567 29415 29415 W screencap: Thread Pool max thread count is 0. Cannot cache binder as linkToDeath cannot be implemented. serviceName: SurfaceFlingerAIDL
02-19 20:46:32.568 29415 29415 W BpBinder: Linking to death on android.gui.ISurfaceComposer but there are no threads (yet?) listening to incoming transactions. See ProcessState::startThreadPool and ProcessState::setThreadPoolMaxThreadCount. Generally you should setup the binder threadpool before other initialization steps.
02-19 20:46:32.569 29415 29415 W ProcessState: Extra binder thread started, but 0 threads requested. Do not use *startThreadPool when zero threads are requested.
02-19 20:46:32.608   531   602 E HwcComposer: getLuts failed Status(-8, EX_SERVICE_SPECIFIC): '8: '
02-19 20:46:32.610   531   602 E HWComposer: getLuts: getLuts failed for display 4619827259835644672: UNSUPPORTED (8)
