02-19 23:02:50.125 19166 19166 D RecentsView: setRecentsAnimationTargets - recentsAnimationController: null, recentsAnimationTargets: null
02-19 23:02:50.126 19166 19166 D OverviewCommandHelper: recents animation canceled: CommandInfo(type=TOGGLE, status=COMPLETED, createTime=121242040, animationCallbacks=com.android.quickstep.RecentsAnimationCallbacks@9595655, displayId=0, isLastOfBatch=true)
02-19 23:02:50.131 19166 19166 D RecentsView: onRecentsAnimationComplete - mRecentsAnimationController: null, mSideTaskLaunchCallback: null
02-19 23:02:50.131 19166 19166 D RecentsView: onRecentsAnimationComplete - mRecentsAnimationController: null, mSideTaskLaunchCallback: null
02-19 23:02:50.140  4449  4467 V WindowManagerShell: Transition animation finished (aborted=false), notifying core (#1277) android.os.BinderProxy@ef9b6f@0
02-19 23:02:50.164   752  1095 D BackgroundInstallControlService: Package event received: 0
02-19 23:02:50.173   752  1852 W ActivityManager: pid 752 system sent binder code 7 with flags 1 to frozen apps and got error -32
02-19 23:02:50.173   752  1852 D ActivityManager: Too many transaction errors, throttling freezer binder callback.
02-19 23:02:50.174   752  1852 W WindowManager: Exception thrown during dispatchAppVisibility Window{f9c273f u0 PopupWindow:dc8d6f4 EXITING}
02-19 23:02:50.174   752  1852 W WindowManager: android.os.DeadObjectException
02-19 23:02:50.174   752  1852 W WindowManager: 	at android.os.BinderProxy.transactNative(Native Method)
02-19 23:02:50.174   752  1852 W WindowManager: 	at android.os.BinderProxy.transact(BinderProxy.java:592)
02-19 23:02:50.174   752  1852 W WindowManager: 	at android.view.IWindow$Stub$Proxy.dispatchAppVisibility(IWindow.java:557)
02-19 23:02:50.174   752  1852 W WindowManager: 	at com.android.server.wm.WindowState.sendAppVisibilityToClients(WindowState.java:3151)
02-19 23:02:50.174   752  1852 W WindowManager: 	at com.android.server.wm.WindowContainer.sendAppVisibilityToClients(WindowContainer.java:1311)
02-19 23:02:50.174   752  1852 W WindowManager: 	at com.android.server.wm.WindowState.sendAppVisibilityToClients(WindowState.java:3138)
02-19 23:02:50.174   752  1852 W WindowManager: 	at com.android.server.wm.WindowContainer.sendAppVisibilityToClients(WindowContainer.java:1311)
02-19 23:02:50.174   752  1852 W WindowManager: 	at com.android.server.wm.WindowToken.setClientVisible(WindowToken.java:389)
02-19 23:02:50.174   752  1852 W WindowManager: 	at com.android.server.wm.ActivityRecord.setClientVisible(ActivityRecord.java:6650)
02-19 23:02:50.174   752  1852 W WindowManager: 	at com.android.server.wm.ActivityRecord.commitVisibility(ActivityRecord.java:5561)
02-19 23:02:50.174   752  1852 W WindowManager: 	at com.android.server.wm.Transition.finishTransition(Transition.java:1391)
02-19 23:02:50.174   752  1852 W WindowManager: 	at com.android.server.wm.TransitionController.finishTransition(TransitionController.java:1029)
02-19 23:02:50.174   752  1852 W WindowManager: 	at com.android.server.wm.WindowOrganizerController.finishTransition(WindowOrganizerController.java:496)
02-19 23:02:50.174   752  1852 W WindowManager: 	at android.window.IWindowOrganizerController$Stub.onTransact(IWindowOrganizerController.java:261)
02-19 23:02:50.174   752  1852 W WindowManager: 	at com.android.server.wm.WindowOrganizerController.onTransact(WindowOrganizerController.java:223)
02-19 23:02:50.174   752  1852 W WindowManager: 	at android.os.Binder.execTransactInternal(Binder.java:1426)
02-19 23:02:50.174   752  1852 W WindowManager: 	at android.os.Binder.execTransact(Binder.java:1365)
02-19 23:02:50.175   752  1852 W Process : Unable to open /proc/14167/status
02-19 23:02:50.176   752  1852 W ActivityManager: pid 752 system sent binder code 7 with flags 1 to frozen apps and got error -32
02-19 23:02:50.217 19166 19166 D StatsLog: LAUNCHER_ONRESUME
02-19 23:02:50.219   752  1852 D ActivityManager: Too many transaction errors, throttling freezer binder callback.
02-19 23:02:50.219   752  1852 W WindowManager: Exception thrown during dispatchAppVisibility Window{f6f86ae u0 viva.republica.toss.test/im.toss.rn.granite.core.GraniteActivity EXITING}
02-19 23:02:50.219   752  1852 W WindowManager: android.os.DeadObjectException
02-19 23:02:50.219   752  1852 W WindowManager: 	at android.os.BinderProxy.transactNative(Native Method)
02-19 23:02:50.219   752  1852 W WindowManager: 	at android.os.BinderProxy.transact(BinderProxy.java:592)
02-19 23:02:50.219   752  1852 W WindowManager: 	at android.view.IWindow$Stub$Proxy.dispatchAppVisibility(IWindow.java:557)
02-19 23:02:50.219   752  1852 W WindowManager: 	at com.android.server.wm.WindowState.sendAppVisibilityToClients(WindowState.java:3151)
02-19 23:02:50.219   752  1852 W WindowManager: 	at com.android.server.wm.WindowContainer.sendAppVisibilityToClients(WindowContainer.java:1311)
02-19 23:02:50.219   752  1852 W WindowManager: 	at com.android.server.wm.WindowToken.setClientVisible(WindowToken.java:389)
02-19 23:02:50.219   752  1852 W WindowManager: 	at com.android.server.wm.ActivityRecord.setClientVisible(ActivityRecord.java:6650)
02-19 23:02:50.219   752  1852 W WindowManager: 	at com.android.server.wm.ActivityRecord.commitVisibility(ActivityRecord.java:5561)
02-19 23:02:50.219   752  1852 W WindowManager: 	at com.android.server.wm.Transition.finishTransition(Transition.java:1391)
02-19 23:02:50.219   752  1852 W WindowManager: 	at com.android.server.wm.TransitionController.finishTransition(TransitionController.java:1029)
02-19 23:02:50.219   752  1852 W WindowManager: 	at com.android.server.wm.WindowOrganizerController.finishTransition(WindowOrganizerController.java:496)
02-19 23:02:50.219   752  1852 W WindowManager: 	at android.window.IWindowOrganizerController$Stub.onTransact(IWindowOrganizerController.java:261)
02-19 23:02:50.219   752  1852 W WindowManager: 	at com.android.server.wm.WindowOrganizerController.onTransact(WindowOrganizerController.java:223)
02-19 23:02:50.219   752  1852 W WindowManager: 	at android.os.Binder.execTransactInternal(Binder.java:1426)
02-19 23:02:50.219   752  1852 W WindowManager: 	at android.os.Binder.execTransact(Binder.java:1365)
02-19 23:02:50.220   752  1852 W Process : Unable to open /proc/14167/status
02-19 23:02:50.226   752   794 V WindowManager: Finish Transition (#1277): created at 02-19 23:02:48.283 collect-started=0.103ms request-sent=5.246ms started=176.194ms ready=302.805ms sent=1526.031ms commit=84.514ms finished=1880.679ms
02-19 23:02:50.227 19166 19190 D QuickstepModelDelegate: notifyAppTargetEvent action=1 launchLocation=workspace/0/[-1,-1]/[1,1]
02-19 23:02:50.228   531   603 I BpBinder: onLastStrongRef automatically unlinking death recipients: 
02-19 23:02:50.235 19166 19166 D StateManager: onStateTransitionStart - state: Normal
02-19 23:02:50.236 19166 19166 D RecentsView: updateTaskStackListenerState: false
02-19 23:02:50.250   752   794 V WindowManager: Finish Transition (#1278): created at 02-19 23:02:48.322 collect-started=1533.446ms started=1640.219ms ready=1652.626ms sent=1665.493ms commit=198.835ms finished=1926.34ms
02-19 23:02:50.254  4449  4467 V WindowManagerShell: Track 0 became idle
02-19 23:02:50.254  4449  4467 V WindowManagerShell: All active transition animations finished
02-19 23:02:50.256  4449  4467 D WindowManagerShell: setLauncherKeepClearAreaHeight: visible=true, height=527
02-19 23:02:50.299   752  1095 D BackgroundInstallControlService: Package event received: 0
02-19 23:02:50.309   531   531 E BpTransactionCompletedListener: Failed to transact (-32)
02-19 23:02:50.309   531   531 E BpTransactionCompletedListener: Failed to transact (-32)
02-19 23:02:50.347  1971  2198 I AiAiEcho: Predicting[0]:  [CONTEXT sampling_count=5 ]
02-19 23:02:50.347  1971  2198 I AiAiEcho: EchoTargets: 
02-19 23:02:50.347  1971  2198 I AiAiEcho: Filtered by AiAi flag check: 
02-19 23:02:50.347  1971  2198 I AiAiEcho: [CONTEXT ratelimit_period="10 SECONDS" ]
02-19 23:02:50.362 19166 19166 D RecentsView: onTaskRemoved: 236, not handling task stack changes
02-19 23:02:50.362 19166 19166 D RecentsView: onTaskRemoved: 236, not handling task stack changes
02-19 23:02:50.363 19166 19166 I NotificationListener: Handling notification state refresh for com.google.android.adservices.api#0
02-19 23:02:50.364 19166 19166 I NotificationListener: Handling notification state refresh for android#0
02-19 23:02:50.364 19166 19166 I NotificationListener: Handling notification state refresh for com.android.systemui#0
02-19 23:02:50.410 19166 19170 I s.nexuslauncher: NativeAlloc concurrent mark compact GC freed 1290KB AllocSpace bytes, 2(104KB) LOS objects, 49% free, 5752KB/11MB, paused 7.922ms,3.002ms total 321.362ms
02-19 23:02:50.426 19166 19172 W System  : A resource failed to call release. 
02-19 23:02:50.426 19166 19172 W System  : A resource failed to call release. 
02-19 23:02:50.427 19166 19172 W System  : A resource failed to call release. 
02-19 23:02:50.431  1971  2198 I AiAiEcho: #remoteViewsTwiddler: feature disabled.
02-19 23:02:50.435  1971  2198 I AiAiEcho: #postPredictionTargets: Sending updates to UISurface home with targets# 0 (types=[])
02-19 23:02:50.499 19166 19166 D SsBaseTemplateCard: No text view can be set up
02-19 23:02:50.500 19166 19166 D SsBaseTemplateCard: Passed-in item info is null
02-19 23:02:50.500 19166 19166 D SsBaseTemplateCard: Passed-in item info is null
02-19 23:02:50.500 19166 19166 D SsBaseTemplateCard: Passed-in item info is null
02-19 23:02:50.500 19166 19166 I SsBaseTemplateCard: Secondary card pane is null
02-19 23:02:50.512 19166 19166 D StateManager: onStateTransitionEnd - state: Normal
02-19 23:02:50.515 19166 19166 D RecentsView: reset - mEnableDrawingLiveTile: false, mRecentsAnimationController: null
02-19 23:02:50.516 19166 19166 D ActivityAllAppsContainerView: rebindAdapters: force: false
02-19 23:02:50.516 19166 19166 D ActivityAllAppsContainerView: rebindAdapters: Not needed.
02-19 23:02:50.539 19166 19166 D OverviewActionsView: updateForGroupedTask() called with: isGroupedTask = [false], canSaveAppPair = [false]
02-19 23:02:50.539 19166 19166 D OverviewActionsView: updateActionButtonsVisibility() called: showSingleTaskActions = [true], showGroupActions = [false]
02-19 23:02:50.636  4449  4458 W System  : A resource failed to call release. 
02-19 23:02:50.636  4449  4458 W System  : A resource failed to call release. 
02-19 23:02:50.637  4449  4458 W System  : A resource failed to call release. 
02-19 23:02:50.638  4449  4458 W System  : A resource failed to call release. 
02-19 23:02:50.638  4449  4458 W System  : A resource failed to call release. 
02-19 23:02:50.638  4449  4458 W System  : A resource failed to call release. 
02-19 23:02:50.638  4449  4458 W System  : A resource failed to call release. 
02-19 23:02:50.639  4449  4458 W System  : A resource failed to call release. 
02-19 23:02:50.639  4449  4458 W System  : A resource failed to call release. 
02-19 23:02:50.640  4449  4458 W System  : A resource failed to call release. 
02-19 23:02:50.640  4449  4458 W System  : A resource failed to call release. 
02-19 23:02:50.640  4449  4458 W System  : A resource failed to call release. 
02-19 23:02:50.640  4449  4458 W System  : A resource failed to call release. 
02-19 23:02:50.641  4449  4458 W System  : A resource failed to call release. 
02-19 23:02:50.641  4449  4458 W System  : A resource failed to call release. 
02-19 23:02:50.641  4449  4458 W System  : A resource failed to call release. 
02-19 23:02:50.641  4449  4458 W System  : A resource failed to call release. 
02-19 23:02:50.641  4449  4458 W System  : A resource failed to call release. 
02-19 23:02:50.641  4449  4458 W System  : A resource failed to call release. 
02-19 23:02:50.641  4449  4458 W System  : A resource failed to call release. 
02-19 23:02:50.641  4449  4458 W System  : A resource failed to call release. 
02-19 23:02:50.641  4449  4458 W System  : A resource failed to call release. 
02-19 23:02:50.641  4449  4458 W System  : A resource failed to call release. 
02-19 23:02:50.641  4449  4458 W System  : A resource failed to call release. 
02-19 23:02:50.641  4449  4458 W System  : A resource failed to call release. 
02-19 23:02:50.641  4449  4458 W System  : A resource failed to call release. 
02-19 23:02:50.642  4449  4458 W System  : A resource failed to call release. 
02-19 23:02:50.642  4449  4458 W System  : A resource failed to call release. 
02-19 23:02:50.642  4449  4458 W System  : A resource failed to call release. 
02-19 23:02:50.642  4449  4458 W System  : A resource failed to call release. 
02-19 23:02:50.642  4449  4458 W System  : A resource failed to call release. 
02-19 23:02:50.642  4449  4458 W System  : A resource failed to call release. 
02-19 23:02:50.642  4449  4458 W System  : A resource failed to call release. 
02-19 23:02:50.642  4449  4458 W System  : A resource failed to call release. 
02-19 23:02:51.313   752   969 D ActivityManager: freezing 19829 com.android.vending
02-19 23:02:51.322   752  1029 D InetDiagMessage: Destroyed 0 sockets, proto=IPPROTO_TCP, family=AF_INET, states=14
02-19 23:02:51.326   752  1029 D InetDiagMessage: Destroyed 0 sockets, proto=IPPROTO_TCP, family=AF_INET6, states=14
02-19 23:02:51.326   752  1029 D InetDiagMessage: Destroyed live tcp sockets for uids={10146} in 6ms
02-19 23:02:51.370 14324 14324 W dumpsys : Thread Pool max thread count is 0. Cannot cache binder as linkToDeath cannot be implemented. serviceName: window
02-19 23:02:51.374   752  2503 I system_server: AssetManager2(0x7d8fac488fd8) locale list changing from [] to [en-US]
02-19 23:02:51.376   752  2503 I system_server: AssetManager2(0x7d8fac5172d8) locale list changing from [] to [en-US]
02-19 23:02:51.378   752  2503 I system_server: AssetManager2(0x7d8fac4a7438) locale list changing from [] to [en-US]
02-19 23:02:51.380   752  2503 I system_server: AssetManager2(0x7d8fac504098) locale list changing from [] to [en-US]
02-19 23:02:51.381   752  2503 I system_server: AssetManager2(0x7d8fac503738) locale list changing from [] to [en-US]
02-19 23:02:51.384   752  2503 I system_server: AssetManager2(0x7d8fac48b878) locale list changing from [] to [en-US]
02-19 23:02:51.638   752  2503 W ActivityTaskManager: callingPackage for (uid=2000, pid=14329) has no WPC
02-19 23:02:51.641   752  2503 V GrammaticalInflectionUtils: AttributionSource: android.content.AttributionSource@56784557 does not have READ_SYSTEM_GRAMMATICAL_GENDER permission.
02-19 23:02:51.643   752  2503 W OptProp : Cannot read opt property android.window.PROPERTY_COMPAT_ALLOW_USER_ASPECT_RATIO_OVERRIDE
02-19 23:02:51.644   752  2503 W OptProp : Cannot read opt property android.window.PROPERTY_COMPAT_ALLOW_USER_ASPECT_RATIO_FULLSCREEN_OVERRIDE
02-19 23:02:51.644   752  2503 W OptProp : Cannot read opt property android.window.PROPERTY_COMPAT_ALLOW_RESIZEABLE_ACTIVITY_OVERRIDES
02-19 23:02:51.644   752  2503 W OptProp : Cannot read opt property android.window.PROPERTY_COMPAT_ALLOW_MIN_ASPECT_RATIO_OVERRIDE
02-19 23:02:51.653   752  2503 W OptProp : Cannot read opt property android.window.PROPERTY_COMPAT_ALLOW_ORIENTATION_OVERRIDE
02-19 23:02:51.656   531   590 I BpBinder: onLastStrongRef automatically unlinking death recipients: 
02-19 23:02:51.665   752  2503 I ActivityTaskManager: START u0 {act=android.intent.action.VIEW dat=intoss://takealook/... flg=0x10000000 xflg=0x4 pkg=viva.republica.toss.test cmp=viva.republica.toss.test/.MiniAppSchemeActivity} with LAUNCH_MULTIPLE from uid 2000 (BAL_ALLOW_PERMISSION) result code=0
02-19 23:02:51.667  4449  4467 V WindowManagerShell: Transition requested (#1279): android.os.BinderProxy@5cbd5b0 TransitionRequestInfo { type = OPEN, triggerTask = TaskInfo{userId=0 taskId=237 effectiveUid=10217 displayId=0 isRunning=true baseIntent=Intent { act=android.intent.action.VIEW dat=intoss://takealook/... flg=0x10000000 pkg=viva.republica.toss.test cmp=viva.republica.toss.test/.MiniAppSchemeActivity } baseActivity=ComponentInfo{viva.republica.toss.test/viva.republica.toss.test.MiniAppSchemeActivity} topActivity=ComponentInfo{viva.republica.toss.test/viva.republica.toss.test.MiniAppSchemeActivity} origActivity=null realActivity=ComponentInfo{viva.republica.toss.test/viva.republica.toss.test.MiniAppSchemeActivity} numActivities=1 lastActiveTime=121245510 supportsMultiWindow=true resizeMode=1 isResizeable=true minWidth=-1 minHeight=-1 defaultMinSize=220 token=WCT{android.window.IWindowContainerToken$Stub$Proxy@905cc29} topActivityType=1 pictureInPictureParams=null shouldDockBigOverlays=false launchIntoPipHostTaskId=-1 lastParentTaskIdBeforePip=-1 displayCutoutSafeInsets=Rect(0, 0 - 0, 0) topActivityInfo=ActivityInfo{c629bae viva.republica.toss.test.MiniAppSchemeActivity} launchCookies=[] positionInParent=Point(0, 0) parentTaskId=-1 isFocused=false isVisible=false isVisibleRequested=false isTopActivityNoDisplay=false isSleeping=false locusId=null displayAreaFeatureId=1 isTopActivityTransparent=true isActivityStackTransparent=true lastNonFullscreenBounds=Rect(284, 660 - 796, 1740) capturedLink=null capturedLinkTimestamp=0 requestedVisibleTypes=-9 topActivityRequestOpenInBrowserEducationTimestamp=0 appCompatTaskInfo=AppCompatTaskInfo { topActivityInSizeCompat=false eligibleForLetterboxEducation= false isLetterboxEducationEnabled= true isLetterboxDoubleTapEnabled= false eligibleForUserAspectRatioButton= false topActivityBoundsLetterboxed= false isFromLetterboxDoubleTap= false topActivityLetterboxVerticalPosition= -1 topActivityLetterboxHorizontalPosition= -1 topActivityLetterboxWidth=-1 topActivityLetterboxHeight=-1 topActivityAppBounds=Rect(0, 0 - 1080, 2400) isUserFullscreenOverrideEnabled=false isSystemFullscreenOverrideEnabled=false hasMinAspectRatioOverride=false topActivityLetterboxBounds=null cameraCompatTaskInfo=CameraCompatTaskInfo { freeformCameraCompatMode=inactive}} topActivityMainWindowFrame=null}, pipChange = null, remoteTransition = null, displayChange = null, flags = 0, debugId = 1279 }
02-19 23:02:51.667  4449  4467 D ShellSplitScreen: logExit: no-op, mLoggerSessionId is null
02-19 23:02:51.670 19166 19166 W SplitSelectStateCtor: Missing session instanceIds
02-19 23:02:51.670 19166 19166 D StatsLog: LAUNCHER_SPLIT_SELECTION_EXIT_INTERRUPTED
02-19 23:02:51.675  4449  4467 D WindowManagerShell: setLauncherKeepClearAreaHeight: visible=false, height=527
02-19 23:02:51.680   752   797 V GrammaticalInflectionUtils: AttributionSource: android.content.AttributionSource@56784557 does not have READ_SYSTEM_GRAMMATICAL_GENDER permission.
02-19 23:02:51.688   752  1095 D BackgroundInstallControlService: Package event received: 0
02-19 23:02:51.698   458   458 D Zygote  : Forked child process 14332
02-19 23:02:51.699   752   806 I ActivityManager: Start proc 14332:viva.republica.toss.test/u0a217 for next-top-activity {viva.republica.toss.test/viva.republica.toss.test.MiniAppSchemeActivity}
02-19 23:02:51.700   752   806 I ActivityManager: ProcessObserver broadcast disabled
02-19 23:03:01.812   531   569 W EventThread: Faking VSYNC due to driver stall for thread appSf
02-19 23:03:01.812   531   568 W EventThread: Faking VSYNC due to driver stall for thread app
02-19 23:03:01.817   531   531 I BpBinder: onLastStrongRef automatically unlinking death recipients: 
02-19 23:03:01.841   752   797 W BLASTSyncEngine: Sync group 1279 timeout
02-19 23:03:01.842   752   797 I BLASTSyncEngine: Unfinished container: ActivityRecord{148739408 u0 viva.republica.toss.test/.MiniAppSchemeActivity t237}
02-19 23:03:01.845   752   797 I BLASTSyncEngine: Unfinished container: Task{5b72349 #237 type=standard A=10217:viva.republica.toss.test}
02-19 23:03:01.900 14332 14332 I blica.toss.test: Using CollectorTypeCMC GC.
02-19 23:03:01.902   752  1029 D InetDiagMessage: Destroyed 0 sockets, proto=IPPROTO_TCP, family=AF_INET, states=14
02-19 23:03:01.903 14332 14332 W blica.toss.test: Unexpected CPU variant for x86: x86_64.
02-19 23:03:01.903 14332 14332 W blica.toss.test: Known variants: atom, sandybridge, silvermont, goldmont, goldmont-plus, goldmont-without-sha-xsaves, tremont, kabylake, alderlake, default
02-19 23:03:01.910 14332 14332 E blica.toss.test: Not starting debugger since process cannot load the jdwp agent.
02-19 23:03:01.916   752  1029 D InetDiagMessage: Destroyed 0 sockets, proto=IPPROTO_TCP, family=AF_INET6, states=14
02-19 23:03:01.916   752  1029 D InetDiagMessage: Destroyed live tcp sockets for uids={10205} in 16ms
02-19 23:03:01.919   752  1029 D InetDiagMessage: Destroyed 0 sockets, proto=IPPROTO_TCP, family=AF_INET, states=14
02-19 23:03:01.927   752  1029 D InetDiagMessage: Destroyed 0 sockets, proto=IPPROTO_TCP, family=AF_INET6, states=14
02-19 23:03:01.928   752  1029 D InetDiagMessage: Destroyed live tcp sockets for uids={20205} in 11ms
02-19 23:03:01.930   752   794 V WindowManager: Sent Transition (#1279) createdAt=02-19 23:02:51.645 via request=TransitionRequestInfo { type = OPEN, triggerTask = TaskInfo{userId=0 taskId=237 effectiveUid=10217 displayId=0 isRunning=true baseIntent=Intent { act=android.intent.action.VIEW dat=intoss://takealook/... flg=0x10000000 pkg=viva.republica.toss.test cmp=viva.republica.toss.test/.MiniAppSchemeActivity } baseActivity=ComponentInfo{viva.republica.toss.test/viva.republica.toss.test.MiniAppSchemeActivity} topActivity=ComponentInfo{viva.republica.toss.test/viva.republica.toss.test.MiniAppSchemeActivity} origActivity=null realActivity=ComponentInfo{viva.republica.toss.test/viva.republica.toss.test.MiniAppSchemeActivity} numActivities=1 lastActiveTime=121245510 supportsMultiWindow=true resizeMode=1 isResizeable=true minWidth=-1 minHeight=-1 defaultMinSize=220 token=WCT{RemoteToken{e7af281 Task{5b72349 #237 type=standard A=10217:viva.republica.toss.test}}} topActivityType=1 pictureInPictureParams=null shouldDockBigOverlays=false launchIntoPipHostTaskId=-1 lastParentTaskIdBeforePip=-1 displayCutoutSafeInsets=Rect(0, 0 - 0, 0) topActivityInfo=ActivityInfo{102bf26 viva.republica.toss.test.MiniAppSchemeActivity} launchCookies=[] positionInParent=Point(0, 0) parentTaskId=-1 isFocused=false isVisible=false isVisibleRequested=false isTopActivityNoDisplay=false isSleeping=false locusId=null displayAreaFeatureId=1 isTopActivityTransparent=true isActivityStackTransparent=true lastNonFullscreenBounds=Rect(284, 660 - 796, 1740) capturedLink=null capturedLinkTimestamp=0 requestedVisibleTypes=-9 topActivityRequestOpenInBrowserEducationTimestamp=0 appCompatTaskInfo=AppCompatTaskInfo { topActivityInSizeCompat=false eligibleForLetterboxEducation= false isLetterboxEducationEnabled= true isLetterboxDoubleTapEnabled= false eligibleForUserAspectRatioButton= false topActivityBoundsLetterboxed= false isFromLetterboxDoubleTap= false topActivityLetterboxVerticalPosition= -1 topActivityLetterboxHorizontalPosition= -1 topActivityLetterboxWidth=-1 topActivityLetterboxHeight=-1 topActivityAppBounds=Rect(0, 0 - 1080, 2400) isUserFullscreenOverrideEnabled=false isSystemFullscreenOverrideEnabled=false hasMinAspectRatioOverride=false topActivityLetterboxBounds=null cameraCompatTaskInfo=CameraCompatTaskInfo { freeformCameraCompatMode=inactive}} topActivityMainWindowFrame=null}, pipChange = null, remoteTransition = null, displayChange = null, flags = 0, debugId = 1279 }
02-19 23:03:01.931  4449  4501 V WindowManagerShell: onTransitionReady(transaction=3229815443103)
02-19 23:03:01.931   752   794 V WindowManager:     startWCT=WindowContainerTransaction { changes= {} hops= [] errorCallbackToken=null taskFragmentOrganizer=null }
02-19 23:03:01.931   752   794 V WindowManager:     info={id=1279 t=OPEN f=0x0 trk=0 r=[0@Point(0, 0)] c=[
02-19 23:03:01.931   752   794 V WindowManager:         {WCT{RemoteToken{e7af281 Task{5b72349 #237 type=standard A=10217:viva.republica.toss.test}}} m=OPEN f=TRANSLUCENT leash=Surface(name=Task=237)/@0xbfa3d8b sb=Rect(0, 0 - 1080, 2400) eb=Rect(0, 0 - 1080, 2400) epz=Point(1080, 2400) d=0 taskParent=-1}
02-19 23:03:01.931   752   794 V WindowManager:     ]}
02-19 23:03:01.932  4449  4467 V WindowManagerShell: onTransitionReady (#1279) android.os.BinderProxy@5cbd5b0: {id=1279 t=OPEN f=0x0 trk=0 r=[0@Point(0, 0)] c=[
02-19 23:03:01.932  4449  4467 V WindowManagerShell:         {m=OPEN f=TRANSLUCENT leash=Surface(name=Task=237)/@0x7ff7d4f sb=Rect(0, 0 - 1080, 2400) eb=Rect(0, 0 - 1080, 2400) epz=Point(1080, 2400) d=0 taskParent=-1}
02-19 23:03:01.932  4449  4467 V WindowManagerShell:     ]}
02-19 23:03:01.934   752   797 W ActivityTaskManager: Launch timeout has expired, giving up wake lock!
02-19 23:03:01.934  4449  4467 V WindowManagerShell: Playing animation for (#1279) android.os.BinderProxy@5cbd5b0@0
02-19 23:03:01.934  4449  4467 V ShellRecents: RecentsTransitionHandler.startAnimation: no controller found
02-19 23:03:01.935  4449  4467 V WindowManagerShell: Transition doesn't have explicit remote, search filters for match for {id=1279 t=OPEN f=0x0 trk=0 r=[0@Point(0, 0)] c=[{m=OPEN f=TRANSLUCENT leash=Surface(name=Task=237)/@0x7ff7d4f sb=Rect(0, 0 - 1080, 2400) eb=Rect(0, 0 - 1080, 2400) epz=Point(1080, 2400) d=0 taskParent=-1}]}
02-19 23:03:01.936  4449  4467 V WindowManagerShell:  Checking filter Pair{{types=[] flags=0x0] notFlags=0x0 checks=[{atype=undefined independent=true modes=[CLOSE,TO_BACK] flags=IN_TASK_WITH_EMBEDDED_ACTIVITY mustBeTask=false order=ANY topActivity=null launchCookie=null taskFragmentToken=android.os.BinderProxy@71546f0 windowingMode=undefined}]} RemoteTransition { remoteTransition = android.window.IRemoteTransition$Stub$Proxy@d4c8469, appThread = android.app.IApplicationThread$Stub$Proxy@c228eee, debugName = overlayBackTransition }}
02-19 23:03:01.937  4449  4467 V WindowManagerShell:  Checking filter Pair{{types=[] flags=0x0] notFlags=0x0 checks=[{atype=dream independent=true modes=[OPEN,TO_FRONT] flags=NONE mustBeTask=false order=ANY topActivity=null launchCookie=null windowingMode=undefined},{atype=home independent=true modes=[CLOSE,TO_BACK] flags=NONE mustBeTask=false order=ANY topActivity=null launchCookie=null windowingMode=undefined}]} RemoteTransition { remoteTransition = android.window.IRemoteTransition$Stub$Proxy@c578f8f, appThread = android.app.IApplicationThread$Stub$Proxy@69fe21c, debugName = LauncherToDream }}
02-19 23:03:01.937  4449  4467 V WindowManagerShell:  Checking filter Pair{{types=[] flags=0x0] notFlags=0x100 checks=[{atype=home independent=true modes=[OPEN,TO_FRONT] flags=NONE mustBeTask=false order=TOP topActivity=ComponentInfo{com.google.android.apps.nexuslauncher/com.google.android.apps.nexuslauncher.NexusLauncherActivity} launchCookie=null windowingMode=undefined},{atype=standard independent=true modes=[CLOSE,TO_BACK] flags=NONE mustBeTask=false order=ANY topActivity=null launchCookie=null windowingMode=undefined},{NOT atype=undefined independent=true modes=[] flags=NONE mustBeTask=true order=ANY topActivity=null launchCookie=null customAnim=true windowingMode=undefined}]} RemoteTransition { remoteTransition = android.window.IRemoteTransition$Stub$Proxy@69ffe25, appThread = android.app.IApplicationThread$Stub$Proxy@72cabfa, debugName = QuickstepLaunchHome }}
02-19 23:03:01.937  4449  4467 V WindowManagerShell:  Checking filter Pair{{types=[] flags=0x0] notFlags=0x0 checks=[{atype=undefined independent=true modes=[CLOSE,TO_BACK] flags=IN_TASK_WITH_EMBEDDED_ACTIVITY mustBeTask=false order=ANY topActivity=null launchCookie=null taskFragmentToken=android.os.BinderProxy@71546f0 windowingMode=undefined}]} RemoteTransition { remoteTransition = android.window.IRemoteTransition$Stub$Proxy@7c795ab, appThread = android.app.IApplicationThread$Stub$Proxy@cd70408, debugName = overlayBackTransition }}
02-19 23:03:01.938  4449  4467 V WindowManagerShell:  Checking filter Pair{{types=[] flags=0x0] notFlags=0x0 checks=[{atype=dream independent=true modes=[OPEN,TO_FRONT] flags=NONE mustBeTask=false order=ANY topActivity=null launchCookie=null windowingMode=undefined},{atype=home independent=true modes=[CLOSE,TO_BACK] flags=NONE mustBeTask=false order=ANY topActivity=null launchCookie=null windowingMode=undefined}]} RemoteTransition { remoteTransition = android.window.IRemoteTransition$Stub$Proxy@f757a1, appThread = android.app.IApplicationThread$Stub$Proxy@d898dc6, debugName = LauncherToDream }}
02-19 23:03:01.938  4449  4467 V WindowManagerShell:  Checking filter Pair{{types=[] flags=0x0] notFlags=0x100 checks=[{atype=home independent=true modes=[OPEN,TO_FRONT] flags=NONE mustBeTask=false order=TOP topActivity=ComponentInfo{com.google.android.apps.nexuslauncher/com.google.android.apps.nexuslauncher.NexusLauncherActivity} launchCookie=null windowingMode=undefined},{atype=standard independent=true modes=[CLOSE,TO_BACK] flags=NONE mustBeTask=false order=ANY topActivity=null launchCookie=null windowingMode=undefined},{NOT atype=undefined independent=true modes=[] flags=NONE mustBeTask=true order=ANY topActivity=null launchCookie=null customAnim=true windowingMode=undefined}]} RemoteTransition { remoteTransition = android.window.IRemoteTransition$Stub$Proxy@9e7e187, appThread = android.app.IApplicationThread$Stub$Proxy@3dc58b4, debugName = QuickstepLaunchHome }}
02-19 23:03:01.938  4449  4467 V WindowManagerShell:  Delegate animation for (#1279) to null
02-19 23:03:01.938  4449  4467 V WindowManagerShell: start default transition animation, info = {id=1279 t=OPEN f=0x0 trk=0 r=[0@Point(0, 0)] c=[{m=OPEN f=TRANSLUCENT leash=Surface(name=Task=237)/@0x7ff7d4f sb=Rect(0, 0 - 1080, 2400) eb=Rect(0, 0 - 1080, 2400) epz=Point(1080, 2400) d=0 taskParent=-1}]}
02-19 23:03:01.940   752   805 W ActivityManager: Process ProcessRecord{a0eb67c 14332:viva.republica.toss.test/u0a217} failed to attach
02-19 23:03:01.941   752   805 W ActivityTaskManager: ProcessRecord{a0eb67c 14332:viva.republica.toss.test/u0a217} is removed with pending start ActivityRecord{148739408 u0 viva.republica.toss.test/.MiniAppSchemeActivity t237}
02-19 23:03:01.941 14332 14332 D nativeloader: Load libframework-connectivity-tiramisu-jni.so using APEX ns com_android_tethering for caller /apex/com.android.tethering/javalib/framework-connectivity-t.jar: ok
02-19 23:03:01.941  4449  4467 V WindowManagerShell: loadAnimation: anim=android.view.animation.AnimationSet@f609f6b animAttr=0x4 type=OPEN isEntrance=true
02-19 23:03:01.948  4449  4467 V WindowManagerShell:  animated by com.android.wm.shell.transition.DefaultTransitionHandler@f74d823
02-19 23:03:01.949  4449  4467 V WindowManagerShell: Transition requested (#1280): android.os.BinderProxy@478aac8 TransitionRequestInfo { type = CLOSE, triggerTask = TaskInfo{userId=0 taskId=237 effectiveUid=10217 displayId=0 isRunning=false baseIntent=Intent { act=android.intent.action.VIEW dat=intoss://takealook/... flg=0x10000000 pkg=viva.republica.toss.test cmp=viva.republica.toss.test/.MiniAppSchemeActivity } baseActivity=null topActivity=null origActivity=null realActivity=ComponentInfo{viva.republica.toss.test/viva.republica.toss.test.MiniAppSchemeActivity} numActivities=0 lastActiveTime=121245510 supportsMultiWindow=true resizeMode=1 isResizeable=true minWidth=-1 minHeight=-1 defaultMinSize=220 token=WCT{android.window.IWindowContainerToken$Stub$Proxy@a19d761} topActivityType=1 pictureInPictureParams=null shouldDockBigOverlays=false launchIntoPipHostTaskId=-1 lastParentTaskIdBeforePip=-1 displayCutoutSafeInsets=Rect(0, 0 - 0, 0) topActivityInfo=null launchCookies=[] positionInParent=Point(0, 0) parentTaskId=-1 isFocused=false isVisible=true isVisibleRequested=true isTopActivityNoDisplay=false isSleeping=false locusId=null displayAreaFeatureId=1 isTopActivityTransparent=false isActivityStackTransparent=true lastNonFullscreenBounds=Rect(284, 660 - 796, 1740) capturedLink=null capturedLinkTimestamp=0 requestedVisibleTypes=-9 topActivityRequestOpenInBrowserEducationTimestamp=0 appCompatTaskInfo=AppCompatTaskInfo { topActivityInSizeCompat=false eligibleForLetterboxEducation= false isLetterboxEducationEnabled= false isLetterboxDoubleTapEnabled= false eligibleForUserAspectRatioButton= false topActivityBoundsLetterboxed= false isFromLetterboxDoubleTap= false topActivityLetterboxVerticalPosition= -1 topActivityLetterboxHorizontalPosition= -1 topActivityLetterboxWidth=-1 topActivityLetterboxHeight=-1 topActivityAppBounds=Rect(0, 0 - 0, 0) isUserFullscreenOverrideEnabled=false isSystemFullscreenOverrideEnabled=false hasMinAspectRatioOverride=false topActivityLetterboxBounds=null cameraCompatTaskInfo=CameraCompatTaskInfo { freeformCameraCompatMode=undefined}} topActivityMainWindowFrame=null}, pipChange = null, remoteTransition = null, displayChange = null, flags = 0, debugId = 1280 }
02-19 23:03:01.950   531   603 I BpBinder: onLastStrongRef automatically unlinking death recipients: 
02-19 23:03:01.984  4449  4467 D WindowManagerShell: setLauncherKeepClearAreaHeight: visible=true, height=527
02-19 23:03:01.986   752   805 I ActivityManager: Killing 14332:viva.republica.toss.test/u0a217 (adj -10000): start timeout
02-19 23:03:02.010 19166 19166 D StatsLog: LAUNCHER_ONRESUME
02-19 23:03:02.020   752   794 V WindowManager: Sent Transition (#1280) createdAt=02-19 23:03:01.941 via request=TransitionRequestInfo { type = CLOSE, triggerTask = TaskInfo{userId=0 taskId=237 effectiveUid=10217 displayId=0 isRunning=false baseIntent=Intent { act=android.intent.action.VIEW dat=intoss://takealook/... flg=0x10000000 pkg=viva.republica.toss.test cmp=viva.republica.toss.test/.MiniAppSchemeActivity } baseActivity=null topActivity=null origActivity=null realActivity=ComponentInfo{viva.republica.toss.test/viva.republica.toss.test.MiniAppSchemeActivity} numActivities=0 lastActiveTime=121245510 supportsMultiWindow=true resizeMode=1 isResizeable=true minWidth=-1 minHeight=-1 defaultMinSize=220 token=WCT{RemoteToken{e7af281 Task{5b72349 #237 type=standard A=10217:viva.republica.toss.test}}} topActivityType=1 pictureInPictureParams=null shouldDockBigOverlays=false launchIntoPipHostTaskId=-1 lastParentTaskIdBeforePip=-1 displayCutoutSafeInsets=Rect(0, 0 - 0, 0) topActivityInfo=null launchCookies=[] positionInParent=Point(0, 0) parentTaskId=-1 isFocused=false isVisible=true isVisibleRequested=true isTopActivityNoDisplay=false isSleeping=false locusId=null displayAreaFeatureId=1 isTopActivityTransparent=false isActivityStackTransparent=true lastNonFullscreenBounds=Rect(284, 660 - 796, 1740) capturedLink=null capturedLinkTimestamp=0 requestedVisibleTypes=-9 topActivityRequestOpenInBrowserEducationTimestamp=0 appCompatTaskInfo=AppCompatTaskInfo { topActivityInSizeCompat=false eligibleForLetterboxEducation= false isLetterboxEducationEnabled= false isLetterboxDoubleTapEnabled= false eligibleForUserAspectRatioButton= false topActivityBoundsLetterboxed= false isFromLetterboxDoubleTap= false topActivityLetterboxVerticalPosition= -1 topActivityLetterboxHorizontalPosition= -1 topActivityLetterboxWidth=-1 topActivityLetterboxHeight=-1 topActivityAppBounds=Rect(0, 0 - 0, 0) isUserFullscreenOverrideEnabled=false isSystemFullscreenOverrideEnabled=false hasMinAspectRatioOverride=false topActivityLetterboxBounds=null cameraCompatTaskInfo=CameraCompatTaskInfo { freeformCameraCompatMode=undefined}} topActivityMainWindowFrame=null}, pipChange = null, remoteTransition = null, displayChange = null, flags = 0, debugId = 1280 }
02-19 23:03:02.024  4449  4582 V WindowManagerShell: onTransitionReady(transaction=3229815443108)
02-19 23:03:02.024   752   794 V WindowManager:     startWCT=WindowContainerTransaction { changes= {} hops= [] errorCallbackToken=null taskFragmentOrganizer=null }
02-19 23:03:02.025   752   794 V WindowManager:     info={id=1280 t=CLOSE f=0x0 trk=0 r=[0@Point(0, 0)] c=[
02-19 23:03:02.025   752   794 V WindowManager:         {WCT{RemoteToken{5218fe8 Task{dd43522 #1 type=home}}} m=CHANGE f=SHOW_WALLPAPER|MOVE_TO_TOP leash=Surface(name=Task=1)/@0x8ddbd2e sb=Rect(0, 0 - 1080, 2400) eb=Rect(0, 0 - 1080, 2400) epz=Point(1080, 2400) d=0 taskParent=-1}
02-19 23:03:02.025   752   794 V WindowManager:     ]}
02-19 23:03:02.029  4449  4467 V WindowManagerShell: onTransitionReady (#1280) android.os.BinderProxy@478aac8: {id=1280 t=CLOSE f=0x0 trk=0 r=[0@Point(0, 0)] c=[
02-19 23:03:02.029  4449  4467 V WindowManagerShell:         {m=CHANGE f=SHOW_WALLPAPER|MOVE_TO_TOP leash=Surface(name=Task=1)/@0x2a67286 sb=Rect(0, 0 - 1080, 2400) eb=Rect(0, 0 - 1080, 2400) epz=Point(1080, 2400) d=0 taskParent=-1}
02-19 23:03:02.029  4449  4467 V WindowManagerShell:     ]}
02-19 23:03:02.029  4449  4467 V WindowManagerShell: Transition (#1280) android.os.BinderProxy@478aac8@0 ready while (#1279) android.os.BinderProxy@5cbd5b0@0 is still animating. Notify the animating transition in case they can be merged
02-19 23:03:02.031   752  1852 W ActivityManager: No pending application record for pid 14332 (IApplicationThread android.app.IApplicationThread$Stub$Proxy@34ba7b2); dropping process
02-19 23:03:02.036  4449  4467 V WindowManagerShell: Transition animation finished (aborted=false), notifying core (#1279) android.os.BinderProxy@5cbd5b0@0
02-19 23:03:02.036   752   969 D ActivityManager: freezing 19378 com.google.android.webview:webview_service
02-19 23:03:02.040  4449  4467 V WindowManagerShell: Playing animation for (#1280) android.os.BinderProxy@478aac8@0
02-19 23:03:02.041  4449  4467 V ShellRecents: RecentsTransitionHandler.startAnimation: no controller found
02-19 23:03:02.041  4449  4467 V WindowManagerShell: Transition doesn't have explicit remote, search filters for match for {id=1280 t=CLOSE f=0x0 trk=0 r=[0@Point(0, 0)] c=[{m=CHANGE f=SHOW_WALLPAPER|MOVE_TO_TOP leash=Surface(name=Task=1)/@0x2a67286 sb=Rect(0, 0 - 1080, 2400) eb=Rect(0, 0 - 1080, 2400) epz=Point(1080, 2400) d=0 taskParent=-1}]}
02-19 23:03:02.046  4449  4467 V WindowManagerShell:  Checking filter Pair{{types=[] flags=0x0] notFlags=0x0 checks=[{atype=undefined independent=true modes=[CLOSE,TO_BACK] flags=IN_TASK_WITH_EMBEDDED_ACTIVITY mustBeTask=false order=ANY topActivity=null launchCookie=null taskFragmentToken=android.os.BinderProxy@71546f0 windowingMode=undefined}]} RemoteTransition { remoteTransition = android.window.IRemoteTransition$Stub$Proxy@d4c8469, appThread = android.app.IApplicationThread$Stub$Proxy@c228eee, debugName = overlayBackTransition }}
02-19 23:03:02.046  4449  4467 V WindowManagerShell:  Checking filter Pair{{types=[] flags=0x0] notFlags=0x0 checks=[{atype=dream independent=true modes=[OPEN,TO_FRONT] flags=NONE mustBeTask=false order=ANY topActivity=null launchCookie=null windowingMode=undefined},{atype=home independent=true modes=[CLOSE,TO_BACK] flags=NONE mustBeTask=false order=ANY topActivity=null launchCookie=null windowingMode=undefined}]} RemoteTransition { remoteTransition = android.window.IRemoteTransition$Stub$Proxy@c578f8f, appThread = android.app.IApplicationThread$Stub$Proxy@69fe21c, debugName = LauncherToDream }}
02-19 23:03:02.047  4449  4467 V WindowManagerShell:  Checking filter Pair{{types=[] flags=0x0] notFlags=0x100 checks=[{atype=home independent=true modes=[OPEN,TO_FRONT] flags=NONE mustBeTask=false order=TOP topActivity=ComponentInfo{com.google.android.apps.nexuslauncher/com.google.android.apps.nexuslauncher.NexusLauncherActivity} launchCookie=null windowingMode=undefined},{atype=standard independent=true modes=[CLOSE,TO_BACK] flags=NONE mustBeTask=false order=ANY topActivity=null launchCookie=null windowingMode=undefined},{NOT atype=undefined independent=true modes=[] flags=NONE mustBeTask=true order=ANY topActivity=null launchCookie=null customAnim=true windowingMode=undefined}]} RemoteTransition { remoteTransition = android.window.IRemoteTransition$Stub$Proxy@69ffe25, appThread = android.app.IApplicationThread$Stub$Proxy@72cabfa, debugName = QuickstepLaunchHome }}
02-19 23:03:02.047  4449  4467 V WindowManagerShell:  Checking filter Pair{{types=[] flags=0x0] notFlags=0x0 checks=[{atype=undefined independent=true modes=[CLOSE,TO_BACK] flags=IN_TASK_WITH_EMBEDDED_ACTIVITY mustBeTask=false order=ANY topActivity=null launchCookie=null taskFragmentToken=android.os.BinderProxy@71546f0 windowingMode=undefined}]} RemoteTransition { remoteTransition = android.window.IRemoteTransition$Stub$Proxy@7c795ab, appThread = android.app.IApplicationThread$Stub$Proxy@cd70408, debugName = overlayBackTransition }}
02-19 23:03:02.047  4449  4467 V WindowManagerShell:  Checking filter Pair{{types=[] flags=0x0] notFlags=0x0 checks=[{atype=dream independent=true modes=[OPEN,TO_FRONT] flags=NONE mustBeTask=false order=ANY topActivity=null launchCookie=null windowingMode=undefined},{atype=home independent=true modes=[CLOSE,TO_BACK] flags=NONE mustBeTask=false order=ANY topActivity=null launchCookie=null windowingMode=undefined}]} RemoteTransition { remoteTransition = android.window.IRemoteTransition$Stub$Proxy@f757a1, appThread = android.app.IApplicationThread$Stub$Proxy@d898dc6, debugName = LauncherToDream }}
02-19 23:03:02.047  4449  4467 V WindowManagerShell:  Checking filter Pair{{types=[] flags=0x0] notFlags=0x100 checks=[{atype=home independent=true modes=[OPEN,TO_FRONT] flags=NONE mustBeTask=false order=TOP topActivity=ComponentInfo{com.google.android.apps.nexuslauncher/com.google.android.apps.nexuslauncher.NexusLauncherActivity} launchCookie=null windowingMode=undefined},{atype=standard independent=true modes=[CLOSE,TO_BACK] flags=NONE mustBeTask=false order=ANY topActivity=null launchCookie=null windowingMode=undefined},{NOT atype=undefined independent=true modes=[] flags=NONE mustBeTask=true order=ANY topActivity=null launchCookie=null customAnim=true windowingMode=undefined}]} RemoteTransition { remoteTransition = android.window.IRemoteTransition$Stub$Proxy@9e7e187, appThread = android.app.IApplicationThread$Stub$Proxy@3dc58b4, debugName = QuickstepLaunchHome }}
02-19 23:03:02.047  4449  4467 V WindowManagerShell:  Delegate animation for (#1280) to null
02-19 23:03:02.047  4449  4467 V WindowManagerShell: start default transition animation, info = {id=1280 t=CLOSE f=0x0 trk=0 r=[0@Point(0, 0)] c=[{m=CHANGE f=SHOW_WALLPAPER|MOVE_TO_TOP leash=Surface(name=Task=1)/@0x2a67286 sb=Rect(0, 0 - 1080, 2400) eb=Rect(0, 0 - 1080, 2400) epz=Point(1080, 2400) d=0 taskParent=-1}]}
02-19 23:03:02.047   752   794 V WindowManager: Finish Transition (#1279): created at 02-19 23:02:51.645 collect-started=0.527ms request-sent=19.733ms started=23.36ms ready=-1.21245491703E8ms sent=10259.033ms commit=117.88ms finished=10393.67ms
02-19 23:03:02.053  4449  4467 V WindowManagerShell: Transition animation finished (aborted=false), notifying core (#1280) android.os.BinderProxy@478aac8@0
02-19 23:03:02.061   752   794 V WindowManager: Finish Transition (#1280): created at 02-19 23:03:01.941 collect-started=0.118ms request-sent=0.584ms started=25.276ms ready=25.244ms sent=73.187ms finished=117.801ms
02-19 23:03:02.067 19166 19166 I NotificationListener: Handling notification state refresh for com.google.android.adservices.api#0
02-19 23:03:02.068 19166 19166 I NotificationListener: Handling notification state refresh for android#0
02-19 23:03:02.069 19166 19166 I NotificationListener: Handling notification state refresh for com.android.systemui#0
02-19 23:03:02.074  4449  4467 V WindowManagerShell: Track 0 became idle
02-19 23:03:02.075  4449  4467 V WindowManagerShell: All active transition animations finished
02-19 23:03:02.075  4449  4467 V WindowManagerShell:  animated by com.android.wm.shell.transition.DefaultTransitionHandler@f74d823
02-19 23:03:02.075  4449  4467 V WindowManagerShell: Track 0 became idle
02-19 23:03:02.075  4449  4467 V WindowManagerShell: All active transition animations finished
02-19 23:03:02.076   752   969 D ActivityManager: freezing 4656 com.google.android.adservices.api
02-19 23:03:02.082   752   969 D ActivityManager: freezing 3453 com.google.android.gms
02-19 23:03:02.089   752  1095 D BackgroundInstallControlService: Package event received: 0
02-19 23:03:02.089   752  1095 D BackgroundInstallControlService: Package event received: 0
02-19 23:03:02.091   458   458 I Zygote  : Process 14332 exited due to signal 9 (Killed)
02-19 23:03:02.091 19166 19190 D QuickstepModelDelegate: notifyAppTargetEvent action=1 launchLocation=workspace/0/[-1,-1]/[1,1]
02-19 23:03:02.095 19166 19166 D RecentsView: onTaskRemoved: 237, not handling task stack changes
02-19 23:03:02.096 19166 19166 D RecentsView: onTaskRemoved: 237, not handling task stack changes
02-19 23:03:02.098  1971  2198 I AiAiEcho: Predicting[0]:  [CONTEXT sampling_count=5 ]
02-19 23:03:02.099  1971  2198 I AiAiEcho: EchoTargets: 
02-19 23:03:02.099  1971  2198 I AiAiEcho: Filtered by AiAi flag check: 
02-19 23:03:02.099  1971  2198 I AiAiEcho: [CONTEXT ratelimit_period="10 SECONDS" ]
02-19 23:03:02.099   752   797 W IPCThreadState: Sending oneway calls to frozen process.
02-19 23:03:02.099   752   797 W IPCThreadState: Sending oneway calls to frozen process.
02-19 23:03:02.100   752   797 W IPCThreadState: Sending oneway calls to frozen process.
02-19 23:03:02.100  1971  2198 I AiAiEcho: #remoteViewsTwiddler: feature disabled.
02-19 23:03:02.100   752   797 W IPCThreadState: Sending oneway calls to frozen process.
02-19 23:03:02.101   752   797 W IPCThreadState: Sending oneway calls to frozen process.
02-19 23:03:02.101   752   797 W IPCThreadState: Sending oneway calls to frozen process.
02-19 23:03:02.102   752   797 W IPCThreadState: Sending oneway calls to frozen process.
02-19 23:03:02.102   752   797 W IPCThreadState: Sending oneway calls to frozen process.
02-19 23:03:02.102   752   807 I libprocessgroup: Removed cgroup /sys/fs/cgroup/apps/uid_10217/pid_14332
02-19 23:03:02.103   752   797 W IPCThreadState: Sending oneway calls to frozen process.
02-19 23:03:02.103   752   797 W IPCThreadState: Sending oneway calls to frozen process.
02-19 23:03:02.104   752   797 W IPCThreadState: Sending oneway calls to frozen process.
02-19 23:03:02.105   752   797 W IPCThreadState: Sending oneway calls to frozen process.
02-19 23:03:02.105   752   955 W UsageStatsService: Unexpected activity event reported! (viva.republica.toss.test/viva.republica.toss.test.MiniAppSchemeActivity event : 23 instanceId : 254833742)
02-19 23:03:02.105   752   797 W IPCThreadState: Sending oneway calls to frozen process.
02-19 23:03:02.106   752   797 W IPCThreadState: Sending oneway calls to frozen process.
02-19 23:03:02.107   752   797 W IPCThreadState: Sending oneway calls to frozen process.
02-19 23:03:02.109   752   797 W IPCThreadState: Sending oneway calls to frozen process.
02-19 23:03:02.109  1971  2198 I AiAiEcho: #postPredictionTargets: Sending updates to UISurface home with targets# 0 (types=[])
02-19 23:03:02.109   752   797 W IPCThreadState: Sending oneway calls to frozen process.
02-19 23:03:02.110   752   797 W IPCThreadState: Sending oneway calls to frozen process.
02-19 23:03:02.111   752   797 W ProcessStats: Tracking association SourceState{1b917ca system/1000 BFgs #30409} whose proc state 4 is better than process ProcessState{42c4ef0 com.google.android.ext.services/10208 pkg=com.google.android.ext.services} proc state 14 (17 skipped)
02-19 23:03:02.111 19166 19166 D SsBaseTemplateCard: No text view can be set up
02-19 23:03:02.111 19166 19166 D SsBaseTemplateCard: Passed-in item info is null
02-19 23:03:02.111 19166 19166 D SsBaseTemplateCard: Passed-in item info is null
02-19 23:03:02.111 19166 19166 D SsBaseTemplateCard: Passed-in item info is null
02-19 23:03:02.111 19166 19166 I SsBaseTemplateCard: Secondary card pane is null
02-19 23:03:02.118   752  1029 D InetDiagMessage: Destroyed 0 sockets, proto=IPPROTO_TCP, family=AF_INET, states=14
02-19 23:03:02.122   752  1029 D InetDiagMessage: Destroyed 0 sockets, proto=IPPROTO_TCP, family=AF_INET6, states=14
02-19 23:03:02.123   752  1029 D InetDiagMessage: Destroyed live tcp sockets for uids={10168} in 7ms
02-19 23:03:02.126   752  1029 D InetDiagMessage: Destroyed 0 sockets, proto=IPPROTO_TCP, family=AF_INET, states=14
02-19 23:03:02.130   752  1029 D InetDiagMessage: Destroyed 0 sockets, proto=IPPROTO_TCP, family=AF_INET6, states=14
02-19 23:03:02.130   752  1029 D InetDiagMessage: Destroyed live tcp sockets for uids={10205} in 7ms
02-19 23:03:04.481   531   568 W EventThread: Faking VSYNC due to driver stall for thread app
02-19 23:03:04.489 19166 19166 I Choreographer: Skipped 139 frames!  The application may be doing too much work on its main thread.
02-19 23:03:04.539 14342 14342 W dumpsys : Thread Pool max thread count is 0. Cannot cache binder as linkToDeath cannot be implemented. serviceName: window
02-19 23:03:04.989   752  1856 E TaskPersister: File error accessing recents directory (directory doesn't exist?).
02-19 23:03:05.137 14347 14347 W screencap: Thread Pool max thread count is 0. Cannot cache binder as linkToDeath cannot be implemented. serviceName: SurfaceFlingerAIDL
02-19 23:03:05.138 14347 14347 W BpBinder: Linking to death on android.gui.ISurfaceComposer but there are no threads (yet?) listening to incoming transactions. See ProcessState::startThreadPool and ProcessState::setThreadPoolMaxThreadCount. Generally you should setup the binder threadpool before other initialization steps.
02-19 23:03:05.138 14347 14347 W ProcessState: Extra binder thread started, but 0 threads requested. Do not use *startThreadPool when zero threads are requested.
02-19 23:03:05.144   531   602 E HwcComposer: getLuts failed Status(-8, EX_SERVICE_SPECIFIC): '8: '
02-19 23:03:05.144   531   602 E HWComposer: getLuts: getLuts failed for display 4619827259835644672: UNSUPPORTED (8)
