--------- beginning of main
02-19 20:27:48.339   531   602 I BpBinder: onLastStrongRef automatically unlinking death recipients: 
02-19 20:27:48.344 19166 19190 D QuickstepModelDelegate: notifyAppTargetEvent action=1 launchLocation=workspace/0/[-1,-1]/[1,1]
02-19 20:27:48.353 19166 19166 I NotificationListener: Handling notification state refresh for com.google.android.adservices.api#0
02-19 20:27:48.353 19166 19166 I NotificationListener: Handling notification state refresh for android#0
02-19 20:27:48.353 19166 19166 I NotificationListener: Handling notification state refresh for com.android.systemui#0
02-19 20:27:48.368  1971  2198 I AiAiEcho: Predicting[0]:  [CONTEXT sampling_count=5 ]
02-19 20:27:48.364 27242 27242 W mqt_js  : type=1400 audit(0.0:492): avc:  granted  { execute } for  path="/data/data/viva.republica.toss.test/libtcj.so" dev="dm-55" ino=363861 scontext=u:r:untrusted_app:s0:c217,c256,c512,c768 tcontext=u:object_r:app_data_file:s0:c217,c256,c512,c768 tclass=file app=viva.republica.toss.test
02-19 20:27:48.369  1971  2198 I AiAiEcho: EchoTargets: 
02-19 20:27:48.369  1971  2198 I AiAiEcho: Filtered by AiAi flag check: 
02-19 20:27:48.369  1971  2198 I AiAiEcho: [CONTEXT ratelimit_period="10 SECONDS" ]
02-19 20:27:48.369  1971  2198 I AiAiEcho: #remoteViewsTwiddler: feature disabled.
02-19 20:27:48.374 27242 27415 D nativeloader: Load /data/data/viva.republica.toss.test/libtcj.so using class loader ns clns-9 (caller=<unknown>): ok
02-19 20:27:48.377 27242 27418 W unknown:ViewManagerPropertyUpdater: Could not find generated setter for class com.facebook.react.views.traceupdateoverlay.TraceUpdateOverlayManager
02-19 20:27:48.381 27242 27418 W unknown:ViewManagerPropertyUpdater: Could not find generated setter for class com.facebook.react.uimanager.LayoutShadowNode
02-19 20:27:48.382 27242 27418 W unknown:ViewManagerPropertyUpdater: Could not find generated setter for class com.facebook.react.views.drawer.ReactDrawerLayoutManager
--------- beginning of system
02-19 20:27:48.384   752  1095 D BackgroundInstallControlService: Package event received: 0
02-19 20:27:48.385 27242 27418 W unknown:ViewManagerPropertyUpdater: Could not find generated setter for class com.facebook.react.views.scroll.ReactHorizontalScrollViewManager
02-19 20:27:48.390 27242 27418 W unknown:ViewManagerPropertyUpdater: Could not find generated setter for class com.facebook.react.views.scroll.ReactHorizontalScrollContainerViewManager
02-19 20:27:48.393 27242 27418 W unknown:ViewManagerPropertyUpdater: Could not find generated setter for class com.facebook.react.views.progressbar.ReactProgressBarViewManager
02-19 20:27:48.399 27242 27418 W unknown:ViewManagerPropertyUpdater: Could not find generated setter for class com.facebook.react.views.progressbar.ProgressBarShadowNode
02-19 20:27:48.403  1971  2198 I AiAiEcho: #postPredictionTargets: Sending updates to UISurface home with targets# 0 (types=[])
02-19 20:27:48.411  3453  3453 D BoundBrokerSvc: onBind: Intent { act=com.google.android.gms.appset.service.START dat=chimera-action:/... xflg=0x4 cmp=com.google.android.gms/.chimera.GmsApiService }
02-19 20:27:48.411  3453  3453 D BoundBrokerSvc: Loading bound service for intent: Intent { act=com.google.android.gms.appset.service.START dat=chimera-action:/... xflg=0x4 cmp=com.google.android.gms/.chimera.GmsApiService }
02-19 20:27:48.414 27242 27418 W unknown:ViewManagerPropertyUpdater: Could not find generated setter for class com.facebook.react.views.scroll.ReactScrollViewManager
02-19 20:27:48.416 27242 27418 W unknown:ViewManagerPropertyUpdater: Could not find generated setter for class com.facebook.react.views.switchview.ReactSwitchManager
02-19 20:27:48.419 27242 27418 W unknown:ViewManagerPropertyUpdater: Could not find generated setter for class com.facebook.react.views.switchview.ReactSwitchManager$ReactSwitchShadowNode
02-19 20:27:48.420 19166 19166 D SsBaseTemplateCard: No text view can be set up
02-19 20:27:48.420 19166 19166 D SsBaseTemplateCard: Passed-in item info is null
02-19 20:27:48.420 19166 19166 D SsBaseTemplateCard: Passed-in item info is null
02-19 20:27:48.420 19166 19166 D SsBaseTemplateCard: Passed-in item info is null
02-19 20:27:48.420 19166 19166 I SsBaseTemplateCard: Secondary card pane is null
02-19 20:27:48.420 27242 27418 W unknown:ViewManagerPropertyUpdater: Could not find generated setter for class com.facebook.react.views.swiperefresh.SwipeRefreshLayoutManager
02-19 20:27:48.423   752  1095 D BackgroundInstallControlService: Package event received: 0
02-19 20:27:48.424   752  2368 W IPCThreadState: Sending oneway calls to frozen process.
02-19 20:27:48.424   752  2368 W IPCThreadState: Sending oneway calls to frozen process.
02-19 20:27:48.427 27242 27418 W unknown:ViewManagerPropertyUpdater: Could not find generated setter for class com.facebook.react.views.text.frescosupport.FrescoBasedReactTextInlineImageViewManager
02-19 20:27:48.428 27242 27418 W unknown:ViewManagerPropertyUpdater: Could not find generated setter for class com.facebook.react.views.text.frescosupport.FrescoBasedReactTextInlineImageShadowNode
02-19 20:27:48.429 27242 27418 W unknown:ViewManagerPropertyUpdater: Could not find generated setter for class com.facebook.react.views.image.ReactImageManager
02-19 20:27:48.435 27242 27418 W unknown:ViewManagerPropertyUpdater: Could not find generated setter for class com.facebook.react.views.modal.ReactModalHostManager
02-19 20:27:48.445 27242 27418 W unknown:ViewManagerPropertyUpdater: Could not find generated setter for class com.facebook.react.views.modal.ModalHostShadowNode
02-19 20:27:48.446 27242 27418 W unknown:ViewManagerPropertyUpdater: Could not find generated setter for class com.facebook.react.views.text.ReactRawTextManager
02-19 20:27:48.447 27242 27418 W unknown:ViewManagerPropertyUpdater: Could not find generated setter for class com.facebook.react.views.text.ReactRawTextShadowNode
02-19 20:27:48.450 27242 27418 W unknown:ViewManagerPropertyUpdater: Could not find generated setter for class com.facebook.react.views.textinput.ReactTextInputManager
02-19 20:27:48.457 27242 27418 W unknown:ViewManagerPropertyUpdater: Could not find generated setter for class com.facebook.react.views.textinput.ReactTextInputShadowNode
02-19 20:27:48.460 27242 27418 W unknown:ViewManagerPropertyUpdater: Could not find generated setter for class com.facebook.react.views.text.ReactTextViewManager
02-19 20:27:48.461 27242 27418 W unknown:ViewManagerPropertyUpdater: Could not find generated setter for class com.facebook.react.views.text.ReactTextShadowNode
02-19 20:27:48.462 27242 27418 W unknown:ViewManagerPropertyUpdater: Could not find generated setter for class com.facebook.react.views.view.ReactViewManager
02-19 20:27:48.469 27242 27418 W unknown:ViewManagerPropertyUpdater: Could not find generated setter for class com.facebook.react.views.text.ReactVirtualTextViewManager
02-19 20:27:48.472 27242 27418 W unknown:ViewManagerPropertyUpdater: Could not find generated setter for class com.facebook.react.views.text.ReactVirtualTextShadowNode
02-19 20:27:48.472 27242 27418 W unknown:ViewManagerPropertyUpdater: Could not find generated setter for class com.facebook.react.views.unimplementedview.ReactUnimplementedViewManager
02-19 20:27:48.475 27242 27418 W unknown:ViewManagerPropertyUpdater: Could not find generated setter for class com.shopify.reactnative.flash_list.AutoLayoutViewManager
02-19 20:27:48.476 27242 27418 W unknown:ViewManagerPropertyUpdater: Could not find generated setter for class com.shopify.reactnative.flash_list.CellContainerManager
02-19 20:27:48.478 27242 27418 W unknown:ViewManagerPropertyUpdater: Could not find generated setter for class com.airbnb.android.react.lottie.LottieAnimationViewManager
02-19 20:27:48.480 27242 27418 W unknown:ViewManagerPropertyUpdater: Could not find generated setter for class com.swmansion.gesturehandler.react.RNGestureHandlerRootViewManager
02-19 20:27:48.482 27242 27418 W unknown:ViewManagerPropertyUpdater: Could not find generated setter for class com.swmansion.gesturehandler.react.RNGestureHandlerButtonViewManager
02-19 20:27:48.485 27242 27418 W unknown:ViewManagerPropertyUpdater: Could not find generated setter for class io.invertase.googlemobileads.ReactNativeGoogleMobileAdsBannerAdViewManager
02-19 20:27:48.487 27242 27418 W unknown:ViewManagerPropertyUpdater: Could not find generated setter for class com.reactnativepagerview.PagerViewViewManager
02-19 20:27:48.491 27242 27418 W unknown:ViewManagerPropertyUpdater: Could not find generated setter for class com.th3rdwave.safeareacontext.SafeAreaProviderManager
02-19 20:27:48.504 27242 27418 W unknown:ViewManagerPropertyUpdater: Could not find generated setter for class com.th3rdwave.safeareacontext.SafeAreaViewManager
02-19 20:27:48.505 27242 27418 W unknown:ViewManagerPropertyUpdater: Could not find generated setter for class o.eglCreatePlatformPixmapSurface
02-19 20:27:48.507 27242 27418 W unknown:ViewManagerPropertyUpdater: Could not find generated setter for class com.swmansion.rnscreens.ScreenContainerViewManager
02-19 20:27:48.509 27242 27418 W unknown:ViewManagerPropertyUpdater: Could not find generated setter for class com.swmansion.rnscreens.ScreenViewManager
02-19 20:27:48.522 27242 27418 W unknown:ViewManagerPropertyUpdater: Could not find generated setter for class com.swmansion.rnscreens.ScreenStackViewManager
02-19 20:27:48.524 27242 27418 W unknown:ViewManagerPropertyUpdater: Could not find generated setter for class com.swmansion.rnscreens.ScreenStackHeaderConfigViewManager
02-19 20:27:48.533 27242 27418 W unknown:ViewManagerPropertyUpdater: Could not find generated setter for class com.swmansion.rnscreens.ScreenStackHeaderSubviewManager
02-19 20:27:48.534 27242 27418 W unknown:ViewManagerPropertyUpdater: Could not find generated setter for class com.swmansion.rnscreens.SearchBarManager
02-19 20:27:48.536 27242 27418 W unknown:ViewManagerPropertyUpdater: Could not find generated setter for class com.horcrux.svg.RenderableViewManager$DefsViewManager
02-19 20:27:48.537   752  2368 D ActivityManager: sync unfroze 19829 com.android.vending for 6
02-19 20:27:48.540 27242 27418 W unknown:ViewManagerPropertyUpdater: Could not find generated setter for class com.horcrux.svg.VirtualViewManager$RemoteActionCompatParcelizer
02-19 20:27:48.541 27242 27418 W unknown:ViewManagerPropertyUpdater: Could not find generated setter for class com.horcrux.svg.RenderableViewManager$MarkerManager
02-19 20:27:48.545 27242 27418 W unknown:ViewManagerPropertyUpdater: Could not find generated setter for class com.horcrux.svg.RenderableViewManager$ForeignObjectManager
02-19 20:27:48.548 27242 27418 W unknown:ViewManagerPropertyUpdater: Could not find generated setter for class com.horcrux.svg.RenderableViewManager$EllipseViewManager
02-19 20:27:48.550 27242 27418 W unknown:ViewManagerPropertyUpdater: Could not find generated setter for class com.horcrux.svg.RenderableViewManager$LineViewManager
02-19 20:27:48.556 27242 27418 W unknown:ViewManagerPropertyUpdater: Could not find generated setter for class com.horcrux.svg.RenderableViewManager$LinearGradientManager
02-19 20:27:48.558 27242 27418 W unknown:ViewManagerPropertyUpdater: Could not find generated setter for class com.horcrux.svg.RenderableViewManager$GroupViewManager
02-19 20:27:48.558 27242 27418 W unknown:ViewManagerPropertyUpdater: Could not find generated setter for class com.horcrux.svg.RenderableViewManager$TextViewManager
02-19 20:27:48.560 27242 27418 W unknown:ViewManagerPropertyUpdater: Could not find generated setter for class com.horcrux.svg.RenderableViewManager$ImageViewManager
02-19 20:27:48.562 27242 27418 W unknown:ViewManagerPropertyUpdater: Could not find generated setter for class com.horcrux.svg.RenderableViewManager$ClipPathViewManager
02-19 20:27:48.564 27242 27418 W unknown:ViewManagerPropertyUpdater: Could not find generated setter for class com.horcrux.svg.RenderableViewManager$RadialGradientManager
02-19 20:27:48.566 27242 27418 W unknown:ViewManagerPropertyUpdater: Could not find generated setter for class com.horcrux.svg.RenderableViewManager$MaskManager
02-19 20:27:48.603 27242 27418 W unknown:ViewManagerPropertyUpdater: Could not find generated setter for class com.horcrux.svg.RenderableViewManager$SymbolManager
02-19 20:27:48.607 27242 27418 W unknown:ViewManagerPropertyUpdater: Could not find generated setter for class com.horcrux.svg.RenderableViewManager$PatternManager
02-19 20:27:48.610 27242 27418 W unknown:ViewManagerPropertyUpdater: Could not find generated setter for class com.horcrux.svg.RenderableViewManager$RectViewManager
02-19 20:27:48.619 27242 27418 W unknown:ViewManagerPropertyUpdater: Could not find generated setter for class com.horcrux.svg.RenderableViewManager$TextPathViewManager
02-19 20:27:48.623 27242 27418 W unknown:ViewManagerPropertyUpdater: Could not find generated setter for class com.horcrux.svg.SvgViewManager
02-19 20:27:48.625 27242 27248 W System  : A resource failed to call ZipFile.close. 
02-19 20:27:48.627 27242 27418 W unknown:ViewManagerPropertyUpdater: Could not find generated setter for class com.horcrux.svg.RenderableViewManager$PathViewManager
02-19 20:27:48.629 27242 27418 W unknown:ViewManagerPropertyUpdater: Could not find generated setter for class com.horcrux.svg.RenderableViewManager$UseViewManager
02-19 20:27:48.635 27242 27418 W unknown:ViewManagerPropertyUpdater: Could not find generated setter for class com.horcrux.svg.RenderableViewManager$CircleViewManager
02-19 20:27:48.637 27242 27418 W unknown:ViewManagerPropertyUpdater: Could not find generated setter for class com.horcrux.svg.RenderableViewManager$TSpanViewManager
02-19 20:27:48.640 27242 27418 W unknown:ViewManagerPropertyUpdater: Could not find generated setter for class com.brentvatne.exoplayer.ReactExoplayerViewManager
02-19 20:27:48.660 27242 27418 W unknown:ViewManagerPropertyUpdater: Could not find generated setter for class com.reactnativecommunity.webview.RNCWebViewManager
02-19 20:27:48.663 27242 27418 W unknown:ViewManagerPropertyUpdater: Could not find generated setter for class im.toss.rn.granite.core.module.image.FastImageViewManager
02-19 20:27:48.670 27242 27418 W unknown:ReactContext: initializeMessageQueueThreads() is called.
02-19 20:27:48.694 19829 19829 I Finsky  : [2] Memory trim requested to level 40
02-19 20:27:48.695 27242 27242 I Ads     : Destroyed all ad preloaders for ad format: REWARDED
02-19 20:27:48.702 27242 27242 I Ads     : Destroyed all ad preloaders for ad format: INTERSTITIAL
02-19 20:27:48.704 27242 27242 W WindowOnBackDispatcher: sendCancelIfRunning: isInProgress=false callback=android.view.ViewRootImpl$$ExternalSyntheticLambda13@df1741f
02-19 20:27:48.710 27242 27242 D ViewRootImpl: Skipping stats log for color mode
02-19 20:27:48.716   752  2368 W WindowManager: Failed looking up window session=Session{f0b90b5 27242:u0a10217} callers=com.android.server.wm.WindowManagerService.windowForClientLocked:6410 com.android.server.wm.Session.setOnBackInvokedCallbackInfo:1002 android.view.IWindowSession$Stub.onTransact:1156 
02-19 20:27:48.716   752  2368 I WindowManager: setOnBackInvokedCallback(): No window state for package:viva.republica.toss.test
02-19 20:27:48.724   752  1095 D BackgroundInstallControlService: Package event received: 0
02-19 20:27:48.731 27242 27242 I Choreographer: Skipped 49 frames!  The application may be doing too much work on its main thread.
02-19 20:27:48.749 19829 19829 I Finsky  : [2] Flushing in-memory image cache
02-19 20:27:48.750 19166 19166 D RecentsView: onTaskRemoved: 106, not handling task stack changes
02-19 20:27:48.750 19166 19166 D RecentsView: onTaskRemoved: 106, not handling task stack changes
02-19 20:27:48.839   537   537 W adbd    : timeout expired while flushing socket, closing
02-19 20:27:48.893   752  2368 D ConnectivityService: requestNetwork for uid/pid:10217/27242 activeRequest: null callbackRequest: 877 [NetworkRequest [ REQUEST id=878, [ Capabilities: INTERNET&NOT_RESTRICTED&TRUSTED&NOT_VCN_MANAGED&NOT_BANDWIDTH_CONSTRAINED Uid: 10217 RequestorUid: 10217 RequestorPkg: viva.republica.toss.test UnderlyingNetworks: Null] ]] callback flags: 0 order: 2147483647 isUidTracked: false declaredMethods: AVAIL|LOST|NC|LP
02-19 20:27:48.898   752  1023 D OemPaidWifiNetworkFactory: got request NetworkRequest [ REQUEST id=878, [ Capabilities: INTERNET&NOT_RESTRICTED&TRUSTED&NOT_VCN_MANAGED&NOT_BANDWIDTH_CONSTRAINED Uid: 10217 RequestorUid: 10217 RequestorPkg: viva.republica.toss.test UnderlyingNetworks: Null] ]
02-19 20:27:48.899   752  1023 D MultiInternetWifiNetworkFactory: got request NetworkRequest [ REQUEST id=878, [ Capabilities: INTERNET&NOT_RESTRICTED&TRUSTED&NOT_VCN_MANAGED&NOT_BANDWIDTH_CONSTRAINED Uid: 10217 RequestorUid: 10217 RequestorPkg: viva.republica.toss.test UnderlyingNetworks: Null] ]
02-19 20:27:48.899   752  1029 D ConnectivityService: NetReassign [878 : null → 108] [c 1] [a 2] [i 2]
02-19 20:27:48.899   752  1246 D CompatChangeReporter: Compat change id reported: 319212206; UID 10217; state: ENABLED
02-19 20:27:48.900   752  1023 D WifiNetworkFactory: got request NetworkRequest [ REQUEST id=878, [ Capabilities: INTERNET&NOT_RESTRICTED&TRUSTED&NOT_VCN_MANAGED&NOT_BANDWIDTH_CONSTRAINED Uid: 10217 RequestorUid: 10217 RequestorPkg: viva.republica.toss.test UnderlyingNetworks: Null] ]
02-19 20:27:48.900   752  1023 D UntrustedWifiNetworkFactory: got request NetworkRequest [ REQUEST id=878, [ Capabilities: INTERNET&NOT_RESTRICTED&TRUSTED&NOT_VCN_MANAGED&NOT_BANDWIDTH_CONSTRAINED Uid: 10217 RequestorUid: 10217 RequestorPkg: viva.republica.toss.test UnderlyingNetworks: Null] ]
02-19 20:27:48.905   752  1029 D ConnectivityService: NetReassign [no changes] [c 1] [a 1] [i 2]
02-19 20:27:49.069 27242 27279 W cr_media: BLUETOOTH_CONNECT permission is missing.
02-19 20:27:49.071 27242 27279 W cr_media: getBluetoothAdapter() requires BLUETOOTH permission
02-19 20:27:49.072 27242 27279 W cr_media: registerBluetoothIntentsIfNeeded: Requires BLUETOOTH permission
02-19 20:27:49.124 27242 27431 W libc    : Access denied finding property "vendor.mesa.log"
02-19 20:27:49.127 27242 27431 W libc    : Access denied finding property "vendor.mesa.log.file"
02-19 20:27:49.127 27242 27431 E MESA    : Failed to open rendernode: No such file or directory
02-19 20:27:49.126 19829 19961 I Finsky  : [66] Current account updated in PVS
02-19 20:27:49.160 27242 27431 D vulkan  : searching for layers in '/data/app/~~NUQj-rdXzuicW-16SIRtKA==/viva.republica.toss.test-Si406wFvb_sqEA2GTBV6RQ==/lib/x86_64'
02-19 20:27:49.161 27242 27431 D vulkan  : searching for layers in '/data/app/~~NUQj-rdXzuicW-16SIRtKA==/viva.republica.toss.test-Si406wFvb_sqEA2GTBV6RQ==/base.apk!/lib/x86_64'
02-19 20:27:49.179 19829 19970 I Finsky  : [71] Current account updated in PVS
02-19 20:27:49.182 27242 27431 W libc    : Access denied finding property "vendor.mesa.vk.trace.per.submit"
02-19 20:27:49.182 27242 27431 W libc    : Access denied finding property "vendor.mesa.gallium.print.optio"
02-19 20:27:49.182 27242 27431 W libc    : Access denied finding property "vendor.mesa.vk.trace.frame"
02-19 20:27:49.194 27242 27431 W libc    : Access denied finding property "vendor.mesa.vk.wsi.headless.swa"
02-19 20:27:49.195 27242 27431 I EGL_emulation: Opening libGLESv1_CM_emulation.so
02-19 20:27:49.201 27242 27431 I EGL_emulation: Opening libGLESv2_emulation.so
02-19 20:27:49.203 27264 27291 I cr_LibraryLoader: Successfully loaded native library
02-19 20:27:49.205 27264 27291 I cr_CachingUmaRecorder: Flushed 2 samples from 2 histograms, 0 samples were dropped.
02-19 20:27:49.210 19829 19961 I Finsky  : [66] Current account updated in PVS
02-19 20:27:49.213 19829 19970 I Finsky  : [71] Current account updated in PVS
02-19 20:27:49.235 27264 27291 W SystemServiceRegistry: No service published for: uimode
02-19 20:27:49.264 27242 27431 W chromium: [WARNING:viz_main_impl.cc(85)] VizNullHypothesis is disabled (not a warning)
02-19 20:27:49.280 27264 27291 W chromium: [WARNING:runtime_features.cc(560)] Fenced frames cannot be enabled in this configuration. Use --enable-features=FencedFrames instead.
02-19 20:27:49.280 27264 27291 W chromium: [WARNING:runtime_features.cc(585)] Topics cannot be enabled in this configuration. Use --enable-features=BrowsingTopics in addition.
02-19 20:27:49.281 27264 27291 W chromium: [WARNING:runtime_features.cc(606)] SharedStorage cannot be enabled in this configuration. Use --enable-features=SharedStorageAPI in addition.
02-19 20:27:49.318  3453  3453 D BoundBrokerSvc: onBind: Intent { act=com.google.android.gms.safebrowsing.SafeBrowsingService.START dat=chimera-action:/... xflg=0x4 cmp=com.google.android.gms/.chimera.GmsBoundBrokerService }
02-19 20:27:49.318  3453  3453 D BoundBrokerSvc: Loading bound service for intent: Intent { act=com.google.android.gms.safebrowsing.SafeBrowsingService.START dat=chimera-action:/... xflg=0x4 cmp=com.google.android.gms/.chimera.GmsBoundBrokerService }
02-19 20:27:49.438 19829 19829 I Finsky  : [2] Memory trim requested to level 40
02-19 20:27:49.445 19829 19829 I Finsky  : [2] Flushing in-memory image cache
02-19 20:27:49.575 19829 19965 I Finsky  : [69] Current account updated in PVS
02-19 20:27:49.581 19301 19456 I FontLog : (REDACTED) Received query %s, URI %s
02-19 20:27:49.581 19301 19456 I FontLog : (REDACTED) Query [%s] resolved to %s
02-19 20:27:49.583 19301 19456 I FontLog : (REDACTED) Font PFD returned from cache for %s
02-19 20:27:49.583 19301 19456 I FontLog : (REDACTED) Fetch %s end status %s
02-19 20:27:49.602 19301 19456 I FontLog : (REDACTED) Pulling font file for id = %d, cache size = %d
02-19 20:27:49.606 19301 19456 I FontLog : (REDACTED) Received query %s, URI %s
02-19 20:27:49.606 19301 19456 I FontLog : (REDACTED) Query [%s] resolved to %s
02-19 20:27:49.609 19301 19456 I FontLog : (REDACTED) Fetch %s end status %s
02-19 20:27:49.631 19301 19456 I FontLog : (REDACTED) Pulling font file for id = %d, cache size = %d
02-19 20:27:49.639 19301 19456 I FontLog : (REDACTED) Received query %s, URI %s
02-19 20:27:49.639 19301 19456 I FontLog : (REDACTED) Query [%s] resolved to %s
02-19 20:27:49.641 19301 19456 I FontLog : (REDACTED) Font PFD returned from cache for %s
02-19 20:27:49.641 19301 19456 I FontLog : (REDACTED) Fetch %s end status %s
02-19 20:27:49.644 19301 19456 I FontLog : (REDACTED) Pulling font file for id = %d, cache size = %d
02-19 20:27:49.651 19301 19456 I FontLog : (REDACTED) Received query %s, URI %s
02-19 20:27:49.651 19301 19456 I FontLog : (REDACTED) Query [%s] resolved to %s
02-19 20:27:49.653 19301 19456 I FontLog : (REDACTED) Font PFD returned from cache for %s
02-19 20:27:49.653 19301 19456 I FontLog : (REDACTED) Fetch %s end status %s
02-19 20:27:49.662 19301 19456 I FontLog : (REDACTED) Pulling font file for id = %d, cache size = %d
02-19 20:27:49.666 19301 19456 I FontLog : (REDACTED) Received query %s, URI %s
02-19 20:27:49.666 19301 19456 I FontLog : (REDACTED) Query [%s] resolved to %s
02-19 20:27:49.667 19301 19456 I FontLog : (REDACTED) Font PFD returned from cache for %s
02-19 20:27:49.668 19301 19456 I FontLog : (REDACTED) Fetch %s end status %s
02-19 20:27:49.670 19301 20014 I FontLog : (REDACTED) Pulling font file for id = %d, cache size = %d
02-19 20:27:49.818 27452 27452 W dumpsys : Thread Pool max thread count is 0. Cannot cache binder as linkToDeath cannot be implemented. serviceName: window
02-19 20:27:49.840 27242 27418 W unknown:ReactNative: Invoking JS callback after bridge has been destroyed.
02-19 20:27:49.878 27242 27415 D nativeloader: Load /data/app/~~NUQj-rdXzuicW-16SIRtKA==/viva.republica.toss.test-Si406wFvb_sqEA2GTBV6RQ==/lib/x86_64/libreactnativeblob.so using class loader ns clns-9 (caller=<unknown>): ok
02-19 20:27:49.949 27242 27245 I blica.toss.test: Compiler allocated 4717KB to compile void com.facebook.soloader.nativeloader.SystemDelegate.read(java.lang.String)
02-19 20:27:49.951 27242 27418 E unknown:ReactNative: Unhandled SoftException
02-19 20:27:49.951 27242 27418 E unknown:ReactNative: java.lang.RuntimeException: Catalyst Instance has already disappeared: requested by BlobModule
02-19 20:27:49.951 27242 27418 E unknown:ReactNative: 	at com.facebook.react.bridge.ReactContextBaseJavaModule.getReactApplicationContextIfActiveOrWarn(:66)
02-19 20:27:49.951 27242 27418 E unknown:ReactNative: 	at com.facebook.react.modules.blob.BlobModule.addNetworkingHandler(:293)
02-19 20:27:49.951 27242 27418 E unknown:ReactNative: 	at java.lang.reflect.Method.invoke(Native Method)
02-19 20:27:49.951 27242 27418 E unknown:ReactNative: 	at com.facebook.react.bridge.JavaMethodWrapper.invoke(:372)
02-19 20:27:49.951 27242 27418 E unknown:ReactNative: 	at com.facebook.react.bridge.JavaModuleWrapper.invoke(:188)
02-19 20:27:49.951 27242 27418 E unknown:ReactNative: 	at com.facebook.jni.NativeRunnable.run(Native Method)
02-19 20:27:49.951 27242 27418 E unknown:ReactNative: 	at android.os.Handler.handleCallback(Handler.java:995)
02-19 20:27:49.951 27242 27418 E unknown:ReactNative: 	at android.os.Handler.dispatchMessage(Handler.java:103)
02-19 20:27:49.951 27242 27418 E unknown:ReactNative: 	at com.facebook.react.bridge.queue.MessageQueueThreadHandler.dispatchMessage(:27)
02-19 20:27:49.951 27242 27418 E unknown:ReactNative: 	at android.os.Looper.loopOnce(Looper.java:248)
02-19 20:27:49.951 27242 27418 E unknown:ReactNative: 	at android.os.Looper.loop(Looper.java:338)
02-19 20:27:49.951 27242 27418 E unknown:ReactNative: 	at com.facebook.react.bridge.queue.MessageQueueThreadImpl$4.run(:228)
02-19 20:27:49.951 27242 27418 E unknown:ReactNative: 	at java.lang.Thread.run(Thread.java:1119)
02-19 20:27:49.960 27242 27242 E unknown:ReactNative: Unable to launch logbox because react was unable to create the root view
02-19 20:27:50.142 27242 27242 I Ads     : JS: The jsLoaded GMSG has been sent (https://googleads.g.doubleclick.net/mads/static/sdk/native/sdk-core-v40.html:1025)
02-19 20:27:50.174   752  2368 W ActivityTaskManager: callingPackage for (uid=2000, pid=27459) has no WPC
02-19 20:27:50.181   752  2368 V GrammaticalInflectionUtils: AttributionSource: android.content.AttributionSource@56784557 does not have READ_SYSTEM_GRAMMATICAL_GENDER permission.
02-19 20:27:50.182   752  2368 W OptProp : Cannot read opt property android.window.PROPERTY_COMPAT_ALLOW_USER_ASPECT_RATIO_OVERRIDE
02-19 20:27:50.182   752  2368 W OptProp : Cannot read opt property android.window.PROPERTY_COMPAT_ALLOW_USER_ASPECT_RATIO_FULLSCREEN_OVERRIDE
02-19 20:27:50.183   752  2368 W OptProp : Cannot read opt property android.window.PROPERTY_COMPAT_ALLOW_RESIZEABLE_ACTIVITY_OVERRIDES
02-19 20:27:50.185   752  2368 W OptProp : Cannot read opt property android.window.PROPERTY_COMPAT_ALLOW_MIN_ASPECT_RATIO_OVERRIDE
02-19 20:27:50.197   531   549 I BpBinder: onLastStrongRef automatically unlinking death recipients: 
02-19 20:27:50.203   752  2368 W OptProp : Cannot read opt property android.window.PROPERTY_COMPAT_ALLOW_ORIENTATION_OVERRIDE
02-19 20:27:50.210  4449  4467 V WindowManagerShell: Transition requested (#905): android.os.BinderProxy@a554291 TransitionRequestInfo { type = OPEN, triggerTask = TaskInfo{userId=0 taskId=107 effectiveUid=10217 displayId=0 isRunning=true baseIntent=Intent { act=android.intent.action.VIEW dat=intoss://takealook/... flg=0x10000000 pkg=viva.republica.toss.test cmp=viva.republica.toss.test/.MiniAppSchemeActivity } baseActivity=ComponentInfo{viva.republica.toss.test/viva.republica.toss.test.MiniAppSchemeActivity} topActivity=ComponentInfo{viva.republica.toss.test/viva.republica.toss.test.MiniAppSchemeActivity} origActivity=null realActivity=ComponentInfo{viva.republica.toss.test/viva.republica.toss.test.MiniAppSchemeActivity} numActivities=1 lastActiveTime=111944056 supportsMultiWindow=true resizeMode=1 isResizeable=true minWidth=-1 minHeight=-1 defaultMinSize=220 token=WCT{android.window.IWindowContainerToken$Stub$Proxy@dbbb5f6} topActivityType=1 pictureInPictureParams=null shouldDockBigOverlays=false launchIntoPipHostTaskId=-1 lastParentTaskIdBeforePip=-1 displayCutoutSafeInsets=Rect(0, 0 - 0, 0) topActivityInfo=ActivityInfo{ca19df7 viva.republica.toss.test.MiniAppSchemeActivity} launchCookies=[] positionInParent=Point(0, 0) parentTaskId=-1 isFocused=false isVisible=false isVisibleRequested=false isTopActivityNoDisplay=false isSleeping=false locusId=null displayAreaFeatureId=1 isTopActivityTransparent=true isActivityStackTransparent=true lastNonFullscreenBounds=Rect(284, 660 - 796, 1740) capturedLink=null capturedLinkTimestamp=0 requestedVisibleTypes=-9 topActivityRequestOpenInBrowserEducationTimestamp=0 appCompatTaskInfo=AppCompatTaskInfo { topActivityInSizeCompat=false eligibleForLetterboxEducation= false isLetterboxEducationEnabled= true isLetterboxDoubleTapEnabled= false eligibleForUserAspectRatioButton= false topActivityBoundsLetterboxed= false isFromLetterboxDoubleTap= false topActivityLetterboxVerticalPosition= -1 topActivityLetterboxHorizontalPosition= -1 topActivityLetterboxWidth=-1 topActivityLetterboxHeight=-1 topActivityAppBounds=Rect(0, 0 - 1080, 2400) isUserFullscreenOverrideEnabled=false isSystemFullscreenOverrideEnabled=false hasMinAspectRatioOverride=false topActivityLetterboxBounds=null cameraCompatTaskInfo=CameraCompatTaskInfo { freeformCameraCompatMode=inactive}} topActivityMainWindowFrame=null}, pipChange = null, remoteTransition = null, displayChange = null, flags = 0, debugId = 905 }
02-19 20:27:50.210  4449  4467 D ShellSplitScreen: logExit: no-op, mLoggerSessionId is null
02-19 20:27:50.211   752  2368 I ActivityTaskManager: START u0 {act=android.intent.action.VIEW dat=intoss://takealook/... flg=0x10000000 xflg=0x4 pkg=viva.republica.toss.test cmp=viva.republica.toss.test/.MiniAppSchemeActivity} with LAUNCH_MULTIPLE from uid 2000 (BAL_ALLOW_PERMISSION) result code=0
02-19 20:27:50.217 19166 19166 W SplitSelectStateCtor: Missing session instanceIds
02-19 20:27:50.217 19166 19166 D StatsLog: LAUNCHER_SPLIT_SELECTION_EXIT_INTERRUPTED
02-19 20:27:50.220   752  1852 W OptProp : Cannot read opt property android.window.PROPERTY_COMPAT_ENABLE_FAKE_FOCUS
02-19 20:27:50.220   752  1852 D CompatChangeReporter: Compat change id reported: 324203798; UID 10217; state: ENABLED
02-19 20:27:50.242   752  1095 D BackgroundInstallControlService: Package event received: 0
02-19 20:27:50.243 27242 27319 W HWUI    : Failed to choose config with EGL_SWAP_BEHAVIOR_PRESERVED, retrying without...
02-19 20:27:50.244 27242 27319 W HWUI    : Failed to initialize 101010-2 format, error = EGL_SUCCESS
02-19 20:27:50.264   752  1095 D BackgroundInstallControlService: Package event received: 0
02-19 20:27:50.272   752  1095 D BackgroundInstallControlService: Package event received: 0
02-19 20:27:50.279   752  1095 D BackgroundInstallControlService: Package event received: 0
02-19 20:27:50.280   752  1095 D BackgroundInstallControlService: Package event received: 0
02-19 20:27:50.282   752  1095 D BackgroundInstallControlService: Package event received: 0
02-19 20:27:50.283   752  1095 D BackgroundInstallControlService: Package event received: 0
02-19 20:27:50.284   752  1095 D BackgroundInstallControlService: Package event received: 0
02-19 20:27:50.286  4449  4467 D WindowManagerShell: setLauncherKeepClearAreaHeight: visible=false, height=527
02-19 20:27:50.294   531   531 I BpBinder: onLastStrongRef automatically unlinking death recipients: 
02-19 20:27:50.326 27242 27242 I blica.toss.test: AssetManager2(0x7d8fac43e2f8) locale list changing from [] to [en-US]
02-19 20:27:50.426   752   795 W Looper  : Slow dispatch took 149ms android.ui app=system_server main=false group=TOP_APP h=com.android.server.am.ActivityManagerService$UiHandler c=com.android.server.am.UidObserverController$$ExternalSyntheticLambda0@6a2cd6d m=0
02-19 20:27:50.550   752   780 D CoreBackPreview: Window{a8b7252 u0 viva.republica.toss.test/viva.republica.toss.test.MiniAppSchemeActivity}: Setting back callback OnBackInvokedCallbackInfo{mCallback=android.window.IOnBackInvokedCallback$Stub$Proxy@5b74e20, mPriority=0, mIsAnimationCallback=false, mOverrideBehavior=0}
02-19 20:27:50.654   752   969 D ActivityManager: freezing 19378 com.google.android.webview:webview_service
02-19 20:27:50.664   752  1029 D InetDiagMessage: Destroyed 0 sockets, proto=IPPROTO_TCP, family=AF_INET, states=14
02-19 20:27:50.665   752  1029 D InetDiagMessage: Destroyed 0 sockets, proto=IPPROTO_TCP, family=AF_INET6, states=14
02-19 20:27:50.665   752  1029 D InetDiagMessage: Destroyed live tcp sockets for uids={10168} in 3ms
02-19 20:27:50.715  4449 21898 V WindowManagerShell: onTransitionReady(transaction=3229815433253)
02-19 20:27:50.721   752   794 I ActivityTaskManager: Displayed viva.republica.toss.test/.MiniAppSchemeActivity for user 0: +489ms
02-19 20:27:50.722   752   794 V WindowManager: Sent Transition (#905) createdAt=02-19 20:27:50.186 via request=TransitionRequestInfo { type = OPEN, triggerTask = TaskInfo{userId=0 taskId=107 effectiveUid=10217 displayId=0 isRunning=true baseIntent=Intent { act=android.intent.action.VIEW dat=intoss://takealook/... flg=0x10000000 pkg=viva.republica.toss.test cmp=viva.republica.toss.test/.MiniAppSchemeActivity } baseActivity=ComponentInfo{viva.republica.toss.test/viva.republica.toss.test.MiniAppSchemeActivity} topActivity=ComponentInfo{viva.republica.toss.test/viva.republica.toss.test.MiniAppSchemeActivity} origActivity=null realActivity=ComponentInfo{viva.republica.toss.test/viva.republica.toss.test.MiniAppSchemeActivity} numActivities=1 lastActiveTime=111944056 supportsMultiWindow=true resizeMode=1 isResizeable=true minWidth=-1 minHeight=-1 defaultMinSize=220 token=WCT{RemoteToken{a230676 Task{cc7c290 #107 type=standard A=10217:viva.republica.toss.test}}} topActivityType=1 pictureInPictureParams=null shouldDockBigOverlays=false launchIntoPipHostTaskId=-1 lastParentTaskIdBeforePip=-1 displayCutoutSafeInsets=Rect(0, 0 - 0, 0) topActivityInfo=ActivityInfo{225e477 viva.republica.toss.test.MiniAppSchemeActivity} launchCookies=[] positionInParent=Point(0, 0) parentTaskId=-1 isFocused=false isVisible=false isVisibleRequested=false isTopActivityNoDisplay=false isSleeping=false locusId=null displayAreaFeatureId=1 isTopActivityTransparent=true isActivityStackTransparent=true lastNonFullscreenBounds=Rect(284, 660 - 796, 1740) capturedLink=null capturedLinkTimestamp=0 requestedVisibleTypes=-9 topActivityRequestOpenInBrowserEducationTimestamp=0 appCompatTaskInfo=AppCompatTaskInfo { topActivityInSizeCompat=false eligibleForLetterboxEducation= false isLetterboxEducationEnabled= true isLetterboxDoubleTapEnabled= false eligibleForUserAspectRatioButton= false topActivityBoundsLetterboxed= false isFromLetterboxDoubleTap= false topActivityLetterboxVerticalPosition= -1 topActivityLetterboxHorizontalPosition= -1 topActivityLetterboxWidth=-1 topActivityLetterboxHeight=-1 topActivityAppBounds=Rect(0, 0 - 1080, 2400) isUserFullscreenOverrideEnabled=false isSystemFullscreenOverrideEnabled=false hasMinAspectRatioOverride=false topActivityLetterboxBounds=null cameraCompatTaskInfo=CameraCompatTaskInfo { freeformCameraCompatMode=inactive}} topActivityMainWindowFrame=null}, pipChange = null, remoteTransition = null, displayChange = null, flags = 0, debugId = 905 }
02-19 20:27:50.722   752   794 V WindowManager:     startWCT=WindowContainerTransaction { changes= {} hops= [] errorCallbackToken=null taskFragmentOrganizer=null }
02-19 20:27:50.722   752   794 V WindowManager:     info={id=905 t=OPEN f=0x0 trk=0 r=[0@Point(0, 0)] c=[
02-19 20:27:50.722   752   794 V WindowManager:         {WCT{RemoteToken{a230676 Task{cc7c290 #107 type=standard A=10217:viva.republica.toss.test}}} m=OPEN f=TRANSLUCENT leash=Surface(name=Task=107)/@0xc132c4c sb=Rect(0, 0 - 1080, 2400) eb=Rect(0, 0 - 1080, 2400) epz=Point(1080, 2400) d=0 taskParent=-1}
02-19 20:27:50.722   752   794 V WindowManager:     ]}
02-19 20:27:50.723  4449  4467 V WindowManagerShell: onTransitionReady (#905) android.os.BinderProxy@a554291: {id=905 t=OPEN f=0x0 trk=0 r=[0@Point(0, 0)] c=[
02-19 20:27:50.723  4449  4467 V WindowManagerShell:         {m=OPEN f=TRANSLUCENT leash=Surface(name=Task=107)/@0xf7a76cd sb=Rect(0, 0 - 1080, 2400) eb=Rect(0, 0 - 1080, 2400) epz=Point(1080, 2400) d=0 taskParent=-1}
02-19 20:27:50.723  4449  4467 V WindowManagerShell:     ]}
02-19 20:27:50.724  4449  4467 V WindowManagerShell: Playing animation for (#905) android.os.BinderProxy@a554291@0
02-19 20:27:50.724  4449  4467 V ShellRecents: RecentsTransitionHandler.startAnimation: no controller found
02-19 20:27:50.724  4449  4467 V WindowManagerShell: Transition doesn't have explicit remote, search filters for match for {id=905 t=OPEN f=0x0 trk=0 r=[0@Point(0, 0)] c=[{m=OPEN f=TRANSLUCENT leash=Surface(name=Task=107)/@0xf7a76cd sb=Rect(0, 0 - 1080, 2400) eb=Rect(0, 0 - 1080, 2400) epz=Point(1080, 2400) d=0 taskParent=-1}]}
02-19 20:27:50.725  4449  4467 V WindowManagerShell:  Checking filter Pair{{types=[] flags=0x0] notFlags=0x0 checks=[{atype=undefined independent=true modes=[CLOSE,TO_BACK] flags=IN_TASK_WITH_EMBEDDED_ACTIVITY mustBeTask=false order=ANY topActivity=null launchCookie=null taskFragmentToken=android.os.BinderProxy@71546f0 windowingMode=undefined}]} RemoteTransition { remoteTransition = android.window.IRemoteTransition$Stub$Proxy@d4c8469, appThread = android.app.IApplicationThread$Stub$Proxy@c228eee, debugName = overlayBackTransition }}
02-19 20:27:50.725  4449  4467 V WindowManagerShell:  Checking filter Pair{{types=[] flags=0x0] notFlags=0x0 checks=[{atype=dream independent=true modes=[OPEN,TO_FRONT] flags=NONE mustBeTask=false order=ANY topActivity=null launchCookie=null windowingMode=undefined},{atype=home independent=true modes=[CLOSE,TO_BACK] flags=NONE mustBeTask=false order=ANY topActivity=null launchCookie=null windowingMode=undefined}]} RemoteTransition { remoteTransition = android.window.IRemoteTransition$Stub$Proxy@c578f8f, appThread = android.app.IApplicationThread$Stub$Proxy@69fe21c, debugName = LauncherToDream }}
02-19 20:27:50.725  4449  4467 V WindowManagerShell:  Checking filter Pair{{types=[] flags=0x0] notFlags=0x100 checks=[{atype=home independent=true modes=[OPEN,TO_FRONT] flags=NONE mustBeTask=false order=TOP topActivity=ComponentInfo{com.google.android.apps.nexuslauncher/com.google.android.apps.nexuslauncher.NexusLauncherActivity} launchCookie=null windowingMode=undefined},{atype=standard independent=true modes=[CLOSE,TO_BACK] flags=NONE mustBeTask=false order=ANY topActivity=null launchCookie=null windowingMode=undefined},{NOT atype=undefined independent=true modes=[] flags=NONE mustBeTask=true order=ANY topActivity=null launchCookie=null customAnim=true windowingMode=undefined}]} RemoteTransition { remoteTransition = android.window.IRemoteTransition$Stub$Proxy@69ffe25, appThread = android.app.IApplicationThread$Stub$Proxy@72cabfa, debugName = QuickstepLaunchHome }}
02-19 20:27:50.726  4449  4467 V WindowManagerShell:  Checking filter Pair{{types=[] flags=0x0] notFlags=0x0 checks=[{atype=undefined independent=true modes=[CLOSE,TO_BACK] flags=IN_TASK_WITH_EMBEDDED_ACTIVITY mustBeTask=false order=ANY topActivity=null launchCookie=null taskFragmentToken=android.os.BinderProxy@71546f0 windowingMode=undefined}]} RemoteTransition { remoteTransition = android.window.IRemoteTransition$Stub$Proxy@7c795ab, appThread = android.app.IApplicationThread$Stub$Proxy@cd70408, debugName = overlayBackTransition }}
02-19 20:27:50.726  4449  4467 V WindowManagerShell:  Checking filter Pair{{types=[] flags=0x0] notFlags=0x0 checks=[{atype=dream independent=true modes=[OPEN,TO_FRONT] flags=NONE mustBeTask=false order=ANY topActivity=null launchCookie=null windowingMode=undefined},{atype=home independent=true modes=[CLOSE,TO_BACK] flags=NONE mustBeTask=false order=ANY topActivity=null launchCookie=null windowingMode=undefined}]} RemoteTransition { remoteTransition = android.window.IRemoteTransition$Stub$Proxy@f757a1, appThread = android.app.IApplicationThread$Stub$Proxy@d898dc6, debugName = LauncherToDream }}
02-19 20:27:50.726  4449  4467 V WindowManagerShell:  Checking filter Pair{{types=[] flags=0x0] notFlags=0x100 checks=[{atype=home independent=true modes=[OPEN,TO_FRONT] flags=NONE mustBeTask=false order=TOP topActivity=ComponentInfo{com.google.android.apps.nexuslauncher/com.google.android.apps.nexuslauncher.NexusLauncherActivity} launchCookie=null windowingMode=undefined},{atype=standard independent=true modes=[CLOSE,TO_BACK] flags=NONE mustBeTask=false order=ANY topActivity=null launchCookie=null windowingMode=undefined},{NOT atype=undefined independent=true modes=[] flags=NONE mustBeTask=true order=ANY topActivity=null launchCookie=null customAnim=true windowingMode=undefined}]} RemoteTransition { remoteTransition = android.window.IRemoteTransition$Stub$Proxy@9e7e187, appThread = android.app.IApplicationThread$Stub$Proxy@3dc58b4, debugName = QuickstepLaunchHome }}
02-19 20:27:50.726  4449  4467 V WindowManagerShell:  Delegate animation for (#905) to null
02-19 20:27:50.727  4449  4467 V WindowManagerShell: start default transition animation, info = {id=905 t=OPEN f=0x0 trk=0 r=[0@Point(0, 0)] c=[{m=OPEN f=TRANSLUCENT leash=Surface(name=Task=107)/@0xf7a76cd sb=Rect(0, 0 - 1080, 2400) eb=Rect(0, 0 - 1080, 2400) epz=Point(1080, 2400) d=0 taskParent=-1}]}
02-19 20:27:50.728  4449  4467 V WindowManagerShell: loadAnimation: anim=android.view.animation.AnimationSet@d44b2c9 animAttr=0x4 type=OPEN isEntrance=true
02-19 20:27:50.730  4449  4467 V WindowManagerShell:  animated by com.android.wm.shell.transition.DefaultTransitionHandler@f74d823
02-19 20:27:50.753   752  2368 V GrammaticalInflectionUtils: AttributionSource: android.content.AttributionSource@56784557 does not have READ_SYSTEM_GRAMMATICAL_GENDER permission.
02-19 20:27:50.753   752  2368 W OptProp : Cannot read opt property android.window.PROPERTY_COMPAT_ALLOW_USER_ASPECT_RATIO_OVERRIDE
02-19 20:27:50.754   752  2368 W OptProp : Cannot read opt property android.window.PROPERTY_COMPAT_ALLOW_USER_ASPECT_RATIO_FULLSCREEN_OVERRIDE
02-19 20:27:50.754   752  2368 W OptProp : Cannot read opt property android.window.PROPERTY_COMPAT_ALLOW_RESIZEABLE_ACTIVITY_OVERRIDES
02-19 20:27:50.754   752  2368 W OptProp : Cannot read opt property android.window.PROPERTY_COMPAT_ALLOW_MIN_ASPECT_RATIO_OVERRIDE
02-19 20:27:50.763   752  2368 W OptProp : Cannot read opt property android.window.PROPERTY_COMPAT_ALLOW_ORIENTATION_OVERRIDE
02-19 20:27:50.776   752  2368 I ActivityTaskManager: START u0 {act=android.intent.action.VIEW dat=intoss://takealook/... xflg=0x4 cmp=viva.republica.toss.test/im.toss.rn.granite.core.GraniteActivity (has extras)} with LAUNCH_MULTIPLE from uid 10217 (sr=15833427) (BAL_ALLOW_VISIBLE_WINDOW) result code=0
02-19 20:27:50.781  4449  4467 V WindowManagerShell: Transition requested (#906): android.os.BinderProxy@dc854ef TransitionRequestInfo { type = OPEN, triggerTask = TaskInfo{userId=0 taskId=107 effectiveUid=10217 displayId=0 isRunning=true baseIntent=Intent { act=android.intent.action.VIEW dat=intoss://takealook/... flg=0x10000000 pkg=viva.republica.toss.test cmp=viva.republica.toss.test/.MiniAppSchemeActivity } baseActivity=ComponentInfo{viva.republica.toss.test/viva.republica.toss.test.MiniAppSchemeActivity} topActivity=ComponentInfo{viva.republica.toss.test/im.toss.rn.granite.core.GraniteActivity} origActivity=null realActivity=ComponentInfo{viva.republica.toss.test/viva.republica.toss.test.MiniAppSchemeActivity} numActivities=2 lastActiveTime=111944619 supportsMultiWindow=true resizeMode=1 isResizeable=true minWidth=-1 minHeight=-1 defaultMinSize=220 token=WCT{android.window.IWindowContainerToken$Stub$Proxy@8072bfc} topActivityType=1 pictureInPictureParams=null shouldDockBigOverlays=false launchIntoPipHostTaskId=-1 lastParentTaskIdBeforePip=-1 displayCutoutSafeInsets=Rect(0, 0 - 0, 0) topActivityInfo=ActivityInfo{b5cb285 im.toss.rn.granite.core.GraniteActivity} launchCookies=[] positionInParent=Point(0, 0) parentTaskId=-1 isFocused=true isVisible=true isVisibleRequested=true isTopActivityNoDisplay=false isSleeping=false locusId=null displayAreaFeatureId=1 isTopActivityTransparent=false isActivityStackTransparent=false lastNonFullscreenBounds=Rect(284, 660 - 796, 1740) capturedLink=null capturedLinkTimestamp=0 requestedVisibleTypes=-9 topActivityRequestOpenInBrowserEducationTimestamp=0 appCompatTaskInfo=AppCompatTaskInfo { topActivityInSizeCompat=false eligibleForLetterboxEducation= false isLetterboxEducationEnabled= true isLetterboxDoubleTapEnabled= false eligibleForUserAspectRatioButton= false topActivityBoundsLetterboxed= false isFromLetterboxDoubleTap= false topActivityLetterboxVerticalPosition= -1 topActivityLetterboxHorizontalPosition= -1 topActivityLetterboxWidth=-1 topActivityLetterboxHeight=-1 topActivityAppBounds=Rect(0, 0 - 1080, 2400) isUserFullscreenOverrideEnabled=false isSystemFullscreenOverrideEnabled=false hasMinAspectRatioOverride=false topActivityLetterboxBounds=null cameraCompatTaskInfo=CameraCompatTaskInfo { freeformCameraCompatMode=inactive}} topActivityMainWindowFrame=null}, pipChange = null, remoteTransition = null, displayChange = null, flags = 0, debugId = 906 }
02-19 20:27:50.782  4449  4467 D ShellSplitScreen: logExit: no-op, mLoggerSessionId is null
02-19 20:27:50.791   531   603 I BpBinder: onLastStrongRef automatically unlinking death recipients: 
02-19 20:27:50.799   752  1935 W OptProp : Cannot read opt property android.window.PROPERTY_COMPAT_ENABLE_FAKE_FOCUS
02-19 20:27:50.806   752   989 I ImeTracker: viva.republica.toss.test:6229cdb5: onRequestHide at ORIGIN_SERVER reason HIDE_UNSPECIFIED_WINDOW fromUser false
02-19 20:27:50.809 20022 20022 I GoogleInputMethodService: GoogleInputMethodService.onFinishInput():2043 
02-19 20:27:50.811 20022 20022 I Module  : DeviceLockedStatusModuleProvider$Module.updateDeviceLockedStatus():100 repeatCheckTimes = 0, locked = false
02-19 20:27:50.814   752  1095 D BackgroundInstallControlService: Package event received: 0
02-19 20:27:50.824 20022 20022 I GoogleInputMethodService: GoogleInputMethodService.onStartInput():1293 onStartInput(EditorInfo{EditorInfo{packageName=viva.republica.toss.test, inputType=0, inputTypeString=NULL, enableLearning=false, autoCorrection=false, autoComplete=false, imeOptions=0, privateImeOptions=null, actionName=UNSPECIFIED, actionLabel=null, initialSelStart=-1, initialSelEnd=-1, initialCapsMode=0, label=null, fieldId=0, fieldName=null, extras=null, hintText=null, hintLocales=[]}}, false)
02-19 20:27:50.826 20022 20022 I EmojiCompatManager: EmojiCompatManager.getEmojiCompatIfLoaded():343 EmojiCompat.init() was never called.
02-19 20:27:50.826 20022 20022 I EmojiCompatManager: java.lang.IllegalStateException: EmojiCompat is not initialized. Please call EmojiCompat.init() first
02-19 20:27:50.826 20022 20022 I EmojiCompatManager: 	at asx.p(PG:6)
02-19 20:27:50.826 20022 20022 I EmojiCompatManager: 	at axb.b(PG:13)
02-19 20:27:50.826 20022 20022 I EmojiCompatManager: 	at jnr.b(PG:2)
02-19 20:27:50.826 20022 20022 I EmojiCompatManager: 	at jnr.c(PG:4)
02-19 20:27:50.826 20022 20022 I EmojiCompatManager: 	at jnr.f(PG:3)
02-19 20:27:50.826 20022 20022 I EmojiCompatManager: 	at jnx.c(PG:3)
02-19 20:27:50.826 20022 20022 I EmojiCompatManager: 	at kif.cz(PG:47)
02-19 20:27:50.826 20022 20022 I EmojiCompatManager: 	at lhl.run(PG:1025)
02-19 20:27:50.826 20022 20022 I EmojiCompatManager: 	at jaf.execute(PG:12)
02-19 20:27:50.826 20022 20022 I EmojiCompatManager: 	at nco.v(PG:13)
02-19 20:27:50.826 20022 20022 I EmojiCompatManager: 	at lhn.m(PG:96)
02-19 20:27:50.826 20022 20022 I EmojiCompatManager: 	at lhn.k(PG:25)
02-19 20:27:50.826 20022 20022 I EmojiCompatManager: 	at kgn.onStartInput(PG:250)
02-19 20:27:50.826 20022 20022 I EmojiCompatManager: 	at android.inputmethodservice.InputMethodService.doStartInput(InputMethodService.java:3521)
02-19 20:27:50.826 20022 20022 I EmojiCompatManager: 	at android.inputmethodservice.InputMethodService$InputMethodImpl.startInput(InputMethodService.java:879)
02-19 20:27:50.826 20022 20022 I EmojiCompatManager: 	at android.inputmethodservice.InputMethodService$InputMethodImpl.dispatchStartInput(InputMethodService.java:908)
02-19 20:27:50.826 20022 20022 I EmojiCompatManager: 	at android.inputmethodservice.IInputMethodWrapper.executeMessage(IInputMethodWrapper.java:201)
02-19 20:27:50.826 20022 20022 I EmojiCompatManager: 	at com.android.internal.os.HandlerCaller$MyHandler.handleMessage(HandlerCaller.java:44)
02-19 20:27:50.826 20022 20022 I EmojiCompatManager: 	at android.os.Handler.dispatchMessage(Handler.java:110)
02-19 20:27:50.826 20022 20022 I EmojiCompatManager: 	at android.os.Looper.loopOnce(Looper.java:248)
02-19 20:27:50.826 20022 20022 I EmojiCompatManager: 	at android.os.Looper.loop(Looper.java:338)
02-19 20:27:50.826 20022 20022 I EmojiCompatManager: 	at android.app.ActivityThread.main(ActivityThread.java:9067)
02-19 20:27:50.826 20022 20022 I EmojiCompatManager: 	at java.lang.reflect.Method.invoke(Native Method)
02-19 20:27:50.826 20022 20022 I EmojiCompatManager: 	at com.android.internal.os.RuntimeInit$MethodAndArgsCaller.run(RuntimeInit.java:593)
02-19 20:27:50.826 20022 20022 I EmojiCompatManager: 	at com.android.internal.os.ZygoteInit.main(ZygoteInit.java:932)
02-19 20:27:50.829 20022 20022 I Module  : DeviceLockedStatusModuleProvider$Module.updateDeviceLockedStatus():100 repeatCheckTimes = 1, locked = false
02-19 20:27:50.838   752  1852 I ImeTracker: system_server:a1bb0e03: onRequestHide at ORIGIN_SERVER reason IME_REQUESTED_CHANGED_LISTENER fromUser false
02-19 20:27:50.842   752   797 W IPCThreadState: Sending oneway calls to frozen process.
02-19 20:27:50.846   752  1789 W PackageConfigPersister: App-specific configuration not found for packageName: viva.republica.toss.test and userId: 0
