02-19 11:58:31.171  4449  4467 V WindowManagerShell: Transition animation finished (aborted=false), notifying core (#237) android.os.BinderProxy@83af341@0
02-19 11:58:31.185  1341  1341 D RecentsView: cleanupRemoteTargets - mRemoteTargetHandles: null
02-19 11:58:31.233   752  1233 E TransitionChain: Can't collect into a chain with no transition
02-19 11:58:31.234   752   794 V WindowManager: Finish Transition (#237): created at 02-19 11:58:28.664 collect-started=0.154ms started=0.175ms ready=36.477ms sent=99.813ms commit=31.592ms finished=2568.588ms
02-19 11:58:31.239 24035 24035 D VRI[GraniteActivity]: visibilityChanged oldVisibility=true newVisibility=false
02-19 11:58:31.244  1341  1341 W SplitSelectStateCtor: Missing session instanceIds
02-19 11:58:31.245  1341  1341 D StatsLog: LAUNCHER_SPLIT_SELECTION_EXIT_INTERRUPTED
02-19 11:58:31.260   752   794 V WindowManager: Finish Transition (#238): created at 02-19 11:58:30.643 collect-started=0.055ms request-sent=5.967ms started=9.16ms ready=57.792ms sent=89.771ms commit=84.392ms finished=603.149ms
02-19 11:58:31.266  4449  4467 V WindowManagerShell: Track 0 became idle
02-19 11:58:31.267  4449  4467 V WindowManagerShell: All active transition animations finished
02-19 11:58:31.267  4449  4467 V ShellRecents: [209555686] RecentsController.finishInner: calling finish callback
02-19 11:58:31.268   752   797 V WindowManager: Unknown focus tokens, dropping reportFocusChanged
02-19 11:58:31.269 22757 22757 D BatteryBroadcastRcvr: updateBatteryStatus: action=android.intent.action.BATTERY_CHANGED
02-19 11:58:31.294 22757 22757 D BatteryBroadcastRcvr: Battery changed: level: 100%| status: Charged| chargingStatus: 0| health: 2
02-19 11:58:31.296   752  1095 D BackgroundInstallControlService: Package event received: 0
02-19 11:58:31.297 22757 22757 D TopLvBatteryPrefControl: onBatteryChanged: type=0
02-19 11:58:31.311  1341  1341 D RecentsView: onRecentsAnimationComplete - mRecentsAnimationController: com.android.quickstep.RecentsAnimationController@c7a13e7, mSideTaskLaunchCallback: com.android.launcher3.util.RunnableList@7f6f1ec
02-19 11:58:31.318  1341  1341 D OverviewCommandHelper: launching task callback: CommandInfo(type=TOGGLE, status=PROCESSING, createTime=81384486, animationCallbacks=null, displayId=0, isLastOfBatch=true)
02-19 11:58:31.318  1341  1341 D OverviewCommandHelper: command executed: CommandInfo(type=TOGGLE, status=PROCESSING, createTime=81384486, animationCallbacks=null, displayId=0, isLastOfBatch=true) with result: true
02-19 11:58:31.329   615   713 W IPCThreadState: Sending oneway calls to frozen process.
02-19 11:58:31.333  1341  1341 D OverviewCommandHelper: command executed successfully! CommandInfo(type=TOGGLE, status=COMPLETED, createTime=81384486, animationCallbacks=null, displayId=0, isLastOfBatch=true)
02-19 11:58:31.333  1341  1341 D OverviewCommandHelper: no pending commands to be executed.
02-19 11:58:31.347 24035 24179 I ReactNativeJNI: Memory warning (pressure level: TRIM_MEMORY_UI_HIDDEN) received by JS VM, ignoring because it's non-severe
02-19 11:58:31.347 24035 26107 I ReactNativeJNI: Memory warning (pressure level: TRIM_MEMORY_UI_HIDDEN) received by JS VM, ignoring because it's non-severe
02-19 11:58:31.348  1341  1341 D BaseDepthController: setSurface:
02-19 11:58:31.348  1341  1341 D BaseDepthController: 	mWaitingOnSurfaceValidity: false
02-19 11:58:31.348  1341  1341 D BaseDepthController: 	mBaseSurface: null
02-19 11:58:31.348  1341  1341 D BaseDepthController: mSurface is null and mCurrentBlur is: 0
02-19 11:58:31.349 24035 26473 I ReactNativeJNI: Memory warning (pressure level: TRIM_MEMORY_UI_HIDDEN) received by JS VM, ignoring because it's non-severe
02-19 11:58:31.351 24035 26635 I ReactNativeJNI: Memory warning (pressure level: TRIM_MEMORY_UI_HIDDEN) received by JS VM, ignoring because it's non-severe
02-19 11:58:31.354 22757 22757 D DashboardFragment: register observer: @8ffc442, uri: content://com.google.android.gms.settings.persistent/getGoogleSettingsTitle
02-19 11:58:31.354 24035 26801 I ReactNativeJNI: Memory warning (pressure level: TRIM_MEMORY_UI_HIDDEN) received by JS VM, ignoring because it's non-severe
02-19 11:58:31.358  1341  1341 D StateManager: goToState - fromState: Overview, toState: Normal, partial trace:
02-19 11:58:31.358  1341  1341 D StateManager: 	at com.android.launcher3.statemanager.StateManager.moveToRestState(go/retraceme 72a59688580715d19f0e415c69e80376c2f062d1648c80db6730905005a27c20:4)
02-19 11:58:31.358  1341  1341 D StateManager: 	at com.android.launcher3.statemanager.StateManager.moveToRestState(go/retraceme 72a59688580715d19f0e415c69e80376c2f062d1648c80db6730905005a27c20:1)
02-19 11:58:31.358  1341  1341 D StateManager: 	at com.android.launcher3.statemanager.StatefulActivity.onStop(go/retraceme 72a59688580715d19f0e415c69e80376c2f062d1648c80db6730905005a27c20:34)
02-19 11:58:31.363 22757 22757 D DashboardFragment: register observer: @fbedc53, uri: content://com.google.android.gms.settings.persistent/getGoogleSettingsSummary
02-19 11:58:31.366 22757 22757 D DashboardFragment: register observer: @e115f24, uri: content://com.google.android.apps.wellbeing.api/digitalWellbeingSummary
02-19 11:58:31.358  1341  1341 D StateManager: onStateTransitionStart - state: Normal
02-19 11:58:31.470  1341  1341 D RecentsView: updateTaskStackListenerState: false
02-19 11:58:31.475  1341  1341 D BaseDepthController: mSurface is null and mCurrentBlur is: 0
02-19 11:58:31.476  1341  1341 D BaseDepthController: mSurface is null and mCurrentBlur is: 0
02-19 11:58:31.481  1341  1341 D KeyboardInsetsHandler: setState, toState:Normal StateManager(mLastStableState:Normal, mCurrentStableState:Overview, mState:Normal, mRestState:Normal, isInTransition:false)
02-19 11:58:31.482  1341  1341 D StateManager: onStateTransitionEnd - state: Normal
02-19 11:58:31.483  1341  1341 D RecentsView: reset - mEnableDrawingLiveTile: true, mRecentsAnimationController: null
02-19 11:58:31.484  1341  1341 I AiAiSuggestUi: Clearing suggestions.
02-19 11:58:31.484  1341  1341 I AiAiSuggestUi: Clearing suggestions.
02-19 11:58:31.485  1341  1341 D ActivityAllAppsContainerView: rebindAdapters: force: false
02-19 11:58:31.485  1341  1341 D ActivityAllAppsContainerView: rebindAdapters: Not needed.
02-19 11:58:31.503  1341  1341 D StatsLog: LAUNCHER_ONSTOP
02-19 11:58:31.509  1341  1341 D StatsLog: LAUNCHER_GOOGLE_SEARCH_RESTORE_LIST_SIZE_AFTER_ACTIVITY_RESTART
02-19 11:58:31.510  1341  1341 D NexusLauncherModelDelegate: notifySmartspaceEvent: SmartspaceTargetEvent{mSmartspaceTarget=null, mSmartspaceActionId='null', mEventType=7}
02-19 11:58:31.515  1341  1341 D NexusLauncherModelDelegate: notifySmartspaceEvent: SmartspaceTargetEvent{mSmartspaceTarget=null, mSmartspaceActionId='null', mEventType=7}
02-19 11:58:31.538  1341  1341 D StateManager: goToState - fromState: Normal, toState: Normal, partial trace:
02-19 11:58:31.538  1341  1341 D StateManager: 	at com.android.launcher3.statemanager.StateManager.moveToRestState(go/retraceme 72a59688580715d19f0e415c69e80376c2f062d1648c80db6730905005a27c20:4)
02-19 11:58:31.538  1341  1341 D StateManager: 	at com.android.launcher3.statemanager.StateManager.moveToRestState(go/retraceme 72a59688580715d19f0e415c69e80376c2f062d1648c80db6730905005a27c20:1)
02-19 11:58:31.538  1341  1341 D StateManager: 	at com.android.quickstep.TaskViewUtils$9.lambda$onAnimationSuccess$0(go/retraceme 72a59688580715d19f0e415c69e80376c2f062d1648c80db6730905005a27c20:1)
02-19 11:58:31.583   752  1095 D BackgroundInstallControlService: Package event received: 0
02-19 11:58:31.606  1341  1341 D KeyboardInsetsHandler: setState, toState:Normal StateManager(mLastStableState:Normal, mCurrentStableState:Normal, mState:Normal, mRestState:null, isInTransition:false)
02-19 11:58:31.607  1341  1341 D OverviewActionsView: updateForGroupedTask() called with: isGroupedTask = [false], canSaveAppPair = [false]
02-19 11:58:31.607  1341  1341 D OverviewActionsView: updateActionButtonsVisibility() called: showSingleTaskActions = [true], showGroupActions = [false]
02-19 11:58:31.624   752  1095 D BackgroundInstallControlService: Package event received: 0
02-19 11:58:31.672 22757 22757 D TopLvBatteryPrefControl: getDashboardLabel: null batteryStatusUpdate=true
02-19 11:58:31.749  1341  1356 W System  : A resource failed to call release. 
02-19 11:58:31.762  1341  1356 W System  : A resource failed to call release. 
02-19 11:58:31.762  1341  1356 W System  : A resource failed to call release. 
02-19 11:58:31.762  1341  1356 W System  : A resource failed to call release. 
02-19 11:58:31.762  1341  1356 W System  : A resource failed to call release. 
02-19 11:58:31.762  1341  1356 W System  : A resource failed to call release. 
02-19 11:58:31.762  1341  1356 W System  : A resource failed to call release. 
02-19 11:58:31.762  1341  1356 W System  : A resource failed to call release. 
02-19 11:58:31.762  1341  1356 W System  : A resource failed to call release. 
02-19 11:58:31.775   752  1095 D BackgroundInstallControlService: Package event received: 0
02-19 11:58:31.776   752   780 D FileUtils: Rounded bytes from 6815911936 to 8000000000
02-19 11:58:31.841 22757 22757 I Choreographer: Skipped 69 frames!  The application may be doing too much work on its main thread.
02-19 11:58:31.885 22757 25201 I EGL_emulation: Opening libGLESv1_CM_emulation.so
02-19 11:58:31.895 22757 27405 W TileUtils: Found com.google.intelligence.sense.ambientmusic.DefaultMusicPlayerSettingActivity for intent Intent { act=com.android.settings.action.IA_SETTINGS } missing metadata 
02-19 11:58:31.896 22757 27405 W TileUtils: Found com.google.android.gms.auth.proximity.multidevice.SettingsMaterialNextActivity for intent Intent { act=com.android.settings.action.IA_SETTINGS } missing metadata 
02-19 11:58:32.003 22757 25201 I EGL_emulation: Opening libGLESv2_emulation.so
02-19 11:58:32.032 22757 25201 W HWUI    : Failed to choose config with EGL_SWAP_BEHAVIOR_PRESERVED, retrying without...
02-19 11:58:32.033 22757 25201 W HWUI    : Failed to initialize 101010-2 format, error = EGL_SUCCESS
02-19 11:58:32.124 22757 22801 D BatteryInfo: time for getStats: 0ms
02-19 11:58:32.198 22757 22801 D BatteryInfo: time for regular BatteryInfo: 73ms
02-19 11:58:32.199 22757 22801 D BatteryInfo: chargingPolicy = 0, pluggedStatus = 0, batteryStatus = 4
02-19 11:58:32.199 22757 22801 D BatteryInfo: time for getBatteryInfo: 1ms
02-19 11:58:32.239   752   775 I system_server: Background concurrent mark compact GC freed 23MB AllocSpace bytes, 42(1208KB) LOS objects, 42% free, 32MB/56MB, paused 1.409ms,4.112ms total 266.615ms
02-19 11:58:32.559 22757 22757 D BatteryBroadcastRcvr: updateBatteryStatus: action=android.intent.action.BATTERY_CHANGED
02-19 11:58:32.561 22757 25211 D ContextualSuggestFrag: Start loading suggestions
02-19 11:58:32.563 22757 22757 D BatteryBroadcastRcvr: Battery changed: level: 100%| status: Charged| chargingStatus: 0| health: 2
02-19 11:58:32.580   752  1095 D BackgroundInstallControlService: Package event received: 0
02-19 11:58:32.580 22757 27402 I HWUI    : Davey! duration=1874ms; Flags=1, FrameTimelineVsyncId=1117376, IntendedVsync=81384522351476, Vsync=81385672351430, InputEventId=0, HandleInputStart=81385687863595, AnimationStart=81385687864400, PerformTraversalsStart=81385687864722, DrawStart=81385913848794, FrameDeadline=81384539018142, FrameStartTime=81385687541937, FrameInterval=16666666, WorkloadTarget=16666666, SyncQueued=81385966311353, SyncStart=81385969154213, IssueDrawCommandsStart=81385969768828, SwapBuffers=81386376392297, FrameCompleted=81386399575392, DequeueBufferDuration=10186, QueueBufferDuration=1078006, GpuCompleted=81386399380793, SwapBuffersCompleted=81386399575392, DisplayPresentTime=150330502247, CommandSubmissionCompleted=81386376392297, 
02-19 11:58:32.598 22778 26991 W MetricsFeatureProvider: Invalid suggestion ids!!! ids is null or empty. Please check. 
02-19 11:58:32.599 22757 25211 D ContextualSuggestFrag: Loaded suggests: 0
02-19 11:58:32.613   752  1233 D ActivityManager: sync unfroze 1665 com.google.android.permissioncontroller for 6
02-19 11:58:32.617   752  1095 D BackgroundInstallControlService: Package event received: 0
02-19 11:58:32.628 22757 22757 I Choreographer: Skipped 47 frames!  The application may be doing too much work on its main thread.
02-19 11:58:32.643 22757 25201 I EGL_emulation: Opening libGLESv1_CM_emulation.so
02-19 11:58:32.643 22757 25201 I EGL_emulation: Opening libGLESv2_emulation.so
02-19 11:58:32.657 22757 25201 W HWUI    : Failed to choose config with EGL_SWAP_BEHAVIOR_PRESERVED, retrying without...
02-19 11:58:32.657 22757 25201 W HWUI    : Failed to initialize 101010-2 format, error = EGL_SUCCESS
02-19 11:58:33.281 22757 27402 I HWUI    : Davey! duration=1392ms; Flags=0, FrameTimelineVsyncId=1117806, IntendedVsync=81385689018096, Vsync=81386472351398, InputEventId=0, HandleInputStart=81386478215765, AnimationStart=81386478216542, PerformTraversalsStart=81386478962113, DrawStart=81386479103339, FrameDeadline=81386422351400, FrameStartTime=81386474506106, FrameInterval=16666666, WorkloadTarget=16666666, SyncQueued=81386489299004, SyncStart=81386519777326, IssueDrawCommandsStart=81386520119771, SwapBuffers=81386854857261, FrameCompleted=81387111824744, DequeueBufferDuration=90049741, QueueBufferDuration=440167, GpuCompleted=81387111280977, SwapBuffersCompleted=81387111824744, DisplayPresentTime=8387201344262398253, CommandSubmissionCompleted=81386854857261, 
02-19 11:58:33.290 22757 22757 I ndroid.settings: AssetManager2(0x7d8fac42fed8) locale list changing from [] to [en-US]
02-19 11:58:33.299 22757 22757 D ActivityEmbeddingUtils: isSettingsSplitSupported = false
02-19 11:58:33.300 22757 22757 D ActivityEmbeddingUtils: isSettingsSplitSupported = false
02-19 11:58:33.302 22757 22757 D TopLevelSettings: Start waiting observers
02-19 11:58:33.354 22757 22757 D TopLevelSettings: Stop waiting observers
02-19 11:58:33.354 22757 22757 D TopLvBatteryPrefControl: getBatteryInfo: com.android.settings.fuelgauge.BatteryInfo@e6d0a8f
02-19 11:58:33.354 22757 22757 D TopLvBatteryPrefControl: getDashboardLabel: null batteryStatusUpdate=true
02-19 11:58:33.355 22757 22757 D BatteryInfo: time for callback: 1ms
02-19 11:58:33.356 22757 22757 D ContextualSuggestFrag: Remove suggestion
02-19 11:58:33.356 22757 22757 D ContextualSuggestFrag: Total loading time: 797 ms
02-19 11:58:33.359 22757 22757 I SettingsHomepageActivity: showHomepageWithSuggestion: false
02-19 11:58:33.365 20068 20154 I CachedField: (REDACTED) %s: %s
02-19 11:58:33.367 22757 22757 I Choreographer: Skipped 43 frames!  The application may be doing too much work on its main thread.
02-19 11:58:33.369 20068 20103 I CachedField: (REDACTED) %s: %s
02-19 11:58:33.371   752   989 I ImeTracker: com.android.settings:b3ef4e1c: onRequestHide at ORIGIN_SERVER reason HIDE_UNSPECIFIED_WINDOW fromUser false
02-19 11:58:33.371 27407 27407 W dumpsys : Thread Pool max thread count is 0. Cannot cache binder as linkToDeath cannot be implemented. serviceName: window
02-19 11:58:33.383  1563  1563 I GoogleInputMethodService: GoogleInputMethodService.onFinishInput():2043 
02-19 11:58:33.387  1563  1563 I Module  : DeviceLockedStatusModuleProvider$Module.updateDeviceLockedStatus():100 repeatCheckTimes = 0, locked = false
02-19 11:58:33.388  1563  1563 I GoogleInputMethodService: GoogleInputMethodService.onStartInput():1293 onStartInput(EditorInfo{EditorInfo{packageName=com.android.settings, inputType=0, inputTypeString=NULL, enableLearning=false, autoCorrection=false, autoComplete=false, imeOptions=0, privateImeOptions=null, actionName=UNSPECIFIED, actionLabel=null, initialSelStart=-1, initialSelEnd=-1, initialCapsMode=0, label=null, fieldId=0, fieldName=null, extras=null, hintText=null, hintLocales=[]}}, false)
02-19 11:58:33.391  1563  1563 I Module  : DeviceLockedStatusModuleProvider$Module.updateDeviceLockedStatus():100 repeatCheckTimes = 1, locked = false
02-19 11:58:33.393  1563  1563 I EmojiCompatManager: EmojiCompatManager.getEmojiCompatIfLoaded():343 EmojiCompat.init() was never called.
02-19 11:58:33.393  1563  1563 I EmojiCompatManager: java.lang.IllegalStateException: EmojiCompat is not initialized. Please call EmojiCompat.init() first
02-19 11:58:33.393  1563  1563 I EmojiCompatManager: 	at asx.p(PG:6)
02-19 11:58:33.393  1563  1563 I EmojiCompatManager: 	at axb.b(PG:13)
02-19 11:58:33.393  1563  1563 I EmojiCompatManager: 	at jnr.b(PG:2)
02-19 11:58:33.393  1563  1563 I EmojiCompatManager: 	at jnr.c(PG:4)
02-19 11:58:33.393  1563  1563 I EmojiCompatManager: 	at jnr.f(PG:3)
02-19 11:58:33.393  1563  1563 I EmojiCompatManager: 	at jnx.c(PG:3)
02-19 11:58:33.393  1563  1563 I EmojiCompatManager: 	at kif.cz(PG:47)
02-19 11:58:33.393  1563  1563 I EmojiCompatManager: 	at lhl.run(PG:1025)
02-19 11:58:33.393  1563  1563 I EmojiCompatManager: 	at jaf.execute(PG:12)
02-19 11:58:33.393  1563  1563 I EmojiCompatManager: 	at nco.v(PG:13)
02-19 11:58:33.393  1563  1563 I EmojiCompatManager: 	at lhn.m(PG:96)
02-19 11:58:33.393  1563  1563 I EmojiCompatManager: 	at lhn.k(PG:25)
02-19 11:58:33.393  1563  1563 I EmojiCompatManager: 	at kgn.onStartInput(PG:250)
02-19 11:58:33.393  1563  1563 I EmojiCompatManager: 	at android.inputmethodservice.InputMethodService.doStartInput(InputMethodService.java:3521)
02-19 11:58:33.393  1563  1563 I EmojiCompatManager: 	at android.inputmethodservice.InputMethodService$InputMethodImpl.startInput(InputMethodService.java:879)
02-19 11:58:33.393  1563  1563 I EmojiCompatManager: 	at android.inputmethodservice.InputMethodService$InputMethodImpl.dispatchStartInput(InputMethodService.java:908)
02-19 11:58:33.393  1563  1563 I EmojiCompatManager: 	at android.inputmethodservice.IInputMethodWrapper.executeMessage(IInputMethodWrapper.java:201)
02-19 11:58:33.393  1563  1563 I EmojiCompatManager: 	at com.android.internal.os.HandlerCaller$MyHandler.handleMessage(HandlerCaller.java:44)
02-19 11:58:33.393  1563  1563 I EmojiCompatManager: 	at android.os.Handler.dispatchMessage(Handler.java:110)
02-19 11:58:33.393  1563  1563 I EmojiCompatManager: 	at android.os.Looper.loopOnce(Looper.java:248)
02-19 11:58:33.393  1563  1563 I EmojiCompatManager: 	at android.os.Looper.loop(Looper.java:338)
02-19 11:58:33.393  1563  1563 I EmojiCompatManager: 	at android.app.ActivityThread.main(ActivityThread.java:9067)
02-19 11:58:33.393  1563  1563 I EmojiCompatManager: 	at java.lang.reflect.Method.invoke(Native Method)
02-19 11:58:33.393  1563  1563 I EmojiCompatManager: 	at com.android.internal.os.RuntimeInit$MethodAndArgsCaller.run(RuntimeInit.java:593)
02-19 11:58:33.393  1563  1563 I EmojiCompatManager: 	at com.android.internal.os.ZygoteInit.main(ZygoteInit.java:932)
02-19 11:58:33.395 20068 20154 I CachedField: (REDACTED) %s: %s
02-19 11:58:33.395   752  1233 I system_server: AssetManager2(0x7d8fac501b18) locale list changing from [] to [en-US]
02-19 11:58:33.399   752  1852 W PackageConfigPersister: App-specific configuration not found for packageName: com.android.settings and userId: 0
02-19 11:58:33.400 20068 20103 I CachedField: (REDACTED) %s: %s
02-19 11:58:33.418   752  1233 I system_server: AssetManager2(0x7d8fac43a478) locale list changing from [] to [en-US]
02-19 11:58:33.419 22757 22757 D InsetsController: hide(ime(), fromIme=false)
02-19 11:58:33.419 22757 22757 I ImeTracker: com.android.settings:b3ef4e1c: onCancelled at PHASE_CLIENT_ALREADY_HIDDEN
02-19 11:58:33.421   752  1233 I system_server: AssetManager2(0x7d8fac42d638) locale list changing from [] to [en-US]
02-19 11:58:33.428   752  1233 I system_server: AssetManager2(0x7d8fac4e2a38) locale list changing from [] to [en-US]
02-19 11:58:33.440   752  1233 I system_server: AssetManager2(0x7d8fac432db8) locale list changing from [] to [en-US]
02-19 11:58:33.450   752  1233 I system_server: AssetManager2(0x7d8fac44b778) locale list changing from [] to [en-US]
02-19 11:58:33.450 22757 27402 I HWUI    : Davey! duration=785ms; Flags=0, FrameTimelineVsyncId=1117960, IntendedVsync=81386489018064, Vsync=81387205684702, InputEventId=0, HandleInputStart=81387215719029, AnimationStart=81387215720444, PerformTraversalsStart=81387215721018, DrawStart=81387215963748, FrameDeadline=81387139018038, FrameStartTime=81387214396330, FrameInterval=16666666, WorkloadTarget=16666666, SyncQueued=81387228323828, SyncStart=81387229012731, IssueDrawCommandsStart=81387233507259, SwapBuffers=81387250951324, FrameCompleted=81387275265427, DequeueBufferDuration=7289255, QueueBufferDuration=1125410, GpuCompleted=81387275265427, SwapBuffersCompleted=81387263229246, DisplayPresentTime=8746391189914545967, CommandSubmissionCompleted=81387250951324, 
02-19 11:58:33.545   752   780 I ImeTracker: system_server:697f1cb7: onRequestHide at ORIGIN_SERVER reason IME_REQUESTED_CHANGED_LISTENER fromUser false
02-19 11:58:33.550   752   797 I ImeTracker: system_server:697f1cb7: onCancelled at PHASE_SERVER_SHOULD_HIDE
02-19 11:58:33.686   752  1856 E TaskPersister: File error accessing recents directory (directory doesn't exist?).
02-19 11:58:33.688 22757 22757 I ndroid.settings: AssetManager2(0x7d8fac43fbf8) locale list changing from [] to [en-US]
02-19 11:58:33.929   752   780 W ParceledListSlice: Element #66 is 146520 bytes.
02-19 11:58:33.929   752   780 W ParceledListSlice: Overly large reply size: 190848
02-19 11:58:33.934   752   780 W ParceledListSlice: Element #140 is 70492 bytes.
02-19 11:58:33.934   752   780 W ParceledListSlice: Overly large reply size: 115564
02-19 11:58:33.939   752  2368 W ParceledListSlice: Element #193 is 24752 bytes.
02-19 11:58:33.941   752  2368 W ParceledListSlice: Element #223 is 31228 bytes.
02-19 11:58:33.942   752  2368 W ParceledListSlice: Element #233 is 16864 bytes.
02-19 11:58:34.080  1665  1682 W ssioncontroller: Reducing the number of considered missed Gc histogram windows from 156 to 100
02-19 11:58:34.728 22757 22757 I Choreographer: Skipped 38 frames!  The application may be doing too much work on its main thread.
02-19 11:58:34.756 22757 27402 I HWUI    : Davey! duration=767ms; Flags=0, FrameTimelineVsyncId=1118171, IntendedVsync=81387822351344, Vsync=81387922351340, InputEventId=0, HandleInputStart=81387933904002, AnimationStart=81387933904762, PerformTraversalsStart=81387933934918, DrawStart=81388574065135, FrameDeadline=81387889018008, FrameStartTime=81387933744002, FrameInterval=16666666, WorkloadTarget=16666666, SyncQueued=81388574806760, SyncStart=81388574982404, IssueDrawCommandsStart=81388575227893, SwapBuffers=81388577834563, FrameCompleted=81388590142127, DequeueBufferDuration=5521, QueueBufferDuration=273066, GpuCompleted=81388590142127, SwapBuffersCompleted=81388579257964, DisplayPresentTime=8242834580885733402, CommandSubmissionCompleted=81388577834563, 
02-19 11:58:34.797   752   797 W IPCThreadState: Sending oneway calls to frozen process.
02-19 11:58:34.799   752   797 W IPCThreadState: Sending oneway calls to frozen process.
02-19 11:58:34.800   752   797 W IPCThreadState: Sending oneway calls to frozen process.
02-19 11:58:34.800   752   797 W IPCThreadState: Sending oneway calls to frozen process.
02-19 11:58:34.802   752   797 W IPCThreadState: Sending oneway calls to frozen process.
02-19 11:58:34.803   752   797 W IPCThreadState: Sending oneway calls to frozen process.
02-19 11:58:34.804   752   797 W IPCThreadState: Sending oneway calls to frozen process.
02-19 11:58:34.807   752   797 W IPCThreadState: Sending oneway calls to frozen process.
02-19 11:58:34.807   752   797 W IPCThreadState: Sending oneway calls to frozen process.
02-19 11:58:34.808   752   797 W IPCThreadState: Sending oneway calls to frozen process.
02-19 11:58:34.808   752   797 W IPCThreadState: Sending oneway calls to frozen process.
02-19 11:58:34.808   752   797 W IPCThreadState: Sending oneway calls to frozen process.
02-19 11:58:34.809   752   797 W ProcessStats: Tracking association SourceState{228dbce com.android.settings/1000 BTop #12617} whose proc state 2 is better than process ProcessState{cf3716c com.google.android.settings.intelligence/10144 pkg=com.google.android.settings.intelligence} proc state 15 (37 skipped)
02-19 11:58:35.256   752  1456 D StorageStatsService: getFreeBytes: 4003037184
02-19 11:58:35.442  1336  1556 D SatelliteController: iisInCarrierRoamingNbIotNtn: satellite is disabled
02-19 11:58:35.507 27413 27413 W screencap: Thread Pool max thread count is 0. Cannot cache binder as linkToDeath cannot be implemented. serviceName: SurfaceFlingerAIDL
02-19 11:58:35.508 27413 27413 W BpBinder: Linking to death on android.gui.ISurfaceComposer but there are no threads (yet?) listening to incoming transactions. See ProcessState::startThreadPool and ProcessState::setThreadPoolMaxThreadCount. Generally you should setup the binder threadpool before other initialization steps.
02-19 11:58:35.509 27413 27413 W ProcessState: Extra binder thread started, but 0 threads requested. Do not use *startThreadPool when zero threads are requested.
02-19 11:58:35.515   531   603 E HwcComposer: getLuts failed Status(-8, EX_SERVICE_SPECIFIC): '8: '
02-19 11:58:35.515   531   603 E HWComposer: getLuts: getLuts failed for display 4619827259835644672: UNSUPPORTED (8)
02-19 11:58:36.344   752  1029 D InetDiagMessage: Destroyed 0 sockets, proto=IPPROTO_TCP, family=AF_INET, states=14
02-19 11:58:36.345   752  1029 D InetDiagMessage: Destroyed 0 sockets, proto=IPPROTO_TCP, family=AF_INET6, states=14
02-19 11:58:36.345   752  1029 D InetDiagMessage: Destroyed live tcp sockets for uids={10217} in 2ms
02-19 11:58:36.346   752  1029 D InetDiagMessage: Destroyed 0 sockets, proto=IPPROTO_TCP, family=AF_INET, states=14
02-19 11:58:36.346   752  1029 D InetDiagMessage: Destroyed 0 sockets, proto=IPPROTO_TCP, family=AF_INET6, states=14
02-19 11:58:36.347   752  1029 D InetDiagMessage: Destroyed live tcp sockets for uids={20217} in 1ms
