--------- beginning of system
02-19 21:25:38.493   752  2505 W PackageConfigPersister: App-specific configuration not found for packageName: viva.republica.toss.test and userId: 0
02-19 21:25:38.530   752  1095 D BackgroundInstallControlService: Package event received: 0
--------- beginning of main
02-19 21:25:39.508  1205  1205 W dumpsys : Thread Pool max thread count is 0. Cannot cache binder as linkToDeath cannot be implemented. serviceName: window
02-19 21:25:39.516   752  1981 I system_server: AssetManager2(0x7d8fac466398) locale list changing from [] to [en-US]
02-19 21:25:39.520   752  1981 I system_server: AssetManager2(0x7d8fac44dcf8) locale list changing from [] to [en-US]
02-19 21:25:39.524   752  1981 I system_server: AssetManager2(0x7d8fac452b18) locale list changing from [] to [en-US]
02-19 21:25:39.528   752  1981 I system_server: AssetManager2(0x7d8fac433d58) locale list changing from [] to [en-US]
02-19 21:25:39.531   752  1981 I system_server: AssetManager2(0x7d8fac45d6f8) locale list changing from [] to [en-US]
02-19 21:25:39.537   752  1981 I system_server: AssetManager2(0x7d8fac449518) locale list changing from [] to [en-US]
02-19 21:25:39.902 20022 20022 I StylusModule: StylusModule.onUpdateToolType():801 Update tool type = 0
02-19 21:25:39.918   937   937 W unknown:ReactInstanceManager: Instance detached from instance manager
02-19 21:25:40.029  4449  4467 V WindowManagerShell: Transition requested (#1033): android.os.BinderProxy@30fb6de TransitionRequestInfo { type = CLOSE, triggerTask = TaskInfo{userId=0 taskId=153 effectiveUid=10217 displayId=0 isRunning=false baseIntent=Intent { act=android.intent.action.VIEW dat=intoss://takealook/... flg=0x10000000 pkg=viva.republica.toss.test cmp=viva.republica.toss.test/.MiniAppSchemeActivity } baseActivity=null topActivity=null origActivity=null realActivity=ComponentInfo{viva.republica.toss.test/viva.republica.toss.test.MiniAppSchemeActivity} numActivities=0 lastActiveTime=115411091 supportsMultiWindow=true resizeMode=1 isResizeable=true minWidth=-1 minHeight=-1 defaultMinSize=220 token=WCT{android.window.IWindowContainerToken$Stub$Proxy@51cb0bf} topActivityType=1 pictureInPictureParams=null shouldDockBigOverlays=false launchIntoPipHostTaskId=-1 lastParentTaskIdBeforePip=-1 displayCutoutSafeInsets=Rect(0, 0 - 0, 0) topActivityInfo=null launchCookies=[] positionInParent=Point(0, 0) parentTaskId=-1 isFocused=true isVisible=true isVisibleRequested=true isTopActivityNoDisplay=false isSleeping=false locusId=null displayAreaFeatureId=1 isTopActivityTransparent=false isActivityStackTransparent=true lastNonFullscreenBounds=Rect(284, 660 - 796, 1740) capturedLink=null capturedLinkTimestamp=0 requestedVisibleTypes=-9 topActivityRequestOpenInBrowserEducationTimestamp=0 appCompatTaskInfo=AppCompatTaskInfo { topActivityInSizeCompat=false eligibleForLetterboxEducation= false isLetterboxEducationEnabled= false isLetterboxDoubleTapEnabled= false eligibleForUserAspectRatioButton= false topActivityBoundsLetterboxed= false isFromLetterboxDoubleTap= false topActivityLetterboxVerticalPosition= -1 topActivityLetterboxHorizontalPosition= -1 topActivityLetterboxWidth=-1 topActivityLetterboxHeight=-1 topActivityAppBounds=Rect(0, 0 - 0, 0) isUserFullscreenOverrideEnabled=false isSystemFullscreenOverrideEnabled=false hasMinAspectRatioOverride=false topActivityLetterboxBounds=null cameraCompatTaskInfo=CameraCompatTaskInfo { freeformCameraCompatMode=undefined}} topActivityMainWindowFrame=null}, pipChange = null, remoteTransition = null, displayChange = null, flags = 0, debugId = 1033 }
02-19 21:25:40.030   531   548 I BpBinder: onLastStrongRef automatically unlinking death recipients: 
02-19 21:25:40.059   531   531 I BpBinder: onLastStrongRef automatically unlinking death recipients: 
02-19 21:25:40.066   752  1095 D BackgroundInstallControlService: Package event received: 0
02-19 21:25:40.071 19166 19166 D ViewRootImpl: Skipping stats log for color mode
02-19 21:25:40.073   937   937 W WindowOnBackDispatcher: sendCancelIfRunning: isInProgress=false callback=android.view.ViewRootImpl$$ExternalSyntheticLambda13@dc8d6f4
02-19 21:25:40.080 19166 19166 D StatsLog: LAUNCHER_ONRESUME
02-19 21:25:40.083   752  1981 D CoreBackPreview: Window{ead3da5 u0 PopupWindow:c7304e1}: Setting back callback null
02-19 21:25:40.089 19166 19166 D NexusLauncherModelDelegate: notifySmartspaceEvent: SmartspaceTargetEvent{mSmartspaceTarget=null, mSmartspaceActionId='null', mEventType=6}
02-19 21:25:40.100  4449  4467 D WindowManagerShell: setLauncherKeepClearAreaHeight: visible=true, height=527
02-19 21:25:40.106   752  1095 D BackgroundInstallControlService: Package event received: 0
02-19 21:25:40.106   752  1095 D BackgroundInstallControlService: Package event received: 0
02-19 21:25:40.116 19166 19190 D QuickstepModelDelegate: notifyAppTargetEvent action=1 launchLocation=workspace/0/[-1,-1]/[1,1]
02-19 21:25:40.132 19166 19166 D BaseDepthController: setSurface:
02-19 21:25:40.132 19166 19166 D BaseDepthController: 	mWaitingOnSurfaceValidity: false
02-19 21:25:40.132 19166 19166 D BaseDepthController: 	mBaseSurface: Surface(name=com.google.android.apps.nexuslauncher/com.google.android.apps.nexuslauncher.NexusLauncherActivity)/@0x2cb53f
02-19 21:25:40.253   615  2506 W IPCThreadState: Sending oneway calls to frozen process.
02-19 21:25:40.258   752   795 W Looper  : Slow dispatch took 109ms android.ui app=system_server main=false group=TOP_APP h=com.android.server.am.ActivityManagerService$UiHandler c=com.android.server.am.UidObserverController$$ExternalSyntheticLambda0@6a2cd6d m=0
02-19 21:25:40.281 19166 19166 I NotificationListener: Handling notification state refresh for com.google.android.adservices.api#0
02-19 21:25:40.282 19166 19166 I NotificationListener: Handling notification state refresh for android#0
02-19 21:25:40.282 19166 19166 I NotificationListener: Handling notification state refresh for com.android.systemui#0
02-19 21:25:40.286  1971  2198 I AiAiEcho: Predicting[0]:  [CONTEXT sampling_count=5 ]
02-19 21:25:40.297  1971  2198 I AiAiEcho: EchoTargets: 
02-19 21:25:40.297  1971  2198 I AiAiEcho: Filtered by AiAi flag check: 
02-19 21:25:40.297  1971  2198 I AiAiEcho: [CONTEXT ratelimit_period="10 SECONDS" ]
02-19 21:25:40.298  1971  2198 I AiAiEcho: #remoteViewsTwiddler: feature disabled.
02-19 21:25:40.307  1971  2198 I AiAiEcho: #postPredictionTargets: Sending updates to UISurface home with targets# 0 (types=[])
02-19 21:25:40.309  4449  4531 V WindowManagerShell: onTransitionReady(transaction=3229815436268)
02-19 21:25:40.309 19166 19166 D SsBaseTemplateCard: No text view can be set up
02-19 21:25:40.310 19166 19166 D SsBaseTemplateCard: Passed-in item info is null
02-19 21:25:40.310 19166 19166 D SsBaseTemplateCard: Passed-in item info is null
02-19 21:25:40.310 19166 19166 D SsBaseTemplateCard: Passed-in item info is null
02-19 21:25:40.310 19166 19166 I SsBaseTemplateCard: Secondary card pane is null
02-19 21:25:40.320  4449  4467 V WindowManagerShell: onTransitionReady (#1033) android.os.BinderProxy@30fb6de: {id=1033 t=CLOSE f=0x0 trk=0 r=[0@Point(0, 0)] c=[
02-19 21:25:40.320  4449  4467 V WindowManagerShell:         {m=TO_FRONT f=SHOW_WALLPAPER|MOVE_TO_TOP leash=Surface(name=Task=1)/@0xdcba38c sb=Rect(0, 0 - 1080, 2400) eb=Rect(0, 0 - 1080, 2400) epz=Point(1080, 2400) d=0 taskParent=-1},
02-19 21:25:40.320  4449  4467 V WindowManagerShell:         {m=CLOSE f=NONE leash=Surface(name=Task=153)/@0x5d17ad5 sb=Rect(0, 0 - 1080, 2400) eb=Rect(0, 0 - 1080, 2400) epz=Point(1080, 2400) d=0 taskParent=-1},
02-19 21:25:40.320  4449  4467 V WindowManagerShell:         {m=TO_FRONT f=IS_WALLPAPER leash=Surface(name=WallpaperWindowToken{35e0c0f showWhenLocked=false})/@0x35c62ea sb=Rect(0, 0 - 1080, 2400) eb=Rect(0, 0 - 1080, 2400) epz=Point(1080, 2400) d=0}
02-19 21:25:40.320  4449  4467 V WindowManagerShell:     ]}
02-19 21:25:40.320  4449  4467 V WindowManagerShell: Playing animation for (#1033) android.os.BinderProxy@30fb6de@0
02-19 21:25:40.320   752   794 V WindowManager: Sent Transition (#1033) createdAt=02-19 21:25:40.025 via request=TransitionRequestInfo { type = CLOSE, triggerTask = TaskInfo{userId=0 taskId=153 effectiveUid=10217 displayId=0 isRunning=false baseIntent=Intent { act=android.intent.action.VIEW dat=intoss://takealook/... flg=0x10000000 pkg=viva.republica.toss.test cmp=viva.republica.toss.test/.MiniAppSchemeActivity } baseActivity=null topActivity=null origActivity=null realActivity=ComponentInfo{viva.republica.toss.test/viva.republica.toss.test.MiniAppSchemeActivity} numActivities=0 lastActiveTime=115411091 supportsMultiWindow=true resizeMode=1 isResizeable=true minWidth=-1 minHeight=-1 defaultMinSize=220 token=WCT{RemoteToken{b4f5e1c Task{778113a #153 type=standard A=10217:viva.republica.toss.test}}} topActivityType=1 pictureInPictureParams=null shouldDockBigOverlays=false launchIntoPipHostTaskId=-1 lastParentTaskIdBeforePip=-1 displayCutoutSafeInsets=Rect(0, 0 - 0, 0) topActivityInfo=null launchCookies=[] positionInParent=Point(0, 0) parentTaskId=-1 isFocused=true isVisible=true isVisibleRequested=true isTopActivityNoDisplay=false isSleeping=false locusId=null displayAreaFeatureId=1 isTopActivityTransparent=false isActivityStackTransparent=true lastNonFullscreenBounds=Rect(284, 660 - 796, 1740) capturedLink=null capturedLinkTimestamp=0 requestedVisibleTypes=-9 topActivityRequestOpenInBrowserEducationTimestamp=0 appCompatTaskInfo=AppCompatTaskInfo { topActivityInSizeCompat=false eligibleForLetterboxEducation= false isLetterboxEducationEnabled= false isLetterboxDoubleTapEnabled= false eligibleForUserAspectRatioButton= false topActivityBoundsLetterboxed= false isFromLetterboxDoubleTap= false topActivityLetterboxVerticalPosition= -1 topActivityLetterboxHorizontalPosition= -1 topActivityLetterboxWidth=-1 topActivityLetterboxHeight=-1 topActivityAppBounds=Rect(0, 0 - 0, 0) isUserFullscreenOverrideEnabled=false isSystemFullscreenOverrideEnabled=false hasMinAspectRatioOverride=false topActivityLetterboxBounds=null cameraCompatTaskInfo=CameraCompatTaskInfo { freeformCameraCompatMode=undefined}} topActivityMainWindowFrame=null}, pipChange = null, remoteTransition = null, displayChange = null, flags = 0, debugId = 1033 }
02-19 21:25:40.320   752   794 V WindowManager:     startWCT=WindowContainerTransaction { changes= {} hops= [] errorCallbackToken=null taskFragmentOrganizer=null }
02-19 21:25:40.320  4449  4467 V ShellRecents: RecentsTransitionHandler.startAnimation: no controller found
02-19 21:25:40.321  4449  4467 V WindowManagerShell: Transition doesn't have explicit remote, search filters for match for {id=1033 t=CLOSE f=0x0 trk=0 r=[0@Point(0, 0)] c=[{m=TO_FRONT f=SHOW_WALLPAPER|MOVE_TO_TOP leash=Surface(name=Task=1)/@0xdcba38c sb=Rect(0, 0 - 1080, 2400) eb=Rect(0, 0 - 1080, 2400) epz=Point(1080, 2400) d=0 taskParent=-1},{m=CLOSE f=NONE leash=Surface(name=Task=153)/@0x5d17ad5 sb=Rect(0, 0 - 1080, 2400) eb=Rect(0, 0 - 1080, 2400) epz=Point(1080, 2400) d=0 taskParent=-1},{m=TO_FRONT f=IS_WALLPAPER leash=Surface(name=WallpaperWindowToken{35e0c0f showWhenLocked=false})/@0x35c62ea sb=Rect(0, 0 - 1080, 2400) eb=Rect(0, 0 - 1080, 2400) epz=Point(1080, 2400) d=0}]}
02-19 21:25:40.321   752   794 V WindowManager:     info={id=1033 t=CLOSE f=0x0 trk=0 r=[0@Point(0, 0)] c=[
02-19 21:25:40.321   752   794 V WindowManager:         {WCT{RemoteToken{5218fe8 Task{dd43522 #1 type=home}}} m=TO_FRONT f=SHOW_WALLPAPER|MOVE_TO_TOP leash=Surface(name=Task=1)/@0x8ddbd2e sb=Rect(0, 0 - 1080, 2400) eb=Rect(0, 0 - 1080, 2400) epz=Point(1080, 2400) d=0 taskParent=-1},
02-19 21:25:40.321   752   794 V WindowManager:         {WCT{RemoteToken{b4f5e1c Task{778113a #153 type=standard A=10217:viva.republica.toss.test}}} m=CLOSE f=NONE leash=Surface(name=Task=153)/@0xb279069 sb=Rect(0, 0 - 1080, 2400) eb=Rect(0, 0 - 1080, 2400) epz=Point(1080, 2400) d=0 taskParent=-1},
02-19 21:25:40.321   752   794 V WindowManager:         {m=TO_FRONT f=IS_WALLPAPER leash=Surface(name=WallpaperWindowToken{35e0c0f showWhenLocked=false})/@0x512f5be sb=Rect(0, 0 - 1080, 2400) eb=Rect(0, 0 - 1080, 2400) epz=Point(1080, 2400) d=0}
02-19 21:25:40.321   752   794 V WindowManager:     ]}
02-19 21:25:40.321  4449  4467 V WindowManagerShell:  Checking filter Pair{{types=[] flags=0x0] notFlags=0x0 checks=[{atype=undefined independent=true modes=[CLOSE,TO_BACK] flags=IN_TASK_WITH_EMBEDDED_ACTIVITY mustBeTask=false order=ANY topActivity=null launchCookie=null taskFragmentToken=android.os.BinderProxy@71546f0 windowingMode=undefined}]} RemoteTransition { remoteTransition = android.window.IRemoteTransition$Stub$Proxy@d4c8469, appThread = android.app.IApplicationThread$Stub$Proxy@c228eee, debugName = overlayBackTransition }}
02-19 21:25:40.322  4449  4467 V WindowManagerShell:  Checking filter Pair{{types=[] flags=0x0] notFlags=0x0 checks=[{atype=dream independent=true modes=[OPEN,TO_FRONT] flags=NONE mustBeTask=false order=ANY topActivity=null launchCookie=null windowingMode=undefined},{atype=home independent=true modes=[CLOSE,TO_BACK] flags=NONE mustBeTask=false order=ANY topActivity=null launchCookie=null windowingMode=undefined}]} RemoteTransition { remoteTransition = android.window.IRemoteTransition$Stub$Proxy@c578f8f, appThread = android.app.IApplicationThread$Stub$Proxy@69fe21c, debugName = LauncherToDream }}
02-19 21:25:40.326  4449  4467 V WindowManagerShell:  Checking filter Pair{{types=[] flags=0x0] notFlags=0x100 checks=[{atype=home independent=true modes=[OPEN,TO_FRONT] flags=NONE mustBeTask=false order=TOP topActivity=ComponentInfo{com.google.android.apps.nexuslauncher/com.google.android.apps.nexuslauncher.NexusLauncherActivity} launchCookie=null windowingMode=undefined},{atype=standard independent=true modes=[CLOSE,TO_BACK] flags=NONE mustBeTask=false order=ANY topActivity=null launchCookie=null windowingMode=undefined},{NOT atype=undefined independent=true modes=[] flags=NONE mustBeTask=true order=ANY topActivity=null launchCookie=null customAnim=true windowingMode=undefined}]} RemoteTransition { remoteTransition = android.window.IRemoteTransition$Stub$Proxy@69ffe25, appThread = android.app.IApplicationThread$Stub$Proxy@72cabfa, debugName = QuickstepLaunchHome }}
02-19 21:25:40.326  4449  4467 D RemoteTransitionHandler: Found filterPair{{types=[] flags=0x0] notFlags=0x100 checks=[{atype=home independent=true modes=[OPEN,TO_FRONT] flags=NONE mustBeTask=false order=TOP topActivity=ComponentInfo{com.google.android.apps.nexuslauncher/com.google.android.apps.nexuslauncher.NexusLauncherActivity} launchCookie=null windowingMode=undefined},{atype=standard independent=true modes=[CLOSE,TO_BACK] flags=NONE mustBeTask=false order=ANY topActivity=null launchCookie=null windowingMode=undefined},{NOT atype=undefined independent=true modes=[] flags=NONE mustBeTask=true order=ANY topActivity=null launchCookie=null customAnim=true windowingMode=undefined}]} RemoteTransition { remoteTransition = android.window.IRemoteTransition$Stub$Proxy@69ffe25, appThread = android.app.IApplicationThread$Stub$Proxy@72cabfa, debugName = QuickstepLaunchHome }}
02-19 21:25:40.326  4449  4467 V WindowManagerShell:  Delegate animation for (#1033) to RemoteTransition { remoteTransition = android.window.IRemoteTransition$Stub$Proxy@69ffe25, appThread = android.app.IApplicationThread$Stub$Proxy@72cabfa, debugName = QuickstepLaunchHome }
02-19 21:25:40.356 19166 19166 D StateManager: createAtomicAnimation - fromState: Background, toState: Normal, partial trace:
02-19 21:25:40.356 19166 19166 D StateManager: 	at com.android.quickstep.util.ScalingWorkspaceRevealAnim.<init>(go/retraceme 72a59688580715d19f0e415c69e80376c2f062d1648c80db6730905005a27c20:39)
02-19 21:25:40.356 19166 19166 D StateManager: 	at com.android.launcher3.QuickstepTransitionManager.createWallpaperOpenAnimations(go/retraceme 72a59688580715d19f0e415c69e80376c2f062d1648c80db6730905005a27c20:168)
02-19 21:25:40.356 19166 19166 D StateManager: 	at com.android.launcher3.QuickstepTransitionManager$WallpaperOpenLauncherAnimationRunner.onAnimationStart(go/retraceme 72a59688580715d19f0e415c69e80376c2f062d1648c80db6730905005a27c20:17)
02-19 21:25:40.357  4449  4467 V WindowManagerShell:  animated by com.android.wm.shell.transition.RemoteTransitionHandler@ef09705
02-19 21:25:40.358 19166 19166 D b/311077782: LauncherAnimationRunner.setAnimation
02-19 21:25:40.479   531   531 I BpBinder: onLastStrongRef automatically unlinking death recipients: 
02-19 21:25:40.482 19166 19190 W HWUI    : Image decoding logging dropped!
02-19 21:25:40.527   752   989 I ImeTracker: com.google.android.apps.nexuslauncher:4226a83c: onRequestHide at ORIGIN_SERVER reason HIDE_UNSPECIFIED_WINDOW fromUser false
02-19 21:25:40.608 20022 20022 I GoogleInputMethodService: GoogleInputMethodService.onFinishInput():2043 
02-19 21:25:40.624 19166 19166 D InsetsController: hide(ime(), fromIme=false)
02-19 21:25:40.625 19166 19166 I ImeTracker: com.google.android.apps.nexuslauncher:4226a83c: onCancelled at PHASE_CLIENT_ALREADY_HIDDEN
02-19 21:25:40.648 20022 20022 I Module  : DeviceLockedStatusModuleProvider$Module.updateDeviceLockedStatus():100 repeatCheckTimes = 0, locked = false
02-19 21:25:40.648 20022 20022 W NotificationCenter: NotificationCenter$NotificationQueue.notifyPendingNotificationsOnExecutor():877 Heavy notify work detected on UI thread: [kig->ilu, kig->ijm, kig->gkl, kig->ilu, kig->jnx, kig->khc, kig->ilu, kig->fro, kig->fef, kig->ilu, kig->ilu, kig->fcb, kig->ilu, kig->khg, kig->imt, kig->ilu, kig->ilu, kig->ilu, kig->ilu, kig->ilu, kig->lux, kig->ilu, kig->ilu] takes 25ms
02-19 21:25:40.708   752   780 I ImeTracker: system_server:e53f85a3: onRequestHide at ORIGIN_SERVER reason IME_REQUESTED_CHANGED_LISTENER fromUser false
02-19 21:25:40.778 20022 20022 W NotificationCenter: NotificationCenter$NotificationQueue.notifyPendingNotificationsOnExecutor():877 Heavy notify work detected on UI thread: [kig->deq] takes 43ms
02-19 21:25:40.823   752   797 I ImeTracker: system_server:e53f85a3: onCancelled at PHASE_SERVER_SHOULD_HIDE
02-19 21:25:40.824 20022 20022 I GoogleInputMethodService: GoogleInputMethodService.onStartInput():1293 onStartInput(EditorInfo{EditorInfo{packageName=com.google.android.apps.nexuslauncher, inputType=0, inputTypeString=NULL, enableLearning=false, autoCorrection=false, autoComplete=false, imeOptions=0, privateImeOptions=null, actionName=UNSPECIFIED, actionLabel=null, initialSelStart=-1, initialSelEnd=-1, initialCapsMode=0, label=null, fieldId=0, fieldName=null, extras=null, hintText=null, hintLocales=[]}}, false)
02-19 21:25:40.826 20022 20022 I EmojiCompatManager: EmojiCompatManager.getEmojiCompatIfLoaded():343 EmojiCompat.init() was never called.
02-19 21:25:40.826 20022 20022 I EmojiCompatManager: java.lang.IllegalStateException: EmojiCompat is not initialized. Please call EmojiCompat.init() first
02-19 21:25:40.826 20022 20022 I EmojiCompatManager: 	at asx.p(PG:6)
02-19 21:25:40.826 20022 20022 I EmojiCompatManager: 	at axb.b(PG:13)
02-19 21:25:40.826 20022 20022 I EmojiCompatManager: 	at jnr.b(PG:2)
02-19 21:25:40.826 20022 20022 I EmojiCompatManager: 	at jnr.c(PG:4)
02-19 21:25:40.826 20022 20022 I EmojiCompatManager: 	at jnr.f(PG:3)
02-19 21:25:40.826 20022 20022 I EmojiCompatManager: 	at jnx.c(PG:3)
02-19 21:25:40.826 20022 20022 I EmojiCompatManager: 	at kif.cz(PG:47)
02-19 21:25:40.826 20022 20022 I EmojiCompatManager: 	at lhl.run(PG:1025)
02-19 21:25:40.826 20022 20022 I EmojiCompatManager: 	at jaf.execute(PG:12)
02-19 21:25:40.826 20022 20022 I EmojiCompatManager: 	at nco.v(PG:13)
02-19 21:25:40.826 20022 20022 I EmojiCompatManager: 	at lhn.m(PG:96)
02-19 21:25:40.826 20022 20022 I EmojiCompatManager: 	at lhn.k(PG:25)
02-19 21:25:40.826 20022 20022 I EmojiCompatManager: 	at kgn.onStartInput(PG:250)
02-19 21:25:40.826 20022 20022 I EmojiCompatManager: 	at android.inputmethodservice.InputMethodService.doStartInput(InputMethodService.java:3521)
02-19 21:25:40.826 20022 20022 I EmojiCompatManager: 	at android.inputmethodservice.InputMethodService$InputMethodImpl.startInput(InputMethodService.java:879)
02-19 21:25:40.826 20022 20022 I EmojiCompatManager: 	at android.inputmethodservice.InputMethodService$InputMethodImpl.dispatchStartInput(InputMethodService.java:908)
02-19 21:25:40.826 20022 20022 I EmojiCompatManager: 	at android.inputmethodservice.IInputMethodWrapper.executeMessage(IInputMethodWrapper.java:201)
02-19 21:25:40.826 20022 20022 I EmojiCompatManager: 	at com.android.internal.os.HandlerCaller$MyHandler.handleMessage(HandlerCaller.java:44)
02-19 21:25:40.826 20022 20022 I EmojiCompatManager: 	at android.os.Handler.dispatchMessage(Handler.java:110)
02-19 21:25:40.826 20022 20022 I EmojiCompatManager: 	at android.os.Looper.loopOnce(Looper.java:248)
02-19 21:25:40.826 20022 20022 I EmojiCompatManager: 	at android.os.Looper.loop(Looper.java:338)
02-19 21:25:40.826 20022 20022 I EmojiCompatManager: 	at android.app.ActivityThread.main(ActivityThread.java:9067)
02-19 21:25:40.826 20022 20022 I EmojiCompatManager: 	at java.lang.reflect.Method.invoke(Native Method)
02-19 21:25:40.826 20022 20022 I EmojiCompatManager: 	at com.android.internal.os.RuntimeInit$MethodAndArgsCaller.run(RuntimeInit.java:593)
02-19 21:25:40.826 20022 20022 I EmojiCompatManager: 	at com.android.internal.os.ZygoteInit.main(ZygoteInit.java:932)
02-19 21:25:40.861 20022 20022 I Module  : DeviceLockedStatusModuleProvider$Module.updateDeviceLockedStatus():100 repeatCheckTimes = 1, locked = false
02-19 21:25:40.861 20022 20022 W NotificationCenter: NotificationCenter$NotificationQueue.notifyPendingNotificationsOnExecutor():877 Heavy notify work detected on UI thread: [kig->ilu, kig->ijm, kig->gkl, kig->ilu, kig->jnx, kig->khc, kig->ilu, kig->fro, kig->fef, kig->ilu, kig->ilu, kig->fcb, kig->ilu, kig->khg, kig->imt, kig->ilu, kig->ilu, kig->ilu, kig->ilu, kig->ilu, kig->lux, kig->ilu, kig->ilu] takes 36ms
02-19 21:25:40.892   752   780 W PackageConfigPersister: App-specific configuration not found for packageName: com.google.android.apps.nexuslauncher and userId: 0
02-19 21:25:40.991   752  1856 E TaskPersister: File error accessing recents directory (directory doesn't exist?).
02-19 21:25:41.384 19166 19166 D ScalingWorkspaceRevealAnim: alpha of workspace at the end of animation: 1.0
02-19 21:25:41.389  4449  4467 V WindowManagerShell: Transition animation finished (aborted=false), notifying core (#1033) android.os.BinderProxy@30fb6de@0
02-19 21:25:41.405   937   937 D VRI[GraniteActivity]: visibilityChanged oldVisibility=true newVisibility=false
02-19 21:25:41.407   752   794 V WindowManager: Finish Transition (#1033): created at 02-19 21:25:40.025 collect-started=0.191ms request-sent=0.965ms started=18.582ms ready=247.113ms sent=278.138ms commit=80.351ms finished=1367.507ms
02-19 21:25:41.439  4449  4467 V WindowManagerShell: Track 0 became idle
02-19 21:25:41.439  4449  4467 V WindowManagerShell: All active transition animations finished
02-19 21:25:41.469  4449  4458 W System  : A resource failed to call release. 
02-19 21:25:41.470  4449  4458 W System  : A resource failed to call release. 
02-19 21:25:41.471  4449  4458 W System  : A resource failed to call release. 
02-19 21:25:41.471  4449  4458 W System  : A resource failed to call release. 
02-19 21:25:41.471  4449  4458 W System  : A resource failed to call release. 
02-19 21:25:41.472  4449  4458 W System  : A resource failed to call release. 
02-19 21:25:41.472  4449  4458 W System  : A resource failed to call release. 
02-19 21:25:41.472  4449  4458 W System  : A resource failed to call release. 
02-19 21:25:41.472  4449  4458 W System  : A resource failed to call release. 
02-19 21:25:41.472  4449  4458 W System  : A resource failed to call release. 
02-19 21:25:41.472  4449  4458 W System  : A resource failed to call release. 
02-19 21:25:41.473  4449  4458 W System  : A resource failed to call release. 
02-19 21:25:41.473  4449  4458 W System  : A resource failed to call release. 
02-19 21:25:41.473  4449  4458 W System  : A resource failed to call release. 
02-19 21:25:41.473  4449  4458 W System  : A resource failed to call release. 
02-19 21:25:41.473  4449  4458 W System  : A resource failed to call release. 
02-19 21:25:41.480  4449  4458 W System  : A resource failed to call release. 
02-19 21:25:41.480  4449  4458 W System  : A resource failed to call release. 
02-19 21:25:41.480  4449  4458 W System  : A resource failed to call release. 
02-19 21:25:41.480  4449  4458 W System  : A resource failed to call release. 
02-19 21:25:41.480  4449  4458 W System  : A resource failed to call release. 
02-19 21:25:41.480  4449  4458 W System  : A resource failed to call release. 
02-19 21:25:41.480  4449  4458 W System  : A resource failed to call release. 
02-19 21:25:41.481  4449  4458 W System  : A resource failed to call release. 
02-19 21:25:41.483  4449  4458 W System  : A resource failed to call release. 
02-19 21:25:41.483  4449  4458 W System  : A resource failed to call release. 
02-19 21:25:41.483  4449  4458 W System  : A resource failed to call release. 
02-19 21:25:41.483  4449  4458 W System  : A resource failed to call release. 
02-19 21:25:41.483  4449  4458 W System  : A resource failed to call release. 
02-19 21:25:41.483  4449  4458 W System  : A resource failed to call release. 
02-19 21:25:41.484  4449  4458 W System  : A resource failed to call release. 
02-19 21:25:41.484  4449  4458 W System  : A resource failed to call release. 
02-19 21:25:41.587   752   795 W Looper  : Slow dispatch took 134ms android.ui app=system_server main=false group=TOP_APP h=com.android.server.am.ActivityManagerService$UiHandler c=com.android.server.am.UidObserverController$$ExternalSyntheticLambda0@6a2cd6d m=0
02-19 21:25:41.677   937   937 W Ads     : Failed to get a preloader. Call MobileAds.initialize() prior to calling preload APIs. @3
02-19 21:25:41.702   937   937 W Ads     : Failed to get a preloader. Call MobileAds.initialize() prior to calling preload APIs.
02-19 21:25:41.707   937   937 W WindowOnBackDispatcher: sendCancelIfRunning: isInProgress=false callback=android.view.ViewRootImpl$$ExternalSyntheticLambda13@3570c2c
02-19 21:25:41.707   752  1790 D CoreBackPreview: Window{903b41f u0 viva.republica.toss.test/im.toss.rn.granite.core.GraniteActivity}: Setting back callback null
02-19 21:25:41.709   752   795 W Looper  : Slow dispatch took 121ms android.ui app=system_server main=false group=TOP_APP h=com.android.server.am.ActivityManagerService$UiHandler c=com.android.server.am.UidObserverController$$ExternalSyntheticLambda0@6a2cd6d m=0
02-19 21:25:41.733   937   937 D ViewRootImpl: Skipping stats log for color mode
02-19 21:25:41.757   752   795 W ActivityTaskManager: callingPackage for (uid=-1, pid=0) has no WPC
02-19 21:25:41.760   752   795 W ActivityStartInterceptor: Starting home with component specified, uid=0
02-19 21:25:41.762   752   795 W OptProp : Cannot read opt property android.window.PROPERTY_COMPAT_ALLOW_USER_ASPECT_RATIO_OVERRIDE
02-19 21:25:41.763   752   795 W OptProp : Cannot read opt property android.window.PROPERTY_COMPAT_ALLOW_USER_ASPECT_RATIO_FULLSCREEN_OVERRIDE
02-19 21:25:41.763   752   795 W OptProp : Cannot read opt property android.window.PROPERTY_COMPAT_ALLOW_RESIZEABLE_ACTIVITY_OVERRIDES
02-19 21:25:41.763   752   795 W OptProp : Cannot read opt property android.window.PROPERTY_COMPAT_ALLOW_MIN_ASPECT_RATIO_OVERRIDE
02-19 21:25:41.763   752   795 V GrammaticalInflectionUtils: AttributionSource: android.content.AttributionSource@1abea79a does not have READ_SYSTEM_GRAMMATICAL_GENDER permission.
02-19 21:25:41.768  4449  4462 D KeyguardService: setOccluded(false)
02-19 21:25:41.769  4449  4462 D KeyguardViewMediator: setOccluded(false)
02-19 21:25:41.770   752   795 I ActivityTaskManager: START u0 {act=android.intent.action.MAIN cat=[android.intent.category.HOME] flg=0x10000100 cmp=com.google.android.apps.nexuslauncher/.NexusLauncherActivity (has extras)} with LAUNCH_SINGLE_TASK from uid 0 (BAL_ALLOW_ALLOWLISTED_UID) result code=3
02-19 21:25:41.773  4449  4449 D KeyguardViewMediator: handleSetOccluded(false)
02-19 21:25:41.773  4449  4449 D KeyguardViewMediator: KeyguardViewMediator queue processing message: SET_OCCLUDED
02-19 21:25:41.776  4449  4467 D WindowManagerShell: onActivityRestartAttempt: topActivity=ComponentInfo{com.google.android.apps.nexuslauncher/com.google.android.apps.nexuslauncher.NexusLauncherActivity}, wasVisible=true
02-19 21:25:41.777 19166 19166 W SplitSelectStateCtor: Missing session instanceIds
02-19 21:25:41.777 19166 19166 D StatsLog: LAUNCHER_SPLIT_SELECTION_EXIT_INTERRUPTED
02-19 21:25:41.781 19166 19166 D TFOManager: playPanelCloseAnimation() duration=200 traceTag=LauncherOverlay-hide isHomeButtonTap=true
02-19 21:25:41.781 19166 19166 D TFOManager: Skipped creating panel close animation because -1 is invisible.
02-19 21:25:41.781 19166 19166 D OverviewCommandHelper: clearing pending commands: []
02-19 21:25:41.789  4449  4449 I vol.VolumeDialogImpl: mDialog.dismiss() reason: volume_controller from: com.android.systemui.volume.VolumeDialogImpl$7.onDismissRequested:3
02-19 21:25:41.789 19166 19166 D StatsLog: LAUNCHER_ONRESUME
02-19 21:25:41.803   752  1095 D BackgroundInstallControlService: Package event received: 0
02-19 21:25:41.816   531   603 I BpBinder: onLastStrongRef automatically unlinking death recipients: 
02-19 21:25:41.838 19166 19166 D RecentsView: onTaskRemoved: 153, not handling task stack changes
02-19 21:25:41.839 19166 19166 D RecentsView: onTaskRemoved: 153, not handling task stack changes
02-19 21:25:41.851 19166 19166 I NotificationListener: Handling notification state refresh for com.google.android.adservices.api#0
02-19 21:25:41.851 19166 19166 I NotificationListener: Handling notification state refresh for android#0
02-19 21:25:41.851 19166 19166 I NotificationListener: Handling notification state refresh for com.android.systemui#0
02-19 21:25:41.855  1971  2198 I AiAiEcho: Predicting[0]:  [CONTEXT sampling_count=5 ]
02-19 21:25:41.855  1971  2198 I AiAiEcho: EchoTargets: 
02-19 21:25:41.855  1971  2198 I AiAiEcho: Filtered by AiAi flag check: 
02-19 21:25:41.855  1971  2198 I AiAiEcho: [CONTEXT ratelimit_period="10 SECONDS" ]
02-19 21:25:41.856  1971  2198 I AiAiEcho: #remoteViewsTwiddler: feature disabled.
02-19 21:25:41.873 19166 19190 D QuickstepModelDelegate: notifyAppTargetEvent action=1 launchLocation=workspace/0/[-1,-1]/[1,1]
02-19 21:25:41.896  1971  2198 I AiAiEcho: #postPredictionTargets: Sending updates to UISurface home with targets# 0 (types=[])
02-19 21:25:41.898 19166 19166 D SsBaseTemplateCard: No text view can be set up
02-19 21:25:41.898 19166 19166 D SsBaseTemplateCard: Passed-in item info is null
02-19 21:25:41.898 19166 19166 D SsBaseTemplateCard: Passed-in item info is null
02-19 21:25:41.898 19166 19166 D SsBaseTemplateCard: Passed-in item info is null
02-19 21:25:41.898 19166 19166 I SsBaseTemplateCard: Secondary card pane is null
02-19 21:25:41.982   752  1029 D InetDiagMessage: Destroyed 0 sockets, proto=IPPROTO_TCP, family=AF_INET, states=14
02-19 21:25:41.987   752  1029 D InetDiagMessage: Destroyed 0 sockets, proto=IPPROTO_TCP, family=AF_INET6, states=14
02-19 21:25:41.987   752  1029 D InetDiagMessage: Destroyed live tcp sockets for uids={10168} in 6ms
02-19 21:25:41.988   752  1029 D InetDiagMessage: Destroyed 0 sockets, proto=IPPROTO_TCP, family=AF_INET, states=14
02-19 21:25:41.989   752  1029 D InetDiagMessage: Destroyed 0 sockets, proto=IPPROTO_TCP, family=AF_INET6, states=14
02-19 21:25:41.989   752  1029 D InetDiagMessage: Destroyed live tcp sockets for uids={20168} in 2ms
02-19 21:25:42.797   937  1223 D nativeloader: Load /data/app/~~NUQj-rdXzuicW-16SIRtKA==/viva.republica.toss.test-Si406wFvb_sqEA2GTBV6RQ==/lib/x86_64/libc++_shared.so using class loader ns clns-9 (caller=<unknown>): ok
02-19 21:25:42.972   937  1223 D nativeloader: Load /data/app/~~NUQj-rdXzuicW-16SIRtKA==/viva.republica.toss.test-Si406wFvb_sqEA2GTBV6RQ==/lib/x86_64/libglog.so using class loader ns clns-9 (caller=<unknown>): ok
02-19 21:25:42.983   937  1223 D nativeloader: Load /data/app/~~NUQj-rdXzuicW-16SIRtKA==/viva.republica.toss.test-Si406wFvb_sqEA2GTBV6RQ==/lib/x86_64/libfolly_runtime.so using class loader ns clns-9 (caller=<unknown>): ok
02-19 21:25:42.987   937  1223 D nativeloader: Load /data/app/~~NUQj-rdXzuicW-16SIRtKA==/viva.republica.toss.test-Si406wFvb_sqEA2GTBV6RQ==/lib/x86_64/libfbjni.so using class loader ns clns-9 (caller=<unknown>): ok
02-19 21:25:42.992   937  1223 D nativeloader: Load /data/app/~~NUQj-rdXzuicW-16SIRtKA==/viva.republica.toss.test-Si406wFvb_sqEA2GTBV6RQ==/lib/x86_64/libjsi.so using class loader ns clns-9 (caller=<unknown>): ok
02-19 21:25:42.995   937  1223 D nativeloader: Load /data/app/~~NUQj-rdXzuicW-16SIRtKA==/viva.republica.toss.test-Si406wFvb_sqEA2GTBV6RQ==/lib/x86_64/libhermes.so using class loader ns clns-9 (caller=<unknown>): ok
02-19 21:25:43.003   937  1223 D nativeloader: Load /data/app/~~NUQj-rdXzuicW-16SIRtKA==/viva.republica.toss.test-Si406wFvb_sqEA2GTBV6RQ==/lib/x86_64/libfb.so using class loader ns clns-9 (caller=<unknown>): ok
02-19 21:25:43.010   937  1223 D nativeloader: Load /data/app/~~NUQj-rdXzuicW-16SIRtKA==/viva.republica.toss.test-Si406wFvb_sqEA2GTBV6RQ==/lib/x86_64/libyoga.so using class loader ns clns-9 (caller=<unknown>): ok
02-19 21:25:43.019   937  1223 D nativeloader: Load /data/app/~~NUQj-rdXzuicW-16SIRtKA==/viva.republica.toss.test-Si406wFvb_sqEA2GTBV6RQ==/lib/x86_64/libruntimeexecutor.so using class loader ns clns-9 (caller=<unknown>): ok
02-19 21:25:43.061   937  1223 D nativeloader: Load /data/app/~~NUQj-rdXzuicW-16SIRtKA==/viva.republica.toss.test-Si406wFvb_sqEA2GTBV6RQ==/lib/x86_64/libreact_debug.so using class loader ns clns-9 (caller=<unknown>): ok
02-19 21:25:43.062   937  1223 D nativeloader: Load /data/app/~~NUQj-rdXzuicW-16SIRtKA==/viva.republica.toss.test-Si406wFvb_sqEA2GTBV6RQ==/lib/x86_64/libglog_init.so using class loader ns clns-9 (caller=<unknown>): ok
02-19 21:25:43.094   937  1223 D nativeloader: Load /data/app/~~NUQj-rdXzuicW-16SIRtKA==/viva.republica.toss.test-Si406wFvb_sqEA2GTBV6RQ==/lib/x86_64/libreact_utils.so using class loader ns clns-9 (caller=<unknown>): ok
02-19 21:25:43.096   937  1223 D nativeloader: Load /data/app/~~NUQj-rdXzuicW-16SIRtKA==/viva.republica.toss.test-Si406wFvb_sqEA2GTBV6RQ==/lib/x86_64/libreact_render_mapbuffer.so using class loader ns clns-9 (caller=<unknown>): ok
02-19 21:25:43.143   937  1223 D nativeloader: Load /data/app/~~NUQj-rdXzuicW-16SIRtKA==/viva.republica.toss.test-Si406wFvb_sqEA2GTBV6RQ==/lib/x86_64/libreact_render_graphics.so using class loader ns clns-9 (caller=<unknown>): ok
02-19 21:25:43.149   937  1223 D nativeloader: Load /data/app/~~NUQj-rdXzuicW-16SIRtKA==/viva.republica.toss.test-Si406wFvb_sqEA2GTBV6RQ==/lib/x86_64/libreact_render_debug.so using class loader ns clns-9 (caller=<unknown>): ok
02-19 21:25:43.154   937  1223 D nativeloader: Load /data/app/~~NUQj-rdXzuicW-16SIRtKA==/viva.republica.toss.test-Si406wFvb_sqEA2GTBV6RQ==/lib/x86_64/libreact_render_core.so using class loader ns clns-9 (caller=<unknown>): ok
02-19 21:25:43.156   937  1223 D nativeloader: Load /data/app/~~NUQj-rdXzuicW-16SIRtKA==/viva.republica.toss.test-Si406wFvb_sqEA2GTBV6RQ==/lib/x86_64/libreact_render_runtimescheduler.so using class loader ns clns-9 (caller=<unknown>): ok
02-19 21:25:43.160   937  1223 D nativeloader: Load /data/app/~~NUQj-rdXzuicW-16SIRtKA==/viva.republica.toss.test-Si406wFvb_sqEA2GTBV6RQ==/lib/x86_64/liblogger.so using class loader ns clns-9 (caller=<unknown>): ok
02-19 21:25:43.165   937  1223 D nativeloader: Load /data/app/~~NUQj-rdXzuicW-16SIRtKA==/viva.republica.toss.test-Si406wFvb_sqEA2GTBV6RQ==/lib/x86_64/libreactperfloggerjni.so using class loader ns clns-9 (caller=<unknown>): ok
02-19 21:25:43.174   937  1223 D nativeloader: Load /data/app/~~NUQj-rdXzuicW-16SIRtKA==/viva.republica.toss.test-Si406wFvb_sqEA2GTBV6RQ==/lib/x86_64/libjsinspector.so using class loader ns clns-9 (caller=<unknown>): ok
02-19 21:25:43.179   937  1223 D nativeloader: Load /data/app/~~NUQj-rdXzuicW-16SIRtKA==/viva.republica.toss.test-Si406wFvb_sqEA2GTBV6RQ==/lib/x86_64/libreactnativejni.so using class loader ns clns-9 (caller=<unknown>): ok
02-19 21:25:43.199  1224  1224 W dumpsys : Thread Pool max thread count is 0. Cannot cache binder as linkToDeath cannot be implemented. serviceName: window
02-19 21:25:43.204   937  1223 D nativeloader: Load /data/app/~~NUQj-rdXzuicW-16SIRtKA==/viva.republica.toss.test-Si406wFvb_sqEA2GTBV6RQ==/lib/x86_64/libhermes_executor.so using class loader ns clns-9 (caller=<unknown>): ok
02-19 21:25:43.313   937  1223 D ApplicationLoaders: Returning zygote-cached class loader: /system/framework/org.apache.http.legacy.jar
02-19 21:25:43.314   937  1223 D ApplicationLoaders: Returning zygote-cached class loader: /system/framework/com.android.location.provider.jar
02-19 21:25:43.314   937  1223 D ApplicationLoaders: Returning zygote-cached class loader: /system/framework/com.android.media.remotedisplay.jar
02-19 21:25:43.314   937  1223 D ApplicationLoaders: Returning zygote-cached class loader: /system_ext/framework/androidx.window.extensions.jar
02-19 21:25:43.314   937  1223 D ApplicationLoaders: Returning zygote-cached class loader: /system_ext/framework/androidx.window.sidecar.jar
02-19 21:25:43.513   752  1789 W ActivityTaskManager: callingPackage for (uid=2000, pid=1231) has no WPC
02-19 21:25:43.514   752  1789 V GrammaticalInflectionUtils: AttributionSource: android.content.AttributionSource@56784557 does not have READ_SYSTEM_GRAMMATICAL_GENDER permission.
02-19 21:25:43.514   752  1789 W OptProp : Cannot read opt property android.window.PROPERTY_COMPAT_ALLOW_USER_ASPECT_RATIO_OVERRIDE
02-19 21:25:43.515   752  1789 W OptProp : Cannot read opt property android.window.PROPERTY_COMPAT_ALLOW_USER_ASPECT_RATIO_FULLSCREEN_OVERRIDE
02-19 21:25:43.515   752  1789 W OptProp : Cannot read opt property android.window.PROPERTY_COMPAT_ALLOW_RESIZEABLE_ACTIVITY_OVERRIDES
02-19 21:25:43.515   752  1789 W OptProp : Cannot read opt property android.window.PROPERTY_COMPAT_ALLOW_MIN_ASPECT_RATIO_OVERRIDE
02-19 21:25:43.523   752  1789 W OptProp : Cannot read opt property android.window.PROPERTY_COMPAT_ALLOW_ORIENTATION_OVERRIDE
02-19 21:25:43.523   937  1223 D nativeloader: Configuring clns-13 for other apk /data/app/~~O-UZzK0jUU9NLgS3MODOZA==/com.google.android.gms-YQ2L6GsYyKuvu9MvIBK1EQ==/base.apk. target_sdk_version=36, uses_libraries=, library_path=/data/app/~~O-UZzK0jUU9NLgS3MODOZA==/com.google.android.gms-YQ2L6GsYyKuvu9MvIBK1EQ==/lib/x86_64:/data/app/~~O-UZzK0jUU9NLgS3MODOZA==/com.google.android.gms-YQ2L6GsYyKuvu9MvIBK1EQ==/base.apk!/lib/x86_64, permitted_path=/data:/mnt/expand:/data/user/0/com.google.android.gms
02-19 21:25:43.529  4449  4474 I ndroid.systemui: AssetManager2(0x7d8fac466cf8) locale list changing from [] to [en-US]
02-19 21:25:43.531   937  1223 I blica.toss.test: AssetManager2(0x7d8fac437278) locale list changing from [] to [en-US]
02-19 21:25:43.537   752  1789 I ActivityTaskManager: START u0 {act=android.intent.action.VIEW dat=intoss://takealook/... flg=0x10000000 xflg=0x4 cmp=viva.republica.toss.test/im.toss.rn.granite.core.GraniteActivity} with LAUNCH_MULTIPLE from uid 2000 (BAL_ALLOW_PERMISSION) result code=0
02-19 21:25:43.538  4449  4467 V WindowManagerShell: Transition requested (#1035): android.os.BinderProxy@aa947af TransitionRequestInfo { type = OPEN, triggerTask = TaskInfo{userId=0 taskId=154 effectiveUid=10217 displayId=0 isRunning=true baseIntent=Intent { act=android.intent.action.VIEW dat=intoss://takealook/... flg=0x10000000 cmp=viva.republica.toss.test/im.toss.rn.granite.core.GraniteActivity } baseActivity=ComponentInfo{viva.republica.toss.test/im.toss.rn.granite.core.GraniteActivity} topActivity=ComponentInfo{viva.republica.toss.test/im.toss.rn.granite.core.GraniteActivity} origActivity=null realActivity=ComponentInfo{viva.republica.toss.test/im.toss.rn.granite.core.GraniteActivity} numActivities=1 lastActiveTime=115417377 supportsMultiWindow=true resizeMode=1 isResizeable=true minWidth=-1 minHeight=-1 defaultMinSize=220 token=WCT{android.window.IWindowContainerToken$Stub$Proxy@f864ec1} topActivityType=1 pictureInPictureParams=null shouldDockBigOverlays=false launchIntoPipHostTaskId=-1 lastParentTaskIdBeforePip=-1 displayCutoutSafeInsets=Rect(0, 0 - 0, 0) topActivityInfo=ActivityInfo{2748666 im.toss.rn.granite.core.GraniteActivity} launchCookies=[] positionInParent=Point(0, 0) parentTaskId=-1 isFocused=false isVisible=false isVisibleRequested=false isTopActivityNoDisplay=false isSleeping=false locusId=null displayAreaFeatureId=1 isTopActivityTransparent=false isActivityStackTransparent=false lastNonFullscreenBounds=Rect(284, 660 - 796, 1740) capturedLink=null capturedLinkTimestamp=0 requestedVisibleTypes=-9 topActivityRequestOpenInBrowserEducationTimestamp=0 appCompatTaskInfo=AppCompatTaskInfo { topActivityInSizeCompat=false eligibleForLetterboxEducation= false isLetterboxEducationEnabled= true isLetterboxDoubleTapEnabled= false eligibleForUserAspectRatioButton= false topActivityBoundsLetterboxed= false isFromLetterboxDoubleTap= false topActivityLetterboxVerticalPosition= -1 topActivityLetterboxHorizontalPosition= -1 topActivityLetterboxWidth=-1 topActivityLetterboxHeight=-1 topActivityAppBounds=Rect(0, 0 - 1080, 2400) isUserFullscreenOverrideEnabled=false isSystemFullscreenOverrideEnabled=false hasMinAspectRatioOverride=false topActivityLetterboxBounds=null cameraCompatTaskInfo=CameraCompatTaskInfo { freeformCameraCompatMode=inactive}} topActivityMainWindowFrame=null}, pipChange = null, remoteTransition = null, displayChange = null, flags = 0, debugId = 1035 }
02-19 21:25:43.538  4449  4467 D ShellSplitScreen: logExit: no-op, mLoggerSessionId is null
02-19 21:25:43.546   752  2305 D CompatChangeReporter: Compat change id reported: 309578419; UID 10217; state: ENABLED
02-19 21:25:43.555  4449  4475 W HWUI    : Image decoding logging dropped!
02-19 21:25:43.557   531   590 I BpBinder: onLastStrongRef automatically unlinking death recipients: 
02-19 21:25:43.562 19166 19166 W SplitSelectStateCtor: Missing session instanceIds
02-19 21:25:43.563 19166 19166 D StatsLog: LAUNCHER_SPLIT_SELECTION_EXIT_INTERRUPTED
02-19 21:25:43.564   615 17673 W IPCThreadState: Sending oneway calls to frozen process.
02-19 21:25:43.567  4449  4467 D WindowManagerShell: setLauncherKeepClearAreaHeight: visible=false, height=527
02-19 21:25:43.569   752  1790 W OptProp : Cannot read opt property android.window.PROPERTY_COMPAT_ENABLE_FAKE_FOCUS
02-19 21:25:43.576   937  1133 I EGL_emulation: Opening libGLESv1_CM_emulation.so
02-19 21:25:43.579   937  1133 I EGL_emulation: Opening libGLESv2_emulation.so
02-19 21:25:43.581   937   937 I blica.toss.test: AssetManager2(0x7d8fac438538) locale list changing from [] to [en-US]
02-19 21:25:43.599   531   531 I BpBinder: onLastStrongRef automatically unlinking death recipients: 
02-19 21:25:43.605   937  1133 W HWUI    : Failed to choose config with EGL_SWAP_BEHAVIOR_PRESERVED, retrying without...
02-19 21:25:43.615   937  1133 W HWUI    : Failed to initialize 101010-2 format, error = EGL_SUCCESS
02-19 21:25:43.619   615 17673 W IPCThreadState: Sending oneway calls to frozen process.
02-19 21:25:43.622   752  2305 D CoreBackPreview: Window{143f88d u0 Splash Screen viva.republica.toss.test}: Setting back callback OnBackInvokedCallbackInfo{mCallback=android.window.IOnBackInvokedCallback$Stub$Proxy@d849089, mPriority=0, mIsAnimationCallback=false, mOverrideBehavior=0}
02-19 21:25:43.655   752  1095 D BackgroundInstallControlService: Package event received: 0
02-19 21:25:43.655   752  1095 D BackgroundInstallControlService: Package event received: 0
02-19 21:25:43.655   752  1095 D BackgroundInstallControlService: Package event received: 0
02-19 21:25:43.655   752  1095 D BackgroundInstallControlService: Package event received: 0
02-19 21:25:43.655   752  1095 D BackgroundInstallControlService: Package event received: 0
02-19 21:25:43.659   752  1095 D BackgroundInstallControlService: Package event received: 0
02-19 21:25:43.663   752  1095 D BackgroundInstallControlService: Package event received: 0
02-19 21:25:43.720   937  1223 W System  : ClassLoader referenced unknown path: 
02-19 21:25:43.720   937  1223 D nativeloader: Configuring clns-14 for other apk . target_sdk_version=36, uses_libraries=, library_path=/data/app/~~O-UZzK0jUU9NLgS3MODOZA==/com.google.android.gms-YQ2L6GsYyKuvu9MvIBK1EQ==/lib/x86_64:/data/app/~~O-UZzK0jUU9NLgS3MODOZA==/com.google.android.gms-YQ2L6GsYyKuvu9MvIBK1EQ==/base.apk!/lib/x86_64, permitted_path=/data:/mnt/expand:/data/user/0/com.google.android.gms
02-19 21:25:43.725   937  1223 W DynamiteModule: Failed to load module via V2: java.lang.NoSuchFieldException: No field sClassLoader in class Lcom/google/android/gms/dynamite/DynamiteModule$DynamiteLoaderClassLoader; (declaration of 'com.google.android.gms.dynamite.DynamiteModule$DynamiteLoaderClassLoader' appears in /data/app/~~NUQj-rdXzuicW-16SIRtKA==/viva.republica.toss.test-Si406wFvb_sqEA2GTBV6RQ==/base.apk!classes2.dex)
02-19 21:25:43.727   937  1223 I DynamiteModule: Considering local module com.google.android.gms.ads.dynamite:0 and remote module com.google.android.gms.ads.dynamite:254380203
02-19 21:25:43.727   937  1223 I DynamiteModule: Selected remote version of com.google.android.gms.ads.dynamite, version >= 254380203
02-19 21:25:43.735   937  1223 D CompatChangeReporter: Compat change id reported: 312399441; UID 10217; state: ENABLED
02-19 21:25:43.754   937  1223 I blica.toss.test: AssetManager2(0x7d8fac42fbb8) locale list changing from [] to [en-US]
02-19 21:25:43.755   937  1223 I blica.toss.test: AssetManager2(0x7d8fac43b0f8) locale list changing from [] to [en-US]
02-19 21:25:43.764   937  1223 D DynamitePackage: Instantiated singleton DynamitePackage.
02-19 21:25:43.764   937  1223 D DynamitePackage: Instantiating com.google.android.gms.ads.ChimeraMobileAdsSettingManagerCreatorImpl
02-19 21:25:43.868   752   794 V WindowManager: Sent Transition (#1035) createdAt=02-19 21:25:43.515 via request=TransitionRequestInfo { type = OPEN, triggerTask = TaskInfo{userId=0 taskId=154 effectiveUid=10217 displayId=0 isRunning=true baseIntent=Intent { act=android.intent.action.VIEW dat=intoss://takealook/... flg=0x10000000 cmp=viva.republica.toss.test/im.toss.rn.granite.core.GraniteActivity } baseActivity=ComponentInfo{viva.republica.toss.test/im.toss.rn.granite.core.GraniteActivity} topActivity=ComponentInfo{viva.republica.toss.test/im.toss.rn.granite.core.GraniteActivity} origActivity=null realActivity=ComponentInfo{viva.republica.toss.test/im.toss.rn.granite.core.GraniteActivity} numActivities=1 lastActiveTime=115417377 supportsMultiWindow=true resizeMode=1 isResizeable=true minWidth=-1 minHeight=-1 defaultMinSize=220 token=WCT{RemoteToken{c7da0a8 Task{3962851 #154 type=standard A=10217:viva.republica.toss.test}}} topActivityType=1 pictureInPictureParams=null shouldDockBigOverlays=false launchIntoPipHostTaskId=-1 lastParentTaskIdBeforePip=-1 displayCutoutSafeInsets=Rect(0, 0 - 0, 0) topActivityInfo=ActivityInfo{260c7c1 im.toss.rn.granite.core.GraniteActivity} launchCookies=[] positionInParent=Point(0, 0) parentTaskId=-1 isFocused=false isVisible=false isVisibleRequested=false isTopActivityNoDisplay=false isSleeping=false locusId=null displayAreaFeatureId=1 isTopActivityTransparent=false isActivityStackTransparent=false lastNonFullscreenBounds=Rect(284, 660 - 796, 1740) capturedLink=null capturedLinkTimestamp=0 requestedVisibleTypes=-9 topActivityRequestOpenInBrowserEducationTimestamp=0 appCompatTaskInfo=AppCompatTaskInfo { topActivityInSizeCompat=false eligibleForLetterboxEducation= false isLetterboxEducationEnabled= true isLetterboxDoubleTapEnabled= false eligibleForUserAspectRatioButton= false topActivityBoundsLetterboxed= false isFromLetterboxDoubleTap= false topActivityLetterboxVerticalPosition= -1 topActivityLetterboxHorizontalPosition= -1 topActivityLetterboxWidth=-1 topActivityLetterboxHeight=-1 topActivityAppBounds=Rect(0, 0 - 1080, 2400) isUserFullscreenOverrideEnabled=false isSystemFullscreenOverrideEnabled=false hasMinAspectRatioOverride=false topActivityLetterboxBounds=null cameraCompatTaskInfo=CameraCompatTaskInfo { freeformCameraCompatMode=inactive}} topActivityMainWindowFrame=null}, pipChange = null, remoteTransition = null, displayChange = null, flags = 0, debugId = 1035 }
02-19 21:25:43.869  4449  4462 V WindowManagerShell: onTransitionReady(transaction=3229815436301)
02-19 21:25:43.872   752   794 V WindowManager:     startWCT=WindowContainerTransaction { changes= {} hops= [] errorCallbackToken=null taskFragmentOrganizer=null }
02-19 21:25:43.872   752   794 V WindowManager:     info={id=1035 t=OPEN f=0x0 trk=0 r=[0@Point(0, 0)] c=[
02-19 21:25:43.872   752   794 V WindowManager:         {WCT{RemoteToken{c7da0a8 Task{3962851 #154 type=standard A=10217:viva.republica.toss.test}}} m=OPEN f=NONE leash=Surface(name=Task=154)/@0x8108f9a sb=Rect(0, 0 - 1080, 2400) eb=Rect(0, 0 - 1080, 2400) epz=Point(1080, 2400) d=0 taskParent=-1},
02-19 21:25:43.872   752   794 V WindowManager:         {WCT{RemoteToken{5218fe8 Task{dd43522 #1 type=home}}} m=TO_BACK f=SHOW_WALLPAPER leash=Surface(name=Task=1)/@0x8ddbd2e sb=Rect(0, 0 - 1080, 2400) eb=Rect(0, 0 - 1080, 2400) epz=Point(1080, 2400) d=0 taskParent=-1},
02-19 21:25:43.872   752   794 V WindowManager:         {m=TO_BACK f=IS_WALLPAPER leash=Surface(name=WallpaperWindowToken{35e0c0f showWhenLocked=false})/@0x512f5be sb=Rect(0, 0 - 1080, 2400) eb=Rect(0, 0 - 1080, 2400) epz=Point(1080, 2400) d=0}
02-19 21:25:43.872   752   794 V WindowManager:     ]}
02-19 21:25:43.876  4449  4467 V WindowManagerShell: onTransitionReady (#1035) android.os.BinderProxy@aa947af: {id=1035 t=OPEN f=0x0 trk=0 r=[0@Point(0, 0)] c=[
