02-19 11:21:37.726  1341  1341 I NotificationListener: Handling notification state refresh for android#0
02-19 11:21:37.726  1341  1341 I NotificationListener: Handling notification state refresh for com.android.systemui#0
02-19 11:21:37.760  1341  1341 D SsBaseTemplateCard: No text view can be set up
02-19 11:21:37.761  1341  1341 D SsBaseTemplateCard: Passed-in item info is null
02-19 11:21:37.761  1341  1341 D SsBaseTemplateCard: Passed-in item info is null
02-19 11:21:37.761  1341  1341 D SsBaseTemplateCard: Passed-in item info is null
02-19 11:21:37.761  1341  1341 I SsBaseTemplateCard: Secondary card pane is null
02-19 11:21:37.879  1341  4448 I AiAiSuggestUi: Request suggestContentSelections complete, took: 289
02-19 11:21:37.880  1341  4448 I AiAiSuggestUi: Fetched content back in callback
02-19 11:21:37.883  1341  1341 I AiAiSuggestUi: Display indicators
02-19 11:21:37.897  1341  1354 I s.nexuslauncher: NativeAlloc concurrent mark compact GC freed 1499KB AllocSpace bytes, 4(208KB) LOS objects, 49% free, 8054KB/15MB, paused 1.688ms,3.485ms total 324.734ms
02-19 11:21:37.914  1341  1356 W System  : A resource failed to call release. 
02-19 11:21:37.914  1341  1356 W System  : A resource failed to call release. 
02-19 11:21:37.914  1341  1356 W System  : A resource failed to call release. 
02-19 11:21:38.436  1341  1341 D TaskView: launchAsLiveTile - composeRecentsLaunchAnimator: [46]
02-19 11:21:40.849   531   568 W EventThread: Faking VSYNC due to driver stall for thread app
02-19 11:21:40.858  1341  1341 D RecentsView: finishRecentsAnimation - mRecentsAnimationController: com.android.quickstep.RecentsAnimationController@b790a62
02-19 11:21:40.858  1341  1341 D RecentsView: cleanupRemoteTargets - mRemoteTargetHandles: [com.android.quickstep.RemoteTargetGluer$RemoteTargetHandle@806106c]
02-19 11:21:40.862  4449  4467 V ShellRecents: [149983705] RecentsController.finishInner: toHome=false userLeave=false willFinishToHome=false state=0 hasPausingTasks=true reason=requested
02-19 11:21:40.863  4449  4467 V ShellRecents:   returning to app
02-19 11:21:40.863  4449  4467 V ShellRecents: [149983705] RecentsController.finishInner: Completing finish
02-19 11:21:40.863  4449  4467 V ShellRecents: [149983705] RecentsController.cleanup
02-19 11:21:40.864  1341  4448 I HWUI    : Davey! duration=2441ms; Flags=0, FrameTimelineVsyncId=1025196, IntendedVsync=79172255773300, Vsync=79172289106632, InputEventId=0, HandleInputStart=79172290211075, AnimationStart=79172290211456, PerformTraversalsStart=79172291815926, DrawStart=79172291874727, FrameDeadline=79172272439966, FrameStartTime=79172290209212, FrameInterval=16666666, WorkloadTarget=16666666, SyncQueued=79172292143179, SyncStart=79172292350151, IssueDrawCommandsStart=79172292512470, SwapBuffers=79172293471637, FrameCompleted=79174697066102, DequeueBufferDuration=11534, QueueBufferDuration=1203982, GpuCompleted=79174697066102, SwapBuffersCompleted=79172296206428, DisplayPresentTime=0, CommandSubmissionCompleted=79172293471637, 
02-19 11:21:40.866  4449  4467 V WindowManagerShell: Transition animation finished (aborted=false), notifying core (#131) android.os.BinderProxy@d146420@0
02-19 11:21:40.885  1341  1341 D RecentsView: cleanupRemoteTargets - mRemoteTargetHandles: null
02-19 11:21:40.903   752   794 V WindowManager: Finish Transition (#131): created at 02-19 11:21:34.123 collect-started=0.112ms started=0.126ms ready=2476.976ms sent=2691.069ms commit=22.992ms finished=6779.989ms
02-19 11:21:40.907  4449  4467 V WindowManagerShell: Track 0 became idle
02-19 11:21:40.907  4449  4467 V WindowManagerShell: All active transition animations finished
02-19 11:21:40.907  4449  4467 V ShellRecents: [149983705] RecentsController.finishInner: calling finish callback
02-19 11:21:40.908   752   797 W IPCThreadState: Sending oneway calls to frozen process.
02-19 11:21:40.909   752   797 W IPCThreadState: Sending oneway calls to frozen process.
02-19 11:21:40.909   752   797 W IPCThreadState: Sending oneway calls to frozen process.
02-19 11:21:40.909   752   797 W IPCThreadState: Sending oneway calls to frozen process.
02-19 11:21:40.909   752   797 W IPCThreadState: Sending oneway calls to frozen process.
02-19 11:21:40.909   752   797 W IPCThreadState: Sending oneway calls to frozen process.
02-19 11:21:40.909   752   797 W IPCThreadState: Sending oneway calls to frozen process.
02-19 11:21:40.909   752   797 W IPCThreadState: Sending oneway calls to frozen process.
02-19 11:21:40.909   752   797 W IPCThreadState: Sending oneway calls to frozen process.
02-19 11:21:40.909   752   797 W IPCThreadState: Sending oneway calls to frozen process.
02-19 11:21:40.910   752   797 W IPCThreadState: Sending oneway calls to frozen process.
02-19 11:21:40.910   752   797 W IPCThreadState: Sending oneway calls to frozen process.
02-19 11:21:40.910   752   797 W IPCThreadState: Sending oneway calls to frozen process.
02-19 11:21:40.910   752   797 W IPCThreadState: Sending oneway calls to frozen process.
02-19 11:21:40.910   752   797 W IPCThreadState: Sending oneway calls to frozen process.
02-19 11:21:40.910   752   797 W ProcessStats: Tracking association SourceState{1b917ca system/1000 BFgs #11467} whose proc state 4 is better than process ProcessState{42c4ef0 com.google.android.ext.services/10208 pkg=com.google.android.ext.services} proc state 14 (11 skipped)
02-19 11:21:40.913  1341  1341 W SplitSelectStateCtor: Missing session instanceIds
02-19 11:21:40.913  1341  1341 D StatsLog: LAUNCHER_SPLIT_SELECTION_EXIT_INTERRUPTED
02-19 11:21:40.919  4449  4467 D WindowManagerShell: setLauncherKeepClearAreaHeight: visible=false, height=527
02-19 11:21:40.924  1341  1341 D VRI[NexusLauncherActivity]: visibilityChanged oldVisibility=true newVisibility=false
02-19 11:21:40.924  1341  1341 D RecentsView: onRecentsAnimationComplete - mRecentsAnimationController: com.android.quickstep.RecentsAnimationController@b790a62, mSideTaskLaunchCallback: null
02-19 11:21:40.929  1341  1341 D RecentsView: updateTaskStackListenerState: false
02-19 11:21:40.929  1341  1341 D NexusLauncherModelDelegate: notifySmartspaceEvent: SmartspaceTargetEvent{mSmartspaceTarget=null, mSmartspaceActionId='null', mEventType=7}
02-19 11:21:40.931   752  1095 D BackgroundInstallControlService: Package event received: 0
02-19 11:21:40.940 25389 25389 W dumpsys : Thread Pool max thread count is 0. Cannot cache binder as linkToDeath cannot be implemented. serviceName: window
02-19 11:21:40.948  1341  1341 D StateManager: goToState - fromState: Overview, toState: Normal, partial trace:
02-19 11:21:40.948  1341  1341 D StateManager: 	at com.android.launcher3.statemanager.StateManager.moveToRestState(go/retraceme 72a59688580715d19f0e415c69e80376c2f062d1648c80db6730905005a27c20:4)
02-19 11:21:40.948  1341  1341 D StateManager: 	at com.android.launcher3.statemanager.StateManager.moveToRestState(go/retraceme 72a59688580715d19f0e415c69e80376c2f062d1648c80db6730905005a27c20:1)
02-19 11:21:40.948  1341  1341 D StateManager: 	at com.android.quickstep.TaskViewUtils$9.lambda$onAnimationSuccess$0(go/retraceme 72a59688580715d19f0e415c69e80376c2f062d1648c80db6730905005a27c20:1)
02-19 11:21:40.948  1341  1341 D RecentsView: finishRecentsAnimation - mRecentsAnimationController: null
02-19 11:21:40.948  1341  1341 D RecentsView: cleanupRemoteTargets - mRemoteTargetHandles: null
02-19 11:21:40.949   752  1456 I system_server: AssetManager2(0x7d8fac44b778) locale list changing from [] to [en-US]
02-19 11:21:40.952  1341  1341 D BaseDepthController: setSurface:
02-19 11:21:40.952  1341  1341 D BaseDepthController: 	mWaitingOnSurfaceValidity: false
02-19 11:21:40.952  1341  1341 D BaseDepthController: 	mBaseSurface: null
02-19 11:21:40.952  1341  1341 D BaseDepthController: mSurface is null and mCurrentBlur is: 23
02-19 11:21:40.953   752  1456 I system_server: AssetManager2(0x7d8fac4491f8) locale list changing from [] to [en-US]
02-19 11:21:40.953  1341  1341 D StateManager: goToState - fromState: Overview, toState: Normal, partial trace:
02-19 11:21:40.953  1341  1341 D StateManager: 	at com.android.launcher3.statemanager.StateManager.moveToRestState(go/retraceme 72a59688580715d19f0e415c69e80376c2f062d1648c80db6730905005a27c20:4)
02-19 11:21:40.953  1341  1341 D StateManager: 	at com.android.launcher3.statemanager.StateManager.moveToRestState(go/retraceme 72a59688580715d19f0e415c69e80376c2f062d1648c80db6730905005a27c20:1)
02-19 11:21:40.953  1341  1341 D StateManager: 	at com.android.launcher3.statemanager.StatefulActivity.onStop(go/retraceme 72a59688580715d19f0e415c69e80376c2f062d1648c80db6730905005a27c20:34)
02-19 11:21:40.954  1341  1341 D StateManager: cancelAnimation - with ongoing animation, partial trace:
02-19 11:21:40.954  1341  1341 D StateManager: 	at com.android.launcher3.statemanager.StateManager.goToState(go/retraceme 72a59688580715d19f0e415c69e80376c2f062d1648c80db6730905005a27c20:18)
02-19 11:21:40.954  1341  1341 D StateManager: 	at com.android.launcher3.statemanager.StateManager.goToState(go/retraceme 72a59688580715d19f0e415c69e80376c2f062d1648c80db6730905005a27c20:3)
02-19 11:21:40.954  1341  1341 D StateManager: 	at com.android.launcher3.statemanager.StateManager.moveToRestState(go/retraceme 72a59688580715d19f0e415c69e80376c2f062d1648c80db6730905005a27c20:4)
02-19 11:21:40.954  1341  1341 D RecentsView: reset - mEnableDrawingLiveTile: true, mRecentsAnimationController: null
02-19 11:21:40.955  1341  1341 D StateManager: onStateTransitionStart - state: Normal
02-19 11:21:40.957   752  1456 I system_server: AssetManager2(0x7d8fac4e4658) locale list changing from [] to [en-US]
02-19 11:21:40.959  1341  1341 D BaseDepthController: mSurface is null and mCurrentBlur is: 23
02-19 11:21:40.961  1341  1341 D KeyboardInsetsHandler: setState, toState:Normal StateManager(mLastStableState:Normal, mCurrentStableState:Overview, mState:Normal, mRestState:Normal, isInTransition:false)
02-19 11:21:40.961  1341  1341 D StateManager: onStateTransitionEnd - state: Normal
02-19 11:21:40.962   752  1456 I system_server: AssetManager2(0x7d8fac521558) locale list changing from [] to [en-US]
02-19 11:21:40.962  1341  1341 D RecentsView: reset - mEnableDrawingLiveTile: false, mRecentsAnimationController: null
02-19 11:21:40.963  1341  1341 I AiAiSuggestUi: Clearing suggestions.
02-19 11:21:40.963  1341  1341 I AiAiSuggestUi: Clearing suggestions.
02-19 11:21:40.963  1341  1341 D ActivityAllAppsContainerView: rebindAdapters: force: false
02-19 11:21:40.963  1341  1341 D ActivityAllAppsContainerView: rebindAdapters: Not needed.
02-19 11:21:40.964   752  1456 I system_server: AssetManager2(0x7d8fac432138) locale list changing from [] to [en-US]
02-19 11:21:40.966  1341  1341 D StatsLog: LAUNCHER_ONSTOP
02-19 11:21:40.967  1341  1341 D StatsLog: LAUNCHER_GOOGLE_SEARCH_RESTORE_LIST_SIZE_AFTER_ACTIVITY_RESTART
02-19 11:21:40.975   752  1456 I system_server: AssetManager2(0x7d8fac461bb8) locale list changing from [] to [en-US]
02-19 11:21:41.043   752  1095 D BackgroundInstallControlService: Package event received: 0
02-19 11:21:41.053  1341  1341 D OverviewActionsView: updateForGroupedTask() called with: isGroupedTask = [false], canSaveAppPair = [false]
02-19 11:21:41.053  1341  1341 D OverviewActionsView: updateActionButtonsVisibility() called: showSingleTaskActions = [true], showGroupActions = [false]
02-19 11:21:41.053  1341  1341 D OverviewActionsView: updateForGroupedTask() called with: isGroupedTask = [false], canSaveAppPair = [false]
02-19 11:21:41.053  1341  1341 D OverviewActionsView: updateActionButtonsVisibility() called: showSingleTaskActions = [true], showGroupActions = [false]
02-19 11:21:41.055   752   989 I ImeTracker: viva.republica.toss.test:e64c2473: onRequestHide at ORIGIN_SERVER reason HIDE_SAME_WINDOW_FOCUSED_WITHOUT_EDITOR fromUser false
02-19 11:21:41.057 24035 24035 D InsetsController: hide(ime(), fromIme=false)
02-19 11:21:41.057 24035 24035 I ImeTracker: viva.republica.toss.test:e64c2473: onCancelled at PHASE_CLIENT_ALREADY_HIDDEN
02-19 11:21:41.058   752  1095 D BackgroundInstallControlService: Package event received: 0
02-19 11:21:41.065  1563  1563 I GoogleInputMethodService: GoogleInputMethodService.onFinishInput():2043 
02-19 11:21:41.067  1563  1563 I Module  : DeviceLockedStatusModuleProvider$Module.updateDeviceLockedStatus():100 repeatCheckTimes = 0, locked = false
02-19 11:21:41.067  1563  1563 I GoogleInputMethodService: GoogleInputMethodService.onStartInput():1293 onStartInput(EditorInfo{EditorInfo{packageName=viva.republica.toss.test, inputType=0, inputTypeString=NULL, enableLearning=false, autoCorrection=false, autoComplete=false, imeOptions=0, privateImeOptions=null, actionName=UNSPECIFIED, actionLabel=null, initialSelStart=-1, initialSelEnd=-1, initialCapsMode=0, label=null, fieldId=0, fieldName=null, extras=null, hintText=null, hintLocales=[]}}, false)
02-19 11:21:41.068  1563  1563 I Module  : DeviceLockedStatusModuleProvider$Module.updateDeviceLockedStatus():100 repeatCheckTimes = 1, locked = false
02-19 11:21:41.069  1563  1563 I EmojiCompatManager: EmojiCompatManager.getEmojiCompatIfLoaded():343 EmojiCompat.init() was never called.
02-19 11:21:41.069  1563  1563 I EmojiCompatManager: java.lang.IllegalStateException: EmojiCompat is not initialized. Please call EmojiCompat.init() first
02-19 11:21:41.069  1563  1563 I EmojiCompatManager: 	at asx.p(PG:6)
02-19 11:21:41.069  1563  1563 I EmojiCompatManager: 	at axb.b(PG:13)
02-19 11:21:41.069  1563  1563 I EmojiCompatManager: 	at jnr.b(PG:2)
02-19 11:21:41.069  1563  1563 I EmojiCompatManager: 	at jnr.c(PG:4)
02-19 11:21:41.069  1563  1563 I EmojiCompatManager: 	at jnr.f(PG:3)
02-19 11:21:41.069  1563  1563 I EmojiCompatManager: 	at jnx.c(PG:3)
02-19 11:21:41.069  1563  1563 I EmojiCompatManager: 	at kif.cz(PG:47)
02-19 11:21:41.069  1563  1563 I EmojiCompatManager: 	at lhl.run(PG:1025)
02-19 11:21:41.069  1563  1563 I EmojiCompatManager: 	at jaf.execute(PG:12)
02-19 11:21:41.069  1563  1563 I EmojiCompatManager: 	at nco.v(PG:13)
02-19 11:21:41.069  1563  1563 I EmojiCompatManager: 	at lhn.m(PG:96)
02-19 11:21:41.069  1563  1563 I EmojiCompatManager: 	at lhn.k(PG:25)
02-19 11:21:41.069  1563  1563 I EmojiCompatManager: 	at kgn.onStartInput(PG:250)
02-19 11:21:41.069  1563  1563 I EmojiCompatManager: 	at android.inputmethodservice.InputMethodService.doStartInput(InputMethodService.java:3521)
02-19 11:21:41.069  1563  1563 I EmojiCompatManager: 	at android.inputmethodservice.InputMethodService$InputMethodImpl.startInput(InputMethodService.java:879)
02-19 11:21:41.069  1563  1563 I EmojiCompatManager: 	at android.inputmethodservice.InputMethodService$InputMethodImpl.dispatchStartInput(InputMethodService.java:908)
02-19 11:21:41.069  1563  1563 I EmojiCompatManager: 	at android.inputmethodservice.IInputMethodWrapper.executeMessage(IInputMethodWrapper.java:201)
02-19 11:21:41.069  1563  1563 I EmojiCompatManager: 	at com.android.internal.os.HandlerCaller$MyHandler.handleMessage(HandlerCaller.java:44)
02-19 11:21:41.069  1563  1563 I EmojiCompatManager: 	at android.os.Handler.dispatchMessage(Handler.java:110)
02-19 11:21:41.069  1563  1563 I EmojiCompatManager: 	at android.os.Looper.loopOnce(Looper.java:248)
02-19 11:21:41.069  1563  1563 I EmojiCompatManager: 	at android.os.Looper.loop(Looper.java:338)
02-19 11:21:41.069  1563  1563 I EmojiCompatManager: 	at android.app.ActivityThread.main(ActivityThread.java:9067)
02-19 11:21:41.069  1563  1563 I EmojiCompatManager: 	at java.lang.reflect.Method.invoke(Native Method)
02-19 11:21:41.069  1563  1563 I EmojiCompatManager: 	at com.android.internal.os.RuntimeInit$MethodAndArgsCaller.run(RuntimeInit.java:593)
02-19 11:21:41.069  1563  1563 I EmojiCompatManager: 	at com.android.internal.os.ZygoteInit.main(ZygoteInit.java:932)
02-19 11:21:41.069   752  1454 W PackageConfigPersister: App-specific configuration not found for packageName: viva.republica.toss.test and userId: 0
02-19 11:21:41.278  1341  1356 W System  : A resource failed to call release. 
02-19 11:21:41.278  1341  1356 W System  : A resource failed to call release. 
02-19 11:21:41.278  1341  1356 W System  : A resource failed to call release. 
02-19 11:21:41.278  1341  1356 W System  : A resource failed to call release. 
02-19 11:21:41.450 25395 25395 W screencap: Thread Pool max thread count is 0. Cannot cache binder as linkToDeath cannot be implemented. serviceName: SurfaceFlingerAIDL
02-19 11:21:41.451 25395 25395 W BpBinder: Linking to death on android.gui.ISurfaceComposer but there are no threads (yet?) listening to incoming transactions. See ProcessState::startThreadPool and ProcessState::setThreadPoolMaxThreadCount. Generally you should setup the binder threadpool before other initialization steps.
02-19 11:21:41.452 25395 25395 W ProcessState: Extra binder thread started, but 0 threads requested. Do not use *startThreadPool when zero threads are requested.
02-19 11:21:41.456   531   549 E HwcComposer: getLuts failed Status(-8, EX_SERVICE_SPECIFIC): '8: '
02-19 11:21:41.456   531   549 E HWComposer: getLuts: getLuts failed for display 4619827259835644672: UNSUPPORTED (8)
