--------- beginning of main
02-19 11:21:25.422   531   568 W EventThread: Faking VSYNC due to driver stall for thread app
02-19 11:21:25.429  1336  1556 D SatelliteController: iisInCarrierRoamingNbIotNtn: satellite is disabled
02-19 11:21:28.490   531   568 W EventThread: Faking VSYNC due to driver stall for thread app
02-19 11:21:28.491 24035 24035 I Choreographer: Skipped 65 frames!  The application may be doing too much work on its main thread.
--------- beginning of system
02-19 11:21:28.702   752   795 W ActivityTaskManager: callingPackage for (uid=-1, pid=0) has no WPC
02-19 11:21:28.702   752   795 W ActivityStartInterceptor: Starting home with component specified, uid=0
02-19 11:21:28.703   752   795 W OptProp : Cannot read opt property android.window.PROPERTY_COMPAT_ALLOW_USER_ASPECT_RATIO_OVERRIDE
02-19 11:21:28.703  4449  4449 I vol.VolumeDialogImpl: mDialog.dismiss() reason: volume_controller from: com.android.systemui.volume.VolumeDialogImpl$7.onDismissRequested:3
02-19 11:21:28.703   752   795 W OptProp : Cannot read opt property android.window.PROPERTY_COMPAT_ALLOW_USER_ASPECT_RATIO_FULLSCREEN_OVERRIDE
02-19 11:21:28.704   752   795 W OptProp : Cannot read opt property android.window.PROPERTY_COMPAT_ALLOW_RESIZEABLE_ACTIVITY_OVERRIDES
02-19 11:21:28.705   752   795 W OptProp : Cannot read opt property android.window.PROPERTY_COMPAT_ALLOW_MIN_ASPECT_RATIO_OVERRIDE
02-19 11:21:28.706   752   795 V GrammaticalInflectionUtils: AttributionSource: android.content.AttributionSource@1abea79a does not have READ_SYSTEM_GRAMMATICAL_GENDER permission.
02-19 11:21:28.717  4449  4467 V WindowManagerShell: Transition requested (#130): android.os.BinderProxy@8a01c08 TransitionRequestInfo { type = OPEN, triggerTask = TaskInfo{userId=0 taskId=5 effectiveUid=10182 displayId=0 isRunning=true baseIntent=Intent { act=android.intent.action.MAIN cat=[android.intent.category.HOME] flg=0x10000100 cmp=com.google.android.apps.nexuslauncher/.NexusLauncherActivity } baseActivity=ComponentInfo{com.google.android.apps.nexuslauncher/com.google.android.apps.nexuslauncher.NexusLauncherActivity} topActivity=ComponentInfo{com.google.android.apps.nexuslauncher/com.google.android.apps.nexuslauncher.NexusLauncherActivity} origActivity=null realActivity=ComponentInfo{com.google.android.apps.nexuslauncher/com.google.android.apps.nexuslauncher.NexusLauncherActivity} numActivities=1 lastActiveTime=79162561 supportsMultiWindow=true resizeMode=2 isResizeable=true minWidth=-1 minHeight=-1 defaultMinSize=220 token=WCT{android.window.IWindowContainerToken$Stub$Proxy@ae68fa1} topActivityType=2 pictureInPictureParams=null shouldDockBigOverlays=false launchIntoPipHostTaskId=-1 lastParentTaskIdBeforePip=-1 displayCutoutSafeInsets=Rect(0, 0 - 0, 0) topActivityInfo=ActivityInfo{b7465c6 com.google.android.apps.nexuslauncher.NexusLauncherActivity} launchCookies=[] positionInParent=Point(0, 0) parentTaskId=-1 isFocused=true isVisible=false isVisibleRequested=true isTopActivityNoDisplay=false isSleeping=false locusId=LocusId[17_chars] displayAreaFeatureId=1 isTopActivityTransparent=false isActivityStackTransparent=false lastNonFullscreenBounds=Rect(284, 660 - 796, 1740) capturedLink=null capturedLinkTimestamp=0 requestedVisibleTypes=-9 topActivityRequestOpenInBrowserEducationTimestamp=0 appCompatTaskInfo=AppCompatTaskInfo { topActivityInSizeCompat=false eligibleForLetterboxEducation= false isLetterboxEducationEnabled= true isLetterboxDoubleTapEnabled= false eligibleForUserAspectRatioButton= false topActivityBoundsLetterboxed= false isFromLetterboxDoubleTap= false topActivityLetterboxVerticalPosition= -1 topActivityLetterboxHorizontalPosition= -1 topActivityLetterboxWidth=-1 topActivityLetterboxHeight=-1 topActivityAppBounds=Rect(0, 0 - 1080, 2400) isUserFullscreenOverrideEnabled=false isSystemFullscreenOverrideEnabled=false hasMinAspectRatioOverride=false topActivityLetterboxBounds=null cameraCompatTaskInfo=CameraCompatTaskInfo { freeformCameraCompatMode=inactive}} topActivityMainWindowFrame=null}, pipChange = null, remoteTransition = null, displayChange = null, flags = 0, debugId = 130 }
02-19 11:21:28.718  4449  4467 D ShellSplitScreen: logExit: no-op, mLoggerSessionId is null
02-19 11:21:28.719  1341  1341 D ViewRootImpl: Skipping stats log for color mode
02-19 11:21:28.719   752   795 I ActivityTaskManager: START u0 {act=android.intent.action.MAIN cat=[android.intent.category.HOME] flg=0x10000100 cmp=com.google.android.apps.nexuslauncher/.NexusLauncherActivity (has extras)} with LAUNCH_SINGLE_TASK from uid 0 (BAL_ALLOW_ALLOWLISTED_UID) result code=2
02-19 11:21:28.721   752  1095 D BackgroundInstallControlService: Package event received: 0
02-19 11:21:28.722  1341  1341 D TFOManager: playPanelCloseAnimation() duration=200 traceTag=LauncherOverlay-hide isHomeButtonTap=true
02-19 11:21:28.722  1341  1341 D TFOManager: Skipped creating panel close animation because -1 is invisible.
02-19 11:21:28.722  1341  1341 D OverviewCommandHelper: clearing pending commands: []
02-19 11:21:28.723   752  1095 D BackgroundInstallControlService: Package event received: 0
02-19 11:21:28.724   752  1095 D BackgroundInstallControlService: Package event received: 0
02-19 11:21:28.725  4449  4467 D WindowManagerShell: onActivityRestartAttempt: topActivity=ComponentInfo{com.google.android.apps.nexuslauncher/com.google.android.apps.nexuslauncher.NexusLauncherActivity}, wasVisible=false
02-19 11:21:28.725  1341  1341 D StatsLog: LAUNCHER_ONRESUME
02-19 11:21:28.726  4449  4467 D WindowManagerShell: setLauncherKeepClearAreaHeight: visible=true, height=527
02-19 11:21:28.727   752   797 W IPCThreadState: Sending oneway calls to frozen process.
02-19 11:21:28.727   752   797 W IPCThreadState: Sending oneway calls to frozen process.
02-19 11:21:28.727   752   797 W IPCThreadState: Sending oneway calls to frozen process.
02-19 11:21:28.727   752   797 W IPCThreadState: Sending oneway calls to frozen process.
02-19 11:21:28.727   752   797 W IPCThreadState: Sending oneway calls to frozen process.
02-19 11:21:28.727   752   797 W IPCThreadState: Sending oneway calls to frozen process.
02-19 11:21:28.727   752   797 W IPCThreadState: Sending oneway calls to frozen process.
02-19 11:21:28.727   752   797 W IPCThreadState: Sending oneway calls to frozen process.
02-19 11:21:28.728   752   797 W IPCThreadState: Sending oneway calls to frozen process.
02-19 11:21:28.728   752   797 W IPCThreadState: Sending oneway calls to frozen process.
02-19 11:21:28.728   752   797 W IPCThreadState: Sending oneway calls to frozen process.
02-19 11:21:28.728   752   797 W IPCThreadState: Sending oneway calls to frozen process.
02-19 11:21:28.728   752   797 W IPCThreadState: Sending oneway calls to frozen process.
02-19 11:21:28.728   752   797 W IPCThreadState: Sending oneway calls to frozen process.
02-19 11:21:28.728   752   797 W IPCThreadState: Sending oneway calls to frozen process.
02-19 11:21:28.729   752   797 W ProcessStats: Tracking association SourceState{1b917ca system/1000 BFgs #11453} whose proc state 4 is better than process ProcessState{42c4ef0 com.google.android.ext.services/10208 pkg=com.google.android.ext.services} proc state 14 (26 skipped)
02-19 11:21:28.733  1341  1407 D QuickstepModelDelegate: notifyAppTargetEvent action=1 launchLocation=workspace/0/[-1,-1]/[1,1]
02-19 11:21:28.737  1971  2198 I AiAiEcho: Predicting[0]:  [CONTEXT sampling_count=5 ]
02-19 11:21:28.738  1971  2198 I AiAiEcho: EchoTargets: 
02-19 11:21:28.738  1971  2198 I AiAiEcho: Filtered by AiAi flag check: 
02-19 11:21:28.738  1971  2198 I AiAiEcho: [CONTEXT ratelimit_period="10 SECONDS" ]
02-19 11:21:28.738  1971  2198 I AiAiEcho: #remoteViewsTwiddler: feature disabled.
02-19 11:21:28.739  1971  2198 I AiAiEcho: #postPredictionTargets: Sending updates to UISurface home with targets# 0 (types=[])
02-19 11:21:30.106   531   568 W EventThread: Faking VSYNC due to driver stall for thread app
02-19 11:21:30.106   531   569 W EventThread: Faking VSYNC due to driver stall for thread appSf
02-19 11:21:30.109  1341  1341 I Choreographer: Skipped 84 frames!  The application may be doing too much work on its main thread.
02-19 11:21:30.109  4449  4449 I Choreographer: Skipped 84 frames!  The application may be doing too much work on its main thread.
02-19 11:21:30.110  1341  1341 D NexusLauncherModelDelegate: notifySmartspaceEvent: SmartspaceTargetEvent{mSmartspaceTarget=null, mSmartspaceActionId='null', mEventType=6}
02-19 11:21:30.111 24035 24035 I Choreographer: Skipped 84 frames!  The application may be doing too much work on its main thread.
02-19 11:21:30.117   531   531 I BpBinder: onLastStrongRef automatically unlinking death recipients: 
02-19 11:21:30.140  1341  1341 D BaseDepthController: setSurface:
02-19 11:21:30.140  1341  1341 D BaseDepthController: 	mWaitingOnSurfaceValidity: false
02-19 11:21:30.140  1341  1341 D BaseDepthController: 	mBaseSurface: Surface(name=com.google.android.apps.nexuslauncher/com.google.android.apps.nexuslauncher.NexusLauncherActivity)/@0x94d8eb8
02-19 11:21:30.205   752  2375 W ActivityTaskManager: callingPackage for (uid=2000, pid=25360) has no WPC
02-19 11:21:30.206   752  2375 V GrammaticalInflectionUtils: AttributionSource: android.content.AttributionSource@56784557 does not have READ_SYSTEM_GRAMMATICAL_GENDER permission.
02-19 11:21:30.208   752  2375 W OptProp : Cannot read opt property android.window.PROPERTY_COMPAT_ALLOW_USER_ASPECT_RATIO_OVERRIDE
02-19 11:21:30.208   752  2375 W OptProp : Cannot read opt property android.window.PROPERTY_COMPAT_ALLOW_USER_ASPECT_RATIO_FULLSCREEN_OVERRIDE
02-19 11:21:30.208   752  2375 W OptProp : Cannot read opt property android.window.PROPERTY_COMPAT_ALLOW_RESIZEABLE_ACTIVITY_OVERRIDES
02-19 11:21:30.209   752  2375 W OptProp : Cannot read opt property android.window.PROPERTY_COMPAT_ALLOW_MIN_ASPECT_RATIO_OVERRIDE
02-19 11:21:30.216   752  2375 I ActivityTaskManager: START u0 {act=android.intent.action.VIEW dat=intoss://takealook/... flg=0x10000000 xflg=0x4 cmp=viva.republica.toss.test/im.toss.rn.granite.core.GraniteActivity} with LAUNCH_MULTIPLE from uid 2000 (BAL_ALLOW_PERMISSION) result code=2
02-19 11:21:30.216  1341  1341 D ActivityAllAppsContainerView: rebindAdapters: force: false
02-19 11:21:30.217  1341  1341 D ActivityAllAppsContainerView: rebindAdapters: Not needed.
02-19 11:21:30.220  1341  1341 I NotificationListener: Handling notification state refresh for com.google.android.adservices.api#0
02-19 11:21:30.220  1341  1341 I NotificationListener: Handling notification state refresh for android#0
02-19 11:21:30.220  1341  1341 I NotificationListener: Handling notification state refresh for com.android.systemui#0
02-19 11:21:30.220   531   602 I BpBinder: onLastStrongRef automatically unlinking death recipients: 
02-19 11:21:30.221  1341  1341 D SsBaseTemplateCard: No text view can be set up
02-19 11:21:30.221  1341  1341 D SsBaseTemplateCard: Passed-in item info is null
02-19 11:21:30.221  1341  1341 D SsBaseTemplateCard: Passed-in item info is null
02-19 11:21:30.221  1341  1341 D SsBaseTemplateCard: Passed-in item info is null
02-19 11:21:30.221  1341  1341 I SsBaseTemplateCard: Secondary card pane is null
02-19 11:21:30.221  4449  4467 D WindowManagerShell: onActivityRestartAttempt: topActivity=ComponentInfo{viva.republica.toss.test/im.toss.rn.granite.core.GraniteActivity}, wasVisible=true
02-19 11:21:30.227  1341  1341 W SplitSelectStateCtor: Missing session instanceIds
02-19 11:21:30.227  4449  4467 D WindowManagerShell: setLauncherKeepClearAreaHeight: visible=false, height=527
02-19 11:21:30.227  1341  1341 D StatsLog: LAUNCHER_SPLIT_SELECTION_EXIT_INTERRUPTED
02-19 11:21:30.229   752  1095 D BackgroundInstallControlService: Package event received: 0
02-19 11:21:30.233   752  1095 D BackgroundInstallControlService: Package event received: 0
02-19 11:21:30.237   752  1095 D BackgroundInstallControlService: Package event received: 0
02-19 11:21:30.242  4449  4582 V WindowManagerShell: onTransitionReady(transaction=3229815410330)
02-19 11:21:30.243  4449  4467 V WindowManagerShell: onTransitionReady (#130) android.os.BinderProxy@8a01c08: {id=130 t=OPEN f=0x0 trk=0 r=[] c=[]}
02-19 11:21:30.243  4449  4467 V WindowManagerShell: No transition roots in (#130) android.os.BinderProxy@8a01c08@0 so abort
02-19 11:21:30.244  4449  4467 V WindowManagerShell: Transition animation finished (aborted=true), notifying core (#130) android.os.BinderProxy@8a01c08@0
02-19 11:21:30.248   752   794 V WindowManager: Sent Transition (#130) createdAt=02-19 11:21:28.709 via request=TransitionRequestInfo { type = OPEN, triggerTask = TaskInfo{userId=0 taskId=5 effectiveUid=10182 displayId=0 isRunning=true baseIntent=Intent { act=android.intent.action.MAIN cat=[android.intent.category.HOME] flg=0x10000100 cmp=com.google.android.apps.nexuslauncher/.NexusLauncherActivity } baseActivity=ComponentInfo{com.google.android.apps.nexuslauncher/com.google.android.apps.nexuslauncher.NexusLauncherActivity} topActivity=ComponentInfo{com.google.android.apps.nexuslauncher/com.google.android.apps.nexuslauncher.NexusLauncherActivity} origActivity=null realActivity=ComponentInfo{com.google.android.apps.nexuslauncher/com.google.android.apps.nexuslauncher.NexusLauncherActivity} numActivities=1 lastActiveTime=79162561 supportsMultiWindow=true resizeMode=2 isResizeable=true minWidth=-1 minHeight=-1 defaultMinSize=220 token=WCT{RemoteToken{50a2c5f Task{b605570 #5 type=home I=com.google.android.apps.nexuslauncher/.NexusLauncherActivity}}} topActivityType=2 pictureInPictureParams=null shouldDockBigOverlays=false launchIntoPipHostTaskId=-1 lastParentTaskIdBeforePip=-1 displayCutoutSafeInsets=Rect(0, 0 - 0, 0) topActivityInfo=ActivityInfo{f5406ac com.google.android.apps.nexuslauncher.NexusLauncherActivity} launchCookies=[] positionInParent=Point(0, 0) parentTaskId=-1 isFocused=true isVisible=false isVisibleRequested=true isTopActivityNoDisplay=false isSleeping=false locusId=LocusId[17_chars] displayAreaFeatureId=1 isTopActivityTransparent=false isActivityStackTransparent=false lastNonFullscreenBounds=Rect(284, 660 - 796, 1740) capturedLink=null capturedLinkTimestamp=0 requestedVisibleTypes=-9 topActivityRequestOpenInBrowserEducationTimestamp=0 appCompatTaskInfo=AppCompatTaskInfo { topActivityInSizeCompat=false eligibleForLetterboxEducation= false isLetterboxEducationEnabled= true isLetterboxDoubleTapEnabled= false eligibleForUserAspectRatioButton= false topActivityBoundsLetterboxed= false isFromLetterboxDoubleTap= false topActivityLetterboxVerticalPosition= -1 topActivityLetterboxHorizontalPosition= -1 topActivityLetterboxWidth=-1 topActivityLetterboxHeight=-1 topActivityAppBounds=Rect(0, 0 - 1080, 2400) isUserFullscreenOverrideEnabled=false isSystemFullscreenOverrideEnabled=false hasMinAspectRatioOverride=false topActivityLetterboxBounds=null cameraCompatTaskInfo=CameraCompatTaskInfo { freeformCameraCompatMode=inactive}} topActivityMainWindowFrame=null}, pipChange = null, remoteTransition = null, displayChange = null, flags = 0, debugId = 130 }
02-19 11:21:30.248   752   794 V WindowManager:     startWCT=WindowContainerTransaction { changes= {} hops= [] errorCallbackToken=null taskFragmentOrganizer=null }
02-19 11:21:30.248   752   794 V WindowManager:     info={id=130 t=OPEN f=0x0 trk=0 r=[] c=[]}
02-19 11:21:30.253   752   794 V WindowManager: Finish Transition (#130): created at 02-19 11:21:28.709 collect-started=0.05ms request-sent=7.138ms started=11.485ms ready=1529.246ms sent=1530.962ms finished=1539.942ms
02-19 11:21:30.255  4449  4467 V WindowManagerShell: Track 0 became idle
02-19 11:21:30.258  4449  4467 V WindowManagerShell: All active transition animations finished
02-19 11:21:30.267  1341  4448 I HWUI    : Davey! duration=1519ms; Flags=1, FrameTimelineVsyncId=1023907, IntendedVsync=79162555773688, Vsync=79163955773632, InputEventId=0, HandleInputStart=79163956353984, AnimationStart=79163956354458, PerformTraversalsStart=79163956759905, DrawStart=79164002482155, FrameDeadline=79162572440354, FrameStartTime=79163955935401, FrameInterval=16666666, WorkloadTarget=16666666, SyncQueued=79164005240931, SyncStart=79164024531240, IssueDrawCommandsStart=79164025023998, SwapBuffers=79164031780156, FrameCompleted=79164094180724, DequeueBufferDuration=7904, QueueBufferDuration=459500, GpuCompleted=79164094180724, SwapBuffersCompleted=79164058236017, DisplayPresentTime=0, CommandSubmissionCompleted=79164031780156, 
02-19 11:21:30.267 24035 25363 W unknown:ReconnectingWebSocket: Couldn't connect to "ws://10.0.2.2:8081/message?device=sdk_gphone64_x86_64%20-%2016%20-%20API%2036&app=viva.republica.toss.test&clientid=BridgeDevSupportManager", will silently retry
02-19 11:21:30.270  1341  1341 D BaseDepthController: setSurface:
02-19 11:21:30.270  1341  1341 D BaseDepthController: 	mWaitingOnSurfaceValidity: false
02-19 11:21:30.270  1341  1341 D BaseDepthController: 	mBaseSurface: null
02-19 11:21:30.270  1341  1341 D BaseDepthController: mSurface is null and mCurrentBlur is: 0
02-19 11:21:30.271  1341  1341 D StateManager: goToState - fromState: Normal, toState: Normal, partial trace:
02-19 11:21:30.271  1341  1341 D StateManager: 	at com.android.launcher3.statemanager.StateManager.moveToRestState(go/retraceme 72a59688580715d19f0e415c69e80376c2f062d1648c80db6730905005a27c20:4)
02-19 11:21:30.271  1341  1341 D StateManager: 	at com.android.launcher3.statemanager.StateManager.moveToRestState(go/retraceme 72a59688580715d19f0e415c69e80376c2f062d1648c80db6730905005a27c20:1)
02-19 11:21:30.271  1341  1341 D StateManager: 	at com.android.launcher3.statemanager.StatefulActivity.onStop(go/retraceme 72a59688580715d19f0e415c69e80376c2f062d1648c80db6730905005a27c20:34)
02-19 11:21:30.272  1341  1341 D StatsLog: LAUNCHER_ONSTOP
02-19 11:21:30.277  1341  1341 D StatsLog: LAUNCHER_GOOGLE_SEARCH_RESTORE_LIST_SIZE_AFTER_ACTIVITY_RESTART
02-19 11:21:30.277  1341  1341 D NexusLauncherModelDelegate: notifySmartspaceEvent: SmartspaceTargetEvent{mSmartspaceTarget=null, mSmartspaceActionId='null', mEventType=7}
02-19 11:21:33.722   531   568 W EventThread: Faking VSYNC due to driver stall for thread app
02-19 11:21:33.722   531   569 W EventThread: Faking VSYNC due to driver stall for thread appSf
02-19 11:21:33.725   752   798 I Choreographer: Skipped 206 frames!  The application may be doing too much work on its main thread.
02-19 11:21:33.725  1341  1341 I Choreographer: Skipped 206 frames!  The application may be doing too much work on its main thread.
02-19 11:21:33.726 24035 24035 I Choreographer: Skipped 207 frames!  The application may be doing too much work on its main thread.
02-19 11:21:33.726  1341  1341 D NexusLauncherModelDelegate: notifySmartspaceEvent: SmartspaceTargetEvent{mSmartspaceTarget=null, mSmartspaceActionId='null', mEventType=7}
02-19 11:21:33.755   752  1856 E TaskPersister: File error accessing recents directory (directory doesn't exist?).
02-19 11:21:33.773   752   989 I ImeTracker: viva.republica.toss.test:b4d57ff0: onRequestHide at ORIGIN_SERVER reason HIDE_SAME_WINDOW_FOCUSED_WITHOUT_EDITOR fromUser false
02-19 11:21:33.774 24035 24035 D InsetsController: hide(ime(), fromIme=false)
02-19 11:21:33.774 24035 24035 I ImeTracker: viva.republica.toss.test:b4d57ff0: onCancelled at PHASE_CLIENT_ALREADY_HIDDEN
02-19 11:21:33.788  1563  1563 I GoogleInputMethodService: GoogleInputMethodService.onFinishInput():2043 
02-19 11:21:33.788   752  1095 D BackgroundInstallControlService: Package event received: 0
02-19 11:21:33.789  1563  1563 I Module  : DeviceLockedStatusModuleProvider$Module.updateDeviceLockedStatus():100 repeatCheckTimes = 0, locked = false
02-19 11:21:33.790  1563  1563 I GoogleInputMethodService: GoogleInputMethodService.onStartInput():1293 onStartInput(EditorInfo{EditorInfo{packageName=viva.republica.toss.test, inputType=0, inputTypeString=NULL, enableLearning=false, autoCorrection=false, autoComplete=false, imeOptions=0, privateImeOptions=null, actionName=UNSPECIFIED, actionLabel=null, initialSelStart=-1, initialSelEnd=-1, initialCapsMode=0, label=null, fieldId=0, fieldName=null, extras=null, hintText=null, hintLocales=[]}}, false)
02-19 11:21:33.795  1563  1563 I Module  : DeviceLockedStatusModuleProvider$Module.updateDeviceLockedStatus():100 repeatCheckTimes = 1, locked = false
02-19 11:21:33.796  1563  1563 I EmojiCompatManager: EmojiCompatManager.getEmojiCompatIfLoaded():343 EmojiCompat.init() was never called.
02-19 11:21:33.796  1563  1563 I EmojiCompatManager: java.lang.IllegalStateException: EmojiCompat is not initialized. Please call EmojiCompat.init() first
02-19 11:21:33.796  1563  1563 I EmojiCompatManager: 	at asx.p(PG:6)
02-19 11:21:33.796  1563  1563 I EmojiCompatManager: 	at axb.b(PG:13)
02-19 11:21:33.796  1563  1563 I EmojiCompatManager: 	at jnr.b(PG:2)
02-19 11:21:33.796  1563  1563 I EmojiCompatManager: 	at jnr.c(PG:4)
02-19 11:21:33.796  1563  1563 I EmojiCompatManager: 	at jnr.f(PG:3)
02-19 11:21:33.796  1563  1563 I EmojiCompatManager: 	at jnx.c(PG:3)
02-19 11:21:33.796  1563  1563 I EmojiCompatManager: 	at kif.cz(PG:47)
02-19 11:21:33.796  1563  1563 I EmojiCompatManager: 	at lhl.run(PG:1025)
02-19 11:21:33.796  1563  1563 I EmojiCompatManager: 	at jaf.execute(PG:12)
02-19 11:21:33.796  1563  1563 I EmojiCompatManager: 	at nco.v(PG:13)
02-19 11:21:33.796  1563  1563 I EmojiCompatManager: 	at lhn.m(PG:96)
02-19 11:21:33.796  1563  1563 I EmojiCompatManager: 	at lhn.k(PG:25)
02-19 11:21:33.796  1563  1563 I EmojiCompatManager: 	at kgn.onStartInput(PG:250)
02-19 11:21:33.796  1563  1563 I EmojiCompatManager: 	at android.inputmethodservice.InputMethodService.doStartInput(InputMethodService.java:3521)
02-19 11:21:33.796  1563  1563 I EmojiCompatManager: 	at android.inputmethodservice.InputMethodService$InputMethodImpl.startInput(InputMethodService.java:879)
02-19 11:21:33.796  1563  1563 I EmojiCompatManager: 	at android.inputmethodservice.InputMethodService$InputMethodImpl.dispatchStartInput(InputMethodService.java:908)
02-19 11:21:33.796  1563  1563 I EmojiCompatManager: 	at android.inputmethodservice.IInputMethodWrapper.executeMessage(IInputMethodWrapper.java:201)
02-19 11:21:33.796  1563  1563 I EmojiCompatManager: 	at com.android.internal.os.HandlerCaller$MyHandler.handleMessage(HandlerCaller.java:44)
02-19 11:21:33.796  1563  1563 I EmojiCompatManager: 	at android.os.Handler.dispatchMessage(Handler.java:110)
02-19 11:21:33.796  1563  1563 I EmojiCompatManager: 	at android.os.Looper.loopOnce(Looper.java:248)
02-19 11:21:33.796  1563  1563 I EmojiCompatManager: 	at android.os.Looper.loop(Looper.java:338)
02-19 11:21:33.796  1563  1563 I EmojiCompatManager: 	at android.app.ActivityThread.main(ActivityThread.java:9067)
02-19 11:21:33.796  1563  1563 I EmojiCompatManager: 	at java.lang.reflect.Method.invoke(Native Method)
02-19 11:21:33.796  1563  1563 I EmojiCompatManager: 	at com.android.internal.os.RuntimeInit$MethodAndArgsCaller.run(RuntimeInit.java:593)
02-19 11:21:33.796  1563  1563 I EmojiCompatManager: 	at com.android.internal.os.ZygoteInit.main(ZygoteInit.java:932)
02-19 11:21:33.798   752  2375 W PackageConfigPersister: App-specific configuration not found for packageName: viva.republica.toss.test and userId: 0
02-19 11:21:33.814 25364 25364 W dumpsys : Thread Pool max thread count is 0. Cannot cache binder as linkToDeath cannot be implemented. serviceName: window
02-19 11:21:34.108  1341  1358 D OverviewCommandHelper: command added: CommandInfo(type=TOGGLE, status=IDLE, createTime=79167954, animationCallbacks=null, displayId=0, isLastOfBatch=true)
02-19 11:21:34.108  1341  1358 D OverviewCommandHelper: execute: CommandInfo(type=TOGGLE, status=IDLE, createTime=79167954, animationCallbacks=null, displayId=0, isLastOfBatch=true) - queue size: 1
02-19 11:21:34.109  1341  1341 D OverviewCommandHelper: executing command: CommandInfo(type=TOGGLE, status=PROCESSING, createTime=79167954, animationCallbacks=null, displayId=0, isLastOfBatch=true)
02-19 11:21:34.109  1341  1341 D OverviewCommandHelper: executeCommand: CommandInfo(type=TOGGLE, status=PROCESSING, createTime=79167954, animationCallbacks=null, displayId=0, isLastOfBatch=true) - visibleRecentsView: null
02-19 11:21:34.109  1341  1341 D OverviewCommandHelper: Querying TaskbarManager for TaskbarUIController for display: 0
02-19 11:21:34.109  1341  1341 D OverviewCommandHelper: TaskbarUIController for display 0 was found
02-19 11:21:34.114  4449  4449 I vol.VolumeDialogImpl: mDialog.dismiss() reason: volume_controller from: com.android.systemui.volume.VolumeDialogImpl$7.onDismissRequested:3
02-19 11:21:34.118  1341  1341 D ContextTracker: Registering callback: com.android.launcher3.LauncherInitListener@fc3cd1b, reason=OverviewCommandHelper: command.type=TOGGLE
02-19 11:21:34.119  1341  1341 D RecentsView: onGestureAnimationStart - groupedTaskInfo: Desk ID= -1, Desk Display ID=-1, Tasks=[id=46 winMode=fullscreen visReq=false vis=true excluded=false baseIntent=viva.republica.toss.test/im.toss.rn.granite.core.GraniteActivity], Type=FULLSCREEN, Minimized Task IDs=null
02-19 11:21:34.120  1341  1341 D RecentsView: showCurrentTask(onGestureAnimationStart) - groupedTaskInfo: Desk ID= -1, Desk Display ID=-1, Tasks=[id=46 winMode=fullscreen visReq=false vis=true excluded=false baseIntent=viva.republica.toss.test/im.toss.rn.granite.core.GraniteActivity], Type=FULLSCREEN, Minimized Task IDs=null
02-19 11:21:34.120  1341  1341 D OverviewActionsView: updateForGroupedTask() called with: isGroupedTask = [false], canSaveAppPair = [false]
02-19 11:21:34.120  1341  1341 D OverviewActionsView: updateActionButtonsVisibility() called: showSingleTaskActions = [true], showGroupActions = [false]
02-19 11:21:34.121  1341  1341 D RecentsView: reloadIfNeeded - getTasks: 264
02-19 11:21:34.122  1341  1341 D RecentsView: onGestureAnimationStart - groupedTaskInfo: Desk ID= -1, Desk Display ID=-1, Tasks=[id=46 winMode=fullscreen visReq=false vis=true excluded=false baseIntent=viva.republica.toss.test/im.toss.rn.granite.core.GraniteActivity], Type=FULLSCREEN, Minimized Task IDs=null
02-19 11:21:34.122  4449  4467 V ShellRecents: RecentsTransitionHandler.startRecentsTransition
02-19 11:21:34.122  1341  1341 D RecentsView: showCurrentTask(onGestureAnimationStart) - groupedTaskInfo: Desk ID= -1, Desk Display ID=-1, Tasks=[id=46 winMode=fullscreen visReq=false vis=true excluded=false baseIntent=viva.republica.toss.test/im.toss.rn.granite.core.GraniteActivity], Type=FULLSCREEN, Minimized Task IDs=null
02-19 11:21:34.122  1341  1341 D OverviewActionsView: updateForGroupedTask() called with: isGroupedTask = [false], canSaveAppPair = [false]
02-19 11:21:34.122  4449  4467 V WindowManagerShell: Directly starting a new transition type=TO_FRONT wct=WindowContainerTransaction { changes= {} hops= [{pendingIntent: options=Bundle[{android.activity.splashScreenStyle=-1, android.activity.sourceInfo=Supplier{VAL_PARCELABLE@148+104}, android.pendingIntent.backgroundActivityAllowed=3, android:activity.animAbortListener=null, android.activity.transientLaunch=true}]}] errorCallbackToken=null taskFragmentOrganizer=null } handler=com.android.wm.shell.recents.RecentsTransitionHandler@bc47314
02-19 11:21:34.122  1341  1341 D OverviewActionsView: updateActionButtonsVisibility() called: showSingleTaskActions = [true], showGroupActions = [false]
02-19 11:21:34.123  1341  1341 D RecentsView: reloadIfNeeded - task list still valid: 264
02-19 11:21:34.123  1341  1341 D OverviewCommandHelper: switching via recents animation - onGestureStarted: CommandInfo(type=TOGGLE, status=PROCESSING, createTime=79167954, animationCallbacks=com.android.quickstep.RecentsAnimationCallbacks@8e858f5, displayId=0, isLastOfBatch=true)
02-19 11:21:34.123  1341  1341 D OverviewCommandHelper: command executed: CommandInfo(type=TOGGLE, status=PROCESSING, createTime=79167954, animationCallbacks=com.android.quickstep.RecentsAnimationCallbacks@8e858f5, displayId=0, isLastOfBatch=true) with result: false
02-19 11:21:34.123  1341  1341 D OverviewCommandHelper: waiting for command callback: CommandInfo(type=TOGGLE, status=PROCESSING, createTime=79167954, animationCallbacks=com.android.quickstep.RecentsAnimationCallbacks@8e858f5, displayId=0, isLastOfBatch=true)
02-19 11:21:34.128  4449  4467 V ShellRecents: [149983705] RecentsController.setTransition: id=android.os.BinderProxy@d146420
02-19 11:21:34.134  4449  4449 I vol.VolumeDialogImpl: mDialog.dismiss() reason: volume_controller from: com.android.systemui.volume.VolumeDialogImpl$7.onDismissRequested:3
02-19 11:21:34.134  4449  4449 D vol.VolumeDialogImpl: dismissH: skipping dismiss because isAnimatingDismiss is true and showingStateInconsistent is false
02-19 11:21:34.134   752  1095 D BackgroundInstallControlService: Package event received: 0
02-19 11:21:34.135   752  1095 D BackgroundInstallControlService: Package event received: 0
02-19 11:21:36.538   531   569 W EventThread: Faking VSYNC due to driver stall for thread appSf
02-19 11:21:36.538   531   531 I BpBinder: onLastStrongRef automatically unlinking death recipients: 
02-19 11:21:36.538   531   568 W EventThread: Faking VSYNC due to driver stall for thread app
02-19 11:21:36.539  1341  1341 I Choreographer: Skipped 144 frames!  The application may be doing too much work on its main thread.
02-19 11:21:36.540 24035 24035 I Choreographer: Skipped 144 frames!  The application may be doing too much work on its main thread.
02-19 11:21:36.541  4449  4449 I Choreographer: Skipped 144 frames!  The application may be doing too much work on its main thread.
02-19 11:21:36.568  1341  1341 D RecentsView: applyLoadPlan - taskGroups: [type=SINGLE task=[id=12 windowingMode=0 user=0 lastActiveTime=89737] null, type=SINGLE task=[id=32 windowingMode=1 user=0 lastActiveTime=78994650] null, type=SINGLE task=[id=46 windowingMode=1 user=0 lastActiveTime=79164075] null]
02-19 11:21:36.578  1341  1341 D StateManager: goToState - fromState: Normal, toState: Background, partial trace:
02-19 11:21:36.578  1341  1341 D StateManager: 	at com.android.quickstep.BaseActivityInterface$DefaultAnimationFactory.initBackgroundStateUI(go/retraceme 72a59688580715d19f0e415c69e80376c2f062d1648c80db6730905005a27c20:39)
02-19 11:21:36.578  1341  1341 D StateManager: 	at com.android.quickstep.LauncherActivityInterface.prepareRecentsUI(go/retraceme 72a59688580715d19f0e415c69e80376c2f062d1648c80db6730905005a27c20:9)
02-19 11:21:36.578  1341  1341 D StateManager: 	at com.android.quickstep.AbsSwipeUpHandler.lambda$onLauncherStart$7(go/retraceme 72a59688580715d19f0e415c69e80376c2f062d1648c80db6730905005a27c20:11)
02-19 11:21:36.578  1341  1341 D StateManager: onStateTransitionStart - state: Background
02-19 11:21:36.581  1341  1341 D BaseDepthController: mSurface is null and mCurrentBlur is: 0
02-19 11:21:36.582  1341  1341 D KeyboardInsetsHandler: setState, toState:Background StateManager(mLastStableState:Normal, mCurrentStableState:Normal, mState:Background, mRestState:Normal, isInTransition:false)
02-19 11:21:36.583  1341  1341 D StateManager: onStateTransitionEnd - state: Background
02-19 11:21:36.586   752  1095 D BackgroundInstallControlService: Package event received: 0
02-19 11:21:36.588  1341  1341 D RecentsView: updateTaskStackListenerState: true
02-19 11:21:36.589  1341  1341 D RecentsView: reloadIfNeeded - getTasks: 265
02-19 11:21:36.590  1341  1341 D NexusLauncherModelDelegate: notifySmartspaceEvent: SmartspaceTargetEvent{mSmartspaceTarget=null, mSmartspaceActionId='null', mEventType=6}
02-19 11:21:36.593   531   602 I BpBinder: onLastStrongRef automatically unlinking death recipients: 
02-19 11:21:36.607 25372 25372 W dumpsys : Thread Pool max thread count is 0. Cannot cache binder as linkToDeath cannot be implemented. serviceName: window
02-19 11:21:36.610  1341  1341 D BaseDepthController: setSurface:
02-19 11:21:36.610  1341  1341 D BaseDepthController: 	mWaitingOnSurfaceValidity: false
02-19 11:21:36.610  1341  1341 D BaseDepthController: 	mBaseSurface: Surface(name=com.google.android.apps.nexuslauncher/com.google.android.apps.nexuslauncher.NexusLauncherActivity)/@0x94d8eb8
02-19 11:21:36.625  1341  1341 D ActivityAllAppsContainerView: rebindAdapters: force: false
02-19 11:21:36.625  1341  1341 D ActivityAllAppsContainerView: rebindAdapters: Not needed.
02-19 11:21:36.631  1341  1341 D RecentsView: applyLoadPlan - taskGroups: [type=SINGLE task=[id=12 windowingMode=0 user=0 lastActiveTime=89737] null, type=SINGLE task=[id=32 windowingMode=1 user=0 lastActiveTime=78994650] null, type=SINGLE task=[id=46 windowingMode=1 user=0 lastActiveTime=79164075] null]
02-19 11:21:36.635 25374 25374 W dumpsys : Thread Pool max thread count is 0. Cannot cache binder as linkToDeath cannot be implemented. serviceName: package
02-19 11:21:36.706   531   531 I BpBinder: onLastStrongRef automatically unlinking death recipients: 
02-19 11:21:36.710  1341  4585 I s.nexuslauncher: AssetManager2(0x7d8fac44d6b8) locale list changing from [] to [en-US]
02-19 11:21:36.721  1341  4585 W HWUI    : Image decoding logging dropped!
02-19 11:21:36.746  1341  4585 I s.nexuslauncher: AssetManager2(0x7d8fac42d958) locale list changing from [] to [en-US]
02-19 11:21:36.757  1341  4585 W HWUI    : Image decoding logging dropped!
02-19 11:21:36.816  4449  4582 V WindowManagerShell: onTransitionReady(transaction=3229815410350)
02-19 11:21:36.820  4449  4467 V WindowManagerShell: onTransitionReady (#131) android.os.BinderProxy@d146420: {id=131 t=TO_FRONT f=0x80 trk=0 r=[0@Point(0, 0)] c=[
02-19 11:21:36.820  4449  4467 V WindowManagerShell:         {m=TO_FRONT f=SHOW_WALLPAPER|MOVE_TO_TOP leash=Surface(name=Task=1)/@0x47b5faa sb=Rect(0, 0 - 1080, 2400) eb=Rect(0, 0 - 1080, 2400) epz=Point(1080, 2400) d=0 taskParent=-1},
02-19 11:21:36.820  4449  4467 V WindowManagerShell:         {m=TO_BACK f=NONE leash=Surface(name=Task=46)/@0x729b79b sb=Rect(0, 0 - 1080, 2400) eb=Rect(0, 0 - 1080, 2400) epz=Point(1080, 2400) d=0 taskParent=-1},
02-19 11:21:36.820  4449  4467 V WindowManagerShell:         {m=TO_FRONT f=IS_WALLPAPER leash=Surface(name=WallpaperWindowToken{35e0c0f showWhenLocked=false})/@0xf969738 sb=Rect(0, 0 - 1080, 2400) eb=Rect(0, 0 - 1080, 2400) epz=Point(1080, 2400) d=0}
02-19 11:21:36.820  4449  4467 V WindowManagerShell:     ]}
02-19 11:21:36.823  4449  4467 V WindowManagerShell: Playing animation for (#131) android.os.BinderProxy@d146420@0
02-19 11:21:36.823  4449  4467 V WindowManagerShell:  try firstHandler com.android.wm.shell.recents.RecentsTransitionHandler@bc47314
02-19 11:21:36.824  4449  4467 V ShellRecents: [149983705] RecentsController.start
02-19 11:21:36.825  4449  4467 V ShellRecents:   not handling home taskId=1
02-19 11:21:36.826  4449  4467 V ShellRecents:   adding pausing leaf taskId=46 at layer=8
02-19 11:21:36.828  4449  4467 V ShellRecents: Applying transaction=3229815410350
02-19 11:21:36.829  4449  4467 V ShellRecents: No matching remote found to takeover (#131)
02-19 11:21:36.830  4449  4467 V ShellSplitScreen: getSplitBoundsForTaskId: expected split bounds for taskId=46 but not found
02-19 11:21:36.830  4449  4467 V ShellRecents: [149983705] RecentsController.start: calling onAnimationStart with 2 apps
02-19 11:21:36.831  4449  4467 V WindowManagerShell:  animated by firstHandler
02-19 11:21:36.836  1341  1341 D OverviewCommandHelper: recents animation started: CommandInfo(type=TOGGLE, status=PROCESSING, createTime=79167954, animationCallbacks=com.android.quickstep.RecentsAnimationCallbacks@8e858f5, displayId=0, isLastOfBatch=true)
02-19 11:21:36.837  1341  1341 D StatsLog: LAUNCHER_OVERVIEW_SHOW_OVERVIEW_FROM_3_BUTTON
02-19 11:21:36.837  1341  1341 D OverviewCommandHelper: recents animation started - onInitBackgroundStateUI: CommandInfo(type=TOGGLE, status=PROCESSING, createTime=79167954, animationCallbacks=com.android.quickstep.RecentsAnimationCallbacks@8e858f5, displayId=0, isLastOfBatch=true)
02-19 11:21:36.838  1341  1341 D RemoteTargetGluer: appCount: 1 handleLength: 4
02-19 11:21:36.838  1341  1341 D RemoteTargetGluer: resizing handles
02-19 11:21:36.838  1341  1341 D RemoteTargetGluer: containsSplitTargets? false handleLength: 1 appsLength: 1
02-19 11:21:36.839  1341  1341 D RecentsView: setRecentsAnimationTargets - recentsAnimationController: com.android.quickstep.RecentsAnimationController@b790a62, recentsAnimationTargets: com.android.quickstep.RecentsAnimationTargets@d7f77f3
02-19 11:21:36.839  1341  1341 D RemoteTargetGluer: appCount: 1 handleLength: 1
02-19 11:21:36.840  1341  1341 D RemoteTargetGluer: containsSplitTargets? false handleLength: 1 appsLength: 1
02-19 11:21:36.845   752   794 V WindowManager: Sent Transition (#131) createdAt=02-19 11:21:34.123
02-19 11:21:36.845   752   794 V WindowManager:     startWCT=WindowContainerTransaction { changes= {} hops= [{pendingIntent: options=Bundle[{android.activity.splashScreenStyle=-1, android.activity.sourceInfo=android.app.ActivityOptions$SourceInfo@925f1c0, android.pendingIntent.backgroundActivityAllowed=3, android:activity.animAbortListener=null, android.activity.transientLaunch=true}]}] errorCallbackToken=null taskFragmentOrganizer=null }
02-19 11:21:36.846   752   794 V WindowManager:     info={id=131 t=TO_FRONT f=0x80 trk=0 r=[0@Point(0, 0)] c=[
02-19 11:21:36.846   752   794 V WindowManager:         {WCT{RemoteToken{5218fe8 Task{dd43522 #1 type=home}}} m=TO_FRONT f=SHOW_WALLPAPER|MOVE_TO_TOP leash=Surface(name=Task=1)/@0x8ddbd2e sb=Rect(0, 0 - 1080, 2400) eb=Rect(0, 0 - 1080, 2400) epz=Point(1080, 2400) d=0 taskParent=-1},
02-19 11:21:36.846   752   794 V WindowManager:         {WCT{RemoteToken{a585dcd Task{7745c88 #46 type=standard A=10217:viva.republica.toss.test}}} m=TO_BACK f=NONE leash=Surface(name=Task=46)/@0xe2d6cf7 sb=Rect(0, 0 - 1080, 2400) eb=Rect(0, 0 - 1080, 2400) epz=Point(1080, 2400) d=0 taskParent=-1},
02-19 11:21:36.846   752   794 V WindowManager:         {m=TO_FRONT f=IS_WALLPAPER leash=Surface(name=WallpaperWindowToken{35e0c0f showWhenLocked=false})/@0x512f5be sb=Rect(0, 0 - 1080, 2400) eb=Rect(0, 0 - 1080, 2400) epz=Point(1080, 2400) d=0}
02-19 11:21:36.846   752   794 V WindowManager:     ]}
02-19 11:21:36.845  1341  1341 D RecentsView: onPrepareGestureEndAnimation - endTarget: RECENTS
02-19 11:21:36.867 25003 25008 I artd    : GetBestInfo: odex next to the dex file (/data/app/~~O-UZzK0jUU9NLgS3MODOZA==/com.google.android.gms-YQ2L6GsYyKuvu9MvIBK1EQ==/oat/x86_64/base.odex) is kOatUpToDate with filter 'speed-profile' executable 'false'
02-19 11:21:36.870  4449  4467 V ShellRecents: [149983705] RecentsController.setInputConsumerEnabled: set focus to recents
02-19 11:21:36.873 25003 25010 I artd    : GetBestInfo: odex next to the dex file (/data/app/~~O-UZzK0jUU9NLgS3MODOZA==/com.google.android.gms-YQ2L6GsYyKuvu9MvIBK1EQ==/oat/x86_64/split_AdsDynamite_installtime.odex) is kOatUpToDate with filter 'speed' executable 'false'
02-19 11:21:36.877 25003 25010 I artd    : GetBestInfo: odex next to the dex file (/data/app/~~O-UZzK0jUU9NLgS3MODOZA==/com.google.android.gms-YQ2L6GsYyKuvu9MvIBK1EQ==/oat/x86_64/split_CronetDynamite_installtime.odex) is kOatUpToDate with filter 'speed' executable 'false'
02-19 11:21:36.883 25003 25008 I artd    : GetBestInfo: odex next to the dex file (/data/app/~~O-UZzK0jUU9NLgS3MODOZA==/com.google.android.gms-YQ2L6GsYyKuvu9MvIBK1EQ==/oat/x86_64/split_DynamiteLoader_installtime.odex) is kOatUpToDate with filter 'speed' executable 'false'
02-19 11:21:36.890 25003 25010 I artd    : GetBestInfo: odex next to the dex file (/data/app/~~O-UZzK0jUU9NLgS3MODOZA==/com.google.android.gms-YQ2L6GsYyKuvu9MvIBK1EQ==/oat/x86_64/split_DynamiteModulesA_installtime.odex) is kOatUpToDate with filter 'speed' executable 'false'
02-19 11:21:36.896 25003 25010 I artd    : GetBestInfo: odex next to the dex file (/data/app/~~O-UZzK0jUU9NLgS3MODOZA==/com.google.android.gms-YQ2L6GsYyKuvu9MvIBK1EQ==/oat/x86_64/split_DynamiteModulesC_installtime.odex) is kOatUpToDate with filter 'speed' executable 'false'
02-19 11:21:36.902 25003 25008 I artd    : GetBestInfo: odex next to the dex file (/data/app/~~O-UZzK0jUU9NLgS3MODOZA==/com.google.android.gms-YQ2L6GsYyKuvu9MvIBK1EQ==/oat/x86_64/split_GoogleCertificates_installtime.odex) is kOatUpToDate with filter 'speed' executable 'false'
02-19 11:21:36.908 25003 25010 I artd    : GetBestInfo: odex next to the dex file (/data/app/~~O-UZzK0jUU9NLgS3MODOZA==/com.google.android.gms-YQ2L6GsYyKuvu9MvIBK1EQ==/oat/x86_64/split_MapsDynamite_installtime.odex) is kOatUpToDate with filter 'speed' executable 'false'
02-19 11:21:36.912 25003 25010 I artd    : GetBestInfo: odex next to the dex file (/data/app/~~O-UZzK0jUU9NLgS3MODOZA==/com.google.android.gms-YQ2L6GsYyKuvu9MvIBK1EQ==/oat/x86_64/split_MeasurementDynamite_installtime.odex) is kOatUpToDate with filter 'speed' executable 'false'
02-19 11:21:36.914 25003 25008 I artd    : GetBestInfo: /data/app/~~O-UZzK0jUU9NLgS3MODOZA==/com.google.android.gms-YQ2L6GsYyKuvu9MvIBK1EQ==/split_maps_core_dynamite_ondemand.apk has no usable artifacts
02-19 11:21:36.917 25003 25010 I artd    : GetBestInfo: /data/user_de/0/com.google.android.gms/app_chimera/m/0000000c/dl-Appsearch.optional_250834100800.apk has no usable artifacts
02-19 11:21:36.918 25003 25008 I artd    : GetBestInfo: /data/user_de/0/com.google.android.gms/app_chimera/m/00000001/CronetDynamite.apk has no usable artifacts
02-19 11:21:36.918 25003 25010 I artd    : GetBestInfo: /data/user_de/0/com.google.android.gms/app_chimera/m/00000002/DynamiteLoader.apk has no usable artifacts
02-19 11:21:36.918 25003 25010 I artd    : GetBestInfo: /data/user_de/0/com.google.android.gms/app_chimera/m/00000005/GoogleCertificates.apk has no usable artifacts
02-19 11:21:36.920 25003 25008 I artd    : GetBestInfo: /data/user_de/0/com.google.android.gms/app_chimera/m/00000009/dl-TfliteDynamiteDynamite.integ_252130102100800.apk has no usable artifacts
02-19 11:21:36.923 25003 25010 I artd    : GetBestInfo: vdex next to the dex file (/data/user/0/com.google.android.gms/app_dg_cache/BF7C023AB90CCF01D1F467FC1CEBAF866511FF29/oat/x86_64/the.vdex) is kOatUpToDate with filter 'verify' executable 'false'
02-19 11:21:36.925 25003 25008 I artd    : GetBestInfo: /data/user_de/0/com.google.android.gms/app_chimera/m/00000010/dl-PlayCloudSearch.optional_250834100000.apk has no usable artifacts
02-19 11:21:36.927 25003 25008 I artd    : GetBestInfo: /data/user_de/0/com.google.android.gms/app_chimera/m/00000017/dl-PlayCloudSearch.optional_260438100000.apk has no usable artifacts
02-19 11:21:36.930 25003 25010 I artd    : GetBestInfo: /data/user_de/0/com.google.android.gms/app_chimera/m/00000015/dl-MlkitOcrCommon.optional_260438100800.apk has no usable artifacts
02-19 11:21:36.932 25003 25008 I artd    : GetBestInfo: /data/user_de/0/com.google.android.gms/app_chimera/m/00000013/dl-MlkitBarcodeUi.optional_260438100800.apk has no usable artifacts
02-19 11:21:36.936 25003 25008 I artd    : GetBestInfo: /data/user_de/0/com.google.android.gms/app_chimera/m/0000000f/dl-MlkitOcrCommon.optional_250834100800.apk has no usable artifacts
02-19 11:21:36.941 25003 25010 I artd    : GetBestInfo: /data/user_de/0/com.google.android.gms/app_chimera/m/0000000d/dl-VisionOcr.optional_250834100000.apk has no usable artifacts
02-19 11:21:36.949 25003 25010 I artd    : GetBestInfo: /data/user_de/0/com.google.android.gms/app_chimera/m/0000000a/dl-MlkitBarcodeUi.optional_250834100800.apk has no usable artifacts
02-19 11:21:36.953 25003 25010 I artd    : GetBestInfo: /data/user_de/0/com.google.android.gms/app_chimera/m/00000011/dl-VisionOcr.optional_260438100000.apk has no usable artifacts
02-19 11:21:36.956 25003 25008 I artd    : GetBestInfo: /data/user_de/0/com.google.android.gms/app_chimera/m/00000012/dl-Appsearch.optional_260438100800.apk has no usable artifacts
02-19 11:21:36.960 25003 25008 I artd    : GetBestInfo: vdex next to the dex file (/data/user/0/com.google.android.gms/app_dg_cache/94DF452EEF4B8E717545DCDEA6CC3C50A319A195/oat/x86_64/the.vdex) is kOatUpToDate with filter 'verify' executable 'false'
02-19 11:21:36.962 25003 25010 I artd    : GetBestInfo: /data/user_de/0/com.google.android.gms/app_chimera/m/00000007/MeasurementDynamite.apk has no usable artifacts
02-19 11:21:36.963 25003 25008 I artd    : GetBestInfo: /data/user_de/0/com.google.android.gms/app_chimera/m/00000018/dl-AdsFdrDynamite.integ_254380203100000.apk has no usable artifacts
02-19 11:21:37.110   752   775 I system_server: Background concurrent mark compact GC freed 27MB AllocSpace bytes, 42(852KB) LOS objects, 43% free, 31MB/55MB, paused 2.234ms,3.777ms total 451.186ms
02-19 11:21:37.328 25381 25381 W screencap: Thread Pool max thread count is 0. Cannot cache binder as linkToDeath cannot be implemented. serviceName: SurfaceFlingerAIDL
02-19 11:21:37.328 25381 25381 W BpBinder: Linking to death on android.gui.ISurfaceComposer but there are no threads (yet?) listening to incoming transactions. See ProcessState::startThreadPool and ProcessState::setThreadPoolMaxThreadCount. Generally you should setup the binder threadpool before other initialization steps.
02-19 11:21:37.328 25381 25381 W ProcessState: Extra binder thread started, but 0 threads requested. Do not use *startThreadPool when zero threads are requested.
02-19 11:21:37.368   531   602 E HwcComposer: getLuts failed Status(-8, EX_SERVICE_SPECIFIC): '8: '
02-19 11:21:37.369   531   602 E HWComposer: getLuts: getLuts failed for display 4619827259835644672: UNSUPPORTED (8)
02-19 11:21:37.547   488  1424 I RanchuHwc: logCompositionFallbackIfChanged: layer 209 CompositionType fallback from 2 to 1
02-19 11:21:37.548   488  1424 I RanchuHwc: logCompositionFallbackIfChanged: layer 210 CompositionType fallback from 2 to 1
02-19 11:21:37.577  1341  1341 D StateManager: goToState - fromState: Background, toState: Overview, partial trace:
02-19 11:21:37.577  1341  1341 D StateManager: 	at com.android.quickstep.BaseActivityInterface$DefaultAnimationFactory.lambda$createContainerInterface$0(go/retraceme 72a59688580715d19f0e415c69e80376c2f062d1648c80db6730905005a27c20:28)
02-19 11:21:37.577  1341  1341 D StateManager: 	at com.android.quickstep.BaseActivityInterface$DefaultAnimationFactory.a(go/retraceme 72a59688580715d19f0e415c69e80376c2f062d1648c80db6730905005a27c20:1)
02-19 11:21:37.577  1341  1341 D StateManager: 	at com.android.quickstep.y.run(go/retraceme 72a59688580715d19f0e415c69e80376c2f062d1648c80db6730905005a27c20:5)
02-19 11:21:37.578  1341  1341 D StatsLog: LAUNCHER_ONRESUME
02-19 11:21:37.578  1341  1341 D StateManager: onStateTransitionStart - state: Overview
02-19 11:21:37.578  4449  4467 D WindowManagerShell: setLauncherKeepClearAreaHeight: visible=true, height=527
02-19 11:21:37.581   752  1095 D BackgroundInstallControlService: Package event received: 0
02-19 11:21:37.581  1341  1341 D KeyboardInsetsHandler: setState, toState:Overview StateManager(mLastStableState:Normal, mCurrentStableState:Background, mState:Overview, mRestState:Normal, isInTransition:false)
02-19 11:21:37.582  1341  1341 D StateManager: onStateTransitionEnd - state: Overview
02-19 11:21:37.585  1341  1341 I AiAiSuggestUi: Clearing suggestions.
02-19 11:21:37.587  1341  1341 I AiAiSuggestUi: Requesting to show indicators
02-19 11:21:37.587  1341  1341 I AiAiSuggestUi: Fetching contents, isPrimaryTask = true
02-19 11:21:37.588  1341  1407 D QuickstepModelDelegate: notifyAppTargetEvent action=1 launchLocation=
02-19 11:21:37.591  1341  1341 D StatsLog: LAUNCHER_OVERVIEW_GESTURE
02-19 11:21:37.591  1341  1341 D OverviewCommandHelper: switching via recents animation - onTransitionComplete: CommandInfo(type=TOGGLE, status=PROCESSING, createTime=79167954, animationCallbacks=com.android.quickstep.RecentsAnimationCallbacks@8e858f5, displayId=0, isLastOfBatch=true)
02-19 11:21:37.592  1341  1341 D OverviewCommandHelper: command executed: CommandInfo(type=TOGGLE, status=PROCESSING, createTime=79167954, animationCallbacks=com.android.quickstep.RecentsAnimationCallbacks@8e858f5, displayId=0, isLastOfBatch=true) with result: true
02-19 11:21:37.592  1341  1341 D OverviewCommandHelper: command executed successfully! CommandInfo(type=TOGGLE, status=COMPLETED, createTime=79167954, animationCallbacks=com.android.quickstep.RecentsAnimationCallbacks@8e858f5, displayId=0, isLastOfBatch=true)
02-19 11:21:37.592  1341  1341 D OverviewCommandHelper: no pending commands to be executed.
02-19 11:21:37.593  1341  1341 D ContextTracker: Unregistering callback: com.android.launcher3.LauncherInitListener@fc3cd1b, reason=AbsSwipeUpHandler.invalidateHandler
02-19 11:21:37.594  1341  1341 D OverviewActionsView: updateForGroupedTask() called with: isGroupedTask = [false], canSaveAppPair = [false]
02-19 11:21:37.594  1341  1341 D OverviewActionsView: updateActionButtonsVisibility() called: showSingleTaskActions = [true], showGroupActions = [false]
02-19 11:21:37.594  1341  1341 D OverviewActionsView: updateForGroupedTask() called with: isGroupedTask = [false], canSaveAppPair = [false]
02-19 11:21:37.594  1341  1341 D OverviewActionsView: updateActionButtonsVisibility() called: showSingleTaskActions = [true], showGroupActions = [false]
02-19 11:21:37.594  1341  1341 D RecentsView: onGestureAnimationEnd - mEnableDrawingLiveTile: true
02-19 11:21:37.601  1971  2198 I AiAiEcho: Predicting[0]:  [CONTEXT sampling_count=5 ]
02-19 11:21:37.601  1971  2198 I AiAiEcho: EchoTargets: 
02-19 11:21:37.601  1971  2198 I AiAiEcho: Filtered by AiAi flag check: 
02-19 11:21:37.601  1971  2198 I AiAiEcho: [CONTEXT ratelimit_period="10 SECONDS" ]
02-19 11:21:37.602  1971  2198 I AiAiEcho: #remoteViewsTwiddler: feature disabled.
02-19 11:21:37.610  4449  4582 V ShellRecents: [149983705] RecentsController.detachNavigationBarFromApp
02-19 11:21:37.656  1971  2198 I AiAiEcho: #postPredictionTargets: Sending updates to UISurface home with targets# 0 (types=[])
02-19 11:21:37.725  1341  1341 I NotificationListener: Handling notification state refresh for com.google.android.adservices.api#0
