--------- beginning of main
02-19 19:08:01.766  7804  7804 I SsBaseTemplateCard: Secondary card pane is null
--------- beginning of system
02-19 19:08:01.851  4449  4467 V WindowManagerShell: Transition animation finished (aborted=false), notifying core (#736) android.os.BinderProxy@b7074c2@0
02-19 19:08:01.863  4449  4467 V WindowManagerShell: Playing animation for (#737) android.os.BinderProxy@4d1e746@0
02-19 19:08:01.863  4449  4467 V ShellRecents: RecentsTransitionHandler.startAnimation: no controller found
02-19 19:08:01.864  4449  4467 V WindowManagerShell: Transition doesn't have explicit remote, search filters for match for {id=737 t=OPEN f=0x0 trk=0 r=[0@Point(0, 0)] c=[{m=TO_FRONT f=MOVE_TO_TOP leash=Surface(name=Task=78)/@0x610991e sb=Rect(0, 0 - 1080, 2400) eb=Rect(0, 0 - 1080, 2400) epz=Point(1080, 2400) d=0 taskParent=-1},{m=TO_BACK f=SHOW_WALLPAPER leash=Surface(name=Task=1)/@0xeec85ff sb=Rect(0, 0 - 1080, 2400) eb=Rect(0, 0 - 1080, 2400) epz=Point(1080, 2400) d=0 taskParent=-1},{m=TO_BACK f=IS_WALLPAPER leash=Surface(name=WallpaperWindowToken{35e0c0f showWhenLocked=false})/@0xdc2efcc sb=Rect(0, 0 - 1080, 2400) eb=Rect(0, 0 - 1080, 2400) epz=Point(1080, 2400) d=0}]}
02-19 19:08:01.864  4449  4467 V WindowManagerShell:  Checking filter Pair{{types=[] flags=0x0] notFlags=0x0 checks=[{atype=undefined independent=true modes=[CLOSE,TO_BACK] flags=IN_TASK_WITH_EMBEDDED_ACTIVITY mustBeTask=false order=ANY topActivity=null launchCookie=null taskFragmentToken=android.os.BinderProxy@dcfd27d windowingMode=undefined}]} RemoteTransition { remoteTransition = android.window.IRemoteTransition$Stub$Proxy@d4ce572, appThread = android.app.IApplicationThread$Stub$Proxy@fd29dc3, debugName = overlayBackTransition }}
02-19 19:08:01.864  4449  4467 V WindowManagerShell:  Checking filter Pair{{types=[] flags=0x0] notFlags=0x0 checks=[{atype=dream independent=true modes=[OPEN,TO_FRONT] flags=NONE mustBeTask=false order=ANY topActivity=null launchCookie=null windowingMode=undefined},{atype=home independent=true modes=[CLOSE,TO_BACK] flags=NONE mustBeTask=false order=ANY topActivity=null launchCookie=null windowingMode=undefined}]} RemoteTransition { remoteTransition = android.window.IRemoteTransition$Stub$Proxy@90c640, appThread = android.app.IApplicationThread$Stub$Proxy@f8c1979, debugName = LauncherToDream }}
02-19 19:08:01.864  4449  4467 V WindowManagerShell:  Checking filter Pair{{types=[] flags=0x0] notFlags=0x100 checks=[{atype=home independent=true modes=[OPEN,TO_FRONT] flags=NONE mustBeTask=false order=TOP topActivity=ComponentInfo{com.google.android.apps.nexuslauncher/com.google.android.apps.nexuslauncher.NexusLauncherActivity} launchCookie=null windowingMode=undefined},{atype=standard independent=true modes=[CLOSE,TO_BACK] flags=NONE mustBeTask=false order=ANY topActivity=null launchCookie=null windowingMode=undefined},{NOT atype=undefined independent=true modes=[] flags=NONE mustBeTask=true order=ANY topActivity=null launchCookie=null customAnim=true windowingMode=undefined}]} RemoteTransition { remoteTransition = android.window.IRemoteTransition$Stub$Proxy@affe6be, appThread = android.app.IApplicationThread$Stub$Proxy@c37531f, debugName = QuickstepLaunchHome }}
02-19 19:08:01.864  4449  4467 V WindowManagerShell:  Checking filter Pair{{types=[] flags=0x0] notFlags=0x0 checks=[{atype=undefined independent=true modes=[CLOSE,TO_BACK] flags=IN_TASK_WITH_EMBEDDED_ACTIVITY mustBeTask=false order=ANY topActivity=null launchCookie=null taskFragmentToken=android.os.BinderProxy@dcfd27d windowingMode=undefined}]} RemoteTransition { remoteTransition = android.window.IRemoteTransition$Stub$Proxy@3517b6e, appThread = android.app.IApplicationThread$Stub$Proxy@261420f, debugName = overlayBackTransition }}
02-19 19:08:01.865  4449  4467 V WindowManagerShell:  Checking filter Pair{{types=[] flags=0x0] notFlags=0x0 checks=[{atype=dream independent=true modes=[OPEN,TO_FRONT] flags=NONE mustBeTask=false order=ANY topActivity=null launchCookie=null windowingMode=undefined},{atype=home independent=true modes=[CLOSE,TO_BACK] flags=NONE mustBeTask=false order=ANY topActivity=null launchCookie=null windowingMode=undefined}]} RemoteTransition { remoteTransition = android.window.IRemoteTransition$Stub$Proxy@c23e29c, appThread = android.app.IApplicationThread$Stub$Proxy@afb34a5, debugName = LauncherToDream }}
02-19 19:08:01.865  4449  4467 V WindowManagerShell:  Checking filter Pair{{types=[] flags=0x0] notFlags=0x100 checks=[{atype=home independent=true modes=[OPEN,TO_FRONT] flags=NONE mustBeTask=false order=TOP topActivity=ComponentInfo{com.google.android.apps.nexuslauncher/com.google.android.apps.nexuslauncher.NexusLauncherActivity} launchCookie=null windowingMode=undefined},{atype=standard independent=true modes=[CLOSE,TO_BACK] flags=NONE mustBeTask=false order=ANY topActivity=null launchCookie=null windowingMode=undefined},{NOT atype=undefined independent=true modes=[] flags=NONE mustBeTask=true order=ANY topActivity=null launchCookie=null customAnim=true windowingMode=undefined}]} RemoteTransition { remoteTransition = android.window.IRemoteTransition$Stub$Proxy@39de07a, appThread = android.app.IApplicationThread$Stub$Proxy@cf9f02b, debugName = QuickstepLaunchHome }}
02-19 19:08:01.865  4449  4467 V WindowManagerShell:  Delegate animation for (#737) to null
02-19 19:08:01.865  4449  4467 V WindowManagerShell: start default transition animation, info = {id=737 t=OPEN f=0x0 trk=0 r=[0@Point(0, 0)] c=[{m=TO_FRONT f=MOVE_TO_TOP leash=Surface(name=Task=78)/@0x610991e sb=Rect(0, 0 - 1080, 2400) eb=Rect(0, 0 - 1080, 2400) epz=Point(1080, 2400) d=0 taskParent=-1},{m=TO_BACK f=SHOW_WALLPAPER leash=Surface(name=Task=1)/@0xeec85ff sb=Rect(0, 0 - 1080, 2400) eb=Rect(0, 0 - 1080, 2400) epz=Point(1080, 2400) d=0 taskParent=-1},{m=TO_BACK f=IS_WALLPAPER leash=Surface(name=WallpaperWindowToken{35e0c0f showWhenLocked=false})/@0xdc2efcc sb=Rect(0, 0 - 1080, 2400) eb=Rect(0, 0 - 1080, 2400) epz=Point(1080, 2400) d=0}]}
02-19 19:08:01.911   752   794 V WindowManager: Finish Transition (#736): created at 02-19 19:07:58.974 collect-started=8.769ms request-sent=74.714ms started=113.661ms ready=1572.939ms sent=1586.839ms commit=170.283ms finished=2880.281ms
02-19 19:08:01.929  4449  4467 V WindowManagerShell: loadAnimation: anim=android.view.animation.AnimationSet@8d831b animAttr=0x13 type=OPEN isEntrance=false
02-19 19:08:01.931  4449  4467 V WindowManagerShell: loadAnimation: anim=android.view.animation.AnimationSet@c153cb8 animAttr=0x12 type=OPEN isEntrance=true
02-19 19:08:01.942  4449  4467 V WindowManagerShell:  animated by com.android.wm.shell.transition.DefaultTransitionHandler@f74d823
02-19 19:08:02.246  4449  4467 V WindowManagerShell: Transition animation finished (aborted=false), notifying core (#737) android.os.BinderProxy@4d1e746@0
02-19 19:08:02.249   752   794 V WindowManager: Finish Transition (#737): created at 02-19 19:08:00.922 collect-started=0.155ms request-sent=10.947ms started=16.518ms ready=727.199ms sent=730.515ms commit=302.787ms finished=1325.989ms
02-19 19:08:02.264  4449  4467 V WindowManagerShell: Track 0 became idle
02-19 19:08:02.264  4449  4467 V WindowManagerShell: All active transition animations finished
02-19 19:08:02.320  7804  7804 D VRI[NexusLauncherActivity]: visibilityChanged oldVisibility=true newVisibility=false
02-19 19:08:02.330  7804  7804 D BaseDepthController: setSurface:
02-19 19:08:02.330  7804  7804 D BaseDepthController: 	mWaitingOnSurfaceValidity: false
02-19 19:08:02.330  7804  7804 D BaseDepthController: 	mBaseSurface: null
02-19 19:08:02.331  7804  7804 D BaseDepthController: mSurface is null and mCurrentBlur is: 0
02-19 19:08:02.363  7804  7804 D StateManager: goToState - fromState: Normal, toState: Normal, partial trace:
02-19 19:08:02.363  7804  7804 D StateManager: 	at com.android.launcher3.statemanager.StateManager.moveToRestState(go/retraceme 72a59688580715d19f0e415c69e80376c2f062d1648c80db6730905005a27c20:4)
02-19 19:08:02.363  7804  7804 D StateManager: 	at com.android.launcher3.statemanager.StateManager.moveToRestState(go/retraceme 72a59688580715d19f0e415c69e80376c2f062d1648c80db6730905005a27c20:1)
02-19 19:08:02.363  7804  7804 D StateManager: 	at com.android.launcher3.statemanager.StatefulActivity.onStop(go/retraceme 72a59688580715d19f0e415c69e80376c2f062d1648c80db6730905005a27c20:34)
02-19 19:08:02.364  7804  7804 D StateManager: cancelAnimation - with ongoing animation, partial trace:
02-19 19:08:02.364  7804  7804 D StateManager: 	at com.android.launcher3.statemanager.StateManager.goToState(go/retraceme 72a59688580715d19f0e415c69e80376c2f062d1648c80db6730905005a27c20:18)
02-19 19:08:02.364  7804  7804 D StateManager: 	at com.android.launcher3.statemanager.StateManager.goToState(go/retraceme 72a59688580715d19f0e415c69e80376c2f062d1648c80db6730905005a27c20:3)
02-19 19:08:02.364  7804  7804 D StateManager: 	at com.android.launcher3.statemanager.StateManager.moveToRestState(go/retraceme 72a59688580715d19f0e415c69e80376c2f062d1648c80db6730905005a27c20:4)
02-19 19:08:02.364  7804  7804 D ScalingWorkspaceRevealAnim: onAnimationCancel
02-19 19:08:02.366  7804  7804 D ScalingWorkspaceRevealAnim: alpha of workspace at the end of animation: 1.0
02-19 19:08:02.366  7804  7804 D StateManager: onStateTransitionStart - state: Normal
02-19 19:08:02.374  7804  7804 D KeyboardInsetsHandler: setState, toState:Normal StateManager(mLastStableState:Normal, mCurrentStableState:Normal, mState:Normal, mRestState:null, isInTransition:false)
02-19 19:08:02.376  7804  7804 D StateManager: onStateTransitionEnd - state: Normal
02-19 19:08:02.377  7804  7804 D RecentsView: reset - mEnableDrawingLiveTile: false, mRecentsAnimationController: null
02-19 19:08:02.377   752  1095 D BackgroundInstallControlService: Package event received: 0
02-19 19:08:02.381  7804  7804 D ActivityAllAppsContainerView: rebindAdapters: force: false
02-19 19:08:02.381  7804  7804 D ActivityAllAppsContainerView: rebindAdapters: Not needed.
02-19 19:08:02.614  7804  7804 D StatsLog: LAUNCHER_ONSTOP
02-19 19:08:02.617  7804  7804 D StatsLog: LAUNCHER_GOOGLE_SEARCH_RESTORE_LIST_SIZE_AFTER_ACTIVITY_RESTART
02-19 19:08:02.619 16566 17977 W unknown:ReconnectingWebSocket: Couldn't connect to "ws://10.0.2.2:8081/message?device=sdk_gphone64_x86_64%20-%2016%20-%20API%2036&app=viva.republica.toss.test&clientid=BridgeDevSupportManager", will silently retry
02-19 19:08:02.622  7804  7804 D NexusLauncherModelDelegate: notifySmartspaceEvent: SmartspaceTargetEvent{mSmartspaceTarget=null, mSmartspaceActionId='null', mEventType=7}
02-19 19:08:02.625  7804  7804 D NexusLauncherModelDelegate: notifySmartspaceEvent: SmartspaceTargetEvent{mSmartspaceTarget=null, mSmartspaceActionId='null', mEventType=7}
02-19 19:08:02.629   752   989 I ImeTracker: viva.republica.toss.test:446ff510: onRequestHide at ORIGIN_SERVER reason HIDE_SAME_WINDOW_FOCUSED_WITHOUT_EDITOR fromUser false
02-19 19:08:02.653  7804  7804 D OverviewActionsView: updateForGroupedTask() called with: isGroupedTask = [false], canSaveAppPair = [false]
02-19 19:08:02.653  7804  7804 D OverviewActionsView: updateActionButtonsVisibility() called: showSingleTaskActions = [true], showGroupActions = [false]
02-19 19:08:02.665   752  1095 D BackgroundInstallControlService: Package event received: 0
02-19 19:08:02.710  1563  1563 I GoogleInputMethodService: GoogleInputMethodService.onFinishInput():2043 
02-19 19:08:02.725 16566 16566 D InsetsController: hide(ime(), fromIme=false)
02-19 19:08:02.727 16566 16566 I ImeTracker: viva.republica.toss.test:446ff510: onCancelled at PHASE_CLIENT_ALREADY_HIDDEN
02-19 19:08:02.815  1563  1563 I Module  : DeviceLockedStatusModuleProvider$Module.updateDeviceLockedStatus():100 repeatCheckTimes = 0, locked = false
02-19 19:08:02.831  1563  1563 W NotificationCenter: NotificationCenter$NotificationQueue.notifyPendingNotificationsOnExecutor():877 Heavy notify work detected on UI thread: [kig->khg, kig->khc, kig->ilu, kig->ilu, kig->ilu, kig->ilu, kig->ilu, kig->ilu, kig->gkl, kig->ilu, kig->ilu, kig->fef, kig->fro, kig->lux, kig->ilu, kig->imt, kig->ilu, kig->ilu, kig->ijm, kig->ilu, kig->ilu, kig->fcb, kig->jnx] takes 34ms
02-19 19:08:02.878  1563  1563 I GoogleInputMethodService: GoogleInputMethodService.onStartInput():1293 onStartInput(EditorInfo{EditorInfo{packageName=viva.republica.toss.test, inputType=0, inputTypeString=NULL, enableLearning=false, autoCorrection=false, autoComplete=false, imeOptions=0, privateImeOptions=null, actionName=UNSPECIFIED, actionLabel=null, initialSelStart=-1, initialSelEnd=-1, initialCapsMode=0, label=null, fieldId=0, fieldName=null, extras=null, hintText=null, hintLocales=[]}}, false)
02-19 19:08:02.905  1563  1563 I Module  : DeviceLockedStatusModuleProvider$Module.updateDeviceLockedStatus():100 repeatCheckTimes = 1, locked = false
02-19 19:08:03.031  1563  1563 I EmojiCompatManager: EmojiCompatManager.getEmojiCompatIfLoaded():343 EmojiCompat.init() was never called.
02-19 19:08:03.031  1563  1563 I EmojiCompatManager: java.lang.IllegalStateException: EmojiCompat is not initialized. Please call EmojiCompat.init() first
02-19 19:08:03.031  1563  1563 I EmojiCompatManager: 	at asx.p(PG:6)
02-19 19:08:03.031  1563  1563 I EmojiCompatManager: 	at axb.b(PG:13)
02-19 19:08:03.031  1563  1563 I EmojiCompatManager: 	at jnr.b(PG:2)
02-19 19:08:03.031  1563  1563 I EmojiCompatManager: 	at jnr.c(PG:4)
02-19 19:08:03.031  1563  1563 I EmojiCompatManager: 	at jnr.f(PG:3)
02-19 19:08:03.031  1563  1563 I EmojiCompatManager: 	at jnx.c(PG:3)
02-19 19:08:03.031  1563  1563 I EmojiCompatManager: 	at kif.cz(PG:47)
02-19 19:08:03.031  1563  1563 I EmojiCompatManager: 	at lhl.run(PG:1025)
02-19 19:08:03.031  1563  1563 I EmojiCompatManager: 	at jaf.execute(PG:12)
02-19 19:08:03.031  1563  1563 I EmojiCompatManager: 	at nco.v(PG:13)
02-19 19:08:03.031  1563  1563 I EmojiCompatManager: 	at lhn.m(PG:96)
02-19 19:08:03.031  1563  1563 I EmojiCompatManager: 	at lhn.k(PG:25)
02-19 19:08:03.031  1563  1563 I EmojiCompatManager: 	at kgn.onStartInput(PG:250)
02-19 19:08:03.031  1563  1563 I EmojiCompatManager: 	at android.inputmethodservice.InputMethodService.doStartInput(InputMethodService.java:3521)
02-19 19:08:03.031  1563  1563 I EmojiCompatManager: 	at android.inputmethodservice.InputMethodService$InputMethodImpl.startInput(InputMethodService.java:879)
02-19 19:08:03.031  1563  1563 I EmojiCompatManager: 	at android.inputmethodservice.InputMethodService$InputMethodImpl.dispatchStartInput(InputMethodService.java:908)
02-19 19:08:03.031  1563  1563 I EmojiCompatManager: 	at android.inputmethodservice.IInputMethodWrapper.executeMessage(IInputMethodWrapper.java:201)
02-19 19:08:03.031  1563  1563 I EmojiCompatManager: 	at com.android.internal.os.HandlerCaller$MyHandler.handleMessage(HandlerCaller.java:44)
02-19 19:08:03.031  1563  1563 I EmojiCompatManager: 	at android.os.Handler.dispatchMessage(Handler.java:110)
02-19 19:08:03.031  1563  1563 I EmojiCompatManager: 	at android.os.Looper.loopOnce(Looper.java:248)
02-19 19:08:03.031  1563  1563 I EmojiCompatManager: 	at android.os.Looper.loop(Looper.java:338)
02-19 19:08:03.031  1563  1563 I EmojiCompatManager: 	at android.app.ActivityThread.main(ActivityThread.java:9067)
02-19 19:08:03.031  1563  1563 I EmojiCompatManager: 	at java.lang.reflect.Method.invoke(Native Method)
02-19 19:08:03.031  1563  1563 I EmojiCompatManager: 	at com.android.internal.os.RuntimeInit$MethodAndArgsCaller.run(RuntimeInit.java:593)
02-19 19:08:03.031  1563  1563 I EmojiCompatManager: 	at com.android.internal.os.ZygoteInit.main(ZygoteInit.java:932)
02-19 19:08:03.031  1563  1563 W NotificationCenter: NotificationCenter$NotificationQueue.notifyPendingNotificationsOnExecutor():877 Heavy notify work detected on UI thread: [kig->khg, kig->khc, kig->ilu, kig->ilu, kig->ilu, kig->ilu, kig->ilu, kig->ilu, kig->gkl, kig->ilu, kig->ilu, kig->fef, kig->fro, kig->lux, kig->ilu, kig->imt, kig->ilu, kig->ilu, kig->ijm, kig->ilu, kig->ilu, kig->fcb, kig->jnx] takes 126ms
02-19 19:08:03.074   752  1456 W PackageConfigPersister: App-specific configuration not found for packageName: viva.republica.toss.test and userId: 0
02-19 19:08:03.075  1563  1563 W NotificationCenter: NotificationCenter$NotificationQueue.notifyPendingNotificationsOnExecutor():877 Heavy notify work detected on UI thread: [kig->jjs] takes 43ms
02-19 19:08:03.885 16566 16566 I Choreographer: Skipped 38 frames!  The application may be doing too much work on its main thread.
02-19 19:08:03.888 16566 16932 I HWUI    : Davey! duration=1146ms; Flags=0, FrameTimelineVsyncId=1929647, IntendedVsync=107155937987286, Vsync=107156421320600, InputEventId=0, HandleInputStart=107156428310194, AnimationStart=107156428311570, PerformTraversalsStart=107156458423571, DrawStart=107156558959948, FrameDeadline=107155954653952, FrameStartTime=107156428060274, FrameInterval=16666666, WorkloadTarget=16666666, SyncQueued=107156559129863, SyncStart=107156559357102, IssueDrawCommandsStart=107156559590365, SwapBuffers=107157071158872, FrameCompleted=107157084533722, DequeueBufferDuration=11801, QueueBufferDuration=1996628, GpuCompleted=107157084293154, SwapBuffersCompleted=107157084533722, DisplayPresentTime=0, CommandSubmissionCompleted=107157071158872, 
02-19 19:08:04.228   752  1856 E TaskPersister: File error accessing recents directory (directory doesn't exist?).
02-19 19:08:04.296 17978 17978 W dumpsys : Thread Pool max thread count is 0. Cannot cache binder as linkToDeath cannot be implemented. serviceName: window
02-19 19:08:04.956   752  1456 I system_server: AssetManager2(0x7d8fac454418) locale list changing from [] to [en-US]
02-19 19:08:05.002   752  1456 I system_server: AssetManager2(0x7d8fac4dd5d8) locale list changing from [] to [en-US]
02-19 19:08:05.502   752  1456 I system_server: AssetManager2(0x7d8fac4d3678) locale list changing from [] to [en-US]
02-19 19:08:05.797   752  1456 I system_server: AssetManager2(0x7d8fac445058) locale list changing from [] to [en-US]
02-19 19:08:05.845   752  1456 I system_server: AssetManager2(0x7d8fac4cbfb8) locale list changing from [] to [en-US]
02-19 19:08:06.084   752  1456 I system_server: AssetManager2(0x7d8fac4ed618) locale list changing from [] to [en-US]
02-19 19:08:07.665   752   795 W ActivityTaskManager: callingPackage for (uid=-1, pid=0) has no WPC
02-19 19:08:07.691   752   795 W ActivityStartInterceptor: Starting home with component specified, uid=0
02-19 19:08:07.904  4449  4449 I vol.VolumeDialogImpl: mDialog.dismiss() reason: volume_controller from: com.android.systemui.volume.VolumeDialogImpl$7.onDismissRequested:3
02-19 19:08:08.390   752   795 W OptProp : Cannot read opt property android.window.PROPERTY_COMPAT_ALLOW_USER_ASPECT_RATIO_OVERRIDE
02-19 19:08:08.390   752   795 W OptProp : Cannot read opt property android.window.PROPERTY_COMPAT_ALLOW_USER_ASPECT_RATIO_FULLSCREEN_OVERRIDE
02-19 19:08:08.394   752   795 W OptProp : Cannot read opt property android.window.PROPERTY_COMPAT_ALLOW_RESIZEABLE_ACTIVITY_OVERRIDES
02-19 19:08:08.399   752   795 W OptProp : Cannot read opt property android.window.PROPERTY_COMPAT_ALLOW_MIN_ASPECT_RATIO_OVERRIDE
02-19 19:08:08.404   752   795 V GrammaticalInflectionUtils: AttributionSource: android.content.AttributionSource@1abea79a does not have READ_SYSTEM_GRAMMATICAL_GENDER permission.
02-19 19:08:08.582  4449  4467 V WindowManagerShell: Transition requested (#738): android.os.BinderProxy@e96ead0 TransitionRequestInfo { type = OPEN, triggerTask = TaskInfo{userId=0 taskId=5 effectiveUid=10182 displayId=0 isRunning=true baseIntent=Intent { act=android.intent.action.MAIN cat=[android.intent.category.HOME] flg=0x10000100 cmp=com.google.android.apps.nexuslauncher/.NexusLauncherActivity } baseActivity=ComponentInfo{com.google.android.apps.nexuslauncher/com.google.android.apps.nexuslauncher.NexusLauncherActivity} topActivity=ComponentInfo{com.google.android.apps.nexuslauncher/com.google.android.apps.nexuslauncher.NexusLauncherActivity} origActivity=null realActivity=ComponentInfo{com.google.android.apps.nexuslauncher/com.google.android.apps.nexuslauncher.NexusLauncherActivity} numActivities=1 lastActiveTime=107162380 supportsMultiWindow=true resizeMode=2 isResizeable=true minWidth=-1 minHeight=-1 defaultMinSize=220 token=WCT{android.window.IWindowContainerToken$Stub$Proxy@ead8ac9} topActivityType=2 pictureInPictureParams=null shouldDockBigOverlays=false launchIntoPipHostTaskId=-1 lastParentTaskIdBeforePip=-1 displayCutoutSafeInsets=Rect(0, 0 - 0, 0) topActivityInfo=ActivityInfo{a385ce com.google.android.apps.nexuslauncher.NexusLauncherActivity} launchCookies=[] positionInParent=Point(0, 0) parentTaskId=-1 isFocused=true isVisible=false isVisibleRequested=true isTopActivityNoDisplay=false isSleeping=false locusId=LocusId[17_chars] displayAreaFeatureId=1 isTopActivityTransparent=false isActivityStackTransparent=false lastNonFullscreenBounds=Rect(284, 660 - 796, 1740) capturedLink=null capturedLinkTimestamp=0 requestedVisibleTypes=-9 topActivityRequestOpenInBrowserEducationTimestamp=0 appCompatTaskInfo=AppCompatTaskInfo { topActivityInSizeCompat=false eligibleForLetterboxEducation= false isLetterboxEducationEnabled= true isLetterboxDoubleTapEnabled= false eligibleForUserAspectRatioButton= false topActivityBoundsLetterboxed= false isFromLetterboxDoubleTap= false topActivityLetterboxVerticalPosition= -1 topActivityLetterboxHorizontalPosition= -1 topActivityLetterboxWidth=-1 topActivityLetterboxHeight=-1 topActivityAppBounds=Rect(0, 0 - 1080, 2400) isUserFullscreenOverrideEnabled=false isSystemFullscreenOverrideEnabled=false hasMinAspectRatioOverride=false topActivityLetterboxBounds=null cameraCompatTaskInfo=CameraCompatTaskInfo { freeformCameraCompatMode=inactive}} topActivityMainWindowFrame=null}, pipChange = null, remoteTransition = null, displayChange = null, flags = 0, debugId = 738 }
02-19 19:08:08.588  4449  4467 D ShellSplitScreen: logExit: no-op, mLoggerSessionId is null
02-19 19:08:08.610   752   795 I ActivityTaskManager: START u0 {act=android.intent.action.MAIN cat=[android.intent.category.HOME] flg=0x10000100 cmp=com.google.android.apps.nexuslauncher/.NexusLauncherActivity (has extras)} with LAUNCH_SINGLE_TASK from uid 0 (BAL_ALLOW_ALLOWLISTED_UID) result code=2
02-19 19:08:08.610   752   795 W Looper  : Slow dispatch took 1277ms android.ui app=system_server main=false group=TOP_APP h=com.android.server.policy.PhoneWindowManager$PolicyHandler c=com.android.server.policy.PhoneWindowManager$DisplayHomeButtonHandler$$ExternalSyntheticLambda0@f63c279 m=0
02-19 19:08:08.611   752   795 W Looper  : Slow delivery took 1035ms android.ui app=system_server main=false group=TOP_APP h=android.os.Handler c=android.app.LoadedApk$ReceiverDispatcher$Args$$ExternalSyntheticLambda0@955a41f m=0
02-19 19:08:08.635  7804  7804 D TFOManager: playPanelCloseAnimation() duration=200 traceTag=LauncherOverlay-hide isHomeButtonTap=true
02-19 19:08:08.635  7804  7804 D TFOManager: Skipped creating panel close animation because -1 is invisible.
02-19 19:08:08.635  7804  7804 D OverviewCommandHelper: clearing pending commands: []
02-19 19:08:08.636  4449  4467 D WindowManagerShell: setLauncherKeepClearAreaHeight: visible=true, height=527
02-19 19:08:08.645   752  1095 D BackgroundInstallControlService: Package event received: 0
02-19 19:08:08.656  7804  7804 D NexusLauncherModelDelegate: notifySmartspaceEvent: SmartspaceTargetEvent{mSmartspaceTarget=null, mSmartspaceActionId='null', mEventType=6}
02-19 19:08:08.671   752  1095 D BackgroundInstallControlService: Package event received: 0
02-19 19:08:08.676   752  1095 D BackgroundInstallControlService: Package event received: 0
02-19 19:08:08.688   752   795 W Looper  : Drained
02-19 19:08:08.713   531   531 I BpBinder: onLastStrongRef automatically unlinking death recipients: 
02-19 19:08:08.714  4449  4467 D WindowManagerShell: onActivityRestartAttempt: topActivity=ComponentInfo{com.google.android.apps.nexuslauncher/com.google.android.apps.nexuslauncher.NexusLauncherActivity}, wasVisible=false
02-19 19:08:08.855   752   795 W Looper  : Slow dispatch took 163ms android.ui app=system_server main=false group=TOP_APP h=com.android.server.am.ActivityManagerService$UiHandler c=com.android.server.am.UidObserverController$$ExternalSyntheticLambda0@6a2cd6d m=0
02-19 19:08:09.079   752   981 W InputDispatcher: Excessive delay in interceptKeyBeforeDispatching; took 136 ms
02-19 19:08:09.135  7804  7947 D OverviewCommandHelper: command added: CommandInfo(type=TOGGLE, status=IDLE, createTime=107162969, animationCallbacks=null, displayId=0, isLastOfBatch=true)
02-19 19:08:09.135  7804  7947 D OverviewCommandHelper: execute: CommandInfo(type=TOGGLE, status=IDLE, createTime=107162969, animationCallbacks=null, displayId=0, isLastOfBatch=true) - queue size: 1
02-19 19:08:09.405   752   752 W Looper  : Slow dispatch took 185ms main app=system_server main=true group=FOREGROUND h=android.app.ActivityThread$H c=android.app.LoadedApk$ReceiverDispatcher$Args$$ExternalSyntheticLambda0@497d404 m=0
02-19 19:08:09.405   752   795 W Looper  : Slow dispatch took 178ms android.ui app=system_server main=false group=TOP_APP h=android.os.Handler c=android.app.LoadedApk$ReceiverDispatcher$Args$$ExternalSyntheticLambda0@656aded m=0
02-19 19:08:09.421   752   794 W Looper  : Slow dispatch took 195ms android.fg app=system_server main=false group=FOREGROUND h=android.os.Handler c=android.app.LoadedApk$ReceiverDispatcher$Args$$ExternalSyntheticLambda0@c03feb3 m=0
02-19 19:08:09.424  4449  4449 I vol.VolumeDialogImpl: mDialog.dismiss() reason: volume_controller from: com.android.systemui.volume.VolumeDialogImpl$7.onDismissRequested:3
02-19 19:08:09.509  7804  7804 D BaseDepthController: setSurface:
02-19 19:08:09.509  7804  7804 D BaseDepthController: 	mWaitingOnSurfaceValidity: false
02-19 19:08:09.509  7804  7804 D BaseDepthController: 	mBaseSurface: Surface(name=com.google.android.apps.nexuslauncher/com.google.android.apps.nexuslauncher.NexusLauncherActivity)/@0x6e8fc4f
02-19 19:08:09.797  7804  7804 D ActivityAllAppsContainerView: rebindAdapters: force: false
02-19 19:08:09.798  7804  7804 D ActivityAllAppsContainerView: rebindAdapters: Not needed.
02-19 19:08:09.800   531   549 I BpBinder: onLastStrongRef automatically unlinking death recipients: 
02-19 19:08:09.812  4449  4532 V WindowManagerShell: onTransitionReady(transaction=3229815428322)
02-19 19:08:09.814  4449  4467 V WindowManagerShell: onTransitionReady (#738) android.os.BinderProxy@e96ead0: {id=738 t=OPEN f=0x0 trk=0 r=[0@Point(0, 0)] c=[
02-19 19:08:09.814  4449  4467 V WindowManagerShell:         {m=TO_FRONT f=SHOW_WALLPAPER|MOVE_TO_TOP leash=Surface(name=Task=1)/@0xaad43e8 sb=Rect(0, 0 - 1080, 2400) eb=Rect(0, 0 - 1080, 2400) epz=Point(1080, 2400) d=0 taskParent=-1},
02-19 19:08:09.814  4449  4467 V WindowManagerShell:         {m=TO_BACK f=NONE leash=Surface(name=Task=78)/@0x3e6ca01 sb=Rect(0, 0 - 1080, 2400) eb=Rect(0, 0 - 1080, 2400) epz=Point(1080, 2400) d=0 taskParent=-1},
02-19 19:08:09.814  4449  4467 V WindowManagerShell:         {m=TO_FRONT f=IS_WALLPAPER leash=Surface(name=WallpaperWindowToken{35e0c0f showWhenLocked=false})/@0x89680a6 sb=Rect(0, 0 - 1080, 2400) eb=Rect(0, 0 - 1080, 2400) epz=Point(1080, 2400) d=0}
02-19 19:08:09.814  4449  4467 V WindowManagerShell:     ]}
02-19 19:08:09.816  4449  4467 V WindowManagerShell: Playing animation for (#738) android.os.BinderProxy@e96ead0@0
02-19 19:08:09.825  7804  7947 I HWUI    : Davey! duration=1129ms; Flags=1, FrameTimelineVsyncId=1931704, IntendedVsync=107162454653692, Vsync=107162487987024, InputEventId=0, HandleInputStart=107162488970733, AnimationStart=107162489045070, PerformTraversalsStart=107162489366178, DrawStart=107163399956013, FrameDeadline=107162471320358, FrameStartTime=107162488967994, FrameInterval=16666666, WorkloadTarget=16666666, SyncQueued=107163530809127, SyncStart=107163537990548, IssueDrawCommandsStart=107163543235740, SwapBuffers=107163562822323, FrameCompleted=107163591831581, DequeueBufferDuration=12275, QueueBufferDuration=24296058, GpuCompleted=107163591644091, SwapBuffersCompleted=107163591831581, DisplayPresentTime=0, CommandSubmissionCompleted=107163562822323, 
02-19 19:08:09.830  4449  4467 V ShellRecents: RecentsTransitionHandler.startAnimation: no controller found
02-19 19:08:09.830  4449  4467 V WindowManagerShell: Transition doesn't have explicit remote, search filters for match for {id=738 t=OPEN f=0x0 trk=0 r=[0@Point(0, 0)] c=[{m=TO_FRONT f=SHOW_WALLPAPER|MOVE_TO_TOP leash=Surface(name=Task=1)/@0xaad43e8 sb=Rect(0, 0 - 1080, 2400) eb=Rect(0, 0 - 1080, 2400) epz=Point(1080, 2400) d=0 taskParent=-1},{m=TO_BACK f=NONE leash=Surface(name=Task=78)/@0x3e6ca01 sb=Rect(0, 0 - 1080, 2400) eb=Rect(0, 0 - 1080, 2400) epz=Point(1080, 2400) d=0 taskParent=-1},{m=TO_FRONT f=IS_WALLPAPER leash=Surface(name=WallpaperWindowToken{35e0c0f showWhenLocked=false})/@0x89680a6 sb=Rect(0, 0 - 1080, 2400) eb=Rect(0, 0 - 1080, 2400) epz=Point(1080, 2400) d=0}]}
02-19 19:08:09.835  4449  4467 V WindowManagerShell:  Checking filter Pair{{types=[] flags=0x0] notFlags=0x0 checks=[{atype=undefined independent=true modes=[CLOSE,TO_BACK] flags=IN_TASK_WITH_EMBEDDED_ACTIVITY mustBeTask=false order=ANY topActivity=null launchCookie=null taskFragmentToken=android.os.BinderProxy@dcfd27d windowingMode=undefined}]} RemoteTransition { remoteTransition = android.window.IRemoteTransition$Stub$Proxy@d4ce572, appThread = android.app.IApplicationThread$Stub$Proxy@fd29dc3, debugName = overlayBackTransition }}
02-19 19:08:09.836  4449  4467 V WindowManagerShell:  Checking filter Pair{{types=[] flags=0x0] notFlags=0x0 checks=[{atype=dream independent=true modes=[OPEN,TO_FRONT] flags=NONE mustBeTask=false order=ANY topActivity=null launchCookie=null windowingMode=undefined},{atype=home independent=true modes=[CLOSE,TO_BACK] flags=NONE mustBeTask=false order=ANY topActivity=null launchCookie=null windowingMode=undefined}]} RemoteTransition { remoteTransition = android.window.IRemoteTransition$Stub$Proxy@90c640, appThread = android.app.IApplicationThread$Stub$Proxy@f8c1979, debugName = LauncherToDream }}
02-19 19:08:09.837  4449  4467 V WindowManagerShell:  Checking filter Pair{{types=[] flags=0x0] notFlags=0x100 checks=[{atype=home independent=true modes=[OPEN,TO_FRONT] flags=NONE mustBeTask=false order=TOP topActivity=ComponentInfo{com.google.android.apps.nexuslauncher/com.google.android.apps.nexuslauncher.NexusLauncherActivity} launchCookie=null windowingMode=undefined},{atype=standard independent=true modes=[CLOSE,TO_BACK] flags=NONE mustBeTask=false order=ANY topActivity=null launchCookie=null windowingMode=undefined},{NOT atype=undefined independent=true modes=[] flags=NONE mustBeTask=true order=ANY topActivity=null launchCookie=null customAnim=true windowingMode=undefined}]} RemoteTransition { remoteTransition = android.window.IRemoteTransition$Stub$Proxy@affe6be, appThread = android.app.IApplicationThread$Stub$Proxy@c37531f, debugName = QuickstepLaunchHome }}
02-19 19:08:09.837  4449  4467 D RemoteTransitionHandler: Found filterPair{{types=[] flags=0x0] notFlags=0x100 checks=[{atype=home independent=true modes=[OPEN,TO_FRONT] flags=NONE mustBeTask=false order=TOP topActivity=ComponentInfo{com.google.android.apps.nexuslauncher/com.google.android.apps.nexuslauncher.NexusLauncherActivity} launchCookie=null windowingMode=undefined},{atype=standard independent=true modes=[CLOSE,TO_BACK] flags=NONE mustBeTask=false order=ANY topActivity=null launchCookie=null windowingMode=undefined},{NOT atype=undefined independent=true modes=[] flags=NONE mustBeTask=true order=ANY topActivity=null launchCookie=null customAnim=true windowingMode=undefined}]} RemoteTransition { remoteTransition = android.window.IRemoteTransition$Stub$Proxy@affe6be, appThread = android.app.IApplicationThread$Stub$Proxy@c37531f, debugName = QuickstepLaunchHome }}
02-19 19:08:09.838  4449  4467 V WindowManagerShell:  Delegate animation for (#738) to RemoteTransition { remoteTransition = android.window.IRemoteTransition$Stub$Proxy@affe6be, appThread = android.app.IApplicationThread$Stub$Proxy@c37531f, debugName = QuickstepLaunchHome }
02-19 19:08:09.848  7804  7804 D StatsLog: LAUNCHER_ONRESUME
02-19 19:08:09.881  7804  7804 I Choreographer: Skipped 73 frames!  The application may be doing too much work on its main thread.
02-19 19:08:09.886  7804  7804 D OverviewCommandHelper: executing command: CommandInfo(type=TOGGLE, status=PROCESSING, createTime=107162969, animationCallbacks=null, displayId=0, isLastOfBatch=true)
02-19 19:08:09.888  7804  7804 D OverviewCommandHelper: executeCommand: CommandInfo(type=TOGGLE, status=PROCESSING, createTime=107162969, animationCallbacks=null, displayId=0, isLastOfBatch=true) - visibleRecentsView: null
02-19 19:08:09.890  7804  7804 D OverviewCommandHelper: Querying TaskbarManager for TaskbarUIController for display: 0
02-19 19:08:09.890  7804  7804 D OverviewCommandHelper: TaskbarUIController for display 0 was found
02-19 19:08:10.021  7804  7804 D StateManager: goToState - fromState: Normal, toState: Overview, partial trace:
02-19 19:08:10.021  7804  7804 D StateManager: 	at com.android.quickstep.LauncherActivityInterface.switchToRecentsIfVisible(go/retraceme 72a59688580715d19f0e415c69e80376c2f062d1648c80db6730905005a27c20:39)
02-19 19:08:10.021  7804  7804 D StateManager: 	at com.android.quickstep.OverviewCommandHelper.executeWhenRecentsIsNotVisible(go/retraceme 72a59688580715d19f0e415c69e80376c2f062d1648c80db6730905005a27c20:292)
02-19 19:08:10.021  7804  7804 D StateManager: 	at com.android.quickstep.OverviewCommandHelper.executeCommand(go/retraceme 72a59688580715d19f0e415c69e80376c2f062d1648c80db6730905005a27c20:49)
02-19 19:08:10.032  4449  4467 V WindowManagerShell:  animated by com.android.wm.shell.transition.RemoteTransitionHandler@ef09705
02-19 19:08:10.213  7804  7804 D OverviewCommandHelper: switching to Overview state - waiting: CommandInfo(type=TOGGLE, status=PROCESSING, createTime=107162969, animationCallbacks=null, displayId=0, isLastOfBatch=true)
02-19 19:08:10.213  7804  7804 D OverviewCommandHelper: command executed: CommandInfo(type=TOGGLE, status=PROCESSING, createTime=107162969, animationCallbacks=null, displayId=0, isLastOfBatch=true) with result: false
02-19 19:08:10.214  7804  7804 D OverviewCommandHelper: waiting for command callback: CommandInfo(type=TOGGLE, status=PROCESSING, createTime=107162969, animationCallbacks=null, displayId=0, isLastOfBatch=true)
02-19 19:08:10.311   752   794 W Looper  : Slow dispatch took 501ms android.fg app=system_server main=false group=FOREGROUND h=android.os.Handler c=com.android.server.wm.ActivityMetricsLogger$$ExternalSyntheticLambda0@35d30f m=0
02-19 19:08:10.323   752   794 V WindowManager: Sent Transition (#738) createdAt=02-19 19:08:08.424 via request=TransitionRequestInfo { type = OPEN, triggerTask = TaskInfo{userId=0 taskId=5 effectiveUid=10182 displayId=0 isRunning=true baseIntent=Intent { act=android.intent.action.MAIN cat=[android.intent.category.HOME] flg=0x10000100 cmp=com.google.android.apps.nexuslauncher/.NexusLauncherActivity } baseActivity=ComponentInfo{com.google.android.apps.nexuslauncher/com.google.android.apps.nexuslauncher.NexusLauncherActivity} topActivity=ComponentInfo{com.google.android.apps.nexuslauncher/com.google.android.apps.nexuslauncher.NexusLauncherActivity} origActivity=null realActivity=ComponentInfo{com.google.android.apps.nexuslauncher/com.google.android.apps.nexuslauncher.NexusLauncherActivity} numActivities=1 lastActiveTime=107162380 supportsMultiWindow=true resizeMode=2 isResizeable=true minWidth=-1 minHeight=-1 defaultMinSize=220 token=WCT{RemoteToken{50a2c5f Task{b605570 #5 type=home I=com.google.android.apps.nexuslauncher/.NexusLauncherActivity}}} topActivityType=2 pictureInPictureParams=null shouldDockBigOverlays=false launchIntoPipHostTaskId=-1 lastParentTaskIdBeforePip=-1 displayCutoutSafeInsets=Rect(0, 0 - 0, 0) topActivityInfo=ActivityInfo{f5406ac com.google.android.apps.nexuslauncher.NexusLauncherActivity} launchCookies=[] positionInParent=Point(0, 0) parentTaskId=-1 isFocused=true isVisible=false isVisibleRequested=true isTopActivityNoDisplay=false isSleeping=false locusId=LocusId[17_chars] displayAreaFeatureId=1 isTopActivityTransparent=false isActivityStackTransparent=false lastNonFullscreenBounds=Rect(284, 660 - 796, 1740) capturedLink=null capturedLinkTimestamp=0 requestedVisibleTypes=-9 topActivityRequestOpenInBrowserEducationTimestamp=0 appCompatTaskInfo=AppCompatTaskInfo { topActivityInSizeCompat=false eligibleForLetterboxEducation= false isLetterboxEducationEnabled= true isLetterboxDoubleTapEnabled= false eligibleForUserAspectRatioButton= false topActivityBoundsLetterboxed= false isFromLetterboxDoubleTap= false topActivityLetterboxVerticalPosition= -1 topActivityLetterboxHorizontalPosition= -1 topActivityLetterboxWidth=-1 topActivityLetterboxHeight=-1 topActivityAppBounds=Rect(0, 0 - 1080, 2400) isUserFullscreenOverrideEnabled=false isSystemFullscreenOverrideEnabled=false hasMinAspectRatioOverride=false topActivityLetterboxBounds=null cameraCompatTaskInfo=CameraCompatTaskInfo { freeformCameraCompatMode=inactive}} topActivityMainWindowFrame=null}, pipChange = null, remoteTransition = null, displayChange = null, flags = 0, debugId = 738 }
02-19 19:08:10.323   752   794 V WindowManager:     startWCT=WindowContainerTransaction { changes= {} hops= [] errorCallbackToken=null taskFragmentOrganizer=null }
02-19 19:08:10.336   752   794 V WindowManager:     info={id=738 t=OPEN f=0x0 trk=0 r=[0@Point(0, 0)] c=[
02-19 19:08:10.336   752   794 V WindowManager:         {WCT{RemoteToken{5218fe8 Task{dd43522 #1 type=home}}} m=TO_FRONT f=SHOW_WALLPAPER|MOVE_TO_TOP leash=Surface(name=Task=1)/@0x8ddbd2e sb=Rect(0, 0 - 1080, 2400) eb=Rect(0, 0 - 1080, 2400) epz=Point(1080, 2400) d=0 taskParent=-1},
02-19 19:08:10.336   752   794 V WindowManager:         {WCT{RemoteToken{58f5d87 Task{11d79c0 #78 type=standard A=10217:viva.republica.toss.test}}} m=TO_BACK f=NONE leash=Surface(name=Task=78)/@0x6af51ab sb=Rect(0, 0 - 1080, 2400) eb=Rect(0, 0 - 1080, 2400) epz=Point(1080, 2400) d=0 taskParent=-1},
02-19 19:08:10.336   752   794 V WindowManager:         {m=TO_FRONT f=IS_WALLPAPER leash=Surface(name=WallpaperWindowToken{35e0c0f showWhenLocked=false})/@0x512f5be sb=Rect(0, 0 - 1080, 2400) eb=Rect(0, 0 - 1080, 2400) epz=Point(1080, 2400) d=0}
02-19 19:08:10.336   752   794 V WindowManager:     ]}
02-19 19:08:10.340   752   794 W Looper  : Slow delivery took 325ms android.fg app=system_server main=false group=FOREGROUND h=android.os.Handler c=com.android.server.wm.TransitionController$Logger@9d39f9c m=0
02-19 19:08:10.535  7804  7804 D StateManager: createAtomicAnimation - fromState: Background, toState: Normal, partial trace:
02-19 19:08:10.535  7804  7804 D StateManager: 	at com.android.quickstep.util.ScalingWorkspaceRevealAnim.<init>(go/retraceme 72a59688580715d19f0e415c69e80376c2f062d1648c80db6730905005a27c20:39)
02-19 19:08:10.535  7804  7804 D StateManager: 	at com.android.launcher3.QuickstepTransitionManager.createWallpaperOpenAnimations(go/retraceme 72a59688580715d19f0e415c69e80376c2f062d1648c80db6730905005a27c20:168)
02-19 19:08:10.535  7804  7804 D StateManager: 	at com.android.launcher3.QuickstepTransitionManager$WallpaperOpenLauncherAnimationRunner.onAnimationStart(go/retraceme 72a59688580715d19f0e415c69e80376c2f062d1648c80db6730905005a27c20:17)
02-19 19:08:10.538  7804  7804 D StateManager: cancelAnimation - with ongoing animation, partial trace:
02-19 19:08:10.538  7804  7804 D StateManager: 	at com.android.launcher3.statemanager.StateManager.setCurrentAnimation(go/retraceme 72a59688580715d19f0e415c69e80376c2f062d1648c80db6730905005a27c20:15)
02-19 19:08:10.538  7804  7804 D StateManager: 	at com.android.launcher3.QuickstepTransitionManager.createWallpaperOpenAnimations(go/retraceme 72a59688580715d19f0e415c69e80376c2f062d1648c80db6730905005a27c20:298)
02-19 19:08:10.538  7804  7804 D StateManager: 	at com.android.launcher3.QuickstepTransitionManager$WallpaperOpenLauncherAnimationRunner.onAnimationStart(go/retraceme 72a59688580715d19f0e415c69e80376c2f062d1648c80db6730905005a27c20:17)
02-19 19:08:10.788  7804  7804 D OverviewCommandHelper: switching to Overview state - onAnimationEnd: CommandInfo(type=TOGGLE, status=PROCESSING, createTime=107162969, animationCallbacks=null, displayId=0, isLastOfBatch=true)
02-19 19:08:10.789  7804  7804 D OverviewCommandHelper: command executed: CommandInfo(type=TOGGLE, status=PROCESSING, createTime=107162969, animationCallbacks=null, displayId=0, isLastOfBatch=true) with result: true
02-19 19:08:10.789  7804  7804 D OverviewCommandHelper: command executed successfully! CommandInfo(type=TOGGLE, status=COMPLETED, createTime=107162969, animationCallbacks=null, displayId=0, isLastOfBatch=true)
02-19 19:08:10.790  7804  7804 D OverviewCommandHelper: no pending commands to be executed.
02-19 19:08:10.793  7804  7804 D KeyboardInsetsHandler: setState, toState:Normal StateManager(mLastStableState:Normal, mCurrentStableState:Normal, mState:Normal, mRestState:null, isInTransition:false)
02-19 19:08:10.794  7804  7804 D StateManager: onStateTransitionEnd - state: Normal
02-19 19:08:10.810  7804  7804 D RecentsView: reset - mEnableDrawingLiveTile: false, mRecentsAnimationController: null
02-19 19:08:10.811  7804  7804 D ActivityAllAppsContainerView: rebindAdapters: force: false
02-19 19:08:10.812  7804  7804 D ActivityAllAppsContainerView: rebindAdapters: Not needed.
02-19 19:08:10.821  7804  7804 D b/311077782: LauncherAnimationRunner.setAnimation
02-19 19:08:10.839  7804  7804 I Choreographer: Skipped 37 frames!  The application may be doing too much work on its main thread.
02-19 19:08:10.857  1971  2198 I AiAiEcho: Predicting[0]:  [CONTEXT sampling_count=5 ]
02-19 19:08:10.858  1971  2198 I AiAiEcho: EchoTargets: 
02-19 19:08:10.858  1971  2198 I AiAiEcho: Filtered by AiAi flag check: 
02-19 19:08:10.858  1971  2198 I AiAiEcho: [CONTEXT ratelimit_period="10 SECONDS" ]
02-19 19:08:10.863  7804  7804 I NotificationListener: Handling notification state refresh for com.google.android.adservices.api#0
02-19 19:08:10.863  7804  7804 I NotificationListener: Handling notification state refresh for android#0
02-19 19:08:10.863  7804  7804 I NotificationListener: Handling notification state refresh for com.android.systemui#0
02-19 19:08:10.869  7804  7804 D OverviewActionsView: updateForGroupedTask() called with: isGroupedTask = [false], canSaveAppPair = [false]
02-19 19:08:10.870  7804  7804 D OverviewActionsView: updateActionButtonsVisibility() called: showSingleTaskActions = [true], showGroupActions = [false]
02-19 19:08:10.891  1971  2198 I AiAiEcho: #remoteViewsTwiddler: feature disabled.
02-19 19:08:10.938  1971  2198 I AiAiEcho: #postPredictionTargets: Sending updates to UISurface home with targets# 0 (types=[])
02-19 19:08:10.955  7804  7823 I s.nexuslauncher: AssetManager2(0x7d8fac437598) locale list changing from [] to [en-US]
02-19 19:08:10.962   531   531 I BpBinder: onLastStrongRef automatically unlinking death recipients: 
02-19 19:08:11.011  7804  7823 W HWUI    : Image decoding logging dropped!
02-19 19:08:11.022  7804  7823 D QuickstepModelDelegate: notifyAppTargetEvent action=1 launchLocation=workspace/0/[-1,-1]/[1,1]
02-19 19:08:11.144   752   989 I ImeTracker: com.google.android.apps.nexuslauncher:c951a2a3: onRequestHide at ORIGIN_SERVER reason HIDE_UNSPECIFIED_WINDOW fromUser false
02-19 19:08:11.229  7804  7804 D SsBaseTemplateCard: No text view can be set up
02-19 19:08:11.229  7804  7804 D SsBaseTemplateCard: Passed-in item info is null
02-19 19:08:11.229  7804  7804 D SsBaseTemplateCard: Passed-in item info is null
02-19 19:08:11.229  7804  7804 D SsBaseTemplateCard: Passed-in item info is null
02-19 19:08:11.229  7804  7804 I SsBaseTemplateCard: Secondary card pane is null
02-19 19:08:11.239  7804  7804 D InsetsController: hide(ime(), fromIme=false)
02-19 19:08:11.240  7804  7804 I ImeTracker: com.google.android.apps.nexuslauncher:c951a2a3: onCancelled at PHASE_CLIENT_ALREADY_HIDDEN
02-19 19:08:11.301  1563  1563 I GoogleInputMethodService: GoogleInputMethodService.onFinishInput():2043 
02-19 19:08:11.360  1563  1563 I Module  : DeviceLockedStatusModuleProvider$Module.updateDeviceLockedStatus():100 repeatCheckTimes = 0, locked = false
02-19 19:08:11.366  1563  1563 W NotificationCenter: NotificationCenter$NotificationQueue.notifyPendingNotificationsOnExecutor():877 Heavy notify work detected on UI thread: [kig->khg, kig->khc, kig->ilu, kig->ilu, kig->ilu, kig->ilu, kig->ilu, kig->ilu, kig->gkl, kig->ilu, kig->ilu, kig->fef, kig->fro, kig->lux, kig->ilu, kig->imt, kig->ilu, kig->ilu, kig->ijm, kig->ilu, kig->ilu, kig->fcb, kig->jnx] takes 24ms
02-19 19:08:11.372   752   934 I ImeTracker: system_server:8620a224: onRequestHide at ORIGIN_SERVER reason IME_REQUESTED_CHANGED_LISTENER fromUser false
02-19 19:08:11.379  1563  1563 I GoogleInputMethodService: GoogleInputMethodService.onStartInput():1293 onStartInput(EditorInfo{EditorInfo{packageName=com.google.android.apps.nexuslauncher, inputType=0, inputTypeString=NULL, enableLearning=false, autoCorrection=false, autoComplete=false, imeOptions=0, privateImeOptions=null, actionName=UNSPECIFIED, actionLabel=null, initialSelStart=-1, initialSelEnd=-1, initialCapsMode=0, label=null, fieldId=0, fieldName=null, extras=null, hintText=null, hintLocales=[]}}, false)
02-19 19:08:11.392  4449  4458 W System  : A resource failed to call release. 
02-19 19:08:11.392  4449  4458 W System  : A resource failed to call release. 
02-19 19:08:11.392  4449  4458 W System  : A resource failed to call release. 
02-19 19:08:11.392  4449  4458 W System  : A resource failed to call release. 
02-19 19:08:11.392  4449  4458 W System  : A resource failed to call release. 
02-19 19:08:11.393  4449  4458 W System  : A resource failed to call release. 
02-19 19:08:11.393  4449  4458 W System  : A resource failed to call release. 
02-19 19:08:11.393  4449  4458 W System  : A resource failed to call release. 
02-19 19:08:11.393  4449  4458 W System  : A resource failed to call release. 
02-19 19:08:11.393  4449  4458 W System  : A resource failed to call release. 
02-19 19:08:11.393  4449  4458 W System  : A resource failed to call release. 
02-19 19:08:11.393  4449  4458 W System  : A resource failed to call release. 
02-19 19:08:11.400  1563  1563 I Module  : DeviceLockedStatusModuleProvider$Module.updateDeviceLockedStatus():100 repeatCheckTimes = 1, locked = false
02-19 19:08:11.413   752   797 W IPCThreadState: Sending oneway calls to frozen process.
02-19 19:08:11.414   752   797 W IPCThreadState: Sending oneway calls to frozen process.
02-19 19:08:11.415   752   797 W IPCThreadState: Sending oneway calls to frozen process.
02-19 19:08:11.415   752   797 W IPCThreadState: Sending oneway calls to frozen process.
02-19 19:08:11.415   752   797 W IPCThreadState: Sending oneway calls to frozen process.
02-19 19:08:11.415   752   797 W IPCThreadState: Sending oneway calls to frozen process.
02-19 19:08:11.416   752   797 W IPCThreadState: Sending oneway calls to frozen process.
02-19 19:08:11.420   752   797 W IPCThreadState: Sending oneway calls to frozen process.
02-19 19:08:11.426   752   797 W IPCThreadState: Sending oneway calls to frozen process.
02-19 19:08:11.448   752   797 W ProcessStats: Tracking association SourceState{1b917ca system/1000 BFgs #21722} whose proc state 4 is better than process ProcessState{42c4ef0 com.google.android.ext.services/10208 pkg=com.google.android.ext.services} proc state 14 (11 skipped)
02-19 19:08:11.489   752   797 I ImeTracker: system_server:8620a224: onCancelled at PHASE_SERVER_SHOULD_HIDE
02-19 19:08:11.503  1563  1563 I EmojiCompatManager: EmojiCompatManager.getEmojiCompatIfLoaded():343 EmojiCompat.init() was never called.
02-19 19:08:11.503  1563  1563 I EmojiCompatManager: java.lang.IllegalStateException: EmojiCompat is not initialized. Please call EmojiCompat.init() first
02-19 19:08:11.503  1563  1563 I EmojiCompatManager: 	at asx.p(PG:6)
02-19 19:08:11.503  1563  1563 I EmojiCompatManager: 	at axb.b(PG:13)
02-19 19:08:11.503  1563  1563 I EmojiCompatManager: 	at jnr.b(PG:2)
02-19 19:08:11.503  1563  1563 I EmojiCompatManager: 	at jnr.c(PG:4)
02-19 19:08:11.503  1563  1563 I EmojiCompatManager: 	at jnr.f(PG:3)
02-19 19:08:11.503  1563  1563 I EmojiCompatManager: 	at jnx.c(PG:3)
02-19 19:08:11.503  1563  1563 I EmojiCompatManager: 	at kif.cz(PG:47)
02-19 19:08:11.503  1563  1563 I EmojiCompatManager: 	at lhl.run(PG:1025)
02-19 19:08:11.503  1563  1563 I EmojiCompatManager: 	at jaf.execute(PG:12)
02-19 19:08:11.503  1563  1563 I EmojiCompatManager: 	at nco.v(PG:13)
02-19 19:08:11.503  1563  1563 I EmojiCompatManager: 	at lhn.m(PG:96)
02-19 19:08:11.503  1563  1563 I EmojiCompatManager: 	at lhn.k(PG:25)
02-19 19:08:11.503  1563  1563 I EmojiCompatManager: 	at kgn.onStartInput(PG:250)
02-19 19:08:11.503  1563  1563 I EmojiCompatManager: 	at android.inputmethodservice.InputMethodService.doStartInput(InputMethodService.java:3521)
02-19 19:08:11.503  1563  1563 I EmojiCompatManager: 	at android.inputmethodservice.InputMethodService$InputMethodImpl.startInput(InputMethodService.java:879)
02-19 19:08:11.503  1563  1563 I EmojiCompatManager: 	at android.inputmethodservice.InputMethodService$InputMethodImpl.dispatchStartInput(InputMethodService.java:908)
02-19 19:08:11.503  1563  1563 I EmojiCompatManager: 	at android.inputmethodservice.IInputMethodWrapper.executeMessage(IInputMethodWrapper.java:201)
02-19 19:08:11.503  1563  1563 I EmojiCompatManager: 	at com.android.internal.os.HandlerCaller$MyHandler.handleMessage(HandlerCaller.java:44)
02-19 19:08:11.503  1563  1563 I EmojiCompatManager: 	at android.os.Handler.dispatchMessage(Handler.java:110)
02-19 19:08:11.503  1563  1563 I EmojiCompatManager: 	at android.os.Looper.loopOnce(Looper.java:248)
