02-19 19:08:20.050  4449  4467 V WindowManagerShell:  Checking filter Pair{{types=[] flags=0x0] notFlags=0x100 checks=[{atype=home independent=true modes=[OPEN,TO_FRONT] flags=NONE mustBeTask=false order=TOP topActivity=ComponentInfo{com.google.android.apps.nexuslauncher/com.google.android.apps.nexuslauncher.NexusLauncherActivity} launchCookie=null windowingMode=undefined},{atype=standard independent=true modes=[CLOSE,TO_BACK] flags=NONE mustBeTask=false order=ANY topActivity=null launchCookie=null windowingMode=undefined},{NOT atype=undefined independent=true modes=[] flags=NONE mustBeTask=true order=ANY topActivity=null launchCookie=null customAnim=true windowingMode=undefined}]} RemoteTransition { remoteTransition = android.window.IRemoteTransition$Stub$Proxy@39de07a, appThread = android.app.IApplicationThread$Stub$Proxy@cf9f02b, debugName = QuickstepLaunchHome }}
02-19 19:08:20.050  4449  4467 V WindowManagerShell:  Delegate animation for (#740) to null
02-19 19:08:20.051  4449  4467 V WindowManagerShell: start default transition animation, info = {id=740 t=OPEN f=0x0 trk=0 r=[0@Point(0, 0)] c=[{m=OPEN f=FILLS_TASK leash=Surface(name=ActivityRecord{196204374 u0 viva.republica.toss.test/im.toss.rn.granite.core.GraniteActivity)/@0xefd105c sb=Rect(0, 0 - 0, 0) eb=Rect(0, 0 - 1080, 2400) epz=Point(1080, 2400) d=-1->0 r=-1->0:-1 bc=ffffffff component=viva.republica.toss.test/im.toss.rn.granite.core.GraniteActivity opt={t=FROM_STYLE mUserId=0}},{m=CLOSE f=TRANSLUCENT|FILLS_TASK leash=Surface(name=ActivityRecord{121557651 u0 viva.republica.toss.test/.MiniAppSchemeActivity)/@0xfe42f65 sb=Rect(0, 0 - 1080, 2400) eb=Rect(0, 0 - 1080, 2400) epz=Point(1080, 2400) d=0 bc=ffffffff component=viva.republica.toss.test/.MiniAppSchemeActivity opt={t=FROM_STYLE mUserId=0}},{m=TO_BACK f=FILLS_TASK leash=Surface(name=ActivityRecord{222164195 u0 viva.republica.toss.test/im.toss.rn.granite.core.GraniteActivity)/@0x7b7243a sb=Rect(0, 0 - 1080, 2400) eb=Rect(0, 0 - 1080, 2400) epz=Point(1080, 2400) d=0 bc=ffffffff component=viva.republica.toss.test/im.toss.rn.granite.core.GraniteActivity opt={t=FROM_STYLE mUserId=0}}]}
02-19 19:08:20.123  4449  4467 V WindowManagerShell: loadAnimation: anim=android.view.animation.AnimationSet@cf888c7 animAttr=0x5 type=OPEN isEntrance=false
02-19 19:08:20.127  4449  4467 V WindowManagerShell: loadAnimation: anim=android.view.animation.AnimationSet@690ef4 animAttr=0x5 type=OPEN isEntrance=false
02-19 19:08:20.128  4449  4467 V WindowManagerShell: loadAnimation: anim=android.view.animation.AnimationSet@56aea63 animAttr=0x4 type=OPEN isEntrance=true
02-19 19:08:20.130  4449  4467 V WindowManagerShell:  animated by com.android.wm.shell.transition.DefaultTransitionHandler@f74d823
02-19 19:08:20.314 16566 16566 I Choreographer: Skipped 59 frames!  The application may be doing too much work on its main thread.
02-19 19:08:20.453   531   531 E SurfaceFlinger: Out of order buffers detected for RequestedLayerState{viva.republica.toss.test/im.toss.rn.granite.core.GraniteActivity#6268 parentId=6246} producedId=40 frameNumber=13 -> producedId=40 frameNumber=5
02-19 19:08:20.465 16566 16577 I HWUI    : Davey! duration=1125ms; Flags=0, FrameTimelineVsyncId=1933297, IntendedVsync=107173171319930, Vsync=107174154653224, InputEventId=0, HandleInputStart=107174162953604, AnimationStart=107174162955359, PerformTraversalsStart=107174215421194, DrawStart=107174216072306, FrameDeadline=107173321319924, FrameStartTime=107174161322031, FrameInterval=16666666, WorkloadTarget=16666666, SyncQueued=107174216842947, SyncStart=107174220038322, IssueDrawCommandsStart=107174220301306, SwapBuffers=107174247026994, FrameCompleted=107174299529881, DequeueBufferDuration=12755, QueueBufferDuration=763973, GpuCompleted=107174299529881, SwapBuffersCompleted=107174249204799, DisplayPresentTime=0, CommandSubmissionCompleted=107174247026994, 
02-19 19:08:20.606  4449  4467 V WindowManagerShell: Transition animation finished (aborted=false), notifying core (#740) android.os.BinderProxy@b9421a9@0
02-19 19:08:20.635   752   794 V WindowManager: Finish Transition (#740): created at 02-19 19:08:17.457 collect-started=0.057ms request-sent=81.819ms started=130.588ms ready=355.994ms sent=2544.62ms commit=153.35ms finished=3162.237ms
02-19 19:08:20.660  4449  4467 V WindowManagerShell: Track 0 became idle
02-19 19:08:20.661  4449  4467 V WindowManagerShell: All active transition animations finished
02-19 19:08:20.667   752  1856 E TaskPersister: File error accessing recents directory (directory doesn't exist?).
02-19 19:08:21.131 16566 16566 I Choreographer: Skipped 45 frames!  The application may be doing too much work on its main thread.
02-19 19:08:21.132 16566 16566 D VRI[MiniAppSchemeActivity]: visibilityChanged oldVisibility=true newVisibility=false
02-19 19:08:21.134 16566 16566 D VRI[GraniteActivity]: visibilityChanged oldVisibility=true newVisibility=false
02-19 19:08:21.166 16566 18026 W unknown:InspectorPackagerConnection: Couldn't connect to packager, will silently retry
02-19 19:08:21.167 16566 18025 W unknown:ReconnectingWebSocket: Couldn't connect to "ws://10.0.2.2:8081/message?device=sdk_gphone64_x86_64%20-%2016%20-%20API%2036&app=viva.republica.toss.test&clientid=BridgeDevSupportManager", will silently retry
02-19 19:08:21.235   752   989 I ImeTracker: viva.republica.toss.test:25cb8f44: onRequestHide at ORIGIN_SERVER reason HIDE_UNSPECIFIED_WINDOW fromUser false
02-19 19:08:21.271 16566 16566 W WindowOnBackDispatcher: sendCancelIfRunning: isInProgress=false callback=android.view.ViewRootImpl$$ExternalSyntheticLambda13@b13b50b
02-19 19:08:21.272   752  2503 D CoreBackPreview: Window{f77a2e7 u0 viva.republica.toss.test/viva.republica.toss.test.MiniAppSchemeActivity}: Setting back callback null
02-19 19:08:21.288 16566 16566 D ViewRootImpl: Skipping stats log for color mode
02-19 19:08:21.319   752  2503 I ImeTracker: system_server:fe427176: onRequestHide at ORIGIN_SERVER reason IME_REQUESTED_CHANGED_LISTENER fromUser false
02-19 19:08:21.368  1563  1563 I GoogleInputMethodService: GoogleInputMethodService.onFinishInput():2043 
02-19 19:08:21.388  1563  1563 I Module  : DeviceLockedStatusModuleProvider$Module.updateDeviceLockedStatus():100 repeatCheckTimes = 0, locked = false
02-19 19:08:21.392  1563  1563 I GoogleInputMethodService: GoogleInputMethodService.onStartInput():1293 onStartInput(EditorInfo{EditorInfo{packageName=viva.republica.toss.test, inputType=0, inputTypeString=NULL, enableLearning=false, autoCorrection=false, autoComplete=false, imeOptions=0, privateImeOptions=null, actionName=UNSPECIFIED, actionLabel=null, initialSelStart=-1, initialSelEnd=-1, initialCapsMode=0, label=null, fieldId=0, fieldName=null, extras=null, hintText=null, hintLocales=[]}}, false)
02-19 19:08:21.395  1563  1563 I Module  : DeviceLockedStatusModuleProvider$Module.updateDeviceLockedStatus():100 repeatCheckTimes = 1, locked = false
02-19 19:08:21.413  1563  1563 I EmojiCompatManager: EmojiCompatManager.getEmojiCompatIfLoaded():343 EmojiCompat.init() was never called.
02-19 19:08:21.413  1563  1563 I EmojiCompatManager: java.lang.IllegalStateException: EmojiCompat is not initialized. Please call EmojiCompat.init() first
02-19 19:08:21.413  1563  1563 I EmojiCompatManager: 	at asx.p(PG:6)
02-19 19:08:21.413  1563  1563 I EmojiCompatManager: 	at axb.b(PG:13)
02-19 19:08:21.413  1563  1563 I EmojiCompatManager: 	at jnr.b(PG:2)
02-19 19:08:21.413  1563  1563 I EmojiCompatManager: 	at jnr.c(PG:4)
02-19 19:08:21.413  1563  1563 I EmojiCompatManager: 	at jnr.f(PG:3)
02-19 19:08:21.413  1563  1563 I EmojiCompatManager: 	at jnx.c(PG:3)
02-19 19:08:21.413  1563  1563 I EmojiCompatManager: 	at kif.cz(PG:47)
02-19 19:08:21.413  1563  1563 I EmojiCompatManager: 	at lhl.run(PG:1025)
02-19 19:08:21.413  1563  1563 I EmojiCompatManager: 	at jaf.execute(PG:12)
02-19 19:08:21.413  1563  1563 I EmojiCompatManager: 	at nco.v(PG:13)
02-19 19:08:21.413  1563  1563 I EmojiCompatManager: 	at lhn.m(PG:96)
02-19 19:08:21.413  1563  1563 I EmojiCompatManager: 	at lhn.k(PG:25)
02-19 19:08:21.413  1563  1563 I EmojiCompatManager: 	at kgn.onStartInput(PG:250)
02-19 19:08:21.413  1563  1563 I EmojiCompatManager: 	at android.inputmethodservice.InputMethodService.doStartInput(InputMethodService.java:3521)
02-19 19:08:21.413  1563  1563 I EmojiCompatManager: 	at android.inputmethodservice.InputMethodService$InputMethodImpl.startInput(InputMethodService.java:879)
02-19 19:08:21.413  1563  1563 I EmojiCompatManager: 	at android.inputmethodservice.InputMethodService$InputMethodImpl.dispatchStartInput(InputMethodService.java:908)
02-19 19:08:21.413  1563  1563 I EmojiCompatManager: 	at android.inputmethodservice.IInputMethodWrapper.executeMessage(IInputMethodWrapper.java:201)
02-19 19:08:21.413  1563  1563 I EmojiCompatManager: 	at com.android.internal.os.HandlerCaller$MyHandler.handleMessage(HandlerCaller.java:44)
02-19 19:08:21.413  1563  1563 I EmojiCompatManager: 	at android.os.Handler.dispatchMessage(Handler.java:110)
02-19 19:08:21.413  1563  1563 I EmojiCompatManager: 	at android.os.Looper.loopOnce(Looper.java:248)
02-19 19:08:21.413  1563  1563 I EmojiCompatManager: 	at android.os.Looper.loop(Looper.java:338)
02-19 19:08:21.413  1563  1563 I EmojiCompatManager: 	at android.app.ActivityThread.main(ActivityThread.java:9067)
02-19 19:08:21.413  1563  1563 I EmojiCompatManager: 	at java.lang.reflect.Method.invoke(Native Method)
02-19 19:08:21.413  1563  1563 I EmojiCompatManager: 	at com.android.internal.os.RuntimeInit$MethodAndArgsCaller.run(RuntimeInit.java:593)
02-19 19:08:21.413  1563  1563 I EmojiCompatManager: 	at com.android.internal.os.ZygoteInit.main(ZygoteInit.java:932)
02-19 19:08:21.421   752   934 W PackageConfigPersister: App-specific configuration not found for packageName: viva.republica.toss.test and userId: 0
02-19 19:08:21.451   752   934 D WifiNl80211Manager: Scan result ready event
02-19 19:08:21.455   752   934 D WifiNative: Scan result ready event
02-19 19:08:21.463   752  2503 I ImeTracker: system_server:9a245a9d: onRequestHide at ORIGIN_SERVER reason IME_REQUESTED_CHANGED_LISTENER fromUser false
02-19 19:08:21.520   752   797 I ImeTracker: system_server:fe427176: onCancelled at PHASE_SERVER_SHOULD_HIDE
02-19 19:08:21.670   752   797 I ImeTracker: system_server:9a245a9d: onCancelled at PHASE_SERVER_SHOULD_HIDE
02-19 19:08:21.671 20068 30652 I WifiScanner: onFullResults
02-19 19:08:21.674 20068 20155 I WifiScanner: onFullResults
02-19 19:08:21.685   752  1095 D BackgroundInstallControlService: Package event received: 0
02-19 19:08:21.743 16566 16566 D InsetsController: hide(ime(), fromIme=false)
02-19 19:08:21.744 16566 16566 I ImeTracker: viva.republica.toss.test:25cb8f44: onCancelled at PHASE_CLIENT_ALREADY_HIDDEN
02-19 19:08:21.745   752  1023 I HalDevMgr: bestIfaceCreationProposal is null, requestIface=STA, existingIface=[name=wlan0 type=STA]
02-19 19:08:21.860   752  1095 D BackgroundInstallControlService: Package event received: 0
02-19 19:08:21.908   752   935 W IPCThreadState: Sending oneway calls to frozen process.
02-19 19:08:21.908   752   935 W IPCThreadState: Sending oneway calls to frozen process.
02-19 19:08:21.908   752   935 W IPCThreadState: Sending oneway calls to frozen process.
02-19 19:08:21.908   752   935 W IPCThreadState: Sending oneway calls to frozen process.
02-19 19:08:21.908   752   935 W IPCThreadState: Sending oneway calls to frozen process.
02-19 19:08:21.908   752   935 W IPCThreadState: Sending oneway calls to frozen process.
02-19 19:08:21.909   752   935 W IPCThreadState: Sending oneway calls to frozen process.
02-19 19:08:21.924   752   935 W IPCThreadState: Sending oneway calls to frozen process.
02-19 19:08:21.931   752   935 W IPCThreadState: Sending oneway calls to frozen process.
02-19 19:08:21.932   752   935 W ProcessStats: Tracking association SourceState{1b917ca system/1000 BFgs #21739} whose proc state 4 is better than process ProcessState{42c4ef0 com.google.android.ext.services/10208 pkg=com.google.android.ext.services} proc state 14 (11 skipped)
02-19 19:08:22.225 16566 16566 E unknown:ReactRootView: Unhandled SoftException
02-19 19:08:22.225 16566 16566 E unknown:ReactRootView: com.facebook.react.uimanager.IllegalViewOperationException: Trying to attach a ReactRootView with an explicit id already set to [2131362676]. React Native uses the id field to track react tags and will overwrite this field. If that is fine, explicitly overwrite the id field to View.NO_ID.
02-19 19:08:22.225 16566 16566 E unknown:ReactRootView: 	at com.facebook.react.ReactRootView.attachToReactInstanceManager(:799)
02-19 19:08:22.225 16566 16566 E unknown:ReactRootView: 	at com.facebook.react.ReactRootView.startReactApplication(:509)
02-19 19:08:22.225 16566 16566 E unknown:ReactRootView: 	at com.facebook.react.ReactRootView.startReactApplication(:469)
02-19 19:08:22.225 16566 16566 E unknown:ReactRootView: 	at im.toss.rn.granite.core.GraniteActivity.write(:486)
02-19 19:08:22.225 16566 16566 E unknown:ReactRootView: 	at im.toss.rn.granite.core.GraniteActivity.RemoteActionCompatParcelizer(:124)
02-19 19:08:22.225 16566 16566 E unknown:ReactRootView: 	at im.toss.rn.granite.core.GraniteActivity$RemoteActionCompatParcelizer.IconCompatParcelizer(:65353)
02-19 19:08:22.225 16566 16566 E unknown:ReactRootView: 	at o.sh.a_(:33)
02-19 19:08:22.225 16566 16566 E unknown:ReactRootView: 	at o.xP.run(:100)
02-19 19:08:22.225 16566 16566 E unknown:ReactRootView: 	at android.os.Handler.handleCallback(Handler.java:995)
02-19 19:08:22.225 16566 16566 E unknown:ReactRootView: 	at android.os.Handler.dispatchMessage(Handler.java:103)
02-19 19:08:22.225 16566 16566 E unknown:ReactRootView: 	at android.os.Looper.loopOnce(Looper.java:248)
02-19 19:08:22.225 16566 16566 E unknown:ReactRootView: 	at android.os.Looper.loop(Looper.java:338)
02-19 19:08:22.225 16566 16566 E unknown:ReactRootView: 	at android.app.ActivityThread.main(ActivityThread.java:9067)
02-19 19:08:22.225 16566 16566 E unknown:ReactRootView: 	at java.lang.reflect.Method.invoke(Native Method)
02-19 19:08:22.225 16566 16566 E unknown:ReactRootView: 	at com.android.internal.os.RuntimeInit$MethodAndArgsCaller.run(RuntimeInit.java:593)
02-19 19:08:22.225 16566 16566 E unknown:ReactRootView: 	at com.android.internal.os.ZygoteInit.main(ZygoteInit.java:932)
02-19 19:08:23.159   752   794 W Looper  : Slow dispatch took 149ms android.fg app=system_server main=false group=FOREGROUND h=android.os.Handler c=com.android.server.net.NetworkManagementService$NetdUnsolicitedEventListener$$ExternalSyntheticLambda0@32f30cb m=0
02-19 19:08:23.302   752  2503 D CoreBackPreview: Window{c933f9a u0 PopupWindow:150dd85}: Setting back callback OnBackInvokedCallbackInfo{mCallback=android.window.IOnBackInvokedCallback$Stub$Proxy@c0737c1, mPriority=0, mIsAnimationCallback=false, mOverrideBehavior=0}
02-19 19:08:24.212   752   752 W Looper  : Slow dispatch took 154ms main app=system_server main=true group=FOREGROUND h=com.android.server.power.Notifier$NotifierHandler c=com.android.server.power.Notifier$$ExternalSyntheticLambda2@255bb66 m=0
02-19 19:08:24.860   752  1856 E TaskPersister: File error accessing recents directory (directory doesn't exist?).
02-19 19:08:24.891 16566 16566 W WindowOnBackDispatcher: sendCancelIfRunning: isInProgress=false callback=android.view.ViewRootImpl$$ExternalSyntheticLambda13@1cf72e8
02-19 19:08:24.891   752   935 D CoreBackPreview: Window{c933f9a u0 PopupWindow:150dd85}: Setting back callback null
02-19 19:08:25.197 18033 18033 W dumpsys : Thread Pool max thread count is 0. Cannot cache binder as linkToDeath cannot be implemented. serviceName: package
02-19 19:08:25.820   752   775 I system_server: Background concurrent mark compact GC freed 24MB AllocSpace bytes, 36(736KB) LOS objects, 40% free, 35MB/59MB, paused 158.050ms,54.663ms total 2.246s
02-19 19:08:25.822   752   776 I BpBinder: onLastStrongRef automatically unlinking death recipients: 
02-19 19:08:26.032 16566 18035 W unknown:ReactContext: initializeMessageQueueThreads() is called.
02-19 19:08:26.068 16566 16566 W unknown:ReactNative: Packager connection already open, nooping.
02-19 19:08:26.130 17952 17954 I artd    : GetBestInfo: odex next to the dex file (/data/app/~~O-UZzK0jUU9NLgS3MODOZA==/com.google.android.gms-YQ2L6GsYyKuvu9MvIBK1EQ==/oat/x86_64/base.odex) is kOatUpToDate with filter 'speed-profile' executable 'false'
02-19 19:08:26.208 16566 18039 W unknown:ReactContext: initializeMessageQueueThreads() is called.
02-19 19:08:26.209 16566 18039 W unknown:ReactNative: Fresco has already been initialized with a different config. The new Fresco configuration will be ignored!
02-19 19:08:26.331 17952 17954 I artd    : GetBestInfo: odex next to the dex file (/data/app/~~O-UZzK0jUU9NLgS3MODOZA==/com.google.android.gms-YQ2L6GsYyKuvu9MvIBK1EQ==/oat/x86_64/split_AdsDynamite_installtime.odex) is kOatUpToDate with filter 'speed' executable 'false'
02-19 19:08:26.459   537   537 W adbd    : timeout expired while flushing socket, closing
02-19 19:08:26.477 17952 17954 I artd    : GetBestInfo: odex next to the dex file (/data/app/~~O-UZzK0jUU9NLgS3MODOZA==/com.google.android.gms-YQ2L6GsYyKuvu9MvIBK1EQ==/oat/x86_64/split_CronetDynamite_installtime.odex) is kOatUpToDate with filter 'speed' executable 'false'
02-19 19:08:26.603 17952 17954 I artd    : GetBestInfo: odex next to the dex file (/data/app/~~O-UZzK0jUU9NLgS3MODOZA==/com.google.android.gms-YQ2L6GsYyKuvu9MvIBK1EQ==/oat/x86_64/split_DynamiteLoader_installtime.odex) is kOatUpToDate with filter 'speed' executable 'false'
02-19 19:08:26.634 17952 17955 I artd    : GetBestInfo: odex next to the dex file (/data/app/~~O-UZzK0jUU9NLgS3MODOZA==/com.google.android.gms-YQ2L6GsYyKuvu9MvIBK1EQ==/oat/x86_64/split_DynamiteModulesA_installtime.odex) is kOatUpToDate with filter 'speed' executable 'false'
02-19 19:08:26.876 17952 17955 I artd    : GetBestInfo: odex next to the dex file (/data/app/~~O-UZzK0jUU9NLgS3MODOZA==/com.google.android.gms-YQ2L6GsYyKuvu9MvIBK1EQ==/oat/x86_64/split_DynamiteModulesC_installtime.odex) is kOatUpToDate with filter 'speed' executable 'false'
02-19 19:08:26.892 17952 17955 I artd    : GetBestInfo: odex next to the dex file (/data/app/~~O-UZzK0jUU9NLgS3MODOZA==/com.google.android.gms-YQ2L6GsYyKuvu9MvIBK1EQ==/oat/x86_64/split_GoogleCertificates_installtime.odex) is kOatUpToDate with filter 'speed' executable 'false'
02-19 19:08:26.997 17952 17955 I artd    : GetBestInfo: odex next to the dex file (/data/app/~~O-UZzK0jUU9NLgS3MODOZA==/com.google.android.gms-YQ2L6GsYyKuvu9MvIBK1EQ==/oat/x86_64/split_MapsDynamite_installtime.odex) is kOatUpToDate with filter 'speed' executable 'false'
02-19 19:08:27.364 17952 17955 I artd    : GetBestInfo: odex next to the dex file (/data/app/~~O-UZzK0jUU9NLgS3MODOZA==/com.google.android.gms-YQ2L6GsYyKuvu9MvIBK1EQ==/oat/x86_64/split_MeasurementDynamite_installtime.odex) is kOatUpToDate with filter 'speed' executable 'false'
02-19 19:08:27.369 17952 17955 I artd    : GetBestInfo: /data/app/~~O-UZzK0jUU9NLgS3MODOZA==/com.google.android.gms-YQ2L6GsYyKuvu9MvIBK1EQ==/split_maps_core_dynamite_ondemand.apk has no usable artifacts
02-19 19:08:27.646 17952 17955 I artd    : GetBestInfo: /data/user_de/0/com.google.android.gms/app_chimera/m/0000000c/dl-Appsearch.optional_250834100800.apk has no usable artifacts
02-19 19:08:27.655 17952 17954 I artd    : GetBestInfo: /data/user_de/0/com.google.android.gms/app_chimera/m/00000001/CronetDynamite.apk has no usable artifacts
02-19 19:08:27.657 17952 17955 I artd    : GetBestInfo: /data/user_de/0/com.google.android.gms/app_chimera/m/00000002/DynamiteLoader.apk has no usable artifacts
02-19 19:08:27.660 17952 17955 I artd    : GetBestInfo: /data/user_de/0/com.google.android.gms/app_chimera/m/00000005/GoogleCertificates.apk has no usable artifacts
02-19 19:08:27.671 17952 17954 I artd    : GetBestInfo: /data/user_de/0/com.google.android.gms/app_chimera/m/00000009/dl-TfliteDynamiteDynamite.integ_252130102100800.apk has no usable artifacts
02-19 19:08:27.715 17952 17954 I artd    : GetBestInfo: vdex next to the dex file (/data/user/0/com.google.android.gms/app_dg_cache/BF7C023AB90CCF01D1F467FC1CEBAF866511FF29/oat/x86_64/the.vdex) is kOatUpToDate with filter 'verify' executable 'false'
02-19 19:08:27.724 17952 17955 I artd    : GetBestInfo: /data/user_de/0/com.google.android.gms/app_chimera/m/00000010/dl-PlayCloudSearch.optional_250834100000.apk has no usable artifacts
02-19 19:08:27.988 17952 17955 I artd    : GetBestInfo: /data/user_de/0/com.google.android.gms/app_chimera/m/00000017/dl-PlayCloudSearch.optional_260438100000.apk has no usable artifacts
02-19 19:08:28.000 17952 17955 I artd    : GetBestInfo: /data/user_de/0/com.google.android.gms/app_chimera/m/00000015/dl-MlkitOcrCommon.optional_260438100800.apk has no usable artifacts
02-19 19:08:28.019 17952 17955 I artd    : GetBestInfo: /data/user_de/0/com.google.android.gms/app_chimera/m/00000013/dl-MlkitBarcodeUi.optional_260438100800.apk has no usable artifacts
02-19 19:08:28.065 17952 17955 I artd    : GetBestInfo: /data/user_de/0/com.google.android.gms/app_chimera/m/0000000f/dl-MlkitOcrCommon.optional_250834100800.apk has no usable artifacts
02-19 19:08:28.079 17952 17954 I artd    : GetBestInfo: /data/user_de/0/com.google.android.gms/app_chimera/m/0000000d/dl-VisionOcr.optional_250834100000.apk has no usable artifacts
02-19 19:08:28.087 17952 17955 I artd    : GetBestInfo: /data/user_de/0/com.google.android.gms/app_chimera/m/0000000a/dl-MlkitBarcodeUi.optional_250834100800.apk has no usable artifacts
02-19 19:08:28.099 17952 17954 I artd    : GetBestInfo: /data/user_de/0/com.google.android.gms/app_chimera/m/00000011/dl-VisionOcr.optional_260438100000.apk has no usable artifacts
02-19 19:08:28.129 17952 17955 I artd    : GetBestInfo: /data/user_de/0/com.google.android.gms/app_chimera/m/00000012/dl-Appsearch.optional_260438100800.apk has no usable artifacts
02-19 19:08:28.166 17952 17955 I artd    : GetBestInfo: vdex next to the dex file (/data/user/0/com.google.android.gms/app_dg_cache/94DF452EEF4B8E717545DCDEA6CC3C50A319A195/oat/x86_64/the.vdex) is kOatUpToDate with filter 'verify' executable 'false'
02-19 19:08:28.266   537   537 W adbd    : timeout expired while flushing socket, closing
02-19 19:08:28.319 17952 17955 I artd    : GetBestInfo: /data/user_de/0/com.google.android.gms/app_chimera/m/00000007/MeasurementDynamite.apk has no usable artifacts
02-19 19:08:28.349 17952 17954 I artd    : GetBestInfo: /data/user_de/0/com.google.android.gms/app_chimera/m/00000018/dl-AdsFdrDynamite.integ_254380203100000.apk has no usable artifacts
02-19 19:08:28.447 16566 16566 W unknown:ReactContext: initializeMessageQueueThreads() is called.
02-19 19:08:28.943 18023 18023 W screencap: Thread Pool max thread count is 0. Cannot cache binder as linkToDeath cannot be implemented. serviceName: SurfaceFlingerAIDL
02-19 19:08:28.950 18023 18023 W BpBinder: Linking to death on android.gui.ISurfaceComposer but there are no threads (yet?) listening to incoming transactions. See ProcessState::startThreadPool and ProcessState::setThreadPoolMaxThreadCount. Generally you should setup the binder threadpool before other initialization steps.
02-19 19:08:28.953 18023 18023 W ProcessState: Extra binder thread started, but 0 threads requested. Do not use *startThreadPool when zero threads are requested.
02-19 19:08:29.188   531   590 E HwcComposer: getLuts failed Status(-8, EX_SERVICE_SPECIFIC): '8: '
02-19 19:08:29.190   531   590 E HWComposer: getLuts: getLuts failed for display 4619827259835644672: UNSUPPORTED (8)
02-19 19:08:29.395   752   935 W PackageConfigPersister: App-specific configuration not found for packageName: viva.republica.toss.test and userId: 0
