--------- beginning of main
02-19 22:14:45.396   752  1029 D InetDiagMessage: Destroyed 0 sockets, proto=IPPROTO_TCP, family=AF_INET6, states=14
02-19 22:14:45.397   752  1029 D InetDiagMessage: Destroyed live tcp sockets for uids={10168} in 3ms
02-19 22:14:45.398  7632  7632 D VRI[GraniteActivity]: visibilityChanged oldVisibility=true newVisibility=false
02-19 22:14:45.407   752  1029 D InetDiagMessage: Destroyed 0 sockets, proto=IPPROTO_TCP, family=AF_INET, states=14
--------- beginning of system
02-19 22:14:45.407   752   797 D CompatChangeReporter: Compat change id reported: 151861875; UID 10217; state: ENABLED
02-19 22:14:45.419   752  1029 D InetDiagMessage: Destroyed 0 sockets, proto=IPPROTO_TCP, family=AF_INET6, states=14
02-19 22:14:45.420   752  1029 D InetDiagMessage: Destroyed live tcp sockets for uids={20168} in 23ms
02-19 22:14:45.479  7632  7763 D nativeloader: Load /data/app/~~NUQj-rdXzuicW-16SIRtKA==/viva.republica.toss.test-Si406wFvb_sqEA2GTBV6RQ==/lib/x86_64/libc++_shared.so using class loader ns clns-9 (caller=<unknown>): ok
02-19 22:14:45.483  7632  7763 D nativeloader: Load /data/app/~~NUQj-rdXzuicW-16SIRtKA==/viva.republica.toss.test-Si406wFvb_sqEA2GTBV6RQ==/lib/x86_64/libglog.so using class loader ns clns-9 (caller=<unknown>): ok
02-19 22:14:45.491 19166 19176 D OverviewCommandHelper: command added: CommandInfo(type=TOGGLE, status=IDLE, createTime=118359338, animationCallbacks=null, displayId=0, isLastOfBatch=true)
02-19 22:14:45.494  7632  7763 D nativeloader: Load /data/app/~~NUQj-rdXzuicW-16SIRtKA==/viva.republica.toss.test-Si406wFvb_sqEA2GTBV6RQ==/lib/x86_64/libfolly_runtime.so using class loader ns clns-9 (caller=<unknown>): ok
02-19 22:14:45.497  7632  7763 D nativeloader: Load /data/app/~~NUQj-rdXzuicW-16SIRtKA==/viva.republica.toss.test-Si406wFvb_sqEA2GTBV6RQ==/lib/x86_64/libfbjni.so using class loader ns clns-9 (caller=<unknown>): ok
02-19 22:14:45.501  7632  7763 D nativeloader: Load /data/app/~~NUQj-rdXzuicW-16SIRtKA==/viva.republica.toss.test-Si406wFvb_sqEA2GTBV6RQ==/lib/x86_64/libjsi.so using class loader ns clns-9 (caller=<unknown>): ok
02-19 22:14:45.506  4449  4449 I vol.VolumeDialogImpl: mDialog.dismiss() reason: volume_controller from: com.android.systemui.volume.VolumeDialogImpl$7.onDismissRequested:3
02-19 22:14:45.507  7632  7763 D nativeloader: Load /data/app/~~NUQj-rdXzuicW-16SIRtKA==/viva.republica.toss.test-Si406wFvb_sqEA2GTBV6RQ==/lib/x86_64/libhermes.so using class loader ns clns-9 (caller=<unknown>): ok
02-19 22:14:45.513  7632  7763 D nativeloader: Load /data/app/~~NUQj-rdXzuicW-16SIRtKA==/viva.republica.toss.test-Si406wFvb_sqEA2GTBV6RQ==/lib/x86_64/libfb.so using class loader ns clns-9 (caller=<unknown>): ok
02-19 22:14:45.515 19166 19176 D OverviewCommandHelper: execute: CommandInfo(type=TOGGLE, status=IDLE, createTime=118359338, animationCallbacks=null, displayId=0, isLastOfBatch=true) - queue size: 1
02-19 22:14:45.515  7632  7763 D nativeloader: Load /data/app/~~NUQj-rdXzuicW-16SIRtKA==/viva.republica.toss.test-Si406wFvb_sqEA2GTBV6RQ==/lib/x86_64/libyoga.so using class loader ns clns-9 (caller=<unknown>): ok
02-19 22:14:45.524  7632  7763 D nativeloader: Load /data/app/~~NUQj-rdXzuicW-16SIRtKA==/viva.republica.toss.test-Si406wFvb_sqEA2GTBV6RQ==/lib/x86_64/libruntimeexecutor.so using class loader ns clns-9 (caller=<unknown>): ok
02-19 22:14:45.526  7632  7763 D nativeloader: Load /data/app/~~NUQj-rdXzuicW-16SIRtKA==/viva.republica.toss.test-Si406wFvb_sqEA2GTBV6RQ==/lib/x86_64/libreact_debug.so using class loader ns clns-9 (caller=<unknown>): ok
02-19 22:14:45.528  7632  7763 D nativeloader: Load /data/app/~~NUQj-rdXzuicW-16SIRtKA==/viva.republica.toss.test-Si406wFvb_sqEA2GTBV6RQ==/lib/x86_64/libglog_init.so using class loader ns clns-9 (caller=<unknown>): ok
02-19 22:14:45.530  7632  7763 D nativeloader: Load /data/app/~~NUQj-rdXzuicW-16SIRtKA==/viva.republica.toss.test-Si406wFvb_sqEA2GTBV6RQ==/lib/x86_64/libreact_utils.so using class loader ns clns-9 (caller=<unknown>): ok
02-19 22:14:45.533  7632  7763 D nativeloader: Load /data/app/~~NUQj-rdXzuicW-16SIRtKA==/viva.republica.toss.test-Si406wFvb_sqEA2GTBV6RQ==/lib/x86_64/libreact_render_mapbuffer.so using class loader ns clns-9 (caller=<unknown>): ok
02-19 22:14:45.536  7632  7763 D nativeloader: Load /data/app/~~NUQj-rdXzuicW-16SIRtKA==/viva.republica.toss.test-Si406wFvb_sqEA2GTBV6RQ==/lib/x86_64/libreact_render_graphics.so using class loader ns clns-9 (caller=<unknown>): ok
02-19 22:14:45.539  7632  7763 D nativeloader: Load /data/app/~~NUQj-rdXzuicW-16SIRtKA==/viva.republica.toss.test-Si406wFvb_sqEA2GTBV6RQ==/lib/x86_64/libreact_render_debug.so using class loader ns clns-9 (caller=<unknown>): ok
02-19 22:14:45.541  7632  7763 D nativeloader: Load /data/app/~~NUQj-rdXzuicW-16SIRtKA==/viva.republica.toss.test-Si406wFvb_sqEA2GTBV6RQ==/lib/x86_64/libreact_render_core.so using class loader ns clns-9 (caller=<unknown>): ok
02-19 22:14:45.543  7632  7763 D nativeloader: Load /data/app/~~NUQj-rdXzuicW-16SIRtKA==/viva.republica.toss.test-Si406wFvb_sqEA2GTBV6RQ==/lib/x86_64/libreact_render_runtimescheduler.so using class loader ns clns-9 (caller=<unknown>): ok
02-19 22:14:45.546  7632  7763 D nativeloader: Load /data/app/~~NUQj-rdXzuicW-16SIRtKA==/viva.republica.toss.test-Si406wFvb_sqEA2GTBV6RQ==/lib/x86_64/liblogger.so using class loader ns clns-9 (caller=<unknown>): ok
02-19 22:14:45.548  7632  7763 D nativeloader: Load /data/app/~~NUQj-rdXzuicW-16SIRtKA==/viva.republica.toss.test-Si406wFvb_sqEA2GTBV6RQ==/lib/x86_64/libreactperfloggerjni.so using class loader ns clns-9 (caller=<unknown>): ok
02-19 22:14:45.550  7632  7763 D nativeloader: Load /data/app/~~NUQj-rdXzuicW-16SIRtKA==/viva.republica.toss.test-Si406wFvb_sqEA2GTBV6RQ==/lib/x86_64/libjsinspector.so using class loader ns clns-9 (caller=<unknown>): ok
02-19 22:14:45.555  7632  7763 D nativeloader: Load /data/app/~~NUQj-rdXzuicW-16SIRtKA==/viva.republica.toss.test-Si406wFvb_sqEA2GTBV6RQ==/lib/x86_64/libreactnativejni.so using class loader ns clns-9 (caller=<unknown>): ok
02-19 22:14:45.566  7632  7763 D nativeloader: Load /data/app/~~NUQj-rdXzuicW-16SIRtKA==/viva.republica.toss.test-Si406wFvb_sqEA2GTBV6RQ==/lib/x86_64/libhermes_executor.so using class loader ns clns-9 (caller=<unknown>): ok
02-19 22:14:45.672 19166 19166 D OverviewCommandHelper: executing command: CommandInfo(type=TOGGLE, status=PROCESSING, createTime=118359338, animationCallbacks=null, displayId=0, isLastOfBatch=true)
02-19 22:14:45.673 19166 19166 D OverviewCommandHelper: executeCommand: CommandInfo(type=TOGGLE, status=PROCESSING, createTime=118359338, animationCallbacks=null, displayId=0, isLastOfBatch=true) - visibleRecentsView: null
02-19 22:14:45.695 19166 19166 D OverviewCommandHelper: Querying TaskbarManager for TaskbarUIController for display: 0
02-19 22:14:45.695 19166 19166 D OverviewCommandHelper: TaskbarUIController for display 0 was found
02-19 22:14:45.708 19166 19166 D TFOManager: playPanelCloseAnimation() duration=150 traceTag=LauncherOverlay-hide isHomeButtonTap=true
02-19 22:14:45.708 19166 19166 D TFOManager: Skipped creating panel close animation because -1 is invisible.
02-19 22:14:45.710 19166 19166 D StateManager: goToState - fromState: Normal, toState: Overview, partial trace:
02-19 22:14:45.710 19166 19166 D StateManager: 	at com.android.quickstep.LauncherActivityInterface.switchToRecentsIfVisible(go/retraceme 72a59688580715d19f0e415c69e80376c2f062d1648c80db6730905005a27c20:39)
02-19 22:14:45.710 19166 19166 D StateManager: 	at com.android.quickstep.OverviewCommandHelper.executeWhenRecentsIsNotVisible(go/retraceme 72a59688580715d19f0e415c69e80376c2f062d1648c80db6730905005a27c20:292)
02-19 22:14:45.710 19166 19166 D StateManager: 	at com.android.quickstep.OverviewCommandHelper.executeCommand(go/retraceme 72a59688580715d19f0e415c69e80376c2f062d1648c80db6730905005a27c20:49)
02-19 22:14:45.713 19166 19166 D OverviewCommandHelper: switching to Overview state - waiting: CommandInfo(type=TOGGLE, status=PROCESSING, createTime=118359338, animationCallbacks=null, displayId=0, isLastOfBatch=true)
02-19 22:14:45.713 19166 19166 D OverviewCommandHelper: command executed: CommandInfo(type=TOGGLE, status=PROCESSING, createTime=118359338, animationCallbacks=null, displayId=0, isLastOfBatch=true) with result: false
02-19 22:14:45.713 19166 19166 D OverviewCommandHelper: waiting for command callback: CommandInfo(type=TOGGLE, status=PROCESSING, createTime=118359338, animationCallbacks=null, displayId=0, isLastOfBatch=true)
02-19 22:14:45.732 19166 19166 D StateManager: onStateTransitionStart - state: Overview
02-19 22:14:45.732 19166 19166 D RecentsView: updateTaskStackListenerState: true
02-19 22:14:45.733 19166 19166 D RecentsView: reloadIfNeeded - getTasks: 902
02-19 22:14:45.735 19166 19166 D OverviewCommandHelper: switching to Overview state - onAnimationStart: CommandInfo(type=TOGGLE, status=PROCESSING, createTime=118359338, animationCallbacks=null, displayId=0, isLastOfBatch=true)
02-19 22:14:45.736 19166 19166 D StatsLog: LAUNCHER_OVERVIEW_SHOW_OVERVIEW_FROM_3_BUTTON
02-19 22:14:45.753   752   934 W ActivityTaskManager: getTaskSnapshot: taskId=184 not found
02-19 22:14:45.754   752   780 W ActivityTaskManager: takeTaskSnapshot: taskId=184 not found or not visible
02-19 22:14:45.759   752  1095 D BackgroundInstallControlService: Package event received: 0
02-19 22:14:45.769 19166 19166 D RecentsView: applyLoadPlan - taskGroups: [type=SINGLE task=[id=12 windowingMode=0 user=0 lastActiveTime=89737] null, type=SINGLE task=[id=49 windowingMode=1 user=0 lastActiveTime=87698314] null, type=SINGLE task=[id=192 windowingMode=1 user=0 lastActiveTime=118357718] null]
02-19 22:14:45.779  7632  7763 D ApplicationLoaders: Returning zygote-cached class loader: /system/framework/org.apache.http.legacy.jar
02-19 22:14:45.779  7632  7763 D ApplicationLoaders: Returning zygote-cached class loader: /system/framework/com.android.location.provider.jar
02-19 22:14:45.779  7632  7763 D ApplicationLoaders: Returning zygote-cached class loader: /system/framework/com.android.media.remotedisplay.jar
02-19 22:14:45.779  7632  7763 D ApplicationLoaders: Returning zygote-cached class loader: /system_ext/framework/androidx.window.extensions.jar
02-19 22:14:45.779  7632  7763 D ApplicationLoaders: Returning zygote-cached class loader: /system_ext/framework/androidx.window.sidecar.jar
02-19 22:14:45.835  7632  7763 D nativeloader: Configuring clns-13 for other apk /data/app/~~O-UZzK0jUU9NLgS3MODOZA==/com.google.android.gms-YQ2L6GsYyKuvu9MvIBK1EQ==/base.apk. target_sdk_version=36, uses_libraries=, library_path=/data/app/~~O-UZzK0jUU9NLgS3MODOZA==/com.google.android.gms-YQ2L6GsYyKuvu9MvIBK1EQ==/lib/x86_64:/data/app/~~O-UZzK0jUU9NLgS3MODOZA==/com.google.android.gms-YQ2L6GsYyKuvu9MvIBK1EQ==/base.apk!/lib/x86_64, permitted_path=/data:/mnt/expand:/data/user/0/com.google.android.gms
02-19 22:14:45.838  7632  7763 I blica.toss.test: AssetManager2(0x7d8fac432a98) locale list changing from [] to [en-US]
02-19 22:14:45.899  7632  7763 W System  : ClassLoader referenced unknown path: 
02-19 22:14:45.900  7632  7763 D nativeloader: Configuring clns-14 for other apk . target_sdk_version=36, uses_libraries=, library_path=/data/app/~~O-UZzK0jUU9NLgS3MODOZA==/com.google.android.gms-YQ2L6GsYyKuvu9MvIBK1EQ==/lib/x86_64:/data/app/~~O-UZzK0jUU9NLgS3MODOZA==/com.google.android.gms-YQ2L6GsYyKuvu9MvIBK1EQ==/base.apk!/lib/x86_64, permitted_path=/data:/mnt/expand:/data/user/0/com.google.android.gms
02-19 22:14:45.903  7632  7763 W DynamiteModule: Failed to load module via V2: java.lang.NoSuchFieldException: No field sClassLoader in class Lcom/google/android/gms/dynamite/DynamiteModule$DynamiteLoaderClassLoader; (declaration of 'com.google.android.gms.dynamite.DynamiteModule$DynamiteLoaderClassLoader' appears in /data/app/~~NUQj-rdXzuicW-16SIRtKA==/viva.republica.toss.test-Si406wFvb_sqEA2GTBV6RQ==/base.apk!classes2.dex)
02-19 22:14:45.915  7632  7763 I DynamiteModule: Considering local module com.google.android.gms.ads.dynamite:0 and remote module com.google.android.gms.ads.dynamite:254380203
02-19 22:14:45.915  7632  7763 I DynamiteModule: Selected remote version of com.google.android.gms.ads.dynamite, version >= 254380203
02-19 22:14:45.916 19166 20297 W HWUI    : Image decoding logging dropped!
02-19 22:14:45.974 19166 19172 W System  : A resource failed to call release. 
02-19 22:14:45.974 19166 19172 W System  : A resource failed to call release. 
02-19 22:14:45.974 19166 19172 W System  : A resource failed to call release. 
02-19 22:14:45.975 19166 19172 W System  : A resource failed to call release. 
02-19 22:14:45.975 19166 19172 W System  : A resource failed to call release. 
02-19 22:14:45.975 19166 19172 W System  : A resource failed to call release. 
02-19 22:14:45.978  7632  7763 D CompatChangeReporter: Compat change id reported: 312399441; UID 10217; state: ENABLED
02-19 22:14:46.025  7632  7763 I blica.toss.test: AssetManager2(0x7d8fac435978) locale list changing from [] to [en-US]
02-19 22:14:46.027  7632  7763 I blica.toss.test: AssetManager2(0x7d8fac43b418) locale list changing from [] to [en-US]
02-19 22:14:46.042  7632  7763 D DynamitePackage: Instantiated singleton DynamitePackage.
02-19 22:14:46.042  7632  7763 D DynamitePackage: Instantiating com.google.android.gms.ads.ChimeraMobileAdsSettingManagerCreatorImpl
02-19 22:14:46.067   531   531 I BpBinder: onLastStrongRef automatically unlinking death recipients: 
02-19 22:14:46.150 19166 19166 D StateManager: onStateTransitionEnd - state: Overview
02-19 22:14:46.152 19166 19166 I AiAiSuggestUi: Clearing suggestions.
02-19 22:14:46.152 19166 19166 I AiAiSuggestUi: Requesting to show indicators
02-19 22:14:46.153 19166 19166 I AiAiSuggestUi: Fetching contents, isPrimaryTask = false
02-19 22:14:46.155 19166 19166 D OverviewCommandHelper: switching to Overview state - onAnimationEnd: CommandInfo(type=TOGGLE, status=PROCESSING, createTime=118359338, animationCallbacks=null, displayId=0, isLastOfBatch=true)
02-19 22:14:46.156 19166 19166 D OverviewCommandHelper: command executed: CommandInfo(type=TOGGLE, status=PROCESSING, createTime=118359338, animationCallbacks=null, displayId=0, isLastOfBatch=true) with result: true
02-19 22:14:46.156 19166 19166 D OverviewCommandHelper: command executed successfully! CommandInfo(type=TOGGLE, status=COMPLETED, createTime=118359338, animationCallbacks=null, displayId=0, isLastOfBatch=true)
02-19 22:14:46.156 19166 19166 D OverviewCommandHelper: no pending commands to be executed.
02-19 22:14:46.158   752  2419 E ActivityTaskManager: Could not find activity for task 192
02-19 22:14:46.527  7632  7763 W blica.toss.test: Verification of void com.google.android.gms.ads.nonagon.b.<init>(com.google.android.gms.ads.nonagon.d, com.google.android.gms.ads.nonagon.ba) took 155.483ms (10515.62 bytecodes/s) (0B arena alloc)
02-19 22:14:46.585 19166 19200 I AiAiSuggestUi: Request suggestContentSelections complete, took: 431
02-19 22:14:46.585 19166 19200 I AiAiSuggestUi: Fetched content back in callback
02-19 22:14:46.586 19166 19166 I AiAiSuggestUi: Display indicators
02-19 22:14:46.663   752  2419 D ConnectivityService: requestNetwork for uid/pid:10217/7632 activeRequest: null callbackRequest: 1152 [NetworkRequest [ REQUEST id=1153, [ Capabilities: INTERNET&NOT_RESTRICTED&TRUSTED&NOT_VCN_MANAGED&NOT_BANDWIDTH_CONSTRAINED Uid: 10217 RequestorUid: 10217 RequestorPkg: viva.republica.toss.test UnderlyingNetworks: Null] ]] callback flags: 0 order: 2147483647 isUidTracked: false declaredMethods: AVAIL|LOST
02-19 22:14:46.665   752  1023 D OemPaidWifiNetworkFactory: got request NetworkRequest [ REQUEST id=1153, [ Capabilities: INTERNET&NOT_RESTRICTED&TRUSTED&NOT_VCN_MANAGED&NOT_BANDWIDTH_CONSTRAINED Uid: 10217 RequestorUid: 10217 RequestorPkg: viva.republica.toss.test UnderlyingNetworks: Null] ]
02-19 22:14:46.665   752  1023 D MultiInternetWifiNetworkFactory: got request NetworkRequest [ REQUEST id=1153, [ Capabilities: INTERNET&NOT_RESTRICTED&TRUSTED&NOT_VCN_MANAGED&NOT_BANDWIDTH_CONSTRAINED Uid: 10217 RequestorUid: 10217 RequestorPkg: viva.republica.toss.test UnderlyingNetworks: Null] ]
02-19 22:14:46.665   752  1023 D WifiNetworkFactory: got request NetworkRequest [ REQUEST id=1153, [ Capabilities: INTERNET&NOT_RESTRICTED&TRUSTED&NOT_VCN_MANAGED&NOT_BANDWIDTH_CONSTRAINED Uid: 10217 RequestorUid: 10217 RequestorPkg: viva.republica.toss.test UnderlyingNetworks: Null] ]
02-19 22:14:46.665   752  1023 D UntrustedWifiNetworkFactory: got request NetworkRequest [ REQUEST id=1153, [ Capabilities: INTERNET&NOT_RESTRICTED&TRUSTED&NOT_VCN_MANAGED&NOT_BANDWIDTH_CONSTRAINED Uid: 10217 RequestorUid: 10217 RequestorPkg: viva.republica.toss.test UnderlyingNetworks: Null] ]
02-19 22:14:46.665   752  1029 D ConnectivityService: NetReassign [1153 : null → 108] [c 0] [a 1] [i 1]
02-19 22:14:46.799  7632  7763 D DynamitePackage: Instantiating com.google.android.gms.ads.ChimeraAdPreloaderCreatorImpl
02-19 22:14:46.860  7632  7632 I Ads     : Destroyed all ad preloaders for ad format: REWARDED
02-19 22:14:46.870  7632  7632 I Ads     : Destroyed all ad preloaders for ad format: INTERSTITIAL
02-19 22:14:46.899  7632  7632 W WindowOnBackDispatcher: sendCancelIfRunning: isInProgress=false callback=android.view.ViewRootImpl$$ExternalSyntheticLambda13@8c06677
02-19 22:14:46.900   752   780 D CoreBackPreview: Window{938d139 u0 viva.republica.toss.test/im.toss.rn.granite.core.GraniteActivity}: Setting back callback null
02-19 22:14:46.902  7632  7632 D ViewRootImpl: Skipping stats log for color mode
02-19 22:14:46.931  7632  7763 W unknown:ReactContext: initializeMessageQueueThreads() is called.
02-19 22:14:46.952  7632  7632 I Choreographer: Skipped 75 frames!  The application may be doing too much work on its main thread.
02-19 22:14:46.970  3453  3453 D BoundBrokerSvc: onRebind: Intent { act=com.google.android.gms.appset.service.START dat=chimera-action:/... xflg=0x4 cmp=com.google.android.gms/.chimera.GmsApiService }
02-19 22:14:46.980   752  1095 D BackgroundInstallControlService: Package event received: 0
02-19 22:14:46.980 19829 19829 I Finsky  : [2] Current account updated in PVS
02-19 22:14:46.984 19829 19965 I Finsky  : [69] Current account updated in PVS
02-19 22:14:46.987 19829 19966 I Finsky  : [70] Current account updated in PVS
02-19 22:14:46.989   752  1095 D BackgroundInstallControlService: Package event received: 0
02-19 22:14:47.003 19166 19166 D RecentsView: onTaskRemoved: 192
02-19 22:14:47.003 19166 19166 D RecentsView: onTaskRemoved: 192
02-19 22:14:47.028  7632  7787 D nativeloader: Load /data/data/viva.republica.toss.test/libtcj.so using class loader ns clns-9 (caller=<unknown>): ok
02-19 22:14:47.012  7632  7632 W mqt_js  : type=1400 audit(0.0:542): avc:  granted  { execute } for  path="/data/data/viva.republica.toss.test/libtcj.so" dev="dm-55" ino=364140 scontext=u:r:untrusted_app:s0:c217,c256,c512,c768 tcontext=u:object_r:app_data_file:s0:c217,c256,c512,c768 tclass=file app=viva.republica.toss.test
02-19 22:14:47.155   752   795 W ActivityTaskManager: callingPackage for (uid=-1, pid=0) has no WPC
02-19 22:14:47.155   752   795 W ActivityStartInterceptor: Starting home with component specified, uid=0
02-19 22:14:47.157   752   795 W OptProp : Cannot read opt property android.window.PROPERTY_COMPAT_ALLOW_USER_ASPECT_RATIO_OVERRIDE
02-19 22:14:47.157   752   795 W OptProp : Cannot read opt property android.window.PROPERTY_COMPAT_ALLOW_USER_ASPECT_RATIO_FULLSCREEN_OVERRIDE
02-19 22:14:47.157   752   795 W OptProp : Cannot read opt property android.window.PROPERTY_COMPAT_ALLOW_RESIZEABLE_ACTIVITY_OVERRIDES
02-19 22:14:47.158   752   795 W OptProp : Cannot read opt property android.window.PROPERTY_COMPAT_ALLOW_MIN_ASPECT_RATIO_OVERRIDE
02-19 22:14:47.158   752   795 V GrammaticalInflectionUtils: AttributionSource: android.content.AttributionSource@1abea79a does not have READ_SYSTEM_GRAMMATICAL_GENDER permission.
02-19 22:14:47.162  4449  4511 D KeyguardService: setOccluded(false)
02-19 22:14:47.162  4449  4511 D KeyguardViewMediator: setOccluded(false)
02-19 22:14:47.163   752   795 I ActivityTaskManager: START u0 {act=android.intent.action.MAIN cat=[android.intent.category.HOME] flg=0x10000100 cmp=com.google.android.apps.nexuslauncher/.NexusLauncherActivity (has extras)} with LAUNCH_SINGLE_TASK from uid 0 (BAL_ALLOW_ALLOWLISTED_UID) result code=3
02-19 22:14:47.165  4449  4467 D WindowManagerShell: onActivityRestartAttempt: topActivity=ComponentInfo{com.google.android.apps.nexuslauncher/com.google.android.apps.nexuslauncher.NexusLauncherActivity}, wasVisible=true
02-19 22:14:47.174  4449  4449 D KeyguardViewMediator: handleSetOccluded(false)
02-19 22:14:47.175  4449  4449 D KeyguardViewMediator: KeyguardViewMediator queue processing message: SET_OCCLUDED
02-19 22:14:47.176  4449  4449 I vol.VolumeDialogImpl: mDialog.dismiss() reason: volume_controller from: com.android.systemui.volume.VolumeDialogImpl$7.onDismissRequested:3
02-19 22:14:47.178   752  2419 D ConnectivityService: requestNetwork for uid/pid:10217/7632 activeRequest: null callbackRequest: 1154 [NetworkRequest [ REQUEST id=1155, [ Capabilities: INTERNET&NOT_RESTRICTED&TRUSTED&NOT_VCN_MANAGED&NOT_BANDWIDTH_CONSTRAINED Uid: 10217 RequestorUid: 10217 RequestorPkg: viva.republica.toss.test UnderlyingNetworks: Null] ]] callback flags: 0 order: 2147483647 isUidTracked: false declaredMethods: AVAIL|LOST|NC|LP
02-19 22:14:47.179 19166 19166 W SplitSelectStateCtor: Missing session instanceIds
02-19 22:14:47.179 19166 19166 D StatsLog: LAUNCHER_SPLIT_SELECTION_EXIT_INTERRUPTED
02-19 22:14:47.182   752  2368 D CompatChangeReporter: Compat change id reported: 319212206; UID 10217; state: ENABLED
02-19 22:14:47.183 19166 19166 D StateManager: goToState - fromState: Overview, toState: Normal, partial trace:
02-19 22:14:47.183 19166 19166 D StateManager: 	at com.android.launcher3.Launcher.onNewIntent(go/retraceme 72a59688580715d19f0e415c69e80376c2f062d1648c80db6730905005a27c20:116)
02-19 22:14:47.183 19166 19166 D StateManager: 	at com.android.launcher3.uioverrides.QuickstepLauncher.onNewIntent(go/retraceme 72a59688580715d19f0e415c69e80376c2f062d1648c80db6730905005a27c20:1)
02-19 22:14:47.183 19166 19166 D StateManager: 	at com.google.android.apps.nexuslauncher.NexusLauncherActivity.onNewIntent(go/retraceme 72a59688580715d19f0e415c69e80376c2f062d1648c80db6730905005a27c20:1)
02-19 22:14:47.183 19166 19166 D RecentsView: finishRecentsAnimation - mRecentsAnimationController: null
02-19 22:14:47.183 19166 19166 D RecentsView: cleanupRemoteTargets - mRemoteTargetHandles: null
02-19 22:14:47.185 19166 19166 D TFOManager: playPanelCloseAnimation() duration=200 traceTag=LauncherOverlay-hide isHomeButtonTap=true
02-19 22:14:47.185 19166 19166 D TFOManager: Skipped creating panel close animation because -1 is invisible.
02-19 22:14:47.186 19166 19166 D OverviewCommandHelper: clearing pending commands: []
02-19 22:14:47.187 19166 19166 D StatsLog: LAUNCHER_ONRESUME
02-19 22:14:47.189   752  1029 D ConnectivityService: NetReassign [1155 : null → 108] [c 2] [a 3] [i 6]
02-19 22:14:47.190 19166 19190 D QuickstepModelDelegate: notifyAppTargetEvent action=1 launchLocation=
02-19 22:14:47.195   752  1029 D ConnectivityService: NetReassign [no changes] [c 0] [a 2] [i 2]
02-19 22:14:47.199   752  1023 D OemPaidWifiNetworkFactory: got request NetworkRequest [ REQUEST id=1155, [ Capabilities: INTERNET&NOT_RESTRICTED&TRUSTED&NOT_VCN_MANAGED&NOT_BANDWIDTH_CONSTRAINED Uid: 10217 RequestorUid: 10217 RequestorPkg: viva.republica.toss.test UnderlyingNetworks: Null] ]
02-19 22:14:47.200   752  1023 D MultiInternetWifiNetworkFactory: got request NetworkRequest [ REQUEST id=1155, [ Capabilities: INTERNET&NOT_RESTRICTED&TRUSTED&NOT_VCN_MANAGED&NOT_BANDWIDTH_CONSTRAINED Uid: 10217 RequestorUid: 10217 RequestorPkg: viva.republica.toss.test UnderlyingNetworks: Null] ]
02-19 22:14:47.205   752  1023 D WifiNetworkFactory: got request NetworkRequest [ REQUEST id=1155, [ Capabilities: INTERNET&NOT_RESTRICTED&TRUSTED&NOT_VCN_MANAGED&NOT_BANDWIDTH_CONSTRAINED Uid: 10217 RequestorUid: 10217 RequestorPkg: viva.republica.toss.test UnderlyingNetworks: Null] ]
02-19 22:14:47.205   752  1023 D UntrustedWifiNetworkFactory: got request NetworkRequest [ REQUEST id=1155, [ Capabilities: INTERNET&NOT_RESTRICTED&TRUSTED&NOT_VCN_MANAGED&NOT_BANDWIDTH_CONSTRAINED Uid: 10217 RequestorUid: 10217 RequestorPkg: viva.republica.toss.test UnderlyingNetworks: Null] ]
02-19 22:14:47.237 19166 19166 D StateManager: onStateTransitionStart - state: Normal
02-19 22:14:47.237 19166 19166 D RecentsView: updateTaskStackListenerState: false
02-19 22:14:47.238 19166 19166 I NotificationListener: Handling notification state refresh for com.google.android.adservices.api#0
02-19 22:14:47.238 19166 19166 I NotificationListener: Handling notification state refresh for android#0
02-19 22:14:47.238 19166 19166 I NotificationListener: Handling notification state refresh for com.android.systemui#0
02-19 22:14:47.239 19166 19166 D OverviewActionsView: updateForGroupedTask() called with: isGroupedTask = [false], canSaveAppPair = [false]
02-19 22:14:47.239 19166 19166 D OverviewActionsView: updateActionButtonsVisibility() called: showSingleTaskActions = [true], showGroupActions = [false]
02-19 22:14:47.245   531   549 I BpBinder: onLastStrongRef automatically unlinking death recipients: 
02-19 22:14:47.246   752  1095 D BackgroundInstallControlService: Package event received: 0
02-19 22:14:47.250   537   537 W adbd    : timeout expired while flushing socket, closing
02-19 22:14:47.267  1971  2198 I AiAiEcho: Predicting[0]:  [CONTEXT sampling_count=5 ]
02-19 22:14:47.267  1971  2198 I AiAiEcho: EchoTargets: 
02-19 22:14:47.267  1971  2198 I AiAiEcho: Filtered by AiAi flag check: 
02-19 22:14:47.267  1971  2198 I AiAiEcho: [CONTEXT ratelimit_period="10 SECONDS" ]
02-19 22:14:47.268  1971  2198 I AiAiEcho: #remoteViewsTwiddler: feature disabled.
02-19 22:14:47.271  1971  2198 I AiAiEcho: #postPredictionTargets: Sending updates to UISurface home with targets# 0 (types=[])
02-19 22:14:47.326 19166 19166 D SsBaseTemplateCard: No text view can be set up
02-19 22:14:47.326 19166 19166 D SsBaseTemplateCard: Passed-in item info is null
02-19 22:14:47.326 19166 19166 D SsBaseTemplateCard: Passed-in item info is null
02-19 22:14:47.326 19166 19166 D SsBaseTemplateCard: Passed-in item info is null
02-19 22:14:47.327 19166 19166 I SsBaseTemplateCard: Secondary card pane is null
02-19 22:14:47.412  7632  7676 W cr_media: BLUETOOTH_CONNECT permission is missing.
02-19 22:14:47.420  7632  7676 W cr_media: getBluetoothAdapter() requires BLUETOOTH permission
02-19 22:14:47.420  7632  7676 W cr_media: registerBluetoothIntentsIfNeeded: Requires BLUETOOTH permission
02-19 22:14:47.471  7632  7800 W libc    : Access denied finding property "vendor.mesa.log"
02-19 22:14:47.471  7632  7800 W libc    : Access denied finding property "vendor.mesa.log.file"
02-19 22:14:47.471  7632  7800 E MESA    : Failed to open rendernode: No such file or directory
02-19 22:14:47.491   537   537 W adbd    : timeout expired while flushing socket, closing
02-19 22:14:47.512 19166 19166 D StateManager: onStateTransitionEnd - state: Normal
02-19 22:14:47.519 19166 19166 D RecentsView: reset - mEnableDrawingLiveTile: false, mRecentsAnimationController: null
02-19 22:14:47.520 19166 19166 I AiAiSuggestUi: Clearing suggestions.
02-19 22:14:47.521 19166 19166 I AiAiSuggestUi: Clearing suggestions.
02-19 22:14:47.522 19166 19166 D ActivityAllAppsContainerView: rebindAdapters: force: false
02-19 22:14:47.523 19166 19166 D ActivityAllAppsContainerView: rebindAdapters: Not needed.
02-19 22:14:47.534 19166 19166 D OverviewActionsView: updateForGroupedTask() called with: isGroupedTask = [false], canSaveAppPair = [false]
02-19 22:14:47.534 19166 19166 D OverviewActionsView: updateActionButtonsVisibility() called: showSingleTaskActions = [true], showGroupActions = [false]
02-19 22:14:47.542  7659  7679 I cr_LibraryLoader: Successfully loaded native library
02-19 22:14:47.543  7659  7679 I cr_CachingUmaRecorder: Flushed 2 samples from 2 histograms, 0 samples were dropped.
02-19 22:14:47.561  7632  7800 D vulkan  : searching for layers in '/data/app/~~NUQj-rdXzuicW-16SIRtKA==/viva.republica.toss.test-Si406wFvb_sqEA2GTBV6RQ==/lib/x86_64'
02-19 22:14:47.562  7632  7800 D vulkan  : searching for layers in '/data/app/~~NUQj-rdXzuicW-16SIRtKA==/viva.republica.toss.test-Si406wFvb_sqEA2GTBV6RQ==/base.apk!/lib/x86_64'
02-19 22:14:47.595  7632  7800 W libc    : Access denied finding property "vendor.mesa.vk.trace.per.submit"
02-19 22:14:47.596  7632  7800 W libc    : Access denied finding property "vendor.mesa.gallium.print.optio"
02-19 22:14:47.596  7632  7800 W libc    : Access denied finding property "vendor.mesa.vk.trace.frame"
02-19 22:14:47.606  7632  7800 W libc    : Access denied finding property "vendor.mesa.vk.wsi.headless.swa"
02-19 22:14:47.625  7632  7800 I EGL_emulation: Opening libGLESv1_CM_emulation.so
02-19 22:14:47.631  7632  7800 I EGL_emulation: Opening libGLESv2_emulation.so
02-19 22:14:47.637  7659  7679 W SystemServiceRegistry: No service published for: uimode
02-19 22:14:47.799  7659  7679 W chromium: [WARNING:runtime_features.cc(560)] Fenced frames cannot be enabled in this configuration. Use --enable-features=FencedFrames instead.
02-19 22:14:47.800  7659  7679 W chromium: [WARNING:runtime_features.cc(585)] Topics cannot be enabled in this configuration. Use --enable-features=BrowsingTopics in addition.
02-19 22:14:47.800  7659  7679 W chromium: [WARNING:runtime_features.cc(606)] SharedStorage cannot be enabled in this configuration. Use --enable-features=SharedStorageAPI in addition.
02-19 22:14:48.146  7632  7800 W chromium: [WARNING:viz_main_impl.cc(85)] VizNullHypothesis is disabled (not a warning)
02-19 22:14:48.421 19301 19311 I FontLog : (REDACTED) Received query %s, URI %s
02-19 22:14:48.421 19301 19311 I FontLog : (REDACTED) Query [%s] resolved to %s
02-19 22:14:48.423 19301 19311 I FontLog : (REDACTED) Font PFD returned from cache for %s
02-19 22:14:48.423 19301 19311 I FontLog : (REDACTED) Fetch %s end status %s
02-19 22:14:48.452 19301 19311 I FontLog : (REDACTED) Pulling font file for id = %d, cache size = %d
02-19 22:14:48.458 19301 19311 I FontLog : (REDACTED) Received query %s, URI %s
02-19 22:14:48.458 19301 19311 I FontLog : (REDACTED) Query [%s] resolved to %s
02-19 22:14:48.461 19301 19311 I FontLog : (REDACTED) Fetch %s end status %s
02-19 22:14:48.650 19301 19311 I FontLog : (REDACTED) Pulling font file for id = %d, cache size = %d
02-19 22:14:48.653 19301 19311 I FontLog : (REDACTED) Received query %s, URI %s
02-19 22:14:48.653 19301 19311 I FontLog : (REDACTED) Query [%s] resolved to %s
02-19 22:14:48.654 19301 19311 I FontLog : (REDACTED) Font PFD returned from cache for %s
02-19 22:14:48.654 19301 19311 I FontLog : (REDACTED) Fetch %s end status %s
02-19 22:14:48.656 19301 19311 I FontLog : (REDACTED) Pulling font file for id = %d, cache size = %d
02-19 22:14:48.658 19301 19311 I FontLog : (REDACTED) Received query %s, URI %s
02-19 22:14:48.658 19301 19311 I FontLog : (REDACTED) Query [%s] resolved to %s
02-19 22:14:48.659 19301 19311 I FontLog : (REDACTED) Font PFD returned from cache for %s
02-19 22:14:48.659 19301 19311 I FontLog : (REDACTED) Fetch %s end status %s
02-19 22:14:48.661 19301 19311 I FontLog : (REDACTED) Pulling font file for id = %d, cache size = %d
02-19 22:14:48.664 19301 19311 I FontLog : (REDACTED) Received query %s, URI %s
02-19 22:14:48.664 19301 19311 I FontLog : (REDACTED) Query [%s] resolved to %s
02-19 22:14:48.665 19301 19311 I FontLog : (REDACTED) Font PFD returned from cache for %s
02-19 22:14:48.665 19301 19311 I FontLog : (REDACTED) Fetch %s end status %s
02-19 22:14:48.666 19301 19311 I FontLog : (REDACTED) Pulling font file for id = %d, cache size = %d
02-19 22:14:48.785  7817  7817 W dumpsys : Thread Pool max thread count is 0. Cannot cache binder as linkToDeath cannot be implemented. serviceName: window
02-19 22:14:49.021   752  1456 W ActivityTaskManager: callingPackage for (uid=2000, pid=7822) has no WPC
02-19 22:14:49.022   752  1456 V GrammaticalInflectionUtils: AttributionSource: android.content.AttributionSource@56784557 does not have READ_SYSTEM_GRAMMATICAL_GENDER permission.
02-19 22:14:49.022   752  1456 W OptProp : Cannot read opt property android.window.PROPERTY_COMPAT_ALLOW_USER_ASPECT_RATIO_OVERRIDE
02-19 22:14:49.022   752  1456 W OptProp : Cannot read opt property android.window.PROPERTY_COMPAT_ALLOW_USER_ASPECT_RATIO_FULLSCREEN_OVERRIDE
02-19 22:14:49.022   752  1456 W OptProp : Cannot read opt property android.window.PROPERTY_COMPAT_ALLOW_RESIZEABLE_ACTIVITY_OVERRIDES
02-19 22:14:49.023   752  1456 W OptProp : Cannot read opt property android.window.PROPERTY_COMPAT_ALLOW_MIN_ASPECT_RATIO_OVERRIDE
02-19 22:14:49.025   752  1456 W OptProp : Cannot read opt property android.window.PROPERTY_COMPAT_ALLOW_ORIENTATION_OVERRIDE
02-19 22:14:49.029   752  1456 I ActivityTaskManager: START u0 {act=android.intent.action.VIEW dat=intoss://takealook/... flg=0x10000000 xflg=0x4 pkg=viva.republica.toss.test cmp=viva.republica.toss.test/.MiniAppSchemeActivity} with LAUNCH_MULTIPLE from uid 2000 (BAL_ALLOW_PERMISSION) result code=0
02-19 22:14:49.031  4449  4467 V WindowManagerShell: Transition requested (#1150): android.os.BinderProxy@f50824 TransitionRequestInfo { type = OPEN, triggerTask = TaskInfo{userId=0 taskId=193 effectiveUid=10217 displayId=0 isRunning=true baseIntent=Intent { act=android.intent.action.VIEW dat=intoss://takealook/... flg=0x10000000 pkg=viva.republica.toss.test cmp=viva.republica.toss.test/.MiniAppSchemeActivity } baseActivity=ComponentInfo{viva.republica.toss.test/viva.republica.toss.test.MiniAppSchemeActivity} topActivity=ComponentInfo{viva.republica.toss.test/viva.republica.toss.test.MiniAppSchemeActivity} origActivity=null realActivity=ComponentInfo{viva.republica.toss.test/viva.republica.toss.test.MiniAppSchemeActivity} numActivities=1 lastActiveTime=118362875 supportsMultiWindow=true resizeMode=1 isResizeable=true minWidth=-1 minHeight=-1 defaultMinSize=220 token=WCT{android.window.IWindowContainerToken$Stub$Proxy@a79f8d} topActivityType=1 pictureInPictureParams=null shouldDockBigOverlays=false launchIntoPipHostTaskId=-1 lastParentTaskIdBeforePip=-1 displayCutoutSafeInsets=Rect(0, 0 - 0, 0) topActivityInfo=ActivityInfo{e0a1542 viva.republica.toss.test.MiniAppSchemeActivity} launchCookies=[] positionInParent=Point(0, 0) parentTaskId=-1 isFocused=false isVisible=false isVisibleRequested=false isTopActivityNoDisplay=false isSleeping=false locusId=null displayAreaFeatureId=1 isTopActivityTransparent=true isActivityStackTransparent=true lastNonFullscreenBounds=Rect(284, 660 - 796, 1740) capturedLink=null capturedLinkTimestamp=0 requestedVisibleTypes=-9 topActivityRequestOpenInBrowserEducationTimestamp=0 appCompatTaskInfo=AppCompatTaskInfo { topActivityInSizeCompat=false eligibleForLetterboxEducation= false isLetterboxEducationEnabled= true isLetterboxDoubleTapEnabled= false eligibleForUserAspectRatioButton= false topActivityBoundsLetterboxed= false isFromLetterboxDoubleTap= false topActivityLetterboxVerticalPosition= -1 topActivityLetterboxHorizontalPosition= -1 topActivityLetterboxWidth=-1 topActivityLetterboxHeight=-1 topActivityAppBounds=Rect(0, 0 - 1080, 2400) isUserFullscreenOverrideEnabled=false isSystemFullscreenOverrideEnabled=false hasMinAspectRatioOverride=false topActivityLetterboxBounds=null cameraCompatTaskInfo=CameraCompatTaskInfo { freeformCameraCompatMode=inactive}} topActivityMainWindowFrame=null}, pipChange = null, remoteTransition = null, displayChange = null, flags = 0, debugId = 1150 }
02-19 22:14:49.031  4449  4467 D ShellSplitScreen: logExit: no-op, mLoggerSessionId is null
02-19 22:14:49.060 19166 19166 W SplitSelectStateCtor: Missing session instanceIds
02-19 22:14:49.061 19166 19166 D StatsLog: LAUNCHER_SPLIT_SELECTION_EXIT_INTERRUPTED
02-19 22:14:49.064   752  1095 D BackgroundInstallControlService: Package event received: 0
02-19 22:14:49.068   752  2368 W OptProp : Cannot read opt property android.window.PROPERTY_COMPAT_ENABLE_FAKE_FOCUS
02-19 22:14:49.085  4449  4467 D WindowManagerShell: setLauncherKeepClearAreaHeight: visible=false, height=527
02-19 22:14:49.110   615   715 W IPCThreadState: Sending oneway calls to frozen process.
02-19 22:14:49.112   531   549 I BpBinder: onLastStrongRef automatically unlinking death recipients: 
02-19 22:14:49.176   531   531 I BpBinder: onLastStrongRef automatically unlinking death recipients: 
02-19 22:14:49.179   752  1095 D BackgroundInstallControlService: Package event received: 0
02-19 22:14:49.183   752  1095 D BackgroundInstallControlService: Package event received: 0
02-19 22:14:49.183   752  1095 D BackgroundInstallControlService: Package event received: 0
02-19 22:14:49.183   752  1095 D BackgroundInstallControlService: Package event received: 0
02-19 22:14:49.183   752  1095 D BackgroundInstallControlService: Package event received: 0
02-19 22:14:49.183   752  1095 D BackgroundInstallControlService: Package event received: 0
02-19 22:14:49.183   752  1095 D BackgroundInstallControlService: Package event received: 0
02-19 22:14:49.187  7632  7632 I Ads     : JS: The jsLoaded GMSG has been sent (https://googleads.g.doubleclick.net/mads/static/sdk/native/sdk-core-v40.html:1025)
02-19 22:14:49.272  7632  7714 W HWUI    : Failed to choose config with EGL_SWAP_BEHAVIOR_PRESERVED, retrying without...
02-19 22:14:49.272  7632  7714 W HWUI    : Failed to initialize 101010-2 format, error = EGL_SUCCESS
02-19 22:14:49.282  7632  7632 I blica.toss.test: AssetManager2(0x7d8fac43add8) locale list changing from [] to [en-US]
02-19 22:14:49.491   752  2368 D CoreBackPreview: Window{44b4d07 u0 viva.republica.toss.test/viva.republica.toss.test.MiniAppSchemeActivity}: Setting back callback OnBackInvokedCallbackInfo{mCallback=android.window.IOnBackInvokedCallback$Stub$Proxy@f82e45d, mPriority=0, mIsAnimationCallback=false, mOverrideBehavior=0}
02-19 22:14:49.585  4449  4461 V WindowManagerShell: onTransitionReady(transaction=3229815439493)
02-19 22:14:49.586  4449  4467 V WindowManagerShell: onTransitionReady (#1150) android.os.BinderProxy@f50824: {id=1150 t=OPEN f=0x0 trk=0 r=[0@Point(0, 0)] c=[
02-19 22:14:49.586  4449  4467 V WindowManagerShell:         {m=OPEN f=TRANSLUCENT leash=Surface(name=Task=193)/@0xfd15953 sb=Rect(0, 0 - 1080, 2400) eb=Rect(0, 0 - 1080, 2400) epz=Point(1080, 2400) d=0 taskParent=-1}
02-19 22:14:49.586  4449  4467 V WindowManagerShell:     ]}
02-19 22:14:49.587  4449  4467 V WindowManagerShell: Playing animation for (#1150) android.os.BinderProxy@f50824@0
02-19 22:14:49.587  4449  4467 V ShellRecents: RecentsTransitionHandler.startAnimation: no controller found
02-19 22:14:49.587  4449  4467 V WindowManagerShell: Transition doesn't have explicit remote, search filters for match for {id=1150 t=OPEN f=0x0 trk=0 r=[0@Point(0, 0)] c=[{m=OPEN f=TRANSLUCENT leash=Surface(name=Task=193)/@0xfd15953 sb=Rect(0, 0 - 1080, 2400) eb=Rect(0, 0 - 1080, 2400) epz=Point(1080, 2400) d=0 taskParent=-1}]}
02-19 22:14:49.587  4449  4467 V WindowManagerShell:  Checking filter Pair{{types=[] flags=0x0] notFlags=0x0 checks=[{atype=undefined independent=true modes=[CLOSE,TO_BACK] flags=IN_TASK_WITH_EMBEDDED_ACTIVITY mustBeTask=false order=ANY topActivity=null launchCookie=null taskFragmentToken=android.os.BinderProxy@71546f0 windowingMode=undefined}]} RemoteTransition { remoteTransition = android.window.IRemoteTransition$Stub$Proxy@d4c8469, appThread = android.app.IApplicationThread$Stub$Proxy@c228eee, debugName = overlayBackTransition }}
02-19 22:14:49.588  4449  4467 V WindowManagerShell:  Checking filter Pair{{types=[] flags=0x0] notFlags=0x0 checks=[{atype=dream independent=true modes=[OPEN,TO_FRONT] flags=NONE mustBeTask=false order=ANY topActivity=null launchCookie=null windowingMode=undefined},{atype=home independent=true modes=[CLOSE,TO_BACK] flags=NONE mustBeTask=false order=ANY topActivity=null launchCookie=null windowingMode=undefined}]} RemoteTransition { remoteTransition = android.window.IRemoteTransition$Stub$Proxy@c578f8f, appThread = android.app.IApplicationThread$Stub$Proxy@69fe21c, debugName = LauncherToDream }}
02-19 22:14:49.588  4449  4467 V WindowManagerShell:  Checking filter Pair{{types=[] flags=0x0] notFlags=0x100 checks=[{atype=home independent=true modes=[OPEN,TO_FRONT] flags=NONE mustBeTask=false order=TOP topActivity=ComponentInfo{com.google.android.apps.nexuslauncher/com.google.android.apps.nexuslauncher.NexusLauncherActivity} launchCookie=null windowingMode=undefined},{atype=standard independent=true modes=[CLOSE,TO_BACK] flags=NONE mustBeTask=false order=ANY topActivity=null launchCookie=null windowingMode=undefined},{NOT atype=undefined independent=true modes=[] flags=NONE mustBeTask=true order=ANY topActivity=null launchCookie=null customAnim=true windowingMode=undefined}]} RemoteTransition { remoteTransition = android.window.IRemoteTransition$Stub$Proxy@69ffe25, appThread = android.app.IApplicationThread$Stub$Proxy@72cabfa, debugName = QuickstepLaunchHome }}
02-19 22:14:49.588  4449  4467 V WindowManagerShell:  Checking filter Pair{{types=[] flags=0x0] notFlags=0x0 checks=[{atype=undefined independent=true modes=[CLOSE,TO_BACK] flags=IN_TASK_WITH_EMBEDDED_ACTIVITY mustBeTask=false order=ANY topActivity=null launchCookie=null taskFragmentToken=android.os.BinderProxy@71546f0 windowingMode=undefined}]} RemoteTransition { remoteTransition = android.window.IRemoteTransition$Stub$Proxy@7c795ab, appThread = android.app.IApplicationThread$Stub$Proxy@cd70408, debugName = overlayBackTransition }}
02-19 22:14:49.588  4449  4467 V WindowManagerShell:  Checking filter Pair{{types=[] flags=0x0] notFlags=0x0 checks=[{atype=dream independent=true modes=[OPEN,TO_FRONT] flags=NONE mustBeTask=false order=ANY topActivity=null launchCookie=null windowingMode=undefined},{atype=home independent=true modes=[CLOSE,TO_BACK] flags=NONE mustBeTask=false order=ANY topActivity=null launchCookie=null windowingMode=undefined}]} RemoteTransition { remoteTransition = android.window.IRemoteTransition$Stub$Proxy@f757a1, appThread = android.app.IApplicationThread$Stub$Proxy@d898dc6, debugName = LauncherToDream }}
02-19 22:14:49.589  4449  4467 V WindowManagerShell:  Checking filter Pair{{types=[] flags=0x0] notFlags=0x100 checks=[{atype=home independent=true modes=[OPEN,TO_FRONT] flags=NONE mustBeTask=false order=TOP topActivity=ComponentInfo{com.google.android.apps.nexuslauncher/com.google.android.apps.nexuslauncher.NexusLauncherActivity} launchCookie=null windowingMode=undefined},{atype=standard independent=true modes=[CLOSE,TO_BACK] flags=NONE mustBeTask=false order=ANY topActivity=null launchCookie=null windowingMode=undefined},{NOT atype=undefined independent=true modes=[] flags=NONE mustBeTask=true order=ANY topActivity=null launchCookie=null customAnim=true windowingMode=undefined}]} RemoteTransition { remoteTransition = android.window.IRemoteTransition$Stub$Proxy@9e7e187, appThread = android.app.IApplicationThread$Stub$Proxy@3dc58b4, debugName = QuickstepLaunchHome }}
02-19 22:14:49.589  4449  4467 V WindowManagerShell:  Delegate animation for (#1150) to null
02-19 22:14:49.589  4449  4467 V WindowManagerShell: start default transition animation, info = {id=1150 t=OPEN f=0x0 trk=0 r=[0@Point(0, 0)] c=[{m=OPEN f=TRANSLUCENT leash=Surface(name=Task=193)/@0xfd15953 sb=Rect(0, 0 - 1080, 2400) eb=Rect(0, 0 - 1080, 2400) epz=Point(1080, 2400) d=0 taskParent=-1}]}
02-19 22:14:49.589  4449  4467 V WindowManagerShell: loadAnimation: anim=android.view.animation.AnimationSet@8e37af animAttr=0x4 type=OPEN isEntrance=true
02-19 22:14:49.590  4449  4467 V WindowManagerShell:  animated by com.android.wm.shell.transition.DefaultTransitionHandler@f74d823
02-19 22:14:49.592   752   794 I ActivityTaskManager: Displayed viva.republica.toss.test/.MiniAppSchemeActivity for user 0: +561ms
02-19 22:14:49.594   752   794 V WindowManager: Sent Transition (#1150) createdAt=02-19 22:14:49.023 via request=TransitionRequestInfo { type = OPEN, triggerTask = TaskInfo{userId=0 taskId=193 effectiveUid=10217 displayId=0 isRunning=true baseIntent=Intent { act=android.intent.action.VIEW dat=intoss://takealook/... flg=0x10000000 pkg=viva.republica.toss.test cmp=viva.republica.toss.test/.MiniAppSchemeActivity } baseActivity=ComponentInfo{viva.republica.toss.test/viva.republica.toss.test.MiniAppSchemeActivity} topActivity=ComponentInfo{viva.republica.toss.test/viva.republica.toss.test.MiniAppSchemeActivity} origActivity=null realActivity=ComponentInfo{viva.republica.toss.test/viva.republica.toss.test.MiniAppSchemeActivity} numActivities=1 lastActiveTime=118362875 supportsMultiWindow=true resizeMode=1 isResizeable=true minWidth=-1 minHeight=-1 defaultMinSize=220 token=WCT{RemoteToken{d8e6959 Task{914a5a5 #193 type=standard A=10217:viva.republica.toss.test}}} topActivityType=1 pictureInPictureParams=null shouldDockBigOverlays=false launchIntoPipHostTaskId=-1 lastParentTaskIdBeforePip=-1 displayCutoutSafeInsets=Rect(0, 0 - 0, 0) topActivityInfo=ActivityInfo{d92291e viva.republica.toss.test.MiniAppSchemeActivity} launchCookies=[] positionInParent=Point(0, 0) parentTaskId=-1 isFocused=false isVisible=false isVisibleRequested=false isTopActivityNoDisplay=false isSleeping=false locusId=null displayAreaFeatureId=1 isTopActivityTransparent=true isActivityStackTransparent=true lastNonFullscreenBounds=Rect(284, 660 - 796, 1740) capturedLink=null capturedLinkTimestamp=0 requestedVisibleTypes=-9 topActivityRequestOpenInBrowserEducationTimestamp=0 appCompatTaskInfo=AppCompatTaskInfo { topActivityInSizeCompat=false eligibleForLetterboxEducation= false isLetterboxEducationEnabled= true isLetterboxDoubleTapEnabled= false eligibleForUserAspectRatioButton= false topActivityBoundsLetterboxed= false isFromLetterboxDoubleTap= false topActivityLetterboxVerticalPosition= -1 topActivityLetterboxHorizontalPosition= -1 topActivityLetterboxWidth=-1 topActivityLetterboxHeight=-1 topActivityAppBounds=Rect(0, 0 - 1080, 2400) isUserFullscreenOverrideEnabled=false isSystemFullscreenOverrideEnabled=false hasMinAspectRatioOverride=false topActivityLetterboxBounds=null cameraCompatTaskInfo=CameraCompatTaskInfo { freeformCameraCompatMode=inactive}} topActivityMainWindowFrame=null}, pipChange = null, remoteTransition = null, displayChange = null, flags = 0, debugId = 1150 }
02-19 22:14:49.594   752   794 V WindowManager:     startWCT=WindowContainerTransaction { changes= {} hops= [] errorCallbackToken=null taskFragmentOrganizer=null }
02-19 22:14:49.594   752   794 V WindowManager:     info={id=1150 t=OPEN f=0x0 trk=0 r=[0@Point(0, 0)] c=[
02-19 22:14:49.594   752   794 V WindowManager:         {WCT{RemoteToken{d8e6959 Task{914a5a5 #193 type=standard A=10217:viva.republica.toss.test}}} m=OPEN f=TRANSLUCENT leash=Surface(name=Task=193)/@0x93dc1d2 sb=Rect(0, 0 - 1080, 2400) eb=Rect(0, 0 - 1080, 2400) epz=Point(1080, 2400) d=0 taskParent=-1}
02-19 22:14:49.594   752   794 V WindowManager:     ]}
02-19 22:14:49.621   752   989 I ImeTracker: viva.republica.toss.test:b2a47658: onRequestHide at ORIGIN_SERVER reason HIDE_UNSPECIFIED_WINDOW fromUser false
02-19 22:14:49.626  7632  7632 D InsetsController: hide(ime(), fromIme=false)
02-19 22:14:49.627  7632  7632 I ImeTracker: viva.republica.toss.test:b2a47658: onCancelled at PHASE_CLIENT_ALREADY_HIDDEN
02-19 22:14:49.631 20022 20022 I GoogleInputMethodService: GoogleInputMethodService.onFinishInput():2043 
02-19 22:14:49.633 20022 20022 I Module  : DeviceLockedStatusModuleProvider$Module.updateDeviceLockedStatus():100 repeatCheckTimes = 0, locked = false
02-19 22:14:49.637 20022 20022 I GoogleInputMethodService: GoogleInputMethodService.onStartInput():1293 onStartInput(EditorInfo{EditorInfo{packageName=viva.republica.toss.test, inputType=0, inputTypeString=NULL, enableLearning=false, autoCorrection=false, autoComplete=false, imeOptions=0, privateImeOptions=null, actionName=UNSPECIFIED, actionLabel=null, initialSelStart=-1, initialSelEnd=-1, initialCapsMode=0, label=null, fieldId=0, fieldName=null, extras=null, hintText=null, hintLocales=[]}}, false)
02-19 22:14:49.639 20022 20022 I EmojiCompatManager: EmojiCompatManager.getEmojiCompatIfLoaded():343 EmojiCompat.init() was never called.
02-19 22:14:49.639 20022 20022 I EmojiCompatManager: java.lang.IllegalStateException: EmojiCompat is not initialized. Please call EmojiCompat.init() first
02-19 22:14:49.639 20022 20022 I EmojiCompatManager: 	at asx.p(PG:6)
02-19 22:14:49.639 20022 20022 I EmojiCompatManager: 	at axb.b(PG:13)
02-19 22:14:49.639 20022 20022 I EmojiCompatManager: 	at jnr.b(PG:2)
02-19 22:14:49.639 20022 20022 I EmojiCompatManager: 	at jnr.c(PG:4)
02-19 22:14:49.639 20022 20022 I EmojiCompatManager: 	at jnr.f(PG:3)
02-19 22:14:49.639 20022 20022 I EmojiCompatManager: 	at jnx.c(PG:3)
02-19 22:14:49.639 20022 20022 I EmojiCompatManager: 	at kif.cz(PG:47)
02-19 22:14:49.639 20022 20022 I EmojiCompatManager: 	at lhl.run(PG:1025)
02-19 22:14:49.639 20022 20022 I EmojiCompatManager: 	at jaf.execute(PG:12)
02-19 22:14:49.639 20022 20022 I EmojiCompatManager: 	at nco.v(PG:13)
02-19 22:14:49.639 20022 20022 I EmojiCompatManager: 	at lhn.m(PG:96)
02-19 22:14:49.639 20022 20022 I EmojiCompatManager: 	at lhn.k(PG:25)
02-19 22:14:49.639 20022 20022 I EmojiCompatManager: 	at kgn.onStartInput(PG:250)
02-19 22:14:49.639 20022 20022 I EmojiCompatManager: 	at android.inputmethodservice.InputMethodService.doStartInput(InputMethodService.java:3521)
02-19 22:14:49.639 20022 20022 I EmojiCompatManager: 	at android.inputmethodservice.InputMethodService$InputMethodImpl.startInput(InputMethodService.java:879)
02-19 22:14:49.639 20022 20022 I EmojiCompatManager: 	at android.inputmethodservice.InputMethodService$InputMethodImpl.dispatchStartInput(InputMethodService.java:908)
