02-19 11:13:37.042   752   794 V WindowManager:         {m=TO_BACK f=IS_WALLPAPER leash=Surface(name=WallpaperWindowToken{35e0c0f showWhenLocked=false})/@0x512f5be sb=Rect(0, 0 - 1080, 2400) eb=Rect(0, 0 - 1080, 2400) epz=Point(1080, 2400) d=0}
02-19 11:13:37.042   752   794 V WindowManager:     ]}
02-19 11:13:37.095  1341  1341 I AiAiSuggestUi: Clearing suggestions.
02-19 11:13:37.095  1341  1341 I AiAiSuggestUi: Clearing suggestions.
02-19 11:13:37.095  1341  1341 I AiAiSuggestUi: Requesting to show indicators
02-19 11:13:37.096  1341  1341 I AiAiSuggestUi: Fetching contents, isPrimaryTask = true
02-19 11:13:37.169  4449  4456 I ndroid.systemui: NativeAlloc concurrent mark compact GC freed 15MB AllocSpace bytes, 61(1220KB) LOS objects, 48% free, 25MB/49MB, paused 1.175ms,47.644ms total 2.383s
02-19 11:13:37.170  4449  4456 W ndroid.systemui: Reducing the number of considered missed Gc histogram windows from 178 to 100
02-19 11:13:37.206  4449  4458 W System  : A resource failed to call release. 
02-19 11:13:37.206  4449  4458 W System  : A resource failed to call release. 
02-19 11:13:37.206  4449  4458 W System  : A resource failed to call release. 
02-19 11:13:37.206  4449  4458 W System  : A resource failed to call release. 
02-19 11:13:37.206  4449  4458 W System  : A resource failed to call release. 
02-19 11:13:37.206  4449  4458 W System  : A resource failed to call release. 
02-19 11:13:37.208  4449  4458 W System  : A resource failed to call release. 
02-19 11:13:37.208  4449  4458 W System  : A resource failed to call release. 
02-19 11:13:37.208  4449  4458 W System  : A resource failed to call release. 
02-19 11:13:37.208  4449  4458 W System  : A resource failed to call release. 
02-19 11:13:37.208  4449  4458 W System  : A resource failed to call release. 
02-19 11:13:37.208  4449  4458 W System  : A resource failed to call release. 
02-19 11:13:37.353  1341  1341 D RecentsView: finishRecentsAnimation - mRecentsAnimationController: com.android.quickstep.RecentsAnimationController@6fce4bf
02-19 11:13:37.354  1341  1341 D RecentsView: cleanupRemoteTargets - mRemoteTargetHandles: [com.android.quickstep.RemoteTargetGluer$RemoteTargetHandle@ee96877]
02-19 11:13:37.434  4449  4467 V ShellRecents: [215674699] RecentsController.finishInner: toHome=false userLeave=false willFinishToHome=false state=1 hasPausingTasks=true reason=requested
02-19 11:13:37.435  4449  4467 V ShellRecents:   normal finish
02-19 11:13:37.435  4449  4467 V ShellRecents: [215674699] RecentsController.finishInner: Completing finish
02-19 11:13:37.440  4449  4467 V ShellRecents: [215674699] RecentsController.cleanup
02-19 11:13:37.446  1341  1341 D RecentsView: cleanupRemoteTargets - mRemoteTargetHandles: null
02-19 11:13:37.450   488   488 I RanchuHwc: logCompositionFallbackIfChanged: layer 203 CompositionType fallback from 2 to 1
02-19 11:13:37.452  4449  4467 V WindowManagerShell: Transition animation finished (aborted=false), notifying core (#126) android.os.BinderProxy@fb4e81a@0
02-19 11:13:37.457   752  1246 E TransitionChain: Can't collect into a chain with no transition
02-19 11:13:37.460   752   794 V WindowManager: Finish Transition (#126): created at 02-19 11:13:32.960 collect-started=0.15ms started=4.374ms ready=29.153ms sent=1285.585ms commit=60.192ms finished=4497.307ms
02-19 11:13:37.467 24035 24035 D VRI[GraniteActivity]: visibilityChanged oldVisibility=true newVisibility=false
02-19 11:13:37.468 22757 22757 D ActivityEmbeddingUtils: isSettingsSplitSupported = false
02-19 11:13:37.499 22757 22757 D ActivityEmbeddingUtils: isSettingsSplitSupported = false
02-19 11:13:37.501  1341  1341 W SplitSelectStateCtor: Missing session instanceIds
02-19 11:13:37.501  1341  1341 D StatsLog: LAUNCHER_SPLIT_SELECTION_EXIT_INTERRUPTED
02-19 11:13:37.511   752   797 V WindowManager: Unknown focus tokens, dropping reportFocusChanged
02-19 11:13:37.529  4449  4467 V WindowManagerShell: Track 0 became idle
02-19 11:13:37.529  4449  4467 V WindowManagerShell: All active transition animations finished
02-19 11:13:37.529  4449  4467 V ShellRecents: [215674699] RecentsController.finishInner: calling finish callback
02-19 11:13:37.530   752   794 V WindowManager: Finish Transition (#127): created at 02-19 11:13:35.144 collect-started=0.097ms request-sent=53.857ms started=90.367ms ready=477.881ms sent=1651.825ms commit=133.816ms finished=2380.179ms
02-19 11:13:37.536   752   797 W IPCThreadState: Sending oneway calls to frozen process.
02-19 11:13:37.540   752   797 W IPCThreadState: Sending oneway calls to frozen process.
02-19 11:13:37.540   752   797 W IPCThreadState: Sending oneway calls to frozen process.
02-19 11:13:37.540   752   797 W IPCThreadState: Sending oneway calls to frozen process.
02-19 11:13:37.540   752   797 W IPCThreadState: Sending oneway calls to frozen process.
02-19 11:13:37.540   752   797 W IPCThreadState: Sending oneway calls to frozen process.
02-19 11:13:37.540   752   797 W IPCThreadState: Sending oneway calls to frozen process.
02-19 11:13:37.540   752   797 W IPCThreadState: Sending oneway calls to frozen process.
02-19 11:13:37.541   752   797 W IPCThreadState: Sending oneway calls to frozen process.
02-19 11:13:37.541   752   797 W IPCThreadState: Sending oneway calls to frozen process.
02-19 11:13:37.542   752   797 W IPCThreadState: Sending oneway calls to frozen process.
02-19 11:13:37.549   752   797 W IPCThreadState: Sending oneway calls to frozen process.
02-19 11:13:37.549   752   797 W IPCThreadState: Sending oneway calls to frozen process.
02-19 11:13:37.549   752   797 W IPCThreadState: Sending oneway calls to frozen process.
02-19 11:13:37.550   752   797 W IPCThreadState: Sending oneway calls to frozen process.
02-19 11:13:37.551   752   797 W ProcessStats: Tracking association SourceState{1b917ca system/1000 BFgs #11401} whose proc state 4 is better than process ProcessState{42c4ef0 com.google.android.ext.services/10208 pkg=com.google.android.ext.services} proc state 14 (19 skipped)
02-19 11:13:37.560   752  1095 D BackgroundInstallControlService: Package event received: 0
02-19 11:13:37.560   615   715 W IPCThreadState: Sending oneway calls to frozen process.
02-19 11:13:37.571 24035 24179 I ReactNativeJNI: Memory warning (pressure level: TRIM_MEMORY_UI_HIDDEN) received by JS VM, ignoring because it's non-severe
02-19 11:13:37.589  1341  1358 I AiAiSuggestUi: Request suggestContentSelections complete, took: 473
02-19 11:13:37.589  1341  1358 I AiAiSuggestUi: Fetched content back in callback
02-19 11:13:37.591  1341  1341 D RecentsView: onRecentsAnimationComplete - mRecentsAnimationController: com.android.quickstep.RecentsAnimationController@6fce4bf, mSideTaskLaunchCallback: com.android.launcher3.util.RunnableList@cdd6802
02-19 11:13:37.592  1341  1341 D OverviewCommandHelper: launching task callback: CommandInfo(type=TOGGLE, status=PROCESSING, createTime=78688106, animationCallbacks=null, displayId=0, isLastOfBatch=true)
02-19 11:13:37.592  1341  1341 D OverviewCommandHelper: command executed: CommandInfo(type=TOGGLE, status=PROCESSING, createTime=78688106, animationCallbacks=null, displayId=0, isLastOfBatch=true) with result: true
02-19 11:13:37.592  1341  1341 D OverviewCommandHelper: command executed successfully! CommandInfo(type=TOGGLE, status=COMPLETED, createTime=78688106, animationCallbacks=null, displayId=0, isLastOfBatch=true)
02-19 11:13:37.592  1341  1341 D OverviewCommandHelper: no pending commands to be executed.
02-19 11:13:37.688  1341  1341 D BaseDepthController: setSurface:
02-19 11:13:37.688  1341  1341 D BaseDepthController: 	mWaitingOnSurfaceValidity: false
02-19 11:13:37.688  1341  1341 D BaseDepthController: 	mBaseSurface: null
02-19 11:13:37.689  1341  1341 D BaseDepthController: mSurface is null and mCurrentBlur is: 0
02-19 11:13:37.703  1341  1341 D StateManager: goToState - fromState: Overview, toState: Normal, partial trace:
02-19 11:13:37.703  1341  1341 D StateManager: 	at com.android.launcher3.statemanager.StateManager.moveToRestState(go/retraceme 72a59688580715d19f0e415c69e80376c2f062d1648c80db6730905005a27c20:4)
02-19 11:13:37.703  1341  1341 D StateManager: 	at com.android.launcher3.statemanager.StateManager.moveToRestState(go/retraceme 72a59688580715d19f0e415c69e80376c2f062d1648c80db6730905005a27c20:1)
02-19 11:13:37.703  1341  1341 D StateManager: 	at com.android.launcher3.statemanager.StatefulActivity.onStop(go/retraceme 72a59688580715d19f0e415c69e80376c2f062d1648c80db6730905005a27c20:34)
02-19 11:13:37.711  1341  1341 D StateManager: onStateTransitionStart - state: Normal
02-19 11:13:37.712  1341  1341 D RecentsView: updateTaskStackListenerState: false
02-19 11:13:37.732   752  1095 D BackgroundInstallControlService: Package event received: 0
02-19 11:13:37.735   752  1095 D BackgroundInstallControlService: Package event received: 0
02-19 11:13:37.736  1341  1341 D BaseDepthController: mSurface is null and mCurrentBlur is: 0
02-19 11:13:37.737  1341  1341 D BaseDepthController: mSurface is null and mCurrentBlur is: 0
02-19 11:13:37.738 22757 22757 W ResourcesCompat: Failed to inflate ColorStateList, leaving it to the framework
02-19 11:13:37.738 22757 22757 W ResourcesCompat: java.lang.UnsupportedOperationException: Failed to resolve attribute at index 0: TypedValue{t=0x2/d=0x7f04013e a=-1}, theme={InheritanceMap=[id=0x7f150528com.android.settings:style/Theme.Settings.Home, id=0x7f15052acom.android.settings:style/Theme.Settings.HomeBase, id=0x7f15052bcom.android.settings:style/Theme.Settings.NoActionBar, id=0x7f150523com.android.settings:style/Theme.Settings, id=0x7f15052ccom.android.settings:style/Theme.SettingsBase, id=0x7f150530com.android.settings:style/Theme.SettingsBase_v36, id=0x7f15052fcom.android.settings:style/Theme.SettingsBase_v33, id=0x7f15052ecom.android.settings:style/Theme.SettingsBase_v31, id=0x1030223android:style/Theme.DeviceDefault.Settings, id=0x103012bandroid:style/Theme.DeviceDefault.Light, id=0x1030237android:style/Theme.Material.Light, id=0x103000candroid:style/Theme.Light, id=0x1030005android:style/Theme], Themes=[com.android.settings:style/Theme.Settings.Home, forced, android:style/Theme.DeviceDefault.Light.DarkActionBar, forced]}
02-19 11:13:37.738 22757 22757 W ResourcesCompat: 	at android.content.res.TypedArray.getColor(TypedArray.java:536)
02-19 11:13:37.738 22757 22757 W ResourcesCompat: 	at androidx.core.content.res.ColorStateListInflaterCompat.inflate(ColorStateListInflaterCompat.java:157)
02-19 11:13:37.738 22757 22757 W ResourcesCompat: 	at androidx.core.content.res.ColorStateListInflaterCompat.createFromXmlInner(ColorStateListInflaterCompat.java:122)
02-19 11:13:37.738 22757 22757 W ResourcesCompat: 	at androidx.core.content.res.ColorStateListInflaterCompat.createFromXml(ColorStateListInflaterCompat.java:102)
02-19 11:13:37.738 22757 22757 W ResourcesCompat: 	at androidx.core.content.res.ResourcesCompat.inflateColorStateList(ResourcesCompat.java:259)
02-19 11:13:37.738 22757 22757 W ResourcesCompat: 	at androidx.core.content.res.ResourcesCompat.getColorStateList(ResourcesCompat.java:234)
02-19 11:13:37.738 22757 22757 W ResourcesCompat: 	at androidx.core.content.ContextCompat.getColorStateList(ContextCompat.java:516)
02-19 11:13:37.738 22757 22757 W ResourcesCompat: 	at androidx.appcompat.content.res.AppCompatResources.getColorStateList(AppCompatResources.java:47)
02-19 11:13:37.738 22757 22757 W ResourcesCompat: 	at com.google.android.material.resources.MaterialResources.getColorStateList(MaterialResources.java:64)
02-19 11:13:37.738 22757 22757 W ResourcesCompat: 	at com.google.android.material.card.MaterialCardViewHelper.loadFromAttributes(MaterialCardViewHelper.java:197)
02-19 11:13:37.738 22757 22757 W ResourcesCompat: 	at com.google.android.material.card.MaterialCardView.<init>(MaterialCardView.java:188)
02-19 11:13:37.738 22757 22757 W ResourcesCompat: 	at com.google.android.material.card.MaterialCardView.<init>(MaterialCardView.java:165)
02-19 11:13:37.738 22757 22757 W ResourcesCompat: 	at java.lang.reflect.Constructor.newInstance0(Native Method)
02-19 11:13:37.738 22757 22757 W ResourcesCompat: 	at java.lang.reflect.Constructor.newInstance(Constructor.java:343)
02-19 11:13:37.738 22757 22757 W ResourcesCompat: 	at android.view.LayoutInflater.createView(LayoutInflater.java:743)
02-19 11:13:37.738 22757 22757 W ResourcesCompat: 	at android.view.LayoutInflater.createViewFromTag(LayoutInflater.java:895)
02-19 11:13:37.738 22757 22757 W ResourcesCompat: 	at android.view.LayoutInflater.createViewFromTag(LayoutInflater.java:850)
02-19 11:13:37.738 22757 22757 W ResourcesCompat: 	at android.view.LayoutInflater.inflate(LayoutInflater.java:544)
02-19 11:13:37.738 22757 22757 W ResourcesCompat: 	at android.view.LayoutInflater.inflate(LayoutInflater.java:462)
02-19 11:13:37.738 22757 22757 W ResourcesCompat: 	at com.google.android.settings.dashboard.suggestions.ContextualSuggestionFragment.onCreateView(ContextualSuggestionFragment.java:86)
02-19 11:13:37.738 22757 22757 W ResourcesCompat: 	at androidx.fragment.app.Fragment.performCreateView(Fragment.java:3066)
02-19 11:13:37.738 22757 22757 W ResourcesCompat: 	at androidx.fragment.app.FragmentStateManager.createView(FragmentStateManager.java:576)
02-19 11:13:37.738 22757 22757 W ResourcesCompat: 	at androidx.fragment.app.FragmentStateManager.moveToExpectedState(FragmentStateManager.java:285)
02-19 11:13:37.738 22757 22757 W ResourcesCompat: 	at androidx.fragment.app.FragmentManager.executeOpsTogether(FragmentManager.java:2193)
02-19 11:13:37.738 22757 22757 W ResourcesCompat: 	at androidx.fragment.app.FragmentManager.removeRedundantOperationsAndExecute(FragmentManager.java:2088)
02-19 11:13:37.738 22757 22757 W ResourcesCompat: 	at androidx.fragment.app.FragmentManager.execPendingActions(FragmentManager.java:2031)
02-19 11:13:37.738 22757 22757 W ResourcesCompat: 	at androidx.fragment.app.FragmentManager.dispatchStateChange(FragmentManager.java:3301)
02-19 11:13:37.738 22757 22757 W ResourcesCompat: 	at androidx.fragment.app.FragmentManager.dispatchActivityCreated(FragmentManager.java:3211)
02-19 11:13:37.738 22757 22757 W ResourcesCompat: 	at androidx.fragment.app.FragmentController.dispatchActivityCreated(FragmentController.java:257)
02-19 11:13:37.738 22757 22757 W ResourcesCompat: 	at androidx.fragment.app.FragmentActivity.onStart(FragmentActivity.java:348)
02-19 11:13:37.738 22757 22757 W ResourcesCompat: 	at com.android.settings.homepage.SettingsHomepageActivity.onStart(SettingsHomepageActivity.java:322)
02-19 11:13:37.738 22757 22757 W ResourcesCompat: 	at android.app.Instrumentation.callActivityOnStart(Instrumentation.java:1696)
02-19 11:13:37.738 22757 22757 W ResourcesCompat: 	at android.app.Activity.performStart(Activity.java:9198)
02-19 11:13:37.739 22757 22757 W ResourcesCompat: 	at android.app.ActivityThread.handleStartActivity(ActivityThread.java:4305)
02-19 11:13:37.739 22757 22757 W ResourcesCompat: 	at android.app.servertransaction.TransactionExecutor.performLifecycleSequence(TransactionExecutor.java:214)
02-19 11:13:37.739 22757 22757 W ResourcesCompat: 	at android.app.servertransaction.TransactionExecutor.cycleToPath(TransactionExecutor.java:194)
02-19 11:13:37.739 22757 22757 W ResourcesCompat: 	at android.app.servertransaction.TransactionExecutor.executeLifecycleItem(TransactionExecutor.java:166)
02-19 11:13:37.739 22757 22757 W ResourcesCompat: 	at android.app.servertransaction.TransactionExecutor.executeTransactionItems(TransactionExecutor.java:101)
02-19 11:13:37.739 22757 22757 W ResourcesCompat: 	at android.app.servertransaction.TransactionExecutor.execute(TransactionExecutor.java:80)
02-19 11:13:37.739 22757 22757 W ResourcesCompat: 	at android.app.ActivityThread$H.handleMessage(ActivityThread.java:2823)
02-19 11:13:37.739 22757 22757 W ResourcesCompat: 	at android.os.Handler.dispatchMessage(Handler.java:110)
02-19 11:13:37.739 22757 22757 W ResourcesCompat: 	at android.os.Looper.loopOnce(Looper.java:248)
02-19 11:13:37.739 22757 22757 W ResourcesCompat: 	at android.os.Looper.loop(Looper.java:338)
02-19 11:13:37.739 22757 22757 W ResourcesCompat: 	at android.app.ActivityThread.main(ActivityThread.java:9067)
02-19 11:13:37.739 22757 22757 W ResourcesCompat: 	at java.lang.reflect.Method.invoke(Native Method)
02-19 11:13:37.739 22757 22757 W ResourcesCompat: 	at com.android.internal.os.RuntimeInit$MethodAndArgsCaller.run(RuntimeInit.java:593)
02-19 11:13:37.739 22757 22757 W ResourcesCompat: 	at com.android.internal.os.ZygoteInit.main(ZygoteInit.java:932)
02-19 11:13:37.740 22757 22757 W ResourcesCompat: Failed to inflate ColorStateList, leaving it to the framework
02-19 11:13:37.740 22757 22757 W ResourcesCompat: java.lang.UnsupportedOperationException: Failed to resolve attribute at index 0: TypedValue{t=0x2/d=0x7f04013e a=-1}, theme={InheritanceMap=[id=0x7f150528com.android.settings:style/Theme.Settings.Home, id=0x7f15052acom.android.settings:style/Theme.Settings.HomeBase, id=0x7f15052bcom.android.settings:style/Theme.Settings.NoActionBar, id=0x7f150523com.android.settings:style/Theme.Settings, id=0x7f15052ccom.android.settings:style/Theme.SettingsBase, id=0x7f150530com.android.settings:style/Theme.SettingsBase_v36, id=0x7f15052fcom.android.settings:style/Theme.SettingsBase_v33, id=0x7f15052ecom.android.settings:style/Theme.SettingsBase_v31, id=0x1030223android:style/Theme.DeviceDefault.Settings, id=0x103012bandroid:style/Theme.DeviceDefault.Light, id=0x1030237android:style/Theme.Material.Light, id=0x103000candroid:style/Theme.Light, id=0x1030005android:style/Theme], Themes=[com.android.settings:style/Theme.Settings.Home, forced, android:style/Theme.DeviceDefault.Light.DarkActionBar, forced]}
02-19 11:13:37.740 22757 22757 W ResourcesCompat: 	at android.content.res.TypedArray.getColor(TypedArray.java:536)
02-19 11:13:37.740 22757 22757 W ResourcesCompat: 	at androidx.core.content.res.ColorStateListInflaterCompat.inflate(ColorStateListInflaterCompat.java:157)
02-19 11:13:37.740 22757 22757 W ResourcesCompat: 	at androidx.core.content.res.ColorStateListInflaterCompat.createFromXmlInner(ColorStateListInflaterCompat.java:122)
02-19 11:13:37.740 22757 22757 W ResourcesCompat: 	at androidx.core.content.res.ColorStateListInflaterCompat.createFromXml(ColorStateListInflaterCompat.java:102)
02-19 11:13:37.740 22757 22757 W ResourcesCompat: 	at androidx.core.content.res.ResourcesCompat.inflateColorStateList(ResourcesCompat.java:259)
02-19 11:13:37.740 22757 22757 W ResourcesCompat: 	at androidx.core.content.res.ResourcesCompat.getColorStateList(ResourcesCompat.java:234)
02-19 11:13:37.740 22757 22757 W ResourcesCompat: 	at androidx.core.content.ContextCompat.getColorStateList(ContextCompat.java:516)
02-19 11:13:37.740 22757 22757 W ResourcesCompat: 	at androidx.appcompat.content.res.AppCompatResources.getColorStateList(AppCompatResources.java:47)
02-19 11:13:37.740 22757 22757 W ResourcesCompat: 	at com.google.android.material.resources.MaterialResources.getColorStateList(MaterialResources.java:64)
02-19 11:13:37.740 22757 22757 W ResourcesCompat: 	at com.google.android.material.card.MaterialCardViewHelper.loadFromAttributes(MaterialCardViewHelper.java:206)
02-19 11:13:37.740 22757 22757 W ResourcesCompat: 	at com.google.android.material.card.MaterialCardView.<init>(MaterialCardView.java:188)
02-19 11:13:37.740 22757 22757 W ResourcesCompat: 	at com.google.android.material.card.MaterialCardView.<init>(MaterialCardView.java:165)
02-19 11:13:37.740 22757 22757 W ResourcesCompat: 	at java.lang.reflect.Constructor.newInstance0(Native Method)
02-19 11:13:37.740 22757 22757 W ResourcesCompat: 	at java.lang.reflect.Constructor.newInstance(Constructor.java:343)
02-19 11:13:37.740 22757 22757 W ResourcesCompat: 	at android.view.LayoutInflater.createView(LayoutInflater.java:743)
02-19 11:13:37.740 22757 22757 W ResourcesCompat: 	at android.view.LayoutInflater.createViewFromTag(LayoutInflater.java:895)
02-19 11:13:37.740 22757 22757 W ResourcesCompat: 	at android.view.LayoutInflater.createViewFromTag(LayoutInflater.java:850)
02-19 11:13:37.740 22757 22757 W ResourcesCompat: 	at android.view.LayoutInflater.inflate(LayoutInflater.java:544)
02-19 11:13:37.740 22757 22757 W ResourcesCompat: 	at android.view.LayoutInflater.inflate(LayoutInflater.java:462)
02-19 11:13:37.740 22757 22757 W ResourcesCompat: 	at com.google.android.settings.dashboard.suggestions.ContextualSuggestionFragment.onCreateView(ContextualSuggestionFragment.java:86)
02-19 11:13:37.740 22757 22757 W ResourcesCompat: 	at androidx.fragment.app.Fragment.performCreateView(Fragment.java:3066)
02-19 11:13:37.740 22757 22757 W ResourcesCompat: 	at androidx.fragment.app.FragmentStateManager.createView(FragmentStateManager.java:576)
02-19 11:13:37.740 22757 22757 W ResourcesCompat: 	at androidx.fragment.app.FragmentStateManager.moveToExpectedState(FragmentStateManager.java:285)
02-19 11:13:37.740 22757 22757 W ResourcesCompat: 	at androidx.fragment.app.FragmentManager.executeOpsTogether(FragmentManager.java:2193)
02-19 11:13:37.740 22757 22757 W ResourcesCompat: 	at androidx.fragment.app.FragmentManager.removeRedundantOperationsAndExecute(FragmentManager.java:2088)
02-19 11:13:37.740 22757 22757 W ResourcesCompat: 	at androidx.fragment.app.FragmentManager.execPendingActions(FragmentManager.java:2031)
02-19 11:13:37.740 22757 22757 W ResourcesCompat: 	at androidx.fragment.app.FragmentManager.dispatchStateChange(FragmentManager.java:3301)
02-19 11:13:37.740 22757 22757 W ResourcesCompat: 	at androidx.fragment.app.FragmentManager.dispatchActivityCreated(FragmentManager.java:3211)
02-19 11:13:37.740 22757 22757 W ResourcesCompat: 	at androidx.fragment.app.FragmentController.dispatchActivityCreated(FragmentController.java:257)
02-19 11:13:37.740 22757 22757 W ResourcesCompat: 	at androidx.fragment.app.FragmentActivity.onStart(FragmentActivity.java:348)
02-19 11:13:37.740 22757 22757 W ResourcesCompat: 	at com.android.settings.homepage.SettingsHomepageActivity.onStart(SettingsHomepageActivity.java:322)
02-19 11:13:37.740 22757 22757 W ResourcesCompat: 	at android.app.Instrumentation.callActivityOnStart(Instrumentation.java:1696)
02-19 11:13:37.740 22757 22757 W ResourcesCompat: 	at android.app.Activity.performStart(Activity.java:9198)
02-19 11:13:37.740 22757 22757 W ResourcesCompat: 	at android.app.ActivityThread.handleStartActivity(ActivityThread.java:4305)
02-19 11:13:37.740 22757 22757 W ResourcesCompat: 	at android.app.servertransaction.TransactionExecutor.performLifecycleSequence(TransactionExecutor.java:214)
02-19 11:13:37.740 22757 22757 W ResourcesCompat: 	at android.app.servertransaction.TransactionExecutor.cycleToPath(TransactionExecutor.java:194)
02-19 11:13:37.740 22757 22757 W ResourcesCompat: 	at android.app.servertransaction.TransactionExecutor.executeLifecycleItem(TransactionExecutor.java:166)
02-19 11:13:37.740 22757 22757 W ResourcesCompat: 	at android.app.servertransaction.TransactionExecutor.executeTransactionItems(TransactionExecutor.java:101)
02-19 11:13:37.740 22757 22757 W ResourcesCompat: 	at android.app.servertransaction.TransactionExecutor.execute(TransactionExecutor.java:80)
02-19 11:13:37.740 22757 22757 W ResourcesCompat: 	at android.app.ActivityThread$H.handleMessage(ActivityThread.java:2823)
02-19 11:13:37.740 22757 22757 W ResourcesCompat: 	at android.os.Handler.dispatchMessage(Handler.java:110)
02-19 11:13:37.740 22757 22757 W ResourcesCompat: 	at android.os.Looper.loopOnce(Looper.java:248)
02-19 11:13:37.740 22757 22757 W ResourcesCompat: 	at android.os.Looper.loop(Looper.java:338)
02-19 11:13:37.740 22757 22757 W ResourcesCompat: 	at android.app.ActivityThread.main(ActivityThread.java:9067)
02-19 11:13:37.740 22757 22757 W ResourcesCompat: 	at java.lang.reflect.Method.invoke(Native Method)
02-19 11:13:37.740 22757 22757 W ResourcesCompat: 	at com.android.internal.os.RuntimeInit$MethodAndArgsCaller.run(RuntimeInit.java:593)
02-19 11:13:37.740 22757 22757 W ResourcesCompat: 	at com.android.internal.os.ZygoteInit.main(ZygoteInit.java:932)
02-19 11:13:37.782 22757 22757 E FeatureFlagsImplExport: android.os.flagging.AconfigStorageReadException: ERROR_PACKAGE_NOT_FOUND: package com.android.settingslib.widget.theme.flags cannot be found on the device
02-19 11:13:37.783  1341  1341 D KeyboardInsetsHandler: setState, toState:Normal StateManager(mLastStableState:Normal, mCurrentStableState:Overview, mState:Normal, mRestState:Normal, isInTransition:false)
02-19 11:13:37.784  1341  1341 D StateManager: onStateTransitionEnd - state: Normal
02-19 11:13:37.796 22757 22757 D PrefCtrlListHelper: Could not find Context-only controller for pref: com.android.settings.network.TopLevelNetworkEntryPreferenceController
02-19 11:13:37.798  1341  1341 D RecentsView: reset - mEnableDrawingLiveTile: true, mRecentsAnimationController: null
02-19 11:13:37.798  1341  1341 I AiAiSuggestUi: Clearing suggestions.
02-19 11:13:37.798  1341  1341 I AiAiSuggestUi: Clearing suggestions.
02-19 11:13:37.799  1341  1341 D ActivityAllAppsContainerView: rebindAdapters: force: false
02-19 11:13:37.799  1341  1341 D ActivityAllAppsContainerView: rebindAdapters: Not needed.
02-19 11:13:37.803  1341  1341 D StatsLog: LAUNCHER_ONSTOP
02-19 11:13:37.811 22757 22757 D PrefCtrlListHelper: Could not find Context-only controller for pref: com.android.settings.connecteddevice.TopLevelConnectedDevicesPreferenceController
02-19 11:13:37.813 22757 22757 D PrefCtrlListHelper: Could not find Context-only controller for pref: com.android.settings.sound.TopLevelSoundPreferenceController
02-19 11:13:37.814 22757 22757 D PrefCtrlListHelper: Could not find Context-only controller for pref: com.android.settings.notification.modes.ZenModesLinkPreferenceController
02-19 11:13:37.821  1341  1341 D StatsLog: LAUNCHER_GOOGLE_SEARCH_RESTORE_LIST_SIZE_AFTER_ACTIVITY_RESTART
02-19 11:13:37.821  1341  1341 D NexusLauncherModelDelegate: notifySmartspaceEvent: SmartspaceTargetEvent{mSmartspaceTarget=null, mSmartspaceActionId='null', mEventType=7}
02-19 11:13:37.826  1341  1341 D NexusLauncherModelDelegate: notifySmartspaceEvent: SmartspaceTargetEvent{mSmartspaceTarget=null, mSmartspaceActionId='null', mEventType=7}
02-19 11:13:37.834 22757 22757 D PrefCtrlListHelper: Could not find Context-only controller for pref: com.android.settings.communal.CommunalPreferenceController
02-19 11:13:37.835 22757 22757 D PrefCtrlListHelper: Could not find Context-only controller for pref: com.android.settings.display.TopLevelDisplayPreferenceController
02-19 11:13:37.842 22757 22757 D PrefCtrlListHelper: Could not find Context-only controller for pref: com.android.settings.display.TopLevelWallpaperPreferenceController
02-19 11:13:37.847 22757 22757 D PrefCtrlListHelper: Could not find Context-only controller for pref: com.android.settings.deviceinfo.TopLevelStoragePreferenceController
02-19 11:13:37.850 22757 22757 D PrefCtrlListHelper: Could not find Context-only controller for pref: com.android.settings.fuelgauge.TopLevelBatteryPreferenceController
02-19 11:13:37.861  1341  1341 I AiAiSuggestUi: Display indicators
02-19 11:13:37.867  1341  1341 D StateManager: goToState - fromState: Normal, toState: Normal, partial trace:
02-19 11:13:37.867  1341  1341 D StateManager: 	at com.android.launcher3.statemanager.StateManager.moveToRestState(go/retraceme 72a59688580715d19f0e415c69e80376c2f062d1648c80db6730905005a27c20:4)
02-19 11:13:37.867  1341  1341 D StateManager: 	at com.android.launcher3.statemanager.StateManager.moveToRestState(go/retraceme 72a59688580715d19f0e415c69e80376c2f062d1648c80db6730905005a27c20:1)
02-19 11:13:37.867  1341  1341 D StateManager: 	at com.android.quickstep.TaskViewUtils$9.lambda$onAnimationSuccess$0(go/retraceme 72a59688580715d19f0e415c69e80376c2f062d1648c80db6730905005a27c20:1)
02-19 11:13:37.873  1341  1341 D KeyboardInsetsHandler: setState, toState:Normal StateManager(mLastStableState:Normal, mCurrentStableState:Normal, mState:Normal, mRestState:null, isInTransition:false)
02-19 11:13:37.879  1341  1341 D OverviewActionsView: updateForGroupedTask() called with: isGroupedTask = [false], canSaveAppPair = [false]
02-19 11:13:37.879  1341  1341 D OverviewActionsView: updateActionButtonsVisibility() called: showSingleTaskActions = [true], showGroupActions = [false]
02-19 11:13:37.891   752  1095 D BackgroundInstallControlService: Package event received: 0
02-19 11:13:37.893 22757 22757 D PrefCtrlListHelper: Could not find Context-only controller for pref: com.android.settings.deviceinfo.aboutphone.TopLevelAboutDevicePreferenceController
02-19 11:13:37.894 22757 22757 D PrefCtrlListHelper: Could not find Context-only controller for pref: com.android.settings.safetycenter.TopLevelSafetyCenterEntryPreferenceController
02-19 11:13:37.912 22757 22757 D PrefCtrlListHelper: Could not find Context-only controller for pref: com.android.settings.security.TopLevelSecurityEntryPreferenceController
02-19 11:13:37.923 22757 22757 D PrefCtrlListHelper: Could not find Context-only controller for pref: com.android.settings.privacy.TopLevelPrivacyEntryPreferenceController
02-19 11:13:37.931 22757 22757 D PrefCtrlListHelper: Could not find Context-only controller for pref: com.android.settings.location.TopLevelLocationPreferenceController
02-19 11:13:37.931 22757 22757 D PrefCtrlListHelper: Could not find Context-only controller for pref: com.android.settings.accounts.TopLevelAccountEntryPreferenceController
02-19 11:13:37.932 22757 22757 D PrefCtrlListHelper: Could not find Context-only controller for pref: com.android.settings.supervision.TopLevelSupervisionPreferenceController
02-19 11:13:37.932 22757 22757 D PrefCtrlListHelper: Could not find Context-only controller for pref: com.android.settings.accessibility.TopLevelAccessibilityPreferenceController
02-19 11:13:37.932 22757 22757 D PrefCtrlListHelper: Could not find Context-only controller for pref: com.android.settings.support.SupportPreferenceController
02-19 11:13:37.936 22757 22757 D HighlightableMenu: parsing highlightable menu from xml
02-19 11:13:37.983   752  1456 E UserRestrictionsUtils: Unknown restriction queried by uid 1000 (android et al): null
02-19 11:13:37.985   752  1456 E UserRestrictionsUtils: Unknown restriction queried by uid 1000 (android et al): null
02-19 11:13:37.991  1341  1356 W System  : A resource failed to call release. 
02-19 11:13:37.991  1341  1356 W System  : A resource failed to call release. 
02-19 11:13:37.991  1341  1356 W System  : A resource failed to call release. 
02-19 11:13:37.991  1341  1356 W System  : A resource failed to call release. 
02-19 11:13:37.992  1341  1356 W System  : A resource failed to call release. 
02-19 11:13:37.992  1341  1356 W System  : A resource failed to call release. 
02-19 11:13:37.992  1341  1356 W System  : A resource failed to call release. 
02-19 11:13:37.992  1341  1356 W System  : A resource failed to call release. 
02-19 11:13:37.992  1341  1356 W System  : A resource failed to call release. 
02-19 11:13:38.022 22757 22757 I ndroid.settings: AssetManager2(0x7d8fac42dc78) locale list changing from [] to [en-US]
02-19 11:13:38.034 22757 22757 D ActivityEmbeddingUtils: isSettingsSplitSupported = false
02-19 11:13:38.107 22757 22757 W TileUtils: Found com.google.intelligence.sense.ambientmusic.DefaultMusicPlayerSettingActivity for intent Intent { act=com.android.settings.action.IA_SETTINGS } missing metadata 
02-19 11:13:38.107 22757 22757 W TileUtils: Found com.google.android.gms.auth.proximity.multidevice.SettingsMaterialNextActivity for intent Intent { act=com.android.settings.action.IA_SETTINGS } missing metadata 
02-19 11:13:38.123 22757 22757 D HighlightableMenu: add menu key: top_level_wellbeing
02-19 11:13:38.127 22757 22757 D HighlightableMenu: add menu key: top_level_google
02-19 11:13:38.196   752  1856 E TaskPersister: File error accessing recents directory (directory doesn't exist?).
02-19 11:13:38.208 24035 24039 W blica.toss.test: Reducing the number of considered missed Gc histogram windows from 187 to 100
02-19 11:13:38.221 22757 22757 I ndroid.settings: AssetManager2(0x7d8fac42df98) locale list changing from [] to [en-US]
02-19 11:13:38.222 22757 22763 I ndroid.settings: Background concurrent mark compact GC freed 1118KB AllocSpace bytes, 0(0B) LOS objects, 49% free, 2871KB/5743KB, paused 457us,1.784ms total 105.135ms
02-19 11:13:38.227 22757 22757 D ActivityEmbeddingUtils: isSettingsSplitSupported = false
02-19 11:13:38.227 22757 22757 D DashboardFragment: register observer: @e115f24, uri: content://com.google.android.apps.wellbeing.api/digitalWellbeingSummary
02-19 11:13:38.236 22757 22757 D ActivityEmbeddingUtils: isSettingsSplitSupported = false
02-19 11:13:38.236 22757 22757 D DashboardFragment: register observer: @8ffc442, uri: content://com.google.android.gms.settings.persistent/getGoogleSettingsTitle
02-19 11:13:38.237 22757 22757 D DashboardFragment: register observer: @fbedc53, uri: content://com.google.android.gms.settings.persistent/getGoogleSettingsSummary
02-19 11:13:38.240 22757 22757 D TopLevelSettings: Start waiting observers
02-19 11:13:38.291 22757 22757 D TopLevelSettings: Stop waiting observers
02-19 11:13:38.291 22757 22757 D TopLevelSettings: All preferences added, reporting fully drawn
02-19 11:13:38.299 22757 22757 D ActivityEmbeddingUtils: isSettingsSplitSupported = false
02-19 11:13:38.310 20068 20155 I CachedField: (REDACTED) %s: %s
02-19 11:13:38.312 20068 20154 I CachedField: (REDACTED) %s: %s
02-19 11:13:38.335 20068 20107 I CachedField: (REDACTED) %s: %s
02-19 11:13:38.335 20068 20103 I CachedField: (REDACTED) %s: %s
02-19 11:13:38.495   752  1095 D BackgroundInstallControlService: Package event received: 0
02-19 11:13:38.504 25210 25210 W screencap: Thread Pool max thread count is 0. Cannot cache binder as linkToDeath cannot be implemented. serviceName: SurfaceFlingerAIDL
02-19 11:13:38.504 25210 25210 W BpBinder: Linking to death on android.gui.ISurfaceComposer but there are no threads (yet?) listening to incoming transactions. See ProcessState::startThreadPool and ProcessState::setThreadPoolMaxThreadCount. Generally you should setup the binder threadpool before other initialization steps.
02-19 11:13:38.505 25210 25210 W ProcessState: Extra binder thread started, but 0 threads requested. Do not use *startThreadPool when zero threads are requested.
02-19 11:13:38.515   752  1233 D ActivityManager: sync unfroze 22778 com.google.android.settings.intelligence for 6
02-19 11:13:38.517   752  1095 D BackgroundInstallControlService: Package event received: 0
02-19 11:13:38.524   531   590 E HwcComposer: getLuts failed Status(-8, EX_SERVICE_SPECIFIC): '8: '
02-19 11:13:38.525   531   590 E HWComposer: getLuts: getLuts failed for display 4619827259835644672: UNSUPPORTED (8)
02-19 11:13:38.527 22757 22757 W ContextImpl: Calling a method in the system process without a qualified user: android.app.ContextImpl.sendBroadcast:1269 android.content.ContextWrapper.sendBroadcast:506 com.google.android.settings.search.SearchFeatureProviderGoogleImpl.sendPreIndexIntent:28 com.android.settings.homepage.TopLevelSettings.onStart:190 androidx.fragment.app.Fragment.performStart:3139 
02-19 11:13:38.540 22757 22757 D BatteryBroadcastRcvr: updateBatteryStatus: action=android.intent.action.BATTERY_CHANGED
02-19 11:13:38.559 22757 22757 D BatteryBroadcastRcvr: Battery changed: level: 100%| status: Charged| chargingStatus: 0| health: 2
02-19 11:13:38.559 22757 22757 D TopLvBatteryPrefControl: onBatteryChanged: type=0
02-19 11:13:38.563   752   815 E BluetoothPowerStatsCollector: Cannot acquire BluetoothActivityEnergyInfo
02-19 11:13:38.563   752   815 E BluetoothPowerStatsCollector: java.util.concurrent.ExecutionException: java.lang.RuntimeException: error: 9
02-19 11:13:38.563   752   815 E BluetoothPowerStatsCollector: 	at java.util.concurrent.CompletableFuture.reportGet(CompletableFuture.java:372)
02-19 11:13:38.563   752   815 E BluetoothPowerStatsCollector: 	at java.util.concurrent.CompletableFuture.get(CompletableFuture.java:2072)
02-19 11:13:38.563   752   815 E BluetoothPowerStatsCollector: 	at com.android.server.power.stats.BluetoothPowerStatsCollector.collectBluetoothActivityInfo(BluetoothPowerStatsCollector.java:192)
02-19 11:13:38.563   752   815 E BluetoothPowerStatsCollector: 	at com.android.server.power.stats.BluetoothPowerStatsCollector.collectStats(BluetoothPowerStatsCollector.java:155)
02-19 11:13:38.563   752   815 E BluetoothPowerStatsCollector: 	at com.android.server.power.stats.PowerStatsCollector.collectAndDeliverStats(PowerStatsCollector.java:176)
02-19 11:13:38.563   752   815 E BluetoothPowerStatsCollector: 	at com.android.server.power.stats.PowerStatsCollector$$ExternalSyntheticLambda0.run(R8$$SyntheticClass:0)
02-19 11:13:38.563   752   815 E BluetoothPowerStatsCollector: 	at android.os.Handler.handleCallback(Handler.java:995)
02-19 11:13:38.563   752   815 E BluetoothPowerStatsCollector: 	at android.os.Handler.dispatchMessage(Handler.java:103)
02-19 11:13:38.563   752   815 E BluetoothPowerStatsCollector: 	at android.os.Looper.loopOnce(Looper.java:248)
02-19 11:13:38.563   752   815 E BluetoothPowerStatsCollector: 	at android.os.Looper.loop(Looper.java:338)
02-19 11:13:38.563   752   815 E BluetoothPowerStatsCollector: 	at android.os.HandlerThread.run(HandlerThread.java:85)
02-19 11:13:38.563   752   815 E BluetoothPowerStatsCollector: Caused by: java.lang.RuntimeException: error: 9
02-19 11:13:38.563   752   815 E BluetoothPowerStatsCollector: 	at com.android.server.power.stats.BluetoothPowerStatsCollector$1.onBluetoothActivityEnergyInfoError(BluetoothPowerStatsCollector.java:181)
02-19 11:13:38.563   752   815 E BluetoothPowerStatsCollector: 	at android.bluetooth.BluetoothAdapter$OnBluetoothActivityEnergyInfoProxy.lambda$onError$2(BluetoothAdapter.java:1059)
02-19 11:13:38.563   752   815 E BluetoothPowerStatsCollector: 	at android.bluetooth.BluetoothAdapter$OnBluetoothActivityEnergyInfoProxy$$ExternalSyntheticLambda0.run(D8$$SyntheticClass:0)
02-19 11:13:38.563   752   815 E BluetoothPowerStatsCollector: 	at android.bluetooth.BluetoothUtils.lambda$executeFromBinder$0(BluetoothUtils.java:343)
02-19 11:13:38.563   752   815 E BluetoothPowerStatsCollector: 	at android.bluetooth.BluetoothUtils$$ExternalSyntheticLambda1.run(D8$$SyntheticClass:0)
02-19 11:13:38.563   752   815 E BluetoothPowerStatsCollector: 	at com.android.server.SystemServerInitThreadPool$$ExternalSyntheticLambda0.execute(R8$$SyntheticClass:0)
02-19 11:13:38.563   752   815 E BluetoothPowerStatsCollector: 	at android.bluetooth.BluetoothUtils.executeFromBinder(BluetoothUtils.java:343)
02-19 11:13:38.563   752   815 E BluetoothPowerStatsCollector: 	at android.bluetooth.BluetoothAdapter$OnBluetoothActivityEnergyInfoProxy.onError(BluetoothAdapter.java:1058)
02-19 11:13:38.563   752   815 E BluetoothPowerStatsCollector: 	at android.bluetooth.BluetoothAdapter.requestControllerActivityEnergyInfo(BluetoothAdapter.java:2694)
02-19 11:13:38.563   752   815 E BluetoothPowerStatsCollector: 	at com.android.server.power.stats.BatteryStatsImpl$BluetoothStatsRetrieverImpl.requestControllerActivityEnergyInfo(BatteryStatsImpl.java:485)
02-19 11:13:38.563   752   815 E BluetoothPowerStatsCollector: 	at com.android.server.power.stats.BluetoothPowerStatsCollector.collectBluetoothActivityInfo(BluetoothPowerStatsCollector.java:170)
02-19 11:13:38.563   752   815 E BluetoothPowerStatsCollector: 	... 8 more
02-19 11:13:38.614   752  1456 D TelephonyManager: requestModemActivityInfo: Sending result to app: ModemActivityInfo{ mTimestamp=78692458 mSleepTimeMs=8232 mIdleTimeMs=2744 mActivityStatsTechSpecificInfo=[{mRat=UNKNOWN,mFrequencyRange=UNKNOWN,mTxTimeMs[]=[196, 588, 1176, 1568, 1764],mRxTimeMs=1764}]}
02-19 11:13:38.874 22757 22757 I ndroid.settings: AssetManager2(0x7d8fac4317d8) locale list changing from [] to [en-US]
02-19 11:13:38.875   752   815 E BluetoothPowerStatsCollector: Cannot acquire BluetoothActivityEnergyInfo
02-19 11:13:38.875   752   815 E BluetoothPowerStatsCollector: java.util.concurrent.ExecutionException: java.lang.RuntimeException: error: 9
02-19 11:13:38.875   752   815 E BluetoothPowerStatsCollector: 	at java.util.concurrent.CompletableFuture.reportGet(CompletableFuture.java:372)
02-19 11:13:38.875   752   815 E BluetoothPowerStatsCollector: 	at java.util.concurrent.CompletableFuture.get(CompletableFuture.java:2072)
02-19 11:13:38.875   752   815 E BluetoothPowerStatsCollector: 	at com.android.server.power.stats.BluetoothPowerStatsCollector.collectBluetoothActivityInfo(BluetoothPowerStatsCollector.java:192)
02-19 11:13:38.875   752   815 E BluetoothPowerStatsCollector: 	at com.android.server.power.stats.BluetoothPowerStatsCollector.collectStats(BluetoothPowerStatsCollector.java:155)
02-19 11:13:38.875   752   815 E BluetoothPowerStatsCollector: 	at com.android.server.power.stats.PowerStatsCollector.collectAndDeliverStats(PowerStatsCollector.java:176)
02-19 11:13:38.875   752   815 E BluetoothPowerStatsCollector: 	at com.android.server.power.stats.PowerStatsCollector$$ExternalSyntheticLambda0.run(R8$$SyntheticClass:0)
02-19 11:13:38.875   752   815 E BluetoothPowerStatsCollector: 	at android.os.Handler.handleCallback(Handler.java:995)
02-19 11:13:38.875   752   815 E BluetoothPowerStatsCollector: 	at android.os.Handler.dispatchMessage(Handler.java:103)
02-19 11:13:38.875   752   815 E BluetoothPowerStatsCollector: 	at android.os.Looper.loopOnce(Looper.java:248)
02-19 11:13:38.875   752   815 E BluetoothPowerStatsCollector: 	at android.os.Looper.loop(Looper.java:338)
02-19 11:13:38.875   752   815 E BluetoothPowerStatsCollector: 	at android.os.HandlerThread.run(HandlerThread.java:85)
02-19 11:13:38.875   752   815 E BluetoothPowerStatsCollector: Caused by: java.lang.RuntimeException: error: 9
02-19 11:13:38.875   752   815 E BluetoothPowerStatsCollector: 	at com.android.server.power.stats.BluetoothPowerStatsCollector$1.onBluetoothActivityEnergyInfoError(BluetoothPowerStatsCollector.java:181)
02-19 11:13:38.875   752   815 E BluetoothPowerStatsCollector: 	at android.bluetooth.BluetoothAdapter$OnBluetoothActivityEnergyInfoProxy.lambda$onError$2(BluetoothAdapter.java:1059)
02-19 11:13:38.875   752   815 E BluetoothPowerStatsCollector: 	at android.bluetooth.BluetoothAdapter$OnBluetoothActivityEnergyInfoProxy$$ExternalSyntheticLambda0.run(D8$$SyntheticClass:0)
02-19 11:13:38.875   752   815 E BluetoothPowerStatsCollector: 	at android.bluetooth.BluetoothUtils.lambda$executeFromBinder$0(BluetoothUtils.java:343)
02-19 11:13:38.875   752   815 E BluetoothPowerStatsCollector: 	at android.bluetooth.BluetoothUtils$$ExternalSyntheticLambda1.run(D8$$SyntheticClass:0)
02-19 11:13:38.875   752   815 E BluetoothPowerStatsCollector: 	at com.android.server.SystemServerInitThreadPool$$ExternalSyntheticLambda0.execute(R8$$SyntheticClass:0)
02-19 11:13:38.875   752   815 E BluetoothPowerStatsCollector: 	at android.bluetooth.BluetoothUtils.executeFromBinder(BluetoothUtils.java:343)
02-19 11:13:38.875   752   815 E BluetoothPowerStatsCollector: 	at android.bluetooth.BluetoothAdapter$OnBluetoothActivityEnergyInfoProxy.onError(BluetoothAdapter.java:1058)
02-19 11:13:38.875   752   815 E BluetoothPowerStatsCollector: 	at android.bluetooth.BluetoothAdapter.requestControllerActivityEnergyInfo(BluetoothAdapter.java:2694)
02-19 11:13:38.875   752   815 E BluetoothPowerStatsCollector: 	at com.android.server.power.stats.BatteryStatsImpl$BluetoothStatsRetrieverImpl.requestControllerActivityEnergyInfo(BatteryStatsImpl.java:485)
02-19 11:13:38.875   752   815 E BluetoothPowerStatsCollector: 	at com.android.server.power.stats.BluetoothPowerStatsCollector.collectBluetoothActivityInfo(BluetoothPowerStatsCollector.java:170)
02-19 11:13:38.875   752   815 E BluetoothPowerStatsCollector: 	... 8 more
02-19 11:13:38.880   752   815 E BluetoothPowerStatsCollector: Cannot acquire BluetoothActivityEnergyInfo
02-19 11:13:38.880   752   815 E BluetoothPowerStatsCollector: java.util.concurrent.ExecutionException: java.lang.RuntimeException: error: 9
02-19 11:13:38.880   752   815 E BluetoothPowerStatsCollector: 	at java.util.concurrent.CompletableFuture.reportGet(CompletableFuture.java:372)
02-19 11:13:38.880   752   815 E BluetoothPowerStatsCollector: 	at java.util.concurrent.CompletableFuture.get(CompletableFuture.java:2072)
02-19 11:13:38.880   752   815 E BluetoothPowerStatsCollector: 	at com.android.server.power.stats.BluetoothPowerStatsCollector.collectBluetoothActivityInfo(BluetoothPowerStatsCollector.java:192)
02-19 11:13:38.880   752   815 E BluetoothPowerStatsCollector: 	at com.android.server.power.stats.BluetoothPowerStatsCollector.collectStats(BluetoothPowerStatsCollector.java:155)
02-19 11:13:38.880   752   815 E BluetoothPowerStatsCollector: 	at com.android.server.power.stats.PowerStatsCollector.collectAndDeliverStats(PowerStatsCollector.java:176)
02-19 11:13:38.880   752   815 E BluetoothPowerStatsCollector: 	at com.android.server.power.stats.PowerStatsCollector$$ExternalSyntheticLambda0.run(R8$$SyntheticClass:0)
02-19 11:13:38.880   752   815 E BluetoothPowerStatsCollector: 	at android.os.Handler.handleCallback(Handler.java:995)
02-19 11:13:38.880   752   815 E BluetoothPowerStatsCollector: 	at android.os.Handler.dispatchMessage(Handler.java:103)
02-19 11:13:38.880   752   815 E BluetoothPowerStatsCollector: 	at android.os.Looper.loopOnce(Looper.java:248)
02-19 11:13:38.880   752   815 E BluetoothPowerStatsCollector: 	at android.os.Looper.loop(Looper.java:338)
02-19 11:13:38.880   752   815 E BluetoothPowerStatsCollector: 	at android.os.HandlerThread.run(HandlerThread.java:85)
02-19 11:13:38.880   752   815 E BluetoothPowerStatsCollector: Caused by: java.lang.RuntimeException: error: 9
02-19 11:13:38.880   752   815 E BluetoothPowerStatsCollector: 	at com.android.server.power.stats.BluetoothPowerStatsCollector$1.onBluetoothActivityEnergyInfoError(BluetoothPowerStatsCollector.java:181)
02-19 11:13:38.880   752   815 E BluetoothPowerStatsCollector: 	at android.bluetooth.BluetoothAdapter$OnBluetoothActivityEnergyInfoProxy.lambda$onError$2(BluetoothAdapter.java:1059)
02-19 11:13:38.880   752   815 E BluetoothPowerStatsCollector: 	at android.bluetooth.BluetoothAdapter$OnBluetoothActivityEnergyInfoProxy$$ExternalSyntheticLambda0.run(D8$$SyntheticClass:0)
02-19 11:13:38.880   752   815 E BluetoothPowerStatsCollector: 	at android.bluetooth.BluetoothUtils.lambda$executeFromBinder$0(BluetoothUtils.java:343)
02-19 11:13:38.880   752   815 E BluetoothPowerStatsCollector: 	at android.bluetooth.BluetoothUtils$$ExternalSyntheticLambda1.run(D8$$SyntheticClass:0)
02-19 11:13:38.880   752   815 E BluetoothPowerStatsCollector: 	at com.android.server.SystemServerInitThreadPool$$ExternalSyntheticLambda0.execute(R8$$SyntheticClass:0)
02-19 11:13:38.880   752   815 E BluetoothPowerStatsCollector: 	at android.bluetooth.BluetoothUtils.executeFromBinder(BluetoothUtils.java:343)
02-19 11:13:38.880   752   815 E BluetoothPowerStatsCollector: 	at android.bluetooth.BluetoothAdapter$OnBluetoothActivityEnergyInfoProxy.onError(BluetoothAdapter.java:1058)
02-19 11:13:38.880   752   815 E BluetoothPowerStatsCollector: 	at android.bluetooth.BluetoothAdapter.requestControllerActivityEnergyInfo(BluetoothAdapter.java:2694)
02-19 11:13:38.880   752   815 E BluetoothPowerStatsCollector: 	at com.android.server.power.stats.BatteryStatsImpl$BluetoothStatsRetrieverImpl.requestControllerActivityEnergyInfo(BatteryStatsImpl.java:485)
02-19 11:13:38.880   752   815 E BluetoothPowerStatsCollector: 	at com.android.server.power.stats.BluetoothPowerStatsCollector.collectBluetoothActivityInfo(BluetoothPowerStatsCollector.java:170)
02-19 11:13:38.880   752   815 E BluetoothPowerStatsCollector: 	... 8 more
02-19 11:13:38.890   752   779 D FileUtils: Rounded bytes from 6815911936 to 8000000000
02-19 11:13:38.905 22778 22782 W gs.intelligence: Reducing the number of considered missed Gc histogram windows from 439 to 100
02-19 11:13:38.994   752   779 D TelephonyManager: requestModemActivityInfo: Sending result to app: ModemActivityInfo{ mTimestamp=78692824 mSleepTimeMs=8274 mIdleTimeMs=2758 mActivityStatsTechSpecificInfo=[{mRat=UNKNOWN,mFrequencyRange=UNKNOWN,mTxTimeMs[]=[197, 591, 1182, 1576, 1773],mRxTimeMs=1773}]}
02-19 11:13:39.090 22757 22757 D CategoryMixin: Skip categories update
02-19 11:13:39.536 22757 22757 W HWUI    : Unknown dataspace 0
