--------- beginning of main
02-19 14:16:04.275   617   617 W FrameTracker: Missed SF frame:UNKNOWN: 3, 1554022, 918195391, CUJ=J<LAUNCHER_APP_CLOSE_TO_HOME>
02-19 14:16:04.275   617   617 W FrameTracker: Missed App frame:UNKNOWN: 3, 1554030, 939531652, CUJ=J<LAUNCHER_APP_CLOSE_TO_HOME>
02-19 14:16:04.275   617   617 W FrameTracker: Missed SF frame:UNKNOWN: 3, 1554030, 939531652, CUJ=J<LAUNCHER_APP_CLOSE_TO_HOME>
02-19 14:16:04.275   617   617 W FrameTracker: Missed App frame:UNKNOWN: 3, 1554038, 985773140, CUJ=J<LAUNCHER_APP_CLOSE_TO_HOME>
02-19 14:16:04.275   617   617 W FrameTracker: Missed SF frame:UNKNOWN: 3, 1554038, 985773140, CUJ=J<LAUNCHER_APP_CLOSE_TO_HOME>
02-19 14:16:04.277   531   531 I BpBinder: onLastStrongRef automatically unlinking death recipients: 
02-19 14:16:04.311  4449  4474 V SnapshotDrawerUtils: Drawing snapshot surface sizeMismatch=true
02-19 14:16:04.328   617   617 W SplitSelectStateCtor: Missing session instanceIds
02-19 14:16:04.328   617   617 D StatsLog: LAUNCHER_SPLIT_SELECTION_EXIT_INTERRUPTED
--------- beginning of system
02-19 14:16:04.350   752  1095 D BackgroundInstallControlService: Package event received: 0
02-19 14:16:04.355   752  1095 D BackgroundInstallControlService: Package event received: 0
02-19 14:16:04.356   752  1095 D BackgroundInstallControlService: Package event received: 0
02-19 14:16:04.366   752  1095 D BackgroundInstallControlService: Package event received: 0
02-19 14:16:04.441  4449  4467 D WindowManagerShell: setLauncherKeepClearAreaHeight: visible=false, height=527
02-19 14:16:04.443   752  1095 D BackgroundInstallControlService: Package event received: 0
02-19 14:16:04.444   752  1095 D BackgroundInstallControlService: Package event received: 0
02-19 14:16:04.444   752  1095 D BackgroundInstallControlService: Package event received: 0
02-19 14:16:04.444   752  1095 D BackgroundInstallControlService: Package event received: 0
02-19 14:16:04.509  5621  5621 D ViewRootImpl: Skipping stats log for color mode
02-19 14:16:04.523   752   795 W Looper  : Slow dispatch took 157ms android.ui app=system_server main=false group=TOP_APP h=com.android.server.am.ActivityManagerService$UiHandler c=com.android.server.am.UidObserverController$$ExternalSyntheticLambda0@6a2cd6d m=0
02-19 14:16:04.656  5621  6587 W unknown:ReconnectingWebSocket: Couldn't connect to "ws://10.0.2.2:8081/message?device=sdk_gphone64_x86_64%20-%2016%20-%20API%2036&app=viva.republica.toss.test&clientid=BridgeDevSupportManager", will silently retry
02-19 14:16:04.734  4449  4462 V WindowManagerShell: onTransitionReady(transaction=3229815422108)
02-19 14:16:04.734  4449  4467 V WindowManagerShell: onTransitionReady (#513) android.os.BinderProxy@e208bb1: {id=513 t=OPEN f=0x0 trk=0 r=[0@Point(0, 0)] c=[
02-19 14:16:04.734  4449  4467 V WindowManagerShell:         {m=TO_FRONT f=MOVE_TO_TOP leash=Surface(name=Task=56)/@0x806a822 sb=Rect(0, 0 - 1080, 2400) eb=Rect(0, 0 - 1080, 2400) epz=Point(1080, 2400) d=0 taskParent=-1},
02-19 14:16:04.734  4449  4467 V WindowManagerShell:         {m=TO_BACK f=SHOW_WALLPAPER leash=Surface(name=Task=1)/@0xe5c22b3 sb=Rect(0, 0 - 1080, 2400) eb=Rect(0, 0 - 1080, 2400) epz=Point(1080, 2400) d=0 taskParent=-1},
02-19 14:16:04.734  4449  4467 V WindowManagerShell:         {m=TO_BACK f=IS_WALLPAPER leash=Surface(name=WallpaperWindowToken{35e0c0f showWhenLocked=false})/@0x93f8070 sb=Rect(0, 0 - 1080, 2400) eb=Rect(0, 0 - 1080, 2400) epz=Point(1080, 2400) d=0}
02-19 14:16:04.734  4449  4467 V WindowManagerShell:     ]}
02-19 14:16:04.734  4449  4467 V WindowManagerShell: Playing animation for (#513) android.os.BinderProxy@e208bb1@0
02-19 14:16:04.735  4449  4467 V ShellRecents: RecentsTransitionHandler.startAnimation: no controller found
02-19 14:16:04.735  4449  4467 V WindowManagerShell: Transition doesn't have explicit remote, search filters for match for {id=513 t=OPEN f=0x0 trk=0 r=[0@Point(0, 0)] c=[{m=TO_FRONT f=MOVE_TO_TOP leash=Surface(name=Task=56)/@0x806a822 sb=Rect(0, 0 - 1080, 2400) eb=Rect(0, 0 - 1080, 2400) epz=Point(1080, 2400) d=0 taskParent=-1},{m=TO_BACK f=SHOW_WALLPAPER leash=Surface(name=Task=1)/@0xe5c22b3 sb=Rect(0, 0 - 1080, 2400) eb=Rect(0, 0 - 1080, 2400) epz=Point(1080, 2400) d=0 taskParent=-1},{m=TO_BACK f=IS_WALLPAPER leash=Surface(name=WallpaperWindowToken{35e0c0f showWhenLocked=false})/@0x93f8070 sb=Rect(0, 0 - 1080, 2400) eb=Rect(0, 0 - 1080, 2400) epz=Point(1080, 2400) d=0}]}
02-19 14:16:04.735  4449  4467 V WindowManagerShell:  Checking filter Pair{{types=[] flags=0x0] notFlags=0x0 checks=[{atype=undefined independent=true modes=[CLOSE,TO_BACK] flags=IN_TASK_WITH_EMBEDDED_ACTIVITY mustBeTask=false order=ANY topActivity=null launchCookie=null taskFragmentToken=android.os.BinderProxy@268473d windowingMode=undefined}]} RemoteTransition { remoteTransition = android.window.IRemoteTransition$Stub$Proxy@2491b32, appThread = android.app.IApplicationThread$Stub$Proxy@a160083, debugName = overlayBackTransition }}
02-19 14:16:04.735  4449  4467 V WindowManagerShell:  Checking filter Pair{{types=[] flags=0x0] notFlags=0x0 checks=[{atype=dream independent=true modes=[OPEN,TO_FRONT] flags=NONE mustBeTask=false order=ANY topActivity=null launchCookie=null windowingMode=undefined},{atype=home independent=true modes=[CLOSE,TO_BACK] flags=NONE mustBeTask=false order=ANY topActivity=null launchCookie=null windowingMode=undefined}]} RemoteTransition { remoteTransition = android.window.IRemoteTransition$Stub$Proxy@7d85200, appThread = android.app.IApplicationThread$Stub$Proxy@c171a39, debugName = LauncherToDream }}
02-19 14:16:04.735  4449  4467 V WindowManagerShell:  Checking filter Pair{{types=[] flags=0x0] notFlags=0x100 checks=[{atype=home independent=true modes=[OPEN,TO_FRONT] flags=NONE mustBeTask=false order=TOP topActivity=ComponentInfo{com.google.android.apps.nexuslauncher/com.google.android.apps.nexuslauncher.NexusLauncherActivity} launchCookie=null windowingMode=undefined},{atype=standard independent=true modes=[CLOSE,TO_BACK] flags=NONE mustBeTask=false order=ANY topActivity=null launchCookie=null windowingMode=undefined},{NOT atype=undefined independent=true modes=[] flags=NONE mustBeTask=true order=ANY topActivity=null launchCookie=null customAnim=true windowingMode=undefined}]} RemoteTransition { remoteTransition = android.window.IRemoteTransition$Stub$Proxy@e9b87e, appThread = android.app.IApplicationThread$Stub$Proxy@92e21df, debugName = QuickstepLaunchHome }}
02-19 14:16:04.735  4449  4467 V WindowManagerShell:  Checking filter Pair{{types=[] flags=0x0] notFlags=0x0 checks=[{atype=undefined independent=true modes=[CLOSE,TO_BACK] flags=IN_TASK_WITH_EMBEDDED_ACTIVITY mustBeTask=false order=ANY topActivity=null launchCookie=null taskFragmentToken=android.os.BinderProxy@268473d windowingMode=undefined}]} RemoteTransition { remoteTransition = android.window.IRemoteTransition$Stub$Proxy@2767ac7, appThread = android.app.IApplicationThread$Stub$Proxy@2c518f4, debugName = overlayBackTransition }}
02-19 14:16:04.735  4449  4467 V WindowManagerShell:  Checking filter Pair{{types=[] flags=0x0] notFlags=0x0 checks=[{atype=dream independent=true modes=[OPEN,TO_FRONT] flags=NONE mustBeTask=false order=ANY topActivity=null launchCookie=null windowingMode=undefined},{atype=home independent=true modes=[CLOSE,TO_BACK] flags=NONE mustBeTask=false order=ANY topActivity=null launchCookie=null windowingMode=undefined}]} RemoteTransition { remoteTransition = android.window.IRemoteTransition$Stub$Proxy@c3e281d, appThread = android.app.IApplicationThread$Stub$Proxy@a1e1a92, debugName = LauncherToDream }}
02-19 14:16:04.735  4449  4467 V WindowManagerShell:  Checking filter Pair{{types=[] flags=0x0] notFlags=0x100 checks=[{atype=home independent=true modes=[OPEN,TO_FRONT] flags=NONE mustBeTask=false order=TOP topActivity=ComponentInfo{com.google.android.apps.nexuslauncher/com.google.android.apps.nexuslauncher.NexusLauncherActivity} launchCookie=null windowingMode=undefined},{atype=standard independent=true modes=[CLOSE,TO_BACK] flags=NONE mustBeTask=false order=ANY topActivity=null launchCookie=null windowingMode=undefined},{NOT atype=undefined independent=true modes=[] flags=NONE mustBeTask=true order=ANY topActivity=null launchCookie=null customAnim=true windowingMode=undefined}]} RemoteTransition { remoteTransition = android.window.IRemoteTransition$Stub$Proxy@9d5fc63, appThread = android.app.IApplicationThread$Stub$Proxy@a94d060, debugName = QuickstepLaunchHome }}
02-19 14:16:04.735  4449  4467 V WindowManagerShell:  Delegate animation for (#513) to null
02-19 14:16:04.735  4449  4467 V WindowManagerShell: start default transition animation, info = {id=513 t=OPEN f=0x0 trk=0 r=[0@Point(0, 0)] c=[{m=TO_FRONT f=MOVE_TO_TOP leash=Surface(name=Task=56)/@0x806a822 sb=Rect(0, 0 - 1080, 2400) eb=Rect(0, 0 - 1080, 2400) epz=Point(1080, 2400) d=0 taskParent=-1},{m=TO_BACK f=SHOW_WALLPAPER leash=Surface(name=Task=1)/@0xe5c22b3 sb=Rect(0, 0 - 1080, 2400) eb=Rect(0, 0 - 1080, 2400) epz=Point(1080, 2400) d=0 taskParent=-1},{m=TO_BACK f=IS_WALLPAPER leash=Surface(name=WallpaperWindowToken{35e0c0f showWhenLocked=false})/@0x93f8070 sb=Rect(0, 0 - 1080, 2400) eb=Rect(0, 0 - 1080, 2400) epz=Point(1080, 2400) d=0}]}
02-19 14:16:04.736  4449  4467 V WindowManagerShell: loadAnimation: anim=android.view.animation.AnimationSet@90b246e animAttr=0x13 type=OPEN isEntrance=false
02-19 14:16:04.736  4449  4467 V WindowManagerShell: loadAnimation: anim=android.view.animation.AnimationSet@9ec370f animAttr=0x12 type=OPEN isEntrance=true
02-19 14:16:04.739  4449  4467 V WindowManagerShell:  animated by com.android.wm.shell.transition.DefaultTransitionHandler@f74d823
02-19 14:16:04.740   752   794 V WindowManager: Sent Transition (#513) createdAt=02-19 14:16:04.153 via request=TransitionRequestInfo { type = OPEN, triggerTask = TaskInfo{userId=0 taskId=56 effectiveUid=10217 displayId=0 isRunning=true baseIntent=Intent { act=android.intent.action.VIEW dat=intoss://takealook/... flg=0x10000000 pkg=viva.republica.toss.test cmp=viva.republica.toss.test/.MiniAppSchemeActivity } baseActivity=ComponentInfo{viva.republica.toss.test/im.toss.rn.granite.core.GraniteActivity} topActivity=ComponentInfo{viva.republica.toss.test/im.toss.rn.granite.core.GraniteActivity} origActivity=null realActivity=ComponentInfo{viva.republica.toss.test/viva.republica.toss.test.MiniAppSchemeActivity} numActivities=24 lastActiveTime=89636276 supportsMultiWindow=true resizeMode=1 isResizeable=true minWidth=-1 minHeight=-1 defaultMinSize=220 token=WCT{RemoteToken{29715c6 Task{fa7be33 #56 type=standard A=10217:viva.republica.toss.test}}} topActivityType=1 pictureInPictureParams=null shouldDockBigOverlays=false launchIntoPipHostTaskId=-1 lastParentTaskIdBeforePip=-1 displayCutoutSafeInsets=Rect(0, 0 - 0, 0) topActivityInfo=ActivityInfo{f2b3eed im.toss.rn.granite.core.GraniteActivity} launchCookies=[] positionInParent=Point(0, 0) parentTaskId=-1 isFocused=false isVisible=false isVisibleRequested=false isTopActivityNoDisplay=false isSleeping=false locusId=null displayAreaFeatureId=1 isTopActivityTransparent=false isActivityStackTransparent=false lastNonFullscreenBounds=Rect(284, 660 - 796, 1740) capturedLink=null capturedLinkTimestamp=0 requestedVisibleTypes=-9 topActivityRequestOpenInBrowserEducationTimestamp=0 appCompatTaskInfo=AppCompatTaskInfo { topActivityInSizeCompat=false eligibleForLetterboxEducation= false isLetterboxEducationEnabled= true isLetterboxDoubleTapEnabled= false eligibleForUserAspectRatioButton= false topActivityBoundsLetterboxed= false isFromLetterboxDoubleTap= false topActivityLetterboxVerticalPosition= -1 topActivityLetterboxHorizontalPosition= -1 topActivityLetterboxWidth=-1 topActivityLetterboxHeight=-1 topActivityAppBounds=Rect(0, 0 - 1080, 2400) isUserFullscreenOverrideEnabled=false isSystemFullscreenOverrideEnabled=false hasMinAspectRatioOverride=false topActivityLetterboxBounds=null cameraCompatTaskInfo=CameraCompatTaskInfo { freeformCameraCompatMode=inactive}} topActivityMainWindowFrame=null}, pipChange = null, remoteTransition = null, displayChange = null, flags = 0, debugId = 513 }
02-19 14:16:04.740   752   794 V WindowManager:     startWCT=WindowContainerTransaction { changes= {} hops= [] errorCallbackToken=null taskFragmentOrganizer=null }
02-19 14:16:04.740   752   794 V WindowManager:     info={id=513 t=OPEN f=0x0 trk=0 r=[0@Point(0, 0)] c=[
02-19 14:16:04.740   752   794 V WindowManager:         {WCT{RemoteToken{29715c6 Task{fa7be33 #56 type=standard A=10217:viva.republica.toss.test}}} m=TO_FRONT f=MOVE_TO_TOP leash=Surface(name=Task=56)/@0xf76b753 sb=Rect(0, 0 - 1080, 2400) eb=Rect(0, 0 - 1080, 2400) epz=Point(1080, 2400) d=0 taskParent=-1},
02-19 14:16:04.740   752   794 V WindowManager:         {WCT{RemoteToken{5218fe8 Task{dd43522 #1 type=home}}} m=TO_BACK f=SHOW_WALLPAPER leash=Surface(name=Task=1)/@0x8ddbd2e sb=Rect(0, 0 - 1080, 2400) eb=Rect(0, 0 - 1080, 2400) epz=Point(1080, 2400) d=0 taskParent=-1},
02-19 14:16:04.740   752   794 V WindowManager:         {m=TO_BACK f=IS_WALLPAPER leash=Surface(name=WallpaperWindowToken{35e0c0f showWhenLocked=false})/@0x512f5be sb=Rect(0, 0 - 1080, 2400) eb=Rect(0, 0 - 1080, 2400) epz=Point(1080, 2400) d=0}
02-19 14:16:04.740   752   794 V WindowManager:     ]}
02-19 14:16:04.937  5621  6500 D ReactNativeJS: '[Analytics]', '{\n  "log_type": "screen",\n  "log_name": "/::screen",\n  "params": {\n    "referrer": null,\n    "deployment_id": "local",\n    "deployment_timestamp": null\n  }\n}'
02-19 14:16:05.028   752   989 I ImeTracker: viva.republica.toss.test:fb3da254: onRequestHide at ORIGIN_SERVER reason HIDE_UNSPECIFIED_WINDOW fromUser false
02-19 14:16:05.049  1563  1563 I GoogleInputMethodService: GoogleInputMethodService.onFinishInput():2043 
02-19 14:16:05.049  4449  4467 V WindowManagerShell: Transition animation finished (aborted=false), notifying core (#513) android.os.BinderProxy@e208bb1@0
02-19 14:16:05.050  1563  1563 I Module  : DeviceLockedStatusModuleProvider$Module.updateDeviceLockedStatus():100 repeatCheckTimes = 0, locked = false
02-19 14:16:05.050  1563  1563 I GoogleInputMethodService: GoogleInputMethodService.onStartInput():1293 onStartInput(EditorInfo{EditorInfo{packageName=viva.republica.toss.test, inputType=0, inputTypeString=NULL, enableLearning=false, autoCorrection=false, autoComplete=false, imeOptions=0, privateImeOptions=null, actionName=UNSPECIFIED, actionLabel=null, initialSelStart=-1, initialSelEnd=-1, initialCapsMode=0, label=null, fieldId=0, fieldName=null, extras=null, hintText=null, hintLocales=[]}}, false)
02-19 14:16:05.053   752  2305 I ImeTracker: system_server:3cb63683: onRequestHide at ORIGIN_SERVER reason IME_REQUESTED_CHANGED_LISTENER fromUser false
02-19 14:16:05.053  1563  1563 I Module  : DeviceLockedStatusModuleProvider$Module.updateDeviceLockedStatus():100 repeatCheckTimes = 1, locked = false
02-19 14:16:05.055  1563  1563 I EmojiCompatManager: EmojiCompatManager.getEmojiCompatIfLoaded():343 EmojiCompat.init() was never called.
02-19 14:16:05.055  1563  1563 I EmojiCompatManager: java.lang.IllegalStateException: EmojiCompat is not initialized. Please call EmojiCompat.init() first
02-19 14:16:05.055  1563  1563 I EmojiCompatManager: 	at asx.p(PG:6)
02-19 14:16:05.055  1563  1563 I EmojiCompatManager: 	at axb.b(PG:13)
02-19 14:16:05.055  1563  1563 I EmojiCompatManager: 	at jnr.b(PG:2)
02-19 14:16:05.055  1563  1563 I EmojiCompatManager: 	at jnr.c(PG:4)
02-19 14:16:05.055  1563  1563 I EmojiCompatManager: 	at jnr.f(PG:3)
02-19 14:16:05.055  1563  1563 I EmojiCompatManager: 	at jnx.c(PG:3)
02-19 14:16:05.055  1563  1563 I EmojiCompatManager: 	at kif.cz(PG:47)
02-19 14:16:05.055  1563  1563 I EmojiCompatManager: 	at lhl.run(PG:1025)
02-19 14:16:05.055  1563  1563 I EmojiCompatManager: 	at jaf.execute(PG:12)
02-19 14:16:05.055  1563  1563 I EmojiCompatManager: 	at nco.v(PG:13)
02-19 14:16:05.055  1563  1563 I EmojiCompatManager: 	at lhn.m(PG:96)
02-19 14:16:05.055  1563  1563 I EmojiCompatManager: 	at lhn.k(PG:25)
02-19 14:16:05.055  1563  1563 I EmojiCompatManager: 	at kgn.onStartInput(PG:250)
02-19 14:16:05.055  1563  1563 I EmojiCompatManager: 	at android.inputmethodservice.InputMethodService.doStartInput(InputMethodService.java:3521)
02-19 14:16:05.055  1563  1563 I EmojiCompatManager: 	at android.inputmethodservice.InputMethodService$InputMethodImpl.startInput(InputMethodService.java:879)
02-19 14:16:05.055  1563  1563 I EmojiCompatManager: 	at android.inputmethodservice.InputMethodService$InputMethodImpl.dispatchStartInput(InputMethodService.java:908)
02-19 14:16:05.055  1563  1563 I EmojiCompatManager: 	at android.inputmethodservice.IInputMethodWrapper.executeMessage(IInputMethodWrapper.java:201)
02-19 14:16:05.055  1563  1563 I EmojiCompatManager: 	at com.android.internal.os.HandlerCaller$MyHandler.handleMessage(HandlerCaller.java:44)
02-19 14:16:05.055  1563  1563 I EmojiCompatManager: 	at android.os.Handler.dispatchMessage(Handler.java:110)
02-19 14:16:05.055  1563  1563 I EmojiCompatManager: 	at android.os.Looper.loopOnce(Looper.java:248)
02-19 14:16:05.055  1563  1563 I EmojiCompatManager: 	at android.os.Looper.loop(Looper.java:338)
02-19 14:16:05.055  1563  1563 I EmojiCompatManager: 	at android.app.ActivityThread.main(ActivityThread.java:9067)
02-19 14:16:05.055  1563  1563 I EmojiCompatManager: 	at java.lang.reflect.Method.invoke(Native Method)
02-19 14:16:05.055  1563  1563 I EmojiCompatManager: 	at com.android.internal.os.RuntimeInit$MethodAndArgsCaller.run(RuntimeInit.java:593)
02-19 14:16:05.055  1563  1563 I EmojiCompatManager: 	at com.android.internal.os.ZygoteInit.main(ZygoteInit.java:932)
02-19 14:16:05.056   752   797 I ImeTracker: system_server:3cb63683: onCancelled at PHASE_SERVER_SHOULD_HIDE
02-19 14:16:05.059   752   794 V WindowManager: Finish Transition (#513): created at 02-19 14:16:04.153 collect-started=0.107ms request-sent=50.468ms started=117.15ms ready=383.612ms sent=578.831ms commit=11.84ms finished=905.091ms
02-19 14:16:05.060   752  2305 W PackageConfigPersister: App-specific configuration not found for packageName: viva.republica.toss.test and userId: 0
02-19 14:16:05.067  4449  4467 V WindowManagerShell: Track 0 became idle
02-19 14:16:05.067  4449  4467 V WindowManagerShell: All active transition animations finished
02-19 14:16:05.067   617   617 D VRI[NexusLauncherActivity]: visibilityChanged oldVisibility=true newVisibility=false
02-19 14:16:05.082   617   617 D BaseDepthController: setSurface:
02-19 14:16:05.082   617   617 D BaseDepthController: 	mWaitingOnSurfaceValidity: false
02-19 14:16:05.082   617   617 D BaseDepthController: 	mBaseSurface: null
02-19 14:16:05.083   617   617 D BaseDepthController: mSurface is null and mCurrentBlur is: 0
02-19 14:16:05.084   617   617 D StateManager: goToState - fromState: Normal, toState: Normal, partial trace:
02-19 14:16:05.084   617   617 D StateManager: 	at com.android.launcher3.statemanager.StateManager.moveToRestState(go/retraceme 72a59688580715d19f0e415c69e80376c2f062d1648c80db6730905005a27c20:4)
02-19 14:16:05.084   617   617 D StateManager: 	at com.android.launcher3.statemanager.StateManager.moveToRestState(go/retraceme 72a59688580715d19f0e415c69e80376c2f062d1648c80db6730905005a27c20:1)
02-19 14:16:05.084   617   617 D StateManager: 	at com.android.launcher3.statemanager.StatefulActivity.onStop(go/retraceme 72a59688580715d19f0e415c69e80376c2f062d1648c80db6730905005a27c20:34)
02-19 14:16:05.085   617   617 D StatsLog: LAUNCHER_ONSTOP
02-19 14:16:05.090   617   617 D StatsLog: LAUNCHER_GOOGLE_SEARCH_RESTORE_LIST_SIZE_AFTER_ACTIVITY_RESTART
02-19 14:16:05.090   617   617 D NexusLauncherModelDelegate: notifySmartspaceEvent: SmartspaceTargetEvent{mSmartspaceTarget=null, mSmartspaceActionId='null', mEventType=7}
02-19 14:16:05.091   617   617 D NexusLauncherModelDelegate: notifySmartspaceEvent: SmartspaceTargetEvent{mSmartspaceTarget=null, mSmartspaceActionId='null', mEventType=7}
02-19 14:16:05.097   752  1095 D BackgroundInstallControlService: Package event received: 0
02-19 14:16:05.150  5621  5621 D InsetsController: hide(ime(), fromIme=false)
02-19 14:16:05.151  5621  5621 I ImeTracker: viva.republica.toss.test:fb3da254: onCancelled at PHASE_CLIENT_ALREADY_HIDDEN
02-19 14:16:07.235   531   568 W EventThread: Faking VSYNC due to driver stall for thread app
02-19 14:16:07.280   617   640 I HWUI    : Davey! duration=2017ms; Flags=0, FrameTimelineVsyncId=1554687, IntendedVsync=89639088687960, Vsync=89639088687960, InputEventId=0, HandleInputStart=89639093071952, AnimationStart=89639093072819, PerformTraversalsStart=89639093558455, DrawStart=89639093624759, FrameDeadline=89639122021292, FrameStartTime=89639093069792, FrameInterval=16666666, WorkloadTarget=16666666, SyncQueued=89639093663539, SyncStart=89639096541399, IssueDrawCommandsStart=89639096829077, SwapBuffers=89639097384770, FrameCompleted=89641109189545, DequeueBufferDuration=1996823677, QueueBufferDuration=474935, GpuCompleted=89641109189545, SwapBuffersCompleted=89641096388901, DisplayPresentTime=0, CommandSubmissionCompleted=89639097384770, 
02-19 14:16:07.285   752  1856 E TaskPersister: File error accessing recents directory (directory doesn't exist?).
02-19 14:16:07.339  6590  6590 W dumpsys : Thread Pool max thread count is 0. Cannot cache binder as linkToDeath cannot be implemented. serviceName: window
02-19 14:16:07.355   752  1852 I system_server: AssetManager2(0x7d8fac5221d8) locale list changing from [] to [en-US]
02-19 14:16:07.364   752  1852 I system_server: AssetManager2(0x7d8fac4d74f8) locale list changing from [] to [en-US]
02-19 14:16:07.370   752  1852 I system_server: AssetManager2(0x7d8fac4e6ef8) locale list changing from [] to [en-US]
02-19 14:16:07.375   752  1852 I system_server: AssetManager2(0x7d8fac496458) locale list changing from [] to [en-US]
02-19 14:16:07.379   752  1852 I system_server: AssetManager2(0x7d8fac4d8ad8) locale list changing from [] to [en-US]
02-19 14:16:07.388   752  1852 I system_server: AssetManager2(0x7d8fac4d6b98) locale list changing from [] to [en-US]
02-19 14:16:07.758   752   795 W ActivityTaskManager: callingPackage for (uid=-1, pid=0) has no WPC
02-19 14:16:07.759   752   795 W ActivityStartInterceptor: Starting home with component specified, uid=0
02-19 14:16:07.766   752   795 W OptProp : Cannot read opt property android.window.PROPERTY_COMPAT_ALLOW_USER_ASPECT_RATIO_OVERRIDE
02-19 14:16:07.767  4449  4449 I vol.VolumeDialogImpl: mDialog.dismiss() reason: volume_controller from: com.android.systemui.volume.VolumeDialogImpl$7.onDismissRequested:3
02-19 14:16:07.767   752   795 W OptProp : Cannot read opt property android.window.PROPERTY_COMPAT_ALLOW_USER_ASPECT_RATIO_FULLSCREEN_OVERRIDE
02-19 14:16:07.768   752   795 W OptProp : Cannot read opt property android.window.PROPERTY_COMPAT_ALLOW_RESIZEABLE_ACTIVITY_OVERRIDES
02-19 14:16:07.772   752   795 W OptProp : Cannot read opt property android.window.PROPERTY_COMPAT_ALLOW_MIN_ASPECT_RATIO_OVERRIDE
02-19 14:16:07.773   752   795 V GrammaticalInflectionUtils: AttributionSource: android.content.AttributionSource@1abea79a does not have READ_SYSTEM_GRAMMATICAL_GENDER permission.
02-19 14:16:07.784  4449  4467 V WindowManagerShell: Transition requested (#514): android.os.BinderProxy@d395a34 TransitionRequestInfo { type = OPEN, triggerTask = TaskInfo{userId=0 taskId=5 effectiveUid=10182 displayId=0 isRunning=true baseIntent=Intent { act=android.intent.action.MAIN cat=[android.intent.category.HOME] flg=0x10000100 cmp=com.google.android.apps.nexuslauncher/.NexusLauncherActivity } baseActivity=ComponentInfo{com.google.android.apps.nexuslauncher/com.google.android.apps.nexuslauncher.NexusLauncherActivity} topActivity=ComponentInfo{com.google.android.apps.nexuslauncher/com.google.android.apps.nexuslauncher.NexusLauncherActivity} origActivity=null realActivity=ComponentInfo{com.google.android.apps.nexuslauncher/com.google.android.apps.nexuslauncher.NexusLauncherActivity} numActivities=1 lastActiveTime=89641628 supportsMultiWindow=true resizeMode=2 isResizeable=true minWidth=-1 minHeight=-1 defaultMinSize=220 token=WCT{android.window.IWindowContainerToken$Stub$Proxy@31f705d} topActivityType=2 pictureInPictureParams=null shouldDockBigOverlays=false launchIntoPipHostTaskId=-1 lastParentTaskIdBeforePip=-1 displayCutoutSafeInsets=Rect(0, 0 - 0, 0) topActivityInfo=ActivityInfo{d8d5dd2 com.google.android.apps.nexuslauncher.NexusLauncherActivity} launchCookies=[] positionInParent=Point(0, 0) parentTaskId=-1 isFocused=true isVisible=false isVisibleRequested=true isTopActivityNoDisplay=false isSleeping=false locusId=LocusId[17_chars] displayAreaFeatureId=1 isTopActivityTransparent=false isActivityStackTransparent=false lastNonFullscreenBounds=Rect(284, 660 - 796, 1740) capturedLink=null capturedLinkTimestamp=0 requestedVisibleTypes=-9 topActivityRequestOpenInBrowserEducationTimestamp=0 appCompatTaskInfo=AppCompatTaskInfo { topActivityInSizeCompat=false eligibleForLetterboxEducation= false isLetterboxEducationEnabled= true isLetterboxDoubleTapEnabled= false eligibleForUserAspectRatioButton= false topActivityBoundsLetterboxed= false isFromLetterboxDoubleTap= false topActivityLetterboxVerticalPosition= -1 topActivityLetterboxHorizontalPosition= -1 topActivityLetterboxWidth=-1 topActivityLetterboxHeight=-1 topActivityAppBounds=Rect(0, 0 - 1080, 2400) isUserFullscreenOverrideEnabled=false isSystemFullscreenOverrideEnabled=false hasMinAspectRatioOverride=false topActivityLetterboxBounds=null cameraCompatTaskInfo=CameraCompatTaskInfo { freeformCameraCompatMode=inactive}} topActivityMainWindowFrame=null}, pipChange = null, remoteTransition = null, displayChange = null, flags = 0, debugId = 514 }
02-19 14:16:07.784  4449  4467 D ShellSplitScreen: logExit: no-op, mLoggerSessionId is null
02-19 14:16:07.786   752   795 I ActivityTaskManager: START u0 {act=android.intent.action.MAIN cat=[android.intent.category.HOME] flg=0x10000100 cmp=com.google.android.apps.nexuslauncher/.NexusLauncherActivity (has extras)} with LAUNCH_SINGLE_TASK from uid 0 (BAL_ALLOW_ALLOWLISTED_UID) result code=2
02-19 14:16:07.786   617   617 D TFOManager: playPanelCloseAnimation() duration=200 traceTag=LauncherOverlay-hide isHomeButtonTap=true
02-19 14:16:07.786   617   617 D TFOManager: Skipped creating panel close animation because -1 is invisible.
02-19 14:16:07.786   617   617 D OverviewCommandHelper: clearing pending commands: []
02-19 14:16:07.789   617   617 D StatsLog: LAUNCHER_ONRESUME
02-19 14:16:07.789  4449  4467 D WindowManagerShell: setLauncherKeepClearAreaHeight: visible=true, height=527
02-19 14:16:07.791   752  1095 D BackgroundInstallControlService: Package event received: 0
02-19 14:16:07.794   617   651 D QuickstepModelDelegate: notifyAppTargetEvent action=1 launchLocation=workspace/0/[-1,-1]/[1,1]
02-19 14:16:07.794  4449  4467 D WindowManagerShell: onActivityRestartAttempt: topActivity=ComponentInfo{com.google.android.apps.nexuslauncher/com.google.android.apps.nexuslauncher.NexusLauncherActivity}, wasVisible=false
02-19 14:16:07.806   752  1095 D BackgroundInstallControlService: Package event received: 0
02-19 14:16:07.806   752  1095 D BackgroundInstallControlService: Package event received: 0
02-19 14:16:07.813   531   531 I BpBinder: onLastStrongRef automatically unlinking death recipients: 
02-19 14:16:07.815  1971  2198 I AiAiEcho: Predicting[0]:  [CONTEXT sampling_count=5 ]
02-19 14:16:07.815  1971  2198 I AiAiEcho: EchoTargets: 
02-19 14:16:07.815  1971  2198 I AiAiEcho: Filtered by AiAi flag check: 
02-19 14:16:07.815  1971  2198 I AiAiEcho: [CONTEXT ratelimit_period="10 SECONDS" ]
02-19 14:16:07.816  1971  2198 I AiAiEcho: #remoteViewsTwiddler: feature disabled.
02-19 14:16:07.817   617   617 D NexusLauncherModelDelegate: notifySmartspaceEvent: SmartspaceTargetEvent{mSmartspaceTarget=null, mSmartspaceActionId='null', mEventType=6}
02-19 14:16:07.822  1971  2198 I AiAiEcho: #postPredictionTargets: Sending updates to UISurface home with targets# 0 (types=[])
02-19 14:16:07.827   617   617 D BaseDepthController: setSurface:
02-19 14:16:07.827   617   617 D BaseDepthController: 	mWaitingOnSurfaceValidity: false
02-19 14:16:07.827   617   617 D BaseDepthController: 	mBaseSurface: Surface(name=com.google.android.apps.nexuslauncher/com.google.android.apps.nexuslauncher.NexusLauncherActivity)/@0x2710b18
02-19 14:16:07.842   617   617 D ActivityAllAppsContainerView: rebindAdapters: force: false
02-19 14:16:07.843   617   617 D ActivityAllAppsContainerView: rebindAdapters: Not needed.
02-19 14:16:07.847   617   617 I NotificationListener: Handling notification state refresh for com.google.android.adservices.api#0
02-19 14:16:07.847   617   617 I NotificationListener: Handling notification state refresh for android#0
02-19 14:16:07.847   617   617 I NotificationListener: Handling notification state refresh for com.android.systemui#0
02-19 14:16:07.850   617   617 D SsBaseTemplateCard: No text view can be set up
02-19 14:16:07.853   531   549 I BpBinder: onLastStrongRef automatically unlinking death recipients: 
02-19 14:16:07.853   617   617 D SsBaseTemplateCard: Passed-in item info is null
02-19 14:16:07.853   617   617 D SsBaseTemplateCard: Passed-in item info is null
02-19 14:16:07.853   617   617 D SsBaseTemplateCard: Passed-in item info is null
02-19 14:16:07.853   617   617 I SsBaseTemplateCard: Secondary card pane is null
02-19 14:16:07.884  4449  4531 V WindowManagerShell: onTransitionReady(transaction=3229815422125)
02-19 14:16:07.884  4449  4467 V WindowManagerShell: onTransitionReady (#514) android.os.BinderProxy@d395a34: {id=514 t=OPEN f=0x0 trk=0 r=[0@Point(0, 0)] c=[
02-19 14:16:07.884  4449  4467 V WindowManagerShell:         {m=TO_FRONT f=SHOW_WALLPAPER|MOVE_TO_TOP leash=Surface(name=Task=1)/@0xa331ea3 sb=Rect(0, 0 - 1080, 2400) eb=Rect(0, 0 - 1080, 2400) epz=Point(1080, 2400) d=0 taskParent=-1},
02-19 14:16:07.884  4449  4467 V WindowManagerShell:         {m=TO_BACK f=NONE leash=Surface(name=Task=56)/@0x2be5a0 sb=Rect(0, 0 - 1080, 2400) eb=Rect(0, 0 - 1080, 2400) epz=Point(1080, 2400) d=0 taskParent=-1},
02-19 14:16:07.884  4449  4467 V WindowManagerShell:         {m=TO_FRONT f=IS_WALLPAPER leash=Surface(name=WallpaperWindowToken{35e0c0f showWhenLocked=false})/@0xc67b559 sb=Rect(0, 0 - 1080, 2400) eb=Rect(0, 0 - 1080, 2400) epz=Point(1080, 2400) d=0}
02-19 14:16:07.884  4449  4467 V WindowManagerShell:     ]}
02-19 14:16:07.885  4449  4467 V WindowManagerShell: Playing animation for (#514) android.os.BinderProxy@d395a34@0
02-19 14:16:07.885  4449  4467 V ShellRecents: RecentsTransitionHandler.startAnimation: no controller found
02-19 14:16:07.885  4449  4467 V WindowManagerShell: Transition doesn't have explicit remote, search filters for match for {id=514 t=OPEN f=0x0 trk=0 r=[0@Point(0, 0)] c=[{m=TO_FRONT f=SHOW_WALLPAPER|MOVE_TO_TOP leash=Surface(name=Task=1)/@0xa331ea3 sb=Rect(0, 0 - 1080, 2400) eb=Rect(0, 0 - 1080, 2400) epz=Point(1080, 2400) d=0 taskParent=-1},{m=TO_BACK f=NONE leash=Surface(name=Task=56)/@0x2be5a0 sb=Rect(0, 0 - 1080, 2400) eb=Rect(0, 0 - 1080, 2400) epz=Point(1080, 2400) d=0 taskParent=-1},{m=TO_FRONT f=IS_WALLPAPER leash=Surface(name=WallpaperWindowToken{35e0c0f showWhenLocked=false})/@0xc67b559 sb=Rect(0, 0 - 1080, 2400) eb=Rect(0, 0 - 1080, 2400) epz=Point(1080, 2400) d=0}]}
02-19 14:16:07.886  4449  4467 V WindowManagerShell:  Checking filter Pair{{types=[] flags=0x0] notFlags=0x0 checks=[{atype=undefined independent=true modes=[CLOSE,TO_BACK] flags=IN_TASK_WITH_EMBEDDED_ACTIVITY mustBeTask=false order=ANY topActivity=null launchCookie=null taskFragmentToken=android.os.BinderProxy@268473d windowingMode=undefined}]} RemoteTransition { remoteTransition = android.window.IRemoteTransition$Stub$Proxy@2491b32, appThread = android.app.IApplicationThread$Stub$Proxy@a160083, debugName = overlayBackTransition }}
02-19 14:16:07.886  4449  4467 V WindowManagerShell:  Checking filter Pair{{types=[] flags=0x0] notFlags=0x0 checks=[{atype=dream independent=true modes=[OPEN,TO_FRONT] flags=NONE mustBeTask=false order=ANY topActivity=null launchCookie=null windowingMode=undefined},{atype=home independent=true modes=[CLOSE,TO_BACK] flags=NONE mustBeTask=false order=ANY topActivity=null launchCookie=null windowingMode=undefined}]} RemoteTransition { remoteTransition = android.window.IRemoteTransition$Stub$Proxy@7d85200, appThread = android.app.IApplicationThread$Stub$Proxy@c171a39, debugName = LauncherToDream }}
02-19 14:16:07.886  4449  4467 V WindowManagerShell:  Checking filter Pair{{types=[] flags=0x0] notFlags=0x100 checks=[{atype=home independent=true modes=[OPEN,TO_FRONT] flags=NONE mustBeTask=false order=TOP topActivity=ComponentInfo{com.google.android.apps.nexuslauncher/com.google.android.apps.nexuslauncher.NexusLauncherActivity} launchCookie=null windowingMode=undefined},{atype=standard independent=true modes=[CLOSE,TO_BACK] flags=NONE mustBeTask=false order=ANY topActivity=null launchCookie=null windowingMode=undefined},{NOT atype=undefined independent=true modes=[] flags=NONE mustBeTask=true order=ANY topActivity=null launchCookie=null customAnim=true windowingMode=undefined}]} RemoteTransition { remoteTransition = android.window.IRemoteTransition$Stub$Proxy@e9b87e, appThread = android.app.IApplicationThread$Stub$Proxy@92e21df, debugName = QuickstepLaunchHome }}
02-19 14:16:07.886  4449  4467 D RemoteTransitionHandler: Found filterPair{{types=[] flags=0x0] notFlags=0x100 checks=[{atype=home independent=true modes=[OPEN,TO_FRONT] flags=NONE mustBeTask=false order=TOP topActivity=ComponentInfo{com.google.android.apps.nexuslauncher/com.google.android.apps.nexuslauncher.NexusLauncherActivity} launchCookie=null windowingMode=undefined},{atype=standard independent=true modes=[CLOSE,TO_BACK] flags=NONE mustBeTask=false order=ANY topActivity=null launchCookie=null windowingMode=undefined},{NOT atype=undefined independent=true modes=[] flags=NONE mustBeTask=true order=ANY topActivity=null launchCookie=null customAnim=true windowingMode=undefined}]} RemoteTransition { remoteTransition = android.window.IRemoteTransition$Stub$Proxy@e9b87e, appThread = android.app.IApplicationThread$Stub$Proxy@92e21df, debugName = QuickstepLaunchHome }}
02-19 14:16:07.886  4449  4467 V WindowManagerShell:  Delegate animation for (#514) to RemoteTransition { remoteTransition = android.window.IRemoteTransition$Stub$Proxy@e9b87e, appThread = android.app.IApplicationThread$Stub$Proxy@92e21df, debugName = QuickstepLaunchHome }
02-19 14:16:07.895   752   794 V WindowManager: Sent Transition (#514) createdAt=02-19 14:16:07.774 via request=TransitionRequestInfo { type = OPEN, triggerTask = TaskInfo{userId=0 taskId=5 effectiveUid=10182 displayId=0 isRunning=true baseIntent=Intent { act=android.intent.action.MAIN cat=[android.intent.category.HOME] flg=0x10000100 cmp=com.google.android.apps.nexuslauncher/.NexusLauncherActivity } baseActivity=ComponentInfo{com.google.android.apps.nexuslauncher/com.google.android.apps.nexuslauncher.NexusLauncherActivity} topActivity=ComponentInfo{com.google.android.apps.nexuslauncher/com.google.android.apps.nexuslauncher.NexusLauncherActivity} origActivity=null realActivity=ComponentInfo{com.google.android.apps.nexuslauncher/com.google.android.apps.nexuslauncher.NexusLauncherActivity} numActivities=1 lastActiveTime=89641628 supportsMultiWindow=true resizeMode=2 isResizeable=true minWidth=-1 minHeight=-1 defaultMinSize=220 token=WCT{RemoteToken{50a2c5f Task{b605570 #5 type=home I=com.google.android.apps.nexuslauncher/.NexusLauncherActivity}}} topActivityType=2 pictureInPictureParams=null shouldDockBigOverlays=false launchIntoPipHostTaskId=-1 lastParentTaskIdBeforePip=-1 displayCutoutSafeInsets=Rect(0, 0 - 0, 0) topActivityInfo=ActivityInfo{f5406ac com.google.android.apps.nexuslauncher.NexusLauncherActivity} launchCookies=[] positionInParent=Point(0, 0) parentTaskId=-1 isFocused=true isVisible=false isVisibleRequested=true isTopActivityNoDisplay=false isSleeping=false locusId=LocusId[17_chars] displayAreaFeatureId=1 isTopActivityTransparent=false isActivityStackTransparent=false lastNonFullscreenBounds=Rect(284, 660 - 796, 1740) capturedLink=null capturedLinkTimestamp=0 requestedVisibleTypes=-9 topActivityRequestOpenInBrowserEducationTimestamp=0 appCompatTaskInfo=AppCompatTaskInfo { topActivityInSizeCompat=false eligibleForLetterboxEducation= false isLetterboxEducationEnabled= true isLetterboxDoubleTapEnabled= false eligibleForUserAspectRatioButton= false topActivityBoundsLetterboxed= false isFromLetterboxDoubleTap= false topActivityLetterboxVerticalPosition= -1 topActivityLetterboxHorizontalPosition= -1 topActivityLetterboxWidth=-1 topActivityLetterboxHeight=-1 topActivityAppBounds=Rect(0, 0 - 1080, 2400) isUserFullscreenOverrideEnabled=false isSystemFullscreenOverrideEnabled=false hasMinAspectRatioOverride=false topActivityLetterboxBounds=null cameraCompatTaskInfo=CameraCompatTaskInfo { freeformCameraCompatMode=inactive}} topActivityMainWindowFrame=null}, pipChange = null, remoteTransition = null, displayChange = null, flags = 0, debugId = 514 }
02-19 14:16:07.896   752   794 V WindowManager:     startWCT=WindowContainerTransaction { changes= {} hops= [] errorCallbackToken=null taskFragmentOrganizer=null }
02-19 14:16:07.896   752   794 V WindowManager:     info={id=514 t=OPEN f=0x0 trk=0 r=[0@Point(0, 0)] c=[
02-19 14:16:07.896   752   794 V WindowManager:         {WCT{RemoteToken{5218fe8 Task{dd43522 #1 type=home}}} m=TO_FRONT f=SHOW_WALLPAPER|MOVE_TO_TOP leash=Surface(name=Task=1)/@0x8ddbd2e sb=Rect(0, 0 - 1080, 2400) eb=Rect(0, 0 - 1080, 2400) epz=Point(1080, 2400) d=0 taskParent=-1},
02-19 14:16:07.896   752   794 V WindowManager:         {WCT{RemoteToken{29715c6 Task{fa7be33 #56 type=standard A=10217:viva.republica.toss.test}}} m=TO_BACK f=NONE leash=Surface(name=Task=56)/@0xf76b753 sb=Rect(0, 0 - 1080, 2400) eb=Rect(0, 0 - 1080, 2400) epz=Point(1080, 2400) d=0 taskParent=-1},
02-19 14:16:07.896   752   794 V WindowManager:         {m=TO_FRONT f=IS_WALLPAPER leash=Surface(name=WallpaperWindowToken{35e0c0f showWhenLocked=false})/@0x512f5be sb=Rect(0, 0 - 1080, 2400) eb=Rect(0, 0 - 1080, 2400) epz=Point(1080, 2400) d=0}
02-19 14:16:07.896   752   794 V WindowManager:     ]}
02-19 14:16:07.914   617   617 D StateManager: createAtomicAnimation - fromState: Background, toState: Normal, partial trace:
02-19 14:16:07.914   617   617 D StateManager: 	at com.android.quickstep.util.ScalingWorkspaceRevealAnim.<init>(go/retraceme 72a59688580715d19f0e415c69e80376c2f062d1648c80db6730905005a27c20:39)
02-19 14:16:07.914   617   617 D StateManager: 	at com.android.launcher3.QuickstepTransitionManager.createWallpaperOpenAnimations(go/retraceme 72a59688580715d19f0e415c69e80376c2f062d1648c80db6730905005a27c20:168)
02-19 14:16:07.914   617   617 D StateManager: 	at com.android.launcher3.QuickstepTransitionManager$WallpaperOpenLauncherAnimationRunner.onAnimationStart(go/retraceme 72a59688580715d19f0e415c69e80376c2f062d1648c80db6730905005a27c20:17)
02-19 14:16:07.915  4449  4467 V WindowManagerShell:  animated by com.android.wm.shell.transition.RemoteTransitionHandler@ef09705
02-19 14:16:07.915   617   617 D b/311077782: LauncherAnimationRunner.setAnimation
02-19 14:16:07.928   617   651 W HWUI    : Image decoding logging dropped!
02-19 14:16:07.964   531   531 I BpBinder: onLastStrongRef automatically unlinking death recipients: 
02-19 14:16:08.020   752   989 I ImeTracker: com.google.android.apps.nexuslauncher:9eacb133: onRequestHide at ORIGIN_SERVER reason HIDE_UNSPECIFIED_WINDOW fromUser false
02-19 14:16:08.031  1563  1563 I GoogleInputMethodService: GoogleInputMethodService.onFinishInput():2043 
02-19 14:16:08.035   617   617 D InsetsController: hide(ime(), fromIme=false)
02-19 14:16:08.035   617   617 I ImeTracker: com.google.android.apps.nexuslauncher:9eacb133: onCancelled at PHASE_CLIENT_ALREADY_HIDDEN
02-19 14:16:08.035   752  2305 I ImeTracker: system_server:68b74aa3: onRequestHide at ORIGIN_SERVER reason IME_REQUESTED_CHANGED_LISTENER fromUser false
02-19 14:16:08.037  1563  1563 I Module  : DeviceLockedStatusModuleProvider$Module.updateDeviceLockedStatus():100 repeatCheckTimes = 0, locked = false
02-19 14:16:08.040  1563  1563 I GoogleInputMethodService: GoogleInputMethodService.onStartInput():1293 onStartInput(EditorInfo{EditorInfo{packageName=com.google.android.apps.nexuslauncher, inputType=0, inputTypeString=NULL, enableLearning=false, autoCorrection=false, autoComplete=false, imeOptions=0, privateImeOptions=null, actionName=UNSPECIFIED, actionLabel=null, initialSelStart=-1, initialSelEnd=-1, initialCapsMode=0, label=null, fieldId=0, fieldName=null, extras=null, hintText=null, hintLocales=[]}}, false)
02-19 14:16:08.044  1563  1563 I Module  : DeviceLockedStatusModuleProvider$Module.updateDeviceLockedStatus():100 repeatCheckTimes = 1, locked = false
02-19 14:16:08.045  1563  1563 I EmojiCompatManager: EmojiCompatManager.getEmojiCompatIfLoaded():343 EmojiCompat.init() was never called.
02-19 14:16:08.045  1563  1563 I EmojiCompatManager: java.lang.IllegalStateException: EmojiCompat is not initialized. Please call EmojiCompat.init() first
02-19 14:16:08.045  1563  1563 I EmojiCompatManager: 	at asx.p(PG:6)
02-19 14:16:08.045  1563  1563 I EmojiCompatManager: 	at axb.b(PG:13)
02-19 14:16:08.045  1563  1563 I EmojiCompatManager: 	at jnr.b(PG:2)
02-19 14:16:08.045  1563  1563 I EmojiCompatManager: 	at jnr.c(PG:4)
02-19 14:16:08.045  1563  1563 I EmojiCompatManager: 	at jnr.f(PG:3)
02-19 14:16:08.045  1563  1563 I EmojiCompatManager: 	at jnx.c(PG:3)
02-19 14:16:08.045  1563  1563 I EmojiCompatManager: 	at kif.cz(PG:47)
02-19 14:16:08.045  1563  1563 I EmojiCompatManager: 	at lhl.run(PG:1025)
02-19 14:16:08.045  1563  1563 I EmojiCompatManager: 	at jaf.execute(PG:12)
02-19 14:16:08.045  1563  1563 I EmojiCompatManager: 	at nco.v(PG:13)
02-19 14:16:08.045  1563  1563 I EmojiCompatManager: 	at lhn.m(PG:96)
02-19 14:16:08.045  1563  1563 I EmojiCompatManager: 	at lhn.k(PG:25)
02-19 14:16:08.045  1563  1563 I EmojiCompatManager: 	at kgn.onStartInput(PG:250)
02-19 14:16:08.045  1563  1563 I EmojiCompatManager: 	at android.inputmethodservice.InputMethodService.doStartInput(InputMethodService.java:3521)
02-19 14:16:08.045  1563  1563 I EmojiCompatManager: 	at android.inputmethodservice.InputMethodService$InputMethodImpl.startInput(InputMethodService.java:879)
02-19 14:16:08.045  1563  1563 I EmojiCompatManager: 	at android.inputmethodservice.InputMethodService$InputMethodImpl.dispatchStartInput(InputMethodService.java:908)
02-19 14:16:08.045  1563  1563 I EmojiCompatManager: 	at android.inputmethodservice.IInputMethodWrapper.executeMessage(IInputMethodWrapper.java:201)
02-19 14:16:08.045  1563  1563 I EmojiCompatManager: 	at com.android.internal.os.HandlerCaller$MyHandler.handleMessage(HandlerCaller.java:44)
02-19 14:16:08.045  1563  1563 I EmojiCompatManager: 	at android.os.Handler.dispatchMessage(Handler.java:110)
02-19 14:16:08.045  1563  1563 I EmojiCompatManager: 	at android.os.Looper.loopOnce(Looper.java:248)
02-19 14:16:08.045  1563  1563 I EmojiCompatManager: 	at android.os.Looper.loop(Looper.java:338)
02-19 14:16:08.045  1563  1563 I EmojiCompatManager: 	at android.app.ActivityThread.main(ActivityThread.java:9067)
02-19 14:16:08.045  1563  1563 I EmojiCompatManager: 	at java.lang.reflect.Method.invoke(Native Method)
02-19 14:16:08.045  1563  1563 I EmojiCompatManager: 	at com.android.internal.os.RuntimeInit$MethodAndArgsCaller.run(RuntimeInit.java:593)
02-19 14:16:08.045  1563  1563 I EmojiCompatManager: 	at com.android.internal.os.ZygoteInit.main(ZygoteInit.java:932)
02-19 14:16:08.046   752  2305 W PackageConfigPersister: App-specific configuration not found for packageName: com.google.android.apps.nexuslauncher and userId: 0
02-19 14:16:08.056   752   797 I ImeTracker: system_server:68b74aa3: onCancelled at PHASE_SERVER_SHOULD_HIDE
02-19 14:16:08.324  3794  3877 I Finsky  : [71] Current account updated in PVS
02-19 14:16:08.335  3794  3880 I Finsky  : [72] Current account updated in PVS
02-19 14:16:08.339  3794  3880 I Finsky  : [72] Current account updated in PVS
02-19 14:16:08.405  3794  3794 I Finsky  : [2] Current account updated in PVS
02-19 14:16:08.436  3794  3794 I Finsky  : [2] SCH: job service start with id 9455.
02-19 14:16:08.625  4449  4458 W System  : A resource failed to call release. 
02-19 14:16:08.626  4449  4458 W System  : A resource failed to call release. 
02-19 14:16:08.627  4449  4458 W System  : A resource failed to call release. 
02-19 14:16:08.636  4449  4458 W System  : A resource failed to call release. 
02-19 14:16:08.636  4449  4458 W System  : A resource failed to call release. 
02-19 14:16:08.637  4449  4458 W System  : A resource failed to call release. 
02-19 14:16:08.637  4449  4458 W System  : A resource failed to call release. 
02-19 14:16:08.637  4449  4458 W System  : A resource failed to call release. 
02-19 14:16:08.640  4449  4458 W System  : A resource failed to call release. 
02-19 14:16:08.640  4449  4458 W System  : A resource failed to call release. 
02-19 14:16:08.640  4449  4458 W System  : A resource failed to call release. 
02-19 14:16:08.641  4449  4458 W System  : A resource failed to call release. 
02-19 14:16:08.641  4449  4458 W System  : A resource failed to call release. 
02-19 14:16:08.641  4449  4458 W System  : A resource failed to call release. 
02-19 14:16:08.641  4449  4458 W System  : A resource failed to call HardwareBuffer.close. 
02-19 14:16:08.641  4449  4458 W System  : A resource failed to call release. 
02-19 14:16:08.641  4449  4458 W System  : A resource failed to call release. 
02-19 14:16:08.641  4449  4458 W System  : A resource failed to call release. 
02-19 14:16:08.641  4449  4458 W System  : A resource failed to call release. 
02-19 14:16:08.641  4449  4458 W System  : A resource failed to call release. 
02-19 14:16:08.642  4449  4458 W System  : A resource failed to call release. 
02-19 14:16:08.642  4449  4458 W System  : A resource failed to call release. 
02-19 14:16:08.642  4449  4458 W System  : A resource failed to call release. 
02-19 14:16:08.642  4449  4458 W System  : A resource failed to call release. 
02-19 14:16:08.668  3794  3880 I Finsky  : [72] Current account updated in PVS
02-19 14:16:08.670  3794  3876 I Finsky  : [70] Current account updated in PVS
02-19 14:16:08.670  3794  6601 I Finsky  : [127] SCH: Satisfied jobs for 9455 are: 26-1414141414
02-19 14:16:08.683  3794  3873 I Finsky  : [67] Current account updated in PVS
02-19 14:16:08.686  3794  3877 I Finsky  : [71] Current account updated in PVS
02-19 14:16:08.691  3794  3880 I Finsky  : [72] Current account updated in PVS
02-19 14:16:08.691  3794  3877 I Finsky  : [71] Current account updated in PVS
02-19 14:16:08.709  3794  3877 I Finsky  : [71] Current account updated in PVS
02-19 14:16:08.710  3794  3880 I Finsky  : [72] Current account updated in PVS
02-19 14:16:08.852  3794  6600 I Finsky  : [126] Resetting scheduler db
02-19 14:16:08.869  3794  3882 I Finsky  : [73] SCH: Scheduling phonesky job Id: 1-1337, CT: 1771445977939, Constraints: [{ L: 43100031, D: 86300031, C: CHARGING_NONE, I: IDLE_NONE, N: NET_ANY, B: BATTERY_ANY }]
02-19 14:16:08.870  3794  3882 I Finsky  : [73] SCH: Scheduling phonesky job Id: 10-79, CT: 1771445977022, Constraints: [{ L: 0, D: 86400000, C: CHARGING_NONE, I: IDLE_REQUIRED, N: NET_ANY, B: BATTERY_ANY }]
02-19 14:16:08.871  3794  3882 I Finsky  : [73] SCH: Scheduling phonesky job Id: 10-168, CT: 1771445977046, Constraints: [{ L: 0, D: 86400000, C: CHARGING_NONE, I: IDLE_REQUIRED, N: NET_ANY, B: BATTERY_ANY }]
02-19 14:16:08.872  3794  3882 I Finsky  : [73] SCH: Scheduling phonesky job Id: 26-1414141414, CT: 1771434967171, Constraints: [{ L: 43200000, D: 44100000, C: CHARGING_NONE, I: IDLE_NONE, N: NET_NONE, B: BATTERY_ANY }]
02-19 14:16:08.886  3794  6600 I Finsky  : [126] SCH: Job 26-1414141414 starting
02-19 14:16:08.899   617   617 D ScalingWorkspaceRevealAnim: alpha of workspace at the end of animation: 1.0
02-19 14:16:08.905  4449  4467 V WindowManagerShell: Transition animation finished (aborted=false), notifying core (#514) android.os.BinderProxy@d395a34@0
02-19 14:16:08.914  5621  5621 D VRI[GraniteActivity]: visibilityChanged oldVisibility=true newVisibility=false
02-19 14:16:08.924  4449  4467 V WindowManagerShell: Track 0 became idle
02-19 14:16:08.927  4449  4467 V WindowManagerShell: All active transition animations finished
02-19 14:16:08.930   752   794 V WindowManager: Finish Transition (#514): created at 02-19 14:16:07.774 collect-started=0.067ms request-sent=9.222ms started=14.15ms ready=69.211ms sent=105.155ms commit=62.655ms finished=1137.764ms
02-19 14:16:08.955  3794  3794 I Finsky  : [2] WM::SCH: Logging work start for 26-1414141414
02-19 14:16:08.972  3794  3877 I Finsky  : [71] Current account updated in PVS
02-19 14:16:08.975  3794  3877 I Finsky  : [71] Current account updated in PVS
02-19 14:16:08.998  3794  3800 W android.vending: Reducing the number of considered missed Gc histogram windows from 188 to 100
02-19 14:16:09.004  3794  3873 I Finsky  : [67] Current account updated in PVS
02-19 14:16:09.006  3794  3873 I Finsky  : [67] Current account updated in PVS
02-19 14:16:09.007  5621  6018 I ReactNativeJNI: Memory warning (pressure level: TRIM_MEMORY_UI_HIDDEN) received by JS VM, ignoring because it's non-severe
02-19 14:16:09.008  5621  6389 I ReactNativeJNI: Memory warning (pressure level: TRIM_MEMORY_UI_HIDDEN) received by JS VM, ignoring because it's non-severe
02-19 14:16:09.010  5621  6127 I ReactNativeJNI: Memory warning (pressure level: TRIM_MEMORY_UI_HIDDEN) received by JS VM, ignoring because it's non-severe
02-19 14:16:09.010  5621  6201 I ReactNativeJNI: Memory warning (pressure level: TRIM_MEMORY_UI_HIDDEN) received by JS VM, ignoring because it's non-severe
