02-19 18:56:22.808  1563  1563 I EmojiCompatManager: EmojiCompatManager.getEmojiCompatIfLoaded():343 EmojiCompat.init() was never called.
02-19 18:56:22.808  1563  1563 I EmojiCompatManager: java.lang.IllegalStateException: EmojiCompat is not initialized. Please call EmojiCompat.init() first
02-19 18:56:22.808  1563  1563 I EmojiCompatManager: 	at asx.p(PG:6)
02-19 18:56:22.808  1563  1563 I EmojiCompatManager: 	at axb.b(PG:13)
02-19 18:56:22.808  1563  1563 I EmojiCompatManager: 	at jnr.b(PG:2)
02-19 18:56:22.808  1563  1563 I EmojiCompatManager: 	at jnr.c(PG:4)
02-19 18:56:22.808  1563  1563 I EmojiCompatManager: 	at jnr.f(PG:3)
02-19 18:56:22.808  1563  1563 I EmojiCompatManager: 	at jnx.c(PG:3)
02-19 18:56:22.808  1563  1563 I EmojiCompatManager: 	at kif.cz(PG:47)
02-19 18:56:22.808  1563  1563 I EmojiCompatManager: 	at lhl.run(PG:1025)
02-19 18:56:22.808  1563  1563 I EmojiCompatManager: 	at jaf.execute(PG:12)
02-19 18:56:22.808  1563  1563 I EmojiCompatManager: 	at nco.v(PG:13)
02-19 18:56:22.808  1563  1563 I EmojiCompatManager: 	at lhn.m(PG:96)
02-19 18:56:22.808  1563  1563 I EmojiCompatManager: 	at lhn.k(PG:25)
02-19 18:56:22.808  1563  1563 I EmojiCompatManager: 	at kgn.onStartInput(PG:250)
02-19 18:56:22.808  1563  1563 I EmojiCompatManager: 	at android.inputmethodservice.InputMethodService.doStartInput(InputMethodService.java:3521)
02-19 18:56:22.808  1563  1563 I EmojiCompatManager: 	at android.inputmethodservice.InputMethodService$InputMethodImpl.startInput(InputMethodService.java:879)
02-19 18:56:22.808  1563  1563 I EmojiCompatManager: 	at android.inputmethodservice.InputMethodService$InputMethodImpl.dispatchStartInput(InputMethodService.java:908)
02-19 18:56:22.808  1563  1563 I EmojiCompatManager: 	at android.inputmethodservice.IInputMethodWrapper.executeMessage(IInputMethodWrapper.java:201)
02-19 18:56:22.808  1563  1563 I EmojiCompatManager: 	at com.android.internal.os.HandlerCaller$MyHandler.handleMessage(HandlerCaller.java:44)
02-19 18:56:22.808  1563  1563 I EmojiCompatManager: 	at android.os.Handler.dispatchMessage(Handler.java:110)
02-19 18:56:22.808  1563  1563 I EmojiCompatManager: 	at android.os.Looper.loopOnce(Looper.java:248)
02-19 18:56:22.808  1563  1563 I EmojiCompatManager: 	at android.os.Looper.loop(Looper.java:338)
02-19 18:56:22.808  1563  1563 I EmojiCompatManager: 	at android.app.ActivityThread.main(ActivityThread.java:9067)
02-19 18:56:22.808  1563  1563 I EmojiCompatManager: 	at java.lang.reflect.Method.invoke(Native Method)
02-19 18:56:22.808  1563  1563 I EmojiCompatManager: 	at com.android.internal.os.RuntimeInit$MethodAndArgsCaller.run(RuntimeInit.java:593)
02-19 18:56:22.808  1563  1563 I EmojiCompatManager: 	at com.android.internal.os.ZygoteInit.main(ZygoteInit.java:932)
02-19 18:56:22.809   752  2377 W PackageConfigPersister: App-specific configuration not found for packageName: viva.republica.toss.test and userId: 0
02-19 18:56:22.811 16566 17237 D ReactNativeJS: '[Analytics]', '{\n  "log_type": "screen",\n  "log_name": "/::screen",\n  "params": {\n    "referrer": null,\n    "deployment_id": "local",\n    "deployment_timestamp": null\n  }\n}'
02-19 18:56:22.829  4449  4467 V WindowManagerShell: Transition animation finished (aborted=false), notifying core (#704) android.os.BinderProxy@af58dbf@0
02-19 18:56:22.832   752   794 V WindowManager: Finish Transition (#704): created at 02-19 18:56:22.139 collect-started=0.573ms request-sent=14.155ms started=204.587ms ready=207.034ms sent=275.647ms commit=135.908ms finished=691.559ms
02-19 18:56:22.835  7804  7804 D VRI[NexusLauncherActivity]: visibilityChanged oldVisibility=true newVisibility=false
02-19 18:56:22.838  4449  4467 V WindowManagerShell: Track 0 became idle
02-19 18:56:22.838  4449  4467 V WindowManagerShell: All active transition animations finished
02-19 18:56:22.843  7804  7804 D NexusLauncherModelDelegate: notifySmartspaceEvent: SmartspaceTargetEvent{mSmartspaceTarget=null, mSmartspaceActionId='null', mEventType=7}
02-19 18:56:22.866  7804  7804 D BaseDepthController: setSurface:
02-19 18:56:22.866  7804  7804 D BaseDepthController: 	mWaitingOnSurfaceValidity: false
02-19 18:56:22.866  7804  7804 D BaseDepthController: 	mBaseSurface: null
02-19 18:56:22.868  7804  7804 D BaseDepthController: mSurface is null and mCurrentBlur is: 0
02-19 18:56:22.871  7804  7804 D StateManager: goToState - fromState: Normal, toState: Normal, partial trace:
02-19 18:56:22.871  7804  7804 D StateManager: 	at com.android.launcher3.statemanager.StateManager.moveToRestState(go/retraceme 72a59688580715d19f0e415c69e80376c2f062d1648c80db6730905005a27c20:4)
02-19 18:56:22.871  7804  7804 D StateManager: 	at com.android.launcher3.statemanager.StateManager.moveToRestState(go/retraceme 72a59688580715d19f0e415c69e80376c2f062d1648c80db6730905005a27c20:1)
02-19 18:56:22.871  7804  7804 D StateManager: 	at com.android.launcher3.statemanager.StatefulActivity.onStop(go/retraceme 72a59688580715d19f0e415c69e80376c2f062d1648c80db6730905005a27c20:34)
02-19 18:56:22.872  7804  7804 D StatsLog: LAUNCHER_ONSTOP
02-19 18:56:22.874  7804  7804 D StatsLog: LAUNCHER_GOOGLE_SEARCH_RESTORE_LIST_SIZE_AFTER_ACTIVITY_RESTART
02-19 18:56:22.902   752  1095 D BackgroundInstallControlService: Package event received: 0
02-19 18:56:22.970  7804  7810 W System  : A resource failed to call release. 
02-19 18:56:22.970  7804  7810 W System  : A resource failed to call release. 
02-19 18:56:22.970  7804  7810 W System  : A resource failed to call release. 
02-19 18:56:22.970  7804  7810 W System  : A resource failed to call release. 
02-19 18:56:22.971  7804  7810 W System  : A resource failed to call release. 
02-19 18:56:22.971  7804  7810 W System  : A resource failed to call release. 
02-19 18:56:22.971  7804  7810 W System  : A resource failed to call release. 
02-19 18:56:22.972  7804  7810 W System  : A resource failed to call release. 
02-19 18:56:22.972  7804  7810 W System  : A resource failed to call release. 
02-19 18:56:23.198 16566 16566 D InsetsController: hide(ime(), fromIme=false)
02-19 18:56:23.199 16566 16566 I ImeTracker: viva.republica.toss.test:60c9bca8: onCancelled at PHASE_CLIENT_ALREADY_HIDDEN
02-19 18:56:25.026   531   568 W EventThread: Faking VSYNC due to driver stall for thread app
02-19 18:56:25.027   531   531 E SurfaceFlinger: Out of order buffers detected for RequestedLayerState{viva.republica.toss.test/im.toss.rn.granite.core.GraniteActivity#6009 parentId=6008} producedId=18 frameNumber=21 -> producedId=18 frameNumber=4
02-19 18:56:25.045 16566 16576 I HWUI    : Davey! duration=2285ms; Flags=0, FrameTimelineVsyncId=1890435, IntendedVsync=106456588015260, Vsync=106456621348592, InputEventId=0, HandleInputStart=106456623699597, AnimationStart=106456623703693, PerformTraversalsStart=106457031371000, DrawStart=106457032157519, FrameDeadline=106456654681924, FrameStartTime=106456623685358, FrameInterval=16666666, WorkloadTarget=16666666, SyncQueued=106457036358008, SyncStart=106457036859682, IssueDrawCommandsStart=106457037455875, SwapBuffers=106457042567334, FrameCompleted=106458874161782, DequeueBufferDuration=45234, QueueBufferDuration=707651, GpuCompleted=106458874161782, SwapBuffersCompleted=106457045176513, DisplayPresentTime=0, CommandSubmissionCompleted=106457042567334, 
02-19 18:56:25.097   531   531 E SurfaceFlinger: Out of order buffers detected for RequestedLayerState{viva.republica.toss.test/im.toss.rn.granite.core.GraniteActivity#6009 parentId=6008} producedId=18 frameNumber=21 -> producedId=18 frameNumber=5
02-19 18:56:25.167   531   531 E SurfaceFlinger: Out of order buffers detected for RequestedLayerState{viva.republica.toss.test/im.toss.rn.granite.core.GraniteActivity#6009 parentId=6008} producedId=18 frameNumber=21 -> producedId=18 frameNumber=6
02-19 18:56:25.192   531   531 E SurfaceFlinger: Out of order buffers detected for RequestedLayerState{viva.republica.toss.test/im.toss.rn.granite.core.GraniteActivity#6009 parentId=6008} producedId=18 frameNumber=21 -> producedId=18 frameNumber=7
02-19 18:56:25.196   752  1856 E TaskPersister: File error accessing recents directory (directory doesn't exist?).
02-19 18:56:25.212   531   531 E SurfaceFlinger: Out of order buffers detected for RequestedLayerState{viva.republica.toss.test/im.toss.rn.granite.core.GraniteActivity#6009 parentId=6008} producedId=18 frameNumber=21 -> producedId=18 frameNumber=8
02-19 18:56:25.226   531   531 E SurfaceFlinger: Out of order buffers detected for RequestedLayerState{viva.republica.toss.test/im.toss.rn.granite.core.GraniteActivity#6009 parentId=6008} producedId=18 frameNumber=21 -> producedId=18 frameNumber=9
02-19 18:56:25.262   531   531 E SurfaceFlinger: Out of order buffers detected for RequestedLayerState{viva.republica.toss.test/im.toss.rn.granite.core.GraniteActivity#6009 parentId=6008} producedId=18 frameNumber=21 -> producedId=18 frameNumber=10
02-19 18:56:25.305   531   531 E SurfaceFlinger: Out of order buffers detected for RequestedLayerState{viva.republica.toss.test/im.toss.rn.granite.core.GraniteActivity#6009 parentId=6008} producedId=18 frameNumber=21 -> producedId=18 frameNumber=11
02-19 18:56:25.322   531   531 E SurfaceFlinger: Out of order buffers detected for RequestedLayerState{viva.republica.toss.test/im.toss.rn.granite.core.GraniteActivity#6009 parentId=6008} producedId=18 frameNumber=21 -> producedId=18 frameNumber=12
02-19 18:56:25.346   531   531 E SurfaceFlinger: Out of order buffers detected for RequestedLayerState{viva.republica.toss.test/im.toss.rn.granite.core.GraniteActivity#6009 parentId=6008} producedId=18 frameNumber=21 -> producedId=18 frameNumber=13
02-19 18:56:25.363   531   531 E SurfaceFlinger: Out of order buffers detected for RequestedLayerState{viva.republica.toss.test/im.toss.rn.granite.core.GraniteActivity#6009 parentId=6008} producedId=18 frameNumber=21 -> producedId=18 frameNumber=14
02-19 18:56:25.387 17305 17305 W dumpsys : Thread Pool max thread count is 0. Cannot cache binder as linkToDeath cannot be implemented. serviceName: window
02-19 18:56:25.395   531   531 E SurfaceFlinger: Out of order buffers detected for RequestedLayerState{viva.republica.toss.test/im.toss.rn.granite.core.GraniteActivity#6009 parentId=6008} producedId=18 frameNumber=21 -> producedId=18 frameNumber=15
02-19 18:56:27.170   531   568 W EventThread: Faking VSYNC due to driver stall for thread app
02-19 18:56:27.173 16566 16566 I Choreographer: Skipped 82 frames!  The application may be doing too much work on its main thread.
02-19 18:56:27.214 17313 17313 W dumpsys : Thread Pool max thread count is 0. Cannot cache binder as linkToDeath cannot be implemented. serviceName: window
02-19 18:56:27.236  4449  4456 W ndroid.systemui: Suspending all threads took: 64.517ms
02-19 18:56:27.237  7804  7924 D OverviewCommandHelper: command added: CommandInfo(type=TOGGLE, status=IDLE, createTime=106461083, animationCallbacks=null, displayId=0, isLastOfBatch=true)
02-19 18:56:27.237  7804  7924 D OverviewCommandHelper: execute: CommandInfo(type=TOGGLE, status=IDLE, createTime=106461083, animationCallbacks=null, displayId=0, isLastOfBatch=true) - queue size: 1
02-19 18:56:27.237  7804  7804 D OverviewCommandHelper: executing command: CommandInfo(type=TOGGLE, status=PROCESSING, createTime=106461083, animationCallbacks=null, displayId=0, isLastOfBatch=true)
02-19 18:56:27.238  7804  7804 D OverviewCommandHelper: executeCommand: CommandInfo(type=TOGGLE, status=PROCESSING, createTime=106461083, animationCallbacks=null, displayId=0, isLastOfBatch=true) - visibleRecentsView: null
02-19 18:56:27.238  7804  7804 D OverviewCommandHelper: Querying TaskbarManager for TaskbarUIController for display: 0
02-19 18:56:27.238  7804  7804 D OverviewCommandHelper: TaskbarUIController for display 0 was found
02-19 18:56:27.287  4449  4449 I vol.VolumeDialogImpl: mDialog.dismiss() reason: volume_controller from: com.android.systemui.volume.VolumeDialogImpl$7.onDismissRequested:3
02-19 18:56:27.373  7804  7804 D ContextTracker: Registering callback: com.android.launcher3.LauncherInitListener@f194f76, reason=OverviewCommandHelper: command.type=TOGGLE
02-19 18:56:27.492   752  2377 W ActivityTaskManager: callingPackage for (uid=2000, pid=17318) has no WPC
02-19 18:56:27.496   752  2377 V GrammaticalInflectionUtils: AttributionSource: android.content.AttributionSource@56784557 does not have READ_SYSTEM_GRAMMATICAL_GENDER permission.
02-19 18:56:27.496   752  2377 W OptProp : Cannot read opt property android.window.PROPERTY_COMPAT_ALLOW_USER_ASPECT_RATIO_OVERRIDE
02-19 18:56:27.497   752  2377 W OptProp : Cannot read opt property android.window.PROPERTY_COMPAT_ALLOW_USER_ASPECT_RATIO_FULLSCREEN_OVERRIDE
02-19 18:56:27.497   752  2377 W OptProp : Cannot read opt property android.window.PROPERTY_COMPAT_ALLOW_RESIZEABLE_ACTIVITY_OVERRIDES
02-19 18:56:27.497   752  2377 W OptProp : Cannot read opt property android.window.PROPERTY_COMPAT_ALLOW_MIN_ASPECT_RATIO_OVERRIDE
02-19 18:56:27.532   752  2377 I ActivityTaskManager: START u0 {act=android.intent.action.VIEW dat=intoss://takealook/... flg=0x10000000 xflg=0x4 cmp=viva.republica.toss.test/im.toss.rn.granite.core.GraniteActivity} with LAUNCH_MULTIPLE from uid 2000 (BAL_ALLOW_PERMISSION) result code=3
02-19 18:56:27.532  7804  7804 D RecentsView: onGestureAnimationStart - groupedTaskInfo: Desk ID= -1, Desk Display ID=-1, Tasks=[id=78 winMode=fullscreen visReq=true vis=true excluded=false baseIntent=viva.republica.toss.test/im.toss.rn.granite.core.GraniteActivity], Type=FULLSCREEN, Minimized Task IDs=null
02-19 18:56:27.534  4449  4532 D KeyguardService: setOccluded(false)
02-19 18:56:27.535  4449  4532 D KeyguardViewMediator: setOccluded(false)
02-19 18:56:27.537  4449  4449 D KeyguardViewMediator: handleSetOccluded(false)
02-19 18:56:27.538  4449  4449 D KeyguardViewMediator: KeyguardViewMediator queue processing message: SET_OCCLUDED
02-19 18:56:27.539  7804  7804 D RecentsView: showCurrentTask(onGestureAnimationStart) - groupedTaskInfo: Desk ID= -1, Desk Display ID=-1, Tasks=[id=78 winMode=fullscreen visReq=true vis=true excluded=false baseIntent=viva.republica.toss.test/im.toss.rn.granite.core.GraniteActivity], Type=FULLSCREEN, Minimized Task IDs=null
02-19 18:56:27.539  4449  4467 D WindowManagerShell: onActivityRestartAttempt: topActivity=ComponentInfo{viva.republica.toss.test/im.toss.rn.granite.core.GraniteActivity}, wasVisible=true
02-19 18:56:27.544  7804  7804 D OverviewActionsView: updateForGroupedTask() called with: isGroupedTask = [false], canSaveAppPair = [false]
02-19 18:56:27.544  7804  7804 D OverviewActionsView: updateActionButtonsVisibility() called: showSingleTaskActions = [true], showGroupActions = [false]
02-19 18:56:27.548  7804  7804 D RecentsView: reloadIfNeeded - getTasks: 312
02-19 18:56:27.557  7804  7804 D RecentsView: onGestureAnimationStart - groupedTaskInfo: Desk ID= -1, Desk Display ID=-1, Tasks=[id=78 winMode=fullscreen visReq=true vis=true excluded=false baseIntent=viva.republica.toss.test/im.toss.rn.granite.core.GraniteActivity], Type=FULLSCREEN, Minimized Task IDs=null
02-19 18:56:27.559  7804  7804 D RecentsView: showCurrentTask(onGestureAnimationStart) - groupedTaskInfo: Desk ID= -1, Desk Display ID=-1, Tasks=[id=78 winMode=fullscreen visReq=true vis=true excluded=false baseIntent=viva.republica.toss.test/im.toss.rn.granite.core.GraniteActivity], Type=FULLSCREEN, Minimized Task IDs=null
02-19 18:56:27.560  7804  7804 D OverviewActionsView: updateForGroupedTask() called with: isGroupedTask = [false], canSaveAppPair = [false]
02-19 18:56:27.560  7804  7804 D OverviewActionsView: updateActionButtonsVisibility() called: showSingleTaskActions = [true], showGroupActions = [false]
02-19 18:56:27.560  7804  7804 D RecentsView: reloadIfNeeded - task list still valid: 312
02-19 18:56:27.561  7804  7804 D OverviewCommandHelper: switching via recents animation - onGestureStarted: CommandInfo(type=TOGGLE, status=PROCESSING, createTime=106461083, animationCallbacks=com.android.quickstep.RecentsAnimationCallbacks@b669c98, displayId=0, isLastOfBatch=true)
02-19 18:56:27.561  7804  7804 D OverviewCommandHelper: command executed: CommandInfo(type=TOGGLE, status=PROCESSING, createTime=106461083, animationCallbacks=com.android.quickstep.RecentsAnimationCallbacks@b669c98, displayId=0, isLastOfBatch=true) with result: false
02-19 18:56:27.561  7804  7804 D OverviewCommandHelper: waiting for command callback: CommandInfo(type=TOGGLE, status=PROCESSING, createTime=106461083, animationCallbacks=com.android.quickstep.RecentsAnimationCallbacks@b669c98, displayId=0, isLastOfBatch=true)
02-19 18:56:27.563   531   548 I BpBinder: onLastStrongRef automatically unlinking death recipients: 
02-19 18:56:27.563  7804  7804 D RecentsView: applyLoadPlan - taskGroups: [type=SINGLE task=[id=12 windowingMode=0 user=0 lastActiveTime=89737] null, type=SINGLE task=[id=49 windowingMode=1 user=0 lastActiveTime=87698314] null, type=SINGLE task=[id=78 windowingMode=1 user=0 lastActiveTime=106456102] null]
02-19 18:56:27.564  4449  4449 I vol.VolumeDialogImpl: mDialog.dismiss() reason: volume_controller from: com.android.systemui.volume.VolumeDialogImpl$7.onDismissRequested:3
02-19 18:56:27.564  4449  4449 D vol.VolumeDialogImpl: dismissH: skipping dismiss because isAnimatingDismiss is true and showingStateInconsistent is false
02-19 18:56:27.676  4449  4467 V ShellRecents: RecentsTransitionHandler.startRecentsTransition
02-19 18:56:27.678  4449  4467 V WindowManagerShell: Directly starting a new transition type=TO_FRONT wct=WindowContainerTransaction { changes= {} hops= [{pendingIntent: options=Bundle[{android.activity.splashScreenStyle=-1, android.activity.sourceInfo=Supplier{VAL_PARCELABLE@148+104}, android.pendingIntent.backgroundActivityAllowed=3, android:activity.animAbortListener=null, android.activity.transientLaunch=true}]}] errorCallbackToken=null taskFragmentOrganizer=null } handler=com.android.wm.shell.recents.RecentsTransitionHandler@bc47314
02-19 18:56:27.698   531   603 I BpBinder: onLastStrongRef automatically unlinking death recipients: 
02-19 18:56:27.701  7804  7804 D ViewRootImpl: Skipping stats log for color mode
02-19 18:56:27.702  4449  4467 V ShellRecents: [93602802] RecentsController.setTransition: id=android.os.BinderProxy@379afd
02-19 18:56:27.704  7804  7804 D StateManager: goToState - fromState: Normal, toState: Background, partial trace:
02-19 18:56:27.704  7804  7804 D StateManager: 	at com.android.quickstep.BaseActivityInterface$DefaultAnimationFactory.initBackgroundStateUI(go/retraceme 72a59688580715d19f0e415c69e80376c2f062d1648c80db6730905005a27c20:39)
02-19 18:56:27.704  7804  7804 D StateManager: 	at com.android.quickstep.LauncherActivityInterface.prepareRecentsUI(go/retraceme 72a59688580715d19f0e415c69e80376c2f062d1648c80db6730905005a27c20:9)
02-19 18:56:27.704  7804  7804 D StateManager: 	at com.android.quickstep.AbsSwipeUpHandler.lambda$onLauncherStart$7(go/retraceme 72a59688580715d19f0e415c69e80376c2f062d1648c80db6730905005a27c20:11)
02-19 18:56:27.705  7804  7804 D StateManager: onStateTransitionStart - state: Background
02-19 18:56:27.709   752  1095 D BackgroundInstallControlService: Package event received: 0
02-19 18:56:27.709   752  1095 D BackgroundInstallControlService: Package event received: 0
02-19 18:56:27.711   531   531 I BpBinder: onLastStrongRef automatically unlinking death recipients: 
02-19 18:56:27.714  7804  7804 D BaseDepthController: mSurface is null and mCurrentBlur is: 0
02-19 18:56:27.714  7804  7804 D KeyboardInsetsHandler: setState, toState:Background StateManager(mLastStableState:Normal, mCurrentStableState:Normal, mState:Background, mRestState:Normal, isInTransition:false)
02-19 18:56:27.715  7804  7804 D StateManager: onStateTransitionEnd - state: Background
02-19 18:56:27.719  7804  7804 D RecentsView: updateTaskStackListenerState: true
02-19 18:56:27.720  7804  7804 D RecentsView: reloadIfNeeded - task list still valid: 312
02-19 18:56:27.720  7804  7804 D NexusLauncherModelDelegate: notifySmartspaceEvent: SmartspaceTargetEvent{mSmartspaceTarget=null, mSmartspaceActionId='null', mEventType=6}
02-19 18:56:27.726   752  1095 D BackgroundInstallControlService: Package event received: 0
02-19 18:56:27.740  7804  7804 D BaseDepthController: setSurface:
02-19 18:56:27.740  7804  7804 D BaseDepthController: 	mWaitingOnSurfaceValidity: false
02-19 18:56:27.740  7804  7804 D BaseDepthController: 	mBaseSurface: Surface(name=com.google.android.apps.nexuslauncher/com.google.android.apps.nexuslauncher.NexusLauncherActivity)/@0x6e8fc4f
02-19 18:56:27.764  7804  7804 D ActivityAllAppsContainerView: rebindAdapters: force: false
02-19 18:56:27.764  7804  7804 D ActivityAllAppsContainerView: rebindAdapters: Not needed.
02-19 18:56:27.765   531   531 I BpBinder: onLastStrongRef automatically unlinking death recipients: 
02-19 18:56:27.815  4449   614 V WindowManagerShell: onTransitionReady(transaction=3229815427476)
02-19 18:56:27.815  4449  4467 V WindowManagerShell: onTransitionReady (#706) android.os.BinderProxy@379afd: {id=706 t=TO_FRONT f=0x80 trk=0 r=[0@Point(0, 0)] c=[
02-19 18:56:27.815  4449  4467 V WindowManagerShell:         {m=TO_FRONT f=SHOW_WALLPAPER|MOVE_TO_TOP leash=Surface(name=Task=1)/@0xc00da43 sb=Rect(0, 0 - 1080, 2400) eb=Rect(0, 0 - 1080, 2400) epz=Point(1080, 2400) d=0 taskParent=-1},
02-19 18:56:27.815  4449  4467 V WindowManagerShell:         {m=TO_BACK f=NONE leash=Surface(name=Task=78)/@0x1af88c0 sb=Rect(0, 0 - 1080, 2400) eb=Rect(0, 0 - 1080, 2400) epz=Point(1080, 2400) d=0 taskParent=-1},
02-19 18:56:27.815  4449  4467 V WindowManagerShell:         {m=TO_FRONT f=IS_WALLPAPER leash=Surface(name=WallpaperWindowToken{35e0c0f showWhenLocked=false})/@0x7e7e9f9 sb=Rect(0, 0 - 1080, 2400) eb=Rect(0, 0 - 1080, 2400) epz=Point(1080, 2400) d=0}
02-19 18:56:27.815  4449  4467 V WindowManagerShell:     ]}
02-19 18:56:27.816  4449  4467 V WindowManagerShell: Playing animation for (#706) android.os.BinderProxy@379afd@0
02-19 18:56:27.816  4449  4467 V WindowManagerShell:  try firstHandler com.android.wm.shell.recents.RecentsTransitionHandler@bc47314
02-19 18:56:27.816  4449  4467 V ShellRecents: [93602802] RecentsController.start
02-19 18:56:27.827   752   794 V WindowManager: Sent Transition (#706) createdAt=02-19 18:56:27.688
02-19 18:56:27.829   752   794 V WindowManager:     startWCT=WindowContainerTransaction { changes= {} hops= [{pendingIntent: options=Bundle[{android.activity.splashScreenStyle=-1, android.activity.sourceInfo=android.app.ActivityOptions$SourceInfo@c9b4545, android.pendingIntent.backgroundActivityAllowed=3, android:activity.animAbortListener=null, android.activity.transientLaunch=true}]}] errorCallbackToken=null taskFragmentOrganizer=null }
02-19 18:56:27.830   752   794 V WindowManager:     info={id=706 t=TO_FRONT f=0x80 trk=0 r=[0@Point(0, 0)] c=[
02-19 18:56:27.830   752   794 V WindowManager:         {WCT{RemoteToken{5218fe8 Task{dd43522 #1 type=home}}} m=TO_FRONT f=SHOW_WALLPAPER|MOVE_TO_TOP leash=Surface(name=Task=1)/@0x8ddbd2e sb=Rect(0, 0 - 1080, 2400) eb=Rect(0, 0 - 1080, 2400) epz=Point(1080, 2400) d=0 taskParent=-1},
02-19 18:56:27.830   752   794 V WindowManager:         {WCT{RemoteToken{58f5d87 Task{11d79c0 #78 type=standard A=10217:viva.republica.toss.test}}} m=TO_BACK f=NONE leash=Surface(name=Task=78)/@0x6af51ab sb=Rect(0, 0 - 1080, 2400) eb=Rect(0, 0 - 1080, 2400) epz=Point(1080, 2400) d=0 taskParent=-1},
02-19 18:56:27.830   752   794 V WindowManager:         {m=TO_FRONT f=IS_WALLPAPER leash=Surface(name=WallpaperWindowToken{35e0c0f showWhenLocked=false})/@0x512f5be sb=Rect(0, 0 - 1080, 2400) eb=Rect(0, 0 - 1080, 2400) epz=Point(1080, 2400) d=0}
02-19 18:56:27.830   752   794 V WindowManager:     ]}
02-19 18:56:27.835  4449  4467 V ShellRecents:   not handling home taskId=1
02-19 18:56:27.836  4449  4467 V ShellRecents:   adding pausing leaf taskId=78 at layer=8
02-19 18:56:27.837  4449  4467 V ShellRecents: Applying transaction=3229815427476
02-19 18:56:27.839  4449  4467 V ShellRecents: No matching remote found to takeover (#706)
02-19 18:56:27.839  4449  4467 V ShellSplitScreen: getSplitBoundsForTaskId: expected split bounds for taskId=78 but not found
02-19 18:56:27.839  4449  4467 V ShellRecents: [93602802] RecentsController.start: calling onAnimationStart with 2 apps
02-19 18:56:27.844  4449  4467 V WindowManagerShell:  animated by firstHandler
02-19 18:56:27.846  7804  7804 D RemoteTargetGluer: appCount: 1 handleLength: 4
02-19 18:56:27.846  7804  7804 D RemoteTargetGluer: resizing handles
02-19 18:56:27.846  7804  7804 D RemoteTargetGluer: containsSplitTargets? false handleLength: 1 appsLength: 1
02-19 18:56:27.846  7804  7804 D RecentsView: setRecentsAnimationTargets - recentsAnimationController: com.android.quickstep.RecentsAnimationController@ca33396, recentsAnimationTargets: com.android.quickstep.RecentsAnimationTargets@738db17
02-19 18:56:27.852  7804  7804 D RemoteTargetGluer: appCount: 1 handleLength: 1
02-19 18:56:27.852  7804  7804 D RemoteTargetGluer: containsSplitTargets? false handleLength: 1 appsLength: 1
02-19 18:56:27.854  7804  7804 D OverviewCommandHelper: recents animation started: CommandInfo(type=TOGGLE, status=PROCESSING, createTime=106461083, animationCallbacks=com.android.quickstep.RecentsAnimationCallbacks@b669c98, displayId=0, isLastOfBatch=true)
02-19 18:56:27.855  7804  7804 D StatsLog: LAUNCHER_OVERVIEW_SHOW_OVERVIEW_FROM_3_BUTTON
02-19 18:56:27.856  7804  7804 D OverviewCommandHelper: recents animation started - onInitBackgroundStateUI: CommandInfo(type=TOGGLE, status=PROCESSING, createTime=106461083, animationCallbacks=com.android.quickstep.RecentsAnimationCallbacks@b669c98, displayId=0, isLastOfBatch=true)
02-19 18:56:27.867  7804  7804 D RecentsView: onPrepareGestureEndAnimation - endTarget: RECENTS
02-19 18:56:27.920  4449  4467 V ShellRecents: [93602802] RecentsController.setInputConsumerEnabled: set focus to recents
02-19 18:56:27.989   752   775 I system_server: Background concurrent mark compact GC freed 24MB AllocSpace bytes, 49(1008KB) LOS objects, 41% free, 33MB/57MB, paused 7.803ms,5.028ms total 747.671ms
02-19 18:56:28.281   488   488 I RanchuHwc: logCompositionFallbackIfChanged: layer 1276 CompositionType fallback from 2 to 1
02-19 18:56:28.282   488   488 I RanchuHwc: logCompositionFallbackIfChanged: layer 1277 CompositionType fallback from 2 to 1
02-19 18:56:28.325  7804  7804 D StateManager: goToState - fromState: Background, toState: Overview, partial trace:
02-19 18:56:28.325  7804  7804 D StateManager: 	at com.android.quickstep.BaseActivityInterface$DefaultAnimationFactory.lambda$createContainerInterface$0(go/retraceme 72a59688580715d19f0e415c69e80376c2f062d1648c80db6730905005a27c20:28)
02-19 18:56:28.325  7804  7804 D StateManager: 	at com.android.quickstep.BaseActivityInterface$DefaultAnimationFactory.a(go/retraceme 72a59688580715d19f0e415c69e80376c2f062d1648c80db6730905005a27c20:1)
02-19 18:56:28.325  7804  7804 D StateManager: 	at com.android.quickstep.y.run(go/retraceme 72a59688580715d19f0e415c69e80376c2f062d1648c80db6730905005a27c20:5)
02-19 18:56:28.326  7804  7804 D StatsLog: LAUNCHER_ONRESUME
02-19 18:56:28.327  4449  4467 D WindowManagerShell: setLauncherKeepClearAreaHeight: visible=true, height=527
02-19 18:56:28.328  7804  7804 D StateManager: onStateTransitionStart - state: Overview
02-19 18:56:28.331   752  1095 D BackgroundInstallControlService: Package event received: 0
02-19 18:56:28.336  7804  7804 D KeyboardInsetsHandler: setState, toState:Overview StateManager(mLastStableState:Normal, mCurrentStableState:Background, mState:Overview, mRestState:Normal, isInTransition:false)
02-19 18:56:28.336  7804  7804 D StateManager: onStateTransitionEnd - state: Overview
02-19 18:56:28.337  7804  7823 D QuickstepModelDelegate: notifyAppTargetEvent action=1 launchLocation=
02-19 18:56:28.340  7804  7804 I AiAiSuggestUi: Clearing suggestions.
02-19 18:56:28.341  7804  7804 I AiAiSuggestUi: Requesting to show indicators
02-19 18:56:28.341  7804  7804 I AiAiSuggestUi: Fetching contents, isPrimaryTask = true
02-19 18:56:28.343  7804  7804 D StatsLog: LAUNCHER_OVERVIEW_GESTURE
02-19 18:56:28.343  7804  7804 D OverviewCommandHelper: switching via recents animation - onTransitionComplete: CommandInfo(type=TOGGLE, status=PROCESSING, createTime=106461083, animationCallbacks=com.android.quickstep.RecentsAnimationCallbacks@b669c98, displayId=0, isLastOfBatch=true)
02-19 18:56:28.344  7804  7804 D OverviewCommandHelper: command executed: CommandInfo(type=TOGGLE, status=PROCESSING, createTime=106461083, animationCallbacks=com.android.quickstep.RecentsAnimationCallbacks@b669c98, displayId=0, isLastOfBatch=true) with result: true
02-19 18:56:28.344  1971  2198 I AiAiEcho: Predicting[0]:  [CONTEXT sampling_count=5 ]
02-19 18:56:28.344  1971  2198 I AiAiEcho: EchoTargets: 
02-19 18:56:28.344  1971  2198 I AiAiEcho: Filtered by AiAi flag check: 
02-19 18:56:28.344  1971  2198 I AiAiEcho: [CONTEXT ratelimit_period="10 SECONDS" ]
02-19 18:56:28.347  7804  7804 D OverviewCommandHelper: command executed successfully! CommandInfo(type=TOGGLE, status=COMPLETED, createTime=106461083, animationCallbacks=com.android.quickstep.RecentsAnimationCallbacks@b669c98, displayId=0, isLastOfBatch=true)
02-19 18:56:28.347  7804  7804 D OverviewCommandHelper: no pending commands to be executed.
02-19 18:56:28.348  7804  7804 D ContextTracker: Unregistering callback: com.android.launcher3.LauncherInitListener@f194f76, reason=AbsSwipeUpHandler.invalidateHandler
02-19 18:56:28.349  7804  7804 D OverviewActionsView: updateForGroupedTask() called with: isGroupedTask = [false], canSaveAppPair = [false]
02-19 18:56:28.350  7804  7804 D OverviewActionsView: updateActionButtonsVisibility() called: showSingleTaskActions = [true], showGroupActions = [false]
02-19 18:56:28.353  7804  7804 D OverviewActionsView: updateForGroupedTask() called with: isGroupedTask = [false], canSaveAppPair = [false]
02-19 18:56:28.353  7804  7804 D OverviewActionsView: updateActionButtonsVisibility() called: showSingleTaskActions = [true], showGroupActions = [false]
02-19 18:56:28.354  7804  7804 D RecentsView: onGestureAnimationEnd - mEnableDrawingLiveTile: true
02-19 18:56:28.362  1971  2198 I AiAiEcho: #remoteViewsTwiddler: feature disabled.
02-19 18:56:28.409  7804  7816 I s.nexuslauncher: Waiting for a blocking GC ProfileSaver
02-19 18:56:28.418  7804  7804 I NotificationListener: Handling notification state refresh for com.google.android.adservices.api#0
02-19 18:56:28.421  4449  4582 V ShellRecents: [93602802] RecentsController.detachNavigationBarFromApp
02-19 18:56:28.421  7804  7804 I NotificationListener: Handling notification state refresh for android#0
02-19 18:56:28.421  7804  7804 I NotificationListener: Handling notification state refresh for com.android.systemui#0
02-19 18:56:28.488  7804  7808 I s.nexuslauncher: NativeAlloc concurrent mark compact GC freed 1049KB AllocSpace bytes, 2(104KB) LOS objects, 49% free, 5633KB/11MB, paused 1.413ms,5.377ms total 115.952ms
02-19 18:56:28.489  7804  7816 I s.nexuslauncher: WaitForGcToComplete blocked ProfileSaver on NativeAlloc for 79.708ms
02-19 18:56:28.499   488   488 I RanchuHwc: logCompositionFallbackIfChanged: layer 1278 CompositionType fallback from 2 to 1
02-19 18:56:28.567  7804  7934 I s.nexuslauncher: AssetManager2(0x7d8fac449b58) locale list changing from [] to [en-US]
02-19 18:56:28.691  1971  2198 I AiAiEcho: #postPredictionTargets: Sending updates to UISurface home with targets# 0 (types=[])
02-19 18:56:28.692  7804  7804 D SsBaseTemplateCard: No text view can be set up
02-19 18:56:28.692  7804  7804 D SsBaseTemplateCard: Passed-in item info is null
02-19 18:56:28.693  7804  7804 D SsBaseTemplateCard: Passed-in item info is null
02-19 18:56:28.693  7804  7804 D SsBaseTemplateCard: Passed-in item info is null
02-19 18:56:28.693  7804  7804 I SsBaseTemplateCard: Secondary card pane is null
02-19 18:56:28.700  7804  7934 W HWUI    : Image decoding logging dropped!
02-19 18:56:28.877  7804  7938 I AiAiSuggestUi: Request suggestContentSelections complete, took: 531
02-19 18:56:28.890  7804  7938 E AiAiSuggestUi: Timeout while retrieving suggestContentSelections
02-19 18:56:28.890  7804  7938 E AiAiSuggestUi: java.util.concurrent.TimeoutException
02-19 18:56:28.890  7804  7938 E AiAiSuggestUi: 	at java.util.concurrent.CompletableFuture$Timeout.run(CompletableFuture.java:2908)
02-19 18:56:28.890  7804  7938 E AiAiSuggestUi: 	at java.util.concurrent.Executors$RunnableAdapter.call(Executors.java:524)
02-19 18:56:28.890  7804  7938 E AiAiSuggestUi: 	at java.util.concurrent.FutureTask.run(FutureTask.java:317)
02-19 18:56:28.890  7804  7938 E AiAiSuggestUi: 	at java.util.concurrent.ScheduledThreadPoolExecutor$ScheduledFutureTask.run(ScheduledThreadPoolExecutor.java:348)
02-19 18:56:28.890  7804  7938 E AiAiSuggestUi: 	at java.util.concurrent.ThreadPoolExecutor.runWorker(ThreadPoolExecutor.java:1156)
02-19 18:56:28.890  7804  7938 E AiAiSuggestUi: 	at java.util.concurrent.ThreadPoolExecutor$Worker.run(ThreadPoolExecutor.java:651)
02-19 18:56:28.890  7804  7938 E AiAiSuggestUi: 	at java.lang.Thread.run(Thread.java:1119)
02-19 18:56:28.890  7804  7938 I AiAiSuggestUi: Fetched content back in callback
02-19 18:56:29.960 16566 16566 I Choreographer: Skipped 59 frames!  The application may be doing too much work on its main thread.
02-19 18:56:30.421 17322 17322 W dumpsys : Thread Pool max thread count is 0. Cannot cache binder as linkToDeath cannot be implemented. serviceName: window
02-19 18:56:30.490   752  1509 I system_server: AssetManager2(0x7d8fac4de898) locale list changing from [] to [en-US]
02-19 18:56:30.495   752  1509 I system_server: AssetManager2(0x7d8fac4ecfd8) locale list changing from [] to [en-US]
02-19 18:56:30.510   752  1509 I system_server: AssetManager2(0x7d8fac4d3fd8) locale list changing from [] to [en-US]
02-19 18:56:30.556   752  1509 I system_server: AssetManager2(0x7d8fac454d78) locale list changing from [] to [en-US]
02-19 18:56:30.565   752  1509 I system_server: AssetManager2(0x7d8fac50c6f8) locale list changing from [] to [en-US]
02-19 18:56:30.592   752  1509 I system_server: AssetManager2(0x7d8fac4f0e58) locale list changing from [] to [en-US]
02-19 18:56:33.496 17328 17328 W screencap: Thread Pool max thread count is 0. Cannot cache binder as linkToDeath cannot be implemented. serviceName: SurfaceFlingerAIDL
02-19 18:56:33.496 17328 17328 W BpBinder: Linking to death on android.gui.ISurfaceComposer but there are no threads (yet?) listening to incoming transactions. See ProcessState::startThreadPool and ProcessState::setThreadPoolMaxThreadCount. Generally you should setup the binder threadpool before other initialization steps.
02-19 18:56:33.499 17328 17328 W ProcessState: Extra binder thread started, but 0 threads requested. Do not use *startThreadPool when zero threads are requested.
02-19 18:56:33.504   531   602 E HwcComposer: getLuts failed Status(-8, EX_SERVICE_SPECIFIC): '8: '
02-19 18:56:33.504   531   602 E HWComposer: getLuts: getLuts failed for display 4619827259835644672: UNSUPPORTED (8)
