--------- beginning of main
02-19 11:35:49.476   531   568 W EventThread: Faking VSYNC due to driver stall for thread app
02-19 11:35:49.477 24035 24035 I Choreographer: Skipped 59 frames!  The application may be doing too much work on its main thread.
02-19 11:35:55.382   531   568 W EventThread: Faking VSYNC due to driver stall for thread app
02-19 11:35:55.387  1336  1556 D SatelliteController: iisInCarrierRoamingNbIotNtn: satellite is disabled
02-19 11:35:55.392 24035 24035 I Choreographer: Skipped 354 frames!  The application may be doing too much work on its main thread.
02-19 11:36:10.484   531   568 W EventThread: Faking VSYNC due to driver stall for thread app
02-19 11:36:10.491  1133  1133 I wpa_supplicant: wlan0: CTRL-EVENT-BEACON-LOSS 
02-19 11:36:10.492  1782  2440 I bbax    : (REDACTED) getHotwordActive::active query: %s, watch: %s, devices connected: %s
--------- beginning of system
02-19 11:36:10.496   752   752 W Looper  : Drained
02-19 11:36:10.725   752   795 W ActivityTaskManager: callingPackage for (uid=-1, pid=0) has no WPC
02-19 11:36:10.726   752   795 W ActivityStartInterceptor: Starting home with component specified, uid=0
02-19 11:36:10.727   752   795 W OptProp : Cannot read opt property android.window.PROPERTY_COMPAT_ALLOW_USER_ASPECT_RATIO_OVERRIDE
02-19 11:36:10.727   752   795 W OptProp : Cannot read opt property android.window.PROPERTY_COMPAT_ALLOW_USER_ASPECT_RATIO_FULLSCREEN_OVERRIDE
02-19 11:36:10.727   752   795 W OptProp : Cannot read opt property android.window.PROPERTY_COMPAT_ALLOW_RESIZEABLE_ACTIVITY_OVERRIDES
02-19 11:36:10.727   752   795 W OptProp : Cannot read opt property android.window.PROPERTY_COMPAT_ALLOW_MIN_ASPECT_RATIO_OVERRIDE
02-19 11:36:10.728   752   795 V GrammaticalInflectionUtils: AttributionSource: android.content.AttributionSource@1abea79a does not have READ_SYSTEM_GRAMMATICAL_GENDER permission.
02-19 11:36:10.735  4449  4467 V WindowManagerShell: Transition requested (#190): android.os.BinderProxy@729f387 TransitionRequestInfo { type = OPEN, triggerTask = TaskInfo{userId=0 taskId=5 effectiveUid=10182 displayId=0 isRunning=true baseIntent=Intent { act=android.intent.action.MAIN cat=[android.intent.category.HOME] flg=0x10000100 cmp=com.google.android.apps.nexuslauncher/.NexusLauncherActivity } baseActivity=ComponentInfo{com.google.android.apps.nexuslauncher/com.google.android.apps.nexuslauncher.NexusLauncherActivity} topActivity=ComponentInfo{com.google.android.apps.nexuslauncher/com.google.android.apps.nexuslauncher.NexusLauncherActivity} origActivity=null realActivity=ComponentInfo{com.google.android.apps.nexuslauncher/com.google.android.apps.nexuslauncher.NexusLauncherActivity} numActivities=1 lastActiveTime=80044579 supportsMultiWindow=true resizeMode=2 isResizeable=true minWidth=-1 minHeight=-1 defaultMinSize=220 token=WCT{android.window.IWindowContainerToken$Stub$Proxy@67a02b4} topActivityType=2 pictureInPictureParams=null shouldDockBigOverlays=false launchIntoPipHostTaskId=-1 lastParentTaskIdBeforePip=-1 displayCutoutSafeInsets=Rect(0, 0 - 0, 0) topActivityInfo=ActivityInfo{9fe2edd com.google.android.apps.nexuslauncher.NexusLauncherActivity} launchCookies=[] positionInParent=Point(0, 0) parentTaskId=-1 isFocused=true isVisible=false isVisibleRequested=true isTopActivityNoDisplay=false isSleeping=false locusId=LocusId[17_chars] displayAreaFeatureId=1 isTopActivityTransparent=false isActivityStackTransparent=false lastNonFullscreenBounds=Rect(284, 660 - 796, 1740) capturedLink=null capturedLinkTimestamp=0 requestedVisibleTypes=-9 topActivityRequestOpenInBrowserEducationTimestamp=0 appCompatTaskInfo=AppCompatTaskInfo { topActivityInSizeCompat=false eligibleForLetterboxEducation= false isLetterboxEducationEnabled= true isLetterboxDoubleTapEnabled= false eligibleForUserAspectRatioButton= false topActivityBoundsLetterboxed= false isFromLetterboxDoubleTap= false topActivityLetterboxVerticalPosition= -1 topActivityLetterboxHorizontalPosition= -1 topActivityLetterboxWidth=-1 topActivityLetterboxHeight=-1 topActivityAppBounds=Rect(0, 0 - 1080, 2400) isUserFullscreenOverrideEnabled=false isSystemFullscreenOverrideEnabled=false hasMinAspectRatioOverride=false topActivityLetterboxBounds=null cameraCompatTaskInfo=CameraCompatTaskInfo { freeformCameraCompatMode=inactive}} topActivityMainWindowFrame=null}, pipChange = null, remoteTransition = null, displayChange = null, flags = 0, debugId = 190 }
02-19 11:36:10.735  4449  4467 D ShellSplitScreen: logExit: no-op, mLoggerSessionId is null
02-19 11:36:10.736  1341  1341 D ViewRootImpl: Skipping stats log for color mode
02-19 11:36:10.736   752   795 I ActivityTaskManager: START u0 {act=android.intent.action.MAIN cat=[android.intent.category.HOME] flg=0x10000100 cmp=com.google.android.apps.nexuslauncher/.NexusLauncherActivity (has extras)} with LAUNCH_SINGLE_TASK from uid 0 (BAL_ALLOW_ALLOWLISTED_UID) result code=2
02-19 11:36:10.737  1341  1341 D TFOManager: playPanelCloseAnimation() duration=200 traceTag=LauncherOverlay-hide isHomeButtonTap=true
02-19 11:36:10.737  1341  1341 D TFOManager: Skipped creating panel close animation because -1 is invisible.
02-19 11:36:10.737  1341  1341 D OverviewCommandHelper: clearing pending commands: []
02-19 11:36:10.737  1341  1341 D StatsLog: LAUNCHER_ONRESUME
02-19 11:36:10.740   752  1095 D BackgroundInstallControlService: Package event received: 0
02-19 11:36:10.741  4449  4467 D WindowManagerShell: setLauncherKeepClearAreaHeight: visible=true, height=527
02-19 11:36:10.744   752  1095 D BackgroundInstallControlService: Package event received: 0
02-19 11:36:10.744   752  1095 D BackgroundInstallControlService: Package event received: 0
02-19 11:36:10.745   752   797 W IPCThreadState: Sending oneway calls to frozen process.
02-19 11:36:10.745  1971  2198 I AiAiEcho: Predicting[0]:  [CONTEXT sampling_count=5 ]
02-19 11:36:10.745  1971  2198 I AiAiEcho: EchoTargets: 
02-19 11:36:10.745  1971  2198 I AiAiEcho: Filtered by AiAi flag check: 
02-19 11:36:10.745  1971  2198 I AiAiEcho: [CONTEXT ratelimit_period="10 SECONDS" ]
02-19 11:36:10.746  1971  2198 I AiAiEcho: #remoteViewsTwiddler: feature disabled.
02-19 11:36:10.746   752   797 W IPCThreadState: Sending oneway calls to frozen process.
02-19 11:36:10.747   752   797 W IPCThreadState: Sending oneway calls to frozen process.
02-19 11:36:10.747   752   797 W IPCThreadState: Sending oneway calls to frozen process.
02-19 11:36:10.747  4449  4467 D WindowManagerShell: onActivityRestartAttempt: topActivity=ComponentInfo{com.google.android.apps.nexuslauncher/com.google.android.apps.nexuslauncher.NexusLauncherActivity}, wasVisible=false
02-19 11:36:10.747   752   797 W IPCThreadState: Sending oneway calls to frozen process.
02-19 11:36:10.747   752   797 W IPCThreadState: Sending oneway calls to frozen process.
02-19 11:36:10.747   752   797 W IPCThreadState: Sending oneway calls to frozen process.
02-19 11:36:10.747   752   797 W IPCThreadState: Sending oneway calls to frozen process.
02-19 11:36:10.747   752   797 W IPCThreadState: Sending oneway calls to frozen process.
02-19 11:36:10.747   752   797 W IPCThreadState: Sending oneway calls to frozen process.
02-19 11:36:10.747   752   797 W IPCThreadState: Sending oneway calls to frozen process.
02-19 11:36:10.747   752   797 W IPCThreadState: Sending oneway calls to frozen process.
02-19 11:36:10.747   752   797 W IPCThreadState: Sending oneway calls to frozen process.
02-19 11:36:10.747   752   797 W IPCThreadState: Sending oneway calls to frozen process.
02-19 11:36:10.747   752   797 W IPCThreadState: Sending oneway calls to frozen process.
02-19 11:36:10.747   752   797 W IPCThreadState: Sending oneway calls to frozen process.
02-19 11:36:10.748   752   797 W ProcessStats: Tracking association SourceState{1b917ca system/1000 BFgs #11935} whose proc state 4 is better than process ProcessState{42c4ef0 com.google.android.ext.services/10208 pkg=com.google.android.ext.services} proc state 14 (2 skipped)
02-19 11:36:10.748  1341  1407 D QuickstepModelDelegate: notifyAppTargetEvent action=1 launchLocation=workspace/0/[-1,-1]/[1,1]
02-19 11:36:10.749   752  1095 D BackgroundInstallControlService: Package event received: 0
02-19 11:36:10.751  1971  2198 I AiAiEcho: #postPredictionTargets: Sending updates to UISurface home with targets# 0 (types=[])
02-19 11:36:10.773   752  1095 D BackgroundInstallControlService: Package event received: 0
02-19 11:36:10.773   752  1095 D BackgroundInstallControlService: Package event received: 0
02-19 11:36:10.773   752  1095 D BackgroundInstallControlService: Package event received: 0
02-19 11:36:10.774   752  1095 D BackgroundInstallControlService: Package event received: 0
02-19 11:36:10.774   752  1095 D BackgroundInstallControlService: Package event received: 0
02-19 11:36:10.774   752  1095 D BackgroundInstallControlService: Package event received: 0
02-19 11:36:10.774   752  1095 D BackgroundInstallControlService: Package event received: 0
02-19 11:36:10.774   752  1095 D BackgroundInstallControlService: Package event received: 0
02-19 11:36:10.774   752  1095 D BackgroundInstallControlService: Package event received: 0
02-19 11:36:10.774   752  1095 D BackgroundInstallControlService: Package event received: 0
02-19 11:36:10.774   752  1095 D BackgroundInstallControlService: Package event received: 0
02-19 11:36:12.103   531   568 W EventThread: Faking VSYNC due to driver stall for thread app
02-19 11:36:12.103   531   569 W EventThread: Faking VSYNC due to driver stall for thread appSf
02-19 11:36:12.104   531   531 I BpBinder: onLastStrongRef automatically unlinking death recipients: 
02-19 11:36:12.107  1341  1341 D NexusLauncherModelDelegate: notifySmartspaceEvent: SmartspaceTargetEvent{mSmartspaceTarget=null, mSmartspaceActionId='null', mEventType=6}
02-19 11:36:12.117  4449  4449 I vol.VolumeDialogImpl: mDialog.dismiss() reason: volume_controller from: com.android.systemui.volume.VolumeDialogImpl$7.onDismissRequested:3
02-19 11:36:12.125  1341  1341 D BaseDepthController: setSurface:
02-19 11:36:12.125  1341  1341 D BaseDepthController: 	mWaitingOnSurfaceValidity: false
02-19 11:36:12.125  1341  1341 D BaseDepthController: 	mBaseSurface: Surface(name=com.google.android.apps.nexuslauncher/com.google.android.apps.nexuslauncher.NexusLauncherActivity)/@0x94d8eb8
02-19 11:36:12.187  1341  1341 D ActivityAllAppsContainerView: rebindAdapters: force: false
02-19 11:36:12.188  1341  1341 D ActivityAllAppsContainerView: rebindAdapters: Not needed.
02-19 11:36:12.190  1341  1341 I NotificationListener: Handling notification state refresh for com.google.android.adservices.api#0
02-19 11:36:12.190  1341  1341 I NotificationListener: Handling notification state refresh for android#0
02-19 11:36:12.190  1341  1341 I NotificationListener: Handling notification state refresh for com.android.systemui#0
02-19 11:36:12.191  1341  1341 D SsBaseTemplateCard: No text view can be set up
02-19 11:36:12.191  1341  1341 D SsBaseTemplateCard: Passed-in item info is null
02-19 11:36:12.191  1341  1341 D SsBaseTemplateCard: Passed-in item info is null
02-19 11:36:12.191  1341  1341 D SsBaseTemplateCard: Passed-in item info is null
02-19 11:36:12.192  1341  1341 I SsBaseTemplateCard: Secondary card pane is null
02-19 11:36:12.194   531   603 I BpBinder: onLastStrongRef automatically unlinking death recipients: 
02-19 11:36:12.214  4449  4501 V WindowManagerShell: onTransitionReady(transaction=3229815411725)
02-19 11:36:12.215  4449  4467 V WindowManagerShell: onTransitionReady (#190) android.os.BinderProxy@729f387: {id=190 t=OPEN f=0x0 trk=0 r=[0@Point(0, 0)] c=[
02-19 11:36:12.215  4449  4467 V WindowManagerShell:         {m=TO_FRONT f=SHOW_WALLPAPER|MOVE_TO_TOP leash=Surface(name=Task=1)/@0x7f83ab9 sb=Rect(0, 0 - 1080, 2400) eb=Rect(0, 0 - 1080, 2400) epz=Point(1080, 2400) d=0 taskParent=-1},
02-19 11:36:12.215  4449  4467 V WindowManagerShell:         {m=TO_BACK f=NONE leash=Surface(name=Task=46)/@0xaab8efe sb=Rect(0, 0 - 1080, 2400) eb=Rect(0, 0 - 1080, 2400) epz=Point(1080, 2400) d=0 taskParent=-1},
02-19 11:36:12.215  4449  4467 V WindowManagerShell:         {m=TO_FRONT f=IS_WALLPAPER leash=Surface(name=WallpaperWindowToken{35e0c0f showWhenLocked=false})/@0x711765f sb=Rect(0, 0 - 1080, 2400) eb=Rect(0, 0 - 1080, 2400) epz=Point(1080, 2400) d=0}
02-19 11:36:12.215  4449  4467 V WindowManagerShell:     ]}
02-19 11:36:12.216  4449  4467 V WindowManagerShell: Playing animation for (#190) android.os.BinderProxy@729f387@0
02-19 11:36:12.216  4449  4467 V ShellRecents: RecentsTransitionHandler.startAnimation: no controller found
02-19 11:36:12.220  4449  4467 V WindowManagerShell: Transition doesn't have explicit remote, search filters for match for {id=190 t=OPEN f=0x0 trk=0 r=[0@Point(0, 0)] c=[{m=TO_FRONT f=SHOW_WALLPAPER|MOVE_TO_TOP leash=Surface(name=Task=1)/@0x7f83ab9 sb=Rect(0, 0 - 1080, 2400) eb=Rect(0, 0 - 1080, 2400) epz=Point(1080, 2400) d=0 taskParent=-1},{m=TO_BACK f=NONE leash=Surface(name=Task=46)/@0xaab8efe sb=Rect(0, 0 - 1080, 2400) eb=Rect(0, 0 - 1080, 2400) epz=Point(1080, 2400) d=0 taskParent=-1},{m=TO_FRONT f=IS_WALLPAPER leash=Surface(name=WallpaperWindowToken{35e0c0f showWhenLocked=false})/@0x711765f sb=Rect(0, 0 - 1080, 2400) eb=Rect(0, 0 - 1080, 2400) epz=Point(1080, 2400) d=0}]}
02-19 11:36:12.220  4449  4467 V WindowManagerShell:  Checking filter Pair{{types=[] flags=0x0] notFlags=0x0 checks=[{atype=undefined independent=true modes=[CLOSE,TO_BACK] flags=IN_TASK_WITH_EMBEDDED_ACTIVITY mustBeTask=false order=ANY topActivity=null launchCookie=null taskFragmentToken=android.os.BinderProxy@188d51a windowingMode=undefined}]} RemoteTransition { remoteTransition = android.window.IRemoteTransition$Stub$Proxy@44cd84b, appThread = android.app.IApplicationThread$Stub$Proxy@3a12228, debugName = overlayBackTransition }}
02-19 11:36:12.221  4449  4467 V WindowManagerShell:  Checking filter Pair{{types=[] flags=0x0] notFlags=0x0 checks=[{atype=dream independent=true modes=[OPEN,TO_FRONT] flags=NONE mustBeTask=false order=ANY topActivity=null launchCookie=null windowingMode=undefined},{atype=home independent=true modes=[CLOSE,TO_BACK] flags=NONE mustBeTask=false order=ANY topActivity=null launchCookie=null windowingMode=undefined}]} RemoteTransition { remoteTransition = android.window.IRemoteTransition$Stub$Proxy@6f3eb41, appThread = android.app.IApplicationThread$Stub$Proxy@ccf28e6, debugName = LauncherToDream }}
02-19 11:36:12.221  4449  4467 V WindowManagerShell:  Checking filter Pair{{types=[] flags=0x0] notFlags=0x100 checks=[{atype=home independent=true modes=[OPEN,TO_FRONT] flags=NONE mustBeTask=false order=TOP topActivity=ComponentInfo{com.google.android.apps.nexuslauncher/com.google.android.apps.nexuslauncher.NexusLauncherActivity} launchCookie=null windowingMode=undefined},{atype=standard independent=true modes=[CLOSE,TO_BACK] flags=NONE mustBeTask=false order=ANY topActivity=null launchCookie=null windowingMode=undefined},{NOT atype=undefined independent=true modes=[] flags=NONE mustBeTask=true order=ANY topActivity=null launchCookie=null customAnim=true windowingMode=undefined}]} RemoteTransition { remoteTransition = android.window.IRemoteTransition$Stub$Proxy@a8eae27, appThread = android.app.IApplicationThread$Stub$Proxy@fa38d4, debugName = QuickstepLaunchHome }}
02-19 11:36:12.223  4449  4467 D RemoteTransitionHandler: Found filterPair{{types=[] flags=0x0] notFlags=0x100 checks=[{atype=home independent=true modes=[OPEN,TO_FRONT] flags=NONE mustBeTask=false order=TOP topActivity=ComponentInfo{com.google.android.apps.nexuslauncher/com.google.android.apps.nexuslauncher.NexusLauncherActivity} launchCookie=null windowingMode=undefined},{atype=standard independent=true modes=[CLOSE,TO_BACK] flags=NONE mustBeTask=false order=ANY topActivity=null launchCookie=null windowingMode=undefined},{NOT atype=undefined independent=true modes=[] flags=NONE mustBeTask=true order=ANY topActivity=null launchCookie=null customAnim=true windowingMode=undefined}]} RemoteTransition { remoteTransition = android.window.IRemoteTransition$Stub$Proxy@a8eae27, appThread = android.app.IApplicationThread$Stub$Proxy@fa38d4, debugName = QuickstepLaunchHome }}
02-19 11:36:12.224  4449  4467 V WindowManagerShell:  Delegate animation for (#190) to RemoteTransition { remoteTransition = android.window.IRemoteTransition$Stub$Proxy@a8eae27, appThread = android.app.IApplicationThread$Stub$Proxy@fa38d4, debugName = QuickstepLaunchHome }
02-19 11:36:12.238  1341  1341 D StateManager: createAtomicAnimation - fromState: Background, toState: Normal, partial trace:
02-19 11:36:12.238  1341  1341 D StateManager: 	at com.android.quickstep.util.ScalingWorkspaceRevealAnim.<init>(go/retraceme 72a59688580715d19f0e415c69e80376c2f062d1648c80db6730905005a27c20:39)
02-19 11:36:12.238  1341  1341 D StateManager: 	at com.android.launcher3.QuickstepTransitionManager.createWallpaperOpenAnimations(go/retraceme 72a59688580715d19f0e415c69e80376c2f062d1648c80db6730905005a27c20:168)
02-19 11:36:12.238  1341  1341 D StateManager: 	at com.android.launcher3.QuickstepTransitionManager$WallpaperOpenLauncherAnimationRunner.onAnimationStart(go/retraceme 72a59688580715d19f0e415c69e80376c2f062d1648c80db6730905005a27c20:17)
02-19 11:36:12.240  1341  1341 D b/311077782: LauncherAnimationRunner.setAnimation
02-19 11:36:12.250   752   794 V WindowManager: Sent Transition (#190) createdAt=02-19 11:36:10.728 via request=TransitionRequestInfo { type = OPEN, triggerTask = TaskInfo{userId=0 taskId=5 effectiveUid=10182 displayId=0 isRunning=true baseIntent=Intent { act=android.intent.action.MAIN cat=[android.intent.category.HOME] flg=0x10000100 cmp=com.google.android.apps.nexuslauncher/.NexusLauncherActivity } baseActivity=ComponentInfo{com.google.android.apps.nexuslauncher/com.google.android.apps.nexuslauncher.NexusLauncherActivity} topActivity=ComponentInfo{com.google.android.apps.nexuslauncher/com.google.android.apps.nexuslauncher.NexusLauncherActivity} origActivity=null realActivity=ComponentInfo{com.google.android.apps.nexuslauncher/com.google.android.apps.nexuslauncher.NexusLauncherActivity} numActivities=1 lastActiveTime=80044579 supportsMultiWindow=true resizeMode=2 isResizeable=true minWidth=-1 minHeight=-1 defaultMinSize=220 token=WCT{RemoteToken{50a2c5f Task{b605570 #5 type=home I=com.google.android.apps.nexuslauncher/.NexusLauncherActivity}}} topActivityType=2 pictureInPictureParams=null shouldDockBigOverlays=false launchIntoPipHostTaskId=-1 lastParentTaskIdBeforePip=-1 displayCutoutSafeInsets=Rect(0, 0 - 0, 0) topActivityInfo=ActivityInfo{f5406ac com.google.android.apps.nexuslauncher.NexusLauncherActivity} launchCookies=[] positionInParent=Point(0, 0) parentTaskId=-1 isFocused=true isVisible=false isVisibleRequested=true isTopActivityNoDisplay=false isSleeping=false locusId=LocusId[17_chars] displayAreaFeatureId=1 isTopActivityTransparent=false isActivityStackTransparent=false lastNonFullscreenBounds=Rect(284, 660 - 796, 1740) capturedLink=null capturedLinkTimestamp=0 requestedVisibleTypes=-9 topActivityRequestOpenInBrowserEducationTimestamp=0 appCompatTaskInfo=AppCompatTaskInfo { topActivityInSizeCompat=false eligibleForLetterboxEducation= false isLetterboxEducationEnabled= true isLetterboxDoubleTapEnabled= false eligibleForUserAspectRatioButton= false topActivityBoundsLetterboxed= false isFromLetterboxDoubleTap= false topActivityLetterboxVerticalPosition= -1 topActivityLetterboxHorizontalPosition= -1 topActivityLetterboxWidth=-1 topActivityLetterboxHeight=-1 topActivityAppBounds=Rect(0, 0 - 1080, 2400) isUserFullscreenOverrideEnabled=false isSystemFullscreenOverrideEnabled=false hasMinAspectRatioOverride=false topActivityLetterboxBounds=null cameraCompatTaskInfo=CameraCompatTaskInfo { freeformCameraCompatMode=inactive}} topActivityMainWindowFrame=null}, pipChange = null, remoteTransition = null, displayChange = null, flags = 0, debugId = 190 }
02-19 11:36:12.251   752   794 V WindowManager:     startWCT=WindowContainerTransaction { changes= {} hops= [] errorCallbackToken=null taskFragmentOrganizer=null }
02-19 11:36:12.251   752   794 V WindowManager:     info={id=190 t=OPEN f=0x0 trk=0 r=[0@Point(0, 0)] c=[
02-19 11:36:12.251   752   794 V WindowManager:         {WCT{RemoteToken{5218fe8 Task{dd43522 #1 type=home}}} m=TO_FRONT f=SHOW_WALLPAPER|MOVE_TO_TOP leash=Surface(name=Task=1)/@0x8ddbd2e sb=Rect(0, 0 - 1080, 2400) eb=Rect(0, 0 - 1080, 2400) epz=Point(1080, 2400) d=0 taskParent=-1},
02-19 11:36:12.251   752   794 V WindowManager:         {WCT{RemoteToken{a585dcd Task{7745c88 #46 type=standard A=10217:viva.republica.toss.test}}} m=TO_BACK f=NONE leash=Surface(name=Task=46)/@0xe2d6cf7 sb=Rect(0, 0 - 1080, 2400) eb=Rect(0, 0 - 1080, 2400) epz=Point(1080, 2400) d=0 taskParent=-1},
02-19 11:36:12.251   752   794 V WindowManager:         {m=TO_FRONT f=IS_WALLPAPER leash=Surface(name=WallpaperWindowToken{35e0c0f showWhenLocked=false})/@0x512f5be sb=Rect(0, 0 - 1080, 2400) eb=Rect(0, 0 - 1080, 2400) epz=Point(1080, 2400) d=0}
02-19 11:36:12.251   752   794 V WindowManager:     ]}
02-19 11:36:12.256  4449  4467 V WindowManagerShell:  animated by com.android.wm.shell.transition.RemoteTransitionHandler@ef09705
02-19 11:36:12.257   752   779 W ActivityTaskManager: callingPackage for (uid=2000, pid=26154) has no WPC
02-19 11:36:12.258  1341  1407 I s.nexuslauncher: AssetManager2(0x7d8fac482278) locale list changing from [] to [en-US]
02-19 11:36:12.260   752   779 V GrammaticalInflectionUtils: AttributionSource: android.content.AttributionSource@56784557 does not have READ_SYSTEM_GRAMMATICAL_GENDER permission.
02-19 11:36:12.260   752   779 W OptProp : Cannot read opt property android.window.PROPERTY_COMPAT_ALLOW_USER_ASPECT_RATIO_OVERRIDE
02-19 11:36:12.268   752   779 W OptProp : Cannot read opt property android.window.PROPERTY_COMPAT_ALLOW_USER_ASPECT_RATIO_FULLSCREEN_OVERRIDE
02-19 11:36:12.269   752   779 W OptProp : Cannot read opt property android.window.PROPERTY_COMPAT_ALLOW_RESIZEABLE_ACTIVITY_OVERRIDES
02-19 11:36:12.269   752   779 W OptProp : Cannot read opt property android.window.PROPERTY_COMPAT_ALLOW_MIN_ASPECT_RATIO_OVERRIDE
02-19 11:36:12.302   752   779 I ActivityTaskManager: START u0 {act=android.intent.action.VIEW dat=intoss://takealook/... flg=0x10000000 xflg=0x4 cmp=viva.republica.toss.test/im.toss.rn.granite.core.GraniteActivity} with LAUNCH_MULTIPLE from uid 2000 (BAL_ALLOW_PERMISSION) result code=2
02-19 11:36:12.303  4449  4467 V WindowManagerShell: Transition requested (#191): android.os.BinderProxy@7f987f1 TransitionRequestInfo { type = OPEN, triggerTask = TaskInfo{userId=0 taskId=46 effectiveUid=10217 displayId=0 isRunning=true baseIntent=Intent { act=android.intent.action.VIEW dat=intoss://takealook/... flg=0x10000000 cmp=viva.republica.toss.test/im.toss.rn.granite.core.GraniteActivity } baseActivity=ComponentInfo{viva.republica.toss.test/im.toss.rn.granite.core.GraniteActivity} topActivity=ComponentInfo{viva.republica.toss.test/im.toss.rn.granite.core.GraniteActivity} origActivity=null realActivity=ComponentInfo{viva.republica.toss.test/im.toss.rn.granite.core.GraniteActivity} numActivities=2 lastActiveTime=80044577 supportsMultiWindow=true resizeMode=1 isResizeable=true minWidth=-1 minHeight=-1 defaultMinSize=220 token=WCT{android.window.IWindowContainerToken$Stub$Proxy@2107fd6} topActivityType=1 pictureInPictureParams=null shouldDockBigOverlays=false launchIntoPipHostTaskId=-1 lastParentTaskIdBeforePip=-1 displayCutoutSafeInsets=Rect(0, 0 - 0, 0) topActivityInfo=ActivityInfo{d7dd257 im.toss.rn.granite.core.GraniteActivity} launchCookies=[] positionInParent=Point(0, 0) parentTaskId=-1 isFocused=false isVisible=true isVisibleRequested=false isTopActivityNoDisplay=false isSleeping=false locusId=null displayAreaFeatureId=1 isTopActivityTransparent=false isActivityStackTransparent=false lastNonFullscreenBounds=Rect(284, 660 - 796, 1740) capturedLink=null capturedLinkTimestamp=0 requestedVisibleTypes=-9 topActivityRequestOpenInBrowserEducationTimestamp=0 appCompatTaskInfo=AppCompatTaskInfo { topActivityInSizeCompat=false eligibleForLetterboxEducation= false isLetterboxEducationEnabled= true isLetterboxDoubleTapEnabled= false eligibleForUserAspectRatioButton= false topActivityBoundsLetterboxed= false isFromLetterboxDoubleTap= false topActivityLetterboxVerticalPosition= -1 topActivityLetterboxHorizontalPosition= -1 topActivityLetterboxWidth=-1 topActivityLetterboxHeight=-1 topActivityAppBounds=Rect(0, 0 - 1080, 2400) isUserFullscreenOverrideEnabled=false isSystemFullscreenOverrideEnabled=false hasMinAspectRatioOverride=false topActivityLetterboxBounds=null cameraCompatTaskInfo=CameraCompatTaskInfo { freeformCameraCompatMode=inactive}} topActivityMainWindowFrame=null}, pipChange = null, remoteTransition = null, displayChange = null, flags = 0, debugId = 191 }
02-19 11:36:12.304  4449  4467 D ShellSplitScreen: logExit: no-op, mLoggerSessionId is null
02-19 11:36:12.307  1341  1407 W HWUI    : Image decoding logging dropped!
02-19 11:36:12.325  1341  1341 W SplitSelectStateCtor: Missing session instanceIds
02-19 11:36:12.329  1341  1341 D StatsLog: LAUNCHER_SPLIT_SELECTION_EXIT_INTERRUPTED
02-19 11:36:12.341  4449  4467 D WindowManagerShell: setLauncherKeepClearAreaHeight: visible=false, height=527
02-19 11:36:12.342  4449  4467 D WindowManagerShell: onActivityRestartAttempt: topActivity=ComponentInfo{viva.republica.toss.test/im.toss.rn.granite.core.GraniteActivity}, wasVisible=true
02-19 11:36:12.368   531   531 I BpBinder: onLastStrongRef automatically unlinking death recipients: 
02-19 11:36:12.389   752  1095 D BackgroundInstallControlService: Package event received: 0
02-19 11:36:12.399   752  1095 D BackgroundInstallControlService: Package event received: 0
02-19 11:36:12.399   752  1095 D BackgroundInstallControlService: Package event received: 0
02-19 11:36:12.428   531   602 I BpBinder: onLastStrongRef automatically unlinking death recipients: 
02-19 11:36:12.492  4449  4501 V WindowManagerShell: onTransitionReady(transaction=3229815411736)
02-19 11:36:12.494  4449  4467 V WindowManagerShell: onTransitionReady (#191) android.os.BinderProxy@7f987f1: {id=191 t=OPEN f=0x0 trk=0 r=[0@Point(0, 0)] c=[
02-19 11:36:12.494  4449  4467 V WindowManagerShell:         {m=TO_FRONT f=MOVE_TO_TOP leash=Surface(name=Task=46)/@0xbecc362 sb=Rect(0, 0 - 1080, 2400) eb=Rect(0, 0 - 1080, 2400) epz=Point(1080, 2400) d=0 taskParent=-1},
02-19 11:36:12.494  4449  4467 V WindowManagerShell:         {m=TO_BACK f=SHOW_WALLPAPER leash=Surface(name=Task=1)/@0x7233cf3 sb=Rect(0, 0 - 1080, 2400) eb=Rect(0, 0 - 1080, 2400) epz=Point(1080, 2400) d=0 taskParent=-1},
02-19 11:36:12.494  4449  4467 V WindowManagerShell:         {m=TO_BACK f=IS_WALLPAPER leash=Surface(name=WallpaperWindowToken{35e0c0f showWhenLocked=false})/@0xd852db0 sb=Rect(0, 0 - 1080, 2400) eb=Rect(0, 0 - 1080, 2400) epz=Point(1080, 2400) d=0}
02-19 11:36:12.494  4449  4467 V WindowManagerShell:     ]}
02-19 11:36:12.498  4449  4467 V WindowManagerShell: Transition (#191) android.os.BinderProxy@7f987f1@0 ready while (#190) android.os.BinderProxy@729f387@0 is still animating. Notify the animating transition in case they can be merged
02-19 11:36:12.499  4449  4467 V WindowManagerShell:    Merge into remote: RemoteTransition { remoteTransition = android.window.IRemoteTransition$Stub$Proxy@a8eae27, appThread = android.app.IApplicationThread$Stub$Proxy@fa38d4, debugName = QuickstepLaunchHome }
02-19 11:36:12.501  4449  4467 V WindowManagerShell: Transition animation finished (aborted=false), notifying core (#190) android.os.BinderProxy@729f387@0
02-19 11:36:12.505  4449  4467 V WindowManagerShell: Playing animation for (#191) android.os.BinderProxy@7f987f1@0
02-19 11:36:12.508  4449  4467 V ShellRecents: RecentsTransitionHandler.startAnimation: no controller found
02-19 11:36:12.509  4449  4467 V WindowManagerShell: Transition doesn't have explicit remote, search filters for match for {id=191 t=OPEN f=0x0 trk=0 r=[0@Point(0, 0)] c=[{m=TO_FRONT f=MOVE_TO_TOP leash=Surface(name=Task=46)/@0xbecc362 sb=Rect(0, 0 - 1080, 2400) eb=Rect(0, 0 - 1080, 2400) epz=Point(1080, 2400) d=0 taskParent=-1},{m=TO_BACK f=SHOW_WALLPAPER leash=Surface(name=Task=1)/@0x7233cf3 sb=Rect(0, 0 - 1080, 2400) eb=Rect(0, 0 - 1080, 2400) epz=Point(1080, 2400) d=0 taskParent=-1},{m=TO_BACK f=IS_WALLPAPER leash=Surface(name=WallpaperWindowToken{35e0c0f showWhenLocked=false})/@0xd852db0 sb=Rect(0, 0 - 1080, 2400) eb=Rect(0, 0 - 1080, 2400) epz=Point(1080, 2400) d=0}]}
02-19 11:36:12.509  4449  4467 V WindowManagerShell:  Checking filter Pair{{types=[] flags=0x0] notFlags=0x0 checks=[{atype=undefined independent=true modes=[CLOSE,TO_BACK] flags=IN_TASK_WITH_EMBEDDED_ACTIVITY mustBeTask=false order=ANY topActivity=null launchCookie=null taskFragmentToken=android.os.BinderProxy@188d51a windowingMode=undefined}]} RemoteTransition { remoteTransition = android.window.IRemoteTransition$Stub$Proxy@44cd84b, appThread = android.app.IApplicationThread$Stub$Proxy@3a12228, debugName = overlayBackTransition }}
02-19 11:36:12.509  4449  4467 V WindowManagerShell:  Checking filter Pair{{types=[] flags=0x0] notFlags=0x0 checks=[{atype=dream independent=true modes=[OPEN,TO_FRONT] flags=NONE mustBeTask=false order=ANY topActivity=null launchCookie=null windowingMode=undefined},{atype=home independent=true modes=[CLOSE,TO_BACK] flags=NONE mustBeTask=false order=ANY topActivity=null launchCookie=null windowingMode=undefined}]} RemoteTransition { remoteTransition = android.window.IRemoteTransition$Stub$Proxy@6f3eb41, appThread = android.app.IApplicationThread$Stub$Proxy@ccf28e6, debugName = LauncherToDream }}
02-19 11:36:12.509  4449  4467 V WindowManagerShell:  Checking filter Pair{{types=[] flags=0x0] notFlags=0x100 checks=[{atype=home independent=true modes=[OPEN,TO_FRONT] flags=NONE mustBeTask=false order=TOP topActivity=ComponentInfo{com.google.android.apps.nexuslauncher/com.google.android.apps.nexuslauncher.NexusLauncherActivity} launchCookie=null windowingMode=undefined},{atype=standard independent=true modes=[CLOSE,TO_BACK] flags=NONE mustBeTask=false order=ANY topActivity=null launchCookie=null windowingMode=undefined},{NOT atype=undefined independent=true modes=[] flags=NONE mustBeTask=true order=ANY topActivity=null launchCookie=null customAnim=true windowingMode=undefined}]} RemoteTransition { remoteTransition = android.window.IRemoteTransition$Stub$Proxy@a8eae27, appThread = android.app.IApplicationThread$Stub$Proxy@fa38d4, debugName = QuickstepLaunchHome }}
02-19 11:36:12.509  4449  4467 V WindowManagerShell:  Delegate animation for (#191) to null
02-19 11:36:12.509  4449  4467 V WindowManagerShell: start default transition animation, info = {id=191 t=OPEN f=0x0 trk=0 r=[0@Point(0, 0)] c=[{m=TO_FRONT f=MOVE_TO_TOP leash=Surface(name=Task=46)/@0xbecc362 sb=Rect(0, 0 - 1080, 2400) eb=Rect(0, 0 - 1080, 2400) epz=Point(1080, 2400) d=0 taskParent=-1},{m=TO_BACK f=SHOW_WALLPAPER leash=Surface(name=Task=1)/@0x7233cf3 sb=Rect(0, 0 - 1080, 2400) eb=Rect(0, 0 - 1080, 2400) epz=Point(1080, 2400) d=0 taskParent=-1},{m=TO_BACK f=IS_WALLPAPER leash=Surface(name=WallpaperWindowToken{35e0c0f showWhenLocked=false})/@0xd852db0 sb=Rect(0, 0 - 1080, 2400) eb=Rect(0, 0 - 1080, 2400) epz=Point(1080, 2400) d=0}]}
02-19 11:36:12.514   752   794 V WindowManager: Sent Transition (#191) createdAt=02-19 11:36:12.271 via request=TransitionRequestInfo { type = OPEN, triggerTask = TaskInfo{userId=0 taskId=46 effectiveUid=10217 displayId=0 isRunning=true baseIntent=Intent { act=android.intent.action.VIEW dat=intoss://takealook/... flg=0x10000000 cmp=viva.republica.toss.test/im.toss.rn.granite.core.GraniteActivity } baseActivity=ComponentInfo{viva.republica.toss.test/im.toss.rn.granite.core.GraniteActivity} topActivity=ComponentInfo{viva.republica.toss.test/im.toss.rn.granite.core.GraniteActivity} origActivity=null realActivity=ComponentInfo{viva.republica.toss.test/im.toss.rn.granite.core.GraniteActivity} numActivities=2 lastActiveTime=80044577 supportsMultiWindow=true resizeMode=1 isResizeable=true minWidth=-1 minHeight=-1 defaultMinSize=220 token=WCT{RemoteToken{a585dcd Task{7745c88 #46 type=standard A=10217:viva.republica.toss.test}}} topActivityType=1 pictureInPictureParams=null shouldDockBigOverlays=false launchIntoPipHostTaskId=-1 lastParentTaskIdBeforePip=-1 displayCutoutSafeInsets=Rect(0, 0 - 0, 0) topActivityInfo=ActivityInfo{e56097f im.toss.rn.granite.core.GraniteActivity} launchCookies=[] positionInParent=Point(0, 0) parentTaskId=-1 isFocused=false isVisible=true isVisibleRequested=false isTopActivityNoDisplay=false isSleeping=false locusId=null displayAreaFeatureId=1 isTopActivityTransparent=false isActivityStackTransparent=false lastNonFullscreenBounds=Rect(284, 660 - 796, 1740) capturedLink=null capturedLinkTimestamp=0 requestedVisibleTypes=-9 topActivityRequestOpenInBrowserEducationTimestamp=0 appCompatTaskInfo=AppCompatTaskInfo { topActivityInSizeCompat=false eligibleForLetterboxEducation= false isLetterboxEducationEnabled= true isLetterboxDoubleTapEnabled= false eligibleForUserAspectRatioButton= false topActivityBoundsLetterboxed= false isFromLetterboxDoubleTap= false topActivityLetterboxVerticalPosition= -1 topActivityLetterboxHorizontalPosition= -1 topActivityLetterboxWidth=-1 topActivityLetterboxHeight=-1 topActivityAppBounds=Rect(0, 0 - 1080, 2400) isUserFullscreenOverrideEnabled=false isSystemFullscreenOverrideEnabled=false hasMinAspectRatioOverride=false topActivityLetterboxBounds=null cameraCompatTaskInfo=CameraCompatTaskInfo { freeformCameraCompatMode=inactive}} topActivityMainWindowFrame=null}, pipChange = null, remoteTransition = null, displayChange = null, flags = 0, debugId = 191 }
02-19 11:36:12.514   752   794 V WindowManager:     startWCT=WindowContainerTransaction { changes= {} hops= [] errorCallbackToken=null taskFragmentOrganizer=null }
02-19 11:36:12.514   752   794 V WindowManager:     info={id=191 t=OPEN f=0x0 trk=0 r=[0@Point(0, 0)] c=[
02-19 11:36:12.514   752   794 V WindowManager:         {WCT{RemoteToken{a585dcd Task{7745c88 #46 type=standard A=10217:viva.republica.toss.test}}} m=TO_FRONT f=MOVE_TO_TOP leash=Surface(name=Task=46)/@0xe2d6cf7 sb=Rect(0, 0 - 1080, 2400) eb=Rect(0, 0 - 1080, 2400) epz=Point(1080, 2400) d=0 taskParent=-1},
02-19 11:36:12.514   752   794 V WindowManager:         {WCT{RemoteToken{5218fe8 Task{dd43522 #1 type=home}}} m=TO_BACK f=SHOW_WALLPAPER leash=Surface(name=Task=1)/@0x8ddbd2e sb=Rect(0, 0 - 1080, 2400) eb=Rect(0, 0 - 1080, 2400) epz=Point(1080, 2400) d=0 taskParent=-1},
02-19 11:36:12.514   752   794 V WindowManager:         {m=TO_BACK f=IS_WALLPAPER leash=Surface(name=WallpaperWindowToken{35e0c0f showWhenLocked=false})/@0x512f5be sb=Rect(0, 0 - 1080, 2400) eb=Rect(0, 0 - 1080, 2400) epz=Point(1080, 2400) d=0}
02-19 11:36:12.514   752   794 V WindowManager:     ]}
02-19 11:36:12.520 24035 26158 W unknown:ReconnectingWebSocket: Couldn't connect to "ws://10.0.2.2:8081/message?device=sdk_gphone64_x86_64%20-%2016%20-%20API%2036&app=viva.republica.toss.test&clientid=BridgeDevSupportManager", will silently retry
02-19 11:36:12.515   752   794 V WindowManager: Finish Transition (#190): created at 02-19 11:36:10.728 collect-started=0.033ms request-sent=6.059ms started=8.872ms ready=1475.853ms sent=1483.633ms commit=68.162ms finished=1774.793ms
02-19 11:36:12.524   752   989 I ImeTracker: viva.republica.toss.test:cf6820bd: onRequestHide at ORIGIN_SERVER reason HIDE_SAME_WINDOW_FOCUSED_WITHOUT_EDITOR fromUser false
02-19 11:36:12.545  1563  1563 I GoogleInputMethodService: GoogleInputMethodService.onFinishInput():2043 
02-19 11:36:12.554  1563  1563 I Module  : DeviceLockedStatusModuleProvider$Module.updateDeviceLockedStatus():100 repeatCheckTimes = 0, locked = false
02-19 11:36:12.555  1563  1563 I GoogleInputMethodService: GoogleInputMethodService.onStartInput():1293 onStartInput(EditorInfo{EditorInfo{packageName=viva.republica.toss.test, inputType=0, inputTypeString=NULL, enableLearning=false, autoCorrection=false, autoComplete=false, imeOptions=0, privateImeOptions=null, actionName=UNSPECIFIED, actionLabel=null, initialSelStart=-1, initialSelEnd=-1, initialCapsMode=0, label=null, fieldId=0, fieldName=null, extras=null, hintText=null, hintLocales=[]}}, false)
02-19 11:36:12.563  1563  1563 I Module  : DeviceLockedStatusModuleProvider$Module.updateDeviceLockedStatus():100 repeatCheckTimes = 1, locked = false
02-19 11:36:12.564  1563  1563 I EmojiCompatManager: EmojiCompatManager.getEmojiCompatIfLoaded():343 EmojiCompat.init() was never called.
02-19 11:36:12.564  1563  1563 I EmojiCompatManager: java.lang.IllegalStateException: EmojiCompat is not initialized. Please call EmojiCompat.init() first
02-19 11:36:12.564  1563  1563 I EmojiCompatManager: 	at asx.p(PG:6)
02-19 11:36:12.564  1563  1563 I EmojiCompatManager: 	at axb.b(PG:13)
02-19 11:36:12.564  1563  1563 I EmojiCompatManager: 	at jnr.b(PG:2)
02-19 11:36:12.564  1563  1563 I EmojiCompatManager: 	at jnr.c(PG:4)
02-19 11:36:12.564  1563  1563 I EmojiCompatManager: 	at jnr.f(PG:3)
02-19 11:36:12.564  1563  1563 I EmojiCompatManager: 	at jnx.c(PG:3)
02-19 11:36:12.564  1563  1563 I EmojiCompatManager: 	at kif.cz(PG:47)
02-19 11:36:12.564  1563  1563 I EmojiCompatManager: 	at lhl.run(PG:1025)
02-19 11:36:12.564  1563  1563 I EmojiCompatManager: 	at jaf.execute(PG:12)
02-19 11:36:12.564  1563  1563 I EmojiCompatManager: 	at nco.v(PG:13)
02-19 11:36:12.564  1563  1563 I EmojiCompatManager: 	at lhn.m(PG:96)
02-19 11:36:12.564  1563  1563 I EmojiCompatManager: 	at lhn.k(PG:25)
02-19 11:36:12.564  1563  1563 I EmojiCompatManager: 	at kgn.onStartInput(PG:250)
02-19 11:36:12.564  1563  1563 I EmojiCompatManager: 	at android.inputmethodservice.InputMethodService.doStartInput(InputMethodService.java:3521)
02-19 11:36:12.564  1563  1563 I EmojiCompatManager: 	at android.inputmethodservice.InputMethodService$InputMethodImpl.startInput(InputMethodService.java:879)
02-19 11:36:12.564  1563  1563 I EmojiCompatManager: 	at android.inputmethodservice.InputMethodService$InputMethodImpl.dispatchStartInput(InputMethodService.java:908)
02-19 11:36:12.564  1563  1563 I EmojiCompatManager: 	at android.inputmethodservice.IInputMethodWrapper.executeMessage(IInputMethodWrapper.java:201)
02-19 11:36:12.564  1563  1563 I EmojiCompatManager: 	at com.android.internal.os.HandlerCaller$MyHandler.handleMessage(HandlerCaller.java:44)
02-19 11:36:12.564  1563  1563 I EmojiCompatManager: 	at android.os.Handler.dispatchMessage(Handler.java:110)
02-19 11:36:12.564  1563  1563 I EmojiCompatManager: 	at android.os.Looper.loopOnce(Looper.java:248)
02-19 11:36:12.564  1563  1563 I EmojiCompatManager: 	at android.os.Looper.loop(Looper.java:338)
02-19 11:36:12.564  1563  1563 I EmojiCompatManager: 	at android.app.ActivityThread.main(ActivityThread.java:9067)
02-19 11:36:12.564  1563  1563 I EmojiCompatManager: 	at java.lang.reflect.Method.invoke(Native Method)
02-19 11:36:12.564  1563  1563 I EmojiCompatManager: 	at com.android.internal.os.RuntimeInit$MethodAndArgsCaller.run(RuntimeInit.java:593)
02-19 11:36:12.564  1563  1563 I EmojiCompatManager: 	at com.android.internal.os.ZygoteInit.main(ZygoteInit.java:932)
02-19 11:36:12.565 24035 24035 D InsetsController: hide(ime(), fromIme=false)
02-19 11:36:12.565 24035 24035 I ImeTracker: viva.republica.toss.test:cf6820bd: onCancelled at PHASE_CLIENT_ALREADY_HIDDEN
02-19 11:36:12.566   752  2368 W PackageConfigPersister: App-specific configuration not found for packageName: viva.republica.toss.test and userId: 0
02-19 11:36:12.573  4449  4467 V WindowManagerShell: loadAnimation: anim=android.view.animation.AnimationSet@774dc animAttr=0x13 type=OPEN isEntrance=false
02-19 11:36:12.673  4449  4467 V WindowManagerShell: loadAnimation: anim=android.view.animation.AnimationSet@587576b animAttr=0x12 type=OPEN isEntrance=true
02-19 11:36:12.674  4449  4467 V WindowManagerShell:  animated by com.android.wm.shell.transition.DefaultTransitionHandler@f74d823
02-19 11:36:12.738  4449  4458 W System  : A resource failed to call release. 
02-19 11:36:12.738  4449  4458 W System  : A resource failed to call release. 
02-19 11:36:12.738  4449  4458 W System  : A resource failed to call release. 
02-19 11:36:12.738  4449  4458 W System  : A resource failed to call HardwareBuffer.close. 
02-19 11:36:12.739  4449  4458 W System  : A resource failed to call release. 
02-19 11:36:12.739  4449  4458 W System  : A resource failed to call release. 
02-19 11:36:12.739  4449  4458 W System  : A resource failed to call release. 
02-19 11:36:12.739  4449  4458 W System  : A resource failed to call release. 
02-19 11:36:12.739  4449  4458 W System  : A resource failed to call release. 
02-19 11:36:12.739  4449  4458 W System  : A resource failed to call release. 
02-19 11:36:12.739  4449  4458 W System  : A resource failed to call release. 
02-19 11:36:12.739  4449  4458 W System  : A resource failed to call release. 
02-19 11:36:12.739  4449  4458 W System  : A resource failed to call release. 
02-19 11:36:12.739  4449  4458 W System  : A resource failed to call release. 
02-19 11:36:12.740  4449  4458 W System  : A resource failed to call release. 
02-19 11:36:12.740  4449  4458 W System  : A resource failed to call release. 
02-19 11:36:14.911   531   568 W EventThread: Faking VSYNC due to driver stall for thread app
02-19 11:36:14.913  4449  4472 I Choreographer: Skipped 134 frames!  The application may be doing too much work on its main thread.
02-19 11:36:14.918 24035 24035 I Choreographer: Skipped 134 frames!  The application may be doing too much work on its main thread.
02-19 11:36:14.946  1341  1341 I Choreographer: Skipped 137 frames!  The application may be doing too much work on its main thread.
02-19 11:36:14.953  1341  1341 D ScalingWorkspaceRevealAnim: alpha of workspace at the end of animation: 1.0
02-19 11:36:14.957  1341  1433 I HWUI    : Davey! duration=2306ms; Flags=0, FrameTimelineVsyncId=1061232, IntendedVsync=80046472404998, Vsync=80046489071664, InputEventId=0, HandleInputStart=80046490594735, AnimationStart=80046490595121, PerformTraversalsStart=80046492217421, DrawStart=80046492384800, FrameDeadline=80046539071662, FrameStartTime=80046490592716, FrameInterval=16666666, WorkloadTarget=16666666, SyncQueued=80046492975543, SyncStart=80046505783045, IssueDrawCommandsStart=80046508254021, SwapBuffers=80046509905679, FrameCompleted=80048791679756, DequeueBufferDuration=2279626977, QueueBufferDuration=1100972, GpuCompleted=80048787568573, SwapBuffersCompleted=80048791679756, DisplayPresentTime=0, CommandSubmissionCompleted=80046509905679, 
02-19 11:36:15.000   752   989 I ImeTracker: viva.republica.toss.test:fc1e11d0: onRequestHide at ORIGIN_SERVER reason HIDE_SAME_WINDOW_FOCUSED_WITHOUT_EDITOR fromUser false
02-19 11:36:15.002 24035 24035 D InsetsController: hide(ime(), fromIme=false)
02-19 11:36:15.003 24035 24035 I ImeTracker: viva.republica.toss.test:fc1e11d0: onCancelled at PHASE_CLIENT_ALREADY_HIDDEN
02-19 11:36:15.003  1563  1563 I GoogleInputMethodService: GoogleInputMethodService.onFinishInput():2043 
02-19 11:36:15.004  1563  1563 I Module  : DeviceLockedStatusModuleProvider$Module.updateDeviceLockedStatus():100 repeatCheckTimes = 0, locked = false
02-19 11:36:15.004  1563  1563 I GoogleInputMethodService: GoogleInputMethodService.onStartInput():1293 onStartInput(EditorInfo{EditorInfo{packageName=viva.republica.toss.test, inputType=0, inputTypeString=NULL, enableLearning=false, autoCorrection=false, autoComplete=false, imeOptions=0, privateImeOptions=null, actionName=UNSPECIFIED, actionLabel=null, initialSelStart=-1, initialSelEnd=-1, initialCapsMode=0, label=null, fieldId=0, fieldName=null, extras=null, hintText=null, hintLocales=[]}}, false)
02-19 11:36:15.005  1563  1563 I Module  : DeviceLockedStatusModuleProvider$Module.updateDeviceLockedStatus():100 repeatCheckTimes = 1, locked = false
02-19 11:36:15.005  1563  1563 I EmojiCompatManager: EmojiCompatManager.getEmojiCompatIfLoaded():343 EmojiCompat.init() was never called.
02-19 11:36:15.005  1563  1563 I EmojiCompatManager: java.lang.IllegalStateException: EmojiCompat is not initialized. Please call EmojiCompat.init() first
02-19 11:36:15.005  1563  1563 I EmojiCompatManager: 	at asx.p(PG:6)
02-19 11:36:15.005  1563  1563 I EmojiCompatManager: 	at axb.b(PG:13)
02-19 11:36:15.005  1563  1563 I EmojiCompatManager: 	at jnr.b(PG:2)
02-19 11:36:15.005  1563  1563 I EmojiCompatManager: 	at jnr.c(PG:4)
02-19 11:36:15.005  1563  1563 I EmojiCompatManager: 	at jnr.f(PG:3)
02-19 11:36:15.005  1563  1563 I EmojiCompatManager: 	at jnx.c(PG:3)
02-19 11:36:15.005  1563  1563 I EmojiCompatManager: 	at kif.cz(PG:47)
02-19 11:36:15.005  1563  1563 I EmojiCompatManager: 	at lhl.run(PG:1025)
02-19 11:36:15.005  1563  1563 I EmojiCompatManager: 	at jaf.execute(PG:12)
02-19 11:36:15.005  1563  1563 I EmojiCompatManager: 	at nco.v(PG:13)
02-19 11:36:15.005  1563  1563 I EmojiCompatManager: 	at lhn.m(PG:96)
02-19 11:36:15.005  1563  1563 I EmojiCompatManager: 	at lhn.k(PG:25)
02-19 11:36:15.005  1563  1563 I EmojiCompatManager: 	at kgn.onStartInput(PG:250)
02-19 11:36:15.005  1563  1563 I EmojiCompatManager: 	at android.inputmethodservice.InputMethodService.doStartInput(InputMethodService.java:3521)
02-19 11:36:15.005  1563  1563 I EmojiCompatManager: 	at android.inputmethodservice.InputMethodService$InputMethodImpl.startInput(InputMethodService.java:879)
02-19 11:36:15.005  1563  1563 I EmojiCompatManager: 	at android.inputmethodservice.InputMethodService$InputMethodImpl.dispatchStartInput(InputMethodService.java:908)
02-19 11:36:15.005  1563  1563 I EmojiCompatManager: 	at android.inputmethodservice.IInputMethodWrapper.executeMessage(IInputMethodWrapper.java:201)
02-19 11:36:15.005  1563  1563 I EmojiCompatManager: 	at com.android.internal.os.HandlerCaller$MyHandler.handleMessage(HandlerCaller.java:44)
02-19 11:36:15.005  1563  1563 I EmojiCompatManager: 	at android.os.Handler.dispatchMessage(Handler.java:110)
02-19 11:36:15.005  1563  1563 I EmojiCompatManager: 	at android.os.Looper.loopOnce(Looper.java:248)
02-19 11:36:15.005  1563  1563 I EmojiCompatManager: 	at android.os.Looper.loop(Looper.java:338)
02-19 11:36:15.005  1563  1563 I EmojiCompatManager: 	at android.app.ActivityThread.main(ActivityThread.java:9067)
02-19 11:36:15.005  1563  1563 I EmojiCompatManager: 	at java.lang.reflect.Method.invoke(Native Method)
02-19 11:36:15.005  1563  1563 I EmojiCompatManager: 	at com.android.internal.os.RuntimeInit$MethodAndArgsCaller.run(RuntimeInit.java:593)
02-19 11:36:15.005  1563  1563 I EmojiCompatManager: 	at com.android.internal.os.ZygoteInit.main(ZygoteInit.java:932)
02-19 11:36:15.006   752  1233 W PackageConfigPersister: App-specific configuration not found for packageName: viva.republica.toss.test and userId: 0
02-19 11:36:15.007 26159 26159 W dumpsys : Thread Pool max thread count is 0. Cannot cache binder as linkToDeath cannot be implemented. serviceName: window
02-19 11:36:15.040  1341  1433 I HWUI    : Davey! duration=2365ms; Flags=0, FrameTimelineVsyncId=1061276, IntendedVsync=80046505738330, Vsync=80048789071572, InputEventId=0, HandleInputStart=80048793517721, AnimationStart=80048793519831, PerformTraversalsStart=80048805000852, DrawStart=80048805161786, FrameDeadline=80048855738236, FrameStartTime=80048792680952, FrameInterval=16666666, WorkloadTarget=16666666, SyncQueued=80048811222854, SyncStart=80048815964429, IssueDrawCommandsStart=80048820213709, SwapBuffers=80048823885683, FrameCompleted=80048876390829, DequeueBufferDuration=27843742, QueueBufferDuration=1224746, GpuCompleted=80048876390829, SwapBuffersCompleted=80048866929263, DisplayPresentTime=0, CommandSubmissionCompleted=80048823885683, 
02-19 11:36:15.272  4449  4467 V WindowManagerShell: Transition animation finished (aborted=false), notifying core (#191) android.os.BinderProxy@7f987f1@0
02-19 11:36:15.281   752   794 V WindowManager: Finish Transition (#191): created at 02-19 11:36:12.271 collect-started=0.059ms request-sent=30.094ms started=35.477ms ready=215.488ms sent=218.781ms commit=2441.551ms finished=3003.829ms
02-19 11:36:15.282  1341  1341 D VRI[NexusLauncherActivity]: visibilityChanged oldVisibility=true newVisibility=false
02-19 11:36:15.285  1341  1341 D NexusLauncherModelDelegate: notifySmartspaceEvent: SmartspaceTargetEvent{mSmartspaceTarget=null, mSmartspaceActionId='null', mEventType=7}
02-19 11:36:15.288  4449  4467 V WindowManagerShell: Track 0 became idle
02-19 11:36:15.289  4449  4467 V WindowManagerShell: All active transition animations finished
02-19 11:36:15.332   752  1856 E TaskPersister: File error accessing recents directory (directory doesn't exist?).
02-19 11:36:15.342  1341  1341 D BaseDepthController: setSurface:
02-19 11:36:15.342  1341  1341 D BaseDepthController: 	mWaitingOnSurfaceValidity: false
02-19 11:36:15.342  1341  1341 D BaseDepthController: 	mBaseSurface: null
02-19 11:36:15.342  1341  1341 D BaseDepthController: mSurface is null and mCurrentBlur is: 0
02-19 11:36:15.343  1341  1341 D StateManager: goToState - fromState: Normal, toState: Normal, partial trace:
02-19 11:36:15.343  1341  1341 D StateManager: 	at com.android.launcher3.statemanager.StateManager.moveToRestState(go/retraceme 72a59688580715d19f0e415c69e80376c2f062d1648c80db6730905005a27c20:4)
02-19 11:36:15.343  1341  1341 D StateManager: 	at com.android.launcher3.statemanager.StateManager.moveToRestState(go/retraceme 72a59688580715d19f0e415c69e80376c2f062d1648c80db6730905005a27c20:1)
02-19 11:36:15.343  1341  1341 D StateManager: 	at com.android.launcher3.statemanager.StatefulActivity.onStop(go/retraceme 72a59688580715d19f0e415c69e80376c2f062d1648c80db6730905005a27c20:34)
02-19 11:36:15.343  1341  1341 D StatsLog: LAUNCHER_ONSTOP
02-19 11:36:15.344  1341  1341 D StatsLog: LAUNCHER_GOOGLE_SEARCH_RESTORE_LIST_SIZE_AFTER_ACTIVITY_RESTART
