--------- beginning of system
02-19 13:32:12.064  4449  4467 D WindowManagerShell: setLauncherKeepClearAreaHeight: visible=false, height=527
02-19 13:32:12.087   752   794 W Looper  : Drained
02-19 13:32:12.482   752   794 V WindowManager: Finish Transition (#416): created at 02-19 13:32:06.808 collect-started=4.345ms request-sent=107.035ms started=225.4ms ready=630.031ms sent=1672.717ms commit=423.759ms finished=5248.182ms
02-19 13:32:12.483   752   794 W Looper  : Slow dispatch took 395ms android.fg app=system_server main=false group=FOREGROUND h=android.os.Handler c=com.android.server.wm.Transition$$ExternalSyntheticLambda5@db19388 m=0
--------- beginning of main
02-19 13:32:12.688   617   617 I Choreographer: Skipped 37 frames!  The application may be doing too much work on its main thread.
02-19 13:32:12.699  1563  1563 I GoogleInputMethodService: GoogleInputMethodService.onStartInput():1293 onStartInput(EditorInfo{EditorInfo{packageName=com.google.android.apps.nexuslauncher, inputType=0, inputTypeString=NULL, enableLearning=false, autoCorrection=false, autoComplete=false, imeOptions=0, privateImeOptions=null, actionName=UNSPECIFIED, actionLabel=null, initialSelStart=-1, initialSelEnd=-1, initialCapsMode=0, label=null, fieldId=0, fieldName=null, extras=null, hintText=null, hintLocales=[]}}, false)
02-19 13:32:12.731  1563  1563 I Module  : DeviceLockedStatusModuleProvider$Module.updateDeviceLockedStatus():100 repeatCheckTimes = 1, locked = false
02-19 13:32:12.959   752   794 V WindowManager: Sent Transition (#417) createdAt=02-19 13:32:11.605 via request=TransitionRequestInfo { type = OPEN, triggerTask = TaskInfo{userId=0 taskId=56 effectiveUid=10217 displayId=0 isRunning=true baseIntent=Intent { act=android.intent.action.VIEW dat=intoss://takealook/... flg=0x10000000 pkg=viva.republica.toss.test cmp=viva.republica.toss.test/.MiniAppSchemeActivity } baseActivity=ComponentInfo{viva.republica.toss.test/im.toss.rn.granite.core.GraniteActivity} topActivity=ComponentInfo{viva.republica.toss.test/im.toss.rn.granite.core.GraniteActivity} origActivity=null realActivity=ComponentInfo{viva.republica.toss.test/viva.republica.toss.test.MiniAppSchemeActivity} numActivities=10 lastActiveTime=87000711 supportsMultiWindow=true resizeMode=1 isResizeable=true minWidth=-1 minHeight=-1 defaultMinSize=220 token=WCT{RemoteToken{29715c6 Task{fa7be33 #56 type=standard A=10217:viva.republica.toss.test}}} topActivityType=1 pictureInPictureParams=null shouldDockBigOverlays=false launchIntoPipHostTaskId=-1 lastParentTaskIdBeforePip=-1 displayCutoutSafeInsets=Rect(0, 0 - 0, 0) topActivityInfo=ActivityInfo{6cd98b4 im.toss.rn.granite.core.GraniteActivity} launchCookies=[] positionInParent=Point(0, 0) parentTaskId=-1 isFocused=false isVisible=true isVisibleRequested=false isTopActivityNoDisplay=false isSleeping=false locusId=null displayAreaFeatureId=1 isTopActivityTransparent=false isActivityStackTransparent=false lastNonFullscreenBounds=Rect(284, 660 - 796, 1740) capturedLink=null capturedLinkTimestamp=0 requestedVisibleTypes=-9 topActivityRequestOpenInBrowserEducationTimestamp=0 appCompatTaskInfo=AppCompatTaskInfo { topActivityInSizeCompat=false eligibleForLetterboxEducation= false isLetterboxEducationEnabled= true isLetterboxDoubleTapEnabled= false eligibleForUserAspectRatioButton= false topActivityBoundsLetterboxed= false isFromLetterboxDoubleTap= false topActivityLetterboxVerticalPosition= -1 topActivityLetterboxHorizontalPosition= -1 topActivityLetterboxWidth=-1 topActivityLetterboxHeight=-1 topActivityAppBounds=Rect(0, 0 - 1080, 2400) isUserFullscreenOverrideEnabled=false isSystemFullscreenOverrideEnabled=false hasMinAspectRatioOverride=false topActivityLetterboxBounds=null cameraCompatTaskInfo=CameraCompatTaskInfo { freeformCameraCompatMode=inactive}} topActivityMainWindowFrame=null}, pipChange = null, remoteTransition = null, displayChange = null, flags = 0, debugId = 417 }
02-19 13:32:12.959   752   794 V WindowManager:     startWCT=WindowContainerTransaction { changes= {} hops= [] errorCallbackToken=null taskFragmentOrganizer=null }
02-19 13:32:12.959   752   794 V WindowManager:     info={id=417 t=OPEN f=0x0 trk=1 r=[0@Point(0, 0)] c=[
02-19 13:32:12.959   752   794 V WindowManager:         {WCT{RemoteToken{29715c6 Task{fa7be33 #56 type=standard A=10217:viva.republica.toss.test}}} m=TO_FRONT f=MOVE_TO_TOP leash=Surface(name=Task=56)/@0xf76b753 sb=Rect(0, 0 - 1080, 2400) eb=Rect(0, 0 - 1080, 2400) epz=Point(1080, 2400) d=0 taskParent=-1},
02-19 13:32:12.959   752   794 V WindowManager:         {WCT{RemoteToken{5218fe8 Task{dd43522 #1 type=home}}} m=TO_BACK f=SHOW_WALLPAPER leash=Surface(name=Task=1)/@0x8ddbd2e sb=Rect(0, 0 - 1080, 2400) eb=Rect(0, 0 - 1080, 2400) epz=Point(1080, 2400) d=0 taskParent=-1},
02-19 13:32:12.959   752   794 V WindowManager:         {m=TO_BACK f=IS_WALLPAPER leash=Surface(name=WallpaperWindowToken{35e0c0f showWhenLocked=false})/@0x512f5be sb=Rect(0, 0 - 1080, 2400) eb=Rect(0, 0 - 1080, 2400) epz=Point(1080, 2400) d=0}
02-19 13:32:12.959   752   794 V WindowManager:     ]}
02-19 13:32:12.966  4449 22842 V WindowManagerShell: onTransitionReady(transaction=3229815418945)
02-19 13:32:12.967  4449  4467 V WindowManagerShell: onTransitionReady (#417) android.os.BinderProxy@c888d9b: {id=417 t=OPEN f=0x0 trk=1 r=[0@Point(0, 0)] c=[
02-19 13:32:12.967  4449  4467 V WindowManagerShell:         {m=TO_FRONT f=MOVE_TO_TOP leash=Surface(name=Task=56)/@0x3d1a76 sb=Rect(0, 0 - 1080, 2400) eb=Rect(0, 0 - 1080, 2400) epz=Point(1080, 2400) d=0 taskParent=-1},
02-19 13:32:12.967  4449  4467 V WindowManagerShell:         {m=TO_BACK f=SHOW_WALLPAPER leash=Surface(name=Task=1)/@0x5586877 sb=Rect(0, 0 - 1080, 2400) eb=Rect(0, 0 - 1080, 2400) epz=Point(1080, 2400) d=0 taskParent=-1},
02-19 13:32:12.967  4449  4467 V WindowManagerShell:         {m=TO_BACK f=IS_WALLPAPER leash=Surface(name=WallpaperWindowToken{35e0c0f showWhenLocked=false})/@0x982ece4 sb=Rect(0, 0 - 1080, 2400) eb=Rect(0, 0 - 1080, 2400) epz=Point(1080, 2400) d=0}
02-19 13:32:12.967  4449  4467 V WindowManagerShell:     ]}
02-19 13:32:12.987  4449  4467 V WindowManagerShell: Playing animation for (#417) android.os.BinderProxy@c888d9b@1
02-19 13:32:12.990  2736  2750 I artd    : GetBestInfo: odex next to the dex file (/data/app/~~O-UZzK0jUU9NLgS3MODOZA==/com.google.android.gms-YQ2L6GsYyKuvu9MvIBK1EQ==/oat/x86_64/base.odex) is kOatUpToDate with filter 'speed-profile' executable 'false'
02-19 13:32:12.991  4449  4467 V ShellRecents: RecentsTransitionHandler.startAnimation: no controller found
02-19 13:32:12.991  4449  4467 V WindowManagerShell: Transition doesn't have explicit remote, search filters for match for {id=417 t=OPEN f=0x0 trk=1 r=[0@Point(0, 0)] c=[{m=TO_FRONT f=MOVE_TO_TOP leash=Surface(name=Task=56)/@0x3d1a76 sb=Rect(0, 0 - 1080, 2400) eb=Rect(0, 0 - 1080, 2400) epz=Point(1080, 2400) d=0 taskParent=-1},{m=TO_BACK f=SHOW_WALLPAPER leash=Surface(name=Task=1)/@0x5586877 sb=Rect(0, 0 - 1080, 2400) eb=Rect(0, 0 - 1080, 2400) epz=Point(1080, 2400) d=0 taskParent=-1},{m=TO_BACK f=IS_WALLPAPER leash=Surface(name=WallpaperWindowToken{35e0c0f showWhenLocked=false})/@0x982ece4 sb=Rect(0, 0 - 1080, 2400) eb=Rect(0, 0 - 1080, 2400) epz=Point(1080, 2400) d=0}]}
02-19 13:32:12.999  4449  4467 V WindowManagerShell:  Checking filter Pair{{types=[] flags=0x0] notFlags=0x0 checks=[{atype=undefined independent=true modes=[CLOSE,TO_BACK] flags=IN_TASK_WITH_EMBEDDED_ACTIVITY mustBeTask=false order=ANY topActivity=null launchCookie=null taskFragmentToken=android.os.BinderProxy@268473d windowingMode=undefined}]} RemoteTransition { remoteTransition = android.window.IRemoteTransition$Stub$Proxy@2491b32, appThread = android.app.IApplicationThread$Stub$Proxy@a160083, debugName = overlayBackTransition }}
02-19 13:32:12.999  4449  4467 V WindowManagerShell:  Checking filter Pair{{types=[] flags=0x0] notFlags=0x0 checks=[{atype=dream independent=true modes=[OPEN,TO_FRONT] flags=NONE mustBeTask=false order=ANY topActivity=null launchCookie=null windowingMode=undefined},{atype=home independent=true modes=[CLOSE,TO_BACK] flags=NONE mustBeTask=false order=ANY topActivity=null launchCookie=null windowingMode=undefined}]} RemoteTransition { remoteTransition = android.window.IRemoteTransition$Stub$Proxy@7d85200, appThread = android.app.IApplicationThread$Stub$Proxy@c171a39, debugName = LauncherToDream }}
02-19 13:32:12.999  4449  4467 V WindowManagerShell:  Checking filter Pair{{types=[] flags=0x0] notFlags=0x100 checks=[{atype=home independent=true modes=[OPEN,TO_FRONT] flags=NONE mustBeTask=false order=TOP topActivity=ComponentInfo{com.google.android.apps.nexuslauncher/com.google.android.apps.nexuslauncher.NexusLauncherActivity} launchCookie=null windowingMode=undefined},{atype=standard independent=true modes=[CLOSE,TO_BACK] flags=NONE mustBeTask=false order=ANY topActivity=null launchCookie=null windowingMode=undefined},{NOT atype=undefined independent=true modes=[] flags=NONE mustBeTask=true order=ANY topActivity=null launchCookie=null customAnim=true windowingMode=undefined}]} RemoteTransition { remoteTransition = android.window.IRemoteTransition$Stub$Proxy@e9b87e, appThread = android.app.IApplicationThread$Stub$Proxy@92e21df, debugName = QuickstepLaunchHome }}
02-19 13:32:12.999  4449  4467 V WindowManagerShell:  Checking filter Pair{{types=[] flags=0x0] notFlags=0x0 checks=[{atype=undefined independent=true modes=[CLOSE,TO_BACK] flags=IN_TASK_WITH_EMBEDDED_ACTIVITY mustBeTask=false order=ANY topActivity=null launchCookie=null taskFragmentToken=android.os.BinderProxy@268473d windowingMode=undefined}]} RemoteTransition { remoteTransition = android.window.IRemoteTransition$Stub$Proxy@2767ac7, appThread = android.app.IApplicationThread$Stub$Proxy@2c518f4, debugName = overlayBackTransition }}
02-19 13:32:13.000  4449  4467 V WindowManagerShell:  Checking filter Pair{{types=[] flags=0x0] notFlags=0x0 checks=[{atype=dream independent=true modes=[OPEN,TO_FRONT] flags=NONE mustBeTask=false order=ANY topActivity=null launchCookie=null windowingMode=undefined},{atype=home independent=true modes=[CLOSE,TO_BACK] flags=NONE mustBeTask=false order=ANY topActivity=null launchCookie=null windowingMode=undefined}]} RemoteTransition { remoteTransition = android.window.IRemoteTransition$Stub$Proxy@c3e281d, appThread = android.app.IApplicationThread$Stub$Proxy@a1e1a92, debugName = LauncherToDream }}
02-19 13:32:13.000  4449  4467 V WindowManagerShell:  Checking filter Pair{{types=[] flags=0x0] notFlags=0x100 checks=[{atype=home independent=true modes=[OPEN,TO_FRONT] flags=NONE mustBeTask=false order=TOP topActivity=ComponentInfo{com.google.android.apps.nexuslauncher/com.google.android.apps.nexuslauncher.NexusLauncherActivity} launchCookie=null windowingMode=undefined},{atype=standard independent=true modes=[CLOSE,TO_BACK] flags=NONE mustBeTask=false order=ANY topActivity=null launchCookie=null windowingMode=undefined},{NOT atype=undefined independent=true modes=[] flags=NONE mustBeTask=true order=ANY topActivity=null launchCookie=null customAnim=true windowingMode=undefined}]} RemoteTransition { remoteTransition = android.window.IRemoteTransition$Stub$Proxy@9d5fc63, appThread = android.app.IApplicationThread$Stub$Proxy@a94d060, debugName = QuickstepLaunchHome }}
02-19 13:32:13.000  4449  4467 V WindowManagerShell:  Delegate animation for (#417) to null
02-19 13:32:13.000  4449  4467 V WindowManagerShell: start default transition animation, info = {id=417 t=OPEN f=0x0 trk=1 r=[0@Point(0, 0)] c=[{m=TO_FRONT f=MOVE_TO_TOP leash=Surface(name=Task=56)/@0x3d1a76 sb=Rect(0, 0 - 1080, 2400) eb=Rect(0, 0 - 1080, 2400) epz=Point(1080, 2400) d=0 taskParent=-1},{m=TO_BACK f=SHOW_WALLPAPER leash=Surface(name=Task=1)/@0x5586877 sb=Rect(0, 0 - 1080, 2400) eb=Rect(0, 0 - 1080, 2400) epz=Point(1080, 2400) d=0 taskParent=-1},{m=TO_BACK f=IS_WALLPAPER leash=Surface(name=WallpaperWindowToken{35e0c0f showWhenLocked=false})/@0x982ece4 sb=Rect(0, 0 - 1080, 2400) eb=Rect(0, 0 - 1080, 2400) epz=Point(1080, 2400) d=0}]}
02-19 13:32:13.151  4449  4467 V WindowManagerShell: loadAnimation: anim=android.view.animation.AnimationSet@d586802 animAttr=0x13 type=OPEN isEntrance=false
02-19 13:32:13.152  4449  4467 V WindowManagerShell: loadAnimation: anim=android.view.animation.AnimationSet@1e11513 animAttr=0x12 type=OPEN isEntrance=true
02-19 13:32:13.160  4449  4467 V WindowManagerShell:  animated by com.android.wm.shell.transition.DefaultTransitionHandler@f74d823
02-19 13:32:13.190   617   617 W FrameTracker: Missed App frame:UNKNOWN: 3, 1397220, 262834814, CUJ=J<LAUNCHER_APP_CLOSE_TO_HOME>
02-19 13:32:13.190   617   617 W FrameTracker: Missed SF frame:UNKNOWN: 3, 1397220, 262834814, CUJ=J<LAUNCHER_APP_CLOSE_TO_HOME>
02-19 13:32:13.190   617   617 W FrameTracker: Missed App frame:UNKNOWN: 3, 1397249, 496932482, CUJ=J<LAUNCHER_APP_CLOSE_TO_HOME>
02-19 13:32:13.190   617   617 W FrameTracker: Missed SF frame:UNKNOWN: 3, 1397249, 496932482, CUJ=J<LAUNCHER_APP_CLOSE_TO_HOME>
02-19 13:32:13.190   617   617 W FrameTracker: Missed App frame:UNKNOWN: 3, 1397264, 502619621, CUJ=J<LAUNCHER_APP_CLOSE_TO_HOME>
02-19 13:32:13.190   617   617 W FrameTracker: Missed SF frame:UNKNOWN: 3, 1397264, 502619621, CUJ=J<LAUNCHER_APP_CLOSE_TO_HOME>
02-19 13:32:13.190   617   617 W FrameTracker: Missed App frame:UNKNOWN: 3, 1397293, 527201080, CUJ=J<LAUNCHER_APP_CLOSE_TO_HOME>
02-19 13:32:13.190   617   617 W FrameTracker: Missed SF frame:UNKNOWN: 3, 1397293, 527201080, CUJ=J<LAUNCHER_APP_CLOSE_TO_HOME>
02-19 13:32:13.193   617   617 W FrameTracker: Missed App frame:UNKNOWN: 3, 1397332, 609279515, CUJ=J<LAUNCHER_APP_CLOSE_TO_HOME>
02-19 13:32:13.212   617   617 W FrameTracker: Missed SF frame:UNKNOWN: 3, 1397332, 609279515, CUJ=J<LAUNCHER_APP_CLOSE_TO_HOME>
02-19 13:32:13.221  1563  1563 I EmojiCompatManager: EmojiCompatManager.getEmojiCompatIfLoaded():343 EmojiCompat.init() was never called.
02-19 13:32:13.221  1563  1563 I EmojiCompatManager: java.lang.IllegalStateException: EmojiCompat is not initialized. Please call EmojiCompat.init() first
02-19 13:32:13.221  1563  1563 I EmojiCompatManager: 	at asx.p(PG:6)
02-19 13:32:13.221  1563  1563 I EmojiCompatManager: 	at axb.b(PG:13)
02-19 13:32:13.221  1563  1563 I EmojiCompatManager: 	at jnr.b(PG:2)
02-19 13:32:13.221  1563  1563 I EmojiCompatManager: 	at jnr.c(PG:4)
02-19 13:32:13.221  1563  1563 I EmojiCompatManager: 	at jnr.f(PG:3)
02-19 13:32:13.221  1563  1563 I EmojiCompatManager: 	at jnx.c(PG:3)
02-19 13:32:13.221  1563  1563 I EmojiCompatManager: 	at kif.cz(PG:47)
02-19 13:32:13.221  1563  1563 I EmojiCompatManager: 	at lhl.run(PG:1025)
02-19 13:32:13.221  1563  1563 I EmojiCompatManager: 	at jaf.execute(PG:12)
02-19 13:32:13.221  1563  1563 I EmojiCompatManager: 	at nco.v(PG:13)
02-19 13:32:13.221  1563  1563 I EmojiCompatManager: 	at lhn.m(PG:96)
02-19 13:32:13.221  1563  1563 I EmojiCompatManager: 	at lhn.k(PG:25)
02-19 13:32:13.221  1563  1563 I EmojiCompatManager: 	at kgn.onStartInput(PG:250)
02-19 13:32:13.221  1563  1563 I EmojiCompatManager: 	at android.inputmethodservice.InputMethodService.doStartInput(InputMethodService.java:3521)
02-19 13:32:13.221  1563  1563 I EmojiCompatManager: 	at android.inputmethodservice.InputMethodService$InputMethodImpl.startInput(InputMethodService.java:879)
02-19 13:32:13.221  1563  1563 I EmojiCompatManager: 	at android.inputmethodservice.InputMethodService$InputMethodImpl.dispatchStartInput(InputMethodService.java:908)
02-19 13:32:13.221  1563  1563 I EmojiCompatManager: 	at android.inputmethodservice.IInputMethodWrapper.executeMessage(IInputMethodWrapper.java:201)
02-19 13:32:13.221  1563  1563 I EmojiCompatManager: 	at com.android.internal.os.HandlerCaller$MyHandler.handleMessage(HandlerCaller.java:44)
02-19 13:32:13.221  1563  1563 I EmojiCompatManager: 	at android.os.Handler.dispatchMessage(Handler.java:110)
02-19 13:32:13.221  1563  1563 I EmojiCompatManager: 	at android.os.Looper.loopOnce(Looper.java:248)
02-19 13:32:13.221  1563  1563 I EmojiCompatManager: 	at android.os.Looper.loop(Looper.java:338)
02-19 13:32:13.221  1563  1563 I EmojiCompatManager: 	at android.app.ActivityThread.main(ActivityThread.java:9067)
02-19 13:32:13.221  1563  1563 I EmojiCompatManager: 	at java.lang.reflect.Method.invoke(Native Method)
02-19 13:32:13.221  1563  1563 I EmojiCompatManager: 	at com.android.internal.os.RuntimeInit$MethodAndArgsCaller.run(RuntimeInit.java:593)
02-19 13:32:13.221  1563  1563 I EmojiCompatManager: 	at com.android.internal.os.ZygoteInit.main(ZygoteInit.java:932)
02-19 13:32:13.225  1563  1563 W NotificationCenter: NotificationCenter$NotificationQueue.notifyPendingNotificationsOnExecutor():877 Heavy notify work detected on UI thread: [kig->khg, kig->khc, kig->ilu, kig->ilu, kig->ilu, kig->ilu, kig->ilu, kig->ilu, kig->gkl, kig->ilu, kig->ilu, kig->fef, kig->fro, kig->lux, kig->ilu, kig->imt, kig->ilu, kig->ilu, kig->ijm, kig->ilu, kig->ilu, kig->fcb, kig->jnx] takes 494ms
02-19 13:32:13.248  2736  2750 I artd    : GetBestInfo: odex next to the dex file (/data/app/~~O-UZzK0jUU9NLgS3MODOZA==/com.google.android.gms-YQ2L6GsYyKuvu9MvIBK1EQ==/oat/x86_64/split_AdsDynamite_installtime.odex) is kOatUpToDate with filter 'speed' executable 'false'
02-19 13:32:13.269   752  1935 W PackageConfigPersister: App-specific configuration not found for packageName: com.google.android.apps.nexuslauncher and userId: 0
02-19 13:32:13.270  1563  1563 W NotificationCenter: NotificationCenter$NotificationQueue.notifyPendingNotificationsOnExecutor():877 Heavy notify work detected on UI thread: [kig->jjs] takes 44ms
02-19 13:32:13.494  4449  4467 V WindowManagerShell: Transition animation finished (aborted=false), notifying core (#417) android.os.BinderProxy@c888d9b@1
02-19 13:32:13.497   752   794 V WindowManager: Finish Transition (#417): created at 02-19 13:32:11.605 collect-started=0.494ms request-sent=33.682ms started=62.99ms ready=1114.216ms sent=1349.956ms commit=225.639ms finished=1890.614ms
02-19 13:32:13.499   617   617 D VRI[NexusLauncherActivity]: visibilityChanged oldVisibility=true newVisibility=false
02-19 13:32:13.505  4449  4467 V WindowManagerShell: Track 1 became idle
02-19 13:32:13.507  4449  4467 V WindowManagerShell: All active transition animations finished
02-19 13:32:13.516   617   617 D NexusLauncherModelDelegate: notifySmartspaceEvent: SmartspaceTargetEvent{mSmartspaceTarget=null, mSmartspaceActionId='null', mEventType=7}
02-19 13:32:13.694  2736  2750 I artd    : GetBestInfo: odex next to the dex file (/data/app/~~O-UZzK0jUU9NLgS3MODOZA==/com.google.android.gms-YQ2L6GsYyKuvu9MvIBK1EQ==/oat/x86_64/split_CronetDynamite_installtime.odex) is kOatUpToDate with filter 'speed' executable 'false'
02-19 13:32:13.746  2736  2750 I artd    : GetBestInfo: odex next to the dex file (/data/app/~~O-UZzK0jUU9NLgS3MODOZA==/com.google.android.gms-YQ2L6GsYyKuvu9MvIBK1EQ==/oat/x86_64/split_DynamiteLoader_installtime.odex) is kOatUpToDate with filter 'speed' executable 'false'
02-19 13:32:13.815  2736  2750 I artd    : GetBestInfo: odex next to the dex file (/data/app/~~O-UZzK0jUU9NLgS3MODOZA==/com.google.android.gms-YQ2L6GsYyKuvu9MvIBK1EQ==/oat/x86_64/split_DynamiteModulesA_installtime.odex) is kOatUpToDate with filter 'speed' executable 'false'
02-19 13:32:13.847   617   617 D BaseDepthController: setSurface:
02-19 13:32:13.847   617   617 D BaseDepthController: 	mWaitingOnSurfaceValidity: false
02-19 13:32:13.847   617   617 D BaseDepthController: 	mBaseSurface: null
02-19 13:32:13.848   617   617 D BaseDepthController: mSurface is null and mCurrentBlur is: 0
02-19 13:32:13.861  2736  2739 I artd    : GetBestInfo: odex next to the dex file (/data/app/~~O-UZzK0jUU9NLgS3MODOZA==/com.google.android.gms-YQ2L6GsYyKuvu9MvIBK1EQ==/oat/x86_64/split_DynamiteModulesC_installtime.odex) is kOatUpToDate with filter 'speed' executable 'false'
02-19 13:32:13.910   617   617 D StateManager: goToState - fromState: Normal, toState: Normal, partial trace:
02-19 13:32:13.910   617   617 D StateManager: 	at com.android.launcher3.statemanager.StateManager.moveToRestState(go/retraceme 72a59688580715d19f0e415c69e80376c2f062d1648c80db6730905005a27c20:4)
02-19 13:32:13.910   617   617 D StateManager: 	at com.android.launcher3.statemanager.StateManager.moveToRestState(go/retraceme 72a59688580715d19f0e415c69e80376c2f062d1648c80db6730905005a27c20:1)
02-19 13:32:13.910   617   617 D StateManager: 	at com.android.launcher3.statemanager.StatefulActivity.onStop(go/retraceme 72a59688580715d19f0e415c69e80376c2f062d1648c80db6730905005a27c20:34)
02-19 13:32:13.910  2736  2750 I artd    : GetBestInfo: odex next to the dex file (/data/app/~~O-UZzK0jUU9NLgS3MODOZA==/com.google.android.gms-YQ2L6GsYyKuvu9MvIBK1EQ==/oat/x86_64/split_GoogleCertificates_installtime.odex) is kOatUpToDate with filter 'speed' executable 'false'
02-19 13:32:13.949  2736  2739 I artd    : GetBestInfo: odex next to the dex file (/data/app/~~O-UZzK0jUU9NLgS3MODOZA==/com.google.android.gms-YQ2L6GsYyKuvu9MvIBK1EQ==/oat/x86_64/split_MapsDynamite_installtime.odex) is kOatUpToDate with filter 'speed' executable 'false'
02-19 13:32:13.965   617   617 D StatsLog: LAUNCHER_ONSTOP
02-19 13:32:13.981  2736  2750 I artd    : GetBestInfo: odex next to the dex file (/data/app/~~O-UZzK0jUU9NLgS3MODOZA==/com.google.android.gms-YQ2L6GsYyKuvu9MvIBK1EQ==/oat/x86_64/split_MeasurementDynamite_installtime.odex) is kOatUpToDate with filter 'speed' executable 'false'
02-19 13:32:13.995  2736  2750 I artd    : GetBestInfo: /data/app/~~O-UZzK0jUU9NLgS3MODOZA==/com.google.android.gms-YQ2L6GsYyKuvu9MvIBK1EQ==/split_maps_core_dynamite_ondemand.apk has no usable artifacts
02-19 13:32:14.075   218   218 I lowmemorykiller: Kill 'com.android.settings' (31848), uid 1000, oom_score_adj 985 to free 23984kB rss, 39980kB swap; reason: low watermark is breached and swap is low (48kB < 151408kB)
02-19 13:32:14.103   218   223 E lowmemorykiller: process_mrelease 31848 failed: No such process
02-19 13:32:14.306   218   218 I lowmemorykiller: Kill 'com.google.android.settings.intelligence' (30945), uid 10144, oom_score_adj 985 to free 22856kB rss, 40868kB swap; reason: low watermark is breached and swap is low (3352kB < 151408kB)
02-19 13:32:14.324   617   617 D StatsLog: LAUNCHER_GOOGLE_SEARCH_RESTORE_LIST_SIZE_AFTER_ACTIVITY_RESTART
02-19 13:32:14.370   218   222 E lowmemorykiller: process_mrelease 30945 failed: No such process
02-19 13:32:14.661  2736  2750 I artd    : GetBestInfo: /data/user_de/0/com.google.android.gms/app_chimera/m/0000000c/dl-Appsearch.optional_250834100800.apk has no usable artifacts
02-19 13:32:14.674   752   807 I libprocessgroup: Removed cgroup /sys/fs/cgroup/system/uid_1000/pid_31848
02-19 13:32:14.679  2736  2750 I artd    : GetBestInfo: /data/user_de/0/com.google.android.gms/app_chimera/m/00000001/CronetDynamite.apk has no usable artifacts
02-19 13:32:14.691   752  1233 I ActivityManager: Process com.android.settings (pid 31848) has died: cch+85 SVC 
02-19 13:32:14.692  2736  2750 I artd    : GetBestInfo: /data/user_de/0/com.google.android.gms/app_chimera/m/00000002/DynamiteLoader.apk has no usable artifacts
02-19 13:32:14.701  2736  2750 I artd    : GetBestInfo: /data/user_de/0/com.google.android.gms/app_chimera/m/00000005/GoogleCertificates.apk has no usable artifacts
02-19 13:32:14.756   752  1233 W ActivityManager: Scheduling restart of crashed service com.android.settings/.SettingsDumpService in 9172809888ms for start-requested
02-19 13:32:14.765   458   458 I Zygote  : Process 31848 exited due to signal 9 (Killed)
02-19 13:32:14.768   458   458 I Zygote  : Process 30945 exited due to signal 9 (Killed)
02-19 13:32:14.772   752  1095 D BackgroundInstallControlService: Package event received: 0
02-19 13:32:14.775  2736  2750 I artd    : GetBestInfo: /data/user_de/0/com.google.android.gms/app_chimera/m/00000009/dl-TfliteDynamiteDynamite.integ_252130102100800.apk has no usable artifacts
02-19 13:32:14.805   752  2505 I ActivityManager: Process com.google.android.settings.intelligence (pid 30945) has died: cch+85 CEM 
02-19 13:32:14.806 32388  2888 W unknown:ReconnectingWebSocket: Couldn't connect to "ws://10.0.2.2:8081/message?device=sdk_gphone64_x86_64%20-%2016%20-%20API%2036&app=viva.republica.toss.test&clientid=BridgeDevSupportManager", will silently retry
02-19 13:32:14.811   752   807 I libprocessgroup: Removed cgroup /sys/fs/cgroup/apps/uid_10144/pid_30945
02-19 13:32:14.825   218   218 I lowmemorykiller: Kill 'android.process.acore' (32214), uid 10096, oom_score_adj 975 to free 23372kB rss, 41260kB swap; reason: low watermark is breached and swap is low (2476kB < 151408kB)
02-19 13:32:14.826  2736  2750 I artd    : GetBestInfo: vdex next to the dex file (/data/user/0/com.google.android.gms/app_dg_cache/BF7C023AB90CCF01D1F467FC1CEBAF866511FF29/oat/x86_64/the.vdex) is kOatUpToDate with filter 'verify' executable 'false'
02-19 13:32:14.834   752  1856 E TaskPersister: File error accessing recents directory (directory doesn't exist?).
02-19 13:32:14.838  2736  2750 I artd    : GetBestInfo: /data/user_de/0/com.google.android.gms/app_chimera/m/00000010/dl-PlayCloudSearch.optional_250834100000.apk has no usable artifacts
02-19 13:32:14.843   218   223 E lowmemorykiller: process_mrelease 32214 failed: No such process
02-19 13:32:14.852  2736  2750 I artd    : GetBestInfo: /data/user_de/0/com.google.android.gms/app_chimera/m/00000017/dl-PlayCloudSearch.optional_260438100000.apk has no usable artifacts
02-19 13:32:14.871   752  1631 I ActivityManager: Process android.process.acore (pid 32214) has died: cch+75 CEM 
02-19 13:32:14.872   752  2503 D CountryDetector: No listener is left
02-19 13:32:14.872  2736  2750 I artd    : GetBestInfo: /data/user_de/0/com.google.android.gms/app_chimera/m/00000015/dl-MlkitOcrCommon.optional_260438100800.apk has no usable artifacts
02-19 13:32:14.880   218   218 I lowmemorykiller: Kill 'com.android.carrierdefaultapp' (32294), uid 10118, oom_score_adj 975 to free 22628kB rss, 39224kB swap; reason: low watermark is breached and swap is low (3480kB < 151408kB)
02-19 13:32:14.882   458   458 I Zygote  : Process 32214 exited due to signal 9 (Killed)
02-19 13:32:14.883   752   807 I libprocessgroup: Removed cgroup /sys/fs/cgroup/apps/uid_10096/pid_32214
02-19 13:32:14.897  2736  2750 I artd    : GetBestInfo: /data/user_de/0/com.google.android.gms/app_chimera/m/00000013/dl-MlkitBarcodeUi.optional_260438100800.apk has no usable artifacts
02-19 13:32:14.924  2736  2739 I artd    : GetBestInfo: /data/user_de/0/com.google.android.gms/app_chimera/m/0000000f/dl-MlkitOcrCommon.optional_250834100800.apk has no usable artifacts
02-19 13:32:14.949   752  2505 I ActivityManager: Process com.android.carrierdefaultapp (pid 32294) has died: cch+75 CEM 
02-19 13:32:14.951   752   795 W Looper  : Slow dispatch took 152ms android.ui app=system_server main=false group=TOP_APP h=com.android.server.am.ActivityManagerService$UiHandler c=com.android.server.am.UidObserverController$$ExternalSyntheticLambda0@6a2cd6d m=0
02-19 13:32:14.961   458   458 I Zygote  : Process 32294 exited due to signal 9 (Killed)
02-19 13:32:14.979   752   807 I libprocessgroup: Removed cgroup /sys/fs/cgroup/apps/uid_10118/pid_32294
02-19 13:32:15.067  2736  2750 I artd    : GetBestInfo: /data/user_de/0/com.google.android.gms/app_chimera/m/0000000d/dl-VisionOcr.optional_250834100000.apk has no usable artifacts
02-19 13:32:15.078   752   794 W Looper  : Slow dispatch took 149ms android.fg app=system_server main=false group=FOREGROUND h=android.os.Handler c=com.android.server.location.injector.SystemAppForegroundHelper$$ExternalSyntheticLambda1@115e491 m=0
02-19 13:32:15.084  2736  2750 I artd    : GetBestInfo: /data/user_de/0/com.google.android.gms/app_chimera/m/0000000a/dl-MlkitBarcodeUi.optional_250834100800.apk has no usable artifacts
02-19 13:32:15.093   752   989 I ImeTracker: viva.republica.toss.test:548df9b5: onRequestHide at ORIGIN_SERVER reason HIDE_UNSPECIFIED_WINDOW fromUser false
02-19 13:32:15.104   752   795 W Looper  : Slow dispatch took 153ms android.ui app=system_server main=false group=TOP_APP h=com.android.server.am.ActivityManagerService$UiHandler c=com.android.server.am.UidObserverController$$ExternalSyntheticLambda0@6a2cd6d m=0
02-19 13:32:15.104  2736  2750 I artd    : GetBestInfo: /data/user_de/0/com.google.android.gms/app_chimera/m/00000011/dl-VisionOcr.optional_260438100000.apk has no usable artifacts
02-19 13:32:15.104 32388 32388 I Choreographer: Skipped 61 frames!  The application may be doing too much work on its main thread.
02-19 13:32:15.104   752   795 W Looper  : Slow delivery took 232ms android.ui app=system_server main=false group=TOP_APP h=com.android.server.am.ActivityManagerService$UiHandler c=null m=32
02-19 13:32:15.111 32388 32388 D InsetsController: hide(ime(), fromIme=false)
02-19 13:32:15.112  2886  2886 W dumpsys : Thread Pool max thread count is 0. Cannot cache binder as linkToDeath cannot be implemented. serviceName: window
02-19 13:32:15.115  1563  1563 I GoogleInputMethodService: GoogleInputMethodService.onFinishInput():2043 
02-19 13:32:15.116  1563  1563 I Module  : DeviceLockedStatusModuleProvider$Module.updateDeviceLockedStatus():100 repeatCheckTimes = 0, locked = false
02-19 13:32:15.116 32388 32388 I ImeTracker: viva.republica.toss.test:548df9b5: onCancelled at PHASE_CLIENT_ALREADY_HIDDEN
02-19 13:32:15.117  1563  1563 I GoogleInputMethodService: GoogleInputMethodService.onStartInput():1293 onStartInput(EditorInfo{EditorInfo{packageName=viva.republica.toss.test, inputType=0, inputTypeString=NULL, enableLearning=false, autoCorrection=false, autoComplete=false, imeOptions=0, privateImeOptions=null, actionName=UNSPECIFIED, actionLabel=null, initialSelStart=-1, initialSelEnd=-1, initialCapsMode=0, label=null, fieldId=0, fieldName=null, extras=null, hintText=null, hintLocales=[]}}, false)
02-19 13:32:15.119  1563  1563 I Module  : DeviceLockedStatusModuleProvider$Module.updateDeviceLockedStatus():100 repeatCheckTimes = 1, locked = false
02-19 13:32:15.121   752  2505 I ImeTracker: system_server:9e463576: onRequestHide at ORIGIN_SERVER reason IME_REQUESTED_CHANGED_LISTENER fromUser false
02-19 13:32:15.124  1563  1563 I EmojiCompatManager: EmojiCompatManager.getEmojiCompatIfLoaded():343 EmojiCompat.init() was never called.
02-19 13:32:15.124  1563  1563 I EmojiCompatManager: java.lang.IllegalStateException: EmojiCompat is not initialized. Please call EmojiCompat.init() first
02-19 13:32:15.124  1563  1563 I EmojiCompatManager: 	at asx.p(PG:6)
02-19 13:32:15.124  1563  1563 I EmojiCompatManager: 	at axb.b(PG:13)
02-19 13:32:15.124  1563  1563 I EmojiCompatManager: 	at jnr.b(PG:2)
02-19 13:32:15.124  1563  1563 I EmojiCompatManager: 	at jnr.c(PG:4)
02-19 13:32:15.124  1563  1563 I EmojiCompatManager: 	at jnr.f(PG:3)
02-19 13:32:15.124  1563  1563 I EmojiCompatManager: 	at jnx.c(PG:3)
02-19 13:32:15.124  1563  1563 I EmojiCompatManager: 	at kif.cz(PG:47)
02-19 13:32:15.124  1563  1563 I EmojiCompatManager: 	at lhl.run(PG:1025)
02-19 13:32:15.124  1563  1563 I EmojiCompatManager: 	at jaf.execute(PG:12)
02-19 13:32:15.124  1563  1563 I EmojiCompatManager: 	at nco.v(PG:13)
02-19 13:32:15.124  1563  1563 I EmojiCompatManager: 	at lhn.m(PG:96)
02-19 13:32:15.124  1563  1563 I EmojiCompatManager: 	at lhn.k(PG:25)
02-19 13:32:15.124  1563  1563 I EmojiCompatManager: 	at kgn.onStartInput(PG:250)
02-19 13:32:15.124  1563  1563 I EmojiCompatManager: 	at android.inputmethodservice.InputMethodService.doStartInput(InputMethodService.java:3521)
02-19 13:32:15.124  1563  1563 I EmojiCompatManager: 	at android.inputmethodservice.InputMethodService$InputMethodImpl.startInput(InputMethodService.java:879)
02-19 13:32:15.124  1563  1563 I EmojiCompatManager: 	at android.inputmethodservice.InputMethodService$InputMethodImpl.dispatchStartInput(InputMethodService.java:908)
02-19 13:32:15.124  1563  1563 I EmojiCompatManager: 	at android.inputmethodservice.IInputMethodWrapper.executeMessage(IInputMethodWrapper.java:201)
02-19 13:32:15.124  1563  1563 I EmojiCompatManager: 	at com.android.internal.os.HandlerCaller$MyHandler.handleMessage(HandlerCaller.java:44)
02-19 13:32:15.124  1563  1563 I EmojiCompatManager: 	at android.os.Handler.dispatchMessage(Handler.java:110)
02-19 13:32:15.124  1563  1563 I EmojiCompatManager: 	at android.os.Looper.loopOnce(Looper.java:248)
02-19 13:32:15.124  1563  1563 I EmojiCompatManager: 	at android.os.Looper.loop(Looper.java:338)
02-19 13:32:15.124  1563  1563 I EmojiCompatManager: 	at android.app.ActivityThread.main(ActivityThread.java:9067)
02-19 13:32:15.124  1563  1563 I EmojiCompatManager: 	at java.lang.reflect.Method.invoke(Native Method)
02-19 13:32:15.124  1563  1563 I EmojiCompatManager: 	at com.android.internal.os.RuntimeInit$MethodAndArgsCaller.run(RuntimeInit.java:593)
02-19 13:32:15.124  1563  1563 I EmojiCompatManager: 	at com.android.internal.os.ZygoteInit.main(ZygoteInit.java:932)
02-19 13:32:15.124   752   797 I ImeTracker: system_server:9e463576: onCancelled at PHASE_SERVER_SHOULD_HIDE
02-19 13:32:15.128   752  1454 W PackageConfigPersister: App-specific configuration not found for packageName: viva.republica.toss.test and userId: 0
02-19 13:32:15.148  2736  2750 I artd    : GetBestInfo: /data/user_de/0/com.google.android.gms/app_chimera/m/00000012/dl-Appsearch.optional_260438100800.apk has no usable artifacts
02-19 13:32:15.327  2736  2750 I artd    : GetBestInfo: vdex next to the dex file (/data/user/0/com.google.android.gms/app_dg_cache/94DF452EEF4B8E717545DCDEA6CC3C50A319A195/oat/x86_64/the.vdex) is kOatUpToDate with filter 'verify' executable 'false'
02-19 13:32:15.626  2736  2750 I artd    : GetBestInfo: /data/user_de/0/com.google.android.gms/app_chimera/m/00000007/MeasurementDynamite.apk has no usable artifacts
02-19 13:32:15.774  2736  2739 I artd    : GetBestInfo: /data/user_de/0/com.google.android.gms/app_chimera/m/00000018/dl-AdsFdrDynamite.integ_254380203100000.apk has no usable artifacts
02-19 13:32:17.190   752  1631 I system_server: AssetManager2(0x7d8fac4bf178) locale list changing from [] to [en-US]
02-19 13:32:17.248   752  1631 I system_server: AssetManager2(0x7d8fac49e798) locale list changing from [] to [en-US]
02-19 13:32:17.321   752  1631 I system_server: AssetManager2(0x7d8fac4eef18) locale list changing from [] to [en-US]
02-19 13:32:17.463   752  1631 I system_server: AssetManager2(0x7d8fac4d4f78) locale list changing from [] to [en-US]
02-19 13:32:17.583   752  1631 I system_server: AssetManager2(0x7d8fac468918) locale list changing from [] to [en-US]
02-19 13:32:17.837   752  1631 I system_server: AssetManager2(0x7d8fac4cfb18) locale list changing from [] to [en-US]
02-19 13:32:18.808   752   798 I Choreographer: Skipped 219 frames!  The application may be doing too much work on its main thread.
02-19 13:32:19.736   617   862 D OverviewCommandHelper: command added: CommandInfo(type=TOGGLE, status=IDLE, createTime=87013582, animationCallbacks=null, displayId=0, isLastOfBatch=true)
02-19 13:32:19.736   617   862 D OverviewCommandHelper: execute: CommandInfo(type=TOGGLE, status=IDLE, createTime=87013582, animationCallbacks=null, displayId=0, isLastOfBatch=true) - queue size: 1
02-19 13:32:19.756   617   617 D OverviewCommandHelper: executing command: CommandInfo(type=TOGGLE, status=PROCESSING, createTime=87013582, animationCallbacks=null, displayId=0, isLastOfBatch=true)
02-19 13:32:19.783   617   617 D OverviewCommandHelper: executeCommand: CommandInfo(type=TOGGLE, status=PROCESSING, createTime=87013582, animationCallbacks=null, displayId=0, isLastOfBatch=true) - visibleRecentsView: null
02-19 13:32:19.786   617   617 D OverviewCommandHelper: Querying TaskbarManager for TaskbarUIController for display: 0
02-19 13:32:19.787   617   617 D OverviewCommandHelper: TaskbarUIController for display 0 was found
02-19 13:32:19.795   752   795 W Looper  : Drained
02-19 13:32:19.976   617   617 D ContextTracker: Registering callback: com.android.launcher3.LauncherInitListener@930d575, reason=OverviewCommandHelper: command.type=TOGGLE
02-19 13:32:19.983   617   617 D RecentsView: onGestureAnimationStart - groupedTaskInfo: Desk ID= -1, Desk Display ID=-1, Tasks=[id=56 winMode=fullscreen visReq=true vis=true excluded=false baseIntent=viva.republica.toss.test/.MiniAppSchemeActivity], Type=FULLSCREEN, Minimized Task IDs=null
02-19 13:32:20.129   617   617 D RecentsView: showCurrentTask(onGestureAnimationStart) - groupedTaskInfo: Desk ID= -1, Desk Display ID=-1, Tasks=[id=56 winMode=fullscreen visReq=true vis=true excluded=false baseIntent=viva.republica.toss.test/.MiniAppSchemeActivity], Type=FULLSCREEN, Minimized Task IDs=null
02-19 13:32:20.194   617   617 D OverviewActionsView: updateForGroupedTask() called with: isGroupedTask = [false], canSaveAppPair = [false]
02-19 13:32:20.194   617   617 D OverviewActionsView: updateActionButtonsVisibility() called: showSingleTaskActions = [true], showGroupActions = [false]
02-19 13:32:20.229   617   617 D RecentsView: reloadIfNeeded - getTasks: 85
02-19 13:32:20.251  4449  4449 I vol.VolumeDialogImpl: mDialog.dismiss() reason: volume_controller from: com.android.systemui.volume.VolumeDialogImpl$7.onDismissRequested:3
02-19 13:32:20.263  4449  4467 V ShellRecents: RecentsTransitionHandler.startRecentsTransition
02-19 13:32:20.268   617   617 D RecentsView: onGestureAnimationStart - groupedTaskInfo: Desk ID= -1, Desk Display ID=-1, Tasks=[id=56 winMode=fullscreen visReq=true vis=true excluded=false baseIntent=viva.republica.toss.test/.MiniAppSchemeActivity], Type=FULLSCREEN, Minimized Task IDs=null
02-19 13:32:20.268   617   617 D RecentsView: showCurrentTask(onGestureAnimationStart) - groupedTaskInfo: Desk ID= -1, Desk Display ID=-1, Tasks=[id=56 winMode=fullscreen visReq=true vis=true excluded=false baseIntent=viva.republica.toss.test/.MiniAppSchemeActivity], Type=FULLSCREEN, Minimized Task IDs=null
02-19 13:32:20.268   617   617 D OverviewActionsView: updateForGroupedTask() called with: isGroupedTask = [false], canSaveAppPair = [false]
02-19 13:32:20.268   617   617 D OverviewActionsView: updateActionButtonsVisibility() called: showSingleTaskActions = [true], showGroupActions = [false]
02-19 13:32:20.276  4449  4467 V WindowManagerShell: Directly starting a new transition type=TO_FRONT wct=WindowContainerTransaction { changes= {} hops= [{pendingIntent: options=Bundle[{android.activity.splashScreenStyle=-1, android.activity.sourceInfo=Supplier{VAL_PARCELABLE@148+104}, android.pendingIntent.backgroundActivityAllowed=3, android:activity.animAbortListener=null, android.activity.transientLaunch=true}]}] errorCallbackToken=null taskFragmentOrganizer=null } handler=com.android.wm.shell.recents.RecentsTransitionHandler@bc47314
02-19 13:32:20.283   617   617 D RecentsView: reloadIfNeeded - task list still valid: 85
02-19 13:32:20.283   617   617 D OverviewCommandHelper: switching via recents animation - onGestureStarted: CommandInfo(type=TOGGLE, status=PROCESSING, createTime=87013582, animationCallbacks=com.android.quickstep.RecentsAnimationCallbacks@2edbc3f, displayId=0, isLastOfBatch=true)
02-19 13:32:20.283   617   617 D OverviewCommandHelper: command executed: CommandInfo(type=TOGGLE, status=PROCESSING, createTime=87013582, animationCallbacks=com.android.quickstep.RecentsAnimationCallbacks@2edbc3f, displayId=0, isLastOfBatch=true) with result: false
02-19 13:32:20.283   617   617 D OverviewCommandHelper: waiting for command callback: CommandInfo(type=TOGGLE, status=PROCESSING, createTime=87013582, animationCallbacks=com.android.quickstep.RecentsAnimationCallbacks@2edbc3f, displayId=0, isLastOfBatch=true)
02-19 13:32:20.297  4449  4449 I vol.VolumeDialogImpl: mDialog.dismiss() reason: volume_controller from: com.android.systemui.volume.VolumeDialogImpl$7.onDismissRequested:3
02-19 13:32:20.297  4449  4449 D vol.VolumeDialogImpl: dismissH: skipping dismiss because isAnimatingDismiss is true and showingStateInconsistent is false
02-19 13:32:20.407   617   617 D RecentsView: applyLoadPlan - taskGroups: [type=SINGLE task=[id=12 windowingMode=0 user=0 lastActiveTime=89737] null, type=SINGLE task=[id=49 windowingMode=1 user=0 lastActiveTime=83987405] null, type=SINGLE task=[id=56 windowingMode=1 user=0 lastActiveTime=87005831] null]
02-19 13:32:20.729   531   603 I BpBinder: onLastStrongRef automatically unlinking death recipients: 
02-19 13:32:20.747   531   531 I BpBinder: onLastStrongRef automatically unlinking death recipients: 
02-19 13:32:20.780   617   626 I s.nexuslauncher: NativeAlloc concurrent mark compact GC freed 1539KB AllocSpace bytes, 4(208KB) LOS objects, 49% free, 6198KB/12MB, paused 1.941ms,2.390ms total 673.428ms
02-19 13:32:20.787   752   797 I ActivityManager: updateOomAdj start time is before than pendingPid added, don't delete it
02-19 13:32:20.820   617   637 W System  : A resource failed to call release. 
02-19 13:32:20.820   617   637 W System  : A resource failed to call release. 
02-19 13:32:20.820   617   637 W System  : A resource failed to call release. 
02-19 13:32:20.820   617   637 W System  : A resource failed to call release. 
02-19 13:32:20.837   617   637 W System  : A resource failed to call release. 
02-19 13:32:20.837   617   637 W System  : A resource failed to call release. 
02-19 13:32:20.837   617   637 W System  : A resource failed to call release. 
02-19 13:32:20.839   752  1095 D BackgroundInstallControlService: Package event received: 0
02-19 13:32:20.839   752  1095 D BackgroundInstallControlService: Package event received: 0
02-19 13:32:20.840   617   617 D ViewRootImpl: Skipping stats log for color mode
02-19 13:32:20.840  4449  4467 V ShellRecents: [151935933] RecentsController.setTransition: id=android.os.BinderProxy@eed5714
02-19 13:32:20.853   617   617 D StateManager: goToState - fromState: Normal, toState: Background, partial trace:
02-19 13:32:20.853   617   617 D StateManager: 	at com.android.quickstep.BaseActivityInterface$DefaultAnimationFactory.initBackgroundStateUI(go/retraceme 72a59688580715d19f0e415c69e80376c2f062d1648c80db6730905005a27c20:39)
02-19 13:32:20.853   617   617 D StateManager: 	at com.android.quickstep.LauncherActivityInterface.prepareRecentsUI(go/retraceme 72a59688580715d19f0e415c69e80376c2f062d1648c80db6730905005a27c20:9)
02-19 13:32:20.853   617   617 D StateManager: 	at com.android.quickstep.AbsSwipeUpHandler.lambda$onLauncherStart$7(go/retraceme 72a59688580715d19f0e415c69e80376c2f062d1648c80db6730905005a27c20:11)
02-19 13:32:20.853   617   617 D StateManager: onStateTransitionStart - state: Background
02-19 13:32:20.857   752   795 W Looper  : Slow dispatch took 112ms android.ui app=system_server main=false group=TOP_APP h=com.android.server.am.ActivityManagerService$UiHandler c=com.android.server.am.UidObserverController$$ExternalSyntheticLambda0@6a2cd6d m=0
02-19 13:32:20.868   752  1095 D BackgroundInstallControlService: Package event received: 0
02-19 13:32:20.871   617   617 D BaseDepthController: mSurface is null and mCurrentBlur is: 0
02-19 13:32:20.875   617   617 D KeyboardInsetsHandler: setState, toState:Background StateManager(mLastStableState:Normal, mCurrentStableState:Normal, mState:Background, mRestState:Normal, isInTransition:false)
02-19 13:32:20.889   617   617 D StateManager: onStateTransitionEnd - state: Background
02-19 13:32:20.915   617   617 D RecentsView: updateTaskStackListenerState: true
02-19 13:32:20.915   617   617 D RecentsView: reloadIfNeeded - task list still valid: 85
02-19 13:32:20.915   617   617 D NexusLauncherModelDelegate: notifySmartspaceEvent: SmartspaceTargetEvent{mSmartspaceTarget=null, mSmartspaceActionId='null', mEventType=6}
02-19 13:32:21.140   617   617 D BaseDepthController: setSurface:
02-19 13:32:21.140   617   617 D BaseDepthController: 	mWaitingOnSurfaceValidity: false
02-19 13:32:21.140   617   617 D BaseDepthController: 	mBaseSurface: Surface(name=com.google.android.apps.nexuslauncher/com.google.android.apps.nexuslauncher.NexusLauncherActivity)/@0x2710b18
02-19 13:32:21.598   752   797 W IPCThreadState: Sending oneway calls to frozen process.
02-19 13:32:21.706   531   531 I BpBinder: onLastStrongRef automatically unlinking death recipients: 
02-19 13:32:21.713   752   797 W IPCThreadState: Sending oneway calls to frozen process.
02-19 13:32:21.713   752   797 W IPCThreadState: Sending oneway calls to frozen process.
02-19 13:32:21.713   752   797 W IPCThreadState: Sending oneway calls to frozen process.
02-19 13:32:21.715   752   797 W IPCThreadState: Sending oneway calls to frozen process.
02-19 13:32:21.715   752   797 W IPCThreadState: Sending oneway calls to frozen process.
02-19 13:32:21.715   752   797 W IPCThreadState: Sending oneway calls to frozen process.
02-19 13:32:21.715   752   797 W IPCThreadState: Sending oneway calls to frozen process.
02-19 13:32:21.715   752   797 W IPCThreadState: Sending oneway calls to frozen process.
02-19 13:32:21.716   752   797 W IPCThreadState: Sending oneway calls to frozen process.
02-19 13:32:21.716   752   797 W IPCThreadState: Sending oneway calls to frozen process.
02-19 13:32:21.716   752   797 W IPCThreadState: Sending oneway calls to frozen process.
02-19 13:32:21.716   752   797 W IPCThreadState: Sending oneway calls to frozen process.
02-19 13:32:21.717   752   797 W IPCThreadState: Sending oneway calls to frozen process.
02-19 13:32:21.719   752   797 W ProcessStats: Tracking association SourceState{1b917ca system/1000 BFgs #15876} whose proc state 4 is better than process ProcessState{42c4ef0 com.google.android.ext.services/10208 pkg=com.google.android.ext.services} proc state 14 (9 skipped)
02-19 13:32:21.838   617   617 D ActivityAllAppsContainerView: rebindAdapters: force: false
02-19 13:32:21.839   617   617 D ActivityAllAppsContainerView: rebindAdapters: Not needed.
02-19 13:32:21.985   617   617 I Choreographer: Skipped 63 frames!  The application may be doing too much work on its main thread.
02-19 13:32:21.985   617   862 I HWUI    : Davey! duration=742ms; Flags=1, FrameTimelineVsyncId=1399695, IntendedVsync=87014688792936, Vsync=87014755459600, InputEventId=0, HandleInputStart=87014761431130, AnimationStart=87014761431455, PerformTraversalsStart=87014762044675, DrawStart=87015014932696, FrameDeadline=87014705459602, FrameStartTime=87014761429362, FrameInterval=16666666, WorkloadTarget=16666666, SyncQueued=87015350518179, SyncStart=87015356705753, IssueDrawCommandsStart=87015370899398, SwapBuffers=87015394238372, FrameCompleted=87015437638430, DequeueBufferDuration=7112, QueueBufferDuration=29007660, GpuCompleted=87015437539025, SwapBuffersCompleted=87015437638430, DisplayPresentTime=0, CommandSubmissionCompleted=87015394238372, 
02-19 13:32:22.043   752   794 V WindowManager: Sent Transition (#418) createdAt=02-19 13:32:20.408
02-19 13:32:22.044   752   794 V WindowManager:     startWCT=WindowContainerTransaction { changes= {} hops= [{pendingIntent: options=Bundle[{android.activity.splashScreenStyle=-1, android.activity.sourceInfo=android.app.ActivityOptions$SourceInfo@3f1a292, android.pendingIntent.backgroundActivityAllowed=3, android:activity.animAbortListener=null, android.activity.transientLaunch=true}]}] errorCallbackToken=null taskFragmentOrganizer=null }
02-19 13:32:22.044   752   794 V WindowManager:     info={id=418 t=TO_FRONT f=0x80 trk=0 r=[0@Point(0, 0)] c=[
02-19 13:32:22.044   752   794 V WindowManager:         {WCT{RemoteToken{29715c6 Task{fa7be33 #56 type=standard A=10217:viva.republica.toss.test}}} m=TO_BACK f=NONE leash=Surface(name=Task=56)/@0xf76b753 sb=Rect(0, 0 - 1080, 2400) eb=Rect(0, 0 - 1080, 2400) epz=Point(1080, 2400) d=0 taskParent=-1}
02-19 13:32:22.044   752   794 V WindowManager:     ]}
02-19 13:32:22.066  4449  4511 V WindowManagerShell: onTransitionReady(transaction=3229815418971)
02-19 13:32:22.069  4449  4467 V WindowManagerShell: onTransitionReady (#418) android.os.BinderProxy@eed5714: {id=418 t=TO_FRONT f=0x80 trk=0 r=[0@Point(0, 0)] c=[
02-19 13:32:22.069  4449  4467 V WindowManagerShell:         {m=TO_BACK f=NONE leash=Surface(name=Task=56)/@0xc3ed5b2 sb=Rect(0, 0 - 1080, 2400) eb=Rect(0, 0 - 1080, 2400) epz=Point(1080, 2400) d=0 taskParent=-1}
02-19 13:32:22.069  4449  4467 V WindowManagerShell:     ]}
02-19 13:32:22.074  4449  4467 V WindowManagerShell: Playing animation for (#418) android.os.BinderProxy@eed5714@0
02-19 13:32:22.074  4449  4467 V WindowManagerShell:  try firstHandler com.android.wm.shell.recents.RecentsTransitionHandler@bc47314
02-19 13:32:22.074  4449  4467 V ShellRecents: [151935933] RecentsController.start
02-19 13:32:22.090  4449  4467 V ShellRecents:   adding pausing leaf taskId=56 at layer=3
02-19 13:32:22.090  4449  4467 V ShellRecents: Applying transaction=3229815418971
02-19 13:32:22.092  4449  4467 V ShellRecents: No matching remote found to takeover (#418)
02-19 13:32:22.096  4449  4467 V ShellSplitScreen: getSplitBoundsForTaskId: expected split bounds for taskId=56 but not found
02-19 13:32:22.096  4449  4467 V ShellRecents: [151935933] RecentsController.start: calling onAnimationStart with 1 apps
02-19 13:32:22.118  4449  4467 V WindowManagerShell:  animated by firstHandler
02-19 13:32:22.123  1563  1563 I StylusModule: StylusModule.onUpdateToolType():801 Update tool type = 0
02-19 13:32:22.163   617   617 D RemoteTargetGluer: appCount: 1 handleLength: 4
02-19 13:32:22.163   617   617 D RemoteTargetGluer: resizing handles
02-19 13:32:22.163   617   617 D RemoteTargetGluer: containsSplitTargets? false handleLength: 1 appsLength: 1
02-19 13:32:22.164   617   617 D RecentsView: setRecentsAnimationTargets - recentsAnimationController: com.android.quickstep.RecentsAnimationController@e54bc15, recentsAnimationTargets: com.android.quickstep.RecentsAnimationTargets@8a0ab2a
02-19 13:32:22.166   617   617 D RemoteTargetGluer: appCount: 1 handleLength: 1
02-19 13:32:22.166   617   617 D RemoteTargetGluer: containsSplitTargets? false handleLength: 1 appsLength: 1
