--------- beginning of system
02-19 10:29:43.961   752  1456 W ActivityManager: pid 752 system sent binder code 7 with flags 1 to frozen apps and got error -32
02-19 10:29:43.961   752  1456 W WindowManager: Exception thrown during dispatchAppVisibility Window{433cb2b u0 viva.republica.toss.test/im.toss.rn.granite.core.GraniteActivity EXITING}
02-19 10:29:43.961   752  1456 W WindowManager: android.os.DeadObjectException
02-19 10:29:43.961   752  1456 W WindowManager: 	at android.os.BinderProxy.transactNative(Native Method)
02-19 10:29:43.961   752  1456 W WindowManager: 	at android.os.BinderProxy.transact(BinderProxy.java:592)
02-19 10:29:43.961   752  1456 W WindowManager: 	at android.view.IWindow$Stub$Proxy.dispatchAppVisibility(IWindow.java:557)
02-19 10:29:43.961   752  1456 W WindowManager: 	at com.android.server.wm.WindowState.sendAppVisibilityToClients(WindowState.java:3151)
02-19 10:29:43.961   752  1456 W WindowManager: 	at com.android.server.wm.WindowContainer.sendAppVisibilityToClients(WindowContainer.java:1311)
02-19 10:29:43.961   752  1456 W WindowManager: 	at com.android.server.wm.WindowToken.setClientVisible(WindowToken.java:389)
02-19 10:29:43.961   752  1456 W WindowManager: 	at com.android.server.wm.ActivityRecord.setClientVisible(ActivityRecord.java:6650)
02-19 10:29:43.961   752  1456 W WindowManager: 	at com.android.server.wm.ActivityRecord.commitVisibility(ActivityRecord.java:5561)
02-19 10:29:43.961   752  1456 W WindowManager: 	at com.android.server.wm.Transition.finishTransition(Transition.java:1391)
02-19 10:29:43.961   752  1456 W WindowManager: 	at com.android.server.wm.TransitionController.finishTransition(TransitionController.java:1029)
02-19 10:29:43.961   752  1456 W WindowManager: 	at com.android.server.wm.WindowOrganizerController.finishTransition(WindowOrganizerController.java:496)
02-19 10:29:43.961   752  1456 W WindowManager: 	at android.window.IWindowOrganizerController$Stub.onTransact(IWindowOrganizerController.java:261)
02-19 10:29:43.961   752  1456 W WindowManager: 	at com.android.server.wm.WindowOrganizerController.onTransact(WindowOrganizerController.java:223)
02-19 10:29:43.961   752  1456 W WindowManager: 	at android.os.Binder.execTransactInternal(Binder.java:1426)
02-19 10:29:43.961   752  1456 W WindowManager: 	at android.os.Binder.execTransact(Binder.java:1365)
--------- beginning of main
02-19 10:29:43.961   752  1456 W Process : Unable to open /proc/23621/status
02-19 10:29:43.967  4449  4467 V WindowManagerShell: Track 0 became idle
02-19 10:29:43.967  4449  4467 V WindowManagerShell: All active transition animations finished
02-19 10:29:43.979  1341  1341 D RecentsView: onTaskRemoved: 45, not handling task stack changes
02-19 10:29:43.979  1341  1341 D RecentsView: onTaskRemoved: 45, not handling task stack changes
02-19 10:29:44.081   531   531 E BpTransactionCompletedListener: Failed to transact (-32)
02-19 10:29:44.104   752  1456 W ActivityTaskManager: callingPackage for (uid=2000, pid=24032) has no WPC
02-19 10:29:44.113   752  1456 V GrammaticalInflectionUtils: AttributionSource: android.content.AttributionSource@56784557 does not have READ_SYSTEM_GRAMMATICAL_GENDER permission.
02-19 10:29:44.113   752  1456 W OptProp : Cannot read opt property android.window.PROPERTY_COMPAT_ALLOW_USER_ASPECT_RATIO_OVERRIDE
02-19 10:29:44.114   752  1456 W OptProp : Cannot read opt property android.window.PROPERTY_COMPAT_ALLOW_USER_ASPECT_RATIO_FULLSCREEN_OVERRIDE
02-19 10:29:44.114   752  1456 W OptProp : Cannot read opt property android.window.PROPERTY_COMPAT_ALLOW_RESIZEABLE_ACTIVITY_OVERRIDES
02-19 10:29:44.114   752  1456 W OptProp : Cannot read opt property android.window.PROPERTY_COMPAT_ALLOW_MIN_ASPECT_RATIO_OVERRIDE
02-19 10:29:44.142   752  1456 W OptProp : Cannot read opt property android.window.PROPERTY_COMPAT_ALLOW_ORIENTATION_OVERRIDE
02-19 10:29:44.162  4449  4474 I ndroid.systemui: AssetManager2(0x7d8fac45ff98) locale list changing from [] to [en-US]
02-19 10:29:44.168   752  1456 I ActivityTaskManager: START u0 {act=android.intent.action.VIEW dat=intoss://takealook/... flg=0x10000000 xflg=0x4 cmp=viva.republica.toss.test/im.toss.rn.granite.core.GraniteActivity} with LAUNCH_MULTIPLE from uid 2000 (BAL_ALLOW_PERMISSION) result code=0
02-19 10:29:44.170  4449  4467 V WindowManagerShell: Transition requested (#91): android.os.BinderProxy@6042ef0 TransitionRequestInfo { type = OPEN, triggerTask = TaskInfo{userId=0 taskId=46 effectiveUid=10217 displayId=0 isRunning=true baseIntent=Intent { act=android.intent.action.VIEW dat=intoss://takealook/... flg=0x10000000 cmp=viva.republica.toss.test/im.toss.rn.granite.core.GraniteActivity } baseActivity=ComponentInfo{viva.republica.toss.test/im.toss.rn.granite.core.GraniteActivity} topActivity=ComponentInfo{viva.republica.toss.test/im.toss.rn.granite.core.GraniteActivity} origActivity=null realActivity=ComponentInfo{viva.republica.toss.test/im.toss.rn.granite.core.GraniteActivity} numActivities=1 lastActiveTime=76058008 supportsMultiWindow=true resizeMode=1 isResizeable=true minWidth=-1 minHeight=-1 defaultMinSize=220 token=WCT{android.window.IWindowContainerToken$Stub$Proxy@3b54c69} topActivityType=1 pictureInPictureParams=null shouldDockBigOverlays=false launchIntoPipHostTaskId=-1 lastParentTaskIdBeforePip=-1 displayCutoutSafeInsets=Rect(0, 0 - 0, 0) topActivityInfo=ActivityInfo{3afb6ee im.toss.rn.granite.core.GraniteActivity} launchCookies=[] positionInParent=Point(0, 0) parentTaskId=-1 isFocused=false isVisible=false isVisibleRequested=false isTopActivityNoDisplay=false isSleeping=false locusId=null displayAreaFeatureId=1 isTopActivityTransparent=false isActivityStackTransparent=false lastNonFullscreenBounds=Rect(284, 660 - 796, 1740) capturedLink=null capturedLinkTimestamp=0 requestedVisibleTypes=-9 topActivityRequestOpenInBrowserEducationTimestamp=0 appCompatTaskInfo=AppCompatTaskInfo { topActivityInSizeCompat=false eligibleForLetterboxEducation= false isLetterboxEducationEnabled= true isLetterboxDoubleTapEnabled= false eligibleForUserAspectRatioButton= false topActivityBoundsLetterboxed= false isFromLetterboxDoubleTap= false topActivityLetterboxVerticalPosition= -1 topActivityLetterboxHorizontalPosition= -1 topActivityLetterboxWidth=-1 topActivityLetterboxHeight=-1 topActivityAppBounds=Rect(0, 0 - 1080, 2400) isUserFullscreenOverrideEnabled=false isSystemFullscreenOverrideEnabled=false hasMinAspectRatioOverride=false topActivityLetterboxBounds=null cameraCompatTaskInfo=CameraCompatTaskInfo { freeformCameraCompatMode=inactive}} topActivityMainWindowFrame=null}, pipChange = null, remoteTransition = null, displayChange = null, flags = 0, debugId = 91 }
02-19 10:29:44.170  4449  4467 D ShellSplitScreen: logExit: no-op, mLoggerSessionId is null
02-19 10:29:44.179   531   548 I BpBinder: onLastStrongRef automatically unlinking death recipients: 
02-19 10:29:44.182   752   797 V GrammaticalInflectionUtils: AttributionSource: android.content.AttributionSource@56784557 does not have READ_SYSTEM_GRAMMATICAL_GENDER permission.
02-19 10:29:44.191   531   531 I BpBinder: onLastStrongRef automatically unlinking death recipients: 
02-19 10:29:44.201  1341  1341 W SplitSelectStateCtor: Missing session instanceIds
02-19 10:29:44.201  1341  1341 D StatsLog: LAUNCHER_SPLIT_SELECTION_EXIT_INTERRUPTED
02-19 10:29:44.208   458   458 D Zygote  : Forked child process 24035
02-19 10:29:44.209  4449  4475 W HWUI    : Image decoding logging dropped!
02-19 10:29:44.214   752  1095 D BackgroundInstallControlService: Package event received: 0
02-19 10:29:44.218  4449  4467 D WindowManagerShell: setLauncherKeepClearAreaHeight: visible=false, height=527
02-19 10:29:44.223   615 21625 W IPCThreadState: Sending oneway calls to frozen process.
02-19 10:29:44.228   752   806 I ActivityManager: Start proc 24035:viva.republica.toss.test/u0a217 for next-top-activity {viva.republica.toss.test/im.toss.rn.granite.core.GraniteActivity}
02-19 10:29:44.260 24035 24035 I blica.toss.test: Using CollectorTypeCMC GC.
02-19 10:29:44.261 24035 24035 W blica.toss.test: Unexpected CPU variant for x86: x86_64.
02-19 10:29:44.261 24035 24035 W blica.toss.test: Known variants: atom, sandybridge, silvermont, goldmont, goldmont-plus, goldmont-without-sha-xsaves, tremont, kabylake, alderlake, default
02-19 10:29:44.305   752   806 I ActivityManager: ProcessObserver broadcast disabled
02-19 10:29:44.305   752   806 W ActivityManager: Slow operation: 122ms so far, now at startProcess: done updating pids map
02-19 10:29:44.354   752  2417 D CoreBackPreview: Window{a36b934 u0 Splash Screen viva.republica.toss.test}: Setting back callback OnBackInvokedCallbackInfo{mCallback=android.window.IOnBackInvokedCallback$Stub$Proxy@27e4a1b, mPriority=0, mIsAnimationCallback=false, mOverrideBehavior=0}
02-19 10:29:44.355 24035 24035 E blica.toss.test: Not starting debugger since process cannot load the jdwp agent.
02-19 10:29:44.421 24035 24035 D nativeloader: Load libframework-connectivity-tiramisu-jni.so using APEX ns com_android_tethering for caller /apex/com.android.tethering/javalib/framework-connectivity-t.jar: ok
02-19 10:29:44.465   752  1095 D BackgroundInstallControlService: Package event received: 0
02-19 10:29:44.482 24035 24035 D ApplicationLoaders: Returning zygote-cached class loader: /system_ext/framework/androidx.window.extensions.jar
02-19 10:29:44.483 24035 24035 D ApplicationLoaders: Returning zygote-cached class loader: /system_ext/framework/androidx.window.sidecar.jar
02-19 10:29:44.630   752   794 V WindowManager: Sent Transition (#91) createdAt=02-19 10:29:44.125 via request=TransitionRequestInfo { type = OPEN, triggerTask = TaskInfo{userId=0 taskId=46 effectiveUid=10217 displayId=0 isRunning=true baseIntent=Intent { act=android.intent.action.VIEW dat=intoss://takealook/... flg=0x10000000 cmp=viva.republica.toss.test/im.toss.rn.granite.core.GraniteActivity } baseActivity=ComponentInfo{viva.republica.toss.test/im.toss.rn.granite.core.GraniteActivity} topActivity=ComponentInfo{viva.republica.toss.test/im.toss.rn.granite.core.GraniteActivity} origActivity=null realActivity=ComponentInfo{viva.republica.toss.test/im.toss.rn.granite.core.GraniteActivity} numActivities=1 lastActiveTime=76058008 supportsMultiWindow=true resizeMode=1 isResizeable=true minWidth=-1 minHeight=-1 defaultMinSize=220 token=WCT{RemoteToken{a585dcd Task{7745c88 #46 type=standard A=10217:viva.republica.toss.test}}} topActivityType=1 pictureInPictureParams=null shouldDockBigOverlays=false launchIntoPipHostTaskId=-1 lastParentTaskIdBeforePip=-1 displayCutoutSafeInsets=Rect(0, 0 - 0, 0) topActivityInfo=ActivityInfo{dc29682 im.toss.rn.granite.core.GraniteActivity} launchCookies=[] positionInParent=Point(0, 0) parentTaskId=-1 isFocused=false isVisible=false isVisibleRequested=false isTopActivityNoDisplay=false isSleeping=false locusId=null displayAreaFeatureId=1 isTopActivityTransparent=false isActivityStackTransparent=false lastNonFullscreenBounds=Rect(284, 660 - 796, 1740) capturedLink=null capturedLinkTimestamp=0 requestedVisibleTypes=-9 topActivityRequestOpenInBrowserEducationTimestamp=0 appCompatTaskInfo=AppCompatTaskInfo { topActivityInSizeCompat=false eligibleForLetterboxEducation= false isLetterboxEducationEnabled= true isLetterboxDoubleTapEnabled= false eligibleForUserAspectRatioButton= false topActivityBoundsLetterboxed= false isFromLetterboxDoubleTap= false topActivityLetterboxVerticalPosition= -1 topActivityLetterboxHorizontalPosition= -1 topActivityLetterboxWidth=-1 topActivityLetterboxHeight=-1 topActivityAppBounds=Rect(0, 0 - 1080, 2400) isUserFullscreenOverrideEnabled=false isSystemFullscreenOverrideEnabled=false hasMinAspectRatioOverride=false topActivityLetterboxBounds=null cameraCompatTaskInfo=CameraCompatTaskInfo { freeformCameraCompatMode=inactive}} topActivityMainWindowFrame=null}, pipChange = null, remoteTransition = null, displayChange = null, flags = 0, debugId = 91 }
02-19 10:29:44.630   752   794 V WindowManager:     startWCT=WindowContainerTransaction { changes= {} hops= [] errorCallbackToken=null taskFragmentOrganizer=null }
02-19 10:29:44.631   752   794 V WindowManager:     info={id=91 t=OPEN f=0x0 trk=0 r=[0@Point(0, 0)] c=[
02-19 10:29:44.631   752   794 V WindowManager:         {WCT{RemoteToken{a585dcd Task{7745c88 #46 type=standard A=10217:viva.republica.toss.test}}} m=OPEN f=NONE leash=Surface(name=Task=46)/@0xe2d6cf7 sb=Rect(0, 0 - 1080, 2400) eb=Rect(0, 0 - 1080, 2400) epz=Point(1080, 2400) d=0 taskParent=-1},
02-19 10:29:44.631   752   794 V WindowManager:         {WCT{RemoteToken{5218fe8 Task{dd43522 #1 type=home}}} m=TO_BACK f=SHOW_WALLPAPER leash=Surface(name=Task=1)/@0x8ddbd2e sb=Rect(0, 0 - 1080, 2400) eb=Rect(0, 0 - 1080, 2400) epz=Point(1080, 2400) d=0 taskParent=-1},
02-19 10:29:44.631   752   794 V WindowManager:         {m=TO_BACK f=IS_WALLPAPER leash=Surface(name=WallpaperWindowToken{35e0c0f showWhenLocked=false})/@0x512f5be sb=Rect(0, 0 - 1080, 2400) eb=Rect(0, 0 - 1080, 2400) epz=Point(1080, 2400) d=0}
02-19 10:29:44.631   752   794 V WindowManager:     ]}
02-19 10:29:44.639  4449  4488 V WindowManagerShell: onTransitionReady(transaction=3229815409324)
02-19 10:29:44.644  4449  4467 V WindowManagerShell: onTransitionReady (#91) android.os.BinderProxy@6042ef0: {id=91 t=OPEN f=0x0 trk=0 r=[0@Point(0, 0)] c=[
02-19 10:29:44.644  4449  4467 V WindowManagerShell:         {m=OPEN f=NONE leash=Surface(name=Task=46)/@0x279afaa sb=Rect(0, 0 - 1080, 2400) eb=Rect(0, 0 - 1080, 2400) epz=Point(1080, 2400) d=0 taskParent=-1},
02-19 10:29:44.644  4449  4467 V WindowManagerShell:         {m=TO_BACK f=SHOW_WALLPAPER leash=Surface(name=Task=1)/@0x8d1c79b sb=Rect(0, 0 - 1080, 2400) eb=Rect(0, 0 - 1080, 2400) epz=Point(1080, 2400) d=0 taskParent=-1},
02-19 10:29:44.644  4449  4467 V WindowManagerShell:         {m=TO_BACK f=IS_WALLPAPER leash=Surface(name=WallpaperWindowToken{35e0c0f showWhenLocked=false})/@0x9056738 sb=Rect(0, 0 - 1080, 2400) eb=Rect(0, 0 - 1080, 2400) epz=Point(1080, 2400) d=0}
02-19 10:29:44.644  4449  4467 V WindowManagerShell:     ]}
02-19 10:29:44.646  4449  4467 V WindowManagerShell: Playing animation for (#91) android.os.BinderProxy@6042ef0@0
02-19 10:29:44.670  4449  4467 V ShellRecents: RecentsTransitionHandler.startAnimation: no controller found
02-19 10:29:44.672  4449  4467 V WindowManagerShell: Transition doesn't have explicit remote, search filters for match for {id=91 t=OPEN f=0x0 trk=0 r=[0@Point(0, 0)] c=[{m=OPEN f=NONE leash=Surface(name=Task=46)/@0x279afaa sb=Rect(0, 0 - 1080, 2400) eb=Rect(0, 0 - 1080, 2400) epz=Point(1080, 2400) d=0 taskParent=-1},{m=TO_BACK f=SHOW_WALLPAPER leash=Surface(name=Task=1)/@0x8d1c79b sb=Rect(0, 0 - 1080, 2400) eb=Rect(0, 0 - 1080, 2400) epz=Point(1080, 2400) d=0 taskParent=-1},{m=TO_BACK f=IS_WALLPAPER leash=Surface(name=WallpaperWindowToken{35e0c0f showWhenLocked=false})/@0x9056738 sb=Rect(0, 0 - 1080, 2400) eb=Rect(0, 0 - 1080, 2400) epz=Point(1080, 2400) d=0}]}
02-19 10:29:44.673  4449  4467 V WindowManagerShell:  Checking filter Pair{{types=[] flags=0x0] notFlags=0x0 checks=[{atype=undefined independent=true modes=[CLOSE,TO_BACK] flags=IN_TASK_WITH_EMBEDDED_ACTIVITY mustBeTask=false order=ANY topActivity=null launchCookie=null taskFragmentToken=android.os.BinderProxy@188d51a windowingMode=undefined}]} RemoteTransition { remoteTransition = android.window.IRemoteTransition$Stub$Proxy@44cd84b, appThread = android.app.IApplicationThread$Stub$Proxy@3a12228, debugName = overlayBackTransition }}
02-19 10:29:44.673  4449  4467 V WindowManagerShell:  Checking filter Pair{{types=[] flags=0x0] notFlags=0x0 checks=[{atype=dream independent=true modes=[OPEN,TO_FRONT] flags=NONE mustBeTask=false order=ANY topActivity=null launchCookie=null windowingMode=undefined},{atype=home independent=true modes=[CLOSE,TO_BACK] flags=NONE mustBeTask=false order=ANY topActivity=null launchCookie=null windowingMode=undefined}]} RemoteTransition { remoteTransition = android.window.IRemoteTransition$Stub$Proxy@6f3eb41, appThread = android.app.IApplicationThread$Stub$Proxy@ccf28e6, debugName = LauncherToDream }}
02-19 10:29:44.673  4449  4467 V WindowManagerShell:  Checking filter Pair{{types=[] flags=0x0] notFlags=0x100 checks=[{atype=home independent=true modes=[OPEN,TO_FRONT] flags=NONE mustBeTask=false order=TOP topActivity=ComponentInfo{com.google.android.apps.nexuslauncher/com.google.android.apps.nexuslauncher.NexusLauncherActivity} launchCookie=null windowingMode=undefined},{atype=standard independent=true modes=[CLOSE,TO_BACK] flags=NONE mustBeTask=false order=ANY topActivity=null launchCookie=null windowingMode=undefined},{NOT atype=undefined independent=true modes=[] flags=NONE mustBeTask=true order=ANY topActivity=null launchCookie=null customAnim=true windowingMode=undefined}]} RemoteTransition { remoteTransition = android.window.IRemoteTransition$Stub$Proxy@a8eae27, appThread = android.app.IApplicationThread$Stub$Proxy@fa38d4, debugName = QuickstepLaunchHome }}
02-19 10:29:44.673  4449  4467 V WindowManagerShell:  Delegate animation for (#91) to null
02-19 10:29:44.674  4449  4467 V WindowManagerShell: start default transition animation, info = {id=91 t=OPEN f=0x0 trk=0 r=[0@Point(0, 0)] c=[{m=OPEN f=NONE leash=Surface(name=Task=46)/@0x279afaa sb=Rect(0, 0 - 1080, 2400) eb=Rect(0, 0 - 1080, 2400) epz=Point(1080, 2400) d=0 taskParent=-1},{m=TO_BACK f=SHOW_WALLPAPER leash=Surface(name=Task=1)/@0x8d1c79b sb=Rect(0, 0 - 1080, 2400) eb=Rect(0, 0 - 1080, 2400) epz=Point(1080, 2400) d=0 taskParent=-1},{m=TO_BACK f=IS_WALLPAPER leash=Surface(name=WallpaperWindowToken{35e0c0f showWhenLocked=false})/@0x9056738 sb=Rect(0, 0 - 1080, 2400) eb=Rect(0, 0 - 1080, 2400) epz=Point(1080, 2400) d=0}]}
02-19 10:29:44.674  4449  4467 V WindowManagerShell: loadAnimation: anim=android.view.animation.AnimationSet@5fb4277 animAttr=0x13 type=OPEN isEntrance=false
02-19 10:29:44.711  4449  4467 V WindowManagerShell: loadAnimation: anim=android.view.animation.AnimationSet@945bee4 animAttr=0x12 type=OPEN isEntrance=true
02-19 10:29:44.734 24035 24035 D nativeloader: Configuring clns-9 for other apk /data/app/~~NUQj-rdXzuicW-16SIRtKA==/viva.republica.toss.test-Si406wFvb_sqEA2GTBV6RQ==/base.apk. target_sdk_version=35, uses_libraries=, library_path=/data/app/~~NUQj-rdXzuicW-16SIRtKA==/viva.republica.toss.test-Si406wFvb_sqEA2GTBV6RQ==/lib/x86_64:/data/app/~~NUQj-rdXzuicW-16SIRtKA==/viva.republica.toss.test-Si406wFvb_sqEA2GTBV6RQ==/base.apk!/lib/x86_64, permitted_path=/data:/mnt/expand:/data/user/0/viva.republica.toss.test
02-19 10:29:44.736 24035 24035 D CompatChangeReporter: Compat change id reported: 202956589; UID 10217; state: ENABLED
02-19 10:29:44.738  4449  4467 V WindowManagerShell:  animated by com.android.wm.shell.transition.DefaultTransitionHandler@f74d823
02-19 10:29:44.741 24035 24035 I blica.toss.test: AssetManager2(0x7d8fac428e58) locale list changing from [] to [en-US]
02-19 10:29:44.750 24035 24035 V GraphicsEnvironment: Currently set values for:
02-19 10:29:44.751 24035 24035 V GraphicsEnvironment:   angle_gl_driver_selection_pkgs=[]
02-19 10:29:44.751 24035 24035 V GraphicsEnvironment:   angle_gl_driver_selection_values=[]
02-19 10:29:44.751 24035 24035 V GraphicsEnvironment: viva.republica.toss.test is not listed in per-application setting
02-19 10:29:44.751 24035 24035 V GraphicsEnvironment: ANGLE allowlist from config: com.dreamgames.royalmatch com.dts.freefiremax com.dxx.firenow com.gramgames.mergedragons com.ludo.king com.mojang.minecraftpe com.my.defense com.nintendo.zaka com.os.airforce com.playrix.fishdomdd.gplay io.teslatech.callbreak jp.konami.prospia net.peakgames.toonblast
02-19 10:29:44.752 24035 24035 V GraphicsEnvironment: viva.republica.toss.test is not listed in ANGLE allowlist or settings, returning default
02-19 10:29:44.752 24035 24035 V GraphicsEnvironment: Neither updatable production driver nor prerelease driver is supported.
02-19 10:29:44.809 24035 24035 D CompatChangeReporter: Compat change id reported: 279646685; UID 10217; state: ENABLED
02-19 10:29:44.907 24035 24035 D nativeloader: Load /data/app/~~NUQj-rdXzuicW-16SIRtKA==/viva.republica.toss.test-Si406wFvb_sqEA2GTBV6RQ==/lib/x86_64/libmmkv.so using class loader ns clns-9 (caller=/data/app/~~NUQj-rdXzuicW-16SIRtKA==/viva.republica.toss.test-Si406wFvb_sqEA2GTBV6RQ==/base.apk): ok
02-19 10:29:44.908 24035 24050 E ashmem  : Pinning is deprecated since Android Q. Please use trim or other methods.
02-19 10:29:44.925 24035 24035 I blica.toss.test: AssetManager2(0x7d8fac426f18) locale list changing from [] to [en-US]
02-19 10:29:44.926 24035 24035 I WebViewFactory: Loading com.google.android.webview version 133.0.6943.137 (code 694313738)
02-19 10:29:44.931 24035 24035 I blica.toss.test: AssetManager2(0x7d8fac427878) locale list changing from [] to [en-US]
02-19 10:29:44.932 24035 24035 I blica.toss.test: AssetManager2(0x7d8fac4284f8) locale list changing from [] to [en-US]
02-19 10:29:44.933 24035 24035 V ResourcesManager: The following library key has been added: ResourcesKey{ mHash=a24a3099 mResDir=null mSplitDirs=[] mOverlayDirs=[] mLibDirs=[/data/app/~~86wu-kVgQoavtKNPNhKNpg==/com.google.android.webview-1KjOBROVBHjUvpUZHW2m2g==/WebViewGoogle.apk,/data/app/~~zfNTtjjfT5QjKD_7Ux4KKQ==/com.google.android.trichromelibrary_694313738-AgzLRnDhHPFXke_9IsnuqA==/TrichromeLibrary.apk] mDisplayId=0 mOverrideConfig=v36 mCompatInfo={420dpi always-compat} mLoaders=[]}
02-19 10:29:44.936 24035 24035 W blica.toss.test: Failed to find entry 'classes.dex': Entry not found
02-19 10:29:44.937 24035 24035 D nativeloader: Configuring clns-10 for other apk /data/app/~~zfNTtjjfT5QjKD_7Ux4KKQ==/com.google.android.trichromelibrary_694313738-AgzLRnDhHPFXke_9IsnuqA==/TrichromeLibrary.apk. target_sdk_version=34, uses_libraries=ALL, library_path=/data/app/~~86wu-kVgQoavtKNPNhKNpg==/com.google.android.webview-1KjOBROVBHjUvpUZHW2m2g==/lib/x86_64:/data/app/~~86wu-kVgQoavtKNPNhKNpg==/com.google.android.webview-1KjOBROVBHjUvpUZHW2m2g==/WebViewGoogle.apk!/lib/x86_64:/data/app/~~zfNTtjjfT5QjKD_7Ux4KKQ==/com.google.android.trichromelibrary_694313738-AgzLRnDhHPFXke_9IsnuqA==/TrichromeLibrary.apk!/lib/x86_64, permitted_path=/data:/mnt/expand
02-19 10:29:44.938 24035 24035 D ApplicationLoaders: Returning zygote-cached class loader: /system_ext/framework/androidx.window.extensions.jar
02-19 10:29:44.939 24035 24035 D nativeloader: Configuring clns-11 for other apk /data/app/~~86wu-kVgQoavtKNPNhKNpg==/com.google.android.webview-1KjOBROVBHjUvpUZHW2m2g==/WebViewGoogle.apk. target_sdk_version=34, uses_libraries=, library_path=/data/app/~~86wu-kVgQoavtKNPNhKNpg==/com.google.android.webview-1KjOBROVBHjUvpUZHW2m2g==/lib/x86_64:/data/app/~~86wu-kVgQoavtKNPNhKNpg==/com.google.android.webview-1KjOBROVBHjUvpUZHW2m2g==/WebViewGoogle.apk!/lib/x86_64:/data/app/~~zfNTtjjfT5QjKD_7Ux4KKQ==/com.google.android.trichromelibrary_694313738-AgzLRnDhHPFXke_9IsnuqA==/TrichromeLibrary.apk!/lib/x86_64, permitted_path=/data:/mnt/expand
02-19 10:29:45.041  4449  4467 V WindowManagerShell: Transition animation finished (aborted=false), notifying core (#91) android.os.BinderProxy@6042ef0@0
02-19 10:29:45.045   752   794 V WindowManager: Finish Transition (#91): created at 02-19 10:29:44.125 collect-started=0.217ms request-sent=37.191ms started=45.06ms ready=482.824ms sent=499.118ms commit=120.391ms finished=918.296ms
02-19 10:29:45.046  1341  1341 D VRI[NexusLauncherActivity]: visibilityChanged oldVisibility=true newVisibility=false
02-19 10:29:45.049  4449  4467 V WindowManagerShell: Track 0 became idle
02-19 10:29:45.049  4449  4467 V WindowManagerShell: All active transition animations finished
02-19 10:29:45.057  1341  1341 D NexusLauncherModelDelegate: notifySmartspaceEvent: SmartspaceTargetEvent{mSmartspaceTarget=null, mSmartspaceActionId='null', mEventType=7}
02-19 10:29:45.128 24035 24050 D nativeloader: Configuring clns-12 for other apk . target_sdk_version=35, uses_libraries=ALL, library_path=/data/app/~~NUQj-rdXzuicW-16SIRtKA==/viva.republica.toss.test-Si406wFvb_sqEA2GTBV6RQ==/lib/x86_64:/data/app/~~NUQj-rdXzuicW-16SIRtKA==/viva.republica.toss.test-Si406wFvb_sqEA2GTBV6RQ==/base.apk!/lib/x86_64, permitted_path=/data:/mnt/expand
02-19 10:29:45.159 24035 24050 D nativeloader: Load /data/app/~~NUQj-rdXzuicW-16SIRtKA==/viva.republica.toss.test-Si406wFvb_sqEA2GTBV6RQ==/lib/x86_64/libdceb.so using isolated ns clns-12 (caller=/data/user/0/viva.republica.toss.test/Anonymous-DexFile@1467667017.jar): ok
02-19 10:29:45.183 24035 24035 I cr_WVCFactoryProvider: version=133.0.6943.137 (694313738) minSdkVersion=29 isBundle=false multiprocess=true packageId=2
02-19 10:29:45.318 24035 24035 D nativeloader: Load /data/app/~~zfNTtjjfT5QjKD_7Ux4KKQ==/com.google.android.trichromelibrary_694313738-AgzLRnDhHPFXke_9IsnuqA==/TrichromeLibrary.apk!/lib/x86_64/libmonochrome_64.so using class loader ns clns-11 (caller=/data/app/~~86wu-kVgQoavtKNPNhKNpg==/com.google.android.webview-1KjOBROVBHjUvpUZHW2m2g==/WebViewGoogle.apk): ok
02-19 10:29:45.323 24035 24035 D nativeloader: Load /system/lib64/libwebviewchromium_plat_support.so using class loader ns clns-11 (caller=/data/app/~~86wu-kVgQoavtKNPNhKNpg==/com.google.android.webview-1KjOBROVBHjUvpUZHW2m2g==/WebViewGoogle.apk): ok
02-19 10:29:45.397 24035 24055 E chromium: [0219/102945.361113:ERROR:variations_seed_loader.cc(39)] Seed missing signature.
02-19 10:29:45.397 24035 24055 I chromium: [0219/102945.397747:INFO:variations_seed_loader.cc(67)] Failed to open file for reading.: No such file or directory (2)
02-19 10:29:45.404 24035 24035 I cr_LibraryLoader: Successfully loaded native library
02-19 10:29:45.405 24035 24035 I cr_CachingUmaRecorder: Flushed 6 samples from 6 histograms, 0 samples were dropped.
02-19 10:29:45.409 24035 24035 I cr_CombinedPProvider: #registerProvider() provider:WV.C8@88ca54d isPolicyCacheEnabled:false policyProvidersSize:0
02-19 10:29:45.410 24035 24035 I cr_PolicyProvider: #setManagerAndSource() 0
02-19 10:29:45.414   752  1509 V GrammaticalInflectionUtils: AttributionSource: android.content.AttributionSource@417cb677 does not have READ_SYSTEM_GRAMMATICAL_GENDER permission.
02-19 10:29:45.421  1263  1263 D Zygote  : Forked child process 24059
02-19 10:29:45.422   752  1095 D BackgroundInstallControlService: Package event received: 0
02-19 10:29:45.427   752  1509 D ActivityManager: sync unfroze 14715 com.google.android.gms for 6
02-19 10:29:45.428   752  1095 D BackgroundInstallControlService: Package event received: 0
02-19 10:29:45.432   752  1095 D BackgroundInstallControlService: Package event received: 0
02-19 10:29:45.527 24059 24059 I ocessService0:0: Using CollectorTypeCMC GC.
02-19 10:29:45.528 24059 24059 W ocessService0:0: Unexpected CPU variant for x86: x86_64.
02-19 10:29:45.528 24059 24059 W ocessService0:0: Known variants: atom, sandybridge, silvermont, goldmont, goldmont-plus, goldmont-without-sha-xsaves, tremont, kabylake, alderlake, default
02-19 10:29:45.531 24059 24059 E ocessService0:0: Not starting debugger since process cannot load the jdwp agent.
02-19 10:29:45.535 24059 24059 D nativeloader: Load libframework-connectivity-tiramisu-jni.so using APEX ns com_android_tethering for caller /apex/com.android.tethering/javalib/framework-connectivity-t.jar: ok
02-19 10:29:45.544   752  1509 W ActivityManager: Slow operation: 130ms so far, now at startProcess: done updating battery stats
02-19 10:29:45.544   752  1509 W ActivityManager: Slow operation: 130ms so far, now at startProcess: building log message
02-19 10:29:45.544   752  1509 I ActivityManager: Start proc 24059:com.google.android.webview:sandboxed_process0:org.chromium.content.app.SandboxedProcessService0:0/u0i17 for  {viva.republica.toss.test/org.chromium.content.app.SandboxedProcessService0:0}
02-19 10:29:45.544   752  1509 W ActivityManager: Slow operation: 130ms so far, now at startProcess: starting to update pids map
02-19 10:29:45.544   752  1509 I ActivityManager: ProcessObserver broadcast disabled
02-19 10:29:45.544   752  1509 W ActivityManager: Slow operation: 130ms so far, now at startProcess: done updating pids map
02-19 10:29:45.550 24059 24059 D CompatChangeReporter: Compat change id reported: 242716250; UID 99017; state: ENABLED
02-19 10:29:45.566 24059 24059 D ApplicationLoaders: Returning zygote-cached class loader: /system_ext/framework/androidx.window.extensions.jar
02-19 10:29:45.570 24059 24059 I ocessService0:0: AssetManager2(0x7d8fac42ba18) locale list changing from [] to [en-US]
02-19 10:29:45.579 24059 24059 I LoadedApk: No resource references to update in package com.google.android.trichromelibrary
02-19 10:29:45.581 14715 14715 D BoundBrokerSvc: onBind: Intent { act=com.google.android.gms.safetynet.service.START xflg=0x4 pkg=com.google.android.gms }
02-19 10:29:45.581 14715 14715 D BoundBrokerSvc: Loading bound service for intent: Intent { act=com.google.android.gms.safetynet.service.START xflg=0x4 pkg=com.google.android.gms }
02-19 10:29:45.583 24059 24059 I cr_WebViewApkApp: version=133.0.6943.137 (694313738) minSdkVersion=29 isBundle=false processName=com.google.android.webview:sandboxed_process0:org.chromium.content.app.SandboxedProcessService0:0
02-19 10:29:45.587   752   806 W ActivityManager: Slow operation: 173ms so far, now at startProcess: returned from zygote!
02-19 10:29:45.590   752  1095 D BackgroundInstallControlService: Package event received: 0
02-19 10:29:45.596 24059 24059 I cr_ChildProcessService: Creating new ChildProcessService pid=24059
02-19 10:29:46.175 24035 24035 I cr_CombinedPProvider: #linkNativeInternal() 1
02-19 10:29:46.176 24035 24035 I cr_AppResProvider: #getApplicationRestrictionsFromUserManager() Bundle[EMPTY_PARCEL]
02-19 10:29:46.177 24035 24035 I cr_PolicyProvider: #notifySettingsAvailable() 0
02-19 10:29:46.177 24035 24035 I cr_CombinedPProvider: #onSettingsAvailable() 0
02-19 10:29:46.177 24035 24035 I cr_CombinedPProvider: #flushPolicies()
02-19 10:29:46.395 24035 24035 I blica.toss.test: AssetManager2(0x7d8fac4281d8) locale list changing from [] to [en-US]
02-19 10:29:46.398 24035 24035 I blica.toss.test: AssetManager2(0x7d8fac425938) locale list changing from [] to [en-US]
02-19 10:29:46.403 24035 24035 D DesktopModeFlags: Toggle override initialized to: OVERRIDE_UNSET
02-19 10:29:46.407 24035 24035 I DisplayManager: Implicitly registering for refresh rate
02-19 10:29:49.678 24089 24089 W dumpsys : Thread Pool max thread count is 0. Cannot cache binder as linkToDeath cannot be implemented. serviceName: package
02-19 10:29:49.779   752  1981 D ActivityManager: sync unfroze 4606 com.google.android.webview:webview_service for 6
02-19 10:29:49.779   752  1095 D BackgroundInstallControlService: Package event received: 0
02-19 10:29:49.780   752  1095 D BackgroundInstallControlService: Package event received: 0
02-19 10:29:49.781   752  1981 W IPCThreadState: Sending oneway calls to frozen process.
02-19 10:29:49.836  4656 24104 W adservices: Skip logging because Cobalt logger is null
02-19 10:29:49.846 24035 24103 D nativeloader: Load /data/app/~~NUQj-rdXzuicW-16SIRtKA==/viva.republica.toss.test-Si406wFvb_sqEA2GTBV6RQ==/lib/x86_64/libbugsnag-root-detection.so using class loader ns clns-9 (caller=/data/app/~~NUQj-rdXzuicW-16SIRtKA==/viva.republica.toss.test-Si406wFvb_sqEA2GTBV6RQ==/base.apk): ok
02-19 10:29:49.867  4656 24105 W adservices: Skip logging because Cobalt is disabled.
02-19 10:29:49.939 23815 23826 I artd    : GetBestInfo: odex next to the dex file (/data/app/~~O-UZzK0jUU9NLgS3MODOZA==/com.google.android.gms-YQ2L6GsYyKuvu9MvIBK1EQ==/oat/x86_64/base.odex) is kOatUpToDate with filter 'speed-profile' executable 'false'
02-19 10:29:49.944   752  1981 D FileUtils: Rounded bytes from 2067259392 to 4000000000
02-19 10:29:49.945 23815 23826 I artd    : GetBestInfo: odex next to the dex file (/data/app/~~O-UZzK0jUU9NLgS3MODOZA==/com.google.android.gms-YQ2L6GsYyKuvu9MvIBK1EQ==/oat/x86_64/split_AdsDynamite_installtime.odex) is kOatUpToDate with filter 'speed' executable 'false'
02-19 10:29:49.951 23815 23827 I artd    : GetBestInfo: odex next to the dex file (/data/app/~~O-UZzK0jUU9NLgS3MODOZA==/com.google.android.gms-YQ2L6GsYyKuvu9MvIBK1EQ==/oat/x86_64/split_CronetDynamite_installtime.odex) is kOatUpToDate with filter 'speed' executable 'false'
02-19 10:29:49.958 23815 23827 I artd    : GetBestInfo: odex next to the dex file (/data/app/~~O-UZzK0jUU9NLgS3MODOZA==/com.google.android.gms-YQ2L6GsYyKuvu9MvIBK1EQ==/oat/x86_64/split_DynamiteLoader_installtime.odex) is kOatUpToDate with filter 'speed' executable 'false'
02-19 10:29:49.964 23815 23827 I artd    : GetBestInfo: odex next to the dex file (/data/app/~~O-UZzK0jUU9NLgS3MODOZA==/com.google.android.gms-YQ2L6GsYyKuvu9MvIBK1EQ==/oat/x86_64/split_DynamiteModulesA_installtime.odex) is kOatUpToDate with filter 'speed' executable 'false'
02-19 10:29:50.008 24035 24101 D nativeloader: Load /data/app/~~NUQj-rdXzuicW-16SIRtKA==/viva.republica.toss.test-Si406wFvb_sqEA2GTBV6RQ==/lib/x86_64/libbugsnag-ndk.so using class loader ns clns-9 (caller=<unknown>): ok
02-19 10:29:50.017 23815 23827 I artd    : GetBestInfo: odex next to the dex file (/data/app/~~O-UZzK0jUU9NLgS3MODOZA==/com.google.android.gms-YQ2L6GsYyKuvu9MvIBK1EQ==/oat/x86_64/split_DynamiteModulesC_installtime.odex) is kOatUpToDate with filter 'speed' executable 'false'
02-19 10:29:50.022 23815 23827 I artd    : GetBestInfo: odex next to the dex file (/data/app/~~O-UZzK0jUU9NLgS3MODOZA==/com.google.android.gms-YQ2L6GsYyKuvu9MvIBK1EQ==/oat/x86_64/split_GoogleCertificates_installtime.odex) is kOatUpToDate with filter 'speed' executable 'false'
02-19 10:29:50.027 23815 23827 I artd    : GetBestInfo: odex next to the dex file (/data/app/~~O-UZzK0jUU9NLgS3MODOZA==/com.google.android.gms-YQ2L6GsYyKuvu9MvIBK1EQ==/oat/x86_64/split_MapsDynamite_installtime.odex) is kOatUpToDate with filter 'speed' executable 'false'
02-19 10:29:50.034 23815 23827 I artd    : GetBestInfo: odex next to the dex file (/data/app/~~O-UZzK0jUU9NLgS3MODOZA==/com.google.android.gms-YQ2L6GsYyKuvu9MvIBK1EQ==/oat/x86_64/split_MeasurementDynamite_installtime.odex) is kOatUpToDate with filter 'speed' executable 'false'
02-19 10:29:50.038 23815 23827 I artd    : GetBestInfo: /data/app/~~O-UZzK0jUU9NLgS3MODOZA==/com.google.android.gms-YQ2L6GsYyKuvu9MvIBK1EQ==/split_maps_core_dynamite_ondemand.apk has no usable artifacts
02-19 10:29:50.043 23815 23827 I artd    : GetBestInfo: /data/user_de/0/com.google.android.gms/app_chimera/m/0000000c/dl-Appsearch.optional_250834100800.apk has no usable artifacts
02-19 10:29:50.045 23815 23827 I artd    : GetBestInfo: /data/user_de/0/com.google.android.gms/app_chimera/m/00000001/CronetDynamite.apk has no usable artifacts
02-19 10:29:50.046 23815 23827 I artd    : GetBestInfo: /data/user_de/0/com.google.android.gms/app_chimera/m/00000002/DynamiteLoader.apk has no usable artifacts
02-19 10:29:50.047 23815 23827 I artd    : GetBestInfo: /data/user_de/0/com.google.android.gms/app_chimera/m/00000005/GoogleCertificates.apk has no usable artifacts
02-19 10:29:50.053 23815 23827 I artd    : GetBestInfo: /data/user_de/0/com.google.android.gms/app_chimera/m/00000009/dl-TfliteDynamiteDynamite.integ_252130102100800.apk has no usable artifacts
02-19 10:29:50.059 23815 23827 I artd    : GetBestInfo: vdex next to the dex file (/data/user/0/com.google.android.gms/app_dg_cache/BF7C023AB90CCF01D1F467FC1CEBAF866511FF29/oat/x86_64/the.vdex) is kOatUpToDate with filter 'verify' executable 'false'
02-19 10:29:50.061   752  2417 D FileUtils: Rounded bytes from 2067259392 to 4000000000
02-19 10:29:50.063 24035 24035 W BugsnagNDK: Initialization complete!
02-19 10:29:50.065 23815 23827 I artd    : GetBestInfo: /data/user_de/0/com.google.android.gms/app_chimera/m/00000010/dl-PlayCloudSearch.optional_250834100000.apk has no usable artifacts
02-19 10:29:50.072 23815 23827 I artd    : GetBestInfo: /data/user_de/0/com.google.android.gms/app_chimera/m/00000017/dl-PlayCloudSearch.optional_260438100000.apk has no usable artifacts
02-19 10:29:50.077 23815 23827 I artd    : GetBestInfo: /data/user_de/0/com.google.android.gms/app_chimera/m/00000015/dl-MlkitOcrCommon.optional_260438100800.apk has no usable artifacts
02-19 10:29:50.077 24035 24101 D nativeloader: Load /data/app/~~NUQj-rdXzuicW-16SIRtKA==/viva.republica.toss.test-Si406wFvb_sqEA2GTBV6RQ==/lib/x86_64/libbugsnag-plugin-android-anr.so using class loader ns clns-9 (caller=<unknown>): ok
02-19 10:29:50.081 23815 23827 I artd    : GetBestInfo: /data/user_de/0/com.google.android.gms/app_chimera/m/00000013/dl-MlkitBarcodeUi.optional_260438100800.apk has no usable artifacts
02-19 10:29:50.086 23815 23827 I artd    : GetBestInfo: /data/user_de/0/com.google.android.gms/app_chimera/m/0000000f/dl-MlkitOcrCommon.optional_250834100800.apk has no usable artifacts
02-19 10:29:50.091 23815 23827 I artd    : GetBestInfo: /data/user_de/0/com.google.android.gms/app_chimera/m/0000000d/dl-VisionOcr.optional_250834100000.apk has no usable artifacts
02-19 10:29:50.094   752   775 I system_server: Background concurrent mark compact GC freed 25MB AllocSpace bytes, 24(888KB) LOS objects, 42% free, 31MB/55MB, paused 1.890ms,3.649ms total 413.196ms
02-19 10:29:50.099   752  2417 D ConnectivityService: requestNetwork for uid/pid:10217/24035 activeRequest: null callbackRequest: 385 [NetworkRequest [ REQUEST id=386, [ Capabilities: INTERNET&NOT_RESTRICTED&TRUSTED&NOT_VCN_MANAGED&NOT_BANDWIDTH_CONSTRAINED Uid: 10217 RequestorUid: 10217 RequestorPkg: viva.republica.toss.test UnderlyingNetworks: Null] ]] callback flags: 0 order: 2147483647 isUidTracked: false declaredMethods: AVAIL|UNAVAIL
02-19 10:29:50.100 23815 23827 I artd    : GetBestInfo: /data/user_de/0/com.google.android.gms/app_chimera/m/0000000a/dl-MlkitBarcodeUi.optional_250834100800.apk has no usable artifacts
02-19 10:29:50.105 24035 24035 W System.err: SLF4J: No SLF4J providers were found.
02-19 10:29:50.105 24035 24035 W System.err: SLF4J: Defaulting to no-operation (NOP) logger implementation
02-19 10:29:50.105 24035 24035 W System.err: SLF4J: See https://www.slf4j.org/codes.html#noProviders for further details.
02-19 10:29:50.106   752  1023 D OemPaidWifiNetworkFactory: got request NetworkRequest [ REQUEST id=386, [ Capabilities: INTERNET&NOT_RESTRICTED&TRUSTED&NOT_VCN_MANAGED&NOT_BANDWIDTH_CONSTRAINED Uid: 10217 RequestorUid: 10217 RequestorPkg: viva.republica.toss.test UnderlyingNetworks: Null] ]
02-19 10:29:50.107   752   777 W System  : A resource failed to call release. 
02-19 10:29:50.107   752  1023 D MultiInternetWifiNetworkFactory: got request NetworkRequest [ REQUEST id=386, [ Capabilities: INTERNET&NOT_RESTRICTED&TRUSTED&NOT_VCN_MANAGED&NOT_BANDWIDTH_CONSTRAINED Uid: 10217 RequestorUid: 10217 RequestorPkg: viva.republica.toss.test UnderlyingNetworks: Null] ]
02-19 10:29:50.108   752  1023 D WifiNetworkFactory: got request NetworkRequest [ REQUEST id=386, [ Capabilities: INTERNET&NOT_RESTRICTED&TRUSTED&NOT_VCN_MANAGED&NOT_BANDWIDTH_CONSTRAINED Uid: 10217 RequestorUid: 10217 RequestorPkg: viva.republica.toss.test UnderlyingNetworks: Null] ]
02-19 10:29:50.108   752  1023 D UntrustedWifiNetworkFactory: got request NetworkRequest [ REQUEST id=386, [ Capabilities: INTERNET&NOT_RESTRICTED&TRUSTED&NOT_VCN_MANAGED&NOT_BANDWIDTH_CONSTRAINED Uid: 10217 RequestorUid: 10217 RequestorPkg: viva.republica.toss.test UnderlyingNetworks: Null] ]
02-19 10:29:50.108   752  1029 D ConnectivityService: NetReassign [386 : null â†’ 105] [c 0] [a 3] [i 4]
02-19 10:29:50.108 23815 23826 I artd    : GetBestInfo: /data/user_de/0/com.google.android.gms/app_chimera/m/00000011/dl-VisionOcr.optional_260438100000.apk has no usable artifacts
02-19 10:29:50.110 23815 23826 I artd    : GetBestInfo: /data/user_de/0/com.google.android.gms/app_chimera/m/00000012/dl-Appsearch.optional_260438100800.apk has no usable artifacts
02-19 10:29:50.115 23815 23826 I artd    : GetBestInfo: vdex next to the dex file (/data/user/0/com.google.android.gms/app_dg_cache/94DF452EEF4B8E717545DCDEA6CC3C50A319A195/oat/x86_64/the.vdex) is kOatUpToDate with filter 'verify' executable 'false'
02-19 10:29:50.117 23815 23826 I artd    : GetBestInfo: /data/user_de/0/com.google.android.gms/app_chimera/m/00000007/MeasurementDynamite.apk has no usable artifacts
02-19 10:29:50.118 23815 23826 I artd    : GetBestInfo: /data/user_de/0/com.google.android.gms/app_chimera/m/00000018/dl-AdsFdrDynamite.integ_254380203100000.apk has no usable artifacts
02-19 10:29:50.121   752  1981 W OptProp : Cannot read opt property android.window.PROPERTY_COMPAT_ENABLE_FAKE_FOCUS
02-19 10:29:50.135   752  1095 D BackgroundInstallControlService: Package event received: 0
02-19 10:29:50.139   752  1095 D BackgroundInstallControlService: Package event received: 0
02-19 10:29:50.141 24035 24035 I Choreographer: Skipped 319 frames!  The application may be doing too much work on its main thread.
02-19 10:29:50.160 24035 24035 I blica.toss.test: AssetManager2(0x7d8fac42ec18) locale list changing from [] to [en-US]
02-19 10:29:50.167 24035 24118 I CameraManagerGlobal: Connecting to camera service
02-19 10:29:50.171   615 21625 I AttributionAndPermissionUtils: checkPermission (forDataDelivery 0 startDataDelivery 0): Permission hard denied for client attribution [uid 10217, pid 24035, packageName "<unknown>"]
02-19 10:29:50.179 24035 24035 I blica.toss.test: AssetManager2(0x7d8fac432138) locale list changing from [] to [en-US]
02-19 10:29:50.493 24035 24035 I blica.toss.test: AssetManager2(0x7d8fac432778) locale list changing from [] to [en-US]
02-19 10:29:50.502 24035 24035 D CompatChangeReporter: Compat change id reported: 309578419; UID 10217; state: ENABLED
02-19 10:29:50.558 24035 24120 I EGL_emulation: Opening libGLESv1_CM_emulation.so
02-19 10:29:50.561 24035 24120 I EGL_emulation: Opening libGLESv2_emulation.so
02-19 10:29:50.591 24035 24120 W HWUI    : Failed to choose config with EGL_SWAP_BEHAVIOR_PRESERVED, retrying without...
02-19 10:29:50.592 24035 24120 W HWUI    : Failed to initialize 101010-2 format, error = EGL_SUCCESS
02-19 10:29:50.723   752  1856 E TaskPersister: File error accessing recents directory (directory doesn't exist?).
02-19 10:29:50.750 24035 24035 D CompatChangeReporter: Compat change id reported: 352594277; UID 10217; state: ENABLED
02-19 10:29:50.765 24035 24035 D CompatChangeReporter: Compat change id reported: 349153669; UID 10217; state: ENABLED
02-19 10:29:50.771 24035 24035 W HWUI    : Unknown dataspace 0
02-19 10:29:50.795 24035 24035 V SoLoader: Init System Loader delegate
02-19 10:29:51.033 24035 24151 W unknown:InspectorPackagerConnection: Couldn't connect to packager, will silently retry
02-19 10:29:51.035 24035 24150 W unknown:ReconnectingWebSocket: Couldn't connect to "ws://10.0.2.2:8081/message?device=sdk_gphone64_x86_64%20-%2016%20-%20API%2036&app=viva.republica.toss.test&clientid=BridgeDevSupportManager", will silently retry
02-19 10:29:51.270   752  1509 D CoreBackPreview: Window{e7859e9 u0 viva.republica.toss.test/im.toss.rn.granite.core.GraniteActivity}: Setting back callback OnBackInvokedCallbackInfo{mCallback=android.window.IOnBackInvokedCallback$Stub$Proxy@af8bf2b, mPriority=0, mIsAnimationCallback=false, mOverrideBehavior=0}
02-19 10:29:51.273 24035 24035 W unknown:ReactRootView: Unable to update root layout specs for uninitialized ReactInstanceManager
02-19 10:29:51.347   752   794 I ActivityTaskManager: Displayed viva.republica.toss.test/im.toss.rn.granite.core.GraniteActivity for user 0: +7s227ms
02-19 10:29:51.364  1341  1341 D BaseDepthController: setSurface:
02-19 10:29:51.364  1341  1341 D BaseDepthController: 	mWaitingOnSurfaceValidity: false
02-19 10:29:51.364  1341  1341 D BaseDepthController: 	mBaseSurface: null
02-19 10:29:51.364  1341  1341 D BaseDepthController: mSurface is null and mCurrentBlur is: 0
02-19 10:29:51.365 24035 24035 E unknown:ReactRootView: Unhandled SoftException
02-19 10:29:51.365 24035 24035 E unknown:ReactRootView: com.facebook.react.uimanager.IllegalViewOperationException: Trying to attach a ReactRootView with an explicit id already set to [2131362676]. React Native uses the id field to track react tags and will overwrite this field. If that is fine, explicitly overwrite the id field to View.NO_ID.
02-19 10:29:51.365 24035 24035 E unknown:ReactRootView: 	at com.facebook.react.ReactRootView.attachToReactInstanceManager(:799)
02-19 10:29:51.365 24035 24035 E unknown:ReactRootView: 	at com.facebook.react.ReactRootView.startReactApplication(:509)
02-19 10:29:51.365 24035 24035 E unknown:ReactRootView: 	at com.facebook.react.ReactRootView.startReactApplication(:469)
02-19 10:29:51.365 24035 24035 E unknown:ReactRootView: 	at im.toss.rn.granite.core.GraniteActivity.write(:486)
02-19 10:29:51.365 24035 24035 E unknown:ReactRootView: 	at im.toss.rn.granite.core.GraniteActivity.RemoteActionCompatParcelizer(:124)
02-19 10:29:51.365 24035 24035 E unknown:ReactRootView: 	at im.toss.rn.granite.core.GraniteActivity$RemoteActionCompatParcelizer.IconCompatParcelizer(:65353)
02-19 10:29:51.365 24035 24035 E unknown:ReactRootView: 	at o.sh.a_(:33)
02-19 10:29:51.365 24035 24035 E unknown:ReactRootView: 	at o.xP.run(:100)
02-19 10:29:51.365 24035 24035 E unknown:ReactRootView: 	at android.os.Handler.handleCallback(Handler.java:995)
02-19 10:29:51.365 24035 24035 E unknown:ReactRootView: 	at android.os.Handler.dispatchMessage(Handler.java:103)
02-19 10:29:51.365 24035 24035 E unknown:ReactRootView: 	at android.os.Looper.loopOnce(Looper.java:248)
02-19 10:29:51.365 24035 24035 E unknown:ReactRootView: 	at android.os.Looper.loop(Looper.java:338)
02-19 10:29:51.365 24035 24035 E unknown:ReactRootView: 	at android.app.ActivityThread.main(ActivityThread.java:9067)
02-19 10:29:51.365 24035 24035 E unknown:ReactRootView: 	at java.lang.reflect.Method.invoke(Native Method)
02-19 10:29:51.365 24035 24035 E unknown:ReactRootView: 	at com.android.internal.os.RuntimeInit$MethodAndArgsCaller.run(RuntimeInit.java:593)
02-19 10:29:51.365 24035 24035 E unknown:ReactRootView: 	at com.android.internal.os.ZygoteInit.main(ZygoteInit.java:932)
02-19 10:29:51.366  1341  1341 D StateManager: goToState - fromState: Normal, toState: Normal, partial trace:
02-19 10:29:51.366  1341  1341 D StateManager: 	at com.android.launcher3.statemanager.StateManager.moveToRestState(go/retraceme 72a59688580715d19f0e415c69e80376c2f062d1648c80db6730905005a27c20:4)
02-19 10:29:51.366  1341  1341 D StateManager: 	at com.android.launcher3.statemanager.StateManager.moveToRestState(go/retraceme 72a59688580715d19f0e415c69e80376c2f062d1648c80db6730905005a27c20:1)
02-19 10:29:51.366  1341  1341 D StateManager: 	at com.android.launcher3.statemanager.StatefulActivity.onStop(go/retraceme 72a59688580715d19f0e415c69e80376c2f062d1648c80db6730905005a27c20:34)
02-19 10:29:51.366  1341  1341 D StatsLog: LAUNCHER_ONSTOP
02-19 10:29:51.370  1341  1341 D StatsLog: LAUNCHER_GOOGLE_SEARCH_RESTORE_LIST_SIZE_AFTER_ACTIVITY_RESTART
02-19 10:29:51.388   752  1095 D BackgroundInstallControlService: Package event received: 0
02-19 10:29:51.388 20068 20154 I FontLog : (REDACTED) Received query %s, URI %s
02-19 10:29:51.389 20068 20154 I FontLog : (REDACTED) Query [%s] resolved to %s
02-19 10:29:51.395 24035 24035 D CompatChangeReporter: Compat change id reported: 270674727; UID 10217; state: ENABLED
02-19 10:29:51.401   752   989 I ImeTracker: viva.republica.toss.test:3a7dffe6: onRequestHide at ORIGIN_SERVER reason HIDE_UNSPECIFIED_WINDOW fromUser false
02-19 10:29:51.422 24035 24035 D CompatChangeReporter: Compat change id reported: 63938206; UID 10217; state: ENABLED
02-19 10:29:51.521   752  1509 D CoreBackPreview: Window{bfcc72a u0 PopupWindow:ba909bd}: Setting back callback OnBackInvokedCallbackInfo{mCallback=android.window.IOnBackInvokedCallback$Stub$Proxy@aed0ab8, mPriority=0, mIsAnimationCallback=false, mOverrideBehavior=0}
02-19 10:29:51.638 20068 20154 I FontLog : (REDACTED) Fetch %s end status %s
02-19 10:29:51.756 20068 20154 I FontLog : (REDACTED) Pulling font file for id = %d, cache size = %d
02-19 10:29:51.766  1563  1563 I GoogleInputMethodService: GoogleInputMethodService.onFinishInput():2043 
02-19 10:29:51.772  1563  1563 I Module  : DeviceLockedStatusModuleProvider$Module.updateDeviceLockedStatus():100 repeatCheckTimes = 0, locked = false
02-19 10:29:51.774  1563  1563 I GoogleInputMethodService: GoogleInputMethodService.onStartInput():1293 onStartInput(EditorInfo{EditorInfo{packageName=viva.republica.toss.test, inputType=0, inputTypeString=NULL, enableLearning=false, autoCorrection=false, autoComplete=false, imeOptions=0, privateImeOptions=null, actionName=UNSPECIFIED, actionLabel=null, initialSelStart=-1, initialSelEnd=-1, initialCapsMode=0, label=null, fieldId=0, fieldName=null, extras=null, hintText=null, hintLocales=[]}}, false)
02-19 10:29:51.776   752  1509 I ImeTracker: system_server:1657b1ef: onRequestHide at ORIGIN_SERVER reason IME_REQUESTED_CHANGED_LISTENER fromUser false
02-19 10:29:51.786  1563  1563 I Module  : DeviceLockedStatusModuleProvider$Module.updateDeviceLockedStatus():100 repeatCheckTimes = 1, locked = false
02-19 10:29:51.787   752   797 I ImeTracker: system_server:1657b1ef: onCancelled at PHASE_SERVER_SHOULD_HIDE
02-19 10:29:51.788  1563  1563 I EmojiCompatManager: EmojiCompatManager.getEmojiCompatIfLoaded():343 EmojiCompat.init() was never called.
02-19 10:29:51.788  1563  1563 I EmojiCompatManager: java.lang.IllegalStateException: EmojiCompat is not initialized. Please call EmojiCompat.init() first
02-19 10:29:51.788  1563  1563 I EmojiCompatManager: 	at asx.p(PG:6)
02-19 10:29:51.788  1563  1563 I EmojiCompatManager: 	at axb.b(PG:13)
02-19 10:29:51.788  1563  1563 I EmojiCompatManager: 	at jnr.b(PG:2)
02-19 10:29:51.788  1563  1563 I EmojiCompatManager: 	at jnr.c(PG:4)
02-19 10:29:51.788  1563  1563 I EmojiCompatManager: 	at jnr.f(PG:3)
02-19 10:29:51.788  1563  1563 I EmojiCompatManager: 	at jnx.c(PG:3)
02-19 10:29:51.788  1563  1563 I EmojiCompatManager: 	at kif.cz(PG:47)
