02-19 10:29:51.788  1563  1563 I EmojiCompatManager: 	at lhl.run(PG:1025)
02-19 10:29:51.788  1563  1563 I EmojiCompatManager: 	at jaf.execute(PG:12)
02-19 10:29:51.788  1563  1563 I EmojiCompatManager: 	at nco.v(PG:13)
02-19 10:29:51.788  1563  1563 I EmojiCompatManager: 	at lhn.m(PG:96)
02-19 10:29:51.788  1563  1563 I EmojiCompatManager: 	at lhn.k(PG:25)
02-19 10:29:51.788  1563  1563 I EmojiCompatManager: 	at kgn.onStartInput(PG:250)
02-19 10:29:51.788  1563  1563 I EmojiCompatManager: 	at android.inputmethodservice.InputMethodService.doStartInput(InputMethodService.java:3521)
02-19 10:29:51.788  1563  1563 I EmojiCompatManager: 	at android.inputmethodservice.InputMethodService$InputMethodImpl.startInput(InputMethodService.java:879)
02-19 10:29:51.788  1563  1563 I EmojiCompatManager: 	at android.inputmethodservice.InputMethodService$InputMethodImpl.dispatchStartInput(InputMethodService.java:908)
02-19 10:29:51.788  1563  1563 I EmojiCompatManager: 	at android.inputmethodservice.IInputMethodWrapper.executeMessage(IInputMethodWrapper.java:201)
02-19 10:29:51.788  1563  1563 I EmojiCompatManager: 	at com.android.internal.os.HandlerCaller$MyHandler.handleMessage(HandlerCaller.java:44)
02-19 10:29:51.788  1563  1563 I EmojiCompatManager: 	at android.os.Handler.dispatchMessage(Handler.java:110)
02-19 10:29:51.788  1563  1563 I EmojiCompatManager: 	at android.os.Looper.loopOnce(Looper.java:248)
02-19 10:29:51.788  1563  1563 I EmojiCompatManager: 	at android.os.Looper.loop(Looper.java:338)
02-19 10:29:51.788  1563  1563 I EmojiCompatManager: 	at android.app.ActivityThread.main(ActivityThread.java:9067)
02-19 10:29:51.788  1563  1563 I EmojiCompatManager: 	at java.lang.reflect.Method.invoke(Native Method)
02-19 10:29:51.788  1563  1563 I EmojiCompatManager: 	at com.android.internal.os.RuntimeInit$MethodAndArgsCaller.run(RuntimeInit.java:593)
02-19 10:29:51.788  1563  1563 I EmojiCompatManager: 	at com.android.internal.os.ZygoteInit.main(ZygoteInit.java:932)
02-19 10:29:51.790   752  1509 W PackageConfigPersister: App-specific configuration not found for packageName: viva.republica.toss.test and userId: 0
02-19 10:29:51.868  4449  4474 W WindowOnBackDispatcher: sendCancelIfRunning: isInProgress=false callback=android.view.ViewRootImpl$$ExternalSyntheticLambda13@3829723
02-19 10:29:51.888 20068 20154 I FontLog : (REDACTED) Pulling font file for id = %d, cache size = %d
02-19 10:29:51.905   615 21625 W IPCThreadState: Sending oneway calls to frozen process.
02-19 10:29:51.914   752  1456 D CoreBackPreview: Window{a36b934 u0 Splash Screen viva.republica.toss.test EXITING}: Setting back callback null
02-19 10:29:51.915 24035 24035 D InsetsController: hide(ime(), fromIme=false)
02-19 10:29:51.920 24035 24035 I ImeTracker: viva.republica.toss.test:3a7dffe6: onCancelled at PHASE_CLIENT_ALREADY_HIDDEN
02-19 10:29:53.350 24035 24035 W WindowOnBackDispatcher: sendCancelIfRunning: isInProgress=false callback=android.view.ViewRootImpl$$ExternalSyntheticLambda13@9f7d680
02-19 10:29:53.350   752  2368 D CoreBackPreview: Window{bfcc72a u0 PopupWindow:ba909bd}: Setting back callback null
02-19 10:29:53.765 24035 24159 D nativeloader: Load /data/app/~~NUQj-rdXzuicW-16SIRtKA==/viva.republica.toss.test-Si406wFvb_sqEA2GTBV6RQ==/lib/x86_64/libc++_shared.so using class loader ns clns-9 (caller=<unknown>): ok
02-19 10:29:53.790 24035 24159 D nativeloader: Load /data/app/~~NUQj-rdXzuicW-16SIRtKA==/viva.republica.toss.test-Si406wFvb_sqEA2GTBV6RQ==/lib/x86_64/libglog.so using class loader ns clns-9 (caller=<unknown>): ok
02-19 10:29:53.796 24035 24159 D nativeloader: Load /data/app/~~NUQj-rdXzuicW-16SIRtKA==/viva.republica.toss.test-Si406wFvb_sqEA2GTBV6RQ==/lib/x86_64/libfolly_runtime.so using class loader ns clns-9 (caller=<unknown>): ok
02-19 10:29:53.801 24035 24159 D nativeloader: Load /data/app/~~NUQj-rdXzuicW-16SIRtKA==/viva.republica.toss.test-Si406wFvb_sqEA2GTBV6RQ==/lib/x86_64/libfbjni.so using class loader ns clns-9 (caller=<unknown>): ok
02-19 10:29:53.807 24035 24159 D nativeloader: Load /data/app/~~NUQj-rdXzuicW-16SIRtKA==/viva.republica.toss.test-Si406wFvb_sqEA2GTBV6RQ==/lib/x86_64/libjsi.so using class loader ns clns-9 (caller=<unknown>): ok
02-19 10:29:53.810 24035 24159 D nativeloader: Load /data/app/~~NUQj-rdXzuicW-16SIRtKA==/viva.republica.toss.test-Si406wFvb_sqEA2GTBV6RQ==/lib/x86_64/libhermes.so using class loader ns clns-9 (caller=<unknown>): ok
02-19 10:29:53.816 24035 24159 D nativeloader: Load /data/app/~~NUQj-rdXzuicW-16SIRtKA==/viva.republica.toss.test-Si406wFvb_sqEA2GTBV6RQ==/lib/x86_64/libfb.so using class loader ns clns-9 (caller=<unknown>): ok
02-19 10:29:53.822 24035 24159 D nativeloader: Load /data/app/~~NUQj-rdXzuicW-16SIRtKA==/viva.republica.toss.test-Si406wFvb_sqEA2GTBV6RQ==/lib/x86_64/libyoga.so using class loader ns clns-9 (caller=<unknown>): ok
02-19 10:29:53.828 24035 24159 D nativeloader: Load /data/app/~~NUQj-rdXzuicW-16SIRtKA==/viva.republica.toss.test-Si406wFvb_sqEA2GTBV6RQ==/lib/x86_64/libruntimeexecutor.so using class loader ns clns-9 (caller=<unknown>): ok
02-19 10:29:53.831 24035 24159 D nativeloader: Load /data/app/~~NUQj-rdXzuicW-16SIRtKA==/viva.republica.toss.test-Si406wFvb_sqEA2GTBV6RQ==/lib/x86_64/libreact_debug.so using class loader ns clns-9 (caller=<unknown>): ok
02-19 10:29:53.834 24035 24159 D nativeloader: Load /data/app/~~NUQj-rdXzuicW-16SIRtKA==/viva.republica.toss.test-Si406wFvb_sqEA2GTBV6RQ==/lib/x86_64/libglog_init.so using class loader ns clns-9 (caller=<unknown>): ok
02-19 10:29:53.836 24035 24159 D nativeloader: Load /data/app/~~NUQj-rdXzuicW-16SIRtKA==/viva.republica.toss.test-Si406wFvb_sqEA2GTBV6RQ==/lib/x86_64/libreact_utils.so using class loader ns clns-9 (caller=<unknown>): ok
02-19 10:29:53.839 24035 24159 D nativeloader: Load /data/app/~~NUQj-rdXzuicW-16SIRtKA==/viva.republica.toss.test-Si406wFvb_sqEA2GTBV6RQ==/lib/x86_64/libreact_render_mapbuffer.so using class loader ns clns-9 (caller=<unknown>): ok
02-19 10:29:53.842 24035 24159 D nativeloader: Load /data/app/~~NUQj-rdXzuicW-16SIRtKA==/viva.republica.toss.test-Si406wFvb_sqEA2GTBV6RQ==/lib/x86_64/libreact_render_graphics.so using class loader ns clns-9 (caller=<unknown>): ok
02-19 10:29:53.844 24035 24159 D nativeloader: Load /data/app/~~NUQj-rdXzuicW-16SIRtKA==/viva.republica.toss.test-Si406wFvb_sqEA2GTBV6RQ==/lib/x86_64/libreact_render_debug.so using class loader ns clns-9 (caller=<unknown>): ok
02-19 10:29:53.847 24035 24159 D nativeloader: Load /data/app/~~NUQj-rdXzuicW-16SIRtKA==/viva.republica.toss.test-Si406wFvb_sqEA2GTBV6RQ==/lib/x86_64/libreact_render_core.so using class loader ns clns-9 (caller=<unknown>): ok
02-19 10:29:53.851 24035 24159 D nativeloader: Load /data/app/~~NUQj-rdXzuicW-16SIRtKA==/viva.republica.toss.test-Si406wFvb_sqEA2GTBV6RQ==/lib/x86_64/libreact_render_runtimescheduler.so using class loader ns clns-9 (caller=<unknown>): ok
02-19 10:29:53.853 24035 24159 D nativeloader: Load /data/app/~~NUQj-rdXzuicW-16SIRtKA==/viva.republica.toss.test-Si406wFvb_sqEA2GTBV6RQ==/lib/x86_64/liblogger.so using class loader ns clns-9 (caller=<unknown>): ok
02-19 10:29:53.856 24035 24159 D nativeloader: Load /data/app/~~NUQj-rdXzuicW-16SIRtKA==/viva.republica.toss.test-Si406wFvb_sqEA2GTBV6RQ==/lib/x86_64/libreactperfloggerjni.so using class loader ns clns-9 (caller=<unknown>): ok
02-19 10:29:53.859 24035 24159 D nativeloader: Load /data/app/~~NUQj-rdXzuicW-16SIRtKA==/viva.republica.toss.test-Si406wFvb_sqEA2GTBV6RQ==/lib/x86_64/libjsinspector.so using class loader ns clns-9 (caller=<unknown>): ok
02-19 10:29:53.865 24035 24159 D nativeloader: Load /data/app/~~NUQj-rdXzuicW-16SIRtKA==/viva.republica.toss.test-Si406wFvb_sqEA2GTBV6RQ==/lib/x86_64/libreactnativejni.so using class loader ns clns-9 (caller=<unknown>): ok
02-19 10:29:53.890 24035 24159 D nativeloader: Load /data/app/~~NUQj-rdXzuicW-16SIRtKA==/viva.republica.toss.test-Si406wFvb_sqEA2GTBV6RQ==/lib/x86_64/libhermes_executor.so using class loader ns clns-9 (caller=<unknown>): ok
02-19 10:29:53.925 24035 24159 D ApplicationLoaders: Returning zygote-cached class loader: /system/framework/org.apache.http.legacy.jar
02-19 10:29:53.925 24035 24159 D ApplicationLoaders: Returning zygote-cached class loader: /system/framework/com.android.location.provider.jar
02-19 10:29:53.925 24035 24159 D ApplicationLoaders: Returning zygote-cached class loader: /system/framework/com.android.media.remotedisplay.jar
02-19 10:29:53.925 24035 24159 D ApplicationLoaders: Returning zygote-cached class loader: /system_ext/framework/androidx.window.extensions.jar
02-19 10:29:53.925 24035 24159 D ApplicationLoaders: Returning zygote-cached class loader: /system_ext/framework/androidx.window.sidecar.jar
02-19 10:29:53.997 24035 24159 D nativeloader: Configuring clns-13 for other apk /data/app/~~O-UZzK0jUU9NLgS3MODOZA==/com.google.android.gms-YQ2L6GsYyKuvu9MvIBK1EQ==/base.apk. target_sdk_version=36, uses_libraries=, library_path=/data/app/~~O-UZzK0jUU9NLgS3MODOZA==/com.google.android.gms-YQ2L6GsYyKuvu9MvIBK1EQ==/lib/x86_64:/data/app/~~O-UZzK0jUU9NLgS3MODOZA==/com.google.android.gms-YQ2L6GsYyKuvu9MvIBK1EQ==/base.apk!/lib/x86_64, permitted_path=/data:/mnt/expand:/data/user/0/com.google.android.gms
02-19 10:29:54.008 24035 24159 I blica.toss.test: AssetManager2(0x7d8fac435c98) locale list changing from [] to [en-US]
02-19 10:29:54.078 24035 24159 W System  : ClassLoader referenced unknown path: 
02-19 10:29:54.080 24035 24159 D nativeloader: Configuring clns-14 for other apk . target_sdk_version=36, uses_libraries=, library_path=/data/app/~~O-UZzK0jUU9NLgS3MODOZA==/com.google.android.gms-YQ2L6GsYyKuvu9MvIBK1EQ==/lib/x86_64:/data/app/~~O-UZzK0jUU9NLgS3MODOZA==/com.google.android.gms-YQ2L6GsYyKuvu9MvIBK1EQ==/base.apk!/lib/x86_64, permitted_path=/data:/mnt/expand:/data/user/0/com.google.android.gms
02-19 10:29:54.093 24035 24159 W DynamiteModule: Failed to load module via V2: java.lang.NoSuchFieldException: No field sClassLoader in class Lcom/google/android/gms/dynamite/DynamiteModule$DynamiteLoaderClassLoader; (declaration of 'com.google.android.gms.dynamite.DynamiteModule$DynamiteLoaderClassLoader' appears in /data/app/~~NUQj-rdXzuicW-16SIRtKA==/viva.republica.toss.test-Si406wFvb_sqEA2GTBV6RQ==/base.apk!classes2.dex)
02-19 10:29:54.098 24035 24159 I DynamiteModule: Considering local module com.google.android.gms.ads.dynamite:0 and remote module com.google.android.gms.ads.dynamite:254380203
02-19 10:29:54.098 24035 24159 I DynamiteModule: Selected remote version of com.google.android.gms.ads.dynamite, version >= 254380203
02-19 10:29:54.110 24035 24159 D CompatChangeReporter: Compat change id reported: 312399441; UID 10217; state: ENABLED
02-19 10:29:54.358 24035 24159 I blica.toss.test: AssetManager2(0x7d8fac4394d8) locale list changing from [] to [en-US]
02-19 10:29:54.363 24035 24159 I blica.toss.test: AssetManager2(0x7d8fac434398) locale list changing from [] to [en-US]
02-19 10:29:54.375 24035 24159 D DynamitePackage: Instantiated singleton DynamitePackage.
02-19 10:29:54.376 24035 24159 D DynamitePackage: Instantiating com.google.android.gms.ads.ChimeraMobileAdsSettingManagerCreatorImpl
02-19 10:29:54.386 24035 24159 I blica.toss.test: Waiting for a blocking GC ClassLinker
02-19 10:29:54.450 24035 24159 I blica.toss.test: WaitForGcToComplete blocked ClassLinker on Background for 63.945ms
02-19 10:29:54.505   752  1981 D ConnectivityService: requestNetwork for uid/pid:10217/24035 activeRequest: null callbackRequest: 387 [NetworkRequest [ REQUEST id=388, [ Capabilities: INTERNET&NOT_RESTRICTED&TRUSTED&NOT_VCN_MANAGED&NOT_BANDWIDTH_CONSTRAINED Uid: 10217 RequestorUid: 10217 RequestorPkg: viva.republica.toss.test UnderlyingNetworks: Null] ]] callback flags: 0 order: 2147483647 isUidTracked: false declaredMethods: AVAIL|LOST
02-19 10:29:54.509   752  1023 D OemPaidWifiNetworkFactory: got request NetworkRequest [ REQUEST id=388, [ Capabilities: INTERNET&NOT_RESTRICTED&TRUSTED&NOT_VCN_MANAGED&NOT_BANDWIDTH_CONSTRAINED Uid: 10217 RequestorUid: 10217 RequestorPkg: viva.republica.toss.test UnderlyingNetworks: Null] ]
02-19 10:29:54.509   752  1023 D MultiInternetWifiNetworkFactory: got request NetworkRequest [ REQUEST id=388, [ Capabilities: INTERNET&NOT_RESTRICTED&TRUSTED&NOT_VCN_MANAGED&NOT_BANDWIDTH_CONSTRAINED Uid: 10217 RequestorUid: 10217 RequestorPkg: viva.republica.toss.test UnderlyingNetworks: Null] ]
02-19 10:29:54.509   752  1023 D WifiNetworkFactory: got request NetworkRequest [ REQUEST id=388, [ Capabilities: INTERNET&NOT_RESTRICTED&TRUSTED&NOT_VCN_MANAGED&NOT_BANDWIDTH_CONSTRAINED Uid: 10217 RequestorUid: 10217 RequestorPkg: viva.republica.toss.test UnderlyingNetworks: Null] ]
02-19 10:29:54.509   752  1029 D ConnectivityService: NetReassign [388 : null â†’ 105] [c 0] [a 2] [i 2]
02-19 10:29:54.509   752  1023 D UntrustedWifiNetworkFactory: got request NetworkRequest [ REQUEST id=388, [ Capabilities: INTERNET&NOT_RESTRICTED&TRUSTED&NOT_VCN_MANAGED&NOT_BANDWIDTH_CONSTRAINED Uid: 10217 RequestorUid: 10217 RequestorPkg: viva.republica.toss.test UnderlyingNetworks: Null] ]
02-19 10:29:54.546 24035 24159 D DynamitePackage: Instantiating com.google.android.gms.ads.ChimeraAdPreloaderCreatorImpl
02-19 10:29:54.578   752  1095 D BackgroundInstallControlService: Package event received: 0
02-19 10:29:54.582 14715 14715 D BoundBrokerSvc: onBind: Intent { act=com.google.android.gms.appset.service.START dat=chimera-action:/... xflg=0x4 cmp=com.google.android.gms/.chimera.GmsApiService }
02-19 10:29:54.582 14715 14715 D BoundBrokerSvc: Loading bound service for intent: Intent { act=com.google.android.gms.appset.service.START dat=chimera-action:/... xflg=0x4 cmp=com.google.android.gms/.chimera.GmsApiService }
02-19 10:29:54.606   752  1981 W ProcessStats: Tracking association SourceState{5e178e2 viva.republica.toss.test/10217 BTop #11008} whose proc state 2 is better than process ProcessState{ad7a682 com.google.android.gms/10148 pkg=com.google.android.gms} proc state 14 (19 skipped)
02-19 10:29:54.608   752  1095 D BackgroundInstallControlService: Package event received: 0
02-19 10:29:54.692 14001 14001 I Finsky  : [2] Memory trim requested to level 40
02-19 10:29:54.693 14001 14025 I Finsky  : [46] Stats for Executor: BlockingExecutor uww@305e768[Running, pool size = 0, active threads = 0, queued tasks = 0, completed tasks = 59]
02-19 10:29:54.693 14001 14025 I Finsky  : [46] Stats for Executor: LightweightExecutor uww@8756781[Running, pool size = 3, active threads = 0, queued tasks = 0, completed tasks = 2240]
02-19 10:29:54.694 14001 14001 I Finsky  : [2] Flushing in-memory image cache
02-19 10:29:54.698 14001 14025 I Finsky  : [46] Stats for Executor: bgExecutor uww@e4c9026[Running, pool size = 4, active threads = 0, queued tasks = 0, completed tasks = 237]
02-19 10:29:54.703   752  2368 D ActivityManager: sync unfroze 14001 com.android.vending for 6
02-19 10:29:54.704   752  1095 D BackgroundInstallControlService: Package event received: 0
02-19 10:29:54.710  3092  3092 I Finsky:background: [2] Memory trim requested to level 40
02-19 10:29:54.712   752  2368 D ActivityManager: sync unfroze 3092 com.android.vending:background for 6
02-19 10:29:54.726   752  1509 D ConnectivityService: requestNetwork for uid/pid:10217/24035 activeRequest: null callbackRequest: 389 [NetworkRequest [ REQUEST id=390, [ Capabilities: INTERNET&NOT_RESTRICTED&TRUSTED&NOT_VCN_MANAGED&NOT_BANDWIDTH_CONSTRAINED Uid: 10217 RequestorUid: 10217 RequestorPkg: viva.republica.toss.test UnderlyingNetworks: Null] ]] callback flags: 0 order: 2147483647 isUidTracked: false declaredMethods: AVAIL|LOST|NC|LP
02-19 10:29:54.730  3092  3146 I Finsky:background: [40] Stats for Executor: bgExecutor uww@ab2c291[Running, pool size = 4, active threads = 0, queued tasks = 0, completed tasks = 272]
02-19 10:29:54.730  3092  3146 I Finsky:background: [40] Stats for Executor: LightweightExecutor uww@28b35f6[Running, pool size = 3, active threads = 0, queued tasks = 0, completed tasks = 2998]
02-19 10:29:54.730  3092  3146 I Finsky:background: [40] Stats for Executor: BlockingExecutor uww@1fb1df7[Running, pool size = 0, active threads = 0, queued tasks = 0, completed tasks = 42]
02-19 10:29:54.732  3092  3150 I Finsky:background: [44] Current account updated in PVS
02-19 10:29:54.734 24035 24159 W unknown:ReactContext: initializeMessageQueueThreads() is called.
02-19 10:29:54.749   752  1023 D OemPaidWifiNetworkFactory: got request NetworkRequest [ REQUEST id=390, [ Capabilities: INTERNET&NOT_RESTRICTED&TRUSTED&NOT_VCN_MANAGED&NOT_BANDWIDTH_CONSTRAINED Uid: 10217 RequestorUid: 10217 RequestorPkg: viva.republica.toss.test UnderlyingNetworks: Null] ]
02-19 10:29:54.749   752  1023 D MultiInternetWifiNetworkFactory: got request NetworkRequest [ REQUEST id=390, [ Capabilities: INTERNET&NOT_RESTRICTED&TRUSTED&NOT_VCN_MANAGED&NOT_BANDWIDTH_CONSTRAINED Uid: 10217 RequestorUid: 10217 RequestorPkg: viva.republica.toss.test UnderlyingNetworks: Null] ]
02-19 10:29:54.751   752  1023 D WifiNetworkFactory: got request NetworkRequest [ REQUEST id=390, [ Capabilities: INTERNET&NOT_RESTRICTED&TRUSTED&NOT_VCN_MANAGED&NOT_BANDWIDTH_CONSTRAINED Uid: 10217 RequestorUid: 10217 RequestorPkg: viva.republica.toss.test UnderlyingNetworks: Null] ]
02-19 10:29:54.753 14001 14038 I Finsky  : [56] Current account updated in PVS
02-19 10:29:54.758   752  1029 D ConnectivityService: NetReassign [390 : null â†’ 105] [c 1] [a 13] [i 11]
02-19 10:29:54.767   752  1023 D UntrustedWifiNetworkFactory: got request NetworkRequest [ REQUEST id=390, [ Capabilities: INTERNET&NOT_RESTRICTED&TRUSTED&NOT_VCN_MANAGED&NOT_BANDWIDTH_CONSTRAINED Uid: 10217 RequestorUid: 10217 RequestorPkg: viva.republica.toss.test UnderlyingNetworks: Null] ]
02-19 10:29:54.777   752  1029 D ConnectivityService: NetReassign [no changes] [c 1] [a 6] [i 6]
02-19 10:29:54.782 14001 14037 I Finsky  : [55] Current account updated in PVS
02-19 10:29:54.797 24035 24180 W unknown:ViewManagerPropertyUpdater: Could not find generated setter for class com.facebook.react.views.traceupdateoverlay.TraceUpdateOverlayManager
02-19 10:29:54.801 24035 24180 W unknown:ViewManagerPropertyUpdater: Could not find generated setter for class com.facebook.react.uimanager.LayoutShadowNode
02-19 10:29:54.803 24035 24180 W unknown:ViewManagerPropertyUpdater: Could not find generated setter for class com.facebook.react.views.drawer.ReactDrawerLayoutManager
02-19 10:29:54.805 24035 24180 W unknown:ViewManagerPropertyUpdater: Could not find generated setter for class com.facebook.react.views.scroll.ReactHorizontalScrollViewManager
02-19 10:29:54.807 24035 24180 W unknown:ViewManagerPropertyUpdater: Could not find generated setter for class com.facebook.react.views.scroll.ReactHorizontalScrollContainerViewManager
02-19 10:29:54.808 24035 24180 W unknown:ViewManagerPropertyUpdater: Could not find generated setter for class com.facebook.react.views.progressbar.ReactProgressBarViewManager
02-19 10:29:54.809 24035 24180 W unknown:ViewManagerPropertyUpdater: Could not find generated setter for class com.facebook.react.views.progressbar.ProgressBarShadowNode
02-19 10:29:54.810 24035 24180 W unknown:ViewManagerPropertyUpdater: Could not find generated setter for class com.facebook.react.views.scroll.ReactScrollViewManager
02-19 10:29:54.814 24035 24180 W unknown:ViewManagerPropertyUpdater: Could not find generated setter for class com.facebook.react.views.switchview.ReactSwitchManager
02-19 10:29:54.816 24035 24180 W unknown:ViewManagerPropertyUpdater: Could not find generated setter for class com.facebook.react.views.switchview.ReactSwitchManager$ReactSwitchShadowNode
02-19 10:29:54.817 24035 24180 W unknown:ViewManagerPropertyUpdater: Could not find generated setter for class com.facebook.react.views.swiperefresh.SwipeRefreshLayoutManager
02-19 10:29:54.818 24035 24180 W unknown:ViewManagerPropertyUpdater: Could not find generated setter for class com.facebook.react.views.text.frescosupport.FrescoBasedReactTextInlineImageViewManager
02-19 10:29:54.819 24035 24180 W unknown:ViewManagerPropertyUpdater: Could not find generated setter for class com.facebook.react.views.text.frescosupport.FrescoBasedReactTextInlineImageShadowNode
02-19 10:29:54.820 24035 24180 W unknown:ViewManagerPropertyUpdater: Could not find generated setter for class com.facebook.react.views.image.ReactImageManager
02-19 10:29:54.822 24035 24180 W unknown:ViewManagerPropertyUpdater: Could not find generated setter for class com.facebook.react.views.modal.ReactModalHostManager
02-19 10:29:54.824 24035 24180 W unknown:ViewManagerPropertyUpdater: Could not find generated setter for class com.facebook.react.views.modal.ModalHostShadowNode
02-19 10:29:54.824 24035 24180 W unknown:ViewManagerPropertyUpdater: Could not find generated setter for class com.facebook.react.views.text.ReactRawTextManager
02-19 10:29:54.825 24035 24180 W unknown:ViewManagerPropertyUpdater: Could not find generated setter for class com.facebook.react.views.text.ReactRawTextShadowNode
02-19 10:29:54.826 24035 24180 W unknown:ViewManagerPropertyUpdater: Could not find generated setter for class com.facebook.react.views.textinput.ReactTextInputManager
02-19 10:29:54.829 24035 24180 W unknown:ViewManagerPropertyUpdater: Could not find generated setter for class com.facebook.react.views.textinput.ReactTextInputShadowNode
02-19 10:29:54.830 24035 24180 W unknown:ViewManagerPropertyUpdater: Could not find generated setter for class com.facebook.react.views.text.ReactTextViewManager
02-19 10:29:54.831 24035 24180 W unknown:ViewManagerPropertyUpdater: Could not find generated setter for class com.facebook.react.views.text.ReactTextShadowNode
02-19 10:29:54.831 24035 24180 W unknown:ViewManagerPropertyUpdater: Could not find generated setter for class com.facebook.react.views.view.ReactViewManager
02-19 10:29:54.832 24035 24180 W unknown:ViewManagerPropertyUpdater: Could not find generated setter for class com.facebook.react.views.text.ReactVirtualTextViewManager
02-19 10:29:54.832 24035 24180 W unknown:ViewManagerPropertyUpdater: Could not find generated setter for class com.facebook.react.views.text.ReactVirtualTextShadowNode
02-19 10:29:54.833 24035 24180 W unknown:ViewManagerPropertyUpdater: Could not find generated setter for class com.facebook.react.views.unimplementedview.ReactUnimplementedViewManager
02-19 10:29:54.833 24035 24180 W unknown:ViewManagerPropertyUpdater: Could not find generated setter for class com.shopify.reactnative.flash_list.AutoLayoutViewManager
02-19 10:29:54.834 24035 24180 W unknown:ViewManagerPropertyUpdater: Could not find generated setter for class com.shopify.reactnative.flash_list.CellContainerManager
02-19 10:29:54.835 24035 24180 W unknown:ViewManagerPropertyUpdater: Could not find generated setter for class com.airbnb.android.react.lottie.LottieAnimationViewManager
02-19 10:29:54.836 24035 24180 W unknown:ViewManagerPropertyUpdater: Could not find generated setter for class com.swmansion.gesturehandler.react.RNGestureHandlerRootViewManager
02-19 10:29:54.836 24035 24180 W unknown:ViewManagerPropertyUpdater: Could not find generated setter for class com.swmansion.gesturehandler.react.RNGestureHandlerButtonViewManager
02-19 10:29:54.837 24035 24180 W unknown:ViewManagerPropertyUpdater: Could not find generated setter for class io.invertase.googlemobileads.ReactNativeGoogleMobileAdsBannerAdViewManager
02-19 10:29:54.837 24035 24180 W unknown:ViewManagerPropertyUpdater: Could not find generated setter for class com.reactnativepagerview.PagerViewViewManager
02-19 10:29:54.838 24035 24180 W unknown:ViewManagerPropertyUpdater: Could not find generated setter for class com.th3rdwave.safeareacontext.SafeAreaProviderManager
02-19 10:29:54.839 24035 24180 W unknown:ViewManagerPropertyUpdater: Could not find generated setter for class com.th3rdwave.safeareacontext.SafeAreaViewManager
02-19 10:29:54.839 24035 24180 W unknown:ViewManagerPropertyUpdater: Could not find generated setter for class o.eglCreatePlatformPixmapSurface
02-19 10:29:54.840 24035 24180 W unknown:ViewManagerPropertyUpdater: Could not find generated setter for class com.swmansion.rnscreens.ScreenContainerViewManager
02-19 10:29:54.840 24035 24180 W unknown:ViewManagerPropertyUpdater: Could not find generated setter for class com.swmansion.rnscreens.ScreenViewManager
02-19 10:29:54.843 24035 24180 W unknown:ViewManagerPropertyUpdater: Could not find generated setter for class com.swmansion.rnscreens.ScreenStackViewManager
02-19 10:29:54.844 24035 24180 W unknown:ViewManagerPropertyUpdater: Could not find generated setter for class com.swmansion.rnscreens.ScreenStackHeaderConfigViewManager
02-19 10:29:54.846 24035 24180 W unknown:ViewManagerPropertyUpdater: Could not find generated setter for class com.swmansion.rnscreens.ScreenStackHeaderSubviewManager
02-19 10:29:54.847 24035 24180 W unknown:ViewManagerPropertyUpdater: Could not find generated setter for class com.swmansion.rnscreens.SearchBarManager
02-19 10:29:54.849 24035 24180 W unknown:ViewManagerPropertyUpdater: Could not find generated setter for class com.horcrux.svg.RenderableViewManager$DefsViewManager
02-19 10:29:54.851 24035 24180 W unknown:ViewManagerPropertyUpdater: Could not find generated setter for class com.horcrux.svg.VirtualViewManager$RemoteActionCompatParcelizer
02-19 10:29:54.852 24035 24180 W unknown:ViewManagerPropertyUpdater: Could not find generated setter for class com.horcrux.svg.RenderableViewManager$MarkerManager
02-19 10:29:54.855 24035 24180 W unknown:ViewManagerPropertyUpdater: Could not find generated setter for class com.horcrux.svg.RenderableViewManager$ForeignObjectManager
02-19 10:29:54.858 24035 24180 W unknown:ViewManagerPropertyUpdater: Could not find generated setter for class com.horcrux.svg.RenderableViewManager$EllipseViewManager
02-19 10:29:54.861 24035 24180 W unknown:ViewManagerPropertyUpdater: Could not find generated setter for class com.horcrux.svg.RenderableViewManager$LineViewManager
02-19 10:29:54.863 24035 24180 W unknown:ViewManagerPropertyUpdater: Could not find generated setter for class com.horcrux.svg.RenderableViewManager$LinearGradientManager
02-19 10:29:54.865 24035 24180 W unknown:ViewManagerPropertyUpdater: Could not find generated setter for class com.horcrux.svg.RenderableViewManager$GroupViewManager
02-19 10:29:54.866 24035 24180 W unknown:ViewManagerPropertyUpdater: Could not find generated setter for class com.horcrux.svg.RenderableViewManager$TextViewManager
02-19 10:29:54.869 24035 24180 W unknown:ViewManagerPropertyUpdater: Could not find generated setter for class com.horcrux.svg.RenderableViewManager$ImageViewManager
02-19 10:29:54.871 24035 24180 W unknown:ViewManagerPropertyUpdater: Could not find generated setter for class com.horcrux.svg.RenderableViewManager$ClipPathViewManager
02-19 10:29:54.872 24035 24180 W unknown:ViewManagerPropertyUpdater: Could not find generated setter for class com.horcrux.svg.RenderableViewManager$RadialGradientManager
02-19 10:29:54.874 24035 24180 W unknown:ViewManagerPropertyUpdater: Could not find generated setter for class com.horcrux.svg.RenderableViewManager$MaskManager
02-19 10:29:54.878 24035 24180 W unknown:ViewManagerPropertyUpdater: Could not find generated setter for class com.horcrux.svg.RenderableViewManager$SymbolManager
02-19 10:29:54.880 24035 24180 W unknown:ViewManagerPropertyUpdater: Could not find generated setter for class com.horcrux.svg.RenderableViewManager$PatternManager
02-19 10:29:54.884 24035 24180 W unknown:ViewManagerPropertyUpdater: Could not find generated setter for class com.horcrux.svg.RenderableViewManager$RectViewManager
02-19 10:29:54.886 24035 24180 W unknown:ViewManagerPropertyUpdater: Could not find generated setter for class com.horcrux.svg.RenderableViewManager$TextPathViewManager
02-19 10:29:54.889 24035 24180 W unknown:ViewManagerPropertyUpdater: Could not find generated setter for class com.horcrux.svg.SvgViewManager
02-19 10:29:54.893 24035 24180 W unknown:ViewManagerPropertyUpdater: Could not find generated setter for class com.horcrux.svg.RenderableViewManager$PathViewManager
02-19 10:29:54.896 24035 24180 W unknown:ViewManagerPropertyUpdater: Could not find generated setter for class com.horcrux.svg.RenderableViewManager$UseViewManager
02-19 10:29:54.899 24035 24180 W unknown:ViewManagerPropertyUpdater: Could not find generated setter for class com.horcrux.svg.RenderableViewManager$CircleViewManager
02-19 10:29:54.903 24035 24180 W unknown:ViewManagerPropertyUpdater: Could not find generated setter for class com.horcrux.svg.RenderableViewManager$TSpanViewManager
02-19 10:29:54.908 24035 24180 W unknown:ViewManagerPropertyUpdater: Could not find generated setter for class com.brentvatne.exoplayer.ReactExoplayerViewManager
02-19 10:29:54.910 14001 14038 I Finsky  : [56] Current account updated in PVS
02-19 10:29:54.912 14001 14038 I Finsky  : [56] Current account updated in PVS
02-19 10:29:54.914 24035 24180 W unknown:ViewManagerPropertyUpdater: Could not find generated setter for class com.reactnativecommunity.webview.RNCWebViewManager
02-19 10:29:54.920 24035 24180 W unknown:ViewManagerPropertyUpdater: Could not find generated setter for class im.toss.rn.granite.core.module.image.FastImageViewManager
02-19 10:29:54.926 24035 24180 W unknown:ReactContext: initializeMessageQueueThreads() is called.
02-19 10:29:54.943 24035 24035 W unknown:ReactNative: Packager connection already open, nooping.
02-19 10:29:54.962 24035 24078 W cr_media: BLUETOOTH_CONNECT permission is missing.
02-19 10:29:54.963 24035 24078 W cr_media: getBluetoothAdapter() requires BLUETOOTH permission
02-19 10:29:54.964 24035 24078 W cr_media: registerBluetoothIntentsIfNeeded: Requires BLUETOOTH permission
02-19 10:29:54.960 24035 24035 W mqt_js  : type=1400 audit(0.0:147): avc:  granted  { execute } for  path="/data/data/viva.republica.toss.test/libtcj.so" dev="dm-55" ino=362050 scontext=u:r:untrusted_app:s0:c217,c256,c512,c768 tcontext=u:object_r:app_data_file:s0:c217,c256,c512,c768 tclass=file app=viva.republica.toss.test
02-19 10:29:54.971 24035 24179 D nativeloader: Load /data/data/viva.republica.toss.test/libtcj.so using class loader ns clns-9 (caller=<unknown>): ok
02-19 10:29:54.988 24059 24070 I cr_LibraryLoader: Successfully loaded native library
02-19 10:29:54.989 24059 24070 I cr_CachingUmaRecorder: Flushed 2 samples from 2 histograms, 0 samples were dropped.
02-19 10:29:55.011 14715 14715 D BoundBrokerSvc: onBind: Intent { act=com.google.android.gms.safebrowsing.SafeBrowsingService.START dat=chimera-action:/... xflg=0x4 cmp=com.google.android.gms/.chimera.GmsBoundBrokerService }
02-19 10:29:55.013 14715 14715 D BoundBrokerSvc: Loading bound service for intent: Intent { act=com.google.android.gms.safebrowsing.SafeBrowsingService.START dat=chimera-action:/... xflg=0x4 cmp=com.google.android.gms/.chimera.GmsBoundBrokerService }
02-19 10:29:55.018 24059 24070 W SystemServiceRegistry: No service published for: uimode
02-19 10:29:55.056 24059 24070 W chromium: [WARNING:runtime_features.cc(560)] Fenced frames cannot be enabled in this configuration. Use --enable-features=FencedFrames instead.
02-19 10:29:55.056 24059 24070 W chromium: [WARNING:runtime_features.cc(585)] Topics cannot be enabled in this configuration. Use --enable-features=BrowsingTopics in addition.
02-19 10:29:55.056 24059 24070 W chromium: [WARNING:runtime_features.cc(606)] SharedStorage cannot be enabled in this configuration. Use --enable-features=SharedStorageAPI in addition.
02-19 10:29:55.111 24035 24185 W libc    : Access denied finding property "vendor.mesa.log"
02-19 10:29:55.111 24035 24185 W libc    : Access denied finding property "vendor.mesa.log.file"
02-19 10:29:55.111 24035 24185 E MESA    : Failed to open rendernode: No such file or directory
02-19 10:29:55.144 20068 20097 I FontLog : (REDACTED) Received query %s, URI %s
02-19 10:29:55.145 20068 20097 I FontLog : (REDACTED) Query [%s] resolved to %s
02-19 10:29:55.148 20068 20097 I FontLog : (REDACTED) Font PFD returned from cache for %s
02-19 10:29:55.148 20068 20097 I FontLog : (REDACTED) Fetch %s end status %s
02-19 10:29:55.155 20068 20097 I FontLog : (REDACTED) Pulling font file for id = %d, cache size = %d
02-19 10:29:55.168 20068 20097 I FontLog : (REDACTED) Received query %s, URI %s
02-19 10:29:55.169 20068 20097 I FontLog : (REDACTED) Query [%s] resolved to %s
02-19 10:29:55.175 20068 20097 I FontLog : (REDACTED) Fetch %s end status %s
02-19 10:29:55.178 20068 20097 I FontLog : (REDACTED) Pulling font file for id = %d, cache size = %d
02-19 10:29:55.201 20068 20154 I FontLog : (REDACTED) Received query %s, URI %s
02-19 10:29:55.201 20068 20154 I FontLog : (REDACTED) Query [%s] resolved to %s
02-19 10:29:55.207 20068 20154 I FontLog : (REDACTED) Font PFD returned from cache for %s
02-19 10:29:55.207 20068 20154 I FontLog : (REDACTED) Fetch %s end status %s
02-19 10:29:55.208 20068 20154 I FontLog : (REDACTED) Pulling font file for id = %d, cache size = %d
02-19 10:29:55.211 20068 20154 I FontLog : (REDACTED) Received query %s, URI %s
02-19 10:29:55.211 20068 20154 I FontLog : (REDACTED) Query [%s] resolved to %s
02-19 10:29:55.212 20068 20154 I FontLog : (REDACTED) Font PFD returned from cache for %s
02-19 10:29:55.213 20068 20154 I FontLog : (REDACTED) Fetch %s end status %s
02-19 10:29:55.213 20068 20156 I FontLog : (REDACTED) Pulling font file for id = %d, cache size = %d
02-19 10:29:55.217 20068 20154 I FontLog : (REDACTED) Received query %s, URI %s
02-19 10:29:55.217 20068 20154 I FontLog : (REDACTED) Query [%s] resolved to %s
02-19 10:29:55.218 20068 20154 I FontLog : (REDACTED) Font PFD returned from cache for %s
02-19 10:29:55.218 20068 20154 I FontLog : (REDACTED) Fetch %s end status %s
02-19 10:29:55.219 20068 20154 I FontLog : (REDACTED) Pulling font file for id = %d, cache size = %d
02-19 10:29:55.343 24035 24185 D vulkan  : searching for layers in '/data/app/~~NUQj-rdXzuicW-16SIRtKA==/viva.republica.toss.test-Si406wFvb_sqEA2GTBV6RQ==/lib/x86_64'
02-19 10:29:55.346 24035 24185 D vulkan  : searching for layers in '/data/app/~~NUQj-rdXzuicW-16SIRtKA==/viva.republica.toss.test-Si406wFvb_sqEA2GTBV6RQ==/base.apk!/lib/x86_64'
02-19 10:29:55.435 24035 24185 W libc    : Access denied finding property "vendor.mesa.vk.trace.per.submit"
02-19 10:29:55.436 24035 24185 W libc    : Access denied finding property "vendor.mesa.gallium.print.optio"
02-19 10:29:55.436 24035 24185 W libc    : Access denied finding property "vendor.mesa.vk.trace.frame"
02-19 10:29:55.442 24035 24185 W libc    : Access denied finding property "vendor.mesa.vk.wsi.headless.swa"
02-19 10:29:55.518 24035 24185 W chromium: [WARNING:viz_main_impl.cc(85)] VizNullHypothesis is disabled (not a warning)
02-19 10:29:55.827   752  1029 D InetDiagMessage: Destroyed 0 sockets, proto=IPPROTO_TCP, family=AF_INET, states=14
02-19 10:29:55.827   752  1029 D InetDiagMessage: Destroyed 0 sockets, proto=IPPROTO_TCP, family=AF_INET6, states=14
02-19 10:29:55.828   752  1029 D InetDiagMessage: Destroyed live tcp sockets for uids={10168} in 1ms
02-19 10:29:55.828   752  1029 D InetDiagMessage: Destroyed 0 sockets, proto=IPPROTO_TCP, family=AF_INET, states=14
02-19 10:29:55.828   752  1029 D InetDiagMessage: Destroyed 0 sockets, proto=IPPROTO_TCP, family=AF_INET6, states=14
02-19 10:29:55.829   752  1029 D InetDiagMessage: Destroyed live tcp sockets for uids={20168} in 1ms
02-19 10:29:56.206 24035 24035 I Ads     : JS: The jsLoaded GMSG has been sent (https://googleads.g.doubleclick.net/mads/static/sdk/native/sdk-core-v40.html:1025)
02-19 10:29:56.347 24035 24179 D nativeloader: Load /data/app/~~NUQj-rdXzuicW-16SIRtKA==/viva.republica.toss.test-Si406wFvb_sqEA2GTBV6RQ==/lib/x86_64/libreactnativeblob.so using class loader ns clns-9 (caller=<unknown>): ok
02-19 10:29:56.447 24035 24038 I blica.toss.test: Compiler allocated 4717KB to compile void com.facebook.soloader.nativeloader.SystemDelegate.read(java.lang.String)
02-19 10:29:56.474 24035 24035 W unknown:ReactContext: initializeMessageQueueThreads() is called.
02-19 10:29:56.692   752  2368 W PackageConfigPersister: App-specific configuration not found for packageName: viva.republica.toss.test and userId: 0
02-19 10:29:57.082  1336  1556 D SatelliteController: iisInCarrierRoamingNbIotNtn: satellite is disabled
02-19 10:29:57.103 24208 24208 W dumpsys : Thread Pool max thread count is 0. Cannot cache binder as linkToDeath cannot be implemented. serviceName: window
02-19 10:29:57.633   537   537 W adbd    : timeout expired while flushing socket, closing
02-19 10:29:57.680   752  2368 I system_server: AssetManager2(0x7d8fac48beb8) locale list changing from [] to [en-US]
02-19 10:29:57.696   752  2368 I system_server: AssetManager2(0x7d8fac50d9b8) locale list changing from [] to [en-US]
02-19 10:29:57.716   752  2368 I system_server: AssetManager2(0x7d8fac4909b8) locale list changing from [] to [en-US]
02-19 10:29:57.976   537   537 W adbd    : timeout expired while flushing socket, closing
02-19 10:29:57.983   752  2368 I system_server: AssetManager2(0x7d8fac51b798) locale list changing from [] to [en-US]
02-19 10:29:57.985   752  2368 I system_server: AssetManager2(0x7d8fac485478) locale list changing from [] to [en-US]
02-19 10:29:57.987   752  2368 I system_server: AssetManager2(0x7d8fac480658) locale list changing from [] to [en-US]
02-19 10:29:58.340  1782  2118 I bbax    : (REDACTED) getHotwordActive::active query: %s, watch: %s, devices connected: %s
02-19 10:29:59.018 24035 24179 I ReactNativeJS: Running "shared" with {"initialProps":{"initialColorPreference":"light","loadingStartTs":1771464591363,"initialFontScale":"100"},"rootTag":11}
02-19 10:29:59.491 24035 24180 W unknown:ViewManagerPropertyUpdater: Could not find generated setter for class o.onLost
02-19 10:29:59.513 24035 24179 D ReactNativeJS: '[Analytics]', '{\n  "log_type": "screen",\n  "log_name": "/::screen",\n  "params": {\n    "referrer": null,\n    "deployment_id": "local",\n    "deployment_timestamp": null\n  }\n}'
02-19 10:29:59.756 24035 24039 I blica.toss.test: NativeAlloc concurrent mark compact GC freed 8551KB AllocSpace bytes, 14(384KB) LOS objects, 49% free, 18MB/36MB, paused 1.032ms,4.906ms total 205.729ms
02-19 10:29:59.760 24035 24041 W System  : A resource failed to call ZipFile.close. 
02-19 10:29:59.770 24035 24179 E ReactNativeJS: 'ê¶Œí•œ ëª©ë¡ì„ ê°€ì ¸ì˜¤ëŠ” ë° ì‹¤íŒ¨í–ˆì–´ìš”:', [Error: SERVICE_NAME is missing]
02-19 10:30:00.365 24035 24226 D nativeloader: Load /data/app/~~NUQj-rdXzuicW-16SIRtKA==/viva.republica.toss.test-Si406wFvb_sqEA2GTBV6RQ==/lib/x86_64/libimagepipeline.so using class loader ns clns-9 (caller=<unknown>): ok
02-19 10:30:00.389 24035 24229 W HWUI    : Image decoding logging dropped!
02-19 10:30:00.568 24213 24213 W screencap: Thread Pool max thread count is 0. Cannot cache binder as linkToDeath cannot be implemented. serviceName: SurfaceFlingerAIDL
02-19 10:30:00.568 24213 24213 W BpBinder: Linking to death on android.gui.ISurfaceComposer but there are no threads (yet?) listening to incoming transactions. See ProcessState::startThreadPool and ProcessState::setThreadPoolMaxThreadCount. Generally you should setup the binder threadpool before other initialization steps.
02-19 10:30:00.568 24213 24213 W ProcessState: Extra binder thread started, but 0 threads requested. Do not use *startThreadPool when zero threads are requested.
02-19 10:30:00.575   531   590 E HwcComposer: getLuts failed Status(-8, EX_SERVICE_SPECIFIC): '8: '
02-19 10:30:00.575   531   590 E HWComposer: getLuts: getLuts failed for display 4619827259835644672: UNSUPPORTED (8)
02-19 10:30:00.620 24035 24179 I ReactNativeJS: '[eventLogDebug]', { log_name: '/::screen',
02-19 10:30:00.620 24035 24179 I ReactNativeJS:   log_type: 'screen',
02-19 10:30:00.620 24035 24179 I ReactNativeJS:   params: 
02-19 10:30:00.620 24035 24179 I ReactNativeJS:    { search: '',
02-19 10:30:00.620 24035 24179 I ReactNativeJS:      referrer: 'null',
02-19 10:30:00.620 24035 24179 I ReactNativeJS:      deployment_id: 'local',
02-19 10:30:00.620 24035 24179 I ReactNativeJS:      deployment_timestamp: 'NaN' } }
02-19 10:30:00.835   752   969 D ActivityManager: freezing 4606 com.google.android.webview:webview_service
02-19 10:30:00.841   752  1029 D InetDiagMessage: Destroyed 0 sockets, proto=IPPROTO_TCP, family=AF_INET, states=14
02-19 10:30:00.842   752  1029 D InetDiagMessage: Destroyed 0 sockets, proto=IPPROTO_TCP, family=AF_INET6, states=14
02-19 10:30:00.842   752  1029 D InetDiagMessage: Destroyed live tcp sockets for uids={10168} in 3ms
02-19 10:30:02.439 24035 24179 I ReactNativeJS: '[eventLogDebug]', { log_name: '/::screen',
02-19 10:30:02.439 24035 24179 I ReactNativeJS:   log_type: 'screen',
02-19 10:30:02.439 24035 24179 I ReactNativeJS:   params: 
02-19 10:30:02.439 24035 24179 I ReactNativeJS:    { search: '',
02-19 10:30:02.439 24035 24179 I ReactNativeJS:      referrer: 'null',
02-19 10:30:02.439 24035 24179 I ReactNativeJS:      deployment_id: 'local',
02-19 10:30:02.439 24035 24179 I ReactNativeJS:      deployment_timestamp: 'NaN' } }
02-19 10:30:02.663 24035 24179 I ReactNativeJS: '[eventLogDebug]', { log_name: '/::screen',
02-19 10:30:02.663 24035 24179 I ReactNativeJS:   log_type: 'screen',
02-19 10:30:02.663 24035 24179 I ReactNativeJS:   params: 
02-19 10:30:02.663 24035 24179 I ReactNativeJS:    { search: '',
02-19 10:30:02.663 24035 24179 I ReactNativeJS:      referrer: 'null',
02-19 10:30:02.663 24035 24179 I ReactNativeJS:      deployment_id: 'local',
02-19 10:30:02.663 24035 24179 I ReactNativeJS:      deployment_timestamp: 'NaN' } }
02-19 10:30:02.672 24035 24179 I ReactNativeJS: '[eventLogDebug]', { log_name: '/::screen',
02-19 10:30:02.672 24035 24179 I ReactNativeJS:   log_type: 'screen',
02-19 10:30:02.672 24035 24179 I ReactNativeJS:   params: 
02-19 10:30:02.672 24035 24179 I ReactNativeJS:    { search: '',
02-19 10:30:02.672 24035 24179 I ReactNativeJS:      referrer: 'null',
02-19 10:30:02.672 24035 24179 I ReactNativeJS:      deployment_id: 'local',
02-19 10:30:02.672 24035 24179 I ReactNativeJS:      deployment_timestamp: 'NaN' } }
02-19 10:30:02.834 24035 24179 I ReactNativeJS: '[eventLogDebug]', { log_name: '/login::screen',
02-19 10:30:02.834 24035 24179 I ReactNativeJS:   log_type: 'screen',
02-19 10:30:02.834 24035 24179 I ReactNativeJS:   params: 
02-19 10:30:02.834 24035 24179 I ReactNativeJS:    { search: 'next=%2F',
02-19 10:30:02.834 24035 24179 I ReactNativeJS:      referrer: 'null',
02-19 10:30:02.834 24035 24179 I ReactNativeJS:      deployment_id: 'local',
02-19 10:30:02.834 24035 24179 I ReactNativeJS:      deployment_timestamp: 'NaN' } }
02-19 10:30:02.917 24035 24179 I ReactNativeJS: '[eventLogDebug]', { log_name: '/login::screen',
02-19 10:30:02.917 24035 24179 I ReactNativeJS:   log_type: 'screen',
02-19 10:30:02.917 24035 24179 I ReactNativeJS:   params: 
02-19 10:30:02.917 24035 24179 I ReactNativeJS:    { search: 'next=%2F',
02-19 10:30:02.917 24035 24179 I ReactNativeJS:      referrer: 'null',
02-19 10:30:02.917 24035 24179 I ReactNativeJS:      deployment_id: 'local',
02-19 10:30:02.917 24035 24179 I ReactNativeJS:      deployment_timestamp: 'NaN' } }
02-19 10:30:02.947 24035 24179 I ReactNativeJS: '[eventLogDebug]', { log_name: '/login::screen',
02-19 10:30:02.947 24035 24179 I ReactNativeJS:   log_type: 'screen',
02-19 10:30:02.947 24035 24179 I ReactNativeJS:   params: 
02-19 10:30:02.947 24035 24179 I ReactNativeJS:    { search: 'next=%2F',
02-19 10:30:02.947 24035 24179 I ReactNativeJS:      referrer: 'null',
02-19 10:30:02.947 24035 24179 I ReactNativeJS:      deployment_id: 'local',
02-19 10:30:02.947 24035 24179 I ReactNativeJS:      deployment_timestamp: 'NaN' } }
02-19 10:30:06.128   531   568 W EventThread: Faking VSYNC due to driver stall for thread app
02-19 10:30:06.139 14715 14715 D BoundBrokerSvc: onUnbind: Intent { act=com.google.android.gms.safetynet.service.START xflg=0x4 pkg=com.google.android.gms }
02-19 10:30:06.140   752  2368 W ProcessStats: Tracking association SourceState{1e4c281 com.android.vending/10146 ImpBg #11024} whose proc state 6 is better than process ProcessState{47491a com.android.vending:background/10146 pkg=com.android.vending} proc state 15 (33 skipped)
02-19 10:30:07.242   531   568 W EventThread: Faking VSYNC due to driver stall for thread app
02-19 10:30:08.963   537   537 W adbd    : timeout expired while flushing socket, closing
02-19 10:30:08.964   531   568 W EventThread: Faking VSYNC due to driver stall for thread app
02-19 10:30:08.965 24035 24035 I Choreographer: Skipped 87 frames!  The application may be doing too much work on its main thread.
02-19 10:30:24.063   531   568 W EventThread: Faking VSYNC due to driver stall for thread app
02-19 10:30:24.070  1133  1133 I wpa_supplicant: wlan0: CTRL-EVENT-BEACON-LOSS 
02-19 10:30:24.071   752   752 W Looper  : Slow delivery took 3824ms main app=system_server main=true group=FOREGROUND h=com.android.server.pm.SnapshotStatistics$1 c=null m=0
02-19 10:30:24.072   537   537 W adbd    : timeout expired while flushing socket, closing
02-19 10:30:24.075 24035 24035 I Choreographer: Skipped 904 frames!  The application may be doing too much work on its main thread.
02-19 10:30:24.089   752   969 D ActivityManager: freezing 22757 com.android.settings
02-19 10:30:26.845   531   568 W EventThread: Faking VSYNC due to driver stall for thread app
02-19 10:30:26.845   537   537 W adbd    : timeout expired while flushing socket, closing
02-19 10:30:26.879 24233 24233 W dumpsys : Thread Pool max thread count is 0. Cannot cache binder as linkToDeath cannot be implemented. serviceName: window
02-19 10:30:27.079  1336  1556 D SatelliteController: iisInCarrierRoamingNbIotNtn: satellite is disabled
02-19 10:30:27.362 24238 24238 W screencap: Thread Pool max thread count is 0. Cannot cache binder as linkToDeath cannot be implemented. serviceName: SurfaceFlingerAIDL
02-19 10:30:27.363 24238 24238 W BpBinder: Linking to death on android.gui.ISurfaceComposer but there are no threads (yet?) listening to incoming transactions. See ProcessState::startThreadPool and ProcessState::setThreadPoolMaxThreadCount. Generally you should setup the binder threadpool before other initialization steps.
02-19 10:30:27.364 24238 24238 W ProcessState: Extra binder thread started, but 0 threads requested. Do not use *startThreadPool when zero threads are requested.
02-19 10:30:27.370   531   603 E HwcComposer: getLuts failed Status(-8, EX_SERVICE_SPECIFIC): '8: '
02-19 10:30:27.370   531   603 E HWComposer: getLuts: getLuts failed for display 4619827259835644672: UNSUPPORTED (8)
02-19 10:30:28.154   531   568 W EventThread: Faking VSYNC due to driver stall for thread app
