02-19 20:56:09.873 19166 19166 D StateManager: 	at com.android.quickstep.BaseActivityInterface$DefaultAnimationFactory.a(go/retraceme 72a59688580715d19f0e415c69e80376c2f062d1648c80db6730905005a27c20:1)
02-19 20:56:09.873 19166 19166 D StateManager: 	at com.android.quickstep.y.run(go/retraceme 72a59688580715d19f0e415c69e80376c2f062d1648c80db6730905005a27c20:5)
02-19 20:56:09.882 19166 19166 D StateManager: cancelAnimation - with ongoing animation, partial trace:
02-19 20:56:09.882 19166 19166 D StateManager: 	at com.android.launcher3.statemanager.StateManager.goToState(go/retraceme 72a59688580715d19f0e415c69e80376c2f062d1648c80db6730905005a27c20:18)
02-19 20:56:09.882 19166 19166 D StateManager: 	at com.android.launcher3.statemanager.StateManager.goToState(go/retraceme 72a59688580715d19f0e415c69e80376c2f062d1648c80db6730905005a27c20:3)
02-19 20:56:09.882 19166 19166 D StateManager: 	at com.android.quickstep.BaseActivityInterface$DefaultAnimationFactory.lambda$createContainerInterface$0(go/retraceme 72a59688580715d19f0e415c69e80376c2f062d1648c80db6730905005a27c20:28)
02-19 20:56:09.883 19166 19166 D ScalingWorkspaceRevealAnim: onAnimationCancel
02-19 20:56:09.884 19166 19166 D ScalingWorkspaceRevealAnim: alpha of workspace at the end of animation: 1.0
02-19 20:56:09.885  4449  4467 V WindowManagerShell: Transition animation finished (aborted=false), notifying core (#963) android.os.BinderProxy@d8f01dc@0
02-19 20:56:09.888 19166 19166 D StateManager: onStateTransitionStart - state: Background
02-19 20:56:09.891   752  1789 W ActivityManager: pid 752 system sent binder code 7 with flags 1 to frozen apps and got error -32
02-19 20:56:09.891   752  1789 D ActivityManager: Too many transaction errors, throttling freezer binder callback.
02-19 20:56:09.892   752  1789 W WindowManager: Exception thrown during dispatchAppVisibility Window{1959c50 u0 PopupWindow:144d05f EXITING}
02-19 20:56:09.892   752  1789 W WindowManager: android.os.DeadObjectException
02-19 20:56:09.892   752  1789 W WindowManager: 	at android.os.BinderProxy.transactNative(Native Method)
02-19 20:56:09.892   752  1789 W WindowManager: 	at android.os.BinderProxy.transact(BinderProxy.java:592)
02-19 20:56:09.892   752  1789 W WindowManager: 	at android.view.IWindow$Stub$Proxy.dispatchAppVisibility(IWindow.java:557)
02-19 20:56:09.892   752  1789 W WindowManager: 	at com.android.server.wm.WindowState.sendAppVisibilityToClients(WindowState.java:3151)
02-19 20:56:09.892   752  1789 W WindowManager: 	at com.android.server.wm.WindowContainer.sendAppVisibilityToClients(WindowContainer.java:1311)
02-19 20:56:09.892   752  1789 W WindowManager: 	at com.android.server.wm.WindowState.sendAppVisibilityToClients(WindowState.java:3138)
02-19 20:56:09.892   752  1789 W WindowManager: 	at com.android.server.wm.WindowContainer.sendAppVisibilityToClients(WindowContainer.java:1311)
02-19 20:56:09.892   752  1789 W WindowManager: 	at com.android.server.wm.WindowToken.setClientVisible(WindowToken.java:389)
02-19 20:56:09.892   752  1789 W WindowManager: 	at com.android.server.wm.ActivityRecord.setClientVisible(ActivityRecord.java:6650)
02-19 20:56:09.892   752  1789 W WindowManager: 	at com.android.server.wm.ActivityRecord.commitVisibility(ActivityRecord.java:5561)
02-19 20:56:09.892   752  1789 W WindowManager: 	at com.android.server.wm.Transition.finishTransition(Transition.java:1391)
02-19 20:56:09.892   752  1789 W WindowManager: 	at com.android.server.wm.TransitionController.finishTransition(TransitionController.java:1029)
02-19 20:56:09.892   752  1789 W WindowManager: 	at com.android.server.wm.WindowOrganizerController.finishTransition(WindowOrganizerController.java:496)
02-19 20:56:09.892   752  1789 W WindowManager: 	at android.window.IWindowOrganizerController$Stub.onTransact(IWindowOrganizerController.java:261)
02-19 20:56:09.892   752  1789 W WindowManager: 	at com.android.server.wm.WindowOrganizerController.onTransact(WindowOrganizerController.java:223)
02-19 20:56:09.892   752  1789 W WindowManager: 	at android.os.Binder.execTransactInternal(Binder.java:1426)
02-19 20:56:09.892   752  1789 W WindowManager: 	at android.os.Binder.execTransact(Binder.java:1365)
02-19 20:56:09.892 19166 19166 D KeyboardInsetsHandler: setState, toState:Background StateManager(mLastStableState:Normal, mCurrentStableState:Background, mState:Background, mRestState:Normal, isInTransition:false)
02-19 20:56:09.893   752  1789 W Process : Unable to open /proc/30550/status
02-19 20:56:09.893   752  1789 W ActivityManager: pid 752 system sent binder code 7 with flags 1 to frozen apps and got error -32
02-19 20:56:09.893 19166 19166 D StateManager: onStateTransitionEnd - state: Background
02-19 20:56:09.893   752  1789 D ActivityManager: Too many transaction errors, throttling freezer binder callback.
02-19 20:56:09.893   752  1789 W WindowManager: Exception thrown during dispatchAppVisibility Window{87a0055 u0 viva.republica.toss.test/im.toss.rn.granite.core.GraniteActivity EXITING}
02-19 20:56:09.893   752  1789 W WindowManager: android.os.DeadObjectException
02-19 20:56:09.893   752  1789 W WindowManager: 	at android.os.BinderProxy.transactNative(Native Method)
02-19 20:56:09.893   752  1789 W WindowManager: 	at android.os.BinderProxy.transact(BinderProxy.java:592)
02-19 20:56:09.893   752  1789 W WindowManager: 	at android.view.IWindow$Stub$Proxy.dispatchAppVisibility(IWindow.java:557)
02-19 20:56:09.893   752  1789 W WindowManager: 	at com.android.server.wm.WindowState.sendAppVisibilityToClients(WindowState.java:3151)
02-19 20:56:09.893   752  1789 W WindowManager: 	at com.android.server.wm.WindowContainer.sendAppVisibilityToClients(WindowContainer.java:1311)
02-19 20:56:09.893   752  1789 W WindowManager: 	at com.android.server.wm.WindowToken.setClientVisible(WindowToken.java:389)
02-19 20:56:09.893   752  1789 W WindowManager: 	at com.android.server.wm.ActivityRecord.setClientVisible(ActivityRecord.java:6650)
02-19 20:56:09.893   752  1789 W WindowManager: 	at com.android.server.wm.ActivityRecord.commitVisibility(ActivityRecord.java:5561)
02-19 20:56:09.893   752  1789 W WindowManager: 	at com.android.server.wm.Transition.finishTransition(Transition.java:1391)
02-19 20:56:09.893   752  1789 W WindowManager: 	at com.android.server.wm.TransitionController.finishTransition(TransitionController.java:1029)
02-19 20:56:09.893   752  1789 W WindowManager: 	at com.android.server.wm.WindowOrganizerController.finishTransition(WindowOrganizerController.java:496)
02-19 20:56:09.893   752  1789 W WindowManager: 	at android.window.IWindowOrganizerController$Stub.onTransact(IWindowOrganizerController.java:261)
02-19 20:56:09.893   752  1789 W WindowManager: 	at com.android.server.wm.WindowOrganizerController.onTransact(WindowOrganizerController.java:223)
02-19 20:56:09.893   752  1789 W WindowManager: 	at android.os.Binder.execTransactInternal(Binder.java:1426)
02-19 20:56:09.893   752  1789 W WindowManager: 	at android.os.Binder.execTransact(Binder.java:1365)
02-19 20:56:09.893   752  1789 W Process : Unable to open /proc/30550/status
02-19 20:56:09.897 19166 19166 D OverviewActionsView: updateForGroupedTask() called with: isGroupedTask = [false], canSaveAppPair = [false]
02-19 20:56:09.898 19166 19166 D OverviewActionsView: updateActionButtonsVisibility() called: showSingleTaskActions = [true], showGroupActions = [false]
02-19 20:56:09.898 19166 19166 D OverviewActionsView: updateForGroupedTask() called with: isGroupedTask = [false], canSaveAppPair = [false]
02-19 20:56:09.899 19166 19166 D OverviewActionsView: updateActionButtonsVisibility() called: showSingleTaskActions = [true], showGroupActions = [false]
02-19 20:56:09.899 19166 19166 D RecentsView: onGestureAnimationEnd - mEnableDrawingLiveTile: false
02-19 20:56:09.900 19166 19166 D StateManager: goToState - fromState: Background, toState: Overview, partial trace:
02-19 20:56:09.900 19166 19166 D StateManager: 	at com.android.quickstep.BaseActivityInterface.onTransitionCancelled(go/retraceme 72a59688580715d19f0e415c69e80376c2f062d1648c80db6730905005a27c20:57)
02-19 20:56:09.900 19166 19166 D StateManager: 	at com.android.quickstep.AbsSwipeUpHandler.resetStateForAnimationCancel(go/retraceme 72a59688580715d19f0e415c69e80376c2f062d1648c80db6730905005a27c20:22)
02-19 20:56:09.900 19166 19166 D StateManager: 	at com.android.quickstep.AbsSwipeUpHandler.W(go/retraceme 72a59688580715d19f0e415c69e80376c2f062d1648c80db6730905005a27c20:1)
02-19 20:56:09.901 19166 19166 D RecentsView: setRecentsAnimationTargets - recentsAnimationController: null, recentsAnimationTargets: null
02-19 20:56:09.907   752   794 V WindowManager: Finish Transition (#963): created at 02-19 20:56:07.816 collect-started=0.517ms request-sent=0.647ms started=35.555ms ready=315.162ms sent=1580.126ms commit=104.475ms finished=2071.855ms
02-19 20:56:09.911   752  1095 D BackgroundInstallControlService: Package event received: 0
02-19 20:56:09.918  4449  4467 V WindowManagerShell: Track 0 became idle
02-19 20:56:09.921  4449  4467 V WindowManagerShell: All active transition animations finished
02-19 20:56:09.936   752   794 V WindowManager: Finish Transition (#964): created at 02-19 20:56:07.837 collect-started=1586.86ms started=1603.794ms ready=1832.625ms sent=1833.697ms finished=2070.912ms
02-19 20:56:10.043   531   531 E BpTransactionCompletedListener: Failed to transact (-32)
02-19 20:56:10.044   531   531 E BpTransactionCompletedListener: Failed to transact (-32)
02-19 20:56:10.070  4449  4458 W System  : A resource failed to call release. 
02-19 20:56:10.071  4449  4458 W System  : A resource failed to call release. 
02-19 20:56:10.071  4449  4458 W System  : A resource failed to call release. 
02-19 20:56:10.071  4449  4458 W System  : A resource failed to call release. 
02-19 20:56:10.072  4449  4458 W System  : A resource failed to call release. 
02-19 20:56:10.072  4449  4458 W System  : A resource failed to call release. 
02-19 20:56:10.072  4449  4458 W System  : A resource failed to call release. 
02-19 20:56:10.072  4449  4458 W System  : A resource failed to call release. 
02-19 20:56:10.072  4449  4458 W System  : A resource failed to call release. 
02-19 20:56:10.072  4449  4458 W System  : A resource failed to call release. 
02-19 20:56:10.072  4449  4458 W System  : A resource failed to call release. 
02-19 20:56:10.073  4449  4458 W System  : A resource failed to call release. 
02-19 20:56:10.073  4449  4458 W System  : A resource failed to call release. 
02-19 20:56:10.073  4449  4458 W System  : A resource failed to call release. 
02-19 20:56:10.073  4449  4458 W System  : A resource failed to call release. 
02-19 20:56:10.074  4449  4458 W System  : A resource failed to call release. 
02-19 20:56:10.074  4449  4458 W System  : A resource failed to call release. 
02-19 20:56:10.074  4449  4458 W System  : A resource failed to call release. 
02-19 20:56:10.074  4449  4458 W System  : A resource failed to call release. 
02-19 20:56:10.074  4449  4458 W System  : A resource failed to call release. 
02-19 20:56:10.075  4449  4458 W System  : A resource failed to call release. 
02-19 20:56:10.075  4449  4458 W System  : A resource failed to call release. 
02-19 20:56:10.075  4449  4458 W System  : A resource failed to call release. 
02-19 20:56:10.075  4449  4458 W System  : A resource failed to call release. 
02-19 20:56:10.075  4449  4458 W System  : A resource failed to call release. 
02-19 20:56:10.075  4449  4458 W System  : A resource failed to call release. 
02-19 20:56:10.075  4449  4458 W System  : A resource failed to call release. 
02-19 20:56:10.075  4449  4458 W System  : A resource failed to call release. 
02-19 20:56:10.075  4449  4458 W System  : A resource failed to call release. 
02-19 20:56:10.075  4449  4458 W System  : A resource failed to call release. 
02-19 20:56:10.076  4449  4458 W System  : A resource failed to call release. 
02-19 20:56:10.118 19166 19166 W InteractionJankMonitor: CUJ cancelled due to timeout, CUJ=LAUNCHER_QUICK_SWITCH
02-19 20:56:10.131 19166 19166 D StatsLog: LAUNCHER_ONRESUME
02-19 20:56:10.138  4449  4467 D WindowManagerShell: setLauncherKeepClearAreaHeight: visible=true, height=527
02-19 20:56:10.134 19166 19166 D StateManager: onStateTransitionStart - state: Overview
02-19 20:56:10.156  1971  2198 I AiAiEcho: Predicting[0]:  [CONTEXT sampling_count=5 ]
02-19 20:56:10.157   752  1095 D BackgroundInstallControlService: Package event received: 0
02-19 20:56:10.158  1971  2198 I AiAiEcho: EchoTargets: 
02-19 20:56:10.158  1971  2198 I AiAiEcho: Filtered by AiAi flag check: 
02-19 20:56:10.158  1971  2198 I AiAiEcho: [CONTEXT ratelimit_period="10 SECONDS" ]
02-19 20:56:10.160  1971  2198 I AiAiEcho: #remoteViewsTwiddler: feature disabled.
02-19 20:56:10.170 19166 19190 D QuickstepModelDelegate: notifyAppTargetEvent action=1 launchLocation=
02-19 20:56:10.193 19166 19166 D RecentsView: onTaskRemoved: 126
02-19 20:56:10.195 19166 19166 D RecentsView: onTaskRemoved: 126
02-19 20:56:10.198 19166 19166 I NotificationListener: Handling notification state refresh for com.google.android.adservices.api#0
02-19 20:56:10.198 19166 19166 I NotificationListener: Handling notification state refresh for android#0
02-19 20:56:10.198 19166 19166 I NotificationListener: Handling notification state refresh for com.android.systemui#0
02-19 20:56:10.244  1971  2198 I AiAiEcho: #postPredictionTargets: Sending updates to UISurface home with targets# 0 (types=[])
02-19 20:56:10.302 19166 19166 D SsBaseTemplateCard: No text view can be set up
02-19 20:56:10.303 19166 19166 D SsBaseTemplateCard: Passed-in item info is null
02-19 20:56:10.303 19166 19166 D SsBaseTemplateCard: Passed-in item info is null
02-19 20:56:10.303 19166 19166 D SsBaseTemplateCard: Passed-in item info is null
02-19 20:56:10.303 19166 19166 I SsBaseTemplateCard: Secondary card pane is null
02-19 20:56:10.553 19166 19166 D StateManager: onStateTransitionEnd - state: Overview
02-19 20:56:10.561 19166 19166 I AiAiSuggestUi: Clearing suggestions.
02-19 20:56:10.562 19166 19166 I AiAiSuggestUi: Requesting to show indicators
02-19 20:56:10.565 19166 19166 I AiAiSuggestUi: Fetching contents, isPrimaryTask = false
02-19 20:56:10.577   752  1789 W ActivityTaskManager: getApplicationThreadForTopActivity failed: Requested task not found
02-19 20:56:10.577   752  1789 E ActivityTaskManager: Could not find activity for task 126
02-19 20:56:10.748   752  1790 W HWUI    : Image decoding logging dropped!
02-19 20:56:10.795   752  4596 W HWUI    : Failed to choose config with EGL_SWAP_BEHAVIOR_PRESERVED, retrying without...
02-19 20:56:10.796   752  4596 W HWUI    : Failed to initialize 101010-2 format, error = EGL_SUCCESS
02-19 20:56:11.092 30706 30706 W dumpsys : Thread Pool max thread count is 0. Cannot cache binder as linkToDeath cannot be implemented. serviceName: window
02-19 20:56:11.100 19166 20299 I AiAiSuggestUi: Request suggestContentSelections complete, took: 527
02-19 20:56:11.101 19166 20299 E AiAiSuggestUi: Timeout while retrieving suggestContentSelections
02-19 20:56:11.101 19166 20299 E AiAiSuggestUi: java.util.concurrent.TimeoutException
02-19 20:56:11.101 19166 20299 E AiAiSuggestUi: 	at java.util.concurrent.CompletableFuture$Timeout.run(CompletableFuture.java:2908)
02-19 20:56:11.101 19166 20299 E AiAiSuggestUi: 	at java.util.concurrent.Executors$RunnableAdapter.call(Executors.java:524)
02-19 20:56:11.101 19166 20299 E AiAiSuggestUi: 	at java.util.concurrent.FutureTask.run(FutureTask.java:317)
02-19 20:56:11.101 19166 20299 E AiAiSuggestUi: 	at java.util.concurrent.ScheduledThreadPoolExecutor$ScheduledFutureTask.run(ScheduledThreadPoolExecutor.java:348)
02-19 20:56:11.101 19166 20299 E AiAiSuggestUi: 	at java.util.concurrent.ThreadPoolExecutor.runWorker(ThreadPoolExecutor.java:1156)
02-19 20:56:11.101 19166 20299 E AiAiSuggestUi: 	at java.util.concurrent.ThreadPoolExecutor$Worker.run(ThreadPoolExecutor.java:651)
02-19 20:56:11.101 19166 20299 E AiAiSuggestUi: 	at java.lang.Thread.run(Thread.java:1119)
02-19 20:56:11.101 19166 20299 I AiAiSuggestUi: Fetched content back in callback
02-19 20:56:11.302 19166 19166 W InteractionJankMonitor: CUJ cancelled due to timeout, CUJ=LAUNCHER_APP_SWIPE_TO_RECENTS
02-19 20:56:11.339   752   934 W ActivityTaskManager: callingPackage for (uid=2000, pid=30711) has no WPC
02-19 20:56:11.342   752   934 V GrammaticalInflectionUtils: AttributionSource: android.content.AttributionSource@56784557 does not have READ_SYSTEM_GRAMMATICAL_GENDER permission.
02-19 20:56:11.343   752   934 W OptProp : Cannot read opt property android.window.PROPERTY_COMPAT_ALLOW_USER_ASPECT_RATIO_OVERRIDE
02-19 20:56:11.343   752   934 W OptProp : Cannot read opt property android.window.PROPERTY_COMPAT_ALLOW_USER_ASPECT_RATIO_FULLSCREEN_OVERRIDE
02-19 20:56:11.343   752   934 W OptProp : Cannot read opt property android.window.PROPERTY_COMPAT_ALLOW_RESIZEABLE_ACTIVITY_OVERRIDES
02-19 20:56:11.344   752   934 W OptProp : Cannot read opt property android.window.PROPERTY_COMPAT_ALLOW_MIN_ASPECT_RATIO_OVERRIDE
02-19 20:56:11.350   752   934 W OptProp : Cannot read opt property android.window.PROPERTY_COMPAT_ALLOW_ORIENTATION_OVERRIDE
02-19 20:56:11.352   531   549 I BpBinder: onLastStrongRef automatically unlinking death recipients: 
02-19 20:56:11.357   752   934 I ActivityTaskManager: START u0 {act=android.intent.action.VIEW dat=intoss://takealook/... flg=0x10000000 xflg=0x4 pkg=viva.republica.toss.test cmp=viva.republica.toss.test/.MiniAppSchemeActivity} with LAUNCH_MULTIPLE from uid 2000 (BAL_ALLOW_PERMISSION) result code=0
02-19 20:56:11.358  4449  4467 V WindowManagerShell: Transition requested (#965): android.os.BinderProxy@4c8a60e TransitionRequestInfo { type = OPEN, triggerTask = TaskInfo{userId=0 taskId=127 effectiveUid=10217 displayId=0 isRunning=true baseIntent=Intent { act=android.intent.action.VIEW dat=intoss://takealook/... flg=0x10000000 pkg=viva.republica.toss.test cmp=viva.republica.toss.test/.MiniAppSchemeActivity } baseActivity=ComponentInfo{viva.republica.toss.test/viva.republica.toss.test.MiniAppSchemeActivity} topActivity=ComponentInfo{viva.republica.toss.test/viva.republica.toss.test.MiniAppSchemeActivity} origActivity=null realActivity=ComponentInfo{viva.republica.toss.test/viva.republica.toss.test.MiniAppSchemeActivity} numActivities=1 lastActiveTime=113645202 supportsMultiWindow=true resizeMode=1 isResizeable=true minWidth=-1 minHeight=-1 defaultMinSize=220 token=WCT{android.window.IWindowContainerToken$Stub$Proxy@8db282f} topActivityType=1 pictureInPictureParams=null shouldDockBigOverlays=false launchIntoPipHostTaskId=-1 lastParentTaskIdBeforePip=-1 displayCutoutSafeInsets=Rect(0, 0 - 0, 0) topActivityInfo=ActivityInfo{ee89e3c viva.republica.toss.test.MiniAppSchemeActivity} launchCookies=[] positionInParent=Point(0, 0) parentTaskId=-1 isFocused=false isVisible=false isVisibleRequested=false isTopActivityNoDisplay=false isSleeping=false locusId=null displayAreaFeatureId=1 isTopActivityTransparent=true isActivityStackTransparent=true lastNonFullscreenBounds=Rect(284, 660 - 796, 1740) capturedLink=null capturedLinkTimestamp=0 requestedVisibleTypes=-9 topActivityRequestOpenInBrowserEducationTimestamp=0 appCompatTaskInfo=AppCompatTaskInfo { topActivityInSizeCompat=false eligibleForLetterboxEducation= false isLetterboxEducationEnabled= true isLetterboxDoubleTapEnabled= false eligibleForUserAspectRatioButton= false topActivityBoundsLetterboxed= false isFromLetterboxDoubleTap= false topActivityLetterboxVerticalPosition= -1 topActivityLetterboxHorizontalPosition= -1 topActivityLetterboxWidth=-1 topActivityLetterboxHeight=-1 topActivityAppBounds=Rect(0, 0 - 1080, 2400) isUserFullscreenOverrideEnabled=false isSystemFullscreenOverrideEnabled=false hasMinAspectRatioOverride=false topActivityLetterboxBounds=null cameraCompatTaskInfo=CameraCompatTaskInfo { freeformCameraCompatMode=inactive}} topActivityMainWindowFrame=null}, pipChange = null, remoteTransition = null, displayChange = null, flags = 0, debugId = 965 }
02-19 20:56:11.359  4449  4467 D ShellSplitScreen: logExit: no-op, mLoggerSessionId is null
02-19 20:56:11.361 19166 19166 W SplitSelectStateCtor: Missing session instanceIds
02-19 20:56:11.361 19166 19166 D StatsLog: LAUNCHER_SPLIT_SELECTION_EXIT_INTERRUPTED
02-19 20:56:11.362  4449  4467 D WindowManagerShell: setLauncherKeepClearAreaHeight: visible=false, height=527
02-19 20:56:11.369   531   531 I BpBinder: onLastStrongRef automatically unlinking death recipients: 
02-19 20:56:11.390   752   797 V GrammaticalInflectionUtils: AttributionSource: android.content.AttributionSource@56784557 does not have READ_SYSTEM_GRAMMATICAL_GENDER permission.
02-19 20:56:11.421   752  1095 D BackgroundInstallControlService: Package event received: 0
02-19 20:56:11.425   458   458 D Zygote  : Forked child process 30714
02-19 20:56:11.429   752   806 I ActivityManager: Start proc 30714:viva.republica.toss.test/u0a217 for next-top-activity {viva.republica.toss.test/viva.republica.toss.test.MiniAppSchemeActivity}
02-19 20:56:11.430   752   806 I ActivityManager: ProcessObserver broadcast disabled
02-19 20:56:23.618   531   568 W EventThread: Faking VSYNC due to driver stall for thread app
02-19 20:56:23.622   752   797 W BLASTSyncEngine: Sync group 965 timeout
02-19 20:56:23.622   752   797 I BLASTSyncEngine: Unfinished container: Task{5a08495 #127 type=standard A=10217:viva.republica.toss.test}
02-19 20:56:23.624   752   797 I BLASTSyncEngine: Unfinished container: ActivityRecord{70106188 u0 viva.republica.toss.test/.MiniAppSchemeActivity t127}
02-19 20:56:23.634   752  1029 D InetDiagMessage: Destroyed 0 sockets, proto=IPPROTO_TCP, family=AF_INET, states=14
02-19 20:56:23.640 27008 27008 I wpa_supplicant: wlan0: CTRL-EVENT-BEACON-LOSS 
02-19 20:56:23.661   752   797 W ActivityTaskManager: Launch timeout has expired, giving up wake lock!
02-19 20:56:23.665   752   805 W ActivityManager: Process ProcessRecord{fa05138 30714:viva.republica.toss.test/u0a217} failed to attach
02-19 20:56:23.668   752   794 V WindowManager: Sent Transition (#965) createdAt=02-19 20:56:11.344 via request=TransitionRequestInfo { type = OPEN, triggerTask = TaskInfo{userId=0 taskId=127 effectiveUid=10217 displayId=0 isRunning=true baseIntent=Intent { act=android.intent.action.VIEW dat=intoss://takealook/... flg=0x10000000 pkg=viva.republica.toss.test cmp=viva.republica.toss.test/.MiniAppSchemeActivity } baseActivity=ComponentInfo{viva.republica.toss.test/viva.republica.toss.test.MiniAppSchemeActivity} topActivity=ComponentInfo{viva.republica.toss.test/viva.republica.toss.test.MiniAppSchemeActivity} origActivity=null realActivity=ComponentInfo{viva.republica.toss.test/viva.republica.toss.test.MiniAppSchemeActivity} numActivities=1 lastActiveTime=113645202 supportsMultiWindow=true resizeMode=1 isResizeable=true minWidth=-1 minHeight=-1 defaultMinSize=220 token=WCT{RemoteToken{fa548e4 Task{5a08495 #127 type=standard A=10217:viva.republica.toss.test}}} topActivityType=1 pictureInPictureParams=null shouldDockBigOverlays=false launchIntoPipHostTaskId=-1 lastParentTaskIdBeforePip=-1 displayCutoutSafeInsets=Rect(0, 0 - 0, 0) topActivityInfo=ActivityInfo{9edb14d viva.republica.toss.test.MiniAppSchemeActivity} launchCookies=[] positionInParent=Point(0, 0) parentTaskId=-1 isFocused=false isVisible=false isVisibleRequested=false isTopActivityNoDisplay=false isSleeping=false locusId=null displayAreaFeatureId=1 isTopActivityTransparent=true isActivityStackTransparent=true lastNonFullscreenBounds=Rect(284, 660 - 796, 1740) capturedLink=null capturedLinkTimestamp=0 requestedVisibleTypes=-9 topActivityRequestOpenInBrowserEducationTimestamp=0 appCompatTaskInfo=AppCompatTaskInfo { topActivityInSizeCompat=false eligibleForLetterboxEducation= false isLetterboxEducationEnabled= true isLetterboxDoubleTapEnabled= false eligibleForUserAspectRatioButton= false topActivityBoundsLetterboxed= false isFromLetterboxDoubleTap= false topActivityLetterboxVerticalPosition= -1 topActivityLetterboxHorizontalPosition= -1 topActivityLetterboxWidth=-1 topActivityLetterboxHeight=-1 topActivityAppBounds=Rect(0, 0 - 1080, 2400) isUserFullscreenOverrideEnabled=false isSystemFullscreenOverrideEnabled=false hasMinAspectRatioOverride=false topActivityLetterboxBounds=null cameraCompatTaskInfo=CameraCompatTaskInfo { freeformCameraCompatMode=inactive}} topActivityMainWindowFrame=null}, pipChange = null, remoteTransition = null, displayChange = null, flags = 0, debugId = 965 }
02-19 20:56:23.668   752   794 V WindowManager:     startWCT=WindowContainerTransaction { changes= {} hops= [] errorCallbackToken=null taskFragmentOrganizer=null }
02-19 20:56:23.668   752   794 V WindowManager:     info={id=965 t=OPEN f=0x0 trk=0 r=[0@Point(0, 0)] c=[
02-19 20:56:23.668   752   794 V WindowManager:         {WCT{RemoteToken{fa548e4 Task{5a08495 #127 type=standard A=10217:viva.republica.toss.test}}} m=OPEN f=TRANSLUCENT leash=Surface(name=Task=127)/@0x2e91676 sb=Rect(0, 0 - 1080, 2400) eb=Rect(0, 0 - 1080, 2400) epz=Point(1080, 2400) d=0 taskParent=-1}
02-19 20:56:23.668   752   794 V WindowManager:     ]}
02-19 20:56:23.669   752   752 W Looper  : Slow delivery took 3011ms main app=system_server main=true group=FOREGROUND h=com.android.server.pm.SnapshotStatistics$1 c=null m=0
02-19 20:56:23.671   752   752 W Looper  : Drained
02-19 20:56:23.680   752  1029 D InetDiagMessage: Destroyed 0 sockets, proto=IPPROTO_TCP, family=AF_INET6, states=14
02-19 20:56:23.681   752  1029 D InetDiagMessage: Destroyed live tcp sockets for uids={10205} in 48ms
02-19 20:56:23.684   752   805 W ActivityTaskManager: ProcessRecord{fa05138 30714:viva.republica.toss.test/u0a217} is removed with pending start ActivityRecord{70106188 u0 viva.republica.toss.test/.MiniAppSchemeActivity t127}
02-19 20:56:23.684   752  1029 D InetDiagMessage: Destroyed 0 sockets, proto=IPPROTO_TCP, family=AF_INET, states=14
02-19 20:56:23.689   752  1029 D InetDiagMessage: Destroyed 0 sockets, proto=IPPROTO_TCP, family=AF_INET6, states=14
02-19 20:56:23.689   752  1029 D InetDiagMessage: Destroyed live tcp sockets for uids={20205} in 8ms
02-19 20:56:23.690  4449  4456 W ndroid.systemui: Suspending all threads took: 25.779ms
02-19 20:56:23.692  4449  4488 V WindowManagerShell: onTransitionReady(transaction=3229815434902)
02-19 20:56:23.700 30714 30714 I blica.toss.test: Using CollectorTypeCMC GC.
02-19 20:56:23.703 30714 30714 W blica.toss.test: Unexpected CPU variant for x86: x86_64.
02-19 20:56:23.703 30714 30714 W blica.toss.test: Known variants: atom, sandybridge, silvermont, goldmont, goldmont-plus, goldmont-without-sha-xsaves, tremont, kabylake, alderlake, default
02-19 20:56:23.704 19336 19718 I bbax    : (REDACTED) getHotwordActive::active query: %s, watch: %s, devices connected: %s
02-19 20:56:23.716  4449  4467 V WindowManagerShell: onTransitionReady (#965) android.os.BinderProxy@4c8a60e: {id=965 t=OPEN f=0x0 trk=0 r=[0@Point(0, 0)] c=[
02-19 20:56:23.716  4449  4467 V WindowManagerShell:         {m=OPEN f=TRANSLUCENT leash=Surface(name=Task=127)/@0x7a9d7c5 sb=Rect(0, 0 - 1080, 2400) eb=Rect(0, 0 - 1080, 2400) epz=Point(1080, 2400) d=0 taskParent=-1}
02-19 20:56:23.716  4449  4467 V WindowManagerShell:     ]}
02-19 20:56:23.722  4449  4467 V WindowManagerShell: Playing animation for (#965) android.os.BinderProxy@4c8a60e@0
02-19 20:56:23.723  4449  4467 V ShellRecents: RecentsTransitionHandler.startAnimation: no controller found
02-19 20:56:23.723  4449  4467 V WindowManagerShell: Transition doesn't have explicit remote, search filters for match for {id=965 t=OPEN f=0x0 trk=0 r=[0@Point(0, 0)] c=[{m=OPEN f=TRANSLUCENT leash=Surface(name=Task=127)/@0x7a9d7c5 sb=Rect(0, 0 - 1080, 2400) eb=Rect(0, 0 - 1080, 2400) epz=Point(1080, 2400) d=0 taskParent=-1}]}
02-19 20:56:23.724 30714 30714 E blica.toss.test: Not starting debugger since process cannot load the jdwp agent.
02-19 20:56:23.745  4449  4467 V WindowManagerShell:  Checking filter Pair{{types=[] flags=0x0] notFlags=0x0 checks=[{atype=undefined independent=true modes=[CLOSE,TO_BACK] flags=IN_TASK_WITH_EMBEDDED_ACTIVITY mustBeTask=false order=ANY topActivity=null launchCookie=null taskFragmentToken=android.os.BinderProxy@71546f0 windowingMode=undefined}]} RemoteTransition { remoteTransition = android.window.IRemoteTransition$Stub$Proxy@d4c8469, appThread = android.app.IApplicationThread$Stub$Proxy@c228eee, debugName = overlayBackTransition }}
02-19 20:56:23.747  4449  4467 V WindowManagerShell:  Checking filter Pair{{types=[] flags=0x0] notFlags=0x0 checks=[{atype=dream independent=true modes=[OPEN,TO_FRONT] flags=NONE mustBeTask=false order=ANY topActivity=null launchCookie=null windowingMode=undefined},{atype=home independent=true modes=[CLOSE,TO_BACK] flags=NONE mustBeTask=false order=ANY topActivity=null launchCookie=null windowingMode=undefined}]} RemoteTransition { remoteTransition = android.window.IRemoteTransition$Stub$Proxy@c578f8f, appThread = android.app.IApplicationThread$Stub$Proxy@69fe21c, debugName = LauncherToDream }}
02-19 20:56:23.747   752   805 I ActivityManager: Killing 30714:viva.republica.toss.test/u0a217 (adj -10000): start timeout
02-19 20:56:23.747  4449  4467 V WindowManagerShell:  Checking filter Pair{{types=[] flags=0x0] notFlags=0x100 checks=[{atype=home independent=true modes=[OPEN,TO_FRONT] flags=NONE mustBeTask=false order=TOP topActivity=ComponentInfo{com.google.android.apps.nexuslauncher/com.google.android.apps.nexuslauncher.NexusLauncherActivity} launchCookie=null windowingMode=undefined},{atype=standard independent=true modes=[CLOSE,TO_BACK] flags=NONE mustBeTask=false order=ANY topActivity=null launchCookie=null windowingMode=undefined},{NOT atype=undefined independent=true modes=[] flags=NONE mustBeTask=true order=ANY topActivity=null launchCookie=null customAnim=true windowingMode=undefined}]} RemoteTransition { remoteTransition = android.window.IRemoteTransition$Stub$Proxy@69ffe25, appThread = android.app.IApplicationThread$Stub$Proxy@72cabfa, debugName = QuickstepLaunchHome }}
02-19 20:56:23.747  4449  4467 V WindowManagerShell:  Checking filter Pair{{types=[] flags=0x0] notFlags=0x0 checks=[{atype=undefined independent=true modes=[CLOSE,TO_BACK] flags=IN_TASK_WITH_EMBEDDED_ACTIVITY mustBeTask=false order=ANY topActivity=null launchCookie=null taskFragmentToken=android.os.BinderProxy@71546f0 windowingMode=undefined}]} RemoteTransition { remoteTransition = android.window.IRemoteTransition$Stub$Proxy@7c795ab, appThread = android.app.IApplicationThread$Stub$Proxy@cd70408, debugName = overlayBackTransition }}
02-19 20:56:23.747  4449  4467 V WindowManagerShell:  Checking filter Pair{{types=[] flags=0x0] notFlags=0x0 checks=[{atype=dream independent=true modes=[OPEN,TO_FRONT] flags=NONE mustBeTask=false order=ANY topActivity=null launchCookie=null windowingMode=undefined},{atype=home independent=true modes=[CLOSE,TO_BACK] flags=NONE mustBeTask=false order=ANY topActivity=null launchCookie=null windowingMode=undefined}]} RemoteTransition { remoteTransition = android.window.IRemoteTransition$Stub$Proxy@f757a1, appThread = android.app.IApplicationThread$Stub$Proxy@d898dc6, debugName = LauncherToDream }}
02-19 20:56:23.748  4449  4467 V WindowManagerShell:  Checking filter Pair{{types=[] flags=0x0] notFlags=0x100 checks=[{atype=home independent=true modes=[OPEN,TO_FRONT] flags=NONE mustBeTask=false order=TOP topActivity=ComponentInfo{com.google.android.apps.nexuslauncher/com.google.android.apps.nexuslauncher.NexusLauncherActivity} launchCookie=null windowingMode=undefined},{atype=standard independent=true modes=[CLOSE,TO_BACK] flags=NONE mustBeTask=false order=ANY topActivity=null launchCookie=null windowingMode=undefined},{NOT atype=undefined independent=true modes=[] flags=NONE mustBeTask=true order=ANY topActivity=null launchCookie=null customAnim=true windowingMode=undefined}]} RemoteTransition { remoteTransition = android.window.IRemoteTransition$Stub$Proxy@9e7e187, appThread = android.app.IApplicationThread$Stub$Proxy@3dc58b4, debugName = QuickstepLaunchHome }}
02-19 20:56:23.748  4449  4467 V WindowManagerShell:  Delegate animation for (#965) to null
02-19 20:56:23.748  4449  4467 V WindowManagerShell: start default transition animation, info = {id=965 t=OPEN f=0x0 trk=0 r=[0@Point(0, 0)] c=[{m=OPEN f=TRANSLUCENT leash=Surface(name=Task=127)/@0x7a9d7c5 sb=Rect(0, 0 - 1080, 2400) eb=Rect(0, 0 - 1080, 2400) epz=Point(1080, 2400) d=0 taskParent=-1}]}
02-19 20:56:23.748   752   969 D ActivityManager: freezing 19378 com.google.android.webview:webview_service
02-19 20:56:23.750  4449  4467 V WindowManagerShell: loadAnimation: anim=android.view.animation.AnimationSet@f552b41 animAttr=0x4 type=OPEN isEntrance=true
02-19 20:56:23.754 19166 19166 D StatsLog: LAUNCHER_ONRESUME
02-19 20:56:23.782  4449  4467 V WindowManagerShell:  animated by com.android.wm.shell.transition.DefaultTransitionHandler@f74d823
02-19 20:56:23.783  4449  4467 V WindowManagerShell: Transition requested (#966): android.os.BinderProxy@fb768e6 TransitionRequestInfo { type = CLOSE, triggerTask = TaskInfo{userId=0 taskId=127 effectiveUid=10217 displayId=0 isRunning=false baseIntent=Intent { act=android.intent.action.VIEW dat=intoss://takealook/... flg=0x10000000 pkg=viva.republica.toss.test cmp=viva.republica.toss.test/.MiniAppSchemeActivity } baseActivity=null topActivity=null origActivity=null realActivity=ComponentInfo{viva.republica.toss.test/viva.republica.toss.test.MiniAppSchemeActivity} numActivities=0 lastActiveTime=113645202 supportsMultiWindow=true resizeMode=1 isResizeable=true minWidth=-1 minHeight=-1 defaultMinSize=220 token=WCT{android.window.IWindowContainerToken$Stub$Proxy@af1ee27} topActivityType=1 pictureInPictureParams=null shouldDockBigOverlays=false launchIntoPipHostTaskId=-1 lastParentTaskIdBeforePip=-1 displayCutoutSafeInsets=Rect(0, 0 - 0, 0) topActivityInfo=null launchCookies=[] positionInParent=Point(0, 0) parentTaskId=-1 isFocused=false isVisible=true isVisibleRequested=true isTopActivityNoDisplay=false isSleeping=false locusId=null displayAreaFeatureId=1 isTopActivityTransparent=false isActivityStackTransparent=true lastNonFullscreenBounds=Rect(284, 660 - 796, 1740) capturedLink=null capturedLinkTimestamp=0 requestedVisibleTypes=-9 topActivityRequestOpenInBrowserEducationTimestamp=0 appCompatTaskInfo=AppCompatTaskInfo { topActivityInSizeCompat=false eligibleForLetterboxEducation= false isLetterboxEducationEnabled= false isLetterboxDoubleTapEnabled= false eligibleForUserAspectRatioButton= false topActivityBoundsLetterboxed= false isFromLetterboxDoubleTap= false topActivityLetterboxVerticalPosition= -1 topActivityLetterboxHorizontalPosition= -1 topActivityLetterboxWidth=-1 topActivityLetterboxHeight=-1 topActivityAppBounds=Rect(0, 0 - 0, 0) isUserFullscreenOverrideEnabled=false isSystemFullscreenOverrideEnabled=false hasMinAspectRatioOverride=false topActivityLetterboxBounds=null cameraCompatTaskInfo=CameraCompatTaskInfo { freeformCameraCompatMode=undefined}} topActivityMainWindowFrame=null}, pipChange = null, remoteTransition = null, displayChange = null, flags = 0, debugId = 966 }
02-19 20:56:23.785  4449  4467 D WindowManagerShell: setLauncherKeepClearAreaHeight: visible=true, height=527
02-19 20:56:23.786   531   548 I BpBinder: onLastStrongRef automatically unlinking death recipients: 
02-19 20:56:23.795   752   933 W ActivityTaskManager: getTaskSnapshot: taskId=127 not found
02-19 20:56:23.805   752   807 I libprocessgroup: Removed cgroup /sys/fs/cgroup/apps/uid_10217/pid_30714
02-19 20:56:23.806   458   458 I Zygote  : Process 30714 exited due to signal 9 (Killed)
02-19 20:56:23.820   752   969 D ActivityManager: freezing 4656 com.google.android.adservices.api
02-19 20:56:23.820   752  1789 W ActivityTaskManager: takeTaskSnapshot: taskId=127 not found or not visible
02-19 20:56:23.822   752   969 D ActivityManager: freezing 3453 com.google.android.gms
02-19 20:56:23.829 19166 19166 I NotificationListener: Handling notification state refresh for com.google.android.adservices.api#0
02-19 20:56:23.830 19166 19166 I NotificationListener: Handling notification state refresh for android#0
02-19 20:56:23.831 19166 19166 I NotificationListener: Handling notification state refresh for com.android.systemui#0
02-19 20:56:23.836   752   794 V WindowManager: Sent Transition (#966) createdAt=02-19 20:56:23.691 via request=TransitionRequestInfo { type = CLOSE, triggerTask = TaskInfo{userId=0 taskId=127 effectiveUid=10217 displayId=0 isRunning=false baseIntent=Intent { act=android.intent.action.VIEW dat=intoss://takealook/... flg=0x10000000 pkg=viva.republica.toss.test cmp=viva.republica.toss.test/.MiniAppSchemeActivity } baseActivity=null topActivity=null origActivity=null realActivity=ComponentInfo{viva.republica.toss.test/viva.republica.toss.test.MiniAppSchemeActivity} numActivities=0 lastActiveTime=113645202 supportsMultiWindow=true resizeMode=1 isResizeable=true minWidth=-1 minHeight=-1 defaultMinSize=220 token=WCT{RemoteToken{fa548e4 Task{5a08495 #127 type=standard A=10217:viva.republica.toss.test}}} topActivityType=1 pictureInPictureParams=null shouldDockBigOverlays=false launchIntoPipHostTaskId=-1 lastParentTaskIdBeforePip=-1 displayCutoutSafeInsets=Rect(0, 0 - 0, 0) topActivityInfo=null launchCookies=[] positionInParent=Point(0, 0) parentTaskId=-1 isFocused=false isVisible=true isVisibleRequested=true isTopActivityNoDisplay=false isSleeping=false locusId=null displayAreaFeatureId=1 isTopActivityTransparent=false isActivityStackTransparent=true lastNonFullscreenBounds=Rect(284, 660 - 796, 1740) capturedLink=null capturedLinkTimestamp=0 requestedVisibleTypes=-9 topActivityRequestOpenInBrowserEducationTimestamp=0 appCompatTaskInfo=AppCompatTaskInfo { topActivityInSizeCompat=false eligibleForLetterboxEducation= false isLetterboxEducationEnabled= false isLetterboxDoubleTapEnabled= false eligibleForUserAspectRatioButton= false topActivityBoundsLetterboxed= false isFromLetterboxDoubleTap= false topActivityLetterboxVerticalPosition= -1 topActivityLetterboxHorizontalPosition= -1 topActivityLetterboxWidth=-1 topActivityLetterboxHeight=-1 topActivityAppBounds=Rect(0, 0 - 0, 0) isUserFullscreenOverrideEnabled=false isSystemFullscreenOverrideEnabled=false hasMinAspectRatioOverride=false topActivityLetterboxBounds=null cameraCompatTaskInfo=CameraCompatTaskInfo { freeformCameraCompatMode=undefined}} topActivityMainWindowFrame=null}, pipChange = null, remoteTransition = null, displayChange = null, flags = 0, debugId = 966 }
02-19 20:56:23.836   752   794 V WindowManager:     startWCT=WindowContainerTransaction { changes= {} hops= [] errorCallbackToken=null taskFragmentOrganizer=null }
02-19 20:56:23.837   752   794 V WindowManager:     info={id=966 t=CLOSE f=0x0 trk=0 r=[0@Point(0, 0)] c=[
02-19 20:56:23.837   752   794 V WindowManager:         {WCT{RemoteToken{5218fe8 Task{dd43522 #1 type=home}}} m=CHANGE f=SHOW_WALLPAPER|MOVE_TO_TOP leash=Surface(name=Task=1)/@0x8ddbd2e sb=Rect(0, 0 - 1080, 2400) eb=Rect(0, 0 - 1080, 2400) epz=Point(1080, 2400) d=0 taskParent=-1}
02-19 20:56:23.837   752   794 V WindowManager:     ]}
02-19 20:56:23.837 19166 19166 D RecentsView: onTaskRemoved: 127, no associated Task
02-19 20:56:23.837   752   955 W UsageStatsService: Unexpected activity event reported! (viva.republica.toss.test/viva.republica.toss.test.MiniAppSchemeActivity event : 23 instanceId : 234621354)
02-19 20:56:23.837 19166 19166 D RecentsView: onTaskRemoved: 127, no associated Task
02-19 20:56:23.840 19166 19190 D QuickstepModelDelegate: notifyAppTargetEvent action=1 launchLocation=
02-19 20:56:23.841  4449  4488 V WindowManagerShell: onTransitionReady(transaction=3229815434910)
02-19 20:56:23.842  4449  4467 V WindowManagerShell: onTransitionReady (#966) android.os.BinderProxy@fb768e6: {id=966 t=CLOSE f=0x0 trk=0 r=[0@Point(0, 0)] c=[
02-19 20:56:23.842  4449  4467 V WindowManagerShell:         {m=CHANGE f=SHOW_WALLPAPER|MOVE_TO_TOP leash=Surface(name=Task=1)/@0xd083a7d sb=Rect(0, 0 - 1080, 2400) eb=Rect(0, 0 - 1080, 2400) epz=Point(1080, 2400) d=0 taskParent=-1}
02-19 20:56:23.842  4449  4467 V WindowManagerShell:     ]}
02-19 20:56:23.845  4449  4467 V WindowManagerShell: Transition (#966) android.os.BinderProxy@fb768e6@0 ready while (#965) android.os.BinderProxy@4c8a60e@0 is still animating. Notify the animating transition in case they can be merged
02-19 20:56:23.846   752  1095 D BackgroundInstallControlService: Package event received: 0
02-19 20:56:23.846   752  1029 D InetDiagMessage: Destroyed 0 sockets, proto=IPPROTO_TCP, family=AF_INET, states=14
02-19 20:56:23.847   752   797 W IPCThreadState: Sending oneway calls to frozen process.
02-19 20:56:23.847   752   797 W IPCThreadState: Sending oneway calls to frozen process.
02-19 20:56:23.847   752   797 W IPCThreadState: Sending oneway calls to frozen process.
02-19 20:56:23.848   752   797 W IPCThreadState: Sending oneway calls to frozen process.
02-19 20:56:23.849   752   797 W IPCThreadState: Sending oneway calls to frozen process.
02-19 20:56:23.849   752  1029 D InetDiagMessage: Destroyed 0 sockets, proto=IPPROTO_TCP, family=AF_INET6, states=14
02-19 20:56:23.849   752  1029 D InetDiagMessage: Destroyed live tcp sockets for uids={10168} in 8ms
02-19 20:56:23.849   752  1095 D BackgroundInstallControlService: Package event received: 0
02-19 20:56:23.851   752   797 W IPCThreadState: Sending oneway calls to frozen process.
02-19 20:56:23.851   752   797 W IPCThreadState: Sending oneway calls to frozen process.
02-19 20:56:23.852   752   797 W IPCThreadState: Sending oneway calls to frozen process.
02-19 20:56:23.852   752   797 W IPCThreadState: Sending oneway calls to frozen process.
02-19 20:56:23.853   752   797 W IPCThreadState: Sending oneway calls to frozen process.
02-19 20:56:23.853   752   797 W IPCThreadState: Sending oneway calls to frozen process.
02-19 20:56:23.853   752   797 W IPCThreadState: Sending oneway calls to frozen process.
02-19 20:56:23.854   752   797 W IPCThreadState: Sending oneway calls to frozen process.
02-19 20:56:23.854   752   797 W IPCThreadState: Sending oneway calls to frozen process.
02-19 20:56:23.854   752   797 W IPCThreadState: Sending oneway calls to frozen process.
02-19 20:56:23.855   752   797 W IPCThreadState: Sending oneway calls to frozen process.
02-19 20:56:23.855   752   797 W IPCThreadState: Sending oneway calls to frozen process.
02-19 20:56:23.857  1971  2198 I AiAiEcho: Predicting[0]:  [CONTEXT sampling_count=5 ]
02-19 20:56:23.857  1971  2198 I AiAiEcho: EchoTargets: 
02-19 20:56:23.857  1971  2198 I AiAiEcho: Filtered by AiAi flag check: 
02-19 20:56:23.857  1971  2198 I AiAiEcho: [CONTEXT ratelimit_period="10 SECONDS" ]
02-19 20:56:23.857   752   797 W ProcessStats: Tracking association SourceState{1b917ca system/1000 BFgs #26077} whose proc state 4 is better than process ProcessState{42c4ef0 com.google.android.ext.services/10208 pkg=com.google.android.ext.services} proc state 14 (15 skipped)
02-19 20:56:23.858  4449  4467 V WindowManagerShell: Transition animation finished (aborted=false), notifying core (#965) android.os.BinderProxy@4c8a60e@0
02-19 20:56:23.858  1971  2198 I AiAiEcho: #remoteViewsTwiddler: feature disabled.
02-19 20:56:23.860  1971  2198 I AiAiEcho: #postPredictionTargets: Sending updates to UISurface home with targets# 0 (types=[])
02-19 20:56:23.863 19166 19166 D SsBaseTemplateCard: No text view can be set up
02-19 20:56:23.863 19166 19166 D SsBaseTemplateCard: Passed-in item info is null
02-19 20:56:23.863 19166 19166 D SsBaseTemplateCard: Passed-in item info is null
02-19 20:56:23.864 19166 19166 D SsBaseTemplateCard: Passed-in item info is null
02-19 20:56:23.864 19166 19166 I SsBaseTemplateCard: Secondary card pane is null
02-19 20:56:23.866   752  1029 D InetDiagMessage: Destroyed 0 sockets, proto=IPPROTO_TCP, family=AF_INET, states=14
02-19 20:56:23.868  4449  4467 V WindowManagerShell: Playing animation for (#966) android.os.BinderProxy@fb768e6@0
02-19 20:56:23.868   752  1029 D InetDiagMessage: Destroyed 0 sockets, proto=IPPROTO_TCP, family=AF_INET6, states=14
02-19 20:56:23.869  4449  4467 V ShellRecents: RecentsTransitionHandler.startAnimation: no controller found
02-19 20:56:23.869   752  1029 D InetDiagMessage: Destroyed live tcp sockets for uids={10205} in 3ms
02-19 20:56:23.869  4449  4467 V WindowManagerShell: Transition doesn't have explicit remote, search filters for match for {id=966 t=CLOSE f=0x0 trk=0 r=[0@Point(0, 0)] c=[{m=CHANGE f=SHOW_WALLPAPER|MOVE_TO_TOP leash=Surface(name=Task=1)/@0xd083a7d sb=Rect(0, 0 - 1080, 2400) eb=Rect(0, 0 - 1080, 2400) epz=Point(1080, 2400) d=0 taskParent=-1}]}
02-19 20:56:23.869  4449  4467 V WindowManagerShell:  Checking filter Pair{{types=[] flags=0x0] notFlags=0x0 checks=[{atype=undefined independent=true modes=[CLOSE,TO_BACK] flags=IN_TASK_WITH_EMBEDDED_ACTIVITY mustBeTask=false order=ANY topActivity=null launchCookie=null taskFragmentToken=android.os.BinderProxy@71546f0 windowingMode=undefined}]} RemoteTransition { remoteTransition = android.window.IRemoteTransition$Stub$Proxy@d4c8469, appThread = android.app.IApplicationThread$Stub$Proxy@c228eee, debugName = overlayBackTransition }}
02-19 20:56:23.869  4449  4467 V WindowManagerShell:  Checking filter Pair{{types=[] flags=0x0] notFlags=0x0 checks=[{atype=dream independent=true modes=[OPEN,TO_FRONT] flags=NONE mustBeTask=false order=ANY topActivity=null launchCookie=null windowingMode=undefined},{atype=home independent=true modes=[CLOSE,TO_BACK] flags=NONE mustBeTask=false order=ANY topActivity=null launchCookie=null windowingMode=undefined}]} RemoteTransition { remoteTransition = android.window.IRemoteTransition$Stub$Proxy@c578f8f, appThread = android.app.IApplicationThread$Stub$Proxy@69fe21c, debugName = LauncherToDream }}
02-19 20:56:23.870  4449  4467 V WindowManagerShell:  Checking filter Pair{{types=[] flags=0x0] notFlags=0x100 checks=[{atype=home independent=true modes=[OPEN,TO_FRONT] flags=NONE mustBeTask=false order=TOP topActivity=ComponentInfo{com.google.android.apps.nexuslauncher/com.google.android.apps.nexuslauncher.NexusLauncherActivity} launchCookie=null windowingMode=undefined},{atype=standard independent=true modes=[CLOSE,TO_BACK] flags=NONE mustBeTask=false order=ANY topActivity=null launchCookie=null windowingMode=undefined},{NOT atype=undefined independent=true modes=[] flags=NONE mustBeTask=true order=ANY topActivity=null launchCookie=null customAnim=true windowingMode=undefined}]} RemoteTransition { remoteTransition = android.window.IRemoteTransition$Stub$Proxy@69ffe25, appThread = android.app.IApplicationThread$Stub$Proxy@72cabfa, debugName = QuickstepLaunchHome }}
02-19 20:56:23.870  4449  4467 V WindowManagerShell:  Checking filter Pair{{types=[] flags=0x0] notFlags=0x0 checks=[{atype=undefined independent=true modes=[CLOSE,TO_BACK] flags=IN_TASK_WITH_EMBEDDED_ACTIVITY mustBeTask=false order=ANY topActivity=null launchCookie=null taskFragmentToken=android.os.BinderProxy@71546f0 windowingMode=undefined}]} RemoteTransition { remoteTransition = android.window.IRemoteTransition$Stub$Proxy@7c795ab, appThread = android.app.IApplicationThread$Stub$Proxy@cd70408, debugName = overlayBackTransition }}
02-19 20:56:23.870  4449  4467 V WindowManagerShell:  Checking filter Pair{{types=[] flags=0x0] notFlags=0x0 checks=[{atype=dream independent=true modes=[OPEN,TO_FRONT] flags=NONE mustBeTask=false order=ANY topActivity=null launchCookie=null windowingMode=undefined},{atype=home independent=true modes=[CLOSE,TO_BACK] flags=NONE mustBeTask=false order=ANY topActivity=null launchCookie=null windowingMode=undefined}]} RemoteTransition { remoteTransition = android.window.IRemoteTransition$Stub$Proxy@f757a1, appThread = android.app.IApplicationThread$Stub$Proxy@d898dc6, debugName = LauncherToDream }}
02-19 20:56:23.870  4449  4467 V WindowManagerShell:  Checking filter Pair{{types=[] flags=0x0] notFlags=0x100 checks=[{atype=home independent=true modes=[OPEN,TO_FRONT] flags=NONE mustBeTask=false order=TOP topActivity=ComponentInfo{com.google.android.apps.nexuslauncher/com.google.android.apps.nexuslauncher.NexusLauncherActivity} launchCookie=null windowingMode=undefined},{atype=standard independent=true modes=[CLOSE,TO_BACK] flags=NONE mustBeTask=false order=ANY topActivity=null launchCookie=null windowingMode=undefined},{NOT atype=undefined independent=true modes=[] flags=NONE mustBeTask=true order=ANY topActivity=null launchCookie=null customAnim=true windowingMode=undefined}]} RemoteTransition { remoteTransition = android.window.IRemoteTransition$Stub$Proxy@9e7e187, appThread = android.app.IApplicationThread$Stub$Proxy@3dc58b4, debugName = QuickstepLaunchHome }}
02-19 20:56:23.871  4449  4467 V WindowManagerShell:  Delegate animation for (#966) to null
02-19 20:56:23.871  4449  4467 V WindowManagerShell: start default transition animation, info = {id=966 t=CLOSE f=0x0 trk=0 r=[0@Point(0, 0)] c=[{m=CHANGE f=SHOW_WALLPAPER|MOVE_TO_TOP leash=Surface(name=Task=1)/@0xd083a7d sb=Rect(0, 0 - 1080, 2400) eb=Rect(0, 0 - 1080, 2400) epz=Point(1080, 2400) d=0 taskParent=-1}]}
02-19 20:56:23.872  4449  4467 V WindowManagerShell: Transition animation finished (aborted=false), notifying core (#966) android.os.BinderProxy@fb768e6@0
02-19 20:56:23.874   752   794 V WindowManager: Finish Transition (#965): created at 02-19 20:56:11.344 collect-started=0.103ms request-sent=12.509ms started=16.475ms ready=-1.1364519116E8ms sent=12295.439ms commit=143.552ms finished=12521.472ms
02-19 20:56:23.880  4449  4467 V WindowManagerShell: Track 0 became idle
02-19 20:56:23.880  4449  4467 V WindowManagerShell: All active transition animations finished
02-19 20:56:23.880  4449  4467 V WindowManagerShell:  animated by com.android.wm.shell.transition.DefaultTransitionHandler@f74d823
02-19 20:56:23.881  4449  4467 V WindowManagerShell: Track 0 became idle
