--------- beginning of system
02-19 20:56:04.925   752  1095 D BackgroundInstallControlService: Package event received: 0
02-19 20:56:04.925   752  1095 D BackgroundInstallControlService: Package event received: 0
02-19 20:56:04.934   752  1095 D BackgroundInstallControlService: Package event received: 0
02-19 20:56:05.100   752  2417 D CoreBackPreview: Window{1959c50 u0 PopupWindow:144d05f}: Setting back callback OnBackInvokedCallbackInfo{mCallback=android.window.IOnBackInvokedCallback$Stub$Proxy@7a66c6f, mPriority=0, mIsAnimationCallback=false, mOverrideBehavior=0}
--------- beginning of main
02-19 20:56:05.167  4449  4474 W WindowOnBackDispatcher: sendCancelIfRunning: isInProgress=false callback=android.view.ViewRootImpl$$ExternalSyntheticLambda13@b86ff69
02-19 20:56:05.265   752  1789 D CoreBackPreview: Window{57442a9 u0 Splash Screen viva.republica.toss.test EXITING}: Setting back callback null
02-19 20:56:05.521 19166 19172 W System  : A resource failed to call release. 
02-19 20:56:05.521 19166 19172 W System  : A resource failed to call release. 
02-19 20:56:05.521 19166 19172 W System  : A resource failed to call release. 
02-19 20:56:05.522 19166 19172 W System  : A resource failed to call release. 
02-19 20:56:05.522 19166 19172 W System  : A resource failed to call release. 
02-19 20:56:05.523 19166 19172 W System  : A resource failed to call release. 
02-19 20:56:05.606  1336  1556 D SatelliteController: iisInCarrierRoamingNbIotNtn: satellite is disabled
02-19 20:56:05.648   752   795 W Looper  : Slow delivery took 261ms android.ui app=system_server main=false group=TOP_APP h=android.view.Choreographer$FrameHandler c=android.view.Choreographer$FrameDisplayEventReceiver@871751d m=0
02-19 20:56:05.648   752   795 W Looper  : Slow dispatch took 945ms android.ui app=system_server main=false group=TOP_APP h=android.view.Choreographer$FrameHandler c=android.view.Choreographer$FrameDisplayEventReceiver@871751d m=0
02-19 20:56:05.669   752   795 I Choreographer: Skipped 56 frames!  The application may be doing too much work on its main thread.
02-19 20:56:05.739   752   934 I HWUI    : Davey! duration=1191ms; Flags=1, FrameTimelineVsyncId=2202889, IntendedVsync=113638287727992, Vsync=113638537727982, InputEventId=0, HandleInputStart=113638549791917, AnimationStart=113638549869917, PerformTraversalsStart=113638549961917, DrawStart=113638777023917, FrameDeadline=113638304394658, FrameStartTime=113638548677917, FrameInterval=16666666, WorkloadTarget=16666666, SyncQueued=113638778333917, SyncStart=113638785428917, IssueDrawCommandsStart=113638786552917, SwapBuffers=113639428179917, FrameCompleted=113639486151917, DequeueBufferDuration=128000, QueueBufferDuration=2809000, GpuCompleted=113639485789917, SwapBuffersCompleted=113639486151917, DisplayPresentTime=29555362188230702, CommandSubmissionCompleted=113639428179917, 
02-19 20:56:05.952   752  1987 I HWUI    : Davey! duration=1033ms; Flags=0, FrameTimelineVsyncId=2202942, IntendedVsync=113638571061314, Vsync=113639504394610, InputEventId=0, HandleInputStart=113639519009917, AnimationStart=113639519398917, PerformTraversalsStart=113639531538917, DrawStart=113639541047917, FrameDeadline=113639504394610, FrameStartTime=113639515427917, FrameInterval=16666666, WorkloadTarget=16666666, SyncQueued=113639541649917, SyncStart=113639543132917, IssueDrawCommandsStart=113639570683917, SwapBuffers=113639588128917, FrameCompleted=113639605825917, DequeueBufferDuration=108000, QueueBufferDuration=3751000, GpuCompleted=113639605825917, SwapBuffersCompleted=113639595897917, DisplayPresentTime=1051536843079680001, CommandSubmissionCompleted=113639588128917, 
02-19 20:56:05.958   752   795 W Looper  : Drained
02-19 20:56:05.958   752   795 W Looper  : Slow dispatch took 129ms android.ui app=system_server main=false group=TOP_APP h=android.view.Choreographer$FrameHandler c=android.view.Choreographer$FrameDisplayEventReceiver@871751d m=0
02-19 20:56:07.371 30687 30687 W dumpsys : Thread Pool max thread count is 0. Cannot cache binder as linkToDeath cannot be implemented. serviceName: window
02-19 20:56:07.389   752  1789 I system_server: AssetManager2(0x7d8fac4c8138) locale list changing from [] to [en-US]
02-19 20:56:07.399   752  1789 I system_server: AssetManager2(0x7d8fac4e23f8) locale list changing from [] to [en-US]
02-19 20:56:07.403   752  1789 I system_server: AssetManager2(0x7d8fac47b518) locale list changing from [] to [en-US]
02-19 20:56:07.407   752  1789 I system_server: AssetManager2(0x7d8fac4c29b8) locale list changing from [] to [en-US]
02-19 20:56:07.410   752  1789 I system_server: AssetManager2(0x7d8fac444a18) locale list changing from [] to [en-US]
02-19 20:56:07.414   752  1789 I system_server: AssetManager2(0x7d8fac4715b8) locale list changing from [] to [en-US]
02-19 20:56:07.717 19301 19301 D BoundBrokerSvc: onUnbind: Intent { act=com.google.android.gms.common.telemetry.service.START dat=chimera-action:/... xflg=0x4 cmp=com.google.android.gms/.chimera.PersistentApiService }
02-19 20:56:07.773 19166 20706 D OverviewCommandHelper: command added: CommandInfo(type=TOGGLE, status=IDLE, createTime=113641619, animationCallbacks=null, displayId=0, isLastOfBatch=true)
02-19 20:56:07.773 19166 20706 D OverviewCommandHelper: execute: CommandInfo(type=TOGGLE, status=IDLE, createTime=113641619, animationCallbacks=null, displayId=0, isLastOfBatch=true) - queue size: 1
02-19 20:56:07.788 19166 19166 D OverviewCommandHelper: executing command: CommandInfo(type=TOGGLE, status=PROCESSING, createTime=113641619, animationCallbacks=null, displayId=0, isLastOfBatch=true)
02-19 20:56:07.788 19166 19166 D OverviewCommandHelper: executeCommand: CommandInfo(type=TOGGLE, status=PROCESSING, createTime=113641619, animationCallbacks=null, displayId=0, isLastOfBatch=true) - visibleRecentsView: null
02-19 20:56:07.789 19166 19166 D OverviewCommandHelper: Querying TaskbarManager for TaskbarUIController for display: 0
02-19 20:56:07.789 19166 19166 D OverviewCommandHelper: TaskbarUIController for display 0 was found
02-19 20:56:07.804 19166 19166 D ContextTracker: Registering callback: com.android.launcher3.LauncherInitListener@95dea67, reason=OverviewCommandHelper: command.type=TOGGLE
02-19 20:56:07.805 19166 19166 D RecentsView: onGestureAnimationStart - groupedTaskInfo: Desk ID= -1, Desk Display ID=-1, Tasks=[id=126 winMode=fullscreen visReq=true vis=true excluded=false baseIntent=viva.republica.toss.test/im.toss.rn.granite.core.GraniteActivity], Type=FULLSCREEN, Minimized Task IDs=null
02-19 20:56:07.807 19166 19166 D RecentsView: showCurrentTask(onGestureAnimationStart) - groupedTaskInfo: Desk ID= -1, Desk Display ID=-1, Tasks=[id=126 winMode=fullscreen visReq=true vis=true excluded=false baseIntent=viva.republica.toss.test/im.toss.rn.granite.core.GraniteActivity], Type=FULLSCREEN, Minimized Task IDs=null
02-19 20:56:07.810 19166 19166 D RecentsView: reloadIfNeeded - getTasks: 468
02-19 20:56:07.814 19166 19166 D RecentsView: onGestureAnimationStart - groupedTaskInfo: Desk ID= -1, Desk Display ID=-1, Tasks=[id=126 winMode=fullscreen visReq=true vis=true excluded=false baseIntent=viva.republica.toss.test/im.toss.rn.granite.core.GraniteActivity], Type=FULLSCREEN, Minimized Task IDs=null
02-19 20:56:07.815  4449  4449 I vol.VolumeDialogImpl: mDialog.dismiss() reason: volume_controller from: com.android.systemui.volume.VolumeDialogImpl$7.onDismissRequested:3
02-19 20:56:07.815   752   795 W ActivityTaskManager:   Force finishing activity viva.republica.toss.test/im.toss.rn.granite.core.GraniteActivity
02-19 20:56:07.816 19166 19166 D RecentsView: showCurrentTask(onGestureAnimationStart) - groupedTaskInfo: Desk ID= -1, Desk Display ID=-1, Tasks=[id=126 winMode=fullscreen visReq=true vis=true excluded=false baseIntent=viva.republica.toss.test/im.toss.rn.granite.core.GraniteActivity], Type=FULLSCREEN, Minimized Task IDs=null
02-19 20:56:07.818 19166 19166 D RecentsView: reloadIfNeeded - task list still valid: 468
02-19 20:56:07.819 19166 19166 D OverviewCommandHelper: switching via recents animation - onGestureStarted: CommandInfo(type=TOGGLE, status=PROCESSING, createTime=113641619, animationCallbacks=com.android.quickstep.RecentsAnimationCallbacks@2759061, displayId=0, isLastOfBatch=true)
02-19 20:56:07.819 19166 19166 D OverviewCommandHelper: command executed: CommandInfo(type=TOGGLE, status=PROCESSING, createTime=113641619, animationCallbacks=com.android.quickstep.RecentsAnimationCallbacks@2759061, displayId=0, isLastOfBatch=true) with result: false
02-19 20:56:07.819 19166 19166 D OverviewCommandHelper: waiting for command callback: CommandInfo(type=TOGGLE, status=PROCESSING, createTime=113641619, animationCallbacks=com.android.quickstep.RecentsAnimationCallbacks@2759061, displayId=0, isLastOfBatch=true)
02-19 20:56:07.819  4449  4467 V ShellRecents: RecentsTransitionHandler.startRecentsTransition
02-19 20:56:07.820  4449  4467 V WindowManagerShell: Directly starting a new transition type=TO_FRONT wct=WindowContainerTransaction { changes= {} hops= [{pendingIntent: options=Bundle[{android.activity.splashScreenStyle=-1, android.activity.sourceInfo=Supplier{VAL_PARCELABLE@148+104}, android.pendingIntent.backgroundActivityAllowed=3, android:activity.animAbortListener=null, android.activity.transientLaunch=true}]}] errorCallbackToken=null taskFragmentOrganizer=null } handler=com.android.wm.shell.recents.RecentsTransitionHandler@bc47314
02-19 20:56:07.820 19166 19166 D RecentsView: applyLoadPlan - taskGroups: [type=SINGLE task=[id=12 windowingMode=0 user=0 lastActiveTime=89737] null, type=SINGLE task=[id=49 windowingMode=1 user=0 lastActiveTime=87698314] null, type=SINGLE task=[id=126 windowingMode=1 user=0 lastActiveTime=113636963] null]
02-19 20:56:07.834   752   795 I ActivityManager: Killing 30550:viva.republica.toss.test/u0a217 (adj 0): user request after error
02-19 20:56:07.837   752  1789 V WindowManager: Queueing transition: TransitionRecord{8a73901 id=-1 type=TO_FRONT flags=0x0}
02-19 20:56:07.840  4449  4467 V ShellRecents: [211048015] RecentsController.setTransition: id=android.os.BinderProxy@f4f38ae
02-19 20:56:07.845   752   795 W WindowOnBackDispatcher: sendCancelIfRunning: isInProgress=false callback=android.app.Dialog$$ExternalSyntheticLambda2@3c2dd95
02-19 20:56:07.847   752   795 D CoreBackPreview: Window{758eaa1 u0 Application Not Responding: viva.republica.toss.test}: Setting back callback null
02-19 20:56:07.849  4449  4467 V WindowManagerShell: Transition requested (#963): android.os.BinderProxy@d8f01dc TransitionRequestInfo { type = CLOSE, triggerTask = TaskInfo{userId=0 taskId=126 effectiveUid=10217 displayId=0 isRunning=true baseIntent=Intent { act=android.intent.action.VIEW dat=intoss://takealook/... flg=0x10000000 cmp=viva.republica.toss.test/im.toss.rn.granite.core.GraniteActivity } baseActivity=ComponentInfo{viva.republica.toss.test/im.toss.rn.granite.core.GraniteActivity} topActivity=ComponentInfo{viva.republica.toss.test/im.toss.rn.granite.core.GraniteActivity} origActivity=null realActivity=ComponentInfo{viva.republica.toss.test/im.toss.rn.granite.core.GraniteActivity} numActivities=1 lastActiveTime=113636963 supportsMultiWindow=true resizeMode=1 isResizeable=true minWidth=-1 minHeight=-1 defaultMinSize=220 token=WCT{android.window.IWindowContainerToken$Stub$Proxy@49d02e5} topActivityType=1 pictureInPictureParams=null shouldDockBigOverlays=false launchIntoPipHostTaskId=-1 lastParentTaskIdBeforePip=-1 displayCutoutSafeInsets=Rect(0, 0 - 0, 0) topActivityInfo=ActivityInfo{fda31ba im.toss.rn.granite.core.GraniteActivity} launchCookies=[] positionInParent=Point(0, 0) parentTaskId=-1 isFocused=true isVisible=true isVisibleRequested=true isTopActivityNoDisplay=false isSleeping=false locusId=null displayAreaFeatureId=1 isTopActivityTransparent=false isActivityStackTransparent=false lastNonFullscreenBounds=Rect(284, 660 - 796, 1740) capturedLink=null capturedLinkTimestamp=0 requestedVisibleTypes=-9 topActivityRequestOpenInBrowserEducationTimestamp=0 appCompatTaskInfo=AppCompatTaskInfo { topActivityInSizeCompat=false eligibleForLetterboxEducation= false isLetterboxEducationEnabled= true isLetterboxDoubleTapEnabled= false eligibleForUserAspectRatioButton= false topActivityBoundsLetterboxed= false isFromLetterboxDoubleTap= false topActivityLetterboxVerticalPosition= -1 topActivityLetterboxHorizontalPosition= -1 topActivityLetterboxWidth=-1 topActivityLetterboxHeight=-1 topActivityAppBounds=Rect(0, 0 - 1080, 2400) isUserFullscreenOverrideEnabled=false isSystemFullscreenOverrideEnabled=false hasMinAspectRatioOverride=false topActivityLetterboxBounds=null cameraCompatTaskInfo=CameraCompatTaskInfo { freeformCameraCompatMode=inactive}} topActivityMainWindowFrame=null}, pipChange = null, remoteTransition = null, displayChange = null, flags = 16, debugId = 963 }
02-19 20:56:07.861 19166 20297 I s.nexuslauncher: AssetManager2(0x7d8fac445378) locale list changing from [] to [en-US]
02-19 20:56:07.862   531   531 I BpBinder: onLastStrongRef automatically unlinking death recipients: 
02-19 20:56:07.879 19166 20297 W HWUI    : Image decoding logging dropped!
02-19 20:56:07.885   752   797 V WindowManager: Unknown focus tokens, dropping reportFocusChanged
02-19 20:56:07.891   531   603 I BpBinder: onLastStrongRef automatically unlinking death recipients: 
02-19 20:56:07.895  4449  4449 I vol.VolumeDialogImpl: mDialog.dismiss() reason: volume_controller from: com.android.systemui.volume.VolumeDialogImpl$7.onDismissRequested:3
02-19 20:56:07.895  4449  4449 D vol.VolumeDialogImpl: dismissH: skipping dismiss because isAnimatingDismiss is true and showingStateInconsistent is false
02-19 20:56:07.932   458   458 I Zygote  : Process 30550 exited due to signal 9 (Killed)
02-19 20:56:07.937   752   798 E IPCThreadState: Binder transaction failure. id: 2891997, BR_*: 29189, error: -3 (No such process)
02-19 20:56:07.937   752   798 W ActivityManager: pid 752 system sent binder code 54 with flags 1 to frozen apps and got error -32
02-19 20:56:07.950   752  1029 D ConnectivityService: releasing NetworkRequest [ REQUEST id=960, [ Capabilities: INTERNET&NOT_RESTRICTED&TRUSTED&NOT_VCN_MANAGED&NOT_BANDWIDTH_CONSTRAINED Uid: 10217 RequestorUid: 10217 RequestorPkg: viva.republica.toss.test UnderlyingNetworks: Null] ] (release request)
02-19 20:56:07.953   752   807 I libprocessgroup: Removed cgroup /sys/fs/cgroup/apps/uid_10217/pid_30550
02-19 20:56:08.053   752   798 W ClientLifecycleManager: Failed to deliver transaction for ProcessRecord{19717cf 30550:viva.republica.toss.test/u0a217}
02-19 20:56:08.053   752   798 W ClientLifecycleManager: transaction=com.android.server.wm.ClientLifecycleManager@8162de8
02-19 20:56:08.053   752   798 W ClientLifecycleManager: android.os.DeadObjectException
02-19 20:56:08.053   752   798 W ClientLifecycleManager: 	at android.os.BinderProxy.transactNative(Native Method)
02-19 20:56:08.053   752   798 W ClientLifecycleManager: 	at android.os.BinderProxy.transact(BinderProxy.java:592)
02-19 20:56:08.053   752   798 W ClientLifecycleManager: 	at android.app.IApplicationThread$Stub$Proxy.scheduleTransaction(IApplicationThread.java:2308)
02-19 20:56:08.053   752   798 W ClientLifecycleManager: 	at android.app.IApplicationThread$Delegator.scheduleTransaction(IApplicationThread.java:439)
02-19 20:56:08.053   752   798 W ClientLifecycleManager: 	at android.app.servertransaction.ClientTransaction.schedule(ClientTransaction.java:245)
02-19 20:56:08.053   752   798 W ClientLifecycleManager: 	at com.android.server.wm.ClientLifecycleManager.scheduleTransaction(ClientLifecycleManager.java:75)
02-19 20:56:08.053   752   798 W ClientLifecycleManager: 	at com.android.server.wm.ClientLifecycleManager.onClientTransactionItemScheduled(ClientLifecycleManager.java:240)
02-19 20:56:08.053   752   798 W ClientLifecycleManager: 	at com.android.server.wm.ClientLifecycleManager.scheduleTransactionItem(ClientLifecycleManager.java:119)
02-19 20:56:08.053   752   798 W ClientLifecycleManager: 	at com.android.server.wm.WindowProcessController.scheduleClientTransactionItem(WindowProcessController.java:1803)
02-19 20:56:08.053   752   798 W ClientLifecycleManager: 	at com.android.server.wm.WindowProcessController.scheduleClientTransactionItem(WindowProcessController.java:1796)
02-19 20:56:08.053   752   798 W ClientLifecycleManager: 	at com.android.server.wm.WindowState.notifyInsetsControlChanged(WindowState.java:3708)
02-19 20:56:08.053   752   798 W ClientLifecycleManager: 	at com.android.server.wm.InsetsStateController.lambda$notifyPendingInsetsControlChanged$4(InsetsStateController.java:442)
02-19 20:56:08.053   752   798 W ClientLifecycleManager: 	at com.android.server.wm.InsetsStateController.$r8$lambda$a0HV9ad2Wd_wQT3ba_TprluaiHw(InsetsStateController.java:0)
02-19 20:56:08.053   752   798 W ClientLifecycleManager: 	at com.android.server.wm.InsetsStateController$$ExternalSyntheticLambda1.run(R8$$SyntheticClass:0)
02-19 20:56:08.053   752   798 W ClientLifecycleManager: 	at com.android.server.wm.WindowAnimator.lambda$animate$2(WindowAnimator.java:209)
02-19 20:56:08.053   752   798 W ClientLifecycleManager: 	at com.android.server.wm.WindowAnimator.$r8$lambda$YA-_zT1Nyp9vmAAkWN_rtDVYlnE(WindowAnimator.java:0)
02-19 20:56:08.053   752   798 W ClientLifecycleManager: 	at com.android.server.wm.WindowAnimator$$ExternalSyntheticLambda2.onTransactionCommitted(R8$$SyntheticClass:0)
02-19 20:56:08.053   752   798 W ClientLifecycleManager: 	at android.view.SurfaceControl$Transaction$$ExternalSyntheticLambda4.run(D8$$SyntheticClass:0)
02-19 20:56:08.053   752   798 W ClientLifecycleManager: 	at android.os.Handler.handleCallback(Handler.java:995)
02-19 20:56:08.053   752   798 W ClientLifecycleManager: 	at android.os.Handler.dispatchMessage(Handler.java:103)
02-19 20:56:08.053   752   798 W ClientLifecycleManager: 	at android.os.Looper.loopOnce(Looper.java:248)
02-19 20:56:08.053   752   798 W ClientLifecycleManager: 	at android.os.Looper.loop(Looper.java:338)
02-19 20:56:08.053   752   798 W ClientLifecycleManager: 	at android.os.HandlerThread.run(HandlerThread.java:85)
02-19 20:56:08.053   752   798 W ClientLifecycleManager: 	at com.android.server.ServiceThread.run(ServiceThread.java:49)
02-19 20:56:08.053   752   798 W ActivityTaskManager: Failed for dead process. ClientTransactionItem=WindowStateInsetsControlChangeItem{mWindow=android.view.IWindow$Stub$Proxy@8c70218} owner=ProcessRecord{19717cf 30550:viva.republica.toss.test/u0a217}
02-19 20:56:08.056   752  1789 I WindowManager: WIN DEATH: Window{1959c50 u0 PopupWindow:144d05f}
02-19 20:56:08.059   752  1789 I WindowManager: WIN DEATH: Window{87a0055 u0 viva.republica.toss.test/im.toss.rn.granite.core.GraniteActivity}
02-19 20:56:08.065   752  1233 D CompatChangeReporter: Compat change id reported: 311208629; UID 10217; state: ENABLED
02-19 20:56:08.067 30572 30572 I cr_ChildProcessService: Destroying ChildProcessService pid=30572
02-19 20:56:08.068  3453  3453 D BoundBrokerSvc: onUnbind: Intent { act=com.google.android.gms.safetynet.service.START xflg=0x4 pkg=com.google.android.gms }
02-19 20:56:08.071 30572 30572 I ocessService0:0: System.exit called, status: 0
02-19 20:56:08.071 30572 30572 I AndroidRuntime: VM exiting with result code 0, cleanup skipped.
02-19 20:56:08.075   752  1233 I ActivityManager: Killing 30572:com.google.android.webview:sandboxed_process0:org.chromium.content.app.SandboxedProcessService0:0/u0a217i85 (adj 0): isolated not needed
02-19 20:56:08.098   752  1233 D CompatChangeReporter: Compat change id reported: 151861875; UID 10217; state: ENABLED
02-19 20:56:08.108  1263  1263 I Zygote  : Process 30572 exited cleanly (0)
02-19 20:56:08.125   752  1029 D InetDiagMessage: Destroyed 0 sockets, proto=IPPROTO_TCP, family=AF_INET, states=14
02-19 20:56:08.127   752  1029 D InetDiagMessage: Destroyed 0 sockets, proto=IPPROTO_TCP, family=AF_INET6, states=14
02-19 20:56:08.128   752  1029 D InetDiagMessage: Destroyed live tcp sockets for uids={10217} in 4ms
02-19 20:56:08.129   752  1029 D InetDiagMessage: Destroyed 0 sockets, proto=IPPROTO_TCP, family=AF_INET, states=14
02-19 20:56:08.131   752  1029 D InetDiagMessage: Destroyed 0 sockets, proto=IPPROTO_TCP, family=AF_INET6, states=14
02-19 20:56:08.131   752  1029 D InetDiagMessage: Destroyed live tcp sockets for uids={20217} in 4ms
02-19 20:56:08.133 19166 19166 D ViewRootImpl: Skipping stats log for color mode
02-19 20:56:08.133   752   797 W ActivityManager: setHasOverlayUi called on unknown pid: 30550
02-19 20:56:08.141   752  1095 D BackgroundInstallControlService: Package event received: 0
02-19 20:56:08.149   752  1095 D BackgroundInstallControlService: Package event received: 0
02-19 20:56:08.150   752  1095 D BackgroundInstallControlService: Package event received: 0
02-19 20:56:08.151 19166 19166 D StateManager: goToState - fromState: Normal, toState: Background, partial trace:
02-19 20:56:08.151 19166 19166 D StateManager: 	at com.android.quickstep.BaseActivityInterface$DefaultAnimationFactory.initBackgroundStateUI(go/retraceme 72a59688580715d19f0e415c69e80376c2f062d1648c80db6730905005a27c20:39)
02-19 20:56:08.151 19166 19166 D StateManager: 	at com.android.quickstep.LauncherActivityInterface.prepareRecentsUI(go/retraceme 72a59688580715d19f0e415c69e80376c2f062d1648c80db6730905005a27c20:9)
02-19 20:56:08.151 19166 19166 D StateManager: 	at com.android.quickstep.AbsSwipeUpHandler.lambda$onLauncherStart$7(go/retraceme 72a59688580715d19f0e415c69e80376c2f062d1648c80db6730905005a27c20:11)
02-19 20:56:08.152 19166 19166 D StateManager: onStateTransitionStart - state: Background
02-19 20:56:08.154 19166 19166 D BaseDepthController: mSurface is null and mCurrentBlur is: 0
02-19 20:56:08.155   752  1095 D BackgroundInstallControlService: Package event received: 0
02-19 20:56:08.156 19166 19166 D KeyboardInsetsHandler: setState, toState:Background StateManager(mLastStableState:Normal, mCurrentStableState:Normal, mState:Background, mRestState:Normal, isInTransition:false)
02-19 20:56:08.156 19166 19166 D StateManager: onStateTransitionEnd - state: Background
02-19 20:56:09.205   531   569 W EventThread: Faking VSYNC due to driver stall for thread appSf
02-19 20:56:09.205   531   568 W EventThread: Faking VSYNC due to driver stall for thread app
02-19 20:56:09.232   752  1029 D InetDiagMessage: Destroyed 0 sockets, proto=IPPROTO_TCP, family=AF_INET, states=14
02-19 20:56:09.234   752  1029 D InetDiagMessage: Destroyed 0 sockets, proto=IPPROTO_TCP, family=AF_INET6, states=14
02-19 20:56:09.234   752  1029 D InetDiagMessage: Destroyed live tcp sockets for uids={10168} in 2ms
02-19 20:56:09.252 19166 19166 D RecentsView: updateTaskStackListenerState: true
02-19 20:56:09.253 19166 19166 D RecentsView: reloadIfNeeded - getTasks: 469
02-19 20:56:09.253 19166 19166 D NexusLauncherModelDelegate: notifySmartspaceEvent: SmartspaceTargetEvent{mSmartspaceTarget=null, mSmartspaceActionId='null', mEventType=6}
02-19 20:56:09.262   752  1029 D InetDiagMessage: Destroyed 0 sockets, proto=IPPROTO_TCP, family=AF_INET, states=14
02-19 20:56:09.262   752   795 W Looper  : Slow delivery took 346ms android.ui app=system_server main=false group=TOP_APP h=android.view.Choreographer$FrameHandler c=null m=2
02-19 20:56:09.264   752  1029 D InetDiagMessage: Destroyed 0 sockets, proto=IPPROTO_TCP, family=AF_INET6, states=14
02-19 20:56:09.264   752  1029 D InetDiagMessage: Destroyed live tcp sockets for uids={20168} in 30ms
02-19 20:56:09.270   752   807 I libprocessgroup: Removed cgroup /sys/fs/cgroup/apps/uid_99085/pid_30572
02-19 20:56:09.278   752   795 W Looper  : Drained
02-19 20:56:09.286 19166 19166 D OverviewActionsView: updateForGroupedTask() called with: isGroupedTask = [false], canSaveAppPair = [false]
02-19 20:56:09.286 19166 19166 D OverviewActionsView: updateActionButtonsVisibility() called: showSingleTaskActions = [true], showGroupActions = [false]
02-19 20:56:09.287 19166 19166 D OverviewActionsView: updateForGroupedTask() called with: isGroupedTask = [false], canSaveAppPair = [false]
02-19 20:56:09.287 19166 19166 D OverviewActionsView: updateActionButtonsVisibility() called: showSingleTaskActions = [true], showGroupActions = [false]
02-19 20:56:09.292 19166 19166 D BaseDepthController: setSurface:
02-19 20:56:09.292 19166 19166 D BaseDepthController: 	mWaitingOnSurfaceValidity: false
02-19 20:56:09.292 19166 19166 D BaseDepthController: 	mBaseSurface: Surface(name=com.google.android.apps.nexuslauncher/com.google.android.apps.nexuslauncher.NexusLauncherActivity)/@0x2cb53f
02-19 20:56:09.325   531   531 I BpBinder: onLastStrongRef automatically unlinking death recipients: 
02-19 20:56:09.372 19166 19166 D ActivityAllAppsContainerView: rebindAdapters: force: false
02-19 20:56:09.373 19166 19166 D ActivityAllAppsContainerView: rebindAdapters: Not needed.
02-19 20:56:09.379 19166 19166 D RecentsView: applyLoadPlan - taskGroups: [type=SINGLE task=[id=12 windowingMode=0 user=0 lastActiveTime=89737] null, type=SINGLE task=[id=49 windowingMode=1 user=0 lastActiveTime=87698314] null, type=SINGLE task=[id=126 windowingMode=1 user=0 lastActiveTime=113641668] null]
02-19 20:56:09.404  4449 21898 V WindowManagerShell: onTransitionReady(transaction=3229815434875)
02-19 20:56:09.410  4449  4467 V WindowManagerShell: onTransitionReady (#963) android.os.BinderProxy@d8f01dc: {id=963 t=CLOSE f=0x10 trk=0 r=[0@Point(0, 0)] c=[
02-19 20:56:09.410  4449  4467 V WindowManagerShell:         {m=TO_FRONT f=SHOW_WALLPAPER|MOVE_TO_TOP leash=Surface(name=Task=1)/@0x1395fe0 sb=Rect(0, 0 - 1080, 2400) eb=Rect(0, 0 - 1080, 2400) epz=Point(1080, 2400) d=0 taskParent=-1},
02-19 20:56:09.410  4449  4467 V WindowManagerShell:         {m=CLOSE f=NONE leash=Surface(name=Task=126)/@0x7e44299 sb=Rect(0, 0 - 1080, 2400) eb=Rect(0, 0 - 1080, 2400) epz=Point(1080, 2400) d=0 taskParent=-1},
02-19 20:56:09.410  4449  4467 V WindowManagerShell:         {m=TO_FRONT f=IS_WALLPAPER leash=Surface(name=WallpaperWindowToken{35e0c0f showWhenLocked=false})/@0x3d1295e sb=Rect(0, 0 - 1080, 2400) eb=Rect(0, 0 - 1080, 2400) epz=Point(1080, 2400) d=0}
02-19 20:56:09.410  4449  4467 V WindowManagerShell:     ]}
02-19 20:56:09.424  4449  4467 V WindowManagerShell: Playing animation for (#963) android.os.BinderProxy@d8f01dc@0
02-19 20:56:09.425  4449  4467 V ShellRecents: RecentsTransitionHandler.startAnimation: no controller found
02-19 20:56:09.426  4449  4467 V WindowManagerShell: Transition doesn't have explicit remote, search filters for match for {id=963 t=CLOSE f=0x10 trk=0 r=[0@Point(0, 0)] c=[{m=TO_FRONT f=SHOW_WALLPAPER|MOVE_TO_TOP leash=Surface(name=Task=1)/@0x1395fe0 sb=Rect(0, 0 - 1080, 2400) eb=Rect(0, 0 - 1080, 2400) epz=Point(1080, 2400) d=0 taskParent=-1},{m=CLOSE f=NONE leash=Surface(name=Task=126)/@0x7e44299 sb=Rect(0, 0 - 1080, 2400) eb=Rect(0, 0 - 1080, 2400) epz=Point(1080, 2400) d=0 taskParent=-1},{m=TO_FRONT f=IS_WALLPAPER leash=Surface(name=WallpaperWindowToken{35e0c0f showWhenLocked=false})/@0x3d1295e sb=Rect(0, 0 - 1080, 2400) eb=Rect(0, 0 - 1080, 2400) epz=Point(1080, 2400) d=0}]}
02-19 20:56:09.426  4449  4467 V WindowManagerShell:  Checking filter Pair{{types=[] flags=0x0] notFlags=0x0 checks=[{atype=undefined independent=true modes=[CLOSE,TO_BACK] flags=IN_TASK_WITH_EMBEDDED_ACTIVITY mustBeTask=false order=ANY topActivity=null launchCookie=null taskFragmentToken=android.os.BinderProxy@71546f0 windowingMode=undefined}]} RemoteTransition { remoteTransition = android.window.IRemoteTransition$Stub$Proxy@d4c8469, appThread = android.app.IApplicationThread$Stub$Proxy@c228eee, debugName = overlayBackTransition }}
02-19 20:56:09.426   752   794 V WindowManager: Sent Transition (#963) createdAt=02-19 20:56:07.816 via request=TransitionRequestInfo { type = CLOSE, triggerTask = TaskInfo{userId=0 taskId=126 effectiveUid=10217 displayId=0 isRunning=true baseIntent=Intent { act=android.intent.action.VIEW dat=intoss://takealook/... flg=0x10000000 cmp=viva.republica.toss.test/im.toss.rn.granite.core.GraniteActivity } baseActivity=ComponentInfo{viva.republica.toss.test/im.toss.rn.granite.core.GraniteActivity} topActivity=ComponentInfo{viva.republica.toss.test/im.toss.rn.granite.core.GraniteActivity} origActivity=null realActivity=ComponentInfo{viva.republica.toss.test/im.toss.rn.granite.core.GraniteActivity} numActivities=1 lastActiveTime=113636963 supportsMultiWindow=true resizeMode=1 isResizeable=true minWidth=-1 minHeight=-1 defaultMinSize=220 token=WCT{RemoteToken{c6bc151 Task{706c8ad #126 type=standard A=10217:viva.republica.toss.test}}} topActivityType=1 pictureInPictureParams=null shouldDockBigOverlays=false launchIntoPipHostTaskId=-1 lastParentTaskIdBeforePip=-1 displayCutoutSafeInsets=Rect(0, 0 - 0, 0) topActivityInfo=ActivityInfo{46e2db6 im.toss.rn.granite.core.GraniteActivity} launchCookies=[] positionInParent=Point(0, 0) parentTaskId=-1 isFocused=true isVisible=true isVisibleRequested=true isTopActivityNoDisplay=false isSleeping=false locusId=null displayAreaFeatureId=1 isTopActivityTransparent=false isActivityStackTransparent=false lastNonFullscreenBounds=Rect(284, 660 - 796, 1740) capturedLink=null capturedLinkTimestamp=0 requestedVisibleTypes=-9 topActivityRequestOpenInBrowserEducationTimestamp=0 appCompatTaskInfo=AppCompatTaskInfo { topActivityInSizeCompat=false eligibleForLetterboxEducation= false isLetterboxEducationEnabled= true isLetterboxDoubleTapEnabled= false eligibleForUserAspectRatioButton= false topActivityBoundsLetterboxed= false isFromLetterboxDoubleTap= false topActivityLetterboxVerticalPosition= -1 topActivityLetterboxHorizontalPosition= -1 topActivityLetterboxWidth=-1 topActivityLetterboxHeight=-1 topActivityAppBounds=Rect(0, 0 - 1080, 2400) isUserFullscreenOverrideEnabled=false isSystemFullscreenOverrideEnabled=false hasMinAspectRatioOverride=false topActivityLetterboxBounds=null cameraCompatTaskInfo=CameraCompatTaskInfo { freeformCameraCompatMode=inactive}} topActivityMainWindowFrame=null}, pipChange = null, remoteTransition = null, displayChange = null, flags = 16, debugId = 963 }
02-19 20:56:09.427   752   794 V WindowManager:     startWCT=WindowContainerTransaction { changes= {} hops= [] errorCallbackToken=null taskFragmentOrganizer=null }
02-19 20:56:09.427  4449  4467 V WindowManagerShell:  Checking filter Pair{{types=[] flags=0x0] notFlags=0x0 checks=[{atype=dream independent=true modes=[OPEN,TO_FRONT] flags=NONE mustBeTask=false order=ANY topActivity=null launchCookie=null windowingMode=undefined},{atype=home independent=true modes=[CLOSE,TO_BACK] flags=NONE mustBeTask=false order=ANY topActivity=null launchCookie=null windowingMode=undefined}]} RemoteTransition { remoteTransition = android.window.IRemoteTransition$Stub$Proxy@c578f8f, appThread = android.app.IApplicationThread$Stub$Proxy@69fe21c, debugName = LauncherToDream }}
02-19 20:56:09.427   752   794 V WindowManager:     info={id=963 t=CLOSE f=0x10 trk=0 r=[0@Point(0, 0)] c=[
02-19 20:56:09.427   752   794 V WindowManager:         {WCT{RemoteToken{5218fe8 Task{dd43522 #1 type=home}}} m=TO_FRONT f=SHOW_WALLPAPER|MOVE_TO_TOP leash=Surface(name=Task=1)/@0x8ddbd2e sb=Rect(0, 0 - 1080, 2400) eb=Rect(0, 0 - 1080, 2400) epz=Point(1080, 2400) d=0 taskParent=-1},
02-19 20:56:09.427   752   794 V WindowManager:         {WCT{RemoteToken{c6bc151 Task{706c8ad #126 type=standard A=10217:viva.republica.toss.test}}} m=CLOSE f=NONE leash=Surface(name=Task=126)/@0x5389bdb sb=Rect(0, 0 - 1080, 2400) eb=Rect(0, 0 - 1080, 2400) epz=Point(1080, 2400) d=0 taskParent=-1},
02-19 20:56:09.427   752   794 V WindowManager:         {m=TO_FRONT f=IS_WALLPAPER leash=Surface(name=WallpaperWindowToken{35e0c0f showWhenLocked=false})/@0x512f5be sb=Rect(0, 0 - 1080, 2400) eb=Rect(0, 0 - 1080, 2400) epz=Point(1080, 2400) d=0}
02-19 20:56:09.427   752   794 V WindowManager:     ]}
02-19 20:56:09.427  4449  4467 V WindowManagerShell:  Checking filter Pair{{types=[] flags=0x0] notFlags=0x100 checks=[{atype=home independent=true modes=[OPEN,TO_FRONT] flags=NONE mustBeTask=false order=TOP topActivity=ComponentInfo{com.google.android.apps.nexuslauncher/com.google.android.apps.nexuslauncher.NexusLauncherActivity} launchCookie=null windowingMode=undefined},{atype=standard independent=true modes=[CLOSE,TO_BACK] flags=NONE mustBeTask=false order=ANY topActivity=null launchCookie=null windowingMode=undefined},{NOT atype=undefined independent=true modes=[] flags=NONE mustBeTask=true order=ANY topActivity=null launchCookie=null customAnim=true windowingMode=undefined}]} RemoteTransition { remoteTransition = android.window.IRemoteTransition$Stub$Proxy@69ffe25, appThread = android.app.IApplicationThread$Stub$Proxy@72cabfa, debugName = QuickstepLaunchHome }}
02-19 20:56:09.428  4449  4467 D RemoteTransitionHandler: Found filterPair{{types=[] flags=0x0] notFlags=0x100 checks=[{atype=home independent=true modes=[OPEN,TO_FRONT] flags=NONE mustBeTask=false order=TOP topActivity=ComponentInfo{com.google.android.apps.nexuslauncher/com.google.android.apps.nexuslauncher.NexusLauncherActivity} launchCookie=null windowingMode=undefined},{atype=standard independent=true modes=[CLOSE,TO_BACK] flags=NONE mustBeTask=false order=ANY topActivity=null launchCookie=null windowingMode=undefined},{NOT atype=undefined independent=true modes=[] flags=NONE mustBeTask=true order=ANY topActivity=null launchCookie=null customAnim=true windowingMode=undefined}]} RemoteTransition { remoteTransition = android.window.IRemoteTransition$Stub$Proxy@69ffe25, appThread = android.app.IApplicationThread$Stub$Proxy@72cabfa, debugName = QuickstepLaunchHome }}
02-19 20:56:09.428  4449  4467 V WindowManagerShell:  Delegate animation for (#963) to RemoteTransition { remoteTransition = android.window.IRemoteTransition$Stub$Proxy@69ffe25, appThread = android.app.IApplicationThread$Stub$Proxy@72cabfa, debugName = QuickstepLaunchHome }
02-19 20:56:09.436 19166 20297 W HWUI    : Image decoding logging dropped!
02-19 20:56:09.450  4449  4467 V WindowManagerShell:  animated by com.android.wm.shell.transition.RemoteTransitionHandler@ef09705
02-19 20:56:09.456   752   795 E IPCThreadState: Binder transaction failure. id: 2892386, BR_*: 29189, error: -22 (Invalid argument)
02-19 20:56:09.456   752   795 W ActivityManager: pid 752 system sent binder code 9 with flags 1 to frozen apps and got error -32
02-19 20:56:09.457   752   795 D ActivityManager: Too many transaction errors, throttling freezer binder callback.
02-19 20:56:09.458   752   795 E IPCThreadState: Binder transaction failure. id: 2892391, BR_*: 29189, error: -22 (Invalid argument)
02-19 20:56:09.458   752   795 W ActivityManager: pid 752 system sent binder code 9 with flags 1 to frozen apps and got error -32
02-19 20:56:09.458   752   795 D ActivityManager: Too many transaction errors, throttling freezer binder callback.
02-19 20:56:09.472 19166 19166 D StateManager: createAtomicAnimation - fromState: Background, toState: Normal, partial trace:
02-19 20:56:09.472 19166 19166 D StateManager: 	at com.android.quickstep.util.ScalingWorkspaceRevealAnim.<init>(go/retraceme 72a59688580715d19f0e415c69e80376c2f062d1648c80db6730905005a27c20:39)
02-19 20:56:09.472 19166 19166 D StateManager: 	at com.android.launcher3.QuickstepTransitionManager.createWallpaperOpenAnimations(go/retraceme 72a59688580715d19f0e415c69e80376c2f062d1648c80db6730905005a27c20:168)
02-19 20:56:09.472 19166 19166 D StateManager: 	at com.android.launcher3.QuickstepTransitionManager$WallpaperOpenLauncherAnimationRunner.onAnimationStart(go/retraceme 72a59688580715d19f0e415c69e80376c2f062d1648c80db6730905005a27c20:17)
02-19 20:56:09.478 19166 19166 D StateManager: cancelAnimation - with ongoing animation, partial trace:
02-19 20:56:09.478 19166 19166 D StateManager: 	at com.android.launcher3.statemanager.StateManager.setCurrentAnimation(go/retraceme 72a59688580715d19f0e415c69e80376c2f062d1648c80db6730905005a27c20:15)
02-19 20:56:09.478 19166 19166 D StateManager: 	at com.android.launcher3.QuickstepTransitionManager.createWallpaperOpenAnimations(go/retraceme 72a59688580715d19f0e415c69e80376c2f062d1648c80db6730905005a27c20:298)
02-19 20:56:09.478 19166 19166 D StateManager: 	at com.android.launcher3.QuickstepTransitionManager$WallpaperOpenLauncherAnimationRunner.onAnimationStart(go/retraceme 72a59688580715d19f0e415c69e80376c2f062d1648c80db6730905005a27c20:17)
02-19 20:56:09.482 19166 19166 D KeyboardInsetsHandler: setState, toState:Background StateManager(mLastStableState:Normal, mCurrentStableState:Background, mState:Background, mRestState:Normal, isInTransition:false)
02-19 20:56:09.490 19166 19166 D StateManager: onStateTransitionEnd - state: Background
02-19 20:56:09.498 19166 19166 D b/311077782: LauncherAnimationRunner.setAnimation
02-19 20:56:09.526   752   795 W ActivityTaskManager: callingPackage for (uid=-1, pid=0) has no WPC
02-19 20:56:09.527   752   795 W ActivityStartInterceptor: Starting home with component specified, uid=0
02-19 20:56:09.532 19166 19190 W HWUI    : Image decoding logging dropped!
02-19 20:56:09.547   752   795 W OptProp : Cannot read opt property android.window.PROPERTY_COMPAT_ALLOW_USER_ASPECT_RATIO_OVERRIDE
02-19 20:56:09.548   752   795 W OptProp : Cannot read opt property android.window.PROPERTY_COMPAT_ALLOW_USER_ASPECT_RATIO_FULLSCREEN_OVERRIDE
02-19 20:56:09.548   752   795 W OptProp : Cannot read opt property android.window.PROPERTY_COMPAT_ALLOW_RESIZEABLE_ACTIVITY_OVERRIDES
02-19 20:56:09.548   752   795 W OptProp : Cannot read opt property android.window.PROPERTY_COMPAT_ALLOW_MIN_ASPECT_RATIO_OVERRIDE
02-19 20:56:09.549   752   795 V GrammaticalInflectionUtils: AttributionSource: android.content.AttributionSource@1abea79a does not have READ_SYSTEM_GRAMMATICAL_GENDER permission.
02-19 20:56:09.564   752   795 I ActivityTaskManager: START u0 {act=android.intent.action.MAIN cat=[android.intent.category.HOME] flg=0x10000100 cmp=com.google.android.apps.nexuslauncher/.NexusLauncherActivity (has extras)} with LAUNCH_SINGLE_TASK from uid 0 (BAL_ALLOW_ALLOWLISTED_UID) result code=3
02-19 20:56:09.564   752   795 W Looper  : Slow dispatch took 112ms android.ui app=system_server main=false group=TOP_APP h=com.android.server.policy.PhoneWindowManager$PolicyHandler c=com.android.server.policy.PhoneWindowManager$DisplayHomeButtonHandler$$ExternalSyntheticLambda0@b0aa2f2 m=0
02-19 20:56:09.567  4449  4449 I vol.VolumeDialogImpl: mDialog.dismiss() reason: volume_controller from: com.android.systemui.volume.VolumeDialogImpl$7.onDismissRequested:3
02-19 20:56:09.596 19166 19170 I s.nexuslauncher: NativeAlloc concurrent mark compact GC freed 837KB AllocSpace bytes, 2(104KB) LOS objects, 49% free, 5864KB/11MB, paused 5.498ms,3.128ms total 140.684ms
02-19 20:56:09.604   752   989 I ImeTracker: com.google.android.apps.nexuslauncher:b6ec3789: onRequestHide at ORIGIN_SERVER reason HIDE_SAME_WINDOW_FOCUSED_WITHOUT_EDITOR fromUser false
02-19 20:56:09.607   531   590 I BpBinder: onLastStrongRef automatically unlinking death recipients: 
02-19 20:56:09.614 20022 20022 I GoogleInputMethodService: GoogleInputMethodService.onFinishInput():2043 
02-19 20:56:09.615 20022 20022 I Module  : DeviceLockedStatusModuleProvider$Module.updateDeviceLockedStatus():100 repeatCheckTimes = 0, locked = false
02-19 20:56:09.620 20022 20022 I GoogleInputMethodService: GoogleInputMethodService.onStartInput():1293 onStartInput(EditorInfo{EditorInfo{packageName=com.google.android.apps.nexuslauncher, inputType=0, inputTypeString=NULL, enableLearning=false, autoCorrection=false, autoComplete=false, imeOptions=0, privateImeOptions=null, actionName=UNSPECIFIED, actionLabel=null, initialSelStart=-1, initialSelEnd=-1, initialCapsMode=0, label=null, fieldId=0, fieldName=null, extras=null, hintText=null, hintLocales=[]}}, false)
02-19 20:56:09.622 20022 20022 I EmojiCompatManager: EmojiCompatManager.getEmojiCompatIfLoaded():343 EmojiCompat.init() was never called.
02-19 20:56:09.622 20022 20022 I EmojiCompatManager: java.lang.IllegalStateException: EmojiCompat is not initialized. Please call EmojiCompat.init() first
02-19 20:56:09.622 20022 20022 I EmojiCompatManager: 	at asx.p(PG:6)
02-19 20:56:09.622 20022 20022 I EmojiCompatManager: 	at axb.b(PG:13)
02-19 20:56:09.622 20022 20022 I EmojiCompatManager: 	at jnr.b(PG:2)
02-19 20:56:09.622 20022 20022 I EmojiCompatManager: 	at jnr.c(PG:4)
02-19 20:56:09.622 20022 20022 I EmojiCompatManager: 	at jnr.f(PG:3)
02-19 20:56:09.622 20022 20022 I EmojiCompatManager: 	at jnx.c(PG:3)
02-19 20:56:09.622 20022 20022 I EmojiCompatManager: 	at kif.cz(PG:47)
02-19 20:56:09.622 20022 20022 I EmojiCompatManager: 	at lhl.run(PG:1025)
02-19 20:56:09.622 20022 20022 I EmojiCompatManager: 	at jaf.execute(PG:12)
02-19 20:56:09.622 20022 20022 I EmojiCompatManager: 	at nco.v(PG:13)
02-19 20:56:09.622 20022 20022 I EmojiCompatManager: 	at lhn.m(PG:96)
02-19 20:56:09.622 20022 20022 I EmojiCompatManager: 	at lhn.k(PG:25)
02-19 20:56:09.622 20022 20022 I EmojiCompatManager: 	at kgn.onStartInput(PG:250)
02-19 20:56:09.622 20022 20022 I EmojiCompatManager: 	at android.inputmethodservice.InputMethodService.doStartInput(InputMethodService.java:3521)
02-19 20:56:09.622 20022 20022 I EmojiCompatManager: 	at android.inputmethodservice.InputMethodService$InputMethodImpl.startInput(InputMethodService.java:879)
02-19 20:56:09.622 20022 20022 I EmojiCompatManager: 	at android.inputmethodservice.InputMethodService$InputMethodImpl.dispatchStartInput(InputMethodService.java:908)
02-19 20:56:09.622 20022 20022 I EmojiCompatManager: 	at android.inputmethodservice.IInputMethodWrapper.executeMessage(IInputMethodWrapper.java:201)
02-19 20:56:09.622 20022 20022 I EmojiCompatManager: 	at com.android.internal.os.HandlerCaller$MyHandler.handleMessage(HandlerCaller.java:44)
02-19 20:56:09.622 20022 20022 I EmojiCompatManager: 	at android.os.Handler.dispatchMessage(Handler.java:110)
02-19 20:56:09.622 20022 20022 I EmojiCompatManager: 	at android.os.Looper.loopOnce(Looper.java:248)
02-19 20:56:09.622 20022 20022 I EmojiCompatManager: 	at android.os.Looper.loop(Looper.java:338)
02-19 20:56:09.622 20022 20022 I EmojiCompatManager: 	at android.app.ActivityThread.main(ActivityThread.java:9067)
02-19 20:56:09.622 20022 20022 I EmojiCompatManager: 	at java.lang.reflect.Method.invoke(Native Method)
02-19 20:56:09.622 20022 20022 I EmojiCompatManager: 	at com.android.internal.os.RuntimeInit$MethodAndArgsCaller.run(RuntimeInit.java:593)
02-19 20:56:09.622 20022 20022 I EmojiCompatManager: 	at com.android.internal.os.ZygoteInit.main(ZygoteInit.java:932)
02-19 20:56:09.623 20022 20022 I Module  : DeviceLockedStatusModuleProvider$Module.updateDeviceLockedStatus():100 repeatCheckTimes = 1, locked = false
02-19 20:56:09.626   752  1790 W PackageConfigPersister: App-specific configuration not found for packageName: com.google.android.apps.nexuslauncher and userId: 0
02-19 20:56:09.665   752   798 W ActivityTaskManager: callingPackage for (uid=1000, pid=752) is ambiguous: [android, com.android.providers.settings, com.android.server.telecom, com.android.location.fused]
02-19 20:56:09.665   752   798 W ActivityStartInterceptor: Starting home with component specified, uid=10182
02-19 20:56:09.666   752   798 W OptProp : Cannot read opt property android.window.PROPERTY_COMPAT_ALLOW_USER_ASPECT_RATIO_OVERRIDE
02-19 20:56:09.666   752   798 W OptProp : Cannot read opt property android.window.PROPERTY_COMPAT_ALLOW_USER_ASPECT_RATIO_FULLSCREEN_OVERRIDE
02-19 20:56:09.666   752   798 W OptProp : Cannot read opt property android.window.PROPERTY_COMPAT_ALLOW_RESIZEABLE_ACTIVITY_OVERRIDES
02-19 20:56:09.666   752   798 W OptProp : Cannot read opt property android.window.PROPERTY_COMPAT_ALLOW_MIN_ASPECT_RATIO_OVERRIDE
02-19 20:56:09.667   752   798 V GrammaticalInflectionUtils: AttributionSource: android.content.AttributionSource@1abea79a does not have READ_SYSTEM_GRAMMATICAL_GENDER permission.
02-19 20:56:09.669   752   798 I ActivityTaskManager: START u0 {act=android.intent.action.MAIN cat=[android.intent.category.HOME] flg=0x10000000 xflg=0x4 pkg=com.google.android.apps.nexuslauncher cmp=com.google.android.apps.nexuslauncher/.NexusLauncherActivity (has extras)} with LAUNCH_SINGLE_TASK from uid 10182 (realCallingUid=1000) (BAL_ALLOW_ALLOWLISTED_COMPONENT) result code=3
02-19 20:56:09.672   752   794 V WindowManager: Sent Transition (#964) createdAt=02-19 20:56:07.837
02-19 20:56:09.673   752   794 V WindowManager:     startWCT=WindowContainerTransaction { changes= {} hops= [{pendingIntent: options=Bundle[{android.activity.splashScreenStyle=-1, android.activity.sourceInfo=android.app.ActivityOptions$SourceInfo@ad107b5, android.pendingIntent.backgroundActivityAllowed=3, android:activity.animAbortListener=null, android.activity.transientLaunch=true}]}] errorCallbackToken=null taskFragmentOrganizer=null }
02-19 20:56:09.673   752   794 V WindowManager:     info={id=964 t=TO_FRONT f=0x80 trk=0 r=[] c=[]}
02-19 20:56:09.703  4449 21898 V WindowManagerShell: onTransitionReady(transaction=3229815434883)
02-19 20:56:09.704  4449  4467 V WindowManagerShell: onTransitionReady (#964) android.os.BinderProxy@f4f38ae: {id=964 t=TO_FRONT f=0x80 trk=0 r=[] c=[]}
02-19 20:56:09.706  4449  4467 V WindowManagerShell: No transition roots in (#964) android.os.BinderProxy@f4f38ae@0 so abort
02-19 20:56:09.706  4449  4467 V ShellRecents: [211048015] RecentsController.cancel: toHome=true reason=onTransitionConsumed
02-19 20:56:09.706  4449  4467 V ShellRecents: [211048015] RecentsController.cancel: calling onAnimationCanceled 
02-19 20:56:09.707  4449  4467 V ShellRecents: [211048015] RecentsController.cleanup
02-19 20:56:09.721 19166 19166 D InsetsController: hide(ime(), fromIme=false)
02-19 20:56:09.721 19166 19166 I ImeTracker: com.google.android.apps.nexuslauncher:b6ec3789: onCancelled at PHASE_CLIENT_ALREADY_HIDDEN
02-19 20:56:09.779  4449  4467 V WindowManagerShell: Transition was merged: (#964) android.os.BinderProxy@f4f38ae@0 into (#963) android.os.BinderProxy@d8f01dc@0
02-19 20:56:09.789 19166 19166 W SplitSelectStateCtor: Missing session instanceIds
02-19 20:56:09.789 19166 19166 D StatsLog: LAUNCHER_SPLIT_SELECTION_EXIT_INTERRUPTED
02-19 20:56:09.797  4449  4467 D WindowManagerShell: onActivityRestartAttempt: topActivity=ComponentInfo{com.google.android.apps.nexuslauncher/com.google.android.apps.nexuslauncher.NexusLauncherActivity}, wasVisible=true
02-19 20:56:09.820 19166 19166 D ContextTracker: handleIntent: mCallbacks=[com.android.launcher3.LauncherInitListener@95dea67]
02-19 20:56:09.826 19166 19166 D TFOManager: playPanelCloseAnimation() duration=200 traceTag=LauncherOverlay-hide isHomeButtonTap=true
02-19 20:56:09.827 19166 19166 D TFOManager: Skipped creating panel close animation because -1 is invisible.
02-19 20:56:09.827 19166 19166 D OverviewCommandHelper: clearing pending commands: [CommandInfo(type=TOGGLE, status=PROCESSING, createTime=113641619, animationCallbacks=com.android.quickstep.RecentsAnimationCallbacks@2759061, displayId=0, isLastOfBatch=true)]
02-19 20:56:09.834 19166 19166 W SplitSelectStateCtor: Missing session instanceIds
02-19 20:56:09.834 19166 19166 D StatsLog: LAUNCHER_SPLIT_SELECTION_EXIT_INTERRUPTED
02-19 20:56:09.836 19166 19166 D ContextTracker: handleIntent: mCallbacks=[com.android.launcher3.LauncherInitListener@95dea67]
02-19 20:56:09.838 19166 19166 D TFOManager: playPanelCloseAnimation() duration=200 traceTag=LauncherOverlay-hide isHomeButtonTap=true
02-19 20:56:09.839 19166 19166 D TFOManager: Skipped creating panel close animation because -1 is invisible.
02-19 20:56:09.839 19166 19166 D OverviewCommandHelper: clearing pending commands: [CommandInfo(type=TOGGLE, status=PROCESSING, createTime=113641619, animationCallbacks=com.android.quickstep.RecentsAnimationCallbacks@2759061, displayId=0, isLastOfBatch=true)]
02-19 20:56:09.854 19166 19166 D OverviewCommandHelper: recents animation canceled: CommandInfo(type=TOGGLE, status=PROCESSING, createTime=113641619, animationCallbacks=com.android.quickstep.RecentsAnimationCallbacks@2759061, displayId=0, isLastOfBatch=true)
02-19 20:56:09.859 19166 19166 D RecentsView: onRecentsAnimationComplete - mRecentsAnimationController: null, mSideTaskLaunchCallback: null
02-19 20:56:09.861 19166 19166 D RecentsView: onRecentsAnimationComplete - mRecentsAnimationController: null, mSideTaskLaunchCallback: null
02-19 20:56:09.862 19166 19166 D ContextTracker: Unregistering callback: com.android.launcher3.LauncherInitListener@95dea67, reason=AbsSwipeUpHandler.onRecentsAnimationCanceled
02-19 20:56:09.863 19166 19166 D OverviewCommandHelper: switching via recents animation - onTransitionComplete: CommandInfo(type=TOGGLE, status=PROCESSING, createTime=113641619, animationCallbacks=com.android.quickstep.RecentsAnimationCallbacks@2759061, displayId=0, isLastOfBatch=true)
02-19 20:56:09.863 19166 19166 D OverviewCommandHelper: command executed: CommandInfo(type=TOGGLE, status=PROCESSING, createTime=113641619, animationCallbacks=com.android.quickstep.RecentsAnimationCallbacks@2759061, displayId=0, isLastOfBatch=true) with result: true
02-19 20:56:09.864 19166 19166 D OverviewCommandHelper: command executed successfully! CommandInfo(type=TOGGLE, status=COMPLETED, createTime=113641619, animationCallbacks=com.android.quickstep.RecentsAnimationCallbacks@2759061, displayId=0, isLastOfBatch=true)
02-19 20:56:09.864 19166 19166 D OverviewCommandHelper: no pending commands to be executed.
02-19 20:56:09.867 19166 19166 D ContextTracker: Unregistering callback: com.android.launcher3.LauncherInitListener@95dea67, reason=AbsSwipeUpHandler.invalidateHandler
02-19 20:56:09.873 19166 19166 D StateManager: goToState - fromState: Background, toState: Background, partial trace:
02-19 20:56:09.873 19166 19166 D StateManager: 	at com.android.quickstep.BaseActivityInterface$DefaultAnimationFactory.lambda$createContainerInterface$0(go/retraceme 72a59688580715d19f0e415c69e80376c2f062d1648c80db6730905005a27c20:28)
