--------- beginning of main
02-19 13:02:12.859   752   804 I system_server: AssetManager2(0x7d8fac4eef18) locale list changing from [] to [en-US]
02-19 13:02:12.860  1782  2118 I thj     : (REDACTED) %s
02-19 13:02:12.861  1782  2118 I baaj    : (REDACTED) isGrpcDeviceIntent: %s
02-19 13:02:12.878  1782  2338 I bosm    : OptInSetting is UNKNOWN or UNRECOGNIZED [CONTEXT ratelimit_period="10 SECONDS" ]
02-19 13:02:12.886  1782  2166 I bleo    : Device not matched [CONTEXT ratelimit_period="10 SECONDS" ]
02-19 13:02:12.886  1782  2166 I bxxg    : (REDACTED) getInitialSimplifiedOobeViaDeeplinkUser: %b
02-19 13:02:12.886  1782  2338 I bleo    : Manufacturer not matched [CONTEXT ratelimit_period="10 SECONDS" ]
02-19 13:02:12.886  1782  2166 I bosm    : (REDACTED) isDeeplinkEnabled %s, isInitialSimplifiedOobeViaDeeplinkUser %s
02-19 13:02:12.887  1782  2338 I bxxg    : (REDACTED) getInitialSimplifiedOobeViaDeeplinkUser: %b
02-19 13:02:12.887  1782  2338 I bosm    : (REDACTED) isDeeplinkEnabled %s, isInitialSimplifiedOobeViaDeeplinkUser %s
02-19 13:02:12.887  1782  2338 I bosm    : #getOobeStatus: BeforeOobe [CONTEXT ratelimit_period="10 SECONDS" ]
02-19 13:02:12.889  1782  2426 I bxxg    : (REDACTED) getInitialSimplifiedOobeViaDeeplinkUser: %b
02-19 13:02:12.890  1782  2426 I bosm    : (REDACTED) isDeeplinkEnabled %s, isInitialSimplifiedOobeViaDeeplinkUser %s
02-19 13:02:12.890  1782  2426 I biqq    : User not OptedIn. Skipping Eligibility Checks.
02-19 13:02:12.891  1782  2166 I bosm    : #getOobeStatus: BeforeOobe [CONTEXT ratelimit_period="10 SECONDS" skipped=1 ]
02-19 13:02:12.891  1782  2166 I biqq    : User not OptedIn. Skipping Eligibility Checks.
02-19 13:02:12.891  1782  2166 I bioy    : Robin is not eligible or not opted-in
02-19 13:02:12.891  1782  2166 I bioy    : Headphone voice queries disabled: HEADPHONE_VOICE_QUERIES flag not enabled
02-19 13:02:12.892  1782  2166 I bioy    : (REDACTED) Headphone Integration status: %s
02-19 13:02:12.894  1782  2338 I bijr    : (REDACTED) FCF System FeatureName to check: %s
02-19 13:02:12.896  1782  2338 I bijr    : (REDACTED) FCF: Device model check status : %s
02-19 13:02:12.897  1782  2338 I biqu    : #isGeminiDefaultSystemFeatureEnabled: false
--------- beginning of system
02-19 13:02:12.898   752  1095 D BackgroundInstallControlService: Package event received: 0
02-19 13:02:12.900  1782  2426 I boak    : (REDACTED) DelegationStatus: %s
02-19 13:02:12.902  1782  2426 I bifu    : (REDACTED) Populated bump behaviors: %s
02-19 13:02:12.903  1782  2426 I bigb    : (REDACTED) Client type %s set for %s
02-19 13:02:12.903  1782  2426 I bigb    : (REDACTED) Client type %s set for %s
02-19 13:02:12.903  1782  2426 I bigb    : (REDACTED) Client type %s set for %s
02-19 13:02:12.913  1782  2426 I qtj     : no assistant invocation found, returning 0.
02-19 13:02:12.914 30659 30716 I NearbySharing: Create pesudo logger.
02-19 13:02:12.914  1782  2426 I qtj     : no assistant invocation found, returning max duration.
02-19 13:02:12.926  1782  2166 I blgd    : (REDACTED) #isRobinOnlyLocale checkedLocale:%s language:%s list:%s
02-19 13:02:12.926   752   993 I system_server: AssetManager2(0x7d8fac4c6838) locale list changing from [] to [en-US]
02-19 13:02:12.927  1782  2166 I bijr    : (REDACTED) FCF System FeatureName to check: %s
02-19 13:02:12.927  1782  2166 I bijr    : (REDACTED) FCF: Device model check status : %s
02-19 13:02:12.929  1782  2166 I bipp    : (REDACTED) #evaluate: isEnabled = %s failure reasons: %s
02-19 13:02:12.930   752  1940 W OptProp : Cannot read opt property android.window.PROPERTY_COMPAT_ENABLE_FAKE_FOCUS
02-19 13:02:12.931  1782  2166 I bhwr    : (REDACTED) #initialConfig Current Locale set to: %s
02-19 13:02:12.931  1782  2166 I bhwr    : (REDACTED) #initialConfig Assistant is currently enabled: %s
02-19 13:02:12.931  1782  2166 I bhwr    : (REDACTED) #initialConfig InputModality is currently: %s
02-19 13:02:12.932  1782  2166 I bhwr    : (REDACTED) #initialConfig Speed Bump entry points: %s
02-19 13:02:12.932   752   804 I system_server: AssetManager2(0x7d8fac4c4c18) locale list changing from [] to [en-US]
02-19 13:02:12.932  1782  2166 I bhwr    : (REDACTED) #initialConfig Long Press Power Education entrypoints: %s
02-19 13:02:12.932  1782  2166 I bhwr    : (REDACTED) #initialConfig Robin entrypoints: %s
02-19 13:02:12.933  1782  2166 I bhwr    : (REDACTED) #initialConfig Preferred audio route type: %s
02-19 13:02:12.933  1782  2166 I bhwr    : (REDACTED) #initialConfig Earcons to be added: %s
02-19 13:02:12.933  1782  2166 I bhwr    : (REDACTED) #initialConfig Mic occupied behavior: %s
02-19 13:02:12.935   752  1940 D CompatChangeReporter: Compat change id reported: 324203798; UID 10217; state: ENABLED
02-19 13:02:12.938  1782  2166 I bhwr    : (REDACTED) #initialConfig Headphone voice queries and spoken notifications status: %s
02-19 13:02:12.940  1782  2166 I boak    : (REDACTED) DelegationStatus: %s
02-19 13:02:12.948   752  1940 W ActivityManager: Slow operation: 75ms so far, now at finishAttachApplicationInner: after mServices.attachApplicationLocked
02-19 13:02:12.949   752  1940 W ActivityManager: Slow operation: 75ms so far, now at finishAttachApplicationInner: after dispatching broadcasts
02-19 13:02:12.962   752  1095 D BackgroundInstallControlService: Package event received: 0
02-19 13:02:12.963   752  1095 D BackgroundInstallControlService: Package event received: 0
02-19 13:02:12.972  1782  2166 I biiy    : (REDACTED) #FCF: Preferred assistant locale set %s 
02-19 13:02:12.976  1782  2338 I biiy    : (REDACTED) #FCF: Preferred assistant locale set %s 
02-19 13:02:12.979  1782  2338 I bijr    : (REDACTED) FCF System FeatureName to check: %s
02-19 13:02:12.985  1782  2338 I bijr    : (REDACTED) FCF: Device model check status : %s
02-19 13:02:12.990  1782  2166 I bijr    : (REDACTED) FCF System FeatureName to check: %s
02-19 13:02:12.992  1782  2166 I bijr    : (REDACTED) FCF: Device model check status : %s
02-19 13:02:12.992  1782  2166 I bijr    : (REDACTED) FCF System FeatureName to check: %s
02-19 13:02:12.992  1782  2166 I bijr    : (REDACTED) FCF: Device model check status : %s
02-19 13:02:12.993  1782  2166 I bipp    : (REDACTED) #evaluate: isEnabled = %s failure reasons: %s
02-19 13:02:12.993  1782  2166 I bipr    : (REDACTED) #evaluate: isEnabled = %s failure reasons: %s
02-19 13:02:12.994  1782  2166 I bipv    : (REDACTED) #evaluate: isEnabled = %s failure reasons: %s
02-19 13:02:12.999  1782  2338 I biqb    : (REDACTED) #evaluate: isEnabled[ = %s failure reasons: %s
02-19 13:02:12.999  1782  2338 I biqa    : (REDACTED) #evaluate: isEnabled = %s failure reasons: %s
02-19 13:02:13.000  1782  2338 I bhwr    : (REDACTED) Needs to download files: %s
02-19 13:02:13.001  1782  2338 I boak    : (REDACTED) DelegationStatus: %s
02-19 13:02:13.003  1782  2338 I bxxg    : (REDACTED) getInitialSimplifiedOobeViaDeeplinkUser: %b
02-19 13:02:13.004  1782  2338 I bosm    : (REDACTED) isDeeplinkEnabled %s, isInitialSimplifiedOobeViaDeeplinkUser %s
02-19 13:02:13.004 32388 32388 I Choreographer: Skipped 230 frames!  The application may be doing too much work on its main thread.
02-19 13:02:13.008  1782  2338 I bosm    : #getOobeStatus: BeforeOobe [CONTEXT ratelimit_period="10 SECONDS" ]
02-19 13:02:13.009  1782  2338 I biqq    : User not OptedIn. Skipping Eligibility Checks.
02-19 13:02:13.014  1782  2338 I bhyl    : No changes in config detected
02-19 13:02:13.043   752   971 I RoleService: Granting default roles...
02-19 13:02:13.075 32388 32388 I blica.toss.test: AssetManager2(0x7d8fac42dc78) locale list changing from [] to [en-US]
02-19 13:02:13.100   752  1095 D BackgroundInstallControlService: Package event received: 0
02-19 13:02:13.104 32388 32514 I CameraManagerGlobal: Connecting to camera service
02-19 13:02:13.140   752  1244 I system_server: AssetManager2(0x7d8fac4365f8) locale list changing from [] to [en-US]
02-19 13:02:13.147   752  1244 W SignedPackage: Cannot get ApplicationInfo for package: com.google.android.devicelockcontroller
02-19 13:02:13.147 30659 30659 I NearbySharing: SharingTileService created.
02-19 13:02:13.152 32388 32388 I blica.toss.test: AssetManager2(0x7d8fac432db8) locale list changing from [] to [en-US]
02-19 13:02:13.187   752  1244 W SignedPackage: Package doesn't have required signing certificate: com.google.android.retaildemo
02-19 13:02:13.188   752  1244 E RoleControllerServiceImpl: Default/fallback role holder package doesn't qualify for the role, package: com.google.android.gms.supervision, role: android.app.role.SYSTEM_SUPERVISION
02-19 13:02:13.204 20068 20068 I NearbyPresence: (REDACTED) %s: BLE ON
02-19 13:02:13.204   615   714 I AttributionAndPermissionUtils: checkPermission (forDataDelivery 0 startDataDelivery 0): Permission hard denied for client attribution [uid 10217, pid 32388, packageName "<unknown>"]
02-19 13:02:13.215   752  1244 W SignedPackage: Package doesn't have required signing certificate: com.google.android.apps.work.clouddpc
02-19 13:02:13.224 20068 20103 I NearbySharing: Bluetooth is enabled
02-19 13:02:13.261 20068 20103 I NearbySharing: Uwb feature is off.
02-19 13:02:13.276 30659 30659 D BoundBrokerSvc: onBind: Intent { act=com.google.android.gms.onboardingconsent.api.ConsentManagerApiService.START dat=chimera-action:/... xflg=0x4 cmp=com.google.android.gms/.chimera.GmsApiService }
02-19 13:02:13.279 20068 20103 I NearbySharing: Stopping scanning because Nearby Sharing is disabled.
02-19 13:02:13.280   752  1244 I Role    : com.google.android.gms not qualified for android.app.role.SYSTEM_DEPENDENCY_INSTALLER due to missing RequiredComponent{mIntentFilterData=IntentFilterData{mAction='android.content.pm.action.INSTALL_DEPENDENCY', mCategories='[]', mDataScheme='null', mDataType='null'}, mMinTargetSdkVersion=1, mFlags='0', mPermission='android.permission.BIND_DEPENDENCY_INSTALLER', mQueryFlags=0, mMetaData=[]}
02-19 13:02:13.280   752  1244 E RoleControllerServiceImpl: Default/fallback role holder package doesn't qualify for the role, package: com.google.android.gms, role: android.app.role.SYSTEM_DEPENDENCY_INSTALLER
02-19 13:02:13.286 30659 30659 D BoundBrokerSvc: Loading bound service for intent: Intent { act=com.google.android.gms.onboardingconsent.api.ConsentManagerApiService.START dat=chimera-action:/... xflg=0x4 cmp=com.google.android.gms/.chimera.GmsApiService }
02-19 13:02:13.324   752   993 I system_server: AssetManager2(0x7d8fac4c1d38) locale list changing from [] to [en-US]
02-19 13:02:13.335 20068 29216 W NearbyMediums: [BLUETOOTH_RADIO] State was changed outside of our control. Updating the snapshot to match current radio state.
02-19 13:02:13.369 30659 31927 W ConsentManagerApiServic: Consent Manager API is not enabled. [CONTEXT service_id=460 ]
02-19 13:02:13.370 30659 30659 D BoundBrokerSvc: onBind: Intent { act=com.google.android.gms.checkin.START xflg=0x4 pkg=com.google.android.gms }
02-19 13:02:13.370 20068 20107 I NearbyPresence: (REDACTED) %s verified [!=] new request %s does not equal to the old request %s
02-19 13:02:13.384 30659 30659 D BoundBrokerSvc: Loading bound service for intent: Intent { act=com.google.android.gms.checkin.START xflg=0x4 pkg=com.google.android.gms }
02-19 13:02:13.386 20068 20107 I NearbyPresence: (REDACTED) %s verified [==] new request %s equals to the old request
02-19 13:02:13.403   752  1244 E RoleControllerServiceImpl: Default/fallback role holder package doesn't qualify for the role, package: com.google.android.gms, role: android.app.role.WALLET
02-19 13:02:13.407 20068 32504 D BluetoothAdapter: isLeEnabled(): ON
02-19 13:02:13.412 30659 31927 I Checkin : [CheckinApiChimeraService] onGetService
02-19 13:02:13.421   752  1244 W SignedPackage: Cannot get ApplicationInfo for package: com.google.android.devicelockcontroller
02-19 13:02:13.423 20068 32500 D CompatChangeReporter: Compat change id reported: 386727721; UID 10148; state: ENABLED
02-19 13:02:13.425 20068 32500 I NearbyDiscovery: (REDACTED) ApFastPairScanner: isScreenOn=%s, isLocationEnabled=%s, disableLocationRequirement=%s, isDiscoveryScanningEnabled=%s, during24GhzWifiWarmingUpPeriod=%s
02-19 13:02:13.443 20068 20103 I NearbySharing: Stopping Fast Init advertisement because we're not scanning in the foreground.
02-19 13:02:13.443 20068 20103 I NearbySharing: Stopping advertising because Nearby Sharing is disabled.
02-19 13:02:13.445 20068 20103 I NearbySharing: There is no account metadata, return default instance.
02-19 13:02:13.542 32388 32516 I EGL_emulation: Opening libGLESv1_CM_emulation.so
02-19 13:02:13.548 20068 20103 I NearbySharing: There is no account metadata, return default instance.
02-19 13:02:13.548 20068 20103 I NearbySharing: Stopping FastInitiation scanning because visibility is hidden.
02-19 13:02:13.551 32388 32516 I EGL_emulation: Opening libGLESv2_emulation.so
02-19 13:02:13.560 20068 20103 I NearbySharing: Fast Initiation Scanning has stopped
02-19 13:02:13.561 20068 32504 I PersonalSafety: Ble setting turned on, re-init module [CONTEXT service_id=310 ]
02-19 13:02:13.561 20068 32504 I PersonalSafety: enabling createOptionalComponents [CONTEXT service_id=310 ]
02-19 13:02:13.566 20068 20103 I NearbySharing: Dismissing HUN as there's no device nearby.
02-19 13:02:13.571 20068 32211 D BluetoothAdapter: isLeEnabled(): ON
02-19 13:02:13.578 20068 32500 I NearbyDiscovery: (REDACTED) ApFastPairScanner: Start scanning internally, %s
02-19 13:02:13.596 20068 32211 W Settings: Setting airplane_mode_on has moved from android.provider.Settings.System to android.provider.Settings.Global, returning read-only value.
02-19 13:02:13.598 20068 32504 I PersonalSafety: (REDACTED) [Settings] ble mode changed to %s
02-19 13:02:13.601 20068 32500 D BluetoothAdapter: isLeEnabled(): ON
02-19 13:02:13.602   752   797 W BLASTSyncEngine: Sync group 362 timeout
02-19 13:02:13.603   752   797 I BLASTSyncEngine: Unfinished container: Task{fa7be33 #56 type=standard A=10217:viva.republica.toss.test}
02-19 13:02:13.604   752   797 I BLASTSyncEngine: Unfinished container: ActivityRecord{35226018 u0 viva.republica.toss.test/.MiniAppSchemeActivity t56}
02-19 13:02:13.617 20068 20103 I NearbySharing: Broadcasting NearbySharing state change.
02-19 13:02:13.620 20068 20068 W SystemServiceRegistry: No service published for: persistent_data_block
02-19 13:02:13.648 32388 32516 W HWUI    : Failed to choose config with EGL_SWAP_BEHAVIOR_PRESERVED, retrying without...
02-19 13:02:13.654   752   794 V WindowManager: Sent Transition (#362) createdAt=02-19 13:02:08.589 via request=TransitionRequestInfo { type = OPEN, triggerTask = TaskInfo{userId=0 taskId=56 effectiveUid=10217 displayId=0 isRunning=true baseIntent=Intent { act=android.intent.action.VIEW dat=intoss://takealook/... flg=0x10000000 pkg=viva.republica.toss.test cmp=viva.republica.toss.test/.MiniAppSchemeActivity } baseActivity=ComponentInfo{viva.republica.toss.test/viva.republica.toss.test.MiniAppSchemeActivity} topActivity=ComponentInfo{viva.republica.toss.test/viva.republica.toss.test.MiniAppSchemeActivity} origActivity=null realActivity=ComponentInfo{viva.republica.toss.test/viva.republica.toss.test.MiniAppSchemeActivity} numActivities=1 lastActiveTime=85202447 supportsMultiWindow=true resizeMode=1 isResizeable=true minWidth=-1 minHeight=-1 defaultMinSize=220 token=WCT{RemoteToken{29715c6 Task{fa7be33 #56 type=standard A=10217:viva.republica.toss.test}}} topActivityType=1 pictureInPictureParams=null shouldDockBigOverlays=false launchIntoPipHostTaskId=-1 lastParentTaskIdBeforePip=-1 displayCutoutSafeInsets=Rect(0, 0 - 0, 0) topActivityInfo=ActivityInfo{1ac987 viva.republica.toss.test.MiniAppSchemeActivity} launchCookies=[] positionInParent=Point(0, 0) parentTaskId=-1 isFocused=false isVisible=false isVisibleRequested=false isTopActivityNoDisplay=false isSleeping=false locusId=null displayAreaFeatureId=1 isTopActivityTransparent=true isActivityStackTransparent=true lastNonFullscreenBounds=Rect(284, 660 - 796, 1740) capturedLink=null capturedLinkTimestamp=0 requestedVisibleTypes=-9 topActivityRequestOpenInBrowserEducationTimestamp=0 appCompatTaskInfo=AppCompatTaskInfo { topActivityInSizeCompat=false eligibleForLetterboxEducation= false isLetterboxEducationEnabled= true isLetterboxDoubleTapEnabled= false eligibleForUserAspectRatioButton= false topActivityBoundsLetterboxed= false isFromLetterboxDoubleTap= false topActivityLetterboxVerticalPosition= -1 topActivityLetterboxHorizontalPosition= -1 topActivityLetterboxWidth=-1 topActivityLetterboxHeight=-1 topActivityAppBounds=Rect(0, 0 - 1080, 2400) isUserFullscreenOverrideEnabled=false isSystemFullscreenOverrideEnabled=false hasMinAspectRatioOverride=false topActivityLetterboxBounds=null cameraCompatTaskInfo=CameraCompatTaskInfo { freeformCameraCompatMode=inactive}} topActivityMainWindowFrame=null}, pipChange = null, remoteTransition = null, displayChange = null, flags = 0, debugId = 362 }
02-19 13:02:13.656   752   794 V WindowManager:     startWCT=WindowContainerTransaction { changes= {} hops= [] errorCallbackToken=null taskFragmentOrganizer=null }
02-19 13:02:13.656   752   794 V WindowManager:     info={id=362 t=OPEN f=0x0 trk=0 r=[0@Point(0, 0)] c=[
02-19 13:02:13.656   752   794 V WindowManager:         {WCT{RemoteToken{29715c6 Task{fa7be33 #56 type=standard A=10217:viva.republica.toss.test}}} m=OPEN f=TRANSLUCENT leash=Surface(name=Task=56)/@0xf76b753 sb=Rect(0, 0 - 1080, 2400) eb=Rect(0, 0 - 1080, 2400) epz=Point(1080, 2400) d=0 taskParent=-1}
02-19 13:02:13.656   752   794 V WindowManager:     ]}
02-19 13:02:13.668 20068 32211 I PersonalSafety: (REDACTED) Create createOptionalComponents: %b %b %b %b
02-19 13:02:13.669 32388 32516 W HWUI    : Failed to initialize 101010-2 format, error = EGL_SUCCESS
02-19 13:02:13.688 20068 20103 I NearbySharing: There is no account metadata, return default instance.
02-19 13:02:13.692  4449  4488 V WindowManagerShell: onTransitionReady(transaction=3229815417249)
02-19 13:02:13.704  4449  4467 V WindowManagerShell: onTransitionReady (#362) android.os.BinderProxy@dd67172: {id=362 t=OPEN f=0x0 trk=0 r=[0@Point(0, 0)] c=[
02-19 13:02:13.704  4449  4467 V WindowManagerShell:         {m=OPEN f=TRANSLUCENT leash=Surface(name=Task=56)/@0x704ee9 sb=Rect(0, 0 - 1080, 2400) eb=Rect(0, 0 - 1080, 2400) epz=Point(1080, 2400) d=0 taskParent=-1}
02-19 13:02:13.704  4449  4467 V WindowManagerShell:     ]}
02-19 13:02:13.704  4449  4467 V WindowManagerShell: Playing animation for (#362) android.os.BinderProxy@dd67172@0
02-19 13:02:13.704  4449  4467 V ShellRecents: RecentsTransitionHandler.startAnimation: no controller found
02-19 13:02:13.704  4449  4467 V WindowManagerShell: Transition doesn't have explicit remote, search filters for match for {id=362 t=OPEN f=0x0 trk=0 r=[0@Point(0, 0)] c=[{m=OPEN f=TRANSLUCENT leash=Surface(name=Task=56)/@0x704ee9 sb=Rect(0, 0 - 1080, 2400) eb=Rect(0, 0 - 1080, 2400) epz=Point(1080, 2400) d=0 taskParent=-1}]}
02-19 13:02:13.706  4449  4467 V WindowManagerShell:  Checking filter Pair{{types=[] flags=0x0] notFlags=0x0 checks=[{atype=undefined independent=true modes=[CLOSE,TO_BACK] flags=IN_TASK_WITH_EMBEDDED_ACTIVITY mustBeTask=false order=ANY topActivity=null launchCookie=null taskFragmentToken=android.os.BinderProxy@188d51a windowingMode=undefined}]} RemoteTransition { remoteTransition = android.window.IRemoteTransition$Stub$Proxy@44cd84b, appThread = android.app.IApplicationThread$Stub$Proxy@3a12228, debugName = overlayBackTransition }}
02-19 13:02:13.706  4449  4467 V WindowManagerShell:  Checking filter Pair{{types=[] flags=0x0] notFlags=0x0 checks=[{atype=dream independent=true modes=[OPEN,TO_FRONT] flags=NONE mustBeTask=false order=ANY topActivity=null launchCookie=null windowingMode=undefined},{atype=home independent=true modes=[CLOSE,TO_BACK] flags=NONE mustBeTask=false order=ANY topActivity=null launchCookie=null windowingMode=undefined}]} RemoteTransition { remoteTransition = android.window.IRemoteTransition$Stub$Proxy@6f3eb41, appThread = android.app.IApplicationThread$Stub$Proxy@ccf28e6, debugName = LauncherToDream }}
02-19 13:02:13.706  4449  4467 V WindowManagerShell:  Checking filter Pair{{types=[] flags=0x0] notFlags=0x100 checks=[{atype=home independent=true modes=[OPEN,TO_FRONT] flags=NONE mustBeTask=false order=TOP topActivity=ComponentInfo{com.google.android.apps.nexuslauncher/com.google.android.apps.nexuslauncher.NexusLauncherActivity} launchCookie=null windowingMode=undefined},{atype=standard independent=true modes=[CLOSE,TO_BACK] flags=NONE mustBeTask=false order=ANY topActivity=null launchCookie=null windowingMode=undefined},{NOT atype=undefined independent=true modes=[] flags=NONE mustBeTask=true order=ANY topActivity=null launchCookie=null customAnim=true windowingMode=undefined}]} RemoteTransition { remoteTransition = android.window.IRemoteTransition$Stub$Proxy@a8eae27, appThread = android.app.IApplicationThread$Stub$Proxy@fa38d4, debugName = QuickstepLaunchHome }}
02-19 13:02:13.706  4449  4467 V WindowManagerShell:  Delegate animation for (#362) to null
02-19 13:02:13.707  4449  4467 V WindowManagerShell: start default transition animation, info = {id=362 t=OPEN f=0x0 trk=0 r=[0@Point(0, 0)] c=[{m=OPEN f=TRANSLUCENT leash=Surface(name=Task=56)/@0x704ee9 sb=Rect(0, 0 - 1080, 2400) eb=Rect(0, 0 - 1080, 2400) epz=Point(1080, 2400) d=0 taskParent=-1}]}
02-19 13:02:13.708  4449  4467 V WindowManagerShell: loadAnimation: anim=android.view.animation.AnimationSet@c75f0a5 animAttr=0x4 type=OPEN isEntrance=true
02-19 13:02:13.711 20068 32466 I ProximityAuth: [PhoneHubService] Bluetooth state has changed. Calling startService.
02-19 13:02:13.713 32324 32493 I bt_shim_scanner: system/main/shim/le_scanning_manager.cc:135 RegisterScanner: in shim layer, UUID=814cec3f-91aa-4d15-8d18-43c470454f5e
02-19 13:02:13.723  4449  4467 V WindowManagerShell:  animated by com.android.wm.shell.transition.DefaultTransitionHandler@f74d823
02-19 13:02:13.724 20068 32464 I Nearby  : (REDACTED) is blocked device type %s, isAuto=%s, isIot=%s, isLatchsky=%s, isChinaWearable=%s, isTv=%s, isWearable=%s (supportWearOs=%s), isChromeOsDevice=%s (supportChromeOs=%s)
02-19 13:02:13.733 20068 32497 I NearbyMediums: ModuleInitializer handles incoming intent android.bluetooth.adapter.action.STATE_CHANGED
02-19 13:02:13.737 32388 32388 I blica.toss.test: AssetManager2(0x7d8fac432458) locale list changing from [] to [en-US]
02-19 13:02:13.748 20068 20558 D BluetoothLeScanner: onScannerRegistered() - status=0 scannerId=1 mScannerId=0
02-19 13:02:13.749 20068 20068 I ProximityAuth: [PhoneHubService] Handling intent for PhoneHubChimeraService.
02-19 13:02:13.783 20068 20068 I NearbyDiscovery: (REDACTED) DiscoveryService onStartCommand action: %s
02-19 13:02:13.784 20068 20068 I NearbyDiscovery: (REDACTED) FastPair: onAdapterStateChange: state=%s
02-19 13:02:13.787 20068 20107 I NearbyFastPair: DynamicSupportModule: onSupportStateUpdate start [CONTEXT service_id=265 ]
02-19 13:02:13.790 20068 20068 I NearbyDiscovery: (REDACTED) DiscoveryService onStartCommand action: %s
02-19 13:02:13.799 32388 32388 D CompatChangeReporter: Compat change id reported: 309578419; UID 10217; state: ENABLED
02-19 13:02:13.803 20068 30786 I Nearby  : (REDACTED) is blocked device type %s, isAuto=%s, isIot=%s, isLatchsky=%s, isChinaWearable=%s, isTv=%s, isWearable=%s (supportWearOs=%s), isChromeOsDevice=%s (supportChromeOs=%s)
02-19 13:02:13.850 20068 20107 I NearbyFastPair: DynamicSupportModule: onSupportStateUpdate end [CONTEXT service_id=265 ]
02-19 13:02:13.851 20068 32504 I ProximityAuth: [PhoneHubService] No enabled account, stopping service
02-19 13:02:13.852 32324 32414 I bt_shim_scanner: system/main/shim/le_scanning_manager.cc:236 ScanFilterEnable: in shim layer
02-19 13:02:13.854 32324 32414 I bt_shim_scanner: system/main/shim/le_scanning_manager.cc:213 ScanFilterAdd: in shim layer
02-19 13:02:13.866 20068 20068 D BoundBrokerSvc: onBind: Intent { act=com.google.android.gms.auth.proximity.devicesyncservice.START dat=chimera-action:/... xflg=0x4 cmp=com.google.android.gms/.chimera.PersistentBoundBrokerService }
02-19 13:02:13.866 20068 20068 D BoundBrokerSvc: Loading bound service for intent: Intent { act=com.google.android.gms.auth.proximity.devicesyncservice.START dat=chimera-action:/... xflg=0x4 cmp=com.google.android.gms/.chimera.PersistentBoundBrokerService }
02-19 13:02:13.869 20068 32500 I NearbyDiscovery: (REDACTED) ApFastPairScanner: Start scanning, mode=%s
02-19 13:02:13.883 32324 32414 I bt_shim_scanner: system/main/shim/le_scanning_manager.cc:180 ScanFilterParamSetup: in shim layer, clientIf=1
02-19 13:02:13.888 32324 32414 I bt_shim_scanner: system/main/shim/le_scanning_manager.cc:213 ScanFilterAdd: in shim layer
02-19 13:02:13.895 32324 32414 I bt_shim_scanner: system/main/shim/le_scanning_manager.cc:180 ScanFilterParamSetup: in shim layer, clientIf=1
02-19 13:02:13.896 32324 32414 I bt_shim_scanner: system/main/shim/le_scanning_manager.cc:147 Scan: in shim layer started
02-19 13:02:13.896 32324 32378 I bluetooth: system/gd/hci/le_scanning_manager.cc:601 stop_scan: Scanning already stopped, return!
02-19 13:02:13.896 32324 32378 I bluetooth: system/gd/hci/le_address_manager.cc:576 GetNextPrivateAddressIntervalRange: client=LeAddressManager, nonwake=7m13s, wake=14m25s
02-19 13:02:13.896 32324 32378 I bluetooth: system/gd/hci/le_address_manager.cc:259 register_client: Scheduled address rotation for first client registered
02-19 13:02:13.896 32324 32378 I bluetooth: system/gd/hci/le_address_manager.cc:263 register_client: Client registered
02-19 13:02:13.900 32324 32414 I bt_shim_scanner: system/main/shim/le_scanning_manager.cc:147 Scan: in shim layer stopped
02-19 13:02:13.900 32324 32378 I bluetooth: system/gd/hci/le_address_manager.cc:278 unregister_client: Client unregistered
02-19 13:02:13.900 32324 32378 I bluetooth: system/gd/hci/le_address_manager.cc:293 unregister_client: Cancelled address rotation alarm
02-19 13:02:13.900 32324 32414 W ScanManager: There is no scan radio to stop
02-19 13:02:13.900 32324 32414 I bt_shim_scanner: system/main/shim/le_scanning_manager.cc:311 SetScanParameters: in shim layer, scannerId1m=1, scannerIdCoded=0
02-19 13:02:13.900 32324 32414 I bt_shim_scanner: system/main/shim/le_scanning_manager.cc:147 Scan: in shim layer started
02-19 13:02:13.900 32324 32378 I bluetooth: system/gd/hci/le_scanning_manager.cc:601 stop_scan: Scanning already stopped, return!
02-19 13:02:13.901 32324 32378 I bluetooth: system/gd/hci/le_address_manager.cc:576 GetNextPrivateAddressIntervalRange: client=LeAddressManager, nonwake=8m47s, wake=14m19s
02-19 13:02:13.901 32324 32378 I bluetooth: system/gd/hci/le_address_manager.cc:259 register_client: Scheduled address rotation for first client registered
02-19 13:02:13.901 32324 32378 I bluetooth: system/gd/hci/le_address_manager.cc:263 register_client: Client registered
02-19 13:02:13.904 32324 32493 I AdapterProperties: getBondedDevices: length=0
02-19 13:02:13.979 20068 20558 I NearbySharing: A new client has bound to the NearbySharingService ClientBridge for calling package com.google.android.gms and PID 30659
02-19 13:02:13.990 20068 20068 I ProximityAuth: [PhoneHubService] Destroying PhoneHubChimeraService.
02-19 13:02:13.991 20068 20068 W ProximityAuth: [PhoneHubNotificationProcessor] shutdown(): context is null.
02-19 13:02:13.991 20068 20068 I ProximityAuth: [PhoneHubService] All devices have disconnected. Performing cleanup...
02-19 13:02:13.992 20068 20068 W ChimeraUtils: Module com.google.android.gms.auth_proximity missing resource null(0)
02-19 13:02:13.996 20068 20068 D BoundBrokerSvc: onRebind: Intent { act=com.google.android.gms.auth.aang.events.services.START dat=chimera-action:/... xflg=0x4 cmp=com.google.android.gms/.chimera.PersistentApiService }
02-19 13:02:13.996 20068 20068 D BoundBrokerSvc: onRebind: Intent { act=com.google.android.gms.common.telemetry.service.START dat=chimera-action:/... xflg=0x4 cmp=com.google.android.gms/.chimera.PersistentApiService }
02-19 13:02:14.003 20068 32500 I NearbyDiscovery: (REDACTED) FastPair: HeadsetPieceImage, grant permission files:%d
02-19 13:02:14.003 20068 32500 I NearbyDiscovery: FastPairController: initializeProfileConnectionState: set event stream listener [CONTEXT service_id=265 ]
02-19 13:02:14.011 20068 20107 I NearbySharing: There is no account metadata, return default instance.
02-19 13:02:14.025 32388 32388 D CompatChangeReporter: Compat change id reported: 352594277; UID 10217; state: ENABLED
02-19 13:02:14.034  4449  4467 V WindowManagerShell: Transition animation finished (aborted=false), notifying core (#362) android.os.BinderProxy@dd67172@0
02-19 13:02:14.041   752   794 V WindowManager: Finish Transition (#362): created at 02-19 13:02:08.589 collect-started=0.048ms request-sent=11.63ms started=15.417ms ready=4359.096ms sent=5035.674ms commit=106.037ms finished=5450.036ms
02-19 13:02:14.057 32324 32493 I AdapterProperties: getBondedDevices: length=0
02-19 13:02:14.063  4449  4467 V WindowManagerShell: Track 0 became idle
02-19 13:02:14.064  4449  4467 V WindowManagerShell: All active transition animations finished
02-19 13:02:14.065 32324 32493 I AdapterProperties: getBondedDevices: length=0
02-19 13:02:14.084   752  1095 D BackgroundInstallControlService: Package event received: 0
02-19 13:02:14.101 20068 32500 I NearbyDiscovery: (REDACTED) FastPairHandler: Received action %s
02-19 13:02:14.119 20068 32500 I NearbyDiscovery: (REDACTED) FastPairHandler: Received action %s
02-19 13:02:14.129 32388 32388 D CompatChangeReporter: Compat change id reported: 349153669; UID 10217; state: ENABLED
02-19 13:02:14.130 30659 30659 I NearbySharing: Invalidate tile state due to state change.
02-19 13:02:14.133 32388 32388 W HWUI    : Unknown dataspace 0
02-19 13:02:14.133 20068 20107 I NearbySharing: There is no account metadata, return default instance.
02-19 13:02:14.143 20068 26534 W EasyUnlock: [HostValidator] Invalid account list. [CONTEXT service_id=234 ]
02-19 13:02:14.185   752   993 I system_server: AssetManager2(0x7d8fac4c7198) locale list changing from [] to [en-US]
02-19 13:02:14.216 20068 32500 I Nearby  : (REDACTED) is blocked device type %s, isAuto=%s, isIot=%s, isLatchsky=%s, isChinaWearable=%s, isTv=%s, isWearable=%s (supportWearOs=%s), isChromeOsDevice=%s (supportChromeOs=%s)
02-19 13:02:14.217 20068 32500 I NearbyDiscovery: (REDACTED) DiscoveryController, showNotification, itemSize=%s
02-19 13:02:14.217 20068 32500 I NearbyDiscovery: (REDACTED) Show notifications: %d total, no changes since last shown, no-op.
02-19 13:02:14.244   752  1987 D CoreBackPreview: Window{1d7f2f3 u0 viva.republica.toss.test/viva.republica.toss.test.MiniAppSchemeActivity}: Setting back callback OnBackInvokedCallbackInfo{mCallback=android.window.IOnBackInvokedCallback$Stub$Proxy@ff8d547, mPriority=0, mIsAnimationCallback=false, mOverrideBehavior=0}
02-19 13:02:14.360   752   797 W IPCThreadState: Sending oneway calls to frozen process.
02-19 13:02:14.363   752   797 W IPCThreadState: Sending oneway calls to frozen process.
02-19 13:02:14.363   752   797 W IPCThreadState: Sending oneway calls to frozen process.
02-19 13:02:14.363   752   797 W IPCThreadState: Sending oneway calls to frozen process.
02-19 13:02:14.385   752   989 I ImeTracker: viva.republica.toss.test:87f10324: onRequestHide at ORIGIN_SERVER reason HIDE_UNSPECIFIED_WINDOW fromUser false
02-19 13:02:14.387 32388 32388 D InsetsController: hide(ime(), fromIme=false)
02-19 13:02:14.388 32388 32388 I ImeTracker: viva.republica.toss.test:87f10324: onCancelled at PHASE_CLIENT_ALREADY_HIDDEN
02-19 13:02:14.392  1563  1563 I GoogleInputMethodService: GoogleInputMethodService.onFinishInput():2043 
02-19 13:02:14.394   752  1456 I ImeTracker: system_server:27dbec4: onRequestHide at ORIGIN_SERVER reason IME_REQUESTED_CHANGED_LISTENER fromUser false
02-19 13:02:14.395  1563  1563 I Module  : DeviceLockedStatusModuleProvider$Module.updateDeviceLockedStatus():100 repeatCheckTimes = 0, locked = false
02-19 13:02:14.395  1563  1563 I GoogleInputMethodService: GoogleInputMethodService.onStartInput():1293 onStartInput(EditorInfo{EditorInfo{packageName=viva.republica.toss.test, inputType=0, inputTypeString=NULL, enableLearning=false, autoCorrection=false, autoComplete=false, imeOptions=0, privateImeOptions=null, actionName=UNSPECIFIED, actionLabel=null, initialSelStart=-1, initialSelEnd=-1, initialCapsMode=0, label=null, fieldId=0, fieldName=null, extras=null, hintText=null, hintLocales=[]}}, false)
02-19 13:02:14.396   752   797 I ImeTracker: system_server:27dbec4: onCancelled at PHASE_SERVER_SHOULD_HIDE
02-19 13:02:14.396  1563  1563 I Module  : DeviceLockedStatusModuleProvider$Module.updateDeviceLockedStatus():100 repeatCheckTimes = 1, locked = false
02-19 13:02:14.396  1563  1563 I EmojiCompatManager: EmojiCompatManager.getEmojiCompatIfLoaded():343 EmojiCompat.init() was never called.
02-19 13:02:14.396  1563  1563 I EmojiCompatManager: java.lang.IllegalStateException: EmojiCompat is not initialized. Please call EmojiCompat.init() first
02-19 13:02:14.396  1563  1563 I EmojiCompatManager: 	at asx.p(PG:6)
02-19 13:02:14.396  1563  1563 I EmojiCompatManager: 	at axb.b(PG:13)
02-19 13:02:14.396  1563  1563 I EmojiCompatManager: 	at jnr.b(PG:2)
02-19 13:02:14.396  1563  1563 I EmojiCompatManager: 	at jnr.c(PG:4)
02-19 13:02:14.396  1563  1563 I EmojiCompatManager: 	at jnr.f(PG:3)
02-19 13:02:14.396  1563  1563 I EmojiCompatManager: 	at jnx.c(PG:3)
02-19 13:02:14.396  1563  1563 I EmojiCompatManager: 	at kif.cz(PG:47)
02-19 13:02:14.396  1563  1563 I EmojiCompatManager: 	at lhl.run(PG:1025)
02-19 13:02:14.396  1563  1563 I EmojiCompatManager: 	at jaf.execute(PG:12)
02-19 13:02:14.396  1563  1563 I EmojiCompatManager: 	at nco.v(PG:13)
02-19 13:02:14.396  1563  1563 I EmojiCompatManager: 	at lhn.m(PG:96)
02-19 13:02:14.396  1563  1563 I EmojiCompatManager: 	at lhn.k(PG:25)
02-19 13:02:14.396  1563  1563 I EmojiCompatManager: 	at kgn.onStartInput(PG:250)
02-19 13:02:14.396  1563  1563 I EmojiCompatManager: 	at android.inputmethodservice.InputMethodService.doStartInput(InputMethodService.java:3521)
02-19 13:02:14.396  1563  1563 I EmojiCompatManager: 	at android.inputmethodservice.InputMethodService$InputMethodImpl.startInput(InputMethodService.java:879)
02-19 13:02:14.396  1563  1563 I EmojiCompatManager: 	at android.inputmethodservice.InputMethodService$InputMethodImpl.dispatchStartInput(InputMethodService.java:908)
02-19 13:02:14.396  1563  1563 I EmojiCompatManager: 	at android.inputmethodservice.IInputMethodWrapper.executeMessage(IInputMethodWrapper.java:201)
02-19 13:02:14.396  1563  1563 I EmojiCompatManager: 	at com.android.internal.os.HandlerCaller$MyHandler.handleMessage(HandlerCaller.java:44)
02-19 13:02:14.396  1563  1563 I EmojiCompatManager: 	at android.os.Handler.dispatchMessage(Handler.java:110)
02-19 13:02:14.396  1563  1563 I EmojiCompatManager: 	at android.os.Looper.loopOnce(Looper.java:248)
02-19 13:02:14.396  1563  1563 I EmojiCompatManager: 	at android.os.Looper.loop(Looper.java:338)
02-19 13:02:14.396  1563  1563 I EmojiCompatManager: 	at android.app.ActivityThread.main(ActivityThread.java:9067)
02-19 13:02:14.396  1563  1563 I EmojiCompatManager: 	at java.lang.reflect.Method.invoke(Native Method)
02-19 13:02:14.396  1563  1563 I EmojiCompatManager: 	at com.android.internal.os.RuntimeInit$MethodAndArgsCaller.run(RuntimeInit.java:593)
02-19 13:02:14.396  1563  1563 I EmojiCompatManager: 	at com.android.internal.os.ZygoteInit.main(ZygoteInit.java:932)
02-19 13:02:14.397   752  1456 W PackageConfigPersister: App-specific configuration not found for packageName: viva.republica.toss.test and userId: 0
02-19 13:02:14.470   752   993 V AccessibilityManagerService: onUserStateChangedLocked for userId: 0, forceUpdate: false
02-19 13:02:14.470   752   993 W MagnificationConnectionManager: requestConnection duplicated request: connect=false, mConnectionState=DISCONNECTED
02-19 13:02:14.493   752   794 I ActivityTaskManager: Displayed viva.republica.toss.test/.MiniAppSchemeActivity for user 0: +5s765ms
02-19 13:02:14.493   752   794 W Looper  : Slow dispatch took 146ms android.fg app=system_server main=false group=FOREGROUND h=android.os.Handler c=com.android.server.wm.ActivityMetricsLogger$$ExternalSyntheticLambda0@b668c2 m=0
02-19 13:02:14.613   752  1456 D CompatChangeReporter: Compat change id reported: 151861875; UID 10217; state: ENABLED
02-19 13:02:14.614   752  1456 V GrammaticalInflectionUtils: AttributionSource: android.content.AttributionSource@56784557 does not have READ_SYSTEM_GRAMMATICAL_GENDER permission.
02-19 13:02:14.615   752  1456 W OptProp : Cannot read opt property android.window.PROPERTY_COMPAT_ALLOW_USER_ASPECT_RATIO_OVERRIDE
02-19 13:02:14.616   752  1456 W OptProp : Cannot read opt property android.window.PROPERTY_COMPAT_ALLOW_USER_ASPECT_RATIO_FULLSCREEN_OVERRIDE
02-19 13:02:14.616   752  1456 W OptProp : Cannot read opt property android.window.PROPERTY_COMPAT_ALLOW_RESIZEABLE_ACTIVITY_OVERRIDES
02-19 13:02:14.616   752  1456 W OptProp : Cannot read opt property android.window.PROPERTY_COMPAT_ALLOW_MIN_ASPECT_RATIO_OVERRIDE
02-19 13:02:14.621   752  1456 W OptProp : Cannot read opt property android.window.PROPERTY_COMPAT_ALLOW_ORIENTATION_OVERRIDE
02-19 13:02:14.629 20068 32211 I PersonalSafety: InfL empty for accounts on device [CONTEXT service_id=310 ]
02-19 13:02:14.632   531   603 I BpBinder: onLastStrongRef automatically unlinking death recipients: 
02-19 13:02:14.642  4449  4467 V WindowManagerShell: Transition requested (#363): android.os.BinderProxy@e628f5d TransitionRequestInfo { type = OPEN, triggerTask = TaskInfo{userId=0 taskId=56 effectiveUid=10217 displayId=0 isRunning=true baseIntent=Intent { act=android.intent.action.VIEW dat=intoss://takealook/... flg=0x10000000 pkg=viva.republica.toss.test cmp=viva.republica.toss.test/.MiniAppSchemeActivity } baseActivity=ComponentInfo{viva.republica.toss.test/viva.republica.toss.test.MiniAppSchemeActivity} topActivity=ComponentInfo{viva.republica.toss.test/im.toss.rn.granite.core.GraniteActivity} origActivity=null realActivity=ComponentInfo{viva.republica.toss.test/viva.republica.toss.test.MiniAppSchemeActivity} numActivities=2 lastActiveTime=85208477 supportsMultiWindow=true resizeMode=1 isResizeable=true minWidth=-1 minHeight=-1 defaultMinSize=220 token=WCT{android.window.IWindowContainerToken$Stub$Proxy@69390d2} topActivityType=1 pictureInPictureParams=null shouldDockBigOverlays=false launchIntoPipHostTaskId=-1 lastParentTaskIdBeforePip=-1 displayCutoutSafeInsets=Rect(0, 0 - 0, 0) topActivityInfo=ActivityInfo{760d5a3 im.toss.rn.granite.core.GraniteActivity} launchCookies=[] positionInParent=Point(0, 0) parentTaskId=-1 isFocused=true isVisible=true isVisibleRequested=true isTopActivityNoDisplay=false isSleeping=false locusId=null displayAreaFeatureId=1 isTopActivityTransparent=false isActivityStackTransparent=false lastNonFullscreenBounds=Rect(284, 660 - 796, 1740) capturedLink=null capturedLinkTimestamp=0 requestedVisibleTypes=-9 topActivityRequestOpenInBrowserEducationTimestamp=0 appCompatTaskInfo=AppCompatTaskInfo { topActivityInSizeCompat=false eligibleForLetterboxEducation= false isLetterboxEducationEnabled= true isLetterboxDoubleTapEnabled= false eligibleForUserAspectRatioButton= false topActivityBoundsLetterboxed= false isFromLetterboxDoubleTap= false topActivityLetterboxVerticalPosition= -1 topActivityLetterboxHorizontalPosition= -1 topActivityLetterboxWidth=-1 topActivityLetterboxHeight=-1 topActivityAppBounds=Rect(0, 0 - 1080, 2400) isUserFullscreenOverrideEnabled=false isSystemFullscreenOverrideEnabled=false hasMinAspectRatioOverride=false topActivityLetterboxBounds=null cameraCompatTaskInfo=CameraCompatTaskInfo { freeformCameraCompatMode=inactive}} topActivityMainWindowFrame=null}, pipChange = null, remoteTransition = null, displayChange = null, flags = 0, debugId = 363 }
02-19 13:02:14.643  4449  4467 D ShellSplitScreen: logExit: no-op, mLoggerSessionId is null
02-19 13:02:14.644   752  1456 I ActivityTaskManager: START u0 {act=android.intent.action.VIEW dat=intoss://takealook/... xflg=0x4 cmp=viva.republica.toss.test/im.toss.rn.granite.core.GraniteActivity (has extras)} with LAUNCH_MULTIPLE from uid 10217 (sr=35226018) (BAL_ALLOW_VISIBLE_WINDOW) result code=0
02-19 13:02:14.680   531   531 I BpBinder: onLastStrongRef automatically unlinking death recipients: 
02-19 13:02:14.703   752  1095 D BackgroundInstallControlService: Package event received: 0
02-19 13:02:14.707   752  2305 W OptProp : Cannot read opt property android.window.PROPERTY_COMPAT_ENABLE_FAKE_FOCUS
02-19 13:02:14.707 20068 22075 I FontLog : (REDACTED) Received query %s, URI %s
02-19 13:02:14.707 20068 22075 I FontLog : (REDACTED) Query [%s] resolved to %s
02-19 13:02:14.723   752  1095 D BackgroundInstallControlService: Package event received: 0
02-19 13:02:14.724   752  1095 D BackgroundInstallControlService: Package event received: 0
02-19 13:02:14.730 20068 26534 D BluetoothAdapter: isLeEnabled(): ON
02-19 13:02:14.730 20068 26534 W Settings: Setting airplane_mode_on has moved from android.provider.Settings.System to android.provider.Settings.Global, returning read-only value.
02-19 13:02:14.731 20068 26534 I PersonalSafety: start auto-detection [CONTEXT service_id=310 ]
02-19 13:02:14.732 20068 26534 I PersonalSafety: (REDACTED) AutoD Start settings: %b %b %b %b
02-19 13:02:14.745 20068 22075 I FontLog : (REDACTED) Fetch %s end status %s
02-19 13:02:14.751 20068 22075 I FontLog : (REDACTED) Pulling font file for id = %d, cache size = %d
02-19 13:02:14.760 20068 26534 I PersonalSafety: inferredL registered to listen to locs [CONTEXT service_id=310 ]
02-19 13:02:14.767 20068 22075 I FontLog : (REDACTED) Pulling font file for id = %d, cache size = %d
02-19 13:02:14.800 20068 20085 I GoogleSignatureVerifier: package info is not set correctly
02-19 13:02:14.839 20068 20112 I ActivityScheduler: nextTriggerTime: 85443972, in 235288ms, detectorType: 39, FULL_TYPE alarmWindowMillis: 30000
02-19 13:02:15.261   752  2305 D CoreBackPreview: Window{456f935 u0 viva.republica.toss.test/im.toss.rn.granite.core.GraniteActivity}: Setting back callback OnBackInvokedCallbackInfo{mCallback=android.window.IOnBackInvokedCallback$Stub$Proxy@6664658, mPriority=0, mIsAnimationCallback=false, mOverrideBehavior=0}
02-19 13:02:15.263 32388 32388 W unknown:ReactRootView: Unable to update root layout specs for uninitialized ReactInstanceManager
02-19 13:02:15.325   752   794 I ActivityTaskManager: Displayed viva.republica.toss.test/im.toss.rn.granite.core.GraniteActivity for user 0: +714ms
02-19 13:02:15.326  4449  4488 V WindowManagerShell: onTransitionReady(transaction=3229815417276)
02-19 13:02:15.327  4449  4467 V WindowManagerShell: onTransitionReady (#363) android.os.BinderProxy@e628f5d: {id=363 t=OPEN f=0x0 trk=0 r=[0@Point(0, 0)] c=[
02-19 13:02:15.327  4449  4467 V WindowManagerShell:         {m=OPEN f=FILLS_TASK leash=Surface(name=ActivityRecord{141935120 u0 viva.republica.toss.test/im.toss.rn.granite.core.GraniteActivity)/@0x464d0a0 sb=Rect(0, 0 - 0, 0) eb=Rect(0, 0 - 1080, 2400) epz=Point(1080, 2400) d=-1->0 r=-1->0:-1 bc=ffffffff component=viva.republica.toss.test/im.toss.rn.granite.core.GraniteActivity},
02-19 13:02:15.327  4449  4467 V WindowManagerShell:         {m=CLOSE f=TRANSLUCENT|FILLS_TASK leash=Surface(name=ActivityRecord{35226018 u0 viva.republica.toss.test/.MiniAppSchemeActivity)/@0x23dc459 sb=Rect(0, 0 - 1080, 2400) eb=Rect(0, 0 - 1080, 2400) epz=Point(1080, 2400) d=0 bc=ffffffff component=viva.republica.toss.test/.MiniAppSchemeActivity},
02-19 13:02:15.327  4449  4467 V WindowManagerShell:         {m=TO_BACK f=SHOW_WALLPAPER leash=Surface(name=Task=1)/@0xbf5e81e sb=Rect(0, 0 - 1080, 2400) eb=Rect(0, 0 - 1080, 2400) epz=Point(1080, 2400) d=0 taskParent=-1},
02-19 13:02:15.327  4449  4467 V WindowManagerShell:         {m=TO_BACK f=IS_WALLPAPER leash=Surface(name=WallpaperWindowToken{35e0c0f showWhenLocked=false})/@0x9a128ff sb=Rect(0, 0 - 1080, 2400) eb=Rect(0, 0 - 1080, 2400) epz=Point(1080, 2400) d=0}
02-19 13:02:15.327  4449  4467 V WindowManagerShell:     ]}
02-19 13:02:15.327   752   794 V WindowManager: Sent Transition (#363) createdAt=02-19 13:02:14.618 via request=TransitionRequestInfo { type = OPEN, triggerTask = TaskInfo{userId=0 taskId=56 effectiveUid=10217 displayId=0 isRunning=true baseIntent=Intent { act=android.intent.action.VIEW dat=intoss://takealook/... flg=0x10000000 pkg=viva.republica.toss.test cmp=viva.republica.toss.test/.MiniAppSchemeActivity } baseActivity=ComponentInfo{viva.republica.toss.test/viva.republica.toss.test.MiniAppSchemeActivity} topActivity=ComponentInfo{viva.republica.toss.test/im.toss.rn.granite.core.GraniteActivity} origActivity=null realActivity=ComponentInfo{viva.republica.toss.test/viva.republica.toss.test.MiniAppSchemeActivity} numActivities=2 lastActiveTime=85208477 supportsMultiWindow=true resizeMode=1 isResizeable=true minWidth=-1 minHeight=-1 defaultMinSize=220 token=WCT{RemoteToken{29715c6 Task{fa7be33 #56 type=standard A=10217:viva.republica.toss.test}}} topActivityType=1 pictureInPictureParams=null shouldDockBigOverlays=false launchIntoPipHostTaskId=-1 lastParentTaskIdBeforePip=-1 displayCutoutSafeInsets=Rect(0, 0 - 0, 0) topActivityInfo=ActivityInfo{98b8870 im.toss.rn.granite.core.GraniteActivity} launchCookies=[] positionInParent=Point(0, 0) parentTaskId=-1 isFocused=true isVisible=true isVisibleRequested=true isTopActivityNoDisplay=false isSleeping=false locusId=null displayAreaFeatureId=1 isTopActivityTransparent=false isActivityStackTransparent=false lastNonFullscreenBounds=Rect(284, 660 - 796, 1740) capturedLink=null capturedLinkTimestamp=0 requestedVisibleTypes=-9 topActivityRequestOpenInBrowserEducationTimestamp=0 appCompatTaskInfo=AppCompatTaskInfo { topActivityInSizeCompat=false eligibleForLetterboxEducation= false isLetterboxEducationEnabled= true isLetterboxDoubleTapEnabled= false eligibleForUserAspectRatioButton= false topActivityBoundsLetterboxed= false isFromLetterboxDoubleTap= false topActivityLetterboxVerticalPosition= -1 topActivityLetterboxHorizontalPosition= -1 topActivityLetterboxWidth=-1 topActivityLetterboxHeight=-1 topActivityAppBounds=Rect(0, 0 - 1080, 2400) isUserFullscreenOverrideEnabled=false isSystemFullscreenOverrideEnabled=false hasMinAspectRatioOverride=false topActivityLetterboxBounds=null cameraCompatTaskInfo=CameraCompatTaskInfo { freeformCameraCompatMode=inactive}} topActivityMainWindowFrame=null}, pipChange = null, remoteTransition = null, displayChange = null, flags = 0, debugId = 363 }
02-19 13:02:15.327  4449  4467 V WindowManagerShell: Playing animation for (#363) android.os.BinderProxy@e628f5d@0
02-19 13:02:15.327   752   794 V WindowManager:     startWCT=WindowContainerTransaction { changes= {} hops= [] errorCallbackToken=null taskFragmentOrganizer=null }
02-19 13:02:15.328  4449  4467 V ShellRecents: RecentsTransitionHandler.startAnimation: no controller found
02-19 13:02:15.328  4449  4467 V WindowManagerShell: Transition doesn't have explicit remote, search filters for match for {id=363 t=OPEN f=0x0 trk=0 r=[0@Point(0, 0)] c=[{m=OPEN f=FILLS_TASK leash=Surface(name=ActivityRecord{141935120 u0 viva.republica.toss.test/im.toss.rn.granite.core.GraniteActivity)/@0x464d0a0 sb=Rect(0, 0 - 0, 0) eb=Rect(0, 0 - 1080, 2400) epz=Point(1080, 2400) d=-1->0 r=-1->0:-1 bc=ffffffff component=viva.republica.toss.test/im.toss.rn.granite.core.GraniteActivity},{m=CLOSE f=TRANSLUCENT|FILLS_TASK leash=Surface(name=ActivityRecord{35226018 u0 viva.republica.toss.test/.MiniAppSchemeActivity)/@0x23dc459 sb=Rect(0, 0 - 1080, 2400) eb=Rect(0, 0 - 1080, 2400) epz=Point(1080, 2400) d=0 bc=ffffffff component=viva.republica.toss.test/.MiniAppSchemeActivity},{m=TO_BACK f=SHOW_WALLPAPER leash=Surface(name=Task=1)/@0xbf5e81e sb=Rect(0, 0 - 1080, 2400) eb=Rect(0, 0 - 1080, 2400) epz=Point(1080, 2400) d=0 taskParent=-1},{m=TO_BACK f=IS_WALLPAPER leash=Surface(name=WallpaperWindowToken{35e0c0f showWhenLocked=false})/@0x9a128ff sb=Rect(0, 0 - 1080, 2400) eb=Rect(0, 0 - 1080, 2400) epz=Point(1080, 2400) d=0}]}
02-19 13:02:15.328   752   794 V WindowManager:     info={id=363 t=OPEN f=0x0 trk=0 r=[0@Point(0, 0)] c=[
02-19 13:02:15.328   752   794 V WindowManager:         {m=OPEN f=FILLS_TASK leash=Surface(name=ActivityRecord{141935120 u0 viva.republica.toss.test/im.toss.rn.granite.core.GraniteActivity)/@0x9217022 sb=Rect(0, 0 - 0, 0) eb=Rect(0, 0 - 1080, 2400) epz=Point(1080, 2400) d=-1->0 r=-1->0:-1 bc=ffffffff component=viva.republica.toss.test/im.toss.rn.granite.core.GraniteActivity},
02-19 13:02:15.328   752   794 V WindowManager:         {m=CLOSE f=TRANSLUCENT|FILLS_TASK leash=Surface(name=ActivityRecord{35226018 u0 viva.republica.toss.test/.MiniAppSchemeActivity)/@0xd2a19ed sb=Rect(0, 0 - 1080, 2400) eb=Rect(0, 0 - 1080, 2400) epz=Point(1080, 2400) d=0 bc=ffffffff component=viva.republica.toss.test/.MiniAppSchemeActivity},
02-19 13:02:15.328   752   794 V WindowManager:         {WCT{RemoteToken{5218fe8 Task{dd43522 #1 type=home}}} m=TO_BACK f=SHOW_WALLPAPER leash=Surface(name=Task=1)/@0x8ddbd2e sb=Rect(0, 0 - 1080, 2400) eb=Rect(0, 0 - 1080, 2400) epz=Point(1080, 2400) d=0 taskParent=-1},
02-19 13:02:15.328   752   794 V WindowManager:         {m=TO_BACK f=IS_WALLPAPER leash=Surface(name=WallpaperWindowToken{35e0c0f showWhenLocked=false})/@0x512f5be sb=Rect(0, 0 - 1080, 2400) eb=Rect(0, 0 - 1080, 2400) epz=Point(1080, 2400) d=0}
02-19 13:02:15.328   752   794 V WindowManager:     ]}
