02-19 10:04:57.445   531   531 E SurfaceFlinger: Out of order buffers detected for RequestedLayerState{com.google.android.apps.nexuslauncher/com.google.android.apps.nexuslauncher.NexusLauncherActivity#578 parentId=208} producedId=22 frameNumber=82 -> producedId=22 frameNumber=21
02-19 10:04:57.457  1341  1341 D ScalingWorkspaceRevealAnim: alpha of workspace at the end of animation: 1.0
02-19 10:04:57.462  4449  4467 V WindowManagerShell: Transition animation finished (aborted=false), notifying core (#72) android.os.BinderProxy@247ab3e@0
02-19 10:04:57.468   752   794 V WindowManager: Finish Transition (#72): created at 02-19 10:04:56.103 collect-started=0.113ms request-sent=0.403ms started=12.108ms ready=167.653ms sent=171.83ms commit=161.393ms finished=1364.049ms
02-19 10:04:57.471  4449  4467 V WindowManagerShell: Track 0 became idle
02-19 10:04:57.471  4449  4467 V WindowManagerShell: All active transition animations finished
02-19 10:04:57.476   531   531 E SurfaceFlinger: Out of order buffers detected for RequestedLayerState{com.google.android.apps.nexuslauncher/com.google.android.apps.nexuslauncher.NexusLauncherActivity#578 parentId=208} producedId=22 frameNumber=82 -> producedId=22 frameNumber=22
02-19 10:04:57.500   531   531 E SurfaceFlinger: Out of order buffers detected for RequestedLayerState{com.google.android.apps.nexuslauncher/com.google.android.apps.nexuslauncher.NexusLauncherActivity#578 parentId=208} producedId=22 frameNumber=82 -> producedId=22 frameNumber=23
02-19 10:04:57.516  1341  1341 D RecentsView: onTaskRemoved: 38, not handling task stack changes
02-19 10:04:57.516  1341  1341 D RecentsView: onTaskRemoved: 38, not handling task stack changes
02-19 10:04:57.528   531   531 E SurfaceFlinger: Out of order buffers detected for RequestedLayerState{com.google.android.apps.nexuslauncher/com.google.android.apps.nexuslauncher.NexusLauncherActivity#578 parentId=208} producedId=22 frameNumber=82 -> producedId=22 frameNumber=24
02-19 10:05:01.520   531   531 E SurfaceFlinger: Out of order buffers detected for RequestedLayerState{com.google.android.apps.nexuslauncher/com.google.android.apps.nexuslauncher.NexusLauncherActivity#578 parentId=208} producedId=22 frameNumber=82 -> producedId=22 frameNumber=25
02-19 10:05:01.520   531   568 W EventThread: Faking VSYNC due to driver stall for thread app
02-19 10:05:01.523  1782  2441 I bbax    : (REDACTED) getHotwordActive::active query: %s, watch: %s, devices connected: %s
02-19 10:05:01.534  1341  1341 I Choreographer: Skipped 239 frames!  The application may be doing too much work on its main thread.
02-19 10:05:01.537   752  1856 E TaskPersister: File error accessing recents directory (directory doesn't exist?).
02-19 10:05:01.538   752  1029 D InetDiagMessage: Destroyed 0 sockets, proto=IPPROTO_TCP, family=AF_INET, states=14
02-19 10:05:01.538   752  1029 D InetDiagMessage: Destroyed 0 sockets, proto=IPPROTO_TCP, family=AF_INET6, states=14
02-19 10:05:01.538   752  1029 D InetDiagMessage: Destroyed live tcp sockets for uids={10205} in 3ms
02-19 10:05:01.539   752  1029 D InetDiagMessage: Destroyed 0 sockets, proto=IPPROTO_TCP, family=AF_INET, states=14
02-19 10:05:01.540   752  1029 D InetDiagMessage: Destroyed 0 sockets, proto=IPPROTO_TCP, family=AF_INET6, states=14
02-19 10:05:01.540   752  1029 D InetDiagMessage: Destroyed live tcp sockets for uids={20205} in 2ms
02-19 10:05:01.543   752  1029 D InetDiagMessage: Destroyed 0 sockets, proto=IPPROTO_TCP, family=AF_INET, states=14
02-19 10:05:01.543   752  1029 D InetDiagMessage: Destroyed 0 sockets, proto=IPPROTO_TCP, family=AF_INET6, states=14
02-19 10:05:01.543   752  1029 D InetDiagMessage: Destroyed live tcp sockets for uids={10168} in 2ms
02-19 10:05:01.545   752  1029 D InetDiagMessage: Destroyed 0 sockets, proto=IPPROTO_TCP, family=AF_INET, states=14
02-19 10:05:01.545   531   531 E SurfaceFlinger: Out of order buffers detected for RequestedLayerState{com.google.android.apps.nexuslauncher/com.google.android.apps.nexuslauncher.NexusLauncherActivity#578 parentId=208} producedId=22 frameNumber=82 -> producedId=22 frameNumber=26
02-19 10:05:01.546   752  1029 D InetDiagMessage: Destroyed 0 sockets, proto=IPPROTO_TCP, family=AF_INET6, states=14
02-19 10:05:01.546   752  1029 D InetDiagMessage: Destroyed live tcp sockets for uids={20168} in 2ms
02-19 10:05:01.550  1341  1427 I HWUI    : Davey! duration=4012ms; Flags=0, FrameTimelineVsyncId=951157, IntendedVsync=74571355957336, Vsync=74571355957336, InputEventId=0, HandleInputStart=74571368521664, AnimationStart=74571368522470, PerformTraversalsStart=74571368730394, DrawStart=74571368849106, FrameDeadline=74571422624000, FrameStartTime=74571368518526, FrameInterval=16666666, WorkloadTarget=16666666, SyncQueued=74571369490865, SyncStart=74571388183429, IssueDrawCommandsStart=74571388904550, SwapBuffers=74571394519673, FrameCompleted=74575386975689, DequeueBufferDuration=3981992506, QueueBufferDuration=694804, GpuCompleted=74575386975689, SwapBuffersCompleted=74575378396409, DisplayPresentTime=0, CommandSubmissionCompleted=74571394519673, 
02-19 10:05:01.561   531   531 E SurfaceFlinger: Out of order buffers detected for RequestedLayerState{com.google.android.apps.nexuslauncher/com.google.android.apps.nexuslauncher.NexusLauncherActivity#578 parentId=208} producedId=22 frameNumber=82 -> producedId=22 frameNumber=27
02-19 10:05:01.667 22940 22940 W dumpsys : Thread Pool max thread count is 0. Cannot cache binder as linkToDeath cannot be implemented. serviceName: window
02-19 10:05:01.674   752  1454 I system_server: AssetManager2(0x7d8fac481c38) locale list changing from [] to [en-US]
02-19 10:05:01.704   752  1454 I system_server: AssetManager2(0x7d8fac487d18) locale list changing from [] to [en-US]
02-19 10:05:01.707   752  1454 I system_server: AssetManager2(0x7d8fac502158) locale list changing from [] to [en-US]
02-19 10:05:01.709   752  1454 I system_server: AssetManager2(0x7d8fac49bbd8) locale list changing from [] to [en-US]
02-19 10:05:01.710   531   531 E SurfaceFlinger: Out of order buffers detected for RequestedLayerState{com.google.android.apps.nexuslauncher/com.google.android.apps.nexuslauncher.NexusLauncherActivity#578 parentId=208} producedId=22 frameNumber=82 -> producedId=22 frameNumber=28
02-19 10:05:01.712   752  1454 I system_server: AssetManager2(0x7d8fac50fc18) locale list changing from [] to [en-US]
02-19 10:05:01.714  1341  1508 I HWUI    : Davey! duration=4105ms; Flags=0, FrameTimelineVsyncId=951173, IntendedVsync=74571389290668, Vsync=74575372623842, InputEventId=0, HandleInputStart=74575382225280, AnimationStart=74575382226171, PerformTraversalsStart=74575382404810, DrawStart=74575382461605, FrameDeadline=74575439290506, FrameStartTime=74575380729520, FrameInterval=16666666, WorkloadTarget=16666666, SyncQueued=74575382767247, SyncStart=74575397014113, IssueDrawCommandsStart=74575397315160, SwapBuffers=74575489127380, FrameCompleted=74575508735088, DequeueBufferDuration=6655, QueueBufferDuration=495394, GpuCompleted=74575508735088, SwapBuffersCompleted=74575505391535, DisplayPresentTime=0, CommandSubmissionCompleted=74575489127380, 
02-19 10:05:01.719   752  1454 I system_server: AssetManager2(0x7d8fac488678) locale list changing from [] to [en-US]
02-19 10:05:02.201 22945 22945 W screencap: Thread Pool max thread count is 0. Cannot cache binder as linkToDeath cannot be implemented. serviceName: SurfaceFlingerAIDL
02-19 10:05:02.201 22945 22945 W BpBinder: Linking to death on android.gui.ISurfaceComposer but there are no threads (yet?) listening to incoming transactions. See ProcessState::startThreadPool and ProcessState::setThreadPoolMaxThreadCount. Generally you should setup the binder threadpool before other initialization steps.
02-19 10:05:02.201 22945 22945 W ProcessState: Extra binder thread started, but 0 threads requested. Do not use *startThreadPool when zero threads are requested.
02-19 10:05:02.210   531   602 E HwcComposer: getLuts failed Status(-8, EX_SERVICE_SPECIFIC): '8: '
02-19 10:05:02.210   531   602 E HWComposer: getLuts: getLuts failed for display 4619827259835644672: UNSUPPORTED (8)
02-19 10:05:04.075  1563  1563 I StylusModule: StylusModule.onUpdateToolType():801 Update tool type = 0
02-19 10:05:06.500   752   969 D ActivityManager: freezing 14715 com.google.android.gms
02-19 10:05:06.504   752   969 D ActivityManager: freezing 4656 com.google.android.adservices.api
02-19 10:05:06.506   752   969 D ActivityManager: freezing 4606 com.google.android.webview:webview_service
02-19 10:05:06.513   752  2419 D TelephonyManager: requestModemActivityInfo: Sending result to app: ModemActivityInfo{ mTimestamp=74580358 mSleepTimeMs=7854 mIdleTimeMs=2618 mActivityStatsTechSpecificInfo=[{mRat=UNKNOWN,mFrequencyRange=UNKNOWN,mTxTimeMs[]=[187, 561, 1122, 1496, 1683],mRxTimeMs=1683}]}
02-19 10:05:06.582 22952 22952 W dumpsys : Thread Pool max thread count is 0. Cannot cache binder as linkToDeath cannot be implemented. serviceName: window
02-19 10:05:06.661   752  1029 D InetDiagMessage: Destroyed 0 sockets, proto=IPPROTO_TCP, family=AF_INET, states=14
02-19 10:05:06.662   752  1029 D InetDiagMessage: Destroyed 0 sockets, proto=IPPROTO_TCP, family=AF_INET6, states=14
02-19 10:05:06.662   752  1029 D InetDiagMessage: Destroyed live tcp sockets for uids={10205} in 1ms
02-19 10:05:06.707   752  1029 D InetDiagMessage: Destroyed 0 sockets, proto=IPPROTO_TCP, family=AF_INET, states=14
02-19 10:05:06.708   752  1029 D InetDiagMessage: Destroyed 0 sockets, proto=IPPROTO_TCP, family=AF_INET6, states=14
02-19 10:05:06.708   752  1029 D InetDiagMessage: Destroyed live tcp sockets for uids={10168} in 1ms
02-19 10:05:07.186 22957 22957 W screencap: Thread Pool max thread count is 0. Cannot cache binder as linkToDeath cannot be implemented. serviceName: SurfaceFlingerAIDL
02-19 10:05:07.187 22957 22957 W BpBinder: Linking to death on android.gui.ISurfaceComposer but there are no threads (yet?) listening to incoming transactions. See ProcessState::startThreadPool and ProcessState::setThreadPoolMaxThreadCount. Generally you should setup the binder threadpool before other initialization steps.
02-19 10:05:07.187 22957 22957 W ProcessState: Extra binder thread started, but 0 threads requested. Do not use *startThreadPool when zero threads are requested.
02-19 10:05:07.293   531   590 E HwcComposer: getLuts failed Status(-8, EX_SERVICE_SPECIFIC): '8: '
02-19 10:05:07.293   531   590 E HWComposer: getLuts: getLuts failed for display 4619827259835644672: UNSUPPORTED (8)
02-19 10:05:08.856  1563  1563 I StylusModule: StylusModule.onUpdateToolType():801 Update tool type = 0
02-19 10:05:09.191  1336  1556 D SatelliteController: iisInCarrierRoamingNbIotNtn: satellite is disabled
02-19 10:05:11.244   531   568 W EventThread: Faking VSYNC due to driver stall for thread app
02-19 10:05:11.253   752   752 W Looper  : Slow delivery took 2056ms main app=system_server main=true group=FOREGROUND h=com.android.server.pm.SnapshotStatistics$1 c=null m=0
02-19 10:05:11.297 22964 22964 W dumpsys : Thread Pool max thread count is 0. Cannot cache binder as linkToDeath cannot be implemented. serviceName: window
02-19 10:05:11.961 22970 22970 W screencap: Thread Pool max thread count is 0. Cannot cache binder as linkToDeath cannot be implemented. serviceName: SurfaceFlingerAIDL
02-19 10:05:11.962 22970 22970 W BpBinder: Linking to death on android.gui.ISurfaceComposer but there are no threads (yet?) listening to incoming transactions. See ProcessState::startThreadPool and ProcessState::setThreadPoolMaxThreadCount. Generally you should setup the binder threadpool before other initialization steps.
02-19 10:05:11.962 22970 22970 W ProcessState: Extra binder thread started, but 0 threads requested. Do not use *startThreadPool when zero threads are requested.
02-19 10:05:11.964   531   590 E HwcComposer: getLuts failed Status(-8, EX_SERVICE_SPECIFIC): '8: '
02-19 10:05:11.965   531   590 E HWComposer: getLuts: getLuts failed for display 4619827259835644672: UNSUPPORTED (8)
