--------- beginning of main
02-19 18:30:39.269 14299 14371 I artd    : GetBestInfo: /data/user_de/0/com.google.android.gms/app_chimera/m/00000009/dl-TfliteDynamiteDynamite.integ_252130102100800.apk has no usable artifacts
02-19 18:30:39.274 14299 14371 I artd    : GetBestInfo: vdex next to the dex file (/data/user/0/com.google.android.gms/app_dg_cache/BF7C023AB90CCF01D1F467FC1CEBAF866511FF29/oat/x86_64/the.vdex) is kOatUpToDate with filter 'verify' executable 'false'
02-19 18:30:39.279 14299 14371 I artd    : GetBestInfo: /data/user_de/0/com.google.android.gms/app_chimera/m/00000010/dl-PlayCloudSearch.optional_250834100000.apk has no usable artifacts
02-19 18:30:39.283 14299 14371 I artd    : GetBestInfo: /data/user_de/0/com.google.android.gms/app_chimera/m/00000017/dl-PlayCloudSearch.optional_260438100000.apk has no usable artifacts
02-19 18:30:39.286 14299 14371 I artd    : GetBestInfo: /data/user_de/0/com.google.android.gms/app_chimera/m/00000015/dl-MlkitOcrCommon.optional_260438100800.apk has no usable artifacts
02-19 18:30:39.291 14299 14371 I artd    : GetBestInfo: /data/user_de/0/com.google.android.gms/app_chimera/m/00000013/dl-MlkitBarcodeUi.optional_260438100800.apk has no usable artifacts
02-19 18:30:39.297 14299 14371 I artd    : GetBestInfo: /data/user_de/0/com.google.android.gms/app_chimera/m/0000000f/dl-MlkitOcrCommon.optional_250834100800.apk has no usable artifacts
02-19 18:30:39.301 14299 14371 I artd    : GetBestInfo: /data/user_de/0/com.google.android.gms/app_chimera/m/0000000d/dl-VisionOcr.optional_250834100000.apk has no usable artifacts
02-19 18:30:39.305 14299 14371 I artd    : GetBestInfo: /data/user_de/0/com.google.android.gms/app_chimera/m/0000000a/dl-MlkitBarcodeUi.optional_250834100800.apk has no usable artifacts
02-19 18:30:39.309 14299 14371 I artd    : GetBestInfo: /data/user_de/0/com.google.android.gms/app_chimera/m/00000011/dl-VisionOcr.optional_260438100000.apk has no usable artifacts
02-19 18:30:39.313 14299 14371 I artd    : GetBestInfo: /data/user_de/0/com.google.android.gms/app_chimera/m/00000012/dl-Appsearch.optional_260438100800.apk has no usable artifacts
02-19 18:30:39.319 14299 14371 I artd    : GetBestInfo: vdex next to the dex file (/data/user/0/com.google.android.gms/app_dg_cache/94DF452EEF4B8E717545DCDEA6CC3C50A319A195/oat/x86_64/the.vdex) is kOatUpToDate with filter 'verify' executable 'false'
02-19 18:30:39.321 14299 14371 I artd    : GetBestInfo: /data/user_de/0/com.google.android.gms/app_chimera/m/00000007/MeasurementDynamite.apk has no usable artifacts
02-19 18:30:39.323 14299 14371 I artd    : GetBestInfo: /data/user_de/0/com.google.android.gms/app_chimera/m/00000018/dl-AdsFdrDynamite.integ_254380203100000.apk has no usable artifacts
02-19 18:30:39.349   752   775 I system_server: Background concurrent mark compact GC freed 25MB AllocSpace bytes, 54(1124KB) LOS objects, 42% free, 33MB/57MB, paused 2.105ms,3.170ms total 371.286ms
02-19 18:30:39.361  7804  7804 D ScalingWorkspaceRevealAnim: alpha of workspace at the end of animation: 1.0
--------- beginning of system
02-19 18:30:39.362  4449  4467 V WindowManagerShell: Transition animation finished (aborted=false), notifying core (#652) android.os.BinderProxy@1f43741@0
02-19 18:30:39.368   752   777 W System  : A resource failed to call release. 
02-19 18:30:39.368   752   794 V WindowManager: Finish Transition (#652): created at 02-19 18:30:36.710 collect-started=0.03ms request-sent=6.803ms started=11.09ms ready=1504.068ms sent=1509.541ms commit=60.083ms finished=2654.74ms
02-19 18:30:39.379   752  1935 E IPCThreadState: Binder transaction failure. id: 2348026, BR_*: 29189, error: -22 (Invalid argument)
02-19 18:30:39.379   752  1935 W ActivityManager: pid 752 system sent binder code 7 with flags 1 to frozen apps and got error -32
02-19 18:30:39.380   752  1935 W WindowManager: Exception thrown during dispatchAppVisibility Window{5989a92 u0 viva.republica.toss.test/im.toss.rn.granite.core.GraniteActivity EXITING}
02-19 18:30:39.380   752  1935 W WindowManager: android.os.DeadObjectException
02-19 18:30:39.380   752  1935 W WindowManager: 	at android.os.BinderProxy.transactNative(Native Method)
02-19 18:30:39.380   752  1935 W WindowManager: 	at android.os.BinderProxy.transact(BinderProxy.java:592)
02-19 18:30:39.380   752  1935 W WindowManager: 	at android.view.IWindow$Stub$Proxy.dispatchAppVisibility(IWindow.java:557)
02-19 18:30:39.380   752  1935 W WindowManager: 	at com.android.server.wm.WindowState.sendAppVisibilityToClients(WindowState.java:3151)
02-19 18:30:39.380   752  1935 W WindowManager: 	at com.android.server.wm.WindowContainer.sendAppVisibilityToClients(WindowContainer.java:1311)
02-19 18:30:39.380   752  1935 W WindowManager: 	at com.android.server.wm.WindowToken.setClientVisible(WindowToken.java:389)
02-19 18:30:39.380   752  1935 W WindowManager: 	at com.android.server.wm.ActivityRecord.setClientVisible(ActivityRecord.java:6650)
02-19 18:30:39.380   752  1935 W WindowManager: 	at com.android.server.wm.ActivityRecord.commitVisibility(ActivityRecord.java:5561)
02-19 18:30:39.380   752  1935 W WindowManager: 	at com.android.server.wm.Transition.finishTransition(Transition.java:1391)
02-19 18:30:39.380   752  1935 W WindowManager: 	at com.android.server.wm.TransitionController.finishTransition(TransitionController.java:1029)
02-19 18:30:39.380   752  1935 W WindowManager: 	at com.android.server.wm.WindowOrganizerController.finishTransition(WindowOrganizerController.java:496)
02-19 18:30:39.380   752  1935 W WindowManager: 	at android.window.IWindowOrganizerController$Stub.onTransact(IWindowOrganizerController.java:261)
02-19 18:30:39.380   752  1935 W WindowManager: 	at com.android.server.wm.WindowOrganizerController.onTransact(WindowOrganizerController.java:223)
02-19 18:30:39.380   752  1935 W WindowManager: 	at android.os.Binder.execTransactInternal(Binder.java:1426)
02-19 18:30:39.380   752  1935 W WindowManager: 	at android.os.Binder.execTransact(Binder.java:1365)
02-19 18:30:39.380   752  1935 W Process : Unable to open /proc/14782/status
02-19 18:30:39.393  4449  4467 V WindowManagerShell: Track 0 became idle
02-19 18:30:39.393  4449  4467 V WindowManagerShell: All active transition animations finished
02-19 18:30:39.450  7804  7804 D RecentsView: onTaskRemoved: 70, not handling task stack changes
02-19 18:30:39.451  7804  7804 D RecentsView: onTaskRemoved: 70, not handling task stack changes
02-19 18:30:39.460   531   531 E BpTransactionCompletedListener: Failed to transact (-32)
02-19 18:30:40.079   752  2500 W ActivityTaskManager: callingPackage for (uid=2000, pid=15048) has no WPC
02-19 18:30:40.083   752  2500 V GrammaticalInflectionUtils: AttributionSource: android.content.AttributionSource@56784557 does not have READ_SYSTEM_GRAMMATICAL_GENDER permission.
02-19 18:30:40.083   752  2500 W OptProp : Cannot read opt property android.window.PROPERTY_COMPAT_ALLOW_USER_ASPECT_RATIO_OVERRIDE
02-19 18:30:40.083   752  2500 W OptProp : Cannot read opt property android.window.PROPERTY_COMPAT_ALLOW_USER_ASPECT_RATIO_FULLSCREEN_OVERRIDE
02-19 18:30:40.083   752  2500 W OptProp : Cannot read opt property android.window.PROPERTY_COMPAT_ALLOW_RESIZEABLE_ACTIVITY_OVERRIDES
02-19 18:30:40.084   752  2500 W OptProp : Cannot read opt property android.window.PROPERTY_COMPAT_ALLOW_MIN_ASPECT_RATIO_OVERRIDE
02-19 18:30:40.090   752  2500 W OptProp : Cannot read opt property android.window.PROPERTY_COMPAT_ALLOW_ORIENTATION_OVERRIDE
02-19 18:30:40.092   531   602 I BpBinder: onLastStrongRef automatically unlinking death recipients: 
02-19 18:30:40.096  4449  4474 I ndroid.systemui: AssetManager2(0x7d8fac474ad8) locale list changing from [] to [en-US]
02-19 18:30:40.099   752  1935 D CompatChangeReporter: Compat change id reported: 309578419; UID 10217; state: ENABLED
02-19 18:30:40.113  4449  4475 W HWUI    : Image decoding logging dropped!
02-19 18:30:40.117   752  2500 I ActivityTaskManager: START u0 {act=android.intent.action.VIEW dat=intoss://takealook/... flg=0x10000000 xflg=0x4 cmp=viva.republica.toss.test/im.toss.rn.granite.core.GraniteActivity} with LAUNCH_MULTIPLE from uid 2000 (BAL_ALLOW_PERMISSION) result code=0
02-19 18:30:40.119  4449  4467 V WindowManagerShell: Transition requested (#653): android.os.BinderProxy@6e8d60f TransitionRequestInfo { type = OPEN, triggerTask = TaskInfo{userId=0 taskId=71 effectiveUid=10217 displayId=0 isRunning=true baseIntent=Intent { act=android.intent.action.VIEW dat=intoss://takealook/... flg=0x10000000 cmp=viva.republica.toss.test/im.toss.rn.granite.core.GraniteActivity } baseActivity=ComponentInfo{viva.republica.toss.test/im.toss.rn.granite.core.GraniteActivity} topActivity=ComponentInfo{viva.republica.toss.test/im.toss.rn.granite.core.GraniteActivity} origActivity=null realActivity=ComponentInfo{viva.republica.toss.test/im.toss.rn.granite.core.GraniteActivity} numActivities=1 lastActiveTime=104913961 supportsMultiWindow=true resizeMode=1 isResizeable=true minWidth=-1 minHeight=-1 defaultMinSize=220 token=WCT{android.window.IWindowContainerToken$Stub$Proxy@d9ee8a5} topActivityType=1 pictureInPictureParams=null shouldDockBigOverlays=false launchIntoPipHostTaskId=-1 lastParentTaskIdBeforePip=-1 displayCutoutSafeInsets=Rect(0, 0 - 0, 0) topActivityInfo=ActivityInfo{c29847a im.toss.rn.granite.core.GraniteActivity} launchCookies=[] positionInParent=Point(0, 0) parentTaskId=-1 isFocused=false isVisible=false isVisibleRequested=false isTopActivityNoDisplay=false isSleeping=false locusId=null displayAreaFeatureId=1 isTopActivityTransparent=false isActivityStackTransparent=false lastNonFullscreenBounds=Rect(284, 660 - 796, 1740) capturedLink=null capturedLinkTimestamp=0 requestedVisibleTypes=-9 topActivityRequestOpenInBrowserEducationTimestamp=0 appCompatTaskInfo=AppCompatTaskInfo { topActivityInSizeCompat=false eligibleForLetterboxEducation= false isLetterboxEducationEnabled= true isLetterboxDoubleTapEnabled= false eligibleForUserAspectRatioButton= false topActivityBoundsLetterboxed= false isFromLetterboxDoubleTap= false topActivityLetterboxVerticalPosition= -1 topActivityLetterboxHorizontalPosition= -1 topActivityLetterboxWidth=-1 topActivityLetterboxHeight=-1 topActivityAppBounds=Rect(0, 0 - 1080, 2400) isUserFullscreenOverrideEnabled=false isSystemFullscreenOverrideEnabled=false hasMinAspectRatioOverride=false topActivityLetterboxBounds=null cameraCompatTaskInfo=CameraCompatTaskInfo { freeformCameraCompatMode=inactive}} topActivityMainWindowFrame=null}, pipChange = null, remoteTransition = null, displayChange = null, flags = 0, debugId = 653 }
02-19 18:30:40.119  4449  4467 D ShellSplitScreen: logExit: no-op, mLoggerSessionId is null
02-19 18:30:40.123  7804  7804 W SplitSelectStateCtor: Missing session instanceIds
02-19 18:30:40.123  7804  7804 D StatsLog: LAUNCHER_SPLIT_SELECTION_EXIT_INTERRUPTED
02-19 18:30:40.125  4449  4467 D WindowManagerShell: setLauncherKeepClearAreaHeight: visible=false, height=527
02-19 18:30:40.129   752   797 V GrammaticalInflectionUtils: AttributionSource: android.content.AttributionSource@56784557 does not have READ_SYSTEM_GRAMMATICAL_GENDER permission.
02-19 18:30:40.132   752  1935 I AppsFilter: interaction: PackageSetting{d389813 com.android.microdroid.empty_payload/10204} -> PackageSetting{66a28bf viva.republica.toss.test/10217} BLOCKED
02-19 18:30:40.132   752  1935 I AppsFilter: interaction: PackageSetting{120ba50 com.android.adbkeyboard/10219} -> PackageSetting{66a28bf viva.republica.toss.test/10217} BLOCKED
02-19 18:30:40.134   752  1095 D BackgroundInstallControlService: Package event received: 0
02-19 18:30:40.150   458   458 D Zygote  : Forked child process 15051
02-19 18:30:40.151   752   806 I ActivityManager: Start proc 15051:viva.republica.toss.test/u0a217 for next-top-activity {viva.republica.toss.test/im.toss.rn.granite.core.GraniteActivity}
02-19 18:30:40.165   752   780 D CoreBackPreview: Window{7156960 u0 Splash Screen viva.republica.toss.test}: Setting back callback OnBackInvokedCallbackInfo{mCallback=android.window.IOnBackInvokedCallback$Stub$Proxy@42291db, mPriority=0, mIsAnimationCallback=false, mOverrideBehavior=0}
02-19 18:30:40.166   752   806 I ActivityManager: ProcessObserver broadcast disabled
02-19 18:30:40.175   752   990 I system_server: AssetManager2(0x7d8fac50d058) locale list changing from [] to [en-US]
02-19 18:30:40.180   752   990 I system_server: AssetManager2(0x7d8fac43d358) locale list changing from [] to [en-US]
02-19 18:30:40.184   752   990 I system_server: AssetManager2(0x7d8fac46e098) locale list changing from [] to [en-US]
02-19 18:30:40.185   752   990 I system_server: AssetManager2(0x7d8fac4cbfb8) locale list changing from [] to [en-US]
02-19 18:30:40.197   531   531 I BpBinder: onLastStrongRef automatically unlinking death recipients: 
02-19 18:30:40.213   752   794 V WindowManager: Sent Transition (#653) createdAt=02-19 18:30:40.084 via request=TransitionRequestInfo { type = OPEN, triggerTask = TaskInfo{userId=0 taskId=71 effectiveUid=10217 displayId=0 isRunning=true baseIntent=Intent { act=android.intent.action.VIEW dat=intoss://takealook/... flg=0x10000000 cmp=viva.republica.toss.test/im.toss.rn.granite.core.GraniteActivity } baseActivity=ComponentInfo{viva.republica.toss.test/im.toss.rn.granite.core.GraniteActivity} topActivity=ComponentInfo{viva.republica.toss.test/im.toss.rn.granite.core.GraniteActivity} origActivity=null realActivity=ComponentInfo{viva.republica.toss.test/im.toss.rn.granite.core.GraniteActivity} numActivities=1 lastActiveTime=104913961 supportsMultiWindow=true resizeMode=1 isResizeable=true minWidth=-1 minHeight=-1 defaultMinSize=220 token=WCT{RemoteToken{360e2b4 Task{63e21f4 #71 type=standard A=10217:viva.republica.toss.test}}} topActivityType=1 pictureInPictureParams=null shouldDockBigOverlays=false launchIntoPipHostTaskId=-1 lastParentTaskIdBeforePip=-1 displayCutoutSafeInsets=Rect(0, 0 - 0, 0) topActivityInfo=ActivityInfo{ce15a52 im.toss.rn.granite.core.GraniteActivity} launchCookies=[] positionInParent=Point(0, 0) parentTaskId=-1 isFocused=false isVisible=false isVisibleRequested=false isTopActivityNoDisplay=false isSleeping=false locusId=null displayAreaFeatureId=1 isTopActivityTransparent=false isActivityStackTransparent=false lastNonFullscreenBounds=Rect(284, 660 - 796, 1740) capturedLink=null capturedLinkTimestamp=0 requestedVisibleTypes=-9 topActivityRequestOpenInBrowserEducationTimestamp=0 appCompatTaskInfo=AppCompatTaskInfo { topActivityInSizeCompat=false eligibleForLetterboxEducation= false isLetterboxEducationEnabled= true isLetterboxDoubleTapEnabled= false eligibleForUserAspectRatioButton= false topActivityBoundsLetterboxed= false isFromLetterboxDoubleTap= false topActivityLetterboxVerticalPosition= -1 topActivityLetterboxHorizontalPosition= -1 topActivityLetterboxWidth=-1 topActivityLetterboxHeight=-1 topActivityAppBounds=Rect(0, 0 - 1080, 2400) isUserFullscreenOverrideEnabled=false isSystemFullscreenOverrideEnabled=false hasMinAspectRatioOverride=false topActivityLetterboxBounds=null cameraCompatTaskInfo=CameraCompatTaskInfo { freeformCameraCompatMode=inactive}} topActivityMainWindowFrame=null}, pipChange = null, remoteTransition = null, displayChange = null, flags = 0, debugId = 653 }
02-19 18:30:40.213   752   794 V WindowManager:     startWCT=WindowContainerTransaction { changes= {} hops= [] errorCallbackToken=null taskFragmentOrganizer=null }
02-19 18:30:40.214  4449  4463 V WindowManagerShell: onTransitionReady(transaction=3229815426107)
02-19 18:30:40.214   752   794 V WindowManager:     info={id=653 t=OPEN f=0x0 trk=0 r=[0@Point(0, 0)] c=[
02-19 18:30:40.214   752   794 V WindowManager:         {WCT{RemoteToken{360e2b4 Task{63e21f4 #71 type=standard A=10217:viva.republica.toss.test}}} m=OPEN f=NONE leash=Surface(name=Task=71)/@0x13487c6 sb=Rect(0, 0 - 1080, 2400) eb=Rect(0, 0 - 1080, 2400) epz=Point(1080, 2400) d=0 taskParent=-1},
02-19 18:30:40.214   752   794 V WindowManager:         {WCT{RemoteToken{5218fe8 Task{dd43522 #1 type=home}}} m=TO_BACK f=SHOW_WALLPAPER leash=Surface(name=Task=1)/@0x8ddbd2e sb=Rect(0, 0 - 1080, 2400) eb=Rect(0, 0 - 1080, 2400) epz=Point(1080, 2400) d=0 taskParent=-1},
02-19 18:30:40.214   752   794 V WindowManager:         {m=TO_BACK f=IS_WALLPAPER leash=Surface(name=WallpaperWindowToken{35e0c0f showWhenLocked=false})/@0x512f5be sb=Rect(0, 0 - 1080, 2400) eb=Rect(0, 0 - 1080, 2400) epz=Point(1080, 2400) d=0}
02-19 18:30:40.214   752   794 V WindowManager:     ]}
02-19 18:30:40.214  4449  4467 V WindowManagerShell: onTransitionReady (#653) android.os.BinderProxy@6e8d60f: {id=653 t=OPEN f=0x0 trk=0 r=[0@Point(0, 0)] c=[
02-19 18:30:40.214  4449  4467 V WindowManagerShell:         {m=OPEN f=NONE leash=Surface(name=Task=71)/@0x54e2ecc sb=Rect(0, 0 - 1080, 2400) eb=Rect(0, 0 - 1080, 2400) epz=Point(1080, 2400) d=0 taskParent=-1},
02-19 18:30:40.214  4449  4467 V WindowManagerShell:         {m=TO_BACK f=SHOW_WALLPAPER leash=Surface(name=Task=1)/@0x2544515 sb=Rect(0, 0 - 1080, 2400) eb=Rect(0, 0 - 1080, 2400) epz=Point(1080, 2400) d=0 taskParent=-1},
02-19 18:30:40.214  4449  4467 V WindowManagerShell:         {m=TO_BACK f=IS_WALLPAPER leash=Surface(name=WallpaperWindowToken{35e0c0f showWhenLocked=false})/@0xe2c002a sb=Rect(0, 0 - 1080, 2400) eb=Rect(0, 0 - 1080, 2400) epz=Point(1080, 2400) d=0}
02-19 18:30:40.214  4449  4467 V WindowManagerShell:     ]}
02-19 18:30:40.215  4449  4467 V WindowManagerShell: Playing animation for (#653) android.os.BinderProxy@6e8d60f@0
02-19 18:30:40.216  4449  4467 V ShellRecents: RecentsTransitionHandler.startAnimation: no controller found
02-19 18:30:40.216  4449  4467 V WindowManagerShell: Transition doesn't have explicit remote, search filters for match for {id=653 t=OPEN f=0x0 trk=0 r=[0@Point(0, 0)] c=[{m=OPEN f=NONE leash=Surface(name=Task=71)/@0x54e2ecc sb=Rect(0, 0 - 1080, 2400) eb=Rect(0, 0 - 1080, 2400) epz=Point(1080, 2400) d=0 taskParent=-1},{m=TO_BACK f=SHOW_WALLPAPER leash=Surface(name=Task=1)/@0x2544515 sb=Rect(0, 0 - 1080, 2400) eb=Rect(0, 0 - 1080, 2400) epz=Point(1080, 2400) d=0 taskParent=-1},{m=TO_BACK f=IS_WALLPAPER leash=Surface(name=WallpaperWindowToken{35e0c0f showWhenLocked=false})/@0xe2c002a sb=Rect(0, 0 - 1080, 2400) eb=Rect(0, 0 - 1080, 2400) epz=Point(1080, 2400) d=0}]}
02-19 18:30:40.216  4449  4467 V WindowManagerShell:  Checking filter Pair{{types=[] flags=0x0] notFlags=0x0 checks=[{atype=undefined independent=true modes=[CLOSE,TO_BACK] flags=IN_TASK_WITH_EMBEDDED_ACTIVITY mustBeTask=false order=ANY topActivity=null launchCookie=null taskFragmentToken=android.os.BinderProxy@dcfd27d windowingMode=undefined}]} RemoteTransition { remoteTransition = android.window.IRemoteTransition$Stub$Proxy@d4ce572, appThread = android.app.IApplicationThread$Stub$Proxy@fd29dc3, debugName = overlayBackTransition }}
02-19 18:30:40.216  4449  4467 V WindowManagerShell:  Checking filter Pair{{types=[] flags=0x0] notFlags=0x0 checks=[{atype=dream independent=true modes=[OPEN,TO_FRONT] flags=NONE mustBeTask=false order=ANY topActivity=null launchCookie=null windowingMode=undefined},{atype=home independent=true modes=[CLOSE,TO_BACK] flags=NONE mustBeTask=false order=ANY topActivity=null launchCookie=null windowingMode=undefined}]} RemoteTransition { remoteTransition = android.window.IRemoteTransition$Stub$Proxy@90c640, appThread = android.app.IApplicationThread$Stub$Proxy@f8c1979, debugName = LauncherToDream }}
02-19 18:30:40.216  4449  4467 V WindowManagerShell:  Checking filter Pair{{types=[] flags=0x0] notFlags=0x100 checks=[{atype=home independent=true modes=[OPEN,TO_FRONT] flags=NONE mustBeTask=false order=TOP topActivity=ComponentInfo{com.google.android.apps.nexuslauncher/com.google.android.apps.nexuslauncher.NexusLauncherActivity} launchCookie=null windowingMode=undefined},{atype=standard independent=true modes=[CLOSE,TO_BACK] flags=NONE mustBeTask=false order=ANY topActivity=null launchCookie=null windowingMode=undefined},{NOT atype=undefined independent=true modes=[] flags=NONE mustBeTask=true order=ANY topActivity=null launchCookie=null customAnim=true windowingMode=undefined}]} RemoteTransition { remoteTransition = android.window.IRemoteTransition$Stub$Proxy@affe6be, appThread = android.app.IApplicationThread$Stub$Proxy@c37531f, debugName = QuickstepLaunchHome }}
02-19 18:30:40.216  4449  4467 V WindowManagerShell:  Checking filter Pair{{types=[] flags=0x0] notFlags=0x0 checks=[{atype=undefined independent=true modes=[CLOSE,TO_BACK] flags=IN_TASK_WITH_EMBEDDED_ACTIVITY mustBeTask=false order=ANY topActivity=null launchCookie=null taskFragmentToken=android.os.BinderProxy@dcfd27d windowingMode=undefined}]} RemoteTransition { remoteTransition = android.window.IRemoteTransition$Stub$Proxy@3517b6e, appThread = android.app.IApplicationThread$Stub$Proxy@261420f, debugName = overlayBackTransition }}
02-19 18:30:40.216  4449  4467 V WindowManagerShell:  Checking filter Pair{{types=[] flags=0x0] notFlags=0x0 checks=[{atype=dream independent=true modes=[OPEN,TO_FRONT] flags=NONE mustBeTask=false order=ANY topActivity=null launchCookie=null windowingMode=undefined},{atype=home independent=true modes=[CLOSE,TO_BACK] flags=NONE mustBeTask=false order=ANY topActivity=null launchCookie=null windowingMode=undefined}]} RemoteTransition { remoteTransition = android.window.IRemoteTransition$Stub$Proxy@c23e29c, appThread = android.app.IApplicationThread$Stub$Proxy@afb34a5, debugName = LauncherToDream }}
02-19 18:30:40.217  4449  4467 V WindowManagerShell:  Checking filter Pair{{types=[] flags=0x0] notFlags=0x100 checks=[{atype=home independent=true modes=[OPEN,TO_FRONT] flags=NONE mustBeTask=false order=TOP topActivity=ComponentInfo{com.google.android.apps.nexuslauncher/com.google.android.apps.nexuslauncher.NexusLauncherActivity} launchCookie=null windowingMode=undefined},{atype=standard independent=true modes=[CLOSE,TO_BACK] flags=NONE mustBeTask=false order=ANY topActivity=null launchCookie=null windowingMode=undefined},{NOT atype=undefined independent=true modes=[] flags=NONE mustBeTask=true order=ANY topActivity=null launchCookie=null customAnim=true windowingMode=undefined}]} RemoteTransition { remoteTransition = android.window.IRemoteTransition$Stub$Proxy@39de07a, appThread = android.app.IApplicationThread$Stub$Proxy@cf9f02b, debugName = QuickstepLaunchHome }}
02-19 18:30:40.217  4449  4467 V WindowManagerShell:  Delegate animation for (#653) to null
02-19 18:30:40.217  4449  4467 V WindowManagerShell: start default transition animation, info = {id=653 t=OPEN f=0x0 trk=0 r=[0@Point(0, 0)] c=[{m=OPEN f=NONE leash=Surface(name=Task=71)/@0x54e2ecc sb=Rect(0, 0 - 1080, 2400) eb=Rect(0, 0 - 1080, 2400) epz=Point(1080, 2400) d=0 taskParent=-1},{m=TO_BACK f=SHOW_WALLPAPER leash=Surface(name=Task=1)/@0x2544515 sb=Rect(0, 0 - 1080, 2400) eb=Rect(0, 0 - 1080, 2400) epz=Point(1080, 2400) d=0 taskParent=-1},{m=TO_BACK f=IS_WALLPAPER leash=Surface(name=WallpaperWindowToken{35e0c0f showWhenLocked=false})/@0xe2c002a sb=Rect(0, 0 - 1080, 2400) eb=Rect(0, 0 - 1080, 2400) epz=Point(1080, 2400) d=0}]}
02-19 18:30:40.217  4449  4467 V WindowManagerShell: loadAnimation: anim=android.view.animation.AnimationSet@a956bb8 animAttr=0x13 type=OPEN isEntrance=false
02-19 18:30:40.217  4449  4467 V WindowManagerShell: loadAnimation: anim=android.view.animation.AnimationSet@c11d91 animAttr=0x12 type=OPEN isEntrance=true
02-19 18:30:40.219 15051 15051 I blica.toss.test: Using CollectorTypeCMC GC.
02-19 18:30:40.219  4449  4467 V WindowManagerShell:  animated by com.android.wm.shell.transition.DefaultTransitionHandler@f74d823
02-19 18:30:40.221 15051 15051 W blica.toss.test: Unexpected CPU variant for x86: x86_64.
02-19 18:30:40.221 15051 15051 W blica.toss.test: Known variants: atom, sandybridge, silvermont, goldmont, goldmont-plus, goldmont-without-sha-xsaves, tremont, kabylake, alderlake, default
02-19 18:30:40.228 15051 15051 E blica.toss.test: Not starting debugger since process cannot load the jdwp agent.
02-19 18:30:40.233 15051 15051 D nativeloader: Load libframework-connectivity-tiramisu-jni.so using APEX ns com_android_tethering for caller /apex/com.android.tethering/javalib/framework-connectivity-t.jar: ok
02-19 18:30:40.242   752  1095 D BackgroundInstallControlService: Package event received: 0
02-19 18:30:40.250 15051 15051 D ApplicationLoaders: Returning zygote-cached class loader: /system_ext/framework/androidx.window.extensions.jar
02-19 18:30:40.250 15051 15051 D ApplicationLoaders: Returning zygote-cached class loader: /system_ext/framework/androidx.window.sidecar.jar
02-19 18:30:40.257 15051 15051 D nativeloader: Configuring clns-9 for other apk /data/app/~~NUQj-rdXzuicW-16SIRtKA==/viva.republica.toss.test-Si406wFvb_sqEA2GTBV6RQ==/base.apk. target_sdk_version=35, uses_libraries=, library_path=/data/app/~~NUQj-rdXzuicW-16SIRtKA==/viva.republica.toss.test-Si406wFvb_sqEA2GTBV6RQ==/lib/x86_64:/data/app/~~NUQj-rdXzuicW-16SIRtKA==/viva.republica.toss.test-Si406wFvb_sqEA2GTBV6RQ==/base.apk!/lib/x86_64, permitted_path=/data:/mnt/expand:/data/user/0/viva.republica.toss.test
02-19 18:30:40.259 15051 15051 D CompatChangeReporter: Compat change id reported: 202956589; UID 10217; state: ENABLED
02-19 18:30:40.263 15051 15051 I blica.toss.test: AssetManager2(0x7d8fac428e58) locale list changing from [] to [en-US]
02-19 18:30:40.268 15051 15051 V GraphicsEnvironment: Currently set values for:
02-19 18:30:40.268 15051 15051 V GraphicsEnvironment:   angle_gl_driver_selection_pkgs=[]
02-19 18:30:40.268 15051 15051 V GraphicsEnvironment:   angle_gl_driver_selection_values=[]
02-19 18:30:40.268 15051 15051 V GraphicsEnvironment: viva.republica.toss.test is not listed in per-application setting
02-19 18:30:40.268 15051 15051 V GraphicsEnvironment: ANGLE allowlist from config: com.dreamgames.royalmatch com.dts.freefiremax com.dxx.firenow com.gramgames.mergedragons com.ludo.king com.mojang.minecraftpe com.my.defense com.nintendo.zaka com.os.airforce com.playrix.fishdomdd.gplay io.teslatech.callbreak jp.konami.prospia net.peakgames.toonblast
02-19 18:30:40.268 15051 15051 V GraphicsEnvironment: viva.republica.toss.test is not listed in ANGLE allowlist or settings, returning default
02-19 18:30:40.268 15051 15051 V GraphicsEnvironment: Neither updatable production driver nor prerelease driver is supported.
02-19 18:30:40.279 15051 15051 D CompatChangeReporter: Compat change id reported: 279646685; UID 10217; state: ENABLED
02-19 18:30:40.292 15051 15051 D nativeloader: Load /data/app/~~NUQj-rdXzuicW-16SIRtKA==/viva.republica.toss.test-Si406wFvb_sqEA2GTBV6RQ==/lib/x86_64/libmmkv.so using class loader ns clns-9 (caller=/data/app/~~NUQj-rdXzuicW-16SIRtKA==/viva.republica.toss.test-Si406wFvb_sqEA2GTBV6RQ==/base.apk): ok
02-19 18:30:40.294 15051 15065 E ashmem  : Pinning is deprecated since Android Q. Please use trim or other methods.
02-19 18:30:40.303 15051 15051 I blica.toss.test: AssetManager2(0x7d8fac426f18) locale list changing from [] to [en-US]
02-19 18:30:40.304 15051 15051 I WebViewFactory: Loading com.google.android.webview version 133.0.6943.137 (code 694313738)
02-19 18:30:40.306 15051 15051 I blica.toss.test: AssetManager2(0x7d8fac427878) locale list changing from [] to [en-US]
02-19 18:30:40.307 15051 15051 I blica.toss.test: AssetManager2(0x7d8fac4284f8) locale list changing from [] to [en-US]
02-19 18:30:40.308 15051 15051 V ResourcesManager: The following library key has been added: ResourcesKey{ mHash=a24a3099 mResDir=null mSplitDirs=[] mOverlayDirs=[] mLibDirs=[/data/app/~~86wu-kVgQoavtKNPNhKNpg==/com.google.android.webview-1KjOBROVBHjUvpUZHW2m2g==/WebViewGoogle.apk,/data/app/~~zfNTtjjfT5QjKD_7Ux4KKQ==/com.google.android.trichromelibrary_694313738-AgzLRnDhHPFXke_9IsnuqA==/TrichromeLibrary.apk] mDisplayId=0 mOverrideConfig=v36 mCompatInfo={420dpi always-compat} mLoaders=[]}
02-19 18:30:40.313 15051 15051 W blica.toss.test: Failed to find entry 'classes.dex': Entry not found
02-19 18:30:40.316 15051 15051 D nativeloader: Configuring clns-10 for other apk /data/app/~~zfNTtjjfT5QjKD_7Ux4KKQ==/com.google.android.trichromelibrary_694313738-AgzLRnDhHPFXke_9IsnuqA==/TrichromeLibrary.apk. target_sdk_version=34, uses_libraries=ALL, library_path=/data/app/~~86wu-kVgQoavtKNPNhKNpg==/com.google.android.webview-1KjOBROVBHjUvpUZHW2m2g==/lib/x86_64:/data/app/~~86wu-kVgQoavtKNPNhKNpg==/com.google.android.webview-1KjOBROVBHjUvpUZHW2m2g==/WebViewGoogle.apk!/lib/x86_64:/data/app/~~zfNTtjjfT5QjKD_7Ux4KKQ==/com.google.android.trichromelibrary_694313738-AgzLRnDhHPFXke_9IsnuqA==/TrichromeLibrary.apk!/lib/x86_64, permitted_path=/data:/mnt/expand
02-19 18:30:40.322 15051 15051 D ApplicationLoaders: Returning zygote-cached class loader: /system_ext/framework/androidx.window.extensions.jar
02-19 18:30:40.328 15051 15051 D nativeloader: Configuring clns-11 for other apk /data/app/~~86wu-kVgQoavtKNPNhKNpg==/com.google.android.webview-1KjOBROVBHjUvpUZHW2m2g==/WebViewGoogle.apk. target_sdk_version=34, uses_libraries=, library_path=/data/app/~~86wu-kVgQoavtKNPNhKNpg==/com.google.android.webview-1KjOBROVBHjUvpUZHW2m2g==/lib/x86_64:/data/app/~~86wu-kVgQoavtKNPNhKNpg==/com.google.android.webview-1KjOBROVBHjUvpUZHW2m2g==/WebViewGoogle.apk!/lib/x86_64:/data/app/~~zfNTtjjfT5QjKD_7Ux4KKQ==/com.google.android.trichromelibrary_694313738-AgzLRnDhHPFXke_9IsnuqA==/TrichromeLibrary.apk!/lib/x86_64, permitted_path=/data:/mnt/expand
02-19 18:30:40.355 15051 15065 D nativeloader: Configuring clns-12 for other apk . target_sdk_version=35, uses_libraries=ALL, library_path=/data/app/~~NUQj-rdXzuicW-16SIRtKA==/viva.republica.toss.test-Si406wFvb_sqEA2GTBV6RQ==/lib/x86_64:/data/app/~~NUQj-rdXzuicW-16SIRtKA==/viva.republica.toss.test-Si406wFvb_sqEA2GTBV6RQ==/base.apk!/lib/x86_64, permitted_path=/data:/mnt/expand
02-19 18:30:40.372 15051 15065 D nativeloader: Load /data/app/~~NUQj-rdXzuicW-16SIRtKA==/viva.republica.toss.test-Si406wFvb_sqEA2GTBV6RQ==/lib/x86_64/libdceb.so using isolated ns clns-12 (caller=/data/user/0/viva.republica.toss.test/Anonymous-DexFile@1467667017.jar): ok
02-19 18:30:40.375 15051 15051 I cr_WVCFactoryProvider: version=133.0.6943.137 (694313738) minSdkVersion=29 isBundle=false multiprocess=true packageId=2
02-19 18:30:40.384 15051 15051 D nativeloader: Load /data/app/~~zfNTtjjfT5QjKD_7Ux4KKQ==/com.google.android.trichromelibrary_694313738-AgzLRnDhHPFXke_9IsnuqA==/TrichromeLibrary.apk!/lib/x86_64/libmonochrome_64.so using class loader ns clns-11 (caller=/data/app/~~86wu-kVgQoavtKNPNhKNpg==/com.google.android.webview-1KjOBROVBHjUvpUZHW2m2g==/WebViewGoogle.apk): ok
02-19 18:30:40.386 15051 15051 D nativeloader: Load /system/lib64/libwebviewchromium_plat_support.so using class loader ns clns-11 (caller=/data/app/~~86wu-kVgQoavtKNPNhKNpg==/com.google.android.webview-1KjOBROVBHjUvpUZHW2m2g==/WebViewGoogle.apk): ok
02-19 18:30:40.390 15051 15070 E chromium: [0219/183040.390003:ERROR:variations_seed_loader.cc(39)] Seed missing signature.
02-19 18:30:40.391 15051 15070 I chromium: [0219/183040.391187:INFO:variations_seed_loader.cc(67)] Failed to open file for reading.: No such file or directory (2)
02-19 18:30:40.408 15051 15051 I cr_LibraryLoader: Successfully loaded native library
02-19 18:30:40.410 15051 15051 I cr_CachingUmaRecorder: Flushed 6 samples from 6 histograms, 0 samples were dropped.
02-19 18:30:40.420 15051 15051 I cr_CombinedPProvider: #registerProvider() provider:WV.C8@88ca54d isPolicyCacheEnabled:false policyProvidersSize:0
02-19 18:30:40.421 15051 15051 I cr_PolicyProvider: #setManagerAndSource() 0
02-19 18:30:40.451 15051 15051 I cr_CombinedPProvider: #linkNativeInternal() 1
02-19 18:30:40.452 15051 15051 I cr_AppResProvider: #getApplicationRestrictionsFromUserManager() Bundle[EMPTY_PARCEL]
02-19 18:30:40.453 15051 15051 I cr_PolicyProvider: #notifySettingsAvailable() 0
02-19 18:30:40.453 15051 15051 I cr_CombinedPProvider: #onSettingsAvailable() 0
02-19 18:30:40.453 15051 15051 I cr_CombinedPProvider: #flushPolicies()
02-19 18:30:40.485   752   780 V GrammaticalInflectionUtils: AttributionSource: android.content.AttributionSource@6c25ddfe does not have READ_SYSTEM_GRAMMATICAL_GENDER permission.
02-19 18:30:40.496  1263  1263 D Zygote  : Forked child process 15082
02-19 18:30:40.505 15082 15082 I ocessService0:0: Using CollectorTypeCMC GC.
02-19 18:30:40.506 15082 15082 W ocessService0:0: Unexpected CPU variant for x86: x86_64.
02-19 18:30:40.506 15082 15082 W ocessService0:0: Known variants: atom, sandybridge, silvermont, goldmont, goldmont-plus, goldmont-without-sha-xsaves, tremont, kabylake, alderlake, default
02-19 18:30:40.506 15051 15051 I blica.toss.test: AssetManager2(0x7d8fac4281d8) locale list changing from [] to [en-US]
02-19 18:30:40.510 15082 15082 E ocessService0:0: Not starting debugger since process cannot load the jdwp agent.
02-19 18:30:40.510 15051 15051 I blica.toss.test: AssetManager2(0x7d8fac425938) locale list changing from [] to [en-US]
02-19 18:30:40.515 15051 15051 D DesktopModeFlags: Toggle override initialized to: OVERRIDE_UNSET
02-19 18:30:40.515   752  1095 D BackgroundInstallControlService: Package event received: 0
02-19 18:30:40.515 15082 15082 D nativeloader: Load libframework-connectivity-tiramisu-jni.so using APEX ns com_android_tethering for caller /apex/com.android.tethering/javalib/framework-connectivity-t.jar: ok
02-19 18:30:40.516 15051 15051 I DisplayManager: Implicitly registering for refresh rate
02-19 18:30:40.518   752  1095 D BackgroundInstallControlService: Package event received: 0
02-19 18:30:40.519   752  1095 D BackgroundInstallControlService: Package event received: 0
02-19 18:30:40.527  3453  3453 D BoundBrokerSvc: onBind: Intent { act=com.google.android.gms.safetynet.service.START xflg=0x4 pkg=com.google.android.gms }
02-19 18:30:40.527  3453  3453 D BoundBrokerSvc: Loading bound service for intent: Intent { act=com.google.android.gms.safetynet.service.START xflg=0x4 pkg=com.google.android.gms }
02-19 18:30:40.528   752  1935 I ActivityManager: Start proc 15082:com.google.android.webview:sandboxed_process0:org.chromium.content.app.SandboxedProcessService0:0/u0i42 for  {viva.republica.toss.test/org.chromium.content.app.SandboxedProcessService0:0}
02-19 18:30:40.528   752  1935 I ActivityManager: ProcessObserver broadcast disabled
02-19 18:30:40.533 15082 15082 D CompatChangeReporter: Compat change id reported: 242716250; UID 99042; state: ENABLED
02-19 18:30:40.541 15082 15082 D ApplicationLoaders: Returning zygote-cached class loader: /system_ext/framework/androidx.window.extensions.jar
02-19 18:30:40.544 15082 15082 I ocessService0:0: AssetManager2(0x7d8fac42ba18) locale list changing from [] to [en-US]
02-19 18:30:40.549 15082 15082 I LoadedApk: No resource references to update in package com.google.android.trichromelibrary
02-19 18:30:40.550 15082 15082 I cr_WebViewApkApp: version=133.0.6943.137 (694313738) minSdkVersion=29 isBundle=false processName=com.google.android.webview:sandboxed_process0:org.chromium.content.app.SandboxedProcessService0:0
02-19 18:30:40.553   752  1095 D BackgroundInstallControlService: Package event received: 0
02-19 18:30:40.557 15082 15082 I cr_ChildProcessService: Creating new ChildProcessService pid=15082
02-19 18:30:46.457   531   568 W EventThread: Faking VSYNC due to driver stall for thread app
02-19 18:30:46.458  7804  7828 W HWUI    : dequeueBuffer failed, error = -110; switching to fallback
02-19 18:30:46.459  4449  4487 W HWUI    : dequeueBuffer failed, error = -110; switching to fallback
02-19 18:30:46.462   752  1029 D InetDiagMessage: Destroyed 0 sockets, proto=IPPROTO_TCP, family=AF_INET, states=14
02-19 18:30:46.463  4449  4467 V WindowManagerShell: Transition animation finished (aborted=false), notifying core (#653) android.os.BinderProxy@6e8d60f@0
02-19 18:30:46.485   752   794 V WindowManager: Finish Transition (#653): created at 02-19 18:30:40.084 collect-started=0.046ms request-sent=30.426ms started=36.392ms ready=119.707ms sent=125.936ms commit=190.199ms finished=6380.385ms
02-19 18:30:46.486   752  1029 D InetDiagMessage: Destroyed 0 sockets, proto=IPPROTO_TCP, family=AF_INET6, states=14
02-19 18:30:46.486   752  1029 D InetDiagMessage: Destroyed live tcp sockets for uids={10205} in 25ms
02-19 18:30:46.486   752  1029 D InetDiagMessage: Destroyed 0 sockets, proto=IPPROTO_TCP, family=AF_INET, states=14
02-19 18:30:46.487   752  1029 D InetDiagMessage: Destroyed 0 sockets, proto=IPPROTO_TCP, family=AF_INET6, states=14
02-19 18:30:46.487   752  1029 D InetDiagMessage: Destroyed live tcp sockets for uids={20205} in 2ms
02-19 18:30:46.507  4449  4467 V WindowManagerShell: Track 0 became idle
02-19 18:30:46.507  4449  4467 V WindowManagerShell: All active transition animations finished
02-19 18:30:46.519   752   806 W ActivityManager: Slow operation: 6033ms so far, now at startProcess: returned from zygote!
02-19 18:30:46.545 15051 15103 E chromium: [ERROR:simple_version_upgrade.cc(151)] Failed to write a new fake index.
02-19 18:30:46.549 15051 15102 E chromium: [ERROR:simple_version_upgrade.cc(151)] Failed to write a new fake index.
02-19 18:30:46.561  7804  7804 D VRI[NexusLauncherActivity]: visibilityChanged oldVisibility=true newVisibility=false
02-19 18:30:46.561  7804  7804 D NexusLauncherModelDelegate: notifySmartspaceEvent: SmartspaceTargetEvent{mSmartspaceTarget=null, mSmartspaceActionId='null', mEventType=7}
02-19 18:30:46.562   752  1095 D BackgroundInstallControlService: Package event received: 0
02-19 18:30:46.564   752  1095 D BackgroundInstallControlService: Package event received: 0
02-19 18:30:46.575   752  1095 D BackgroundInstallControlService: Package event received: 0
02-19 18:30:46.576   752   779 D ActivityManager: sync unfroze 11873 com.google.android.webview:webview_service for 6
02-19 18:30:46.580   752  1095 D BackgroundInstallControlService: Package event received: 0
02-19 18:30:46.584  4656 15177 E adservices.measurement: AttributionFallbackJobService is disabled, skip scheduling
02-19 18:30:46.585   752  1852 W ProcessStats: Tracking association SourceState{b726823 viva.republica.toss.test/10217 BTop #20778} whose proc state 2 is better than process ProcessState{753bac8 com.google.android.webview:webview_service/10168 pkg=com.google.android.webview} proc state 15 (29 skipped)
02-19 18:30:46.592  4656 15112 W adservices: Skip logging because Cobalt is disabled.
02-19 18:30:46.593  4656 15111 W adservices: Skip logging because Cobalt logger is null
02-19 18:30:46.597  4656 15177 E adservices: Encryption key fetch job is disabled, skip scheduling.
02-19 18:30:46.619 15051 15115 D nativeloader: Load /data/app/~~NUQj-rdXzuicW-16SIRtKA==/viva.republica.toss.test-Si406wFvb_sqEA2GTBV6RQ==/lib/x86_64/libbugsnag-root-detection.so using class loader ns clns-9 (caller=/data/app/~~NUQj-rdXzuicW-16SIRtKA==/viva.republica.toss.test-Si406wFvb_sqEA2GTBV6RQ==/base.apk): ok
02-19 18:30:46.653   752  1940 D FileUtils: Rounded bytes from 2067259392 to 4000000000
02-19 18:30:46.707 15051 15113 D nativeloader: Load /data/app/~~NUQj-rdXzuicW-16SIRtKA==/viva.republica.toss.test-Si406wFvb_sqEA2GTBV6RQ==/lib/x86_64/libbugsnag-ndk.so using class loader ns clns-9 (caller=<unknown>): ok
02-19 18:30:46.738   752  1940 D FileUtils: Rounded bytes from 2067259392 to 4000000000
02-19 18:30:46.740 15051 15051 W BugsnagNDK: Initialization complete!
02-19 18:30:46.767 15051 15113 D nativeloader: Load /data/app/~~NUQj-rdXzuicW-16SIRtKA==/viva.republica.toss.test-Si406wFvb_sqEA2GTBV6RQ==/lib/x86_64/libbugsnag-plugin-android-anr.so using class loader ns clns-9 (caller=<unknown>): ok
02-19 18:30:46.798   752  1940 D ConnectivityService: requestNetwork for uid/pid:10217/15051 activeRequest: null callbackRequest: 620 [NetworkRequest [ REQUEST id=621, [ Capabilities: INTERNET&NOT_RESTRICTED&TRUSTED&NOT_VCN_MANAGED&NOT_BANDWIDTH_CONSTRAINED Uid: 10217 RequestorUid: 10217 RequestorPkg: viva.republica.toss.test UnderlyingNetworks: Null] ]] callback flags: 0 order: 2147483647 isUidTracked: false declaredMethods: AVAIL|UNAVAIL
02-19 18:30:46.801 15051 15051 W System.err: SLF4J: No SLF4J providers were found.
02-19 18:30:46.801 15051 15051 W System.err: SLF4J: Defaulting to no-operation (NOP) logger implementation
02-19 18:30:46.801 15051 15051 W System.err: SLF4J: See https://www.slf4j.org/codes.html#noProviders for further details.
02-19 18:30:46.803   752  1023 D OemPaidWifiNetworkFactory: got request NetworkRequest [ REQUEST id=621, [ Capabilities: INTERNET&NOT_RESTRICTED&TRUSTED&NOT_VCN_MANAGED&NOT_BANDWIDTH_CONSTRAINED Uid: 10217 RequestorUid: 10217 RequestorPkg: viva.republica.toss.test UnderlyingNetworks: Null] ]
02-19 18:30:46.803   752  1023 D MultiInternetWifiNetworkFactory: got request NetworkRequest [ REQUEST id=621, [ Capabilities: INTERNET&NOT_RESTRICTED&TRUSTED&NOT_VCN_MANAGED&NOT_BANDWIDTH_CONSTRAINED Uid: 10217 RequestorUid: 10217 RequestorPkg: viva.republica.toss.test UnderlyingNetworks: Null] ]
02-19 18:30:46.803   752  1029 D ConnectivityService: NetReassign [621 : null → 108] [c 1] [a 2] [i 2]
02-19 18:30:46.803   752  1023 D WifiNetworkFactory: got request NetworkRequest [ REQUEST id=621, [ Capabilities: INTERNET&NOT_RESTRICTED&TRUSTED&NOT_VCN_MANAGED&NOT_BANDWIDTH_CONSTRAINED Uid: 10217 RequestorUid: 10217 RequestorPkg: viva.republica.toss.test UnderlyingNetworks: Null] ]
02-19 18:30:46.803   752  1023 D UntrustedWifiNetworkFactory: got request NetworkRequest [ REQUEST id=621, [ Capabilities: INTERNET&NOT_RESTRICTED&TRUSTED&NOT_VCN_MANAGED&NOT_BANDWIDTH_CONSTRAINED Uid: 10217 RequestorUid: 10217 RequestorPkg: viva.republica.toss.test UnderlyingNetworks: Null] ]
02-19 18:30:46.814   752  1940 W OptProp : Cannot read opt property android.window.PROPERTY_COMPAT_ENABLE_FAKE_FOCUS
02-19 18:30:46.822   752  1095 D BackgroundInstallControlService: Package event received: 0
02-19 18:30:46.823   752  1095 D BackgroundInstallControlService: Package event received: 0
02-19 18:30:46.828 15051 15051 I Choreographer: Skipped 396 frames!  The application may be doing too much work on its main thread.
02-19 18:30:46.844 15051 15127 I CameraManagerGlobal: Connecting to camera service
02-19 18:30:46.850   615 21625 I AttributionAndPermissionUtils: checkPermission (forDataDelivery 0 startDataDelivery 0): Permission hard denied for client attribution [uid 10217, pid 15051, packageName "<unknown>"]
02-19 18:30:46.963 15051 15051 I blica.toss.test: AssetManager2(0x7d8fac42fed8) locale list changing from [] to [en-US]
02-19 18:30:46.987 15051 15051 I blica.toss.test: AssetManager2(0x7d8fac42ec18) locale list changing from [] to [en-US]
02-19 18:30:47.072 15051 15133 I EGL_emulation: Opening libGLESv1_CM_emulation.so
02-19 18:30:47.074 15051 15133 I EGL_emulation: Opening libGLESv2_emulation.so
02-19 18:30:47.086 15051 15133 W HWUI    : Failed to choose config with EGL_SWAP_BEHAVIOR_PRESERVED, retrying without...
02-19 18:30:47.086 15051 15133 W HWUI    : Failed to initialize 101010-2 format, error = EGL_SUCCESS
02-19 18:30:47.087 15051 15051 I blica.toss.test: AssetManager2(0x7d8fac42c698) locale list changing from [] to [en-US]
02-19 18:30:47.092 15051 15051 D CompatChangeReporter: Compat change id reported: 309578419; UID 10217; state: ENABLED
02-19 18:30:47.156 15051 15051 D CompatChangeReporter: Compat change id reported: 352594277; UID 10217; state: ENABLED
02-19 18:30:47.270 15051 15051 D CompatChangeReporter: Compat change id reported: 349153669; UID 10217; state: ENABLED
02-19 18:30:47.286 15051 15051 W HWUI    : Unknown dataspace 0
02-19 18:30:47.335 15051 15051 V SoLoader: Init System Loader delegate
02-19 18:30:47.412 15051 15163 W unknown:ReconnectingWebSocket: Couldn't connect to "ws://10.0.2.2:8081/message?device=sdk_gphone64_x86_64%20-%2016%20-%20API%2036&app=viva.republica.toss.test&clientid=BridgeDevSupportManager", will silently retry
02-19 18:30:47.414 15051 15162 W unknown:InspectorPackagerConnection: Couldn't connect to packager, will silently retry
02-19 18:30:47.545   752  2505 D CoreBackPreview: Window{5e26528 u0 viva.republica.toss.test/im.toss.rn.granite.core.GraniteActivity}: Setting back callback OnBackInvokedCallbackInfo{mCallback=android.window.IOnBackInvokedCallback$Stub$Proxy@2141872, mPriority=0, mIsAnimationCallback=false, mOverrideBehavior=0}
02-19 18:30:47.547 15051 15051 W unknown:ReactRootView: Unable to update root layout specs for uninitialized ReactInstanceManager
02-19 18:30:47.601   752   794 I ActivityTaskManager: Displayed viva.republica.toss.test/im.toss.rn.granite.core.GraniteActivity for user 0: +7s509ms
02-19 18:30:47.637   752   989 I ImeTracker: viva.republica.toss.test:d0671cb8: onRequestHide at ORIGIN_SERVER reason HIDE_UNSPECIFIED_WINDOW fromUser false
02-19 18:30:47.640 15051 15051 E unknown:ReactRootView: Unhandled SoftException
02-19 18:30:47.640 15051 15051 E unknown:ReactRootView: com.facebook.react.uimanager.IllegalViewOperationException: Trying to attach a ReactRootView with an explicit id already set to [2131362676]. React Native uses the id field to track react tags and will overwrite this field. If that is fine, explicitly overwrite the id field to View.NO_ID.
02-19 18:30:47.640 15051 15051 E unknown:ReactRootView: 	at com.facebook.react.ReactRootView.attachToReactInstanceManager(:799)
02-19 18:30:47.640 15051 15051 E unknown:ReactRootView: 	at com.facebook.react.ReactRootView.startReactApplication(:509)
02-19 18:30:47.640 15051 15051 E unknown:ReactRootView: 	at com.facebook.react.ReactRootView.startReactApplication(:469)
02-19 18:30:47.640 15051 15051 E unknown:ReactRootView: 	at im.toss.rn.granite.core.GraniteActivity.write(:486)
02-19 18:30:47.640 15051 15051 E unknown:ReactRootView: 	at im.toss.rn.granite.core.GraniteActivity.RemoteActionCompatParcelizer(:124)
02-19 18:30:47.640 15051 15051 E unknown:ReactRootView: 	at im.toss.rn.granite.core.GraniteActivity$RemoteActionCompatParcelizer.IconCompatParcelizer(:65353)
02-19 18:30:47.640 15051 15051 E unknown:ReactRootView: 	at o.sh.a_(:33)
02-19 18:30:47.640 15051 15051 E unknown:ReactRootView: 	at o.xP.run(:100)
02-19 18:30:47.640 15051 15051 E unknown:ReactRootView: 	at android.os.Handler.handleCallback(Handler.java:995)
02-19 18:30:47.640 15051 15051 E unknown:ReactRootView: 	at android.os.Handler.dispatchMessage(Handler.java:103)
02-19 18:30:47.640 15051 15051 E unknown:ReactRootView: 	at android.os.Looper.loopOnce(Looper.java:248)
02-19 18:30:47.640 15051 15051 E unknown:ReactRootView: 	at android.os.Looper.loop(Looper.java:338)
02-19 18:30:47.640 15051 15051 E unknown:ReactRootView: 	at android.app.ActivityThread.main(ActivityThread.java:9067)
02-19 18:30:47.640 15051 15051 E unknown:ReactRootView: 	at java.lang.reflect.Method.invoke(Native Method)
02-19 18:30:47.640 15051 15051 E unknown:ReactRootView: 	at com.android.internal.os.RuntimeInit$MethodAndArgsCaller.run(RuntimeInit.java:593)
02-19 18:30:47.640 15051 15051 E unknown:ReactRootView: 	at com.android.internal.os.ZygoteInit.main(ZygoteInit.java:932)
02-19 18:30:47.640  1563  1563 I GoogleInputMethodService: GoogleInputMethodService.onFinishInput():2043 
02-19 18:30:47.643  1563  1563 I Module  : DeviceLockedStatusModuleProvider$Module.updateDeviceLockedStatus():100 repeatCheckTimes = 0, locked = false
02-19 18:30:47.646  1563  1563 I GoogleInputMethodService: GoogleInputMethodService.onStartInput():1293 onStartInput(EditorInfo{EditorInfo{packageName=viva.republica.toss.test, inputType=0, inputTypeString=NULL, enableLearning=false, autoCorrection=false, autoComplete=false, imeOptions=0, privateImeOptions=null, actionName=UNSPECIFIED, actionLabel=null, initialSelStart=-1, initialSelEnd=-1, initialCapsMode=0, label=null, fieldId=0, fieldName=null, extras=null, hintText=null, hintLocales=[]}}, false)
02-19 18:30:47.648  1563  1563 I Module  : DeviceLockedStatusModuleProvider$Module.updateDeviceLockedStatus():100 repeatCheckTimes = 1, locked = false
02-19 18:30:47.652  1563  1563 I EmojiCompatManager: EmojiCompatManager.getEmojiCompatIfLoaded():343 EmojiCompat.init() was never called.
02-19 18:30:47.652  1563  1563 I EmojiCompatManager: java.lang.IllegalStateException: EmojiCompat is not initialized. Please call EmojiCompat.init() first
02-19 18:30:47.652  1563  1563 I EmojiCompatManager: 	at asx.p(PG:6)
02-19 18:30:47.652  1563  1563 I EmojiCompatManager: 	at axb.b(PG:13)
02-19 18:30:47.652  1563  1563 I EmojiCompatManager: 	at jnr.b(PG:2)
02-19 18:30:47.652  1563  1563 I EmojiCompatManager: 	at jnr.c(PG:4)
02-19 18:30:47.652  1563  1563 I EmojiCompatManager: 	at jnr.f(PG:3)
02-19 18:30:47.652  1563  1563 I EmojiCompatManager: 	at jnx.c(PG:3)
02-19 18:30:47.652  1563  1563 I EmojiCompatManager: 	at kif.cz(PG:47)
02-19 18:30:47.652  1563  1563 I EmojiCompatManager: 	at lhl.run(PG:1025)
02-19 18:30:47.652  1563  1563 I EmojiCompatManager: 	at jaf.execute(PG:12)
02-19 18:30:47.652  1563  1563 I EmojiCompatManager: 	at nco.v(PG:13)
02-19 18:30:47.652  1563  1563 I EmojiCompatManager: 	at lhn.m(PG:96)
02-19 18:30:47.652  1563  1563 I EmojiCompatManager: 	at lhn.k(PG:25)
02-19 18:30:47.652  1563  1563 I EmojiCompatManager: 	at kgn.onStartInput(PG:250)
02-19 18:30:47.652  1563  1563 I EmojiCompatManager: 	at android.inputmethodservice.InputMethodService.doStartInput(InputMethodService.java:3521)
02-19 18:30:47.652  1563  1563 I EmojiCompatManager: 	at android.inputmethodservice.InputMethodService$InputMethodImpl.startInput(InputMethodService.java:879)
02-19 18:30:47.652  1563  1563 I EmojiCompatManager: 	at android.inputmethodservice.InputMethodService$InputMethodImpl.dispatchStartInput(InputMethodService.java:908)
02-19 18:30:47.652  1563  1563 I EmojiCompatManager: 	at android.inputmethodservice.IInputMethodWrapper.executeMessage(IInputMethodWrapper.java:201)
02-19 18:30:47.652  1563  1563 I EmojiCompatManager: 	at com.android.internal.os.HandlerCaller$MyHandler.handleMessage(HandlerCaller.java:44)
02-19 18:30:47.652  1563  1563 I EmojiCompatManager: 	at android.os.Handler.dispatchMessage(Handler.java:110)
