02-19 12:41:53.852  4449  4467 V WindowManagerShell: Transition (#324) android.os.BinderProxy@b9b1325@0 ready while (#323) android.os.BinderProxy@7900954@0 is still animating. Notify the animating transition in case they can be merged
02-19 12:41:53.855  4449  4467 V ShellRecents: [103006461] RecentsController.merge
02-19 12:41:53.855  4449  4467 V ShellRecents:   closing pausing taskId=49
02-19 12:41:53.857  4449  4467 V ShellRecents:   opening new leaf taskId=48 wasClosing=false
02-19 12:41:53.857  4449  4467 V ShellRecents: [103006461] RecentsController.merge: empty pausing tasks
02-19 12:41:53.857  4449  4467 V ShellRecents: [103006461] RecentsController.merge: consuming merge
02-19 12:41:53.858  4449  4467 V WindowManagerShell: Transition was merged: (#324) android.os.BinderProxy@b9b1325@0 into (#323) android.os.BinderProxy@7900954@0
02-19 12:41:53.861  4449  4467 V ShellRecents: [103006461] RecentsController.merge: calling onTasksAppeared
02-19 12:41:53.886   752  1095 D BackgroundInstallControlService: Package event received: 0
02-19 12:41:53.890   752  1095 D BackgroundInstallControlService: Package event received: 0
02-19 12:41:53.892   752   794 V WindowManager: Sent Transition (#324) createdAt=02-19 12:41:53.553 via request=TransitionRequestInfo { type = OPEN, triggerTask = TaskInfo{userId=0 taskId=48 effectiveUid=10217 displayId=0 isRunning=true baseIntent=Intent { act=android.intent.action.VIEW dat=intoss://takealook/... flg=0x10000000 pkg=viva.republica.toss.test cmp=viva.republica.toss.test/.MiniAppSchemeActivity } baseActivity=ComponentInfo{viva.republica.toss.test/im.toss.rn.granite.core.GraniteActivity} topActivity=ComponentInfo{viva.republica.toss.test/im.toss.rn.granite.core.GraniteActivity} origActivity=null realActivity=ComponentInfo{viva.republica.toss.test/viva.republica.toss.test.MiniAppSchemeActivity} numActivities=7 lastActiveTime=83982659 supportsMultiWindow=true resizeMode=1 isResizeable=true minWidth=-1 minHeight=-1 defaultMinSize=220 token=WCT{RemoteToken{1dba69d Task{1507662 #48 type=standard A=10217:viva.republica.toss.test}}} topActivityType=1 pictureInPictureParams=null shouldDockBigOverlays=false launchIntoPipHostTaskId=-1 lastParentTaskIdBeforePip=-1 displayCutoutSafeInsets=Rect(0, 0 - 0, 0) topActivityInfo=ActivityInfo{286d020 im.toss.rn.granite.core.GraniteActivity} launchCookies=[] positionInParent=Point(0, 0) parentTaskId=-1 isFocused=false isVisible=false isVisibleRequested=false isTopActivityNoDisplay=false isSleeping=false locusId=null displayAreaFeatureId=1 isTopActivityTransparent=false isActivityStackTransparent=false lastNonFullscreenBounds=Rect(284, 660 - 796, 1740) capturedLink=null capturedLinkTimestamp=0 requestedVisibleTypes=-9 topActivityRequestOpenInBrowserEducationTimestamp=0 appCompatTaskInfo=AppCompatTaskInfo { topActivityInSizeCompat=false eligibleForLetterboxEducation= false isLetterboxEducationEnabled= true isLetterboxDoubleTapEnabled= false eligibleForUserAspectRatioButton= false topActivityBoundsLetterboxed= false isFromLetterboxDoubleTap= false topActivityLetterboxVerticalPosition= -1 topActivityLetterboxHorizontalPosition= -1 topActivityLetterboxWidth=-1 topActivityLetterboxHeight=-1 topActivityAppBounds=Rect(0, 0 - 1080, 2400) isUserFullscreenOverrideEnabled=false isSystemFullscreenOverrideEnabled=false hasMinAspectRatioOverride=false topActivityLetterboxBounds=null cameraCompatTaskInfo=CameraCompatTaskInfo { freeformCameraCompatMode=inactive}} topActivityMainWindowFrame=null}, pipChange = null, remoteTransition = null, displayChange = null, flags = 0, debugId = 324 }
02-19 12:41:53.893   752   794 V WindowManager:     startWCT=WindowContainerTransaction { changes= {} hops= [] errorCallbackToken=null taskFragmentOrganizer=null }
02-19 12:41:53.893   752   794 V WindowManager:     info={id=324 t=OPEN f=0x0 trk=0 r=[0@Point(0, 0)] c=[
02-19 12:41:53.893   752   794 V WindowManager:         {WCT{RemoteToken{1dba69d Task{1507662 #48 type=standard A=10217:viva.republica.toss.test}}} m=TO_FRONT f=MOVE_TO_TOP leash=Surface(name=Task=48)/@0x1541561 sb=Rect(0, 0 - 1080, 2400) eb=Rect(0, 0 - 1080, 2400) epz=Point(1080, 2400) d=0 taskParent=-1},
02-19 12:41:53.893   752   794 V WindowManager:         {WCT{RemoteToken{5218fe8 Task{dd43522 #1 type=home}}} m=TO_BACK f=SHOW_WALLPAPER leash=Surface(name=Task=1)/@0x8ddbd2e sb=Rect(0, 0 - 1080, 2400) eb=Rect(0, 0 - 1080, 2400) epz=Point(1080, 2400) d=0 taskParent=-1},
02-19 12:41:53.893   752   794 V WindowManager:         {WCT{RemoteToken{9407972 Task{2ea9236 #49 type=standard A=1000:com.android.settings.root}}} m=TO_BACK f=NONE leash=Surface(name=Task=49)/@0x49d695c sb=Rect(0, 0 - 1080, 2400) eb=Rect(0, 0 - 1080, 2400) epz=Point(1080, 2400) d=0 taskParent=-1},
02-19 12:41:53.893   752   794 V WindowManager:         {m=TO_BACK f=IS_WALLPAPER leash=Surface(name=WallpaperWindowToken{35e0c0f showWhenLocked=false})/@0x512f5be sb=Rect(0, 0 - 1080, 2400) eb=Rect(0, 0 - 1080, 2400) epz=Point(1080, 2400) d=0}
02-19 12:41:53.893   752   794 V WindowManager:     ]}
02-19 12:41:54.049  1341  1341 I AiAiSuggestUi: Clearing suggestions.
02-19 12:41:54.051  1341  1341 I AiAiSuggestUi: Clearing suggestions.
02-19 12:41:54.051  1341  1341 I AiAiSuggestUi: Requesting to show indicators
02-19 12:41:54.052  1341  1341 I AiAiSuggestUi: Fetching contents, isPrimaryTask = true
02-19 12:41:54.113  1341  1427 I AiAiSuggestUi: Request suggestContentSelections complete, took: 58
02-19 12:41:54.113  1341  1427 I AiAiSuggestUi: Fetched content back in callback
02-19 12:41:54.130  1341  1354 I s.nexuslauncher: NativeAlloc concurrent mark compact GC freed 1282KB AllocSpace bytes, 0(0B) LOS objects, 49% free, 8011KB/15MB, paused 738us,1.703ms total 198.190ms
02-19 12:41:54.140  1341  1356 W System  : A resource failed to call release. 
02-19 12:41:54.140  1341  1356 W System  : A resource failed to call release. 
02-19 12:41:54.140  1341  1356 W System  : A resource failed to call release. 
02-19 12:41:54.140  1341  1356 W System  : A resource failed to call release. 
02-19 12:41:54.140  1341  1356 W System  : A resource failed to call release. 
02-19 12:41:54.153  1341  1341 I AiAiSuggestUi: Display indicators
02-19 12:41:54.247  1341  1341 D RecentsView: finishRecentsAnimation - mRecentsAnimationController: com.android.quickstep.RecentsAnimationController@20775ae
02-19 12:41:54.247  1341  1341 D RecentsView: cleanupRemoteTargets - mRemoteTargetHandles: [com.android.quickstep.RemoteTargetGluer$RemoteTargetHandle@8cb7b82]
02-19 12:41:54.251  4449  4467 V ShellRecents: [103006461] RecentsController.finishInner: toHome=false userLeave=false willFinishToHome=false state=1 hasPausingTasks=true reason=requested
02-19 12:41:54.251  4449  4467 V ShellRecents:   normal finish
02-19 12:41:54.251  4449  4467 V ShellRecents: [103006461] RecentsController.finishInner: Completing finish
02-19 12:41:54.252  4449  4467 V ShellRecents: [103006461] RecentsController.cleanup
02-19 12:41:54.253  4449  4467 V WindowManagerShell: Transition animation finished (aborted=false), notifying core (#323) android.os.BinderProxy@7900954@0
02-19 12:41:54.257   752  1233 E TransitionChain: Can't collect into a chain with no transition
02-19 12:41:54.258   752   794 V WindowManager: Finish Transition (#323): created at 02-19 12:41:51.293 collect-started=0.31ms started=0.328ms ready=89.189ms sent=168.961ms commit=51.695ms finished=2964.844ms
02-19 12:41:54.268 29028 29028 D VRI[SettingsHomepageActivity]: visibilityChanged oldVisibility=true newVisibility=false
02-19 12:41:54.271  1341  1341 D RecentsView: cleanupRemoteTargets - mRemoteTargetHandles: null
02-19 12:41:54.271   752   794 V WindowManager: Finish Transition (#324): created at 02-19 12:41:53.553 collect-started=0.057ms request-sent=8.234ms started=10.388ms ready=283.839ms sent=290.199ms commit=20.494ms finished=713.075ms
02-19 12:41:54.274  1341  1341 W SplitSelectStateCtor: Missing session instanceIds
02-19 12:41:54.275  4449  4467 V WindowManagerShell: Track 0 became idle
02-19 12:41:54.275  4449  4467 V WindowManagerShell: All active transition animations finished
02-19 12:41:54.275  4449  4467 V ShellRecents: [103006461] RecentsController.finishInner: calling finish callback
02-19 12:41:54.275  1341  1341 D StatsLog: LAUNCHER_SPLIT_SELECTION_EXIT_INTERRUPTED
02-19 12:41:54.304   752  1095 D BackgroundInstallControlService: Package event received: 0
02-19 12:41:54.319  1341  1341 D RecentsView: onRecentsAnimationComplete - mRecentsAnimationController: com.android.quickstep.RecentsAnimationController@20775ae, mSideTaskLaunchCallback: null
02-19 12:41:54.344  1341  1341 D StateManager: goToState - fromState: Overview, toState: Normal, partial trace:
02-19 12:41:54.344  1341  1341 D StateManager: 	at com.android.launcher3.statemanager.StateManager.moveToRestState(go/retraceme 72a59688580715d19f0e415c69e80376c2f062d1648c80db6730905005a27c20:4)
02-19 12:41:54.344  1341  1341 D StateManager: 	at com.android.launcher3.statemanager.StateManager.moveToRestState(go/retraceme 72a59688580715d19f0e415c69e80376c2f062d1648c80db6730905005a27c20:1)
02-19 12:41:54.344  1341  1341 D StateManager: 	at com.android.quickstep.TaskViewUtils$9.lambda$onAnimationSuccess$0(go/retraceme 72a59688580715d19f0e415c69e80376c2f062d1648c80db6730905005a27c20:1)
02-19 12:41:54.345  1341  1341 D RecentsView: finishRecentsAnimation - mRecentsAnimationController: null
02-19 12:41:54.345  1341  1341 D RecentsView: cleanupRemoteTargets - mRemoteTargetHandles: null
02-19 12:41:54.379   752   797 V WindowManager: Unknown focus tokens, dropping reportFocusChanged
02-19 12:41:54.383  1341  1341 D StateManager: onStateTransitionStart - state: Normal
02-19 12:41:54.383  1341  1341 D RecentsView: updateTaskStackListenerState: false
02-19 12:41:54.395  1341  1341 D OverviewActionsView: updateForGroupedTask() called with: isGroupedTask = [false], canSaveAppPair = [false]
02-19 12:41:54.395  1341  1341 D OverviewActionsView: updateActionButtonsVisibility() called: showSingleTaskActions = [true], showGroupActions = [false]
02-19 12:41:54.407   752  1095 D BackgroundInstallControlService: Package event received: 0
02-19 12:41:54.423  1341  1341 D BaseDepthController: setSurface:
02-19 12:41:54.423  1341  1341 D BaseDepthController: 	mWaitingOnSurfaceValidity: false
02-19 12:41:54.423  1341  1341 D BaseDepthController: 	mBaseSurface: null
02-19 12:41:54.423  1341  1341 D BaseDepthController: mSurface is null and mCurrentBlur is: 0
02-19 12:41:54.424  1341  1341 D StateManager: goToState - fromState: Normal, toState: Normal, partial trace:
02-19 12:41:54.424  1341  1341 D StateManager: 	at com.android.launcher3.statemanager.StateManager.moveToRestState(go/retraceme 72a59688580715d19f0e415c69e80376c2f062d1648c80db6730905005a27c20:4)
02-19 12:41:54.424  1341  1341 D StateManager: 	at com.android.launcher3.statemanager.StateManager.moveToRestState(go/retraceme 72a59688580715d19f0e415c69e80376c2f062d1648c80db6730905005a27c20:1)
02-19 12:41:54.424  1341  1341 D StateManager: 	at com.android.launcher3.statemanager.StatefulActivity.onStop(go/retraceme 72a59688580715d19f0e415c69e80376c2f062d1648c80db6730905005a27c20:34)
02-19 12:41:54.425  1341  1341 D StateManager: cancelAnimation - with ongoing animation, partial trace:
02-19 12:41:54.425  1341  1341 D StateManager: 	at com.android.launcher3.statemanager.StateManager.goToState(go/retraceme 72a59688580715d19f0e415c69e80376c2f062d1648c80db6730905005a27c20:18)
02-19 12:41:54.425  1341  1341 D StateManager: 	at com.android.launcher3.statemanager.StateManager.goToState(go/retraceme 72a59688580715d19f0e415c69e80376c2f062d1648c80db6730905005a27c20:3)
02-19 12:41:54.425  1341  1341 D StateManager: 	at com.android.launcher3.statemanager.StateManager.moveToRestState(go/retraceme 72a59688580715d19f0e415c69e80376c2f062d1648c80db6730905005a27c20:4)
02-19 12:41:54.426  1341  1341 D RecentsView: reset - mEnableDrawingLiveTile: true, mRecentsAnimationController: null
02-19 12:41:54.426  1341  1341 D StateManager: onStateTransitionStart - state: Normal
02-19 12:41:54.427  1341  1341 D BaseDepthController: mSurface is null and mCurrentBlur is: 0
02-19 12:41:54.428  1341  1341 D BaseDepthController: mSurface is null and mCurrentBlur is: 0
02-19 12:41:54.430  1341  1341 D KeyboardInsetsHandler: setState, toState:Normal StateManager(mLastStableState:Normal, mCurrentStableState:Overview, mState:Normal, mRestState:Normal, isInTransition:false)
02-19 12:41:54.431  1341  1341 D StateManager: onStateTransitionEnd - state: Normal
02-19 12:41:54.432  1341  1341 D RecentsView: reset - mEnableDrawingLiveTile: false, mRecentsAnimationController: null
02-19 12:41:54.432  1341  1341 I AiAiSuggestUi: Clearing suggestions.
02-19 12:41:54.432  1341  1341 I AiAiSuggestUi: Clearing suggestions.
02-19 12:41:54.433  1341  1341 D ActivityAllAppsContainerView: rebindAdapters: force: false
02-19 12:41:54.433  1341  1341 D ActivityAllAppsContainerView: rebindAdapters: Not needed.
02-19 12:41:54.435  1341  1341 D StatsLog: LAUNCHER_ONSTOP
02-19 12:41:54.437  1341  1341 D StatsLog: LAUNCHER_GOOGLE_SEARCH_RESTORE_LIST_SIZE_AFTER_ACTIVITY_RESTART
02-19 12:41:54.438  1341  1341 D NexusLauncherModelDelegate: notifySmartspaceEvent: SmartspaceTargetEvent{mSmartspaceTarget=null, mSmartspaceActionId='null', mEventType=7}
02-19 12:41:54.439  1341  1341 D NexusLauncherModelDelegate: notifySmartspaceEvent: SmartspaceTargetEvent{mSmartspaceTarget=null, mSmartspaceActionId='null', mEventType=7}
02-19 12:41:54.509   752  1095 D BackgroundInstallControlService: Package event received: 0
02-19 12:41:54.512 29028 29028 D DashboardFragment: unregister observer: @fc378f5, uri: content://com.google.android.gms.settings.persistent/getGoogleSettingsTitle
02-19 12:41:54.558 29028 29028 D DashboardFragment: unregister observer: @793568a, uri: content://com.google.android.gms.settings.persistent/getGoogleSettingsSummary
02-19 12:41:54.586  1341  1341 D OverviewActionsView: updateForGroupedTask() called with: isGroupedTask = [false], canSaveAppPair = [false]
02-19 12:41:54.586  1341  1341 D OverviewActionsView: updateActionButtonsVisibility() called: showSingleTaskActions = [true], showGroupActions = [false]
02-19 12:41:54.587  1341  1341 D OverviewActionsView: updateForGroupedTask() called with: isGroupedTask = [false], canSaveAppPair = [false]
02-19 12:41:54.587  1341  1341 D OverviewActionsView: updateActionButtonsVisibility() called: showSingleTaskActions = [true], showGroupActions = [false]
02-19 12:41:54.636   752  1095 D BackgroundInstallControlService: Package event received: 0
02-19 12:41:54.670 29028 29028 D DashboardFragment: unregister observer: @8a0b07e, uri: content://com.google.android.apps.wellbeing.api/digitalWellbeingSummary
02-19 12:41:54.695   752  1095 D BackgroundInstallControlService: Package event received: 0
02-19 12:41:54.833 29234 30077 I scudo   : Can't populate more pages for size class 4624.
02-19 12:41:55.189 29234 30039 W okhttp.OkHttpClient: A connection to http://localhost:8081/ was leaked. Did you forget to close a response body? To see where this was allocated, set the OkHttpClient logger level to FINE: Logger.getLogger(OkHttpClient.class.getName()).setLevel(Level.FINE);
02-19 12:41:55.354   752  2305 D CoreBackPreview: Window{b70c602 u0 viva.republica.toss.test/im.toss.rn.granite.core.GraniteActivity}: Setting back callback OnBackInvokedCallbackInfo{mCallback=android.window.IOnBackInvokedCallback$Stub$Proxy@d7e8150, mPriority=0, mIsAnimationCallback=false, mOverrideBehavior=0}
02-19 12:41:55.355 29234 29234 W unknown:ReactRootView: Unable to update root layout specs for uninitialized ReactInstanceManager
02-19 12:41:55.466   752   794 I ActivityTaskManager: Displayed viva.republica.toss.test/im.toss.rn.granite.core.GraniteActivity for user 0: +1s879ms
02-19 12:41:55.499 29234 30117 W unknown:ReconnectingWebSocket: Couldn't connect to "ws://10.0.2.2:8081/message?device=sdk_gphone64_x86_64%20-%2016%20-%20API%2036&app=viva.republica.toss.test&clientid=BridgeDevSupportManager", will silently retry
02-19 12:41:55.532   752   989 I ImeTracker: viva.republica.toss.test:3d60fc8d: onRequestHide at ORIGIN_SERVER reason HIDE_UNSPECIFIED_WINDOW fromUser false
02-19 12:41:55.532 29234 29234 D InsetsController: hide(ime(), fromIme=false)
02-19 12:41:55.533 29234 29234 I ImeTracker: viva.republica.toss.test:3d60fc8d: onCancelled at PHASE_CLIENT_ALREADY_HIDDEN
02-19 12:41:55.535 29234 30114 W unknown:InspectorPackagerConnection: Couldn't connect to packager, will silently retry
02-19 12:41:55.537  1563  1563 I GoogleInputMethodService: GoogleInputMethodService.onFinishInput():2043 
02-19 12:41:55.539  1563  1563 I Module  : DeviceLockedStatusModuleProvider$Module.updateDeviceLockedStatus():100 repeatCheckTimes = 0, locked = false
02-19 12:41:55.539  1563  1563 I GoogleInputMethodService: GoogleInputMethodService.onStartInput():1293 onStartInput(EditorInfo{EditorInfo{packageName=viva.republica.toss.test, inputType=0, inputTypeString=NULL, enableLearning=false, autoCorrection=false, autoComplete=false, imeOptions=0, privateImeOptions=null, actionName=UNSPECIFIED, actionLabel=null, initialSelStart=-1, initialSelEnd=-1, initialCapsMode=0, label=null, fieldId=0, fieldName=null, extras=null, hintText=null, hintLocales=[]}}, false)
02-19 12:41:55.540  1563  1563 I Module  : DeviceLockedStatusModuleProvider$Module.updateDeviceLockedStatus():100 repeatCheckTimes = 1, locked = false
02-19 12:41:55.541  1563  1563 I EmojiCompatManager: EmojiCompatManager.getEmojiCompatIfLoaded():343 EmojiCompat.init() was never called.
02-19 12:41:55.541  1563  1563 I EmojiCompatManager: java.lang.IllegalStateException: EmojiCompat is not initialized. Please call EmojiCompat.init() first
02-19 12:41:55.541  1563  1563 I EmojiCompatManager: 	at asx.p(PG:6)
02-19 12:41:55.541  1563  1563 I EmojiCompatManager: 	at axb.b(PG:13)
02-19 12:41:55.541  1563  1563 I EmojiCompatManager: 	at jnr.b(PG:2)
02-19 12:41:55.541  1563  1563 I EmojiCompatManager: 	at jnr.c(PG:4)
02-19 12:41:55.541  1563  1563 I EmojiCompatManager: 	at jnr.f(PG:3)
02-19 12:41:55.541  1563  1563 I EmojiCompatManager: 	at jnx.c(PG:3)
02-19 12:41:55.541  1563  1563 I EmojiCompatManager: 	at kif.cz(PG:47)
02-19 12:41:55.541  1563  1563 I EmojiCompatManager: 	at lhl.run(PG:1025)
02-19 12:41:55.541  1563  1563 I EmojiCompatManager: 	at jaf.execute(PG:12)
02-19 12:41:55.541  1563  1563 I EmojiCompatManager: 	at nco.v(PG:13)
02-19 12:41:55.541  1563  1563 I EmojiCompatManager: 	at lhn.m(PG:96)
02-19 12:41:55.541  1563  1563 I EmojiCompatManager: 	at lhn.k(PG:25)
02-19 12:41:55.541  1563  1563 I EmojiCompatManager: 	at kgn.onStartInput(PG:250)
02-19 12:41:55.541  1563  1563 I EmojiCompatManager: 	at android.inputmethodservice.InputMethodService.doStartInput(InputMethodService.java:3521)
02-19 12:41:55.541  1563  1563 I EmojiCompatManager: 	at android.inputmethodservice.InputMethodService$InputMethodImpl.startInput(InputMethodService.java:879)
02-19 12:41:55.541  1563  1563 I EmojiCompatManager: 	at android.inputmethodservice.InputMethodService$InputMethodImpl.dispatchStartInput(InputMethodService.java:908)
02-19 12:41:55.541  1563  1563 I EmojiCompatManager: 	at android.inputmethodservice.IInputMethodWrapper.executeMessage(IInputMethodWrapper.java:201)
02-19 12:41:55.541  1563  1563 I EmojiCompatManager: 	at com.android.internal.os.HandlerCaller$MyHandler.handleMessage(HandlerCaller.java:44)
02-19 12:41:55.541  1563  1563 I EmojiCompatManager: 	at android.os.Handler.dispatchMessage(Handler.java:110)
02-19 12:41:55.541  1563  1563 I EmojiCompatManager: 	at android.os.Looper.loopOnce(Looper.java:248)
02-19 12:41:55.541  1563  1563 I EmojiCompatManager: 	at android.os.Looper.loop(Looper.java:338)
02-19 12:41:55.541  1563  1563 I EmojiCompatManager: 	at android.app.ActivityThread.main(ActivityThread.java:9067)
02-19 12:41:55.541  1563  1563 I EmojiCompatManager: 	at java.lang.reflect.Method.invoke(Native Method)
02-19 12:41:55.541  1563  1563 I EmojiCompatManager: 	at com.android.internal.os.RuntimeInit$MethodAndArgsCaller.run(RuntimeInit.java:593)
02-19 12:41:55.541  1563  1563 I EmojiCompatManager: 	at com.android.internal.os.ZygoteInit.main(ZygoteInit.java:932)
02-19 12:41:55.541   752  2305 W PackageConfigPersister: App-specific configuration not found for packageName: viva.republica.toss.test and userId: 0
02-19 12:41:55.542   752  1987 I ImeTracker: system_server:1e3578ad: onRequestHide at ORIGIN_SERVER reason IME_REQUESTED_CHANGED_LISTENER fromUser false
02-19 12:41:55.543   752   797 I ImeTracker: system_server:1e3578ad: onCancelled at PHASE_SERVER_SHOULD_HIDE
02-19 12:41:55.719 29234 29234 E unknown:ReactRootView: Unhandled SoftException
02-19 12:41:55.719 29234 29234 E unknown:ReactRootView: com.facebook.react.uimanager.IllegalViewOperationException: Trying to attach a ReactRootView with an explicit id already set to [2131362676]. React Native uses the id field to track react tags and will overwrite this field. If that is fine, explicitly overwrite the id field to View.NO_ID.
02-19 12:41:55.719 29234 29234 E unknown:ReactRootView: 	at com.facebook.react.ReactRootView.attachToReactInstanceManager(:799)
02-19 12:41:55.719 29234 29234 E unknown:ReactRootView: 	at com.facebook.react.ReactRootView.startReactApplication(:509)
02-19 12:41:55.719 29234 29234 E unknown:ReactRootView: 	at com.facebook.react.ReactRootView.startReactApplication(:469)
02-19 12:41:55.719 29234 29234 E unknown:ReactRootView: 	at im.toss.rn.granite.core.GraniteActivity.write(:486)
02-19 12:41:55.719 29234 29234 E unknown:ReactRootView: 	at im.toss.rn.granite.core.GraniteActivity.RemoteActionCompatParcelizer(:124)
02-19 12:41:55.719 29234 29234 E unknown:ReactRootView: 	at im.toss.rn.granite.core.GraniteActivity$RemoteActionCompatParcelizer.IconCompatParcelizer(:65353)
02-19 12:41:55.719 29234 29234 E unknown:ReactRootView: 	at o.sh.a_(:33)
02-19 12:41:55.719 29234 29234 E unknown:ReactRootView: 	at o.xP.run(:100)
02-19 12:41:55.719 29234 29234 E unknown:ReactRootView: 	at android.os.Handler.handleCallback(Handler.java:995)
02-19 12:41:55.719 29234 29234 E unknown:ReactRootView: 	at android.os.Handler.dispatchMessage(Handler.java:103)
02-19 12:41:55.719 29234 29234 E unknown:ReactRootView: 	at android.os.Looper.loopOnce(Looper.java:248)
02-19 12:41:55.719 29234 29234 E unknown:ReactRootView: 	at android.os.Looper.loop(Looper.java:338)
02-19 12:41:55.719 29234 29234 E unknown:ReactRootView: 	at android.app.ActivityThread.main(ActivityThread.java:9067)
02-19 12:41:55.719 29234 29234 E unknown:ReactRootView: 	at java.lang.reflect.Method.invoke(Native Method)
02-19 12:41:55.719 29234 29234 E unknown:ReactRootView: 	at com.android.internal.os.RuntimeInit$MethodAndArgsCaller.run(RuntimeInit.java:593)
02-19 12:41:55.719 29234 29234 E unknown:ReactRootView: 	at com.android.internal.os.ZygoteInit.main(ZygoteInit.java:932)
02-19 12:41:55.772  4449  4474 W WindowOnBackDispatcher: sendCancelIfRunning: isInProgress=false callback=android.view.ViewRootImpl$$ExternalSyntheticLambda13@458ec6
02-19 12:41:55.772   752  1987 D CoreBackPreview: Window{3f30ba1 u0 Splash Screen viva.republica.toss.test EXITING}: Setting back callback null
02-19 12:41:55.870   752  2305 D CoreBackPreview: Window{b53785f u0 PopupWindow:f4a0463}: Setting back callback OnBackInvokedCallbackInfo{mCallback=android.window.IOnBackInvokedCallback$Stub$Proxy@99f9b75, mPriority=0, mIsAnimationCallback=false, mOverrideBehavior=0}
02-19 12:41:56.384   752  2502 D StorageStatsService: getFreeBytes: 3987824640
02-19 12:41:56.411 29234 30077 I ReactNativeJS: Running "shared" with {"initialProps":{"initialColorPreference":"light","loadingStartTs":1771472504263,"initialFontScale":"100"},"rootTag":221}
02-19 12:41:57.082   752  1856 E TaskPersister: File error accessing recents directory (directory doesn't exist?).
02-19 12:41:57.102 29234 30077 I ReactNativeJNI: Memory warning (pressure level: TRIM_MEMORY_UI_HIDDEN) received by JS VM, ignoring because it's non-severe
02-19 12:41:57.844 29234 30077 D ReactNativeJS: '[Analytics]', '{\n  "log_type": "screen",\n  "log_name": "/::screen",\n  "params": {\n    "referrer": null,\n    "deployment_id": "local",\n    "deployment_timestamp": null\n  }\n}'
02-19 12:41:58.058 29234 29234 W WindowOnBackDispatcher: sendCancelIfRunning: isInProgress=false callback=android.view.ViewRootImpl$$ExternalSyntheticLambda13@6ce83bf
02-19 12:41:58.059   752  2375 D CoreBackPreview: Window{b53785f u0 PopupWindow:f4a0463}: Setting back callback null
02-19 12:41:58.091 29234 30125 W unknown:ReactContext: initializeMessageQueueThreads() is called.
02-19 12:41:58.121 29234 30077 E ReactNativeJS: '    :', [Error: SERVICE_NAME is missing]
02-19 12:41:58.146 29234 30127 W unknown:ReactContext: initializeMessageQueueThreads() is called.
02-19 12:41:58.147 29234 30127 W unknown:ReactNative: Fresco has already been initialized with a different config. The new Fresco configuration will be ignored!
02-19 12:41:58.593  1782  2426 I bbax    : (REDACTED) getHotwordActive::active query: %s, watch: %s, devices connected: %s
02-19 12:41:58.619 30123 30123 W dumpsys : Thread Pool max thread count is 0. Cannot cache binder as linkToDeath cannot be implemented. serviceName: window
02-19 12:41:58.637   752  2502 I system_server: AssetManager2(0x7d8fac4d9d98) locale list changing from [] to [en-US]
02-19 12:41:58.919 29234 29240 I blica.toss.test: NativeAlloc concurrent mark compact GC freed 3319KB AllocSpace bytes, 10(200KB) LOS objects, 49% free, 24MB/48MB, paused 1.191ms,3.275ms total 314.292ms
02-19 12:41:59.116   752  2502 I system_server: AssetManager2(0x7d8fac4d8498) locale list changing from [] to [en-US]
02-19 12:41:59.249   752  2502 I system_server: AssetManager2(0x7d8fac4efeb8) locale list changing from [] to [en-US]
02-19 12:41:59.370   752  2502 I system_server: AssetManager2(0x7d8fac4d5298) locale list changing from [] to [en-US]
02-19 12:41:59.440   752  2375 W PackageConfigPersister: App-specific configuration not found for packageName: viva.republica.toss.test and userId: 0
02-19 12:41:59.562   752  2502 I system_server: AssetManager2(0x7d8fac4d4618) locale list changing from [] to [en-US]
02-19 12:41:59.710   752  2502 I system_server: AssetManager2(0x7d8fac4734f8) locale list changing from [] to [en-US]
02-19 12:42:01.348   752  1095 D BackgroundInstallControlService: Package event received: 0
02-19 12:42:01.403   752  2502 D ActivityManager: sync unfroze 14715 com.google.android.gms for 6
02-19 12:42:01.415   752  1095 D BackgroundInstallControlService: Package event received: 0
02-19 12:42:01.856 14715 14715 D BoundBrokerSvc: onBind: Intent { act=com.google.android.gms.safebrowsing.SafeBrowsingService.START dat=chimera-action:/... xflg=0x4 cmp=com.google.android.gms/.chimera.GmsBoundBrokerService }
02-19 12:42:01.857 14715 14715 D BoundBrokerSvc: Loading bound service for intent: Intent { act=com.google.android.gms.safebrowsing.SafeBrowsingService.START dat=chimera-action:/... xflg=0x4 cmp=com.google.android.gms/.chimera.GmsBoundBrokerService }
02-19 12:42:01.943 29234 29234 I Choreographer: Skipped 231 frames!  The application may be doing too much work on its main thread.
02-19 12:42:01.981   752  2375 W ProcessStats: Tracking association SourceState{bd2f57 viva.republica.toss.test/10217 BTop #14079} whose proc state 2 is better than process ProcessState{ad7a682 com.google.android.gms/10148 pkg=com.google.android.gms} proc state 15 (20 skipped)
02-19 12:42:02.001 29234 29234 W unknown:ReactNative: Packager connection already open, nooping.
02-19 12:42:02.201   537   537 W adbd    : timeout expired while flushing socket, closing
02-19 12:42:02.455 29234 29234 W unknown:ReactContext: initializeMessageQueueThreads() is called.
02-19 12:42:02.542   537   537 W adbd    : timeout expired while flushing socket, closing
02-19 12:42:03.194 29234 29240 I blica.toss.test: NativeAlloc concurrent mark compact GC freed 2074KB AllocSpace bytes, 2(40KB) LOS objects, 49% free, 24MB/48MB, paused 2.996ms,14.100ms total 842.287ms
02-19 12:42:03.280 29234 30126 I ReactNativeJS: Running "shared" with {"initialProps":{"initialColorPreference":"light","loadingStartTs":1771472515581,"initialFontScale":"100"},"rootTag":261}
02-19 12:42:03.330   752  1029 D InetDiagMessage: Destroyed 0 sockets, proto=IPPROTO_TCP, family=AF_INET, states=14
02-19 12:42:03.332   752  1029 D InetDiagMessage: Destroyed 0 sockets, proto=IPPROTO_TCP, family=AF_INET6, states=14
02-19 12:42:03.332   752  1029 D InetDiagMessage: Destroyed live tcp sockets for uids={10144} in 33ms
02-19 12:42:03.333   752  1029 D InetDiagMessage: Destroyed 0 sockets, proto=IPPROTO_TCP, family=AF_INET, states=14
02-19 12:42:03.334   752  1029 D InetDiagMessage: Destroyed 0 sockets, proto=IPPROTO_TCP, family=AF_INET6, states=14
02-19 12:42:03.334   752  1029 D InetDiagMessage: Destroyed live tcp sockets for uids={20144} in 2ms
02-19 12:42:03.554 29234 30077 I ReactNativeJS: '[eventLogDebug]', { log_name: '/::screen',
02-19 12:42:03.554 29234 30077 I ReactNativeJS:   log_type: 'screen',
02-19 12:42:03.554 29234 30077 I ReactNativeJS:   params: 
02-19 12:42:03.554 29234 30077 I ReactNativeJS:    { search: '',
02-19 12:42:03.554 29234 30077 I ReactNativeJS:      referrer: 'null',
02-19 12:42:03.554 29234 30077 I ReactNativeJS:      deployment_id: 'local',
02-19 12:42:03.554 29234 30077 I ReactNativeJS:      deployment_timestamp: 'NaN' } }
02-19 12:42:04.440 29234 30126 D ReactNativeJS: '[Analytics]', '{\n  "log_type": "screen",\n  "log_name": "/::screen",\n  "params": {\n    "referrer": null,\n    "deployment_id": "local",\n    "deployment_timestamp": null\n  }\n}'
02-19 12:42:05.483 30142 30142 W screencap: Thread Pool max thread count is 0. Cannot cache binder as linkToDeath cannot be implemented. serviceName: SurfaceFlingerAIDL
02-19 12:42:05.506 29234 30126 E ReactNativeJS: '    :', [Error: SERVICE_NAME is missing]
02-19 12:42:05.577 30142 30142 W BpBinder: Linking to death on android.gui.ISurfaceComposer but there are no threads (yet?) listening to incoming transactions. See ProcessState::startThreadPool and ProcessState::setThreadPoolMaxThreadCount. Generally you should setup the binder threadpool before other initialization steps.
02-19 12:42:05.691 30142 30142 W ProcessState: Extra binder thread started, but 0 threads requested. Do not use *startThreadPool when zero threads are requested.
02-19 12:42:05.760   531   602 E HwcComposer: getLuts failed Status(-8, EX_SERVICE_SPECIFIC): '8: '
02-19 12:42:05.770   531   602 E HWComposer: getLuts: getLuts failed for display 4619827259835644672: UNSUPPORTED (8)
02-19 12:42:06.032  1336  1556 D SatelliteController: iisInCarrierRoamingNbIotNtn: satellite is disabled
02-19 12:42:06.508 29234 29234 I Choreographer: Skipped 41 frames!  The application may be doing too much work on its main thread.
02-19 12:42:06.868 29234 29351 I HWUI    : Davey! duration=1434ms; Flags=0, FrameTimelineVsyncId=1236673, IntendedVsync=83999272246886, Vsync=83999272246886, InputEventId=0, HandleInputStart=83999275450095, AnimationStart=83999275450956, PerformTraversalsStart=83999970356041, DrawStart=83999979358493, FrameDeadline=83999288913552, FrameStartTime=83999275447643, FrameInterval=16666666, WorkloadTarget=16666666, SyncQueued=84000165204019, SyncStart=84000165433042, IssueDrawCommandsStart=84000166380960, SwapBuffers=84000683645366, FrameCompleted=84000706570700, DequeueBufferDuration=11338, QueueBufferDuration=793029, GpuCompleted=84000706570700, SwapBuffersCompleted=84000687791318, DisplayPresentTime=138055229510528, CommandSubmissionCompleted=84000683645366, 
02-19 12:42:07.140 29234 29234 I Choreographer: Skipped 34 frames!  The application may be doing too much work on its main thread.
02-19 12:42:07.236 29234 29351 I HWUI    : Davey! duration=1415ms; Flags=0, FrameTimelineVsyncId=1236680, IntendedVsync=83999655580204, Vsync=84000338913510, InputEventId=0, HandleInputStart=84000357395351, AnimationStart=84000357396280, PerformTraversalsStart=84000658078001, DrawStart=84000661080810, FrameDeadline=84000738913494, FrameStartTime=84000354542731, FrameInterval=16666666, WorkloadTarget=16666666, SyncQueued=84000974134027, SyncStart=84000974289736, IssueDrawCommandsStart=84000977683841, SwapBuffers=84001060899605, FrameCompleted=84001070935274, DequeueBufferDuration=9934, QueueBufferDuration=335114, GpuCompleted=84001070935274, SwapBuffersCompleted=84001064618790, DisplayPresentTime=138050388843312, CommandSubmissionCompleted=84001060899605, 
02-19 12:42:07.333 29234 30126 I ReactNativeJS: '[eventLogDebug]', { log_name: '/::screen',
02-19 12:42:07.333 29234 30126 I ReactNativeJS:   log_type: 'screen',
02-19 12:42:07.333 29234 30126 I ReactNativeJS:   params: 
02-19 12:42:07.333 29234 30126 I ReactNativeJS:    { search: '',
02-19 12:42:07.333 29234 30126 I ReactNativeJS:      referrer: 'null',
02-19 12:42:07.333 29234 30126 I ReactNativeJS:      deployment_id: 'local',
02-19 12:42:07.333 29234 30126 I ReactNativeJS:      deployment_timestamp: 'NaN' } }
