02-19 18:48:40.000  4449  4467 V WindowManagerShell:         {m=CLOSE f=TRANSLUCENT|FILLS_TASK|IS_OCCLUDED leash=Surface(name=ActivityRecord{251513978 u0 viva.republica.toss.test/.MiniAppSchemeActivity)/@0x6c63be6 sb=Rect(0, 0 - 1080, 2400) eb=Rect(0, 0 - 1080, 2400) epz=Point(1080, 2400) d=0 bc=ffffffff component=viva.republica.toss.test/.MiniAppSchemeActivity opt={t=FROM_STYLE mUserId=0}},
02-19 18:48:40.000  4449  4467 V WindowManagerShell:         {m=TO_BACK f=FILLS_TASK|IS_OCCLUDED leash=Surface(name=ActivityRecord{127659843 u0 viva.republica.toss.test/im.toss.rn.granite.core.GraniteActivity)/@0x28bc527 sb=Rect(0, 0 - 1080, 2400) eb=Rect(0, 0 - 1080, 2400) epz=Point(1080, 2400) d=0 bc=ffffffff component=viva.republica.toss.test/im.toss.rn.granite.core.GraniteActivity opt={t=FROM_STYLE mUserId=0}}
02-19 18:48:40.000  4449  4467 V WindowManagerShell:     ]}
02-19 18:48:40.000  4449  4467 V WindowManagerShell: Playing animation for (#685) android.os.BinderProxy@a24b81a@1
02-19 18:48:40.001  4449  4467 V ShellRecents: RecentsTransitionHandler.startAnimation: no controller found
02-19 18:48:40.001   752   794 V WindowManager:     info={id=685 t=OPEN f=0x0 trk=1 r=[0@Point(0, 0)] c=[
02-19 18:48:40.001   752   794 V WindowManager:         {m=OPEN f=FILLS_TASK leash=Surface(name=ActivityRecord{177574756 u0 viva.republica.toss.test/im.toss.rn.granite.core.GraniteActivity)/@0xb300b2c sb=Rect(0, 0 - 0, 0) eb=Rect(0, 0 - 1080, 2400) epz=Point(1080, 2400) d=-1->0 r=-1->0:-1 bc=ffffffff component=viva.republica.toss.test/im.toss.rn.granite.core.GraniteActivity opt={t=FROM_STYLE mUserId=0}},
02-19 18:48:40.001   752   794 V WindowManager:         {m=CLOSE f=TRANSLUCENT|FILLS_TASK|IS_OCCLUDED leash=Surface(name=ActivityRecord{251513978 u0 viva.republica.toss.test/.MiniAppSchemeActivity)/@0xb7972df sb=Rect(0, 0 - 1080, 2400) eb=Rect(0, 0 - 1080, 2400) epz=Point(1080, 2400) d=0 bc=ffffffff component=viva.republica.toss.test/.MiniAppSchemeActivity opt={t=FROM_STYLE mUserId=0}},
02-19 18:48:40.001   752   794 V WindowManager:         {m=TO_BACK f=FILLS_TASK|IS_OCCLUDED leash=Surface(name=ActivityRecord{127659843 u0 viva.republica.toss.test/im.toss.rn.granite.core.GraniteActivity)/@0x4fbad7e sb=Rect(0, 0 - 1080, 2400) eb=Rect(0, 0 - 1080, 2400) epz=Point(1080, 2400) d=0 bc=ffffffff component=viva.republica.toss.test/im.toss.rn.granite.core.GraniteActivity opt={t=FROM_STYLE mUserId=0}}
02-19 18:48:40.001   752   794 V WindowManager:     ]}
02-19 18:48:40.001  4449  4467 V WindowManagerShell: Transition doesn't have explicit remote, search filters for match for {id=685 t=OPEN f=0x0 trk=1 r=[0@Point(0, 0)] c=[{m=OPEN f=FILLS_TASK leash=Surface(name=ActivityRecord{177574756 u0 viva.republica.toss.test/im.toss.rn.granite.core.GraniteActivity)/@0xedf6a41 sb=Rect(0, 0 - 0, 0) eb=Rect(0, 0 - 1080, 2400) epz=Point(1080, 2400) d=-1->0 r=-1->0:-1 bc=ffffffff component=viva.republica.toss.test/im.toss.rn.granite.core.GraniteActivity opt={t=FROM_STYLE mUserId=0}},{m=CLOSE f=TRANSLUCENT|FILLS_TASK|IS_OCCLUDED leash=Surface(name=ActivityRecord{251513978 u0 viva.republica.toss.test/.MiniAppSchemeActivity)/@0x6c63be6 sb=Rect(0, 0 - 1080, 2400) eb=Rect(0, 0 - 1080, 2400) epz=Point(1080, 2400) d=0 bc=ffffffff component=viva.republica.toss.test/.MiniAppSchemeActivity opt={t=FROM_STYLE mUserId=0}},{m=TO_BACK f=FILLS_TASK|IS_OCCLUDED leash=Surface(name=ActivityRecord{127659843 u0 viva.republica.toss.test/im.toss.rn.granite.core.GraniteActivity)/@0x28bc527 sb=Rect(0, 0 - 1080, 2400) eb=Rect(0, 0 - 1080, 2400) epz=Point(1080, 2400) d=0 bc=ffffffff component=viva.republica.toss.test/im.toss.rn.granite.core.GraniteActivity opt={t=FROM_STYLE mUserId=0}}]}
02-19 18:48:40.001  4449  4467 V WindowManagerShell:  Checking filter Pair{{types=[] flags=0x0] notFlags=0x0 checks=[{atype=undefined independent=true modes=[CLOSE,TO_BACK] flags=IN_TASK_WITH_EMBEDDED_ACTIVITY mustBeTask=false order=ANY topActivity=null launchCookie=null taskFragmentToken=android.os.BinderProxy@dcfd27d windowingMode=undefined}]} RemoteTransition { remoteTransition = android.window.IRemoteTransition$Stub$Proxy@d4ce572, appThread = android.app.IApplicationThread$Stub$Proxy@fd29dc3, debugName = overlayBackTransition }}
02-19 18:48:40.001  4449  4467 V WindowManagerShell:  Checking filter Pair{{types=[] flags=0x0] notFlags=0x0 checks=[{atype=dream independent=true modes=[OPEN,TO_FRONT] flags=NONE mustBeTask=false order=ANY topActivity=null launchCookie=null windowingMode=undefined},{atype=home independent=true modes=[CLOSE,TO_BACK] flags=NONE mustBeTask=false order=ANY topActivity=null launchCookie=null windowingMode=undefined}]} RemoteTransition { remoteTransition = android.window.IRemoteTransition$Stub$Proxy@90c640, appThread = android.app.IApplicationThread$Stub$Proxy@f8c1979, debugName = LauncherToDream }}
02-19 18:48:40.001  4449  4467 V WindowManagerShell:  Checking filter Pair{{types=[] flags=0x0] notFlags=0x100 checks=[{atype=home independent=true modes=[OPEN,TO_FRONT] flags=NONE mustBeTask=false order=TOP topActivity=ComponentInfo{com.google.android.apps.nexuslauncher/com.google.android.apps.nexuslauncher.NexusLauncherActivity} launchCookie=null windowingMode=undefined},{atype=standard independent=true modes=[CLOSE,TO_BACK] flags=NONE mustBeTask=false order=ANY topActivity=null launchCookie=null windowingMode=undefined},{NOT atype=undefined independent=true modes=[] flags=NONE mustBeTask=true order=ANY topActivity=null launchCookie=null customAnim=true windowingMode=undefined}]} RemoteTransition { remoteTransition = android.window.IRemoteTransition$Stub$Proxy@affe6be, appThread = android.app.IApplicationThread$Stub$Proxy@c37531f, debugName = QuickstepLaunchHome }}
02-19 18:48:40.002  4449  4467 V WindowManagerShell:  Checking filter Pair{{types=[] flags=0x0] notFlags=0x0 checks=[{atype=undefined independent=true modes=[CLOSE,TO_BACK] flags=IN_TASK_WITH_EMBEDDED_ACTIVITY mustBeTask=false order=ANY topActivity=null launchCookie=null taskFragmentToken=android.os.BinderProxy@dcfd27d windowingMode=undefined}]} RemoteTransition { remoteTransition = android.window.IRemoteTransition$Stub$Proxy@3517b6e, appThread = android.app.IApplicationThread$Stub$Proxy@261420f, debugName = overlayBackTransition }}
02-19 18:48:40.003  4449  4467 V WindowManagerShell:  Checking filter Pair{{types=[] flags=0x0] notFlags=0x0 checks=[{atype=dream independent=true modes=[OPEN,TO_FRONT] flags=NONE mustBeTask=false order=ANY topActivity=null launchCookie=null windowingMode=undefined},{atype=home independent=true modes=[CLOSE,TO_BACK] flags=NONE mustBeTask=false order=ANY topActivity=null launchCookie=null windowingMode=undefined}]} RemoteTransition { remoteTransition = android.window.IRemoteTransition$Stub$Proxy@c23e29c, appThread = android.app.IApplicationThread$Stub$Proxy@afb34a5, debugName = LauncherToDream }}
02-19 18:48:40.006  4449  4467 V WindowManagerShell:  Checking filter Pair{{types=[] flags=0x0] notFlags=0x100 checks=[{atype=home independent=true modes=[OPEN,TO_FRONT] flags=NONE mustBeTask=false order=TOP topActivity=ComponentInfo{com.google.android.apps.nexuslauncher/com.google.android.apps.nexuslauncher.NexusLauncherActivity} launchCookie=null windowingMode=undefined},{atype=standard independent=true modes=[CLOSE,TO_BACK] flags=NONE mustBeTask=false order=ANY topActivity=null launchCookie=null windowingMode=undefined},{NOT atype=undefined independent=true modes=[] flags=NONE mustBeTask=true order=ANY topActivity=null launchCookie=null customAnim=true windowingMode=undefined}]} RemoteTransition { remoteTransition = android.window.IRemoteTransition$Stub$Proxy@39de07a, appThread = android.app.IApplicationThread$Stub$Proxy@cf9f02b, debugName = QuickstepLaunchHome }}
02-19 18:48:40.006  4449  4467 V WindowManagerShell:  Delegate animation for (#685) to null
02-19 18:48:40.007  4449  4467 V WindowManagerShell: start default transition animation, info = {id=685 t=OPEN f=0x0 trk=1 r=[0@Point(0, 0)] c=[{m=OPEN f=FILLS_TASK leash=Surface(name=ActivityRecord{177574756 u0 viva.republica.toss.test/im.toss.rn.granite.core.GraniteActivity)/@0xedf6a41 sb=Rect(0, 0 - 0, 0) eb=Rect(0, 0 - 1080, 2400) epz=Point(1080, 2400) d=-1->0 r=-1->0:-1 bc=ffffffff component=viva.republica.toss.test/im.toss.rn.granite.core.GraniteActivity opt={t=FROM_STYLE mUserId=0}},{m=CLOSE f=TRANSLUCENT|FILLS_TASK|IS_OCCLUDED leash=Surface(name=ActivityRecord{251513978 u0 viva.republica.toss.test/.MiniAppSchemeActivity)/@0x6c63be6 sb=Rect(0, 0 - 1080, 2400) eb=Rect(0, 0 - 1080, 2400) epz=Point(1080, 2400) d=0 bc=ffffffff component=viva.republica.toss.test/.MiniAppSchemeActivity opt={t=FROM_STYLE mUserId=0}},{m=TO_BACK f=FILLS_TASK|IS_OCCLUDED leash=Surface(name=ActivityRecord{127659843 u0 viva.republica.toss.test/im.toss.rn.granite.core.GraniteActivity)/@0x28bc527 sb=Rect(0, 0 - 1080, 2400) eb=Rect(0, 0 - 1080, 2400) epz=Point(1080, 2400) d=0 bc=ffffffff component=viva.republica.toss.test/im.toss.rn.granite.core.GraniteActivity opt={t=FROM_STYLE mUserId=0}}]}
02-19 18:48:40.009  4449  4467 V WindowManagerShell: loadAnimation: anim=android.view.animation.AnimationSet@2f28940 animAttr=0x5 type=OPEN isEntrance=false
02-19 18:48:40.010  4449  4467 V WindowManagerShell: loadAnimation: anim=android.view.animation.AnimationSet@e962079 animAttr=0x5 type=OPEN isEntrance=false
02-19 18:48:40.013  4449  4467 V WindowManagerShell: loadAnimation: anim=android.view.animation.AnimationSet@216f96c animAttr=0x4 type=OPEN isEntrance=true
02-19 18:48:40.015  4449  4467 V WindowManagerShell:  animated by com.android.wm.shell.transition.DefaultTransitionHandler@f74d823
02-19 18:48:40.048  7804  7804 D BaseDepthController: setSurface:
02-19 18:48:40.048  7804  7804 D BaseDepthController: 	mWaitingOnSurfaceValidity: false
02-19 18:48:40.048  7804  7804 D BaseDepthController: 	mBaseSurface: null
02-19 18:48:40.050  7804  7804 D BaseDepthController: mSurface is null and mCurrentBlur is: 0
02-19 18:48:40.051  7804  7804 D StateManager: goToState - fromState: Normal, toState: Normal, partial trace:
02-19 18:48:40.051  7804  7804 D StateManager: 	at com.android.launcher3.statemanager.StateManager.moveToRestState(go/retraceme 72a59688580715d19f0e415c69e80376c2f062d1648c80db6730905005a27c20:4)
02-19 18:48:40.051  7804  7804 D StateManager: 	at com.android.launcher3.statemanager.StateManager.moveToRestState(go/retraceme 72a59688580715d19f0e415c69e80376c2f062d1648c80db6730905005a27c20:1)
02-19 18:48:40.051  7804  7804 D StateManager: 	at com.android.launcher3.statemanager.StatefulActivity.onStop(go/retraceme 72a59688580715d19f0e415c69e80376c2f062d1648c80db6730905005a27c20:34)
02-19 18:48:40.052  7804  7804 D StateManager: cancelAnimation - with ongoing animation, partial trace:
02-19 18:48:40.052  7804  7804 D StateManager: 	at com.android.launcher3.statemanager.StateManager.goToState(go/retraceme 72a59688580715d19f0e415c69e80376c2f062d1648c80db6730905005a27c20:18)
02-19 18:48:40.052  7804  7804 D StateManager: 	at com.android.launcher3.statemanager.StateManager.goToState(go/retraceme 72a59688580715d19f0e415c69e80376c2f062d1648c80db6730905005a27c20:3)
02-19 18:48:40.052  7804  7804 D StateManager: 	at com.android.launcher3.statemanager.StateManager.moveToRestState(go/retraceme 72a59688580715d19f0e415c69e80376c2f062d1648c80db6730905005a27c20:4)
02-19 18:48:40.052  7804  7804 D ScalingWorkspaceRevealAnim: onAnimationCancel
02-19 18:48:40.053  7804  7804 D ScalingWorkspaceRevealAnim: alpha of workspace at the end of animation: 1.0
02-19 18:48:40.054  7804  7804 D StateManager: onStateTransitionStart - state: Normal
02-19 18:48:40.057  7804  7804 D KeyboardInsetsHandler: setState, toState:Normal StateManager(mLastStableState:Normal, mCurrentStableState:Normal, mState:Normal, mRestState:null, isInTransition:false)
02-19 18:48:40.057  7804  7804 D StateManager: onStateTransitionEnd - state: Normal
02-19 18:48:40.058  7804  7804 D RecentsView: reset - mEnableDrawingLiveTile: false, mRecentsAnimationController: null
02-19 18:48:40.058  7804  7804 D ActivityAllAppsContainerView: rebindAdapters: force: false
02-19 18:48:40.058  7804  7804 D ActivityAllAppsContainerView: rebindAdapters: Not needed.
02-19 18:48:40.060  7804  7804 D StatsLog: LAUNCHER_ONSTOP
02-19 18:48:40.062  7804  7804 D StatsLog: LAUNCHER_GOOGLE_SEARCH_RESTORE_LIST_SIZE_AFTER_ACTIVITY_RESTART
02-19 18:48:40.067   752  1095 D BackgroundInstallControlService: Package event received: 0
02-19 18:48:40.068  7804  7804 D OverviewActionsView: updateForGroupedTask() called with: isGroupedTask = [false], canSaveAppPair = [false]
02-19 18:48:40.068  7804  7804 D OverviewActionsView: updateActionButtonsVisibility() called: showSingleTaskActions = [true], showGroupActions = [false]
02-19 18:48:40.072 16566 16873 W unknown:ReconnectingWebSocket: Couldn't connect to "ws://10.0.2.2:8081/message?device=sdk_gphone64_x86_64%20-%2016%20-%20API%2036&app=viva.republica.toss.test&clientid=BridgeDevSupportManager", will silently retry
02-19 18:48:40.078 16566 16872 W unknown:InspectorPackagerConnection: Couldn't connect to packager, will silently retry
02-19 18:48:40.080   752  1095 D BackgroundInstallControlService: Package event received: 0
02-19 18:48:40.112 16566 16566 E unknown:ReactRootView: Unhandled SoftException
02-19 18:48:40.112 16566 16566 E unknown:ReactRootView: com.facebook.react.uimanager.IllegalViewOperationException: Trying to attach a ReactRootView with an explicit id already set to [2131362676]. React Native uses the id field to track react tags and will overwrite this field. If that is fine, explicitly overwrite the id field to View.NO_ID.
02-19 18:48:40.112 16566 16566 E unknown:ReactRootView: 	at com.facebook.react.ReactRootView.attachToReactInstanceManager(:799)
02-19 18:48:40.112 16566 16566 E unknown:ReactRootView: 	at com.facebook.react.ReactRootView.startReactApplication(:509)
02-19 18:48:40.112 16566 16566 E unknown:ReactRootView: 	at com.facebook.react.ReactRootView.startReactApplication(:469)
02-19 18:48:40.112 16566 16566 E unknown:ReactRootView: 	at im.toss.rn.granite.core.GraniteActivity.write(:486)
02-19 18:48:40.112 16566 16566 E unknown:ReactRootView: 	at im.toss.rn.granite.core.GraniteActivity.RemoteActionCompatParcelizer(:124)
02-19 18:48:40.112 16566 16566 E unknown:ReactRootView: 	at im.toss.rn.granite.core.GraniteActivity$RemoteActionCompatParcelizer.IconCompatParcelizer(:65353)
02-19 18:48:40.112 16566 16566 E unknown:ReactRootView: 	at o.sh.a_(:33)
02-19 18:48:40.112 16566 16566 E unknown:ReactRootView: 	at o.xP.run(:100)
02-19 18:48:40.112 16566 16566 E unknown:ReactRootView: 	at android.os.Handler.handleCallback(Handler.java:995)
02-19 18:48:40.112 16566 16566 E unknown:ReactRootView: 	at android.os.Handler.dispatchMessage(Handler.java:103)
02-19 18:48:40.112 16566 16566 E unknown:ReactRootView: 	at android.os.Looper.loopOnce(Looper.java:248)
02-19 18:48:40.112 16566 16566 E unknown:ReactRootView: 	at android.os.Looper.loop(Looper.java:338)
02-19 18:48:40.112 16566 16566 E unknown:ReactRootView: 	at android.app.ActivityThread.main(ActivityThread.java:9067)
02-19 18:48:40.112 16566 16566 E unknown:ReactRootView: 	at java.lang.reflect.Method.invoke(Native Method)
02-19 18:48:40.112 16566 16566 E unknown:ReactRootView: 	at com.android.internal.os.RuntimeInit$MethodAndArgsCaller.run(RuntimeInit.java:593)
02-19 18:48:40.112 16566 16566 E unknown:ReactRootView: 	at com.android.internal.os.ZygoteInit.main(ZygoteInit.java:932)
02-19 18:48:40.198   752   989 I ImeTracker: viva.republica.toss.test:12c811e0: onRequestHide at ORIGIN_SERVER reason HIDE_UNSPECIFIED_WINDOW fromUser false
02-19 18:48:40.204  1563  1563 I GoogleInputMethodService: GoogleInputMethodService.onFinishInput():2043 
02-19 18:48:40.205  1563  1563 I Module  : DeviceLockedStatusModuleProvider$Module.updateDeviceLockedStatus():100 repeatCheckTimes = 0, locked = false
02-19 18:48:40.205  1563  1563 I GoogleInputMethodService: GoogleInputMethodService.onStartInput():1293 onStartInput(EditorInfo{EditorInfo{packageName=viva.republica.toss.test, inputType=0, inputTypeString=NULL, enableLearning=false, autoCorrection=false, autoComplete=false, imeOptions=0, privateImeOptions=null, actionName=UNSPECIFIED, actionLabel=null, initialSelStart=-1, initialSelEnd=-1, initialCapsMode=0, label=null, fieldId=0, fieldName=null, extras=null, hintText=null, hintLocales=[]}}, false)
02-19 18:48:40.206   752  2417 I ImeTracker: system_server:5c46225e: onRequestHide at ORIGIN_SERVER reason IME_REQUESTED_CHANGED_LISTENER fromUser false
02-19 18:48:40.207  1563  1563 I Module  : DeviceLockedStatusModuleProvider$Module.updateDeviceLockedStatus():100 repeatCheckTimes = 1, locked = false
02-19 18:48:40.208   752   797 I ImeTracker: system_server:5c46225e: onCancelled at PHASE_SERVER_SHOULD_HIDE
02-19 18:48:40.211  1563  1563 I EmojiCompatManager: EmojiCompatManager.getEmojiCompatIfLoaded():343 EmojiCompat.init() was never called.
02-19 18:48:40.211  1563  1563 I EmojiCompatManager: java.lang.IllegalStateException: EmojiCompat is not initialized. Please call EmojiCompat.init() first
02-19 18:48:40.211  1563  1563 I EmojiCompatManager: 	at asx.p(PG:6)
02-19 18:48:40.211  1563  1563 I EmojiCompatManager: 	at axb.b(PG:13)
02-19 18:48:40.211  1563  1563 I EmojiCompatManager: 	at jnr.b(PG:2)
02-19 18:48:40.211  1563  1563 I EmojiCompatManager: 	at jnr.c(PG:4)
02-19 18:48:40.211  1563  1563 I EmojiCompatManager: 	at jnr.f(PG:3)
02-19 18:48:40.211  1563  1563 I EmojiCompatManager: 	at jnx.c(PG:3)
02-19 18:48:40.211  1563  1563 I EmojiCompatManager: 	at kif.cz(PG:47)
02-19 18:48:40.211  1563  1563 I EmojiCompatManager: 	at lhl.run(PG:1025)
02-19 18:48:40.211  1563  1563 I EmojiCompatManager: 	at jaf.execute(PG:12)
02-19 18:48:40.211  1563  1563 I EmojiCompatManager: 	at nco.v(PG:13)
02-19 18:48:40.211  1563  1563 I EmojiCompatManager: 	at lhn.m(PG:96)
02-19 18:48:40.211  1563  1563 I EmojiCompatManager: 	at lhn.k(PG:25)
02-19 18:48:40.211  1563  1563 I EmojiCompatManager: 	at kgn.onStartInput(PG:250)
02-19 18:48:40.211  1563  1563 I EmojiCompatManager: 	at android.inputmethodservice.InputMethodService.doStartInput(InputMethodService.java:3521)
02-19 18:48:40.211  1563  1563 I EmojiCompatManager: 	at android.inputmethodservice.InputMethodService$InputMethodImpl.startInput(InputMethodService.java:879)
02-19 18:48:40.211  1563  1563 I EmojiCompatManager: 	at android.inputmethodservice.InputMethodService$InputMethodImpl.dispatchStartInput(InputMethodService.java:908)
02-19 18:48:40.211  1563  1563 I EmojiCompatManager: 	at android.inputmethodservice.IInputMethodWrapper.executeMessage(IInputMethodWrapper.java:201)
02-19 18:48:40.211  1563  1563 I EmojiCompatManager: 	at com.android.internal.os.HandlerCaller$MyHandler.handleMessage(HandlerCaller.java:44)
02-19 18:48:40.211  1563  1563 I EmojiCompatManager: 	at android.os.Handler.dispatchMessage(Handler.java:110)
02-19 18:48:40.211  1563  1563 I EmojiCompatManager: 	at android.os.Looper.loopOnce(Looper.java:248)
02-19 18:48:40.211  1563  1563 I EmojiCompatManager: 	at android.os.Looper.loop(Looper.java:338)
02-19 18:48:40.211  1563  1563 I EmojiCompatManager: 	at android.app.ActivityThread.main(ActivityThread.java:9067)
02-19 18:48:40.211  1563  1563 I EmojiCompatManager: 	at java.lang.reflect.Method.invoke(Native Method)
02-19 18:48:40.211  1563  1563 I EmojiCompatManager: 	at com.android.internal.os.RuntimeInit$MethodAndArgsCaller.run(RuntimeInit.java:593)
02-19 18:48:40.211  1563  1563 I EmojiCompatManager: 	at com.android.internal.os.ZygoteInit.main(ZygoteInit.java:932)
02-19 18:48:40.214   752  2417 W PackageConfigPersister: App-specific configuration not found for packageName: viva.republica.toss.test and userId: 0
02-19 18:48:40.223   752  2305 D CoreBackPreview: Window{62c722e u0 PopupWindow:85a67e9}: Setting back callback OnBackInvokedCallbackInfo{mCallback=android.window.IOnBackInvokedCallback$Stub$Proxy@5e2975c, mPriority=0, mIsAnimationCallback=false, mOverrideBehavior=0}
02-19 18:48:40.307 16566 16566 D InsetsController: hide(ime(), fromIme=false)
02-19 18:48:40.308 16566 16566 I ImeTracker: viva.republica.toss.test:12c811e0: onCancelled at PHASE_CLIENT_ALREADY_HIDDEN
02-19 18:48:40.364   488   488 I RanchuHwc: logCompositionFallbackIfChanged: layer 1248 CompositionType fallback from 2 to 1
02-19 18:48:40.495  4449  4467 V WindowManagerShell: Transition animation finished (aborted=false), notifying core (#685) android.os.BinderProxy@a24b81a@1
02-19 18:48:40.500   752   794 V WindowManager: Finish Transition (#685): created at 02-19 18:48:39.549 collect-started=0.044ms request-sent=17.874ms started=121.955ms ready=150.725ms sent=448.147ms commit=29.683ms finished=949.775ms
02-19 18:48:40.502 16566 16566 D VRI[GraniteActivity]: visibilityChanged oldVisibility=true newVisibility=false
02-19 18:48:40.511  4449  4467 V WindowManagerShell: Track 1 became idle
02-19 18:48:40.544  4449  4467 V WindowManagerShell: All active transition animations finished
02-19 18:48:40.559 16566 16566 D VRI[MiniAppSchemeActivity]: visibilityChanged oldVisibility=true newVisibility=false
02-19 18:48:40.604 16566 16566 W WindowOnBackDispatcher: sendCancelIfRunning: isInProgress=false callback=android.view.ViewRootImpl$$ExternalSyntheticLambda13@614bf93
02-19 18:48:40.605   752  2377 D CoreBackPreview: Window{57936cc u0 viva.republica.toss.test/viva.republica.toss.test.MiniAppSchemeActivity}: Setting back callback null
02-19 18:48:40.633 16566 16566 D ViewRootImpl: Skipping stats log for color mode
02-19 18:48:40.737   752  1095 D BackgroundInstallControlService: Package event received: 0
02-19 18:48:40.814   752  1095 D BackgroundInstallControlService: Package event received: 0
02-19 18:48:42.039 16877 16877 W dumpsys : Thread Pool max thread count is 0. Cannot cache binder as linkToDeath cannot be implemented. serviceName: window
02-19 18:48:42.051   752  2305 I system_server: AssetManager2(0x7d8fac431e18) locale list changing from [] to [en-US]
02-19 18:48:42.057   752  2305 I system_server: AssetManager2(0x7d8fac43aab8) locale list changing from [] to [en-US]
02-19 18:48:42.062   752  2305 I system_server: AssetManager2(0x7d8fac44ae18) locale list changing from [] to [en-US]
02-19 18:48:42.064   752  2305 I system_server: AssetManager2(0x7d8fac4cbfb8) locale list changing from [] to [en-US]
02-19 18:48:42.069   752  2305 I system_server: AssetManager2(0x7d8fac5049f8) locale list changing from [] to [en-US]
02-19 18:48:42.074   752  2305 I system_server: AssetManager2(0x7d8fac4524d8) locale list changing from [] to [en-US]
02-19 18:48:42.274 16566 16566 W WindowOnBackDispatcher: sendCancelIfRunning: isInProgress=false callback=android.view.ViewRootImpl$$ExternalSyntheticLambda13@3bb9c
02-19 18:48:42.275   752  2305 D CoreBackPreview: Window{62c722e u0 PopupWindow:85a67e9}: Setting back callback null
02-19 18:48:42.297 16566 16881 W unknown:ReactContext: initializeMessageQueueThreads() is called.
02-19 18:48:42.307 16566 16566 W unknown:ReactNative: Packager connection already open, nooping.
02-19 18:48:42.314 16566 16887 W unknown:ReactContext: initializeMessageQueueThreads() is called.
02-19 18:48:42.316 16566 16887 W unknown:ReactNative: Fresco has already been initialized with a different config. The new Fresco configuration will be ignored!
02-19 18:48:42.425   752   795 W ActivityTaskManager: callingPackage for (uid=-1, pid=0) has no WPC
02-19 18:48:42.426   752   795 W ActivityStartInterceptor: Starting home with component specified, uid=0
02-19 18:48:42.427   752   795 W OptProp : Cannot read opt property android.window.PROPERTY_COMPAT_ALLOW_USER_ASPECT_RATIO_OVERRIDE
02-19 18:48:42.428   752   795 W OptProp : Cannot read opt property android.window.PROPERTY_COMPAT_ALLOW_USER_ASPECT_RATIO_FULLSCREEN_OVERRIDE
02-19 18:48:42.428   752   795 W OptProp : Cannot read opt property android.window.PROPERTY_COMPAT_ALLOW_RESIZEABLE_ACTIVITY_OVERRIDES
02-19 18:48:42.428   752   795 W OptProp : Cannot read opt property android.window.PROPERTY_COMPAT_ALLOW_MIN_ASPECT_RATIO_OVERRIDE
02-19 18:48:42.429   752   795 V GrammaticalInflectionUtils: AttributionSource: android.content.AttributionSource@1abea79a does not have READ_SYSTEM_GRAMMATICAL_GENDER permission.
02-19 18:48:42.431  4449  4449 I vol.VolumeDialogImpl: mDialog.dismiss() reason: volume_controller from: com.android.systemui.volume.VolumeDialogImpl$7.onDismissRequested:3
02-19 18:48:42.436  4449  4467 V WindowManagerShell: Transition requested (#686): android.os.BinderProxy@a9aabed TransitionRequestInfo { type = OPEN, triggerTask = TaskInfo{userId=0 taskId=5 effectiveUid=10182 displayId=0 isRunning=true baseIntent=Intent { act=android.intent.action.MAIN cat=[android.intent.category.HOME] flg=0x10000100 cmp=com.google.android.apps.nexuslauncher/.NexusLauncherActivity } baseActivity=ComponentInfo{com.google.android.apps.nexuslauncher/com.google.android.apps.nexuslauncher.NexusLauncherActivity} topActivity=ComponentInfo{com.google.android.apps.nexuslauncher/com.google.android.apps.nexuslauncher.NexusLauncherActivity} origActivity=null realActivity=ComponentInfo{com.google.android.apps.nexuslauncher/com.google.android.apps.nexuslauncher.NexusLauncherActivity} numActivities=1 lastActiveTime=105996280 supportsMultiWindow=true resizeMode=2 isResizeable=true minWidth=-1 minHeight=-1 defaultMinSize=220 token=WCT{android.window.IWindowContainerToken$Stub$Proxy@a8b9a22} topActivityType=2 pictureInPictureParams=null shouldDockBigOverlays=false launchIntoPipHostTaskId=-1 lastParentTaskIdBeforePip=-1 displayCutoutSafeInsets=Rect(0, 0 - 0, 0) topActivityInfo=ActivityInfo{eb32cb3 com.google.android.apps.nexuslauncher.NexusLauncherActivity} launchCookies=[] positionInParent=Point(0, 0) parentTaskId=-1 isFocused=true isVisible=false isVisibleRequested=true isTopActivityNoDisplay=false isSleeping=false locusId=LocusId[17_chars] displayAreaFeatureId=1 isTopActivityTransparent=false isActivityStackTransparent=false lastNonFullscreenBounds=Rect(284, 660 - 796, 1740) capturedLink=null capturedLinkTimestamp=0 requestedVisibleTypes=-9 topActivityRequestOpenInBrowserEducationTimestamp=0 appCompatTaskInfo=AppCompatTaskInfo { topActivityInSizeCompat=false eligibleForLetterboxEducation= false isLetterboxEducationEnabled= true isLetterboxDoubleTapEnabled= false eligibleForUserAspectRatioButton= false topActivityBoundsLetterboxed= false isFromLetterboxDoubleTap= false topActivityLetterboxVerticalPosition= -1 topActivityLetterboxHorizontalPosition= -1 topActivityLetterboxWidth=-1 topActivityLetterboxHeight=-1 topActivityAppBounds=Rect(0, 0 - 1080, 2400) isUserFullscreenOverrideEnabled=false isSystemFullscreenOverrideEnabled=false hasMinAspectRatioOverride=false topActivityLetterboxBounds=null cameraCompatTaskInfo=CameraCompatTaskInfo { freeformCameraCompatMode=inactive}} topActivityMainWindowFrame=null}, pipChange = null, remoteTransition = null, displayChange = null, flags = 0, debugId = 686 }
02-19 18:48:42.436  4449  4467 D ShellSplitScreen: logExit: no-op, mLoggerSessionId is null
02-19 18:48:42.436   752   795 I ActivityTaskManager: START u0 {act=android.intent.action.MAIN cat=[android.intent.category.HOME] flg=0x10000100 cmp=com.google.android.apps.nexuslauncher/.NexusLauncherActivity (has extras)} with LAUNCH_SINGLE_TASK from uid 0 (BAL_ALLOW_ALLOWLISTED_UID) result code=2
02-19 18:48:42.438  7804  7804 D ViewRootImpl: Skipping stats log for color mode
02-19 18:48:42.439  7804  7804 D TFOManager: playPanelCloseAnimation() duration=200 traceTag=LauncherOverlay-hide isHomeButtonTap=true
02-19 18:48:42.439  7804  7804 D TFOManager: Skipped creating panel close animation because -1 is invisible.
02-19 18:48:42.439  7804  7804 D OverviewCommandHelper: clearing pending commands: []
02-19 18:48:42.439  7804  7804 D StatsLog: LAUNCHER_ONRESUME
02-19 18:48:42.441  4449  4467 D WindowManagerShell: setLauncherKeepClearAreaHeight: visible=true, height=527
02-19 18:48:42.444  4449  4467 D WindowManagerShell: onActivityRestartAttempt: topActivity=ComponentInfo{com.google.android.apps.nexuslauncher/com.google.android.apps.nexuslauncher.NexusLauncherActivity}, wasVisible=false
02-19 18:48:42.446  1971  2198 I AiAiEcho: Predicting[0]:  [CONTEXT sampling_count=5 ]
02-19 18:48:42.446  1971  2198 I AiAiEcho: EchoTargets: 
02-19 18:48:42.446  1971  2198 I AiAiEcho: Filtered by AiAi flag check: 
02-19 18:48:42.446  1971  2198 I AiAiEcho: [CONTEXT ratelimit_period="10 SECONDS" ]
02-19 18:48:42.446  1971  2198 I AiAiEcho: #remoteViewsTwiddler: feature disabled.
02-19 18:48:42.447  1971  2198 I AiAiEcho: #postPredictionTargets: Sending updates to UISurface home with targets# 0 (types=[])
02-19 18:48:42.447  7804  7823 D QuickstepModelDelegate: notifyAppTargetEvent action=1 launchLocation=workspace/0/[-1,-1]/[1,1]
02-19 18:48:42.972   752  1095 D BackgroundInstallControlService: Package event received: 0
02-19 18:48:42.974   752  1095 D BackgroundInstallControlService: Package event received: 0
02-19 18:48:42.974   752  1095 D BackgroundInstallControlService: Package event received: 0
02-19 18:48:43.151  4449  4449 I Choreographer: Skipped 42 frames!  The application may be doing too much work on its main thread.
02-19 18:48:43.151   752   798 I Choreographer: Skipped 42 frames!  The application may be doing too much work on its main thread.
02-19 18:48:43.151   531   531 I BpBinder: onLastStrongRef automatically unlinking death recipients: 
02-19 18:48:43.153  7804  7804 I Choreographer: Skipped 42 frames!  The application may be doing too much work on its main thread.
02-19 18:48:43.156 16566 16566 I Choreographer: Skipped 42 frames!  The application may be doing too much work on its main thread.
02-19 18:48:43.158  7804  7804 D NexusLauncherModelDelegate: notifySmartspaceEvent: SmartspaceTargetEvent{mSmartspaceTarget=null, mSmartspaceActionId='null', mEventType=6}
02-19 18:48:43.172  7804  7804 D BaseDepthController: setSurface:
02-19 18:48:43.172  7804  7804 D BaseDepthController: 	mWaitingOnSurfaceValidity: false
02-19 18:48:43.172  7804  7804 D BaseDepthController: 	mBaseSurface: Surface(name=com.google.android.apps.nexuslauncher/com.google.android.apps.nexuslauncher.NexusLauncherActivity)/@0x6e8fc4f
02-19 18:48:43.175   752  1856 E TaskPersister: File error accessing recents directory (directory doesn't exist?).
02-19 18:48:43.187  7804  7804 D ActivityAllAppsContainerView: rebindAdapters: force: false
02-19 18:48:43.187   531   590 I BpBinder: onLastStrongRef automatically unlinking death recipients: 
02-19 18:48:43.187  7804  7804 D ActivityAllAppsContainerView: rebindAdapters: Not needed.
02-19 18:48:43.191  7804  7804 I NotificationListener: Handling notification state refresh for com.google.android.adservices.api#0
02-19 18:48:43.191  7804  7804 I NotificationListener: Handling notification state refresh for android#0
02-19 18:48:43.191  7804  7804 I NotificationListener: Handling notification state refresh for com.android.systemui#0
02-19 18:48:43.192  7804  7804 D SsBaseTemplateCard: No text view can be set up
02-19 18:48:43.192  7804  7804 D SsBaseTemplateCard: Passed-in item info is null
02-19 18:48:43.192  7804  7804 D SsBaseTemplateCard: Passed-in item info is null
02-19 18:48:43.192  7804  7804 D SsBaseTemplateCard: Passed-in item info is null
02-19 18:48:43.192  7804  7804 I SsBaseTemplateCard: Secondary card pane is null
02-19 18:48:43.200  4449 21898 V WindowManagerShell: onTransitionReady(transaction=3229815426984)
02-19 18:48:43.201  4449  4467 V WindowManagerShell: onTransitionReady (#686) android.os.BinderProxy@a9aabed: {id=686 t=OPEN f=0x0 trk=0 r=[0@Point(0, 0)] c=[
02-19 18:48:43.201  4449  4467 V WindowManagerShell:         {m=TO_FRONT f=SHOW_WALLPAPER|MOVE_TO_TOP leash=Surface(name=Task=1)/@0xf5ac270 sb=Rect(0, 0 - 1080, 2400) eb=Rect(0, 0 - 1080, 2400) epz=Point(1080, 2400) d=0 taskParent=-1},
02-19 18:48:43.201  4449  4467 V WindowManagerShell:         {m=TO_BACK f=NONE leash=Surface(name=Task=78)/@0x38319e9 sb=Rect(0, 0 - 1080, 2400) eb=Rect(0, 0 - 1080, 2400) epz=Point(1080, 2400) d=0 taskParent=-1},
02-19 18:48:43.201  4449  4467 V WindowManagerShell:         {m=TO_FRONT f=IS_WALLPAPER leash=Surface(name=WallpaperWindowToken{35e0c0f showWhenLocked=false})/@0x3ed366e sb=Rect(0, 0 - 1080, 2400) eb=Rect(0, 0 - 1080, 2400) epz=Point(1080, 2400) d=0}
02-19 18:48:43.201  4449  4467 V WindowManagerShell:     ]}
02-19 18:48:43.202  4449  4467 V WindowManagerShell: Playing animation for (#686) android.os.BinderProxy@a9aabed@0
02-19 18:48:43.202  4449  4467 V ShellRecents: RecentsTransitionHandler.startAnimation: no controller found
02-19 18:48:43.203  4449  4467 V WindowManagerShell: Transition doesn't have explicit remote, search filters for match for {id=686 t=OPEN f=0x0 trk=0 r=[0@Point(0, 0)] c=[{m=TO_FRONT f=SHOW_WALLPAPER|MOVE_TO_TOP leash=Surface(name=Task=1)/@0xf5ac270 sb=Rect(0, 0 - 1080, 2400) eb=Rect(0, 0 - 1080, 2400) epz=Point(1080, 2400) d=0 taskParent=-1},{m=TO_BACK f=NONE leash=Surface(name=Task=78)/@0x38319e9 sb=Rect(0, 0 - 1080, 2400) eb=Rect(0, 0 - 1080, 2400) epz=Point(1080, 2400) d=0 taskParent=-1},{m=TO_FRONT f=IS_WALLPAPER leash=Surface(name=WallpaperWindowToken{35e0c0f showWhenLocked=false})/@0x3ed366e sb=Rect(0, 0 - 1080, 2400) eb=Rect(0, 0 - 1080, 2400) epz=Point(1080, 2400) d=0}]}
02-19 18:48:43.203  4449  4467 V WindowManagerShell:  Checking filter Pair{{types=[] flags=0x0] notFlags=0x0 checks=[{atype=undefined independent=true modes=[CLOSE,TO_BACK] flags=IN_TASK_WITH_EMBEDDED_ACTIVITY mustBeTask=false order=ANY topActivity=null launchCookie=null taskFragmentToken=android.os.BinderProxy@dcfd27d windowingMode=undefined}]} RemoteTransition { remoteTransition = android.window.IRemoteTransition$Stub$Proxy@d4ce572, appThread = android.app.IApplicationThread$Stub$Proxy@fd29dc3, debugName = overlayBackTransition }}
02-19 18:48:43.204  4449  4467 V WindowManagerShell:  Checking filter Pair{{types=[] flags=0x0] notFlags=0x0 checks=[{atype=dream independent=true modes=[OPEN,TO_FRONT] flags=NONE mustBeTask=false order=ANY topActivity=null launchCookie=null windowingMode=undefined},{atype=home independent=true modes=[CLOSE,TO_BACK] flags=NONE mustBeTask=false order=ANY topActivity=null launchCookie=null windowingMode=undefined}]} RemoteTransition { remoteTransition = android.window.IRemoteTransition$Stub$Proxy@90c640, appThread = android.app.IApplicationThread$Stub$Proxy@f8c1979, debugName = LauncherToDream }}
02-19 18:48:43.204  4449  4467 V WindowManagerShell:  Checking filter Pair{{types=[] flags=0x0] notFlags=0x100 checks=[{atype=home independent=true modes=[OPEN,TO_FRONT] flags=NONE mustBeTask=false order=TOP topActivity=ComponentInfo{com.google.android.apps.nexuslauncher/com.google.android.apps.nexuslauncher.NexusLauncherActivity} launchCookie=null windowingMode=undefined},{atype=standard independent=true modes=[CLOSE,TO_BACK] flags=NONE mustBeTask=false order=ANY topActivity=null launchCookie=null windowingMode=undefined},{NOT atype=undefined independent=true modes=[] flags=NONE mustBeTask=true order=ANY topActivity=null launchCookie=null customAnim=true windowingMode=undefined}]} RemoteTransition { remoteTransition = android.window.IRemoteTransition$Stub$Proxy@affe6be, appThread = android.app.IApplicationThread$Stub$Proxy@c37531f, debugName = QuickstepLaunchHome }}
02-19 18:48:43.204  4449  4467 D RemoteTransitionHandler: Found filterPair{{types=[] flags=0x0] notFlags=0x100 checks=[{atype=home independent=true modes=[OPEN,TO_FRONT] flags=NONE mustBeTask=false order=TOP topActivity=ComponentInfo{com.google.android.apps.nexuslauncher/com.google.android.apps.nexuslauncher.NexusLauncherActivity} launchCookie=null windowingMode=undefined},{atype=standard independent=true modes=[CLOSE,TO_BACK] flags=NONE mustBeTask=false order=ANY topActivity=null launchCookie=null windowingMode=undefined},{NOT atype=undefined independent=true modes=[] flags=NONE mustBeTask=true order=ANY topActivity=null launchCookie=null customAnim=true windowingMode=undefined}]} RemoteTransition { remoteTransition = android.window.IRemoteTransition$Stub$Proxy@affe6be, appThread = android.app.IApplicationThread$Stub$Proxy@c37531f, debugName = QuickstepLaunchHome }}
02-19 18:48:43.205  4449  4467 V WindowManagerShell:  Delegate animation for (#686) to RemoteTransition { remoteTransition = android.window.IRemoteTransition$Stub$Proxy@affe6be, appThread = android.app.IApplicationThread$Stub$Proxy@c37531f, debugName = QuickstepLaunchHome }
02-19 18:48:43.220  7804  7804 D StateManager: createAtomicAnimation - fromState: Background, toState: Normal, partial trace:
02-19 18:48:43.220  7804  7804 D StateManager: 	at com.android.quickstep.util.ScalingWorkspaceRevealAnim.<init>(go/retraceme 72a59688580715d19f0e415c69e80376c2f062d1648c80db6730905005a27c20:39)
02-19 18:48:43.220  7804  7804 D StateManager: 	at com.android.launcher3.QuickstepTransitionManager.createWallpaperOpenAnimations(go/retraceme 72a59688580715d19f0e415c69e80376c2f062d1648c80db6730905005a27c20:168)
02-19 18:48:43.220  7804  7804 D StateManager: 	at com.android.launcher3.QuickstepTransitionManager$WallpaperOpenLauncherAnimationRunner.onAnimationStart(go/retraceme 72a59688580715d19f0e415c69e80376c2f062d1648c80db6730905005a27c20:17)
02-19 18:48:43.221  7804  7924 I HWUI    : Davey! duration=753ms; Flags=1, FrameTimelineVsyncId=1871086, IntendedVsync=105996288033672, Vsync=105996988033644, InputEventId=0, HandleInputStart=105997002820189, AnimationStart=105997002820848, PerformTraversalsStart=105997003694029, DrawStart=105997024178145, FrameDeadline=105996304700338, FrameStartTime=105997000258758, FrameInterval=16666666, WorkloadTarget=16666666, SyncQueued=105997026005237, SyncStart=105997026399935, IssueDrawCommandsStart=105997026854889, SwapBuffers=105997028517168, FrameCompleted=105997041523581, DequeueBufferDuration=9077, QueueBufferDuration=617794, GpuCompleted=105997041523581, SwapBuffersCompleted=105997031769046, DisplayPresentTime=0, CommandSubmissionCompleted=105997028517168, 
02-19 18:48:43.221  7804  7804 D b/311077782: LauncherAnimationRunner.setAnimation
02-19 18:48:43.222   752   794 V WindowManager: Sent Transition (#686) createdAt=02-19 18:48:42.430 via request=TransitionRequestInfo { type = OPEN, triggerTask = TaskInfo{userId=0 taskId=5 effectiveUid=10182 displayId=0 isRunning=true baseIntent=Intent { act=android.intent.action.MAIN cat=[android.intent.category.HOME] flg=0x10000100 cmp=com.google.android.apps.nexuslauncher/.NexusLauncherActivity } baseActivity=ComponentInfo{com.google.android.apps.nexuslauncher/com.google.android.apps.nexuslauncher.NexusLauncherActivity} topActivity=ComponentInfo{com.google.android.apps.nexuslauncher/com.google.android.apps.nexuslauncher.NexusLauncherActivity} origActivity=null realActivity=ComponentInfo{com.google.android.apps.nexuslauncher/com.google.android.apps.nexuslauncher.NexusLauncherActivity} numActivities=1 lastActiveTime=105996280 supportsMultiWindow=true resizeMode=2 isResizeable=true minWidth=-1 minHeight=-1 defaultMinSize=220 token=WCT{RemoteToken{50a2c5f Task{b605570 #5 type=home I=com.google.android.apps.nexuslauncher/.NexusLauncherActivity}}} topActivityType=2 pictureInPictureParams=null shouldDockBigOverlays=false launchIntoPipHostTaskId=-1 lastParentTaskIdBeforePip=-1 displayCutoutSafeInsets=Rect(0, 0 - 0, 0) topActivityInfo=ActivityInfo{f5406ac com.google.android.apps.nexuslauncher.NexusLauncherActivity} launchCookies=[] positionInParent=Point(0, 0) parentTaskId=-1 isFocused=true isVisible=false isVisibleRequested=true isTopActivityNoDisplay=false isSleeping=false locusId=LocusId[17_chars] displayAreaFeatureId=1 isTopActivityTransparent=false isActivityStackTransparent=false lastNonFullscreenBounds=Rect(284, 660 - 796, 1740) capturedLink=null capturedLinkTimestamp=0 requestedVisibleTypes=-9 topActivityRequestOpenInBrowserEducationTimestamp=0 appCompatTaskInfo=AppCompatTaskInfo { topActivityInSizeCompat=false eligibleForLetterboxEducation= false isLetterboxEducationEnabled= true isLetterboxDoubleTapEnabled= false eligibleForUserAspectRatioButton= false topActivityBoundsLetterboxed= false isFromLetterboxDoubleTap= false topActivityLetterboxVerticalPosition= -1 topActivityLetterboxHorizontalPosition= -1 topActivityLetterboxWidth=-1 topActivityLetterboxHeight=-1 topActivityAppBounds=Rect(0, 0 - 1080, 2400) isUserFullscreenOverrideEnabled=false isSystemFullscreenOverrideEnabled=false hasMinAspectRatioOverride=false topActivityLetterboxBounds=null cameraCompatTaskInfo=CameraCompatTaskInfo { freeformCameraCompatMode=inactive}} topActivityMainWindowFrame=null}, pipChange = null, remoteTransition = null, displayChange = null, flags = 0, debugId = 686 }
02-19 18:48:43.224  4449  4467 V WindowManagerShell:  animated by com.android.wm.shell.transition.RemoteTransitionHandler@ef09705
02-19 18:48:43.224 16566 16566 W unknown:ReactContext: initializeMessageQueueThreads() is called.
02-19 18:48:43.225   752   794 V WindowManager:     startWCT=WindowContainerTransaction { changes= {} hops= [] errorCallbackToken=null taskFragmentOrganizer=null }
02-19 18:48:43.225   752   794 V WindowManager:     info={id=686 t=OPEN f=0x0 trk=0 r=[0@Point(0, 0)] c=[
02-19 18:48:43.225   752   794 V WindowManager:         {WCT{RemoteToken{5218fe8 Task{dd43522 #1 type=home}}} m=TO_FRONT f=SHOW_WALLPAPER|MOVE_TO_TOP leash=Surface(name=Task=1)/@0x8ddbd2e sb=Rect(0, 0 - 1080, 2400) eb=Rect(0, 0 - 1080, 2400) epz=Point(1080, 2400) d=0 taskParent=-1},
02-19 18:48:43.225   752   794 V WindowManager:         {WCT{RemoteToken{58f5d87 Task{11d79c0 #78 type=standard A=10217:viva.republica.toss.test}}} m=TO_BACK f=NONE leash=Surface(name=Task=78)/@0x6af51ab sb=Rect(0, 0 - 1080, 2400) eb=Rect(0, 0 - 1080, 2400) epz=Point(1080, 2400) d=0 taskParent=-1},
02-19 18:48:43.225   752   794 V WindowManager:         {m=TO_FRONT f=IS_WALLPAPER leash=Surface(name=WallpaperWindowToken{35e0c0f showWhenLocked=false})/@0x512f5be sb=Rect(0, 0 - 1080, 2400) eb=Rect(0, 0 - 1080, 2400) epz=Point(1080, 2400) d=0}
02-19 18:48:43.225   752   794 V WindowManager:     ]}
02-19 18:48:43.257  7804  7823 W HWUI    : Image decoding logging dropped!
02-19 18:48:43.303   531   531 I BpBinder: onLastStrongRef automatically unlinking death recipients: 
02-19 18:48:43.335   752   989 I ImeTracker: com.google.android.apps.nexuslauncher:7eda7f02: onRequestHide at ORIGIN_SERVER reason HIDE_UNSPECIFIED_WINDOW fromUser false
02-19 18:48:43.337  7804  7804 D InsetsController: hide(ime(), fromIme=false)
02-19 18:48:43.337  7804  7804 I ImeTracker: com.google.android.apps.nexuslauncher:7eda7f02: onCancelled at PHASE_CLIENT_ALREADY_HIDDEN
02-19 18:48:43.343  1563  1563 I GoogleInputMethodService: GoogleInputMethodService.onFinishInput():2043 
02-19 18:48:43.346  1563  1563 I Module  : DeviceLockedStatusModuleProvider$Module.updateDeviceLockedStatus():100 repeatCheckTimes = 0, locked = false
02-19 18:48:43.346   752  2417 I ImeTracker: system_server:3eb98d40: onRequestHide at ORIGIN_SERVER reason IME_REQUESTED_CHANGED_LISTENER fromUser false
02-19 18:48:43.346  1563  1563 I GoogleInputMethodService: GoogleInputMethodService.onStartInput():1293 onStartInput(EditorInfo{EditorInfo{packageName=com.google.android.apps.nexuslauncher, inputType=0, inputTypeString=NULL, enableLearning=false, autoCorrection=false, autoComplete=false, imeOptions=0, privateImeOptions=null, actionName=UNSPECIFIED, actionLabel=null, initialSelStart=-1, initialSelEnd=-1, initialCapsMode=0, label=null, fieldId=0, fieldName=null, extras=null, hintText=null, hintLocales=[]}}, false)
02-19 18:48:43.346   752   797 I ImeTracker: system_server:3eb98d40: onCancelled at PHASE_SERVER_SHOULD_HIDE
02-19 18:48:43.347  1563  1563 I Module  : DeviceLockedStatusModuleProvider$Module.updateDeviceLockedStatus():100 repeatCheckTimes = 1, locked = false
02-19 18:48:43.347  1563  1563 I EmojiCompatManager: EmojiCompatManager.getEmojiCompatIfLoaded():343 EmojiCompat.init() was never called.
02-19 18:48:43.347  1563  1563 I EmojiCompatManager: java.lang.IllegalStateException: EmojiCompat is not initialized. Please call EmojiCompat.init() first
02-19 18:48:43.347  1563  1563 I EmojiCompatManager: 	at asx.p(PG:6)
02-19 18:48:43.347  1563  1563 I EmojiCompatManager: 	at axb.b(PG:13)
02-19 18:48:43.347  1563  1563 I EmojiCompatManager: 	at jnr.b(PG:2)
02-19 18:48:43.347  1563  1563 I EmojiCompatManager: 	at jnr.c(PG:4)
02-19 18:48:43.347  1563  1563 I EmojiCompatManager: 	at jnr.f(PG:3)
02-19 18:48:43.347  1563  1563 I EmojiCompatManager: 	at jnx.c(PG:3)
02-19 18:48:43.347  1563  1563 I EmojiCompatManager: 	at kif.cz(PG:47)
02-19 18:48:43.347  1563  1563 I EmojiCompatManager: 	at lhl.run(PG:1025)
02-19 18:48:43.347  1563  1563 I EmojiCompatManager: 	at jaf.execute(PG:12)
02-19 18:48:43.347  1563  1563 I EmojiCompatManager: 	at nco.v(PG:13)
02-19 18:48:43.347  1563  1563 I EmojiCompatManager: 	at lhn.m(PG:96)
02-19 18:48:43.347  1563  1563 I EmojiCompatManager: 	at lhn.k(PG:25)
02-19 18:48:43.347  1563  1563 I EmojiCompatManager: 	at kgn.onStartInput(PG:250)
02-19 18:48:43.347  1563  1563 I EmojiCompatManager: 	at android.inputmethodservice.InputMethodService.doStartInput(InputMethodService.java:3521)
02-19 18:48:43.347  1563  1563 I EmojiCompatManager: 	at android.inputmethodservice.InputMethodService$InputMethodImpl.startInput(InputMethodService.java:879)
02-19 18:48:43.347  1563  1563 I EmojiCompatManager: 	at android.inputmethodservice.InputMethodService$InputMethodImpl.dispatchStartInput(InputMethodService.java:908)
02-19 18:48:43.347  1563  1563 I EmojiCompatManager: 	at android.inputmethodservice.IInputMethodWrapper.executeMessage(IInputMethodWrapper.java:201)
02-19 18:48:43.347  1563  1563 I EmojiCompatManager: 	at com.android.internal.os.HandlerCaller$MyHandler.handleMessage(HandlerCaller.java:44)
02-19 18:48:43.347  1563  1563 I EmojiCompatManager: 	at android.os.Handler.dispatchMessage(Handler.java:110)
02-19 18:48:43.347  1563  1563 I EmojiCompatManager: 	at android.os.Looper.loopOnce(Looper.java:248)
02-19 18:48:43.347  1563  1563 I EmojiCompatManager: 	at android.os.Looper.loop(Looper.java:338)
02-19 18:48:43.347  1563  1563 I EmojiCompatManager: 	at android.app.ActivityThread.main(ActivityThread.java:9067)
02-19 18:48:43.347  1563  1563 I EmojiCompatManager: 	at java.lang.reflect.Method.invoke(Native Method)
02-19 18:48:43.347  1563  1563 I EmojiCompatManager: 	at com.android.internal.os.RuntimeInit$MethodAndArgsCaller.run(RuntimeInit.java:593)
02-19 18:48:43.347  1563  1563 I EmojiCompatManager: 	at com.android.internal.os.ZygoteInit.main(ZygoteInit.java:932)
02-19 18:48:43.348   752  2505 W PackageConfigPersister: App-specific configuration not found for packageName: com.google.android.apps.nexuslauncher and userId: 0
02-19 18:48:43.756   752  2505 W PackageConfigPersister: App-specific configuration not found for packageName: viva.republica.toss.test and userId: 0
02-19 18:48:43.985 16899 16899 W dumpsys : Thread Pool max thread count is 0. Cannot cache binder as linkToDeath cannot be implemented. serviceName: window
02-19 18:48:44.285  7804  7804 D ScalingWorkspaceRevealAnim: alpha of workspace at the end of animation: 1.0
02-19 18:48:44.289  4449  4467 V WindowManagerShell: Transition animation finished (aborted=false), notifying core (#686) android.os.BinderProxy@a9aabed@0
02-19 18:48:44.297 16566 16566 D VRI[GraniteActivity]: visibilityChanged oldVisibility=true newVisibility=false
02-19 18:48:44.300  4449  4467 V WindowManagerShell: Track 0 became idle
02-19 18:48:44.300  4449  4467 V WindowManagerShell: All active transition animations finished
02-19 18:48:44.303   752   794 V WindowManager: Finish Transition (#686): created at 02-19 18:48:42.430 collect-started=0.033ms request-sent=5.708ms started=7.767ms ready=12.057ms sent=767.266ms commit=42.005ms finished=1862.595ms
02-19 18:48:44.357 16566 16700 I ReactNativeJNI: Memory warning (pressure level: TRIM_MEMORY_UI_HIDDEN) received by JS VM, ignoring because it's non-severe
02-19 18:48:44.395   752  2502 W ActivityTaskManager: callingPackage for (uid=2000, pid=16904) has no WPC
02-19 18:48:44.398   752  2502 V GrammaticalInflectionUtils: AttributionSource: android.content.AttributionSource@56784557 does not have READ_SYSTEM_GRAMMATICAL_GENDER permission.
02-19 18:48:44.399   752  2502 W OptProp : Cannot read opt property android.window.PROPERTY_COMPAT_ALLOW_USER_ASPECT_RATIO_OVERRIDE
02-19 18:48:44.399   752  2502 W OptProp : Cannot read opt property android.window.PROPERTY_COMPAT_ALLOW_USER_ASPECT_RATIO_FULLSCREEN_OVERRIDE
02-19 18:48:44.399   752  2502 W OptProp : Cannot read opt property android.window.PROPERTY_COMPAT_ALLOW_RESIZEABLE_ACTIVITY_OVERRIDES
02-19 18:48:44.400   752  2502 W OptProp : Cannot read opt property android.window.PROPERTY_COMPAT_ALLOW_MIN_ASPECT_RATIO_OVERRIDE
02-19 18:48:44.411   752  2502 I ActivityTaskManager: START u0 {act=android.intent.action.VIEW dat=intoss://takealook/... flg=0x10000000 xflg=0x4 cmp=viva.republica.toss.test/im.toss.rn.granite.core.GraniteActivity} with LAUNCH_MULTIPLE from uid 2000 (BAL_ALLOW_PERMISSION) result code=2
