--------- beginning of main
02-19 19:04:29.917  7804  7939 I HWUI    : Davey! duration=820ms; Flags=0, FrameTimelineVsyncId=1911943, IntendedVsync=106942921329140, Vsync=106943604662446, InputEventId=0, HandleInputStart=106943615423372, AnimationStart=106943615424253, PerformTraversalsStart=106943618404092, DrawStart=106943618810915, FrameDeadline=106943737995774, FrameStartTime=106943614694759, FrameInterval=16666666, WorkloadTarget=16666666, SyncQueued=106943620100186, SyncStart=106943623858750, IssueDrawCommandsStart=106943624749261, SwapBuffers=106943734322794, FrameCompleted=106943745177907, DequeueBufferDuration=5667, QueueBufferDuration=2132426, GpuCompleted=106943745177907, SwapBuffersCompleted=106943741019095, DisplayPresentTime=0, CommandSubmissionCompleted=106943734322794, 
02-19 19:04:29.917 16566 16566 D VRI[GraniteActivity]: visibilityChanged oldVisibility=true newVisibility=false
--------- beginning of system
02-19 19:04:29.919  4449  4467 V WindowManagerShell: Track 0 became idle
02-19 19:04:29.920  4449  4467 V WindowManagerShell: All active transition animations finished
02-19 19:04:30.079 16566 16700 I ReactNativeJNI: Memory warning (pressure level: TRIM_MEMORY_UI_HIDDEN) received by JS VM, ignoring because it's non-severe
02-19 19:04:30.079 16566 16992 I ReactNativeJNI: Memory warning (pressure level: TRIM_MEMORY_UI_HIDDEN) received by JS VM, ignoring because it's non-severe
02-19 19:04:30.080 16566 17585 I ReactNativeJNI: Memory warning (pressure level: TRIM_MEMORY_UI_HIDDEN) received by JS VM, ignoring because it's non-severe
02-19 19:04:30.080 16566 17408 I ReactNativeJNI: Memory warning (pressure level: TRIM_MEMORY_UI_HIDDEN) received by JS VM, ignoring because it's non-severe
02-19 19:04:30.080 16566 17667 I ReactNativeJNI: Memory warning (pressure level: TRIM_MEMORY_UI_HIDDEN) received by JS VM, ignoring because it's non-severe
02-19 19:04:30.080 16566 17237 I ReactNativeJNI: Memory warning (pressure level: TRIM_MEMORY_UI_HIDDEN) received by JS VM, ignoring because it's non-severe
02-19 19:04:30.080 16566 16883 I ReactNativeJNI: Memory warning (pressure level: TRIM_MEMORY_UI_HIDDEN) received by JS VM, ignoring because it's non-severe
02-19 19:04:30.081 16566 17150 I ReactNativeJNI: Memory warning (pressure level: TRIM_MEMORY_UI_HIDDEN) received by JS VM, ignoring because it's non-severe
02-19 19:04:30.181   752  2377 W ActivityTaskManager: callingPackage for (uid=2000, pid=17739) has no WPC
02-19 19:04:30.182   752  2377 V GrammaticalInflectionUtils: AttributionSource: android.content.AttributionSource@56784557 does not have READ_SYSTEM_GRAMMATICAL_GENDER permission.
02-19 19:04:30.183   752  2377 W OptProp : Cannot read opt property android.window.PROPERTY_COMPAT_ALLOW_USER_ASPECT_RATIO_OVERRIDE
02-19 19:04:30.183   752  2377 W OptProp : Cannot read opt property android.window.PROPERTY_COMPAT_ALLOW_USER_ASPECT_RATIO_FULLSCREEN_OVERRIDE
02-19 19:04:30.183   752  2377 W OptProp : Cannot read opt property android.window.PROPERTY_COMPAT_ALLOW_RESIZEABLE_ACTIVITY_OVERRIDES
02-19 19:04:30.194   752  2377 W OptProp : Cannot read opt property android.window.PROPERTY_COMPAT_ALLOW_MIN_ASPECT_RATIO_OVERRIDE
02-19 19:04:30.210   752  2377 I ActivityTaskManager: START u0 {act=android.intent.action.VIEW dat=intoss://takealook/... flg=0x10000000 xflg=0x4 cmp=viva.republica.toss.test/im.toss.rn.granite.core.GraniteActivity} with LAUNCH_MULTIPLE from uid 2000 (BAL_ALLOW_PERMISSION) result code=2
02-19 19:04:30.214  4449  4467 V WindowManagerShell: Transition requested (#726): android.os.BinderProxy@d83ad2d TransitionRequestInfo { type = OPEN, triggerTask = TaskInfo{userId=0 taskId=78 effectiveUid=10217 displayId=0 isRunning=true baseIntent=Intent { act=android.intent.action.VIEW dat=intoss://takealook/... flg=0x10000000 cmp=viva.republica.toss.test/im.toss.rn.granite.core.GraniteActivity } baseActivity=ComponentInfo{viva.republica.toss.test/im.toss.rn.granite.core.GraniteActivity} topActivity=ComponentInfo{viva.republica.toss.test/im.toss.rn.granite.core.GraniteActivity} origActivity=null realActivity=ComponentInfo{viva.republica.toss.test/im.toss.rn.granite.core.GraniteActivity} numActivities=8 lastActiveTime=106942222 supportsMultiWindow=true resizeMode=1 isResizeable=true minWidth=-1 minHeight=-1 defaultMinSize=220 token=WCT{android.window.IWindowContainerToken$Stub$Proxy@da2a262} topActivityType=1 pictureInPictureParams=null shouldDockBigOverlays=false launchIntoPipHostTaskId=-1 lastParentTaskIdBeforePip=-1 displayCutoutSafeInsets=Rect(0, 0 - 0, 0) topActivityInfo=ActivityInfo{5852ff3 im.toss.rn.granite.core.GraniteActivity} launchCookies=[] positionInParent=Point(0, 0) parentTaskId=-1 isFocused=false isVisible=false isVisibleRequested=false isTopActivityNoDisplay=false isSleeping=false locusId=null displayAreaFeatureId=1 isTopActivityTransparent=false isActivityStackTransparent=false lastNonFullscreenBounds=Rect(284, 660 - 796, 1740) capturedLink=null capturedLinkTimestamp=0 requestedVisibleTypes=-9 topActivityRequestOpenInBrowserEducationTimestamp=0 appCompatTaskInfo=AppCompatTaskInfo { topActivityInSizeCompat=false eligibleForLetterboxEducation= false isLetterboxEducationEnabled= true isLetterboxDoubleTapEnabled= false eligibleForUserAspectRatioButton= false topActivityBoundsLetterboxed= false isFromLetterboxDoubleTap= false topActivityLetterboxVerticalPosition= -1 topActivityLetterboxHorizontalPosition= -1 topActivityLetterboxWidth=-1 topActivityLetterboxHeight=-1 topActivityAppBounds=Rect(0, 0 - 1080, 2400) isUserFullscreenOverrideEnabled=false isSystemFullscreenOverrideEnabled=false hasMinAspectRatioOverride=false topActivityLetterboxBounds=null cameraCompatTaskInfo=CameraCompatTaskInfo { freeformCameraCompatMode=inactive}} topActivityMainWindowFrame=null}, pipChange = null, remoteTransition = null, displayChange = null, flags = 0, debugId = 726 }
02-19 19:04:30.214  4449  4467 D ShellSplitScreen: logExit: no-op, mLoggerSessionId is null
02-19 19:04:30.216  7804  7804 W SplitSelectStateCtor: Missing session instanceIds
02-19 19:04:30.217  7804  7804 D StatsLog: LAUNCHER_SPLIT_SELECTION_EXIT_INTERRUPTED
02-19 19:04:30.230  4449  4467 D WindowManagerShell: setLauncherKeepClearAreaHeight: visible=false, height=527
02-19 19:04:30.234   531   531 I BpBinder: onLastStrongRef automatically unlinking death recipients: 
02-19 19:04:30.264  4449  4467 D WindowManagerShell: onActivityRestartAttempt: topActivity=ComponentInfo{viva.republica.toss.test/im.toss.rn.granite.core.GraniteActivity}, wasVisible=false
02-19 19:04:30.392   752  1095 D BackgroundInstallControlService: Package event received: 0
02-19 19:04:30.392   752  1095 D BackgroundInstallControlService: Package event received: 0
02-19 19:04:30.392   752  1095 D BackgroundInstallControlService: Package event received: 0
02-19 19:04:30.393   752  1095 D BackgroundInstallControlService: Package event received: 0
02-19 19:04:30.393   752  1095 D BackgroundInstallControlService: Package event received: 0
02-19 19:04:30.393   752  1095 D BackgroundInstallControlService: Package event received: 0
02-19 19:04:30.393   752  1095 D BackgroundInstallControlService: Package event received: 0
02-19 19:04:30.393   752  1095 D BackgroundInstallControlService: Package event received: 0
02-19 19:04:30.401   531   590 I BpBinder: onLastStrongRef automatically unlinking death recipients: 
02-19 19:04:30.407  4449  4474 V SnapshotDrawerUtils: Drawing snapshot surface sizeMismatch=true
02-19 19:04:30.407   752  2305 I ActivityTaskManager: Activity reported stop, but no longer stopping: ActivityRecord{108645934 u0 viva.republica.toss.test/im.toss.rn.granite.core.GraniteActivity t78} RESUMED
02-19 19:04:30.410 16566 16566 D ViewRootImpl: Skipping stats log for color mode
02-19 19:04:30.495   752   794 V WindowManager: Sent Transition (#726) createdAt=02-19 19:04:30.195 via request=TransitionRequestInfo { type = OPEN, triggerTask = TaskInfo{userId=0 taskId=78 effectiveUid=10217 displayId=0 isRunning=true baseIntent=Intent { act=android.intent.action.VIEW dat=intoss://takealook/... flg=0x10000000 cmp=viva.republica.toss.test/im.toss.rn.granite.core.GraniteActivity } baseActivity=ComponentInfo{viva.republica.toss.test/im.toss.rn.granite.core.GraniteActivity} topActivity=ComponentInfo{viva.republica.toss.test/im.toss.rn.granite.core.GraniteActivity} origActivity=null realActivity=ComponentInfo{viva.republica.toss.test/im.toss.rn.granite.core.GraniteActivity} numActivities=8 lastActiveTime=106942222 supportsMultiWindow=true resizeMode=1 isResizeable=true minWidth=-1 minHeight=-1 defaultMinSize=220 token=WCT{RemoteToken{58f5d87 Task{11d79c0 #78 type=standard A=10217:viva.republica.toss.test}}} topActivityType=1 pictureInPictureParams=null shouldDockBigOverlays=false launchIntoPipHostTaskId=-1 lastParentTaskIdBeforePip=-1 displayCutoutSafeInsets=Rect(0, 0 - 0, 0) topActivityInfo=ActivityInfo{5839e19 im.toss.rn.granite.core.GraniteActivity} launchCookies=[] positionInParent=Point(0, 0) parentTaskId=-1 isFocused=false isVisible=false isVisibleRequested=false isTopActivityNoDisplay=false isSleeping=false locusId=null displayAreaFeatureId=1 isTopActivityTransparent=false isActivityStackTransparent=false lastNonFullscreenBounds=Rect(284, 660 - 796, 1740) capturedLink=null capturedLinkTimestamp=0 requestedVisibleTypes=-9 topActivityRequestOpenInBrowserEducationTimestamp=0 appCompatTaskInfo=AppCompatTaskInfo { topActivityInSizeCompat=false eligibleForLetterboxEducation= false isLetterboxEducationEnabled= true isLetterboxDoubleTapEnabled= false eligibleForUserAspectRatioButton= false topActivityBoundsLetterboxed= false isFromLetterboxDoubleTap= false topActivityLetterboxVerticalPosition= -1 topActivityLetterboxHorizontalPosition= -1 topActivityLetterboxWidth=-1 topActivityLetterboxHeight=-1 topActivityAppBounds=Rect(0, 0 - 1080, 2400) isUserFullscreenOverrideEnabled=false isSystemFullscreenOverrideEnabled=false hasMinAspectRatioOverride=false topActivityLetterboxBounds=null cameraCompatTaskInfo=CameraCompatTaskInfo { freeformCameraCompatMode=inactive}} topActivityMainWindowFrame=null}, pipChange = null, remoteTransition = null, displayChange = null, flags = 0, debugId = 726 }
02-19 19:04:30.495   752   794 V WindowManager:     startWCT=WindowContainerTransaction { changes= {} hops= [] errorCallbackToken=null taskFragmentOrganizer=null }
02-19 19:04:30.495   752   794 V WindowManager:     info={id=726 t=OPEN f=0x0 trk=0 r=[0@Point(0, 0)] c=[
02-19 19:04:30.495   752   794 V WindowManager:         {WCT{RemoteToken{58f5d87 Task{11d79c0 #78 type=standard A=10217:viva.republica.toss.test}}} m=TO_FRONT f=MOVE_TO_TOP leash=Surface(name=Task=78)/@0x6af51ab sb=Rect(0, 0 - 1080, 2400) eb=Rect(0, 0 - 1080, 2400) epz=Point(1080, 2400) d=0 taskParent=-1},
02-19 19:04:30.495   752   794 V WindowManager:         {WCT{RemoteToken{5218fe8 Task{dd43522 #1 type=home}}} m=TO_BACK f=SHOW_WALLPAPER leash=Surface(name=Task=1)/@0x8ddbd2e sb=Rect(0, 0 - 1080, 2400) eb=Rect(0, 0 - 1080, 2400) epz=Point(1080, 2400) d=0 taskParent=-1},
02-19 19:04:30.495   752   794 V WindowManager:         {m=TO_BACK f=IS_WALLPAPER leash=Surface(name=WallpaperWindowToken{35e0c0f showWhenLocked=false})/@0x512f5be sb=Rect(0, 0 - 1080, 2400) eb=Rect(0, 0 - 1080, 2400) epz=Point(1080, 2400) d=0}
02-19 19:04:30.495   752   794 V WindowManager:     ]}
02-19 19:04:30.495  4449 21898 V WindowManagerShell: onTransitionReady(transaction=3229815427998)
02-19 19:04:30.496  4449  4467 V WindowManagerShell: onTransitionReady (#726) android.os.BinderProxy@d83ad2d: {id=726 t=OPEN f=0x0 trk=0 r=[0@Point(0, 0)] c=[
02-19 19:04:30.496  4449  4467 V WindowManagerShell:         {m=TO_FRONT f=MOVE_TO_TOP leash=Surface(name=Task=78)/@0xb8d84f sb=Rect(0, 0 - 1080, 2400) eb=Rect(0, 0 - 1080, 2400) epz=Point(1080, 2400) d=0 taskParent=-1},
02-19 19:04:30.496  4449  4467 V WindowManagerShell:         {m=TO_BACK f=SHOW_WALLPAPER leash=Surface(name=Task=1)/@0xcb65bdc sb=Rect(0, 0 - 1080, 2400) eb=Rect(0, 0 - 1080, 2400) epz=Point(1080, 2400) d=0 taskParent=-1},
02-19 19:04:30.496  4449  4467 V WindowManagerShell:         {m=TO_BACK f=IS_WALLPAPER leash=Surface(name=WallpaperWindowToken{35e0c0f showWhenLocked=false})/@0x1ca54e5 sb=Rect(0, 0 - 1080, 2400) eb=Rect(0, 0 - 1080, 2400) epz=Point(1080, 2400) d=0}
02-19 19:04:30.496  4449  4467 V WindowManagerShell:     ]}
02-19 19:04:30.496  4449  4467 V WindowManagerShell: Playing animation for (#726) android.os.BinderProxy@d83ad2d@0
02-19 19:04:30.496  4449  4467 V ShellRecents: RecentsTransitionHandler.startAnimation: no controller found
02-19 19:04:30.496  4449  4467 V WindowManagerShell: Transition doesn't have explicit remote, search filters for match for {id=726 t=OPEN f=0x0 trk=0 r=[0@Point(0, 0)] c=[{m=TO_FRONT f=MOVE_TO_TOP leash=Surface(name=Task=78)/@0xb8d84f sb=Rect(0, 0 - 1080, 2400) eb=Rect(0, 0 - 1080, 2400) epz=Point(1080, 2400) d=0 taskParent=-1},{m=TO_BACK f=SHOW_WALLPAPER leash=Surface(name=Task=1)/@0xcb65bdc sb=Rect(0, 0 - 1080, 2400) eb=Rect(0, 0 - 1080, 2400) epz=Point(1080, 2400) d=0 taskParent=-1},{m=TO_BACK f=IS_WALLPAPER leash=Surface(name=WallpaperWindowToken{35e0c0f showWhenLocked=false})/@0x1ca54e5 sb=Rect(0, 0 - 1080, 2400) eb=Rect(0, 0 - 1080, 2400) epz=Point(1080, 2400) d=0}]}
02-19 19:04:30.496  4449  4467 V WindowManagerShell:  Checking filter Pair{{types=[] flags=0x0] notFlags=0x0 checks=[{atype=undefined independent=true modes=[CLOSE,TO_BACK] flags=IN_TASK_WITH_EMBEDDED_ACTIVITY mustBeTask=false order=ANY topActivity=null launchCookie=null taskFragmentToken=android.os.BinderProxy@dcfd27d windowingMode=undefined}]} RemoteTransition { remoteTransition = android.window.IRemoteTransition$Stub$Proxy@d4ce572, appThread = android.app.IApplicationThread$Stub$Proxy@fd29dc3, debugName = overlayBackTransition }}
02-19 19:04:30.497  4449  4467 V WindowManagerShell:  Checking filter Pair{{types=[] flags=0x0] notFlags=0x0 checks=[{atype=dream independent=true modes=[OPEN,TO_FRONT] flags=NONE mustBeTask=false order=ANY topActivity=null launchCookie=null windowingMode=undefined},{atype=home independent=true modes=[CLOSE,TO_BACK] flags=NONE mustBeTask=false order=ANY topActivity=null launchCookie=null windowingMode=undefined}]} RemoteTransition { remoteTransition = android.window.IRemoteTransition$Stub$Proxy@90c640, appThread = android.app.IApplicationThread$Stub$Proxy@f8c1979, debugName = LauncherToDream }}
02-19 19:04:30.497  4449  4467 V WindowManagerShell:  Checking filter Pair{{types=[] flags=0x0] notFlags=0x100 checks=[{atype=home independent=true modes=[OPEN,TO_FRONT] flags=NONE mustBeTask=false order=TOP topActivity=ComponentInfo{com.google.android.apps.nexuslauncher/com.google.android.apps.nexuslauncher.NexusLauncherActivity} launchCookie=null windowingMode=undefined},{atype=standard independent=true modes=[CLOSE,TO_BACK] flags=NONE mustBeTask=false order=ANY topActivity=null launchCookie=null windowingMode=undefined},{NOT atype=undefined independent=true modes=[] flags=NONE mustBeTask=true order=ANY topActivity=null launchCookie=null customAnim=true windowingMode=undefined}]} RemoteTransition { remoteTransition = android.window.IRemoteTransition$Stub$Proxy@affe6be, appThread = android.app.IApplicationThread$Stub$Proxy@c37531f, debugName = QuickstepLaunchHome }}
02-19 19:04:30.497  4449  4467 V WindowManagerShell:  Checking filter Pair{{types=[] flags=0x0] notFlags=0x0 checks=[{atype=undefined independent=true modes=[CLOSE,TO_BACK] flags=IN_TASK_WITH_EMBEDDED_ACTIVITY mustBeTask=false order=ANY topActivity=null launchCookie=null taskFragmentToken=android.os.BinderProxy@dcfd27d windowingMode=undefined}]} RemoteTransition { remoteTransition = android.window.IRemoteTransition$Stub$Proxy@3517b6e, appThread = android.app.IApplicationThread$Stub$Proxy@261420f, debugName = overlayBackTransition }}
02-19 19:04:30.497  4449  4467 V WindowManagerShell:  Checking filter Pair{{types=[] flags=0x0] notFlags=0x0 checks=[{atype=dream independent=true modes=[OPEN,TO_FRONT] flags=NONE mustBeTask=false order=ANY topActivity=null launchCookie=null windowingMode=undefined},{atype=home independent=true modes=[CLOSE,TO_BACK] flags=NONE mustBeTask=false order=ANY topActivity=null launchCookie=null windowingMode=undefined}]} RemoteTransition { remoteTransition = android.window.IRemoteTransition$Stub$Proxy@c23e29c, appThread = android.app.IApplicationThread$Stub$Proxy@afb34a5, debugName = LauncherToDream }}
02-19 19:04:30.497  4449  4467 V WindowManagerShell:  Checking filter Pair{{types=[] flags=0x0] notFlags=0x100 checks=[{atype=home independent=true modes=[OPEN,TO_FRONT] flags=NONE mustBeTask=false order=TOP topActivity=ComponentInfo{com.google.android.apps.nexuslauncher/com.google.android.apps.nexuslauncher.NexusLauncherActivity} launchCookie=null windowingMode=undefined},{atype=standard independent=true modes=[CLOSE,TO_BACK] flags=NONE mustBeTask=false order=ANY topActivity=null launchCookie=null windowingMode=undefined},{NOT atype=undefined independent=true modes=[] flags=NONE mustBeTask=true order=ANY topActivity=null launchCookie=null customAnim=true windowingMode=undefined}]} RemoteTransition { remoteTransition = android.window.IRemoteTransition$Stub$Proxy@39de07a, appThread = android.app.IApplicationThread$Stub$Proxy@cf9f02b, debugName = QuickstepLaunchHome }}
02-19 19:04:30.497  4449  4467 V WindowManagerShell:  Delegate animation for (#726) to null
02-19 19:04:30.497  4449  4467 V WindowManagerShell: start default transition animation, info = {id=726 t=OPEN f=0x0 trk=0 r=[0@Point(0, 0)] c=[{m=TO_FRONT f=MOVE_TO_TOP leash=Surface(name=Task=78)/@0xb8d84f sb=Rect(0, 0 - 1080, 2400) eb=Rect(0, 0 - 1080, 2400) epz=Point(1080, 2400) d=0 taskParent=-1},{m=TO_BACK f=SHOW_WALLPAPER leash=Surface(name=Task=1)/@0xcb65bdc sb=Rect(0, 0 - 1080, 2400) eb=Rect(0, 0 - 1080, 2400) epz=Point(1080, 2400) d=0 taskParent=-1},{m=TO_BACK f=IS_WALLPAPER leash=Surface(name=WallpaperWindowToken{35e0c0f showWhenLocked=false})/@0x1ca54e5 sb=Rect(0, 0 - 1080, 2400) eb=Rect(0, 0 - 1080, 2400) epz=Point(1080, 2400) d=0}]}
02-19 19:04:30.498  4449  4467 V WindowManagerShell: loadAnimation: anim=android.view.animation.AnimationSet@9d4aa6b animAttr=0x13 type=OPEN isEntrance=false
02-19 19:04:30.498  4449  4467 V WindowManagerShell: loadAnimation: anim=android.view.animation.AnimationSet@53b59c8 animAttr=0x12 type=OPEN isEntrance=true
02-19 19:04:30.575  4449  4467 V WindowManagerShell:  animated by com.android.wm.shell.transition.DefaultTransitionHandler@f74d823
02-19 19:04:30.918  4449  4467 V WindowManagerShell: Transition animation finished (aborted=false), notifying core (#726) android.os.BinderProxy@d83ad2d@0
02-19 19:04:30.928 16566 17751 W unknown:ReconnectingWebSocket: Couldn't connect to "ws://10.0.2.2:8081/message?device=sdk_gphone64_x86_64%20-%2016%20-%20API%2036&app=viva.republica.toss.test&clientid=BridgeDevSupportManager", will silently retry
02-19 19:04:31.021 16566 16576 E FrameEvents: addRelease: Did not find frame.
02-19 19:04:31.054  4449  4467 V WindowManagerShell: Track 0 became idle
02-19 19:04:31.060  4449  4467 V WindowManagerShell: All active transition animations finished
02-19 19:04:31.072  7804  7804 D VRI[NexusLauncherActivity]: visibilityChanged oldVisibility=true newVisibility=false
02-19 19:04:31.080  7804  7804 D NexusLauncherModelDelegate: notifySmartspaceEvent: SmartspaceTargetEvent{mSmartspaceTarget=null, mSmartspaceActionId='null', mEventType=7}
02-19 19:04:31.088   752   794 V WindowManager: Finish Transition (#726): created at 02-19 19:04:30.195 collect-started=0.079ms request-sent=10.55ms started=20.08ms ready=263.05ms sent=299.034ms commit=103.355ms finished=845.797ms
02-19 19:04:31.110  7804  7804 D BaseDepthController: setSurface:
02-19 19:04:31.110  7804  7804 D BaseDepthController: 	mWaitingOnSurfaceValidity: false
02-19 19:04:31.110  7804  7804 D BaseDepthController: 	mBaseSurface: null
02-19 19:04:31.110  7804  7804 D BaseDepthController: mSurface is null and mCurrentBlur is: 0
02-19 19:04:31.111  7804  7804 D StateManager: goToState - fromState: Normal, toState: Normal, partial trace:
02-19 19:04:31.111  7804  7804 D StateManager: 	at com.android.launcher3.statemanager.StateManager.moveToRestState(go/retraceme 72a59688580715d19f0e415c69e80376c2f062d1648c80db6730905005a27c20:4)
02-19 19:04:31.111  7804  7804 D StateManager: 	at com.android.launcher3.statemanager.StateManager.moveToRestState(go/retraceme 72a59688580715d19f0e415c69e80376c2f062d1648c80db6730905005a27c20:1)
02-19 19:04:31.111  7804  7804 D StateManager: 	at com.android.launcher3.statemanager.StatefulActivity.onStop(go/retraceme 72a59688580715d19f0e415c69e80376c2f062d1648c80db6730905005a27c20:34)
02-19 19:04:31.112  7804  7804 D StatsLog: LAUNCHER_ONSTOP
02-19 19:04:31.117  7804  7804 D StatsLog: LAUNCHER_GOOGLE_SEARCH_RESTORE_LIST_SIZE_AFTER_ACTIVITY_RESTART
02-19 19:04:31.140   752  1095 D BackgroundInstallControlService: Package event received: 0
02-19 19:04:31.176   531   531 E SurfaceFlinger: Out of order buffers detected for RequestedLayerState{viva.republica.toss.test/im.toss.rn.granite.core.GraniteActivity#6163 parentId=6162} producedId=32 frameNumber=17 -> producedId=32 frameNumber=2
02-19 19:04:31.192   531   531 E SurfaceFlinger: Out of order buffers detected for RequestedLayerState{viva.republica.toss.test/im.toss.rn.granite.core.GraniteActivity#6163 parentId=6162} producedId=32 frameNumber=17 -> producedId=32 frameNumber=3
02-19 19:04:31.240   752   989 I ImeTracker: viva.republica.toss.test:77e11ecf: onRequestHide at ORIGIN_SERVER reason HIDE_UNSPECIFIED_WINDOW fromUser false
02-19 19:04:31.251   752  1456 I ImeTracker: system_server:b7bb5593: onRequestHide at ORIGIN_SERVER reason IME_REQUESTED_CHANGED_LISTENER fromUser false
02-19 19:04:31.253   752   797 I ImeTracker: system_server:b7bb5593: onCancelled at PHASE_SERVER_SHOULD_HIDE
02-19 19:04:31.256  1563  1563 I GoogleInputMethodService: GoogleInputMethodService.onFinishInput():2043 
02-19 19:04:31.261 16566 16566 D InsetsController: hide(ime(), fromIme=false)
02-19 19:04:31.261 16566 16566 I ImeTracker: viva.republica.toss.test:77e11ecf: onCancelled at PHASE_CLIENT_ALREADY_HIDDEN
02-19 19:04:31.267  1563  1563 I Module  : DeviceLockedStatusModuleProvider$Module.updateDeviceLockedStatus():100 repeatCheckTimes = 0, locked = false
02-19 19:04:31.268  1563  1563 I GoogleInputMethodService: GoogleInputMethodService.onStartInput():1293 onStartInput(EditorInfo{EditorInfo{packageName=viva.republica.toss.test, inputType=0, inputTypeString=NULL, enableLearning=false, autoCorrection=false, autoComplete=false, imeOptions=0, privateImeOptions=null, actionName=UNSPECIFIED, actionLabel=null, initialSelStart=-1, initialSelEnd=-1, initialCapsMode=0, label=null, fieldId=0, fieldName=null, extras=null, hintText=null, hintLocales=[]}}, false)
02-19 19:04:31.280  1563  1563 I Module  : DeviceLockedStatusModuleProvider$Module.updateDeviceLockedStatus():100 repeatCheckTimes = 1, locked = false
02-19 19:04:31.285  1563  1563 I EmojiCompatManager: EmojiCompatManager.getEmojiCompatIfLoaded():343 EmojiCompat.init() was never called.
02-19 19:04:31.285  1563  1563 I EmojiCompatManager: java.lang.IllegalStateException: EmojiCompat is not initialized. Please call EmojiCompat.init() first
02-19 19:04:31.285  1563  1563 I EmojiCompatManager: 	at asx.p(PG:6)
02-19 19:04:31.285  1563  1563 I EmojiCompatManager: 	at axb.b(PG:13)
02-19 19:04:31.285  1563  1563 I EmojiCompatManager: 	at jnr.b(PG:2)
02-19 19:04:31.285  1563  1563 I EmojiCompatManager: 	at jnr.c(PG:4)
02-19 19:04:31.285  1563  1563 I EmojiCompatManager: 	at jnr.f(PG:3)
02-19 19:04:31.285  1563  1563 I EmojiCompatManager: 	at jnx.c(PG:3)
02-19 19:04:31.285  1563  1563 I EmojiCompatManager: 	at kif.cz(PG:47)
02-19 19:04:31.285  1563  1563 I EmojiCompatManager: 	at lhl.run(PG:1025)
02-19 19:04:31.285  1563  1563 I EmojiCompatManager: 	at jaf.execute(PG:12)
02-19 19:04:31.285  1563  1563 I EmojiCompatManager: 	at nco.v(PG:13)
02-19 19:04:31.285  1563  1563 I EmojiCompatManager: 	at lhn.m(PG:96)
02-19 19:04:31.285  1563  1563 I EmojiCompatManager: 	at lhn.k(PG:25)
02-19 19:04:31.285  1563  1563 I EmojiCompatManager: 	at kgn.onStartInput(PG:250)
02-19 19:04:31.285  1563  1563 I EmojiCompatManager: 	at android.inputmethodservice.InputMethodService.doStartInput(InputMethodService.java:3521)
02-19 19:04:31.285  1563  1563 I EmojiCompatManager: 	at android.inputmethodservice.InputMethodService$InputMethodImpl.startInput(InputMethodService.java:879)
02-19 19:04:31.285  1563  1563 I EmojiCompatManager: 	at android.inputmethodservice.InputMethodService$InputMethodImpl.dispatchStartInput(InputMethodService.java:908)
02-19 19:04:31.285  1563  1563 I EmojiCompatManager: 	at android.inputmethodservice.IInputMethodWrapper.executeMessage(IInputMethodWrapper.java:201)
02-19 19:04:31.285  1563  1563 I EmojiCompatManager: 	at com.android.internal.os.HandlerCaller$MyHandler.handleMessage(HandlerCaller.java:44)
02-19 19:04:31.285  1563  1563 I EmojiCompatManager: 	at android.os.Handler.dispatchMessage(Handler.java:110)
02-19 19:04:31.285  1563  1563 I EmojiCompatManager: 	at android.os.Looper.loopOnce(Looper.java:248)
02-19 19:04:31.285  1563  1563 I EmojiCompatManager: 	at android.os.Looper.loop(Looper.java:338)
02-19 19:04:31.285  1563  1563 I EmojiCompatManager: 	at android.app.ActivityThread.main(ActivityThread.java:9067)
02-19 19:04:31.285  1563  1563 I EmojiCompatManager: 	at java.lang.reflect.Method.invoke(Native Method)
02-19 19:04:31.285  1563  1563 I EmojiCompatManager: 	at com.android.internal.os.RuntimeInit$MethodAndArgsCaller.run(RuntimeInit.java:593)
02-19 19:04:31.285  1563  1563 I EmojiCompatManager: 	at com.android.internal.os.ZygoteInit.main(ZygoteInit.java:932)
02-19 19:04:31.292   752  2377 W PackageConfigPersister: App-specific configuration not found for packageName: viva.republica.toss.test and userId: 0
02-19 19:04:31.392   531   531 E SurfaceFlinger: Out of order buffers detected for RequestedLayerState{viva.republica.toss.test/im.toss.rn.granite.core.GraniteActivity#6163 parentId=6162} producedId=32 frameNumber=17 -> producedId=32 frameNumber=4
02-19 19:04:31.434 16566 17667 D ReactNativeJS: '[Analytics]', '{\n  "log_type": "screen",\n  "log_name": "/::screen",\n  "params": {\n    "referrer": null,\n    "deployment_id": "local",\n    "deployment_timestamp": null\n  }\n}'
02-19 19:04:33.510   531   568 W EventThread: Faking VSYNC due to driver stall for thread app
02-19 19:04:33.581   531   531 E SurfaceFlinger: Out of order buffers detected for RequestedLayerState{viva.republica.toss.test/im.toss.rn.granite.core.GraniteActivity#6163 parentId=6162} producedId=32 frameNumber=17 -> producedId=32 frameNumber=5
02-19 19:04:33.600 17753 17753 W dumpsys : Thread Pool max thread count is 0. Cannot cache binder as linkToDeath cannot be implemented. serviceName: window
02-19 19:04:33.616   531   531 E SurfaceFlinger: Out of order buffers detected for RequestedLayerState{viva.republica.toss.test/im.toss.rn.granite.core.GraniteActivity#6163 parentId=6162} producedId=32 frameNumber=17 -> producedId=32 frameNumber=6
02-19 19:04:33.648   531   531 E SurfaceFlinger: Out of order buffers detected for RequestedLayerState{viva.republica.toss.test/im.toss.rn.granite.core.GraniteActivity#6163 parentId=6162} producedId=32 frameNumber=17 -> producedId=32 frameNumber=7
02-19 19:04:33.665   531   531 E SurfaceFlinger: Out of order buffers detected for RequestedLayerState{viva.republica.toss.test/im.toss.rn.granite.core.GraniteActivity#6163 parentId=6162} producedId=32 frameNumber=17 -> producedId=32 frameNumber=8
02-19 19:04:33.693   531   531 E SurfaceFlinger: Out of order buffers detected for RequestedLayerState{viva.republica.toss.test/im.toss.rn.granite.core.GraniteActivity#6163 parentId=6162} producedId=32 frameNumber=17 -> producedId=32 frameNumber=9
02-19 19:04:33.706   752  2505 I system_server: AssetManager2(0x7d8fac4ed618) locale list changing from [] to [en-US]
02-19 19:04:33.712   531   531 E SurfaceFlinger: Out of order buffers detected for RequestedLayerState{viva.republica.toss.test/im.toss.rn.granite.core.GraniteActivity#6163 parentId=6162} producedId=32 frameNumber=17 -> producedId=32 frameNumber=10
02-19 19:04:33.727   531   531 E SurfaceFlinger: Out of order buffers detected for RequestedLayerState{viva.republica.toss.test/im.toss.rn.granite.core.GraniteActivity#6163 parentId=6162} producedId=32 frameNumber=17 -> producedId=32 frameNumber=11
02-19 19:04:33.743   531   531 E SurfaceFlinger: Out of order buffers detected for RequestedLayerState{viva.republica.toss.test/im.toss.rn.granite.core.GraniteActivity#6163 parentId=6162} producedId=32 frameNumber=17 -> producedId=32 frameNumber=12
02-19 19:04:33.764   531   531 E SurfaceFlinger: Out of order buffers detected for RequestedLayerState{viva.republica.toss.test/im.toss.rn.granite.core.GraniteActivity#6163 parentId=6162} producedId=32 frameNumber=17 -> producedId=32 frameNumber=13
02-19 19:04:33.792   531   531 E SurfaceFlinger: Out of order buffers detected for RequestedLayerState{viva.republica.toss.test/im.toss.rn.granite.core.GraniteActivity#6163 parentId=6162} producedId=32 frameNumber=17 -> producedId=32 frameNumber=14
02-19 19:04:33.811   531   531 E SurfaceFlinger: Out of order buffers detected for RequestedLayerState{viva.republica.toss.test/im.toss.rn.granite.core.GraniteActivity#6163 parentId=6162} producedId=32 frameNumber=17 -> producedId=32 frameNumber=15
02-19 19:04:33.831   531   531 E SurfaceFlinger: Out of order buffers detected for RequestedLayerState{viva.republica.toss.test/im.toss.rn.granite.core.GraniteActivity#6163 parentId=6162} producedId=32 frameNumber=17 -> producedId=32 frameNumber=16
02-19 19:04:33.887   752  2505 I system_server: AssetManager2(0x7d8fac4c4c18) locale list changing from [] to [en-US]
02-19 19:04:33.964   752  2505 I system_server: AssetManager2(0x7d8fac4524d8) locale list changing from [] to [en-US]
02-19 19:04:34.122   752  2505 I system_server: AssetManager2(0x7d8fac44c718) locale list changing from [] to [en-US]
02-19 19:04:34.129   752  2505 I system_server: AssetManager2(0x7d8fac445058) locale list changing from [] to [en-US]
02-19 19:04:34.152   752  2505 I system_server: AssetManager2(0x7d8fac4446f8) locale list changing from [] to [en-US]
02-19 19:04:34.359   752  1856 E TaskPersister: File error accessing recents directory (directory doesn't exist?).
02-19 19:04:34.575  7804  7939 D OverviewCommandHelper: command added: CommandInfo(type=TOGGLE, status=IDLE, createTime=106948421, animationCallbacks=null, displayId=0, isLastOfBatch=true)
02-19 19:04:34.575  7804  7939 D OverviewCommandHelper: execute: CommandInfo(type=TOGGLE, status=IDLE, createTime=106948421, animationCallbacks=null, displayId=0, isLastOfBatch=true) - queue size: 1
02-19 19:04:34.576  7804  7804 D OverviewCommandHelper: executing command: CommandInfo(type=TOGGLE, status=PROCESSING, createTime=106948421, animationCallbacks=null, displayId=0, isLastOfBatch=true)
02-19 19:04:34.577  7804  7804 D OverviewCommandHelper: executeCommand: CommandInfo(type=TOGGLE, status=PROCESSING, createTime=106948421, animationCallbacks=null, displayId=0, isLastOfBatch=true) - visibleRecentsView: null
02-19 19:04:34.577  7804  7804 D OverviewCommandHelper: Querying TaskbarManager for TaskbarUIController for display: 0
02-19 19:04:34.577  7804  7804 D OverviewCommandHelper: TaskbarUIController for display 0 was found
02-19 19:04:34.588  7804  7804 D ContextTracker: Registering callback: com.android.launcher3.LauncherInitListener@6a3f752, reason=OverviewCommandHelper: command.type=TOGGLE
02-19 19:04:34.589  4449  4449 I vol.VolumeDialogImpl: mDialog.dismiss() reason: volume_controller from: com.android.systemui.volume.VolumeDialogImpl$7.onDismissRequested:3
02-19 19:04:34.589  7804  7804 D RecentsView: onGestureAnimationStart - groupedTaskInfo: Desk ID= -1, Desk Display ID=-1, Tasks=[id=78 winMode=fullscreen visReq=true vis=true excluded=false baseIntent=viva.republica.toss.test/im.toss.rn.granite.core.GraniteActivity], Type=FULLSCREEN, Minimized Task IDs=null
02-19 19:04:34.591  7804  7804 D RecentsView: showCurrentTask(onGestureAnimationStart) - groupedTaskInfo: Desk ID= -1, Desk Display ID=-1, Tasks=[id=78 winMode=fullscreen visReq=true vis=true excluded=false baseIntent=viva.republica.toss.test/im.toss.rn.granite.core.GraniteActivity], Type=FULLSCREEN, Minimized Task IDs=null
02-19 19:04:34.591  7804  7804 D OverviewActionsView: updateForGroupedTask() called with: isGroupedTask = [false], canSaveAppPair = [false]
02-19 19:04:34.591  7804  7804 D OverviewActionsView: updateActionButtonsVisibility() called: showSingleTaskActions = [true], showGroupActions = [false]
02-19 19:04:34.592  7804  7804 D RecentsView: reloadIfNeeded - getTasks: 349
02-19 19:04:34.594  7804  7804 D RecentsView: onGestureAnimationStart - groupedTaskInfo: Desk ID= -1, Desk Display ID=-1, Tasks=[id=78 winMode=fullscreen visReq=true vis=true excluded=false baseIntent=viva.republica.toss.test/im.toss.rn.granite.core.GraniteActivity], Type=FULLSCREEN, Minimized Task IDs=null
02-19 19:04:34.594  7804  7804 D RecentsView: showCurrentTask(onGestureAnimationStart) - groupedTaskInfo: Desk ID= -1, Desk Display ID=-1, Tasks=[id=78 winMode=fullscreen visReq=true vis=true excluded=false baseIntent=viva.republica.toss.test/im.toss.rn.granite.core.GraniteActivity], Type=FULLSCREEN, Minimized Task IDs=null
02-19 19:04:34.594  7804  7804 D OverviewActionsView: updateForGroupedTask() called with: isGroupedTask = [false], canSaveAppPair = [false]
02-19 19:04:34.594  7804  7804 D OverviewActionsView: updateActionButtonsVisibility() called: showSingleTaskActions = [true], showGroupActions = [false]
02-19 19:04:34.595  7804  7804 D RecentsView: reloadIfNeeded - task list still valid: 349
02-19 19:04:34.595  7804  7804 D OverviewCommandHelper: switching via recents animation - onGestureStarted: CommandInfo(type=TOGGLE, status=PROCESSING, createTime=106948421, animationCallbacks=com.android.quickstep.RecentsAnimationCallbacks@d126014, displayId=0, isLastOfBatch=true)
02-19 19:04:34.595  7804  7804 D OverviewCommandHelper: command executed: CommandInfo(type=TOGGLE, status=PROCESSING, createTime=106948421, animationCallbacks=com.android.quickstep.RecentsAnimationCallbacks@d126014, displayId=0, isLastOfBatch=true) with result: false
02-19 19:04:34.595  7804  7804 D OverviewCommandHelper: waiting for command callback: CommandInfo(type=TOGGLE, status=PROCESSING, createTime=106948421, animationCallbacks=com.android.quickstep.RecentsAnimationCallbacks@d126014, displayId=0, isLastOfBatch=true)
02-19 19:04:34.596  7804  7804 D RecentsView: applyLoadPlan - taskGroups: [type=SINGLE task=[id=12 windowingMode=0 user=0 lastActiveTime=89737] null, type=SINGLE task=[id=49 windowingMode=1 user=0 lastActiveTime=87698314] null, type=SINGLE task=[id=78 windowingMode=1 user=0 lastActiveTime=106944073] null]
02-19 19:04:34.596  4449  4467 V ShellRecents: RecentsTransitionHandler.startRecentsTransition
02-19 19:04:34.597  4449  4467 V WindowManagerShell: Directly starting a new transition type=TO_FRONT wct=WindowContainerTransaction { changes= {} hops= [{pendingIntent: options=Bundle[{android.activity.splashScreenStyle=-1, android.activity.sourceInfo=Supplier{VAL_PARCELABLE@148+104}, android.pendingIntent.backgroundActivityAllowed=3, android:activity.animAbortListener=null, android.activity.transientLaunch=true}]}] errorCallbackToken=null taskFragmentOrganizer=null } handler=com.android.wm.shell.recents.RecentsTransitionHandler@bc47314
02-19 19:04:34.608   531   531 I BpBinder: onLastStrongRef automatically unlinking death recipients: 
02-19 19:04:34.612   752  1095 D BackgroundInstallControlService: Package event received: 0
02-19 19:04:34.612   752  1095 D BackgroundInstallControlService: Package event received: 0
02-19 19:04:34.612  7804  7804 D ViewRootImpl: Skipping stats log for color mode
02-19 19:04:34.612  4449  4449 I vol.VolumeDialogImpl: mDialog.dismiss() reason: volume_controller from: com.android.systemui.volume.VolumeDialogImpl$7.onDismissRequested:3
02-19 19:04:34.612  4449  4449 D vol.VolumeDialogImpl: dismissH: skipping dismiss because isAnimatingDismiss is true and showingStateInconsistent is false
02-19 19:04:34.613  4449  4467 V ShellRecents: [219735914] RecentsController.setTransition: id=android.os.BinderProxy@b534155
02-19 19:04:34.614  7804  7804 D StateManager: goToState - fromState: Normal, toState: Background, partial trace:
02-19 19:04:34.614  7804  7804 D StateManager: 	at com.android.quickstep.BaseActivityInterface$DefaultAnimationFactory.initBackgroundStateUI(go/retraceme 72a59688580715d19f0e415c69e80376c2f062d1648c80db6730905005a27c20:39)
02-19 19:04:34.614  7804  7804 D StateManager: 	at com.android.quickstep.LauncherActivityInterface.prepareRecentsUI(go/retraceme 72a59688580715d19f0e415c69e80376c2f062d1648c80db6730905005a27c20:9)
02-19 19:04:34.614  7804  7804 D StateManager: 	at com.android.quickstep.AbsSwipeUpHandler.lambda$onLauncherStart$7(go/retraceme 72a59688580715d19f0e415c69e80376c2f062d1648c80db6730905005a27c20:11)
02-19 19:04:34.614  7804  7804 D StateManager: onStateTransitionStart - state: Background
02-19 19:04:34.616   752  1095 D BackgroundInstallControlService: Package event received: 0
02-19 19:04:34.617  7804  7804 D BaseDepthController: mSurface is null and mCurrentBlur is: 0
02-19 19:04:34.619  7804  7804 D KeyboardInsetsHandler: setState, toState:Background StateManager(mLastStableState:Normal, mCurrentStableState:Normal, mState:Background, mRestState:Normal, isInTransition:false)
02-19 19:04:34.620  7804  7804 D StateManager: onStateTransitionEnd - state: Background
02-19 19:04:35.981   531   569 W EventThread: Faking VSYNC due to driver stall for thread appSf
02-19 19:04:35.981   531   568 W EventThread: Faking VSYNC due to driver stall for thread app
02-19 19:04:35.981  7804  7804 I Choreographer: Skipped 81 frames!  The application may be doing too much work on its main thread.
02-19 19:04:35.982  4449  4449 I Choreographer: Skipped 81 frames!  The application may be doing too much work on its main thread.
02-19 19:04:35.982 16566 16566 I Choreographer: Skipped 81 frames!  The application may be doing too much work on its main thread.
02-19 19:04:35.983  7804  7804 D RecentsView: updateTaskStackListenerState: true
02-19 19:04:35.984  7804  7804 D RecentsView: reloadIfNeeded - task list still valid: 349
02-19 19:04:35.985  7804  7804 D NexusLauncherModelDelegate: notifySmartspaceEvent: SmartspaceTargetEvent{mSmartspaceTarget=null, mSmartspaceActionId='null', mEventType=6}
02-19 19:04:36.049  7804  7804 D BaseDepthController: setSurface:
02-19 19:04:36.049  7804  7804 D BaseDepthController: 	mWaitingOnSurfaceValidity: false
02-19 19:04:36.049  7804  7804 D BaseDepthController: 	mBaseSurface: Surface(name=com.google.android.apps.nexuslauncher/com.google.android.apps.nexuslauncher.NexusLauncherActivity)/@0x6e8fc4f
02-19 19:04:36.085  7804  7804 D ActivityAllAppsContainerView: rebindAdapters: force: false
02-19 19:04:36.085   531   603 I BpBinder: onLastStrongRef automatically unlinking death recipients: 
02-19 19:04:36.085  7804  7804 D ActivityAllAppsContainerView: rebindAdapters: Not needed.
02-19 19:04:36.093   531   531 I BpBinder: onLastStrongRef automatically unlinking death recipients: 
02-19 19:04:36.096  4449 22842 V WindowManagerShell: onTransitionReady(transaction=3229815428038)
02-19 19:04:36.098  4449  4467 V WindowManagerShell: onTransitionReady (#727) android.os.BinderProxy@b534155: {id=727 t=TO_FRONT f=0x80 trk=0 r=[0@Point(0, 0)] c=[
02-19 19:04:36.098  4449  4467 V WindowManagerShell:         {m=TO_FRONT f=SHOW_WALLPAPER|MOVE_TO_TOP leash=Surface(name=Task=1)/@0x19045b sb=Rect(0, 0 - 1080, 2400) eb=Rect(0, 0 - 1080, 2400) epz=Point(1080, 2400) d=0 taskParent=-1},
02-19 19:04:36.098  4449  4467 V WindowManagerShell:         {m=TO_BACK f=NONE leash=Surface(name=Task=78)/@0x35cc4f8 sb=Rect(0, 0 - 1080, 2400) eb=Rect(0, 0 - 1080, 2400) epz=Point(1080, 2400) d=0 taskParent=-1},
02-19 19:04:36.098  4449  4467 V WindowManagerShell:         {m=TO_FRONT f=IS_WALLPAPER leash=Surface(name=WallpaperWindowToken{35e0c0f showWhenLocked=false})/@0x2539dd1 sb=Rect(0, 0 - 1080, 2400) eb=Rect(0, 0 - 1080, 2400) epz=Point(1080, 2400) d=0}
02-19 19:04:36.098  4449  4467 V WindowManagerShell:     ]}
02-19 19:04:36.099   752   794 V WindowManager: Sent Transition (#727) createdAt=02-19 19:04:34.601
02-19 19:04:36.099   752   794 V WindowManager:     startWCT=WindowContainerTransaction { changes= {} hops= [{pendingIntent: options=Bundle[{android.activity.splashScreenStyle=-1, android.activity.sourceInfo=android.app.ActivityOptions$SourceInfo@feb45ec, android.pendingIntent.backgroundActivityAllowed=3, android:activity.animAbortListener=null, android.activity.transientLaunch=true}]}] errorCallbackToken=null taskFragmentOrganizer=null }
02-19 19:04:36.099   752   794 V WindowManager:     info={id=727 t=TO_FRONT f=0x80 trk=0 r=[0@Point(0, 0)] c=[
02-19 19:04:36.099   752   794 V WindowManager:         {WCT{RemoteToken{5218fe8 Task{dd43522 #1 type=home}}} m=TO_FRONT f=SHOW_WALLPAPER|MOVE_TO_TOP leash=Surface(name=Task=1)/@0x8ddbd2e sb=Rect(0, 0 - 1080, 2400) eb=Rect(0, 0 - 1080, 2400) epz=Point(1080, 2400) d=0 taskParent=-1},
02-19 19:04:36.099   752   794 V WindowManager:         {WCT{RemoteToken{58f5d87 Task{11d79c0 #78 type=standard A=10217:viva.republica.toss.test}}} m=TO_BACK f=NONE leash=Surface(name=Task=78)/@0x6af51ab sb=Rect(0, 0 - 1080, 2400) eb=Rect(0, 0 - 1080, 2400) epz=Point(1080, 2400) d=0 taskParent=-1},
02-19 19:04:36.099   752   794 V WindowManager:         {m=TO_FRONT f=IS_WALLPAPER leash=Surface(name=WallpaperWindowToken{35e0c0f showWhenLocked=false})/@0x512f5be sb=Rect(0, 0 - 1080, 2400) eb=Rect(0, 0 - 1080, 2400) epz=Point(1080, 2400) d=0}
02-19 19:04:36.099   752   794 V WindowManager:     ]}
02-19 19:04:36.101  4449  4467 V WindowManagerShell: Playing animation for (#727) android.os.BinderProxy@b534155@0
02-19 19:04:36.101  4449  4467 V WindowManagerShell:  try firstHandler com.android.wm.shell.recents.RecentsTransitionHandler@bc47314
02-19 19:04:36.101  4449  4467 V ShellRecents: [219735914] RecentsController.start
02-19 19:04:36.102  4449  4467 V ShellRecents:   not handling home taskId=1
02-19 19:04:36.103  4449  4467 V ShellRecents:   adding pausing leaf taskId=78 at layer=8
02-19 19:04:36.105  4449  4467 V ShellRecents: Applying transaction=3229815428038
02-19 19:04:36.106  4449  4467 V ShellRecents: No matching remote found to takeover (#727)
02-19 19:04:36.107  4449  4467 V ShellSplitScreen: getSplitBoundsForTaskId: expected split bounds for taskId=78 but not found
02-19 19:04:36.107  4449  4467 V ShellRecents: [219735914] RecentsController.start: calling onAnimationStart with 2 apps
02-19 19:04:36.110  7804  7947 I HWUI    : Davey! duration=1467ms; Flags=1, FrameTimelineVsyncId=1913187, IntendedVsync=106948471328918, Vsync=106949821328864, InputEventId=0, HandleInputStart=106949829188060, AnimationStart=106949829189624, PerformTraversalsStart=106949829453203, DrawStart=106949907814769, FrameDeadline=106948487995584, FrameStartTime=106949828305481, FrameInterval=16666666, WorkloadTarget=16666666, SyncQueued=106949918888997, SyncStart=106949919740244, IssueDrawCommandsStart=106949919809670, SwapBuffers=106949920994133, FrameCompleted=106949939881271, DequeueBufferDuration=12548, QueueBufferDuration=496486, GpuCompleted=106949939881271, SwapBuffersCompleted=106949929082114, DisplayPresentTime=0, CommandSubmissionCompleted=106949920994133, 
02-19 19:04:36.111  4449  4467 V WindowManagerShell:  animated by firstHandler
02-19 19:04:36.112  7804  7804 D OverviewCommandHelper: recents animation started: CommandInfo(type=TOGGLE, status=PROCESSING, createTime=106948421, animationCallbacks=com.android.quickstep.RecentsAnimationCallbacks@d126014, displayId=0, isLastOfBatch=true)
02-19 19:04:36.112  7804  7804 D StatsLog: LAUNCHER_OVERVIEW_SHOW_OVERVIEW_FROM_3_BUTTON
02-19 19:04:36.113  7804  7804 D OverviewCommandHelper: recents animation started - onInitBackgroundStateUI: CommandInfo(type=TOGGLE, status=PROCESSING, createTime=106948421, animationCallbacks=com.android.quickstep.RecentsAnimationCallbacks@d126014, displayId=0, isLastOfBatch=true)
02-19 19:04:36.114  7804  7804 D RemoteTargetGluer: appCount: 1 handleLength: 4
02-19 19:04:36.114  7804  7804 D RemoteTargetGluer: resizing handles
02-19 19:04:36.114  7804  7804 D RemoteTargetGluer: containsSplitTargets? false handleLength: 1 appsLength: 1
02-19 19:04:36.114  7804  7804 D RecentsView: setRecentsAnimationTargets - recentsAnimationController: com.android.quickstep.RecentsAnimationController@4e3572, recentsAnimationTargets: com.android.quickstep.RecentsAnimationTargets@dc1adc3
02-19 19:04:36.115  7804  7804 D RemoteTargetGluer: appCount: 1 handleLength: 1
02-19 19:04:36.115  7804  7804 D RemoteTargetGluer: containsSplitTargets? false handleLength: 1 appsLength: 1
02-19 19:04:36.122  4449  4467 V WindowManagerShell: Transition requested (#728): android.os.BinderProxy@b6af9c2 TransitionRequestInfo { type = TO_FRONT, triggerTask = null, pipChange = null, remoteTransition = null, displayChange = null, flags = 0, debugId = 728 }
02-19 19:04:36.159  7804  7804 D RecentsView: onPrepareGestureEndAnimation - endTarget: RECENTS
02-19 19:04:36.181   752   794 V WindowManager: Sent Transition (#728) createdAt=02-19 19:04:36.120 via request=TransitionRequestInfo { type = TO_FRONT, triggerTask = null, pipChange = null, remoteTransition = null, displayChange = null, flags = 0, debugId = 728 }
02-19 19:04:36.181   752   794 V WindowManager:     startWCT=WindowContainerTransaction { changes= {} hops= [] errorCallbackToken=null taskFragmentOrganizer=null }
02-19 19:04:36.183   752   794 V WindowManager:     info={id=728 t=TO_FRONT f=0x0 trk=0 r=[0@Point(0, 0)] c=[
02-19 19:04:36.183   752   794 V WindowManager:         {WCT{RemoteToken{58f5d87 Task{11d79c0 #78 type=standard A=10217:viva.republica.toss.test}}} m=CHANGE f=MOVE_TO_TOP leash=Surface(name=Task=78)/@0x6af51ab sb=Rect(0, 0 - 1080, 2400) eb=Rect(0, 0 - 1080, 2400) epz=Point(1080, 2400) d=0 taskParent=-1},
02-19 19:04:36.183   752   794 V WindowManager:         {WCT{RemoteToken{5218fe8 Task{dd43522 #1 type=home}}} m=TO_BACK f=SHOW_WALLPAPER leash=Surface(name=Task=1)/@0x8ddbd2e sb=Rect(0, 0 - 1080, 2400) eb=Rect(0, 0 - 1080, 2400) epz=Point(1080, 2400) d=0 taskParent=-1},
02-19 19:04:36.183   752   794 V WindowManager:         {m=TO_BACK f=IS_WALLPAPER leash=Surface(name=WallpaperWindowToken{35e0c0f showWhenLocked=false})/@0x512f5be sb=Rect(0, 0 - 1080, 2400) eb=Rect(0, 0 - 1080, 2400) epz=Point(1080, 2400) d=0}
02-19 19:04:36.183   752   794 V WindowManager:     ]}
02-19 19:04:36.184  4449  4532 V WindowManagerShell: onTransitionReady(transaction=3229815428045)
02-19 19:04:36.186  4449  4467 V WindowManagerShell: onTransitionReady (#728) android.os.BinderProxy@b6af9c2: {id=728 t=TO_FRONT f=0x0 trk=0 r=[0@Point(0, 0)] c=[
02-19 19:04:36.186  4449  4467 V WindowManagerShell:         {m=CHANGE f=MOVE_TO_TOP leash=Surface(name=Task=78)/@0x2b1a3d3 sb=Rect(0, 0 - 1080, 2400) eb=Rect(0, 0 - 1080, 2400) epz=Point(1080, 2400) d=0 taskParent=-1},
02-19 19:04:36.186  4449  4467 V WindowManagerShell:         {m=TO_BACK f=SHOW_WALLPAPER leash=Surface(name=Task=1)/@0xdbf3b10 sb=Rect(0, 0 - 1080, 2400) eb=Rect(0, 0 - 1080, 2400) epz=Point(1080, 2400) d=0 taskParent=-1},
02-19 19:04:36.186  4449  4467 V WindowManagerShell:         {m=TO_BACK f=IS_WALLPAPER leash=Surface(name=WallpaperWindowToken{35e0c0f showWhenLocked=false})/@0xccb3609 sb=Rect(0, 0 - 1080, 2400) eb=Rect(0, 0 - 1080, 2400) epz=Point(1080, 2400) d=0}
02-19 19:04:36.186  4449  4467 V WindowManagerShell:     ]}
02-19 19:04:36.189  4449  4467 V WindowManagerShell: Transition (#728) android.os.BinderProxy@b6af9c2@0 ready while (#727) android.os.BinderProxy@b534155@0 is still animating. Notify the animating transition in case they can be merged
02-19 19:04:36.190  4449  4467 V ShellRecents: [219735914] RecentsController.merge
02-19 19:04:36.207  4449  4467 V ShellRecents:   opening pausing leaf taskId=78
02-19 19:04:36.208  4449  4467 V ShellRecents: [219735914] RecentsController.merge: empty pausing tasks
02-19 19:04:36.208  4449  4467 V ShellRecents: [219735914] RecentsController.merge: consuming merge
02-19 19:04:36.208  4449  4467 V WindowManagerShell: Transition was merged: (#728) android.os.BinderProxy@b6af9c2@0 into (#727) android.os.BinderProxy@b534155@0
02-19 19:04:36.208  4449  4467 V ShellRecents: [219735914] RecentsController.merge: calling onTasksAppeared
02-19 19:04:36.209  4449  4467 V ShellRecents: [219735914] RecentsController.setInputConsumerEnabled: set focus to recents
02-19 19:04:36.245  7804  7804 D StateManager: cancelAnimation - with ongoing animation, partial trace:
02-19 19:04:36.245  7804  7804 D StateManager: 	at com.android.launcher3.statemanager.StateManager.setCurrentAnimation(go/retraceme 72a59688580715d19f0e415c69e80376c2f062d1648c80db6730905005a27c20:15)
02-19 19:04:36.245  7804  7804 D StateManager: 	at com.android.quickstep.TaskViewUtils.composeRecentsLaunchAnimator(go/retraceme 72a59688580715d19f0e415c69e80376c2f062d1648c80db6730905005a27c20:129)
02-19 19:04:36.245  7804  7804 D StateManager: 	at com.android.quickstep.views.RecentsView.launchSideTaskInLiveTileMode(go/retraceme 72a59688580715d19f0e415c69e80376c2f062d1648c80db6730905005a27c20:35)
02-19 19:04:36.254  1563  1563 I StylusModule: StylusModule.onUpdateToolType():801 Update tool type = 0
02-19 19:04:36.267  7804  7804 D KeyboardInsetsHandler: setState, toState:Background StateManager(mLastStableState:Normal, mCurrentStableState:Background, mState:Background, mRestState:Normal, isInTransition:false)
02-19 19:04:36.268  7804  7804 D StateManager: onStateTransitionEnd - state: Background
