02-19 19:04:39.006  1563  1563 I EmojiCompatManager: 	at jnr.c(PG:4)
02-19 19:04:39.006  1563  1563 I EmojiCompatManager: 	at jnr.f(PG:3)
02-19 19:04:39.006  1563  1563 I EmojiCompatManager: 	at jnx.c(PG:3)
02-19 19:04:39.006  1563  1563 I EmojiCompatManager: 	at kif.cz(PG:47)
02-19 19:04:39.006  1563  1563 I EmojiCompatManager: 	at lhl.run(PG:1025)
02-19 19:04:39.006  1563  1563 I EmojiCompatManager: 	at jaf.execute(PG:12)
02-19 19:04:39.006  1563  1563 I EmojiCompatManager: 	at nco.v(PG:13)
02-19 19:04:39.006  1563  1563 I EmojiCompatManager: 	at lhn.m(PG:96)
02-19 19:04:39.006  1563  1563 I EmojiCompatManager: 	at lhn.k(PG:25)
02-19 19:04:39.006  1563  1563 I EmojiCompatManager: 	at kgn.onStartInput(PG:250)
02-19 19:04:39.006  1563  1563 I EmojiCompatManager: 	at android.inputmethodservice.InputMethodService.doStartInput(InputMethodService.java:3521)
02-19 19:04:39.006  1563  1563 I EmojiCompatManager: 	at android.inputmethodservice.InputMethodService$InputMethodImpl.startInput(InputMethodService.java:879)
02-19 19:04:39.006  1563  1563 I EmojiCompatManager: 	at android.inputmethodservice.InputMethodService$InputMethodImpl.dispatchStartInput(InputMethodService.java:908)
02-19 19:04:39.006  1563  1563 I EmojiCompatManager: 	at android.inputmethodservice.IInputMethodWrapper.executeMessage(IInputMethodWrapper.java:201)
02-19 19:04:39.006  1563  1563 I EmojiCompatManager: 	at com.android.internal.os.HandlerCaller$MyHandler.handleMessage(HandlerCaller.java:44)
02-19 19:04:39.006  1563  1563 I EmojiCompatManager: 	at android.os.Handler.dispatchMessage(Handler.java:110)
02-19 19:04:39.006  1563  1563 I EmojiCompatManager: 	at android.os.Looper.loopOnce(Looper.java:248)
02-19 19:04:39.006  1563  1563 I EmojiCompatManager: 	at android.os.Looper.loop(Looper.java:338)
02-19 19:04:39.006  1563  1563 I EmojiCompatManager: 	at android.app.ActivityThread.main(ActivityThread.java:9067)
02-19 19:04:39.006  1563  1563 I EmojiCompatManager: 	at java.lang.reflect.Method.invoke(Native Method)
02-19 19:04:39.006  1563  1563 I EmojiCompatManager: 	at com.android.internal.os.RuntimeInit$MethodAndArgsCaller.run(RuntimeInit.java:593)
02-19 19:04:39.006  1563  1563 I EmojiCompatManager: 	at com.android.internal.os.ZygoteInit.main(ZygoteInit.java:932)
02-19 19:04:39.007   752  1456 W PackageConfigPersister: App-specific configuration not found for packageName: viva.republica.toss.test and userId: 0
02-19 19:04:39.140 16566 16566 D InsetsController: hide(ime(), fromIme=false)
02-19 19:04:39.140 16566 16566 I ImeTracker: viva.republica.toss.test:8a6f168e: onCancelled at PHASE_CLIENT_ALREADY_HIDDEN
02-19 19:04:39.149   488   488 I RanchuHwc: logCompositionFallbackIfChanged: layer 1313 CompositionType fallback from 2 to 1
02-19 19:04:39.286  4449  4467 V WindowManagerShell: Transition animation finished (aborted=false), notifying core (#730) android.os.BinderProxy@27ecc7d@1
02-19 19:04:39.291 16566 16566 D VRI[GraniteActivity]: visibilityChanged oldVisibility=true newVisibility=false
02-19 19:04:39.300 16566 16566 D VRI[MiniAppSchemeActivity]: visibilityChanged oldVisibility=true newVisibility=false
02-19 19:04:39.302   752   794 V WindowManager: Finish Transition (#730): created at 02-19 19:04:38.551 collect-started=0.029ms request-sent=4.125ms started=9.166ms ready=18.402ms sent=237.012ms commit=42.093ms finished=737.104ms
02-19 19:04:39.310  4449  4467 V WindowManagerShell: Track 1 became idle
02-19 19:04:39.310  4449  4467 V WindowManagerShell: All active transition animations finished
02-19 19:04:39.379 16566 16566 W WindowOnBackDispatcher: sendCancelIfRunning: isInProgress=false callback=android.view.ViewRootImpl$$ExternalSyntheticLambda13@c1f20f5
02-19 19:04:39.379   752  2377 D CoreBackPreview: Window{e486c20 u0 viva.republica.toss.test/viva.republica.toss.test.MiniAppSchemeActivity}: Setting back callback null
02-19 19:04:39.382 16566 16566 D ViewRootImpl: Skipping stats log for color mode
02-19 19:04:39.396   752  1095 D BackgroundInstallControlService: Package event received: 0
02-19 19:04:39.449   752  1095 D BackgroundInstallControlService: Package event received: 0
02-19 19:04:39.923 17790 17790 W dumpsys : Thread Pool max thread count is 0. Cannot cache binder as linkToDeath cannot be implemented. serviceName: package
02-19 19:04:40.155 17623 17623 I artd    : GetBestInfo: odex next to the dex file (/data/app/~~O-UZzK0jUU9NLgS3MODOZA==/com.google.android.gms-YQ2L6GsYyKuvu9MvIBK1EQ==/oat/x86_64/base.odex) is kOatUpToDate with filter 'speed-profile' executable 'false'
02-19 19:04:40.169 17623 17623 I artd    : GetBestInfo: odex next to the dex file (/data/app/~~O-UZzK0jUU9NLgS3MODOZA==/com.google.android.gms-YQ2L6GsYyKuvu9MvIBK1EQ==/oat/x86_64/split_AdsDynamite_installtime.odex) is kOatUpToDate with filter 'speed' executable 'false'
02-19 19:04:40.185 17623 17626 I artd    : GetBestInfo: odex next to the dex file (/data/app/~~O-UZzK0jUU9NLgS3MODOZA==/com.google.android.gms-YQ2L6GsYyKuvu9MvIBK1EQ==/oat/x86_64/split_CronetDynamite_installtime.odex) is kOatUpToDate with filter 'speed' executable 'false'
02-19 19:04:40.199   752  1856 E TaskPersister: File error accessing recents directory (directory doesn't exist?).
02-19 19:04:40.201 17623 17623 I artd    : GetBestInfo: odex next to the dex file (/data/app/~~O-UZzK0jUU9NLgS3MODOZA==/com.google.android.gms-YQ2L6GsYyKuvu9MvIBK1EQ==/oat/x86_64/split_DynamiteLoader_installtime.odex) is kOatUpToDate with filter 'speed' executable 'false'
02-19 19:04:40.213 17623 17623 I artd    : GetBestInfo: odex next to the dex file (/data/app/~~O-UZzK0jUU9NLgS3MODOZA==/com.google.android.gms-YQ2L6GsYyKuvu9MvIBK1EQ==/oat/x86_64/split_DynamiteModulesA_installtime.odex) is kOatUpToDate with filter 'speed' executable 'false'
02-19 19:04:40.231 17623 17623 I artd    : GetBestInfo: odex next to the dex file (/data/app/~~O-UZzK0jUU9NLgS3MODOZA==/com.google.android.gms-YQ2L6GsYyKuvu9MvIBK1EQ==/oat/x86_64/split_DynamiteModulesC_installtime.odex) is kOatUpToDate with filter 'speed' executable 'false'
02-19 19:04:40.241 17623 17623 I artd    : GetBestInfo: odex next to the dex file (/data/app/~~O-UZzK0jUU9NLgS3MODOZA==/com.google.android.gms-YQ2L6GsYyKuvu9MvIBK1EQ==/oat/x86_64/split_GoogleCertificates_installtime.odex) is kOatUpToDate with filter 'speed' executable 'false'
02-19 19:04:40.246 17623 17626 I artd    : GetBestInfo: odex next to the dex file (/data/app/~~O-UZzK0jUU9NLgS3MODOZA==/com.google.android.gms-YQ2L6GsYyKuvu9MvIBK1EQ==/oat/x86_64/split_MapsDynamite_installtime.odex) is kOatUpToDate with filter 'speed' executable 'false'
02-19 19:04:40.255 17623 17626 I artd    : GetBestInfo: odex next to the dex file (/data/app/~~O-UZzK0jUU9NLgS3MODOZA==/com.google.android.gms-YQ2L6GsYyKuvu9MvIBK1EQ==/oat/x86_64/split_MeasurementDynamite_installtime.odex) is kOatUpToDate with filter 'speed' executable 'false'
02-19 19:04:40.264 17623 17626 I artd    : GetBestInfo: /data/app/~~O-UZzK0jUU9NLgS3MODOZA==/com.google.android.gms-YQ2L6GsYyKuvu9MvIBK1EQ==/split_maps_core_dynamite_ondemand.apk has no usable artifacts
02-19 19:04:40.286 17623 17626 I artd    : GetBestInfo: /data/user_de/0/com.google.android.gms/app_chimera/m/0000000c/dl-Appsearch.optional_250834100800.apk has no usable artifacts
02-19 19:04:40.289 17623 17626 I artd    : GetBestInfo: /data/user_de/0/com.google.android.gms/app_chimera/m/00000001/CronetDynamite.apk has no usable artifacts
02-19 19:04:40.292 17623 17623 I artd    : GetBestInfo: /data/user_de/0/com.google.android.gms/app_chimera/m/00000002/DynamiteLoader.apk has no usable artifacts
02-19 19:04:40.293 17623 17626 I artd    : GetBestInfo: /data/user_de/0/com.google.android.gms/app_chimera/m/00000005/GoogleCertificates.apk has no usable artifacts
02-19 19:04:40.301 17623 17626 I artd    : GetBestInfo: /data/user_de/0/com.google.android.gms/app_chimera/m/00000009/dl-TfliteDynamiteDynamite.integ_252130102100800.apk has no usable artifacts
02-19 19:04:40.307 17623 17626 I artd    : GetBestInfo: vdex next to the dex file (/data/user/0/com.google.android.gms/app_dg_cache/BF7C023AB90CCF01D1F467FC1CEBAF866511FF29/oat/x86_64/the.vdex) is kOatUpToDate with filter 'verify' executable 'false'
02-19 19:04:40.313 17623 17626 I artd    : GetBestInfo: /data/user_de/0/com.google.android.gms/app_chimera/m/00000010/dl-PlayCloudSearch.optional_250834100000.apk has no usable artifacts
02-19 19:04:40.320 17623 17626 I artd    : GetBestInfo: /data/user_de/0/com.google.android.gms/app_chimera/m/00000017/dl-PlayCloudSearch.optional_260438100000.apk has no usable artifacts
02-19 19:04:40.328 17623 17626 I artd    : GetBestInfo: /data/user_de/0/com.google.android.gms/app_chimera/m/00000015/dl-MlkitOcrCommon.optional_260438100800.apk has no usable artifacts
02-19 19:04:40.334 17623 17623 I artd    : GetBestInfo: /data/user_de/0/com.google.android.gms/app_chimera/m/00000013/dl-MlkitBarcodeUi.optional_260438100800.apk has no usable artifacts
02-19 19:04:40.345 17623 17626 I artd    : GetBestInfo: /data/user_de/0/com.google.android.gms/app_chimera/m/0000000f/dl-MlkitOcrCommon.optional_250834100800.apk has no usable artifacts
02-19 19:04:40.349 17623 17626 I artd    : GetBestInfo: /data/user_de/0/com.google.android.gms/app_chimera/m/0000000d/dl-VisionOcr.optional_250834100000.apk has no usable artifacts
02-19 19:04:40.355 17623 17626 I artd    : GetBestInfo: /data/user_de/0/com.google.android.gms/app_chimera/m/0000000a/dl-MlkitBarcodeUi.optional_250834100800.apk has no usable artifacts
02-19 19:04:40.361 17623 17626 I artd    : GetBestInfo: /data/user_de/0/com.google.android.gms/app_chimera/m/00000011/dl-VisionOcr.optional_260438100000.apk has no usable artifacts
02-19 19:04:40.368 17623 17626 I artd    : GetBestInfo: /data/user_de/0/com.google.android.gms/app_chimera/m/00000012/dl-Appsearch.optional_260438100800.apk has no usable artifacts
02-19 19:04:40.374 17623 17626 I artd    : GetBestInfo: vdex next to the dex file (/data/user/0/com.google.android.gms/app_dg_cache/94DF452EEF4B8E717545DCDEA6CC3C50A319A195/oat/x86_64/the.vdex) is kOatUpToDate with filter 'verify' executable 'false'
02-19 19:04:40.378 17623 17626 I artd    : GetBestInfo: /data/user_de/0/com.google.android.gms/app_chimera/m/00000007/MeasurementDynamite.apk has no usable artifacts
02-19 19:04:40.380 17623 17623 I artd    : GetBestInfo: /data/user_de/0/com.google.android.gms/app_chimera/m/00000018/dl-AdsFdrDynamite.integ_254380203100000.apk has no usable artifacts
02-19 19:04:41.042 17796 17796 W dumpsys : Thread Pool max thread count is 0. Cannot cache binder as linkToDeath cannot be implemented. serviceName: window
02-19 19:04:41.188 16566 16566 W WindowOnBackDispatcher: sendCancelIfRunning: isInProgress=false callback=android.view.ViewRootImpl$$ExternalSyntheticLambda13@bb91c3b
02-19 19:04:41.188   752  1509 D CoreBackPreview: Window{cdc7a80 u0 PopupWindow:fb2f86c}: Setting back callback null
02-19 19:04:41.390 16566 17799 W unknown:ReactContext: initializeMessageQueueThreads() is called.
02-19 19:04:41.392 16566 16566 W unknown:ReactNative: Packager connection already open, nooping.
02-19 19:04:41.409 16566 17804 W unknown:ReactContext: initializeMessageQueueThreads() is called.
02-19 19:04:41.412 16566 17804 W unknown:ReactNative: Fresco has already been initialized with a different config. The new Fresco configuration will be ignored!
02-19 19:04:42.975   531   568 W EventThread: Faking VSYNC due to driver stall for thread app
02-19 19:04:42.976 16566 16566 I Choreographer: Skipped 64 frames!  The application may be doing too much work on its main thread.
02-19 19:04:42.978  1336  1556 D SatelliteController: iisInCarrierRoamingNbIotNtn: satellite is disabled
02-19 19:04:43.343 16566 16566 W unknown:ReactContext: initializeMessageQueueThreads() is called.
02-19 19:04:43.637 16566 16571 I blica.toss.test: NativeAlloc concurrent mark compact GC freed 9793KB AllocSpace bytes, 11(348KB) LOS objects, 47% free, 26MB/50MB, paused 3.564ms,11.559ms total 621.994ms
02-19 19:04:43.790   752  1509 W PackageConfigPersister: App-specific configuration not found for packageName: viva.republica.toss.test and userId: 0
02-19 19:04:45.545 16566 16566 I Choreographer: Skipped 32 frames!  The application may be doing too much work on its main thread.
02-19 19:04:46.752   531   568 W EventThread: Faking VSYNC due to driver stall for thread app
02-19 19:04:46.752   537   537 W adbd    : timeout expired while flushing socket, closing
02-19 19:04:46.800 16566 16566 I Choreographer: Skipped 68 frames!  The application may be doing too much work on its main thread.
02-19 19:04:46.946 16566 17803 I ReactNativeJS: Running "shared" with {"initialProps":{"initialColorPreference":"light","loadingStartTs":1771495478907,"initialFontScale":"100"},"rootTag":331}
02-19 19:04:47.041 17808 17808 W screencap: Thread Pool max thread count is 0. Cannot cache binder as linkToDeath cannot be implemented. serviceName: SurfaceFlingerAIDL
02-19 19:04:47.042 17808 17808 W BpBinder: Linking to death on android.gui.ISurfaceComposer but there are no threads (yet?) listening to incoming transactions. See ProcessState::startThreadPool and ProcessState::setThreadPoolMaxThreadCount. Generally you should setup the binder threadpool before other initialization steps.
02-19 19:04:47.046 17808 17808 W ProcessState: Extra binder thread started, but 0 threads requested. Do not use *startThreadPool when zero threads are requested.
02-19 19:04:47.053   531   590 E HwcComposer: getLuts failed Status(-8, EX_SERVICE_SPECIFIC): '8: '
02-19 19:04:47.054   531   590 E HWComposer: getLuts: getLuts failed for display 4619827259835644672: UNSUPPORTED (8)
