02-19 11:30:04.409   752   794 V WindowManager:         {WCT{RemoteToken{a585dcd Task{7745c88 #46 type=standard A=10217:viva.republica.toss.test}}} m=TO_BACK f=NONE leash=Surface(name=Task=46)/@0xe2d6cf7 sb=Rect(0, 0 - 1080, 2400) eb=Rect(0, 0 - 1080, 2400) epz=Point(1080, 2400) d=0 taskParent=-1},
02-19 11:30:04.409   752   794 V WindowManager:         {m=TO_BACK f=IS_WALLPAPER leash=Surface(name=WallpaperWindowToken{35e0c0f showWhenLocked=false})/@0x512f5be sb=Rect(0, 0 - 1080, 2400) eb=Rect(0, 0 - 1080, 2400) epz=Point(1080, 2400) d=0}
02-19 11:30:04.409   752   794 V WindowManager:     ]}
02-19 11:30:04.413   752  1454 I system_server: AssetManager2(0x7d8fac4a7d98) locale list changing from [] to [en-US]
02-19 11:30:04.416   752  1454 I system_server: AssetManager2(0x7d8fac4a9378) locale list changing from [] to [en-US]
02-19 11:30:04.418   752  1454 I system_server: AssetManager2(0x7d8fac4a4558) locale list changing from [] to [en-US]
02-19 11:30:04.420   752  1454 I system_server: AssetManager2(0x7d8fac4a6ad8) locale list changing from [] to [en-US]
02-19 11:30:04.422   752  1454 I system_server: AssetManager2(0x7d8fac508558) locale list changing from [] to [en-US]
02-19 11:30:04.451   752  1454 I system_server: AssetManager2(0x7d8fac5030f8) locale list changing from [] to [en-US]
02-19 11:30:04.453  1341  1341 I AiAiSuggestUi: Clearing suggestions.
02-19 11:30:04.453  1341  1341 I AiAiSuggestUi: Clearing suggestions.
02-19 11:30:04.453  1341  1341 I AiAiSuggestUi: Requesting to show indicators
02-19 11:30:04.455  1341  1341 I AiAiSuggestUi: Fetching contents, isPrimaryTask = true
02-19 11:30:04.526 22757 22757 D TopLvBatteryPrefControl: getDashboardLabel: null batteryStatusUpdate=true
02-19 11:30:04.531   752  1935 D FileUtils: Rounded bytes from 6815911936 to 8000000000
02-19 11:30:04.558  1341  1356 W System  : A resource failed to call release. 
02-19 11:30:04.558  1341  1356 W System  : A resource failed to call release. 
02-19 11:30:04.559  1341  1356 W System  : A resource failed to call release. 
02-19 11:30:04.559  1341  1356 W System  : A resource failed to call release. 
02-19 11:30:04.559  1341  1356 W System  : A resource failed to call release. 
02-19 11:30:04.583 22757 22801 D BatteryInfo: time for getStats: 0ms
02-19 11:30:04.588 22757 22801 D BatteryInfo: time for regular BatteryInfo: 1ms
02-19 11:30:04.588 22757 22801 D BatteryInfo: chargingPolicy = 0, pluggedStatus = 0, batteryStatus = 4
02-19 11:30:04.588 22757 22801 D BatteryInfo: time for getBatteryInfo: 0ms
02-19 11:30:04.614  1341  1358 I AiAiSuggestUi: Request suggestContentSelections complete, took: 157
02-19 11:30:04.614  1341  1358 I AiAiSuggestUi: Fetched content back in callback
02-19 11:30:04.640 22757 25201 I EGL_emulation: Opening libGLESv1_CM_emulation.so
02-19 11:30:04.644 22757 22801 W TileUtils: Found com.google.intelligence.sense.ambientmusic.DefaultMusicPlayerSettingActivity for intent Intent { act=com.android.settings.action.IA_SETTINGS } missing metadata 
02-19 11:30:04.645 22757 22801 W TileUtils: Found com.google.android.gms.auth.proximity.multidevice.SettingsMaterialNextActivity for intent Intent { act=com.android.settings.action.IA_SETTINGS } missing metadata 
02-19 11:30:05.005  1341  1341 D RecentsView: finishRecentsAnimation - mRecentsAnimationController: com.android.quickstep.RecentsAnimationController@fa95d93
02-19 11:30:05.005  1341  1341 D RecentsView: cleanupRemoteTargets - mRemoteTargetHandles: [com.android.quickstep.RemoteTargetGluer$RemoteTargetHandle@3c44e54]
02-19 11:30:05.013  4449  4467 V ShellRecents: [233279070] RecentsController.finishInner: toHome=false userLeave=false willFinishToHome=false state=1 hasPausingTasks=true reason=requested
02-19 11:30:05.014  4449  4467 V ShellRecents:   normal finish
02-19 11:30:05.014  4449  4467 V ShellRecents: [233279070] RecentsController.finishInner: Completing finish
02-19 11:30:05.025  4449  4467 V ShellRecents: [233279070] RecentsController.cleanup
02-19 11:30:05.027   752   797 V WindowManager: Unknown focus tokens, dropping reportFocusChanged
02-19 11:30:05.030  4449  4467 V WindowManagerShell: Transition animation finished (aborted=false), notifying core (#178) android.os.BinderProxy@e711b99@0
02-19 11:30:05.037 22757 25201 I EGL_emulation: Opening libGLESv2_emulation.so
02-19 11:30:05.038   752  1509 E TransitionChain: Can't collect into a chain with no transition
02-19 11:30:05.041  1341  1341 I AiAiSuggestUi: Display indicators
02-19 11:30:05.041   752   794 V WindowManager: Finish Transition (#178): created at 02-19 11:30:00.218 collect-started=0.196ms started=0.211ms ready=28.081ms sent=1452.7ms commit=42.704ms finished=4822.337ms
02-19 11:30:05.051  1341  1341 D RecentsView: cleanupRemoteTargets - mRemoteTargetHandles: null
02-19 11:30:05.065 24035 24035 D VRI[GraniteActivity]: visibilityChanged oldVisibility=true newVisibility=false
02-19 11:30:05.069   752   794 V WindowManager: Finish Transition (#179): created at 02-19 11:30:02.256 collect-started=0.065ms request-sent=4.795ms started=18.149ms ready=2094.011ms sent=2105.888ms commit=70.216ms finished=2812.387ms
02-19 11:30:05.071  4449  4467 V WindowManagerShell: Track 0 became idle
02-19 11:30:05.071  4449  4467 V WindowManagerShell: All active transition animations finished
02-19 11:30:05.071  4449  4467 V ShellRecents: [233279070] RecentsController.finishInner: calling finish callback
02-19 11:30:05.073 22757 25201 W HWUI    : Failed to choose config with EGL_SWAP_BEHAVIOR_PRESERVED, retrying without...
02-19 11:30:05.074 22757 25201 W HWUI    : Failed to initialize 101010-2 format, error = EGL_SUCCESS
02-19 11:30:05.120  1341  1341 W SplitSelectStateCtor: Missing session instanceIds
02-19 11:30:05.120  1341  1341 D StatsLog: LAUNCHER_SPLIT_SELECTION_EXIT_INTERRUPTED
02-19 11:30:05.123   752  1095 D BackgroundInstallControlService: Package event received: 0
02-19 11:30:05.129  1341  1341 D RecentsView: onRecentsAnimationComplete - mRecentsAnimationController: com.android.quickstep.RecentsAnimationController@fa95d93, mSideTaskLaunchCallback: com.android.launcher3.util.RunnableList@fa6bef2
02-19 11:30:05.130  1341  1341 D OverviewCommandHelper: launching task callback: CommandInfo(type=TOGGLE, status=PROCESSING, createTime=79675621, animationCallbacks=null, displayId=0, isLastOfBatch=true)
02-19 11:30:05.130  1341  1341 D OverviewCommandHelper: command executed: CommandInfo(type=TOGGLE, status=PROCESSING, createTime=79675621, animationCallbacks=null, displayId=0, isLastOfBatch=true) with result: true
02-19 11:30:05.130  1341  1341 D OverviewCommandHelper: command executed successfully! CommandInfo(type=TOGGLE, status=COMPLETED, createTime=79675621, animationCallbacks=null, displayId=0, isLastOfBatch=true)
02-19 11:30:05.131  1341  1341 D OverviewCommandHelper: no pending commands to be executed.
02-19 11:30:05.152  1341  1341 D StateManager: goToState - fromState: Overview, toState: Normal, partial trace:
02-19 11:30:05.152  1341  1341 D StateManager: 	at com.android.launcher3.statemanager.StateManager.moveToRestState(go/retraceme 72a59688580715d19f0e415c69e80376c2f062d1648c80db6730905005a27c20:4)
02-19 11:30:05.152  1341  1341 D StateManager: 	at com.android.launcher3.statemanager.StateManager.moveToRestState(go/retraceme 72a59688580715d19f0e415c69e80376c2f062d1648c80db6730905005a27c20:1)
02-19 11:30:05.152  1341  1341 D StateManager: 	at com.android.quickstep.TaskViewUtils$9.lambda$onAnimationSuccess$0(go/retraceme 72a59688580715d19f0e415c69e80376c2f062d1648c80db6730905005a27c20:1)
02-19 11:30:05.152  1341  1341 D RecentsView: finishRecentsAnimation - mRecentsAnimationController: null
02-19 11:30:05.152  1341  1341 D RecentsView: cleanupRemoteTargets - mRemoteTargetHandles: null
02-19 11:30:05.175   615   713 W IPCThreadState: Sending oneway calls to frozen process.
02-19 11:30:05.191 24035 24179 I ReactNativeJNI: Memory warning (pressure level: TRIM_MEMORY_UI_HIDDEN) received by JS VM, ignoring because it's non-severe
02-19 11:30:05.241  1341  1341 D BaseDepthController: setSurface:
02-19 11:30:05.241  1341  1341 D BaseDepthController: 	mWaitingOnSurfaceValidity: false
02-19 11:30:05.241  1341  1341 D BaseDepthController: 	mBaseSurface: null
02-19 11:30:05.242  1341  1341 D BaseDepthController: mSurface is null and mCurrentBlur is: 0
02-19 11:30:05.243  1341  1341 D StateManager: goToState - fromState: Overview, toState: Normal, partial trace:
02-19 11:30:05.243  1341  1341 D StateManager: 	at com.android.launcher3.statemanager.StateManager.moveToRestState(go/retraceme 72a59688580715d19f0e415c69e80376c2f062d1648c80db6730905005a27c20:4)
02-19 11:30:05.243  1341  1341 D StateManager: 	at com.android.launcher3.statemanager.StateManager.moveToRestState(go/retraceme 72a59688580715d19f0e415c69e80376c2f062d1648c80db6730905005a27c20:1)
02-19 11:30:05.243  1341  1341 D StateManager: 	at com.android.launcher3.statemanager.StatefulActivity.onStop(go/retraceme 72a59688580715d19f0e415c69e80376c2f062d1648c80db6730905005a27c20:34)
02-19 11:30:05.244  1341  1341 D StateManager: cancelAnimation - with ongoing animation, partial trace:
02-19 11:30:05.244  1341  1341 D StateManager: 	at com.android.launcher3.statemanager.StateManager.goToState(go/retraceme 72a59688580715d19f0e415c69e80376c2f062d1648c80db6730905005a27c20:18)
02-19 11:30:05.244  1341  1341 D StateManager: 	at com.android.launcher3.statemanager.StateManager.goToState(go/retraceme 72a59688580715d19f0e415c69e80376c2f062d1648c80db6730905005a27c20:3)
02-19 11:30:05.244  1341  1341 D StateManager: 	at com.android.launcher3.statemanager.StateManager.moveToRestState(go/retraceme 72a59688580715d19f0e415c69e80376c2f062d1648c80db6730905005a27c20:4)
02-19 11:30:05.244  1341  1341 D RecentsView: reset - mEnableDrawingLiveTile: true, mRecentsAnimationController: null
02-19 11:30:05.245  1341  1341 D StateManager: onStateTransitionStart - state: Normal
02-19 11:30:05.245  1341  1341 D RecentsView: updateTaskStackListenerState: false
02-19 11:30:05.255   752  1095 D BackgroundInstallControlService: Package event received: 0
02-19 11:30:05.257  1341  1341 D BaseDepthController: mSurface is null and mCurrentBlur is: 0
02-19 11:30:05.258  1341  1341 D BaseDepthController: mSurface is null and mCurrentBlur is: 0
02-19 11:30:05.259  1341  1341 D KeyboardInsetsHandler: setState, toState:Normal StateManager(mLastStableState:Normal, mCurrentStableState:Overview, mState:Normal, mRestState:Normal, isInTransition:false)
02-19 11:30:05.261  1341  1341 D StateManager: onStateTransitionEnd - state: Normal
02-19 11:30:05.263  1341  1341 D RecentsView: reset - mEnableDrawingLiveTile: false, mRecentsAnimationController: null
02-19 11:30:05.263  1341  1341 I AiAiSuggestUi: Clearing suggestions.
02-19 11:30:05.263  1341  1341 I AiAiSuggestUi: Clearing suggestions.
02-19 11:30:05.263  1341  1341 D ActivityAllAppsContainerView: rebindAdapters: force: false
02-19 11:30:05.264  1341  1341 D ActivityAllAppsContainerView: rebindAdapters: Not needed.
02-19 11:30:05.266  1341  1341 D StatsLog: LAUNCHER_ONSTOP
02-19 11:30:05.269  1341  1341 D StatsLog: LAUNCHER_GOOGLE_SEARCH_RESTORE_LIST_SIZE_AFTER_ACTIVITY_RESTART
02-19 11:30:05.270  1341  1341 D NexusLauncherModelDelegate: notifySmartspaceEvent: SmartspaceTargetEvent{mSmartspaceTarget=null, mSmartspaceActionId='null', mEventType=7}
02-19 11:30:05.278  1341  1341 D NexusLauncherModelDelegate: notifySmartspaceEvent: SmartspaceTargetEvent{mSmartspaceTarget=null, mSmartspaceActionId='null', mEventType=7}
02-19 11:30:05.289  1341  1341 D OverviewActionsView: updateForGroupedTask() called with: isGroupedTask = [false], canSaveAppPair = [false]
02-19 11:30:05.289  1341  1341 D OverviewActionsView: updateActionButtonsVisibility() called: showSingleTaskActions = [true], showGroupActions = [false]
02-19 11:30:05.289  1341  1341 D OverviewActionsView: updateForGroupedTask() called with: isGroupedTask = [false], canSaveAppPair = [false]
02-19 11:30:05.289  1341  1341 D OverviewActionsView: updateActionButtonsVisibility() called: showSingleTaskActions = [true], showGroupActions = [false]
02-19 11:30:05.296   752  1095 D BackgroundInstallControlService: Package event received: 0
02-19 11:30:05.360   752  1856 E TaskPersister: File error accessing recents directory (directory doesn't exist?).
02-19 11:30:05.423   752  1095 D BackgroundInstallControlService: Package event received: 0
02-19 11:30:05.484 25941 25941 W screencap: Thread Pool max thread count is 0. Cannot cache binder as linkToDeath cannot be implemented. serviceName: SurfaceFlingerAIDL
02-19 11:30:05.484 25941 25941 W BpBinder: Linking to death on android.gui.ISurfaceComposer but there are no threads (yet?) listening to incoming transactions. See ProcessState::startThreadPool and ProcessState::setThreadPoolMaxThreadCount. Generally you should setup the binder threadpool before other initialization steps.
02-19 11:30:05.484 25941 25941 W ProcessState: Extra binder thread started, but 0 threads requested. Do not use *startThreadPool when zero threads are requested.
02-19 11:30:05.485   752  1233 D StorageStatsService: getFreeBytes: 4037709824
02-19 11:30:05.499   531   590 E HwcComposer: getLuts failed Status(-8, EX_SERVICE_SPECIFIC): '8: '
02-19 11:30:05.499   531   590 E HWComposer: getLuts: getLuts failed for display 4619827259835644672: UNSUPPORTED (8)
02-19 11:30:05.562  1341  1356 W System  : A resource failed to call release. 
02-19 11:30:05.562  1341  1356 W System  : A resource failed to call release. 
02-19 11:30:05.562  1341  1356 W System  : A resource failed to call release. 
02-19 11:30:05.562  1341  1356 W System  : A resource failed to call release. 
02-19 11:30:05.650 22757 25233 E SurfaceSyncGroup: Failed to receive transaction ready in 1000ms. Marking SurfaceSyncGroup(wmsSync-VRI[SettingsHomepageActivity]#2) as ready
02-19 11:30:05.655 22757 22757 D BatteryBroadcastRcvr: updateBatteryStatus: action=android.intent.action.BATTERY_CHANGED
02-19 11:30:05.657 22757 22757 D BatteryBroadcastRcvr: Battery changed: level: 100%| status: Charged| chargingStatus: 0| health: 2
02-19 11:30:05.661   752  1095 D BackgroundInstallControlService: Package event received: 0
02-19 11:30:05.664   752  1233 D ActivityManager: sync unfroze 1665 com.google.android.permissioncontroller for 6
02-19 11:30:05.667   752  1095 D BackgroundInstallControlService: Package event received: 0
02-19 11:30:05.698 22757 22757 D TopLvBatteryPrefControl: getBatteryInfo: com.android.settings.fuelgauge.BatteryInfo@669f598
02-19 11:30:05.698 22757 22757 D TopLvBatteryPrefControl: getDashboardLabel: null batteryStatusUpdate=true
02-19 11:30:05.702 22757 25213 D ContextualSuggestFrag: Start loading suggestions
02-19 11:30:05.705 22757 22757 D BatteryInfo: time for callback: 7ms
02-19 11:30:05.706 22757 22757 I Choreographer: Skipped 64 frames!  The application may be doing too much work on its main thread.
02-19 11:30:05.711 22757 25931 I HWUI    : Davey! duration=1413ms; Flags=1, FrameTimelineVsyncId=1051181, IntendedVsync=79678099482553, Vsync=79678466149205, InputEventId=0, HandleInputStart=79678471537086, AnimationStart=79678471537592, PerformTraversalsStart=79678471537865, DrawStart=79679029090513, FrameDeadline=79679099482553, FrameStartTime=79678470451438, FrameInterval=16666666, WorkloadTarget=1000000000, SyncQueued=79679073763713, SyncStart=79679088746636, IssueDrawCommandsStart=79679100163303, SwapBuffers=79679416326454, FrameCompleted=79679527859080, DequeueBufferDuration=10879, QueueBufferDuration=1699729, GpuCompleted=79679527859080, SwapBuffersCompleted=79679495977369, DisplayPresentTime=495656528244, CommandSubmissionCompleted=79679416326454, 
02-19 11:30:05.713 22778 25219 W MetricsFeatureProvider: Invalid suggestion ids!!! ids is null or empty. Please check. 
02-19 11:30:05.714 22757 25213 D ContextualSuggestFrag: Loaded suggests: 0
02-19 11:30:05.715 22757 25201 I EGL_emulation: Opening libGLESv1_CM_emulation.so
02-19 11:30:05.715 22757 25201 I EGL_emulation: Opening libGLESv2_emulation.so
02-19 11:30:05.762 22757 25201 W HWUI    : Failed to choose config with EGL_SWAP_BEHAVIOR_PRESERVED, retrying without...
02-19 11:30:05.763 22757 25201 W HWUI    : Failed to initialize 101010-2 format, error = EGL_SUCCESS
02-19 11:30:05.811 22757 22757 I ndroid.settings: AssetManager2(0x7d8fac435fb8) locale list changing from [] to [en-US]
02-19 11:30:05.813 22757 22757 D ActivityEmbeddingUtils: isSettingsSplitSupported = false
02-19 11:30:05.820 22757 22757 D ActivityEmbeddingUtils: isSettingsSplitSupported = false
02-19 11:30:05.821 22757 22757 D TopLevelSettings: Start waiting observers
02-19 11:30:05.826 20068 20155 I CachedField: (REDACTED) %s: %s
02-19 11:30:05.828 20068 20107 I CachedField: (REDACTED) %s: %s
02-19 11:30:05.836 20068 20154 I CachedField: (REDACTED) %s: %s
02-19 11:30:05.848 20068 20103 I CachedField: (REDACTED) %s: %s
02-19 11:30:05.879 22757 22757 D TopLevelSettings: Stop waiting observers
02-19 11:30:05.924 22757 22757 D ContextualSuggestFrag: Remove suggestion
02-19 11:30:05.926 22757 22757 D ContextualSuggestFrag: Total loading time: 270 ms
02-19 11:30:05.935 22757 22757 I SettingsHomepageActivity: showHomepageWithSuggestion: false
02-19 11:30:05.980   752   989 I ImeTracker: com.android.settings:36607538: onRequestHide at ORIGIN_SERVER reason HIDE_UNSPECIFIED_WINDOW fromUser false
02-19 11:30:06.015  1563  1563 I GoogleInputMethodService: GoogleInputMethodService.onFinishInput():2043 
02-19 11:30:06.016  1563  1563 I Module  : DeviceLockedStatusModuleProvider$Module.updateDeviceLockedStatus():100 repeatCheckTimes = 0, locked = false
02-19 11:30:06.017  1563  1563 I GoogleInputMethodService: GoogleInputMethodService.onStartInput():1293 onStartInput(EditorInfo{EditorInfo{packageName=com.android.settings, inputType=0, inputTypeString=NULL, enableLearning=false, autoCorrection=false, autoComplete=false, imeOptions=0, privateImeOptions=null, actionName=UNSPECIFIED, actionLabel=null, initialSelStart=-1, initialSelEnd=-1, initialCapsMode=0, label=null, fieldId=0, fieldName=null, extras=null, hintText=null, hintLocales=[]}}, false)
02-19 11:30:06.018  1563  1563 I Module  : DeviceLockedStatusModuleProvider$Module.updateDeviceLockedStatus():100 repeatCheckTimes = 1, locked = false
02-19 11:30:06.019   752  1233 I ImeTracker: system_server:9dfdb9c7: onRequestHide at ORIGIN_SERVER reason IME_REQUESTED_CHANGED_LISTENER fromUser false
02-19 11:30:06.019  1563  1563 I EmojiCompatManager: EmojiCompatManager.getEmojiCompatIfLoaded():343 EmojiCompat.init() was never called.
02-19 11:30:06.019  1563  1563 I EmojiCompatManager: java.lang.IllegalStateException: EmojiCompat is not initialized. Please call EmojiCompat.init() first
02-19 11:30:06.019  1563  1563 I EmojiCompatManager: 	at asx.p(PG:6)
02-19 11:30:06.019  1563  1563 I EmojiCompatManager: 	at axb.b(PG:13)
02-19 11:30:06.019  1563  1563 I EmojiCompatManager: 	at jnr.b(PG:2)
02-19 11:30:06.019  1563  1563 I EmojiCompatManager: 	at jnr.c(PG:4)
02-19 11:30:06.019  1563  1563 I EmojiCompatManager: 	at jnr.f(PG:3)
02-19 11:30:06.019  1563  1563 I EmojiCompatManager: 	at jnx.c(PG:3)
02-19 11:30:06.019  1563  1563 I EmojiCompatManager: 	at kif.cz(PG:47)
02-19 11:30:06.019  1563  1563 I EmojiCompatManager: 	at lhl.run(PG:1025)
02-19 11:30:06.019  1563  1563 I EmojiCompatManager: 	at jaf.execute(PG:12)
02-19 11:30:06.019  1563  1563 I EmojiCompatManager: 	at nco.v(PG:13)
02-19 11:30:06.019  1563  1563 I EmojiCompatManager: 	at lhn.m(PG:96)
02-19 11:30:06.019  1563  1563 I EmojiCompatManager: 	at lhn.k(PG:25)
02-19 11:30:06.019  1563  1563 I EmojiCompatManager: 	at kgn.onStartInput(PG:250)
02-19 11:30:06.019  1563  1563 I EmojiCompatManager: 	at android.inputmethodservice.InputMethodService.doStartInput(InputMethodService.java:3521)
02-19 11:30:06.019  1563  1563 I EmojiCompatManager: 	at android.inputmethodservice.InputMethodService$InputMethodImpl.startInput(InputMethodService.java:879)
02-19 11:30:06.019  1563  1563 I EmojiCompatManager: 	at android.inputmethodservice.InputMethodService$InputMethodImpl.dispatchStartInput(InputMethodService.java:908)
02-19 11:30:06.019  1563  1563 I EmojiCompatManager: 	at android.inputmethodservice.IInputMethodWrapper.executeMessage(IInputMethodWrapper.java:201)
02-19 11:30:06.019  1563  1563 I EmojiCompatManager: 	at com.android.internal.os.HandlerCaller$MyHandler.handleMessage(HandlerCaller.java:44)
02-19 11:30:06.019  1563  1563 I EmojiCompatManager: 	at android.os.Handler.dispatchMessage(Handler.java:110)
02-19 11:30:06.019  1563  1563 I EmojiCompatManager: 	at android.os.Looper.loopOnce(Looper.java:248)
02-19 11:30:06.019  1563  1563 I EmojiCompatManager: 	at android.os.Looper.loop(Looper.java:338)
02-19 11:30:06.019  1563  1563 I EmojiCompatManager: 	at android.app.ActivityThread.main(ActivityThread.java:9067)
02-19 11:30:06.019  1563  1563 I EmojiCompatManager: 	at java.lang.reflect.Method.invoke(Native Method)
02-19 11:30:06.019  1563  1563 I EmojiCompatManager: 	at com.android.internal.os.RuntimeInit$MethodAndArgsCaller.run(RuntimeInit.java:593)
02-19 11:30:06.019  1563  1563 I EmojiCompatManager: 	at com.android.internal.os.ZygoteInit.main(ZygoteInit.java:932)
02-19 11:30:06.023   752  1509 W PackageConfigPersister: App-specific configuration not found for packageName: com.android.settings and userId: 0
02-19 11:30:06.028   752   797 I ImeTracker: system_server:9dfdb9c7: onCancelled at PHASE_SERVER_SHOULD_HIDE
02-19 11:30:06.086 22757 25932 I HWUI    : Davey! duration=1370ms; Flags=0, FrameTimelineVsyncId=1051405, IntendedVsync=79678472419718, Vsync=79679539086342, InputEventId=0, HandleInputStart=79679554055696, AnimationStart=79679554056589, PerformTraversalsStart=79679554469561, DrawStart=79679554687495, FrameDeadline=79679549482495, FrameStartTime=79679552699026, FrameInterval=16666666, WorkloadTarget=16666666, SyncQueued=79679561483776, SyncStart=79679626618698, IssueDrawCommandsStart=79679627164210, SwapBuffers=79679863750480, FrameCompleted=79679908536515, DequeueBufferDuration=22102554, QueueBufferDuration=664246, GpuCompleted=79679908536515, SwapBuffersCompleted=79679908406292, DisplayPresentTime=-4294967296, CommandSubmissionCompleted=79679863750480, 
02-19 11:30:06.111 22757 22757 I ndroid.settings: AssetManager2(0x7d8fac43e2f8) locale list changing from [] to [en-US]
02-19 11:30:06.115   752  1509 W ProcessStats: Tracking association SourceState{c60b69a com.android.settings/1000 BTop #11829} whose proc state 2 is better than process ProcessState{a68cfc7 com.google.android.permissioncontroller/10192 pkg=com.google.android.permissioncontroller} proc state 15 (31 skipped)
02-19 11:30:06.267 22757 22757 D InsetsController: hide(ime(), fromIme=false)
02-19 11:30:06.267 22757 22757 I ImeTracker: com.android.settings:36607538: onCancelled at PHASE_CLIENT_ALREADY_HIDDEN
02-19 11:30:06.534   752  1509 W ParceledListSlice: Element #66 is 146520 bytes.
02-19 11:30:06.534   752  1509 W ParceledListSlice: Overly large reply size: 190848
02-19 11:30:06.550   752  1509 W ParceledListSlice: Element #140 is 70492 bytes.
02-19 11:30:06.550   752  1509 W ParceledListSlice: Overly large reply size: 115564
02-19 11:30:06.564   752  1509 W ParceledListSlice: Element #193 is 24752 bytes.
02-19 11:30:06.572   752  1509 W ParceledListSlice: Element #223 is 31228 bytes.
02-19 11:30:06.573   752  1509 W ParceledListSlice: Element #233 is 16864 bytes.
02-19 11:30:06.628   752   797 W IPCThreadState: Sending oneway calls to frozen process.
02-19 11:30:06.628   752   797 W IPCThreadState: Sending oneway calls to frozen process.
02-19 11:30:06.628   752   797 W IPCThreadState: Sending oneway calls to frozen process.
02-19 11:30:06.629   752   797 W IPCThreadState: Sending oneway calls to frozen process.
02-19 11:30:06.629   752   797 W IPCThreadState: Sending oneway calls to frozen process.
02-19 11:30:06.630   752   797 W IPCThreadState: Sending oneway calls to frozen process.
02-19 11:30:06.630   752   797 W IPCThreadState: Sending oneway calls to frozen process.
02-19 11:30:06.630   752   797 W IPCThreadState: Sending oneway calls to frozen process.
02-19 11:30:06.630   752   797 W IPCThreadState: Sending oneway calls to frozen process.
02-19 11:30:06.630   752   797 W IPCThreadState: Sending oneway calls to frozen process.
02-19 11:30:06.630   752   797 W IPCThreadState: Sending oneway calls to frozen process.
02-19 11:30:06.630   752   797 W IPCThreadState: Sending oneway calls to frozen process.
02-19 11:30:06.630   752   797 W IPCThreadState: Sending oneway calls to frozen process.
