02-19 20:35:36.213 28124 28124 E unknown:ReactRootView: 	at android.os.Looper.loopOnce(Looper.java:248)
02-19 20:35:36.213 28124 28124 E unknown:ReactRootView: 	at android.os.Looper.loop(Looper.java:338)
02-19 20:35:36.213 28124 28124 E unknown:ReactRootView: 	at android.app.ActivityThread.main(ActivityThread.java:9067)
02-19 20:35:36.213 28124 28124 E unknown:ReactRootView: 	at java.lang.reflect.Method.invoke(Native Method)
02-19 20:35:36.213 28124 28124 E unknown:ReactRootView: 	at com.android.internal.os.RuntimeInit$MethodAndArgsCaller.run(RuntimeInit.java:593)
02-19 20:35:36.213 28124 28124 E unknown:ReactRootView: 	at com.android.internal.os.ZygoteInit.main(ZygoteInit.java:932)
02-19 20:35:36.253 28124 28124 D CompatChangeReporter: Compat change id reported: 270674727; UID 10217; state: ENABLED
02-19 20:35:36.262 28124 28124 D CompatChangeReporter: Compat change id reported: 63938206; UID 10217; state: ENABLED
02-19 20:35:36.278  4449  4467 V WindowManagerShell: Transition animation finished (aborted=false), notifying core (#922) android.os.BinderProxy@2e5859a@0
02-19 20:35:36.287  4449  4467 V WindowManagerShell: Track 0 became idle
02-19 20:35:36.287  4449  4467 V WindowManagerShell: All active transition animations finished
02-19 20:35:36.288 19166 19166 D VRI[NexusLauncherActivity]: visibilityChanged oldVisibility=true newVisibility=false
02-19 20:35:36.294   752   794 V WindowManager: Finish Transition (#922): created at 02-19 20:35:34.597 collect-started=0.348ms request-sent=23.178ms started=30.083ms ready=110.889ms sent=1321.948ms commit=65.03ms finished=1684.461ms
02-19 20:35:36.309 28124 28124 D VRI[MiniAppSchemeActivity]: visibilityChanged oldVisibility=true newVisibility=false
02-19 20:35:36.326 19166 19166 D NexusLauncherModelDelegate: notifySmartspaceEvent: SmartspaceTargetEvent{mSmartspaceTarget=null, mSmartspaceActionId='null', mEventType=7}
02-19 20:35:36.328 28124 28124 W WindowOnBackDispatcher: sendCancelIfRunning: isInProgress=false callback=android.view.ViewRootImpl$$ExternalSyntheticLambda13@21cd954
02-19 20:35:36.329   752  1456 D CoreBackPreview: Window{7a0f143 u0 viva.republica.toss.test/viva.republica.toss.test.MiniAppSchemeActivity}: Setting back callback null
02-19 20:35:36.331 28124 28124 D ViewRootImpl: Skipping stats log for color mode
02-19 20:35:36.334   752  1456 I ImeTracker: system_server:5f6be5b8: onRequestHide at ORIGIN_SERVER reason IME_REQUESTED_CHANGED_LISTENER fromUser false
02-19 20:35:36.342   752   797 I ImeTracker: system_server:5f6be5b8: onCancelled at PHASE_SERVER_SHOULD_HIDE
02-19 20:35:36.344   752  1454 D CoreBackPreview: Window{42f0da4 u0 PopupWindow:7522f90}: Setting back callback OnBackInvokedCallbackInfo{mCallback=android.window.IOnBackInvokedCallback$Stub$Proxy@6a46d3c, mPriority=0, mIsAnimationCallback=false, mOverrideBehavior=0}
02-19 20:35:36.347 19166 19166 D BaseDepthController: setSurface:
02-19 20:35:36.347 19166 19166 D BaseDepthController: 	mWaitingOnSurfaceValidity: false
02-19 20:35:36.347 19166 19166 D BaseDepthController: 	mBaseSurface: null
02-19 20:35:36.347 19166 19166 D BaseDepthController: mSurface is null and mCurrentBlur is: 0
02-19 20:35:36.349 19166 19166 D StateManager: goToState - fromState: Normal, toState: Normal, partial trace:
02-19 20:35:36.349 19166 19166 D StateManager: 	at com.android.launcher3.statemanager.StateManager.moveToRestState(go/retraceme 72a59688580715d19f0e415c69e80376c2f062d1648c80db6730905005a27c20:4)
02-19 20:35:36.349 19166 19166 D StateManager: 	at com.android.launcher3.statemanager.StateManager.moveToRestState(go/retraceme 72a59688580715d19f0e415c69e80376c2f062d1648c80db6730905005a27c20:1)
02-19 20:35:36.349 19166 19166 D StateManager: 	at com.android.launcher3.statemanager.StatefulActivity.onStop(go/retraceme 72a59688580715d19f0e415c69e80376c2f062d1648c80db6730905005a27c20:34)
02-19 20:35:36.350 19166 19166 D StatsLog: LAUNCHER_ONSTOP
02-19 20:35:36.360 19166 19166 D StatsLog: LAUNCHER_GOOGLE_SEARCH_RESTORE_LIST_SIZE_AFTER_ACTIVITY_RESTART
02-19 20:35:36.398   752  1095 D BackgroundInstallControlService: Package event received: 0
02-19 20:35:36.452   752  1095 D BackgroundInstallControlService: Package event received: 0
02-19 20:35:36.687   752   956 D ActivityManager: sync unfroze 19284 com.google.android.apps.messaging for 6
02-19 20:35:36.698   752   956 D ActivityManager: sync unfroze 19995 android.process.acore for 6
02-19 20:35:36.803 28271 28271 W dumpsys : Thread Pool max thread count is 0. Cannot cache binder as linkToDeath cannot be implemented. serviceName: window
02-19 20:35:37.111 19284 19284 D WM-DelayedWorkTracker: Scheduling work 79a56fa4-3471-4523-9596-698bbad0c2f5
02-19 20:35:37.169 19284 19284 D WM-GreedyScheduler: Starting tracking for 79a56fa4-3471-4523-9596-698bbad0c2f5
02-19 20:35:37.271 19284 19284 D WM-DelayedWorkTracker: Scheduling work b023fe9a-b11a-4d69-bfc7-5a4c2dc4c0aa
02-19 20:35:37.277 19284 19284 D WM-GreedyScheduler: Starting work for b023fe9a-b11a-4d69-bfc7-5a4c2dc4c0aa
02-19 20:35:37.407   752   775 I system_server: Background concurrent mark compact GC freed 23MB AllocSpace bytes, 52(1696KB) LOS objects, 41% free, 33MB/57MB, paused 9.153ms,16.586ms total 536.168ms
02-19 20:35:37.411   752   776 I BpBinder: onLastStrongRef automatically unlinking death recipients: 
02-19 20:35:37.453   752   777 W System  : A resource failed to call release. 
02-19 20:35:37.488   752   777 W System  : A resource failed to call release. 
02-19 20:35:37.510 19284 28281 D WM-Processor: pst: processing WorkGenerationalId(workSpecId=b023fe9a-b11a-4d69-bfc7-5a4c2dc4c0aa, generation=0)
02-19 20:35:37.516   752   777 W System  : A resource failed to call release. 
02-19 20:35:37.682 28279 28279 W screencap: Thread Pool max thread count is 0. Cannot cache binder as linkToDeath cannot be implemented. serviceName: SurfaceFlingerAIDL
02-19 20:35:37.683 28279 28279 W BpBinder: Linking to death on android.gui.ISurfaceComposer but there are no threads (yet?) listening to incoming transactions. See ProcessState::startThreadPool and ProcessState::setThreadPoolMaxThreadCount. Generally you should setup the binder threadpool before other initialization steps.
02-19 20:35:37.683 28279 28279 W ProcessState: Extra binder thread started, but 0 threads requested. Do not use *startThreadPool when zero threads are requested.
02-19 20:35:37.684 19284 28280 D MddListenableWorkerFactory: createWorker for class: com.google.apps.tiktok.contrib.work.TikTokListenableWorker
02-19 20:35:37.698   531   603 E HwcComposer: getLuts failed Status(-8, EX_SERVICE_SPECIFIC): '8: '
02-19 20:35:37.698   531   603 E HWComposer: getLuts: getLuts failed for display 4619827259835644672: UNSUPPORTED (8)
02-19 20:35:37.736 19284 28282 D WM-GreedyScheduler: Constraints not met: Cancelling work ID WorkGenerationalId(workSpecId=79a56fa4-3471-4523-9596-698bbad0c2f5, generation=0)
02-19 20:35:37.830 19284 19756 I ForwardSyncCache: reclaimMemory: Clearing caches
02-19 20:35:37.872 19284 19284 D WM-WorkerWrapper: Starting work for com.google.apps.tiktok.contrib.work.TikTokListenableWorker
02-19 20:35:37.897 19284 19284 I SyncManagerImpl: #sync(). Running Synclets and scheduling next sync.
02-19 20:35:37.900 19284 19284 D WM-SystemJobService: onStartJob for WorkGenerationalId(workSpecId=b023fe9a-b11a-4d69-bfc7-5a4c2dc4c0aa, generation=0)
02-19 20:35:37.905 19284 28280 D WM-Processor: Work WorkGenerationalId(workSpecId=b023fe9a-b11a-4d69-bfc7-5a4c2dc4c0aa, generation=0) is already enqueued for processing
02-19 20:35:38.147 19284 19599 I SyncManagerImpl: Running synclets: [TemplateFetcherSynclet]
02-19 20:35:38.163   752  1856 E TaskPersister: File error accessing recents directory (directory doesn't exist?).
02-19 20:35:38.167 19284 19761 I SyncManagerImpl: Starting synclet: TemplateFetcherSynclet
02-19 20:35:38.192 19284 19756 W BugleSpam: trimming memory: closing msg model.
02-19 20:35:38.211 19284 19451 I SyncManagerImpl: #sync() complete
02-19 20:35:38.216 19284 19598 I SyncManagerImpl: Completed sync. Scheduling next wakeup
02-19 20:35:38.219 19284 19598 I SyncWorkManagerOneTimeS: Scheduling next onetime WorkManager workers
02-19 20:35:38.232 19284 28282 I WM-WorkerWrapper: Worker result SUCCESS for Work [ id=b023fe9a-b11a-4d69-bfc7-5a4c2dc4c0aa, tags={ com.google.apps.tiktok.contrib.work.TikTokListenableWorker,com.google.apps.tiktok.sync.impl.workmanager.SyncWorker,TikTokWorker#com.google.apps.tiktok.sync.impl.workmanager.SyncWorker } ]
02-19 20:35:38.243 19284 19284 D WM-Processor: pst b023fe9a-b11a-4d69-bfc7-5a4c2dc4c0aa executed; reschedule = false
02-19 20:35:38.243 19284 19284 D WM-SystemJobService: b023fe9a-b11a-4d69-bfc7-5a4c2dc4c0aa executed on JobScheduler
02-19 20:35:38.395 27484 27488 I AidlLazyServiceRegistrar: Process has 0 (of 1 available) client(s) in use after notification artd has clients: 0
02-19 20:35:38.395 27484 27488 I AidlLazyServiceRegistrar: Trying to shut down the service. No clients in use for any service in process.
02-19 20:35:38.419 27484 27488 I AidlLazyServiceRegistrar: Unregistered all clients and exiting
02-19 20:35:38.505 19284 19756 W Bugle   : TextClassifierLibManagerImpl: Reclaiming memory at level: 40
02-19 20:35:38.539 19284 28282 D WM-GreedyScheduler: Cancelling work ID b023fe9a-b11a-4d69-bfc7-5a4c2dc4c0aa
02-19 20:35:38.543 19301 19306 W .gms.persistent: Missing inline cache for ilwf bfjt.k(android.content.Context, boolean, java.lang.Integer, java.lang.Integer, bfkb, gtbo)
02-19 20:35:38.543 19301 19306 W .gms.persistent: Missing inline cache for ilwf bfjt.k(android.content.Context, boolean, java.lang.Integer, java.lang.Integer, bfkb, gtbo)
02-19 20:35:38.543 19301 19306 W .gms.persistent: Missing inline cache for ilwf bfjt.k(android.content.Context, boolean, java.lang.Integer, java.lang.Integer, bfkb, gtbo)
02-19 20:35:38.543 19301 19306 W .gms.persistent: Missing inline cache for ilwf bfjt.k(android.content.Context, boolean, java.lang.Integer, java.lang.Integer, bfkb, gtbo)
02-19 20:35:38.544 19301 19306 W .gms.persistent: Missing inline cache for ilwf bfjt.k(android.content.Context, boolean, java.lang.Integer, java.lang.Integer, bfkb, gtbo)
02-19 20:35:38.544 19301 19306 W .gms.persistent: Missing inline cache for ilwf bfjt.k(android.content.Context, boolean, java.lang.Integer, java.lang.Integer, bfkb, gtbo)
02-19 20:35:38.544 19301 19306 W .gms.persistent: Missing inline cache for ilwf bfjt.k(android.content.Context, boolean, java.lang.Integer, java.lang.Integer, bfkb, gtbo)
02-19 20:35:38.544 19301 19306 W .gms.persistent: Missing inline cache for ilwf bfjt.k(android.content.Context, boolean, java.lang.Integer, java.lang.Integer, bfkb, gtbo)
02-19 20:35:38.544 19301 19306 W .gms.persistent: Missing inline cache for ilwf bfjt.k(android.content.Context, boolean, java.lang.Integer, java.lang.Integer, bfkb, gtbo)
02-19 20:35:38.544 19301 19306 W .gms.persistent: Missing inline cache for ilwf bfjt.k(android.content.Context, boolean, java.lang.Integer, java.lang.Integer, bfkb, gtbo)
02-19 20:35:38.544 19301 19306 W .gms.persistent: Missing inline cache for ilwf bfjt.k(android.content.Context, boolean, java.lang.Integer, java.lang.Integer, bfkb, gtbo)
02-19 20:35:38.544 19301 19306 W .gms.persistent: Missing inline cache for ilwf bfjt.k(android.content.Context, boolean, java.lang.Integer, java.lang.Integer, bfkb, gtbo)
02-19 20:35:38.545 19301 19306 W .gms.persistent: Missing inline cache for ilwf bfjt.k(android.content.Context, boolean, java.lang.Integer, java.lang.Integer, bfkb, gtbo)
02-19 20:35:38.545 19301 19306 W .gms.persistent: Missing inline cache for ilwf bfjt.k(android.content.Context, boolean, java.lang.Integer, java.lang.Integer, bfkb, gtbo)
02-19 20:35:38.551 19301 19306 W .gms.persistent: Missing inline cache for ilwf bfjt.k(android.content.Context, boolean, java.lang.Integer, java.lang.Integer, bfkb, gtbo)
02-19 20:35:38.552 19301 19306 W .gms.persistent: Missing inline cache for ilwf bfjt.k(android.content.Context, boolean, java.lang.Integer, java.lang.Integer, bfkb, gtbo)
02-19 20:35:38.553 19301 19306 W .gms.persistent: Missing inline cache for ilwf bfjt.k(android.content.Context, boolean, java.lang.Integer, java.lang.Integer, bfkb, gtbo)
02-19 20:35:38.553 19301 19306 W .gms.persistent: Missing inline cache for ilwf bfjt.k(android.content.Context, boolean, java.lang.Integer, java.lang.Integer, bfkb, gtbo)
02-19 20:35:38.555 19301 19306 W .gms.persistent: Missing inline cache for ilwf bfjt.k(android.content.Context, boolean, java.lang.Integer, java.lang.Integer, bfkb, gtbo)
02-19 20:35:38.555 19301 19306 W .gms.persistent: Missing inline cache for ilwf bfjt.k(android.content.Context, boolean, java.lang.Integer, java.lang.Integer, bfkb, gtbo)
02-19 20:35:38.555 19301 19306 W .gms.persistent: Missing inline cache for ilwf bfjt.k(android.content.Context, boolean, java.lang.Integer, java.lang.Integer, bfkb, gtbo)
02-19 20:35:38.555 19301 19306 W .gms.persistent: Missing inline cache for ilwf bfjt.k(android.content.Context, boolean, java.lang.Integer, java.lang.Integer, bfkb, gtbo)
02-19 20:35:38.556 19301 19306 W .gms.persistent: Missing inline cache for ilwf bfjt.k(android.content.Context, boolean, java.lang.Integer, java.lang.Integer, bfkb, gtbo)
02-19 20:35:38.556 19301 19306 W .gms.persistent: Missing inline cache for ilwf bfjt.k(android.content.Context, boolean, java.lang.Integer, java.lang.Integer, bfkb, gtbo)
02-19 20:35:38.559 19301 19306 W .gms.persistent: Missing inline cache for ilwf bfjt.k(android.content.Context, boolean, java.lang.Integer, java.lang.Integer, bfkb, gtbo)
02-19 20:35:38.559 19301 19306 W .gms.persistent: Missing inline cache for ilwf bfjt.k(android.content.Context, boolean, java.lang.Integer, java.lang.Integer, bfkb, gtbo)
02-19 20:35:38.559 19301 19306 W .gms.persistent: Missing inline cache for ilwf bfjt.k(android.content.Context, boolean, java.lang.Integer, java.lang.Integer, bfkb, gtbo)
02-19 20:35:38.571 19284 19756 I ForwardSyncCache: reclaimMemory: Clearing caches
02-19 20:35:38.581 19284 19756 W BugleSpam: trimming memory: closing msg model.
02-19 20:35:38.605 19284 28282 D WM-GreedyScheduler: Ignoring {WorkSpec: 8fe53383-2a56-4f16-a96a-0bbc0b567d27}. Requires device idle.
02-19 20:35:38.605 19284 28282 D WM-GreedyScheduler: Ignoring {WorkSpec: b8e7a0c7-3316-4290-92d9-ceb0bd1e44ad}. Requires device idle.
02-19 20:35:38.605 19284 28282 D WM-GreedyScheduler: Ignoring {WorkSpec: 815d8b01-5104-4e24-9927-74c5c8e42e6c}. Requires device idle.
02-19 20:35:38.605 19284 28282 D WM-GreedyScheduler: Ignoring {WorkSpec: ec8fce03-118b-4141-8ceb-3f6d5d15672e}. Requires device idle.
02-19 20:35:38.619 19284 28282 D WM-GreedyScheduler: Starting tracking for 26a58988-bcf6-40f1-b83a-880425d5db32,d913255b-5c35-4e63-bef8-94113f5ec47f,bfa90bdb-d184-457a-950f-8a19593ba3cc,79a56fa4-3471-4523-9596-698bbad0c2f5
02-19 20:35:38.621 19284 19756 W Bugle   : TextClassifierLibManagerImpl: Reclaiming memory at level: 40
02-19 20:35:38.627 19284 19756 I ForwardSyncCache: reclaimMemory: Clearing caches
02-19 20:35:38.628 19284 19756 W BugleSpam: trimming memory: closing msg model.
02-19 20:35:38.629 19284 19756 W Bugle   : TextClassifierLibManagerImpl: Reclaiming memory at level: 40
02-19 20:35:38.631 19284 19756 I ForwardSyncCache: reclaimMemory: Clearing caches
02-19 20:35:38.631 19284 19756 W BugleSpam: trimming memory: closing msg model.
02-19 20:35:38.633 19284 19756 W Bugle   : TextClassifierLibManagerImpl: Reclaiming memory at level: 40
02-19 20:35:38.634 19284 19756 I ForwardSyncCache: reclaimMemory: Clearing caches
02-19 20:35:38.635 19284 19756 W BugleSpam: trimming memory: closing msg model.
02-19 20:35:38.637 19284 19756 W Bugle   : TextClassifierLibManagerImpl: Reclaiming memory at level: 40
02-19 20:35:38.638 19284 19756 I ForwardSyncCache: reclaimMemory: Clearing caches
02-19 20:35:38.639 19284 19756 W BugleSpam: trimming memory: closing msg model.
02-19 20:35:38.641 19284 19756 W Bugle   : TextClassifierLibManagerImpl: Reclaiming memory at level: 40
02-19 20:35:38.643 19284 19756 I ForwardSyncCache: reclaimMemory: Clearing caches
02-19 20:35:38.645 19284 19756 W BugleSpam: trimming memory: closing msg model.
02-19 20:35:38.647 19284 19756 W Bugle   : TextClassifierLibManagerImpl: Reclaiming memory at level: 40
02-19 20:35:38.648 19284 19756 I ForwardSyncCache: reclaimMemory: Clearing caches
02-19 20:35:38.649 19284 19756 W BugleSpam: trimming memory: closing msg model.
02-19 20:35:38.652 19284 19756 W Bugle   : TextClassifierLibManagerImpl: Reclaiming memory at level: 40
02-19 20:35:38.654 19284 19756 I ForwardSyncCache: reclaimMemory: Clearing caches
02-19 20:35:38.659 19284 19756 W BugleSpam: trimming memory: closing msg model.
02-19 20:35:38.660 19284 19756 W Bugle   : TextClassifierLibManagerImpl: Reclaiming memory at level: 40
02-19 20:35:38.662 19284 19756 I ForwardSyncCache: reclaimMemory: Clearing caches
02-19 20:35:38.663 19284 19756 W BugleSpam: trimming memory: closing msg model.
02-19 20:35:38.664 19301 19306 W .gms.persistent: Missing inline cache for void bczi.d(android.content.Context, iftn)
02-19 20:35:38.665 19284 19756 W Bugle   : TextClassifierLibManagerImpl: Reclaiming memory at level: 40
02-19 20:35:38.670 19301 19306 W .gms.persistent: Missing inline cache for void bczi.d(android.content.Context, iftn)
02-19 20:35:38.670 19301 19306 W .gms.persistent: Missing inline cache for void bczi.d(android.content.Context, iftn)
02-19 20:35:38.670 19301 19306 W .gms.persistent: Missing inline cache for void bczi.d(android.content.Context, iftn)
02-19 20:35:38.671 19301 19306 W .gms.persistent: Missing inline cache for void bczi.d(android.content.Context, iftn)
02-19 20:35:38.671 19301 19306 W .gms.persistent: Missing inline cache for void bczi.d(android.content.Context, iftn)
02-19 20:35:38.672 19301 19306 W .gms.persistent: Missing inline cache for void bczi.d(android.content.Context, iftn)
02-19 20:35:38.701 19284 19756 I ForwardSyncCache: reclaimMemory: Clearing caches
02-19 20:35:38.704 19284 19756 W BugleSpam: trimming memory: closing msg model.
02-19 20:35:38.705 19284 19756 W Bugle   : TextClassifierLibManagerImpl: Reclaiming memory at level: 40
02-19 20:35:38.707 19284 19756 I ForwardSyncCache: reclaimMemory: Clearing caches
02-19 20:35:38.708 19284 19756 W BugleSpam: trimming memory: closing msg model.
02-19 20:35:38.709 19284 19756 W Bugle   : TextClassifierLibManagerImpl: Reclaiming memory at level: 40
02-19 20:35:38.711 19284 19756 I ForwardSyncCache: reclaimMemory: Clearing caches
02-19 20:35:38.712 19284 19756 W BugleSpam: trimming memory: closing msg model.
02-19 20:35:38.713 19284 19756 W Bugle   : TextClassifierLibManagerImpl: Reclaiming memory at level: 40
02-19 20:35:38.715 19284 19756 I ForwardSyncCache: reclaimMemory: Clearing caches
02-19 20:35:38.716 19284 19756 W BugleSpam: trimming memory: closing msg model.
02-19 20:35:38.722 19284 19756 W Bugle   : TextClassifierLibManagerImpl: Reclaiming memory at level: 40
02-19 20:35:38.729 19284 19756 I ForwardSyncCache: reclaimMemory: Clearing caches
02-19 20:35:38.731 19284 19756 W BugleSpam: trimming memory: closing msg model.
02-19 20:35:38.732 19284 19756 W Bugle   : TextClassifierLibManagerImpl: Reclaiming memory at level: 40
02-19 20:35:38.733 19284 19756 I ForwardSyncCache: reclaimMemory: Clearing caches
02-19 20:35:38.735 19284 19756 W BugleSpam: trimming memory: closing msg model.
02-19 20:35:38.737 19284 19756 W Bugle   : TextClassifierLibManagerImpl: Reclaiming memory at level: 40
02-19 20:35:38.738 19284 19756 I ForwardSyncCache: reclaimMemory: Clearing caches
02-19 20:35:38.739 19284 19756 W BugleSpam: trimming memory: closing msg model.
02-19 20:35:38.740 19284 19756 W Bugle   : TextClassifierLibManagerImpl: Reclaiming memory at level: 40
02-19 20:35:38.741 19284 19756 I ForwardSyncCache: reclaimMemory: Clearing caches
02-19 20:35:38.742 19284 19756 W BugleSpam: trimming memory: closing msg model.
02-19 20:35:38.744 19284 19756 W Bugle   : TextClassifierLibManagerImpl: Reclaiming memory at level: 40
02-19 20:35:38.745 19284 19756 I ForwardSyncCache: reclaimMemory: Clearing caches
02-19 20:35:38.747 19284 19756 W BugleSpam: trimming memory: closing msg model.
02-19 20:35:38.748 19284 19756 W Bugle   : TextClassifierLibManagerImpl: Reclaiming memory at level: 40
02-19 20:35:38.749 19284 19756 I ForwardSyncCache: reclaimMemory: Clearing caches
02-19 20:35:38.751 19284 19756 W BugleSpam: trimming memory: closing msg model.
02-19 20:35:38.753 19284 19756 W Bugle   : TextClassifierLibManagerImpl: Reclaiming memory at level: 40
02-19 20:35:38.754 19284 19756 I ForwardSyncCache: reclaimMemory: Clearing caches
02-19 20:35:38.755 19284 19756 W BugleSpam: trimming memory: closing msg model.
02-19 20:35:38.756 19284 19756 W Bugle   : TextClassifierLibManagerImpl: Reclaiming memory at level: 40
02-19 20:35:38.759 19284 19756 I ForwardSyncCache: reclaimMemory: Clearing caches
02-19 20:35:38.759 19284 19756 W BugleSpam: trimming memory: closing msg model.
02-19 20:35:38.761 19284 19756 W Bugle   : TextClassifierLibManagerImpl: Reclaiming memory at level: 40
02-19 20:35:38.761 19284 19756 I ForwardSyncCache: reclaimMemory: Clearing caches
02-19 20:35:38.763 19284 19756 W BugleSpam: trimming memory: closing msg model.
02-19 20:35:38.763 19284 19756 W Bugle   : TextClassifierLibManagerImpl: Reclaiming memory at level: 40
02-19 20:35:38.764 19284 19756 I ForwardSyncCache: reclaimMemory: Clearing caches
02-19 20:35:38.765 19284 19756 W BugleSpam: trimming memory: closing msg model.
02-19 20:35:38.766 19284 19756 W Bugle   : TextClassifierLibManagerImpl: Reclaiming memory at level: 40
02-19 20:35:38.766 19284 19756 I ForwardSyncCache: reclaimMemory: Clearing caches
02-19 20:35:38.767 19284 19756 W BugleSpam: trimming memory: closing msg model.
02-19 20:35:38.768 19284 19756 W Bugle   : TextClassifierLibManagerImpl: Reclaiming memory at level: 40
02-19 20:35:38.770 19284 19756 I ForwardSyncCache: reclaimMemory: Clearing caches
02-19 20:35:38.770 19284 19756 W BugleSpam: trimming memory: closing msg model.
02-19 20:35:38.772 19284 19756 W Bugle   : TextClassifierLibManagerImpl: Reclaiming memory at level: 40
02-19 20:35:38.772 19284 19756 I ForwardSyncCache: reclaimMemory: Clearing caches
02-19 20:35:38.773 19284 19756 W BugleSpam: trimming memory: closing msg model.
02-19 20:35:38.775 19284 19756 W Bugle   : TextClassifierLibManagerImpl: Reclaiming memory at level: 40
02-19 20:35:38.776 19284 19756 I ForwardSyncCache: reclaimMemory: Clearing caches
02-19 20:35:38.777 19284 19756 W BugleSpam: trimming memory: closing msg model.
02-19 20:35:38.779 19284 19756 W Bugle   : TextClassifierLibManagerImpl: Reclaiming memory at level: 40
02-19 20:35:38.780 19284 19756 I ForwardSyncCache: reclaimMemory: Clearing caches
02-19 20:35:38.781 19284 19756 W BugleSpam: trimming memory: closing msg model.
02-19 20:35:38.784 19284 19756 W Bugle   : TextClassifierLibManagerImpl: Reclaiming memory at level: 40
02-19 20:35:38.787 19284 19756 I ForwardSyncCache: reclaimMemory: Clearing caches
02-19 20:35:38.788 19284 19756 W BugleSpam: trimming memory: closing msg model.
02-19 20:35:38.790 19284 19756 W Bugle   : TextClassifierLibManagerImpl: Reclaiming memory at level: 40
02-19 20:35:38.792 19284 19756 I ForwardSyncCache: reclaimMemory: Clearing caches
02-19 20:35:38.793 19284 19756 W BugleSpam: trimming memory: closing msg model.
02-19 20:35:38.798 19284 19756 W Bugle   : TextClassifierLibManagerImpl: Reclaiming memory at level: 40
02-19 20:35:38.802 19284 19756 I ForwardSyncCache: reclaimMemory: Clearing caches
02-19 20:35:38.803 19284 19756 W BugleSpam: trimming memory: closing msg model.
02-19 20:35:38.805 19284 19756 W Bugle   : TextClassifierLibManagerImpl: Reclaiming memory at level: 40
02-19 20:35:38.878 19284 19756 I ForwardSyncCache: reclaimMemory: Clearing caches
02-19 20:35:38.879 19284 19756 W BugleSpam: trimming memory: closing msg model.
02-19 20:35:38.880 19284 19756 W Bugle   : TextClassifierLibManagerImpl: Reclaiming memory at level: 40
02-19 20:35:38.880 19284 19756 I ForwardSyncCache: reclaimMemory: Clearing caches
02-19 20:35:38.884 19284 19756 W BugleSpam: trimming memory: closing msg model.
02-19 20:35:38.887 19284 19756 W Bugle   : TextClassifierLibManagerImpl: Reclaiming memory at level: 40
02-19 20:35:38.888 19284 19756 I ForwardSyncCache: reclaimMemory: Clearing caches
02-19 20:35:38.890 19284 19756 W BugleSpam: trimming memory: closing msg model.
02-19 20:35:38.892 19284 19756 W Bugle   : TextClassifierLibManagerImpl: Reclaiming memory at level: 40
02-19 20:35:38.894 19284 19756 I ForwardSyncCache: reclaimMemory: Clearing caches
02-19 20:35:38.897 19284 19756 W BugleSpam: trimming memory: closing msg model.
02-19 20:35:38.898 19284 19756 W Bugle   : TextClassifierLibManagerImpl: Reclaiming memory at level: 40
02-19 20:35:38.901 19284 19756 I ForwardSyncCache: reclaimMemory: Clearing caches
02-19 20:35:38.902 19284 19756 W BugleSpam: trimming memory: closing msg model.
02-19 20:35:38.910 19284 19756 W Bugle   : TextClassifierLibManagerImpl: Reclaiming memory at level: 40
02-19 20:35:38.918 19284 19756 I ForwardSyncCache: reclaimMemory: Clearing caches
02-19 20:35:38.926 19284 19756 W BugleSpam: trimming memory: closing msg model.
02-19 20:35:38.935 19284 19756 W Bugle   : TextClassifierLibManagerImpl: Reclaiming memory at level: 40
