02-19 18:16:52.361 13847 13963 D nativeloader: Load /data/app/~~NUQj-rdXzuicW-16SIRtKA==/viva.republica.toss.test-Si406wFvb_sqEA2GTBV6RQ==/lib/x86_64/libreactnativejni.so using class loader ns clns-9 (caller=<unknown>): ok
02-19 18:16:52.397 13847 13963 D nativeloader: Load /data/app/~~NUQj-rdXzuicW-16SIRtKA==/viva.republica.toss.test-Si406wFvb_sqEA2GTBV6RQ==/lib/x86_64/libhermes_executor.so using class loader ns clns-9 (caller=<unknown>): ok
02-19 18:16:52.446 13847 13963 D ApplicationLoaders: Returning zygote-cached class loader: /system/framework/org.apache.http.legacy.jar
02-19 18:16:52.447 13847 13963 D ApplicationLoaders: Returning zygote-cached class loader: /system/framework/com.android.location.provider.jar
02-19 18:16:52.447 13847 13963 D ApplicationLoaders: Returning zygote-cached class loader: /system/framework/com.android.media.remotedisplay.jar
02-19 18:16:52.447 13847 13963 D ApplicationLoaders: Returning zygote-cached class loader: /system_ext/framework/androidx.window.extensions.jar
02-19 18:16:52.447 13847 13963 D ApplicationLoaders: Returning zygote-cached class loader: /system_ext/framework/androidx.window.sidecar.jar
02-19 18:16:52.564 13847 13963 D nativeloader: Configuring clns-13 for other apk /data/app/~~O-UZzK0jUU9NLgS3MODOZA==/com.google.android.gms-YQ2L6GsYyKuvu9MvIBK1EQ==/base.apk. target_sdk_version=36, uses_libraries=, library_path=/data/app/~~O-UZzK0jUU9NLgS3MODOZA==/com.google.android.gms-YQ2L6GsYyKuvu9MvIBK1EQ==/lib/x86_64:/data/app/~~O-UZzK0jUU9NLgS3MODOZA==/com.google.android.gms-YQ2L6GsYyKuvu9MvIBK1EQ==/base.apk!/lib/x86_64, permitted_path=/data:/mnt/expand:/data/user/0/com.google.android.gms
02-19 18:16:52.711 13970 13970 W dumpsys : Thread Pool max thread count is 0. Cannot cache binder as linkToDeath cannot be implemented. serviceName: window
02-19 18:16:52.950 13847 13963 I blica.toss.test: AssetManager2(0x7d8fac43f8d8) locale list changing from [] to [en-US]
02-19 18:16:53.049 13847 13963 W System  : ClassLoader referenced unknown path: 
02-19 18:16:53.050 13847 13963 D nativeloader: Configuring clns-14 for other apk . target_sdk_version=36, uses_libraries=, library_path=/data/app/~~O-UZzK0jUU9NLgS3MODOZA==/com.google.android.gms-YQ2L6GsYyKuvu9MvIBK1EQ==/lib/x86_64:/data/app/~~O-UZzK0jUU9NLgS3MODOZA==/com.google.android.gms-YQ2L6GsYyKuvu9MvIBK1EQ==/base.apk!/lib/x86_64, permitted_path=/data:/mnt/expand:/data/user/0/com.google.android.gms
02-19 18:16:53.066 13847 13963 W DynamiteModule: Failed to load module via V2: java.lang.NoSuchFieldException: No field sClassLoader in class Lcom/google/android/gms/dynamite/DynamiteModule$DynamiteLoaderClassLoader; (declaration of 'com.google.android.gms.dynamite.DynamiteModule$DynamiteLoaderClassLoader' appears in /data/app/~~NUQj-rdXzuicW-16SIRtKA==/viva.republica.toss.test-Si406wFvb_sqEA2GTBV6RQ==/base.apk!classes2.dex)
02-19 18:16:53.075 13847 13963 I DynamiteModule: Considering local module com.google.android.gms.ads.dynamite:0 and remote module com.google.android.gms.ads.dynamite:254380203
02-19 18:16:53.075 13847 13963 I DynamiteModule: Selected remote version of com.google.android.gms.ads.dynamite, version >= 254380203
02-19 18:16:53.123 13847 13963 D CompatChangeReporter: Compat change id reported: 312399441; UID 10217; state: ENABLED
02-19 18:16:53.215 13847 13963 I blica.toss.test: AssetManager2(0x7d8fac43c3b8) locale list changing from [] to [en-US]
02-19 18:16:53.218 13847 13963 I blica.toss.test: AssetManager2(0x7d8fac440b98) locale list changing from [] to [en-US]
02-19 18:16:53.227 13847 13963 D DynamitePackage: Instantiated singleton DynamitePackage.
02-19 18:16:53.227 13847 13963 D DynamitePackage: Instantiating com.google.android.gms.ads.ChimeraMobileAdsSettingManagerCreatorImpl
02-19 18:16:53.334   752  1852 D ConnectivityService: requestNetwork for uid/pid:10217/13847 activeRequest: null callbackRequest: 594 [NetworkRequest [ REQUEST id=595, [ Capabilities: INTERNET&NOT_RESTRICTED&TRUSTED&NOT_VCN_MANAGED&NOT_BANDWIDTH_CONSTRAINED Uid: 10217 RequestorUid: 10217 RequestorPkg: viva.republica.toss.test UnderlyingNetworks: Null] ]] callback flags: 0 order: 2147483647 isUidTracked: false declaredMethods: AVAIL|LOST
02-19 18:16:53.341   752  1023 D OemPaidWifiNetworkFactory: got request NetworkRequest [ REQUEST id=595, [ Capabilities: INTERNET&NOT_RESTRICTED&TRUSTED&NOT_VCN_MANAGED&NOT_BANDWIDTH_CONSTRAINED Uid: 10217 RequestorUid: 10217 RequestorPkg: viva.republica.toss.test UnderlyingNetworks: Null] ]
02-19 18:16:53.341   752  1023 D MultiInternetWifiNetworkFactory: got request NetworkRequest [ REQUEST id=595, [ Capabilities: INTERNET&NOT_RESTRICTED&TRUSTED&NOT_VCN_MANAGED&NOT_BANDWIDTH_CONSTRAINED Uid: 10217 RequestorUid: 10217 RequestorPkg: viva.republica.toss.test UnderlyingNetworks: Null] ]
02-19 18:16:53.341   752  1023 D WifiNetworkFactory: got request NetworkRequest [ REQUEST id=595, [ Capabilities: INTERNET&NOT_RESTRICTED&TRUSTED&NOT_VCN_MANAGED&NOT_BANDWIDTH_CONSTRAINED Uid: 10217 RequestorUid: 10217 RequestorPkg: viva.republica.toss.test UnderlyingNetworks: Null] ]
02-19 18:16:53.342   752  1029 D ConnectivityService: NetReassign [595 : null → 108] [c 2] [a 3] [i 2]
02-19 18:16:53.342   752  1023 D UntrustedWifiNetworkFactory: got request NetworkRequest [ REQUEST id=595, [ Capabilities: INTERNET&NOT_RESTRICTED&TRUSTED&NOT_VCN_MANAGED&NOT_BANDWIDTH_CONSTRAINED Uid: 10217 RequestorUid: 10217 RequestorPkg: viva.republica.toss.test UnderlyingNetworks: Null] ]
02-19 18:16:53.381 13847 13963 D DynamitePackage: Instantiating com.google.android.gms.ads.ChimeraAdPreloaderCreatorImpl
02-19 18:16:53.431   752  1095 D BackgroundInstallControlService: Package event received: 0
02-19 18:16:53.435  3453  3453 D BoundBrokerSvc: onBind: Intent { act=com.google.android.gms.appset.service.START dat=chimera-action:/... xflg=0x4 cmp=com.google.android.gms/.chimera.GmsApiService }
02-19 18:16:53.435  3453  3453 D BoundBrokerSvc: Loading bound service for intent: Intent { act=com.google.android.gms.appset.service.START dat=chimera-action:/... xflg=0x4 cmp=com.google.android.gms/.chimera.GmsApiService }
02-19 18:16:53.447   752  1095 D BackgroundInstallControlService: Package event received: 0
02-19 18:16:53.448   752  1987 D ActivityManager: sync unfroze 3794 com.android.vending for 6
02-19 18:16:53.454   752  1095 D BackgroundInstallControlService: Package event received: 0
02-19 18:16:53.464  3794  3794 I Finsky  : [2] Memory trim requested to level 40
02-19 18:16:53.465  3794  3794 I Finsky  : [2] Flushing in-memory image cache
02-19 18:16:53.469   752  1987 D ActivityManager: sync unfroze 10620 com.android.vending:background for 6
02-19 18:16:53.470 10620 10620 I Finsky:background: [2] Memory trim requested to level 40
02-19 18:16:53.476 10620 10654 I Finsky:background: [66] Current account updated in PVS
02-19 18:16:53.487  3794  3880 I Finsky  : [72] Current account updated in PVS
02-19 18:16:53.526   752  1987 D ConnectivityService: requestNetwork for uid/pid:10217/13847 activeRequest: null callbackRequest: 596 [NetworkRequest [ REQUEST id=597, [ Capabilities: INTERNET&NOT_RESTRICTED&TRUSTED&NOT_VCN_MANAGED&NOT_BANDWIDTH_CONSTRAINED Uid: 10217 RequestorUid: 10217 RequestorPkg: viva.republica.toss.test UnderlyingNetworks: Null] ]] callback flags: 0 order: 2147483647 isUidTracked: false declaredMethods: AVAIL|LOST|NC|LP
02-19 18:16:53.529   752  1023 D OemPaidWifiNetworkFactory: got request NetworkRequest [ REQUEST id=597, [ Capabilities: INTERNET&NOT_RESTRICTED&TRUSTED&NOT_VCN_MANAGED&NOT_BANDWIDTH_CONSTRAINED Uid: 10217 RequestorUid: 10217 RequestorPkg: viva.republica.toss.test UnderlyingNetworks: Null] ]
02-19 18:16:53.529   752  1023 D MultiInternetWifiNetworkFactory: got request NetworkRequest [ REQUEST id=597, [ Capabilities: INTERNET&NOT_RESTRICTED&TRUSTED&NOT_VCN_MANAGED&NOT_BANDWIDTH_CONSTRAINED Uid: 10217 RequestorUid: 10217 RequestorPkg: viva.republica.toss.test UnderlyingNetworks: Null] ]
02-19 18:16:53.529   752  1987 D CompatChangeReporter: Compat change id reported: 319212206; UID 10217; state: ENABLED
02-19 18:16:53.529   752  1023 D WifiNetworkFactory: got request NetworkRequest [ REQUEST id=597, [ Capabilities: INTERNET&NOT_RESTRICTED&TRUSTED&NOT_VCN_MANAGED&NOT_BANDWIDTH_CONSTRAINED Uid: 10217 RequestorUid: 10217 RequestorPkg: viva.republica.toss.test UnderlyingNetworks: Null] ]
02-19 18:16:53.529   752  1023 D UntrustedWifiNetworkFactory: got request NetworkRequest [ REQUEST id=597, [ Capabilities: INTERNET&NOT_RESTRICTED&TRUSTED&NOT_VCN_MANAGED&NOT_BANDWIDTH_CONSTRAINED Uid: 10217 RequestorUid: 10217 RequestorPkg: viva.republica.toss.test UnderlyingNetworks: Null] ]
02-19 18:16:53.529   752  1029 D ConnectivityService: NetReassign [597 : null → 108] [c 1] [a 0] [i 1]
02-19 18:16:53.531   752  1029 D ConnectivityService: NetReassign [no changes] [c 0] [a 1] [i 1]
02-19 18:16:53.595 13847 13888 W cr_media: BLUETOOTH_CONNECT permission is missing.
02-19 18:16:53.597 13847 13888 W cr_media: getBluetoothAdapter() requires BLUETOOTH permission
02-19 18:16:53.597 13847 13888 W cr_media: registerBluetoothIntentsIfNeeded: Requires BLUETOOTH permission
02-19 18:16:53.609 13847 13963 W unknown:ReactContext: initializeMessageQueueThreads() is called.
02-19 18:16:53.635   752  1987 D CompatChangeReporter: Compat change id reported: 297989574; UID 10217; state: ENABLED
02-19 18:16:53.648 13847 13989 W unknown:ViewManagerPropertyUpdater: Could not find generated setter for class com.facebook.react.views.traceupdateoverlay.TraceUpdateOverlayManager
02-19 18:16:53.662 13847 13989 W unknown:ViewManagerPropertyUpdater: Could not find generated setter for class com.facebook.react.uimanager.LayoutShadowNode
02-19 18:16:53.665 13847 13989 W unknown:ViewManagerPropertyUpdater: Could not find generated setter for class com.facebook.react.views.drawer.ReactDrawerLayoutManager
02-19 18:16:53.673 13847 13989 W unknown:ViewManagerPropertyUpdater: Could not find generated setter for class com.facebook.react.views.scroll.ReactHorizontalScrollViewManager
02-19 18:16:53.683  3794  3876 I Finsky  : [70] Current account updated in PVS
02-19 18:16:53.684 13847 13989 W unknown:ViewManagerPropertyUpdater: Could not find generated setter for class com.facebook.react.views.scroll.ReactHorizontalScrollContainerViewManager
02-19 18:16:53.686 13847 13992 W libc    : Access denied finding property "vendor.mesa.log"
02-19 18:16:53.686 13847 13992 W libc    : Access denied finding property "vendor.mesa.log.file"
02-19 18:16:53.686 13847 13992 E MESA    : Failed to open rendernode: No such file or directory
02-19 18:16:53.690 13847 13989 W unknown:ViewManagerPropertyUpdater: Could not find generated setter for class com.facebook.react.views.progressbar.ReactProgressBarViewManager
02-19 18:16:53.692 13847 13989 W unknown:ViewManagerPropertyUpdater: Could not find generated setter for class com.facebook.react.views.progressbar.ProgressBarShadowNode
02-19 18:16:53.697 13847 13989 W unknown:ViewManagerPropertyUpdater: Could not find generated setter for class com.facebook.react.views.scroll.ReactScrollViewManager
02-19 18:16:53.698  3794  3873 I Finsky  : [67] Current account updated in PVS
02-19 18:16:53.699  3794  3877 I Finsky  : [71] Current account updated in PVS
02-19 18:16:53.702 13847 13989 W unknown:ViewManagerPropertyUpdater: Could not find generated setter for class com.facebook.react.views.switchview.ReactSwitchManager
02-19 18:16:53.710 13847 13989 W unknown:ViewManagerPropertyUpdater: Could not find generated setter for class com.facebook.react.views.switchview.ReactSwitchManager$ReactSwitchShadowNode
02-19 18:16:53.712 13847 13989 W unknown:ViewManagerPropertyUpdater: Could not find generated setter for class com.facebook.react.views.swiperefresh.SwipeRefreshLayoutManager
02-19 18:16:53.719 13847 13992 D vulkan  : searching for layers in '/data/app/~~NUQj-rdXzuicW-16SIRtKA==/viva.republica.toss.test-Si406wFvb_sqEA2GTBV6RQ==/lib/x86_64'
02-19 18:16:53.722 13847 13992 D vulkan  : searching for layers in '/data/app/~~NUQj-rdXzuicW-16SIRtKA==/viva.republica.toss.test-Si406wFvb_sqEA2GTBV6RQ==/base.apk!/lib/x86_64'
02-19 18:16:53.728 13847 13989 W unknown:ViewManagerPropertyUpdater: Could not find generated setter for class com.facebook.react.views.text.frescosupport.FrescoBasedReactTextInlineImageViewManager
02-19 18:16:53.732 13847 13989 W unknown:ViewManagerPropertyUpdater: Could not find generated setter for class com.facebook.react.views.text.frescosupport.FrescoBasedReactTextInlineImageShadowNode
02-19 18:16:53.743 13870 13880 I cr_LibraryLoader: Successfully loaded native library
02-19 18:16:53.746 13847 13989 W unknown:ViewManagerPropertyUpdater: Could not find generated setter for class com.facebook.react.views.image.ReactImageManager
02-19 18:16:53.747 13870 13880 I cr_CachingUmaRecorder: Flushed 2 samples from 2 histograms, 0 samples were dropped.
02-19 18:16:53.756 13847 13989 W unknown:ViewManagerPropertyUpdater: Could not find generated setter for class com.facebook.react.views.modal.ReactModalHostManager
02-19 18:16:53.776 13847 13989 W unknown:ViewManagerPropertyUpdater: Could not find generated setter for class com.facebook.react.views.modal.ModalHostShadowNode
02-19 18:16:53.777 13847 13989 W unknown:ViewManagerPropertyUpdater: Could not find generated setter for class com.facebook.react.views.text.ReactRawTextManager
02-19 18:16:53.779 13847 13989 W unknown:ViewManagerPropertyUpdater: Could not find generated setter for class com.facebook.react.views.text.ReactRawTextShadowNode
02-19 18:16:53.780 13847 13989 W unknown:ViewManagerPropertyUpdater: Could not find generated setter for class com.facebook.react.views.textinput.ReactTextInputManager
02-19 18:16:53.797 13847 13847 W unknown:ReactNative: Packager connection already open, nooping.
02-19 18:16:53.883 13847 13989 W unknown:ViewManagerPropertyUpdater: Could not find generated setter for class com.facebook.react.views.textinput.ReactTextInputShadowNode
02-19 18:16:53.891 13870 13880 W SystemServiceRegistry: No service published for: uimode
02-19 18:16:53.994  3453  3453 D BoundBrokerSvc: onBind: Intent { act=com.google.android.gms.safebrowsing.SafeBrowsingService.START dat=chimera-action:/... xflg=0x4 cmp=com.google.android.gms/.chimera.GmsBoundBrokerService }
02-19 18:16:53.995  3453  3453 D BoundBrokerSvc: Loading bound service for intent: Intent { act=com.google.android.gms.safebrowsing.SafeBrowsingService.START dat=chimera-action:/... xflg=0x4 cmp=com.google.android.gms/.chimera.GmsBoundBrokerService }
02-19 18:16:54.006 13847 13989 W unknown:ViewManagerPropertyUpdater: Could not find generated setter for class com.facebook.react.views.text.ReactTextViewManager
02-19 18:16:54.014 13847 13989 W unknown:ViewManagerPropertyUpdater: Could not find generated setter for class com.facebook.react.views.text.ReactTextShadowNode
02-19 18:16:54.016 13847 13989 W unknown:ViewManagerPropertyUpdater: Could not find generated setter for class com.facebook.react.views.view.ReactViewManager
02-19 18:16:54.021 13847 13989 W unknown:ViewManagerPropertyUpdater: Could not find generated setter for class com.facebook.react.views.text.ReactVirtualTextViewManager
02-19 18:16:54.021 13847 13989 W unknown:ViewManagerPropertyUpdater: Could not find generated setter for class com.facebook.react.views.text.ReactVirtualTextShadowNode
02-19 18:16:54.022 13847 13989 W unknown:ViewManagerPropertyUpdater: Could not find generated setter for class com.facebook.react.views.unimplementedview.ReactUnimplementedViewManager
02-19 18:16:54.031 13847 13989 W unknown:ViewManagerPropertyUpdater: Could not find generated setter for class com.shopify.reactnative.flash_list.AutoLayoutViewManager
02-19 18:16:54.038 13847 13989 W unknown:ViewManagerPropertyUpdater: Could not find generated setter for class com.shopify.reactnative.flash_list.CellContainerManager
02-19 18:16:54.042 13847 13989 W unknown:ViewManagerPropertyUpdater: Could not find generated setter for class com.airbnb.android.react.lottie.LottieAnimationViewManager
02-19 18:16:54.050 13847 13989 W unknown:ViewManagerPropertyUpdater: Could not find generated setter for class com.swmansion.gesturehandler.react.RNGestureHandlerRootViewManager
02-19 18:16:54.055 13847 13989 W unknown:ViewManagerPropertyUpdater: Could not find generated setter for class com.swmansion.gesturehandler.react.RNGestureHandlerButtonViewManager
02-19 18:16:54.057 13847 13989 W unknown:ViewManagerPropertyUpdater: Could not find generated setter for class io.invertase.googlemobileads.ReactNativeGoogleMobileAdsBannerAdViewManager
02-19 18:16:54.063 13847 13989 W unknown:ViewManagerPropertyUpdater: Could not find generated setter for class com.reactnativepagerview.PagerViewViewManager
02-19 18:16:54.067 13847 13989 W unknown:ViewManagerPropertyUpdater: Could not find generated setter for class com.th3rdwave.safeareacontext.SafeAreaProviderManager
02-19 18:16:54.073 13847 13989 W unknown:ViewManagerPropertyUpdater: Could not find generated setter for class com.th3rdwave.safeareacontext.SafeAreaViewManager
02-19 18:16:54.074 13847 13989 W unknown:ViewManagerPropertyUpdater: Could not find generated setter for class o.eglCreatePlatformPixmapSurface
02-19 18:16:54.076 13847 13989 W unknown:ViewManagerPropertyUpdater: Could not find generated setter for class com.swmansion.rnscreens.ScreenContainerViewManager
02-19 18:16:54.078 13847 13989 W unknown:ViewManagerPropertyUpdater: Could not find generated setter for class com.swmansion.rnscreens.ScreenViewManager
02-19 18:16:54.081 13847 13989 W unknown:ViewManagerPropertyUpdater: Could not find generated setter for class com.swmansion.rnscreens.ScreenStackViewManager
02-19 18:16:54.087 13847 13989 W unknown:ViewManagerPropertyUpdater: Could not find generated setter for class com.swmansion.rnscreens.ScreenStackHeaderConfigViewManager
02-19 18:16:54.099 13847 13989 W unknown:ViewManagerPropertyUpdater: Could not find generated setter for class com.swmansion.rnscreens.ScreenStackHeaderSubviewManager
02-19 18:16:54.100 13847 13989 W unknown:ViewManagerPropertyUpdater: Could not find generated setter for class com.swmansion.rnscreens.SearchBarManager
02-19 18:16:54.112 13847 13989 W unknown:ViewManagerPropertyUpdater: Could not find generated setter for class com.horcrux.svg.RenderableViewManager$DefsViewManager
02-19 18:16:54.119 13847 13989 W unknown:ViewManagerPropertyUpdater: Could not find generated setter for class com.horcrux.svg.VirtualViewManager$RemoteActionCompatParcelizer
02-19 18:16:54.134 13847 13989 W unknown:ViewManagerPropertyUpdater: Could not find generated setter for class com.horcrux.svg.RenderableViewManager$MarkerManager
02-19 18:16:54.146 13847 13988 D nativeloader: Load /data/data/viva.republica.toss.test/libtcj.so using class loader ns clns-9 (caller=<unknown>): ok
02-19 18:16:54.154 13847 13989 W unknown:ViewManagerPropertyUpdater: Could not find generated setter for class com.horcrux.svg.RenderableViewManager$ForeignObjectManager
02-19 18:16:54.136 13847 13847 W mqt_js  : type=1400 audit(0.0:330): avc:  granted  { execute } for  path="/data/data/viva.republica.toss.test/libtcj.so" dev="dm-55" ino=363401 scontext=u:r:untrusted_app:s0:c217,c256,c512,c768 tcontext=u:object_r:app_data_file:s0:c217,c256,c512,c768 tclass=file app=viva.republica.toss.test
02-19 18:16:54.169 13870 13880 W chromium: [WARNING:runtime_features.cc(560)] Fenced frames cannot be enabled in this configuration. Use --enable-features=FencedFrames instead.
02-19 18:16:54.194 13870 13880 W chromium: [WARNING:runtime_features.cc(585)] Topics cannot be enabled in this configuration. Use --enable-features=BrowsingTopics in addition.
02-19 18:16:54.194 13870 13880 W chromium: [WARNING:runtime_features.cc(606)] SharedStorage cannot be enabled in this configuration. Use --enable-features=SharedStorageAPI in addition.
02-19 18:16:54.198 13847 13989 W unknown:ViewManagerPropertyUpdater: Could not find generated setter for class com.horcrux.svg.RenderableViewManager$EllipseViewManager
02-19 18:16:54.218 13847 13989 W unknown:ViewManagerPropertyUpdater: Could not find generated setter for class com.horcrux.svg.RenderableViewManager$LineViewManager
02-19 18:16:54.222 13847 13989 W unknown:ViewManagerPropertyUpdater: Could not find generated setter for class com.horcrux.svg.RenderableViewManager$LinearGradientManager
02-19 18:16:54.225 13847 13989 W unknown:ViewManagerPropertyUpdater: Could not find generated setter for class com.horcrux.svg.RenderableViewManager$GroupViewManager
02-19 18:16:54.226 13847 13989 W unknown:ViewManagerPropertyUpdater: Could not find generated setter for class com.horcrux.svg.RenderableViewManager$TextViewManager
02-19 18:16:54.231 13847 13989 W unknown:ViewManagerPropertyUpdater: Could not find generated setter for class com.horcrux.svg.RenderableViewManager$ImageViewManager
02-19 18:16:54.232 13847 13989 W unknown:ViewManagerPropertyUpdater: Could not find generated setter for class com.horcrux.svg.RenderableViewManager$ClipPathViewManager
02-19 18:16:54.234 13847 13989 W unknown:ViewManagerPropertyUpdater: Could not find generated setter for class com.horcrux.svg.RenderableViewManager$RadialGradientManager
02-19 18:16:54.235 13847 13989 W unknown:ViewManagerPropertyUpdater: Could not find generated setter for class com.horcrux.svg.RenderableViewManager$MaskManager
02-19 18:16:54.236 13847 13989 W unknown:ViewManagerPropertyUpdater: Could not find generated setter for class com.horcrux.svg.RenderableViewManager$SymbolManager
02-19 18:16:54.240 13847 13989 W unknown:ViewManagerPropertyUpdater: Could not find generated setter for class com.horcrux.svg.RenderableViewManager$PatternManager
02-19 18:16:54.248 13847 13989 W unknown:ViewManagerPropertyUpdater: Could not find generated setter for class com.horcrux.svg.RenderableViewManager$RectViewManager
02-19 18:16:54.250 13847 13989 W unknown:ViewManagerPropertyUpdater: Could not find generated setter for class com.horcrux.svg.RenderableViewManager$TextPathViewManager
02-19 18:16:54.253 13847 13989 W unknown:ViewManagerPropertyUpdater: Could not find generated setter for class com.horcrux.svg.SvgViewManager
02-19 18:16:54.255 13847 13989 W unknown:ViewManagerPropertyUpdater: Could not find generated setter for class com.horcrux.svg.RenderableViewManager$PathViewManager
02-19 18:16:54.282 13847 13989 W unknown:ViewManagerPropertyUpdater: Could not find generated setter for class com.horcrux.svg.RenderableViewManager$UseViewManager
02-19 18:16:54.291 13847 13989 W unknown:ViewManagerPropertyUpdater: Could not find generated setter for class com.horcrux.svg.RenderableViewManager$CircleViewManager
02-19 18:16:54.295 13847 13989 W unknown:ViewManagerPropertyUpdater: Could not find generated setter for class com.horcrux.svg.RenderableViewManager$TSpanViewManager
02-19 18:16:54.299 13847 13989 W unknown:ViewManagerPropertyUpdater: Could not find generated setter for class com.brentvatne.exoplayer.ReactExoplayerViewManager
02-19 18:16:54.300 20068 20120 I FontLog : (REDACTED) Received query %s, URI %s
02-19 18:16:54.300 20068 20120 I FontLog : (REDACTED) Query [%s] resolved to %s
02-19 18:16:54.301 20068 20120 I FontLog : (REDACTED) Font PFD returned from cache for %s
02-19 18:16:54.301 20068 20120 I FontLog : (REDACTED) Fetch %s end status %s
02-19 18:16:54.302 13847 13989 W unknown:ViewManagerPropertyUpdater: Could not find generated setter for class com.reactnativecommunity.webview.RNCWebViewManager
02-19 18:16:54.305 13847 13989 W unknown:ViewManagerPropertyUpdater: Could not find generated setter for class im.toss.rn.granite.core.module.image.FastImageViewManager
02-19 18:16:54.307 20068 20120 I FontLog : (REDACTED) Pulling font file for id = %d, cache size = %d
02-19 18:16:54.313 13847 13989 W unknown:ReactContext: initializeMessageQueueThreads() is called.
02-19 18:16:54.316 20068 20120 I FontLog : (REDACTED) Received query %s, URI %s
02-19 18:16:54.316 20068 20120 I FontLog : (REDACTED) Query [%s] resolved to %s
02-19 18:16:54.318 20068 20120 I FontLog : (REDACTED) Fetch %s end status %s
02-19 18:16:54.320 20068 20076 I FontLog : (REDACTED) Pulling font file for id = %d, cache size = %d
02-19 18:16:54.327 20068 20076 I FontLog : (REDACTED) Received query %s, URI %s
02-19 18:16:54.327 20068 20076 I FontLog : (REDACTED) Query [%s] resolved to %s
02-19 18:16:54.330 20068 20076 I FontLog : (REDACTED) Font PFD returned from cache for %s
02-19 18:16:54.330 20068 20076 I FontLog : (REDACTED) Fetch %s end status %s
02-19 18:16:54.335 20068 20120 I FontLog : (REDACTED) Pulling font file for id = %d, cache size = %d
02-19 18:16:54.337 13847 13852 I blica.toss.test: Background concurrent mark compact GC freed 15MB AllocSpace bytes, 51(1424KB) LOS objects, 49% free, 17MB/35MB, paused 1.804ms,3.225ms total 137.930ms
02-19 18:16:54.338 13847 13854 W System  : A resource failed to call ZipFile.close. 
02-19 18:16:54.339 20068 20076 I FontLog : (REDACTED) Received query %s, URI %s
02-19 18:16:54.339 20068 20076 I FontLog : (REDACTED) Query [%s] resolved to %s
02-19 18:16:54.340 20068 20076 I FontLog : (REDACTED) Font PFD returned from cache for %s
02-19 18:16:54.341 20068 20076 I FontLog : (REDACTED) Fetch %s end status %s
02-19 18:16:54.343 20068 20076 I FontLog : (REDACTED) Pulling font file for id = %d, cache size = %d
02-19 18:16:54.350 20068 20076 I FontLog : (REDACTED) Received query %s, URI %s
02-19 18:16:54.351 20068 20076 I FontLog : (REDACTED) Query [%s] resolved to %s
02-19 18:16:54.351 20068 20076 I FontLog : (REDACTED) Font PFD returned from cache for %s
02-19 18:16:54.351 20068 20076 I FontLog : (REDACTED) Fetch %s end status %s
02-19 18:16:54.352 20068 20120 I FontLog : (REDACTED) Pulling font file for id = %d, cache size = %d
02-19 18:16:54.447 13847 13992 W libc    : Access denied finding property "vendor.mesa.vk.trace.per.submit"
02-19 18:16:54.448 13847 13992 W libc    : Access denied finding property "vendor.mesa.gallium.print.optio"
02-19 18:16:54.448 13847 13992 W libc    : Access denied finding property "vendor.mesa.vk.trace.frame"
02-19 18:16:54.463 13847 13992 W libc    : Access denied finding property "vendor.mesa.vk.wsi.headless.swa"
02-19 18:16:54.520 20068 20074 W SQLiteConnectionPool: A SQLiteConnection object for database '/data/user/0/com.google.android.gms/databases/metadata.db' was leaked!  Please fix your application to end transactions in progress properly and to close the database when it is no longer needed.
02-19 18:16:54.520 20068 20074 W System  : A resource failed to call SQLiteConnection.close. 
02-19 18:16:54.805 13847 13992 W chromium: [WARNING:viz_main_impl.cc(85)] VizNullHypothesis is disabled (not a warning)
02-19 18:16:54.933   752  1029 D InetDiagMessage: Destroyed 0 sockets, proto=IPPROTO_TCP, family=AF_INET, states=14
02-19 18:16:54.937   752  1029 D InetDiagMessage: Destroyed 0 sockets, proto=IPPROTO_TCP, family=AF_INET6, states=14
02-19 18:16:54.937   752  1029 D InetDiagMessage: Destroyed live tcp sockets for uids={10168} in 4ms
02-19 18:16:54.939   752  1029 D InetDiagMessage: Destroyed 0 sockets, proto=IPPROTO_TCP, family=AF_INET, states=14
02-19 18:16:54.941   752  1029 D InetDiagMessage: Destroyed 0 sockets, proto=IPPROTO_TCP, family=AF_INET6, states=14
02-19 18:16:54.942   752  1029 D InetDiagMessage: Destroyed live tcp sockets for uids={20168} in 5ms
02-19 18:16:55.107 13975 13975 W screencap: Thread Pool max thread count is 0. Cannot cache binder as linkToDeath cannot be implemented. serviceName: SurfaceFlingerAIDL
02-19 18:16:55.108 13975 13975 W BpBinder: Linking to death on android.gui.ISurfaceComposer but there are no threads (yet?) listening to incoming transactions. See ProcessState::startThreadPool and ProcessState::setThreadPoolMaxThreadCount. Generally you should setup the binder threadpool before other initialization steps.
02-19 18:16:55.109 13975 13975 W ProcessState: Extra binder thread started, but 0 threads requested. Do not use *startThreadPool when zero threads are requested.
02-19 18:16:55.115   531   549 E HwcComposer: getLuts failed Status(-8, EX_SERVICE_SPECIFIC): '8: '
02-19 18:16:55.115   531   549 E HWComposer: getLuts: getLuts failed for display 4619827259835644672: UNSUPPORTED (8)
02-19 18:16:55.125 13847 13988 D nativeloader: Load /data/app/~~NUQj-rdXzuicW-16SIRtKA==/viva.republica.toss.test-Si406wFvb_sqEA2GTBV6RQ==/lib/x86_64/libreactnativeblob.so using class loader ns clns-9 (caller=<unknown>): ok
02-19 18:16:55.255 13847 13851 I blica.toss.test: Compiler allocated 4717KB to compile void com.facebook.soloader.nativeloader.SystemDelegate.read(java.lang.String)
02-19 18:16:55.281 13847 13847 W unknown:ReactContext: initializeMessageQueueThreads() is called.
02-19 18:16:55.441 13847 13847 I Ads     : JS: The jsLoaded GMSG has been sent (https://googleads.g.doubleclick.net/mads/static/sdk/native/sdk-core-v40.html:1025)
02-19 18:16:55.639   752  1987 W PackageConfigPersister: App-specific configuration not found for packageName: viva.republica.toss.test and userId: 0
