02-19 19:39:08.071 21399 21413 E ashmem  : Pinning is deprecated since Android Q. Please use trim or other methods.
02-19 19:39:08.100  1336  1556 D SatelliteController: iisInCarrierRoamingNbIotNtn: satellite is disabled
02-19 19:39:08.108 21399 21399 I blica.toss.test: AssetManager2(0x7d8fac426f18) locale list changing from [] to [en-US]
02-19 19:39:08.109 21399 21399 I WebViewFactory: Loading com.google.android.webview version 133.0.6943.137 (code 694313738)
02-19 19:39:08.137 21399 21399 I blica.toss.test: AssetManager2(0x7d8fac427878) locale list changing from [] to [en-US]
02-19 19:39:08.139 21399 21399 I blica.toss.test: AssetManager2(0x7d8fac4284f8) locale list changing from [] to [en-US]
02-19 19:39:08.152 21399 21399 V ResourcesManager: The following library key has been added: ResourcesKey{ mHash=a24a3099 mResDir=null mSplitDirs=[] mOverlayDirs=[] mLibDirs=[/data/app/~~86wu-kVgQoavtKNPNhKNpg==/com.google.android.webview-1KjOBROVBHjUvpUZHW2m2g==/WebViewGoogle.apk,/data/app/~~zfNTtjjfT5QjKD_7Ux4KKQ==/com.google.android.trichromelibrary_694313738-AgzLRnDhHPFXke_9IsnuqA==/TrichromeLibrary.apk] mDisplayId=0 mOverrideConfig=v36 mCompatInfo={420dpi always-compat} mLoaders=[]}
02-19 19:39:08.167 21399 21399 W blica.toss.test: Failed to find entry 'classes.dex': Entry not found
02-19 19:39:08.349   752  1029 D InetDiagMessage: Destroyed 0 sockets, proto=IPPROTO_TCP, family=AF_INET, states=14
02-19 19:39:08.351   752  1029 D InetDiagMessage: Destroyed 0 sockets, proto=IPPROTO_TCP, family=AF_INET6, states=14
02-19 19:39:08.352   752  1029 D InetDiagMessage: Destroyed live tcp sockets for uids={10205} in 4ms
02-19 19:39:08.353   752  1029 D InetDiagMessage: Destroyed 0 sockets, proto=IPPROTO_TCP, family=AF_INET, states=14
02-19 19:39:08.355   752  1029 D InetDiagMessage: Destroyed 0 sockets, proto=IPPROTO_TCP, family=AF_INET6, states=14
02-19 19:39:08.355   752  1029 D InetDiagMessage: Destroyed live tcp sockets for uids={20205} in 4ms
02-19 19:39:08.414 21399 21399 D nativeloader: Configuring clns-10 for other apk /data/app/~~zfNTtjjfT5QjKD_7Ux4KKQ==/com.google.android.trichromelibrary_694313738-AgzLRnDhHPFXke_9IsnuqA==/TrichromeLibrary.apk. target_sdk_version=34, uses_libraries=ALL, library_path=/data/app/~~86wu-kVgQoavtKNPNhKNpg==/com.google.android.webview-1KjOBROVBHjUvpUZHW2m2g==/lib/x86_64:/data/app/~~86wu-kVgQoavtKNPNhKNpg==/com.google.android.webview-1KjOBROVBHjUvpUZHW2m2g==/WebViewGoogle.apk!/lib/x86_64:/data/app/~~zfNTtjjfT5QjKD_7Ux4KKQ==/com.google.android.trichromelibrary_694313738-AgzLRnDhHPFXke_9IsnuqA==/TrichromeLibrary.apk!/lib/x86_64, permitted_path=/data:/mnt/expand
02-19 19:39:08.417 21399 21399 D ApplicationLoaders: Returning zygote-cached class loader: /system_ext/framework/androidx.window.extensions.jar
02-19 19:39:08.440 21399 21399 D nativeloader: Configuring clns-11 for other apk /data/app/~~86wu-kVgQoavtKNPNhKNpg==/com.google.android.webview-1KjOBROVBHjUvpUZHW2m2g==/WebViewGoogle.apk. target_sdk_version=34, uses_libraries=, library_path=/data/app/~~86wu-kVgQoavtKNPNhKNpg==/com.google.android.webview-1KjOBROVBHjUvpUZHW2m2g==/lib/x86_64:/data/app/~~86wu-kVgQoavtKNPNhKNpg==/com.google.android.webview-1KjOBROVBHjUvpUZHW2m2g==/WebViewGoogle.apk!/lib/x86_64:/data/app/~~zfNTtjjfT5QjKD_7Ux4KKQ==/com.google.android.trichromelibrary_694313738-AgzLRnDhHPFXke_9IsnuqA==/TrichromeLibrary.apk!/lib/x86_64, permitted_path=/data:/mnt/expand
02-19 19:39:08.970 21399 21399 I cr_WVCFactoryProvider: version=133.0.6943.137 (694313738) minSdkVersion=29 isBundle=false multiprocess=true packageId=2
02-19 19:39:08.971 21399 21413 D nativeloader: Configuring clns-12 for other apk . target_sdk_version=35, uses_libraries=ALL, library_path=/data/app/~~NUQj-rdXzuicW-16SIRtKA==/viva.republica.toss.test-Si406wFvb_sqEA2GTBV6RQ==/lib/x86_64:/data/app/~~NUQj-rdXzuicW-16SIRtKA==/viva.republica.toss.test-Si406wFvb_sqEA2GTBV6RQ==/base.apk!/lib/x86_64, permitted_path=/data:/mnt/expand
02-19 19:39:09.006 21399 21413 D nativeloader: Load /data/app/~~NUQj-rdXzuicW-16SIRtKA==/viva.republica.toss.test-Si406wFvb_sqEA2GTBV6RQ==/lib/x86_64/libdceb.so using isolated ns clns-12 (caller=/data/user/0/viva.republica.toss.test/Anonymous-DexFile@1467667017.jar): ok
02-19 19:39:09.045 21399 21399 D nativeloader: Load /data/app/~~zfNTtjjfT5QjKD_7Ux4KKQ==/com.google.android.trichromelibrary_694313738-AgzLRnDhHPFXke_9IsnuqA==/TrichromeLibrary.apk!/lib/x86_64/libmonochrome_64.so using class loader ns clns-11 (caller=/data/app/~~86wu-kVgQoavtKNPNhKNpg==/com.google.android.webview-1KjOBROVBHjUvpUZHW2m2g==/WebViewGoogle.apk): ok
02-19 19:39:09.078 21399 21399 D nativeloader: Load /system/lib64/libwebviewchromium_plat_support.so using class loader ns clns-11 (caller=/data/app/~~86wu-kVgQoavtKNPNhKNpg==/com.google.android.webview-1KjOBROVBHjUvpUZHW2m2g==/WebViewGoogle.apk): ok
02-19 19:39:09.149 21399 21419 E chromium: [0219/193909.132541:ERROR:variations_seed_loader.cc(39)] Seed missing signature.
02-19 19:39:09.165 21399 21419 I chromium: [0219/193909.164515:INFO:variations_seed_loader.cc(67)] Failed to open file for reading.: No such file or directory (2)
02-19 19:39:09.212 21399 21399 I cr_LibraryLoader: Successfully loaded native library
02-19 19:39:09.215 21399 21399 I cr_CachingUmaRecorder: Flushed 6 samples from 6 histograms, 0 samples were dropped.
02-19 19:39:09.230 21399 21399 I cr_CombinedPProvider: #registerProvider() provider:WV.C8@88ca54d isPolicyCacheEnabled:false policyProvidersSize:0
02-19 19:39:09.232 21399 21399 I cr_PolicyProvider: #setManagerAndSource() 0
02-19 19:39:09.243   752  2305 V GrammaticalInflectionUtils: AttributionSource: android.content.AttributionSource@7b817b95 does not have READ_SYSTEM_GRAMMATICAL_GENDER permission.
02-19 19:39:09.272   752  1856 E TaskPersister: File error accessing recents directory (directory doesn't exist?).
02-19 19:39:09.280  1263  1263 D Zygote  : Forked child process 21423
02-19 19:39:09.338 21423 21423 I ocessService0:0: Using CollectorTypeCMC GC.
02-19 19:39:09.343 21423 21423 W ocessService0:0: Unexpected CPU variant for x86: x86_64.
02-19 19:39:09.343 21423 21423 W ocessService0:0: Known variants: atom, sandybridge, silvermont, goldmont, goldmont-plus, goldmont-without-sha-xsaves, tremont, kabylake, alderlake, default
02-19 19:39:09.360 21423 21423 E ocessService0:0: Not starting debugger since process cannot load the jdwp agent.
02-19 19:39:09.360   752   806 W ActivityManager: Slow operation: 116ms so far, now at startProcess: returned from zygote!
02-19 19:39:09.364   752   806 W ActivityManager: Slow operation: 121ms so far, now at startProcess: done updating battery stats
02-19 19:39:09.365   752   806 W ActivityManager: Slow operation: 121ms so far, now at startProcess: building log message
02-19 19:39:09.365   752   806 I ActivityManager: Start proc 21423:com.google.android.webview:sandboxed_process0:org.chromium.content.app.SandboxedProcessService0:0/u0i51 for  {viva.republica.toss.test/org.chromium.content.app.SandboxedProcessService0:0}
02-19 19:39:09.365   752   806 W ActivityManager: Slow operation: 121ms so far, now at startProcess: starting to update pids map
02-19 19:39:09.367   752   806 I ActivityManager: ProcessObserver broadcast disabled
02-19 19:39:09.367   752   806 W ActivityManager: Slow operation: 123ms so far, now at startProcess: done updating pids map
02-19 19:39:09.379 21423 21423 D nativeloader: Load libframework-connectivity-tiramisu-jni.so using APEX ns com_android_tethering for caller /apex/com.android.tethering/javalib/framework-connectivity-t.jar: ok
02-19 19:39:09.407   752  1095 D BackgroundInstallControlService: Package event received: 0
02-19 19:39:09.414   752  1095 D BackgroundInstallControlService: Package event received: 0
02-19 19:39:09.431 21423 21423 D CompatChangeReporter: Compat change id reported: 242716250; UID 99051; state: ENABLED
02-19 19:39:09.451 21423 21423 D ApplicationLoaders: Returning zygote-cached class loader: /system_ext/framework/androidx.window.extensions.jar
02-19 19:39:09.453 21399 21399 I cr_CombinedPProvider: #linkNativeInternal() 1
02-19 19:39:09.455 21423 21423 I ocessService0:0: AssetManager2(0x7d8fac42ba18) locale list changing from [] to [en-US]
02-19 19:39:09.460 21399 21399 I cr_AppResProvider: #getApplicationRestrictionsFromUserManager() Bundle[EMPTY_PARCEL]
02-19 19:39:09.460 21399 21399 I cr_PolicyProvider: #notifySettingsAvailable() 0
02-19 19:39:09.460 21399 21399 I cr_CombinedPProvider: #onSettingsAvailable() 0
02-19 19:39:09.460 21399 21399 I cr_CombinedPProvider: #flushPolicies()
02-19 19:39:09.466 21423 21423 I LoadedApk: No resource references to update in package com.google.android.trichromelibrary
02-19 19:39:09.471 21423 21423 I cr_WebViewApkApp: version=133.0.6943.137 (694313738) minSdkVersion=29 isBundle=false processName=com.google.android.webview:sandboxed_process0:org.chromium.content.app.SandboxedProcessService0:0
02-19 19:39:09.482   752  1095 D BackgroundInstallControlService: Package event received: 0
02-19 19:39:09.496 21423 21423 I cr_ChildProcessService: Creating new ChildProcessService pid=21423
02-19 19:39:10.285 21399 21399 I blica.toss.test: AssetManager2(0x7d8fac42d318) locale list changing from [] to [en-US]
02-19 19:39:10.297 21399 21399 I blica.toss.test: AssetManager2(0x7d8fac42f578) locale list changing from [] to [en-US]
02-19 19:39:10.308 21399 21399 D DesktopModeFlags: Toggle override initialized to: OVERRIDE_UNSET
02-19 19:39:10.309 21399 21399 I DisplayManager: Implicitly registering for refresh rate
02-19 19:39:10.556   752  2363 D CompatChangeReporter: Compat change id reported: 261072174; UID 10168; state: ENABLED
02-19 19:39:10.557   752  1095 D BackgroundInstallControlService: Package event received: 0
02-19 19:39:10.562   752  2363 D ActivityManager: sync unfroze 19378 com.google.android.webview:webview_service for 6
02-19 19:39:10.565   752  2363 W IPCThreadState: Sending oneway calls to frozen process.
02-19 19:39:10.569   752  1095 D BackgroundInstallControlService: Package event received: 0
02-19 19:39:10.601   752  1095 D BackgroundInstallControlService: Package event received: 0
02-19 19:39:10.605   752  1095 D BackgroundInstallControlService: Package event received: 0
02-19 19:39:10.781 19378 19408 W webview_service: Reducing the number of considered missed Gc histogram windows from 114 to 100
02-19 19:39:10.795 21399 21461 D nativeloader: Load /data/app/~~NUQj-rdXzuicW-16SIRtKA==/viva.republica.toss.test-Si406wFvb_sqEA2GTBV6RQ==/lib/x86_64/libbugsnag-root-detection.so using class loader ns clns-9 (caller=/data/app/~~NUQj-rdXzuicW-16SIRtKA==/viva.republica.toss.test-Si406wFvb_sqEA2GTBV6RQ==/base.apk): ok
02-19 19:39:10.874   752   934 D FileUtils: Rounded bytes from 2067259392 to 4000000000
02-19 19:39:10.981  4656 15179 E adservices.measurement: AttributionFallbackJobService is disabled, skip scheduling
02-19 19:39:11.003  4656 21465 W adservices: Skip logging because Cobalt logger is null
02-19 19:39:11.004  4656 21466 W adservices: Skip logging because Cobalt is disabled.
02-19 19:39:11.011 21399 21459 D nativeloader: Load /data/app/~~NUQj-rdXzuicW-16SIRtKA==/viva.republica.toss.test-Si406wFvb_sqEA2GTBV6RQ==/lib/x86_64/libbugsnag-ndk.so using class loader ns clns-9 (caller=<unknown>): ok
02-19 19:39:11.045  4656 15179 E adservices: Encryption key fetch job is disabled, skip scheduling.
02-19 19:39:11.086   752  2363 D FileUtils: Rounded bytes from 2067259392 to 4000000000
02-19 19:39:11.088 21399 21399 W BugsnagNDK: Initialization complete!
02-19 19:39:11.103 21399 21459 D nativeloader: Load /data/app/~~NUQj-rdXzuicW-16SIRtKA==/viva.republica.toss.test-Si406wFvb_sqEA2GTBV6RQ==/lib/x86_64/libbugsnag-plugin-android-anr.so using class loader ns clns-9 (caller=<unknown>): ok
02-19 19:39:11.132   752  2363 D ConnectivityService: requestNetwork for uid/pid:10217/21399 activeRequest: null callbackRequest: 714 [NetworkRequest [ REQUEST id=715, [ Capabilities: INTERNET&NOT_RESTRICTED&TRUSTED&NOT_VCN_MANAGED&NOT_BANDWIDTH_CONSTRAINED Uid: 10217 RequestorUid: 10217 RequestorPkg: viva.republica.toss.test UnderlyingNetworks: Null] ]] callback flags: 0 order: 2147483647 isUidTracked: false declaredMethods: AVAIL|UNAVAIL
02-19 19:39:11.144   752  1029 D ConnectivityService: NetReassign [715 : null  108] [c 5] [a 1] [i 4]
02-19 19:39:11.151   752  1023 D OemPaidWifiNetworkFactory: got request NetworkRequest [ REQUEST id=715, [ Capabilities: INTERNET&NOT_RESTRICTED&TRUSTED&NOT_VCN_MANAGED&NOT_BANDWIDTH_CONSTRAINED Uid: 10217 RequestorUid: 10217 RequestorPkg: viva.republica.toss.test UnderlyingNetworks: Null] ]
02-19 19:39:11.153 21399 21399 W System.err: SLF4J: No SLF4J providers were found.
02-19 19:39:11.153 21399 21399 W System.err: SLF4J: Defaulting to no-operation (NOP) logger implementation
02-19 19:39:11.154 21399 21399 W System.err: SLF4J: See https://www.slf4j.org/codes.html#noProviders for further details.
02-19 19:39:11.156   752  1023 D MultiInternetWifiNetworkFactory: got request NetworkRequest [ REQUEST id=715, [ Capabilities: INTERNET&NOT_RESTRICTED&TRUSTED&NOT_VCN_MANAGED&NOT_BANDWIDTH_CONSTRAINED Uid: 10217 RequestorUid: 10217 RequestorPkg: viva.republica.toss.test UnderlyingNetworks: Null] ]
02-19 19:39:11.157   752  1023 D WifiNetworkFactory: got request NetworkRequest [ REQUEST id=715, [ Capabilities: INTERNET&NOT_RESTRICTED&TRUSTED&NOT_VCN_MANAGED&NOT_BANDWIDTH_CONSTRAINED Uid: 10217 RequestorUid: 10217 RequestorPkg: viva.republica.toss.test UnderlyingNetworks: Null] ]
02-19 19:39:11.157   752  1023 D UntrustedWifiNetworkFactory: got request NetworkRequest [ REQUEST id=715, [ Capabilities: INTERNET&NOT_RESTRICTED&TRUSTED&NOT_VCN_MANAGED&NOT_BANDWIDTH_CONSTRAINED Uid: 10217 RequestorUid: 10217 RequestorPkg: viva.republica.toss.test UnderlyingNetworks: Null] ]
02-19 19:39:11.242   752   934 W OptProp : Cannot read opt property android.window.PROPERTY_COMPAT_ENABLE_FAKE_FOCUS
02-19 19:39:11.242   752   934 D CompatChangeReporter: Compat change id reported: 324203798; UID 10217; state: ENABLED
02-19 19:39:11.260   752  1095 D BackgroundInstallControlService: Package event received: 0
02-19 19:39:11.261   752  1095 D BackgroundInstallControlService: Package event received: 0
02-19 19:39:11.328 21399 21399 I Choreographer: Skipped 200 frames!  The application may be doing too much work on its main thread.
02-19 19:39:11.329 21399 21478 I CameraManagerGlobal: Connecting to camera service
02-19 19:39:11.385 21399 21399 I blica.toss.test: AssetManager2(0x7d8fac42c378) locale list changing from [] to [en-US]
02-19 19:39:11.388   615  2506 I AttributionAndPermissionUtils: checkPermission (forDataDelivery 0 startDataDelivery 0): Permission hard denied for client attribution [uid 10217, pid 21399, packageName "<unknown>"]
02-19 19:39:11.498 21399 21399 I blica.toss.test: AssetManager2(0x7d8fac4281d8) locale list changing from [] to [en-US]
02-19 19:39:11.823 21399 21481 I EGL_emulation: Opening libGLESv1_CM_emulation.so
02-19 19:39:11.827 21399 21481 I EGL_emulation: Opening libGLESv2_emulation.so
02-19 19:39:11.873 21399 21481 W HWUI    : Failed to choose config with EGL_SWAP_BEHAVIOR_PRESERVED, retrying without...
02-19 19:39:11.874 21399 21481 W HWUI    : Failed to initialize 101010-2 format, error = EGL_SUCCESS
02-19 19:39:12.002 21399 21399 I blica.toss.test: AssetManager2(0x7d8fac42e2b8) locale list changing from [] to [en-US]
02-19 19:39:12.011 21399 21399 D CompatChangeReporter: Compat change id reported: 309578419; UID 10217; state: ENABLED
02-19 19:39:23.120 27008 27008 I wpa_supplicant: wlan0: CTRL-EVENT-BEACON-LOSS 
02-19 19:39:23.144 19336 19718 I bbax    : (REDACTED) getHotwordActive::active query: %s, watch: %s, devices connected: %s
02-19 19:39:23.175   752   797 W ActivityTaskManager: Launch timeout has expired, giving up wake lock!
02-19 19:39:23.214 19166 19166 D BaseDepthController: setSurface:
02-19 19:39:23.214 19166 19166 D BaseDepthController: 	mWaitingOnSurfaceValidity: false
02-19 19:39:23.214 19166 19166 D BaseDepthController: 	mBaseSurface: null
02-19 19:39:23.217 19166 19166 D BaseDepthController: mSurface is null and mCurrentBlur is: 0
02-19 19:39:23.221 19166 19166 D StateManager: goToState - fromState: Normal, toState: Normal, partial trace:
02-19 19:39:23.221 19166 19166 D StateManager: 	at com.android.launcher3.statemanager.StateManager.moveToRestState(go/retraceme 72a59688580715d19f0e415c69e80376c2f062d1648c80db6730905005a27c20:4)
02-19 19:39:23.221 19166 19166 D StateManager: 	at com.android.launcher3.statemanager.StateManager.moveToRestState(go/retraceme 72a59688580715d19f0e415c69e80376c2f062d1648c80db6730905005a27c20:1)
02-19 19:39:23.221 19166 19166 D StateManager: 	at com.android.launcher3.statemanager.StatefulActivity.onStop(go/retraceme 72a59688580715d19f0e415c69e80376c2f062d1648c80db6730905005a27c20:34)
02-19 19:39:23.222 19166 19166 D StatsLog: LAUNCHER_ONSTOP
02-19 19:39:23.230 19166 19166 D StatsLog: LAUNCHER_GOOGLE_SEARCH_RESTORE_LIST_SIZE_AFTER_ACTIVITY_RESTART
02-19 19:39:23.245   752   797 W IPCThreadState: Sending oneway calls to frozen process.
02-19 19:39:23.245   752   797 W IPCThreadState: Sending oneway calls to frozen process.
02-19 19:39:23.248   752   797 W IPCThreadState: Sending oneway calls to frozen process.
02-19 19:39:23.248   752   797 W IPCThreadState: Sending oneway calls to frozen process.
02-19 19:39:23.249   752   797 W IPCThreadState: Sending oneway calls to frozen process.
02-19 19:39:23.249   752   797 W IPCThreadState: Sending oneway calls to frozen process.
02-19 19:39:23.249   752   797 W IPCThreadState: Sending oneway calls to frozen process.
02-19 19:39:23.250   752   797 W IPCThreadState: Sending oneway calls to frozen process.
02-19 19:39:23.251   752   797 W ProcessStats: Tracking association SourceState{b726823 viva.republica.toss.test/10217 BTop #23069} whose proc state 2 is better than process ProcessState{753bac8 com.google.android.webview:webview_service/10168 pkg=com.google.android.webview} proc state 15 (10 skipped)
02-19 19:39:23.267   752  1095 D BackgroundInstallControlService: Package event received: 0
02-19 19:39:23.436 21399 21404 I blica.toss.test: Background concurrent mark compact GC freed 6995KB AllocSpace bytes, 36(1020KB) LOS objects, 49% free, 11MB/22MB, paused 15.402ms,6.421ms total 266.179ms
02-19 19:39:23.573 21399 21399 D CompatChangeReporter: Compat change id reported: 352594277; UID 10217; state: ENABLED
02-19 19:39:23.590 19829 19829 I Finsky  : [2] Memory trim requested to level 40
02-19 19:39:23.593 19829 19829 I Finsky  : [2] Flushing in-memory image cache
02-19 19:39:23.601 19829 19961 I Finsky  : [66] Current account updated in PVS
02-19 19:39:23.621 21399 21399 D CompatChangeReporter: Compat change id reported: 349153669; UID 10217; state: ENABLED
02-19 19:39:23.646 21399 21399 W HWUI    : Unknown dataspace 0
02-19 19:39:23.704 21399 21399 V SoLoader: Init System Loader delegate
02-19 19:39:24.019   752   775 I system_server: Background concurrent mark compact GC freed 23MB AllocSpace bytes, 41(852KB) LOS objects, 42% free, 32MB/56MB, paused 6.701ms,4.491ms total 305.379ms
02-19 19:39:24.025   752   776 I BpBinder: onLastStrongRef automatically unlinking death recipients: 
02-19 19:39:24.052   752   777 W System  : A resource failed to call release. 
02-19 19:39:24.145 21399 21507 W unknown:InspectorPackagerConnection: Couldn't connect to packager, will silently retry
02-19 19:39:24.152 21399 21506 W unknown:ReconnectingWebSocket: Couldn't connect to "ws://10.0.2.2:8081/message?device=sdk_gphone64_x86_64%20-%2016%20-%20API%2036&app=viva.republica.toss.test&clientid=BridgeDevSupportManager", will silently retry
02-19 19:39:24.767   752  2363 D CoreBackPreview: Window{450c195 u0 viva.republica.toss.test/im.toss.rn.granite.core.GraniteActivity}: Setting back callback OnBackInvokedCallbackInfo{mCallback=android.window.IOnBackInvokedCallback$Stub$Proxy@1810977, mPriority=0, mIsAnimationCallback=false, mOverrideBehavior=0}
02-19 19:39:24.771 21399 21399 W unknown:ReactRootView: Unable to update root layout specs for uninitialized ReactInstanceManager
02-19 19:39:24.947   752   794 I ActivityTaskManager: Displayed viva.republica.toss.test/im.toss.rn.granite.core.GraniteActivity for user 0: +19s339ms
02-19 19:39:24.970 21399 21408 I HWUI    : Davey! duration=1286ms; Flags=1, FrameTimelineVsyncId=2052200, IntendedVsync=109037504578690, Vsync=109037954578672, InputEventId=0, HandleInputStart=109037968364917, AnimationStart=109037968464917, PerformTraversalsStart=109037968600917, DrawStart=109038742870917, FrameDeadline=109037521245356, FrameStartTime=109037963908917, FrameInterval=16666666, WorkloadTarget=16666666, SyncQueued=109038743509917, SyncStart=109038746049917, IssueDrawCommandsStart=109038746583917, SwapBuffers=109038762827917, FrameCompleted=109038793644917, DequeueBufferDuration=74000, QueueBufferDuration=795000, GpuCompleted=109038793644917, SwapBuffersCompleted=109038776242917, DisplayPresentTime=266560866045985712, CommandSubmissionCompleted=109038762827917, 
02-19 19:39:24.976 21399 21399 I Choreographer: Skipped 44 frames!  The application may be doing too much work on its main thread.
02-19 19:39:25.047   752   989 I ImeTracker: viva.republica.toss.test:e9c8a4a6: onRequestHide at ORIGIN_SERVER reason HIDE_UNSPECIFIED_WINDOW fromUser false
02-19 19:39:25.053 21399 21399 E unknown:ReactRootView: Unhandled SoftException
02-19 19:39:25.053 21399 21399 E unknown:ReactRootView: com.facebook.react.uimanager.IllegalViewOperationException: Trying to attach a ReactRootView with an explicit id already set to [2131362676]. React Native uses the id field to track react tags and will overwrite this field. If that is fine, explicitly overwrite the id field to View.NO_ID.
02-19 19:39:25.053 21399 21399 E unknown:ReactRootView: 	at com.facebook.react.ReactRootView.attachToReactInstanceManager(:799)
02-19 19:39:25.053 21399 21399 E unknown:ReactRootView: 	at com.facebook.react.ReactRootView.startReactApplication(:509)
02-19 19:39:25.053 21399 21399 E unknown:ReactRootView: 	at com.facebook.react.ReactRootView.startReactApplication(:469)
02-19 19:39:25.053 21399 21399 E unknown:ReactRootView: 	at im.toss.rn.granite.core.GraniteActivity.write(:486)
02-19 19:39:25.053 21399 21399 E unknown:ReactRootView: 	at im.toss.rn.granite.core.GraniteActivity.RemoteActionCompatParcelizer(:124)
02-19 19:39:25.053 21399 21399 E unknown:ReactRootView: 	at im.toss.rn.granite.core.GraniteActivity$RemoteActionCompatParcelizer.IconCompatParcelizer(:65353)
02-19 19:39:25.053 21399 21399 E unknown:ReactRootView: 	at o.sh.a_(:33)
02-19 19:39:25.053 21399 21399 E unknown:ReactRootView: 	at o.xP.run(:100)
02-19 19:39:25.053 21399 21399 E unknown:ReactRootView: 	at android.os.Handler.handleCallback(Handler.java:995)
02-19 19:39:25.053 21399 21399 E unknown:ReactRootView: 	at android.os.Handler.dispatchMessage(Handler.java:103)
02-19 19:39:25.053 21399 21399 E unknown:ReactRootView: 	at android.os.Looper.loopOnce(Looper.java:248)
02-19 19:39:25.053 21399 21399 E unknown:ReactRootView: 	at android.os.Looper.loop(Looper.java:338)
02-19 19:39:25.053 21399 21399 E unknown:ReactRootView: 	at android.app.ActivityThread.main(ActivityThread.java:9067)
02-19 19:39:25.053 21399 21399 E unknown:ReactRootView: 	at java.lang.reflect.Method.invoke(Native Method)
02-19 19:39:25.053 21399 21399 E unknown:ReactRootView: 	at com.android.internal.os.RuntimeInit$MethodAndArgsCaller.run(RuntimeInit.java:593)
02-19 19:39:25.053 21399 21399 E unknown:ReactRootView: 	at com.android.internal.os.ZygoteInit.main(ZygoteInit.java:932)
02-19 19:39:25.058 21399 21399 D InsetsController: hide(ime(), fromIme=false)
02-19 19:39:25.058 21399 21399 I ImeTracker: viva.republica.toss.test:e9c8a4a6: onCancelled at PHASE_CLIENT_ALREADY_HIDDEN
02-19 19:39:25.114 19301 19312 I FontLog : (REDACTED) Received query %s, URI %s
02-19 19:39:25.117 21399 21399 D CompatChangeReporter: Compat change id reported: 270674727; UID 10217; state: ENABLED
02-19 19:39:25.124 19301 19312 I FontLog : (REDACTED) Query [%s] resolved to %s
02-19 19:39:25.131 20022 20022 I GoogleInputMethodService: GoogleInputMethodService.onFinishInput():2043 
02-19 19:39:25.137 20022 20022 I Module  : DeviceLockedStatusModuleProvider$Module.updateDeviceLockedStatus():100 repeatCheckTimes = 0, locked = false
02-19 19:39:25.141   752  2363 I ImeTracker: system_server:99f7761e: onRequestHide at ORIGIN_SERVER reason IME_REQUESTED_CHANGED_LISTENER fromUser false
02-19 19:39:25.145   752   797 I ImeTracker: system_server:99f7761e: onCancelled at PHASE_SERVER_SHOULD_HIDE
02-19 19:39:25.184 20022 20022 I GoogleInputMethodService: GoogleInputMethodService.onStartInput():1293 onStartInput(EditorInfo{EditorInfo{packageName=viva.republica.toss.test, inputType=0, inputTypeString=NULL, enableLearning=false, autoCorrection=false, autoComplete=false, imeOptions=0, privateImeOptions=null, actionName=UNSPECIFIED, actionLabel=null, initialSelStart=-1, initialSelEnd=-1, initialCapsMode=0, label=null, fieldId=0, fieldName=null, extras=null, hintText=null, hintLocales=[]}}, false)
02-19 19:39:25.188 20022 20022 I EmojiCompatManager: EmojiCompatManager.getEmojiCompatIfLoaded():343 EmojiCompat.init() was never called.
02-19 19:39:25.188 20022 20022 I EmojiCompatManager: java.lang.IllegalStateException: EmojiCompat is not initialized. Please call EmojiCompat.init() first
02-19 19:39:25.188 20022 20022 I EmojiCompatManager: 	at asx.p(PG:6)
02-19 19:39:25.188 20022 20022 I EmojiCompatManager: 	at axb.b(PG:13)
02-19 19:39:25.188 20022 20022 I EmojiCompatManager: 	at jnr.b(PG:2)
02-19 19:39:25.188 20022 20022 I EmojiCompatManager: 	at jnr.c(PG:4)
02-19 19:39:25.188 20022 20022 I EmojiCompatManager: 	at jnr.f(PG:3)
02-19 19:39:25.188 20022 20022 I EmojiCompatManager: 	at jnx.c(PG:3)
02-19 19:39:25.188 20022 20022 I EmojiCompatManager: 	at kif.cz(PG:47)
02-19 19:39:25.188 20022 20022 I EmojiCompatManager: 	at lhl.run(PG:1025)
02-19 19:39:25.188 20022 20022 I EmojiCompatManager: 	at jaf.execute(PG:12)
02-19 19:39:25.188 20022 20022 I EmojiCompatManager: 	at nco.v(PG:13)
02-19 19:39:25.188 20022 20022 I EmojiCompatManager: 	at lhn.m(PG:96)
02-19 19:39:25.188 20022 20022 I EmojiCompatManager: 	at lhn.k(PG:25)
02-19 19:39:25.188 20022 20022 I EmojiCompatManager: 	at kgn.onStartInput(PG:250)
02-19 19:39:25.188 20022 20022 I EmojiCompatManager: 	at android.inputmethodservice.InputMethodService.doStartInput(InputMethodService.java:3521)
02-19 19:39:25.188 20022 20022 I EmojiCompatManager: 	at android.inputmethodservice.InputMethodService$InputMethodImpl.startInput(InputMethodService.java:879)
02-19 19:39:25.188 20022 20022 I EmojiCompatManager: 	at android.inputmethodservice.InputMethodService$InputMethodImpl.dispatchStartInput(InputMethodService.java:908)
02-19 19:39:25.188 20022 20022 I EmojiCompatManager: 	at android.inputmethodservice.IInputMethodWrapper.executeMessage(IInputMethodWrapper.java:201)
02-19 19:39:25.188 20022 20022 I EmojiCompatManager: 	at com.android.internal.os.HandlerCaller$MyHandler.handleMessage(HandlerCaller.java:44)
02-19 19:39:25.188 20022 20022 I EmojiCompatManager: 	at android.os.Handler.dispatchMessage(Handler.java:110)
02-19 19:39:25.188 20022 20022 I EmojiCompatManager: 	at android.os.Looper.loopOnce(Looper.java:248)
02-19 19:39:25.188 20022 20022 I EmojiCompatManager: 	at android.os.Looper.loop(Looper.java:338)
02-19 19:39:25.188 20022 20022 I EmojiCompatManager: 	at android.app.ActivityThread.main(ActivityThread.java:9067)
02-19 19:39:25.188 20022 20022 I EmojiCompatManager: 	at java.lang.reflect.Method.invoke(Native Method)
02-19 19:39:25.188 20022 20022 I EmojiCompatManager: 	at com.android.internal.os.RuntimeInit$MethodAndArgsCaller.run(RuntimeInit.java:593)
02-19 19:39:25.188 20022 20022 I EmojiCompatManager: 	at com.android.internal.os.ZygoteInit.main(ZygoteInit.java:932)
02-19 19:39:25.199 20022 20022 I Module  : DeviceLockedStatusModuleProvider$Module.updateDeviceLockedStatus():100 repeatCheckTimes = 1, locked = false
02-19 19:39:25.209   752  1848 W PackageConfigPersister: App-specific configuration not found for packageName: viva.republica.toss.test and userId: 0
02-19 19:39:25.231 21399 21399 D CompatChangeReporter: Compat change id reported: 63938206; UID 10217; state: ENABLED
02-19 19:39:25.392   752  1848 D CoreBackPreview: Window{a26a4bd u0 PopupWindow:4143f0a}: Setting back callback OnBackInvokedCallbackInfo{mCallback=android.window.IOnBackInvokedCallback$Stub$Proxy@6695a03, mPriority=0, mIsAnimationCallback=false, mOverrideBehavior=0}
02-19 19:39:25.415 19301 19312 I FontLog : (REDACTED) Fetch %s end status %s
02-19 19:39:25.439  4449  4474 W WindowOnBackDispatcher: sendCancelIfRunning: isInProgress=false callback=android.view.ViewRootImpl$$ExternalSyntheticLambda13@680c29
02-19 19:39:25.451   752  2363 D CoreBackPreview: Window{d6f752a u0 Splash Screen viva.republica.toss.test EXITING}: Setting back callback null
02-19 19:39:25.978 21519 21519 W dumpsys : Thread Pool max thread count is 0. Cannot cache binder as linkToDeath cannot be implemented. serviceName: window
02-19 19:39:26.004   752  2505 I system_server: AssetManager2(0x7d8fac4ccf58) locale list changing from [] to [en-US]
02-19 19:39:26.014   752  2505 I system_server: AssetManager2(0x7d8fac4ef558) locale list changing from [] to [en-US]
02-19 19:39:26.022   752  2505 I system_server: AssetManager2(0x7d8fac5205b8) locale list changing from [] to [en-US]
02-19 19:39:26.035   752  2505 I system_server: AssetManager2(0x7d8fac444a18) locale list changing from [] to [en-US]
02-19 19:39:26.039   752  2505 I system_server: AssetManager2(0x7d8fac445058) locale list changing from [] to [en-US]
02-19 19:39:26.052   752  2505 I system_server: AssetManager2(0x7d8fac4475d8) locale list changing from [] to [en-US]
02-19 19:39:26.212 19301 19312 I FontLog : (REDACTED) Pulling font file for id = %d, cache size = %d
02-19 19:39:26.253 19301 19312 I FontLog : (REDACTED) Pulling font file for id = %d, cache size = %d
02-19 19:39:28.388 21130 21130 I AidlLazyServiceRegistrar: Process has 0 (of 1 available) client(s) in use after notification artd has clients: 0
02-19 19:39:28.389 21130 21130 I AidlLazyServiceRegistrar: Trying to shut down the service. No clients in use for any service in process.
02-19 19:39:28.514 21130 21130 I AidlLazyServiceRegistrar: Unregistered all clients and exiting
02-19 19:39:28.707 21399 21399 W WindowOnBackDispatcher: sendCancelIfRunning: isInProgress=false callback=android.view.ViewRootImpl$$ExternalSyntheticLambda13@d3f41d6
02-19 19:39:28.708   752   934 D CoreBackPreview: Window{a26a4bd u0 PopupWindow:4143f0a}: Setting back callback null
02-19 19:39:28.722   752  1029 D InetDiagMessage: Destroyed 0 sockets, proto=IPPROTO_TCP, family=AF_INET, states=14
02-19 19:39:28.723   752  1029 D InetDiagMessage: Destroyed 0 sockets, proto=IPPROTO_TCP, family=AF_INET6, states=14
02-19 19:39:28.723   752  1029 D InetDiagMessage: Destroyed live tcp sockets for uids={10168} in 3ms
02-19 19:39:28.725   752  1029 D InetDiagMessage: Destroyed 0 sockets, proto=IPPROTO_TCP, family=AF_INET, states=14
02-19 19:39:28.729   752  1029 D InetDiagMessage: Destroyed 0 sockets, proto=IPPROTO_TCP, family=AF_INET6, states=14
02-19 19:39:28.729   752  1029 D InetDiagMessage: Destroyed live tcp sockets for uids={20168} in 6ms
02-19 19:39:28.816 21399 21526 D nativeloader: Load /data/app/~~NUQj-rdXzuicW-16SIRtKA==/viva.republica.toss.test-Si406wFvb_sqEA2GTBV6RQ==/lib/x86_64/libc++_shared.so using class loader ns clns-9 (caller=<unknown>): ok
02-19 19:39:28.832 21525 21525 W screencap: Thread Pool max thread count is 0. Cannot cache binder as linkToDeath cannot be implemented. serviceName: SurfaceFlingerAIDL
02-19 19:39:28.835 21525 21525 W BpBinder: Linking to death on android.gui.ISurfaceComposer but there are no threads (yet?) listening to incoming transactions. See ProcessState::startThreadPool and ProcessState::setThreadPoolMaxThreadCount. Generally you should setup the binder threadpool before other initialization steps.
02-19 19:39:28.836 21525 21525 W ProcessState: Extra binder thread started, but 0 threads requested. Do not use *startThreadPool when zero threads are requested.
02-19 19:39:28.843   531   549 E HwcComposer: getLuts failed Status(-8, EX_SERVICE_SPECIFIC): '8: '
02-19 19:39:28.845   531   549 E HWComposer: getLuts: getLuts failed for display 4619827259835644672: UNSUPPORTED (8)
02-19 19:39:29.253 21399 21526 D nativeloader: Load /data/app/~~NUQj-rdXzuicW-16SIRtKA==/viva.republica.toss.test-Si406wFvb_sqEA2GTBV6RQ==/lib/x86_64/libglog.so using class loader ns clns-9 (caller=<unknown>): ok
02-19 19:39:29.275 21399 21526 D nativeloader: Load /data/app/~~NUQj-rdXzuicW-16SIRtKA==/viva.republica.toss.test-Si406wFvb_sqEA2GTBV6RQ==/lib/x86_64/libfolly_runtime.so using class loader ns clns-9 (caller=<unknown>): ok
02-19 19:39:29.288 21399 21526 D nativeloader: Load /data/app/~~NUQj-rdXzuicW-16SIRtKA==/viva.republica.toss.test-Si406wFvb_sqEA2GTBV6RQ==/lib/x86_64/libfbjni.so using class loader ns clns-9 (caller=<unknown>): ok
02-19 19:39:29.302 21399 21526 D nativeloader: Load /data/app/~~NUQj-rdXzuicW-16SIRtKA==/viva.republica.toss.test-Si406wFvb_sqEA2GTBV6RQ==/lib/x86_64/libjsi.so using class loader ns clns-9 (caller=<unknown>): ok
02-19 19:39:29.320 21399 21526 D nativeloader: Load /data/app/~~NUQj-rdXzuicW-16SIRtKA==/viva.republica.toss.test-Si406wFvb_sqEA2GTBV6RQ==/lib/x86_64/libhermes.so using class loader ns clns-9 (caller=<unknown>): ok
02-19 19:39:29.337 21399 21526 D nativeloader: Load /data/app/~~NUQj-rdXzuicW-16SIRtKA==/viva.republica.toss.test-Si406wFvb_sqEA2GTBV6RQ==/lib/x86_64/libfb.so using class loader ns clns-9 (caller=<unknown>): ok
02-19 19:39:29.354 21399 21526 D nativeloader: Load /data/app/~~NUQj-rdXzuicW-16SIRtKA==/viva.republica.toss.test-Si406wFvb_sqEA2GTBV6RQ==/lib/x86_64/libyoga.so using class loader ns clns-9 (caller=<unknown>): ok
02-19 19:39:29.367 21399 21526 D nativeloader: Load /data/app/~~NUQj-rdXzuicW-16SIRtKA==/viva.republica.toss.test-Si406wFvb_sqEA2GTBV6RQ==/lib/x86_64/libruntimeexecutor.so using class loader ns clns-9 (caller=<unknown>): ok
02-19 19:39:29.373 21399 21526 D nativeloader: Load /data/app/~~NUQj-rdXzuicW-16SIRtKA==/viva.republica.toss.test-Si406wFvb_sqEA2GTBV6RQ==/lib/x86_64/libreact_debug.so using class loader ns clns-9 (caller=<unknown>): ok
02-19 19:39:29.386 21399 21526 D nativeloader: Load /data/app/~~NUQj-rdXzuicW-16SIRtKA==/viva.republica.toss.test-Si406wFvb_sqEA2GTBV6RQ==/lib/x86_64/libglog_init.so using class loader ns clns-9 (caller=<unknown>): ok
02-19 19:39:29.393 21399 21526 D nativeloader: Load /data/app/~~NUQj-rdXzuicW-16SIRtKA==/viva.republica.toss.test-Si406wFvb_sqEA2GTBV6RQ==/lib/x86_64/libreact_utils.so using class loader ns clns-9 (caller=<unknown>): ok
02-19 19:39:29.404 21399 21526 D nativeloader: Load /data/app/~~NUQj-rdXzuicW-16SIRtKA==/viva.republica.toss.test-Si406wFvb_sqEA2GTBV6RQ==/lib/x86_64/libreact_render_mapbuffer.so using class loader ns clns-9 (caller=<unknown>): ok
02-19 19:39:29.409 21399 21526 D nativeloader: Load /data/app/~~NUQj-rdXzuicW-16SIRtKA==/viva.republica.toss.test-Si406wFvb_sqEA2GTBV6RQ==/lib/x86_64/libreact_render_graphics.so using class loader ns clns-9 (caller=<unknown>): ok
02-19 19:39:29.413 21399 21526 D nativeloader: Load /data/app/~~NUQj-rdXzuicW-16SIRtKA==/viva.republica.toss.test-Si406wFvb_sqEA2GTBV6RQ==/lib/x86_64/libreact_render_debug.so using class loader ns clns-9 (caller=<unknown>): ok
02-19 19:39:29.426 21399 21526 D nativeloader: Load /data/app/~~NUQj-rdXzuicW-16SIRtKA==/viva.republica.toss.test-Si406wFvb_sqEA2GTBV6RQ==/lib/x86_64/libreact_render_core.so using class loader ns clns-9 (caller=<unknown>): ok
02-19 19:39:29.439 21399 21526 D nativeloader: Load /data/app/~~NUQj-rdXzuicW-16SIRtKA==/viva.republica.toss.test-Si406wFvb_sqEA2GTBV6RQ==/lib/x86_64/libreact_render_runtimescheduler.so using class loader ns clns-9 (caller=<unknown>): ok
02-19 19:39:29.451 21399 21526 D nativeloader: Load /data/app/~~NUQj-rdXzuicW-16SIRtKA==/viva.republica.toss.test-Si406wFvb_sqEA2GTBV6RQ==/lib/x86_64/liblogger.so using class loader ns clns-9 (caller=<unknown>): ok
02-19 19:39:29.456 21399 21526 D nativeloader: Load /data/app/~~NUQj-rdXzuicW-16SIRtKA==/viva.republica.toss.test-Si406wFvb_sqEA2GTBV6RQ==/lib/x86_64/libreactperfloggerjni.so using class loader ns clns-9 (caller=<unknown>): ok
02-19 19:39:29.528 21399 21526 D nativeloader: Load /data/app/~~NUQj-rdXzuicW-16SIRtKA==/viva.republica.toss.test-Si406wFvb_sqEA2GTBV6RQ==/lib/x86_64/libjsinspector.so using class loader ns clns-9 (caller=<unknown>): ok
02-19 19:39:29.613 21399 21526 D nativeloader: Load /data/app/~~NUQj-rdXzuicW-16SIRtKA==/viva.republica.toss.test-Si406wFvb_sqEA2GTBV6RQ==/lib/x86_64/libreactnativejni.so using class loader ns clns-9 (caller=<unknown>): ok
