02-19 21:36:12.788   752  1029 D ConnectivityService: NetReassign [1049 : null  108] [c 1] [a 2] [i 3]
02-19 21:36:12.788   752  1023 D WifiNetworkFactory: got request NetworkRequest [ REQUEST id=1049, [ Capabilities: INTERNET&NOT_RESTRICTED&TRUSTED&NOT_VCN_MANAGED&NOT_BANDWIDTH_CONSTRAINED Uid: 10217 RequestorUid: 10217 RequestorPkg: viva.republica.toss.test UnderlyingNetworks: Null] ]
02-19 21:36:12.789   752  1023 D UntrustedWifiNetworkFactory: got request NetworkRequest [ REQUEST id=1049, [ Capabilities: INTERNET&NOT_RESTRICTED&TRUSTED&NOT_VCN_MANAGED&NOT_BANDWIDTH_CONSTRAINED Uid: 10217 RequestorUid: 10217 RequestorPkg: viva.republica.toss.test UnderlyingNetworks: Null] ]
02-19 21:36:12.868  2802  2951 D DynamitePackage: Instantiating com.google.android.gms.ads.ChimeraAdPreloaderCreatorImpl
02-19 21:36:12.929  2802  2951 W unknown:ReactContext: initializeMessageQueueThreads() is called.
02-19 21:36:12.946  3453  3453 D BoundBrokerSvc: onRebind: Intent { act=com.google.android.gms.appset.service.START dat=chimera-action:/... xflg=0x4 cmp=com.google.android.gms/.chimera.GmsApiService }
02-19 21:36:12.967   752  1984 D CompatChangeReporter: Compat change id reported: 297989574; UID 10217; state: ENABLED
02-19 21:36:13.005  2802  2974 W unknown:ViewManagerPropertyUpdater: Could not find generated setter for class com.facebook.react.views.traceupdateoverlay.TraceUpdateOverlayManager
02-19 21:36:13.010  2802  2974 W unknown:ViewManagerPropertyUpdater: Could not find generated setter for class com.facebook.react.uimanager.LayoutShadowNode
02-19 21:36:13.014  2802  2974 W unknown:ViewManagerPropertyUpdater: Could not find generated setter for class com.facebook.react.views.drawer.ReactDrawerLayoutManager
02-19 21:36:13.016  2802  2974 W unknown:ViewManagerPropertyUpdater: Could not find generated setter for class com.facebook.react.views.scroll.ReactHorizontalScrollViewManager
02-19 21:36:13.024  2802  2974 W unknown:ViewManagerPropertyUpdater: Could not find generated setter for class com.facebook.react.views.scroll.ReactHorizontalScrollContainerViewManager
02-19 21:36:13.027  2802  2974 W unknown:ViewManagerPropertyUpdater: Could not find generated setter for class com.facebook.react.views.progressbar.ReactProgressBarViewManager
02-19 21:36:13.028  2802  2974 W unknown:ViewManagerPropertyUpdater: Could not find generated setter for class com.facebook.react.views.progressbar.ProgressBarShadowNode
02-19 21:36:13.030  2802  2974 W unknown:ViewManagerPropertyUpdater: Could not find generated setter for class com.facebook.react.views.scroll.ReactScrollViewManager
02-19 21:36:13.032  2802  2974 W unknown:ViewManagerPropertyUpdater: Could not find generated setter for class com.facebook.react.views.switchview.ReactSwitchManager
02-19 21:36:13.034  2802  2974 W unknown:ViewManagerPropertyUpdater: Could not find generated setter for class com.facebook.react.views.switchview.ReactSwitchManager$ReactSwitchShadowNode
02-19 21:36:13.034  2802  2974 W unknown:ViewManagerPropertyUpdater: Could not find generated setter for class com.facebook.react.views.swiperefresh.SwipeRefreshLayoutManager
02-19 21:36:13.037  2802  2974 W unknown:ViewManagerPropertyUpdater: Could not find generated setter for class com.facebook.react.views.text.frescosupport.FrescoBasedReactTextInlineImageViewManager
02-19 21:36:13.038  2802  2974 W unknown:ViewManagerPropertyUpdater: Could not find generated setter for class com.facebook.react.views.text.frescosupport.FrescoBasedReactTextInlineImageShadowNode
02-19 21:36:13.039  2802  2974 W unknown:ViewManagerPropertyUpdater: Could not find generated setter for class com.facebook.react.views.image.ReactImageManager
02-19 21:36:13.041  2802  2974 W unknown:ViewManagerPropertyUpdater: Could not find generated setter for class com.facebook.react.views.modal.ReactModalHostManager
02-19 21:36:13.042  2802  2974 W unknown:ViewManagerPropertyUpdater: Could not find generated setter for class com.facebook.react.views.modal.ModalHostShadowNode
02-19 21:36:13.043  2802  2974 W unknown:ViewManagerPropertyUpdater: Could not find generated setter for class com.facebook.react.views.text.ReactRawTextManager
02-19 21:36:13.043  2802  2974 W unknown:ViewManagerPropertyUpdater: Could not find generated setter for class com.facebook.react.views.text.ReactRawTextShadowNode
02-19 21:36:13.046  2802  2974 W unknown:ViewManagerPropertyUpdater: Could not find generated setter for class com.facebook.react.views.textinput.ReactTextInputManager
02-19 21:36:13.049  2802  2974 W unknown:ViewManagerPropertyUpdater: Could not find generated setter for class com.facebook.react.views.textinput.ReactTextInputShadowNode
02-19 21:36:13.052  2802  2974 W unknown:ViewManagerPropertyUpdater: Could not find generated setter for class com.facebook.react.views.text.ReactTextViewManager
02-19 21:36:13.053  2802  2974 W unknown:ViewManagerPropertyUpdater: Could not find generated setter for class com.facebook.react.views.text.ReactTextShadowNode
02-19 21:36:13.053  2802  2974 W unknown:ViewManagerPropertyUpdater: Could not find generated setter for class com.facebook.react.views.view.ReactViewManager
02-19 21:36:13.048  2802  2802 W mqt_js  : type=1400 audit(0.0:522): avc:  granted  { execute } for  path="/data/data/viva.republica.toss.test/libtcj.so" dev="dm-55" ino=364017 scontext=u:r:untrusted_app:s0:c217,c256,c512,c768 tcontext=u:object_r:app_data_file:s0:c217,c256,c512,c768 tclass=file app=viva.republica.toss.test
02-19 21:36:13.056  2802  2974 W unknown:ViewManagerPropertyUpdater: Could not find generated setter for class com.facebook.react.views.text.ReactVirtualTextViewManager
02-19 21:36:13.056  2802  2974 W unknown:ViewManagerPropertyUpdater: Could not find generated setter for class com.facebook.react.views.text.ReactVirtualTextShadowNode
02-19 21:36:13.057  2802  2974 W unknown:ViewManagerPropertyUpdater: Could not find generated setter for class com.facebook.react.views.unimplementedview.ReactUnimplementedViewManager
02-19 21:36:13.059  2802  2974 W unknown:ViewManagerPropertyUpdater: Could not find generated setter for class com.shopify.reactnative.flash_list.AutoLayoutViewManager
02-19 21:36:13.061  2802  2973 D nativeloader: Load /data/data/viva.republica.toss.test/libtcj.so using class loader ns clns-9 (caller=<unknown>): ok
02-19 21:36:13.061  2802  2974 W unknown:ViewManagerPropertyUpdater: Could not find generated setter for class com.shopify.reactnative.flash_list.CellContainerManager
02-19 21:36:13.063  2802  2974 W unknown:ViewManagerPropertyUpdater: Could not find generated setter for class com.airbnb.android.react.lottie.LottieAnimationViewManager
02-19 21:36:13.066  2802  2974 W unknown:ViewManagerPropertyUpdater: Could not find generated setter for class com.swmansion.gesturehandler.react.RNGestureHandlerRootViewManager
02-19 21:36:13.067  2802  2974 W unknown:ViewManagerPropertyUpdater: Could not find generated setter for class com.swmansion.gesturehandler.react.RNGestureHandlerButtonViewManager
02-19 21:36:13.071  2802  2974 W unknown:ViewManagerPropertyUpdater: Could not find generated setter for class io.invertase.googlemobileads.ReactNativeGoogleMobileAdsBannerAdViewManager
02-19 21:36:13.072  2802  2974 W unknown:ViewManagerPropertyUpdater: Could not find generated setter for class com.reactnativepagerview.PagerViewViewManager
02-19 21:36:13.076  2802  2974 W unknown:ViewManagerPropertyUpdater: Could not find generated setter for class com.th3rdwave.safeareacontext.SafeAreaProviderManager
02-19 21:36:13.077  2802  2974 W unknown:ViewManagerPropertyUpdater: Could not find generated setter for class com.th3rdwave.safeareacontext.SafeAreaViewManager
02-19 21:36:13.078  2802  2974 W unknown:ViewManagerPropertyUpdater: Could not find generated setter for class o.eglCreatePlatformPixmapSurface
02-19 21:36:13.078   752   780 D ConnectivityService: requestNetwork for uid/pid:10217/2802 activeRequest: null callbackRequest: 1050 [NetworkRequest [ REQUEST id=1051, [ Capabilities: INTERNET&NOT_RESTRICTED&TRUSTED&NOT_VCN_MANAGED&NOT_BANDWIDTH_CONSTRAINED Uid: 10217 RequestorUid: 10217 RequestorPkg: viva.republica.toss.test UnderlyingNetworks: Null] ]] callback flags: 0 order: 2147483647 isUidTracked: false declaredMethods: AVAIL|LOST|NC|LP
02-19 21:36:13.079  2802  2974 W unknown:ViewManagerPropertyUpdater: Could not find generated setter for class com.swmansion.rnscreens.ScreenContainerViewManager
02-19 21:36:13.080  2802  2974 W unknown:ViewManagerPropertyUpdater: Could not find generated setter for class com.swmansion.rnscreens.ScreenViewManager
02-19 21:36:13.081   752  1023 D OemPaidWifiNetworkFactory: got request NetworkRequest [ REQUEST id=1051, [ Capabilities: INTERNET&NOT_RESTRICTED&TRUSTED&NOT_VCN_MANAGED&NOT_BANDWIDTH_CONSTRAINED Uid: 10217 RequestorUid: 10217 RequestorPkg: viva.republica.toss.test UnderlyingNetworks: Null] ]
02-19 21:36:13.081   752  1023 D MultiInternetWifiNetworkFactory: got request NetworkRequest [ REQUEST id=1051, [ Capabilities: INTERNET&NOT_RESTRICTED&TRUSTED&NOT_VCN_MANAGED&NOT_BANDWIDTH_CONSTRAINED Uid: 10217 RequestorUid: 10217 RequestorPkg: viva.republica.toss.test UnderlyingNetworks: Null] ]
02-19 21:36:13.082   752  1029 D ConnectivityService: NetReassign [1051 : null  108] [c 1] [a 1] [i 1]
02-19 21:36:13.082   752  1023 D WifiNetworkFactory: got request NetworkRequest [ REQUEST id=1051, [ Capabilities: INTERNET&NOT_RESTRICTED&TRUSTED&NOT_VCN_MANAGED&NOT_BANDWIDTH_CONSTRAINED Uid: 10217 RequestorUid: 10217 RequestorPkg: viva.republica.toss.test UnderlyingNetworks: Null] ]
02-19 21:36:13.082   752  1023 D UntrustedWifiNetworkFactory: got request NetworkRequest [ REQUEST id=1051, [ Capabilities: INTERNET&NOT_RESTRICTED&TRUSTED&NOT_VCN_MANAGED&NOT_BANDWIDTH_CONSTRAINED Uid: 10217 RequestorUid: 10217 RequestorPkg: viva.republica.toss.test UnderlyingNetworks: Null] ]
02-19 21:36:13.082  2802  2974 W unknown:ViewManagerPropertyUpdater: Could not find generated setter for class com.swmansion.rnscreens.ScreenStackViewManager
02-19 21:36:13.084  2802  2974 W unknown:ViewManagerPropertyUpdater: Could not find generated setter for class com.swmansion.rnscreens.ScreenStackHeaderConfigViewManager
02-19 21:36:13.085   752  1116 D CompatChangeReporter: Compat change id reported: 319212206; UID 10217; state: ENABLED
02-19 21:36:13.086  2802  2974 W unknown:ViewManagerPropertyUpdater: Could not find generated setter for class com.swmansion.rnscreens.ScreenStackHeaderSubviewManager
02-19 21:36:13.087  2802  2974 W unknown:ViewManagerPropertyUpdater: Could not find generated setter for class com.swmansion.rnscreens.SearchBarManager
02-19 21:36:13.088  2802  2974 W unknown:ViewManagerPropertyUpdater: Could not find generated setter for class com.horcrux.svg.RenderableViewManager$DefsViewManager
02-19 21:36:13.089   752  1029 D ConnectivityService: NetReassign [no changes] [c 0] [a 1] [i 2]
02-19 21:36:13.090  2802  2974 W unknown:ViewManagerPropertyUpdater: Could not find generated setter for class com.horcrux.svg.VirtualViewManager$RemoteActionCompatParcelizer
02-19 21:36:13.091  2802  2974 W unknown:ViewManagerPropertyUpdater: Could not find generated setter for class com.horcrux.svg.RenderableViewManager$MarkerManager
02-19 21:36:13.095  2802  2974 W unknown:ViewManagerPropertyUpdater: Could not find generated setter for class com.horcrux.svg.RenderableViewManager$ForeignObjectManager
02-19 21:36:13.097  2802  2974 W unknown:ViewManagerPropertyUpdater: Could not find generated setter for class com.horcrux.svg.RenderableViewManager$EllipseViewManager
02-19 21:36:13.099  2802  2974 W unknown:ViewManagerPropertyUpdater: Could not find generated setter for class com.horcrux.svg.RenderableViewManager$LineViewManager
02-19 21:36:13.101  2802  2974 W unknown:ViewManagerPropertyUpdater: Could not find generated setter for class com.horcrux.svg.RenderableViewManager$LinearGradientManager
02-19 21:36:13.104  2802  2974 W unknown:ViewManagerPropertyUpdater: Could not find generated setter for class com.horcrux.svg.RenderableViewManager$GroupViewManager
02-19 21:36:13.105  2802  2974 W unknown:ViewManagerPropertyUpdater: Could not find generated setter for class com.horcrux.svg.RenderableViewManager$TextViewManager
02-19 21:36:13.108  2802  2974 W unknown:ViewManagerPropertyUpdater: Could not find generated setter for class com.horcrux.svg.RenderableViewManager$ImageViewManager
02-19 21:36:13.110  2802  2974 W unknown:ViewManagerPropertyUpdater: Could not find generated setter for class com.horcrux.svg.RenderableViewManager$ClipPathViewManager
02-19 21:36:13.111  2802  2974 W unknown:ViewManagerPropertyUpdater: Could not find generated setter for class com.horcrux.svg.RenderableViewManager$RadialGradientManager
02-19 21:36:13.113  2802  2974 W unknown:ViewManagerPropertyUpdater: Could not find generated setter for class com.horcrux.svg.RenderableViewManager$MaskManager
02-19 21:36:13.114  2802  2974 W unknown:ViewManagerPropertyUpdater: Could not find generated setter for class com.horcrux.svg.RenderableViewManager$SymbolManager
02-19 21:36:13.116  2802  2974 W unknown:ViewManagerPropertyUpdater: Could not find generated setter for class com.horcrux.svg.RenderableViewManager$PatternManager
02-19 21:36:13.119  2802  2974 W unknown:ViewManagerPropertyUpdater: Could not find generated setter for class com.horcrux.svg.RenderableViewManager$RectViewManager
02-19 21:36:13.120  2802  2974 W unknown:ViewManagerPropertyUpdater: Could not find generated setter for class com.horcrux.svg.RenderableViewManager$TextPathViewManager
02-19 21:36:13.123  2802  2974 W unknown:ViewManagerPropertyUpdater: Could not find generated setter for class com.horcrux.svg.SvgViewManager
02-19 21:36:13.125  2802  2974 W unknown:ViewManagerPropertyUpdater: Could not find generated setter for class com.horcrux.svg.RenderableViewManager$PathViewManager
02-19 21:36:13.127  2802  2974 W unknown:ViewManagerPropertyUpdater: Could not find generated setter for class com.horcrux.svg.RenderableViewManager$UseViewManager
02-19 21:36:13.129  2802  2974 W unknown:ViewManagerPropertyUpdater: Could not find generated setter for class com.horcrux.svg.RenderableViewManager$CircleViewManager
02-19 21:36:13.132  2802  2974 W unknown:ViewManagerPropertyUpdater: Could not find generated setter for class com.horcrux.svg.RenderableViewManager$TSpanViewManager
02-19 21:36:13.135  2802  2974 W unknown:ViewManagerPropertyUpdater: Could not find generated setter for class com.brentvatne.exoplayer.ReactExoplayerViewManager
02-19 21:36:13.138  2802  2974 W unknown:ViewManagerPropertyUpdater: Could not find generated setter for class com.reactnativecommunity.webview.RNCWebViewManager
02-19 21:36:13.143  2802  2974 W unknown:ViewManagerPropertyUpdater: Could not find generated setter for class im.toss.rn.granite.core.module.image.FastImageViewManager
02-19 21:36:13.149  2802  2974 W unknown:ReactContext: initializeMessageQueueThreads() is called.
02-19 21:36:13.174  2802  2802 W unknown:ReactNative: Packager connection already open, nooping.
02-19 21:36:13.189  2802  2846 W cr_media: BLUETOOTH_CONNECT permission is missing.
02-19 21:36:13.190  2802  2846 W cr_media: getBluetoothAdapter() requires BLUETOOTH permission
02-19 21:36:13.190  2802  2846 W cr_media: registerBluetoothIntentsIfNeeded: Requires BLUETOOTH permission
02-19 21:36:13.241  2802  2981 W libc    : Access denied finding property "vendor.mesa.log"
02-19 21:36:13.242  2802  2981 W libc    : Access denied finding property "vendor.mesa.log.file"
02-19 21:36:13.242  2802  2981 E MESA    : Failed to open rendernode: No such file or directory
02-19 21:36:13.250  2983  2983 W dumpsys : Thread Pool max thread count is 0. Cannot cache binder as linkToDeath cannot be implemented. serviceName: window
02-19 21:36:13.291  2802  2981 D vulkan  : searching for layers in '/data/app/~~NUQj-rdXzuicW-16SIRtKA==/viva.republica.toss.test-Si406wFvb_sqEA2GTBV6RQ==/lib/x86_64'
02-19 21:36:13.292  2802  2981 D vulkan  : searching for layers in '/data/app/~~NUQj-rdXzuicW-16SIRtKA==/viva.republica.toss.test-Si406wFvb_sqEA2GTBV6RQ==/base.apk!/lib/x86_64'
02-19 21:36:13.296  2836  2856 I cr_LibraryLoader: Successfully loaded native library
02-19 21:36:13.297  2836  2856 I cr_CachingUmaRecorder: Flushed 2 samples from 2 histograms, 0 samples were dropped.
02-19 21:36:13.299  2802  2981 W libc    : Access denied finding property "vendor.mesa.vk.trace.per.submit"
02-19 21:36:13.300  2802  2981 W libc    : Access denied finding property "vendor.mesa.gallium.print.optio"
02-19 21:36:13.300  2802  2981 W libc    : Access denied finding property "vendor.mesa.vk.trace.frame"
02-19 21:36:13.310  2802  2981 W libc    : Access denied finding property "vendor.mesa.vk.wsi.headless.swa"
02-19 21:36:13.320  2836  2856 W SystemServiceRegistry: No service published for: uimode
02-19 21:36:13.341  2836  2856 W chromium: [WARNING:runtime_features.cc(560)] Fenced frames cannot be enabled in this configuration. Use --enable-features=FencedFrames instead.
02-19 21:36:13.346  2836  2856 W chromium: [WARNING:runtime_features.cc(585)] Topics cannot be enabled in this configuration. Use --enable-features=BrowsingTopics in addition.
02-19 21:36:13.346  2836  2856 W chromium: [WARNING:runtime_features.cc(606)] SharedStorage cannot be enabled in this configuration. Use --enable-features=SharedStorageAPI in addition.
02-19 21:36:13.376  2802  2981 W chromium: [WARNING:viz_main_impl.cc(85)] VizNullHypothesis is disabled (not a warning)
02-19 21:36:13.432   537   537 W adbd    : timeout expired while flushing socket, closing
02-19 21:36:13.519 19301 19916 I FontLog : (REDACTED) Received query %s, URI %s
02-19 21:36:13.519 19301 19916 I FontLog : (REDACTED) Query [%s] resolved to %s
02-19 21:36:13.521 19301 19916 I FontLog : (REDACTED) Font PFD returned from cache for %s
02-19 21:36:13.521 19301 19916 I FontLog : (REDACTED) Fetch %s end status %s
02-19 21:36:13.523 19301 19916 I FontLog : (REDACTED) Pulling font file for id = %d, cache size = %d
02-19 21:36:13.532 19301 19916 I FontLog : (REDACTED) Received query %s, URI %s
02-19 21:36:13.532 19301 19916 I FontLog : (REDACTED) Query [%s] resolved to %s
02-19 21:36:13.533 19301 19916 I FontLog : (REDACTED) Fetch %s end status %s
02-19 21:36:13.535 19301 19916 I FontLog : (REDACTED) Pulling font file for id = %d, cache size = %d
02-19 21:36:13.537 19301 19916 I FontLog : (REDACTED) Received query %s, URI %s
02-19 21:36:13.538 19301 19916 I FontLog : (REDACTED) Query [%s] resolved to %s
02-19 21:36:13.539 19301 19916 I FontLog : (REDACTED) Font PFD returned from cache for %s
02-19 21:36:13.539 19301 19916 I FontLog : (REDACTED) Fetch %s end status %s
02-19 21:36:13.540 19301 19916 I FontLog : (REDACTED) Pulling font file for id = %d, cache size = %d
02-19 21:36:13.543 19301 19916 I FontLog : (REDACTED) Received query %s, URI %s
02-19 21:36:13.543 19301 19916 I FontLog : (REDACTED) Query [%s] resolved to %s
02-19 21:36:13.544 19301 19916 I FontLog : (REDACTED) Font PFD returned from cache for %s
02-19 21:36:13.544 19301 19916 I FontLog : (REDACTED) Fetch %s end status %s
02-19 21:36:13.545 19301 19916 I FontLog : (REDACTED) Pulling font file for id = %d, cache size = %d
02-19 21:36:13.547 19301 19916 I FontLog : (REDACTED) Received query %s, URI %s
02-19 21:36:13.547 19301 19916 I FontLog : (REDACTED) Query [%s] resolved to %s
02-19 21:36:13.549 19301 19916 I FontLog : (REDACTED) Font PFD returned from cache for %s
02-19 21:36:13.549 19301 19916 I FontLog : (REDACTED) Fetch %s end status %s
02-19 21:36:13.550 19301 19916 I FontLog : (REDACTED) Pulling font file for id = %d, cache size = %d
02-19 21:36:13.626   537   537 W adbd    : timeout expired while flushing socket, closing
02-19 21:36:13.756   752  1984 W ActivityTaskManager: callingPackage for (uid=2000, pid=3001) has no WPC
02-19 21:36:13.759   752  1984 D CompatChangeReporter: Compat change id reported: 151861875; UID 10217; state: ENABLED
02-19 21:36:13.760   752  1984 V GrammaticalInflectionUtils: AttributionSource: android.content.AttributionSource@56784557 does not have READ_SYSTEM_GRAMMATICAL_GENDER permission.
02-19 21:36:13.761   752  1984 W OptProp : Cannot read opt property android.window.PROPERTY_COMPAT_ALLOW_USER_ASPECT_RATIO_OVERRIDE
02-19 21:36:13.762   752  1984 W OptProp : Cannot read opt property android.window.PROPERTY_COMPAT_ALLOW_USER_ASPECT_RATIO_FULLSCREEN_OVERRIDE
02-19 21:36:13.762   752  1984 W OptProp : Cannot read opt property android.window.PROPERTY_COMPAT_ALLOW_RESIZEABLE_ACTIVITY_OVERRIDES
02-19 21:36:13.762   752  1984 W OptProp : Cannot read opt property android.window.PROPERTY_COMPAT_ALLOW_MIN_ASPECT_RATIO_OVERRIDE
02-19 21:36:13.768  4449  4511 D KeyguardService: setOccluded(false)
02-19 21:36:13.768  4449  4511 D KeyguardViewMediator: setOccluded(false)
02-19 21:36:13.769  4449  4449 D KeyguardViewMediator: handleSetOccluded(false)
02-19 21:36:13.769   752  1984 I ActivityTaskManager: START u0 {act=android.intent.action.VIEW dat=intoss://takealook/... flg=0x10000000 xflg=0x4 cmp=viva.republica.toss.test/im.toss.rn.granite.core.GraniteActivity} with LAUNCH_MULTIPLE from uid 2000 (BAL_ALLOW_PERMISSION) result code=3
02-19 21:36:13.769  4449  4449 D KeyguardViewMediator: KeyguardViewMediator queue processing message: SET_OCCLUDED
02-19 21:36:13.779  4449  4467 D WindowManagerShell: onActivityRestartAttempt: topActivity=ComponentInfo{viva.republica.toss.test/im.toss.rn.granite.core.GraniteActivity}, wasVisible=true
02-19 21:36:13.802   531   590 I BpBinder: onLastStrongRef automatically unlinking death recipients: 
02-19 21:36:14.061  2802  2811 I blica.toss.test: Background concurrent mark compact GC freed 16MB AllocSpace bytes, 53(1464KB) LOS objects, 49% free, 17MB/34MB, paused 3.297ms,28.186ms total 183.544ms
02-19 21:36:14.064  2802  2813 W System  : A resource failed to call ZipFile.close. 
02-19 21:36:14.227  2802  2802 I Ads     : JS: The jsLoaded GMSG has been sent (https://googleads.g.doubleclick.net/mads/static/sdk/native/sdk-core-v40.html:1025)
02-19 21:36:14.637  2802  2973 D nativeloader: Load /data/app/~~NUQj-rdXzuicW-16SIRtKA==/viva.republica.toss.test-Si406wFvb_sqEA2GTBV6RQ==/lib/x86_64/libreactnativeblob.so using class loader ns clns-9 (caller=<unknown>): ok
02-19 21:36:14.722  2802  2802 W unknown:ReactContext: initializeMessageQueueThreads() is called.
02-19 21:36:14.729  2802  2810 I blica.toss.test: Compiler allocated 4717KB to compile void com.facebook.soloader.nativeloader.SystemDelegate.read(java.lang.String)
02-19 21:36:14.974   752  1984 W PackageConfigPersister: App-specific configuration not found for packageName: viva.republica.toss.test and userId: 0
02-19 21:36:16.278   531   568 W EventThread: Faking VSYNC due to driver stall for thread app
02-19 21:36:16.280  2802  2802 I Choreographer: Skipped 73 frames!  The application may be doing too much work on its main thread.
02-19 21:36:16.301   752  1856 E TaskPersister: File error accessing recents directory (directory doesn't exist?).
02-19 21:36:16.326  3017  3017 W dumpsys : Thread Pool max thread count is 0. Cannot cache binder as linkToDeath cannot be implemented. serviceName: window
02-19 21:36:16.506   752   969 D ActivityManager: freezing 19378 com.google.android.webview:webview_service
02-19 21:36:16.512   752  1029 D InetDiagMessage: Destroyed 0 sockets, proto=IPPROTO_TCP, family=AF_INET, states=14
02-19 21:36:16.512   752  1029 D InetDiagMessage: Destroyed 0 sockets, proto=IPPROTO_TCP, family=AF_INET6, states=14
02-19 21:36:16.513   752  1029 D InetDiagMessage: Destroyed live tcp sockets for uids={10168} in 2ms
02-19 21:36:16.856  3022  3022 W screencap: Thread Pool max thread count is 0. Cannot cache binder as linkToDeath cannot be implemented. serviceName: SurfaceFlingerAIDL
02-19 21:36:16.856  3022  3022 W BpBinder: Linking to death on android.gui.ISurfaceComposer but there are no threads (yet?) listening to incoming transactions. See ProcessState::startThreadPool and ProcessState::setThreadPoolMaxThreadCount. Generally you should setup the binder threadpool before other initialization steps.
02-19 21:36:16.857  3022  3022 W ProcessState: Extra binder thread started, but 0 threads requested. Do not use *startThreadPool when zero threads are requested.
02-19 21:36:16.860   531   603 E HwcComposer: getLuts failed Status(-8, EX_SERVICE_SPECIFIC): '8: '
02-19 21:36:16.860   531   603 E HWComposer: getLuts: getLuts failed for display 4619827259835644672: UNSUPPORTED (8)
02-19 21:36:17.163  2802  2973 I ReactNativeJS: Running "shared" with {"initialProps":{"initialColorPreference":"light","loadingStartTs":1771504567218,"initialFontScale":"100"},"rootTag":11}
