02-19 20:32:35.109   752  1023 D OemPaidWifiNetworkFactory: got request NetworkRequest [ REQUEST id=888, [ Capabilities: INTERNET&NOT_RESTRICTED&TRUSTED&NOT_VCN_MANAGED&NOT_BANDWIDTH_CONSTRAINED Uid: 10217 RequestorUid: 10217 RequestorPkg: viva.republica.toss.test UnderlyingNetworks: Null] ]
02-19 20:32:35.109   752  1023 D MultiInternetWifiNetworkFactory: got request NetworkRequest [ REQUEST id=888, [ Capabilities: INTERNET&NOT_RESTRICTED&TRUSTED&NOT_VCN_MANAGED&NOT_BANDWIDTH_CONSTRAINED Uid: 10217 RequestorUid: 10217 RequestorPkg: viva.republica.toss.test UnderlyingNetworks: Null] ]
02-19 20:32:35.110   752  1023 D WifiNetworkFactory: got request NetworkRequest [ REQUEST id=888, [ Capabilities: INTERNET&NOT_RESTRICTED&TRUSTED&NOT_VCN_MANAGED&NOT_BANDWIDTH_CONSTRAINED Uid: 10217 RequestorUid: 10217 RequestorPkg: viva.republica.toss.test UnderlyingNetworks: Null] ]
02-19 20:32:35.110   752  1023 D UntrustedWifiNetworkFactory: got request NetworkRequest [ REQUEST id=888, [ Capabilities: INTERNET&NOT_RESTRICTED&TRUSTED&NOT_VCN_MANAGED&NOT_BANDWIDTH_CONSTRAINED Uid: 10217 RequestorUid: 10217 RequestorPkg: viva.republica.toss.test UnderlyingNetworks: Null] ]
02-19 20:32:35.110   752  1029 D ConnectivityService: NetReassign [888 : null  108] [c 0] [a 3] [i 3]
02-19 20:32:35.151   752  1246 W OptProp : Cannot read opt property android.window.PROPERTY_COMPAT_ENABLE_FAKE_FOCUS
02-19 20:32:35.151   752  1246 D CompatChangeReporter: Compat change id reported: 324203798; UID 10217; state: ENABLED
02-19 20:32:35.189 27854 27854 I Choreographer: Skipped 73 frames!  The application may be doing too much work on its main thread.
02-19 20:32:35.192   752  1095 D BackgroundInstallControlService: Package event received: 0
02-19 20:32:35.193   752  1095 D BackgroundInstallControlService: Package event received: 0
02-19 20:32:35.208 27854 27928 I CameraManagerGlobal: Connecting to camera service
02-19 20:32:35.227   615   715 I AttributionAndPermissionUtils: checkPermission (forDataDelivery 0 startDataDelivery 0): Permission hard denied for client attribution [uid 10217, pid 27854, packageName "<unknown>"]
02-19 20:32:35.286 27854 27854 I blica.toss.test: AssetManager2(0x7d8fac42fed8) locale list changing from [] to [en-US]
02-19 20:32:35.361 27854 27854 I blica.toss.test: AssetManager2(0x7d8fac42ec18) locale list changing from [] to [en-US]
02-19 20:32:35.414 27854 27931 I EGL_emulation: Opening libGLESv1_CM_emulation.so
02-19 20:32:35.414 27854 27931 I EGL_emulation: Opening libGLESv2_emulation.so
02-19 20:32:35.438 27854 27931 W HWUI    : Failed to choose config with EGL_SWAP_BEHAVIOR_PRESERVED, retrying without...
02-19 20:32:35.439 27854 27931 W HWUI    : Failed to initialize 101010-2 format, error = EGL_SUCCESS
02-19 20:32:35.581 27854 27854 I blica.toss.test: AssetManager2(0x7d8fac42fbb8) locale list changing from [] to [en-US]
02-19 20:32:35.586 27854 27854 D CompatChangeReporter: Compat change id reported: 309578419; UID 10217; state: ENABLED
02-19 20:32:35.663 19652 19652 I clwc    : (REDACTED) #device eligible for sharesheet: %s
02-19 20:32:35.664 19652 19652 I clwc    : (REDACTED) #sharesheet enabled: %s #sharesheet with image type enabled: %s
02-19 20:32:35.665 19652 19652 I clwg    : (REDACTED) AvailabilityUtils.updateAvailability() component:%s enabled:%s
02-19 20:32:35.667 19652 19652 I clwg    : (REDACTED) Update complete. %s enabled: %s
02-19 20:32:35.667 19652 19652 I clwg    : (REDACTED) AvailabilityUtils.updateAvailability() component:%s enabled:%s
02-19 20:32:35.668 19652 19652 I clwg    : (REDACTED) Update complete. %s enabled: %s
02-19 20:32:35.669 19652 19652 I clwc    : #synclet interval set for every : 12 hours
02-19 20:32:35.728 19652 19652 I fcji    : #sync(). Running Synclets and scheduling next sync.
02-19 20:32:35.729 27854 27854 D CompatChangeReporter: Compat change id reported: 352594277; UID 10217; state: ENABLED
02-19 20:32:35.769 27854 27854 D CompatChangeReporter: Compat change id reported: 349153669; UID 10217; state: ENABLED
02-19 20:32:35.771 19652 19663 W earchbox:search: Missing inline cache for int fsvi.a(java.lang.Object)
02-19 20:32:35.788 27854 27854 W HWUI    : Unknown dataspace 0
02-19 20:32:35.843 27854 27854 V SoLoader: Init System Loader delegate
02-19 20:32:35.921 19652 19685 I ContentCaptureHelper: Setting logging level to OFF
02-19 20:32:36.012 27854 27962 W unknown:InspectorPackagerConnection: Couldn't connect to packager, will silently retry
02-19 20:32:36.035 27854 27963 W unknown:ReconnectingWebSocket: Couldn't connect to "ws://10.0.2.2:8081/message?device=sdk_gphone64_x86_64%20-%2016%20-%20API%2036&app=viva.republica.toss.test&clientid=BridgeDevSupportManager", will silently retry
02-19 20:32:36.145 19652 19685 I fcji    : (REDACTED) Running synclets: %s
02-19 20:32:36.251 19652 19754 I fcji    : (REDACTED) Starting synclet: %s
02-19 20:32:36.252 19652 19701 I fcji    : (REDACTED) Starting synclet: %s
02-19 20:32:36.555   752  2377 D CoreBackPreview: Window{7ea1f8a u0 viva.republica.toss.test/im.toss.rn.granite.core.GraniteActivity}: Setting back callback OnBackInvokedCallbackInfo{mCallback=android.window.IOnBackInvokedCallback$Stub$Proxy@e27afc4, mPriority=0, mIsAnimationCallback=false, mOverrideBehavior=0}
02-19 20:32:36.559 27854 27854 W unknown:ReactRootView: Unable to update root layout specs for uninitialized ReactInstanceManager
02-19 20:32:36.624 27854 27864 I HWUI    : Davey! duration=793ms; Flags=1, FrameTimelineVsyncId=2162358, IntendedVsync=112229654451004, Vsync=112229821117664, InputEventId=0, HandleInputStart=112229830342917, AnimationStart=112229830409917, PerformTraversalsStart=112229830507917, DrawStart=112230433576917, FrameDeadline=112229671117670, FrameStartTime=112229828407917, FrameInterval=16666666, WorkloadTarget=16666666, SyncQueued=112230434351917, SyncStart=112230438732917, IssueDrawCommandsStart=112230439030917, SwapBuffers=112230440145917, FrameCompleted=112230452481917, DequeueBufferDuration=86000, QueueBufferDuration=698000, GpuCompleted=112230452481917, SwapBuffersCompleted=112230446616917, DisplayPresentTime=117939810565423520, CommandSubmissionCompleted=112230440145917, 
02-19 20:32:36.654   752   794 I ActivityTaskManager: Displayed viva.republica.toss.test/im.toss.rn.granite.core.GraniteActivity for user 0: +10s22ms
02-19 20:32:36.660   752   797 W ActivityTaskManager: Launch timeout has expired, giving up wake lock!
02-19 20:32:36.661 27854 27854 I Choreographer: Skipped 35 frames!  The application may be doing too much work on its main thread.
02-19 20:32:36.685   752   989 I ImeTracker: viva.republica.toss.test:326e1dce: onRequestHide at ORIGIN_SERVER reason HIDE_UNSPECIFIED_WINDOW fromUser false
02-19 20:32:36.698 19301 19456 I FontLog : (REDACTED) Received query %s, URI %s
02-19 20:32:36.698 19301 19456 I FontLog : (REDACTED) Query [%s] resolved to %s
02-19 20:32:36.701 27854 27854 E unknown:ReactRootView: Unhandled SoftException
02-19 20:32:36.701 27854 27854 E unknown:ReactRootView: com.facebook.react.uimanager.IllegalViewOperationException: Trying to attach a ReactRootView with an explicit id already set to [2131362676]. React Native uses the id field to track react tags and will overwrite this field. If that is fine, explicitly overwrite the id field to View.NO_ID.
02-19 20:32:36.701 27854 27854 E unknown:ReactRootView: 	at com.facebook.react.ReactRootView.attachToReactInstanceManager(:799)
02-19 20:32:36.701 27854 27854 E unknown:ReactRootView: 	at com.facebook.react.ReactRootView.startReactApplication(:509)
02-19 20:32:36.701 27854 27854 E unknown:ReactRootView: 	at com.facebook.react.ReactRootView.startReactApplication(:469)
02-19 20:32:36.701 27854 27854 E unknown:ReactRootView: 	at im.toss.rn.granite.core.GraniteActivity.write(:486)
02-19 20:32:36.701 27854 27854 E unknown:ReactRootView: 	at im.toss.rn.granite.core.GraniteActivity.RemoteActionCompatParcelizer(:124)
02-19 20:32:36.701 27854 27854 E unknown:ReactRootView: 	at im.toss.rn.granite.core.GraniteActivity$RemoteActionCompatParcelizer.IconCompatParcelizer(:65353)
02-19 20:32:36.701 27854 27854 E unknown:ReactRootView: 	at o.sh.a_(:33)
02-19 20:32:36.701 27854 27854 E unknown:ReactRootView: 	at o.xP.run(:100)
02-19 20:32:36.701 27854 27854 E unknown:ReactRootView: 	at android.os.Handler.handleCallback(Handler.java:995)
02-19 20:32:36.701 27854 27854 E unknown:ReactRootView: 	at android.os.Handler.dispatchMessage(Handler.java:103)
02-19 20:32:36.701 27854 27854 E unknown:ReactRootView: 	at android.os.Looper.loopOnce(Looper.java:248)
02-19 20:32:36.701 27854 27854 E unknown:ReactRootView: 	at android.os.Looper.loop(Looper.java:338)
02-19 20:32:36.701 27854 27854 E unknown:ReactRootView: 	at android.app.ActivityThread.main(ActivityThread.java:9067)
02-19 20:32:36.701 27854 27854 E unknown:ReactRootView: 	at java.lang.reflect.Method.invoke(Native Method)
02-19 20:32:36.701 27854 27854 E unknown:ReactRootView: 	at com.android.internal.os.RuntimeInit$MethodAndArgsCaller.run(RuntimeInit.java:593)
02-19 20:32:36.701 27854 27854 E unknown:ReactRootView: 	at com.android.internal.os.ZygoteInit.main(ZygoteInit.java:932)
02-19 20:32:36.703 27854 27854 D InsetsController: hide(ime(), fromIme=false)
02-19 20:32:36.706 27854 27854 I ImeTracker: viva.republica.toss.test:326e1dce: onCancelled at PHASE_CLIENT_ALREADY_HIDDEN
02-19 20:32:36.707 19301 19456 I FontLog : (REDACTED) Fetch %s end status %s
02-19 20:32:36.715 20022 20022 I GoogleInputMethodService: GoogleInputMethodService.onFinishInput():2043 
02-19 20:32:36.716 20022 20022 I Module  : DeviceLockedStatusModuleProvider$Module.updateDeviceLockedStatus():100 repeatCheckTimes = 0, locked = false
02-19 20:32:36.717 19301 19315 I FontLog : (REDACTED) Pulling font file for id = %d, cache size = %d
02-19 20:32:36.720   752   797 W IPCThreadState: Sending oneway calls to frozen process.
02-19 20:32:36.721   752   797 W IPCThreadState: Sending oneway calls to frozen process.
02-19 20:32:36.721   752   797 W IPCThreadState: Sending oneway calls to frozen process.
02-19 20:32:36.724 20022 20022 I GoogleInputMethodService: GoogleInputMethodService.onStartInput():1293 onStartInput(EditorInfo{EditorInfo{packageName=viva.republica.toss.test, inputType=0, inputTypeString=NULL, enableLearning=false, autoCorrection=false, autoComplete=false, imeOptions=0, privateImeOptions=null, actionName=UNSPECIFIED, actionLabel=null, initialSelStart=-1, initialSelEnd=-1, initialCapsMode=0, label=null, fieldId=0, fieldName=null, extras=null, hintText=null, hintLocales=[]}}, false)
02-19 20:32:36.726 20022 20022 I EmojiCompatManager: EmojiCompatManager.getEmojiCompatIfLoaded():343 EmojiCompat.init() was never called.
02-19 20:32:36.726 20022 20022 I EmojiCompatManager: java.lang.IllegalStateException: EmojiCompat is not initialized. Please call EmojiCompat.init() first
02-19 20:32:36.726 20022 20022 I EmojiCompatManager: 	at asx.p(PG:6)
02-19 20:32:36.726 20022 20022 I EmojiCompatManager: 	at axb.b(PG:13)
02-19 20:32:36.726 20022 20022 I EmojiCompatManager: 	at jnr.b(PG:2)
02-19 20:32:36.726 20022 20022 I EmojiCompatManager: 	at jnr.c(PG:4)
02-19 20:32:36.726 20022 20022 I EmojiCompatManager: 	at jnr.f(PG:3)
02-19 20:32:36.726 20022 20022 I EmojiCompatManager: 	at jnx.c(PG:3)
02-19 20:32:36.726 20022 20022 I EmojiCompatManager: 	at kif.cz(PG:47)
02-19 20:32:36.726 20022 20022 I EmojiCompatManager: 	at lhl.run(PG:1025)
02-19 20:32:36.726 20022 20022 I EmojiCompatManager: 	at jaf.execute(PG:12)
02-19 20:32:36.726 20022 20022 I EmojiCompatManager: 	at nco.v(PG:13)
02-19 20:32:36.726 20022 20022 I EmojiCompatManager: 	at lhn.m(PG:96)
02-19 20:32:36.726 20022 20022 I EmojiCompatManager: 	at lhn.k(PG:25)
02-19 20:32:36.726 20022 20022 I EmojiCompatManager: 	at kgn.onStartInput(PG:250)
02-19 20:32:36.726 20022 20022 I EmojiCompatManager: 	at android.inputmethodservice.InputMethodService.doStartInput(InputMethodService.java:3521)
02-19 20:32:36.726 20022 20022 I EmojiCompatManager: 	at android.inputmethodservice.InputMethodService$InputMethodImpl.startInput(InputMethodService.java:879)
02-19 20:32:36.726 20022 20022 I EmojiCompatManager: 	at android.inputmethodservice.InputMethodService$InputMethodImpl.dispatchStartInput(InputMethodService.java:908)
02-19 20:32:36.726 20022 20022 I EmojiCompatManager: 	at android.inputmethodservice.IInputMethodWrapper.executeMessage(IInputMethodWrapper.java:201)
02-19 20:32:36.726 20022 20022 I EmojiCompatManager: 	at com.android.internal.os.HandlerCaller$MyHandler.handleMessage(HandlerCaller.java:44)
02-19 20:32:36.726 20022 20022 I EmojiCompatManager: 	at android.os.Handler.dispatchMessage(Handler.java:110)
02-19 20:32:36.726 20022 20022 I EmojiCompatManager: 	at android.os.Looper.loopOnce(Looper.java:248)
02-19 20:32:36.726 20022 20022 I EmojiCompatManager: 	at android.os.Looper.loop(Looper.java:338)
02-19 20:32:36.726 20022 20022 I EmojiCompatManager: 	at android.app.ActivityThread.main(ActivityThread.java:9067)
02-19 20:32:36.726 20022 20022 I EmojiCompatManager: 	at java.lang.reflect.Method.invoke(Native Method)
02-19 20:32:36.726 20022 20022 I EmojiCompatManager: 	at com.android.internal.os.RuntimeInit$MethodAndArgsCaller.run(RuntimeInit.java:593)
02-19 20:32:36.726 20022 20022 I EmojiCompatManager: 	at com.android.internal.os.ZygoteInit.main(ZygoteInit.java:932)
02-19 20:32:36.727 19301 20013 I FontLog : (REDACTED) Pulling font file for id = %d, cache size = %d
02-19 20:32:36.731 20022 20022 I Module  : DeviceLockedStatusModuleProvider$Module.updateDeviceLockedStatus():100 repeatCheckTimes = 1, locked = false
02-19 20:32:36.721   752   797 W IPCThreadState: Sending oneway calls to frozen process.
02-19 20:32:36.736   752   797 W IPCThreadState: Sending oneway calls to frozen process.
02-19 20:32:36.737   752   797 W IPCThreadState: Sending oneway calls to frozen process.
02-19 20:32:36.737   752   797 W IPCThreadState: Sending oneway calls to frozen process.
02-19 20:32:36.738   752   797 W IPCThreadState: Sending oneway calls to frozen process.
02-19 20:32:36.738   752   797 W IPCThreadState: Sending oneway calls to frozen process.
02-19 20:32:36.739   752   797 W IPCThreadState: Sending oneway calls to frozen process.
02-19 20:32:36.740   752  2363 I ImeTracker: system_server:b6ef276b: onRequestHide at ORIGIN_SERVER reason IME_REQUESTED_CHANGED_LISTENER fromUser false
02-19 20:32:36.790 19166 19166 D BaseDepthController: setSurface:
02-19 20:32:36.790 19166 19166 D BaseDepthController: 	mWaitingOnSurfaceValidity: false
02-19 20:32:36.790 19166 19166 D BaseDepthController: 	mBaseSurface: null
02-19 20:32:36.795 19166 19166 D BaseDepthController: mSurface is null and mCurrentBlur is: 0
02-19 20:32:36.799 19166 19166 D StateManager: goToState - fromState: Normal, toState: Normal, partial trace:
02-19 20:32:36.799 19166 19166 D StateManager: 	at com.android.launcher3.statemanager.StateManager.moveToRestState(go/retraceme 72a59688580715d19f0e415c69e80376c2f062d1648c80db6730905005a27c20:4)
02-19 20:32:36.799 19166 19166 D StateManager: 	at com.android.launcher3.statemanager.StateManager.moveToRestState(go/retraceme 72a59688580715d19f0e415c69e80376c2f062d1648c80db6730905005a27c20:1)
02-19 20:32:36.799 19166 19166 D StateManager: 	at com.android.launcher3.statemanager.StatefulActivity.onStop(go/retraceme 72a59688580715d19f0e415c69e80376c2f062d1648c80db6730905005a27c20:34)
02-19 20:32:36.801   752   797 W IPCThreadState: Sending oneway calls to frozen process.
02-19 20:32:36.802   752   797 W IPCThreadState: Sending oneway calls to frozen process.
02-19 20:32:36.802   752   797 W IPCThreadState: Sending oneway calls to frozen process.
02-19 20:32:36.809 19166 19166 D StatsLog: LAUNCHER_ONSTOP
02-19 20:32:36.810 19652 19701 I fcji    : Scheduling next wakeup
02-19 20:32:36.820 19166 19166 D StatsLog: LAUNCHER_GOOGLE_SEARCH_RESTORE_LIST_SIZE_AFTER_ACTIVITY_RESTART
02-19 20:32:36.827 19652 19701 I fcke    : Scheduling next periodic WorkManager workers
02-19 20:32:36.831 27854 27854 D CompatChangeReporter: Compat change id reported: 270674727; UID 10217; state: ENABLED
02-19 20:32:36.867 27854 27854 D CompatChangeReporter: Compat change id reported: 63938206; UID 10217; state: ENABLED
02-19 20:32:36.898   752  1790 W PackageConfigPersister: App-specific configuration not found for packageName: viva.republica.toss.test and userId: 0
02-19 20:32:36.903   752   797 I ImeTracker: system_server:b6ef276b: onCancelled at PHASE_SERVER_SHOULD_HIDE
02-19 20:32:36.917 20022 20022 W NotificationCenter: NotificationCenter$NotificationQueue.notifyPendingNotificationsOnExecutor():877 Heavy notify work detected on UI thread: [kig->jjs] takes 171ms
02-19 20:32:36.920   752  2377 D CoreBackPreview: Window{444bb92 u0 PopupWindow:e8c10fe}: Setting back callback OnBackInvokedCallbackInfo{mCallback=android.window.IOnBackInvokedCallback$Stub$Proxy@346d960, mPriority=0, mIsAnimationCallback=false, mOverrideBehavior=0}
02-19 20:32:36.930   752  1095 D BackgroundInstallControlService: Package event received: 0
02-19 20:32:36.978   752   795 W Looper  : Slow dispatch took 109ms android.ui app=system_server main=false group=TOP_APP h=com.android.server.am.ActivityManagerService$UiHandler c=com.android.server.am.UidObserverController$$ExternalSyntheticLambda0@6a2cd6d m=0
02-19 20:32:37.050  4449  4474 W WindowOnBackDispatcher: sendCancelIfRunning: isInProgress=false callback=android.view.ViewRootImpl$$ExternalSyntheticLambda13@1d5ae20
02-19 20:32:37.109   752  2377 D CoreBackPreview: Window{a66d1ba u0 Splash Screen viva.republica.toss.test EXITING}: Setting back callback null
02-19 20:32:37.151 19652 19685 D WM-GreedyScheduler: Cancelling work ID 6c2c2313-1e30-4fda-9120-0cb1b774d10a
02-19 20:32:37.255 19652 19685 D CompatChangeReporter: Compat change id reported: 311402873; UID 10149; state: ENABLED
02-19 20:32:37.256 19652 19685 D CompatChangeReporter: Compat change id reported: 323349338; UID 10149; state: ENABLED
02-19 20:32:37.256 19652 19685 D WM-SystemJobScheduler: Scheduling work ID 6c2c2313-1e30-4fda-9120-0cb1b774d10aJob ID 185
02-19 20:32:37.258   752  2377 D CompatChangeReporter: Compat change id reported: 311402873; UID 10149; state: ENABLED
02-19 20:32:37.258   752  2377 D CompatChangeReporter: Compat change id reported: 323349338; UID 10149; state: ENABLED
02-19 20:32:37.304 19652 19685 D WM-GreedyScheduler: Ignoring {WorkSpec: 104213ec-895d-4ec5-9c67-7b15c2f61766}. Requires device idle.
02-19 20:32:37.323 19652 19685 D WM-GreedyScheduler: Starting tracking for 4da6bcf8-26c5-4e9d-ab83-38596795f62b,a26a685b-eb7e-48b9-a904-26f8347cd2fc,03dabecf-e809-4781-beb7-118fb26ec702,35c129da-7f56-40b1-b86e-ba01e5b70e81,fd66e492-f0a9-4e35-831c-97dc3c4f8de9,e3f5d78f-8b67-471f-8296-14bd2c8fcd54
02-19 20:32:37.434 19652 19685 D WM-GreedyScheduler: Cancelling work ID 1bd02caa-0d1f-4c39-97cb-09a8c99fa018
02-19 20:32:37.488 19652 19685 D WM-SystemJobScheduler: Scheduling work ID 1bd02caa-0d1f-4c39-97cb-09a8c99fa018Job ID 186
02-19 20:32:37.544 19652 19685 D WM-GreedyScheduler: Ignoring {WorkSpec: 104213ec-895d-4ec5-9c67-7b15c2f61766}. Requires device idle.
02-19 20:32:37.551 19652 19685 D WM-GreedyScheduler: Starting tracking for 4da6bcf8-26c5-4e9d-ab83-38596795f62b,a26a685b-eb7e-48b9-a904-26f8347cd2fc,03dabecf-e809-4781-beb7-118fb26ec702,35c129da-7f56-40b1-b86e-ba01e5b70e81,fd66e492-f0a9-4e35-831c-97dc3c4f8de9,e3f5d78f-8b67-471f-8296-14bd2c8fcd54
02-19 20:32:37.567 19652 19685 D WM-GreedyScheduler: Cancelling work ID a26a685b-eb7e-48b9-a904-26f8347cd2fc
02-19 20:32:37.604 19652 19685 D WM-SystemJobScheduler: Scheduling work ID a26a685b-eb7e-48b9-a904-26f8347cd2fcJob ID 187
02-19 20:32:37.648 19652 19685 D WM-GreedyScheduler: Ignoring {WorkSpec: 104213ec-895d-4ec5-9c67-7b15c2f61766}. Requires device idle.
02-19 20:32:37.651 19652 19685 D WM-GreedyScheduler: Starting tracking for 4da6bcf8-26c5-4e9d-ab83-38596795f62b,03dabecf-e809-4781-beb7-118fb26ec702,35c129da-7f56-40b1-b86e-ba01e5b70e81,fd66e492-f0a9-4e35-831c-97dc3c4f8de9,e3f5d78f-8b67-471f-8296-14bd2c8fcd54
02-19 20:32:37.763 19652 19685 D WM-GreedyScheduler: Cancelling work ID b1c4c501-6579-4237-8d4f-ecef038dd3aa
02-19 20:32:37.803 19652 19685 D WM-SystemJobScheduler: Scheduling work ID b1c4c501-6579-4237-8d4f-ecef038dd3aaJob ID 188
02-19 20:32:37.819 19652 19685 D WM-GreedyScheduler: Ignoring {WorkSpec: 104213ec-895d-4ec5-9c67-7b15c2f61766}. Requires device idle.
02-19 20:32:37.825 19652 19685 D WM-GreedyScheduler: Starting tracking for 4da6bcf8-26c5-4e9d-ab83-38596795f62b,03dabecf-e809-4781-beb7-118fb26ec702,35c129da-7f56-40b1-b86e-ba01e5b70e81,fd66e492-f0a9-4e35-831c-97dc3c4f8de9,e3f5d78f-8b67-471f-8296-14bd2c8fcd54
02-19 20:32:37.878 19652 19685 D WM-GreedyScheduler: Cancelling work ID ec248cf6-f403-465a-8c6d-74ffa4835b39
02-19 20:32:37.953 19652 19685 D WM-SystemJobScheduler: Scheduling work ID ec248cf6-f403-465a-8c6d-74ffa4835b39Job ID 189
02-19 20:32:38.009 19652 19685 D WM-GreedyScheduler: Ignoring {WorkSpec: 104213ec-895d-4ec5-9c67-7b15c2f61766}. Requires device idle.
02-19 20:32:38.012 19652 19685 D WM-GreedyScheduler: Starting tracking for 4da6bcf8-26c5-4e9d-ab83-38596795f62b,03dabecf-e809-4781-beb7-118fb26ec702,35c129da-7f56-40b1-b86e-ba01e5b70e81,fd66e492-f0a9-4e35-831c-97dc3c4f8de9,e3f5d78f-8b67-471f-8296-14bd2c8fcd54
02-19 20:32:38.088 19652 19685 D WM-GreedyScheduler: Cancelling work ID a26a685b-eb7e-48b9-a904-26f8347cd2fc
02-19 20:32:38.145 19652 19685 D WM-SystemJobScheduler: Scheduling work ID a26a685b-eb7e-48b9-a904-26f8347cd2fcJob ID 190
02-19 20:32:38.161 19652 19685 D WM-GreedyScheduler: Ignoring {WorkSpec: 104213ec-895d-4ec5-9c67-7b15c2f61766}. Requires device idle.
02-19 20:32:38.164 19652 19685 D WM-GreedyScheduler: Starting tracking for 4da6bcf8-26c5-4e9d-ab83-38596795f62b,03dabecf-e809-4781-beb7-118fb26ec702,35c129da-7f56-40b1-b86e-ba01e5b70e81,fd66e492-f0a9-4e35-831c-97dc3c4f8de9,e3f5d78f-8b67-471f-8296-14bd2c8fcd54
02-19 20:32:38.184 19652 19701 I fcke    : Successfully scheduled next periodic workers
02-19 20:32:38.229 19652 19688 D WM-ConstraintTracker: kym: initial state = false
02-19 20:32:38.229 19652 19688 D WM-BrdcstRcvrCnstrntTrc: kym: registering receiver
02-19 20:32:38.230 19652 19685 I fcji    : #sync() complete
02-19 20:32:38.248 19652 19685 D WM-ConstraintTracker: kyx: initial state = NetworkState(isConnected=true, isValidated=true, isMetered=false, isNotRoaming=true)
02-19 20:32:38.250 19652 19685 D WM-NetworkStateTracker: Registering network callback
02-19 20:32:38.257   752  2377 D ConnectivityService: requestNetwork for uid/pid:10149/19652 activeRequest: null callbackRequest: 889 [NetworkRequest [ REQUEST id=890, [ Capabilities: INTERNET&NOT_RESTRICTED&TRUSTED&NOT_VCN_MANAGED&NOT_BANDWIDTH_CONSTRAINED Uid: 10149 RequestorUid: 10149 RequestorPkg: com.google.android.googlequicksearchbox UnderlyingNetworks: Null] ]] callback flags: 0 order: 2147483647 isUidTracked: false declaredMethods: AVAIL|LOST|NC
02-19 20:32:38.262   752  1023 D OemPaidWifiNetworkFactory: got request NetworkRequest [ REQUEST id=890, [ Capabilities: INTERNET&NOT_RESTRICTED&TRUSTED&NOT_VCN_MANAGED&NOT_BANDWIDTH_CONSTRAINED Uid: 10149 RequestorUid: 10149 RequestorPkg: com.google.android.googlequicksearchbox UnderlyingNetworks: Null] ]
02-19 20:32:38.265 19652 27972 D WM-NetworkStateTracker: Network capabilities changed: [ Transports: WIFI Capabilities: NOT_METERED&INTERNET&NOT_RESTRICTED&TRUSTED&NOT_VPN&VALIDATED&NOT_ROAMING&FOREGROUND&NOT_CONGESTED&NOT_SUSPENDED&NOT_VCN_MANAGED&NOT_BANDWIDTH_CONSTRAINED LinkUpBandwidth>=12000Kbps LinkDnBandwidth>=30000Kbps TransportInfo: <SSID: <unknown ssid>, BSSID: 02:00:00:00:00:00, MAC: 02:00:00:00:00:00, IP: /10.0.2.16, Security type: 0, Supplicant state: COMPLETED, Wi-Fi standard: legacy, RSSI: -50, Link speed: 2Mbps, Tx Link speed: 2Mbps, Max Supported Tx Link speed: 11Mbps, Rx Link speed: 2Mbps, Max Supported Rx Link speed: 11Mbps, Frequency: 2447MHz, Net ID: -1, Metered hint: false, score: 60, isUsable: true, CarrierMerged: false, SubscriptionId: -1, IsPrimary: -1, Trusted: true, Restricted: false, Ephemeral: false, OEM paid: false, OEM private: false, OSU AP: false, FQDN: <none>, Provider friendly name: <none>, Requesting package name: <none><none>MLO Information: , Is TID-To-Link negotiation supported by the AP: false, AP MLD Address: <none>, AP MLO Link Id: <none>, AP MLO Affiliated links: <none>, Vendor Data: <none>> SignalStrength: -50 UnderlyingNetworks: Null]
02-19 20:32:38.268   752  1023 D MultiInternetWifiNetworkFactory: got request NetworkRequest [ REQUEST id=890, [ Capabilities: INTERNET&NOT_RESTRICTED&TRUSTED&NOT_VCN_MANAGED&NOT_BANDWIDTH_CONSTRAINED Uid: 10149 RequestorUid: 10149 RequestorPkg: com.google.android.googlequicksearchbox UnderlyingNetworks: Null] ]
02-19 20:32:38.272   752  1023 D WifiNetworkFactory: got request NetworkRequest [ REQUEST id=890, [ Capabilities: INTERNET&NOT_RESTRICTED&TRUSTED&NOT_VCN_MANAGED&NOT_BANDWIDTH_CONSTRAINED Uid: 10149 RequestorUid: 10149 RequestorPkg: com.google.android.googlequicksearchbox UnderlyingNetworks: Null] ]
02-19 20:32:38.272   752  1023 D UntrustedWifiNetworkFactory: got request NetworkRequest [ REQUEST id=890, [ Capabilities: INTERNET&NOT_RESTRICTED&TRUSTED&NOT_VCN_MANAGED&NOT_BANDWIDTH_CONSTRAINED Uid: 10149 RequestorUid: 10149 RequestorPkg: com.google.android.googlequicksearchbox UnderlyingNetworks: Null] ]
02-19 20:32:38.272   752  1029 D ConnectivityService: NetReassign [890 : null  108] [c 0] [a 1] [i 12]
02-19 20:32:38.293 19652 19719 D WM-GreedyScheduler: Constraints not met: Cancelling work ID WorkGenerationalId(workSpecId=03dabecf-e809-4781-beb7-118fb26ec702, generation=0)
02-19 20:32:38.293 19652 19719 D WM-GreedyScheduler: Constraints not met: Cancelling work ID WorkGenerationalId(workSpecId=fd66e492-f0a9-4e35-831c-97dc3c4f8de9, generation=0)
02-19 20:32:38.314 19652 19688 D WM-GreedyScheduler: Constraints not met: Cancelling work ID WorkGenerationalId(workSpecId=35c129da-7f56-40b1-b86e-ba01e5b70e81, generation=0)
02-19 20:32:38.315 19652 19688 D WM-GreedyScheduler: Constraints not met: Cancelling work ID WorkGenerationalId(workSpecId=a26a685b-eb7e-48b9-a904-26f8347cd2fc, generation=47)
02-19 20:32:38.316 19652 19688 D WM-GreedyScheduler: Constraints not met: Cancelling work ID WorkGenerationalId(workSpecId=e3f5d78f-8b67-471f-8296-14bd2c8fcd54, generation=0)
02-19 20:32:38.321 19652 19694 D WM-GreedyScheduler: Constraints not met: Cancelling work ID WorkGenerationalId(workSpecId=4da6bcf8-26c5-4e9d-ab83-38596795f62b, generation=0)
02-19 20:32:38.323 19652 19694 D RemoteListenableDelegatingWorker: Cleaning up
02-19 20:32:38.327 19652 19694 I WM-WorkerWrapper: Worker result SUCCESS for Work [ id=4cd0fedf-47e8-4fa8-a4d0-1467be47b085, tags={ com.google.apps.tiktok.contrib.work.TikTokListenableWorker,com.google.apps.tiktok.sync.impl.workmanager.SyncPeriodicWorker_proc<search>,TikTokWorker#com.google.apps.tiktok.sync.impl.workmanager.SyncPeriodicWorker } ]
02-19 20:32:38.329 19652 19652 D WM-Processor: kug 4cd0fedf-47e8-4fa8-a4d0-1467be47b085 executed; reschedule = false
02-19 20:32:38.330 19652 19652 D WM-SystemJobService: 4cd0fedf-47e8-4fa8-a4d0-1467be47b085 executed on JobScheduler
02-19 20:32:38.339 19652 19685 D WM-GreedyScheduler: Cancelling work ID 4cd0fedf-47e8-4fa8-a4d0-1467be47b085
02-19 20:32:38.344 19652 19685 D WM-SystemJobScheduler: Scheduling work ID 4cd0fedf-47e8-4fa8-a4d0-1467be47b085Job ID 191
02-19 20:32:38.348 19652 19685 D WM-GreedyScheduler: Ignoring {WorkSpec: 104213ec-895d-4ec5-9c67-7b15c2f61766}. Requires device idle.
02-19 20:32:38.349 19652 19685 D WM-GreedyScheduler: Starting tracking for 4da6bcf8-26c5-4e9d-ab83-38596795f62b,03dabecf-e809-4781-beb7-118fb26ec702,35c129da-7f56-40b1-b86e-ba01e5b70e81,fd66e492-f0a9-4e35-831c-97dc3c4f8de9,e3f5d78f-8b67-471f-8296-14bd2c8fcd54
02-19 20:32:38.470 19652 19664 W earchbox:search: Reducing the number of considered missed Gc histogram windows from 280 to 100
02-19 20:32:39.180 27973 27973 W dumpsys : Thread Pool max thread count is 0. Cannot cache binder as linkToDeath cannot be implemented. serviceName: window
02-19 20:32:39.319 19652 21952 I IPCThreadState: oneway function results for code 2 on binder at 0x7d8fcc45f280 will be dropped but finished with status UNKNOWN_TRANSACTION
02-19 20:32:39.955 27978 27978 W screencap: Thread Pool max thread count is 0. Cannot cache binder as linkToDeath cannot be implemented. serviceName: SurfaceFlingerAIDL
02-19 20:32:39.956 27978 27978 W BpBinder: Linking to death on android.gui.ISurfaceComposer but there are no threads (yet?) listening to incoming transactions. See ProcessState::startThreadPool and ProcessState::setThreadPoolMaxThreadCount. Generally you should setup the binder threadpool before other initialization steps.
02-19 20:32:39.957 27978 27978 W ProcessState: Extra binder thread started, but 0 threads requested. Do not use *startThreadPool when zero threads are requested.
02-19 20:32:39.987   531   603 E HwcComposer: getLuts failed Status(-8, EX_SERVICE_SPECIFIC): '8: '
02-19 20:32:39.987   531   603 E HWComposer: getLuts: getLuts failed for display 4619827259835644672: UNSUPPORTED (8)
02-19 20:32:40.283 27854 27854 W WindowOnBackDispatcher: sendCancelIfRunning: isInProgress=false callback=android.view.ViewRootImpl$$ExternalSyntheticLambda13@88cb375
02-19 20:32:40.284   752  1790 D CoreBackPreview: Window{444bb92 u0 PopupWindow:e8c10fe}: Setting back callback null
02-19 20:32:40.294 27854 27980 D nativeloader: Load /data/app/~~NUQj-rdXzuicW-16SIRtKA==/viva.republica.toss.test-Si406wFvb_sqEA2GTBV6RQ==/lib/x86_64/libc++_shared.so using class loader ns clns-9 (caller=<unknown>): ok
02-19 20:32:40.297 27854 27980 D nativeloader: Load /data/app/~~NUQj-rdXzuicW-16SIRtKA==/viva.republica.toss.test-Si406wFvb_sqEA2GTBV6RQ==/lib/x86_64/libglog.so using class loader ns clns-9 (caller=<unknown>): ok
02-19 20:32:40.299 27854 27980 D nativeloader: Load /data/app/~~NUQj-rdXzuicW-16SIRtKA==/viva.republica.toss.test-Si406wFvb_sqEA2GTBV6RQ==/lib/x86_64/libfolly_runtime.so using class loader ns clns-9 (caller=<unknown>): ok
02-19 20:32:40.302 27854 27980 D nativeloader: Load /data/app/~~NUQj-rdXzuicW-16SIRtKA==/viva.republica.toss.test-Si406wFvb_sqEA2GTBV6RQ==/lib/x86_64/libfbjni.so using class loader ns clns-9 (caller=<unknown>): ok
02-19 20:32:40.305 27854 27980 D nativeloader: Load /data/app/~~NUQj-rdXzuicW-16SIRtKA==/viva.republica.toss.test-Si406wFvb_sqEA2GTBV6RQ==/lib/x86_64/libjsi.so using class loader ns clns-9 (caller=<unknown>): ok
02-19 20:32:40.308 27854 27980 D nativeloader: Load /data/app/~~NUQj-rdXzuicW-16SIRtKA==/viva.republica.toss.test-Si406wFvb_sqEA2GTBV6RQ==/lib/x86_64/libhermes.so using class loader ns clns-9 (caller=<unknown>): ok
02-19 20:32:40.313 27854 27980 D nativeloader: Load /data/app/~~NUQj-rdXzuicW-16SIRtKA==/viva.republica.toss.test-Si406wFvb_sqEA2GTBV6RQ==/lib/x86_64/libfb.so using class loader ns clns-9 (caller=<unknown>): ok
02-19 20:32:40.322 27854 27980 D nativeloader: Load /data/app/~~NUQj-rdXzuicW-16SIRtKA==/viva.republica.toss.test-Si406wFvb_sqEA2GTBV6RQ==/lib/x86_64/libyoga.so using class loader ns clns-9 (caller=<unknown>): ok
02-19 20:32:40.331 27854 27980 D nativeloader: Load /data/app/~~NUQj-rdXzuicW-16SIRtKA==/viva.republica.toss.test-Si406wFvb_sqEA2GTBV6RQ==/lib/x86_64/libruntimeexecutor.so using class loader ns clns-9 (caller=<unknown>): ok
02-19 20:32:40.333 27854 27980 D nativeloader: Load /data/app/~~NUQj-rdXzuicW-16SIRtKA==/viva.republica.toss.test-Si406wFvb_sqEA2GTBV6RQ==/lib/x86_64/libreact_debug.so using class loader ns clns-9 (caller=<unknown>): ok
02-19 20:32:40.335 27854 27980 D nativeloader: Load /data/app/~~NUQj-rdXzuicW-16SIRtKA==/viva.republica.toss.test-Si406wFvb_sqEA2GTBV6RQ==/lib/x86_64/libglog_init.so using class loader ns clns-9 (caller=<unknown>): ok
02-19 20:32:40.343 27854 27980 D nativeloader: Load /data/app/~~NUQj-rdXzuicW-16SIRtKA==/viva.republica.toss.test-Si406wFvb_sqEA2GTBV6RQ==/lib/x86_64/libreact_utils.so using class loader ns clns-9 (caller=<unknown>): ok
02-19 20:32:40.349 27854 27980 D nativeloader: Load /data/app/~~NUQj-rdXzuicW-16SIRtKA==/viva.republica.toss.test-Si406wFvb_sqEA2GTBV6RQ==/lib/x86_64/libreact_render_mapbuffer.so using class loader ns clns-9 (caller=<unknown>): ok
02-19 20:32:40.359 27854 27980 D nativeloader: Load /data/app/~~NUQj-rdXzuicW-16SIRtKA==/viva.republica.toss.test-Si406wFvb_sqEA2GTBV6RQ==/lib/x86_64/libreact_render_graphics.so using class loader ns clns-9 (caller=<unknown>): ok
02-19 20:32:40.363 27854 27980 D nativeloader: Load /data/app/~~NUQj-rdXzuicW-16SIRtKA==/viva.republica.toss.test-Si406wFvb_sqEA2GTBV6RQ==/lib/x86_64/libreact_render_debug.so using class loader ns clns-9 (caller=<unknown>): ok
02-19 20:32:40.372 27854 27980 D nativeloader: Load /data/app/~~NUQj-rdXzuicW-16SIRtKA==/viva.republica.toss.test-Si406wFvb_sqEA2GTBV6RQ==/lib/x86_64/libreact_render_core.so using class loader ns clns-9 (caller=<unknown>): ok
02-19 20:32:40.376 27854 27980 D nativeloader: Load /data/app/~~NUQj-rdXzuicW-16SIRtKA==/viva.republica.toss.test-Si406wFvb_sqEA2GTBV6RQ==/lib/x86_64/libreact_render_runtimescheduler.so using class loader ns clns-9 (caller=<unknown>): ok
02-19 20:32:40.380 27854 27980 D nativeloader: Load /data/app/~~NUQj-rdXzuicW-16SIRtKA==/viva.republica.toss.test-Si406wFvb_sqEA2GTBV6RQ==/lib/x86_64/liblogger.so using class loader ns clns-9 (caller=<unknown>): ok
02-19 20:32:40.387 27854 27980 D nativeloader: Load /data/app/~~NUQj-rdXzuicW-16SIRtKA==/viva.republica.toss.test-Si406wFvb_sqEA2GTBV6RQ==/lib/x86_64/libreactperfloggerjni.so using class loader ns clns-9 (caller=<unknown>): ok
02-19 20:32:40.403 27854 27980 D nativeloader: Load /data/app/~~NUQj-rdXzuicW-16SIRtKA==/viva.republica.toss.test-Si406wFvb_sqEA2GTBV6RQ==/lib/x86_64/libjsinspector.so using class loader ns clns-9 (caller=<unknown>): ok
02-19 20:32:40.410 27854 27980 D nativeloader: Load /data/app/~~NUQj-rdXzuicW-16SIRtKA==/viva.republica.toss.test-Si406wFvb_sqEA2GTBV6RQ==/lib/x86_64/libreactnativejni.so using class loader ns clns-9 (caller=<unknown>): ok
02-19 20:32:40.426 27854 27980 D nativeloader: Load /data/app/~~NUQj-rdXzuicW-16SIRtKA==/viva.republica.toss.test-Si406wFvb_sqEA2GTBV6RQ==/lib/x86_64/libhermes_executor.so using class loader ns clns-9 (caller=<unknown>): ok
02-19 20:32:40.483 27854 27980 D ApplicationLoaders: Returning zygote-cached class loader: /system/framework/org.apache.http.legacy.jar
02-19 20:32:40.483 27854 27980 D ApplicationLoaders: Returning zygote-cached class loader: /system/framework/com.android.location.provider.jar
02-19 20:32:40.483 27854 27980 D ApplicationLoaders: Returning zygote-cached class loader: /system/framework/com.android.media.remotedisplay.jar
02-19 20:32:40.483 27854 27980 D ApplicationLoaders: Returning zygote-cached class loader: /system_ext/framework/androidx.window.extensions.jar
02-19 20:32:40.483 27854 27980 D ApplicationLoaders: Returning zygote-cached class loader: /system_ext/framework/androidx.window.sidecar.jar
02-19 20:32:40.522 27854 27980 D nativeloader: Configuring clns-13 for other apk /data/app/~~O-UZzK0jUU9NLgS3MODOZA==/com.google.android.gms-YQ2L6GsYyKuvu9MvIBK1EQ==/base.apk. target_sdk_version=36, uses_libraries=, library_path=/data/app/~~O-UZzK0jUU9NLgS3MODOZA==/com.google.android.gms-YQ2L6GsYyKuvu9MvIBK1EQ==/lib/x86_64:/data/app/~~O-UZzK0jUU9NLgS3MODOZA==/com.google.android.gms-YQ2L6GsYyKuvu9MvIBK1EQ==/base.apk!/lib/x86_64, permitted_path=/data:/mnt/expand:/data/user/0/com.google.android.gms
02-19 20:32:40.525 27854 27980 I blica.toss.test: AssetManager2(0x7d8fac4397f8) locale list changing from [] to [en-US]
02-19 20:32:40.594 27854 27980 W System  : ClassLoader referenced unknown path: 
02-19 20:32:40.595 27854 27980 D nativeloader: Configuring clns-14 for other apk . target_sdk_version=36, uses_libraries=, library_path=/data/app/~~O-UZzK0jUU9NLgS3MODOZA==/com.google.android.gms-YQ2L6GsYyKuvu9MvIBK1EQ==/lib/x86_64:/data/app/~~O-UZzK0jUU9NLgS3MODOZA==/com.google.android.gms-YQ2L6GsYyKuvu9MvIBK1EQ==/base.apk!/lib/x86_64, permitted_path=/data:/mnt/expand:/data/user/0/com.google.android.gms
02-19 20:32:40.601 27854 27980 W DynamiteModule: Failed to load module via V2: java.lang.NoSuchFieldException: No field sClassLoader in class Lcom/google/android/gms/dynamite/DynamiteModule$DynamiteLoaderClassLoader; (declaration of 'com.google.android.gms.dynamite.DynamiteModule$DynamiteLoaderClassLoader' appears in /data/app/~~NUQj-rdXzuicW-16SIRtKA==/viva.republica.toss.test-Si406wFvb_sqEA2GTBV6RQ==/base.apk!classes2.dex)
02-19 20:32:40.607 27854 27980 I DynamiteModule: Considering local module com.google.android.gms.ads.dynamite:0 and remote module com.google.android.gms.ads.dynamite:254380203
02-19 20:32:40.607 27854 27980 I DynamiteModule: Selected remote version of com.google.android.gms.ads.dynamite, version >= 254380203
