02-19 14:24:07.778  4449  4467 V WindowManagerShell:  Checking filter Pair{{types=[] flags=0x0] notFlags=0x0 checks=[{atype=dream independent=true modes=[OPEN,TO_FRONT] flags=NONE mustBeTask=false order=ANY topActivity=null launchCookie=null windowingMode=undefined},{atype=home independent=true modes=[CLOSE,TO_BACK] flags=NONE mustBeTask=false order=ANY topActivity=null launchCookie=null windowingMode=undefined}]} RemoteTransition { remoteTransition = android.window.IRemoteTransition$Stub$Proxy@7d85200, appThread = android.app.IApplicationThread$Stub$Proxy@c171a39, debugName = LauncherToDream }}
02-19 14:24:07.778  4449  4467 V WindowManagerShell:  Checking filter Pair{{types=[] flags=0x0] notFlags=0x100 checks=[{atype=home independent=true modes=[OPEN,TO_FRONT] flags=NONE mustBeTask=false order=TOP topActivity=ComponentInfo{com.google.android.apps.nexuslauncher/com.google.android.apps.nexuslauncher.NexusLauncherActivity} launchCookie=null windowingMode=undefined},{atype=standard independent=true modes=[CLOSE,TO_BACK] flags=NONE mustBeTask=false order=ANY topActivity=null launchCookie=null windowingMode=undefined},{NOT atype=undefined independent=true modes=[] flags=NONE mustBeTask=true order=ANY topActivity=null launchCookie=null customAnim=true windowingMode=undefined}]} RemoteTransition { remoteTransition = android.window.IRemoteTransition$Stub$Proxy@e9b87e, appThread = android.app.IApplicationThread$Stub$Proxy@92e21df, debugName = QuickstepLaunchHome }}
02-19 14:24:07.778  4449  4467 V WindowManagerShell:  Checking filter Pair{{types=[] flags=0x0] notFlags=0x0 checks=[{atype=undefined independent=true modes=[CLOSE,TO_BACK] flags=IN_TASK_WITH_EMBEDDED_ACTIVITY mustBeTask=false order=ANY topActivity=null launchCookie=null taskFragmentToken=android.os.BinderProxy@268473d windowingMode=undefined}]} RemoteTransition { remoteTransition = android.window.IRemoteTransition$Stub$Proxy@2767ac7, appThread = android.app.IApplicationThread$Stub$Proxy@2c518f4, debugName = overlayBackTransition }}
02-19 14:24:07.778  4449  4467 V WindowManagerShell:  Checking filter Pair{{types=[] flags=0x0] notFlags=0x0 checks=[{atype=dream independent=true modes=[OPEN,TO_FRONT] flags=NONE mustBeTask=false order=ANY topActivity=null launchCookie=null windowingMode=undefined},{atype=home independent=true modes=[CLOSE,TO_BACK] flags=NONE mustBeTask=false order=ANY topActivity=null launchCookie=null windowingMode=undefined}]} RemoteTransition { remoteTransition = android.window.IRemoteTransition$Stub$Proxy@c3e281d, appThread = android.app.IApplicationThread$Stub$Proxy@a1e1a92, debugName = LauncherToDream }}
02-19 14:24:07.779  4449  4467 V WindowManagerShell:  Checking filter Pair{{types=[] flags=0x0] notFlags=0x100 checks=[{atype=home independent=true modes=[OPEN,TO_FRONT] flags=NONE mustBeTask=false order=TOP topActivity=ComponentInfo{com.google.android.apps.nexuslauncher/com.google.android.apps.nexuslauncher.NexusLauncherActivity} launchCookie=null windowingMode=undefined},{atype=standard independent=true modes=[CLOSE,TO_BACK] flags=NONE mustBeTask=false order=ANY topActivity=null launchCookie=null windowingMode=undefined},{NOT atype=undefined independent=true modes=[] flags=NONE mustBeTask=true order=ANY topActivity=null launchCookie=null customAnim=true windowingMode=undefined}]} RemoteTransition { remoteTransition = android.window.IRemoteTransition$Stub$Proxy@9d5fc63, appThread = android.app.IApplicationThread$Stub$Proxy@a94d060, debugName = QuickstepLaunchHome }}
02-19 14:24:07.779  4449  4467 V WindowManagerShell:  Delegate animation for (#537) to null
02-19 14:24:07.779  4449  4467 V WindowManagerShell: start default transition animation, info = {id=537 t=OPEN f=0x0 trk=0 r=[0@Point(0, 0)] c=[{m=TO_FRONT f=MOVE_TO_TOP leash=Surface(name=Task=56)/@0x2984315 sb=Rect(0, 0 - 1080, 2400) eb=Rect(0, 0 - 1080, 2400) epz=Point(1080, 2400) d=0 taskParent=-1},{m=TO_BACK f=SHOW_WALLPAPER leash=Surface(name=Task=1)/@0x683262a sb=Rect(0, 0 - 1080, 2400) eb=Rect(0, 0 - 1080, 2400) epz=Point(1080, 2400) d=0 taskParent=-1},{m=TO_BACK f=IS_WALLPAPER leash=Surface(name=WallpaperWindowToken{35e0c0f showWhenLocked=false})/@0x9f43c1b sb=Rect(0, 0 - 1080, 2400) eb=Rect(0, 0 - 1080, 2400) epz=Point(1080, 2400) d=0}]}
02-19 14:24:07.779  4449  4467 V WindowManagerShell: loadAnimation: anim=android.view.animation.AnimationSet@446fb91 animAttr=0x13 type=OPEN isEntrance=false
02-19 14:24:07.780  4449  4467 V WindowManagerShell: loadAnimation: anim=android.view.animation.AnimationSet@6057af6 animAttr=0x12 type=OPEN isEntrance=true
02-19 14:24:07.781  4449  4467 V WindowManagerShell:  animated by com.android.wm.shell.transition.DefaultTransitionHandler@f74d823
02-19 14:24:07.854  5621  5621 I blica.toss.test: AssetManager2(0x7d8fac52a518) locale list changing from [] to [en-US]
02-19 14:24:07.858  6613  6621 I artd    : GetBestInfo: /data/user_de/0/com.google.android.gms/app_chimera/m/0000000f/dl-MlkitOcrCommon.optional_250834100800.apk has no usable artifacts
02-19 14:24:07.885  6613  6857 I artd    : GetBestInfo: /data/user_de/0/com.google.android.gms/app_chimera/m/0000000d/dl-VisionOcr.optional_250834100000.apk has no usable artifacts
02-19 14:24:07.916  6613  6857 I artd    : GetBestInfo: /data/user_de/0/com.google.android.gms/app_chimera/m/0000000a/dl-MlkitBarcodeUi.optional_250834100800.apk has no usable artifacts
02-19 14:24:07.934  6613  6857 I artd    : GetBestInfo: /data/user_de/0/com.google.android.gms/app_chimera/m/00000011/dl-VisionOcr.optional_260438100000.apk has no usable artifacts
02-19 14:24:07.957  6613  6621 I artd    : GetBestInfo: /data/user_de/0/com.google.android.gms/app_chimera/m/00000012/dl-Appsearch.optional_260438100800.apk has no usable artifacts
02-19 14:24:08.017  6613  6621 I artd    : GetBestInfo: vdex next to the dex file (/data/user/0/com.google.android.gms/app_dg_cache/94DF452EEF4B8E717545DCDEA6CC3C50A319A195/oat/x86_64/the.vdex) is kOatUpToDate with filter 'verify' executable 'false'
02-19 14:24:08.055  6613  6857 I artd    : GetBestInfo: /data/user_de/0/com.google.android.gms/app_chimera/m/00000007/MeasurementDynamite.apk has no usable artifacts
02-19 14:24:08.068  6613  6857 I artd    : GetBestInfo: /data/user_de/0/com.google.android.gms/app_chimera/m/00000018/dl-AdsFdrDynamite.integ_254380203100000.apk has no usable artifacts
02-19 14:24:08.082  4449  4467 V WindowManagerShell: Transition animation finished (aborted=false), notifying core (#537) android.os.BinderProxy@91a40f@0
02-19 14:24:08.085   752   794 V WindowManager: Finish Transition (#537): created at 02-19 14:24:06.868 collect-started=0.169ms request-sent=225.443ms started=233.378ms ready=279.611ms sent=904.072ms commit=61.304ms finished=1216.668ms
02-19 14:24:08.089   617   617 D VRI[NexusLauncherActivity]: visibilityChanged oldVisibility=true newVisibility=false
02-19 14:24:08.094  4449  4467 V WindowManagerShell: Track 0 became idle
02-19 14:24:08.094  4449  4467 V WindowManagerShell: All active transition animations finished
02-19 14:24:08.100   617   617 D NexusLauncherModelDelegate: notifySmartspaceEvent: SmartspaceTargetEvent{mSmartspaceTarget=null, mSmartspaceActionId='null', mEventType=7}
02-19 14:24:08.592  5621  6689 W okhttp.OkHttpClient: A connection to http://localhost:8081/ was leaked. Did you forget to close a response body? To see where this was allocated, set the OkHttpClient logger level to FINE: Logger.getLogger(OkHttpClient.class.getName()).setLevel(Level.FINE);
02-19 14:24:08.698   752  1454 D CoreBackPreview: Window{1393523 u0 viva.republica.toss.test/im.toss.rn.granite.core.GraniteActivity}: Setting back callback OnBackInvokedCallbackInfo{mCallback=android.window.IOnBackInvokedCallback$Stub$Proxy@46fefd9, mPriority=0, mIsAnimationCallback=false, mOverrideBehavior=0}
02-19 14:24:08.698  5621  5621 W unknown:ReactRootView: Unable to update root layout specs for uninitialized ReactInstanceManager
02-19 14:24:08.830   752   794 I ActivityTaskManager: Displayed viva.republica.toss.test/im.toss.rn.granite.core.GraniteActivity for user 0: +1s900ms
02-19 14:24:08.973  5621  5621 I Choreographer: Skipped 30 frames!  The application may be doing too much work on its main thread.
02-19 14:24:09.078  5621  7227 W unknown:ReconnectingWebSocket: Couldn't connect to "ws://10.0.2.2:8081/message?device=sdk_gphone64_x86_64%20-%2016%20-%20API%2036&app=viva.republica.toss.test&clientid=BridgeDevSupportManager", will silently retry
02-19 14:24:09.101  5621  7231 W unknown:InspectorPackagerConnection: Couldn't connect to packager, will silently retry
02-19 14:24:09.117   617   617 D BaseDepthController: setSurface:
02-19 14:24:09.117   617   617 D BaseDepthController: 	mWaitingOnSurfaceValidity: false
02-19 14:24:09.117   617   617 D BaseDepthController: 	mBaseSurface: null
02-19 14:24:09.117   617   617 D BaseDepthController: mSurface is null and mCurrentBlur is: 0
02-19 14:24:09.121   752   989 I ImeTracker: viva.republica.toss.test:172449c0: onRequestHide at ORIGIN_SERVER reason HIDE_UNSPECIFIED_WINDOW fromUser false
02-19 14:24:09.123  5621  5621 D InsetsController: hide(ime(), fromIme=false)
02-19 14:24:09.123  5621  5621 I ImeTracker: viva.republica.toss.test:172449c0: onCancelled at PHASE_CLIENT_ALREADY_HIDDEN
02-19 14:24:09.132  1563  1563 I GoogleInputMethodService: GoogleInputMethodService.onFinishInput():2043 
02-19 14:24:09.133   752  2505 I ImeTracker: system_server:2d99d3e: onRequestHide at ORIGIN_SERVER reason IME_REQUESTED_CHANGED_LISTENER fromUser false
02-19 14:24:09.136  1563  1563 I Module  : DeviceLockedStatusModuleProvider$Module.updateDeviceLockedStatus():100 repeatCheckTimes = 0, locked = false
02-19 14:24:09.138  1563  1563 I GoogleInputMethodService: GoogleInputMethodService.onStartInput():1293 onStartInput(EditorInfo{EditorInfo{packageName=viva.republica.toss.test, inputType=0, inputTypeString=NULL, enableLearning=false, autoCorrection=false, autoComplete=false, imeOptions=0, privateImeOptions=null, actionName=UNSPECIFIED, actionLabel=null, initialSelStart=-1, initialSelEnd=-1, initialCapsMode=0, label=null, fieldId=0, fieldName=null, extras=null, hintText=null, hintLocales=[]}}, false)
02-19 14:24:09.140  1563  1563 I Module  : DeviceLockedStatusModuleProvider$Module.updateDeviceLockedStatus():100 repeatCheckTimes = 1, locked = false
02-19 14:24:09.141   752   797 I ImeTracker: system_server:2d99d3e: onCancelled at PHASE_SERVER_SHOULD_HIDE
02-19 14:24:09.141  1563  1563 I EmojiCompatManager: EmojiCompatManager.getEmojiCompatIfLoaded():343 EmojiCompat.init() was never called.
02-19 14:24:09.141  1563  1563 I EmojiCompatManager: java.lang.IllegalStateException: EmojiCompat is not initialized. Please call EmojiCompat.init() first
02-19 14:24:09.141  1563  1563 I EmojiCompatManager: 	at asx.p(PG:6)
02-19 14:24:09.141  1563  1563 I EmojiCompatManager: 	at axb.b(PG:13)
02-19 14:24:09.141  1563  1563 I EmojiCompatManager: 	at jnr.b(PG:2)
02-19 14:24:09.141  1563  1563 I EmojiCompatManager: 	at jnr.c(PG:4)
02-19 14:24:09.141  1563  1563 I EmojiCompatManager: 	at jnr.f(PG:3)
02-19 14:24:09.141  1563  1563 I EmojiCompatManager: 	at jnx.c(PG:3)
02-19 14:24:09.141  1563  1563 I EmojiCompatManager: 	at kif.cz(PG:47)
02-19 14:24:09.141  1563  1563 I EmojiCompatManager: 	at lhl.run(PG:1025)
02-19 14:24:09.141  1563  1563 I EmojiCompatManager: 	at jaf.execute(PG:12)
02-19 14:24:09.141  1563  1563 I EmojiCompatManager: 	at nco.v(PG:13)
02-19 14:24:09.141  1563  1563 I EmojiCompatManager: 	at lhn.m(PG:96)
02-19 14:24:09.141  1563  1563 I EmojiCompatManager: 	at lhn.k(PG:25)
02-19 14:24:09.141  1563  1563 I EmojiCompatManager: 	at kgn.onStartInput(PG:250)
02-19 14:24:09.141  1563  1563 I EmojiCompatManager: 	at android.inputmethodservice.InputMethodService.doStartInput(InputMethodService.java:3521)
02-19 14:24:09.141  1563  1563 I EmojiCompatManager: 	at android.inputmethodservice.InputMethodService$InputMethodImpl.startInput(InputMethodService.java:879)
02-19 14:24:09.141  1563  1563 I EmojiCompatManager: 	at android.inputmethodservice.InputMethodService$InputMethodImpl.dispatchStartInput(InputMethodService.java:908)
02-19 14:24:09.141  1563  1563 I EmojiCompatManager: 	at android.inputmethodservice.IInputMethodWrapper.executeMessage(IInputMethodWrapper.java:201)
02-19 14:24:09.141  1563  1563 I EmojiCompatManager: 	at com.android.internal.os.HandlerCaller$MyHandler.handleMessage(HandlerCaller.java:44)
02-19 14:24:09.141  1563  1563 I EmojiCompatManager: 	at android.os.Handler.dispatchMessage(Handler.java:110)
02-19 14:24:09.141  1563  1563 I EmojiCompatManager: 	at android.os.Looper.loopOnce(Looper.java:248)
02-19 14:24:09.141  1563  1563 I EmojiCompatManager: 	at android.os.Looper.loop(Looper.java:338)
02-19 14:24:09.141  1563  1563 I EmojiCompatManager: 	at android.app.ActivityThread.main(ActivityThread.java:9067)
02-19 14:24:09.141  1563  1563 I EmojiCompatManager: 	at java.lang.reflect.Method.invoke(Native Method)
02-19 14:24:09.141  1563  1563 I EmojiCompatManager: 	at com.android.internal.os.RuntimeInit$MethodAndArgsCaller.run(RuntimeInit.java:593)
02-19 14:24:09.141  1563  1563 I EmojiCompatManager: 	at com.android.internal.os.ZygoteInit.main(ZygoteInit.java:932)
02-19 14:24:09.142   752  2505 W PackageConfigPersister: App-specific configuration not found for packageName: viva.republica.toss.test and userId: 0
02-19 14:24:09.242   617   617 D StateManager: goToState - fromState: Normal, toState: Normal, partial trace:
02-19 14:24:09.242   617   617 D StateManager: 	at com.android.launcher3.statemanager.StateManager.moveToRestState(go/retraceme 72a59688580715d19f0e415c69e80376c2f062d1648c80db6730905005a27c20:4)
02-19 14:24:09.242   617   617 D StateManager: 	at com.android.launcher3.statemanager.StateManager.moveToRestState(go/retraceme 72a59688580715d19f0e415c69e80376c2f062d1648c80db6730905005a27c20:1)
02-19 14:24:09.242   617   617 D StateManager: 	at com.android.launcher3.statemanager.StatefulActivity.onStop(go/retraceme 72a59688580715d19f0e415c69e80376c2f062d1648c80db6730905005a27c20:34)
02-19 14:24:09.254  4449  4474 W WindowOnBackDispatcher: sendCancelIfRunning: isInProgress=false callback=android.view.ViewRootImpl$$ExternalSyntheticLambda13@fa08ed2
02-19 14:24:09.254   617   617 D StatsLog: LAUNCHER_ONSTOP
02-19 14:24:09.256   752  2505 D CoreBackPreview: Window{8957208 u0 Splash Screen viva.republica.toss.test EXITING}: Setting back callback null
02-19 14:24:09.257  5621  5621 E unknown:ReactRootView: Unhandled SoftException
02-19 14:24:09.257  5621  5621 E unknown:ReactRootView: com.facebook.react.uimanager.IllegalViewOperationException: Trying to attach a ReactRootView with an explicit id already set to [2131362676]. React Native uses the id field to track react tags and will overwrite this field. If that is fine, explicitly overwrite the id field to View.NO_ID.
02-19 14:24:09.257  5621  5621 E unknown:ReactRootView: 	at com.facebook.react.ReactRootView.attachToReactInstanceManager(:799)
02-19 14:24:09.257  5621  5621 E unknown:ReactRootView: 	at com.facebook.react.ReactRootView.startReactApplication(:509)
02-19 14:24:09.257  5621  5621 E unknown:ReactRootView: 	at com.facebook.react.ReactRootView.startReactApplication(:469)
02-19 14:24:09.257  5621  5621 E unknown:ReactRootView: 	at im.toss.rn.granite.core.GraniteActivity.write(:486)
02-19 14:24:09.257  5621  5621 E unknown:ReactRootView: 	at im.toss.rn.granite.core.GraniteActivity.RemoteActionCompatParcelizer(:124)
02-19 14:24:09.257  5621  5621 E unknown:ReactRootView: 	at im.toss.rn.granite.core.GraniteActivity$RemoteActionCompatParcelizer.IconCompatParcelizer(:65353)
02-19 14:24:09.257  5621  5621 E unknown:ReactRootView: 	at o.sh.a_(:33)
02-19 14:24:09.257  5621  5621 E unknown:ReactRootView: 	at o.xP.run(:100)
02-19 14:24:09.257  5621  5621 E unknown:ReactRootView: 	at android.os.Handler.handleCallback(Handler.java:995)
02-19 14:24:09.257  5621  5621 E unknown:ReactRootView: 	at android.os.Handler.dispatchMessage(Handler.java:103)
02-19 14:24:09.257  5621  5621 E unknown:ReactRootView: 	at android.os.Looper.loopOnce(Looper.java:248)
02-19 14:24:09.257  5621  5621 E unknown:ReactRootView: 	at android.os.Looper.loop(Looper.java:338)
02-19 14:24:09.257  5621  5621 E unknown:ReactRootView: 	at android.app.ActivityThread.main(ActivityThread.java:9067)
02-19 14:24:09.257  5621  5621 E unknown:ReactRootView: 	at java.lang.reflect.Method.invoke(Native Method)
02-19 14:24:09.257  5621  5621 E unknown:ReactRootView: 	at com.android.internal.os.RuntimeInit$MethodAndArgsCaller.run(RuntimeInit.java:593)
02-19 14:24:09.257  5621  5621 E unknown:ReactRootView: 	at com.android.internal.os.ZygoteInit.main(ZygoteInit.java:932)
02-19 14:24:09.264   617   617 D StatsLog: LAUNCHER_GOOGLE_SEARCH_RESTORE_LIST_SIZE_AFTER_ACTIVITY_RESTART
02-19 14:24:09.290   752  1095 D BackgroundInstallControlService: Package event received: 0
02-19 14:24:09.345   752  1987 D CoreBackPreview: Window{bf1ed5a u0 PopupWindow:faf2233}: Setting back callback OnBackInvokedCallbackInfo{mCallback=android.window.IOnBackInvokedCallback$Stub$Proxy@9d29468, mPriority=0, mIsAnimationCallback=false, mOverrideBehavior=0}
02-19 14:24:10.411   752  1856 E TaskPersister: File error accessing recents directory (directory doesn't exist?).
02-19 14:24:11.042  5621  5621 W WindowOnBackDispatcher: sendCancelIfRunning: isInProgress=false callback=android.view.ViewRootImpl$$ExternalSyntheticLambda13@ddbc9ee
02-19 14:24:11.042   752  1454 D CoreBackPreview: Window{bf1ed5a u0 PopupWindow:faf2233}: Setting back callback null
02-19 14:24:11.332  7237  7237 W dumpsys : Thread Pool max thread count is 0. Cannot cache binder as linkToDeath cannot be implemented. serviceName: window
02-19 14:24:11.886  5621  7236 W unknown:ReactContext: initializeMessageQueueThreads() is called.
02-19 14:24:11.904  5621  5621 W unknown:ReactNative: Packager connection already open, nooping.
02-19 14:24:11.941  5621  7245 W unknown:ReactContext: initializeMessageQueueThreads() is called.
02-19 14:24:11.948  5621  7245 W unknown:ReactNative: Fresco has already been initialized with a different config. The new Fresco configuration will be ignored!
02-19 14:24:12.386   752  1987 I system_server: AssetManager2(0x7d8fac4c1d38) locale list changing from [] to [en-US]
02-19 14:24:12.450   752  1987 I system_server: AssetManager2(0x7d8fac5143f8) locale list changing from [] to [en-US]
02-19 14:24:12.546   752  1987 I system_server: AssetManager2(0x7d8fac46f678) locale list changing from [] to [en-US]
02-19 14:24:12.681   752  1987 I system_server: AssetManager2(0x7d8fac4c8db8) locale list changing from [] to [en-US]
02-19 14:24:12.836   752  1987 I system_server: AssetManager2(0x7d8fac47bb58) locale list changing from [] to [en-US]
02-19 14:24:12.939   752  1987 I system_server: AssetManager2(0x7d8fac4365f8) locale list changing from [] to [en-US]
02-19 14:24:13.021  5621  7244 I scudo   : Can't populate more pages for size class 7120.
02-19 14:24:13.640  5621  5621 W unknown:ReactContext: initializeMessageQueueThreads() is called.
02-19 14:24:14.006   752  1987 W PackageConfigPersister: App-specific configuration not found for packageName: viva.republica.toss.test and userId: 0
02-19 14:24:15.655   537   537 W adbd    : timeout expired while flushing socket, closing
02-19 14:24:16.005  1336  1556 D SatelliteController: iisInCarrierRoamingNbIotNtn: satellite is disabled
02-19 14:24:16.154   537   537 W adbd    : timeout expired while flushing socket, closing
02-19 14:24:18.180  7251  7251 W screencap: Thread Pool max thread count is 0. Cannot cache binder as linkToDeath cannot be implemented. serviceName: SurfaceFlingerAIDL
02-19 14:24:18.191  7251  7251 W BpBinder: Linking to death on android.gui.ISurfaceComposer but there are no threads (yet?) listening to incoming transactions. See ProcessState::startThreadPool and ProcessState::setThreadPoolMaxThreadCount. Generally you should setup the binder threadpool before other initialization steps.
02-19 14:24:18.200  7251  7251 W ProcessState: Extra binder thread started, but 0 threads requested. Do not use *startThreadPool when zero threads are requested.
02-19 14:24:18.312   531   549 E HwcComposer: getLuts failed Status(-8, EX_SERVICE_SPECIFIC): '8: '
02-19 14:24:18.312   531   549 E HWComposer: getLuts: getLuts failed for display 4619827259835644672: UNSUPPORTED (8)
02-19 14:24:19.653  5621  5625 I blica.toss.test: NativeAlloc concurrent mark compact GC freed 7182KB AllocSpace bytes, 12(304KB) LOS objects, 45% free, 28MB/52MB, paused 4.588ms,6.795ms total 697.061ms
