02-19 10:19:18.432 14715 14715 D BoundBrokerSvc: Loading bound service for intent: Intent { act=com.google.android.gms.safebrowsing.SafeBrowsingService.START dat=chimera-action:/... xflg=0x4 cmp=com.google.android.gms/.chimera.GmsBoundBrokerService }
02-19 10:19:18.439 23645 23665 W chromium: [WARNING:runtime_features.cc(560)] Fenced frames cannot be enabled in this configuration. Use --enable-features=FencedFrames instead.
02-19 10:19:18.439 23645 23665 W chromium: [WARNING:runtime_features.cc(585)] Topics cannot be enabled in this configuration. Use --enable-features=BrowsingTopics in addition.
02-19 10:19:18.439 23645 23665 W chromium: [WARNING:runtime_features.cc(606)] SharedStorage cannot be enabled in this configuration. Use --enable-features=SharedStorageAPI in addition.
02-19 10:19:18.469 20068 20154 I FontLog : (REDACTED) Received query %s, URI %s
02-19 10:19:18.469 20068 20154 I FontLog : (REDACTED) Query [%s] resolved to %s
02-19 10:19:18.470 20068 20154 I FontLog : (REDACTED) Font PFD returned from cache for %s
02-19 10:19:18.470 20068 20154 I FontLog : (REDACTED) Fetch %s end status %s
02-19 10:19:18.472 20068 20154 I FontLog : (REDACTED) Pulling font file for id = %d, cache size = %d
02-19 10:19:18.479 20068 20154 I FontLog : (REDACTED) Received query %s, URI %s
02-19 10:19:18.479 20068 20154 I FontLog : (REDACTED) Query [%s] resolved to %s
02-19 10:19:18.481 20068 20154 I FontLog : (REDACTED) Fetch %s end status %s
02-19 10:19:18.485 20068 20155 I FontLog : (REDACTED) Pulling font file for id = %d, cache size = %d
02-19 10:19:18.503 20068 20155 I FontLog : (REDACTED) Received query %s, URI %s
02-19 10:19:18.504 20068 20155 I FontLog : (REDACTED) Query [%s] resolved to %s
02-19 10:19:18.506 20068 20155 I FontLog : (REDACTED) Font PFD returned from cache for %s
02-19 10:19:18.508 20068 20155 I FontLog : (REDACTED) Fetch %s end status %s
02-19 10:19:18.511 23621 23774 D vulkan  : searching for layers in '/data/app/~~NUQj-rdXzuicW-16SIRtKA==/viva.republica.toss.test-Si406wFvb_sqEA2GTBV6RQ==/lib/x86_64'
02-19 10:19:18.516 23621 23774 D vulkan  : searching for layers in '/data/app/~~NUQj-rdXzuicW-16SIRtKA==/viva.republica.toss.test-Si406wFvb_sqEA2GTBV6RQ==/base.apk!/lib/x86_64'
02-19 10:19:18.528 20068 20155 I FontLog : (REDACTED) Pulling font file for id = %d, cache size = %d
02-19 10:19:18.530 14001 14034 I Finsky  : [52] Current account updated in PVS
02-19 10:19:18.536 14001 14037 I Finsky  : [55] Current account updated in PVS
02-19 10:19:18.537 14001 14001 I Finsky  : [2] Current account updated in PVS
02-19 10:19:18.546 20068 20155 I FontLog : (REDACTED) Received query %s, URI %s
02-19 10:19:18.546 20068 20155 I FontLog : (REDACTED) Query [%s] resolved to %s
02-19 10:19:18.547 20068 20155 I FontLog : (REDACTED) Font PFD returned from cache for %s
02-19 10:19:18.547 20068 20155 I FontLog : (REDACTED) Fetch %s end status %s
02-19 10:19:18.553 20068 20155 I FontLog : (REDACTED) Pulling font file for id = %d, cache size = %d
02-19 10:19:18.556 20068 20155 I FontLog : (REDACTED) Received query %s, URI %s
02-19 10:19:18.556 20068 20155 I FontLog : (REDACTED) Query [%s] resolved to %s
02-19 10:19:18.558 20068 20155 I FontLog : (REDACTED) Font PFD returned from cache for %s
02-19 10:19:18.560 20068 20155 I FontLog : (REDACTED) Fetch %s end status %s
02-19 10:19:18.564 20068 20154 I FontLog : (REDACTED) Pulling font file for id = %d, cache size = %d
02-19 10:19:18.768   752  1029 D InetDiagMessage: Destroyed 0 sockets, proto=IPPROTO_TCP, family=AF_INET, states=14
02-19 10:19:18.770   752  1029 D InetDiagMessage: Destroyed 0 sockets, proto=IPPROTO_TCP, family=AF_INET6, states=14
02-19 10:19:18.770   752  1029 D InetDiagMessage: Destroyed live tcp sockets for uids={10168} in 3ms
02-19 10:19:18.770   752  1029 D InetDiagMessage: Destroyed 0 sockets, proto=IPPROTO_TCP, family=AF_INET, states=14
02-19 10:19:18.771   752  1029 D InetDiagMessage: Destroyed 0 sockets, proto=IPPROTO_TCP, family=AF_INET6, states=14
02-19 10:19:18.771   752  1029 D InetDiagMessage: Destroyed live tcp sockets for uids={20168} in 1ms
02-19 10:19:18.880 23621 23774 W libc    : Access denied finding property "vendor.mesa.vk.trace.per.submit"
02-19 10:19:18.881 23621 23774 W libc    : Access denied finding property "vendor.mesa.gallium.print.optio"
02-19 10:19:18.881 23621 23774 W libc    : Access denied finding property "vendor.mesa.vk.trace.frame"
02-19 10:19:18.884 23621 23774 W libc    : Access denied finding property "vendor.mesa.vk.wsi.headless.swa"
02-19 10:19:18.937 23621 23774 W chromium: [WARNING:viz_main_impl.cc(85)] VizNullHypothesis is disabled (not a warning)
02-19 10:19:18.982 23621 23621 I Ads     : JS: The jsLoaded GMSG has been sent (https://googleads.g.doubleclick.net/mads/static/sdk/native/sdk-core-v40.html:1025)
02-19 10:19:19.547 23621 23621 I Choreographer: Skipped 40 frames!  The application may be doing too much work on its main thread.
02-19 10:19:20.588   537   537 W adbd    : timeout expired while flushing socket, closing
02-19 10:19:20.588   531   568 W EventThread: Faking VSYNC due to driver stall for thread app
02-19 10:19:20.589 23621 23621 I Choreographer: Skipped 61 frames!  The application may be doing too much work on its main thread.
02-19 10:19:20.643 23621 23768 D nativeloader: Load /data/app/~~NUQj-rdXzuicW-16SIRtKA==/viva.republica.toss.test-Si406wFvb_sqEA2GTBV6RQ==/lib/x86_64/libreactnativeblob.so using class loader ns clns-9 (caller=<unknown>): ok
02-19 10:19:20.724 23621 23626 I blica.toss.test: Compiler allocated 4717KB to compile void com.facebook.soloader.nativeloader.SystemDelegate.read(java.lang.String)
02-19 10:19:20.736 23621 23621 W unknown:ReactContext: initializeMessageQueueThreads() is called.
02-19 10:19:20.937   752  1987 W PackageConfigPersister: App-specific configuration not found for packageName: viva.republica.toss.test and userId: 0
02-19 10:19:22.317   531   568 W EventThread: Faking VSYNC due to driver stall for thread app
02-19 10:19:22.318   537   537 W adbd    : timeout expired while flushing socket, closing
02-19 10:19:23.085 23797 23797 W dumpsys : Thread Pool max thread count is 0. Cannot cache binder as linkToDeath cannot be implemented. serviceName: window
02-19 10:19:23.102 23621 23768 I ReactNativeJS: Running "shared" with {"initialProps":{"initialColorPreference":"light","loadingStartTs":1771463954668,"initialFontScale":"100"},"rootTag":11}
02-19 10:19:23.165   752  1987 I system_server: AssetManager2(0x7d8fac488678) locale list changing from [] to [en-US]
02-19 10:19:23.198   752  1987 I system_server: AssetManager2(0x7d8fac4828b8) locale list changing from [] to [en-US]
02-19 10:19:23.204   752  1987 I system_server: AssetManager2(0x7d8fac48bb98) locale list changing from [] to [en-US]
02-19 10:19:23.208   752  1987 I system_server: AssetManager2(0x7d8fac501e38) locale list changing from [] to [en-US]
02-19 10:19:23.214   752  1987 I system_server: AssetManager2(0x7d8fac4a9058) locale list changing from [] to [en-US]
02-19 10:19:23.221   752  1987 I system_server: AssetManager2(0x7d8fac480658) locale list changing from [] to [en-US]
02-19 10:19:23.339   531   568 W EventThread: Faking VSYNC due to driver stall for thread app
02-19 10:19:23.717   752   969 D ActivityManager: freezing 4606 com.google.android.webview:webview_service
02-19 10:19:23.720   752  1029 D InetDiagMessage: Destroyed 0 sockets, proto=IPPROTO_TCP, family=AF_INET, states=14
02-19 10:19:23.720   752  1029 D InetDiagMessage: Destroyed 0 sockets, proto=IPPROTO_TCP, family=AF_INET6, states=14
02-19 10:19:23.720   752  1029 D InetDiagMessage: Destroyed live tcp sockets for uids={10168} in 1ms
02-19 10:19:23.751 23803 23803 W screencap: Thread Pool max thread count is 0. Cannot cache binder as linkToDeath cannot be implemented. serviceName: SurfaceFlingerAIDL
02-19 10:19:23.752 23803 23803 W BpBinder: Linking to death on android.gui.ISurfaceComposer but there are no threads (yet?) listening to incoming transactions. See ProcessState::startThreadPool and ProcessState::setThreadPoolMaxThreadCount. Generally you should setup the binder threadpool before other initialization steps.
02-19 10:19:23.752 23803 23803 W ProcessState: Extra binder thread started, but 0 threads requested. Do not use *startThreadPool when zero threads are requested.
02-19 10:19:23.755   531   603 E HwcComposer: getLuts failed Status(-8, EX_SERVICE_SPECIFIC): '8: '
02-19 10:19:23.755   531   603 E HWComposer: getLuts: getLuts failed for display 4619827259835644672: UNSUPPORTED (8)
02-19 10:19:24.340   531   568 W EventThread: Faking VSYNC due to driver stall for thread app
02-19 10:19:24.626 23811 23811 W dumpsys : Thread Pool max thread count is 0. Cannot cache binder as linkToDeath cannot be implemented. serviceName: package
02-19 10:19:24.729 23621 23769 W unknown:ViewManagerPropertyUpdater: Could not find generated setter for class o.onLost
02-19 10:19:24.790 23621 23768 D ReactNativeJS: '[Analytics]', '{\n  "log_type": "screen",\n  "log_name": "/::screen",\n  "params": {\n    "referrer": null,\n    "deployment_id": "local",\n    "deployment_timestamp": null\n  }\n}'
02-19 10:19:25.007   752   779 W ProcessStats: Tracking association SourceState{1e4c281 com.android.vending/10146 ImpBg #10823} whose proc state 6 is better than process ProcessState{47491a com.android.vending:background/10146 pkg=com.android.vending} proc state 14 (18 skipped)
02-19 10:19:25.030 23621 23768 E ReactNativeJS: '권한 목록을 가져오는 데 실패했어요:', [Error: SERVICE_NAME is missing]
02-19 10:19:25.124 23621 23627 W blica.toss.test: Suspending all threads took: 83.169ms
02-19 10:19:25.150   752  1095 D BackgroundInstallControlService: Package event received: 0
02-19 10:19:25.152   752  1095 D BackgroundInstallControlService: Package event received: 0
02-19 10:19:25.184 23621 23627 I blica.toss.test: NativeAlloc concurrent mark compact GC freed 4813KB AllocSpace bytes, 7(188KB) LOS objects, 50% free, 18MB/37MB, paused 87.143ms,6.235ms total 263.054ms
02-19 10:19:25.188 23621 23629 W System  : A resource failed to call ZipFile.close. 
02-19 10:19:25.481 23621 23823 D nativeloader: Load /data/app/~~NUQj-rdXzuicW-16SIRtKA==/viva.republica.toss.test-Si406wFvb_sqEA2GTBV6RQ==/lib/x86_64/libimagepipeline.so using class loader ns clns-9 (caller=<unknown>): ok
02-19 10:19:25.510 23621 23824 W HWUI    : Image decoding logging dropped!
02-19 10:19:25.680 23815 23815 I artd    : Starting artd
02-19 10:19:25.683 23815 23815 I AidlLazyServiceRegistrar: Registering service artd
02-19 10:19:25.696 23815 23815 I AidlLazyServiceRegistrar: Process has 1 (of 1 available) client(s) in use after notification artd has clients: 1
02-19 10:19:25.764 23621 23631 I HWUI    : Davey! duration=726ms; Flags=0, FrameTimelineVsyncId=962677, IntendedVsync=75438855922636, Vsync=75439189255956, InputEventId=0, HandleInputStart=75439200389754, AnimationStart=75439200391082, PerformTraversalsStart=75439362569636, DrawStart=75439365227199, FrameDeadline=75439355922616, FrameStartTime=75439197949576, FrameInterval=16666666, WorkloadTarget=16666666, SyncQueued=75439378279526, SyncStart=75439378789845, IssueDrawCommandsStart=75439382131874, SwapBuffers=75439566367267, FrameCompleted=75439582537990, DequeueBufferDuration=13781, QueueBufferDuration=660530, GpuCompleted=75439582537990, SwapBuffersCompleted=75439575258249, DisplayPresentTime=581326792, CommandSubmissionCompleted=75439566367267, 
02-19 10:19:25.899 23621 23768 I ReactNativeJS: '[eventLogDebug]', { log_name: '/::screen',
02-19 10:19:25.899 23621 23768 I ReactNativeJS:   log_type: 'screen',
02-19 10:19:25.899 23621 23768 I ReactNativeJS:   params: 
02-19 10:19:25.899 23621 23768 I ReactNativeJS:    { search: '',
02-19 10:19:25.899 23621 23768 I ReactNativeJS:      referrer: 'null',
02-19 10:19:25.899 23621 23768 I ReactNativeJS:      deployment_id: 'local',
02-19 10:19:25.899 23621 23768 I ReactNativeJS:      deployment_timestamp: 'NaN' } }
02-19 10:19:26.063 23815 23827 I artd    : GetBestInfo: odex next to the dex file (/data/app/~~O-UZzK0jUU9NLgS3MODOZA==/com.google.android.gms-YQ2L6GsYyKuvu9MvIBK1EQ==/oat/x86_64/base.odex) is kOatUpToDate with filter 'speed-profile' executable 'false'
02-19 10:19:26.100 23815 23827 I artd    : GetBestInfo: odex next to the dex file (/data/app/~~O-UZzK0jUU9NLgS3MODOZA==/com.google.android.gms-YQ2L6GsYyKuvu9MvIBK1EQ==/oat/x86_64/split_AdsDynamite_installtime.odex) is kOatUpToDate with filter 'speed' executable 'false'
02-19 10:19:26.128 23815 23827 I artd    : GetBestInfo: odex next to the dex file (/data/app/~~O-UZzK0jUU9NLgS3MODOZA==/com.google.android.gms-YQ2L6GsYyKuvu9MvIBK1EQ==/oat/x86_64/split_CronetDynamite_installtime.odex) is kOatUpToDate with filter 'speed' executable 'false'
02-19 10:19:26.159 23815 23827 I artd    : GetBestInfo: odex next to the dex file (/data/app/~~O-UZzK0jUU9NLgS3MODOZA==/com.google.android.gms-YQ2L6GsYyKuvu9MvIBK1EQ==/oat/x86_64/split_DynamiteLoader_installtime.odex) is kOatUpToDate with filter 'speed' executable 'false'
02-19 10:19:26.201 23815 23827 I artd    : GetBestInfo: odex next to the dex file (/data/app/~~O-UZzK0jUU9NLgS3MODOZA==/com.google.android.gms-YQ2L6GsYyKuvu9MvIBK1EQ==/oat/x86_64/split_DynamiteModulesA_installtime.odex) is kOatUpToDate with filter 'speed' executable 'false'
02-19 10:19:26.517 23815 23826 I artd    : GetBestInfo: odex next to the dex file (/data/app/~~O-UZzK0jUU9NLgS3MODOZA==/com.google.android.gms-YQ2L6GsYyKuvu9MvIBK1EQ==/oat/x86_64/split_DynamiteModulesC_installtime.odex) is kOatUpToDate with filter 'speed' executable 'false'
02-19 10:19:26.574 23815 23826 I artd    : GetBestInfo: odex next to the dex file (/data/app/~~O-UZzK0jUU9NLgS3MODOZA==/com.google.android.gms-YQ2L6GsYyKuvu9MvIBK1EQ==/oat/x86_64/split_GoogleCertificates_installtime.odex) is kOatUpToDate with filter 'speed' executable 'false'
02-19 10:19:26.621 23815 23827 I artd    : GetBestInfo: odex next to the dex file (/data/app/~~O-UZzK0jUU9NLgS3MODOZA==/com.google.android.gms-YQ2L6GsYyKuvu9MvIBK1EQ==/oat/x86_64/split_MapsDynamite_installtime.odex) is kOatUpToDate with filter 'speed' executable 'false'
02-19 10:19:26.677 23815 23827 I artd    : GetBestInfo: odex next to the dex file (/data/app/~~O-UZzK0jUU9NLgS3MODOZA==/com.google.android.gms-YQ2L6GsYyKuvu9MvIBK1EQ==/oat/x86_64/split_MeasurementDynamite_installtime.odex) is kOatUpToDate with filter 'speed' executable 'false'
02-19 10:19:26.683 23815 23826 I artd    : GetBestInfo: /data/app/~~O-UZzK0jUU9NLgS3MODOZA==/com.google.android.gms-YQ2L6GsYyKuvu9MvIBK1EQ==/split_maps_core_dynamite_ondemand.apk has no usable artifacts
02-19 10:19:26.960 23829 23829 W dumpsys : Thread Pool max thread count is 0. Cannot cache binder as linkToDeath cannot be implemented. serviceName: window
02-19 10:19:27.110  1336  1556 D SatelliteController: iisInCarrierRoamingNbIotNtn: satellite is disabled
02-19 10:19:27.267 23815 23826 I artd    : GetBestInfo: /data/user_de/0/com.google.android.gms/app_chimera/m/0000000c/dl-Appsearch.optional_250834100800.apk has no usable artifacts
02-19 10:19:27.527 23815 23826 I artd    : GetBestInfo: /data/user_de/0/com.google.android.gms/app_chimera/m/00000001/CronetDynamite.apk has no usable artifacts
02-19 10:19:27.527 23815 23826 I artd    : GetBestInfo: /data/user_de/0/com.google.android.gms/app_chimera/m/00000002/DynamiteLoader.apk has no usable artifacts
02-19 10:19:27.530 23815 23826 I artd    : GetBestInfo: /data/user_de/0/com.google.android.gms/app_chimera/m/00000005/GoogleCertificates.apk has no usable artifacts
02-19 10:19:27.553 23815 23826 I artd    : GetBestInfo: /data/user_de/0/com.google.android.gms/app_chimera/m/00000009/dl-TfliteDynamiteDynamite.integ_252130102100800.apk has no usable artifacts
02-19 10:19:27.678 23815 23826 I artd    : GetBestInfo: vdex next to the dex file (/data/user/0/com.google.android.gms/app_dg_cache/BF7C023AB90CCF01D1F467FC1CEBAF866511FF29/oat/x86_64/the.vdex) is kOatUpToDate with filter 'verify' executable 'false'
02-19 10:19:27.683 23815 23826 I artd    : GetBestInfo: /data/user_de/0/com.google.android.gms/app_chimera/m/00000010/dl-PlayCloudSearch.optional_250834100000.apk has no usable artifacts
02-19 10:19:27.692 23815 23826 I artd    : GetBestInfo: /data/user_de/0/com.google.android.gms/app_chimera/m/00000017/dl-PlayCloudSearch.optional_260438100000.apk has no usable artifacts
02-19 10:19:27.700 23815 23826 I artd    : GetBestInfo: /data/user_de/0/com.google.android.gms/app_chimera/m/00000015/dl-MlkitOcrCommon.optional_260438100800.apk has no usable artifacts
02-19 10:19:27.707 23815 23826 I artd    : GetBestInfo: /data/user_de/0/com.google.android.gms/app_chimera/m/00000013/dl-MlkitBarcodeUi.optional_260438100800.apk has no usable artifacts
02-19 10:19:27.727 23834 23834 W screencap: Thread Pool max thread count is 0. Cannot cache binder as linkToDeath cannot be implemented. serviceName: SurfaceFlingerAIDL
02-19 10:19:27.727 23834 23834 W BpBinder: Linking to death on android.gui.ISurfaceComposer but there are no threads (yet?) listening to incoming transactions. See ProcessState::startThreadPool and ProcessState::setThreadPoolMaxThreadCount. Generally you should setup the binder threadpool before other initialization steps.
02-19 10:19:27.727 23834 23834 W ProcessState: Extra binder thread started, but 0 threads requested. Do not use *startThreadPool when zero threads are requested.
02-19 10:19:27.730   531   590 E HwcComposer: getLuts failed Status(-8, EX_SERVICE_SPECIFIC): '8: '
02-19 10:19:27.730   531   590 E HWComposer: getLuts: getLuts failed for display 4619827259835644672: UNSUPPORTED (8)
02-19 10:19:27.932 23815 23826 I artd    : GetBestInfo: /data/user_de/0/com.google.android.gms/app_chimera/m/0000000f/dl-MlkitOcrCommon.optional_250834100800.apk has no usable artifacts
02-19 10:19:28.130 23815 23826 I artd    : GetBestInfo: /data/user_de/0/com.google.android.gms/app_chimera/m/0000000d/dl-VisionOcr.optional_250834100000.apk has no usable artifacts
