02-19 23:09:29.161 14724 14732 I artd    : GetBestInfo: odex next to the dex file (/data/app/~~O-UZzK0jUU9NLgS3MODOZA==/com.google.android.gms-YQ2L6GsYyKuvu9MvIBK1EQ==/oat/x86_64/split_MapsDynamite_installtime.odex) is kOatUpToDate with filter 'speed' executable 'false'
02-19 23:09:29.171 14724 14732 I artd    : GetBestInfo: odex next to the dex file (/data/app/~~O-UZzK0jUU9NLgS3MODOZA==/com.google.android.gms-YQ2L6GsYyKuvu9MvIBK1EQ==/oat/x86_64/split_MeasurementDynamite_installtime.odex) is kOatUpToDate with filter 'speed' executable 'false'
02-19 23:09:29.176 14724 14732 I artd    : GetBestInfo: /data/app/~~O-UZzK0jUU9NLgS3MODOZA==/com.google.android.gms-YQ2L6GsYyKuvu9MvIBK1EQ==/split_maps_core_dynamite_ondemand.apk has no usable artifacts
02-19 23:09:29.184 14724 14732 I artd    : GetBestInfo: /data/user_de/0/com.google.android.gms/app_chimera/m/0000000c/dl-Appsearch.optional_250834100800.apk has no usable artifacts
02-19 23:09:29.186 14724 14724 I artd    : GetBestInfo: /data/user_de/0/com.google.android.gms/app_chimera/m/00000001/CronetDynamite.apk has no usable artifacts
02-19 23:09:29.188 14724 14724 I artd    : GetBestInfo: /data/user_de/0/com.google.android.gms/app_chimera/m/00000002/DynamiteLoader.apk has no usable artifacts
02-19 23:09:29.190 14724 14724 I artd    : GetBestInfo: /data/user_de/0/com.google.android.gms/app_chimera/m/00000005/GoogleCertificates.apk has no usable artifacts
02-19 23:09:29.230 14724 14724 I artd    : GetBestInfo: /data/user_de/0/com.google.android.gms/app_chimera/m/00000009/dl-TfliteDynamiteDynamite.integ_252130102100800.apk has no usable artifacts
02-19 23:09:29.236 14724 14724 I artd    : GetBestInfo: vdex next to the dex file (/data/user/0/com.google.android.gms/app_dg_cache/BF7C023AB90CCF01D1F467FC1CEBAF866511FF29/oat/x86_64/the.vdex) is kOatUpToDate with filter 'verify' executable 'false'
02-19 23:09:29.240 14724 14724 I artd    : GetBestInfo: /data/user_de/0/com.google.android.gms/app_chimera/m/00000010/dl-PlayCloudSearch.optional_250834100000.apk has no usable artifacts
02-19 23:09:29.243 14724 14724 I artd    : GetBestInfo: /data/user_de/0/com.google.android.gms/app_chimera/m/00000017/dl-PlayCloudSearch.optional_260438100000.apk has no usable artifacts
02-19 23:09:29.247 14724 14724 I artd    : GetBestInfo: /data/user_de/0/com.google.android.gms/app_chimera/m/00000015/dl-MlkitOcrCommon.optional_260438100800.apk has no usable artifacts
02-19 23:09:29.251 14724 14724 I artd    : GetBestInfo: /data/user_de/0/com.google.android.gms/app_chimera/m/00000013/dl-MlkitBarcodeUi.optional_260438100800.apk has no usable artifacts
02-19 23:09:29.256 14724 14724 I artd    : GetBestInfo: /data/user_de/0/com.google.android.gms/app_chimera/m/0000000f/dl-MlkitOcrCommon.optional_250834100800.apk has no usable artifacts
02-19 23:09:29.260 14724 14724 I artd    : GetBestInfo: /data/user_de/0/com.google.android.gms/app_chimera/m/0000000d/dl-VisionOcr.optional_250834100000.apk has no usable artifacts
02-19 23:09:29.264 14724 14724 I artd    : GetBestInfo: /data/user_de/0/com.google.android.gms/app_chimera/m/0000000a/dl-MlkitBarcodeUi.optional_250834100800.apk has no usable artifacts
02-19 23:09:29.268 14724 14724 I artd    : GetBestInfo: /data/user_de/0/com.google.android.gms/app_chimera/m/00000011/dl-VisionOcr.optional_260438100000.apk has no usable artifacts
02-19 23:09:29.272 14724 14724 I artd    : GetBestInfo: /data/user_de/0/com.google.android.gms/app_chimera/m/00000012/dl-Appsearch.optional_260438100800.apk has no usable artifacts
02-19 23:09:29.277 14724 14724 I artd    : GetBestInfo: vdex next to the dex file (/data/user/0/com.google.android.gms/app_dg_cache/94DF452EEF4B8E717545DCDEA6CC3C50A319A195/oat/x86_64/the.vdex) is kOatUpToDate with filter 'verify' executable 'false'
02-19 23:09:29.281 14724 14724 I artd    : GetBestInfo: /data/user_de/0/com.google.android.gms/app_chimera/m/00000007/MeasurementDynamite.apk has no usable artifacts
02-19 23:09:29.283 14724 14724 I artd    : GetBestInfo: /data/user_de/0/com.google.android.gms/app_chimera/m/00000018/dl-AdsFdrDynamite.integ_254380203100000.apk has no usable artifacts
02-19 23:09:29.326   752   779 D FileUtils: Rounded bytes from 2067259392 to 4000000000
02-19 23:09:29.328 14806 14806 W BugsnagNDK: Initialization complete!
02-19 23:09:29.437 14806 14867 D nativeloader: Load /data/app/~~NUQj-rdXzuicW-16SIRtKA==/viva.republica.toss.test-Si406wFvb_sqEA2GTBV6RQ==/lib/x86_64/libbugsnag-plugin-android-anr.so using class loader ns clns-9 (caller=<unknown>): ok
02-19 23:09:29.444 14806 14806 W BugsnagANR: Failed to initialize Google ANR caller. ANRs won't be sent to Google.
02-19 23:09:29.484   752   779 D ConnectivityService: requestNetwork for uid/pid:10217/14806 activeRequest: null callbackRequest: 1322 [NetworkRequest [ REQUEST id=1323, [ Capabilities: INTERNET&NOT_RESTRICTED&TRUSTED&NOT_VCN_MANAGED&NOT_BANDWIDTH_CONSTRAINED Uid: 10217 RequestorUid: 10217 RequestorPkg: viva.republica.toss.test UnderlyingNetworks: Null] ]] callback flags: 0 order: 2147483647 isUidTracked: false declaredMethods: AVAIL|UNAVAIL
02-19 23:09:29.489   752  1023 D OemPaidWifiNetworkFactory: got request NetworkRequest [ REQUEST id=1323, [ Capabilities: INTERNET&NOT_RESTRICTED&TRUSTED&NOT_VCN_MANAGED&NOT_BANDWIDTH_CONSTRAINED Uid: 10217 RequestorUid: 10217 RequestorPkg: viva.republica.toss.test UnderlyingNetworks: Null] ]
02-19 23:09:29.491 14806 14806 W System.err: SLF4J: No SLF4J providers were found.
02-19 23:09:29.491   752  1023 D MultiInternetWifiNetworkFactory: got request NetworkRequest [ REQUEST id=1323, [ Capabilities: INTERNET&NOT_RESTRICTED&TRUSTED&NOT_VCN_MANAGED&NOT_BANDWIDTH_CONSTRAINED Uid: 10217 RequestorUid: 10217 RequestorPkg: viva.republica.toss.test UnderlyingNetworks: Null] ]
02-19 23:09:29.491 14806 14806 W System.err: SLF4J: Defaulting to no-operation (NOP) logger implementation
02-19 23:09:29.491 14806 14806 W System.err: SLF4J: See https://www.slf4j.org/codes.html#noProviders for further details.
02-19 23:09:29.491   752  1023 D WifiNetworkFactory: got request NetworkRequest [ REQUEST id=1323, [ Capabilities: INTERNET&NOT_RESTRICTED&TRUSTED&NOT_VCN_MANAGED&NOT_BANDWIDTH_CONSTRAINED Uid: 10217 RequestorUid: 10217 RequestorPkg: viva.republica.toss.test UnderlyingNetworks: Null] ]
02-19 23:09:29.492   752  1023 D UntrustedWifiNetworkFactory: got request NetworkRequest [ REQUEST id=1323, [ Capabilities: INTERNET&NOT_RESTRICTED&TRUSTED&NOT_VCN_MANAGED&NOT_BANDWIDTH_CONSTRAINED Uid: 10217 RequestorUid: 10217 RequestorPkg: viva.republica.toss.test UnderlyingNetworks: Null] ]
02-19 23:09:29.492   752  1029 D ConnectivityService: NetReassign [1323 : null  108] [c 0] [a 2] [i 4]
02-19 23:09:29.596   752   933 W OptProp : Cannot read opt property android.window.PROPERTY_COMPAT_ENABLE_FAKE_FOCUS
02-19 23:09:29.597   752   933 D CompatChangeReporter: Compat change id reported: 324203798; UID 10217; state: ENABLED
02-19 23:09:29.656   752  1095 D BackgroundInstallControlService: Package event received: 0
02-19 23:09:29.656   752  1095 D BackgroundInstallControlService: Package event received: 0
02-19 23:09:29.690 14806 14806 I Choreographer: Skipped 936 frames!  The application may be doing too much work on its main thread.
02-19 23:09:29.762 14806 14806 I blica.toss.test: AssetManager2(0x7d8fac4314b8) locale list changing from [] to [en-US]
02-19 23:09:29.840 14806 14806 I blica.toss.test: AssetManager2(0x7d8fac42c9b8) locale list changing from [] to [en-US]
02-19 23:09:29.995 14806 14810 W blica.toss.test: Suspending all threads took: 13.263ms
02-19 23:09:30.147 14806 14886 I CameraManagerGlobal: Connecting to camera service
02-19 23:09:30.162 14806 14810 I blica.toss.test: Background concurrent mark compact GC freed 4963KB AllocSpace bytes, 31(920KB) LOS objects, 49% free, 7678KB/14MB, paused 21.795ms,1.951ms total 497.412ms
02-19 23:09:30.187   615  2506 I AttributionAndPermissionUtils: checkPermission (forDataDelivery 0 startDataDelivery 0): Permission hard denied for client attribution [uid 10217, pid 14806, packageName "<unknown>"]
02-19 23:09:30.259   283   283 I tombstoned: received crash request for pid 14806
02-19 23:09:30.259   283   283 I tombstoned: found intercept fd 512 for pid 14806 and type kDebuggerdJavaBacktrace
02-19 23:09:30.260 14806 14807 I blica.toss.test: Wrote stack traces to tombstoned
02-19 23:09:30.263   283   283 W tombstoned: skipping tombstone file creation due to intercept
02-19 23:09:30.288   752 14874 I system_server: libdebuggerd_client: done dumping process 14806
02-19 23:09:30.317   752 14875 I ActivityManager: dumpStackTraces nativepids=null
02-19 23:09:30.317   752 14875 I ActivityManager: dumpStackTraces extraPids=null
02-19 23:09:30.318   752 14875 I ActivityManager: Done dumping
02-19 23:09:30.329 14806 14888 I EGL_emulation: Opening libGLESv1_CM_emulation.so
02-19 23:09:30.332 14806 14888 I EGL_emulation: Opening libGLESv2_emulation.so
02-19 23:09:30.337   752 14875 E ActivityManager: ANR in viva.republica.toss.test
02-19 23:09:30.337   752 14875 E ActivityManager: PID: 14806
02-19 23:09:30.337   752 14875 E ActivityManager: Reason: Process ProcessRecord{91884cb 14806:viva.republica.toss.test/u0a217} failed to complete startup
02-19 23:09:30.337   752 14875 E ActivityManager: ErrorId: 7e089450-3cd6-43ed-870e-30a78f437589
02-19 23:09:30.337   752 14875 E ActivityManager: Frozen: false
02-19 23:09:30.337   752 14875 E ActivityManager: Load: 0.0 / 0.0 / 0.0
02-19 23:09:30.337   752 14875 E ActivityManager: ----- Output from /proc/pressure/memory -----
02-19 23:09:30.337   752 14875 E ActivityManager: some avg10=0.72 avg60=0.23 avg300=0.40 total=1106792631
02-19 23:09:30.337   752 14875 E ActivityManager: full avg10=0.18 avg60=0.08 avg300=0.18 total=788916882
02-19 23:09:30.337   752 14875 E ActivityManager: ----- End output from /proc/pressure/memory -----
02-19 23:09:30.337   752 14875 E ActivityManager: ----- Output from /proc/pressure/cpu -----
02-19 23:09:30.337   752 14875 E ActivityManager: some avg10=11.18 avg60=7.12 avg300=7.08 total=3649338265
02-19 23:09:30.337   752 14875 E ActivityManager: full avg10=0.00 avg60=0.00 avg300=0.00 total=0
02-19 23:09:30.337   752 14875 E ActivityManager: ----- End output from /proc/pressure/cpu -----
02-19 23:09:30.337   752 14875 E ActivityManager: ----- Output from /proc/pressure/io -----
02-19 23:09:30.337   752 14875 E ActivityManager: some avg10=2.60 avg60=1.41 avg300=1.87 total=3875766389
02-19 23:09:30.337   752 14875 E ActivityManager: full avg10=0.42 avg60=0.30 avg300=0.72 total=2526998267
02-19 23:09:30.337   752 14875 E ActivityManager: ----- End output from /proc/pressure/io -----
02-19 23:09:30.337   752 14875 E ActivityManager: 
02-19 23:09:30.337   752 14875 E ActivityManager: CPU usage from 300160ms to 129ms ago (2026-02-19 23:04:28.930 to 2026-02-19 23:09:28.961):
02-19 23:09:30.337   752 14875 E ActivityManager:   5.2% 752/system_server: 1.7% user + 3.5% kernel / faults: 46451 minor 191 major
02-19 23:09:30.337   752 14875 E ActivityManager:   3.7% 531/surfaceflinger: 0.3% user + 3.4% kernel / faults: 141 minor 113 major
02-19 23:09:30.337   752 14875 E ActivityManager:   1.8% 19166/com.google.android.apps.nexuslauncher: 0.4% user + 1.3% kernel / faults: 3169 minor 3 major
02-19 23:09:30.337   752 14875 E ActivityManager:   1.1% 4449/com.android.systemui: 0.1% user + 0.9% kernel / faults: 2962 minor 40 major
02-19 23:09:30.337   752 14875 E ActivityManager:   1% 488/android.hardware.graphics.composer3-service.ranchu: 0% user + 1% kernel / faults: 2 minor 79 major
02-19 23:09:30.337   752 14875 E ActivityManager:   0.9% 4244/kworker/0:0-sock_diag_events: 0% user + 0.9% kernel
02-19 23:09:30.337   752 14875 E ActivityManager:   0.9% 15/ksoftirqd/0: 0% user + 0.9% kernel
02-19 23:09:30.337   752 14875 E ActivityManager:   0.7% 537/adbd: 0% user + 0.7% kernel / faults: 31367 minor
02-19 23:09:30.337   752 14875 E ActivityManager:   0.6% 479/android.hardware.sensors-service.multihal: 0% user + 0.6% kernel
02-19 23:09:30.337   752 14875 E ActivityManager:   0.1% 19284/com.google.android.apps.messaging: 0% user + 0% kernel / faults: 646 minor 2645 major
02-19 23:09:30.337   752 14875 E ActivityManager: 4.9% TOTAL: 1.1% user + 3.1% kernel + 0.4% iowait + 0.2% softirq
02-19 23:09:30.337   752 14875 E ActivityManager: CPU usage from 121642936ms to 121642936ms ago (1970-01-01 09:00:00.000 to 1970-01-01 09:00:00.000) with 0% awake:
02-19 23:09:30.337   752 14875 E ActivityManager: 0% TOTAL: 0% user + 0% kernel
02-19 23:09:30.355 14806 14806 I blica.toss.test: AssetManager2(0x7d8fac42d638) locale list changing from [] to [en-US]
02-19 23:09:30.360   752 14875 D ActivityManager: Completed ANR of viva.republica.toss.test in 1272ms, latency 12ms
02-19 23:09:30.361   752 14893 I DropBoxManagerService: add tag=data_app_anr isTagEnabled=true flags=0x6
02-19 23:09:30.375 14806 14806 D CompatChangeReporter: Compat change id reported: 309578419; UID 10217; state: ENABLED
02-19 23:09:30.396 14806 14888 W HWUI    : Failed to choose config with EGL_SWAP_BEHAVIOR_PRESERVED, retrying without...
02-19 23:09:30.398 14806 14888 W HWUI    : Failed to initialize 101010-2 format, error = EGL_SUCCESS
02-19 23:09:30.440   752   795 D CoreBackPreview: Window{9fc35bb u0 Application Not Responding: viva.republica.toss.test}: Setting back callback OnBackInvokedCallbackInfo{mCallback=android.window.WindowOnBackInvokedDispatcher$OnBackInvokedCallbackWrapper@ebd10a2, mPriority=-1, mIsAnimationCallback=false, mOverrideBehavior=0}
02-19 23:09:30.442 14806 14806 D CompatChangeReporter: Compat change id reported: 352594277; UID 10217; state: ENABLED
02-19 23:09:30.468 14806 14806 D CompatChangeReporter: Compat change id reported: 349153669; UID 10217; state: ENABLED
02-19 23:09:30.482 14806 14806 W HWUI    : Unknown dataspace 0
02-19 23:09:30.620   752  2419 D CoreBackPreview: Window{ed411fa u0 viva.republica.toss.test/viva.republica.toss.test.MiniAppSchemeActivity}: Setting back callback OnBackInvokedCallbackInfo{mCallback=android.window.IOnBackInvokedCallback$Stub$Proxy@fdbda08, mPriority=0, mIsAnimationCallback=false, mOverrideBehavior=0}
02-19 23:09:30.817   752   795 W Looper  : Slow dispatch took 379ms android.ui app=system_server main=false group=TOP_APP h=android.view.Choreographer$FrameHandler c=android.view.Choreographer$FrameDisplayEventReceiver@871751d m=0
02-19 23:09:30.822   752   795 W Looper  : Slow delivery took 399ms android.ui app=system_server main=false group=TOP_APP h=com.android.server.wm.DisplayPolicy$PolicyHandler c=com.android.server.wm.DisplayPolicy$$ExternalSyntheticLambda14@77b2f87 m=0
02-19 23:09:30.843   752   794 I ActivityTaskManager: Displayed viva.republica.toss.test/.MiniAppSchemeActivity for user 0: +24s170ms
02-19 23:09:30.916   752   795 W Looper  : Drained
02-19 23:09:30.930   752   797 W IPCThreadState: Sending oneway calls to frozen process.
02-19 23:09:30.935   752   797 W IPCThreadState: Sending oneway calls to frozen process.
02-19 23:09:30.937   752   797 W IPCThreadState: Sending oneway calls to frozen process.
02-19 23:09:30.937   752   797 W IPCThreadState: Sending oneway calls to frozen process.
02-19 23:09:30.938   752   797 W IPCThreadState: Sending oneway calls to frozen process.
02-19 23:09:30.939   752   797 W IPCThreadState: Sending oneway calls to frozen process.
02-19 23:09:30.939   752   797 W IPCThreadState: Sending oneway calls to frozen process.
02-19 23:09:30.940   752   797 W IPCThreadState: Sending oneway calls to frozen process.
02-19 23:09:30.941   752   797 W IPCThreadState: Sending oneway calls to frozen process.
02-19 23:09:30.942   752   797 W IPCThreadState: Sending oneway calls to frozen process.
02-19 23:09:30.943   752   797 W IPCThreadState: Sending oneway calls to frozen process.
02-19 23:09:30.944   752   797 W IPCThreadState: Sending oneway calls to frozen process.
02-19 23:09:30.945   752   797 W IPCThreadState: Sending oneway calls to frozen process.
02-19 23:09:30.946   752   797 W IPCThreadState: Sending oneway calls to frozen process.
02-19 23:09:30.947   752   797 W IPCThreadState: Sending oneway calls to frozen process.
02-19 23:09:30.996 14806 14810 W blica.toss.test: Suspending all threads took: 9.690ms
02-19 23:09:31.087 19301 20014 I FontLog : (REDACTED) Received query %s, URI %s
02-19 23:09:31.089 19301 20014 I FontLog : (REDACTED) Query [%s] resolved to %s
02-19 23:09:31.095 19301 20014 I FontLog : (REDACTED) Fetch %s end status %s
02-19 23:09:31.106 19301 20014 I FontLog : (REDACTED) Pulling font file for id = %d, cache size = %d
02-19 23:09:31.124 14806 14810 I blica.toss.test: Background concurrent mark compact GC freed 3332KB AllocSpace bytes, 6(120KB) LOS objects, 49% free, 11MB/23MB, paused 15.422ms,9.735ms total 259.991ms
02-19 23:09:31.134 19301 20014 I FontLog : (REDACTED) Pulling font file for id = %d, cache size = %d
02-19 23:09:31.160   752   795 W Looper  : Slow dispatch took 122ms android.ui app=system_server main=false group=TOP_APP h=android.view.Choreographer$FrameHandler c=android.view.Choreographer$FrameDisplayEventReceiver@871751d m=0
02-19 23:09:31.227   752  1984 V GrammaticalInflectionUtils: AttributionSource: android.content.AttributionSource@56784557 does not have READ_SYSTEM_GRAMMATICAL_GENDER permission.
02-19 23:09:31.228   752  1984 W OptProp : Cannot read opt property android.window.PROPERTY_COMPAT_ALLOW_USER_ASPECT_RATIO_OVERRIDE
02-19 23:09:31.228   752  1984 W OptProp : Cannot read opt property android.window.PROPERTY_COMPAT_ALLOW_USER_ASPECT_RATIO_FULLSCREEN_OVERRIDE
02-19 23:09:31.236   752  1984 W OptProp : Cannot read opt property android.window.PROPERTY_COMPAT_ALLOW_RESIZEABLE_ACTIVITY_OVERRIDES
02-19 23:09:31.237   752  1984 W OptProp : Cannot read opt property android.window.PROPERTY_COMPAT_ALLOW_MIN_ASPECT_RATIO_OVERRIDE
02-19 23:09:31.243   752  1984 W OptProp : Cannot read opt property android.window.PROPERTY_COMPAT_ALLOW_ORIENTATION_OVERRIDE
02-19 23:09:31.264   752  1984 I ActivityTaskManager: START u0 {act=android.intent.action.VIEW dat=intoss://takealook/... xflg=0x4 cmp=viva.republica.toss.test/im.toss.rn.granite.core.GraniteActivity (has extras)} with LAUNCH_MULTIPLE from uid 10217 (sr=15846575) (BAL_ALLOW_VISIBLE_WINDOW) result code=0
02-19 23:09:31.285  4449  4467 V WindowManagerShell: Transition requested (#1296): android.os.BinderProxy@a17f99 TransitionRequestInfo { type = OPEN, triggerTask = TaskInfo{userId=0 taskId=243 effectiveUid=10217 displayId=0 isRunning=true baseIntent=Intent { act=android.intent.action.VIEW dat=intoss://takealook/... flg=0x10000000 pkg=viva.republica.toss.test cmp=viva.republica.toss.test/.MiniAppSchemeActivity } baseActivity=ComponentInfo{viva.republica.toss.test/viva.republica.toss.test.MiniAppSchemeActivity} topActivity=ComponentInfo{viva.republica.toss.test/im.toss.rn.granite.core.GraniteActivity} origActivity=null realActivity=ComponentInfo{viva.republica.toss.test/viva.republica.toss.test.MiniAppSchemeActivity} numActivities=2 lastActiveTime=121645099 supportsMultiWindow=true resizeMode=1 isResizeable=true minWidth=-1 minHeight=-1 defaultMinSize=220 token=WCT{android.window.IWindowContainerToken$Stub$Proxy@2fa225e} topActivityType=1 pictureInPictureParams=null shouldDockBigOverlays=false launchIntoPipHostTaskId=-1 lastParentTaskIdBeforePip=-1 displayCutoutSafeInsets=Rect(0, 0 - 0, 0) topActivityInfo=ActivityInfo{dad763f im.toss.rn.granite.core.GraniteActivity} launchCookies=[] positionInParent=Point(0, 0) parentTaskId=-1 isFocused=true isVisible=true isVisibleRequested=true isTopActivityNoDisplay=false isSleeping=false locusId=null displayAreaFeatureId=1 isTopActivityTransparent=false isActivityStackTransparent=false lastNonFullscreenBounds=Rect(284, 660 - 796, 1740) capturedLink=null capturedLinkTimestamp=0 requestedVisibleTypes=-9 topActivityRequestOpenInBrowserEducationTimestamp=0 appCompatTaskInfo=AppCompatTaskInfo { topActivityInSizeCompat=false eligibleForLetterboxEducation= false isLetterboxEducationEnabled= true isLetterboxDoubleTapEnabled= false eligibleForUserAspectRatioButton= false topActivityBoundsLetterboxed= false isFromLetterboxDoubleTap= false topActivityLetterboxVerticalPosition= -1 topActivityLetterboxHorizontalPosition= -1 topActivityLetterboxWidth=-1 topActivityLetterboxHeight=-1 topActivityAppBounds=Rect(0, 0 - 1080, 2400) isUserFullscreenOverrideEnabled=false isSystemFullscreenOverrideEnabled=false hasMinAspectRatioOverride=false topActivityLetterboxBounds=null cameraCompatTaskInfo=CameraCompatTaskInfo { freeformCameraCompatMode=inactive}} topActivityMainWindowFrame=null}, pipChange = null, remoteTransition = null, displayChange = null, flags = 0, debugId = 1296 }
02-19 23:09:31.286  4449  4467 D ShellSplitScreen: logExit: no-op, mLoggerSessionId is null
02-19 23:09:31.290   531   603 I BpBinder: onLastStrongRef automatically unlinking death recipients: 
02-19 23:09:31.306   752   779 W OptProp : Cannot read opt property android.window.PROPERTY_COMPAT_ENABLE_FAKE_FOCUS
02-19 23:09:31.324   531   531 I BpBinder: onLastStrongRef automatically unlinking death recipients: 
02-19 23:09:31.332   752  1095 D BackgroundInstallControlService: Package event received: 0
02-19 23:09:31.377 14806 14806 I blica.toss.test: AssetManager2(0x7d8fac432db8) locale list changing from [] to [en-US]
02-19 23:09:31.396   752  1095 D BackgroundInstallControlService: Package event received: 0
02-19 23:09:31.405   752  1095 D BackgroundInstallControlService: Package event received: 0
02-19 23:09:31.615 14806 14806 V SoLoader: Init System Loader delegate
02-19 23:09:31.812 14806 14937 W unknown:ReconnectingWebSocket: Couldn't connect to "ws://10.0.2.2:8081/message?device=sdk_gphone64_x86_64%20-%2016%20-%20API%2036&app=viva.republica.toss.test&clientid=BridgeDevSupportManager", will silently retry
02-19 23:09:31.828 14806 14938 W unknown:InspectorPackagerConnection: Couldn't connect to packager, will silently retry
02-19 23:09:32.109   752  1116 D CoreBackPreview: Window{118670d u0 viva.republica.toss.test/im.toss.rn.granite.core.GraniteActivity}: Setting back callback OnBackInvokedCallbackInfo{mCallback=android.window.IOnBackInvokedCallback$Stub$Proxy@40cc32f, mPriority=0, mIsAnimationCallback=false, mOverrideBehavior=0}
02-19 23:09:32.112 14806 14806 W unknown:ReactRootView: Unable to update root layout specs for uninitialized ReactInstanceManager
02-19 23:09:32.246  4449 21898 V WindowManagerShell: onTransitionReady(transaction=3229815443468)
02-19 23:09:32.247  4449  4467 V WindowManagerShell: onTransitionReady (#1296) android.os.BinderProxy@a17f99: {id=1296 t=OPEN f=0x0 trk=0 r=[0@Point(0, 0)] c=[
02-19 23:09:32.247  4449  4467 V WindowManagerShell:         {m=OPEN f=FILLS_TASK leash=Surface(name=ActivityRecord{244991203 u0 viva.republica.toss.test/im.toss.rn.granite.core.GraniteActivity)/@0x9cbb0c sb=Rect(0, 0 - 0, 0) eb=Rect(0, 0 - 1080, 2400) epz=Point(1080, 2400) d=-1->0 r=-1->0:-1 bc=ffffffff component=viva.republica.toss.test/im.toss.rn.granite.core.GraniteActivity},
02-19 23:09:32.247  4449  4467 V WindowManagerShell:         {m=CLOSE f=TRANSLUCENT|FILLS_TASK leash=Surface(name=ActivityRecord{15846575 u0 viva.republica.toss.test/.MiniAppSchemeActivity)/@0xb017c55 sb=Rect(0, 0 - 1080, 2400) eb=Rect(0, 0 - 1080, 2400) epz=Point(1080, 2400) d=0 bc=ffffffff component=viva.republica.toss.test/.MiniAppSchemeActivity},
02-19 23:09:32.247  4449  4467 V WindowManagerShell:         {m=TO_BACK f=SHOW_WALLPAPER leash=Surface(name=Task=1)/@0x242066a sb=Rect(0, 0 - 1080, 2400) eb=Rect(0, 0 - 1080, 2400) epz=Point(1080, 2400) d=0 taskParent=-1},
02-19 23:09:32.247  4449  4467 V WindowManagerShell:         {m=TO_BACK f=IS_WALLPAPER leash=Surface(name=WallpaperWindowToken{35e0c0f showWhenLocked=false})/@0x40d375b sb=Rect(0, 0 - 1080, 2400) eb=Rect(0, 0 - 1080, 2400) epz=Point(1080, 2400) d=0}
02-19 23:09:32.247  4449  4467 V WindowManagerShell:     ]}
02-19 23:09:32.249  4449  4467 V WindowManagerShell: Playing animation for (#1296) android.os.BinderProxy@a17f99@0
02-19 23:09:32.250  4449  4467 V ShellRecents: RecentsTransitionHandler.startAnimation: no controller found
02-19 23:09:32.252  4449  4467 V WindowManagerShell: Transition doesn't have explicit remote, search filters for match for {id=1296 t=OPEN f=0x0 trk=0 r=[0@Point(0, 0)] c=[{m=OPEN f=FILLS_TASK leash=Surface(name=ActivityRecord{244991203 u0 viva.republica.toss.test/im.toss.rn.granite.core.GraniteActivity)/@0x9cbb0c sb=Rect(0, 0 - 0, 0) eb=Rect(0, 0 - 1080, 2400) epz=Point(1080, 2400) d=-1->0 r=-1->0:-1 bc=ffffffff component=viva.republica.toss.test/im.toss.rn.granite.core.GraniteActivity},{m=CLOSE f=TRANSLUCENT|FILLS_TASK leash=Surface(name=ActivityRecord{15846575 u0 viva.republica.toss.test/.MiniAppSchemeActivity)/@0xb017c55 sb=Rect(0, 0 - 1080, 2400) eb=Rect(0, 0 - 1080, 2400) epz=Point(1080, 2400) d=0 bc=ffffffff component=viva.republica.toss.test/.MiniAppSchemeActivity},{m=TO_BACK f=SHOW_WALLPAPER leash=Surface(name=Task=1)/@0x242066a sb=Rect(0, 0 - 1080, 2400) eb=Rect(0, 0 - 1080, 2400) epz=Point(1080, 2400) d=0 taskParent=-1},{m=TO_BACK f=IS_WALLPAPER leash=Surface(name=WallpaperWindowToken{35e0c0f showWhenLocked=false})/@0x40d375b sb=Rect(0, 0 - 1080, 2400) eb=Rect(0, 0 - 1080, 2400) epz=Point(1080, 2400) d=0}]}
02-19 23:09:32.252  4449  4467 V WindowManagerShell:  Checking filter Pair{{types=[] flags=0x0] notFlags=0x0 checks=[{atype=undefined independent=true modes=[CLOSE,TO_BACK] flags=IN_TASK_WITH_EMBEDDED_ACTIVITY mustBeTask=false order=ANY topActivity=null launchCookie=null taskFragmentToken=android.os.BinderProxy@71546f0 windowingMode=undefined}]} RemoteTransition { remoteTransition = android.window.IRemoteTransition$Stub$Proxy@d4c8469, appThread = android.app.IApplicationThread$Stub$Proxy@c228eee, debugName = overlayBackTransition }}
02-19 23:09:32.254  4449  4467 V WindowManagerShell:  Checking filter Pair{{types=[] flags=0x0] notFlags=0x0 checks=[{atype=dream independent=true modes=[OPEN,TO_FRONT] flags=NONE mustBeTask=false order=ANY topActivity=null launchCookie=null windowingMode=undefined},{atype=home independent=true modes=[CLOSE,TO_BACK] flags=NONE mustBeTask=false order=ANY topActivity=null launchCookie=null windowingMode=undefined}]} RemoteTransition { remoteTransition = android.window.IRemoteTransition$Stub$Proxy@c578f8f, appThread = android.app.IApplicationThread$Stub$Proxy@69fe21c, debugName = LauncherToDream }}
02-19 23:09:32.255  4449  4467 V WindowManagerShell:  Checking filter Pair{{types=[] flags=0x0] notFlags=0x100 checks=[{atype=home independent=true modes=[OPEN,TO_FRONT] flags=NONE mustBeTask=false order=TOP topActivity=ComponentInfo{com.google.android.apps.nexuslauncher/com.google.android.apps.nexuslauncher.NexusLauncherActivity} launchCookie=null windowingMode=undefined},{atype=standard independent=true modes=[CLOSE,TO_BACK] flags=NONE mustBeTask=false order=ANY topActivity=null launchCookie=null windowingMode=undefined},{NOT atype=undefined independent=true modes=[] flags=NONE mustBeTask=true order=ANY topActivity=null launchCookie=null customAnim=true windowingMode=undefined}]} RemoteTransition { remoteTransition = android.window.IRemoteTransition$Stub$Proxy@69ffe25, appThread = android.app.IApplicationThread$Stub$Proxy@72cabfa, debugName = QuickstepLaunchHome }}
02-19 23:09:32.255  4449  4467 V WindowManagerShell:  Checking filter Pair{{types=[] flags=0x0] notFlags=0x0 checks=[{atype=undefined independent=true modes=[CLOSE,TO_BACK] flags=IN_TASK_WITH_EMBEDDED_ACTIVITY mustBeTask=false order=ANY topActivity=null launchCookie=null taskFragmentToken=android.os.BinderProxy@71546f0 windowingMode=undefined}]} RemoteTransition { remoteTransition = android.window.IRemoteTransition$Stub$Proxy@7c795ab, appThread = android.app.IApplicationThread$Stub$Proxy@cd70408, debugName = overlayBackTransition }}
02-19 23:09:32.256  4449  4467 V WindowManagerShell:  Checking filter Pair{{types=[] flags=0x0] notFlags=0x0 checks=[{atype=dream independent=true modes=[OPEN,TO_FRONT] flags=NONE mustBeTask=false order=ANY topActivity=null launchCookie=null windowingMode=undefined},{atype=home independent=true modes=[CLOSE,TO_BACK] flags=NONE mustBeTask=false order=ANY topActivity=null launchCookie=null windowingMode=undefined}]} RemoteTransition { remoteTransition = android.window.IRemoteTransition$Stub$Proxy@f757a1, appThread = android.app.IApplicationThread$Stub$Proxy@d898dc6, debugName = LauncherToDream }}
02-19 23:09:32.257  4449  4467 V WindowManagerShell:  Checking filter Pair{{types=[] flags=0x0] notFlags=0x100 checks=[{atype=home independent=true modes=[OPEN,TO_FRONT] flags=NONE mustBeTask=false order=TOP topActivity=ComponentInfo{com.google.android.apps.nexuslauncher/com.google.android.apps.nexuslauncher.NexusLauncherActivity} launchCookie=null windowingMode=undefined},{atype=standard independent=true modes=[CLOSE,TO_BACK] flags=NONE mustBeTask=false order=ANY topActivity=null launchCookie=null windowingMode=undefined},{NOT atype=undefined independent=true modes=[] flags=NONE mustBeTask=true order=ANY topActivity=null launchCookie=null customAnim=true windowingMode=undefined}]} RemoteTransition { remoteTransition = android.window.IRemoteTransition$Stub$Proxy@9e7e187, appThread = android.app.IApplicationThread$Stub$Proxy@3dc58b4, debugName = QuickstepLaunchHome }}
02-19 23:09:32.259  4449  4467 V WindowManagerShell:  Delegate animation for (#1296) to null
02-19 23:09:32.260  4449  4467 V WindowManagerShell: start default transition animation, info = {id=1296 t=OPEN f=0x0 trk=0 r=[0@Point(0, 0)] c=[{m=OPEN f=FILLS_TASK leash=Surface(name=ActivityRecord{244991203 u0 viva.republica.toss.test/im.toss.rn.granite.core.GraniteActivity)/@0x9cbb0c sb=Rect(0, 0 - 0, 0) eb=Rect(0, 0 - 1080, 2400) epz=Point(1080, 2400) d=-1->0 r=-1->0:-1 bc=ffffffff component=viva.republica.toss.test/im.toss.rn.granite.core.GraniteActivity},{m=CLOSE f=TRANSLUCENT|FILLS_TASK leash=Surface(name=ActivityRecord{15846575 u0 viva.republica.toss.test/.MiniAppSchemeActivity)/@0xb017c55 sb=Rect(0, 0 - 1080, 2400) eb=Rect(0, 0 - 1080, 2400) epz=Point(1080, 2400) d=0 bc=ffffffff component=viva.republica.toss.test/.MiniAppSchemeActivity},{m=TO_BACK f=SHOW_WALLPAPER leash=Surface(name=Task=1)/@0x242066a sb=Rect(0, 0 - 1080, 2400) eb=Rect(0, 0 - 1080, 2400) epz=Point(1080, 2400) d=0 taskParent=-1},{m=TO_BACK f=IS_WALLPAPER leash=Surface(name=WallpaperWindowToken{35e0c0f showWhenLocked=false})/@0x40d375b sb=Rect(0, 0 - 1080, 2400) eb=Rect(0, 0 - 1080, 2400) epz=Point(1080, 2400) d=0}]}
02-19 23:09:32.266  4449  4467 V WindowManagerShell: loadAnimation: anim=android.view.animation.AnimationSet@721f36 animAttr=0x13 type=OPEN isEntrance=false
02-19 23:09:32.267  4449  4467 V WindowManagerShell: loadAnimation: anim=android.view.animation.AnimationSet@fddee37 animAttr=0x13 type=OPEN isEntrance=false
02-19 23:09:32.280  4449  4467 V WindowManagerShell: loadAnimation: anim=android.view.animation.AnimationSet@49936d3 animAttr=0x12 type=OPEN isEntrance=true
02-19 23:09:32.288  4449  4467 V WindowManagerShell:  animated by com.android.wm.shell.transition.DefaultTransitionHandler@f74d823
02-19 23:09:32.300   752   794 I ActivityTaskManager: Displayed viva.republica.toss.test/im.toss.rn.granite.core.GraniteActivity for user 0: +1s1ms
02-19 23:09:32.301   752   794 V WindowManager: Sent Transition (#1296) createdAt=02-19 23:09:31.238 via request=TransitionRequestInfo { type = OPEN, triggerTask = TaskInfo{userId=0 taskId=243 effectiveUid=10217 displayId=0 isRunning=true baseIntent=Intent { act=android.intent.action.VIEW dat=intoss://takealook/... flg=0x10000000 pkg=viva.republica.toss.test cmp=viva.republica.toss.test/.MiniAppSchemeActivity } baseActivity=ComponentInfo{viva.republica.toss.test/viva.republica.toss.test.MiniAppSchemeActivity} topActivity=ComponentInfo{viva.republica.toss.test/im.toss.rn.granite.core.GraniteActivity} origActivity=null realActivity=ComponentInfo{viva.republica.toss.test/viva.republica.toss.test.MiniAppSchemeActivity} numActivities=2 lastActiveTime=121645099 supportsMultiWindow=true resizeMode=1 isResizeable=true minWidth=-1 minHeight=-1 defaultMinSize=220 token=WCT{RemoteToken{63ccbf2 Task{1aba8bc #243 type=standard A=10217:viva.republica.toss.test}}} topActivityType=1 pictureInPictureParams=null shouldDockBigOverlays=false launchIntoPipHostTaskId=-1 lastParentTaskIdBeforePip=-1 displayCutoutSafeInsets=Rect(0, 0 - 0, 0) topActivityInfo=ActivityInfo{52c634b im.toss.rn.granite.core.GraniteActivity} launchCookies=[] positionInParent=Point(0, 0) parentTaskId=-1 isFocused=true isVisible=true isVisibleRequested=true isTopActivityNoDisplay=false isSleeping=false locusId=null displayAreaFeatureId=1 isTopActivityTransparent=false isActivityStackTransparent=false lastNonFullscreenBounds=Rect(284, 660 - 796, 1740) capturedLink=null capturedLinkTimestamp=0 requestedVisibleTypes=-9 topActivityRequestOpenInBrowserEducationTimestamp=0 appCompatTaskInfo=AppCompatTaskInfo { topActivityInSizeCompat=false eligibleForLetterboxEducation= false isLetterboxEducationEnabled= true isLetterboxDoubleTapEnabled= false eligibleForUserAspectRatioButton= false topActivityBoundsLetterboxed= false isFromLetterboxDoubleTap= false topActivityLetterboxVerticalPosition= -1 topActivityLetterboxHorizontalPosition= -1 topActivityLetterboxWidth=-1 topActivityLetterboxHeight=-1 topActivityAppBounds=Rect(0, 0 - 1080, 2400) isUserFullscreenOverrideEnabled=false isSystemFullscreenOverrideEnabled=false hasMinAspectRatioOverride=false topActivityLetterboxBounds=null cameraCompatTaskInfo=CameraCompatTaskInfo { freeformCameraCompatMode=inactive}} topActivityMainWindowFrame=null}, pipChange = null, remoteTransition = null, displayChange = null, flags = 0, debugId = 1296 }
02-19 23:09:32.302   752   794 V WindowManager:     startWCT=WindowContainerTransaction { changes= {} hops= [] errorCallbackToken=null taskFragmentOrganizer=null }
02-19 23:09:32.302   752   794 V WindowManager:     info={id=1296 t=OPEN f=0x0 trk=0 r=[0@Point(0, 0)] c=[
02-19 23:09:32.302   752   794 V WindowManager:         {m=OPEN f=FILLS_TASK leash=Surface(name=ActivityRecord{244991203 u0 viva.republica.toss.test/im.toss.rn.granite.core.GraniteActivity)/@0xc406ac5 sb=Rect(0, 0 - 0, 0) eb=Rect(0, 0 - 1080, 2400) epz=Point(1080, 2400) d=-1->0 r=-1->0:-1 bc=ffffffff component=viva.republica.toss.test/im.toss.rn.granite.core.GraniteActivity},
02-19 23:09:32.302   752   794 V WindowManager:         {m=CLOSE f=TRANSLUCENT|FILLS_TASK leash=Surface(name=ActivityRecord{15846575 u0 viva.republica.toss.test/.MiniAppSchemeActivity)/@0x2419d3c sb=Rect(0, 0 - 1080, 2400) eb=Rect(0, 0 - 1080, 2400) epz=Point(1080, 2400) d=0 bc=ffffffff component=viva.republica.toss.test/.MiniAppSchemeActivity},
02-19 23:09:32.302   752   794 V WindowManager:         {WCT{RemoteToken{5218fe8 Task{dd43522 #1 type=home}}} m=TO_BACK f=SHOW_WALLPAPER leash=Surface(name=Task=1)/@0x8ddbd2e sb=Rect(0, 0 - 1080, 2400) eb=Rect(0, 0 - 1080, 2400) epz=Point(1080, 2400) d=0 taskParent=-1},
02-19 23:09:32.302   752   794 V WindowManager:         {m=TO_BACK f=IS_WALLPAPER leash=Surface(name=WallpaperWindowToken{35e0c0f showWhenLocked=false})/@0x512f5be sb=Rect(0, 0 - 1080, 2400) eb=Rect(0, 0 - 1080, 2400) epz=Point(1080, 2400) d=0}
02-19 23:09:32.302   752   794 V WindowManager:     ]}
02-19 23:09:32.340 14806 14806 I Choreographer: Skipped 31 frames!  The application may be doing too much work on its main thread.
02-19 23:09:32.373 14806 14806 E unknown:ReactRootView: Unhandled SoftException
02-19 23:09:32.373 14806 14806 E unknown:ReactRootView: com.facebook.react.uimanager.IllegalViewOperationException: Trying to attach a ReactRootView with an explicit id already set to [2131362676]. React Native uses the id field to track react tags and will overwrite this field. If that is fine, explicitly overwrite the id field to View.NO_ID.
02-19 23:09:32.373 14806 14806 E unknown:ReactRootView: 	at com.facebook.react.ReactRootView.attachToReactInstanceManager(:799)
02-19 23:09:32.373 14806 14806 E unknown:ReactRootView: 	at com.facebook.react.ReactRootView.startReactApplication(:509)
02-19 23:09:32.373 14806 14806 E unknown:ReactRootView: 	at com.facebook.react.ReactRootView.startReactApplication(:469)
02-19 23:09:32.373 14806 14806 E unknown:ReactRootView: 	at im.toss.rn.granite.core.GraniteActivity.write(:486)
02-19 23:09:32.373 14806 14806 E unknown:ReactRootView: 	at im.toss.rn.granite.core.GraniteActivity.RemoteActionCompatParcelizer(:124)
02-19 23:09:32.373 14806 14806 E unknown:ReactRootView: 	at im.toss.rn.granite.core.GraniteActivity$RemoteActionCompatParcelizer.IconCompatParcelizer(:65353)
02-19 23:09:32.373 14806 14806 E unknown:ReactRootView: 	at o.sh.a_(:33)
02-19 23:09:32.373 14806 14806 E unknown:ReactRootView: 	at o.xP.run(:100)
02-19 23:09:32.373 14806 14806 E unknown:ReactRootView: 	at android.os.Handler.handleCallback(Handler.java:995)
02-19 23:09:32.373 14806 14806 E unknown:ReactRootView: 	at android.os.Handler.dispatchMessage(Handler.java:103)
02-19 23:09:32.373 14806 14806 E unknown:ReactRootView: 	at android.os.Looper.loopOnce(Looper.java:248)
02-19 23:09:32.373 14806 14806 E unknown:ReactRootView: 	at android.os.Looper.loop(Looper.java:338)
02-19 23:09:32.373 14806 14806 E unknown:ReactRootView: 	at android.app.ActivityThread.main(ActivityThread.java:9067)
02-19 23:09:32.373 14806 14806 E unknown:ReactRootView: 	at java.lang.reflect.Method.invoke(Native Method)
02-19 23:09:32.373 14806 14806 E unknown:ReactRootView: 	at com.android.internal.os.RuntimeInit$MethodAndArgsCaller.run(RuntimeInit.java:593)
02-19 23:09:32.373 14806 14806 E unknown:ReactRootView: 	at com.android.internal.os.ZygoteInit.main(ZygoteInit.java:932)
02-19 23:09:32.422 14806 14806 D CompatChangeReporter: Compat change id reported: 270674727; UID 10217; state: ENABLED
02-19 23:09:32.435 14806 14806 D CompatChangeReporter: Compat change id reported: 63938206; UID 10217; state: ENABLED
02-19 23:09:32.541   752  1984 D CoreBackPreview: Window{15be927 u0 PopupWindow:af30892}: Setting back callback OnBackInvokedCallbackInfo{mCallback=android.window.IOnBackInvokedCallback$Stub$Proxy@57e2d7d, mPriority=0, mIsAnimationCallback=false, mOverrideBehavior=0}
02-19 23:09:32.687  4449  4467 V WindowManagerShell: Transition animation finished (aborted=false), notifying core (#1296) android.os.BinderProxy@a17f99@0
02-19 23:09:32.718 19166 19166 D VRI[NexusLauncherActivity]: visibilityChanged oldVisibility=true newVisibility=false
02-19 23:09:32.748 19166 19166 D NexusLauncherModelDelegate: notifySmartspaceEvent: SmartspaceTargetEvent{mSmartspaceTarget=null, mSmartspaceActionId='null', mEventType=7}
02-19 23:09:32.727   752   794 V WindowManager: Finish Transition (#1296): created at 02-19 23:09:31.238 collect-started=0.424ms request-sent=21.576ms started=56.868ms ready=122.612ms sent=1000.05ms commit=82.211ms finished=1453.427ms
02-19 23:09:32.757  4449  4467 V WindowManagerShell: Track 0 became idle
02-19 23:09:32.758  4449  4467 V WindowManagerShell: All active transition animations finished
02-19 23:09:32.782 19166 19166 D BaseDepthController: setSurface:
02-19 23:09:32.782 19166 19166 D BaseDepthController: 	mWaitingOnSurfaceValidity: false
02-19 23:09:32.782 19166 19166 D BaseDepthController: 	mBaseSurface: null
02-19 23:09:32.783 19166 19166 D BaseDepthController: mSurface is null and mCurrentBlur is: 0
02-19 23:09:32.784 19166 19166 D StateManager: goToState - fromState: Normal, toState: Normal, partial trace:
02-19 23:09:32.784 19166 19166 D StateManager: 	at com.android.launcher3.statemanager.StateManager.moveToRestState(go/retraceme 72a59688580715d19f0e415c69e80376c2f062d1648c80db6730905005a27c20:4)
02-19 23:09:32.784 19166 19166 D StateManager: 	at com.android.launcher3.statemanager.StateManager.moveToRestState(go/retraceme 72a59688580715d19f0e415c69e80376c2f062d1648c80db6730905005a27c20:1)
02-19 23:09:32.784 19166 19166 D StateManager: 	at com.android.launcher3.statemanager.StatefulActivity.onStop(go/retraceme 72a59688580715d19f0e415c69e80376c2f062d1648c80db6730905005a27c20:34)
02-19 23:09:32.785 19166 19166 D StatsLog: LAUNCHER_ONSTOP
02-19 23:09:32.789 19166 19166 D StatsLog: LAUNCHER_GOOGLE_SEARCH_RESTORE_LIST_SIZE_AFTER_ACTIVITY_RESTART
02-19 23:09:32.920   752  1095 D BackgroundInstallControlService: Package event received: 0
02-19 23:09:32.943 14806 14806 D VRI[MiniAppSchemeActivity]: visibilityChanged oldVisibility=true newVisibility=false
02-19 23:09:32.958 14806 14806 W WindowOnBackDispatcher: sendCancelIfRunning: isInProgress=false callback=android.view.ViewRootImpl$$ExternalSyntheticLambda13@8f8d9c1
02-19 23:09:32.959 14806 14806 D ViewRootImpl: Skipping stats log for color mode
02-19 23:09:33.007 19166 19172 W System  : A resource failed to call release. 
02-19 23:09:33.007 19166 19172 W System  : A resource failed to call release. 
02-19 23:09:33.007 19166 19172 W System  : A resource failed to call release. 
02-19 23:09:33.015   752  1984 D CoreBackPreview: Window{ed411fa u0 viva.republica.toss.test/viva.republica.toss.test.MiniAppSchemeActivity}: Setting back callback null
02-19 23:09:33.065   752  1095 D BackgroundInstallControlService: Package event received: 0
02-19 23:09:33.450 14944 14944 W dumpsys : Thread Pool max thread count is 0. Cannot cache binder as linkToDeath cannot be implemented. serviceName: window
02-19 23:09:34.784   752  1856 E TaskPersister: File error accessing recents directory (directory doesn't exist?).
02-19 23:09:34.895 14949 14949 W screencap: Thread Pool max thread count is 0. Cannot cache binder as linkToDeath cannot be implemented. serviceName: SurfaceFlingerAIDL
02-19 23:09:34.896 14949 14949 W BpBinder: Linking to death on android.gui.ISurfaceComposer but there are no threads (yet?) listening to incoming transactions. See ProcessState::startThreadPool and ProcessState::setThreadPoolMaxThreadCount. Generally you should setup the binder threadpool before other initialization steps.
02-19 23:09:34.897 14949 14949 W ProcessState: Extra binder thread started, but 0 threads requested. Do not use *startThreadPool when zero threads are requested.
02-19 23:09:34.904   531   603 E HwcComposer: getLuts failed Status(-8, EX_SERVICE_SPECIFIC): '8: '
02-19 23:09:34.905   531   603 E HWComposer: getLuts: getLuts failed for display 4619827259835644672: UNSUPPORTED (8)
02-19 23:09:35.540 14806 14806 W WindowOnBackDispatcher: sendCancelIfRunning: isInProgress=false callback=android.view.ViewRootImpl$$ExternalSyntheticLambda13@e6e6f19
02-19 23:09:35.541   752  1984 D CoreBackPreview: Window{15be927 u0 PopupWindow:af30892}: Setting back callback null
02-19 23:09:35.560 14806 14952 D nativeloader: Load /data/app/~~NUQj-rdXzuicW-16SIRtKA==/viva.republica.toss.test-Si406wFvb_sqEA2GTBV6RQ==/lib/x86_64/libc++_shared.so using class loader ns clns-9 (caller=<unknown>): ok
02-19 23:09:35.574 14806 14952 D nativeloader: Load /data/app/~~NUQj-rdXzuicW-16SIRtKA==/viva.republica.toss.test-Si406wFvb_sqEA2GTBV6RQ==/lib/x86_64/libglog.so using class loader ns clns-9 (caller=<unknown>): ok
02-19 23:09:35.660 14806 14952 D nativeloader: Load /data/app/~~NUQj-rdXzuicW-16SIRtKA==/viva.republica.toss.test-Si406wFvb_sqEA2GTBV6RQ==/lib/x86_64/libfolly_runtime.so using class loader ns clns-9 (caller=<unknown>): ok
02-19 23:09:35.693 14806 14952 D nativeloader: Load /data/app/~~NUQj-rdXzuicW-16SIRtKA==/viva.republica.toss.test-Si406wFvb_sqEA2GTBV6RQ==/lib/x86_64/libfbjni.so using class loader ns clns-9 (caller=<unknown>): ok
02-19 23:09:35.711 14806 14952 D nativeloader: Load /data/app/~~NUQj-rdXzuicW-16SIRtKA==/viva.republica.toss.test-Si406wFvb_sqEA2GTBV6RQ==/lib/x86_64/libjsi.so using class loader ns clns-9 (caller=<unknown>): ok
02-19 23:09:35.731 14806 14952 D nativeloader: Load /data/app/~~NUQj-rdXzuicW-16SIRtKA==/viva.republica.toss.test-Si406wFvb_sqEA2GTBV6RQ==/lib/x86_64/libhermes.so using class loader ns clns-9 (caller=<unknown>): ok
02-19 23:09:35.763 14806 14952 D nativeloader: Load /data/app/~~NUQj-rdXzuicW-16SIRtKA==/viva.republica.toss.test-Si406wFvb_sqEA2GTBV6RQ==/lib/x86_64/libfb.so using class loader ns clns-9 (caller=<unknown>): ok
02-19 23:09:35.771 14806 14952 D nativeloader: Load /data/app/~~NUQj-rdXzuicW-16SIRtKA==/viva.republica.toss.test-Si406wFvb_sqEA2GTBV6RQ==/lib/x86_64/libyoga.so using class loader ns clns-9 (caller=<unknown>): ok
