02-19 14:12:45.144   752   797 W ProcessStats: Tracking association SourceState{1b917ca system/1000 BFgs #17285} whose proc state 4 is better than process ProcessState{42c4ef0 com.google.android.ext.services/10208 pkg=com.google.android.ext.services} proc state 14 (17 skipped)
02-19 14:12:45.236 20068 20068 D BoundBrokerSvc: onRebind: Intent { act=com.google.android.gms.time.trustedtime.service.START dat=chimera-action:/... xflg=0x4 cmp=com.google.android.gms/.chimera.PersistentApiService }
02-19 14:12:45.245  6277  6328 I RcsAvailabilityCache: Cached availability not found for simId: redacted-pii:sim_id[chars:20,last3:897]
02-19 14:12:45.278   617   617 W SplitSelectStateCtor: Missing session instanceIds
02-19 14:12:45.279   617   617 D StatsLog: LAUNCHER_SPLIT_SELECTION_EXIT_INTERRUPTED
02-19 14:12:45.285   617   617 D VRI[NexusLauncherActivity]: visibilityChanged oldVisibility=true newVisibility=false
02-19 14:12:45.285   617   617 D RecentsView: onRecentsAnimationComplete - mRecentsAnimationController: com.android.quickstep.RecentsAnimationController@bcda037, mSideTaskLaunchCallback: null
02-19 14:12:45.287  4449  4467 D WindowManagerShell: setLauncherKeepClearAreaHeight: visible=false, height=527
02-19 14:12:45.291   752  1095 D BackgroundInstallControlService: Package event received: 0
02-19 14:12:45.304   617   617 D RecentsView: updateTaskStackListenerState: false
02-19 14:12:45.305   617   617 D NexusLauncherModelDelegate: notifySmartspaceEvent: SmartspaceTargetEvent{mSmartspaceTarget=null, mSmartspaceActionId='null', mEventType=7}
02-19 14:12:45.336   617   617 D StateManager: goToState - fromState: Overview, toState: Normal, partial trace:
02-19 14:12:45.336   617   617 D StateManager: 	at com.android.launcher3.statemanager.StateManager.moveToRestState(go/retraceme 72a59688580715d19f0e415c69e80376c2f062d1648c80db6730905005a27c20:4)
02-19 14:12:45.336   617   617 D StateManager: 	at com.android.launcher3.statemanager.StateManager.moveToRestState(go/retraceme 72a59688580715d19f0e415c69e80376c2f062d1648c80db6730905005a27c20:1)
02-19 14:12:45.336   617   617 D StateManager: 	at com.android.quickstep.TaskViewUtils$9.lambda$onAnimationSuccess$0(go/retraceme 72a59688580715d19f0e415c69e80376c2f062d1648c80db6730905005a27c20:1)
02-19 14:12:45.336   617   617 D RecentsView: finishRecentsAnimation - mRecentsAnimationController: null
02-19 14:12:45.336   617   617 D RecentsView: cleanupRemoteTargets - mRemoteTargetHandles: null
02-19 14:12:45.339   617   617 D BaseDepthController: setSurface:
02-19 14:12:45.339   617   617 D BaseDepthController: 	mWaitingOnSurfaceValidity: false
02-19 14:12:45.339   617   617 D BaseDepthController: 	mBaseSurface: null
02-19 14:12:45.339   617   617 D BaseDepthController: mSurface is null and mCurrentBlur is: 23
02-19 14:12:45.341   617   617 D StateManager: goToState - fromState: Overview, toState: Normal, partial trace:
02-19 14:12:45.341   617   617 D StateManager: 	at com.android.launcher3.statemanager.StateManager.moveToRestState(go/retraceme 72a59688580715d19f0e415c69e80376c2f062d1648c80db6730905005a27c20:4)
02-19 14:12:45.341   617   617 D StateManager: 	at com.android.launcher3.statemanager.StateManager.moveToRestState(go/retraceme 72a59688580715d19f0e415c69e80376c2f062d1648c80db6730905005a27c20:1)
02-19 14:12:45.341   617   617 D StateManager: 	at com.android.launcher3.statemanager.StatefulActivity.onStop(go/retraceme 72a59688580715d19f0e415c69e80376c2f062d1648c80db6730905005a27c20:34)
02-19 14:12:45.343   752   989 I ImeTracker: viva.republica.toss.test:295d59d2: onRequestHide at ORIGIN_SERVER reason HIDE_SAME_WINDOW_FOCUSED_WITHOUT_EDITOR fromUser false
02-19 14:12:45.344   617   617 D StateManager: cancelAnimation - with ongoing animation, partial trace:
02-19 14:12:45.344   617   617 D StateManager: 	at com.android.launcher3.statemanager.StateManager.goToState(go/retraceme 72a59688580715d19f0e415c69e80376c2f062d1648c80db6730905005a27c20:18)
02-19 14:12:45.344   617   617 D StateManager: 	at com.android.launcher3.statemanager.StateManager.goToState(go/retraceme 72a59688580715d19f0e415c69e80376c2f062d1648c80db6730905005a27c20:3)
02-19 14:12:45.344   617   617 D StateManager: 	at com.android.launcher3.statemanager.StateManager.moveToRestState(go/retraceme 72a59688580715d19f0e415c69e80376c2f062d1648c80db6730905005a27c20:4)
02-19 14:12:45.344   617   617 D RecentsView: reset - mEnableDrawingLiveTile: true, mRecentsAnimationController: null
02-19 14:12:45.344   617   617 D StateManager: onStateTransitionStart - state: Normal
02-19 14:12:45.354  5621  5621 D InsetsController: hide(ime(), fromIme=false)
02-19 14:12:45.356  1563  1563 I GoogleInputMethodService: GoogleInputMethodService.onFinishInput():2043 
02-19 14:12:45.360   752  1095 D BackgroundInstallControlService: Package event received: 0
02-19 14:12:45.362  5621  5621 I ImeTracker: viva.republica.toss.test:295d59d2: onCancelled at PHASE_CLIENT_ALREADY_HIDDEN
02-19 14:12:45.363  1563  1563 I Module  : DeviceLockedStatusModuleProvider$Module.updateDeviceLockedStatus():100 repeatCheckTimes = 0, locked = false
02-19 14:12:45.364   617   617 D BaseDepthController: mSurface is null and mCurrentBlur is: 23
02-19 14:12:45.364  1563  1563 I GoogleInputMethodService: GoogleInputMethodService.onStartInput():1293 onStartInput(EditorInfo{EditorInfo{packageName=viva.republica.toss.test, inputType=0, inputTypeString=NULL, enableLearning=false, autoCorrection=false, autoComplete=false, imeOptions=0, privateImeOptions=null, actionName=UNSPECIFIED, actionLabel=null, initialSelStart=-1, initialSelEnd=-1, initialCapsMode=0, label=null, fieldId=0, fieldName=null, extras=null, hintText=null, hintLocales=[]}}, false)
02-19 14:12:45.365  1563  1563 I Module  : DeviceLockedStatusModuleProvider$Module.updateDeviceLockedStatus():100 repeatCheckTimes = 1, locked = false
02-19 14:12:45.366   617   617 D KeyboardInsetsHandler: setState, toState:Normal StateManager(mLastStableState:Normal, mCurrentStableState:Overview, mState:Normal, mRestState:Normal, isInTransition:false)
02-19 14:12:45.366  1563  1563 I EmojiCompatManager: EmojiCompatManager.getEmojiCompatIfLoaded():343 EmojiCompat.init() was never called.
02-19 14:12:45.366  1563  1563 I EmojiCompatManager: java.lang.IllegalStateException: EmojiCompat is not initialized. Please call EmojiCompat.init() first
02-19 14:12:45.366  1563  1563 I EmojiCompatManager: 	at asx.p(PG:6)
02-19 14:12:45.366  1563  1563 I EmojiCompatManager: 	at axb.b(PG:13)
02-19 14:12:45.366  1563  1563 I EmojiCompatManager: 	at jnr.b(PG:2)
02-19 14:12:45.366  1563  1563 I EmojiCompatManager: 	at jnr.c(PG:4)
02-19 14:12:45.366  1563  1563 I EmojiCompatManager: 	at jnr.f(PG:3)
02-19 14:12:45.366  1563  1563 I EmojiCompatManager: 	at jnx.c(PG:3)
02-19 14:12:45.366  1563  1563 I EmojiCompatManager: 	at kif.cz(PG:47)
02-19 14:12:45.366  1563  1563 I EmojiCompatManager: 	at lhl.run(PG:1025)
02-19 14:12:45.366  1563  1563 I EmojiCompatManager: 	at jaf.execute(PG:12)
02-19 14:12:45.366  1563  1563 I EmojiCompatManager: 	at nco.v(PG:13)
02-19 14:12:45.366  1563  1563 I EmojiCompatManager: 	at lhn.m(PG:96)
02-19 14:12:45.366  1563  1563 I EmojiCompatManager: 	at lhn.k(PG:25)
02-19 14:12:45.366  1563  1563 I EmojiCompatManager: 	at kgn.onStartInput(PG:250)
02-19 14:12:45.366  1563  1563 I EmojiCompatManager: 	at android.inputmethodservice.InputMethodService.doStartInput(InputMethodService.java:3521)
02-19 14:12:45.366  1563  1563 I EmojiCompatManager: 	at android.inputmethodservice.InputMethodService$InputMethodImpl.startInput(InputMethodService.java:879)
02-19 14:12:45.366  1563  1563 I EmojiCompatManager: 	at android.inputmethodservice.InputMethodService$InputMethodImpl.dispatchStartInput(InputMethodService.java:908)
02-19 14:12:45.366  1563  1563 I EmojiCompatManager: 	at android.inputmethodservice.IInputMethodWrapper.executeMessage(IInputMethodWrapper.java:201)
02-19 14:12:45.366  1563  1563 I EmojiCompatManager: 	at com.android.internal.os.HandlerCaller$MyHandler.handleMessage(HandlerCaller.java:44)
02-19 14:12:45.366  1563  1563 I EmojiCompatManager: 	at android.os.Handler.dispatchMessage(Handler.java:110)
02-19 14:12:45.366  1563  1563 I EmojiCompatManager: 	at android.os.Looper.loopOnce(Looper.java:248)
02-19 14:12:45.366  1563  1563 I EmojiCompatManager: 	at android.os.Looper.loop(Looper.java:338)
02-19 14:12:45.366  1563  1563 I EmojiCompatManager: 	at android.app.ActivityThread.main(ActivityThread.java:9067)
02-19 14:12:45.366  1563  1563 I EmojiCompatManager: 	at java.lang.reflect.Method.invoke(Native Method)
02-19 14:12:45.366  1563  1563 I EmojiCompatManager: 	at com.android.internal.os.RuntimeInit$MethodAndArgsCaller.run(RuntimeInit.java:593)
02-19 14:12:45.366  1563  1563 I EmojiCompatManager: 	at com.android.internal.os.ZygoteInit.main(ZygoteInit.java:932)
02-19 14:12:45.366   617   617 D StateManager: onStateTransitionEnd - state: Normal
02-19 14:12:45.367   752  1981 W PackageConfigPersister: App-specific configuration not found for packageName: viva.republica.toss.test and userId: 0
02-19 14:12:45.368   617   617 D RecentsView: reset - mEnableDrawingLiveTile: false, mRecentsAnimationController: null
02-19 14:12:45.368   617   617 I AiAiSuggestUi: Clearing suggestions.
02-19 14:12:45.368   617   617 I AiAiSuggestUi: Clearing suggestions.
02-19 14:12:45.369   617   617 D ActivityAllAppsContainerView: rebindAdapters: force: false
02-19 14:12:45.369   617   617 D ActivityAllAppsContainerView: rebindAdapters: Not needed.
02-19 14:12:45.372   617   617 D StatsLog: LAUNCHER_ONSTOP
02-19 14:12:45.373   617   617 D StatsLog: LAUNCHER_GOOGLE_SEARCH_RESTORE_LIST_SIZE_AFTER_ACTIVITY_RESTART
02-19 14:12:45.380   617   617 D OverviewActionsView: updateForGroupedTask() called with: isGroupedTask = [false], canSaveAppPair = [false]
02-19 14:12:45.380   617   617 D OverviewActionsView: updateActionButtonsVisibility() called: showSingleTaskActions = [true], showGroupActions = [false]
02-19 14:12:45.380   617   617 D OverviewActionsView: updateForGroupedTask() called with: isGroupedTask = [false], canSaveAppPair = [false]
02-19 14:12:45.380   617   617 D OverviewActionsView: updateActionButtonsVisibility() called: showSingleTaskActions = [true], showGroupActions = [false]
02-19 14:12:45.381   752  1095 D BackgroundInstallControlService: Package event received: 0
02-19 14:12:45.487  1336  1556 D SatelliteController: iisInCarrierRoamingNbIotNtn: satellite is disabled
02-19 14:12:45.588  6277  6328 D StrictMode: StrictMode policy violation: android.os.strictmode.UnbufferedIoViolation
02-19 14:12:45.588  6277  6328 D StrictMode: 	at android.os.StrictMode$AndroidBlockGuardPolicy.onUnbufferedIO(StrictMode.java:1717)
02-19 14:12:45.588  6277  6328 D StrictMode: 	at libcore.io.IoTracker.trackIo(IoTracker.java:35)
02-19 14:12:45.588  6277  6328 D StrictMode: 	at libcore.io.IoTracker.trackIo(IoTracker.java:45)
02-19 14:12:45.588  6277  6328 D StrictMode: 	at java.io.FileInputStream.read(FileInputStream.java:350)
02-19 14:12:45.588  6277  6328 D StrictMode: 	at android.os.ParcelFileDescriptor$AutoCloseInputStream.read(ParcelFileDescriptor.java:1050)
02-19 14:12:45.588  6277  6328 D StrictMode: 	at java.util.zip.InflaterInputStream.fill(InflaterInputStream.java:303)
02-19 14:12:45.588  6277  6328 D StrictMode: 	at java.util.zip.InflaterInputStream.read(InflaterInputStream.java:210)
02-19 14:12:45.588  6277  6328 D StrictMode: 	at java.util.zip.GZIPInputStream.read(GZIPInputStream.java:134)
02-19 14:12:45.588  6277  6328 D StrictMode: 	at ezbk.B(PG:16)
02-19 14:12:45.588  6277  6328 D StrictMode: 	at edaq.a(PG:505)
02-19 14:12:45.588  6277  6328 D StrictMode: 	at esfd.a(PG:3)
02-19 14:12:45.588  6277  6328 D StrictMode: 	at eseb.run(PG:19)
02-19 14:12:45.588  6277  6328 D StrictMode: 	at esff.run(PG:5)
02-19 14:12:45.588  6277  6328 D StrictMode: 	at eseu.run(PG:68)
02-19 14:12:45.588  6277  6328 D StrictMode: 	at dubu.run(PG:7)
02-19 14:12:45.588  6277  6328 D StrictMode: 	at eosd.run(PG:44)
02-19 14:12:45.588  6277  6328 D StrictMode: 	at duem.run(PG:18)
02-19 14:12:45.588  6277  6328 D StrictMode: 	at dubc.run(PG:8)
02-19 14:12:45.588  6277  6328 D StrictMode: 	at java.lang.Thread.run(Thread.java:1119)
02-19 14:12:45.588  6277  6328 D StrictMode: 	at ducv.run(PG:61)
02-19 14:12:45.599  6277  6328 I FlightRecordReaderImpl: Failed to find any valid flight records for process id 3540
02-19 14:12:45.602 20068 20068 D BoundBrokerSvc: onBind: Intent { act=com.google.android.gms.time.trustedtime.singleuserapi.service.START dat=chimera-action:/... xflg=0x4 cmp=com.google.android.gms/.chimera.PersistentSingleUserInternalApiService }
02-19 14:12:45.602 20068 20068 D BoundBrokerSvc: Loading bound service for intent: Intent { act=com.google.android.gms.time.trustedtime.singleuserapi.service.START dat=chimera-action:/... xflg=0x4 cmp=com.google.android.gms/.chimera.PersistentSingleUserInternalApiService }
02-19 14:12:45.611   752  1981 W ActivityTaskManager: callingPackage for (uid=2000, pid=6372) has no WPC
02-19 14:12:45.613   752  1981 V GrammaticalInflectionUtils: AttributionSource: android.content.AttributionSource@56784557 does not have READ_SYSTEM_GRAMMATICAL_GENDER permission.
02-19 14:12:45.614   752  1981 W OptProp : Cannot read opt property android.window.PROPERTY_COMPAT_ALLOW_USER_ASPECT_RATIO_OVERRIDE
02-19 14:12:45.614   752  1981 W OptProp : Cannot read opt property android.window.PROPERTY_COMPAT_ALLOW_USER_ASPECT_RATIO_FULLSCREEN_OVERRIDE
02-19 14:12:45.614   752  1981 W OptProp : Cannot read opt property android.window.PROPERTY_COMPAT_ALLOW_RESIZEABLE_ACTIVITY_OVERRIDES
02-19 14:12:45.614   752  1981 W OptProp : Cannot read opt property android.window.PROPERTY_COMPAT_ALLOW_MIN_ASPECT_RATIO_OVERRIDE
02-19 14:12:45.615  6277  6329 V ClearcutMetricXmitter: Transmission is done.
02-19 14:12:45.616   752  1981 W OptProp : Cannot read opt property android.window.PROPERTY_COMPAT_ALLOW_ORIENTATION_OVERRIDE
02-19 14:12:45.619   531   549 I BpBinder: onLastStrongRef automatically unlinking death recipients: 
02-19 14:12:45.620   752  1981 I ActivityTaskManager: START u0 {act=android.intent.action.VIEW dat=intoss://takealook/... flg=0x10000000 xflg=0x4 cmp=viva.republica.toss.test/im.toss.rn.granite.core.GraniteActivity} with LAUNCH_MULTIPLE from uid 2000 (BAL_ALLOW_PERMISSION) result code=0
02-19 14:12:45.621  4449  4467 V WindowManagerShell: Transition requested (#506): android.os.BinderProxy@5a41d55 TransitionRequestInfo { type = OPEN, triggerTask = TaskInfo{userId=0 taskId=56 effectiveUid=10217 displayId=0 isRunning=true baseIntent=Intent { act=android.intent.action.VIEW dat=intoss://takealook/... flg=0x10000000 pkg=viva.republica.toss.test cmp=viva.republica.toss.test/.MiniAppSchemeActivity } baseActivity=ComponentInfo{viva.republica.toss.test/im.toss.rn.granite.core.GraniteActivity} topActivity=ComponentInfo{viva.republica.toss.test/im.toss.rn.granite.core.GraniteActivity} origActivity=null realActivity=ComponentInfo{viva.republica.toss.test/viva.republica.toss.test.MiniAppSchemeActivity} numActivities=23 lastActiveTime=89439464 supportsMultiWindow=true resizeMode=1 isResizeable=true minWidth=-1 minHeight=-1 defaultMinSize=220 token=WCT{android.window.IWindowContainerToken$Stub$Proxy@c8e936a} topActivityType=1 pictureInPictureParams=null shouldDockBigOverlays=false launchIntoPipHostTaskId=-1 lastParentTaskIdBeforePip=-1 displayCutoutSafeInsets=Rect(0, 0 - 0, 0) topActivityInfo=ActivityInfo{79b405b im.toss.rn.granite.core.GraniteActivity} launchCookies=[] positionInParent=Point(0, 0) parentTaskId=-1 isFocused=true isVisible=true isVisibleRequested=true isTopActivityNoDisplay=false isSleeping=false locusId=null displayAreaFeatureId=1 isTopActivityTransparent=false isActivityStackTransparent=false lastNonFullscreenBounds=Rect(284, 660 - 796, 1740) capturedLink=null capturedLinkTimestamp=0 requestedVisibleTypes=-9 topActivityRequestOpenInBrowserEducationTimestamp=0 appCompatTaskInfo=AppCompatTaskInfo { topActivityInSizeCompat=false eligibleForLetterboxEducation= false isLetterboxEducationEnabled= true isLetterboxDoubleTapEnabled= false eligibleForUserAspectRatioButton= false topActivityBoundsLetterboxed= false isFromLetterboxDoubleTap= false topActivityLetterboxVerticalPosition= -1 topActivityLetterboxHorizontalPosition= -1 topActivityLetterboxWidth=-1 topActivityLetterboxHeight=-1 topActivityAppBounds=Rect(0, 0 - 1080, 2400) isUserFullscreenOverrideEnabled=false isSystemFullscreenOverrideEnabled=false hasMinAspectRatioOverride=false topActivityLetterboxBounds=null cameraCompatTaskInfo=CameraCompatTaskInfo { freeformCameraCompatMode=inactive}} topActivityMainWindowFrame=null}, pipChange = null, remoteTransition = null, displayChange = null, flags = 0, debugId = 506 }
02-19 14:12:45.621  4449  4467 D ShellSplitScreen: logExit: no-op, mLoggerSessionId is null
02-19 14:12:45.624  6277  6329 V ClearcutMetricXmitter: Transmission is done.
02-19 14:12:45.628   531   531 I BpBinder: onLastStrongRef automatically unlinking death recipients: 
02-19 14:12:45.659   752  2419 W OptProp : Cannot read opt property android.window.PROPERTY_COMPAT_ENABLE_FAKE_FOCUS
02-19 14:12:45.660   752  1095 D BackgroundInstallControlService: Package event received: 0
02-19 14:12:45.664 20068 20068 D BoundBrokerSvc: onRebind: Intent { act=com.google.android.gms.common.telemetry.service.START dat=chimera-action:/... xflg=0x4 cmp=com.google.android.gms/.chimera.PersistentApiService }
02-19 14:12:45.664   752  1095 D BackgroundInstallControlService: Package event received: 0
02-19 14:12:45.664   752  1095 D BackgroundInstallControlService: Package event received: 0
02-19 14:12:46.455  5621  5621 I blica.toss.test: AssetManager2(0x7d8fac48c818) locale list changing from [] to [en-US]
02-19 14:12:46.514  5621  5971 W okhttp.OkHttpClient: A connection to http://localhost:8081/ was leaked. Did you forget to close a response body? To see where this was allocated, set the OkHttpClient logger level to FINE: Logger.getLogger(OkHttpClient.class.getName()).setLevel(Level.FINE);
02-19 14:12:46.562  5621  6378 W unknown:ReconnectingWebSocket: Couldn't connect to "ws://10.0.2.2:8081/message?device=sdk_gphone64_x86_64%20-%2016%20-%20API%2036&app=viva.republica.toss.test&clientid=BridgeDevSupportManager", will silently retry
02-19 14:12:46.568  5621  6381 W unknown:InspectorPackagerConnection: Couldn't connect to packager, will silently retry
02-19 14:12:46.620  5621  5621 W unknown:ReactRootView: Unable to update root layout specs for uninitialized ReactInstanceManager
02-19 14:12:46.620   752   935 D CoreBackPreview: Window{889ab1 u0 viva.republica.toss.test/im.toss.rn.granite.core.GraniteActivity}: Setting back callback OnBackInvokedCallbackInfo{mCallback=android.window.IOnBackInvokedCallback$Stub$Proxy@e0a3b22, mPriority=0, mIsAnimationCallback=false, mOverrideBehavior=0}
02-19 14:12:46.654  4449  4532 V WindowManagerShell: onTransitionReady(transaction=3229815421926)
02-19 14:12:46.656  4449  4467 V WindowManagerShell: onTransitionReady (#506) android.os.BinderProxy@5a41d55: {id=506 t=OPEN f=0x0 trk=0 r=[0@Point(0, 0)] c=[
02-19 14:12:46.656  4449  4467 V WindowManagerShell:         {m=OPEN f=FILLS_TASK leash=Surface(name=ActivityRecord{188240448 u0 viva.republica.toss.test/im.toss.rn.granite.core.GraniteActivity)/@0xc1850f8 sb=Rect(0, 0 - 0, 0) eb=Rect(0, 0 - 1080, 2400) epz=Point(1080, 2400) d=-1->0 r=-1->0:-1 bc=ffffffff component=viva.republica.toss.test/im.toss.rn.granite.core.GraniteActivity opt={t=FROM_STYLE mUserId=0}},
02-19 14:12:46.656  4449  4467 V WindowManagerShell:         {m=TO_BACK f=FILLS_TASK leash=Surface(name=ActivityRecord{186622937 u0 viva.republica.toss.test/im.toss.rn.granite.core.GraniteActivity)/@0x6d639d1 sb=Rect(0, 0 - 1080, 2400) eb=Rect(0, 0 - 1080, 2400) epz=Point(1080, 2400) d=0 bc=ffffffff component=viva.republica.toss.test/im.toss.rn.granite.core.GraniteActivity opt={t=FROM_STYLE mUserId=0}}
02-19 14:12:46.656  4449  4467 V WindowManagerShell:     ]}
02-19 14:12:46.658  4449  4467 V WindowManagerShell: Playing animation for (#506) android.os.BinderProxy@5a41d55@0
02-19 14:12:46.658  4449  4467 V ShellRecents: RecentsTransitionHandler.startAnimation: no controller found
02-19 14:12:46.658  4449  4467 V WindowManagerShell: Transition doesn't have explicit remote, search filters for match for {id=506 t=OPEN f=0x0 trk=0 r=[0@Point(0, 0)] c=[{m=OPEN f=FILLS_TASK leash=Surface(name=ActivityRecord{188240448 u0 viva.republica.toss.test/im.toss.rn.granite.core.GraniteActivity)/@0xc1850f8 sb=Rect(0, 0 - 0, 0) eb=Rect(0, 0 - 1080, 2400) epz=Point(1080, 2400) d=-1->0 r=-1->0:-1 bc=ffffffff component=viva.republica.toss.test/im.toss.rn.granite.core.GraniteActivity opt={t=FROM_STYLE mUserId=0}},{m=TO_BACK f=FILLS_TASK leash=Surface(name=ActivityRecord{186622937 u0 viva.republica.toss.test/im.toss.rn.granite.core.GraniteActivity)/@0x6d639d1 sb=Rect(0, 0 - 1080, 2400) eb=Rect(0, 0 - 1080, 2400) epz=Point(1080, 2400) d=0 bc=ffffffff component=viva.republica.toss.test/im.toss.rn.granite.core.GraniteActivity opt={t=FROM_STYLE mUserId=0}}]}
02-19 14:12:46.659  4449  4467 V WindowManagerShell:  Checking filter Pair{{types=[] flags=0x0] notFlags=0x0 checks=[{atype=undefined independent=true modes=[CLOSE,TO_BACK] flags=IN_TASK_WITH_EMBEDDED_ACTIVITY mustBeTask=false order=ANY topActivity=null launchCookie=null taskFragmentToken=android.os.BinderProxy@268473d windowingMode=undefined}]} RemoteTransition { remoteTransition = android.window.IRemoteTransition$Stub$Proxy@2491b32, appThread = android.app.IApplicationThread$Stub$Proxy@a160083, debugName = overlayBackTransition }}
02-19 14:12:46.660  4449  4467 V WindowManagerShell:  Checking filter Pair{{types=[] flags=0x0] notFlags=0x0 checks=[{atype=dream independent=true modes=[OPEN,TO_FRONT] flags=NONE mustBeTask=false order=ANY topActivity=null launchCookie=null windowingMode=undefined},{atype=home independent=true modes=[CLOSE,TO_BACK] flags=NONE mustBeTask=false order=ANY topActivity=null launchCookie=null windowingMode=undefined}]} RemoteTransition { remoteTransition = android.window.IRemoteTransition$Stub$Proxy@7d85200, appThread = android.app.IApplicationThread$Stub$Proxy@c171a39, debugName = LauncherToDream }}
02-19 14:12:46.660  4449  4467 V WindowManagerShell:  Checking filter Pair{{types=[] flags=0x0] notFlags=0x100 checks=[{atype=home independent=true modes=[OPEN,TO_FRONT] flags=NONE mustBeTask=false order=TOP topActivity=ComponentInfo{com.google.android.apps.nexuslauncher/com.google.android.apps.nexuslauncher.NexusLauncherActivity} launchCookie=null windowingMode=undefined},{atype=standard independent=true modes=[CLOSE,TO_BACK] flags=NONE mustBeTask=false order=ANY topActivity=null launchCookie=null windowingMode=undefined},{NOT atype=undefined independent=true modes=[] flags=NONE mustBeTask=true order=ANY topActivity=null launchCookie=null customAnim=true windowingMode=undefined}]} RemoteTransition { remoteTransition = android.window.IRemoteTransition$Stub$Proxy@e9b87e, appThread = android.app.IApplicationThread$Stub$Proxy@92e21df, debugName = QuickstepLaunchHome }}
02-19 14:12:46.660  4449  4467 V WindowManagerShell:  Checking filter Pair{{types=[] flags=0x0] notFlags=0x0 checks=[{atype=undefined independent=true modes=[CLOSE,TO_BACK] flags=IN_TASK_WITH_EMBEDDED_ACTIVITY mustBeTask=false order=ANY topActivity=null launchCookie=null taskFragmentToken=android.os.BinderProxy@268473d windowingMode=undefined}]} RemoteTransition { remoteTransition = android.window.IRemoteTransition$Stub$Proxy@2767ac7, appThread = android.app.IApplicationThread$Stub$Proxy@2c518f4, debugName = overlayBackTransition }}
02-19 14:12:46.660  4449  4467 V WindowManagerShell:  Checking filter Pair{{types=[] flags=0x0] notFlags=0x0 checks=[{atype=dream independent=true modes=[OPEN,TO_FRONT] flags=NONE mustBeTask=false order=ANY topActivity=null launchCookie=null windowingMode=undefined},{atype=home independent=true modes=[CLOSE,TO_BACK] flags=NONE mustBeTask=false order=ANY topActivity=null launchCookie=null windowingMode=undefined}]} RemoteTransition { remoteTransition = android.window.IRemoteTransition$Stub$Proxy@c3e281d, appThread = android.app.IApplicationThread$Stub$Proxy@a1e1a92, debugName = LauncherToDream }}
02-19 14:12:46.660  4449  4467 V WindowManagerShell:  Checking filter Pair{{types=[] flags=0x0] notFlags=0x100 checks=[{atype=home independent=true modes=[OPEN,TO_FRONT] flags=NONE mustBeTask=false order=TOP topActivity=ComponentInfo{com.google.android.apps.nexuslauncher/com.google.android.apps.nexuslauncher.NexusLauncherActivity} launchCookie=null windowingMode=undefined},{atype=standard independent=true modes=[CLOSE,TO_BACK] flags=NONE mustBeTask=false order=ANY topActivity=null launchCookie=null windowingMode=undefined},{NOT atype=undefined independent=true modes=[] flags=NONE mustBeTask=true order=ANY topActivity=null launchCookie=null customAnim=true windowingMode=undefined}]} RemoteTransition { remoteTransition = android.window.IRemoteTransition$Stub$Proxy@9d5fc63, appThread = android.app.IApplicationThread$Stub$Proxy@a94d060, debugName = QuickstepLaunchHome }}
02-19 14:12:46.661  4449  4467 V WindowManagerShell:  Delegate animation for (#506) to null
02-19 14:12:46.661  4449  4467 V WindowManagerShell: start default transition animation, info = {id=506 t=OPEN f=0x0 trk=0 r=[0@Point(0, 0)] c=[{m=OPEN f=FILLS_TASK leash=Surface(name=ActivityRecord{188240448 u0 viva.republica.toss.test/im.toss.rn.granite.core.GraniteActivity)/@0xc1850f8 sb=Rect(0, 0 - 0, 0) eb=Rect(0, 0 - 1080, 2400) epz=Point(1080, 2400) d=-1->0 r=-1->0:-1 bc=ffffffff component=viva.republica.toss.test/im.toss.rn.granite.core.GraniteActivity opt={t=FROM_STYLE mUserId=0}},{m=TO_BACK f=FILLS_TASK leash=Surface(name=ActivityRecord{186622937 u0 viva.republica.toss.test/im.toss.rn.granite.core.GraniteActivity)/@0x6d639d1 sb=Rect(0, 0 - 1080, 2400) eb=Rect(0, 0 - 1080, 2400) epz=Point(1080, 2400) d=0 bc=ffffffff component=viva.republica.toss.test/im.toss.rn.granite.core.GraniteActivity opt={t=FROM_STYLE mUserId=0}}]}
02-19 14:12:46.737  4449  4467 V WindowManagerShell: loadAnimation: anim=android.view.animation.AnimationSet@66a25c2 animAttr=0x5 type=OPEN isEntrance=false
02-19 14:12:46.745  4449  4467 V WindowManagerShell: loadAnimation: anim=android.view.animation.AnimationSet@3855209 animAttr=0x4 type=OPEN isEntrance=true
02-19 14:12:46.748  4449  4467 V WindowManagerShell:  animated by com.android.wm.shell.transition.DefaultTransitionHandler@f74d823
02-19 14:12:46.778   752   794 I ActivityTaskManager: Displayed viva.republica.toss.test/im.toss.rn.granite.core.GraniteActivity for user 0: +1s34ms
02-19 14:12:46.778   752   794 W Looper  : Slow dispatch took 126ms android.fg app=system_server main=false group=FOREGROUND h=android.os.Handler c=com.android.server.wm.ActivityMetricsLogger$$ExternalSyntheticLambda0@734e76e m=0
02-19 14:12:46.779   752   794 V WindowManager: Sent Transition (#506) createdAt=02-19 14:12:45.614 via request=TransitionRequestInfo { type = OPEN, triggerTask = TaskInfo{userId=0 taskId=56 effectiveUid=10217 displayId=0 isRunning=true baseIntent=Intent { act=android.intent.action.VIEW dat=intoss://takealook/... flg=0x10000000 pkg=viva.republica.toss.test cmp=viva.republica.toss.test/.MiniAppSchemeActivity } baseActivity=ComponentInfo{viva.republica.toss.test/im.toss.rn.granite.core.GraniteActivity} topActivity=ComponentInfo{viva.republica.toss.test/im.toss.rn.granite.core.GraniteActivity} origActivity=null realActivity=ComponentInfo{viva.republica.toss.test/viva.republica.toss.test.MiniAppSchemeActivity} numActivities=23 lastActiveTime=89439464 supportsMultiWindow=true resizeMode=1 isResizeable=true minWidth=-1 minHeight=-1 defaultMinSize=220 token=WCT{RemoteToken{29715c6 Task{fa7be33 #56 type=standard A=10217:viva.republica.toss.test}}} topActivityType=1 pictureInPictureParams=null shouldDockBigOverlays=false launchIntoPipHostTaskId=-1 lastParentTaskIdBeforePip=-1 displayCutoutSafeInsets=Rect(0, 0 - 0, 0) topActivityInfo=ActivityInfo{d1e3e0f im.toss.rn.granite.core.GraniteActivity} launchCookies=[] positionInParent=Point(0, 0) parentTaskId=-1 isFocused=true isVisible=true isVisibleRequested=true isTopActivityNoDisplay=false isSleeping=false locusId=null displayAreaFeatureId=1 isTopActivityTransparent=false isActivityStackTransparent=false lastNonFullscreenBounds=Rect(284, 660 - 796, 1740) capturedLink=null capturedLinkTimestamp=0 requestedVisibleTypes=-9 topActivityRequestOpenInBrowserEducationTimestamp=0 appCompatTaskInfo=AppCompatTaskInfo { topActivityInSizeCompat=false eligibleForLetterboxEducation= false isLetterboxEducationEnabled= true isLetterboxDoubleTapEnabled= false eligibleForUserAspectRatioButton= false topActivityBoundsLetterboxed= false isFromLetterboxDoubleTap= false topActivityLetterboxVerticalPosition= -1 topActivityLetterboxHorizontalPosition= -1 topActivityLetterboxWidth=-1 topActivityLetterboxHeight=-1 topActivityAppBounds=Rect(0, 0 - 1080, 2400) isUserFullscreenOverrideEnabled=false isSystemFullscreenOverrideEnabled=false hasMinAspectRatioOverride=false topActivityLetterboxBounds=null cameraCompatTaskInfo=CameraCompatTaskInfo { freeformCameraCompatMode=inactive}} topActivityMainWindowFrame=null}, pipChange = null, remoteTransition = null, displayChange = null, flags = 0, debugId = 506 }
02-19 14:12:46.779   752   794 V WindowManager:     startWCT=WindowContainerTransaction { changes= {} hops= [] errorCallbackToken=null taskFragmentOrganizer=null }
02-19 14:12:46.779   752   794 V WindowManager:     info={id=506 t=OPEN f=0x0 trk=0 r=[0@Point(0, 0)] c=[
02-19 14:12:46.779   752   794 V WindowManager:         {m=OPEN f=FILLS_TASK leash=Surface(name=ActivityRecord{188240448 u0 viva.republica.toss.test/im.toss.rn.granite.core.GraniteActivity)/@0xd24cb70 sb=Rect(0, 0 - 0, 0) eb=Rect(0, 0 - 1080, 2400) epz=Point(1080, 2400) d=-1->0 r=-1->0:-1 bc=ffffffff component=viva.republica.toss.test/im.toss.rn.granite.core.GraniteActivity opt={t=FROM_STYLE mUserId=0}},
02-19 14:12:46.779   752   794 V WindowManager:         {m=TO_BACK f=FILLS_TASK leash=Surface(name=ActivityRecord{186622937 u0 viva.republica.toss.test/im.toss.rn.granite.core.GraniteActivity)/@0x6abb9b3 sb=Rect(0, 0 - 1080, 2400) eb=Rect(0, 0 - 1080, 2400) epz=Point(1080, 2400) d=0 bc=ffffffff component=viva.republica.toss.test/im.toss.rn.granite.core.GraniteActivity opt={t=FROM_STYLE mUserId=0}}
02-19 14:12:46.779   752   794 V WindowManager:     ]}
02-19 14:12:46.852  5621  5621 E unknown:ReactRootView: Unhandled SoftException
02-19 14:12:46.852  5621  5621 E unknown:ReactRootView: com.facebook.react.uimanager.IllegalViewOperationException: Trying to attach a ReactRootView with an explicit id already set to [2131362676]. React Native uses the id field to track react tags and will overwrite this field. If that is fine, explicitly overwrite the id field to View.NO_ID.
02-19 14:12:46.852  5621  5621 E unknown:ReactRootView: 	at com.facebook.react.ReactRootView.attachToReactInstanceManager(:799)
02-19 14:12:46.852  5621  5621 E unknown:ReactRootView: 	at com.facebook.react.ReactRootView.startReactApplication(:509)
02-19 14:12:46.852  5621  5621 E unknown:ReactRootView: 	at com.facebook.react.ReactRootView.startReactApplication(:469)
02-19 14:12:46.852  5621  5621 E unknown:ReactRootView: 	at im.toss.rn.granite.core.GraniteActivity.write(:486)
02-19 14:12:46.852  5621  5621 E unknown:ReactRootView: 	at im.toss.rn.granite.core.GraniteActivity.RemoteActionCompatParcelizer(:124)
02-19 14:12:46.852  5621  5621 E unknown:ReactRootView: 	at im.toss.rn.granite.core.GraniteActivity$RemoteActionCompatParcelizer.IconCompatParcelizer(:65353)
02-19 14:12:46.852  5621  5621 E unknown:ReactRootView: 	at o.sh.a_(:33)
02-19 14:12:46.852  5621  5621 E unknown:ReactRootView: 	at o.xP.run(:100)
02-19 14:12:46.852  5621  5621 E unknown:ReactRootView: 	at android.os.Handler.handleCallback(Handler.java:995)
02-19 14:12:46.852  5621  5621 E unknown:ReactRootView: 	at android.os.Handler.dispatchMessage(Handler.java:103)
02-19 14:12:46.852  5621  5621 E unknown:ReactRootView: 	at android.os.Looper.loopOnce(Looper.java:248)
02-19 14:12:46.852  5621  5621 E unknown:ReactRootView: 	at android.os.Looper.loop(Looper.java:338)
02-19 14:12:46.852  5621  5621 E unknown:ReactRootView: 	at android.app.ActivityThread.main(ActivityThread.java:9067)
02-19 14:12:46.852  5621  5621 E unknown:ReactRootView: 	at java.lang.reflect.Method.invoke(Native Method)
02-19 14:12:46.852  5621  5621 E unknown:ReactRootView: 	at com.android.internal.os.RuntimeInit$MethodAndArgsCaller.run(RuntimeInit.java:593)
02-19 14:12:46.852  5621  5621 E unknown:ReactRootView: 	at com.android.internal.os.ZygoteInit.main(ZygoteInit.java:932)
02-19 14:12:46.890   752   989 I ImeTracker: viva.republica.toss.test:4639dd89: onRequestHide at ORIGIN_SERVER reason HIDE_UNSPECIFIED_WINDOW fromUser false
02-19 14:12:46.893  1563  1563 I GoogleInputMethodService: GoogleInputMethodService.onFinishInput():2043 
02-19 14:12:46.895   752  2419 I ImeTracker: system_server:c2f6a1b5: onRequestHide at ORIGIN_SERVER reason IME_REQUESTED_CHANGED_LISTENER fromUser false
02-19 14:12:46.899  1563  1563 I Module  : DeviceLockedStatusModuleProvider$Module.updateDeviceLockedStatus():100 repeatCheckTimes = 0, locked = false
02-19 14:12:46.899  1563  1563 I GoogleInputMethodService: GoogleInputMethodService.onStartInput():1293 onStartInput(EditorInfo{EditorInfo{packageName=viva.republica.toss.test, inputType=0, inputTypeString=NULL, enableLearning=false, autoCorrection=false, autoComplete=false, imeOptions=0, privateImeOptions=null, actionName=UNSPECIFIED, actionLabel=null, initialSelStart=-1, initialSelEnd=-1, initialCapsMode=0, label=null, fieldId=0, fieldName=null, extras=null, hintText=null, hintLocales=[]}}, false)
02-19 14:12:46.901   752   797 I ImeTracker: system_server:c2f6a1b5: onCancelled at PHASE_SERVER_SHOULD_HIDE
02-19 14:12:46.902  1563  1563 I Module  : DeviceLockedStatusModuleProvider$Module.updateDeviceLockedStatus():100 repeatCheckTimes = 1, locked = false
02-19 14:12:46.904  1563  1563 I EmojiCompatManager: EmojiCompatManager.getEmojiCompatIfLoaded():343 EmojiCompat.init() was never called.
02-19 14:12:46.904  1563  1563 I EmojiCompatManager: java.lang.IllegalStateException: EmojiCompat is not initialized. Please call EmojiCompat.init() first
02-19 14:12:46.904  1563  1563 I EmojiCompatManager: 	at asx.p(PG:6)
02-19 14:12:46.904  1563  1563 I EmojiCompatManager: 	at axb.b(PG:13)
02-19 14:12:46.904  1563  1563 I EmojiCompatManager: 	at jnr.b(PG:2)
02-19 14:12:46.904  1563  1563 I EmojiCompatManager: 	at jnr.c(PG:4)
02-19 14:12:46.904  1563  1563 I EmojiCompatManager: 	at jnr.f(PG:3)
02-19 14:12:46.904  1563  1563 I EmojiCompatManager: 	at jnx.c(PG:3)
02-19 14:12:46.904  1563  1563 I EmojiCompatManager: 	at kif.cz(PG:47)
02-19 14:12:46.904  1563  1563 I EmojiCompatManager: 	at lhl.run(PG:1025)
02-19 14:12:46.904  1563  1563 I EmojiCompatManager: 	at jaf.execute(PG:12)
02-19 14:12:46.904  1563  1563 I EmojiCompatManager: 	at nco.v(PG:13)
02-19 14:12:46.904  1563  1563 I EmojiCompatManager: 	at lhn.m(PG:96)
02-19 14:12:46.904  1563  1563 I EmojiCompatManager: 	at lhn.k(PG:25)
02-19 14:12:46.904  1563  1563 I EmojiCompatManager: 	at kgn.onStartInput(PG:250)
02-19 14:12:46.904  1563  1563 I EmojiCompatManager: 	at android.inputmethodservice.InputMethodService.doStartInput(InputMethodService.java:3521)
02-19 14:12:46.904  1563  1563 I EmojiCompatManager: 	at android.inputmethodservice.InputMethodService$InputMethodImpl.startInput(InputMethodService.java:879)
02-19 14:12:46.904  1563  1563 I EmojiCompatManager: 	at android.inputmethodservice.InputMethodService$InputMethodImpl.dispatchStartInput(InputMethodService.java:908)
02-19 14:12:46.904  1563  1563 I EmojiCompatManager: 	at android.inputmethodservice.IInputMethodWrapper.executeMessage(IInputMethodWrapper.java:201)
02-19 14:12:46.904  1563  1563 I EmojiCompatManager: 	at com.android.internal.os.HandlerCaller$MyHandler.handleMessage(HandlerCaller.java:44)
02-19 14:12:46.904  1563  1563 I EmojiCompatManager: 	at android.os.Handler.dispatchMessage(Handler.java:110)
02-19 14:12:46.904  1563  1563 I EmojiCompatManager: 	at android.os.Looper.loopOnce(Looper.java:248)
02-19 14:12:46.904  1563  1563 I EmojiCompatManager: 	at android.os.Looper.loop(Looper.java:338)
02-19 14:12:46.904  1563  1563 I EmojiCompatManager: 	at android.app.ActivityThread.main(ActivityThread.java:9067)
02-19 14:12:46.904  1563  1563 I EmojiCompatManager: 	at java.lang.reflect.Method.invoke(Native Method)
02-19 14:12:46.904  1563  1563 I EmojiCompatManager: 	at com.android.internal.os.RuntimeInit$MethodAndArgsCaller.run(RuntimeInit.java:593)
02-19 14:12:46.904  1563  1563 I EmojiCompatManager: 	at com.android.internal.os.ZygoteInit.main(ZygoteInit.java:932)
02-19 14:12:46.906   752  1981 W PackageConfigPersister: App-specific configuration not found for packageName: viva.republica.toss.test and userId: 0
02-19 14:12:46.916  5621  5621 D InsetsController: hide(ime(), fromIme=false)
02-19 14:12:46.916  5621  5621 I ImeTracker: viva.republica.toss.test:4639dd89: onCancelled at PHASE_CLIENT_ALREADY_HIDDEN
02-19 14:12:46.921   752  2419 D CoreBackPreview: Window{bc29888 u0 PopupWindow:6af5e7a}: Setting back callback OnBackInvokedCallbackInfo{mCallback=android.window.IOnBackInvokedCallback$Stub$Proxy@c7e7646, mPriority=0, mIsAnimationCallback=false, mOverrideBehavior=0}
02-19 14:12:47.077   488  1424 I RanchuHwc: logCompositionFallbackIfChanged: layer 938 CompositionType fallback from 2 to 1
02-19 14:12:47.218  4449  4467 V WindowManagerShell: Transition animation finished (aborted=false), notifying core (#506) android.os.BinderProxy@5a41d55@0
02-19 14:12:47.228  5621  5621 D VRI[GraniteActivity]: visibilityChanged oldVisibility=true newVisibility=false
02-19 14:12:47.236  4449  4467 V WindowManagerShell: Track 0 became idle
02-19 14:12:47.236  4449  4467 V WindowManagerShell: All active transition animations finished
02-19 14:12:47.240   752   794 V WindowManager: Finish Transition (#506): created at 02-19 14:12:45.614 collect-started=0.103ms request-sent=5.752ms started=8.272ms ready=46.496ms sent=1034.273ms commit=116.467ms finished=1606.225ms
02-19 14:12:47.319   752  1095 D BackgroundInstallControlService: Package event received: 0
02-19 14:12:48.512   752  1856 E TaskPersister: File error accessing recents directory (directory doesn't exist?).
02-19 14:12:48.803  5621  5621 W WindowOnBackDispatcher: sendCancelIfRunning: isInProgress=false callback=android.view.ViewRootImpl$$ExternalSyntheticLambda13@bf58c21
02-19 14:12:48.804   752   935 D CoreBackPreview: Window{bc29888 u0 PopupWindow:6af5e7a}: Setting back callback null
02-19 14:12:48.830  5621  6387 W unknown:ReactContext: initializeMessageQueueThreads() is called.
02-19 14:12:48.836  5621  5621 W unknown:ReactNative: Packager connection already open, nooping.
02-19 14:12:48.857  5621  6390 W unknown:ReactContext: initializeMessageQueueThreads() is called.
02-19 14:12:48.861  5621  6390 W unknown:ReactNative: Fresco has already been initialized with a different config. The new Fresco configuration will be ignored!
02-19 14:12:49.367  6394  6394 W dumpsys : Thread Pool max thread count is 0. Cannot cache binder as linkToDeath cannot be implemented. serviceName: window
02-19 14:12:50.194  5621  5621 W unknown:ReactContext: initializeMessageQueueThreads() is called.
02-19 14:12:50.550   752  1981 W PackageConfigPersister: App-specific configuration not found for packageName: viva.republica.toss.test and userId: 0
02-19 14:12:50.631  6399  6399 W screencap: Thread Pool max thread count is 0. Cannot cache binder as linkToDeath cannot be implemented. serviceName: SurfaceFlingerAIDL
02-19 14:12:50.632  6399  6399 W BpBinder: Linking to death on android.gui.ISurfaceComposer but there are no threads (yet?) listening to incoming transactions. See ProcessState::startThreadPool and ProcessState::setThreadPoolMaxThreadCount. Generally you should setup the binder threadpool before other initialization steps.
02-19 14:12:50.632  6399  6399 W ProcessState: Extra binder thread started, but 0 threads requested. Do not use *startThreadPool when zero threads are requested.
02-19 14:12:50.639   531   590 E HwcComposer: getLuts failed Status(-8, EX_SERVICE_SPECIFIC): '8: '
02-19 14:12:50.639   531   590 E HWComposer: getLuts: getLuts failed for display 4619827259835644672: UNSUPPORTED (8)
02-19 14:12:51.374 20068 20068 D BoundBrokerSvc: onUnbind: Intent { act=com.google.android.gms.common.telemetry.service.START dat=chimera-action:/... xflg=0x4 cmp=com.google.android.gms/.chimera.PersistentApiService }
