02-19 10:17:03.223  3092  3097 W ding:background: Reducing the number of considered missed Gc histogram windows from 1766 to 100
02-19 10:17:03.224 23359 23528 W unknown:ViewManagerPropertyUpdater: Could not find generated setter for class com.horcrux.svg.RenderableViewManager$PathViewManager
02-19 10:17:03.228 23359 23528 W unknown:ViewManagerPropertyUpdater: Could not find generated setter for class com.horcrux.svg.RenderableViewManager$UseViewManager
02-19 10:17:03.230 23359 23528 W unknown:ViewManagerPropertyUpdater: Could not find generated setter for class com.horcrux.svg.RenderableViewManager$CircleViewManager
02-19 10:17:03.232 23359 23528 W unknown:ViewManagerPropertyUpdater: Could not find generated setter for class com.horcrux.svg.RenderableViewManager$TSpanViewManager
02-19 10:17:03.233 23359 23528 W unknown:ViewManagerPropertyUpdater: Could not find generated setter for class com.brentvatne.exoplayer.ReactExoplayerViewManager
02-19 10:17:03.235 23359 23528 W unknown:ViewManagerPropertyUpdater: Could not find generated setter for class com.reactnativecommunity.webview.RNCWebViewManager
02-19 10:17:03.238 23359 23528 W unknown:ViewManagerPropertyUpdater: Could not find generated setter for class im.toss.rn.granite.core.module.image.FastImageViewManager
02-19 10:17:03.241 23359 23528 W unknown:ReactContext: initializeMessageQueueThreads() is called.
02-19 10:17:03.258 23359 23359 W unknown:ReactNative: Packager connection already open, nooping.
02-19 10:17:03.266   752  2419 D ConnectivityService: Returning UNBLOCKED NetworkInfo to uid=10217
02-19 10:17:03.312 23359 23407 W cr_media: BLUETOOTH_CONNECT permission is missing.
02-19 10:17:03.322 23359 23407 W cr_media: getBluetoothAdapter() requires BLUETOOTH permission
02-19 10:17:03.323 23359 23407 W cr_media: registerBluetoothIntentsIfNeeded: Requires BLUETOOTH permission
02-19 10:17:03.373 23390 23418 I cr_LibraryLoader: Successfully loaded native library
02-19 10:17:03.374 23390 23418 I cr_CachingUmaRecorder: Flushed 2 samples from 2 histograms, 0 samples were dropped.
02-19 10:17:03.378 23305 23380 I AidlLazyServiceRegistrar: Process has 0 (of 1 available) client(s) in use after notification artd has clients: 0
02-19 10:17:03.378 23305 23380 I AidlLazyServiceRegistrar: Trying to shut down the service. No clients in use for any service in process.
02-19 10:17:03.390 23305 23380 I AidlLazyServiceRegistrar: Unregistered all clients and exiting
02-19 10:17:03.402 23390 23418 W SystemServiceRegistry: No service published for: uimode
02-19 10:17:03.465 23359 23367 I blica.toss.test: Background concurrent mark compact GC freed 9110KB AllocSpace bytes, 13(364KB) LOS objects, 49% free, 17MB/34MB, paused 814us,14.625ms total 222.667ms
02-19 10:17:03.471 23359 23369 W System  : A resource failed to call ZipFile.close. 
02-19 10:17:03.492 23359 23533 W libc    : Access denied finding property "vendor.mesa.log"
02-19 10:17:03.497 23359 23533 W libc    : Access denied finding property "vendor.mesa.log.file"
02-19 10:17:03.497 23390 23418 W chromium: [WARNING:runtime_features.cc(560)] Fenced frames cannot be enabled in this configuration. Use --enable-features=FencedFrames instead.
02-19 10:17:03.497 23359 23533 E MESA    : Failed to open rendernode: No such file or directory
02-19 10:17:03.497 23390 23418 W chromium: [WARNING:runtime_features.cc(585)] Topics cannot be enabled in this configuration. Use --enable-features=BrowsingTopics in addition.
02-19 10:17:03.497 23390 23418 W chromium: [WARNING:runtime_features.cc(606)] SharedStorage cannot be enabled in this configuration. Use --enable-features=SharedStorageAPI in addition.
02-19 10:17:03.613 23359 23533 D vulkan  : searching for layers in '/data/app/~~NUQj-rdXzuicW-16SIRtKA==/viva.republica.toss.test-Si406wFvb_sqEA2GTBV6RQ==/lib/x86_64'
02-19 10:17:03.619 20068 20156 I FontLog : (REDACTED) Received query %s, URI %s
02-19 10:17:03.619 23359 23533 D vulkan  : searching for layers in '/data/app/~~NUQj-rdXzuicW-16SIRtKA==/viva.republica.toss.test-Si406wFvb_sqEA2GTBV6RQ==/base.apk!/lib/x86_64'
02-19 10:17:03.619 14715 14715 D BoundBrokerSvc: onBind: Intent { act=com.google.android.gms.safebrowsing.SafeBrowsingService.START dat=chimera-action:/... xflg=0x4 cmp=com.google.android.gms/.chimera.GmsBoundBrokerService }
02-19 10:17:03.620 14715 14715 D BoundBrokerSvc: Loading bound service for intent: Intent { act=com.google.android.gms.safebrowsing.SafeBrowsingService.START dat=chimera-action:/... xflg=0x4 cmp=com.google.android.gms/.chimera.GmsBoundBrokerService }
02-19 10:17:03.622 20068 20156 I FontLog : (REDACTED) Query [%s] resolved to %s
02-19 10:17:03.625 20068 20156 I FontLog : (REDACTED) Font PFD returned from cache for %s
02-19 10:17:03.626 20068 20156 I FontLog : (REDACTED) Fetch %s end status %s
02-19 10:17:03.638 20068 20156 I FontLog : (REDACTED) Pulling font file for id = %d, cache size = %d
02-19 10:17:03.644 20068 20156 I FontLog : (REDACTED) Received query %s, URI %s
02-19 10:17:03.644 20068 20156 I FontLog : (REDACTED) Query [%s] resolved to %s
02-19 10:17:03.648 20068 20156 I FontLog : (REDACTED) Fetch %s end status %s
02-19 10:17:03.652 20068 20156 I FontLog : (REDACTED) Pulling font file for id = %d, cache size = %d
02-19 10:17:03.667 20068 20156 I FontLog : (REDACTED) Received query %s, URI %s
02-19 10:17:03.670 20068 20156 I FontLog : (REDACTED) Query [%s] resolved to %s
02-19 10:17:03.677 20068 20156 I FontLog : (REDACTED) Font PFD returned from cache for %s
02-19 10:17:03.677 20068 20156 I FontLog : (REDACTED) Fetch %s end status %s
02-19 10:17:03.681 20068 20156 I FontLog : (REDACTED) Pulling font file for id = %d, cache size = %d
02-19 10:17:03.689 20068 20156 I FontLog : (REDACTED) Received query %s, URI %s
02-19 10:17:03.692 20068 20156 I FontLog : (REDACTED) Query [%s] resolved to %s
02-19 10:17:03.695 20068 20156 I FontLog : (REDACTED) Font PFD returned from cache for %s
02-19 10:17:03.697 20068 20156 I FontLog : (REDACTED) Fetch %s end status %s
02-19 10:17:03.701 20068 20156 I FontLog : (REDACTED) Pulling font file for id = %d, cache size = %d
02-19 10:17:03.731 20068 20155 I FontLog : (REDACTED) Received query %s, URI %s
02-19 10:17:03.732 20068 20155 I FontLog : (REDACTED) Query [%s] resolved to %s
02-19 10:17:03.735 20068 20155 I FontLog : (REDACTED) Font PFD returned from cache for %s
02-19 10:17:03.738 20068 20155 I FontLog : (REDACTED) Fetch %s end status %s
02-19 10:17:03.743 20068 20155 I FontLog : (REDACTED) Pulling font file for id = %d, cache size = %d
02-19 10:17:03.770 23359 23533 W libc    : Access denied finding property "vendor.mesa.vk.trace.per.submit"
02-19 10:17:03.771 23359 23533 W libc    : Access denied finding property "vendor.mesa.gallium.print.optio"
02-19 10:17:03.771 23359 23533 W libc    : Access denied finding property "vendor.mesa.vk.trace.frame"
02-19 10:17:03.784 23359 23533 W libc    : Access denied finding property "vendor.mesa.vk.wsi.headless.swa"
02-19 10:17:04.159 23359 23533 W chromium: [WARNING:viz_main_impl.cc(85)] VizNullHypothesis is disabled (not a warning)
02-19 10:17:04.368   752  1029 D InetDiagMessage: Destroyed 0 sockets, proto=IPPROTO_TCP, family=AF_INET, states=14
02-19 10:17:04.369   752  1029 D InetDiagMessage: Destroyed 0 sockets, proto=IPPROTO_TCP, family=AF_INET6, states=14
02-19 10:17:04.370   752  1029 D InetDiagMessage: Destroyed live tcp sockets for uids={10168} in 2ms
02-19 10:17:04.370   752  1029 D InetDiagMessage: Destroyed 0 sockets, proto=IPPROTO_TCP, family=AF_INET, states=14
02-19 10:17:04.371   752  1029 D InetDiagMessage: Destroyed 0 sockets, proto=IPPROTO_TCP, family=AF_INET6, states=14
02-19 10:17:04.371   752  1029 D InetDiagMessage: Destroyed live tcp sockets for uids={20168} in 2ms
02-19 10:17:05.591 23359 23527 D nativeloader: Load /data/app/~~NUQj-rdXzuicW-16SIRtKA==/viva.republica.toss.test-Si406wFvb_sqEA2GTBV6RQ==/lib/x86_64/libreactnativeblob.so using class loader ns clns-9 (caller=<unknown>): ok
02-19 10:17:05.651 23359 23366 I blica.toss.test: Compiler allocated 4717KB to compile void com.facebook.soloader.nativeloader.SystemDelegate.read(java.lang.String)
02-19 10:17:05.767 23359 23359 W unknown:ReactContext: initializeMessageQueueThreads() is called.
02-19 10:17:06.004   752  2375 W PackageConfigPersister: App-specific configuration not found for packageName: viva.republica.toss.test and userId: 0
02-19 10:17:06.007 23359 23359 I Ads     : JS: The jsLoaded GMSG has been sent (https://googleads.g.doubleclick.net/mads/static/sdk/native/sdk-core-v40.html:1025)
02-19 10:17:06.321   537   537 W adbd    : timeout expired while flushing socket, closing
02-19 10:17:07.654   537   537 W adbd    : timeout expired while flushing socket, closing
02-19 10:17:07.657 23359 23359 I Choreographer: Skipped 53 frames!  The application may be doing too much work on its main thread.
02-19 10:17:08.313 23359 23359 I Choreographer: Skipped 37 frames!  The application may be doing too much work on its main thread.
02-19 10:17:08.479 23556 23556 W dumpsys : Thread Pool max thread count is 0. Cannot cache binder as linkToDeath cannot be implemented. serviceName: window
02-19 10:17:08.699   752  1246 I system_server: AssetManager2(0x7d8fac51cd78) locale list changing from [] to [en-US]
02-19 10:17:08.823   752  1246 I system_server: AssetManager2(0x7d8fac512af8) locale list changing from [] to [en-US]
02-19 10:17:08.842   752  1246 I system_server: AssetManager2(0x7d8fac4841b8) locale list changing from [] to [en-US]
02-19 10:17:08.859   752  1246 I system_server: AssetManager2(0x7d8fac48d498) locale list changing from [] to [en-US]
02-19 10:17:08.885   752  1246 I system_server: AssetManager2(0x7d8fac50d9b8) locale list changing from [] to [en-US]
02-19 10:17:08.990   752  1246 I system_server: AssetManager2(0x7d8fac488358) locale list changing from [] to [en-US]
02-19 10:17:09.375   752   969 D ActivityManager: freezing 4606 com.google.android.webview:webview_service
02-19 10:17:09.386   752  1029 D InetDiagMessage: Destroyed 0 sockets, proto=IPPROTO_TCP, family=AF_INET, states=14
02-19 10:17:09.387   752  1029 D InetDiagMessage: Destroyed 0 sockets, proto=IPPROTO_TCP, family=AF_INET6, states=14
02-19 10:17:09.387   752  1029 D InetDiagMessage: Destroyed live tcp sockets for uids={10168} in 4ms
02-19 10:17:10.678  4449  4474 E FrameTracker: force finish cuj, time out: J<SPLASHSCREEN_EXIT_ANIM>
02-19 10:17:10.678  4449  4474 W FrameTracker: Missed App frame:UNKNOWN: 3, 955658, 80793469, CUJ=J<SPLASHSCREEN_EXIT_ANIM>
02-19 10:17:10.678  4449  4474 W FrameTracker: Missed SF frame:UNKNOWN: 3, 955658, 80793469, CUJ=J<SPLASHSCREEN_EXIT_ANIM>
02-19 10:17:10.678 23359 23359 I Choreographer: Skipped 34 frames!  The application may be doing too much work on its main thread.
02-19 10:17:10.678  4449  4474 W FrameTracker: Missed SF frame:JANK_COMPOSER, 955673, 77907414, CUJ=J<SPLASHSCREEN_EXIT_ANIM>
02-19 10:17:10.678  4449  4474 W FrameTracker: Missed SF frame:JANK_COMPOSER, 955687, 106260068, CUJ=J<SPLASHSCREEN_EXIT_ANIM>
02-19 10:17:10.678  4449  4474 W FrameTracker: Missed App frame:UNKNOWN: 3, 955695, 203267376, CUJ=J<SPLASHSCREEN_EXIT_ANIM>
02-19 10:17:10.678  4449  4474 W FrameTracker: Missed SF frame:UNKNOWN: 3, 955695, 203267376, CUJ=J<SPLASHSCREEN_EXIT_ANIM>
02-19 10:17:10.678  4449  4474 W FrameTracker: Missed App frame:UNKNOWN: 3, 955710, 199757668, CUJ=J<SPLASHSCREEN_EXIT_ANIM>
02-19 10:17:10.678  4449  4474 W FrameTracker: Missed SF frame:UNKNOWN: 3, 955710, 199757668, CUJ=J<SPLASHSCREEN_EXIT_ANIM>
02-19 10:17:10.678  4449  4474 W FrameTracker: Missed App frame:UNKNOWN: 3, 955725, 123429577, CUJ=J<SPLASHSCREEN_EXIT_ANIM>
02-19 10:17:10.678  4449  4474 W FrameTracker: Missed SF frame:UNKNOWN: 3, 955725, 123429577, CUJ=J<SPLASHSCREEN_EXIT_ANIM>
02-19 10:17:10.678  4449  4474 W FrameTracker: Missed App frame:UNKNOWN: 3, 955741, 124362033, CUJ=J<SPLASHSCREEN_EXIT_ANIM>
02-19 10:17:10.678  4449  4474 W FrameTracker: Missed SF frame:UNKNOWN: 3, 955741, 124362033, CUJ=J<SPLASHSCREEN_EXIT_ANIM>
02-19 10:17:11.417 23359 23527 I ReactNativeJS: Running "shared" with {"initialProps":{"initialColorPreference":"light","loadingStartTs":1771463819912,"initialFontScale":"100"},"rootTag":11}
02-19 10:17:12.636 23562 23562 W screencap: Thread Pool max thread count is 0. Cannot cache binder as linkToDeath cannot be implemented. serviceName: SurfaceFlingerAIDL
02-19 10:17:12.637 23562 23562 W BpBinder: Linking to death on android.gui.ISurfaceComposer but there are no threads (yet?) listening to incoming transactions. See ProcessState::startThreadPool and ProcessState::setThreadPoolMaxThreadCount. Generally you should setup the binder threadpool before other initialization steps.
02-19 10:17:12.638 23562 23562 W ProcessState: Extra binder thread started, but 0 threads requested. Do not use *startThreadPool when zero threads are requested.
02-19 10:17:12.647   531   548 E HwcComposer: getLuts failed Status(-8, EX_SERVICE_SPECIFIC): '8: '
02-19 10:17:12.647   531   548 E HWComposer: getLuts: getLuts failed for display 4619827259835644672: UNSUPPORTED (8)
02-19 10:17:13.215 23359 23367 W blica.toss.test: Suspending all threads took: 34.702ms
02-19 10:17:13.217 23359 23528 W unknown:ViewManagerPropertyUpdater: Could not find generated setter for class o.onLost
02-19 10:17:13.295 23359 23527 D ReactNativeJS: '[Analytics]', '{\n  "log_type": "screen",\n  "log_name": "/::screen",\n  "params": {\n    "referrer": null,\n    "deployment_id": "local",\n    "deployment_timestamp": null\n  }\n}'
02-19 10:17:13.557 23359 23367 I blica.toss.test: NativeAlloc concurrent mark compact GC freed 3456KB AllocSpace bytes, 3(56KB) LOS objects, 50% free, 17MB/35MB, paused 35.703ms,3.253ms total 243.827ms
