--------- beginning of main
02-19 10:16:24.073   531   568 W EventThread: Faking VSYNC due to driver stall for thread app
02-19 10:16:27.130  1336  1556 D SatelliteController: iisInCarrierRoamingNbIotNtn: satellite is disabled
--------- beginning of system
02-19 10:16:27.441   752   752 W Looper  : Drained
02-19 10:16:27.447   752   795 W ActivityTaskManager: callingPackage for (uid=-1, pid=0) has no WPC
02-19 10:16:27.447  4449  4449 I vol.VolumeDialogImpl: mDialog.dismiss() reason: volume_controller from: com.android.systemui.volume.VolumeDialogImpl$7.onDismissRequested:3
02-19 10:16:27.449   752   795 W ActivityStartInterceptor: Starting home with component specified, uid=0
02-19 10:16:27.449   752   795 W OptProp : Cannot read opt property android.window.PROPERTY_COMPAT_ALLOW_USER_ASPECT_RATIO_OVERRIDE
02-19 10:16:27.450   752   795 W OptProp : Cannot read opt property android.window.PROPERTY_COMPAT_ALLOW_USER_ASPECT_RATIO_FULLSCREEN_OVERRIDE
02-19 10:16:27.450   752   795 W OptProp : Cannot read opt property android.window.PROPERTY_COMPAT_ALLOW_RESIZEABLE_ACTIVITY_OVERRIDES
02-19 10:16:27.450   752   795 W OptProp : Cannot read opt property android.window.PROPERTY_COMPAT_ALLOW_MIN_ASPECT_RATIO_OVERRIDE
02-19 10:16:27.450   752   795 V GrammaticalInflectionUtils: AttributionSource: android.content.AttributionSource@1abea79a does not have READ_SYSTEM_GRAMMATICAL_GENDER permission.
02-19 10:16:27.453  4449  4582 D KeyguardService: setOccluded(false)
02-19 10:16:27.453  4449  4582 D KeyguardViewMediator: setOccluded(false)
02-19 10:16:27.454   752   795 I ActivityTaskManager: START u0 {act=android.intent.action.MAIN cat=[android.intent.category.HOME] flg=0x10000100 cmp=com.google.android.apps.nexuslauncher/.NexusLauncherActivity (has extras)} with LAUNCH_SINGLE_TASK from uid 0 (BAL_ALLOW_ALLOWLISTED_UID) result code=3
02-19 10:16:27.454  1341  1341 W SplitSelectStateCtor: Missing session instanceIds
02-19 10:16:27.454  1341  1341 D StatsLog: LAUNCHER_SPLIT_SELECTION_EXIT_INTERRUPTED
02-19 10:16:27.454  4449  4449 D KeyguardViewMediator: handleSetOccluded(false)
02-19 10:16:27.455  4449  4449 D KeyguardViewMediator: KeyguardViewMediator queue processing message: SET_OCCLUDED
02-19 10:16:27.455  1341  1341 D TFOManager: playPanelCloseAnimation() duration=200 traceTag=LauncherOverlay-hide isHomeButtonTap=true
02-19 10:16:27.455  1341  1341 D TFOManager: Skipped creating panel close animation because -1 is invisible.
02-19 10:16:27.455  1341  1341 D OverviewCommandHelper: clearing pending commands: []
02-19 10:16:27.456  4449  4467 D WindowManagerShell: onActivityRestartAttempt: topActivity=ComponentInfo{com.google.android.apps.nexuslauncher/com.google.android.apps.nexuslauncher.NexusLauncherActivity}, wasVisible=true
02-19 10:16:27.456   531   603 I BpBinder: onLastStrongRef automatically unlinking death recipients: 
02-19 10:16:27.457  1341  1341 D StatsLog: LAUNCHER_ONRESUME
02-19 10:16:27.457   752   797 W IPCThreadState: Sending oneway calls to frozen process.
02-19 10:16:27.458   752   797 W IPCThreadState: Sending oneway calls to frozen process.
02-19 10:16:27.458   752   797 W IPCThreadState: Sending oneway calls to frozen process.
02-19 10:16:27.458   752   797 W IPCThreadState: Sending oneway calls to frozen process.
02-19 10:16:27.458   752   797 W IPCThreadState: Sending oneway calls to frozen process.
02-19 10:16:27.458   752   797 W IPCThreadState: Sending oneway calls to frozen process.
02-19 10:16:27.458   752   797 W IPCThreadState: Sending oneway calls to frozen process.
02-19 10:16:27.458   752   797 W IPCThreadState: Sending oneway calls to frozen process.
02-19 10:16:27.458   752   797 W IPCThreadState: Sending oneway calls to frozen process.
02-19 10:16:27.458   752   797 W IPCThreadState: Sending oneway calls to frozen process.
02-19 10:16:27.458   752   797 W IPCThreadState: Sending oneway calls to frozen process.
02-19 10:16:27.458   752   797 W IPCThreadState: Sending oneway calls to frozen process.
02-19 10:16:27.458   752   797 W IPCThreadState: Sending oneway calls to frozen process.
02-19 10:16:27.458   752   797 W IPCThreadState: Sending oneway calls to frozen process.
02-19 10:16:27.458   752   797 W IPCThreadState: Sending oneway calls to frozen process.
02-19 10:16:27.458   752   797 W IPCThreadState: Sending oneway calls to frozen process.
02-19 10:16:27.458   752   797 W IPCThreadState: Sending oneway calls to frozen process.
02-19 10:16:27.459   752   797 W ProcessStats: Tracking association SourceState{1b917ca system/1000 BFgs #10699} whose proc state 4 is better than process ProcessState{42c4ef0 com.google.android.ext.services/10208 pkg=com.google.android.ext.services} proc state 14 (3 skipped)
02-19 10:16:27.460  1341  1341 I NotificationListener: Handling notification state refresh for com.google.android.adservices.api#0
02-19 10:16:27.460  1341  1341 I NotificationListener: Handling notification state refresh for android#0
02-19 10:16:27.460  1341  1341 I NotificationListener: Handling notification state refresh for com.android.systemui#0
02-19 10:16:27.460  1341  1407 D QuickstepModelDelegate: notifyAppTargetEvent action=1 launchLocation=workspace/0/[-1,-1]/[1,1]
02-19 10:16:27.464  1971  2198 I AiAiEcho: Predicting[0]:  [CONTEXT sampling_count=5 ]
02-19 10:16:27.464  1971  2198 I AiAiEcho: EchoTargets: 
02-19 10:16:27.464  1971  2198 I AiAiEcho: Filtered by AiAi flag check: 
02-19 10:16:27.464  1971  2198 I AiAiEcho: [CONTEXT ratelimit_period="10 SECONDS" ]
02-19 10:16:27.465  1971  2198 I AiAiEcho: #remoteViewsTwiddler: feature disabled.
02-19 10:16:27.466  1971  2198 I AiAiEcho: #postPredictionTargets: Sending updates to UISurface home with targets# 0 (types=[])
02-19 10:16:27.466  1341  1341 D SsBaseTemplateCard: No text view can be set up
02-19 10:16:27.467  1341  1341 D SsBaseTemplateCard: Passed-in item info is null
02-19 10:16:27.467  1341  1341 D SsBaseTemplateCard: Passed-in item info is null
02-19 10:16:27.467  1341  1341 D SsBaseTemplateCard: Passed-in item info is null
02-19 10:16:27.467  1341  1341 I SsBaseTemplateCard: Secondary card pane is null
02-19 10:16:28.839   531   568 W EventThread: Faking VSYNC due to driver stall for thread app
02-19 10:16:28.840  4449  4449 I Choreographer: Skipped 82 frames!  The application may be doing too much work on its main thread.
02-19 10:16:28.841  1341  1341 I Choreographer: Skipped 82 frames!  The application may be doing too much work on its main thread.
02-19 10:16:28.898   752  2377 W ActivityTaskManager: callingPackage for (uid=2000, pid=23356) has no WPC
02-19 10:16:28.900   752  2377 V GrammaticalInflectionUtils: AttributionSource: android.content.AttributionSource@56784557 does not have READ_SYSTEM_GRAMMATICAL_GENDER permission.
02-19 10:16:28.900   752  2377 W OptProp : Cannot read opt property android.window.PROPERTY_COMPAT_ALLOW_USER_ASPECT_RATIO_OVERRIDE
02-19 10:16:28.901   752  2377 W OptProp : Cannot read opt property android.window.PROPERTY_COMPAT_ALLOW_USER_ASPECT_RATIO_FULLSCREEN_OVERRIDE
02-19 10:16:28.901   752  2377 W OptProp : Cannot read opt property android.window.PROPERTY_COMPAT_ALLOW_RESIZEABLE_ACTIVITY_OVERRIDES
02-19 10:16:28.901   752  2377 W OptProp : Cannot read opt property android.window.PROPERTY_COMPAT_ALLOW_MIN_ASPECT_RATIO_OVERRIDE
02-19 10:16:28.906   752  2377 W OptProp : Cannot read opt property android.window.PROPERTY_COMPAT_ALLOW_ORIENTATION_OVERRIDE
02-19 10:16:28.907   531   590 I BpBinder: onLastStrongRef automatically unlinking death recipients: 
02-19 10:16:28.913   752  2377 I ActivityTaskManager: START u0 {act=android.intent.action.VIEW dat=intoss://takealook/... flg=0x10000000 xflg=0x4 cmp=viva.republica.toss.test/im.toss.rn.granite.core.GraniteActivity} with LAUNCH_MULTIPLE from uid 2000 (BAL_ALLOW_PERMISSION) result code=0
02-19 10:16:28.914   752  2375 D CompatChangeReporter: Compat change id reported: 309578419; UID 10217; state: ENABLED
02-19 10:16:28.914  4449  4467 V WindowManagerShell: Transition requested (#87): android.os.BinderProxy@b92a31f TransitionRequestInfo { type = OPEN, triggerTask = TaskInfo{userId=0 taskId=44 effectiveUid=10217 displayId=0 isRunning=true baseIntent=Intent { act=android.intent.action.VIEW dat=intoss://takealook/... flg=0x10000000 cmp=viva.republica.toss.test/im.toss.rn.granite.core.GraniteActivity } baseActivity=ComponentInfo{viva.republica.toss.test/im.toss.rn.granite.core.GraniteActivity} topActivity=ComponentInfo{viva.republica.toss.test/im.toss.rn.granite.core.GraniteActivity} origActivity=null realActivity=ComponentInfo{viva.republica.toss.test/im.toss.rn.granite.core.GraniteActivity} numActivities=1 lastActiveTime=75262758 supportsMultiWindow=true resizeMode=1 isResizeable=true minWidth=-1 minHeight=-1 defaultMinSize=220 token=WCT{android.window.IWindowContainerToken$Stub$Proxy@41d166c} topActivityType=1 pictureInPictureParams=null shouldDockBigOverlays=false launchIntoPipHostTaskId=-1 lastParentTaskIdBeforePip=-1 displayCutoutSafeInsets=Rect(0, 0 - 0, 0) topActivityInfo=ActivityInfo{bfa435 im.toss.rn.granite.core.GraniteActivity} launchCookies=[] positionInParent=Point(0, 0) parentTaskId=-1 isFocused=false isVisible=false isVisibleRequested=false isTopActivityNoDisplay=false isSleeping=false locusId=null displayAreaFeatureId=1 isTopActivityTransparent=false isActivityStackTransparent=false lastNonFullscreenBounds=Rect(284, 660 - 796, 1740) capturedLink=null capturedLinkTimestamp=0 requestedVisibleTypes=-9 topActivityRequestOpenInBrowserEducationTimestamp=0 appCompatTaskInfo=AppCompatTaskInfo { topActivityInSizeCompat=false eligibleForLetterboxEducation= false isLetterboxEducationEnabled= true isLetterboxDoubleTapEnabled= false eligibleForUserAspectRatioButton= false topActivityBoundsLetterboxed= false isFromLetterboxDoubleTap= false topActivityLetterboxVerticalPosition= -1 topActivityLetterboxHorizontalPosition= -1 topActivityLetterboxWidth=-1 topActivityLetterboxHeight=-1 topActivityAppBounds=Rect(0, 0 - 1080, 2400) isUserFullscreenOverrideEnabled=false isSystemFullscreenOverrideEnabled=false hasMinAspectRatioOverride=false topActivityLetterboxBounds=null cameraCompatTaskInfo=CameraCompatTaskInfo { freeformCameraCompatMode=inactive}} topActivityMainWindowFrame=null}, pipChange = null, remoteTransition = null, displayChange = null, flags = 0, debugId = 87 }
02-19 10:16:28.914  4449  4467 D ShellSplitScreen: logExit: no-op, mLoggerSessionId is null
02-19 10:16:28.915  1341  1341 W SplitSelectStateCtor: Missing session instanceIds
02-19 10:16:28.915  1341  1341 D StatsLog: LAUNCHER_SPLIT_SELECTION_EXIT_INTERRUPTED
02-19 10:16:28.918  4449  4467 D WindowManagerShell: setLauncherKeepClearAreaHeight: visible=false, height=527
02-19 10:16:28.920  4449  4475 W HWUI    : Image decoding logging dropped!
02-19 10:16:28.926   752   797 V GrammaticalInflectionUtils: AttributionSource: android.content.AttributionSource@56784557 does not have READ_SYSTEM_GRAMMATICAL_GENDER permission.
02-19 10:16:28.929   615   715 W IPCThreadState: Sending oneway calls to frozen process.
02-19 10:16:28.929   752  1095 D BackgroundInstallControlService: Package event received: 0
02-19 10:16:28.938   458   458 D Zygote  : Forked child process 23359
02-19 10:16:28.940   752   806 I ActivityManager: Start proc 23359:viva.republica.toss.test/u0a217 for next-top-activity {viva.republica.toss.test/im.toss.rn.granite.core.GraniteActivity}
02-19 10:16:28.940   752   806 I ActivityManager: ProcessObserver broadcast disabled
02-19 10:16:29.631   531   531 I BpBinder: onLastStrongRef automatically unlinking death recipients: 
02-19 10:16:29.631  1341  1341 I Choreographer: Skipped 43 frames!  The application may be doing too much work on its main thread.
02-19 10:16:29.631  4449  4474 I Choreographer: Skipped 43 frames!  The application may be doing too much work on its main thread.
02-19 10:16:29.632  4449  4449 I Choreographer: Skipped 43 frames!  The application may be doing too much work on its main thread.
02-19 10:16:29.632   752   798 I Choreographer: Skipped 43 frames!  The application may be doing too much work on its main thread.
02-19 10:16:29.638   752  2305 D CoreBackPreview: Window{2122923 u0 Splash Screen viva.republica.toss.test}: Setting back callback OnBackInvokedCallbackInfo{mCallback=android.window.IOnBackInvokedCallback$Stub$Proxy@a27f19e, mPriority=0, mIsAnimationCallback=false, mOverrideBehavior=0}
02-19 10:16:29.696 23360 23360 W dumpsys : Thread Pool max thread count is 0. Cannot cache binder as linkToDeath cannot be implemented. serviceName: package
02-19 10:16:29.737 23359 23359 I blica.toss.test: Using CollectorTypeCMC GC.
02-19 10:16:29.739 23359 23359 W blica.toss.test: Unexpected CPU variant for x86: x86_64.
02-19 10:16:29.739 23359 23359 W blica.toss.test: Known variants: atom, sandybridge, silvermont, goldmont, goldmont-plus, goldmont-without-sha-xsaves, tremont, kabylake, alderlake, default
02-19 10:16:29.752 23359 23359 E blica.toss.test: Not starting debugger since process cannot load the jdwp agent.
02-19 10:16:29.757 23359 23359 D nativeloader: Load libframework-connectivity-tiramisu-jni.so using APEX ns com_android_tethering for caller /apex/com.android.tethering/javalib/framework-connectivity-t.jar: ok
02-19 10:16:29.805   752   794 V WindowManager: Sent Transition (#87) createdAt=02-19 10:16:28.902 via request=TransitionRequestInfo { type = OPEN, triggerTask = TaskInfo{userId=0 taskId=44 effectiveUid=10217 displayId=0 isRunning=true baseIntent=Intent { act=android.intent.action.VIEW dat=intoss://takealook/... flg=0x10000000 cmp=viva.republica.toss.test/im.toss.rn.granite.core.GraniteActivity } baseActivity=ComponentInfo{viva.republica.toss.test/im.toss.rn.granite.core.GraniteActivity} topActivity=ComponentInfo{viva.republica.toss.test/im.toss.rn.granite.core.GraniteActivity} origActivity=null realActivity=ComponentInfo{viva.republica.toss.test/im.toss.rn.granite.core.GraniteActivity} numActivities=1 lastActiveTime=75262758 supportsMultiWindow=true resizeMode=1 isResizeable=true minWidth=-1 minHeight=-1 defaultMinSize=220 token=WCT{RemoteToken{381999b Task{9b5c1a1 #44 type=standard A=10217:viva.republica.toss.test}}} topActivityType=1 pictureInPictureParams=null shouldDockBigOverlays=false launchIntoPipHostTaskId=-1 lastParentTaskIdBeforePip=-1 displayCutoutSafeInsets=Rect(0, 0 - 0, 0) topActivityInfo=ActivityInfo{3ddd138 im.toss.rn.granite.core.GraniteActivity} launchCookies=[] positionInParent=Point(0, 0) parentTaskId=-1 isFocused=false isVisible=false isVisibleRequested=false isTopActivityNoDisplay=false isSleeping=false locusId=null displayAreaFeatureId=1 isTopActivityTransparent=false isActivityStackTransparent=false lastNonFullscreenBounds=Rect(284, 660 - 796, 1740) capturedLink=null capturedLinkTimestamp=0 requestedVisibleTypes=-9 topActivityRequestOpenInBrowserEducationTimestamp=0 appCompatTaskInfo=AppCompatTaskInfo { topActivityInSizeCompat=false eligibleForLetterboxEducation= false isLetterboxEducationEnabled= true isLetterboxDoubleTapEnabled= false eligibleForUserAspectRatioButton= false topActivityBoundsLetterboxed= false isFromLetterboxDoubleTap= false topActivityLetterboxVerticalPosition= -1 topActivityLetterboxHorizontalPosition= -1 topActivityLetterboxWidth=-1 topActivityLetterboxHeight=-1 topActivityAppBounds=Rect(0, 0 - 1080, 2400) isUserFullscreenOverrideEnabled=false isSystemFullscreenOverrideEnabled=false hasMinAspectRatioOverride=false topActivityLetterboxBounds=null cameraCompatTaskInfo=CameraCompatTaskInfo { freeformCameraCompatMode=inactive}} topActivityMainWindowFrame=null}, pipChange = null, remoteTransition = null, displayChange = null, flags = 0, debugId = 87 }
02-19 10:16:29.805   752   794 V WindowManager:     startWCT=WindowContainerTransaction { changes= {} hops= [] errorCallbackToken=null taskFragmentOrganizer=null }
02-19 10:16:29.805   752   794 V WindowManager:     info={id=87 t=OPEN f=0x0 trk=0 r=[0@Point(0, 0)] c=[
02-19 10:16:29.805   752   794 V WindowManager:         {WCT{RemoteToken{381999b Task{9b5c1a1 #44 type=standard A=10217:viva.republica.toss.test}}} m=OPEN f=NONE leash=Surface(name=Task=44)/@0x4d80495 sb=Rect(0, 0 - 1080, 2400) eb=Rect(0, 0 - 1080, 2400) epz=Point(1080, 2400) d=0 taskParent=-1},
02-19 10:16:29.805   752   794 V WindowManager:         {WCT{RemoteToken{5218fe8 Task{dd43522 #1 type=home}}} m=TO_BACK f=SHOW_WALLPAPER leash=Surface(name=Task=1)/@0x8ddbd2e sb=Rect(0, 0 - 1080, 2400) eb=Rect(0, 0 - 1080, 2400) epz=Point(1080, 2400) d=0 taskParent=-1},
02-19 10:16:29.805   752   794 V WindowManager:         {m=TO_BACK f=IS_WALLPAPER leash=Surface(name=WallpaperWindowToken{35e0c0f showWhenLocked=false})/@0x512f5be sb=Rect(0, 0 - 1080, 2400) eb=Rect(0, 0 - 1080, 2400) epz=Point(1080, 2400) d=0}
02-19 10:16:29.805   752   794 V WindowManager:     ]}
02-19 10:16:29.805  4449  4488 V WindowManagerShell: onTransitionReady(transaction=3229815409017)
02-19 10:16:29.807  4449  4467 V WindowManagerShell: onTransitionReady (#87) android.os.BinderProxy@b92a31f: {id=87 t=OPEN f=0x0 trk=0 r=[0@Point(0, 0)] c=[
02-19 10:16:29.807  4449  4467 V WindowManagerShell:         {m=OPEN f=NONE leash=Surface(name=Task=44)/@0x76e402b sb=Rect(0, 0 - 1080, 2400) eb=Rect(0, 0 - 1080, 2400) epz=Point(1080, 2400) d=0 taskParent=-1},
02-19 10:16:29.807  4449  4467 V WindowManagerShell:         {m=TO_BACK f=SHOW_WALLPAPER leash=Surface(name=Task=1)/@0xdc09c88 sb=Rect(0, 0 - 1080, 2400) eb=Rect(0, 0 - 1080, 2400) epz=Point(1080, 2400) d=0 taskParent=-1},
02-19 10:16:29.807  4449  4467 V WindowManagerShell:         {m=TO_BACK f=IS_WALLPAPER leash=Surface(name=WallpaperWindowToken{35e0c0f showWhenLocked=false})/@0x3e44621 sb=Rect(0, 0 - 1080, 2400) eb=Rect(0, 0 - 1080, 2400) epz=Point(1080, 2400) d=0}
02-19 10:16:29.807  4449  4467 V WindowManagerShell:     ]}
02-19 10:16:29.808  4449  4467 V WindowManagerShell: Playing animation for (#87) android.os.BinderProxy@b92a31f@0
02-19 10:16:29.808  4449  4467 V ShellRecents: RecentsTransitionHandler.startAnimation: no controller found
02-19 10:16:29.808  4449  4467 V WindowManagerShell: Transition doesn't have explicit remote, search filters for match for {id=87 t=OPEN f=0x0 trk=0 r=[0@Point(0, 0)] c=[{m=OPEN f=NONE leash=Surface(name=Task=44)/@0x76e402b sb=Rect(0, 0 - 1080, 2400) eb=Rect(0, 0 - 1080, 2400) epz=Point(1080, 2400) d=0 taskParent=-1},{m=TO_BACK f=SHOW_WALLPAPER leash=Surface(name=Task=1)/@0xdc09c88 sb=Rect(0, 0 - 1080, 2400) eb=Rect(0, 0 - 1080, 2400) epz=Point(1080, 2400) d=0 taskParent=-1},{m=TO_BACK f=IS_WALLPAPER leash=Surface(name=WallpaperWindowToken{35e0c0f showWhenLocked=false})/@0x3e44621 sb=Rect(0, 0 - 1080, 2400) eb=Rect(0, 0 - 1080, 2400) epz=Point(1080, 2400) d=0}]}
02-19 10:16:29.808  4449  4467 V WindowManagerShell:  Checking filter Pair{{types=[] flags=0x0] notFlags=0x0 checks=[{atype=undefined independent=true modes=[CLOSE,TO_BACK] flags=IN_TASK_WITH_EMBEDDED_ACTIVITY mustBeTask=false order=ANY topActivity=null launchCookie=null taskFragmentToken=android.os.BinderProxy@188d51a windowingMode=undefined}]} RemoteTransition { remoteTransition = android.window.IRemoteTransition$Stub$Proxy@44cd84b, appThread = android.app.IApplicationThread$Stub$Proxy@3a12228, debugName = overlayBackTransition }}
02-19 10:16:29.808  4449  4467 V WindowManagerShell:  Checking filter Pair{{types=[] flags=0x0] notFlags=0x0 checks=[{atype=dream independent=true modes=[OPEN,TO_FRONT] flags=NONE mustBeTask=false order=ANY topActivity=null launchCookie=null windowingMode=undefined},{atype=home independent=true modes=[CLOSE,TO_BACK] flags=NONE mustBeTask=false order=ANY topActivity=null launchCookie=null windowingMode=undefined}]} RemoteTransition { remoteTransition = android.window.IRemoteTransition$Stub$Proxy@6f3eb41, appThread = android.app.IApplicationThread$Stub$Proxy@ccf28e6, debugName = LauncherToDream }}
02-19 10:16:29.808  4449  4467 V WindowManagerShell:  Checking filter Pair{{types=[] flags=0x0] notFlags=0x100 checks=[{atype=home independent=true modes=[OPEN,TO_FRONT] flags=NONE mustBeTask=false order=TOP topActivity=ComponentInfo{com.google.android.apps.nexuslauncher/com.google.android.apps.nexuslauncher.NexusLauncherActivity} launchCookie=null windowingMode=undefined},{atype=standard independent=true modes=[CLOSE,TO_BACK] flags=NONE mustBeTask=false order=ANY topActivity=null launchCookie=null windowingMode=undefined},{NOT atype=undefined independent=true modes=[] flags=NONE mustBeTask=true order=ANY topActivity=null launchCookie=null customAnim=true windowingMode=undefined}]} RemoteTransition { remoteTransition = android.window.IRemoteTransition$Stub$Proxy@a8eae27, appThread = android.app.IApplicationThread$Stub$Proxy@fa38d4, debugName = QuickstepLaunchHome }}
02-19 10:16:29.808  4449  4467 V WindowManagerShell:  Delegate animation for (#87) to null
02-19 10:16:29.809  4449  4467 V WindowManagerShell: start default transition animation, info = {id=87 t=OPEN f=0x0 trk=0 r=[0@Point(0, 0)] c=[{m=OPEN f=NONE leash=Surface(name=Task=44)/@0x76e402b sb=Rect(0, 0 - 1080, 2400) eb=Rect(0, 0 - 1080, 2400) epz=Point(1080, 2400) d=0 taskParent=-1},{m=TO_BACK f=SHOW_WALLPAPER leash=Surface(name=Task=1)/@0xdc09c88 sb=Rect(0, 0 - 1080, 2400) eb=Rect(0, 0 - 1080, 2400) epz=Point(1080, 2400) d=0 taskParent=-1},{m=TO_BACK f=IS_WALLPAPER leash=Surface(name=WallpaperWindowToken{35e0c0f showWhenLocked=false})/@0x3e44621 sb=Rect(0, 0 - 1080, 2400) eb=Rect(0, 0 - 1080, 2400) epz=Point(1080, 2400) d=0}]}
02-19 10:16:29.809  4449  4467 V WindowManagerShell: loadAnimation: anim=android.view.animation.AnimationSet@906f934 animAttr=0x13 type=OPEN isEntrance=false
02-19 10:16:29.811  4449  4467 V WindowManagerShell: loadAnimation: anim=android.view.animation.AnimationSet@4b474a0 animAttr=0x12 type=OPEN isEntrance=true
02-19 10:16:29.812   752  1095 D BackgroundInstallControlService: Package event received: 0
02-19 10:16:29.831  4449  4467 V WindowManagerShell:  animated by com.android.wm.shell.transition.DefaultTransitionHandler@f74d823
02-19 10:16:29.849 23359 23359 D ApplicationLoaders: Returning zygote-cached class loader: /system_ext/framework/androidx.window.extensions.jar
02-19 10:16:29.849 23359 23359 D ApplicationLoaders: Returning zygote-cached class loader: /system_ext/framework/androidx.window.sidecar.jar
02-19 10:16:29.852  4449  4511 I HWUI    : Davey! duration=897ms; Flags=1, FrameTimelineVsyncId=954767, IntendedVsync=75262755929680, Vsync=75263472596318, InputEventId=0, HandleInputStart=75263479655544, AnimationStart=75263479656870, PerformTraversalsStart=75263479906530, DrawStart=75263536189890, FrameDeadline=75262772596346, FrameStartTime=75263478462161, FrameInterval=16666666, WorkloadTarget=16666666, SyncQueued=75263536501782, SyncStart=75263541943078, IssueDrawCommandsStart=75263586088364, SwapBuffers=75263605887598, FrameCompleted=75263659333294, DequeueBufferDuration=9489, QueueBufferDuration=512436, GpuCompleted=75263659333294, SwapBuffersCompleted=75263644028869, DisplayPresentTime=0, CommandSubmissionCompleted=75263605887598, 
02-19 10:16:29.941 23359 23359 D nativeloader: Configuring clns-9 for other apk /data/app/~~NUQj-rdXzuicW-16SIRtKA==/viva.republica.toss.test-Si406wFvb_sqEA2GTBV6RQ==/base.apk. target_sdk_version=35, uses_libraries=, library_path=/data/app/~~NUQj-rdXzuicW-16SIRtKA==/viva.republica.toss.test-Si406wFvb_sqEA2GTBV6RQ==/lib/x86_64:/data/app/~~NUQj-rdXzuicW-16SIRtKA==/viva.republica.toss.test-Si406wFvb_sqEA2GTBV6RQ==/base.apk!/lib/x86_64, permitted_path=/data:/mnt/expand:/data/user/0/viva.republica.toss.test
02-19 10:16:29.949 23359 23359 D CompatChangeReporter: Compat change id reported: 202956589; UID 10217; state: ENABLED
02-19 10:16:29.973 23305 23305 I artd    : GetBestInfo: odex next to the dex file (/data/app/~~O-UZzK0jUU9NLgS3MODOZA==/com.google.android.gms-YQ2L6GsYyKuvu9MvIBK1EQ==/oat/x86_64/base.odex) is kOatUpToDate with filter 'speed-profile' executable 'false'
02-19 10:16:29.992 23359 23359 I blica.toss.test: AssetManager2(0x7d8fac428e58) locale list changing from [] to [en-US]
02-19 10:16:29.994 23305 23305 I artd    : GetBestInfo: odex next to the dex file (/data/app/~~O-UZzK0jUU9NLgS3MODOZA==/com.google.android.gms-YQ2L6GsYyKuvu9MvIBK1EQ==/oat/x86_64/split_AdsDynamite_installtime.odex) is kOatUpToDate with filter 'speed' executable 'false'
02-19 10:16:30.004 23305 23307 I artd    : GetBestInfo: odex next to the dex file (/data/app/~~O-UZzK0jUU9NLgS3MODOZA==/com.google.android.gms-YQ2L6GsYyKuvu9MvIBK1EQ==/oat/x86_64/split_CronetDynamite_installtime.odex) is kOatUpToDate with filter 'speed' executable 'false'
02-19 10:16:30.004 23359 23359 V GraphicsEnvironment: Currently set values for:
02-19 10:16:30.004 23359 23359 V GraphicsEnvironment:   angle_gl_driver_selection_pkgs=[]
02-19 10:16:30.005 23359 23359 V GraphicsEnvironment:   angle_gl_driver_selection_values=[]
02-19 10:16:30.005 23359 23359 V GraphicsEnvironment: viva.republica.toss.test is not listed in per-application setting
02-19 10:16:30.005 23359 23359 V GraphicsEnvironment: ANGLE allowlist from config: com.dreamgames.royalmatch com.dts.freefiremax com.dxx.firenow com.gramgames.mergedragons com.ludo.king com.mojang.minecraftpe com.my.defense com.nintendo.zaka com.os.airforce com.playrix.fishdomdd.gplay io.teslatech.callbreak jp.konami.prospia net.peakgames.toonblast
02-19 10:16:30.005 23359 23359 V GraphicsEnvironment: viva.republica.toss.test is not listed in ANGLE allowlist or settings, returning default
02-19 10:16:30.005 23359 23359 V GraphicsEnvironment: Neither updatable production driver nor prerelease driver is supported.
02-19 10:16:30.012 23305 23305 I artd    : GetBestInfo: odex next to the dex file (/data/app/~~O-UZzK0jUU9NLgS3MODOZA==/com.google.android.gms-YQ2L6GsYyKuvu9MvIBK1EQ==/oat/x86_64/split_DynamiteLoader_installtime.odex) is kOatUpToDate with filter 'speed' executable 'false'
02-19 10:16:30.018 23305 23305 I artd    : GetBestInfo: odex next to the dex file (/data/app/~~O-UZzK0jUU9NLgS3MODOZA==/com.google.android.gms-YQ2L6GsYyKuvu9MvIBK1EQ==/oat/x86_64/split_DynamiteModulesA_installtime.odex) is kOatUpToDate with filter 'speed' executable 'false'
02-19 10:16:30.020 23359 23359 D CompatChangeReporter: Compat change id reported: 279646685; UID 10217; state: ENABLED
02-19 10:16:30.022 23305 23305 I artd    : GetBestInfo: odex next to the dex file (/data/app/~~O-UZzK0jUU9NLgS3MODOZA==/com.google.android.gms-YQ2L6GsYyKuvu9MvIBK1EQ==/oat/x86_64/split_DynamiteModulesC_installtime.odex) is kOatUpToDate with filter 'speed' executable 'false'
02-19 10:16:30.027 23305 23305 I artd    : GetBestInfo: odex next to the dex file (/data/app/~~O-UZzK0jUU9NLgS3MODOZA==/com.google.android.gms-YQ2L6GsYyKuvu9MvIBK1EQ==/oat/x86_64/split_GoogleCertificates_installtime.odex) is kOatUpToDate with filter 'speed' executable 'false'
02-19 10:16:30.032 23359 23359 D nativeloader: Load /data/app/~~NUQj-rdXzuicW-16SIRtKA==/viva.republica.toss.test-Si406wFvb_sqEA2GTBV6RQ==/lib/x86_64/libmmkv.so using class loader ns clns-9 (caller=/data/app/~~NUQj-rdXzuicW-16SIRtKA==/viva.republica.toss.test-Si406wFvb_sqEA2GTBV6RQ==/base.apk): ok
02-19 10:16:30.033 23305 23307 I artd    : GetBestInfo: odex next to the dex file (/data/app/~~O-UZzK0jUU9NLgS3MODOZA==/com.google.android.gms-YQ2L6GsYyKuvu9MvIBK1EQ==/oat/x86_64/split_MapsDynamite_installtime.odex) is kOatUpToDate with filter 'speed' executable 'false'
02-19 10:16:30.036 23359 23379 E ashmem  : Pinning is deprecated since Android Q. Please use trim or other methods.
02-19 10:16:30.048 23305 23305 I artd    : GetBestInfo: odex next to the dex file (/data/app/~~O-UZzK0jUU9NLgS3MODOZA==/com.google.android.gms-YQ2L6GsYyKuvu9MvIBK1EQ==/oat/x86_64/split_MeasurementDynamite_installtime.odex) is kOatUpToDate with filter 'speed' executable 'false'
02-19 10:16:30.050 23359 23359 I blica.toss.test: AssetManager2(0x7d8fac426f18) locale list changing from [] to [en-US]
02-19 10:16:30.051 23359 23359 I WebViewFactory: Loading com.google.android.webview version 133.0.6943.137 (code 694313738)
02-19 10:16:30.052 23305 23305 I artd    : GetBestInfo: /data/app/~~O-UZzK0jUU9NLgS3MODOZA==/com.google.android.gms-YQ2L6GsYyKuvu9MvIBK1EQ==/split_maps_core_dynamite_ondemand.apk has no usable artifacts
02-19 10:16:30.053 23359 23359 I blica.toss.test: AssetManager2(0x7d8fac427878) locale list changing from [] to [en-US]
02-19 10:16:30.054 23359 23359 I blica.toss.test: AssetManager2(0x7d8fac4284f8) locale list changing from [] to [en-US]
02-19 10:16:30.055 23305 23307 I artd    : GetBestInfo: /data/user_de/0/com.google.android.gms/app_chimera/m/0000000c/dl-Appsearch.optional_250834100800.apk has no usable artifacts
02-19 10:16:30.055 23359 23359 V ResourcesManager: The following library key has been added: ResourcesKey{ mHash=a24a3099 mResDir=null mSplitDirs=[] mOverlayDirs=[] mLibDirs=[/data/app/~~86wu-kVgQoavtKNPNhKNpg==/com.google.android.webview-1KjOBROVBHjUvpUZHW2m2g==/WebViewGoogle.apk,/data/app/~~zfNTtjjfT5QjKD_7Ux4KKQ==/com.google.android.trichromelibrary_694313738-AgzLRnDhHPFXke_9IsnuqA==/TrichromeLibrary.apk] mDisplayId=0 mOverrideConfig=v36 mCompatInfo={420dpi always-compat} mLoaders=[]}
02-19 10:16:30.056 23305 23305 I artd    : GetBestInfo: /data/user_de/0/com.google.android.gms/app_chimera/m/00000001/CronetDynamite.apk has no usable artifacts
02-19 10:16:30.056 23305 23307 I artd    : GetBestInfo: /data/user_de/0/com.google.android.gms/app_chimera/m/00000002/DynamiteLoader.apk has no usable artifacts
02-19 10:16:30.056 23305 23305 I artd    : GetBestInfo: /data/user_de/0/com.google.android.gms/app_chimera/m/00000005/GoogleCertificates.apk has no usable artifacts
02-19 10:16:30.058 23359 23359 W blica.toss.test: Failed to find entry 'classes.dex': Entry not found
02-19 10:16:30.059 23359 23359 D nativeloader: Configuring clns-10 for other apk /data/app/~~zfNTtjjfT5QjKD_7Ux4KKQ==/com.google.android.trichromelibrary_694313738-AgzLRnDhHPFXke_9IsnuqA==/TrichromeLibrary.apk. target_sdk_version=34, uses_libraries=ALL, library_path=/data/app/~~86wu-kVgQoavtKNPNhKNpg==/com.google.android.webview-1KjOBROVBHjUvpUZHW2m2g==/lib/x86_64:/data/app/~~86wu-kVgQoavtKNPNhKNpg==/com.google.android.webview-1KjOBROVBHjUvpUZHW2m2g==/WebViewGoogle.apk!/lib/x86_64:/data/app/~~zfNTtjjfT5QjKD_7Ux4KKQ==/com.google.android.trichromelibrary_694313738-AgzLRnDhHPFXke_9IsnuqA==/TrichromeLibrary.apk!/lib/x86_64, permitted_path=/data:/mnt/expand
02-19 10:16:30.059 23305 23306 I artd    : GetBestInfo: /data/user_de/0/com.google.android.gms/app_chimera/m/00000009/dl-TfliteDynamiteDynamite.integ_252130102100800.apk has no usable artifacts
02-19 10:16:30.060 23359 23359 D ApplicationLoaders: Returning zygote-cached class loader: /system_ext/framework/androidx.window.extensions.jar
02-19 10:16:30.063 23359 23359 D nativeloader: Configuring clns-11 for other apk /data/app/~~86wu-kVgQoavtKNPNhKNpg==/com.google.android.webview-1KjOBROVBHjUvpUZHW2m2g==/WebViewGoogle.apk. target_sdk_version=34, uses_libraries=, library_path=/data/app/~~86wu-kVgQoavtKNPNhKNpg==/com.google.android.webview-1KjOBROVBHjUvpUZHW2m2g==/lib/x86_64:/data/app/~~86wu-kVgQoavtKNPNhKNpg==/com.google.android.webview-1KjOBROVBHjUvpUZHW2m2g==/WebViewGoogle.apk!/lib/x86_64:/data/app/~~zfNTtjjfT5QjKD_7Ux4KKQ==/com.google.android.trichromelibrary_694313738-AgzLRnDhHPFXke_9IsnuqA==/TrichromeLibrary.apk!/lib/x86_64, permitted_path=/data:/mnt/expand
02-19 10:16:30.064 23305 23306 I artd    : GetBestInfo: vdex next to the dex file (/data/user/0/com.google.android.gms/app_dg_cache/BF7C023AB90CCF01D1F467FC1CEBAF866511FF29/oat/x86_64/the.vdex) is kOatUpToDate with filter 'verify' executable 'false'
02-19 10:16:30.070 23305 23306 I artd    : GetBestInfo: /data/user_de/0/com.google.android.gms/app_chimera/m/00000010/dl-PlayCloudSearch.optional_250834100000.apk has no usable artifacts
02-19 10:16:30.077 23305 23306 I artd    : GetBestInfo: /data/user_de/0/com.google.android.gms/app_chimera/m/00000017/dl-PlayCloudSearch.optional_260438100000.apk has no usable artifacts
02-19 10:16:30.082 23305 23306 I artd    : GetBestInfo: /data/user_de/0/com.google.android.gms/app_chimera/m/00000015/dl-MlkitOcrCommon.optional_260438100800.apk has no usable artifacts
02-19 10:16:30.086 23305 23306 I artd    : GetBestInfo: /data/user_de/0/com.google.android.gms/app_chimera/m/00000013/dl-MlkitBarcodeUi.optional_260438100800.apk has no usable artifacts
02-19 10:16:30.095 23305 23306 I artd    : GetBestInfo: /data/user_de/0/com.google.android.gms/app_chimera/m/0000000f/dl-MlkitOcrCommon.optional_250834100800.apk has no usable artifacts
02-19 10:16:30.100 23305 23306 I artd    : GetBestInfo: /data/user_de/0/com.google.android.gms/app_chimera/m/0000000d/dl-VisionOcr.optional_250834100000.apk has no usable artifacts
02-19 10:16:30.105 23305 23306 I artd    : GetBestInfo: /data/user_de/0/com.google.android.gms/app_chimera/m/0000000a/dl-MlkitBarcodeUi.optional_250834100800.apk has no usable artifacts
02-19 10:16:30.108 23305 23306 I artd    : GetBestInfo: /data/user_de/0/com.google.android.gms/app_chimera/m/00000011/dl-VisionOcr.optional_260438100000.apk has no usable artifacts
02-19 10:16:30.111 23305 23306 I artd    : GetBestInfo: /data/user_de/0/com.google.android.gms/app_chimera/m/00000012/dl-Appsearch.optional_260438100800.apk has no usable artifacts
02-19 10:16:30.116 23305 23306 I artd    : GetBestInfo: vdex next to the dex file (/data/user/0/com.google.android.gms/app_dg_cache/94DF452EEF4B8E717545DCDEA6CC3C50A319A195/oat/x86_64/the.vdex) is kOatUpToDate with filter 'verify' executable 'false'
02-19 10:16:30.123 23305 23306 I artd    : GetBestInfo: /data/user_de/0/com.google.android.gms/app_chimera/m/00000007/MeasurementDynamite.apk has no usable artifacts
02-19 10:16:30.130 23305 23380 I artd    : GetBestInfo: /data/user_de/0/com.google.android.gms/app_chimera/m/00000018/dl-AdsFdrDynamite.integ_254380203100000.apk has no usable artifacts
02-19 10:16:30.131 23359 23359 I cr_WVCFactoryProvider: version=133.0.6943.137 (694313738) minSdkVersion=29 isBundle=false multiprocess=true packageId=2
02-19 10:16:30.134  4449  4467 V WindowManagerShell: Transition animation finished (aborted=false), notifying core (#87) android.os.BinderProxy@b92a31f@0
02-19 10:16:30.136   752   794 V WindowManager: Finish Transition (#87): created at 02-19 10:16:28.902 collect-started=0.026ms request-sent=10.454ms started=13.373ms ready=898.083ms sent=900.832ms commit=43.881ms finished=1233.915ms
02-19 10:16:30.138  1341  1341 D VRI[NexusLauncherActivity]: visibilityChanged oldVisibility=true newVisibility=false
02-19 10:16:30.141  4449  4467 V WindowManagerShell: Track 0 became idle
02-19 10:16:30.142  4449  4467 V WindowManagerShell: All active transition animations finished
02-19 10:16:30.144  1341  1341 D NexusLauncherModelDelegate: notifySmartspaceEvent: SmartspaceTargetEvent{mSmartspaceTarget=null, mSmartspaceActionId='null', mEventType=7}
02-19 10:16:30.153 23359 23359 D nativeloader: Load /data/app/~~zfNTtjjfT5QjKD_7Ux4KKQ==/com.google.android.trichromelibrary_694313738-AgzLRnDhHPFXke_9IsnuqA==/TrichromeLibrary.apk!/lib/x86_64/libmonochrome_64.so using class loader ns clns-11 (caller=/data/app/~~86wu-kVgQoavtKNPNhKNpg==/com.google.android.webview-1KjOBROVBHjUvpUZHW2m2g==/WebViewGoogle.apk): ok
02-19 10:16:30.202 23359 23359 D nativeloader: Load /system/lib64/libwebviewchromium_plat_support.so using class loader ns clns-11 (caller=/data/app/~~86wu-kVgQoavtKNPNhKNpg==/com.google.android.webview-1KjOBROVBHjUvpUZHW2m2g==/WebViewGoogle.apk): ok
02-19 10:16:30.219 23359 23385 E chromium: [0219/101630.213481:ERROR:variations_seed_loader.cc(39)] Seed missing signature.
02-19 10:16:30.220 23359 23385 I chromium: [INFO:variations_seed_loader.cc(67)] Failed to open file for reading.: No such file or directory (2)
02-19 10:16:30.222 23359 23379 D nativeloader: Configuring clns-12 for other apk . target_sdk_version=35, uses_libraries=ALL, library_path=/data/app/~~NUQj-rdXzuicW-16SIRtKA==/viva.republica.toss.test-Si406wFvb_sqEA2GTBV6RQ==/lib/x86_64:/data/app/~~NUQj-rdXzuicW-16SIRtKA==/viva.republica.toss.test-Si406wFvb_sqEA2GTBV6RQ==/base.apk!/lib/x86_64, permitted_path=/data:/mnt/expand
02-19 10:16:30.222 23359 23359 I cr_LibraryLoader: Successfully loaded native library
02-19 10:16:30.226 23359 23379 D nativeloader: Load /data/app/~~NUQj-rdXzuicW-16SIRtKA==/viva.republica.toss.test-Si406wFvb_sqEA2GTBV6RQ==/lib/x86_64/libdceb.so using isolated ns clns-12 (caller=/data/user/0/viva.republica.toss.test/Anonymous-DexFile@1467667017.jar): ok
02-19 10:16:30.226 23359 23359 I cr_CachingUmaRecorder: Flushed 6 samples from 6 histograms, 0 samples were dropped.
02-19 10:16:30.232 23359 23359 I cr_CombinedPProvider: #registerProvider() provider:WV.C8@1b8877 isPolicyCacheEnabled:false policyProvidersSize:0
02-19 10:16:30.234 23359 23359 I cr_PolicyProvider: #setManagerAndSource() 0
02-19 10:16:30.249   752  1454 V GrammaticalInflectionUtils: AttributionSource: android.content.AttributionSource@3e130539 does not have READ_SYSTEM_GRAMMATICAL_GENDER permission.
02-19 10:16:30.260  1263  1263 D Zygote  : Forked child process 23390
02-19 10:16:30.276 23390 23390 I ocessService0:0: Using CollectorTypeCMC GC.
02-19 10:16:30.283 23390 23390 W ocessService0:0: Unexpected CPU variant for x86: x86_64.
02-19 10:16:30.283 23390 23390 W ocessService0:0: Known variants: atom, sandybridge, silvermont, goldmont, goldmont-plus, goldmont-without-sha-xsaves, tremont, kabylake, alderlake, default
02-19 10:16:30.288 23390 23390 E ocessService0:0: Not starting debugger since process cannot load the jdwp agent.
02-19 10:16:30.294 23390 23390 D nativeloader: Load libframework-connectivity-tiramisu-jni.so using APEX ns com_android_tethering for caller /apex/com.android.tethering/javalib/framework-connectivity-t.jar: ok
02-19 10:16:30.295 23359 23359 I cr_CombinedPProvider: #linkNativeInternal() 1
02-19 10:16:30.297 23359 23359 I cr_AppResProvider: #getApplicationRestrictionsFromUserManager() Bundle[EMPTY_PARCEL]
02-19 10:16:30.297 23359 23359 I cr_PolicyProvider: #notifySettingsAvailable() 0
02-19 10:16:30.297 23359 23359 I cr_CombinedPProvider: #onSettingsAvailable() 0
02-19 10:16:30.297 23359 23359 I cr_CombinedPProvider: #flushPolicies()
02-19 10:16:30.300   752  1095 D BackgroundInstallControlService: Package event received: 0
02-19 10:16:30.344   752   806 W ActivityManager: Slow operation: 95ms so far, now at startProcess: returned from zygote!
02-19 10:16:30.350 23359 23359 I blica.toss.test: AssetManager2(0x7d8fac4281d8) locale list changing from [] to [en-US]
02-19 10:16:30.366 23359 23359 I blica.toss.test: AssetManager2(0x7d8fac425938) locale list changing from [] to [en-US]
02-19 10:16:30.369   752  1454 D ActivityManager: sync unfroze 14715 com.google.android.gms for 6
02-19 10:16:30.371 23359 23359 D DesktopModeFlags: Toggle override initialized to: OVERRIDE_UNSET
02-19 10:16:30.371 23359 23359 I DisplayManager: Implicitly registering for refresh rate
02-19 10:16:30.372   752  1095 D BackgroundInstallControlService: Package event received: 0
02-19 10:16:30.376   752  1454 D ActivityManager: sync unfroze 4656 com.google.android.adservices.api for 6
02-19 10:16:30.377   752  1095 D BackgroundInstallControlService: Package event received: 0
02-19 10:16:30.391   752  2363 W ActivityManager: Slow operation: 142ms so far, now at startProcess: done updating battery stats
02-19 10:16:30.391   752  2363 W ActivityManager: Slow operation: 142ms so far, now at startProcess: building log message
02-19 10:16:30.391   752  2363 I ActivityManager: Start proc 23390:com.google.android.webview:sandboxed_process0:org.chromium.content.app.SandboxedProcessService0:0/u0i15 for  {viva.republica.toss.test/org.chromium.content.app.SandboxedProcessService0:0}
02-19 10:16:30.392   752  2363 W ActivityManager: Slow operation: 142ms so far, now at startProcess: starting to update pids map
02-19 10:16:30.392   752  2363 I ActivityManager: ProcessObserver broadcast disabled
02-19 10:16:30.392   752  2363 W ActivityManager: Slow operation: 142ms so far, now at startProcess: done updating pids map
02-19 10:16:30.400 23390 23390 D CompatChangeReporter: Compat change id reported: 242716250; UID 99015; state: ENABLED
02-19 10:16:30.412 23390 23390 D ApplicationLoaders: Returning zygote-cached class loader: /system_ext/framework/androidx.window.extensions.jar
02-19 10:16:30.416 23390 23390 I ocessService0:0: AssetManager2(0x7d8fac42ba18) locale list changing from [] to [en-US]
02-19 10:16:30.421 14715 14715 D BoundBrokerSvc: onBind: Intent { act=com.google.android.gms.safetynet.service.START xflg=0x4 pkg=com.google.android.gms }
02-19 10:16:30.421 14715 14715 D BoundBrokerSvc: Loading bound service for intent: Intent { act=com.google.android.gms.safetynet.service.START xflg=0x4 pkg=com.google.android.gms }
02-19 10:16:30.429 23390 23390 I LoadedApk: No resource references to update in package com.google.android.trichromelibrary
02-19 10:16:30.431 23390 23390 I cr_WebViewApkApp: version=133.0.6943.137 (694313738) minSdkVersion=29 isBundle=false processName=com.google.android.webview:sandboxed_process0:org.chromium.content.app.SandboxedProcessService0:0
02-19 10:16:30.433   752  1095 D BackgroundInstallControlService: Package event received: 0
02-19 10:16:30.437 23390 23390 I cr_ChildProcessService: Creating new ChildProcessService pid=23390
02-19 10:16:30.626 14715 14745 I gle.android.gms: Explicit concurrent mark compact GC freed 540KB AllocSpace bytes, 0(0B) LOS objects, 24% free, 6931KB/9241KB, paused 952us,3.602ms total 221.719ms
02-19 10:16:45.074   752   752 W Looper  : Slow delivery took 5431ms main app=system_server main=true group=FOREGROUND h=com.android.server.pm.SnapshotStatistics$1 c=null m=0
02-19 10:16:45.074  1133  1133 I wpa_supplicant: wlan0: CTRL-EVENT-BEACON-LOSS 
02-19 10:16:45.077   752   797 W ActivityTaskManager: Launch timeout has expired, giving up wake lock!
02-19 10:16:45.077   752   805 I ActivityManager: Extending process start timeout by 168ms for ProcessRecord{a554ab4 23359:viva.republica.toss.test/u0a217}
02-19 10:16:45.084   752   752 W Looper  : Drained
02-19 10:16:45.134   752  2363 W ProcessStats: Tracking association SourceState{805127c com.google.android.gms/10148 BTop #10711} whose proc state 2 is better than process ProcessState{452e1c2 com.google.android.adservices.api/10205 pkg=com.google.android.adservices.api} proc state 15 (5 skipped)
02-19 10:16:45.139   752  2363 D ActivityManager: sync unfroze 4606 com.google.android.webview:webview_service for 6
02-19 10:16:45.140   752  2363 W IPCThreadState: Sending oneway calls to frozen process.
02-19 10:16:45.140   752  1095 D BackgroundInstallControlService: Package event received: 0
02-19 10:16:45.142  4656 23428 W adservices: Skip logging because Cobalt logger is null
02-19 10:16:45.142   752  1095 D BackgroundInstallControlService: Package event received: 0
02-19 10:16:45.142  4656 23429 W adservices: Skip logging because Cobalt is disabled.
02-19 10:16:45.266   752  1856 E TaskPersister: File error accessing recents directory (directory doesn't exist?).
02-19 10:16:45.267   752 23432 D ActivityManager: created ANR temporary file:/data/anr/temp_anr_9103728477105656529.txt
02-19 10:16:45.267   752 23432 I ActivityManager: Collecting stacks for pid 23359 into temporary file temp_anr_9103728477105656529.txt
02-19 10:16:45.269   752 23432 E system_server: Could not open /dev/binderfs/binder_logs/transactions. Likely a permissions issue. errno: 2
02-19 10:16:45.269   752 23432 E android.os.Debug: Failed to get binder state info for pid: 23359 status: -2: No such file or directory
02-19 10:16:45.272   752 23433 I ActivityManager: dumpStackTraces pids=null
02-19 10:16:45.273   752 23433 I ActivityManager: Dumping to /data/anr/anr_2026-02-19-10-16-45-273
02-19 10:16:45.274   752 23432 I system_server: libdebuggerd_client: started dumping process 23359
02-19 10:16:45.276   283   283 I tombstoned: registered intercept for pid 23359 and type kDebuggerdJavaBacktrace
02-19 10:16:45.264   752   752 W AnrMainProcessD: type=1400 audit(0.0:140): avc:  denied  { read } for  name="transactions" dev="binder" ino=1048587 scontext=u:r:system_server:s0 tcontext=u:object_r:binderfs_logs_transactions:s0 tclass=file permissive=0
02-19 10:16:45.277 23359 23364 I blica.toss.test: Thread[2,tid=23364,WaitingInMainSignalCatcherLoop,Thread*=0x7d8f4c4454b0,peer=0x2108020,"Signal Catcher"]: reacting to signal 3
02-19 10:16:45.277 23359 23364 I blica.toss.test: 
02-19 10:16:57.118   752 23432 E system_server: libdebuggerd_client: failed to read status response from tombstoned: Try again
02-19 10:16:57.119   283   283 I tombstoned: intercept for pid 23359 and type kDebuggerdJavaBacktrace terminated: due to timeout
02-19 10:16:57.122  1133  1133 I wpa_supplicant: wlan0: CTRL-EVENT-BEACON-LOSS 
02-19 10:16:57.131  1336  1556 D SatelliteController: iisInCarrierRoamingNbIotNtn: satellite is disabled
02-19 10:16:57.138   752 23432 W ActivityManager: Dumping Java threads failed, initiating native stack dump.
02-19 10:16:57.138   752 23432 E system_server: Could not open /dev/binderfs/binder_logs/transactions. Likely a permissions issue. errno: 2
02-19 10:16:57.138   752 23432 E android.os.Debug: Failed to get binder state info for pid: 23359 status: -2: No such file or directory
02-19 10:16:57.141   752 23432 I system_server: libdebuggerd_client: started dumping process 23359
02-19 10:16:57.144   283   283 I tombstoned: registered intercept for pid 23359 and type kDebuggerdNativeBacktrace
02-19 10:16:57.145 23359 23359 I libc    : Requested dump for pid 23359 (blica.toss.test)
02-19 10:16:57.132   752   752 W AnrMainProcessD: type=1400 audit(0.0:141): avc:  denied  { read } for  name="transactions" dev="binder" ino=1048587 scontext=u:r:system_server:s0 tcontext=u:object_r:binderfs_logs_transactions:s0 tclass=file permissive=0
02-19 10:16:57.339 23437 23437 I crash_dump64: obtaining output fd from tombstoned, type: kDebuggerdNativeBacktrace
02-19 10:16:57.352   283   283 I tombstoned: received crash request for pid 23359
02-19 10:16:57.352   283   283 I tombstoned: found intercept fd 512 for pid 23359 and type kDebuggerdNativeBacktrace
02-19 10:16:57.353 23437 23437 I crash_dump64: performing dump of process 23359 (target tid = 23359)
02-19 10:16:57.584 23359 23444 D nativeloader: Load /data/app/~~NUQj-rdXzuicW-16SIRtKA==/viva.republica.toss.test-Si406wFvb_sqEA2GTBV6RQ==/lib/x86_64/libbugsnag-root-detection.so using class loader ns clns-9 (caller=/data/app/~~NUQj-rdXzuicW-16SIRtKA==/viva.republica.toss.test-Si406wFvb_sqEA2GTBV6RQ==/base.apk): ok
02-19 10:16:57.658   752  1454 D FileUtils: Rounded bytes from 2067259392 to 4000000000
02-19 10:16:58.124   283   283 I tombstoned: received crash request for pid 23359
02-19 10:16:58.208 23359 23364 I blica.toss.test: Wrote stack traces to tombstoned
02-19 10:16:58.208   283   283 E tombstoned: Traces for pid 23359 written to: trace_03
02-19 10:16:58.351  1782  2426 I bbax    : (REDACTED) getHotwordActive::active query: %s, watch: %s, devices connected: %s
02-19 10:16:58.371 23359 23442 D nativeloader: Load /data/app/~~NUQj-rdXzuicW-16SIRtKA==/viva.republica.toss.test-Si406wFvb_sqEA2GTBV6RQ==/lib/x86_64/libbugsnag-ndk.so using class loader ns clns-9 (caller=<unknown>): ok
02-19 10:16:58.413   752  1454 D FileUtils: Rounded bytes from 2067259392 to 4000000000
02-19 10:16:58.414 23359 23359 W BugsnagNDK: Initialization complete!
02-19 10:16:58.429 23359 23442 D nativeloader: Load /data/app/~~NUQj-rdXzuicW-16SIRtKA==/viva.republica.toss.test-Si406wFvb_sqEA2GTBV6RQ==/lib/x86_64/libbugsnag-plugin-android-anr.so using class loader ns clns-9 (caller=<unknown>): ok
02-19 10:16:58.465   752  1454 D ConnectivityService: requestNetwork for uid/pid:10217/23359 activeRequest: null callbackRequest: 371 [NetworkRequest [ REQUEST id=372, [ Capabilities: INTERNET&NOT_RESTRICTED&TRUSTED&NOT_VCN_MANAGED&NOT_BANDWIDTH_CONSTRAINED Uid: 10217 RequestorUid: 10217 RequestorPkg: viva.republica.toss.test UnderlyingNetworks: Null] ]] callback flags: 0 order: 2147483647 isUidTracked: false declaredMethods: AVAIL|UNAVAIL
02-19 10:16:58.471   752  1023 D OemPaidWifiNetworkFactory: got request NetworkRequest [ REQUEST id=372, [ Capabilities: INTERNET&NOT_RESTRICTED&TRUSTED&NOT_VCN_MANAGED&NOT_BANDWIDTH_CONSTRAINED Uid: 10217 RequestorUid: 10217 RequestorPkg: viva.republica.toss.test UnderlyingNetworks: Null] ]
02-19 10:16:58.471   752  1023 D MultiInternetWifiNetworkFactory: got request NetworkRequest [ REQUEST id=372, [ Capabilities: INTERNET&NOT_RESTRICTED&TRUSTED&NOT_VCN_MANAGED&NOT_BANDWIDTH_CONSTRAINED Uid: 10217 RequestorUid: 10217 RequestorPkg: viva.republica.toss.test UnderlyingNetworks: Null] ]
02-19 10:16:58.472 23359 23359 W System.err: SLF4J: No SLF4J providers were found.
02-19 10:16:58.472 23359 23359 W System.err: SLF4J: Defaulting to no-operation (NOP) logger implementation
02-19 10:16:58.472 23359 23359 W System.err: SLF4J: See https://www.slf4j.org/codes.html#noProviders for further details.
02-19 10:16:58.480   752  1029 D ConnectivityService: NetReassign [372 : null → 105] [c 1] [a 2] [i 11]
02-19 10:16:58.481   752  1023 D WifiNetworkFactory: got request NetworkRequest [ REQUEST id=372, [ Capabilities: INTERNET&NOT_RESTRICTED&TRUSTED&NOT_VCN_MANAGED&NOT_BANDWIDTH_CONSTRAINED Uid: 10217 RequestorUid: 10217 RequestorPkg: viva.republica.toss.test UnderlyingNetworks: Null] ]
02-19 10:16:58.482   752  1023 D UntrustedWifiNetworkFactory: got request NetworkRequest [ REQUEST id=372, [ Capabilities: INTERNET&NOT_RESTRICTED&TRUSTED&NOT_VCN_MANAGED&NOT_BANDWIDTH_CONSTRAINED Uid: 10217 RequestorUid: 10217 RequestorPkg: viva.republica.toss.test UnderlyingNetworks: Null] ]
02-19 10:16:58.484   283   283 W tombstoned: skipping tombstone file creation due to intercept
02-19 10:16:58.495   752 23432 I system_server: libdebuggerd_client: done dumping process 23359
02-19 10:16:58.505   752 23432 E ActivityManager: Aborted stack trace dump (current primary pid=23359); deadline exceeded.
