02-19 10:16:58.508   752 23433 I ActivityManager: dumpStackTraces nativepids=null
02-19 10:16:58.510   752 23433 I ActivityManager: dumpStackTraces extraPids=null
02-19 10:16:58.511   752 23433 I ActivityManager: Done dumping
02-19 10:16:58.523   752  2363 W OptProp : Cannot read opt property android.window.PROPERTY_COMPAT_ENABLE_FAKE_FOCUS
02-19 10:16:58.524   752  2363 D CompatChangeReporter: Compat change id reported: 324203798; UID 10217; state: ENABLED
02-19 10:16:58.534   752   797 W ProcessStats: Tracking association SourceState{805127c com.google.android.gms/10148 BTop #10714} whose proc state 2 is better than process ProcessState{452e1c2 com.google.android.adservices.api/10205 pkg=com.google.android.adservices.api} proc state 15 (2 skipped)
02-19 10:16:58.540   752  1095 D BackgroundInstallControlService: Package event received: 0
02-19 10:16:58.540   752  1095 D BackgroundInstallControlService: Package event received: 0
02-19 10:16:58.541 23359 23359 I Choreographer: Skipped 1710 frames!  The application may be doing too much work on its main thread.
02-19 10:16:58.572   752 23433 W ProcessCpuTracker: Failed to stat(/proc/23439): android.system.ErrnoException: stat failed: ENOENT (No such file or directory)
02-19 10:16:58.573   752 23433 W ProcessCpuTracker: Skipping unknown process pid 23439
02-19 10:16:58.580   752 23433 E ActivityManager: ANR in viva.republica.toss.test
02-19 10:16:58.580   752 23433 E ActivityManager: PID: 23359
02-19 10:16:58.580   752 23433 E ActivityManager: Reason: Process ProcessRecord{a554ab4 23359:viva.republica.toss.test/u0a217} failed to complete startup
02-19 10:16:58.580   752 23433 E ActivityManager: ErrorId: 0c591781-19e7-4c8e-8974-bf93c9b27cfd
02-19 10:16:58.580   752 23433 E ActivityManager: Frozen: false
02-19 10:16:58.580   752 23433 E ActivityManager: Load: 0.0 / 0.0 / 0.0
02-19 10:16:58.580   752 23433 E ActivityManager: ----- Output from /proc/pressure/memory -----
02-19 10:16:58.580   752 23433 E ActivityManager: some avg10=0.18 avg60=0.03 avg300=0.06 total=288794653
02-19 10:16:58.580   752 23433 E ActivityManager: full avg10=0.18 avg60=0.03 avg300=0.04 total=195314273
02-19 10:16:58.580   752 23433 E ActivityManager: ----- End output from /proc/pressure/memory -----
02-19 10:16:58.580   752 23433 E ActivityManager: ----- Output from /proc/pressure/cpu -----
02-19 10:16:58.580   752 23433 E ActivityManager: some avg10=3.69 avg60=1.08 avg300=1.44 total=1306297560
02-19 10:16:58.580   752 23433 E ActivityManager: full avg10=0.00 avg60=0.00 avg300=0.00 total=0
02-19 10:16:58.580   752 23433 E ActivityManager: ----- End output from /proc/pressure/cpu -----
02-19 10:16:58.580   752 23433 E ActivityManager: ----- Output from /proc/pressure/io -----
02-19 10:16:58.580   752 23433 E ActivityManager: some avg10=0.36 avg60=0.08 avg300=0.40 total=917029819
02-19 10:16:58.580   752 23433 E ActivityManager: full avg10=0.00 avg60=0.00 avg300=0.25 total=521861607
02-19 10:16:58.580   752 23433 E ActivityManager: ----- End output from /proc/pressure/io -----
02-19 10:16:58.580   752 23433 E ActivityManager: 
02-19 10:16:58.580   752 23433 E ActivityManager: CPU usage from 2ms to 13249ms later (2026-02-19 10:16:45.269 to 2026-02-19 10:16:58.516):
02-19 10:16:58.580   752 23433 E ActivityManager:   8.8% 23359/viva.republica.toss.test: 4% user + 4.8% kernel / faults: 5849 minor 32 major
02-19 10:16:58.580   752 23433 E ActivityManager:   1.4% 752/system_server: 0.6% user + 0.7% kernel / faults: 550 minor
02-19 10:16:58.580   752 23433 E ActivityManager:   0.4% 20504/kworker/u8:3-events_unbound: 0% user + 0.4% kernel
02-19 10:16:58.580   752 23433 E ActivityManager:   0% 22980/kworker/3:3H: 0% user + 0% kernel
02-19 10:16:58.580   752 23433 E ActivityManager:   0% 1/init: 0% user + 0% kernel / faults: 1 minor
02-19 10:16:58.580   752 23433 E ActivityManager:   0% 16/rcu_preempt: 0% user + 0% kernel
02-19 10:16:58.580   752 23433 E ActivityManager:   0% 26/ksoftirqd/2: 0% user + 0% kernel
02-19 10:16:58.580   752 23433 E ActivityManager:   0% 32/ksoftirqd/1: 0% user + 0% kernel
02-19 10:16:58.580   752 23433 E ActivityManager:   0% 38/ksoftirqd/3: 0% user + 0% kernel
02-19 10:16:58.580   752 23433 E ActivityManager:   0% 56/kswapd0: 0% user + 0% kernel
02-19 10:16:58.580   752 23433 E ActivityManager: 5.8% TOTAL: 0.3% user + 0.5% kernel + 4.4% iowait + 0.3% irq + 0% softirq
02-19 10:16:58.580   752 23433 E ActivityManager: CPU usage from 75279113ms to 75279113ms ago (1970-01-01 09:00:00.000 to 1970-01-01 09:00:00.000) with 0% awake:
02-19 10:16:58.580   752 23433 E ActivityManager: 0% TOTAL: 0% user + 0% kernel
02-19 10:16:58.581 23359 23457 I CameraManagerGlobal: Connecting to camera service
02-19 10:16:58.581 23359 23359 I blica.toss.test: AssetManager2(0x7d8fac432db8) locale list changing from [] to [en-US]
02-19 10:16:58.582   752 23433 D ActivityManager: Completed ANR of viva.republica.toss.test in 13316ms, latency 1ms
02-19 10:16:58.594   752 23462 I DropBoxManagerService: add tag=data_app_anr isTagEnabled=true flags=0x6
02-19 10:16:58.611   615   615 I AttributionAndPermissionUtils: checkPermission (forDataDelivery 0 startDataDelivery 0): Permission hard denied for client attribution [uid 10217, pid 23359, packageName "<unknown>"]
02-19 10:16:58.621 23359 23367 W blica.toss.test: Suspending all threads took: 9.342ms
02-19 10:16:58.712   752   795 D CoreBackPreview: Window{71cb84d u0 Application Not Responding: viva.republica.toss.test}: Setting back callback OnBackInvokedCallbackInfo{mCallback=android.window.WindowOnBackInvokedDispatcher$OnBackInvokedCallbackWrapper@8ce8c5a, mPriority=-1, mIsAnimationCallback=false, mOverrideBehavior=0}
02-19 10:16:58.713 23359 23367 I blica.toss.test: Background concurrent mark compact GC freed 4059KB AllocSpace bytes, 34(980KB) LOS objects, 49% free, 8051KB/15MB, paused 11.388ms,9.312ms total 181.482ms
02-19 10:16:58.724   752  2468 I EGL_emulation: Opening libGLESv1_CM_emulation.so
02-19 10:16:58.727   752  2468 I EGL_emulation: Opening libGLESv2_emulation.so
02-19 10:16:58.754 23359 23359 I blica.toss.test: AssetManager2(0x7d8fac4281d8) locale list changing from [] to [en-US]
02-19 10:16:58.764   752  2468 W HWUI    : Failed to choose config with EGL_SWAP_BEHAVIOR_PRESERVED, retrying without...
02-19 10:16:58.765   752  2468 W HWUI    : Failed to initialize 101010-2 format, error = EGL_SUCCESS
02-19 10:16:58.881 23359 23460 I EGL_emulation: Opening libGLESv1_CM_emulation.so
02-19 10:16:58.882 23359 23460 I EGL_emulation: Opening libGLESv2_emulation.so
02-19 10:16:58.914 23359 23460 W HWUI    : Failed to choose config with EGL_SWAP_BEHAVIOR_PRESERVED, retrying without...
02-19 10:16:58.914 23359 23460 W HWUI    : Failed to initialize 101010-2 format, error = EGL_SUCCESS
02-19 10:16:58.950   752   795 W Looper  : Slow dispatch took 249ms android.ui app=system_server main=false group=TOP_APP h=android.view.Choreographer$FrameHandler c=android.view.Choreographer$FrameDisplayEventReceiver@871751d m=0
02-19 10:16:58.952   752   795 W Looper  : Slow delivery took 277ms android.ui app=system_server main=false group=TOP_APP h=com.android.server.wm.DisplayPolicy$PolicyHandler c=com.android.server.wm.DisplayPolicy$$ExternalSyntheticLambda14@bb24cb2 m=0
02-19 10:16:58.964   752   775 I system_server: Background concurrent mark compact GC freed 23MB AllocSpace bytes, 32(1292KB) LOS objects, 43% free, 31MB/55MB, paused 3.695ms,9.348ms total 493.513ms
02-19 10:16:58.966   752   776 I BpBinder: onLastStrongRef automatically unlinking death recipients: 
02-19 10:16:58.973   752   795 W Looper  : Drained
02-19 10:16:59.011   752   777 W System  : A resource failed to call release. 
02-19 10:16:59.144 23359 23359 I blica.toss.test: AssetManager2(0x7d8fac432a98) locale list changing from [] to [en-US]
02-19 10:16:59.148 23359 23359 D CompatChangeReporter: Compat change id reported: 309578419; UID 10217; state: ENABLED
02-19 10:16:59.267 23359 23359 D CompatChangeReporter: Compat change id reported: 352594277; UID 10217; state: ENABLED
02-19 10:16:59.291 23359 23359 D CompatChangeReporter: Compat change id reported: 349153669; UID 10217; state: ENABLED
02-19 10:16:59.304 23359 23359 W HWUI    : Unknown dataspace 0
02-19 10:16:59.586   752  2363 D CoreBackPreview: Window{1dd9dc2 u0 viva.republica.toss.test/im.toss.rn.granite.core.GraniteActivity}: Setting back callback OnBackInvokedCallbackInfo{mCallback=android.window.IOnBackInvokedCallback$Stub$Proxy@492a09, mPriority=0, mIsAnimationCallback=false, mOverrideBehavior=0}
02-19 10:16:59.589 23359 23359 W unknown:ReactRootView: Unable to update root layout specs for uninitialized ReactInstanceManager
02-19 10:16:59.618 23359 23359 V SoLoader: Init System Loader delegate
02-19 10:16:59.638   752   794 I ActivityTaskManager: Displayed viva.republica.toss.test/im.toss.rn.granite.core.GraniteActivity for user 0: +30s720ms
02-19 10:16:59.801   752   797 W IPCThreadState: Sending oneway calls to frozen process.
02-19 10:16:59.816   752   797 W IPCThreadState: Sending oneway calls to frozen process.
02-19 10:16:59.816   752   797 W IPCThreadState: Sending oneway calls to frozen process.
02-19 10:16:59.817   752   797 W IPCThreadState: Sending oneway calls to frozen process.
02-19 10:16:59.817   752   797 W IPCThreadState: Sending oneway calls to frozen process.
02-19 10:16:59.817   752   797 W IPCThreadState: Sending oneway calls to frozen process.
02-19 10:16:59.817   752   797 W IPCThreadState: Sending oneway calls to frozen process.
02-19 10:16:59.817   752   797 W IPCThreadState: Sending oneway calls to frozen process.
02-19 10:16:59.819   752   797 W IPCThreadState: Sending oneway calls to frozen process.
02-19 10:16:59.819   752   797 W IPCThreadState: Sending oneway calls to frozen process.
02-19 10:16:59.819   752   797 W IPCThreadState: Sending oneway calls to frozen process.
02-19 10:16:59.819   752   797 W IPCThreadState: Sending oneway calls to frozen process.
02-19 10:16:59.820   752   797 W IPCThreadState: Sending oneway calls to frozen process.
02-19 10:16:59.820   752   797 W IPCThreadState: Sending oneway calls to frozen process.
02-19 10:16:59.823  1341  1341 D BaseDepthController: setSurface:
02-19 10:16:59.823  1341  1341 D BaseDepthController: 	mWaitingOnSurfaceValidity: false
02-19 10:16:59.823  1341  1341 D BaseDepthController: 	mBaseSurface: null
02-19 10:16:59.824  1341  1341 D BaseDepthController: mSurface is null and mCurrentBlur is: 0
02-19 10:16:59.837  1341  1341 D StateManager: goToState - fromState: Normal, toState: Normal, partial trace:
02-19 10:16:59.837  1341  1341 D StateManager: 	at com.android.launcher3.statemanager.StateManager.moveToRestState(go/retraceme 72a59688580715d19f0e415c69e80376c2f062d1648c80db6730905005a27c20:4)
02-19 10:16:59.837  1341  1341 D StateManager: 	at com.android.launcher3.statemanager.StateManager.moveToRestState(go/retraceme 72a59688580715d19f0e415c69e80376c2f062d1648c80db6730905005a27c20:1)
02-19 10:16:59.837  1341  1341 D StateManager: 	at com.android.launcher3.statemanager.StatefulActivity.onStop(go/retraceme 72a59688580715d19f0e415c69e80376c2f062d1648c80db6730905005a27c20:34)
02-19 10:16:59.837  1341  1341 D StatsLog: LAUNCHER_ONSTOP
02-19 10:16:59.838 20068 20156 I FontLog : (REDACTED) Received query %s, URI %s
02-19 10:16:59.838 20068 20156 I FontLog : (REDACTED) Query [%s] resolved to %s
02-19 10:16:59.844 20068 20156 I FontLog : (REDACTED) Fetch %s end status %s
02-19 10:16:59.845 23359 23497 W unknown:ReconnectingWebSocket: Couldn't connect to "ws://10.0.2.2:8081/message?device=sdk_gphone64_x86_64%20-%2016%20-%20API%2036&app=viva.republica.toss.test&clientid=BridgeDevSupportManager", will silently retry
02-19 10:16:59.862 20068 20155 I FontLog : (REDACTED) Pulling font file for id = %d, cache size = %d
02-19 10:16:59.877  1341  1341 D StatsLog: LAUNCHER_GOOGLE_SEARCH_RESTORE_LIST_SIZE_AFTER_ACTIVITY_RESTART
02-19 10:16:59.898   752  1095 D BackgroundInstallControlService: Package event received: 0
02-19 10:16:59.904 23359 23499 W unknown:InspectorPackagerConnection: Couldn't connect to packager, will silently retry
02-19 10:16:59.957  1341  1356 W System  : A resource failed to call release. 
02-19 10:16:59.957  1341  1356 W System  : A resource failed to call release. 
02-19 10:16:59.997   615   715 W IPCThreadState: Sending oneway calls to frozen process.
02-19 10:17:00.009 20068 20155 I FontLog : (REDACTED) Pulling font file for id = %d, cache size = %d
02-19 10:17:00.024 23359 23359 E unknown:ReactRootView: Unhandled SoftException
02-19 10:17:00.024 23359 23359 E unknown:ReactRootView: com.facebook.react.uimanager.IllegalViewOperationException: Trying to attach a ReactRootView with an explicit id already set to [2131362676]. React Native uses the id field to track react tags and will overwrite this field. If that is fine, explicitly overwrite the id field to View.NO_ID.
02-19 10:17:00.024 23359 23359 E unknown:ReactRootView: 	at com.facebook.react.ReactRootView.attachToReactInstanceManager(:799)
02-19 10:17:00.024 23359 23359 E unknown:ReactRootView: 	at com.facebook.react.ReactRootView.startReactApplication(:509)
02-19 10:17:00.024 23359 23359 E unknown:ReactRootView: 	at com.facebook.react.ReactRootView.startReactApplication(:469)
02-19 10:17:00.024 23359 23359 E unknown:ReactRootView: 	at im.toss.rn.granite.core.GraniteActivity.write(:486)
02-19 10:17:00.024 23359 23359 E unknown:ReactRootView: 	at im.toss.rn.granite.core.GraniteActivity.RemoteActionCompatParcelizer(:124)
02-19 10:17:00.024 23359 23359 E unknown:ReactRootView: 	at im.toss.rn.granite.core.GraniteActivity$RemoteActionCompatParcelizer.IconCompatParcelizer(:65353)
02-19 10:17:00.024 23359 23359 E unknown:ReactRootView: 	at o.sh.a_(:33)
02-19 10:17:00.024 23359 23359 E unknown:ReactRootView: 	at o.xP.run(:100)
02-19 10:17:00.024 23359 23359 E unknown:ReactRootView: 	at android.os.Handler.handleCallback(Handler.java:995)
02-19 10:17:00.024 23359 23359 E unknown:ReactRootView: 	at android.os.Handler.dispatchMessage(Handler.java:103)
02-19 10:17:00.024 23359 23359 E unknown:ReactRootView: 	at android.os.Looper.loopOnce(Looper.java:248)
02-19 10:17:00.024 23359 23359 E unknown:ReactRootView: 	at android.os.Looper.loop(Looper.java:338)
02-19 10:17:00.024 23359 23359 E unknown:ReactRootView: 	at android.app.ActivityThread.main(ActivityThread.java:9067)
02-19 10:17:00.024 23359 23359 E unknown:ReactRootView: 	at java.lang.reflect.Method.invoke(Native Method)
02-19 10:17:00.024 23359 23359 E unknown:ReactRootView: 	at com.android.internal.os.RuntimeInit$MethodAndArgsCaller.run(RuntimeInit.java:593)
02-19 10:17:00.024 23359 23359 E unknown:ReactRootView: 	at com.android.internal.os.ZygoteInit.main(ZygoteInit.java:932)
02-19 10:17:00.029 23359 23359 D CompatChangeReporter: Compat change id reported: 270674727; UID 10217; state: ENABLED
02-19 10:17:00.065  4449  4474 W WindowOnBackDispatcher: sendCancelIfRunning: isInProgress=false callback=android.view.ViewRootImpl$$ExternalSyntheticLambda13@ef64f70
02-19 10:17:00.070   752  1940 D CoreBackPreview: Window{2122923 u0 Splash Screen viva.republica.toss.test EXITING}: Setting back callback null
02-19 10:17:00.123 23359 23359 D CompatChangeReporter: Compat change id reported: 63938206; UID 10217; state: ENABLED
02-19 10:17:00.204   752  1940 D CoreBackPreview: Window{d3c911f u0 PopupWindow:9d776f3}: Setting back callback OnBackInvokedCallbackInfo{mCallback=android.window.IOnBackInvokedCallback$Stub$Proxy@49e4235, mPriority=0, mIsAnimationCallback=false, mOverrideBehavior=0}
02-19 10:17:01.928 23359 23359 W WindowOnBackDispatcher: sendCancelIfRunning: isInProgress=false callback=android.view.ViewRootImpl$$ExternalSyntheticLambda13@cc27eba
02-19 10:17:01.928   752  1940 D CoreBackPreview: Window{d3c911f u0 PopupWindow:9d776f3}: Setting back callback null
02-19 10:17:02.034 23359 23504 D nativeloader: Load /data/app/~~NUQj-rdXzuicW-16SIRtKA==/viva.republica.toss.test-Si406wFvb_sqEA2GTBV6RQ==/lib/x86_64/libc++_shared.so using class loader ns clns-9 (caller=<unknown>): ok
02-19 10:17:02.047 23359 23504 D nativeloader: Load /data/app/~~NUQj-rdXzuicW-16SIRtKA==/viva.republica.toss.test-Si406wFvb_sqEA2GTBV6RQ==/lib/x86_64/libglog.so using class loader ns clns-9 (caller=<unknown>): ok
02-19 10:17:02.055 23359 23504 D nativeloader: Load /data/app/~~NUQj-rdXzuicW-16SIRtKA==/viva.republica.toss.test-Si406wFvb_sqEA2GTBV6RQ==/lib/x86_64/libfolly_runtime.so using class loader ns clns-9 (caller=<unknown>): ok
02-19 10:17:02.060 23359 23504 D nativeloader: Load /data/app/~~NUQj-rdXzuicW-16SIRtKA==/viva.republica.toss.test-Si406wFvb_sqEA2GTBV6RQ==/lib/x86_64/libfbjni.so using class loader ns clns-9 (caller=<unknown>): ok
02-19 10:17:02.067 23359 23504 D nativeloader: Load /data/app/~~NUQj-rdXzuicW-16SIRtKA==/viva.republica.toss.test-Si406wFvb_sqEA2GTBV6RQ==/lib/x86_64/libjsi.so using class loader ns clns-9 (caller=<unknown>): ok
02-19 10:17:02.073 23359 23504 D nativeloader: Load /data/app/~~NUQj-rdXzuicW-16SIRtKA==/viva.republica.toss.test-Si406wFvb_sqEA2GTBV6RQ==/lib/x86_64/libhermes.so using class loader ns clns-9 (caller=<unknown>): ok
02-19 10:17:02.079 23359 23504 D nativeloader: Load /data/app/~~NUQj-rdXzuicW-16SIRtKA==/viva.republica.toss.test-Si406wFvb_sqEA2GTBV6RQ==/lib/x86_64/libfb.so using class loader ns clns-9 (caller=<unknown>): ok
02-19 10:17:02.085 23359 23504 D nativeloader: Load /data/app/~~NUQj-rdXzuicW-16SIRtKA==/viva.republica.toss.test-Si406wFvb_sqEA2GTBV6RQ==/lib/x86_64/libyoga.so using class loader ns clns-9 (caller=<unknown>): ok
02-19 10:17:02.094 23359 23504 D nativeloader: Load /data/app/~~NUQj-rdXzuicW-16SIRtKA==/viva.republica.toss.test-Si406wFvb_sqEA2GTBV6RQ==/lib/x86_64/libruntimeexecutor.so using class loader ns clns-9 (caller=<unknown>): ok
02-19 10:17:02.096 23359 23504 D nativeloader: Load /data/app/~~NUQj-rdXzuicW-16SIRtKA==/viva.republica.toss.test-Si406wFvb_sqEA2GTBV6RQ==/lib/x86_64/libreact_debug.so using class loader ns clns-9 (caller=<unknown>): ok
02-19 10:17:02.102 23359 23504 D nativeloader: Load /data/app/~~NUQj-rdXzuicW-16SIRtKA==/viva.republica.toss.test-Si406wFvb_sqEA2GTBV6RQ==/lib/x86_64/libglog_init.so using class loader ns clns-9 (caller=<unknown>): ok
02-19 10:17:02.105 23359 23504 D nativeloader: Load /data/app/~~NUQj-rdXzuicW-16SIRtKA==/viva.republica.toss.test-Si406wFvb_sqEA2GTBV6RQ==/lib/x86_64/libreact_utils.so using class loader ns clns-9 (caller=<unknown>): ok
02-19 10:17:02.106 23359 23504 D nativeloader: Load /data/app/~~NUQj-rdXzuicW-16SIRtKA==/viva.republica.toss.test-Si406wFvb_sqEA2GTBV6RQ==/lib/x86_64/libreact_render_mapbuffer.so using class loader ns clns-9 (caller=<unknown>): ok
02-19 10:17:02.108 23359 23504 D nativeloader: Load /data/app/~~NUQj-rdXzuicW-16SIRtKA==/viva.republica.toss.test-Si406wFvb_sqEA2GTBV6RQ==/lib/x86_64/libreact_render_graphics.so using class loader ns clns-9 (caller=<unknown>): ok
02-19 10:17:02.110 23359 23504 D nativeloader: Load /data/app/~~NUQj-rdXzuicW-16SIRtKA==/viva.republica.toss.test-Si406wFvb_sqEA2GTBV6RQ==/lib/x86_64/libreact_render_debug.so using class loader ns clns-9 (caller=<unknown>): ok
02-19 10:17:02.112 23359 23504 D nativeloader: Load /data/app/~~NUQj-rdXzuicW-16SIRtKA==/viva.republica.toss.test-Si406wFvb_sqEA2GTBV6RQ==/lib/x86_64/libreact_render_core.so using class loader ns clns-9 (caller=<unknown>): ok
02-19 10:17:02.114 23359 23504 D nativeloader: Load /data/app/~~NUQj-rdXzuicW-16SIRtKA==/viva.republica.toss.test-Si406wFvb_sqEA2GTBV6RQ==/lib/x86_64/libreact_render_runtimescheduler.so using class loader ns clns-9 (caller=<unknown>): ok
02-19 10:17:02.115 23359 23504 D nativeloader: Load /data/app/~~NUQj-rdXzuicW-16SIRtKA==/viva.republica.toss.test-Si406wFvb_sqEA2GTBV6RQ==/lib/x86_64/liblogger.so using class loader ns clns-9 (caller=<unknown>): ok
02-19 10:17:02.117 23359 23504 D nativeloader: Load /data/app/~~NUQj-rdXzuicW-16SIRtKA==/viva.republica.toss.test-Si406wFvb_sqEA2GTBV6RQ==/lib/x86_64/libreactperfloggerjni.so using class loader ns clns-9 (caller=<unknown>): ok
02-19 10:17:02.119 23359 23504 D nativeloader: Load /data/app/~~NUQj-rdXzuicW-16SIRtKA==/viva.republica.toss.test-Si406wFvb_sqEA2GTBV6RQ==/lib/x86_64/libjsinspector.so using class loader ns clns-9 (caller=<unknown>): ok
02-19 10:17:02.124 23359 23504 D nativeloader: Load /data/app/~~NUQj-rdXzuicW-16SIRtKA==/viva.republica.toss.test-Si406wFvb_sqEA2GTBV6RQ==/lib/x86_64/libreactnativejni.so using class loader ns clns-9 (caller=<unknown>): ok
02-19 10:17:02.151 23359 23504 D nativeloader: Load /data/app/~~NUQj-rdXzuicW-16SIRtKA==/viva.republica.toss.test-Si406wFvb_sqEA2GTBV6RQ==/lib/x86_64/libhermes_executor.so using class loader ns clns-9 (caller=<unknown>): ok
02-19 10:17:02.316 23359 23504 D ApplicationLoaders: Returning zygote-cached class loader: /system/framework/org.apache.http.legacy.jar
02-19 10:17:02.316 23359 23504 D ApplicationLoaders: Returning zygote-cached class loader: /system/framework/com.android.location.provider.jar
02-19 10:17:02.316 23359 23504 D ApplicationLoaders: Returning zygote-cached class loader: /system/framework/com.android.media.remotedisplay.jar
02-19 10:17:02.316 23359 23504 D ApplicationLoaders: Returning zygote-cached class loader: /system_ext/framework/androidx.window.extensions.jar
02-19 10:17:02.316 23359 23504 D ApplicationLoaders: Returning zygote-cached class loader: /system_ext/framework/androidx.window.sidecar.jar
02-19 10:17:02.410 23359 23504 D nativeloader: Configuring clns-13 for other apk /data/app/~~O-UZzK0jUU9NLgS3MODOZA==/com.google.android.gms-YQ2L6GsYyKuvu9MvIBK1EQ==/base.apk. target_sdk_version=36, uses_libraries=, library_path=/data/app/~~O-UZzK0jUU9NLgS3MODOZA==/com.google.android.gms-YQ2L6GsYyKuvu9MvIBK1EQ==/lib/x86_64:/data/app/~~O-UZzK0jUU9NLgS3MODOZA==/com.google.android.gms-YQ2L6GsYyKuvu9MvIBK1EQ==/base.apk!/lib/x86_64, permitted_path=/data:/mnt/expand:/data/user/0/com.google.android.gms
02-19 10:17:02.432 23359 23504 I blica.toss.test: AssetManager2(0x7d8fac435338) locale list changing from [] to [en-US]
02-19 10:17:02.489 23359 23504 W System  : ClassLoader referenced unknown path: 
02-19 10:17:02.490 23359 23504 D nativeloader: Configuring clns-14 for other apk . target_sdk_version=36, uses_libraries=, library_path=/data/app/~~O-UZzK0jUU9NLgS3MODOZA==/com.google.android.gms-YQ2L6GsYyKuvu9MvIBK1EQ==/lib/x86_64:/data/app/~~O-UZzK0jUU9NLgS3MODOZA==/com.google.android.gms-YQ2L6GsYyKuvu9MvIBK1EQ==/base.apk!/lib/x86_64, permitted_path=/data:/mnt/expand:/data/user/0/com.google.android.gms
02-19 10:17:02.497 23359 23504 W DynamiteModule: Failed to load module via V2: java.lang.NoSuchFieldException: No field sClassLoader in class Lcom/google/android/gms/dynamite/DynamiteModule$DynamiteLoaderClassLoader; (declaration of 'com.google.android.gms.dynamite.DynamiteModule$DynamiteLoaderClassLoader' appears in /data/app/~~NUQj-rdXzuicW-16SIRtKA==/viva.republica.toss.test-Si406wFvb_sqEA2GTBV6RQ==/base.apk!classes2.dex)
02-19 10:17:02.502 23359 23504 I DynamiteModule: Considering local module com.google.android.gms.ads.dynamite:0 and remote module com.google.android.gms.ads.dynamite:254380203
02-19 10:17:02.502 23359 23504 I DynamiteModule: Selected remote version of com.google.android.gms.ads.dynamite, version >= 254380203
02-19 10:17:02.529 23359 23504 D CompatChangeReporter: Compat change id reported: 312399441; UID 10217; state: ENABLED
02-19 10:17:02.677 23359 23504 I blica.toss.test: AssetManager2(0x7d8fac43add8) locale list changing from [] to [en-US]
02-19 10:17:02.681 23359 23504 I blica.toss.test: AssetManager2(0x7d8fac4349d8) locale list changing from [] to [en-US]
02-19 10:17:02.686 23359 23504 D DynamitePackage: Instantiated singleton DynamitePackage.
02-19 10:17:02.686 23359 23504 D DynamitePackage: Instantiating com.google.android.gms.ads.ChimeraMobileAdsSettingManagerCreatorImpl
02-19 10:17:02.759   752  1940 D ConnectivityService: requestNetwork for uid/pid:10217/23359 activeRequest: null callbackRequest: 373 [NetworkRequest [ REQUEST id=374, [ Capabilities: INTERNET&NOT_RESTRICTED&TRUSTED&NOT_VCN_MANAGED&NOT_BANDWIDTH_CONSTRAINED Uid: 10217 RequestorUid: 10217 RequestorPkg: viva.republica.toss.test UnderlyingNetworks: Null] ]] callback flags: 0 order: 2147483647 isUidTracked: false declaredMethods: AVAIL|LOST
02-19 10:17:02.762   752  1029 D ConnectivityService: NetReassign [374 : null → 105] [c 0] [a 2] [i 1]
02-19 10:17:02.763   752  1023 D OemPaidWifiNetworkFactory: got request NetworkRequest [ REQUEST id=374, [ Capabilities: INTERNET&NOT_RESTRICTED&TRUSTED&NOT_VCN_MANAGED&NOT_BANDWIDTH_CONSTRAINED Uid: 10217 RequestorUid: 10217 RequestorPkg: viva.republica.toss.test UnderlyingNetworks: Null] ]
02-19 10:17:02.763   752  1023 D MultiInternetWifiNetworkFactory: got request NetworkRequest [ REQUEST id=374, [ Capabilities: INTERNET&NOT_RESTRICTED&TRUSTED&NOT_VCN_MANAGED&NOT_BANDWIDTH_CONSTRAINED Uid: 10217 RequestorUid: 10217 RequestorPkg: viva.republica.toss.test UnderlyingNetworks: Null] ]
02-19 10:17:02.763   752  1023 D WifiNetworkFactory: got request NetworkRequest [ REQUEST id=374, [ Capabilities: INTERNET&NOT_RESTRICTED&TRUSTED&NOT_VCN_MANAGED&NOT_BANDWIDTH_CONSTRAINED Uid: 10217 RequestorUid: 10217 RequestorPkg: viva.republica.toss.test UnderlyingNetworks: Null] ]
02-19 10:17:02.763   752  1023 D UntrustedWifiNetworkFactory: got request NetworkRequest [ REQUEST id=374, [ Capabilities: INTERNET&NOT_RESTRICTED&TRUSTED&NOT_VCN_MANAGED&NOT_BANDWIDTH_CONSTRAINED Uid: 10217 RequestorUid: 10217 RequestorPkg: viva.republica.toss.test UnderlyingNetworks: Null] ]
02-19 10:17:02.784 23359 23504 D DynamitePackage: Instantiating com.google.android.gms.ads.ChimeraAdPreloaderCreatorImpl
02-19 10:17:02.821   752  1095 D BackgroundInstallControlService: Package event received: 0
02-19 10:17:02.824 14715 14715 D BoundBrokerSvc: onBind: Intent { act=com.google.android.gms.appset.service.START dat=chimera-action:/... xflg=0x4 cmp=com.google.android.gms/.chimera.GmsApiService }
02-19 10:17:02.824 14715 14715 D BoundBrokerSvc: Loading bound service for intent: Intent { act=com.google.android.gms.appset.service.START dat=chimera-action:/... xflg=0x4 cmp=com.google.android.gms/.chimera.GmsApiService }
02-19 10:17:02.893   752  1095 D BackgroundInstallControlService: Package event received: 0
02-19 10:17:02.894   752  1029 W IPCThreadState: Sending oneway calls to frozen process.
02-19 10:17:02.894   752  1029 W IPCThreadState: Sending oneway calls to frozen process.
02-19 10:17:02.926 14001 14025 I Finsky  : [46] Stats for Executor: BlockingExecutor uww@305e768[Running, pool size = 0, active threads = 0, queued tasks = 0, completed tasks = 59]
02-19 10:17:02.926 14001 14025 I Finsky  : [46] Stats for Executor: LightweightExecutor uww@8756781[Running, pool size = 3, active threads = 0, queued tasks = 0, completed tasks = 2204]
02-19 10:17:02.927 14001 14025 I Finsky  : [46] Stats for Executor: bgExecutor uww@e4c9026[Running, pool size = 4, active threads = 0, queued tasks = 0, completed tasks = 237]
02-19 10:17:02.930   752  2377 D ActivityManager: sync unfroze 14001 com.android.vending for 6
02-19 10:17:02.932 14001 14001 I Finsky  : [2] Memory trim requested to level 40
02-19 10:17:02.936   752  1095 D BackgroundInstallControlService: Package event received: 0
02-19 10:17:02.941 14001 14001 I Finsky  : [2] Flushing in-memory image cache
02-19 10:17:02.943   752  2377 D ActivityManager: sync unfroze 3092 com.android.vending:background for 6
02-19 10:17:02.948  3092  3092 I Finsky:background: [2] Memory trim requested to level 40
02-19 10:17:02.953  3092  3092 I Finsky:background: [2] Memory trim requested to level 40
02-19 10:17:02.953  3092  3092 I Finsky:background: [2] Memory trim requested to level 40
02-19 10:17:02.953  3092  3092 I Finsky:background: [2] Memory trim requested to level 40
02-19 10:17:02.953  3092  3092 I Finsky:background: [2] Memory trim requested to level 40
02-19 10:17:02.953  3092  3092 I Finsky:background: [2] Memory trim requested to level 40
02-19 10:17:02.954  3092  3092 I Finsky:background: [2] Memory trim requested to level 40
02-19 10:17:02.954  3092  3092 I Finsky:background: [2] Memory trim requested to level 40
02-19 10:17:02.954  3092  3092 I Finsky:background: [2] Memory trim requested to level 40
02-19 10:17:02.954  3092  3092 I Finsky:background: [2] Memory trim requested to level 40
02-19 10:17:02.954  3092  3092 I Finsky:background: [2] Memory trim requested to level 40
02-19 10:17:02.954  3092  3092 I Finsky:background: [2] Memory trim requested to level 40
02-19 10:17:02.954  3092  3092 I Finsky:background: [2] Memory trim requested to level 40
02-19 10:17:02.954  3092  3092 I Finsky:background: [2] Memory trim requested to level 40
02-19 10:17:02.955  3092  3092 I Finsky:background: [2] Memory trim requested to level 40
02-19 10:17:02.955  3092  3092 I Finsky:background: [2] Memory trim requested to level 40
02-19 10:17:02.955  3092  3092 I Finsky:background: [2] Memory trim requested to level 40
02-19 10:17:02.955  3092  3092 I Finsky:background: [2] Memory trim requested to level 40
02-19 10:17:02.955  3092  3092 I Finsky:background: [2] Memory trim requested to level 40
02-19 10:17:02.956  3092  3092 I Finsky:background: [2] Memory trim requested to level 40
02-19 10:17:02.956  3092  3092 I Finsky:background: [2] Memory trim requested to level 40
02-19 10:17:02.956  3092  3092 I Finsky:background: [2] Memory trim requested to level 40
02-19 10:17:02.967 23359 23504 W unknown:ReactContext: initializeMessageQueueThreads() is called.
02-19 10:17:02.970  3092  3146 I Finsky:background: [40] Stats for Executor: bgExecutor uww@ab2c291[Running, pool size = 4, active threads = 0, queued tasks = 0, completed tasks = 272]
02-19 10:17:02.970  3092  3146 I Finsky:background: [40] Stats for Executor: LightweightExecutor uww@28b35f6[Running, pool size = 3, active threads = 0, queued tasks = 0, completed tasks = 2993]
02-19 10:17:02.970  3092  3146 I Finsky:background: [40] Stats for Executor: BlockingExecutor uww@1fb1df7[Running, pool size = 0, active threads = 0, queued tasks = 0, completed tasks = 42]
02-19 10:17:02.983  3092  3147 I Finsky:background: [41] Current account updated in PVS
02-19 10:17:02.984  3092  3147 I Finsky:background: [41] Current account updated in PVS
02-19 10:17:02.991 14001 14001 I Finsky  : [2] Memory trim requested to level 40
02-19 10:17:02.993   752  1246 D ConnectivityService: requestNetwork for uid/pid:10217/23359 activeRequest: null callbackRequest: 375 [NetworkRequest [ REQUEST id=376, [ Capabilities: INTERNET&NOT_RESTRICTED&TRUSTED&NOT_VCN_MANAGED&NOT_BANDWIDTH_CONSTRAINED Uid: 10217 RequestorUid: 10217 RequestorPkg: viva.republica.toss.test UnderlyingNetworks: Null] ]] callback flags: 0 order: 2147483647 isUidTracked: false declaredMethods: AVAIL|LOST|NC|LP
02-19 10:17:02.997 14001 14001 I Finsky  : [2] Flushing in-memory image cache
02-19 10:17:02.998 14001 14001 I Finsky  : [2] Memory trim requested to level 40
02-19 10:17:02.999 14001 14001 I Finsky  : [2] Flushing in-memory image cache
02-19 10:17:02.999 14001 14001 I Finsky  : [2] Memory trim requested to level 40
02-19 10:17:02.999 14001 14001 I Finsky  : [2] Flushing in-memory image cache
02-19 10:17:02.997   752  1023 D OemPaidWifiNetworkFactory: got request NetworkRequest [ REQUEST id=376, [ Capabilities: INTERNET&NOT_RESTRICTED&TRUSTED&NOT_VCN_MANAGED&NOT_BANDWIDTH_CONSTRAINED Uid: 10217 RequestorUid: 10217 RequestorPkg: viva.republica.toss.test UnderlyingNetworks: Null] ]
02-19 10:17:02.999   752  1023 D MultiInternetWifiNetworkFactory: got request NetworkRequest [ REQUEST id=376, [ Capabilities: INTERNET&NOT_RESTRICTED&TRUSTED&NOT_VCN_MANAGED&NOT_BANDWIDTH_CONSTRAINED Uid: 10217 RequestorUid: 10217 RequestorPkg: viva.republica.toss.test UnderlyingNetworks: Null] ]
02-19 10:17:02.999   752  1023 D WifiNetworkFactory: got request NetworkRequest [ REQUEST id=376, [ Capabilities: INTERNET&NOT_RESTRICTED&TRUSTED&NOT_VCN_MANAGED&NOT_BANDWIDTH_CONSTRAINED Uid: 10217 RequestorUid: 10217 RequestorPkg: viva.republica.toss.test UnderlyingNetworks: Null] ]
02-19 10:17:02.999   752  1023 D UntrustedWifiNetworkFactory: got request NetworkRequest [ REQUEST id=376, [ Capabilities: INTERNET&NOT_RESTRICTED&TRUSTED&NOT_VCN_MANAGED&NOT_BANDWIDTH_CONSTRAINED Uid: 10217 RequestorUid: 10217 RequestorPkg: viva.republica.toss.test UnderlyingNetworks: Null] ]
02-19 10:17:03.000  3092  3147 I Finsky:background: [41] Current account updated in PVS
02-19 10:17:03.001  3092  3147 I Finsky:background: [41] Current account updated in PVS
02-19 10:17:03.002  3092  3147 I Finsky:background: [41] Current account updated in PVS
02-19 10:17:03.003  3092  3147 I Finsky:background: [41] Current account updated in PVS
02-19 10:17:03.004  3092  3147 I Finsky:background: [41] Current account updated in PVS
02-19 10:17:03.005  3092  3147 I Finsky:background: [41] Current account updated in PVS
02-19 10:17:03.005  3092  3147 I Finsky:background: [41] Current account updated in PVS
02-19 10:17:03.006  3092  3147 I Finsky:background: [41] Current account updated in PVS
02-19 10:17:03.007  3092  3147 I Finsky:background: [41] Current account updated in PVS
02-19 10:17:03.008  3092  3147 I Finsky:background: [41] Current account updated in PVS
02-19 10:17:03.009  3092  3147 I Finsky:background: [41] Current account updated in PVS
02-19 10:17:03.009  3092  3147 I Finsky:background: [41] Current account updated in PVS
02-19 10:17:03.010  3092  3147 I Finsky:background: [41] Current account updated in PVS
02-19 10:17:03.011  3092  3147 I Finsky:background: [41] Current account updated in PVS
02-19 10:17:03.011  3092  3147 I Finsky:background: [41] Current account updated in PVS
02-19 10:17:03.012  3092  3147 I Finsky:background: [41] Current account updated in PVS
02-19 10:17:03.013  3092  3147 I Finsky:background: [41] Current account updated in PVS
02-19 10:17:03.013  3092  3147 I Finsky:background: [41] Current account updated in PVS
02-19 10:17:03.014  3092  3147 I Finsky:background: [41] Current account updated in PVS
02-19 10:17:03.015  3092  3147 I Finsky:background: [41] Current account updated in PVS
02-19 10:17:03.015 14001 14001 I Finsky  : [2] Memory trim requested to level 40
02-19 10:17:03.015 14001 14001 I Finsky  : [2] Flushing in-memory image cache
02-19 10:17:03.015 14001 14001 I Finsky  : [2] Memory trim requested to level 40
02-19 10:17:03.015 14001 14001 I Finsky  : [2] Flushing in-memory image cache
02-19 10:17:03.015 14001 14001 I Finsky  : [2] Memory trim requested to level 40
02-19 10:17:03.015 14001 14001 I Finsky  : [2] Flushing in-memory image cache
02-19 10:17:03.015 14001 14001 I Finsky  : [2] Memory trim requested to level 40
02-19 10:17:03.015 14001 14001 I Finsky  : [2] Flushing in-memory image cache
02-19 10:17:03.015 14001 14001 I Finsky  : [2] Memory trim requested to level 40
02-19 10:17:03.015 14001 14001 I Finsky  : [2] Flushing in-memory image cache
02-19 10:17:03.016 14001 14001 I Finsky  : [2] Memory trim requested to level 40
02-19 10:17:03.016 14001 14001 I Finsky  : [2] Flushing in-memory image cache
02-19 10:17:03.016 14001 14001 I Finsky  : [2] Memory trim requested to level 40
02-19 10:17:03.016 14001 14001 I Finsky  : [2] Flushing in-memory image cache
02-19 10:17:03.016 14001 14001 I Finsky  : [2] Memory trim requested to level 40
02-19 10:17:03.016 14001 14001 I Finsky  : [2] Flushing in-memory image cache
02-19 10:17:03.016 14001 14001 I Finsky  : [2] Memory trim requested to level 40
02-19 10:17:03.016 14001 14001 I Finsky  : [2] Flushing in-memory image cache
02-19 10:17:03.016 14001 14001 I Finsky  : [2] Memory trim requested to level 40
02-19 10:17:03.016 14001 14001 I Finsky  : [2] Flushing in-memory image cache
02-19 10:17:03.016 14001 14001 I Finsky  : [2] Memory trim requested to level 40
02-19 10:17:03.016 14001 14001 I Finsky  : [2] Flushing in-memory image cache
02-19 10:17:03.016 14001 14001 I Finsky  : [2] Memory trim requested to level 40
02-19 10:17:03.016 14001 14001 I Finsky  : [2] Flushing in-memory image cache
02-19 10:17:03.016 14001 14001 I Finsky  : [2] Memory trim requested to level 40
02-19 10:17:03.016 14001 14001 I Finsky  : [2] Flushing in-memory image cache
02-19 10:17:03.016 14001 14001 I Finsky  : [2] Memory trim requested to level 40
02-19 10:17:03.017 14001 14001 I Finsky  : [2] Flushing in-memory image cache
02-19 10:17:03.017 14001 14001 I Finsky  : [2] Memory trim requested to level 40
02-19 10:17:03.017 14001 14001 I Finsky  : [2] Flushing in-memory image cache
02-19 10:17:03.017 14001 14001 I Finsky  : [2] Memory trim requested to level 40
02-19 10:17:03.017 14001 14001 I Finsky  : [2] Flushing in-memory image cache
02-19 10:17:03.017 14001 14001 I Finsky  : [2] Memory trim requested to level 40
02-19 10:17:03.017 14001 14001 I Finsky  : [2] Flushing in-memory image cache
02-19 10:17:03.017 14001 14001 I Finsky  : [2] Memory trim requested to level 40
02-19 10:17:03.017 14001 14001 I Finsky  : [2] Flushing in-memory image cache
02-19 10:17:03.019   752  2377 D CompatChangeReporter: Compat change id reported: 319212206; UID 10217; state: ENABLED
02-19 10:17:03.019   752  1029 D ConnectivityService: NetReassign [376 : null → 105] [c 1] [a 1] [i 3]
02-19 10:17:03.021 14001 14039 I Finsky  : [57] Current account updated in PVS
02-19 10:17:03.021 14001 14038 I Finsky  : [56] Current account updated in PVS
02-19 10:17:03.022   752  1029 D ConnectivityService: NetReassign [no changes] [c 0] [a 2] [i 1]
02-19 10:17:03.023 14001 14039 I Finsky  : [57] Current account updated in PVS
02-19 10:17:03.025 14001 14038 I Finsky  : [56] Current account updated in PVS
02-19 10:17:03.026 14001 14037 I Finsky  : [55] Current account updated in PVS
02-19 10:17:03.026 14001 14039 I Finsky  : [57] Current account updated in PVS
02-19 10:17:03.027 14001 14039 I Finsky  : [57] Current account updated in PVS
02-19 10:17:03.028 14001 14039 I Finsky  : [57] Current account updated in PVS
02-19 10:17:03.028 14001 14039 I Finsky  : [57] Current account updated in PVS
02-19 10:17:03.029 14001 14039 I Finsky  : [57] Current account updated in PVS
02-19 10:17:03.045 14001 14039 I Finsky  : [57] Current account updated in PVS
02-19 10:17:03.051 14001 14034 I Finsky  : [52] Current account updated in PVS
02-19 10:17:03.061 14001 14037 I Finsky  : [55] Current account updated in PVS
02-19 10:17:03.063 14001 14038 I Finsky  : [56] Current account updated in PVS
02-19 10:17:03.064 14001 14038 I Finsky  : [56] Current account updated in PVS
02-19 10:17:03.067 14001 14038 I Finsky  : [56] Current account updated in PVS
02-19 10:17:03.068 14001 14038 I Finsky  : [56] Current account updated in PVS
02-19 10:17:03.069 14001 14038 I Finsky  : [56] Current account updated in PVS
02-19 10:17:03.070 14001 14038 I Finsky  : [56] Current account updated in PVS
02-19 10:17:03.070 14001 14038 I Finsky  : [56] Current account updated in PVS
02-19 10:17:03.072 14001 14038 I Finsky  : [56] Current account updated in PVS
02-19 10:17:03.078 14001 14038 I Finsky  : [56] Current account updated in PVS
02-19 10:17:03.072 23359 23359 W mqt_js  : type=1400 audit(0.0:142): avc:  granted  { execute } for  path="/data/data/viva.republica.toss.test/libtcj.so" dev="dm-55" ino=361924 scontext=u:r:untrusted_app:s0:c217,c256,c512,c768 tcontext=u:object_r:app_data_file:s0:c217,c256,c512,c768 tclass=file app=viva.republica.toss.test
02-19 10:17:03.083 23359 23527 D nativeloader: Load /data/data/viva.republica.toss.test/libtcj.so using class loader ns clns-9 (caller=<unknown>): ok
02-19 10:17:03.084   752  2419 D CompatChangeReporter: Compat change id reported: 297989574; UID 10217; state: ENABLED
02-19 10:17:03.115 23359 23528 W unknown:ViewManagerPropertyUpdater: Could not find generated setter for class com.facebook.react.views.traceupdateoverlay.TraceUpdateOverlayManager
02-19 10:17:03.120 14001 14001 I Finsky  : [2] Current account updated in PVS
02-19 10:17:03.121 23359 23528 W unknown:ViewManagerPropertyUpdater: Could not find generated setter for class com.facebook.react.uimanager.LayoutShadowNode
02-19 10:17:03.125 23359 23528 W unknown:ViewManagerPropertyUpdater: Could not find generated setter for class com.facebook.react.views.drawer.ReactDrawerLayoutManager
02-19 10:17:03.128 23359 23528 W unknown:ViewManagerPropertyUpdater: Could not find generated setter for class com.facebook.react.views.scroll.ReactHorizontalScrollViewManager
02-19 10:17:03.131 14001 14038 I Finsky  : [56] Current account updated in PVS
02-19 10:17:03.134 23359 23528 W unknown:ViewManagerPropertyUpdater: Could not find generated setter for class com.facebook.react.views.scroll.ReactHorizontalScrollContainerViewManager
02-19 10:17:03.135 14001 14039 I Finsky  : [57] Current account updated in PVS
02-19 10:17:03.136 23359 23528 W unknown:ViewManagerPropertyUpdater: Could not find generated setter for class com.facebook.react.views.progressbar.ReactProgressBarViewManager
02-19 10:17:03.138 23359 23528 W unknown:ViewManagerPropertyUpdater: Could not find generated setter for class com.facebook.react.views.progressbar.ProgressBarShadowNode
02-19 10:17:03.139 23359 23528 W unknown:ViewManagerPropertyUpdater: Could not find generated setter for class com.facebook.react.views.scroll.ReactScrollViewManager
02-19 10:17:03.142 23359 23528 W unknown:ViewManagerPropertyUpdater: Could not find generated setter for class com.facebook.react.views.switchview.ReactSwitchManager
02-19 10:17:03.143 23359 23528 W unknown:ViewManagerPropertyUpdater: Could not find generated setter for class com.facebook.react.views.switchview.ReactSwitchManager$ReactSwitchShadowNode
02-19 10:17:03.143 23359 23528 W unknown:ViewManagerPropertyUpdater: Could not find generated setter for class com.facebook.react.views.swiperefresh.SwipeRefreshLayoutManager
02-19 10:17:03.145 23359 23528 W unknown:ViewManagerPropertyUpdater: Could not find generated setter for class com.facebook.react.views.text.frescosupport.FrescoBasedReactTextInlineImageViewManager
02-19 10:17:03.145 23359 23528 W unknown:ViewManagerPropertyUpdater: Could not find generated setter for class com.facebook.react.views.text.frescosupport.FrescoBasedReactTextInlineImageShadowNode
02-19 10:17:03.147 23359 23528 W unknown:ViewManagerPropertyUpdater: Could not find generated setter for class com.facebook.react.views.image.ReactImageManager
02-19 10:17:03.148 23359 23528 W unknown:ViewManagerPropertyUpdater: Could not find generated setter for class com.facebook.react.views.modal.ReactModalHostManager
02-19 10:17:03.150 23359 23528 W unknown:ViewManagerPropertyUpdater: Could not find generated setter for class com.facebook.react.views.modal.ModalHostShadowNode
02-19 10:17:03.150 23359 23528 W unknown:ViewManagerPropertyUpdater: Could not find generated setter for class com.facebook.react.views.text.ReactRawTextManager
02-19 10:17:03.150 23359 23528 W unknown:ViewManagerPropertyUpdater: Could not find generated setter for class com.facebook.react.views.text.ReactRawTextShadowNode
02-19 10:17:03.151 23359 23528 W unknown:ViewManagerPropertyUpdater: Could not find generated setter for class com.facebook.react.views.textinput.ReactTextInputManager
02-19 10:17:03.154 23359 23528 W unknown:ViewManagerPropertyUpdater: Could not find generated setter for class com.facebook.react.views.textinput.ReactTextInputShadowNode
02-19 10:17:03.155 23359 23528 W unknown:ViewManagerPropertyUpdater: Could not find generated setter for class com.facebook.react.views.text.ReactTextViewManager
02-19 10:17:03.156 23359 23528 W unknown:ViewManagerPropertyUpdater: Could not find generated setter for class com.facebook.react.views.text.ReactTextShadowNode
02-19 10:17:03.156 23359 23528 W unknown:ViewManagerPropertyUpdater: Could not find generated setter for class com.facebook.react.views.view.ReactViewManager
02-19 10:17:03.158 23359 23528 W unknown:ViewManagerPropertyUpdater: Could not find generated setter for class com.facebook.react.views.text.ReactVirtualTextViewManager
02-19 10:17:03.158 23359 23528 W unknown:ViewManagerPropertyUpdater: Could not find generated setter for class com.facebook.react.views.text.ReactVirtualTextShadowNode
02-19 10:17:03.158 23359 23528 W unknown:ViewManagerPropertyUpdater: Could not find generated setter for class com.facebook.react.views.unimplementedview.ReactUnimplementedViewManager
02-19 10:17:03.159 23359 23528 W unknown:ViewManagerPropertyUpdater: Could not find generated setter for class com.shopify.reactnative.flash_list.AutoLayoutViewManager
02-19 10:17:03.160 23359 23528 W unknown:ViewManagerPropertyUpdater: Could not find generated setter for class com.shopify.reactnative.flash_list.CellContainerManager
02-19 10:17:03.161 23359 23528 W unknown:ViewManagerPropertyUpdater: Could not find generated setter for class com.airbnb.android.react.lottie.LottieAnimationViewManager
02-19 10:17:03.163 23359 23528 W unknown:ViewManagerPropertyUpdater: Could not find generated setter for class com.swmansion.gesturehandler.react.RNGestureHandlerRootViewManager
02-19 10:17:03.164 23359 23528 W unknown:ViewManagerPropertyUpdater: Could not find generated setter for class com.swmansion.gesturehandler.react.RNGestureHandlerButtonViewManager
02-19 10:17:03.166 23359 23528 W unknown:ViewManagerPropertyUpdater: Could not find generated setter for class io.invertase.googlemobileads.ReactNativeGoogleMobileAdsBannerAdViewManager
02-19 10:17:03.167 23359 23528 W unknown:ViewManagerPropertyUpdater: Could not find generated setter for class com.reactnativepagerview.PagerViewViewManager
02-19 10:17:03.168 23359 23528 W unknown:ViewManagerPropertyUpdater: Could not find generated setter for class com.th3rdwave.safeareacontext.SafeAreaProviderManager
02-19 10:17:03.169 23359 23528 W unknown:ViewManagerPropertyUpdater: Could not find generated setter for class com.th3rdwave.safeareacontext.SafeAreaViewManager
02-19 10:17:03.170 23359 23528 W unknown:ViewManagerPropertyUpdater: Could not find generated setter for class o.eglCreatePlatformPixmapSurface
02-19 10:17:03.170 23359 23528 W unknown:ViewManagerPropertyUpdater: Could not find generated setter for class com.swmansion.rnscreens.ScreenContainerViewManager
02-19 10:17:03.171 23359 23528 W unknown:ViewManagerPropertyUpdater: Could not find generated setter for class com.swmansion.rnscreens.ScreenViewManager
02-19 10:17:03.173 23359 23528 W unknown:ViewManagerPropertyUpdater: Could not find generated setter for class com.swmansion.rnscreens.ScreenStackViewManager
02-19 10:17:03.174 23359 23528 W unknown:ViewManagerPropertyUpdater: Could not find generated setter for class com.swmansion.rnscreens.ScreenStackHeaderConfigViewManager
02-19 10:17:03.175 23359 23528 W unknown:ViewManagerPropertyUpdater: Could not find generated setter for class com.swmansion.rnscreens.ScreenStackHeaderSubviewManager
02-19 10:17:03.176 23359 23528 W unknown:ViewManagerPropertyUpdater: Could not find generated setter for class com.swmansion.rnscreens.SearchBarManager
02-19 10:17:03.177 23359 23528 W unknown:ViewManagerPropertyUpdater: Could not find generated setter for class com.horcrux.svg.RenderableViewManager$DefsViewManager
02-19 10:17:03.178 23359 23528 W unknown:ViewManagerPropertyUpdater: Could not find generated setter for class com.horcrux.svg.VirtualViewManager$RemoteActionCompatParcelizer
02-19 10:17:03.179 23359 23528 W unknown:ViewManagerPropertyUpdater: Could not find generated setter for class com.horcrux.svg.RenderableViewManager$MarkerManager
02-19 10:17:03.182 23359 23528 W unknown:ViewManagerPropertyUpdater: Could not find generated setter for class com.horcrux.svg.RenderableViewManager$ForeignObjectManager
02-19 10:17:03.183 23359 23528 W unknown:ViewManagerPropertyUpdater: Could not find generated setter for class com.horcrux.svg.RenderableViewManager$EllipseViewManager
02-19 10:17:03.185 23359 23528 W unknown:ViewManagerPropertyUpdater: Could not find generated setter for class com.horcrux.svg.RenderableViewManager$LineViewManager
02-19 10:17:03.186 23359 23528 W unknown:ViewManagerPropertyUpdater: Could not find generated setter for class com.horcrux.svg.RenderableViewManager$LinearGradientManager
02-19 10:17:03.188 23359 23528 W unknown:ViewManagerPropertyUpdater: Could not find generated setter for class com.horcrux.svg.RenderableViewManager$GroupViewManager
02-19 10:17:03.190 23359 23528 W unknown:ViewManagerPropertyUpdater: Could not find generated setter for class com.horcrux.svg.RenderableViewManager$TextViewManager
02-19 10:17:03.192 23359 23528 W unknown:ViewManagerPropertyUpdater: Could not find generated setter for class com.horcrux.svg.RenderableViewManager$ImageViewManager
02-19 10:17:03.194 23359 23528 W unknown:ViewManagerPropertyUpdater: Could not find generated setter for class com.horcrux.svg.RenderableViewManager$ClipPathViewManager
02-19 10:17:03.198 23359 23528 W unknown:ViewManagerPropertyUpdater: Could not find generated setter for class com.horcrux.svg.RenderableViewManager$RadialGradientManager
02-19 10:17:03.201 23359 23528 W unknown:ViewManagerPropertyUpdater: Could not find generated setter for class com.horcrux.svg.RenderableViewManager$MaskManager
02-19 10:17:03.204 23359 23528 W unknown:ViewManagerPropertyUpdater: Could not find generated setter for class com.horcrux.svg.RenderableViewManager$SymbolManager
02-19 10:17:03.211 23359 23528 W unknown:ViewManagerPropertyUpdater: Could not find generated setter for class com.horcrux.svg.RenderableViewManager$PatternManager
02-19 10:17:03.216 23359 23528 W unknown:ViewManagerPropertyUpdater: Could not find generated setter for class com.horcrux.svg.RenderableViewManager$RectViewManager
02-19 10:17:03.218 23359 23528 W unknown:ViewManagerPropertyUpdater: Could not find generated setter for class com.horcrux.svg.RenderableViewManager$TextPathViewManager
02-19 10:17:03.222 23359 23528 W unknown:ViewManagerPropertyUpdater: Could not find generated setter for class com.horcrux.svg.SvgViewManager
