02-19 21:47:16.334   752   794 V WindowManager:         {WCT{RemoteToken{5218fe8 Task{dd43522 #1 type=home}}} m=TO_BACK f=SHOW_WALLPAPER leash=Surface(name=Task=1)/@0x8ddbd2e sb=Rect(0, 0 - 1080, 2400) eb=Rect(0, 0 - 1080, 2400) epz=Point(1080, 2400) d=0 taskParent=-1},
02-19 21:47:16.334   752   794 V WindowManager:         {m=TO_BACK f=IS_WALLPAPER leash=Surface(name=WallpaperWindowToken{35e0c0f showWhenLocked=false})/@0x512f5be sb=Rect(0, 0 - 1080, 2400) eb=Rect(0, 0 - 1080, 2400) epz=Point(1080, 2400) d=0}
02-19 21:47:16.334   752   794 V WindowManager:     ]}
02-19 21:47:16.334  4449  4467 V WindowManagerShell:  Checking filter Pair{{types=[] flags=0x0] notFlags=0x0 checks=[{atype=dream independent=true modes=[OPEN,TO_FRONT] flags=NONE mustBeTask=false order=ANY topActivity=null launchCookie=null windowingMode=undefined},{atype=home independent=true modes=[CLOSE,TO_BACK] flags=NONE mustBeTask=false order=ANY topActivity=null launchCookie=null windowingMode=undefined}]} RemoteTransition { remoteTransition = android.window.IRemoteTransition$Stub$Proxy@c578f8f, appThread = android.app.IApplicationThread$Stub$Proxy@69fe21c, debugName = LauncherToDream }}
02-19 21:47:16.334  4449  4467 V WindowManagerShell:  Checking filter Pair{{types=[] flags=0x0] notFlags=0x100 checks=[{atype=home independent=true modes=[OPEN,TO_FRONT] flags=NONE mustBeTask=false order=TOP topActivity=ComponentInfo{com.google.android.apps.nexuslauncher/com.google.android.apps.nexuslauncher.NexusLauncherActivity} launchCookie=null windowingMode=undefined},{atype=standard independent=true modes=[CLOSE,TO_BACK] flags=NONE mustBeTask=false order=ANY topActivity=null launchCookie=null windowingMode=undefined},{NOT atype=undefined independent=true modes=[] flags=NONE mustBeTask=true order=ANY topActivity=null launchCookie=null customAnim=true windowingMode=undefined}]} RemoteTransition { remoteTransition = android.window.IRemoteTransition$Stub$Proxy@69ffe25, appThread = android.app.IApplicationThread$Stub$Proxy@72cabfa, debugName = QuickstepLaunchHome }}
02-19 21:47:16.334  4449  4467 V WindowManagerShell:  Checking filter Pair{{types=[] flags=0x0] notFlags=0x0 checks=[{atype=undefined independent=true modes=[CLOSE,TO_BACK] flags=IN_TASK_WITH_EMBEDDED_ACTIVITY mustBeTask=false order=ANY topActivity=null launchCookie=null taskFragmentToken=android.os.BinderProxy@71546f0 windowingMode=undefined}]} RemoteTransition { remoteTransition = android.window.IRemoteTransition$Stub$Proxy@7c795ab, appThread = android.app.IApplicationThread$Stub$Proxy@cd70408, debugName = overlayBackTransition }}
02-19 21:47:16.335  4449  4467 V WindowManagerShell:  Checking filter Pair{{types=[] flags=0x0] notFlags=0x0 checks=[{atype=dream independent=true modes=[OPEN,TO_FRONT] flags=NONE mustBeTask=false order=ANY topActivity=null launchCookie=null windowingMode=undefined},{atype=home independent=true modes=[CLOSE,TO_BACK] flags=NONE mustBeTask=false order=ANY topActivity=null launchCookie=null windowingMode=undefined}]} RemoteTransition { remoteTransition = android.window.IRemoteTransition$Stub$Proxy@f757a1, appThread = android.app.IApplicationThread$Stub$Proxy@d898dc6, debugName = LauncherToDream }}
02-19 21:47:16.335  4449  4467 V WindowManagerShell:  Checking filter Pair{{types=[] flags=0x0] notFlags=0x100 checks=[{atype=home independent=true modes=[OPEN,TO_FRONT] flags=NONE mustBeTask=false order=TOP topActivity=ComponentInfo{com.google.android.apps.nexuslauncher/com.google.android.apps.nexuslauncher.NexusLauncherActivity} launchCookie=null windowingMode=undefined},{atype=standard independent=true modes=[CLOSE,TO_BACK] flags=NONE mustBeTask=false order=ANY topActivity=null launchCookie=null windowingMode=undefined},{NOT atype=undefined independent=true modes=[] flags=NONE mustBeTask=true order=ANY topActivity=null launchCookie=null customAnim=true windowingMode=undefined}]} RemoteTransition { remoteTransition = android.window.IRemoteTransition$Stub$Proxy@9e7e187, appThread = android.app.IApplicationThread$Stub$Proxy@3dc58b4, debugName = QuickstepLaunchHome }}
02-19 21:47:16.335  4449  4467 V WindowManagerShell:  Delegate animation for (#1084) to null
02-19 21:47:16.335  4449  4467 V WindowManagerShell: start default transition animation, info = {id=1084 t=OPEN f=0x0 trk=0 r=[0@Point(0, 0)] c=[{m=TO_FRONT f=MOVE_TO_TOP leash=Surface(name=Task=169)/@0xa4f50f1 sb=Rect(0, 0 - 1080, 2400) eb=Rect(0, 0 - 1080, 2400) epz=Point(1080, 2400) d=0 taskParent=-1},{m=TO_BACK f=SHOW_WALLPAPER leash=Surface(name=Task=1)/@0x9d514d6 sb=Rect(0, 0 - 1080, 2400) eb=Rect(0, 0 - 1080, 2400) epz=Point(1080, 2400) d=0 taskParent=-1},{m=TO_BACK f=IS_WALLPAPER leash=Surface(name=WallpaperWindowToken{35e0c0f showWhenLocked=false})/@0xf974357 sb=Rect(0, 0 - 1080, 2400) eb=Rect(0, 0 - 1080, 2400) epz=Point(1080, 2400) d=0}]}
02-19 21:47:16.335  4449  4467 V WindowManagerShell: loadAnimation: anim=android.view.animation.AnimationSet@2770b2d animAttr=0x13 type=OPEN isEntrance=false
02-19 21:47:16.335  4449  4467 V WindowManagerShell: loadAnimation: anim=android.view.animation.AnimationSet@3e5a862 animAttr=0x12 type=OPEN isEntrance=true
02-19 21:47:16.336   752  1095 D BackgroundInstallControlService: Package event received: 0
02-19 21:47:16.336   752  1095 D BackgroundInstallControlService: Package event received: 0
02-19 21:47:16.336   752  1095 D BackgroundInstallControlService: Package event received: 0
02-19 21:47:16.361  4449  4467 V WindowManagerShell:  animated by com.android.wm.shell.transition.DefaultTransitionHandler@f74d823
02-19 21:47:16.381   531   531 I BpBinder: onLastStrongRef automatically unlinking death recipients: 
02-19 21:47:16.384   752   798 I Choreographer: Skipped 44 frames!  The application may be doing too much work on its main thread.
02-19 21:47:16.412  4359  4359 D ViewRootImpl: Skipping stats log for color mode
02-19 21:47:16.466   752  1790 D CoreBackPreview: Window{5170170 u0 viva.republica.toss.test/viva.republica.toss.test.MiniAppSchemeActivity}: Setting back callback OnBackInvokedCallbackInfo{mCallback=android.window.IOnBackInvokedCallback$Stub$Proxy@33c927a, mPriority=0, mIsAnimationCallback=false, mOverrideBehavior=0}
02-19 21:47:16.648   752   794 I ActivityTaskManager: Displayed viva.republica.toss.test/.MiniAppSchemeActivity for user 0: +956ms
02-19 21:47:16.696   752  1454 V GrammaticalInflectionUtils: AttributionSource: android.content.AttributionSource@56784557 does not have READ_SYSTEM_GRAMMATICAL_GENDER permission.
02-19 21:47:16.696   752  1454 W OptProp : Cannot read opt property android.window.PROPERTY_COMPAT_ALLOW_USER_ASPECT_RATIO_OVERRIDE
02-19 21:47:16.696   752  1454 W OptProp : Cannot read opt property android.window.PROPERTY_COMPAT_ALLOW_USER_ASPECT_RATIO_FULLSCREEN_OVERRIDE
02-19 21:47:16.696   752  1454 W OptProp : Cannot read opt property android.window.PROPERTY_COMPAT_ALLOW_RESIZEABLE_ACTIVITY_OVERRIDES
02-19 21:47:16.697   752  1454 W OptProp : Cannot read opt property android.window.PROPERTY_COMPAT_ALLOW_MIN_ASPECT_RATIO_OVERRIDE
02-19 21:47:16.705   752  1454 W OptProp : Cannot read opt property android.window.PROPERTY_COMPAT_ALLOW_ORIENTATION_OVERRIDE
02-19 21:47:16.706  4449  4467 V WindowManagerShell: Transition animation finished (aborted=false), notifying core (#1084) android.os.BinderProxy@c4b05ac@0
02-19 21:47:16.715   752  1454 I ActivityTaskManager: START u0 {act=android.intent.action.VIEW dat=intoss://takealook/... xflg=0x4 cmp=viva.republica.toss.test/im.toss.rn.granite.core.GraniteActivity (has extras)} with LAUNCH_MULTIPLE from uid 10217 (sr=46894645) (BAL_ALLOW_VISIBLE_WINDOW) result code=0
02-19 21:47:16.739  4449  4467 V WindowManagerShell: Track 0 became idle
02-19 21:47:16.739  4449  4467 V WindowManagerShell: All active transition animations finished
02-19 21:47:16.740  4449  4467 V WindowManagerShell: Transition requested (#1085): android.os.BinderProxy@579e8ae TransitionRequestInfo { type = OPEN, triggerTask = TaskInfo{userId=0 taskId=169 effectiveUid=10217 displayId=0 isRunning=true baseIntent=Intent { act=android.intent.action.VIEW dat=intoss://takealook/... flg=0x10000000 cmp=viva.republica.toss.test/im.toss.rn.granite.core.GraniteActivity } baseActivity=ComponentInfo{viva.republica.toss.test/im.toss.rn.granite.core.GraniteActivity} topActivity=ComponentInfo{viva.republica.toss.test/im.toss.rn.granite.core.GraniteActivity} origActivity=null realActivity=ComponentInfo{viva.republica.toss.test/im.toss.rn.granite.core.GraniteActivity} numActivities=3 lastActiveTime=116710557 supportsMultiWindow=true resizeMode=1 isResizeable=true minWidth=-1 minHeight=-1 defaultMinSize=220 token=WCT{android.window.IWindowContainerToken$Stub$Proxy@e61464f} topActivityType=1 pictureInPictureParams=null shouldDockBigOverlays=false launchIntoPipHostTaskId=-1 lastParentTaskIdBeforePip=-1 displayCutoutSafeInsets=Rect(0, 0 - 0, 0) topActivityInfo=ActivityInfo{2f131dc im.toss.rn.granite.core.GraniteActivity} launchCookies=[] positionInParent=Point(0, 0) parentTaskId=-1 isFocused=true isVisible=true isVisibleRequested=true isTopActivityNoDisplay=false isSleeping=false locusId=null displayAreaFeatureId=1 isTopActivityTransparent=false isActivityStackTransparent=false lastNonFullscreenBounds=Rect(284, 660 - 796, 1740) capturedLink=null capturedLinkTimestamp=0 requestedVisibleTypes=-9 topActivityRequestOpenInBrowserEducationTimestamp=0 appCompatTaskInfo=AppCompatTaskInfo { topActivityInSizeCompat=false eligibleForLetterboxEducation= false isLetterboxEducationEnabled= true isLetterboxDoubleTapEnabled= false eligibleForUserAspectRatioButton= false topActivityBoundsLetterboxed= false isFromLetterboxDoubleTap= false topActivityLetterboxVerticalPosition= -1 topActivityLetterboxHorizontalPosition= -1 topActivityLetterboxWidth=-1 topActivityLetterboxHeight=-1 topActivityAppBounds=Rect(0, 0 - 1080, 2400) isUserFullscreenOverrideEnabled=false isSystemFullscreenOverrideEnabled=false hasMinAspectRatioOverride=false topActivityLetterboxBounds=null cameraCompatTaskInfo=CameraCompatTaskInfo { freeformCameraCompatMode=inactive}} topActivityMainWindowFrame=null}, pipChange = null, remoteTransition = null, displayChange = null, flags = 0, debugId = 1085 }
02-19 21:47:16.741  4449  4467 D ShellSplitScreen: logExit: no-op, mLoggerSessionId is null
02-19 21:47:16.744 19166 19166 D VRI[NexusLauncherActivity]: visibilityChanged oldVisibility=true newVisibility=false
02-19 21:47:16.747   531   531 I BpBinder: onLastStrongRef automatically unlinking death recipients: 
02-19 21:47:16.748   531   590 I BpBinder: onLastStrongRef automatically unlinking death recipients: 
02-19 21:47:16.749   752   794 V WindowManager: Finish Transition (#1084): created at 02-19 21:47:15.617 collect-started=0.376ms request-sent=21.79ms started=673.998ms ready=691.326ms sent=710.89ms commit=54.174ms finished=1104.271ms
02-19 21:47:16.763   752   989 I ImeTracker: viva.republica.toss.test:72618c39: onRequestHide at ORIGIN_SERVER reason HIDE_UNSPECIFIED_WINDOW fromUser false
02-19 21:47:16.764 19166 19166 D NexusLauncherModelDelegate: notifySmartspaceEvent: SmartspaceTargetEvent{mSmartspaceTarget=null, mSmartspaceActionId='null', mEventType=7}
02-19 21:47:16.765   752  2305 W OptProp : Cannot read opt property android.window.PROPERTY_COMPAT_ENABLE_FAKE_FOCUS
02-19 21:47:16.767   752  1095 D BackgroundInstallControlService: Package event received: 0
02-19 21:47:16.774  4359  4359 D InsetsController: hide(ime(), fromIme=false)
02-19 21:47:16.775  4359  4359 I ImeTracker: viva.republica.toss.test:72618c39: onCancelled at PHASE_CLIENT_ALREADY_HIDDEN
02-19 21:47:16.783   752  1095 D BackgroundInstallControlService: Package event received: 0
02-19 21:47:16.784 19166 19166 D BaseDepthController: setSurface:
02-19 21:47:16.784 19166 19166 D BaseDepthController: 	mWaitingOnSurfaceValidity: false
02-19 21:47:16.784 19166 19166 D BaseDepthController: 	mBaseSurface: null
02-19 21:47:16.784 19166 19166 D BaseDepthController: mSurface is null and mCurrentBlur is: 0
02-19 21:47:16.785 19166 19166 D StateManager: goToState - fromState: Normal, toState: Normal, partial trace:
02-19 21:47:16.785 19166 19166 D StateManager: 	at com.android.launcher3.statemanager.StateManager.moveToRestState(go/retraceme 72a59688580715d19f0e415c69e80376c2f062d1648c80db6730905005a27c20:4)
02-19 21:47:16.785 19166 19166 D StateManager: 	at com.android.launcher3.statemanager.StateManager.moveToRestState(go/retraceme 72a59688580715d19f0e415c69e80376c2f062d1648c80db6730905005a27c20:1)
02-19 21:47:16.785 19166 19166 D StateManager: 	at com.android.launcher3.statemanager.StatefulActivity.onStop(go/retraceme 72a59688580715d19f0e415c69e80376c2f062d1648c80db6730905005a27c20:34)
02-19 21:47:16.785 19166 19166 D StatsLog: LAUNCHER_ONSTOP
02-19 21:47:16.807 19166 19166 D StatsLog: LAUNCHER_GOOGLE_SEARCH_RESTORE_LIST_SIZE_AFTER_ACTIVITY_RESTART
02-19 21:47:16.830   752  1095 D BackgroundInstallControlService: Package event received: 0
02-19 21:47:16.866  4359  4523 W okhttp.OkHttpClient: A connection to http://localhost:8081/ was leaked. Did you forget to close a response body? To see where this was allocated, set the OkHttpClient logger level to FINE: Logger.getLogger(OkHttpClient.class.getName()).setLevel(Level.FINE);
02-19 21:47:16.890 20022 20022 I GoogleInputMethodService: GoogleInputMethodService.onFinishInput():2043 
02-19 21:47:16.894   752  1790 I ImeTracker: system_server:6caaed8b: onRequestHide at ORIGIN_SERVER reason IME_REQUESTED_CHANGED_LISTENER fromUser false
02-19 21:47:16.897 20022 20022 I Module  : DeviceLockedStatusModuleProvider$Module.updateDeviceLockedStatus():100 repeatCheckTimes = 0, locked = false
02-19 21:47:16.897   752   797 I ImeTracker: system_server:6caaed8b: onCancelled at PHASE_SERVER_SHOULD_HIDE
02-19 21:47:16.898   752  1454 D CoreBackPreview: Window{8604b15 u0 viva.republica.toss.test/im.toss.rn.granite.core.GraniteActivity}: Setting back callback OnBackInvokedCallbackInfo{mCallback=android.window.IOnBackInvokedCallback$Stub$Proxy@2878391, mPriority=0, mIsAnimationCallback=false, mOverrideBehavior=0}
02-19 21:47:16.899  4359  4359 W unknown:ReactRootView: Unable to update root layout specs for uninitialized ReactInstanceManager
02-19 21:47:16.899 20022 20022 I GoogleInputMethodService: GoogleInputMethodService.onStartInput():1293 onStartInput(EditorInfo{EditorInfo{packageName=viva.republica.toss.test, inputType=0, inputTypeString=NULL, enableLearning=false, autoCorrection=false, autoComplete=false, imeOptions=0, privateImeOptions=null, actionName=UNSPECIFIED, actionLabel=null, initialSelStart=-1, initialSelEnd=-1, initialCapsMode=0, label=null, fieldId=0, fieldName=null, extras=null, hintText=null, hintLocales=[]}}, false)
02-19 21:47:16.933 20022 20022 I EmojiCompatManager: EmojiCompatManager.getEmojiCompatIfLoaded():343 EmojiCompat.init() was never called.
02-19 21:47:16.933 20022 20022 I EmojiCompatManager: java.lang.IllegalStateException: EmojiCompat is not initialized. Please call EmojiCompat.init() first
02-19 21:47:16.933 20022 20022 I EmojiCompatManager: 	at asx.p(PG:6)
02-19 21:47:16.933 20022 20022 I EmojiCompatManager: 	at axb.b(PG:13)
02-19 21:47:16.933 20022 20022 I EmojiCompatManager: 	at jnr.b(PG:2)
02-19 21:47:16.933 20022 20022 I EmojiCompatManager: 	at jnr.c(PG:4)
02-19 21:47:16.933 20022 20022 I EmojiCompatManager: 	at jnr.f(PG:3)
02-19 21:47:16.933 20022 20022 I EmojiCompatManager: 	at jnx.c(PG:3)
02-19 21:47:16.933 20022 20022 I EmojiCompatManager: 	at kif.cz(PG:47)
02-19 21:47:16.933 20022 20022 I EmojiCompatManager: 	at lhl.run(PG:1025)
02-19 21:47:16.933 20022 20022 I EmojiCompatManager: 	at jaf.execute(PG:12)
02-19 21:47:16.933 20022 20022 I EmojiCompatManager: 	at nco.v(PG:13)
02-19 21:47:16.933 20022 20022 I EmojiCompatManager: 	at lhn.m(PG:96)
02-19 21:47:16.933 20022 20022 I EmojiCompatManager: 	at lhn.k(PG:25)
02-19 21:47:16.933 20022 20022 I EmojiCompatManager: 	at kgn.onStartInput(PG:250)
02-19 21:47:16.933 20022 20022 I EmojiCompatManager: 	at android.inputmethodservice.InputMethodService.doStartInput(InputMethodService.java:3521)
02-19 21:47:16.933 20022 20022 I EmojiCompatManager: 	at android.inputmethodservice.InputMethodService$InputMethodImpl.startInput(InputMethodService.java:879)
02-19 21:47:16.933 20022 20022 I EmojiCompatManager: 	at android.inputmethodservice.InputMethodService$InputMethodImpl.dispatchStartInput(InputMethodService.java:908)
02-19 21:47:16.933 20022 20022 I EmojiCompatManager: 	at android.inputmethodservice.IInputMethodWrapper.executeMessage(IInputMethodWrapper.java:201)
02-19 21:47:16.933 20022 20022 I EmojiCompatManager: 	at com.android.internal.os.HandlerCaller$MyHandler.handleMessage(HandlerCaller.java:44)
02-19 21:47:16.933 20022 20022 I EmojiCompatManager: 	at android.os.Handler.dispatchMessage(Handler.java:110)
02-19 21:47:16.933 20022 20022 I EmojiCompatManager: 	at android.os.Looper.loopOnce(Looper.java:248)
02-19 21:47:16.933 20022 20022 I EmojiCompatManager: 	at android.os.Looper.loop(Looper.java:338)
02-19 21:47:16.933 20022 20022 I EmojiCompatManager: 	at android.app.ActivityThread.main(ActivityThread.java:9067)
02-19 21:47:16.933 20022 20022 I EmojiCompatManager: 	at java.lang.reflect.Method.invoke(Native Method)
02-19 21:47:16.933 20022 20022 I EmojiCompatManager: 	at com.android.internal.os.RuntimeInit$MethodAndArgsCaller.run(RuntimeInit.java:593)
02-19 21:47:16.933 20022 20022 I EmojiCompatManager: 	at com.android.internal.os.ZygoteInit.main(ZygoteInit.java:932)
02-19 21:47:16.937   752  1095 D BackgroundInstallControlService: Package event received: 0
02-19 21:47:16.939 20022 20022 I Module  : DeviceLockedStatusModuleProvider$Module.updateDeviceLockedStatus():100 repeatCheckTimes = 1, locked = false
02-19 21:47:16.940 20022 20022 W NotificationCenter: NotificationCenter$NotificationQueue.notifyPendingNotificationsOnExecutor():877 Heavy notify work detected on UI thread: [kig->ilu, kig->ijm, kig->gkl, kig->ilu, kig->jnx, kig->khc, kig->ilu, kig->fro, kig->fef, kig->ilu, kig->ilu, kig->fcb, kig->ilu, kig->khg, kig->imt, kig->ilu, kig->ilu, kig->ilu, kig->ilu, kig->ilu, kig->lux, kig->ilu, kig->ilu] takes 39ms
02-19 21:47:16.942   752  1454 W PackageConfigPersister: App-specific configuration not found for packageName: viva.republica.toss.test and userId: 0
02-19 21:47:16.960   752   969 D ActivityManager: freezing 19378 com.google.android.webview:webview_service
02-19 21:47:16.972   752  1029 D InetDiagMessage: Destroyed 0 sockets, proto=IPPROTO_TCP, family=AF_INET, states=14
02-19 21:47:16.977   752  1029 D InetDiagMessage: Destroyed 0 sockets, proto=IPPROTO_TCP, family=AF_INET6, states=14
02-19 21:47:16.977   752  1029 D InetDiagMessage: Destroyed live tcp sockets for uids={10168} in 10ms
02-19 21:47:16.981  4449   614 V WindowManagerShell: onTransitionReady(transaction=3229815437792)
02-19 21:47:16.982   752   794 I ActivityTaskManager: Displayed viva.republica.toss.test/im.toss.rn.granite.core.GraniteActivity for user 0: +285ms
02-19 21:47:16.983   752   794 V WindowManager: Sent Transition (#1085) createdAt=02-19 21:47:16.699 via request=TransitionRequestInfo { type = OPEN, triggerTask = TaskInfo{userId=0 taskId=169 effectiveUid=10217 displayId=0 isRunning=true baseIntent=Intent { act=android.intent.action.VIEW dat=intoss://takealook/... flg=0x10000000 cmp=viva.republica.toss.test/im.toss.rn.granite.core.GraniteActivity } baseActivity=ComponentInfo{viva.republica.toss.test/im.toss.rn.granite.core.GraniteActivity} topActivity=ComponentInfo{viva.republica.toss.test/im.toss.rn.granite.core.GraniteActivity} origActivity=null realActivity=ComponentInfo{viva.republica.toss.test/im.toss.rn.granite.core.GraniteActivity} numActivities=3 lastActiveTime=116710557 supportsMultiWindow=true resizeMode=1 isResizeable=true minWidth=-1 minHeight=-1 defaultMinSize=220 token=WCT{RemoteToken{e05d3bd Task{a935095 #169 type=standard A=10217:viva.republica.toss.test}}} topActivityType=1 pictureInPictureParams=null shouldDockBigOverlays=false launchIntoPipHostTaskId=-1 lastParentTaskIdBeforePip=-1 displayCutoutSafeInsets=Rect(0, 0 - 0, 0) topActivityInfo=ActivityInfo{c2b2385 im.toss.rn.granite.core.GraniteActivity} launchCookies=[] positionInParent=Point(0, 0) parentTaskId=-1 isFocused=true isVisible=true isVisibleRequested=true isTopActivityNoDisplay=false isSleeping=false locusId=null displayAreaFeatureId=1 isTopActivityTransparent=false isActivityStackTransparent=false lastNonFullscreenBounds=Rect(284, 660 - 796, 1740) capturedLink=null capturedLinkTimestamp=0 requestedVisibleTypes=-9 topActivityRequestOpenInBrowserEducationTimestamp=0 appCompatTaskInfo=AppCompatTaskInfo { topActivityInSizeCompat=false eligibleForLetterboxEducation= false isLetterboxEducationEnabled= true isLetterboxDoubleTapEnabled= false eligibleForUserAspectRatioButton= false topActivityBoundsLetterboxed= false isFromLetterboxDoubleTap= false topActivityLetterboxVerticalPosition= -1 topActivityLetterboxHorizontalPosition= -1 topActivityLetterboxWidth=-1 topActivityLetterboxHeight=-1 topActivityAppBounds=Rect(0, 0 - 1080, 2400) isUserFullscreenOverrideEnabled=false isSystemFullscreenOverrideEnabled=false hasMinAspectRatioOverride=false topActivityLetterboxBounds=null cameraCompatTaskInfo=CameraCompatTaskInfo { freeformCameraCompatMode=inactive}} topActivityMainWindowFrame=null}, pipChange = null, remoteTransition = null, displayChange = null, flags = 0, debugId = 1085 }
02-19 21:47:16.983   752   794 V WindowManager:     startWCT=WindowContainerTransaction { changes= {} hops= [] errorCallbackToken=null taskFragmentOrganizer=null }
02-19 21:47:16.983   752   794 V WindowManager:     info={id=1085 t=OPEN f=0x0 trk=1 r=[0@Point(0, 0)] c=[
02-19 21:47:16.983   752   794 V WindowManager:         {m=OPEN f=FILLS_TASK leash=Surface(name=ActivityRecord{33247265 u0 viva.republica.toss.test/im.toss.rn.granite.core.GraniteActivity)/@0x8b1def sb=Rect(0, 0 - 0, 0) eb=Rect(0, 0 - 1080, 2400) epz=Point(1080, 2400) d=-1->0 r=-1->0:-1 bc=ffffffff component=viva.republica.toss.test/im.toss.rn.granite.core.GraniteActivity opt={t=FROM_STYLE mUserId=0}},
02-19 21:47:16.983   752   794 V WindowManager:         {m=CLOSE f=TRANSLUCENT|FILLS_TASK leash=Surface(name=ActivityRecord{46894645 u0 viva.republica.toss.test/.MiniAppSchemeActivity)/@0xb8bdace sb=Rect(0, 0 - 1080, 2400) eb=Rect(0, 0 - 1080, 2400) epz=Point(1080, 2400) d=0 bc=ffffffff component=viva.republica.toss.test/.MiniAppSchemeActivity opt={t=FROM_STYLE mUserId=0}},
02-19 21:47:16.983   752   794 V WindowManager:         {m=TO_BACK f=FILLS_TASK leash=Surface(name=ActivityRecord{87832652 u0 viva.republica.toss.test/im.toss.rn.granite.core.GraniteActivity)/@0xf5e13c9 sb=Rect(0, 0 - 1080, 2400) eb=Rect(0, 0 - 1080, 2400) epz=Point(1080, 2400) d=0 bc=ffffffff component=viva.republica.toss.test/im.toss.rn.granite.core.GraniteActivity opt={t=FROM_STYLE mUserId=0}}
02-19 21:47:16.983   752   794 V WindowManager:     ]}
02-19 21:47:16.984  4449  4467 V WindowManagerShell: onTransitionReady (#1085) android.os.BinderProxy@579e8ae: {id=1085 t=OPEN f=0x0 trk=1 r=[0@Point(0, 0)] c=[
02-19 21:47:16.984  4449  4467 V WindowManagerShell:         {m=OPEN f=FILLS_TASK leash=Surface(name=ActivityRecord{33247265 u0 viva.republica.toss.test/im.toss.rn.granite.core.GraniteActivity)/@0xa0b72e5 sb=Rect(0, 0 - 0, 0) eb=Rect(0, 0 - 1080, 2400) epz=Point(1080, 2400) d=-1->0 r=-1->0:-1 bc=ffffffff component=viva.republica.toss.test/im.toss.rn.granite.core.GraniteActivity opt={t=FROM_STYLE mUserId=0}},
02-19 21:47:16.984  4449  4467 V WindowManagerShell:         {m=CLOSE f=TRANSLUCENT|FILLS_TASK leash=Surface(name=ActivityRecord{46894645 u0 viva.republica.toss.test/.MiniAppSchemeActivity)/@0x5ffe1ba sb=Rect(0, 0 - 1080, 2400) eb=Rect(0, 0 - 1080, 2400) epz=Point(1080, 2400) d=0 bc=ffffffff component=viva.republica.toss.test/.MiniAppSchemeActivity opt={t=FROM_STYLE mUserId=0}},
02-19 21:47:16.984  4449  4467 V WindowManagerShell:         {m=TO_BACK f=FILLS_TASK leash=Surface(name=ActivityRecord{87832652 u0 viva.republica.toss.test/im.toss.rn.granite.core.GraniteActivity)/@0x495f86b sb=Rect(0, 0 - 1080, 2400) eb=Rect(0, 0 - 1080, 2400) epz=Point(1080, 2400) d=0 bc=ffffffff component=viva.republica.toss.test/im.toss.rn.granite.core.GraniteActivity opt={t=FROM_STYLE mUserId=0}}
02-19 21:47:16.984  4449  4467 V WindowManagerShell:     ]}
02-19 21:47:16.984  4449  4467 V WindowManagerShell: Playing animation for (#1085) android.os.BinderProxy@579e8ae@1
02-19 21:47:16.984  4449  4467 V ShellRecents: RecentsTransitionHandler.startAnimation: no controller found
02-19 21:47:16.984  4449  4467 V WindowManagerShell: Transition doesn't have explicit remote, search filters for match for {id=1085 t=OPEN f=0x0 trk=1 r=[0@Point(0, 0)] c=[{m=OPEN f=FILLS_TASK leash=Surface(name=ActivityRecord{33247265 u0 viva.republica.toss.test/im.toss.rn.granite.core.GraniteActivity)/@0xa0b72e5 sb=Rect(0, 0 - 0, 0) eb=Rect(0, 0 - 1080, 2400) epz=Point(1080, 2400) d=-1->0 r=-1->0:-1 bc=ffffffff component=viva.republica.toss.test/im.toss.rn.granite.core.GraniteActivity opt={t=FROM_STYLE mUserId=0}},{m=CLOSE f=TRANSLUCENT|FILLS_TASK leash=Surface(name=ActivityRecord{46894645 u0 viva.republica.toss.test/.MiniAppSchemeActivity)/@0x5ffe1ba sb=Rect(0, 0 - 1080, 2400) eb=Rect(0, 0 - 1080, 2400) epz=Point(1080, 2400) d=0 bc=ffffffff component=viva.republica.toss.test/.MiniAppSchemeActivity opt={t=FROM_STYLE mUserId=0}},{m=TO_BACK f=FILLS_TASK leash=Surface(name=ActivityRecord{87832652 u0 viva.republica.toss.test/im.toss.rn.granite.core.GraniteActivity)/@0x495f86b sb=Rect(0, 0 - 1080, 2400) eb=Rect(0, 0 - 1080, 2400) epz=Point(1080, 2400) d=0 bc=ffffffff component=viva.republica.toss.test/im.toss.rn.granite.core.GraniteActivity opt={t=FROM_STYLE mUserId=0}}]}
02-19 21:47:16.984  4449  4467 V WindowManagerShell:  Checking filter Pair{{types=[] flags=0x0] notFlags=0x0 checks=[{atype=undefined independent=true modes=[CLOSE,TO_BACK] flags=IN_TASK_WITH_EMBEDDED_ACTIVITY mustBeTask=false order=ANY topActivity=null launchCookie=null taskFragmentToken=android.os.BinderProxy@71546f0 windowingMode=undefined}]} RemoteTransition { remoteTransition = android.window.IRemoteTransition$Stub$Proxy@d4c8469, appThread = android.app.IApplicationThread$Stub$Proxy@c228eee, debugName = overlayBackTransition }}
02-19 21:47:16.986  4449  4467 V WindowManagerShell:  Checking filter Pair{{types=[] flags=0x0] notFlags=0x0 checks=[{atype=dream independent=true modes=[OPEN,TO_FRONT] flags=NONE mustBeTask=false order=ANY topActivity=null launchCookie=null windowingMode=undefined},{atype=home independent=true modes=[CLOSE,TO_BACK] flags=NONE mustBeTask=false order=ANY topActivity=null launchCookie=null windowingMode=undefined}]} RemoteTransition { remoteTransition = android.window.IRemoteTransition$Stub$Proxy@c578f8f, appThread = android.app.IApplicationThread$Stub$Proxy@69fe21c, debugName = LauncherToDream }}
02-19 21:47:16.986  4449  4467 V WindowManagerShell:  Checking filter Pair{{types=[] flags=0x0] notFlags=0x100 checks=[{atype=home independent=true modes=[OPEN,TO_FRONT] flags=NONE mustBeTask=false order=TOP topActivity=ComponentInfo{com.google.android.apps.nexuslauncher/com.google.android.apps.nexuslauncher.NexusLauncherActivity} launchCookie=null windowingMode=undefined},{atype=standard independent=true modes=[CLOSE,TO_BACK] flags=NONE mustBeTask=false order=ANY topActivity=null launchCookie=null windowingMode=undefined},{NOT atype=undefined independent=true modes=[] flags=NONE mustBeTask=true order=ANY topActivity=null launchCookie=null customAnim=true windowingMode=undefined}]} RemoteTransition { remoteTransition = android.window.IRemoteTransition$Stub$Proxy@69ffe25, appThread = android.app.IApplicationThread$Stub$Proxy@72cabfa, debugName = QuickstepLaunchHome }}
02-19 21:47:16.986  4449  4467 V WindowManagerShell:  Checking filter Pair{{types=[] flags=0x0] notFlags=0x0 checks=[{atype=undefined independent=true modes=[CLOSE,TO_BACK] flags=IN_TASK_WITH_EMBEDDED_ACTIVITY mustBeTask=false order=ANY topActivity=null launchCookie=null taskFragmentToken=android.os.BinderProxy@71546f0 windowingMode=undefined}]} RemoteTransition { remoteTransition = android.window.IRemoteTransition$Stub$Proxy@7c795ab, appThread = android.app.IApplicationThread$Stub$Proxy@cd70408, debugName = overlayBackTransition }}
02-19 21:47:16.986  4449  4467 V WindowManagerShell:  Checking filter Pair{{types=[] flags=0x0] notFlags=0x0 checks=[{atype=dream independent=true modes=[OPEN,TO_FRONT] flags=NONE mustBeTask=false order=ANY topActivity=null launchCookie=null windowingMode=undefined},{atype=home independent=true modes=[CLOSE,TO_BACK] flags=NONE mustBeTask=false order=ANY topActivity=null launchCookie=null windowingMode=undefined}]} RemoteTransition { remoteTransition = android.window.IRemoteTransition$Stub$Proxy@f757a1, appThread = android.app.IApplicationThread$Stub$Proxy@d898dc6, debugName = LauncherToDream }}
02-19 21:47:16.986  4449  4467 V WindowManagerShell:  Checking filter Pair{{types=[] flags=0x0] notFlags=0x100 checks=[{atype=home independent=true modes=[OPEN,TO_FRONT] flags=NONE mustBeTask=false order=TOP topActivity=ComponentInfo{com.google.android.apps.nexuslauncher/com.google.android.apps.nexuslauncher.NexusLauncherActivity} launchCookie=null windowingMode=undefined},{atype=standard independent=true modes=[CLOSE,TO_BACK] flags=NONE mustBeTask=false order=ANY topActivity=null launchCookie=null windowingMode=undefined},{NOT atype=undefined independent=true modes=[] flags=NONE mustBeTask=true order=ANY topActivity=null launchCookie=null customAnim=true windowingMode=undefined}]} RemoteTransition { remoteTransition = android.window.IRemoteTransition$Stub$Proxy@9e7e187, appThread = android.app.IApplicationThread$Stub$Proxy@3dc58b4, debugName = QuickstepLaunchHome }}
02-19 21:47:16.986  4449  4467 V WindowManagerShell:  Delegate animation for (#1085) to null
02-19 21:47:16.987  4449  4467 V WindowManagerShell: start default transition animation, info = {id=1085 t=OPEN f=0x0 trk=1 r=[0@Point(0, 0)] c=[{m=OPEN f=FILLS_TASK leash=Surface(name=ActivityRecord{33247265 u0 viva.republica.toss.test/im.toss.rn.granite.core.GraniteActivity)/@0xa0b72e5 sb=Rect(0, 0 - 0, 0) eb=Rect(0, 0 - 1080, 2400) epz=Point(1080, 2400) d=-1->0 r=-1->0:-1 bc=ffffffff component=viva.republica.toss.test/im.toss.rn.granite.core.GraniteActivity opt={t=FROM_STYLE mUserId=0}},{m=CLOSE f=TRANSLUCENT|FILLS_TASK leash=Surface(name=ActivityRecord{46894645 u0 viva.republica.toss.test/.MiniAppSchemeActivity)/@0x5ffe1ba sb=Rect(0, 0 - 1080, 2400) eb=Rect(0, 0 - 1080, 2400) epz=Point(1080, 2400) d=0 bc=ffffffff component=viva.republica.toss.test/.MiniAppSchemeActivity opt={t=FROM_STYLE mUserId=0}},{m=TO_BACK f=FILLS_TASK leash=Surface(name=ActivityRecord{87832652 u0 viva.republica.toss.test/im.toss.rn.granite.core.GraniteActivity)/@0x495f86b sb=Rect(0, 0 - 1080, 2400) eb=Rect(0, 0 - 1080, 2400) epz=Point(1080, 2400) d=0 bc=ffffffff component=viva.republica.toss.test/im.toss.rn.granite.core.GraniteActivity opt={t=FROM_STYLE mUserId=0}}]}
02-19 21:47:16.987  4449  4467 V WindowManagerShell: loadAnimation: anim=android.view.animation.AnimationSet@78fe074 animAttr=0x5 type=OPEN isEntrance=false
02-19 21:47:16.988  4449  4467 V WindowManagerShell: loadAnimation: anim=android.view.animation.AnimationSet@c5e199d animAttr=0x5 type=OPEN isEntrance=false
02-19 21:47:16.988  4449  4467 V WindowManagerShell: loadAnimation: anim=android.view.animation.AnimationSet@2048fe0 animAttr=0x4 type=OPEN isEntrance=true
02-19 21:47:16.989  4449  4467 V WindowManagerShell:  animated by com.android.wm.shell.transition.DefaultTransitionHandler@f74d823
02-19 21:47:17.098   752   797 W IPCThreadState: Sending oneway calls to frozen process.
02-19 21:47:17.124   752   989 I ImeTracker: viva.republica.toss.test:1413ee37: onRequestHide at ORIGIN_SERVER reason HIDE_UNSPECIFIED_WINDOW fromUser false
02-19 21:47:17.144 20022 20022 I GoogleInputMethodService: GoogleInputMethodService.onFinishInput():2043 
02-19 21:47:17.147 20022 20022 I Module  : DeviceLockedStatusModuleProvider$Module.updateDeviceLockedStatus():100 repeatCheckTimes = 0, locked = false
02-19 21:47:17.160  4359  4642 W unknown:InspectorPackagerConnection: Couldn't connect to packager, will silently retry
02-19 21:47:17.163  4359  4359 D InsetsController: hide(ime(), fromIme=false)
02-19 21:47:17.164  4359  4359 I ImeTracker: viva.republica.toss.test:1413ee37: onCancelled at PHASE_CLIENT_ALREADY_HIDDEN
02-19 21:47:17.179   752  2305 I ImeTracker: system_server:b4bc46f9: onRequestHide at ORIGIN_SERVER reason IME_REQUESTED_CHANGED_LISTENER fromUser false
02-19 21:47:17.181 20022 20022 W NotificationCenter: NotificationCenter$NotificationQueue.notifyPendingNotificationsOnExecutor():877 Heavy notify work detected on UI thread: [kig->iwk] takes 23ms
02-19 21:47:17.182   752   797 I ImeTracker: system_server:b4bc46f9: onCancelled at PHASE_SERVER_SHOULD_HIDE
02-19 21:47:17.185  4359  4359 E unknown:ReactRootView: Unhandled SoftException
02-19 21:47:17.185  4359  4359 E unknown:ReactRootView: com.facebook.react.uimanager.IllegalViewOperationException: Trying to attach a ReactRootView with an explicit id already set to [2131362676]. React Native uses the id field to track react tags and will overwrite this field. If that is fine, explicitly overwrite the id field to View.NO_ID.
02-19 21:47:17.185  4359  4359 E unknown:ReactRootView: 	at com.facebook.react.ReactRootView.attachToReactInstanceManager(:799)
02-19 21:47:17.185  4359  4359 E unknown:ReactRootView: 	at com.facebook.react.ReactRootView.startReactApplication(:509)
02-19 21:47:17.185  4359  4359 E unknown:ReactRootView: 	at com.facebook.react.ReactRootView.startReactApplication(:469)
02-19 21:47:17.185  4359  4359 E unknown:ReactRootView: 	at im.toss.rn.granite.core.GraniteActivity.write(:486)
02-19 21:47:17.185  4359  4359 E unknown:ReactRootView: 	at im.toss.rn.granite.core.GraniteActivity.RemoteActionCompatParcelizer(:124)
02-19 21:47:17.185  4359  4359 E unknown:ReactRootView: 	at im.toss.rn.granite.core.GraniteActivity$RemoteActionCompatParcelizer.IconCompatParcelizer(:65353)
02-19 21:47:17.185  4359  4359 E unknown:ReactRootView: 	at o.sh.a_(:33)
02-19 21:47:17.185  4359  4359 E unknown:ReactRootView: 	at o.xP.run(:100)
02-19 21:47:17.185  4359  4359 E unknown:ReactRootView: 	at android.os.Handler.handleCallback(Handler.java:995)
02-19 21:47:17.185  4359  4359 E unknown:ReactRootView: 	at android.os.Handler.dispatchMessage(Handler.java:103)
02-19 21:47:17.185  4359  4359 E unknown:ReactRootView: 	at android.os.Looper.loopOnce(Looper.java:248)
02-19 21:47:17.185  4359  4359 E unknown:ReactRootView: 	at android.os.Looper.loop(Looper.java:338)
02-19 21:47:17.185  4359  4359 E unknown:ReactRootView: 	at android.app.ActivityThread.main(ActivityThread.java:9067)
02-19 21:47:17.185  4359  4359 E unknown:ReactRootView: 	at java.lang.reflect.Method.invoke(Native Method)
02-19 21:47:17.185  4359  4359 E unknown:ReactRootView: 	at com.android.internal.os.RuntimeInit$MethodAndArgsCaller.run(RuntimeInit.java:593)
02-19 21:47:17.185  4359  4359 E unknown:ReactRootView: 	at com.android.internal.os.ZygoteInit.main(ZygoteInit.java:932)
02-19 21:47:17.187  4359  4641 W unknown:ReconnectingWebSocket: Couldn't connect to "ws://10.0.2.2:8081/message?device=sdk_gphone64_x86_64%20-%2016%20-%20API%2036&app=viva.republica.toss.test&clientid=BridgeDevSupportManager", will silently retry
02-19 21:47:17.197 20022 20022 I GoogleInputMethodService: GoogleInputMethodService.onStartInput():1293 onStartInput(EditorInfo{EditorInfo{packageName=viva.republica.toss.test, inputType=0, inputTypeString=NULL, enableLearning=false, autoCorrection=false, autoComplete=false, imeOptions=0, privateImeOptions=null, actionName=UNSPECIFIED, actionLabel=null, initialSelStart=-1, initialSelEnd=-1, initialCapsMode=0, label=null, fieldId=0, fieldName=null, extras=null, hintText=null, hintLocales=[]}}, false)
02-19 21:47:17.217 20022 20022 I EmojiCompatManager: EmojiCompatManager.getEmojiCompatIfLoaded():343 EmojiCompat.init() was never called.
02-19 21:47:17.217 20022 20022 I EmojiCompatManager: java.lang.IllegalStateException: EmojiCompat is not initialized. Please call EmojiCompat.init() first
02-19 21:47:17.217 20022 20022 I EmojiCompatManager: 	at asx.p(PG:6)
02-19 21:47:17.217 20022 20022 I EmojiCompatManager: 	at axb.b(PG:13)
02-19 21:47:17.217 20022 20022 I EmojiCompatManager: 	at jnr.b(PG:2)
02-19 21:47:17.217 20022 20022 I EmojiCompatManager: 	at jnr.c(PG:4)
02-19 21:47:17.217 20022 20022 I EmojiCompatManager: 	at jnr.f(PG:3)
02-19 21:47:17.217 20022 20022 I EmojiCompatManager: 	at jnx.c(PG:3)
02-19 21:47:17.217 20022 20022 I EmojiCompatManager: 	at kif.cz(PG:47)
02-19 21:47:17.217 20022 20022 I EmojiCompatManager: 	at lhl.run(PG:1025)
02-19 21:47:17.217 20022 20022 I EmojiCompatManager: 	at jaf.execute(PG:12)
02-19 21:47:17.217 20022 20022 I EmojiCompatManager: 	at nco.v(PG:13)
02-19 21:47:17.217 20022 20022 I EmojiCompatManager: 	at lhn.m(PG:96)
02-19 21:47:17.217 20022 20022 I EmojiCompatManager: 	at lhn.k(PG:25)
02-19 21:47:17.217 20022 20022 I EmojiCompatManager: 	at kgn.onStartInput(PG:250)
02-19 21:47:17.217 20022 20022 I EmojiCompatManager: 	at android.inputmethodservice.InputMethodService.doStartInput(InputMethodService.java:3521)
02-19 21:47:17.217 20022 20022 I EmojiCompatManager: 	at android.inputmethodservice.InputMethodService$InputMethodImpl.startInput(InputMethodService.java:879)
02-19 21:47:17.217 20022 20022 I EmojiCompatManager: 	at android.inputmethodservice.InputMethodService$InputMethodImpl.dispatchStartInput(InputMethodService.java:908)
02-19 21:47:17.217 20022 20022 I EmojiCompatManager: 	at android.inputmethodservice.IInputMethodWrapper.executeMessage(IInputMethodWrapper.java:201)
02-19 21:47:17.217 20022 20022 I EmojiCompatManager: 	at com.android.internal.os.HandlerCaller$MyHandler.handleMessage(HandlerCaller.java:44)
02-19 21:47:17.217 20022 20022 I EmojiCompatManager: 	at android.os.Handler.dispatchMessage(Handler.java:110)
02-19 21:47:17.217 20022 20022 I EmojiCompatManager: 	at android.os.Looper.loopOnce(Looper.java:248)
02-19 21:47:17.217 20022 20022 I EmojiCompatManager: 	at android.os.Looper.loop(Looper.java:338)
02-19 21:47:17.217 20022 20022 I EmojiCompatManager: 	at android.app.ActivityThread.main(ActivityThread.java:9067)
02-19 21:47:17.217 20022 20022 I EmojiCompatManager: 	at java.lang.reflect.Method.invoke(Native Method)
02-19 21:47:17.217 20022 20022 I EmojiCompatManager: 	at com.android.internal.os.RuntimeInit$MethodAndArgsCaller.run(RuntimeInit.java:593)
02-19 21:47:17.217 20022 20022 I EmojiCompatManager: 	at com.android.internal.os.ZygoteInit.main(ZygoteInit.java:932)
02-19 21:47:17.220 20022 20022 I Module  : DeviceLockedStatusModuleProvider$Module.updateDeviceLockedStatus():100 repeatCheckTimes = 1, locked = false
02-19 21:47:17.240   752  2305 W PackageConfigPersister: App-specific configuration not found for packageName: viva.republica.toss.test and userId: 0
02-19 21:47:17.284   752  1454 D CoreBackPreview: Window{8874f83 u0 PopupWindow:ce30e6b}: Setting back callback OnBackInvokedCallbackInfo{mCallback=android.window.IOnBackInvokedCallback$Stub$Proxy@168139, mPriority=0, mIsAnimationCallback=false, mOverrideBehavior=0}
02-19 21:47:17.472 19166 19170 W s.nexuslauncher: Suspending all threads took: 28.933ms
02-19 21:47:17.474   488   488 I RanchuHwc: logCompositionFallbackIfChanged: layer 1841 CompositionType fallback from 2 to 1
02-19 21:47:17.488  4449  4467 V WindowManagerShell: Transition animation finished (aborted=false), notifying core (#1085) android.os.BinderProxy@579e8ae@1
02-19 21:47:17.503  4449  4467 V WindowManagerShell: Track 1 became idle
02-19 21:47:17.518  4449  4467 V WindowManagerShell: All active transition animations finished
02-19 21:47:17.533   752   794 V WindowManager: Finish Transition (#1085): created at 02-19 21:47:16.699 collect-started=0.454ms request-sent=14.464ms started=42.393ms ready=70.763ms sent=281.12ms commit=19.808ms finished=797.013ms
02-19 21:47:17.594   752   797 W IPCThreadState: Sending oneway calls to frozen process.
02-19 21:47:17.595   752   797 W IPCThreadState: Sending oneway calls to frozen process.
02-19 21:47:17.595  4359  4359 D VRI[MiniAppSchemeActivity]: visibilityChanged oldVisibility=true newVisibility=false
02-19 21:47:17.595   752   797 W IPCThreadState: Sending oneway calls to frozen process.
02-19 21:47:17.605  4359  4359 D VRI[GraniteActivity]: visibilityChanged oldVisibility=true newVisibility=false
02-19 21:47:17.606   752   797 W IPCThreadState: Sending oneway calls to frozen process.
02-19 21:47:17.615   752   797 W IPCThreadState: Sending oneway calls to frozen process.
02-19 21:47:17.616   752   797 W IPCThreadState: Sending oneway calls to frozen process.
02-19 21:47:17.617   752   797 W IPCThreadState: Sending oneway calls to frozen process.
02-19 21:47:17.617   752   797 W IPCThreadState: Sending oneway calls to frozen process.
02-19 21:47:17.622   752   797 W IPCThreadState: Sending oneway calls to frozen process.
02-19 21:47:17.643  4359  4359 W WindowOnBackDispatcher: sendCancelIfRunning: isInProgress=false callback=android.view.ViewRootImpl$$ExternalSyntheticLambda13@959ab35
02-19 21:47:17.650  4359  4359 D ViewRootImpl: Skipping stats log for color mode
02-19 21:47:17.656   752  2305 W WindowManager: Failed looking up window session=Session{d30e7ff 4359:u0a10217} callers=com.android.server.wm.WindowManagerService.windowForClientLocked:6410 com.android.server.wm.Session.setOnBackInvokedCallbackInfo:1002 android.view.IWindowSession$Stub.onTransact:1156 
02-19 21:47:17.656   752  2305 I WindowManager: setOnBackInvokedCallback(): No window state for package:viva.republica.toss.test
02-19 21:47:17.681   752  1095 D BackgroundInstallControlService: Package event received: 0
02-19 21:47:17.753   752   955 W UsageStatsService: Unexpected activity event reported! (viva.republica.toss.test/im.toss.rn.granite.core.GraniteActivity event : 23 instanceId : 193258922)
02-19 21:47:17.762   752  2305 W IPCThreadState: Sending oneway calls to frozen process.
02-19 21:47:17.764   752  2305 W IPCThreadState: Sending oneway calls to frozen process.
02-19 21:47:17.771   752  2305 W IPCThreadState: Sending oneway calls to frozen process.
02-19 21:47:17.775   752  2305 W IPCThreadState: Sending oneway calls to frozen process.
02-19 21:47:18.830  4645  4645 W dumpsys : Thread Pool max thread count is 0. Cannot cache binder as linkToDeath cannot be implemented. serviceName: package
02-19 21:47:19.244   752  1856 E TaskPersister: File error accessing recents directory (directory doesn't exist?).
02-19 21:47:19.286  4648  4648 W dumpsys : Thread Pool max thread count is 0. Cannot cache binder as linkToDeath cannot be implemented. serviceName: window
02-19 21:47:20.001  4359  4583 I ReactNativeJS: Running "shared" with {"initialProps":{"initialColorPreference":"light","loadingStartTs":1771505227446,"initialFontScale":"100"},"rootTag":11}
02-19 21:47:20.090  4652  4652 I artd    : Starting artd
02-19 21:47:20.093  4652  4652 I AidlLazyServiceRegistrar: Registering service artd
02-19 21:47:20.124  4652  4658 I AidlLazyServiceRegistrar: Process has 1 (of 1 available) client(s) in use after notification artd has clients: 1
02-19 21:47:20.135  4655  4655 W screencap: Thread Pool max thread count is 0. Cannot cache binder as linkToDeath cannot be implemented. serviceName: SurfaceFlingerAIDL
02-19 21:47:20.136  4655  4655 W BpBinder: Linking to death on android.gui.ISurfaceComposer but there are no threads (yet?) listening to incoming transactions. See ProcessState::startThreadPool and ProcessState::setThreadPoolMaxThreadCount. Generally you should setup the binder threadpool before other initialization steps.
02-19 21:47:20.136  4655  4655 W ProcessState: Extra binder thread started, but 0 threads requested. Do not use *startThreadPool when zero threads are requested.
02-19 21:47:20.145   531   602 E HwcComposer: getLuts failed Status(-8, EX_SERVICE_SPECIFIC): '8: '
02-19 21:47:20.146   531   602 E HWComposer: getLuts: getLuts failed for display 4619827259835644672: UNSUPPORTED (8)
02-19 21:47:20.833  4652  4652 I artd    : GetBestInfo: odex next to the dex file (/data/app/~~O-UZzK0jUU9NLgS3MODOZA==/com.google.android.gms-YQ2L6GsYyKuvu9MvIBK1EQ==/oat/x86_64/base.odex) is kOatUpToDate with filter 'speed-profile' executable 'false'
02-19 21:47:20.842  4652  4652 I artd    : GetBestInfo: odex next to the dex file (/data/app/~~O-UZzK0jUU9NLgS3MODOZA==/com.google.android.gms-YQ2L6GsYyKuvu9MvIBK1EQ==/oat/x86_64/split_AdsDynamite_installtime.odex) is kOatUpToDate with filter 'speed' executable 'false'
02-19 21:47:20.850  4652  4652 I artd    : GetBestInfo: odex next to the dex file (/data/app/~~O-UZzK0jUU9NLgS3MODOZA==/com.google.android.gms-YQ2L6GsYyKuvu9MvIBK1EQ==/oat/x86_64/split_CronetDynamite_installtime.odex) is kOatUpToDate with filter 'speed' executable 'false'
02-19 21:47:20.900  4652  4659 I artd    : GetBestInfo: odex next to the dex file (/data/app/~~O-UZzK0jUU9NLgS3MODOZA==/com.google.android.gms-YQ2L6GsYyKuvu9MvIBK1EQ==/oat/x86_64/split_DynamiteLoader_installtime.odex) is kOatUpToDate with filter 'speed' executable 'false'
02-19 21:47:20.912  4652  4659 I artd    : GetBestInfo: odex next to the dex file (/data/app/~~O-UZzK0jUU9NLgS3MODOZA==/com.google.android.gms-YQ2L6GsYyKuvu9MvIBK1EQ==/oat/x86_64/split_DynamiteModulesA_installtime.odex) is kOatUpToDate with filter 'speed' executable 'false'
02-19 21:47:20.937  4652  4652 I artd    : GetBestInfo: odex next to the dex file (/data/app/~~O-UZzK0jUU9NLgS3MODOZA==/com.google.android.gms-YQ2L6GsYyKuvu9MvIBK1EQ==/oat/x86_64/split_DynamiteModulesC_installtime.odex) is kOatUpToDate with filter 'speed' executable 'false'
02-19 21:47:20.950  4652  4652 I artd    : GetBestInfo: odex next to the dex file (/data/app/~~O-UZzK0jUU9NLgS3MODOZA==/com.google.android.gms-YQ2L6GsYyKuvu9MvIBK1EQ==/oat/x86_64/split_GoogleCertificates_installtime.odex) is kOatUpToDate with filter 'speed' executable 'false'
02-19 21:47:20.956  4652  4652 I artd    : GetBestInfo: odex next to the dex file (/data/app/~~O-UZzK0jUU9NLgS3MODOZA==/com.google.android.gms-YQ2L6GsYyKuvu9MvIBK1EQ==/oat/x86_64/split_MapsDynamite_installtime.odex) is kOatUpToDate with filter 'speed' executable 'false'
02-19 21:47:20.968  4652  4652 I artd    : GetBestInfo: odex next to the dex file (/data/app/~~O-UZzK0jUU9NLgS3MODOZA==/com.google.android.gms-YQ2L6GsYyKuvu9MvIBK1EQ==/oat/x86_64/split_MeasurementDynamite_installtime.odex) is kOatUpToDate with filter 'speed' executable 'false'
02-19 21:47:20.976  4652  4659 I artd    : GetBestInfo: /data/app/~~O-UZzK0jUU9NLgS3MODOZA==/com.google.android.gms-YQ2L6GsYyKuvu9MvIBK1EQ==/split_maps_core_dynamite_ondemand.apk has no usable artifacts
02-19 21:47:20.980  4652  4652 I artd    : GetBestInfo: /data/user_de/0/com.google.android.gms/app_chimera/m/0000000c/dl-Appsearch.optional_250834100800.apk has no usable artifacts
02-19 21:47:20.983  4652  4652 I artd    : GetBestInfo: /data/user_de/0/com.google.android.gms/app_chimera/m/00000001/CronetDynamite.apk has no usable artifacts
02-19 21:47:20.984  4652  4652 I artd    : GetBestInfo: /data/user_de/0/com.google.android.gms/app_chimera/m/00000002/DynamiteLoader.apk has no usable artifacts
02-19 21:47:20.988  4652  4659 I artd    : GetBestInfo: /data/user_de/0/com.google.android.gms/app_chimera/m/00000005/GoogleCertificates.apk has no usable artifacts
02-19 21:47:20.997  4652  4652 I artd    : GetBestInfo: /data/user_de/0/com.google.android.gms/app_chimera/m/00000009/dl-TfliteDynamiteDynamite.integ_252130102100800.apk has no usable artifacts
02-19 21:47:21.003  4652  4652 I artd    : GetBestInfo: vdex next to the dex file (/data/user/0/com.google.android.gms/app_dg_cache/BF7C023AB90CCF01D1F467FC1CEBAF866511FF29/oat/x86_64/the.vdex) is kOatUpToDate with filter 'verify' executable 'false'
02-19 21:47:21.009  4652  4659 I artd    : GetBestInfo: /data/user_de/0/com.google.android.gms/app_chimera/m/00000010/dl-PlayCloudSearch.optional_250834100000.apk has no usable artifacts
02-19 21:47:21.013  4652  4652 I artd    : GetBestInfo: /data/user_de/0/com.google.android.gms/app_chimera/m/00000017/dl-PlayCloudSearch.optional_260438100000.apk has no usable artifacts
02-19 21:47:21.017  4652  4659 I artd    : GetBestInfo: /data/user_de/0/com.google.android.gms/app_chimera/m/00000015/dl-MlkitOcrCommon.optional_260438100800.apk has no usable artifacts
02-19 21:47:21.021  4652  4659 I artd    : GetBestInfo: /data/user_de/0/com.google.android.gms/app_chimera/m/00000013/dl-MlkitBarcodeUi.optional_260438100800.apk has no usable artifacts
02-19 21:47:21.028  4652  4652 I artd    : GetBestInfo: /data/user_de/0/com.google.android.gms/app_chimera/m/0000000f/dl-MlkitOcrCommon.optional_250834100800.apk has no usable artifacts
02-19 21:47:21.032  4652  4659 I artd    : GetBestInfo: /data/user_de/0/com.google.android.gms/app_chimera/m/0000000d/dl-VisionOcr.optional_250834100000.apk has no usable artifacts
02-19 21:47:21.037  4652  4659 I artd    : GetBestInfo: /data/user_de/0/com.google.android.gms/app_chimera/m/0000000a/dl-MlkitBarcodeUi.optional_250834100800.apk has no usable artifacts
02-19 21:47:21.042  4652  4652 I artd    : GetBestInfo: /data/user_de/0/com.google.android.gms/app_chimera/m/00000011/dl-VisionOcr.optional_260438100000.apk has no usable artifacts
02-19 21:47:21.047  4652  4652 I artd    : GetBestInfo: /data/user_de/0/com.google.android.gms/app_chimera/m/00000012/dl-Appsearch.optional_260438100800.apk has no usable artifacts
02-19 21:47:21.051  4652  4659 I artd    : GetBestInfo: vdex next to the dex file (/data/user/0/com.google.android.gms/app_dg_cache/94DF452EEF4B8E717545DCDEA6CC3C50A319A195/oat/x86_64/the.vdex) is kOatUpToDate with filter 'verify' executable 'false'
