02-19 21:23:52.479 20022 20022 I EmojiCompatManager: 	at com.android.internal.os.ZygoteInit.main(ZygoteInit.java:932)
02-19 21:23:52.480 20022 20022 I Module  : DeviceLockedStatusModuleProvider$Module.updateDeviceLockedStatus():100 repeatCheckTimes = 1, locked = false
02-19 21:23:52.487 19301 19312 I FontLog : (REDACTED) Pulling font file for id = %d, cache size = %d
02-19 21:23:52.493   752  1940 W PackageConfigPersister: App-specific configuration not found for packageName: viva.republica.toss.test and userId: 0
02-19 21:23:52.501   752   933 I ImeTracker: system_server:96889cd4: onRequestHide at ORIGIN_SERVER reason IME_REQUESTED_CHANGED_LISTENER fromUser false
02-19 21:23:52.505   752   797 I ImeTracker: system_server:96889cd4: onCancelled at PHASE_SERVER_SHOULD_HIDE
02-19 21:23:52.519   426   760 W unknown:ViewManagerPropertyUpdater: Could not find generated setter for class com.reactnativepagerview.PagerViewViewManager
02-19 21:23:52.526 19301 19312 I FontLog : (REDACTED) Received query %s, URI %s
02-19 21:23:52.526 19301 19312 I FontLog : (REDACTED) Query [%s] resolved to %s
02-19 21:23:52.533 19301 19312 I FontLog : (REDACTED) Font PFD returned from cache for %s
02-19 21:23:52.533 19301 19312 I FontLog : (REDACTED) Fetch %s end status %s
02-19 21:23:52.534   426   760 W unknown:ViewManagerPropertyUpdater: Could not find generated setter for class com.th3rdwave.safeareacontext.SafeAreaProviderManager
02-19 21:23:52.535   426   760 W unknown:ViewManagerPropertyUpdater: Could not find generated setter for class com.th3rdwave.safeareacontext.SafeAreaViewManager
02-19 21:23:52.538   426   760 W unknown:ViewManagerPropertyUpdater: Could not find generated setter for class o.eglCreatePlatformPixmapSurface
02-19 21:23:52.539   426   760 W unknown:ViewManagerPropertyUpdater: Could not find generated setter for class com.swmansion.rnscreens.ScreenContainerViewManager
02-19 21:23:52.540 19301 19315 I FontLog : (REDACTED) Pulling font file for id = %d, cache size = %d
02-19 21:23:52.565   426   760 W unknown:ViewManagerPropertyUpdater: Could not find generated setter for class com.swmansion.rnscreens.ScreenViewManager
02-19 21:23:52.575   426   760 W unknown:ViewManagerPropertyUpdater: Could not find generated setter for class com.swmansion.rnscreens.ScreenStackViewManager
02-19 21:23:52.580   426   760 W unknown:ViewManagerPropertyUpdater: Could not find generated setter for class com.swmansion.rnscreens.ScreenStackHeaderConfigViewManager
02-19 21:23:52.585 19301 32528 I SQLiteConnectionPool: The connection pool for /data/user/0/com.google.android.gms/databases/metadata.db has been closed but there are still 1 connections in use.  They will be closed as they are released back to the pool.
02-19 21:23:52.586   426   760 W unknown:ViewManagerPropertyUpdater: Could not find generated setter for class com.swmansion.rnscreens.ScreenStackHeaderSubviewManager
02-19 21:23:52.586 19301   838 W FontLog : Error updating last accessed time for {Google Sans, wdth 100.0, wght 400, ital 0.0, bestEffort false}, isVf false}. [CONTEXT service_id=132 ]
02-19 21:23:52.586 19301   838 W FontLog : java.lang.IllegalStateException: Cannot perform this operation because the connection pool has been closed.
02-19 21:23:52.586 19301   838 W FontLog : 	at android.database.sqlite.SQLiteConnectionPool.throwIfClosedLocked(SQLiteConnectionPool.java:1110)
02-19 21:23:52.586 19301   838 W FontLog : 	at android.database.sqlite.SQLiteConnectionPool.waitForConnection(SQLiteConnectionPool.java:801)
02-19 21:23:52.586 19301   838 W FontLog : 	at android.database.sqlite.SQLiteConnectionPool.acquireConnection(SQLiteConnectionPool.java:406)
02-19 21:23:52.586 19301   838 W FontLog : 	at android.database.sqlite.SQLiteSession.acquireConnection(SQLiteSession.java:931)
02-19 21:23:52.586 19301   838 W FontLog : 	at android.database.sqlite.SQLiteSession.executeForChangedRowCount(SQLiteSession.java:789)
02-19 21:23:52.586 19301   838 W FontLog : 	at android.database.sqlite.SQLiteStatement.executeUpdateDelete(SQLiteStatement.java:67)
02-19 21:23:52.586 19301   838 W FontLog : 	at android.database.sqlite.SQLiteDatabase.executeSql(SQLiteDatabase.java:2235)
02-19 21:23:52.586 19301   838 W FontLog : 	at android.database.sqlite.SQLiteDatabase.execSQL(SQLiteDatabase.java:2211)
02-19 21:23:52.586 19301   838 W FontLog : 	at bvxi.run(:com.google.android.gms@260438038@26.04.38 (260800-867839860):57)
02-19 21:23:52.586 19301   838 W FontLog : 	at bfir.c(:com.google.android.gms@260438038@26.04.38 (260800-867839860):50)
02-19 21:23:52.586 19301   838 W FontLog : 	at bfir.run(:com.google.android.gms@260438038@26.04.38 (260800-867839860):73)
02-19 21:23:52.586 19301   838 W FontLog : 	at java.util.concurrent.ThreadPoolExecutor.runWorker(ThreadPoolExecutor.java:1156)
02-19 21:23:52.586 19301   838 W FontLog : 	at java.util.concurrent.ThreadPoolExecutor$Worker.run(ThreadPoolExecutor.java:651)
02-19 21:23:52.586 19301   838 W FontLog : 	at bfoi.run(:com.google.android.gms@260438038@26.04.38 (260800-867839860):8)
02-19 21:23:52.586 19301   838 W FontLog : 	at java.lang.Thread.run(Thread.java:1119)
02-19 21:23:52.586 19301   838 W FontLog : Caused by: java.lang.Exception: SQLiteConnectionPool.close()
02-19 21:23:52.586 19301   838 W FontLog : 	at android.database.sqlite.SQLiteConnectionPool.dispose(SQLiteConnectionPool.java:274)
02-19 21:23:52.586 19301   838 W FontLog : 	at android.database.sqlite.SQLiteConnectionPool.close(SQLiteConnectionPool.java:254)
02-19 21:23:52.586 19301   838 W FontLog : 	at android.database.sqlite.SQLiteDatabase.dispose(SQLiteDatabase.java:559)
02-19 21:23:52.586 19301   838 W FontLog : 	at android.database.sqlite.SQLiteDatabase.onAllReferencesReleased(SQLiteDatabase.java:536)
02-19 21:23:52.586 19301   838 W FontLog : 	at android.database.sqlite.SQLiteClosable.releaseReference(SQLiteClosable.java:92)
02-19 21:23:52.586 19301   838 W FontLog : 	at android.database.sqlite.SQLiteDatabase.executeSql(SQLiteDatabase.java:2246)
02-19 21:23:52.586 19301   838 W FontLog : 	... 8 more
02-19 21:23:52.588   426   760 W unknown:ViewManagerPropertyUpdater: Could not find generated setter for class com.swmansion.rnscreens.SearchBarManager
02-19 21:23:52.597 19301 19315 I FontLog : (REDACTED) Received query %s, URI %s
02-19 21:23:52.598 19301 19315 I FontLog : (REDACTED) Query [%s] resolved to %s
02-19 21:23:52.600 19301 19315 I FontLog : (REDACTED) Font PFD returned from cache for %s
02-19 21:23:52.600 19301 19315 I FontLog : (REDACTED) Fetch %s end status %s
02-19 21:23:52.602   426   760 W unknown:ViewManagerPropertyUpdater: Could not find generated setter for class com.horcrux.svg.RenderableViewManager$DefsViewManager
02-19 21:23:52.604 19301 19315 I FontLog : (REDACTED) Pulling font file for id = %d, cache size = %d
02-19 21:23:52.606   426   760 W unknown:ViewManagerPropertyUpdater: Could not find generated setter for class com.horcrux.svg.VirtualViewManager$RemoteActionCompatParcelizer
02-19 21:23:52.610   426   760 W unknown:ViewManagerPropertyUpdater: Could not find generated setter for class com.horcrux.svg.RenderableViewManager$MarkerManager
02-19 21:23:52.619   426   760 W unknown:ViewManagerPropertyUpdater: Could not find generated setter for class com.horcrux.svg.RenderableViewManager$ForeignObjectManager
02-19 21:23:52.622   426   760 W unknown:ViewManagerPropertyUpdater: Could not find generated setter for class com.horcrux.svg.RenderableViewManager$EllipseViewManager
02-19 21:23:52.631   426   760 W unknown:ViewManagerPropertyUpdater: Could not find generated setter for class com.horcrux.svg.RenderableViewManager$LineViewManager
02-19 21:23:52.633   426   760 W unknown:ViewManagerPropertyUpdater: Could not find generated setter for class com.horcrux.svg.RenderableViewManager$LinearGradientManager
02-19 21:23:52.635   426   760 W unknown:ViewManagerPropertyUpdater: Could not find generated setter for class com.horcrux.svg.RenderableViewManager$GroupViewManager
02-19 21:23:52.636   426   760 W unknown:ViewManagerPropertyUpdater: Could not find generated setter for class com.horcrux.svg.RenderableViewManager$TextViewManager
02-19 21:23:52.640   426   760 W unknown:ViewManagerPropertyUpdater: Could not find generated setter for class com.horcrux.svg.RenderableViewManager$ImageViewManager
02-19 21:23:52.643   426   760 W unknown:ViewManagerPropertyUpdater: Could not find generated setter for class com.horcrux.svg.RenderableViewManager$ClipPathViewManager
02-19 21:23:52.644   426   760 W unknown:ViewManagerPropertyUpdater: Could not find generated setter for class com.horcrux.svg.RenderableViewManager$RadialGradientManager
02-19 21:23:52.646   426   760 W unknown:ViewManagerPropertyUpdater: Could not find generated setter for class com.horcrux.svg.RenderableViewManager$MaskManager
02-19 21:23:52.647   426   760 W unknown:ViewManagerPropertyUpdater: Could not find generated setter for class com.horcrux.svg.RenderableViewManager$SymbolManager
02-19 21:23:52.647   752  1940 V GrammaticalInflectionUtils: AttributionSource: android.content.AttributionSource@56784557 does not have READ_SYSTEM_GRAMMATICAL_GENDER permission.
02-19 21:23:52.648   752  1940 W OptProp : Cannot read opt property android.window.PROPERTY_COMPAT_ALLOW_USER_ASPECT_RATIO_OVERRIDE
02-19 21:23:52.648   752  1940 W OptProp : Cannot read opt property android.window.PROPERTY_COMPAT_ALLOW_USER_ASPECT_RATIO_FULLSCREEN_OVERRIDE
02-19 21:23:52.648   752  1940 W OptProp : Cannot read opt property android.window.PROPERTY_COMPAT_ALLOW_RESIZEABLE_ACTIVITY_OVERRIDES
02-19 21:23:52.648   752  1940 W OptProp : Cannot read opt property android.window.PROPERTY_COMPAT_ALLOW_MIN_ASPECT_RATIO_OVERRIDE
02-19 21:23:52.648   426   760 W unknown:ViewManagerPropertyUpdater: Could not find generated setter for class com.horcrux.svg.RenderableViewManager$PatternManager
02-19 21:23:52.651   426   760 W unknown:ViewManagerPropertyUpdater: Could not find generated setter for class com.horcrux.svg.RenderableViewManager$RectViewManager
02-19 21:23:52.651   752  1940 W OptProp : Cannot read opt property android.window.PROPERTY_COMPAT_ALLOW_ORIENTATION_OVERRIDE
02-19 21:23:52.655   426   760 W unknown:ViewManagerPropertyUpdater: Could not find generated setter for class com.horcrux.svg.RenderableViewManager$TextPathViewManager
02-19 21:23:52.658   531   549 I BpBinder: onLastStrongRef automatically unlinking death recipients: 
02-19 21:23:52.662   426   760 W unknown:ViewManagerPropertyUpdater: Could not find generated setter for class com.horcrux.svg.SvgViewManager
02-19 21:23:52.666   752  1940 I ActivityTaskManager: START u0 {act=android.intent.action.VIEW dat=intoss://takealook/... xflg=0x4 cmp=viva.republica.toss.test/im.toss.rn.granite.core.GraniteActivity (has extras)} with LAUNCH_MULTIPLE from uid 10217 (sr=189162063) (BAL_ALLOW_VISIBLE_WINDOW) result code=0
02-19 21:23:52.668  4449  4467 V WindowManagerShell: Transition requested (#1029): android.os.BinderProxy@7d43ae5 TransitionRequestInfo { type = OPEN, triggerTask = TaskInfo{userId=0 taskId=152 effectiveUid=10217 displayId=0 isRunning=true baseIntent=Intent { act=android.intent.action.VIEW dat=intoss://takealook/... flg=0x10000000 pkg=viva.republica.toss.test cmp=viva.republica.toss.test/.MiniAppSchemeActivity } baseActivity=ComponentInfo{viva.republica.toss.test/viva.republica.toss.test.MiniAppSchemeActivity} topActivity=ComponentInfo{viva.republica.toss.test/im.toss.rn.granite.core.GraniteActivity} origActivity=null realActivity=ComponentInfo{viva.republica.toss.test/viva.republica.toss.test.MiniAppSchemeActivity} numActivities=2 lastActiveTime=115306506 supportsMultiWindow=true resizeMode=1 isResizeable=true minWidth=-1 minHeight=-1 defaultMinSize=220 token=WCT{android.window.IWindowContainerToken$Stub$Proxy@16d09ba} topActivityType=1 pictureInPictureParams=null shouldDockBigOverlays=false launchIntoPipHostTaskId=-1 lastParentTaskIdBeforePip=-1 displayCutoutSafeInsets=Rect(0, 0 - 0, 0) topActivityInfo=ActivityInfo{440006b im.toss.rn.granite.core.GraniteActivity} launchCookies=[] positionInParent=Point(0, 0) parentTaskId=-1 isFocused=true isVisible=true isVisibleRequested=true isTopActivityNoDisplay=false isSleeping=false locusId=null displayAreaFeatureId=1 isTopActivityTransparent=false isActivityStackTransparent=false lastNonFullscreenBounds=Rect(284, 660 - 796, 1740) capturedLink=null capturedLinkTimestamp=0 requestedVisibleTypes=-9 topActivityRequestOpenInBrowserEducationTimestamp=0 appCompatTaskInfo=AppCompatTaskInfo { topActivityInSizeCompat=false eligibleForLetterboxEducation= false isLetterboxEducationEnabled= true isLetterboxDoubleTapEnabled= false eligibleForUserAspectRatioButton= false topActivityBoundsLetterboxed= false isFromLetterboxDoubleTap= false topActivityLetterboxVerticalPosition= -1 topActivityLetterboxHorizontalPosition= -1 topActivityLetterboxWidth=-1 topActivityLetterboxHeight=-1 topActivityAppBounds=Rect(0, 0 - 1080, 2400) isUserFullscreenOverrideEnabled=false isSystemFullscreenOverrideEnabled=false hasMinAspectRatioOverride=false topActivityLetterboxBounds=null cameraCompatTaskInfo=CameraCompatTaskInfo { freeformCameraCompatMode=inactive}} topActivityMainWindowFrame=null}, pipChange = null, remoteTransition = null, displayChange = null, flags = 0, debugId = 1029 }
02-19 21:23:52.668  4449  4467 D ShellSplitScreen: logExit: no-op, mLoggerSessionId is null
02-19 21:23:52.671   426   760 W unknown:ViewManagerPropertyUpdater: Could not find generated setter for class com.horcrux.svg.RenderableViewManager$PathViewManager
02-19 21:23:52.676   426   760 W unknown:ViewManagerPropertyUpdater: Could not find generated setter for class com.horcrux.svg.RenderableViewManager$UseViewManager
02-19 21:23:52.678   426   760 W unknown:ViewManagerPropertyUpdater: Could not find generated setter for class com.horcrux.svg.RenderableViewManager$CircleViewManager
02-19 21:23:52.680   426   760 W unknown:ViewManagerPropertyUpdater: Could not find generated setter for class com.horcrux.svg.RenderableViewManager$TSpanViewManager
02-19 21:23:52.698   426   760 W unknown:ViewManagerPropertyUpdater: Could not find generated setter for class com.brentvatne.exoplayer.ReactExoplayerViewManager
02-19 21:23:52.705   752   933 W OptProp : Cannot read opt property android.window.PROPERTY_COMPAT_ENABLE_FAKE_FOCUS
02-19 21:23:52.707   752  1095 D BackgroundInstallControlService: Package event received: 0
02-19 21:23:52.720   426   760 W unknown:ViewManagerPropertyUpdater: Could not find generated setter for class com.reactnativecommunity.webview.RNCWebViewManager
02-19 21:23:52.735   426   760 W unknown:ViewManagerPropertyUpdater: Could not find generated setter for class im.toss.rn.granite.core.module.image.FastImageViewManager
02-19 21:23:52.763  4449  4467 V WindowManagerShell: Transition animation finished (aborted=false), notifying core (#1028) android.os.BinderProxy@aa7cb57@0
02-19 21:23:52.823  4449  4467 V WindowManagerShell: Track 0 became idle
02-19 21:23:52.830   752  1095 D BackgroundInstallControlService: Package event received: 0
02-19 21:23:52.836   752   794 V WindowManager: Finish Transition (#1028): created at 02-19 21:23:50.487 collect-started=0.159ms request-sent=87.496ms started=101.886ms ready=141.374ms sent=1781.604ms commit=142.94ms finished=2332.704ms
02-19 21:23:52.837   752  1095 D BackgroundInstallControlService: Package event received: 0
02-19 21:23:52.874   426   788 W libc    : Access denied finding property "vendor.mesa.vk.trace.per.submit"
02-19 21:23:52.874   426   788 W libc    : Access denied finding property "vendor.mesa.gallium.print.optio"
02-19 21:23:52.875   426   788 W libc    : Access denied finding property "vendor.mesa.vk.trace.frame"
02-19 21:23:52.885   426   788 W libc    : Access denied finding property "vendor.mesa.vk.wsi.headless.swa"
02-19 21:23:52.982   752   969 D ActivityManager: freezing 19378 com.google.android.webview:webview_service
02-19 21:23:52.989   752  1029 D InetDiagMessage: Destroyed 0 sockets, proto=IPPROTO_TCP, family=AF_INET, states=14
02-19 21:23:52.990   752  1029 D InetDiagMessage: Destroyed 0 sockets, proto=IPPROTO_TCP, family=AF_INET6, states=14
02-19 21:23:52.990   752  1029 D InetDiagMessage: Destroyed live tcp sockets for uids={10168} in 2ms
02-19 21:23:53.007   426   788 W chromium: [WARNING:viz_main_impl.cc(85)] VizNullHypothesis is disabled (not a warning)
02-19 21:23:53.058   752  2363 W PackageConfigPersister: App-specific configuration not found for packageName: viva.republica.toss.test and userId: 0
02-19 21:23:53.276   752  2363 D CoreBackPreview: Window{eb53b17 u0 viva.republica.toss.test/im.toss.rn.granite.core.GraniteActivity}: Setting back callback OnBackInvokedCallbackInfo{mCallback=android.window.IOnBackInvokedCallback$Stub$Proxy@44b28ed, mPriority=0, mIsAnimationCallback=false, mOverrideBehavior=0}
02-19 21:23:53.277   426   426 W unknown:ReactRootView: Unable to update root layout specs for uninitialized ReactInstanceManager
02-19 21:23:53.313   426   697 W okhttp.OkHttpClient: A connection to http://localhost:8081/ was leaked. Did you forget to close a response body? To see where this was allocated, set the OkHttpClient logger level to FINE: Logger.getLogger(OkHttpClient.class.getName()).setLevel(Level.FINE);
02-19 21:23:53.470   752  1856 E TaskPersister: File error accessing recents directory (directory doesn't exist?).
02-19 21:23:53.503   752   794 I ActivityTaskManager: Displayed viva.republica.toss.test/im.toss.rn.granite.core.GraniteActivity for user 0: +836ms
02-19 21:23:53.504   752   794 V WindowManager: Sent Transition (#1029) createdAt=02-19 21:23:52.649 via request=TransitionRequestInfo { type = OPEN, triggerTask = TaskInfo{userId=0 taskId=152 effectiveUid=10217 displayId=0 isRunning=true baseIntent=Intent { act=android.intent.action.VIEW dat=intoss://takealook/... flg=0x10000000 pkg=viva.republica.toss.test cmp=viva.republica.toss.test/.MiniAppSchemeActivity } baseActivity=ComponentInfo{viva.republica.toss.test/viva.republica.toss.test.MiniAppSchemeActivity} topActivity=ComponentInfo{viva.republica.toss.test/im.toss.rn.granite.core.GraniteActivity} origActivity=null realActivity=ComponentInfo{viva.republica.toss.test/viva.republica.toss.test.MiniAppSchemeActivity} numActivities=2 lastActiveTime=115306506 supportsMultiWindow=true resizeMode=1 isResizeable=true minWidth=-1 minHeight=-1 defaultMinSize=220 token=WCT{RemoteToken{218e44b Task{7061ddc #152 type=standard A=10217:viva.republica.toss.test}}} topActivityType=1 pictureInPictureParams=null shouldDockBigOverlays=false launchIntoPipHostTaskId=-1 lastParentTaskIdBeforePip=-1 displayCutoutSafeInsets=Rect(0, 0 - 0, 0) topActivityInfo=ActivityInfo{903a47a im.toss.rn.granite.core.GraniteActivity} launchCookies=[] positionInParent=Point(0, 0) parentTaskId=-1 isFocused=true isVisible=true isVisibleRequested=true isTopActivityNoDisplay=false isSleeping=false locusId=null displayAreaFeatureId=1 isTopActivityTransparent=false isActivityStackTransparent=false lastNonFullscreenBounds=Rect(284, 660 - 796, 1740) capturedLink=null capturedLinkTimestamp=0 requestedVisibleTypes=-9 topActivityRequestOpenInBrowserEducationTimestamp=0 appCompatTaskInfo=AppCompatTaskInfo { topActivityInSizeCompat=false eligibleForLetterboxEducation= false isLetterboxEducationEnabled= true isLetterboxDoubleTapEnabled= false eligibleForUserAspectRatioButton= false topActivityBoundsLetterboxed= false isFromLetterboxDoubleTap= false topActivityLetterboxVerticalPosition= -1 topActivityLetterboxHorizontalPosition= -1 topActivityLetterboxWidth=-1 topActivityLetterboxHeight=-1 topActivityAppBounds=Rect(0, 0 - 1080, 2400) isUserFullscreenOverrideEnabled=false isSystemFullscreenOverrideEnabled=false hasMinAspectRatioOverride=false topActivityLetterboxBounds=null cameraCompatTaskInfo=CameraCompatTaskInfo { freeformCameraCompatMode=inactive}} topActivityMainWindowFrame=null}, pipChange = null, remoteTransition = null, displayChange = null, flags = 0, debugId = 1029 }
02-19 21:23:53.504   752   794 V WindowManager:     startWCT=WindowContainerTransaction { changes= {} hops= [] errorCallbackToken=null taskFragmentOrganizer=null }
02-19 21:23:53.505   752   794 V WindowManager:     info={id=1029 t=OPEN f=0x0 trk=1 r=[0@Point(0, 0)] c=[
02-19 21:23:53.505   752   794 V WindowManager:         {m=OPEN f=FILLS_TASK leash=Surface(name=ActivityRecord{104639040 u0 viva.republica.toss.test/im.toss.rn.granite.core.GraniteActivity)/@0xa7b069c sb=Rect(0, 0 - 0, 0) eb=Rect(0, 0 - 1080, 2400) epz=Point(1080, 2400) d=-1->0 r=-1->0:-1 bc=ffffffff component=viva.republica.toss.test/im.toss.rn.granite.core.GraniteActivity},
02-19 21:23:53.505   752   794 V WindowManager:         {m=CLOSE f=TRANSLUCENT|FILLS_TASK|IS_OCCLUDED leash=Surface(name=ActivityRecord{189162063 u0 viva.republica.toss.test/.MiniAppSchemeActivity)/@0xcce760f sb=Rect(0, 0 - 1080, 2400) eb=Rect(0, 0 - 1080, 2400) epz=Point(1080, 2400) d=0 bc=ffffffff component=viva.republica.toss.test/.MiniAppSchemeActivity},
02-19 21:23:53.505   752   794 V WindowManager:         {WCT{RemoteToken{5218fe8 Task{dd43522 #1 type=home}}} m=TO_BACK f=SHOW_WALLPAPER leash=Surface(name=Task=1)/@0x8ddbd2e sb=Rect(0, 0 - 1080, 2400) eb=Rect(0, 0 - 1080, 2400) epz=Point(1080, 2400) d=0 taskParent=-1},
02-19 21:23:53.505   752   794 V WindowManager:         {m=TO_BACK f=IS_WALLPAPER leash=Surface(name=WallpaperWindowToken{35e0c0f showWhenLocked=false})/@0x512f5be sb=Rect(0, 0 - 1080, 2400) eb=Rect(0, 0 - 1080, 2400) epz=Point(1080, 2400) d=0}
02-19 21:23:53.505   752   794 V WindowManager:     ]}
02-19 21:23:53.522  4449  4582 V WindowManagerShell: onTransitionReady(transaction=3229815436167)
02-19 21:23:53.528  4449  4467 V WindowManagerShell: onTransitionReady (#1029) android.os.BinderProxy@7d43ae5: {id=1029 t=OPEN f=0x0 trk=1 r=[0@Point(0, 0)] c=[
02-19 21:23:53.528  4449  4467 V WindowManagerShell:         {m=OPEN f=FILLS_TASK leash=Surface(name=ActivityRecord{104639040 u0 viva.republica.toss.test/im.toss.rn.granite.core.GraniteActivity)/@0xd22f7c8 sb=Rect(0, 0 - 0, 0) eb=Rect(0, 0 - 1080, 2400) epz=Point(1080, 2400) d=-1->0 r=-1->0:-1 bc=ffffffff component=viva.republica.toss.test/im.toss.rn.granite.core.GraniteActivity},
02-19 21:23:53.528  4449  4467 V WindowManagerShell:         {m=CLOSE f=TRANSLUCENT|FILLS_TASK|IS_OCCLUDED leash=Surface(name=ActivityRecord{189162063 u0 viva.republica.toss.test/.MiniAppSchemeActivity)/@0xc12a061 sb=Rect(0, 0 - 1080, 2400) eb=Rect(0, 0 - 1080, 2400) epz=Point(1080, 2400) d=0 bc=ffffffff component=viva.republica.toss.test/.MiniAppSchemeActivity},
02-19 21:23:53.528  4449  4467 V WindowManagerShell:         {m=TO_BACK f=SHOW_WALLPAPER leash=Surface(name=Task=1)/@0xcd20786 sb=Rect(0, 0 - 1080, 2400) eb=Rect(0, 0 - 1080, 2400) epz=Point(1080, 2400) d=0 taskParent=-1},
02-19 21:23:53.528  4449  4467 V WindowManagerShell:         {m=TO_BACK f=IS_WALLPAPER leash=Surface(name=WallpaperWindowToken{35e0c0f showWhenLocked=false})/@0xb5c3847 sb=Rect(0, 0 - 1080, 2400) eb=Rect(0, 0 - 1080, 2400) epz=Point(1080, 2400) d=0}
02-19 21:23:53.528  4449  4467 V WindowManagerShell:     ]}
02-19 21:23:53.530  4449  4467 V WindowManagerShell: Playing animation for (#1029) android.os.BinderProxy@7d43ae5@1
02-19 21:23:53.531  4449  4467 V ShellRecents: RecentsTransitionHandler.startAnimation: no controller found
02-19 21:23:53.531  4449  4467 V WindowManagerShell: Transition doesn't have explicit remote, search filters for match for {id=1029 t=OPEN f=0x0 trk=1 r=[0@Point(0, 0)] c=[{m=OPEN f=FILLS_TASK leash=Surface(name=ActivityRecord{104639040 u0 viva.republica.toss.test/im.toss.rn.granite.core.GraniteActivity)/@0xd22f7c8 sb=Rect(0, 0 - 0, 0) eb=Rect(0, 0 - 1080, 2400) epz=Point(1080, 2400) d=-1->0 r=-1->0:-1 bc=ffffffff component=viva.republica.toss.test/im.toss.rn.granite.core.GraniteActivity},{m=CLOSE f=TRANSLUCENT|FILLS_TASK|IS_OCCLUDED leash=Surface(name=ActivityRecord{189162063 u0 viva.republica.toss.test/.MiniAppSchemeActivity)/@0xc12a061 sb=Rect(0, 0 - 1080, 2400) eb=Rect(0, 0 - 1080, 2400) epz=Point(1080, 2400) d=0 bc=ffffffff component=viva.republica.toss.test/.MiniAppSchemeActivity},{m=TO_BACK f=SHOW_WALLPAPER leash=Surface(name=Task=1)/@0xcd20786 sb=Rect(0, 0 - 1080, 2400) eb=Rect(0, 0 - 1080, 2400) epz=Point(1080, 2400) d=0 taskParent=-1},{m=TO_BACK f=IS_WALLPAPER leash=Surface(name=WallpaperWindowToken{35e0c0f showWhenLocked=false})/@0xb5c3847 sb=Rect(0, 0 - 1080, 2400) eb=Rect(0, 0 - 1080, 2400) epz=Point(1080, 2400) d=0}]}
02-19 21:23:53.532  4449  4467 V WindowManagerShell:  Checking filter Pair{{types=[] flags=0x0] notFlags=0x0 checks=[{atype=undefined independent=true modes=[CLOSE,TO_BACK] flags=IN_TASK_WITH_EMBEDDED_ACTIVITY mustBeTask=false order=ANY topActivity=null launchCookie=null taskFragmentToken=android.os.BinderProxy@71546f0 windowingMode=undefined}]} RemoteTransition { remoteTransition = android.window.IRemoteTransition$Stub$Proxy@d4c8469, appThread = android.app.IApplicationThread$Stub$Proxy@c228eee, debugName = overlayBackTransition }}
02-19 21:23:53.534  4449  4467 V WindowManagerShell:  Checking filter Pair{{types=[] flags=0x0] notFlags=0x0 checks=[{atype=dream independent=true modes=[OPEN,TO_FRONT] flags=NONE mustBeTask=false order=ANY topActivity=null launchCookie=null windowingMode=undefined},{atype=home independent=true modes=[CLOSE,TO_BACK] flags=NONE mustBeTask=false order=ANY topActivity=null launchCookie=null windowingMode=undefined}]} RemoteTransition { remoteTransition = android.window.IRemoteTransition$Stub$Proxy@c578f8f, appThread = android.app.IApplicationThread$Stub$Proxy@69fe21c, debugName = LauncherToDream }}
02-19 21:23:53.534  4449  4467 V WindowManagerShell:  Checking filter Pair{{types=[] flags=0x0] notFlags=0x100 checks=[{atype=home independent=true modes=[OPEN,TO_FRONT] flags=NONE mustBeTask=false order=TOP topActivity=ComponentInfo{com.google.android.apps.nexuslauncher/com.google.android.apps.nexuslauncher.NexusLauncherActivity} launchCookie=null windowingMode=undefined},{atype=standard independent=true modes=[CLOSE,TO_BACK] flags=NONE mustBeTask=false order=ANY topActivity=null launchCookie=null windowingMode=undefined},{NOT atype=undefined independent=true modes=[] flags=NONE mustBeTask=true order=ANY topActivity=null launchCookie=null customAnim=true windowingMode=undefined}]} RemoteTransition { remoteTransition = android.window.IRemoteTransition$Stub$Proxy@69ffe25, appThread = android.app.IApplicationThread$Stub$Proxy@72cabfa, debugName = QuickstepLaunchHome }}
02-19 21:23:53.535  4449  4467 V WindowManagerShell:  Checking filter Pair{{types=[] flags=0x0] notFlags=0x0 checks=[{atype=undefined independent=true modes=[CLOSE,TO_BACK] flags=IN_TASK_WITH_EMBEDDED_ACTIVITY mustBeTask=false order=ANY topActivity=null launchCookie=null taskFragmentToken=android.os.BinderProxy@71546f0 windowingMode=undefined}]} RemoteTransition { remoteTransition = android.window.IRemoteTransition$Stub$Proxy@7c795ab, appThread = android.app.IApplicationThread$Stub$Proxy@cd70408, debugName = overlayBackTransition }}
02-19 21:23:53.536  4449  4467 V WindowManagerShell:  Checking filter Pair{{types=[] flags=0x0] notFlags=0x0 checks=[{atype=dream independent=true modes=[OPEN,TO_FRONT] flags=NONE mustBeTask=false order=ANY topActivity=null launchCookie=null windowingMode=undefined},{atype=home independent=true modes=[CLOSE,TO_BACK] flags=NONE mustBeTask=false order=ANY topActivity=null launchCookie=null windowingMode=undefined}]} RemoteTransition { remoteTransition = android.window.IRemoteTransition$Stub$Proxy@f757a1, appThread = android.app.IApplicationThread$Stub$Proxy@d898dc6, debugName = LauncherToDream }}
02-19 21:23:53.537  4449  4467 V WindowManagerShell:  Checking filter Pair{{types=[] flags=0x0] notFlags=0x100 checks=[{atype=home independent=true modes=[OPEN,TO_FRONT] flags=NONE mustBeTask=false order=TOP topActivity=ComponentInfo{com.google.android.apps.nexuslauncher/com.google.android.apps.nexuslauncher.NexusLauncherActivity} launchCookie=null windowingMode=undefined},{atype=standard independent=true modes=[CLOSE,TO_BACK] flags=NONE mustBeTask=false order=ANY topActivity=null launchCookie=null windowingMode=undefined},{NOT atype=undefined independent=true modes=[] flags=NONE mustBeTask=true order=ANY topActivity=null launchCookie=null customAnim=true windowingMode=undefined}]} RemoteTransition { remoteTransition = android.window.IRemoteTransition$Stub$Proxy@9e7e187, appThread = android.app.IApplicationThread$Stub$Proxy@3dc58b4, debugName = QuickstepLaunchHome }}
02-19 21:23:53.537  4449  4467 V WindowManagerShell:  Delegate animation for (#1029) to null
02-19 21:23:53.537  4449  4467 V WindowManagerShell: start default transition animation, info = {id=1029 t=OPEN f=0x0 trk=1 r=[0@Point(0, 0)] c=[{m=OPEN f=FILLS_TASK leash=Surface(name=ActivityRecord{104639040 u0 viva.republica.toss.test/im.toss.rn.granite.core.GraniteActivity)/@0xd22f7c8 sb=Rect(0, 0 - 0, 0) eb=Rect(0, 0 - 1080, 2400) epz=Point(1080, 2400) d=-1->0 r=-1->0:-1 bc=ffffffff component=viva.republica.toss.test/im.toss.rn.granite.core.GraniteActivity},{m=CLOSE f=TRANSLUCENT|FILLS_TASK|IS_OCCLUDED leash=Surface(name=ActivityRecord{189162063 u0 viva.republica.toss.test/.MiniAppSchemeActivity)/@0xc12a061 sb=Rect(0, 0 - 1080, 2400) eb=Rect(0, 0 - 1080, 2400) epz=Point(1080, 2400) d=0 bc=ffffffff component=viva.republica.toss.test/.MiniAppSchemeActivity},{m=TO_BACK f=SHOW_WALLPAPER leash=Surface(name=Task=1)/@0xcd20786 sb=Rect(0, 0 - 1080, 2400) eb=Rect(0, 0 - 1080, 2400) epz=Point(1080, 2400) d=0 taskParent=-1},{m=TO_BACK f=IS_WALLPAPER leash=Surface(name=WallpaperWindowToken{35e0c0f showWhenLocked=false})/@0xb5c3847 sb=Rect(0, 0 - 1080, 2400) eb=Rect(0, 0 - 1080, 2400) epz=Point(1080, 2400) d=0}]}
02-19 21:23:53.574  4449  4467 V WindowManagerShell: loadAnimation: anim=android.view.animation.AnimationSet@b1a11e3 animAttr=0x13 type=OPEN isEntrance=false
02-19 21:23:53.578  4449  4467 V WindowManagerShell: loadAnimation: anim=android.view.animation.AnimationSet@41ef7e0 animAttr=0x13 type=OPEN isEntrance=false
02-19 21:23:53.625  4449  4467 V WindowManagerShell: loadAnimation: anim=android.view.animation.AnimationSet@8abb20c animAttr=0x12 type=OPEN isEntrance=true
02-19 21:23:53.628  4449  4467 V WindowManagerShell:  animated by com.android.wm.shell.transition.DefaultTransitionHandler@f74d823
02-19 21:23:53.897   426   426 I Ads     : JS: The jsLoaded GMSG has been sent (https://googleads.g.doubleclick.net/mads/static/sdk/native/sdk-core-v40.html:1025)
02-19 21:23:53.901   426   844 W unknown:ReconnectingWebSocket: Couldn't connect to "ws://10.0.2.2:8081/message?device=sdk_gphone64_x86_64%20-%2016%20-%20API%2036&app=viva.republica.toss.test&clientid=BridgeDevSupportManager", will silently retry
02-19 21:23:53.958  4449  4467 V WindowManagerShell: Transition animation finished (aborted=false), notifying core (#1029) android.os.BinderProxy@7d43ae5@1
02-19 21:23:53.962   752   794 V WindowManager: Finish Transition (#1029): created at 02-19 21:23:52.649 collect-started=0.222ms request-sent=13.059ms started=106.541ms ready=151.332ms sent=848.003ms commit=139.869ms finished=1312.112ms
02-19 21:23:53.970 19166 19166 D VRI[NexusLauncherActivity]: visibilityChanged oldVisibility=true newVisibility=false
02-19 21:23:53.981 19166 19166 D NexusLauncherModelDelegate: notifySmartspaceEvent: SmartspaceTargetEvent{mSmartspaceTarget=null, mSmartspaceActionId='null', mEventType=7}
02-19 21:23:53.996  4449  4467 V WindowManagerShell: Track 1 became idle
02-19 21:23:53.998  4449  4467 V WindowManagerShell: All active transition animations finished
02-19 21:23:54.000   752   989 I ImeTracker: viva.republica.toss.test:6a578042: onRequestHide at ORIGIN_SERVER reason HIDE_UNSPECIFIED_WINDOW fromUser false
02-19 21:23:54.027 20022 20022 I GoogleInputMethodService: GoogleInputMethodService.onFinishInput():2043 
02-19 21:23:54.030 20022 20022 I Module  : DeviceLockedStatusModuleProvider$Module.updateDeviceLockedStatus():100 repeatCheckTimes = 0, locked = false
02-19 21:23:54.030   752  1940 I ImeTracker: system_server:635a58a5: onRequestHide at ORIGIN_SERVER reason IME_REQUESTED_CHANGED_LISTENER fromUser false
02-19 21:23:54.032 20022 20022 I GoogleInputMethodService: GoogleInputMethodService.onStartInput():1293 onStartInput(EditorInfo{EditorInfo{packageName=viva.republica.toss.test, inputType=0, inputTypeString=NULL, enableLearning=false, autoCorrection=false, autoComplete=false, imeOptions=0, privateImeOptions=null, actionName=UNSPECIFIED, actionLabel=null, initialSelStart=-1, initialSelEnd=-1, initialCapsMode=0, label=null, fieldId=0, fieldName=null, extras=null, hintText=null, hintLocales=[]}}, false)
02-19 21:23:54.034 20022 20022 I EmojiCompatManager: EmojiCompatManager.getEmojiCompatIfLoaded():343 EmojiCompat.init() was never called.
02-19 21:23:54.034 20022 20022 I EmojiCompatManager: java.lang.IllegalStateException: EmojiCompat is not initialized. Please call EmojiCompat.init() first
02-19 21:23:54.034 20022 20022 I EmojiCompatManager: 	at asx.p(PG:6)
02-19 21:23:54.034 20022 20022 I EmojiCompatManager: 	at axb.b(PG:13)
02-19 21:23:54.034 20022 20022 I EmojiCompatManager: 	at jnr.b(PG:2)
02-19 21:23:54.034 20022 20022 I EmojiCompatManager: 	at jnr.c(PG:4)
02-19 21:23:54.034 20022 20022 I EmojiCompatManager: 	at jnr.f(PG:3)
02-19 21:23:54.034 20022 20022 I EmojiCompatManager: 	at jnx.c(PG:3)
02-19 21:23:54.034 20022 20022 I EmojiCompatManager: 	at kif.cz(PG:47)
02-19 21:23:54.034 20022 20022 I EmojiCompatManager: 	at lhl.run(PG:1025)
02-19 21:23:54.034 20022 20022 I EmojiCompatManager: 	at jaf.execute(PG:12)
02-19 21:23:54.034 20022 20022 I EmojiCompatManager: 	at nco.v(PG:13)
02-19 21:23:54.034 20022 20022 I EmojiCompatManager: 	at lhn.m(PG:96)
02-19 21:23:54.034 20022 20022 I EmojiCompatManager: 	at lhn.k(PG:25)
02-19 21:23:54.034 20022 20022 I EmojiCompatManager: 	at kgn.onStartInput(PG:250)
02-19 21:23:54.034 20022 20022 I EmojiCompatManager: 	at android.inputmethodservice.InputMethodService.doStartInput(InputMethodService.java:3521)
02-19 21:23:54.034 20022 20022 I EmojiCompatManager: 	at android.inputmethodservice.InputMethodService$InputMethodImpl.startInput(InputMethodService.java:879)
02-19 21:23:54.034 20022 20022 I EmojiCompatManager: 	at android.inputmethodservice.InputMethodService$InputMethodImpl.dispatchStartInput(InputMethodService.java:908)
02-19 21:23:54.034 20022 20022 I EmojiCompatManager: 	at android.inputmethodservice.IInputMethodWrapper.executeMessage(IInputMethodWrapper.java:201)
02-19 21:23:54.034 20022 20022 I EmojiCompatManager: 	at com.android.internal.os.HandlerCaller$MyHandler.handleMessage(HandlerCaller.java:44)
02-19 21:23:54.034 20022 20022 I EmojiCompatManager: 	at android.os.Handler.dispatchMessage(Handler.java:110)
02-19 21:23:54.034 20022 20022 I EmojiCompatManager: 	at android.os.Looper.loopOnce(Looper.java:248)
02-19 21:23:54.034 20022 20022 I EmojiCompatManager: 	at android.os.Looper.loop(Looper.java:338)
02-19 21:23:54.034 20022 20022 I EmojiCompatManager: 	at android.app.ActivityThread.main(ActivityThread.java:9067)
02-19 21:23:54.034 20022 20022 I EmojiCompatManager: 	at java.lang.reflect.Method.invoke(Native Method)
02-19 21:23:54.034 20022 20022 I EmojiCompatManager: 	at com.android.internal.os.RuntimeInit$MethodAndArgsCaller.run(RuntimeInit.java:593)
02-19 21:23:54.034 20022 20022 I EmojiCompatManager: 	at com.android.internal.os.ZygoteInit.main(ZygoteInit.java:932)
02-19 21:23:54.036 19166 19166 D BaseDepthController: setSurface:
02-19 21:23:54.036 19166 19166 D BaseDepthController: 	mWaitingOnSurfaceValidity: false
02-19 21:23:54.036 19166 19166 D BaseDepthController: 	mBaseSurface: null
02-19 21:23:54.036 20022 20022 I Module  : DeviceLockedStatusModuleProvider$Module.updateDeviceLockedStatus():100 repeatCheckTimes = 1, locked = false
02-19 21:23:54.041   752  1987 W PackageConfigPersister: App-specific configuration not found for packageName: viva.republica.toss.test and userId: 0
02-19 21:23:54.048   752   797 I ImeTracker: system_server:635a58a5: onCancelled at PHASE_SERVER_SHOULD_HIDE
02-19 21:23:54.052 19166 19166 D BaseDepthController: mSurface is null and mCurrentBlur is: 0
02-19 21:23:54.054 19166 19166 D StateManager: goToState - fromState: Normal, toState: Normal, partial trace:
02-19 21:23:54.054 19166 19166 D StateManager: 	at com.android.launcher3.statemanager.StateManager.moveToRestState(go/retraceme 72a59688580715d19f0e415c69e80376c2f062d1648c80db6730905005a27c20:4)
02-19 21:23:54.054 19166 19166 D StateManager: 	at com.android.launcher3.statemanager.StateManager.moveToRestState(go/retraceme 72a59688580715d19f0e415c69e80376c2f062d1648c80db6730905005a27c20:1)
02-19 21:23:54.054 19166 19166 D StateManager: 	at com.android.launcher3.statemanager.StatefulActivity.onStop(go/retraceme 72a59688580715d19f0e415c69e80376c2f062d1648c80db6730905005a27c20:34)
02-19 21:23:54.054 19166 19166 D StatsLog: LAUNCHER_ONSTOP
02-19 21:23:54.061 19166 19166 D StatsLog: LAUNCHER_GOOGLE_SEARCH_RESTORE_LIST_SIZE_AFTER_ACTIVITY_RESTART
02-19 21:23:54.079   426   845 W unknown:InspectorPackagerConnection: Couldn't connect to packager, will silently retry
02-19 21:23:54.118   426   431 W blica.toss.test: Suspending all threads took: 30.088ms
02-19 21:23:54.123   752  2363 W IPCThreadState: Sending oneway calls to frozen process.
02-19 21:23:54.124   752  2363 W IPCThreadState: Sending oneway calls to frozen process.
02-19 21:23:54.127   752  2363 W IPCThreadState: Sending oneway calls to frozen process.
02-19 21:23:54.127   752  2363 W IPCThreadState: Sending oneway calls to frozen process.
02-19 21:23:54.129   752  2363 W IPCThreadState: Sending oneway calls to frozen process.
02-19 21:23:54.130   752  2363 W IPCThreadState: Sending oneway calls to frozen process.
02-19 21:23:54.131   752  2363 W IPCThreadState: Sending oneway calls to frozen process.
02-19 21:23:54.131   752  2363 W IPCThreadState: Sending oneway calls to frozen process.
02-19 21:23:54.132   752  2363 W IPCThreadState: Sending oneway calls to frozen process.
02-19 21:23:54.132   752  2363 W IPCThreadState: Sending oneway calls to frozen process.
02-19 21:23:54.133   752  2363 W IPCThreadState: Sending oneway calls to frozen process.
02-19 21:23:54.133   752  2363 W IPCThreadState: Sending oneway calls to frozen process.
02-19 21:23:54.134   752  2363 W IPCThreadState: Sending oneway calls to frozen process.
02-19 21:23:54.134   752  2363 W IPCThreadState: Sending oneway calls to frozen process.
02-19 21:23:54.140   752  1095 D BackgroundInstallControlService: Package event received: 0
02-19 21:23:54.169   752  2363 W ProcessStats: Tracking association SourceState{1b917ca system/1000 BFgs #26753} whose proc state 4 is better than process ProcessState{42c4ef0 com.google.android.ext.services/10208 pkg=com.google.android.ext.services} proc state 14 (17 skipped)
02-19 21:23:54.171   426   426 D VRI[MiniAppSchemeActivity]: visibilityChanged oldVisibility=true newVisibility=false
02-19 21:23:54.289   426   431 I blica.toss.test: NativeAlloc concurrent mark compact GC freed 6735KB AllocSpace bytes, 8(328KB) LOS objects, 49% free, 17MB/35MB, paused 66.584ms,3.902ms total 1.147s
02-19 21:23:54.292   426   426 W WindowOnBackDispatcher: sendCancelIfRunning: isInProgress=false callback=android.view.ViewRootImpl$$ExternalSyntheticLambda13@d0d69a3
02-19 21:23:54.301   752   933 D CoreBackPreview: Window{25165e3 u0 viva.republica.toss.test/viva.republica.toss.test.MiniAppSchemeActivity}: Setting back callback null
02-19 21:23:54.309   426   426 D ViewRootImpl: Skipping stats log for color mode
02-19 21:23:54.311   426   433 W System  : A resource failed to call ZipFile.close. 
02-19 21:23:54.323   752  1095 D BackgroundInstallControlService: Package event received: 0
02-19 21:23:54.323   426   426 D InsetsController: hide(ime(), fromIme=false)
02-19 21:23:54.324   426   426 I ImeTracker: viva.republica.toss.test:6a578042: onCancelled at PHASE_CLIENT_ALREADY_HIDDEN
02-19 21:23:54.333 19166 19172 W System  : A resource failed to call release. 
02-19 21:23:54.333 19166 19172 W System  : A resource failed to call release. 
02-19 21:23:54.333 19166 19172 W System  : A resource failed to call release. 
02-19 21:23:54.334 19166 19172 W System  : A resource failed to call release. 
02-19 21:23:54.335 19166 19172 W System  : A resource failed to call release. 
02-19 21:23:54.336 19166 19172 W System  : A resource failed to call release. 
02-19 21:23:54.360   426   426 E unknown:ReactRootView: Unhandled SoftException
02-19 21:23:54.360   426   426 E unknown:ReactRootView: com.facebook.react.uimanager.IllegalViewOperationException: Trying to attach a ReactRootView with an explicit id already set to [2131362676]. React Native uses the id field to track react tags and will overwrite this field. If that is fine, explicitly overwrite the id field to View.NO_ID.
02-19 21:23:54.360   426   426 E unknown:ReactRootView: 	at com.facebook.react.ReactRootView.attachToReactInstanceManager(:799)
02-19 21:23:54.360   426   426 E unknown:ReactRootView: 	at com.facebook.react.ReactRootView.startReactApplication(:509)
02-19 21:23:54.360   426   426 E unknown:ReactRootView: 	at com.facebook.react.ReactRootView.startReactApplication(:469)
02-19 21:23:54.360   426   426 E unknown:ReactRootView: 	at im.toss.rn.granite.core.GraniteActivity.write(:486)
02-19 21:23:54.360   426   426 E unknown:ReactRootView: 	at im.toss.rn.granite.core.GraniteActivity.RemoteActionCompatParcelizer(:124)
02-19 21:23:54.360   426   426 E unknown:ReactRootView: 	at im.toss.rn.granite.core.GraniteActivity$RemoteActionCompatParcelizer.IconCompatParcelizer(:65353)
02-19 21:23:54.360   426   426 E unknown:ReactRootView: 	at o.sh.a_(:33)
02-19 21:23:54.360   426   426 E unknown:ReactRootView: 	at o.xP.run(:100)
02-19 21:23:54.360   426   426 E unknown:ReactRootView: 	at android.os.Handler.handleCallback(Handler.java:995)
02-19 21:23:54.360   426   426 E unknown:ReactRootView: 	at android.os.Handler.dispatchMessage(Handler.java:103)
02-19 21:23:54.360   426   426 E unknown:ReactRootView: 	at android.os.Looper.loopOnce(Looper.java:248)
02-19 21:23:54.360   426   426 E unknown:ReactRootView: 	at android.os.Looper.loop(Looper.java:338)
02-19 21:23:54.360   426   426 E unknown:ReactRootView: 	at android.app.ActivityThread.main(ActivityThread.java:9067)
02-19 21:23:54.360   426   426 E unknown:ReactRootView: 	at java.lang.reflect.Method.invoke(Native Method)
02-19 21:23:54.360   426   426 E unknown:ReactRootView: 	at com.android.internal.os.RuntimeInit$MethodAndArgsCaller.run(RuntimeInit.java:593)
02-19 21:23:54.360   426   426 E unknown:ReactRootView: 	at com.android.internal.os.ZygoteInit.main(ZygoteInit.java:932)
02-19 21:23:54.443   752  1987 D CoreBackPreview: Window{5ce202a u0 PopupWindow:6ab289b}: Setting back callback OnBackInvokedCallbackInfo{mCallback=android.window.IOnBackInvokedCallback$Stub$Proxy@3548bb8, mPriority=0, mIsAnimationCallback=false, mOverrideBehavior=0}
02-19 21:23:55.079   852   852 W dumpsys : Thread Pool max thread count is 0. Cannot cache binder as linkToDeath cannot be implemented. serviceName: window
02-19 21:23:57.345   752  1856 E TaskPersister: File error accessing recents directory (directory doesn't exist?).
02-19 21:23:58.394   426   426 W WindowOnBackDispatcher: sendCancelIfRunning: isInProgress=false callback=android.view.ViewRootImpl$$ExternalSyntheticLambda13@388b176
02-19 21:23:58.395   752  1940 D CoreBackPreview: Window{5ce202a u0 PopupWindow:6ab289b}: Setting back callback null
02-19 21:23:58.435   426   859 W unknown:ReactContext: initializeMessageQueueThreads() is called.
02-19 21:23:58.468   426   426 W unknown:ReactNative: Packager connection already open, nooping.
02-19 21:23:58.478   426   861 W unknown:ReactContext: initializeMessageQueueThreads() is called.
02-19 21:23:58.501   426   861 W unknown:ReactNative: Fresco has already been initialized with a different config. The new Fresco configuration will be ignored!
02-19 21:23:58.573   426   430 I blica.toss.test: Compiler allocated 4717KB to compile void com.facebook.soloader.nativeloader.SystemDelegate.read(java.lang.String)
02-19 21:23:58.795   870   870 W dumpsys : Thread Pool max thread count is 0. Cannot cache binder as linkToDeath cannot be implemented. serviceName: package
02-19 21:23:59.272   426   431 I blica.toss.test: NativeAlloc concurrent mark compact GC freed 2286KB AllocSpace bytes, 1(16KB) LOS objects, 50% free, 18MB/36MB, paused 3.633ms,10.073ms total 165.321ms
02-19 21:23:59.531   875   875 I artd    : Starting artd
02-19 21:23:59.581   875   875 I AidlLazyServiceRegistrar: Registering service artd
02-19 21:23:59.586   875   875 I AidlLazyServiceRegistrar: Process has 1 (of 1 available) client(s) in use after notification artd has clients: 1
02-19 21:23:59.717   858   858 W screencap: Thread Pool max thread count is 0. Cannot cache binder as linkToDeath cannot be implemented. serviceName: SurfaceFlingerAIDL
02-19 21:23:59.718   858   858 W BpBinder: Linking to death on android.gui.ISurfaceComposer but there are no threads (yet?) listening to incoming transactions. See ProcessState::startThreadPool and ProcessState::setThreadPoolMaxThreadCount. Generally you should setup the binder threadpool before other initialization steps.
02-19 21:23:59.719   858   858 W ProcessState: Extra binder thread started, but 0 threads requested. Do not use *startThreadPool when zero threads are requested.
02-19 21:23:59.729   531   549 E HwcComposer: getLuts failed Status(-8, EX_SERVICE_SPECIFIC): '8: '
02-19 21:23:59.729   531   549 E HWComposer: getLuts: getLuts failed for display 4619827259835644672: UNSUPPORTED (8)
02-19 21:23:59.989   875   879 I artd    : GetBestInfo: odex next to the dex file (/data/app/~~O-UZzK0jUU9NLgS3MODOZA==/com.google.android.gms-YQ2L6GsYyKuvu9MvIBK1EQ==/oat/x86_64/base.odex) is kOatUpToDate with filter 'speed-profile' executable 'false'
02-19 21:24:00.054   426   426 W unknown:ReactContext: initializeMessageQueueThreads() is called.
02-19 21:24:00.123   875   875 I artd    : GetBestInfo: odex next to the dex file (/data/app/~~O-UZzK0jUU9NLgS3MODOZA==/com.google.android.gms-YQ2L6GsYyKuvu9MvIBK1EQ==/oat/x86_64/split_AdsDynamite_installtime.odex) is kOatUpToDate with filter 'speed' executable 'false'
02-19 21:24:00.163   875   879 I artd    : GetBestInfo: odex next to the dex file (/data/app/~~O-UZzK0jUU9NLgS3MODOZA==/com.google.android.gms-YQ2L6GsYyKuvu9MvIBK1EQ==/oat/x86_64/split_CronetDynamite_installtime.odex) is kOatUpToDate with filter 'speed' executable 'false'
02-19 21:24:00.297   537   537 W adbd    : timeout expired while flushing socket, closing
02-19 21:24:00.338   752  2363 W PackageConfigPersister: App-specific configuration not found for packageName: viva.republica.toss.test and userId: 0
02-19 21:24:00.415  1971  2242 I AiAiStatsd: No op: the most recent atoms from the date 2026-02-18 have been uploaded.
02-19 21:24:00.583   875   879 I artd    : GetBestInfo: odex next to the dex file (/data/app/~~O-UZzK0jUU9NLgS3MODOZA==/com.google.android.gms-YQ2L6GsYyKuvu9MvIBK1EQ==/oat/x86_64/split_DynamiteLoader_installtime.odex) is kOatUpToDate with filter 'speed' executable 'false'
