02-19 19:51:24.964 22508 22676 D nativeloader: Load /data/app/~~NUQj-rdXzuicW-16SIRtKA==/viva.republica.toss.test-Si406wFvb_sqEA2GTBV6RQ==/lib/x86_64/libhermes_executor.so using class loader ns clns-9 (caller=<unknown>): ok
02-19 19:51:25.071 22508 22676 D ApplicationLoaders: Returning zygote-cached class loader: /system/framework/org.apache.http.legacy.jar
02-19 19:51:25.072 22508 22676 D ApplicationLoaders: Returning zygote-cached class loader: /system/framework/com.android.location.provider.jar
02-19 19:51:25.072 22508 22676 D ApplicationLoaders: Returning zygote-cached class loader: /system/framework/com.android.media.remotedisplay.jar
02-19 19:51:25.072 22508 22676 D ApplicationLoaders: Returning zygote-cached class loader: /system_ext/framework/androidx.window.extensions.jar
02-19 19:51:25.072 22508 22676 D ApplicationLoaders: Returning zygote-cached class loader: /system_ext/framework/androidx.window.sidecar.jar
02-19 19:51:25.131 22508 22676 D nativeloader: Configuring clns-13 for other apk /data/app/~~O-UZzK0jUU9NLgS3MODOZA==/com.google.android.gms-YQ2L6GsYyKuvu9MvIBK1EQ==/base.apk. target_sdk_version=36, uses_libraries=, library_path=/data/app/~~O-UZzK0jUU9NLgS3MODOZA==/com.google.android.gms-YQ2L6GsYyKuvu9MvIBK1EQ==/lib/x86_64:/data/app/~~O-UZzK0jUU9NLgS3MODOZA==/com.google.android.gms-YQ2L6GsYyKuvu9MvIBK1EQ==/base.apk!/lib/x86_64, permitted_path=/data:/mnt/expand:/data/user/0/com.google.android.gms
02-19 19:51:25.135 22508 22676 I blica.toss.test: AssetManager2(0x7d8fac436c38) locale list changing from [] to [en-US]
02-19 19:51:25.171 22508 22676 W System  : ClassLoader referenced unknown path: 
02-19 19:51:25.171 22508 22676 D nativeloader: Configuring clns-14 for other apk . target_sdk_version=36, uses_libraries=, library_path=/data/app/~~O-UZzK0jUU9NLgS3MODOZA==/com.google.android.gms-YQ2L6GsYyKuvu9MvIBK1EQ==/lib/x86_64:/data/app/~~O-UZzK0jUU9NLgS3MODOZA==/com.google.android.gms-YQ2L6GsYyKuvu9MvIBK1EQ==/base.apk!/lib/x86_64, permitted_path=/data:/mnt/expand:/data/user/0/com.google.android.gms
02-19 19:51:25.176 22508 22676 W DynamiteModule: Failed to load module via V2: java.lang.NoSuchFieldException: No field sClassLoader in class Lcom/google/android/gms/dynamite/DynamiteModule$DynamiteLoaderClassLoader; (declaration of 'com.google.android.gms.dynamite.DynamiteModule$DynamiteLoaderClassLoader' appears in /data/app/~~NUQj-rdXzuicW-16SIRtKA==/viva.republica.toss.test-Si406wFvb_sqEA2GTBV6RQ==/base.apk!classes2.dex)
02-19 19:51:25.181 22508 22676 I DynamiteModule: Considering local module com.google.android.gms.ads.dynamite:0 and remote module com.google.android.gms.ads.dynamite:254380203
02-19 19:51:25.181 22508 22676 I DynamiteModule: Selected remote version of com.google.android.gms.ads.dynamite, version >= 254380203
02-19 19:51:25.192 22508 22676 D CompatChangeReporter: Compat change id reported: 312399441; UID 10217; state: ENABLED
02-19 19:51:25.219 22508 22676 I blica.toss.test: AssetManager2(0x7d8fac435658) locale list changing from [] to [en-US]
02-19 19:51:25.220 22508 22676 I blica.toss.test: AssetManager2(0x7d8fac438858) locale list changing from [] to [en-US]
02-19 19:51:25.234 22508 22676 D DynamitePackage: Instantiated singleton DynamitePackage.
02-19 19:51:25.234 22508 22676 D DynamitePackage: Instantiating com.google.android.gms.ads.ChimeraMobileAdsSettingManagerCreatorImpl
02-19 19:51:25.525   752  1940 D ConnectivityService: requestNetwork for uid/pid:10217/22508 activeRequest: null callbackRequest: 750 [NetworkRequest [ REQUEST id=751, [ Capabilities: INTERNET&NOT_RESTRICTED&TRUSTED&NOT_VCN_MANAGED&NOT_BANDWIDTH_CONSTRAINED Uid: 10217 RequestorUid: 10217 RequestorPkg: viva.republica.toss.test UnderlyingNetworks: Null] ]] callback flags: 0 order: 2147483647 isUidTracked: false declaredMethods: AVAIL|LOST
02-19 19:51:25.531   752  1023 D OemPaidWifiNetworkFactory: got request NetworkRequest [ REQUEST id=751, [ Capabilities: INTERNET&NOT_RESTRICTED&TRUSTED&NOT_VCN_MANAGED&NOT_BANDWIDTH_CONSTRAINED Uid: 10217 RequestorUid: 10217 RequestorPkg: viva.republica.toss.test UnderlyingNetworks: Null] ]
02-19 19:51:25.531   752  1023 D MultiInternetWifiNetworkFactory: got request NetworkRequest [ REQUEST id=751, [ Capabilities: INTERNET&NOT_RESTRICTED&TRUSTED&NOT_VCN_MANAGED&NOT_BANDWIDTH_CONSTRAINED Uid: 10217 RequestorUid: 10217 RequestorPkg: viva.republica.toss.test UnderlyingNetworks: Null] ]
02-19 19:51:25.531   752  1023 D WifiNetworkFactory: got request NetworkRequest [ REQUEST id=751, [ Capabilities: INTERNET&NOT_RESTRICTED&TRUSTED&NOT_VCN_MANAGED&NOT_BANDWIDTH_CONSTRAINED Uid: 10217 RequestorUid: 10217 RequestorPkg: viva.republica.toss.test UnderlyingNetworks: Null] ]
02-19 19:51:25.532   752  1023 D UntrustedWifiNetworkFactory: got request NetworkRequest [ REQUEST id=751, [ Capabilities: INTERNET&NOT_RESTRICTED&TRUSTED&NOT_VCN_MANAGED&NOT_BANDWIDTH_CONSTRAINED Uid: 10217 RequestorUid: 10217 RequestorPkg: viva.republica.toss.test UnderlyingNetworks: Null] ]
02-19 19:51:25.532   752  1029 D ConnectivityService: NetReassign [751 : null → 108] [c 1] [a 2] [i 3]
02-19 19:51:25.657 22508 22676 D DynamitePackage: Instantiating com.google.android.gms.ads.ChimeraAdPreloaderCreatorImpl
02-19 19:51:25.756   752   798 I Choreographer: Skipped 52 frames!  The application may be doing too much work on its main thread.
02-19 19:51:25.756   752   752 W Looper  : Slow delivery took 234ms main app=system_server main=true group=FOREGROUND h=android.app.ActivityThread$H c=com.android.server.powerstats.TimerTrigger$PeriodicTimer@3cf8487 m=0
02-19 19:51:25.758   752   752 W Looper  : Drained
02-19 19:51:25.762   752  1029 D InetDiagMessage: Destroyed 0 sockets, proto=IPPROTO_TCP, family=AF_INET, states=14
02-19 19:51:25.763   752  1029 D InetDiagMessage: Destroyed 0 sockets, proto=IPPROTO_TCP, family=AF_INET6, states=14
02-19 19:51:25.763   752  1029 D InetDiagMessage: Destroyed live tcp sockets for uids={10168} in 2ms
02-19 19:51:25.764   752  1029 D InetDiagMessage: Destroyed 0 sockets, proto=IPPROTO_TCP, family=AF_INET, states=14
02-19 19:51:25.765   752  1029 D InetDiagMessage: Destroyed 0 sockets, proto=IPPROTO_TCP, family=AF_INET6, states=14
02-19 19:51:25.765   752  1029 D InetDiagMessage: Destroyed live tcp sockets for uids={20168} in 1ms
02-19 19:51:25.859 22508 22676 W unknown:ReactContext: initializeMessageQueueThreads() is called.
02-19 19:51:25.962   752   779 D ConnectivityService: requestNetwork for uid/pid:10217/22508 activeRequest: null callbackRequest: 752 [NetworkRequest [ REQUEST id=753, [ Capabilities: INTERNET&NOT_RESTRICTED&TRUSTED&NOT_VCN_MANAGED&NOT_BANDWIDTH_CONSTRAINED Uid: 10217 RequestorUid: 10217 RequestorPkg: viva.republica.toss.test UnderlyingNetworks: Null] ]] callback flags: 0 order: 2147483647 isUidTracked: false declaredMethods: AVAIL|LOST|NC|LP
02-19 19:51:25.968   752  1029 D ConnectivityService: NetReassign [753 : null → 108] [c 1] [a 2] [i 2]
02-19 19:51:25.968   752  1023 D OemPaidWifiNetworkFactory: got request NetworkRequest [ REQUEST id=753, [ Capabilities: INTERNET&NOT_RESTRICTED&TRUSTED&NOT_VCN_MANAGED&NOT_BANDWIDTH_CONSTRAINED Uid: 10217 RequestorUid: 10217 RequestorPkg: viva.republica.toss.test UnderlyingNetworks: Null] ]
02-19 19:51:25.969   752  1023 D MultiInternetWifiNetworkFactory: got request NetworkRequest [ REQUEST id=753, [ Capabilities: INTERNET&NOT_RESTRICTED&TRUSTED&NOT_VCN_MANAGED&NOT_BANDWIDTH_CONSTRAINED Uid: 10217 RequestorUid: 10217 RequestorPkg: viva.republica.toss.test UnderlyingNetworks: Null] ]
02-19 19:51:25.970   752  1023 D WifiNetworkFactory: got request NetworkRequest [ REQUEST id=753, [ Capabilities: INTERNET&NOT_RESTRICTED&TRUSTED&NOT_VCN_MANAGED&NOT_BANDWIDTH_CONSTRAINED Uid: 10217 RequestorUid: 10217 RequestorPkg: viva.republica.toss.test UnderlyingNetworks: Null] ]
02-19 19:51:25.970   752  1023 D UntrustedWifiNetworkFactory: got request NetworkRequest [ REQUEST id=753, [ Capabilities: INTERNET&NOT_RESTRICTED&TRUSTED&NOT_VCN_MANAGED&NOT_BANDWIDTH_CONSTRAINED Uid: 10217 RequestorUid: 10217 RequestorPkg: viva.republica.toss.test UnderlyingNetworks: Null] ]
02-19 19:51:25.974   752   779 D CompatChangeReporter: Compat change id reported: 319212206; UID 10217; state: ENABLED
02-19 19:51:25.984   752  1029 D ConnectivityService: NetReassign [no changes] [c 0] [a 3] [i 3]
02-19 19:51:25.997   752  1095 D BackgroundInstallControlService: Package event received: 0
02-19 19:51:26.010 22508 22693 D nativeloader: Load /data/data/viva.republica.toss.test/libtcj.so using class loader ns clns-9 (caller=<unknown>): ok
02-19 19:51:26.014  3453  3453 D BoundBrokerSvc: onBind: Intent { act=com.google.android.gms.appset.service.START dat=chimera-action:/... xflg=0x4 cmp=com.google.android.gms/.chimera.GmsApiService }
02-19 19:51:26.014  3453  3453 D BoundBrokerSvc: Loading bound service for intent: Intent { act=com.google.android.gms.appset.service.START dat=chimera-action:/... xflg=0x4 cmp=com.google.android.gms/.chimera.GmsApiService }
02-19 19:51:26.019   752   934 D CompatChangeReporter: Compat change id reported: 297989574; UID 10217; state: ENABLED
02-19 19:51:26.000 22508 22508 W mqt_js  : type=1400 audit(0.0:469): avc:  granted  { execute } for  path="/data/data/viva.republica.toss.test/libtcj.so" dev="dm-55" ino=363727 scontext=u:r:untrusted_app:s0:c217,c256,c512,c768 tcontext=u:object_r:app_data_file:s0:c217,c256,c512,c768 tclass=file app=viva.republica.toss.test
02-19 19:51:26.032   752  1095 D BackgroundInstallControlService: Package event received: 0
02-19 19:51:26.032   752  1095 D BackgroundInstallControlService: Package event received: 0
02-19 19:51:26.047 19829 19970 I Finsky  : [71] Current account updated in PVS
02-19 19:51:26.050 19829 19966 I Finsky  : [70] Current account updated in PVS
02-19 19:51:26.050 19829 19966 I Finsky  : [70] Current account updated in PVS
02-19 19:51:26.052 22508 22694 W unknown:ViewManagerPropertyUpdater: Could not find generated setter for class com.facebook.react.views.traceupdateoverlay.TraceUpdateOverlayManager
02-19 19:51:26.057 22508 22694 W unknown:ViewManagerPropertyUpdater: Could not find generated setter for class com.facebook.react.uimanager.LayoutShadowNode
02-19 19:51:26.059 22508 22694 W unknown:ViewManagerPropertyUpdater: Could not find generated setter for class com.facebook.react.views.drawer.ReactDrawerLayoutManager
02-19 19:51:26.061 22508 22694 W unknown:ViewManagerPropertyUpdater: Could not find generated setter for class com.facebook.react.views.scroll.ReactHorizontalScrollViewManager
02-19 19:51:26.064 22508 22694 W unknown:ViewManagerPropertyUpdater: Could not find generated setter for class com.facebook.react.views.scroll.ReactHorizontalScrollContainerViewManager
02-19 19:51:26.073 22508 22694 W unknown:ViewManagerPropertyUpdater: Could not find generated setter for class com.facebook.react.views.progressbar.ReactProgressBarViewManager
02-19 19:51:26.075 22508 22694 W unknown:ViewManagerPropertyUpdater: Could not find generated setter for class com.facebook.react.views.progressbar.ProgressBarShadowNode
02-19 19:51:26.076 22508 22694 W unknown:ViewManagerPropertyUpdater: Could not find generated setter for class com.facebook.react.views.scroll.ReactScrollViewManager
02-19 19:51:26.080 22508 22694 W unknown:ViewManagerPropertyUpdater: Could not find generated setter for class com.facebook.react.views.switchview.ReactSwitchManager
02-19 19:51:26.082 22508 22694 W unknown:ViewManagerPropertyUpdater: Could not find generated setter for class com.facebook.react.views.switchview.ReactSwitchManager$ReactSwitchShadowNode
02-19 19:51:26.082 22508 22694 W unknown:ViewManagerPropertyUpdater: Could not find generated setter for class com.facebook.react.views.swiperefresh.SwipeRefreshLayoutManager
02-19 19:51:26.086 22508 22694 W unknown:ViewManagerPropertyUpdater: Could not find generated setter for class com.facebook.react.views.text.frescosupport.FrescoBasedReactTextInlineImageViewManager
02-19 19:51:26.086 22508 22694 W unknown:ViewManagerPropertyUpdater: Could not find generated setter for class com.facebook.react.views.text.frescosupport.FrescoBasedReactTextInlineImageShadowNode
02-19 19:51:26.088 22508 22694 W unknown:ViewManagerPropertyUpdater: Could not find generated setter for class com.facebook.react.views.image.ReactImageManager
02-19 19:51:26.095 22508 22694 W unknown:ViewManagerPropertyUpdater: Could not find generated setter for class com.facebook.react.views.modal.ReactModalHostManager
02-19 19:51:26.097 22508 22694 W unknown:ViewManagerPropertyUpdater: Could not find generated setter for class com.facebook.react.views.modal.ModalHostShadowNode
02-19 19:51:26.097 22508 22694 W unknown:ViewManagerPropertyUpdater: Could not find generated setter for class com.facebook.react.views.text.ReactRawTextManager
02-19 19:51:26.098 22508 22694 W unknown:ViewManagerPropertyUpdater: Could not find generated setter for class com.facebook.react.views.text.ReactRawTextShadowNode
02-19 19:51:26.100 22508 22694 W unknown:ViewManagerPropertyUpdater: Could not find generated setter for class com.facebook.react.views.textinput.ReactTextInputManager
02-19 19:51:26.102 22508 22694 W unknown:ViewManagerPropertyUpdater: Could not find generated setter for class com.facebook.react.views.textinput.ReactTextInputShadowNode
02-19 19:51:26.104 22508 22694 W unknown:ViewManagerPropertyUpdater: Could not find generated setter for class com.facebook.react.views.text.ReactTextViewManager
02-19 19:51:26.105 22508 22694 W unknown:ViewManagerPropertyUpdater: Could not find generated setter for class com.facebook.react.views.text.ReactTextShadowNode
02-19 19:51:26.105 22508 22694 W unknown:ViewManagerPropertyUpdater: Could not find generated setter for class com.facebook.react.views.view.ReactViewManager
02-19 19:51:26.106 22508 22694 W unknown:ViewManagerPropertyUpdater: Could not find generated setter for class com.facebook.react.views.text.ReactVirtualTextViewManager
02-19 19:51:26.107 22508 22694 W unknown:ViewManagerPropertyUpdater: Could not find generated setter for class com.facebook.react.views.text.ReactVirtualTextShadowNode
02-19 19:51:26.108 22508 22694 W unknown:ViewManagerPropertyUpdater: Could not find generated setter for class com.facebook.react.views.unimplementedview.ReactUnimplementedViewManager
02-19 19:51:26.109 22508 22694 W unknown:ViewManagerPropertyUpdater: Could not find generated setter for class com.shopify.reactnative.flash_list.AutoLayoutViewManager
02-19 19:51:26.110 22508 22694 W unknown:ViewManagerPropertyUpdater: Could not find generated setter for class com.shopify.reactnative.flash_list.CellContainerManager
02-19 19:51:26.111 22508 22694 W unknown:ViewManagerPropertyUpdater: Could not find generated setter for class com.airbnb.android.react.lottie.LottieAnimationViewManager
02-19 19:51:26.112 22508 22694 W unknown:ViewManagerPropertyUpdater: Could not find generated setter for class com.swmansion.gesturehandler.react.RNGestureHandlerRootViewManager
02-19 19:51:26.113 22508 22694 W unknown:ViewManagerPropertyUpdater: Could not find generated setter for class com.swmansion.gesturehandler.react.RNGestureHandlerButtonViewManager
02-19 19:51:26.114 22508 22694 W unknown:ViewManagerPropertyUpdater: Could not find generated setter for class io.invertase.googlemobileads.ReactNativeGoogleMobileAdsBannerAdViewManager
02-19 19:51:26.115 22508 22694 W unknown:ViewManagerPropertyUpdater: Could not find generated setter for class com.reactnativepagerview.PagerViewViewManager
02-19 19:51:26.116 22508 22694 W unknown:ViewManagerPropertyUpdater: Could not find generated setter for class com.th3rdwave.safeareacontext.SafeAreaProviderManager
02-19 19:51:26.117 22508 22694 W unknown:ViewManagerPropertyUpdater: Could not find generated setter for class com.th3rdwave.safeareacontext.SafeAreaViewManager
02-19 19:51:26.117 22508 22694 W unknown:ViewManagerPropertyUpdater: Could not find generated setter for class o.eglCreatePlatformPixmapSurface
02-19 19:51:26.118 22508 22694 W unknown:ViewManagerPropertyUpdater: Could not find generated setter for class com.swmansion.rnscreens.ScreenContainerViewManager
02-19 19:51:26.119 22508 22694 W unknown:ViewManagerPropertyUpdater: Could not find generated setter for class com.swmansion.rnscreens.ScreenViewManager
02-19 19:51:26.120 22508 22694 W unknown:ViewManagerPropertyUpdater: Could not find generated setter for class com.swmansion.rnscreens.ScreenStackViewManager
02-19 19:51:26.121 22508 22694 W unknown:ViewManagerPropertyUpdater: Could not find generated setter for class com.swmansion.rnscreens.ScreenStackHeaderConfigViewManager
02-19 19:51:26.122 22508 22694 W unknown:ViewManagerPropertyUpdater: Could not find generated setter for class com.swmansion.rnscreens.ScreenStackHeaderSubviewManager
02-19 19:51:26.123 22508 22694 W unknown:ViewManagerPropertyUpdater: Could not find generated setter for class com.swmansion.rnscreens.SearchBarManager
02-19 19:51:26.124 22508 22694 W unknown:ViewManagerPropertyUpdater: Could not find generated setter for class com.horcrux.svg.RenderableViewManager$DefsViewManager
02-19 19:51:26.125 22508 22694 W unknown:ViewManagerPropertyUpdater: Could not find generated setter for class com.horcrux.svg.VirtualViewManager$RemoteActionCompatParcelizer
02-19 19:51:26.126 22508 22694 W unknown:ViewManagerPropertyUpdater: Could not find generated setter for class com.horcrux.svg.RenderableViewManager$MarkerManager
02-19 19:51:26.128 22508 22508 I Choreographer: Skipped 75 frames!  The application may be doing too much work on its main thread.
02-19 19:51:26.128 22508 22694 W unknown:ViewManagerPropertyUpdater: Could not find generated setter for class com.horcrux.svg.RenderableViewManager$ForeignObjectManager
02-19 19:51:26.130 22508 22508 W unknown:ReactNative: Packager connection already open, nooping.
02-19 19:51:26.130 22508 22694 W unknown:ViewManagerPropertyUpdater: Could not find generated setter for class com.horcrux.svg.RenderableViewManager$EllipseViewManager
02-19 19:51:26.132 22508 22694 W unknown:ViewManagerPropertyUpdater: Could not find generated setter for class com.horcrux.svg.RenderableViewManager$LineViewManager
02-19 19:51:26.133 22508 22694 W unknown:ViewManagerPropertyUpdater: Could not find generated setter for class com.horcrux.svg.RenderableViewManager$LinearGradientManager
02-19 19:51:26.135 22508 22694 W unknown:ViewManagerPropertyUpdater: Could not find generated setter for class com.horcrux.svg.RenderableViewManager$GroupViewManager
02-19 19:51:26.136 22508 22694 W unknown:ViewManagerPropertyUpdater: Could not find generated setter for class com.horcrux.svg.RenderableViewManager$TextViewManager
02-19 19:51:26.137 22508 22694 W unknown:ViewManagerPropertyUpdater: Could not find generated setter for class com.horcrux.svg.RenderableViewManager$ImageViewManager
02-19 19:51:26.139 22508 22694 W unknown:ViewManagerPropertyUpdater: Could not find generated setter for class com.horcrux.svg.RenderableViewManager$ClipPathViewManager
02-19 19:51:26.139 22508 22694 W unknown:ViewManagerPropertyUpdater: Could not find generated setter for class com.horcrux.svg.RenderableViewManager$RadialGradientManager
02-19 19:51:26.144 22508 22553 W cr_media: BLUETOOTH_CONNECT permission is missing.
02-19 19:51:26.145 22508 22553 W cr_media: getBluetoothAdapter() requires BLUETOOTH permission
02-19 19:51:26.145 22508 22553 W cr_media: registerBluetoothIntentsIfNeeded: Requires BLUETOOTH permission
02-19 19:51:26.146 22508 22694 W unknown:ViewManagerPropertyUpdater: Could not find generated setter for class com.horcrux.svg.RenderableViewManager$MaskManager
02-19 19:51:26.148 22508 22694 W unknown:ViewManagerPropertyUpdater: Could not find generated setter for class com.horcrux.svg.RenderableViewManager$SymbolManager
02-19 19:51:26.149 22508 22694 W unknown:ViewManagerPropertyUpdater: Could not find generated setter for class com.horcrux.svg.RenderableViewManager$PatternManager
02-19 19:51:26.152 22508 22694 W unknown:ViewManagerPropertyUpdater: Could not find generated setter for class com.horcrux.svg.RenderableViewManager$RectViewManager
02-19 19:51:26.154 22508 22694 W unknown:ViewManagerPropertyUpdater: Could not find generated setter for class com.horcrux.svg.RenderableViewManager$TextPathViewManager
02-19 19:51:26.157 22508 22694 W unknown:ViewManagerPropertyUpdater: Could not find generated setter for class com.horcrux.svg.SvgViewManager
02-19 19:51:26.160 22508 22694 W unknown:ViewManagerPropertyUpdater: Could not find generated setter for class com.horcrux.svg.RenderableViewManager$PathViewManager
02-19 19:51:26.163 22508 22694 W unknown:ViewManagerPropertyUpdater: Could not find generated setter for class com.horcrux.svg.RenderableViewManager$UseViewManager
02-19 19:51:26.166 22508 22694 W unknown:ViewManagerPropertyUpdater: Could not find generated setter for class com.horcrux.svg.RenderableViewManager$CircleViewManager
02-19 19:51:26.168 22508 22703 W libc    : Access denied finding property "vendor.mesa.log"
02-19 19:51:26.168 22508 22703 W libc    : Access denied finding property "vendor.mesa.log.file"
02-19 19:51:26.168 22508 22703 E MESA    : Failed to open rendernode: No such file or directory
02-19 19:51:26.169 22508 22694 W unknown:ViewManagerPropertyUpdater: Could not find generated setter for class com.horcrux.svg.RenderableViewManager$TSpanViewManager
02-19 19:51:26.170 22508 22694 W unknown:ViewManagerPropertyUpdater: Could not find generated setter for class com.brentvatne.exoplayer.ReactExoplayerViewManager
02-19 19:51:26.172 22508 22694 W unknown:ViewManagerPropertyUpdater: Could not find generated setter for class com.reactnativecommunity.webview.RNCWebViewManager
02-19 19:51:26.175 22508 22694 W unknown:ViewManagerPropertyUpdater: Could not find generated setter for class im.toss.rn.granite.core.module.image.FastImageViewManager
02-19 19:51:26.182 22508 22694 W unknown:ReactContext: initializeMessageQueueThreads() is called.
02-19 19:51:26.203 22508 22703 D vulkan  : searching for layers in '/data/app/~~NUQj-rdXzuicW-16SIRtKA==/viva.republica.toss.test-Si406wFvb_sqEA2GTBV6RQ==/lib/x86_64'
02-19 19:51:26.204 22508 22703 D vulkan  : searching for layers in '/data/app/~~NUQj-rdXzuicW-16SIRtKA==/viva.republica.toss.test-Si406wFvb_sqEA2GTBV6RQ==/base.apk!/lib/x86_64'
02-19 19:51:26.214 22508 22703 W libc    : Access denied finding property "vendor.mesa.vk.trace.per.submit"
02-19 19:51:26.215 22508 22703 W libc    : Access denied finding property "vendor.mesa.gallium.print.optio"
02-19 19:51:26.216 22508 22703 W libc    : Access denied finding property "vendor.mesa.vk.trace.frame"
02-19 19:51:26.222 22508 22703 W libc    : Access denied finding property "vendor.mesa.vk.wsi.headless.swa"
02-19 19:51:26.286 22533 22558 I cr_LibraryLoader: Successfully loaded native library
02-19 19:51:26.287 22533 22558 I cr_CachingUmaRecorder: Flushed 2 samples from 2 histograms, 0 samples were dropped.
02-19 19:51:26.325 22533 22558 W SystemServiceRegistry: No service published for: uimode
02-19 19:51:26.350  3453  3453 D BoundBrokerSvc: onRebind: Intent { act=com.google.android.gms.safebrowsing.SafeBrowsingService.START dat=chimera-action:/... xflg=0x4 cmp=com.google.android.gms/.chimera.GmsBoundBrokerService }
02-19 19:51:26.362 22508 22703 W chromium: [WARNING:viz_main_impl.cc(85)] VizNullHypothesis is disabled (not a warning)
02-19 19:51:26.364 22533 22558 W chromium: [WARNING:runtime_features.cc(560)] Fenced frames cannot be enabled in this configuration. Use --enable-features=FencedFrames instead.
02-19 19:51:26.365 22533 22558 W chromium: [WARNING:runtime_features.cc(585)] Topics cannot be enabled in this configuration. Use --enable-features=BrowsingTopics in addition.
02-19 19:51:26.365 22533 22558 W chromium: [WARNING:runtime_features.cc(606)] SharedStorage cannot be enabled in this configuration. Use --enable-features=SharedStorageAPI in addition.
02-19 19:51:26.476 19301 20014 I FontLog : (REDACTED) Received query %s, URI %s
02-19 19:51:26.477 19301 20014 I FontLog : (REDACTED) Query [%s] resolved to %s
02-19 19:51:26.481 19301 20014 I FontLog : (REDACTED) Font PFD returned from cache for %s
02-19 19:51:26.496 19301 20014 I FontLog : (REDACTED) Fetch %s end status %s
02-19 19:51:26.499 19301 20014 I FontLog : (REDACTED) Pulling font file for id = %d, cache size = %d
02-19 19:51:26.502 19301 20014 I FontLog : (REDACTED) Received query %s, URI %s
02-19 19:51:26.502 19301 20014 I FontLog : (REDACTED) Query [%s] resolved to %s
02-19 19:51:26.504 19301 20014 I FontLog : (REDACTED) Fetch %s end status %s
02-19 19:51:26.512 19301 20014 I FontLog : (REDACTED) Pulling font file for id = %d, cache size = %d
02-19 19:51:26.528 19301 20014 I FontLog : (REDACTED) Received query %s, URI %s
02-19 19:51:26.528 19301 20014 I FontLog : (REDACTED) Query [%s] resolved to %s
02-19 19:51:26.530 19301 20014 I FontLog : (REDACTED) Font PFD returned from cache for %s
02-19 19:51:26.531 19301 20014 I FontLog : (REDACTED) Fetch %s end status %s
02-19 19:51:26.572 19301 20013 I FontLog : (REDACTED) Pulling font file for id = %d, cache size = %d
02-19 19:51:26.590 22717 22717 W dumpsys : Thread Pool max thread count is 0. Cannot cache binder as linkToDeath cannot be implemented. serviceName: window
02-19 19:51:26.669 19301 20013 I FontLog : (REDACTED) Received query %s, URI %s
02-19 19:51:26.670 19301 20013 I FontLog : (REDACTED) Query [%s] resolved to %s
02-19 19:51:26.672 19301 20013 I FontLog : (REDACTED) Font PFD returned from cache for %s
02-19 19:51:26.674 19301 20013 I FontLog : (REDACTED) Fetch %s end status %s
02-19 19:51:26.723 19301 20013 I FontLog : (REDACTED) Pulling font file for id = %d, cache size = %d
02-19 19:51:26.743 19301 20013 I FontLog : (REDACTED) Received query %s, URI %s
02-19 19:51:26.748 19301 20013 I FontLog : (REDACTED) Query [%s] resolved to %s
02-19 19:51:26.750 19301 20013 I FontLog : (REDACTED) Font PFD returned from cache for %s
02-19 19:51:26.754 19301 20013 I FontLog : (REDACTED) Fetch %s end status %s
02-19 19:51:26.756 19301 20013 I FontLog : (REDACTED) Pulling font file for id = %d, cache size = %d
02-19 19:51:26.762   537   537 W adbd    : timeout expired while flushing socket, closing
02-19 19:51:27.117 22508 22693 D nativeloader: Load /data/app/~~NUQj-rdXzuicW-16SIRtKA==/viva.republica.toss.test-Si406wFvb_sqEA2GTBV6RQ==/lib/x86_64/libreactnativeblob.so using class loader ns clns-9 (caller=<unknown>): ok
02-19 19:51:27.162 22508 22512 I blica.toss.test: Compiler allocated 4717KB to compile void com.facebook.soloader.nativeloader.SystemDelegate.read(java.lang.String)
02-19 19:51:27.167   537   537 W adbd    : timeout expired while flushing socket, closing
02-19 19:51:27.210 22508 22508 I Ads     : JS: The jsLoaded GMSG has been sent (https://googleads.g.doubleclick.net/mads/static/sdk/native/sdk-core-v40.html:1025)
02-19 19:51:27.238 22508 22508 W unknown:ReactContext: initializeMessageQueueThreads() is called.
02-19 19:51:27.289 22722 22722 W screencap: Thread Pool max thread count is 0. Cannot cache binder as linkToDeath cannot be implemented. serviceName: SurfaceFlingerAIDL
02-19 19:51:27.290 22722 22722 W BpBinder: Linking to death on android.gui.ISurfaceComposer but there are no threads (yet?) listening to incoming transactions. See ProcessState::startThreadPool and ProcessState::setThreadPoolMaxThreadCount. Generally you should setup the binder threadpool before other initialization steps.
02-19 19:51:27.290 22722 22722 W ProcessState: Extra binder thread started, but 0 threads requested. Do not use *startThreadPool when zero threads are requested.
02-19 19:51:27.300   531   548 E HwcComposer: getLuts failed Status(-8, EX_SERVICE_SPECIFIC): '8: '
02-19 19:51:27.301   531   548 E HWComposer: getLuts: getLuts failed for display 4619827259835644672: UNSUPPORTED (8)
02-19 19:51:27.428   752  1940 W PackageConfigPersister: App-specific configuration not found for packageName: viva.republica.toss.test and userId: 0
02-19 19:51:27.560   752  1029 D InetDiagMessage: Destroyed 1 sockets, proto=IPPROTO_TCP, family=AF_INET, states=14
02-19 19:51:27.561   752  1029 D InetDiagMessage: Destroyed 0 sockets, proto=IPPROTO_TCP, family=AF_INET6, states=14
02-19 19:51:27.561   752  1029 D InetDiagMessage: Destroyed live tcp sockets for uids={10145} in 8ms
02-19 19:51:27.563   752  1029 D InetDiagMessage: Destroyed 0 sockets, proto=IPPROTO_TCP, family=AF_INET, states=14
02-19 19:51:27.563   752  1029 D InetDiagMessage: Destroyed 0 sockets, proto=IPPROTO_TCP, family=AF_INET6, states=14
02-19 19:51:27.563   752  1029 D InetDiagMessage: Destroyed live tcp sockets for uids={20145} in 2ms
02-19 19:51:27.564 22508 22513 I blica.toss.test: Background concurrent mark compact GC freed 17MB AllocSpace bytes, 53(1464KB) LOS objects, 49% free, 17MB/35MB, paused 6.528ms,2.636ms total 383.345ms
02-19 19:51:27.673 22508 22515 W System  : A resource failed to call ZipFile.close. 
