--------- beginning of main
02-19 11:40:22.429   752   797 W IPCThreadState: Sending oneway calls to frozen process.
02-19 11:40:22.429   752   797 W IPCThreadState: Sending oneway calls to frozen process.
02-19 11:40:22.429   752   797 W IPCThreadState: Sending oneway calls to frozen process.
02-19 11:40:22.429   752   797 W IPCThreadState: Sending oneway calls to frozen process.
02-19 11:40:22.430   752   797 W IPCThreadState: Sending oneway calls to frozen process.
02-19 11:40:22.430   752   797 W IPCThreadState: Sending oneway calls to frozen process.
02-19 11:40:22.430   752   797 W IPCThreadState: Sending oneway calls to frozen process.
--------- beginning of system
02-19 11:40:22.430   752   797 W ProcessStats: Tracking association SourceState{1b917ca system/1000 BFgs #12067} whose proc state 4 is better than process ProcessState{42c4ef0 com.google.android.ext.services/10208 pkg=com.google.android.ext.services} proc state 14 (17 skipped)
02-19 11:40:22.440  1563  1563 I GoogleInputMethodService: GoogleInputMethodService.onFinishInput():2043 
02-19 11:40:22.443   615 21625 W IPCThreadState: Sending oneway calls to frozen process.
02-19 11:40:22.457  1563  1563 I Module  : DeviceLockedStatusModuleProvider$Module.updateDeviceLockedStatus():100 repeatCheckTimes = 0, locked = false
02-19 11:40:22.463  1563  1563 W NotificationCenter: NotificationCenter$NotificationQueue.notifyPendingNotificationsOnExecutor():877 Heavy notify work detected on UI thread: [kig->khg, kig->khc, kig->ilu, kig->ilu, kig->ilu, kig->ilu, kig->ilu, kig->ilu, kig->gkl, kig->ilu, kig->ilu, kig->fef, kig->fro, kig->lux, kig->ilu, kig->imt, kig->ilu, kig->ilu, kig->ijm, kig->ilu, kig->ilu, kig->fcb, kig->jnx] takes 22ms
02-19 11:40:22.466  1563  1563 I GoogleInputMethodService: GoogleInputMethodService.onStartInput():1293 onStartInput(EditorInfo{EditorInfo{packageName=com.google.android.apps.nexuslauncher, inputType=0, inputTypeString=NULL, enableLearning=false, autoCorrection=false, autoComplete=false, imeOptions=0, privateImeOptions=null, actionName=UNSPECIFIED, actionLabel=null, initialSelStart=-1, initialSelEnd=-1, initialCapsMode=0, label=null, fieldId=0, fieldName=null, extras=null, hintText=null, hintLocales=[]}}, false)
02-19 11:40:22.473  1563  1563 I Module  : DeviceLockedStatusModuleProvider$Module.updateDeviceLockedStatus():100 repeatCheckTimes = 1, locked = false
02-19 11:40:22.474  1563  1563 I EmojiCompatManager: EmojiCompatManager.getEmojiCompatIfLoaded():343 EmojiCompat.init() was never called.
02-19 11:40:22.474  1563  1563 I EmojiCompatManager: java.lang.IllegalStateException: EmojiCompat is not initialized. Please call EmojiCompat.init() first
02-19 11:40:22.474  1563  1563 I EmojiCompatManager: 	at asx.p(PG:6)
02-19 11:40:22.474  1563  1563 I EmojiCompatManager: 	at axb.b(PG:13)
02-19 11:40:22.474  1563  1563 I EmojiCompatManager: 	at jnr.b(PG:2)
02-19 11:40:22.474  1563  1563 I EmojiCompatManager: 	at jnr.c(PG:4)
02-19 11:40:22.474  1563  1563 I EmojiCompatManager: 	at jnr.f(PG:3)
02-19 11:40:22.474  1563  1563 I EmojiCompatManager: 	at jnx.c(PG:3)
02-19 11:40:22.474  1563  1563 I EmojiCompatManager: 	at kif.cz(PG:47)
02-19 11:40:22.474  1563  1563 I EmojiCompatManager: 	at lhl.run(PG:1025)
02-19 11:40:22.474  1563  1563 I EmojiCompatManager: 	at jaf.execute(PG:12)
02-19 11:40:22.474  1563  1563 I EmojiCompatManager: 	at nco.v(PG:13)
02-19 11:40:22.474  1563  1563 I EmojiCompatManager: 	at lhn.m(PG:96)
02-19 11:40:22.474  1563  1563 I EmojiCompatManager: 	at lhn.k(PG:25)
02-19 11:40:22.474  1563  1563 I EmojiCompatManager: 	at kgn.onStartInput(PG:250)
02-19 11:40:22.474  1563  1563 I EmojiCompatManager: 	at android.inputmethodservice.InputMethodService.doStartInput(InputMethodService.java:3521)
02-19 11:40:22.474  1563  1563 I EmojiCompatManager: 	at android.inputmethodservice.InputMethodService$InputMethodImpl.startInput(InputMethodService.java:879)
02-19 11:40:22.474  1563  1563 I EmojiCompatManager: 	at android.inputmethodservice.InputMethodService$InputMethodImpl.dispatchStartInput(InputMethodService.java:908)
02-19 11:40:22.474  1563  1563 I EmojiCompatManager: 	at android.inputmethodservice.IInputMethodWrapper.executeMessage(IInputMethodWrapper.java:201)
02-19 11:40:22.474  1563  1563 I EmojiCompatManager: 	at com.android.internal.os.HandlerCaller$MyHandler.handleMessage(HandlerCaller.java:44)
02-19 11:40:22.474  1563  1563 I EmojiCompatManager: 	at android.os.Handler.dispatchMessage(Handler.java:110)
02-19 11:40:22.474  1563  1563 I EmojiCompatManager: 	at android.os.Looper.loopOnce(Looper.java:248)
02-19 11:40:22.474  1563  1563 I EmojiCompatManager: 	at android.os.Looper.loop(Looper.java:338)
02-19 11:40:22.474  1563  1563 I EmojiCompatManager: 	at android.app.ActivityThread.main(ActivityThread.java:9067)
02-19 11:40:22.474  1563  1563 I EmojiCompatManager: 	at java.lang.reflect.Method.invoke(Native Method)
02-19 11:40:22.474  1563  1563 I EmojiCompatManager: 	at com.android.internal.os.RuntimeInit$MethodAndArgsCaller.run(RuntimeInit.java:593)
02-19 11:40:22.474  1563  1563 I EmojiCompatManager: 	at com.android.internal.os.ZygoteInit.main(ZygoteInit.java:932)
02-19 11:40:22.479   752  1233 W PackageConfigPersister: App-specific configuration not found for packageName: com.google.android.apps.nexuslauncher and userId: 0
02-19 11:40:22.482   752   935 I ImeTracker: system_server:4aa0647b: onRequestHide at ORIGIN_SERVER reason IME_REQUESTED_CHANGED_LISTENER fromUser false
02-19 11:40:22.515   752   797 I ImeTracker: system_server:4aa0647b: onCancelled at PHASE_SERVER_SHOULD_HIDE
02-19 11:40:22.539 24035 24179 I ReactNativeJNI: Memory warning (pressure level: TRIM_MEMORY_UI_HIDDEN) received by JS VM, ignoring because it's non-severe
02-19 11:40:22.556 24035 26107 I ReactNativeJNI: Memory warning (pressure level: TRIM_MEMORY_UI_HIDDEN) received by JS VM, ignoring because it's non-severe
02-19 11:40:25.368   531   568 W EventThread: Faking VSYNC due to driver stall for thread app
02-19 11:40:25.372  1336  1556 D SatelliteController: iisInCarrierRoamingNbIotNtn: satellite is disabled
02-19 11:40:25.391  1341  1341 I Choreographer: Skipped 169 frames!  The application may be doing too much work on its main thread.
02-19 11:40:25.407   752  1095 D BackgroundInstallControlService: Package event received: 0
02-19 11:40:25.408  1341  1368 I HWUI    : Davey! duration=2931ms; Flags=0, FrameTimelineVsyncId=1070096, IntendedVsync=80296305728338, Vsync=80296372395002, InputEventId=0, HandleInputStart=80296385451634, AnimationStart=80296385452551, PerformTraversalsStart=80296387784032, DrawStart=80296388183984, FrameDeadline=80296422395000, FrameStartTime=80296385447553, FrameInterval=16666666, WorkloadTarget=16666666, SyncQueued=80296389521949, SyncStart=80296393773798, IssueDrawCommandsStart=80296393974572, SwapBuffers=80296398258342, FrameCompleted=80299241006899, DequeueBufferDuration=2830021770, QueueBufferDuration=1561780, GpuCompleted=80299241006899, SwapBuffersCompleted=80299233940630, DisplayPresentTime=0, CommandSubmissionCompleted=80296398258342, 
02-19 11:40:25.474  1341  1368 I HWUI    : Davey! duration=2902ms; Flags=0, FrameTimelineVsyncId=1070135, IntendedVsync=80296405739435, Vsync=80299222405820, InputEventId=0, HandleInputStart=80299254654610, AnimationStart=80299254656761, PerformTraversalsStart=80299255303413, DrawStart=80299255452849, FrameDeadline=80299289061551, FrameStartTime=80299238248329, FrameInterval=16666665, WorkloadTarget=16666666, SyncQueued=80299256077068, SyncStart=80299256380878, IssueDrawCommandsStart=80299256786585, SwapBuffers=80299259903414, FrameCompleted=80299309019763, DequeueBufferDuration=14259773, QueueBufferDuration=407420, GpuCompleted=80299309019763, SwapBuffersCompleted=80299284947743, DisplayPresentTime=0, CommandSubmissionCompleted=80299259903414, 
02-19 11:40:25.475  1341  1368 I HWUI    : Davey! duration=2869ms; Flags=0, FrameTimelineVsyncId=1070135, IntendedVsync=80296405739435, Vsync=80299222405820, InputEventId=0, HandleInputStart=80299254654610, AnimationStart=80299254656761, PerformTraversalsStart=80299255303413, DrawStart=80299257095924, FrameDeadline=80296422406101, FrameStartTime=80299238248329, FrameInterval=16666665, WorkloadTarget=16666666, SyncQueued=80299257200656, SyncStart=80299290603009, IssueDrawCommandsStart=80299290798305, SwapBuffers=80299293603386, FrameCompleted=80299308968676, DequeueBufferDuration=7248, QueueBufferDuration=604577, GpuCompleted=80299308968676, SwapBuffersCompleted=80299297784727, DisplayPresentTime=0, CommandSubmissionCompleted=80299293603386, 
02-19 11:40:32.550   752  1029 D InetDiagMessage: Destroyed 0 sockets, proto=IPPROTO_TCP, family=AF_INET, states=14
02-19 11:40:32.553   752  1029 D InetDiagMessage: Destroyed 1 sockets, proto=IPPROTO_TCP, family=AF_INET6, states=14
02-19 11:40:32.553   752  1029 D InetDiagMessage: Destroyed live tcp sockets for uids={10217} in 3ms
02-19 11:40:32.554   752  1029 D InetDiagMessage: Destroyed 0 sockets, proto=IPPROTO_TCP, family=AF_INET, states=14
02-19 11:40:32.554   752  1029 D InetDiagMessage: Destroyed 0 sockets, proto=IPPROTO_TCP, family=AF_INET6, states=14
02-19 11:40:32.554   752  1029 D InetDiagMessage: Destroyed live tcp sockets for uids={20217} in 2ms
02-19 11:40:32.557   752  1029 D InetDiagMessage: Destroyed 0 sockets, proto=IPPROTO_TCP, family=AF_INET, states=14
02-19 11:40:32.558   752  1029 D InetDiagMessage: Destroyed 0 sockets, proto=IPPROTO_TCP, family=AF_INET6, states=14
02-19 11:40:32.558   752  1029 D InetDiagMessage: Destroyed live tcp sockets for uids={10205} in 3ms
02-19 11:40:32.560   752  1029 D InetDiagMessage: Destroyed 0 sockets, proto=IPPROTO_TCP, family=AF_INET, states=14
02-19 11:40:32.561   752  1029 D InetDiagMessage: Destroyed 0 sockets, proto=IPPROTO_TCP, family=AF_INET6, states=14
02-19 11:40:32.561   752  1029 D InetDiagMessage: Destroyed live tcp sockets for uids={20205} in 2ms
02-19 11:40:32.589 26342 26342 W dumpsys : Thread Pool max thread count is 0. Cannot cache binder as linkToDeath cannot be implemented. serviceName: window
02-19 11:40:32.876   752   775 I system_server: Background concurrent mark compact GC freed 23MB AllocSpace bytes, 40(812KB) LOS objects, 43% free, 31MB/55MB, paused 1.671ms,2.347ms total 187.127ms
02-19 11:40:32.878   752   776 I BpBinder: onLastStrongRef automatically unlinking death recipients: 
02-19 11:40:33.259 26345 26345 D AndroidRuntime: >>>>>> START com.android.internal.os.RuntimeInit uid 2000 <<<<<<
02-19 11:40:33.281 26345 26345 I AndroidRuntime: Using default boot image
02-19 11:40:33.281 26345 26345 I AndroidRuntime: Leaving lock profiling enabled
02-19 11:40:33.295 26345 26345 I app_process: Using CollectorTypeCMC GC.
02-19 11:40:33.348   752   935 D TelephonyManager: requestModemActivityInfo: Sending result to app: ModemActivityInfo{ mTimestamp=80307185 mSleepTimeMs=8484 mIdleTimeMs=2828 mActivityStatsTechSpecificInfo=[{mRat=UNKNOWN,mFrequencyRange=UNKNOWN,mTxTimeMs[]=[202, 606, 1212, 1616, 1818],mRxTimeMs=1818}]}
02-19 11:40:33.378 26294 26300 I AidlLazyServiceRegistrar: Process has 0 (of 1 available) client(s) in use after notification artd has clients: 0
02-19 11:40:33.378 26294 26300 I AidlLazyServiceRegistrar: Trying to shut down the service. No clients in use for any service in process.
02-19 11:40:33.382 26294 26300 I AidlLazyServiceRegistrar: Unregistered all clients and exiting
02-19 11:40:34.603 26345 26345 D nativeloader: InitDefaultPublicLibraries for_preload=1: libandroid.so:libaaudio.so:libamidi.so:libbinder_ndk.so:libc.so:libcamera2ndk.so:libdl.so:libEGL.so:libGLESv1_CM.so:libGLESv2.so:libGLESv3.so:libicu.so:libicui18n.so:libicuuc.so:libjnigraphics.so:liblog.so:libmediandk.so:libm.so:libnativehelper.so:libnativewindow.so:libOpenMAXAL.so:libOpenSLES.so:libRS.so:libstdc++.so:libsync.so:libvulkan.so:libwebviewchromium_plat_support.so:libz.so
02-19 11:40:34.687 26345 26345 D nativeloader: Load libicu_jni.so using APEX ns com_android_art for caller /apex/com.android.art/javalib/core-oj.jar: ok
02-19 11:40:34.700 26345 26345 D app_process: u_setTimeZoneFilesDirectory("/apex/com.android.tzdata/etc/tz/versioned/9/icu") succeeded. 
02-19 11:40:34.700 26345 26345 D app_process: I18n APEX ICU file found: /apex/com.android.i18n/etc/icu/icudt76l.dat
02-19 11:40:34.733 26345 26345 D nativeloader: Load libjavacore.so using APEX ns com_android_art for caller /apex/com.android.art/javalib/core-oj.jar: ok
02-19 11:40:34.746 26345 26345 D nativeloader: Load libopenjdk.so using APEX ns com_android_art for caller /apex/com.android.art/javalib/core-oj.jar: ok
02-19 11:40:34.763 26345 26345 W app_process: Unexpected CPU variant for x86: x86_64.
02-19 11:40:34.763 26345 26345 W app_process: Known variants: atom, sandybridge, silvermont, goldmont, goldmont-plus, goldmont-without-sha-xsaves, tremont, kabylake, alderlake, default
02-19 11:40:35.024 26345 26345 D nativeloader: Load libframework-connectivity-tiramisu-jni.so using APEX ns com_android_tethering for caller /apex/com.android.tethering/javalib/framework-connectivity-t.jar: ok
02-19 11:40:35.030 26345 26345 D AndroidRuntime: Calling main entry com.android.commands.monkey.Monkey
02-19 11:40:35.035 26345 26345 D nativeloader: Load /system/lib64/libmonkey_jni.so using ns default for caller /system/framework/monkey.jar in same partition (is_bridged=0): ok
02-19 11:40:35.036 26345 26345 W Monkey  : args: [-p, viva.republica.toss.test, -c, android.intent.category.LAUNCHER, 1]
02-19 11:40:35.053 26345 26345 I AconfigPackage: android.media.swcodec.flags is mapped to com.android.media.swcodec
02-19 11:40:35.059 26345 26345 I AconfigPackage: com.google.android.settings.simplemode.flags is mapped to system_ext
02-19 11:40:35.059 26345 26345 I AconfigPackage: com.google.android.systemui is mapped to system_ext
02-19 11:40:35.059 26345 26345 I AconfigPackage: com.google.android.apps.nexuslauncher is mapped to system_ext
02-19 11:40:35.059 26345 26345 I AconfigPackage: com.android.settings.accessibility is mapped to system_ext
02-19 11:40:35.059 26345 26345 I AconfigPackage: com.android.settings.flags is mapped to system_ext
02-19 11:40:35.059 26345 26345 I AconfigPackage: com.google.android.apps.miphone.aiai.matchmaker.overview.ui is mapped to system_ext
02-19 11:40:35.059 26345 26345 I AconfigPackage: com.google.android.settings.flags is mapped to system_ext
02-19 11:40:35.060 26345 26345 I AconfigPackage: com.android.launcher3 is mapped to system_ext
02-19 11:40:35.060 26345 26345 I AconfigPackage: com.android.wallpaper is mapped to system_ext
02-19 11:40:35.060 26345 26345 I AconfigPackage: com.android.settings.media_drm is mapped to system_ext
02-19 11:40:35.060 26345 26345 I AconfigPackage: com.android.systemui.accessibility.accessibilitymenu is mapped to system_ext
02-19 11:40:35.060 26345 26345 I AconfigPackage: com.android.settings.keyboard is mapped to system_ext
02-19 11:40:35.060 26345 26345 I AconfigPackage: com.android.server.policy.feature.flags is mapped to system_ext
02-19 11:40:35.060 26345 26345 I AconfigPackage: com.android.settings.factory_reset is mapped to system_ext
02-19 11:40:35.060 26345 26345 I AconfigPackage: com.google.android.haptics.flags is mapped to system_ext
02-19 11:40:35.063 26345 26345 I AconfigPackage: com.android.permission.flags is mapped to com.android.permission
02-19 11:40:35.067 26345 26345 I AconfigPackage: com.android.icu is mapped to com.android.i18n
02-19 11:40:35.073 26345 26345 I AconfigPackage: com.android.appsearch.flags is mapped to com.android.appsearch
02-19 11:40:35.077 26345 26345 I AconfigPackage: android.uprobestats.mainline.flags is mapped to com.android.uprobestats
02-19 11:40:35.081 26345 26345 I AconfigPackage: android.provider.flags is mapped to com.android.configinfrastructure
02-19 11:40:35.081 26345 26345 I AconfigPackage: com.android.server.deviceconfig is mapped to com.android.configinfrastructure
02-19 11:40:35.093 26345 26345 I AconfigPackage: com.android.nfc.flags is mapped to system
02-19 11:40:35.093 26345 26345 I AconfigPackage: android.app.admin.flags is mapped to system
02-19 11:40:35.093 26345 26345 I AconfigPackage: android.database.sqlite is mapped to system
02-19 11:40:35.094 26345 26345 I AconfigPackage: com.android.providers.calendar is mapped to system
02-19 11:40:35.094 26345 26345 I AconfigPackage: com.android.server.power.feature.flags is mapped to system
02-19 11:40:35.094 26345 26345 I AconfigPackage: com.android.media.performance.flags is mapped to system
02-19 11:40:35.094 26345 26345 I AconfigPackage: android.app.contextualsearch.flags is mapped to system
02-19 11:40:35.094 26345 26345 I AconfigPackage: android.app.ondeviceintelligence.flags is mapped to system
02-19 11:40:35.094 26345 26345 I AconfigPackage: com.android.media.projection.flags is mapped to system
02-19 11:40:35.094 26345 26345 I AconfigPackage: android.companion is mapped to system
02-19 11:40:35.094 26345 26345 I AconfigPackage: android.service.controls.flags is mapped to system
02-19 11:40:35.094 26345 26345 I AconfigPackage: com.android.text.flags is mapped to system
02-19 11:40:35.094 26345 26345 I AconfigPackage: com.android.providers.contactkeys.flags is mapped to system
02-19 11:40:35.094 26345 26345 I AconfigPackage: com.android.intentresolver is mapped to system
02-19 11:40:35.094 26345 26345 I AconfigPackage: android.companion.virtualdevice.flags is mapped to system
02-19 11:40:35.094 26345 26345 I AconfigPackage: android.uprobestats.flags is mapped to system
02-19 11:40:35.094 26345 26345 I AconfigPackage: com.android.net.thread.platform.flags is mapped to system
02-19 11:40:35.095 26345 26345 I AconfigPackage: android.view.contentprotection.flags is mapped to system
02-19 11:40:35.095 26345 26345 I AconfigPackage: com.android.server.dreams is mapped to system
02-19 11:40:35.095 26345 26345 I AconfigPackage: com.android.graphics.surfaceflinger.flags is mapped to system
02-19 11:40:35.095 26345 26345 I AconfigPackage: com.android.hardware.input is mapped to system
02-19 11:40:35.095 26345 26345 I AconfigPackage: android.sdk is mapped to system
02-19 11:40:35.095 26345 26345 I AconfigPackage: com.android.input.flags is mapped to system
02-19 11:40:35.095 26345 26345 I AconfigPackage: android.tracing is mapped to system
02-19 11:40:35.095 26345 26345 I AconfigPackage: com.android.server.biometrics is mapped to system
02-19 11:40:35.095 26345 26345 I AconfigPackage: android.view.contentcapture.flags is mapped to system
02-19 11:40:35.095 26345 26345 I AconfigPackage: android.app.job is mapped to system
02-19 11:40:35.095 26345 26345 I AconfigPackage: android.content.res is mapped to system
02-19 11:40:35.095 26345 26345 I AconfigPackage: android.net.platform.flags is mapped to system
02-19 11:40:35.095 26345 26345 I AconfigPackage: com.android.aconfig.flags is mapped to system
02-19 11:40:35.095 26345 26345 I AconfigPackage: com.android.graphics.flags is mapped to system
02-19 11:40:35.095 26345 26345 I AconfigPackage: android.server.app is mapped to system
02-19 11:40:35.095 26345 26345 I AconfigPackage: android.speech.flags is mapped to system
02-19 11:40:35.095 26345 26345 I AconfigPackage: com.android.server.stats is mapped to system
02-19 11:40:35.095 26345 26345 I AconfigPackage: android.hardware.biometrics is mapped to system
02-19 11:40:35.095 26345 26345 I AconfigPackage: android.car.feature is mapped to system
02-19 11:40:35.095 26345 26345 I AconfigPackage: android.adpf is mapped to system
02-19 11:40:35.095 26345 26345 I AconfigPackage: android.location.flags is mapped to system
02-19 11:40:35.096 26345 26345 I AconfigPackage: com.android.settingslib.flags is mapped to system
02-19 11:40:35.096 26345 26345 I AconfigPackage: com.android.managedprovisioning.flags is mapped to system
02-19 11:40:35.096 26345 26345 I AconfigPackage: android.app.assist.flags is mapped to system
02-19 11:40:35.096 26345 26345 I AconfigPackage: com.android.server.net is mapped to system
02-19 11:40:35.096 26345 26345 I AconfigPackage: com.android.settingslib.widget.flags is mapped to system
02-19 11:40:35.096 26345 26345 I AconfigPackage: com.android.internal.camera.flags is mapped to system
02-19 11:40:35.096 26345 26345 I AconfigPackage: com.android.hardware.libsensor.flags is mapped to system
02-19 11:40:35.096 26345 26345 I AconfigPackage: com.android.internal.jank is mapped to system
02-19 11:40:35.096 26345 26345 I AconfigPackage: com.android.providers.settings is mapped to system
02-19 11:40:35.096 26345 26345 I AconfigPackage: android.multiuser is mapped to system
02-19 11:40:35.096 26345 26345 I AconfigPackage: com.android.server.power.optimization is mapped to system
02-19 11:40:35.096 26345 26345 I AconfigPackage: com.android.calllogbackup is mapped to system
02-19 11:40:35.096 26345 26345 I AconfigPackage: com.android.media.flags is mapped to system
02-19 11:40:35.096 26345 26345 I AconfigPackage: com.android.server.flags is mapped to system
02-19 11:40:35.096 26345 26345 I AconfigPackage: com.android.graphics.libvulkan.flags is mapped to system
02-19 11:40:35.096 26345 26345 I AconfigPackage: android.app.appfunctions.flags is mapped to system
02-19 11:40:35.096 26345 26345 I AconfigPackage: android.app.smartspace.flags is mapped to system
02-19 11:40:35.096 26345 26345 I AconfigPackage: com.android.providers.contacts.flags is mapped to system
02-19 11:40:35.096 26345 26345 I AconfigPackage: com.android.shell.flags is mapped to system
02-19 11:40:35.096 26345 26345 I AconfigPackage: com.android.media.aaudio is mapped to system
02-19 11:40:35.096 26345 26345 I AconfigPackage: android.hardware.radio is mapped to system
02-19 11:40:35.096 26345 26345 I AconfigPackage: com.google.wear.services.infra.flags is mapped to system
02-19 11:40:35.096 26345 26345 I AconfigPackage: suspend_service.flags is mapped to system
02-19 11:40:35.096 26345 26345 I AconfigPackage: android.media.midi is mapped to system
02-19 11:40:35.096 26345 26345 I AconfigPackage: com.android.libcore.readonly is mapped to system
02-19 11:40:35.096 26345 26345 I AconfigPackage: com.android.settingslib.widget.selectorwithwidgetpreference.flags is mapped to system
02-19 11:40:35.096 26345 26345 I AconfigPackage: android.service.notification is mapped to system
02-19 11:40:35.097 26345 26345 I AconfigPackage: com.android.systemui.shared is mapped to system
02-19 11:40:35.097 26345 26345 I AconfigPackage: android.app.jank is mapped to system
02-19 11:40:35.097 26345 26345 I AconfigPackage: android.app.wearable is mapped to system
02-19 11:40:35.097 26345 26345 I AconfigPackage: com.android.media.audio is mapped to system
02-19 11:40:35.097 26345 26345 I AconfigPackage: android.service.chooser is mapped to system
02-19 11:40:35.097 26345 26345 I AconfigPackage: com.android.server.compat is mapped to system
02-19 11:40:35.097 26345 26345 I AconfigPackage: com.android.server.alarm is mapped to system
02-19 11:40:35.097 26345 26345 I AconfigPackage: com.android.apex.flags is mapped to system
02-19 11:40:35.097 26345 26345 I AconfigPackage: android.service.quickaccesswallet is mapped to system
02-19 11:40:35.097 26345 26345 I AconfigPackage: android.app.usage is mapped to system
02-19 11:40:35.097 26345 26345 I AconfigPackage: com.android.server.accessibility is mapped to system
02-19 11:40:35.097 26345 26345 I AconfigPackage: android.app.supervision.flags is mapped to system
02-19 11:40:35.097 26345 26345 I AconfigPackage: com.android.server.utils is mapped to system
02-19 11:40:35.097 26345 26345 I AconfigPackage: android.chre.flags is mapped to system
02-19 11:40:35.097 26345 26345 I AconfigPackage: android.content.flags is mapped to system
02-19 11:40:35.097 26345 26345 I AconfigPackage: android.media.codec is mapped to system
02-19 11:40:35.097 26345 26345 I AconfigPackage: com.android.internal.os is mapped to system
02-19 11:40:35.097 26345 26345 I AconfigPackage: com.android.nfc.nci.flags is mapped to system
02-19 11:40:35.097 26345 26345 I AconfigPackage: android.app is mapped to system
02-19 11:40:35.097 26345 26345 I AconfigPackage: android.security.keystore2 is mapped to system
02-19 11:40:35.097 26345 26345 I AconfigPackage: android.crashrecovery.flags is mapped to system
02-19 11:40:35.097 26345 26345 I AconfigPackage: com.android.tradeinmode.flags is mapped to system
02-19 11:40:35.097 26345 26345 I AconfigPackage: android.hardware.flags is mapped to system
02-19 11:40:35.097 26345 26345 I AconfigPackage: com.android.server.telecom.flags is mapped to system
02-19 11:40:35.097 26345 26345 I AconfigPackage: com.android.settingslib.media.flags is mapped to system
02-19 11:40:35.098 26345 26345 I AconfigPackage: com.android.server.policy is mapped to system
02-19 11:40:35.098 26345 26345 I AconfigPackage: android.media.audiopolicy is mapped to system
02-19 11:40:35.098 26345 26345 I AconfigPackage: com.android.egg.flags is mapped to system
02-19 11:40:35.098 26345 26345 I AconfigPackage: com.android.internal.compat.flags is mapped to system
02-19 11:40:35.098 26345 26345 I AconfigPackage: android.security is mapped to system
02-19 11:40:35.098 26345 26345 I AconfigPackage: android.service.autofill is mapped to system
02-19 11:40:35.098 26345 26345 I AconfigPackage: com.example.android.aconfig.demo.flags is mapped to system
02-19 11:40:35.098 26345 26345 I AconfigPackage: android.view.flags is mapped to system
02-19 11:40:35.098 26345 26345 I AconfigPackage: android.companion.virtual.flags is mapped to system
02-19 11:40:35.098 26345 26345 I AconfigPackage: com.android.aconfig_new_storage is mapped to system
02-19 11:40:35.098 26345 26345 I AconfigPackage: com.android.server.feature.flags is mapped to system
02-19 11:40:35.098 26345 26345 I AconfigPackage: com.android.systemui is mapped to system
02-19 11:40:35.098 26345 26345 I AconfigPackage: com.android.server.power.batterysaver is mapped to system
02-19 11:40:35.098 26345 26345 I AconfigPackage: android.widget.flags is mapped to system
02-19 11:40:35.098 26345 26345 I AconfigPackage: com.android.media.editing.flags is mapped to system
02-19 11:40:35.098 26345 26345 I AconfigPackage: com.android.media.codec.flags is mapped to system
02-19 11:40:35.098 26345 26345 I AconfigPackage: com.android.server.powerstats is mapped to system
02-19 11:40:35.098 26345 26345 I AconfigPackage: com.android.graphics.egl.flags is mapped to system
02-19 11:40:35.098 26345 26345 I AconfigPackage: com.android.media.audioserver is mapped to system
02-19 11:40:35.098 26345 26345 I AconfigPackage: com.android.server.deviceidle is mapped to system
02-19 11:40:35.098 26345 26345 I AconfigPackage: android.nfc is mapped to system
02-19 11:40:35.099 26345 26345 I AconfigPackage: android.permission.flags is mapped to system
02-19 11:40:35.099 26345 26345 I AconfigPackage: android.service.voice.flags is mapped to system
02-19 11:40:35.099 26345 26345 I AconfigPackage: android.content.pm is mapped to system
02-19 11:40:35.099 26345 26345 I AconfigPackage: com.android.server.power.hint is mapped to system
02-19 11:40:35.099 26345 26345 I AconfigPackage: android.os is mapped to system
02-19 11:40:35.099 26345 26345 I AconfigPackage: android.service.dreams is mapped to system
02-19 11:40:35.099 26345 26345 I AconfigPackage: com.android.graphics.libgui.flags is mapped to system
02-19 11:40:35.099 26345 26345 I AconfigPackage: android.hardware.usb.flags is mapped to system
02-19 11:40:35.099 26345 26345 I AconfigPackage: android.provider is mapped to system
02-19 11:40:35.099 26345 26345 I AconfigPackage: com.android.server.job is mapped to system
02-19 11:40:35.099 26345 26345 I AconfigPackage: com.android.internal.foldables.flags is mapped to system
02-19 11:40:35.099 26345 26345 I AconfigPackage: com.android.internal.telephony.flags is mapped to system
02-19 11:40:35.099 26345 26345 I AconfigPackage: android.webkit is mapped to system
02-19 11:40:35.099 26345 26345 I AconfigPackage: android.credentials.flags is mapped to system
02-19 11:40:35.099 26345 26345 I AconfigPackage: com.android.server.display.feature.flags is mapped to system
02-19 11:40:35.099 26345 26345 I AconfigPackage: com.android.server.notification is mapped to system
02-19 11:40:35.099 26345 26345 I AconfigPackage: android.appwidget.flags is mapped to system
02-19 11:40:35.099 26345 26345 I AconfigPackage: com.android.frameworks.sensorservice.flags is mapped to system
02-19 11:40:35.099 26345 26345 I AconfigPackage: com.android.printspooler.flags is mapped to system
02-19 11:40:35.099 26345 26345 I AconfigPackage: com.android.window.flags is mapped to system
02-19 11:40:35.099 26345 26345 I AconfigPackage: android.adaptiveauth is mapped to system
02-19 11:40:35.099 26345 26345 I AconfigPackage: android.net.wifi.flags is mapped to system
02-19 11:40:35.099 26345 26345 I AconfigPackage: android.media.tv.flags is mapped to system
02-19 11:40:35.100 26345 26345 I AconfigPackage: com.android.server.usb.flags is mapped to system
02-19 11:40:35.100 26345 26345 I AconfigPackage: android.os.vibrator is mapped to system
02-19 11:40:35.100 26345 26345 I AconfigPackage: android.hardware.devicestate.feature.flags is mapped to system
02-19 11:40:35.100 26345 26345 I AconfigPackage: com.android.server.usage is mapped to system
02-19 11:40:35.100 26345 26345 I AconfigPackage: android.server is mapped to system
02-19 11:40:35.100 26345 26345 I AconfigPackage: com.android.wm.shell is mapped to system
02-19 11:40:35.100 26345 26345 I AconfigPackage: android.view.inputmethod is mapped to system
02-19 11:40:35.100 26345 26345 I AconfigPackage: com.android.graphics.hwui.flags is mapped to system
02-19 11:40:35.100 26345 26345 I AconfigPackage: com.android.server.backup is mapped to system
02-19 11:40:35.100 26345 26345 I AconfigPackage: com.android.internal.pm.pkg.component.flags is mapped to system
02-19 11:40:35.100 26345 26345 I AconfigPackage: android.view.accessibility is mapped to system
02-19 11:40:35.100 26345 26345 I AconfigPackage: com.google.wear.sdk is mapped to system
02-19 11:40:35.100 26345 26345 I AconfigPackage: android.media.audio is mapped to system
02-19 11:40:35.100 26345 26345 I AconfigPackage: com.android.server.am is mapped to system
02-19 11:40:35.100 26345 26345 I AconfigPackage: com.android.media.playback.flags is mapped to system
02-19 11:40:35.104 26345 26345 I AconfigPackage: com.android.art.flags is mapped to com.android.art
02-19 11:40:35.104 26345 26345 I AconfigPackage: com.android.libcore is mapped to com.android.art
02-19 11:40:35.108 26345 26345 I AconfigPackage: com.android.media.extractor.flags is mapped to com.android.media
02-19 11:40:35.108 26345 26345 I AconfigPackage: com.android.media.mainline.flags is mapped to com.android.media
02-19 11:40:35.111 26345 26345 I AconfigPackage: com.android.wifi.flags is mapped to com.android.wifi
02-19 11:40:35.115 26345 26345 I AconfigPackage: com.android.org.conscrypt.flags is mapped to com.android.conscrypt
02-19 11:40:35.118 26345 26345 I AconfigPackage: com.android.healthfitness.flags is mapped to com.android.healthfitness
02-19 11:40:35.122 26345 26345 I AconfigPackage: com.google.android.input.twoshay.flags is mapped to vendor
02-19 11:40:35.122 26345 26345 I AconfigPackage: libgooglecamerahal.flags is mapped to vendor
02-19 11:40:35.125 26345 26345 I AconfigPackage: com.android.ipsec.flags is mapped to com.android.ipsec
02-19 11:40:35.129 26345 26345 I AconfigPackage: com.android.nfc.module.flags is mapped to com.android.nfcservices
02-19 11:40:35.132 26345 26345 I AconfigPackage: com.android.adservices.ondevicepersonalization.flags is mapped to com.android.ondevicepersonalization
02-19 11:40:35.135 26345 26345 I AconfigPackage: com.android.bluetooth.flags is mapped to com.android.bt
02-19 11:40:35.138 26345 26345 I AconfigPackage: com.android.devicelock.flags is mapped to com.android.devicelock
02-19 11:40:35.142 26345 26345 I AconfigPackage: android.os.profiling is mapped to com.android.profiling
02-19 11:40:35.145 26345 26345 I AconfigPackage: com.android.os.statsd.flags is mapped to com.android.os.statsd
02-19 11:40:35.146 26345 26345 I AconfigPackage: com.android.cellbroadcastreceiver.flags is mapped to com.android.cellbroadcast
02-19 11:40:35.149 26345 26345 I AconfigPackage: com.android.adservices.flags is mapped to com.android.adservices
02-19 11:40:35.149 26345 26345 I AconfigPackage: com.android.sdksandbox.flags is mapped to com.android.adservices
02-19 11:40:35.150 26345 26345 I AconfigPackage: com.android.uwb.flags is mapped to com.android.uwb
02-19 11:40:35.151 26345 26345 I AconfigPackage: com.android.ranging.flags is mapped to com.android.uwb
02-19 11:40:35.152 26345 26345 I AconfigPackage: android.graphics.pdf.flags is mapped to com.android.mediaprovider
02-19 11:40:35.152 26345 26345 I AconfigPackage: com.android.providers.media.flags is mapped to com.android.mediaprovider
02-19 11:40:35.152 26345 26345 I AconfigPackage: android.graphics.pdf.flags.readonly is mapped to com.android.mediaprovider
02-19 11:40:35.154 26345 26345 I AconfigPackage: com.android.net.ct.flags is mapped to com.android.tethering
02-19 11:40:35.154 26345 26345 I AconfigPackage: com.android.net.flags is mapped to com.android.tethering
02-19 11:40:35.154 26345 26345 I AconfigPackage: android.net.vcn is mapped to com.android.tethering
02-19 11:40:35.154 26345 26345 I AconfigPackage: com.android.nearby.flags is mapped to com.android.tethering
02-19 11:40:35.154 26345 26345 I AconfigPackage: android.net.http is mapped to com.android.tethering
02-19 11:40:35.154 26345 26345 I AconfigPackage: com.android.net.thread.flags is mapped to com.android.tethering
02-19 11:40:35.158 26345 26345 I AconfigPackage: com.android.system.virtualmachine.flags is mapped to com.android.virt
02-19 11:40:35.161 26345 26345 E FeatureFlagsImplExport: android.os.flagging.AconfigStorageReadException: ERROR_PACKAGE_NOT_FOUND: package android.xr cannot be found on the device
02-19 11:40:35.245 26345 26345 W Monkey  :  arg: "-p"
02-19 11:40:35.245 26345 26345 W Monkey  :  arg: "viva.republica.toss.test"
02-19 11:40:35.245 26345 26345 W Monkey  :  arg: "-c"
02-19 11:40:35.245 26345 26345 W Monkey  :  arg: "android.intent.category.LAUNCHER"
02-19 11:40:35.246 26345 26345 W Monkey  :  arg: "1"
02-19 11:40:35.248 26345 26345 W Monkey  : data="viva.republica.toss.test"
02-19 11:40:35.248 26345 26345 W Monkey  : data="android.intent.category.LAUNCHER"
02-19 11:40:35.443   752   984 D EventHub: No input device configuration file found for device 'Monkey touch'.
02-19 11:40:35.447   752   984 I EventHub: usingClockIoctl=true
02-19 11:40:35.447   752   984 I EventHub: New device: id=20, fd=584, path='/dev/input/event14', name='Monkey touch', classes=TOUCH | TOUCH_MT, configuration='', keyLayout='', keyCharacterMap='', builtinKeyboard=false, 
02-19 11:40:35.453   752   984 I InputReader: Device reconfigured: id=20, name='Monkey touch', size 1080x2400, orientation Rotation0, mode DIRECT, display id 0
02-19 11:40:35.454   752   984 I InputReader: Device added: id=20, eventHubId=20, name='Monkey touch', descriptor='e1fe28b90f915c7d1febbd52c1ef84b3c4cbed9f',sources=TOUCHSCREEN
02-19 11:40:35.506   752   984 E WindowManager: Display reconfigured outside of a transition: Display{#0 state=ON size=1080x2400 ROTATION_0}
02-19 11:40:35.604   752   779 W ActivityManager: registerReceiverWithFeature: no app for null
02-19 11:40:35.638   752   779 W ActivityTaskManager: callingPackage for (uid=2000, pid=26345) has no WPC
02-19 11:40:35.641   752   779 V GrammaticalInflectionUtils: AttributionSource: android.content.AttributionSource@56784557 does not have READ_SYSTEM_GRAMMATICAL_GENDER permission.
02-19 11:40:35.641   752   779 W OptProp : Cannot read opt property android.window.PROPERTY_COMPAT_ALLOW_USER_ASPECT_RATIO_OVERRIDE
02-19 11:40:35.641   752   779 W OptProp : Cannot read opt property android.window.PROPERTY_COMPAT_ALLOW_USER_ASPECT_RATIO_FULLSCREEN_OVERRIDE
02-19 11:40:35.642   752   779 W OptProp : Cannot read opt property android.window.PROPERTY_COMPAT_ALLOW_RESIZEABLE_ACTIVITY_OVERRIDES
02-19 11:40:35.642   752   779 W OptProp : Cannot read opt property android.window.PROPERTY_COMPAT_ALLOW_MIN_ASPECT_RATIO_OVERRIDE
02-19 11:40:35.647   531   590 I BpBinder: onLastStrongRef automatically unlinking death recipients: 
02-19 11:40:35.652   752   779 I ActivityTaskManager: START u0 {act=android.intent.action.MAIN cat=[android.intent.category.LAUNCHER] flg=0x10200000 cmp=viva.republica.toss.test/.login.AppsInTossLoginActivity} with LAUNCH_MULTIPLE from uid 2000 (BAL_ALLOW_PERMISSION) result code=2
02-19 11:40:35.653  4449  4467 V WindowManagerShell: Transition requested (#199): android.os.BinderProxy@8f3479d TransitionRequestInfo { type = OPEN, triggerTask = TaskInfo{userId=0 taskId=46 effectiveUid=10217 displayId=0 isRunning=true baseIntent=Intent { act=android.intent.action.VIEW dat=intoss://takealook/... flg=0x10000000 cmp=viva.republica.toss.test/im.toss.rn.granite.core.GraniteActivity } baseActivity=ComponentInfo{viva.republica.toss.test/im.toss.rn.granite.core.GraniteActivity} topActivity=ComponentInfo{viva.republica.toss.test/im.toss.rn.granite.core.GraniteActivity} origActivity=null realActivity=ComponentInfo{viva.republica.toss.test/im.toss.rn.granite.core.GraniteActivity} numActivities=2 lastActiveTime=80275934 supportsMultiWindow=true resizeMode=1 isResizeable=true minWidth=-1 minHeight=-1 defaultMinSize=220 token=WCT{android.window.IWindowContainerToken$Stub$Proxy@fd58412} topActivityType=1 pictureInPictureParams=null shouldDockBigOverlays=false launchIntoPipHostTaskId=-1 lastParentTaskIdBeforePip=-1 displayCutoutSafeInsets=Rect(0, 0 - 0, 0) topActivityInfo=ActivityInfo{412e7e3 im.toss.rn.granite.core.GraniteActivity} launchCookies=[] positionInParent=Point(0, 0) parentTaskId=-1 isFocused=false isVisible=false isVisibleRequested=false isTopActivityNoDisplay=false isSleeping=false locusId=null displayAreaFeatureId=1 isTopActivityTransparent=false isActivityStackTransparent=false lastNonFullscreenBounds=Rect(284, 660 - 796, 1740) capturedLink=null capturedLinkTimestamp=0 requestedVisibleTypes=-9 topActivityRequestOpenInBrowserEducationTimestamp=0 appCompatTaskInfo=AppCompatTaskInfo { topActivityInSizeCompat=false eligibleForLetterboxEducation= false isLetterboxEducationEnabled= true isLetterboxDoubleTapEnabled= false eligibleForUserAspectRatioButton= false topActivityBoundsLetterboxed= false isFromLetterboxDoubleTap= false topActivityLetterboxVerticalPosition= -1 topActivityLetterboxHorizontalPosition= -1 topActivityLetterboxWidth=-1 topActivityLetterboxHeight=-1 topActivityAppBounds=Rect(0, 0 - 1080, 2400) isUserFullscreenOverrideEnabled=false isSystemFullscreenOverrideEnabled=false hasMinAspectRatioOverride=false topActivityLetterboxBounds=null cameraCompatTaskInfo=CameraCompatTaskInfo { freeformCameraCompatMode=inactive}} topActivityMainWindowFrame=null}, pipChange = null, remoteTransition = null, displayChange = null, flags = 0, debugId = 199 }
02-19 11:40:35.653  4449  4467 D ShellSplitScreen: logExit: no-op, mLoggerSessionId is null
02-19 11:40:35.653 26345 26345 I Monkey  : Events injected: 1
02-19 11:40:35.655  1341  1341 W SplitSelectStateCtor: Missing session instanceIds
02-19 11:40:35.655  1341  1341 D StatsLog: LAUNCHER_SPLIT_SELECTION_EXIT_INTERRUPTED
02-19 11:40:35.662  4449  4467 D WindowManagerShell: setLauncherKeepClearAreaHeight: visible=false, height=527
02-19 11:40:35.662  4449  4467 D WindowManagerShell: onActivityRestartAttempt: topActivity=ComponentInfo{viva.republica.toss.test/im.toss.rn.granite.core.GraniteActivity}, wasVisible=false
02-19 11:40:35.664   752  1095 D BackgroundInstallControlService: Package event received: 0
02-19 11:40:35.669   531   531 I BpBinder: onLastStrongRef automatically unlinking death recipients: 
02-19 11:40:35.671 24035 24035 D ViewRootImpl: Skipping stats log for color mode
02-19 11:40:35.679   752  1095 D BackgroundInstallControlService: Package event received: 0
02-19 11:40:35.680   752  1095 D BackgroundInstallControlService: Package event received: 0
02-19 11:40:35.681   752  1095 D BackgroundInstallControlService: Package event received: 0
02-19 11:40:35.682   752  1095 D BackgroundInstallControlService: Package event received: 0
02-19 11:40:35.682   752  1095 D BackgroundInstallControlService: Package event received: 0
02-19 11:40:35.694  4449  4474 V SnapshotDrawerUtils: Drawing snapshot surface sizeMismatch=true
02-19 11:40:35.709   615   715 W IPCThreadState: Sending oneway calls to frozen process.
02-19 11:40:35.709 24035 26356 W unknown:ReconnectingWebSocket: Couldn't connect to "ws://10.0.2.2:8081/message?device=sdk_gphone64_x86_64%20-%2016%20-%20API%2036&app=viva.republica.toss.test&clientid=BridgeDevSupportManager", will silently retry
02-19 11:40:35.710 26345 26345 I Monkey  : ## Network stats: elapsed time=52ms (0ms mobile, 0ms wifi, 52ms not connected)
02-19 11:40:35.712 26345 26345 I app_process: System.exit called, status: 0
02-19 11:40:35.712 26345 26345 I AndroidRuntime: VM exiting with result code 0.
02-19 11:40:35.725  4449  4449 W DSRotLockSettingsMngr: Setting is ignored, but no fallback was specified.
02-19 11:40:35.727  4449  4449 W DSRotLockSettingsMngr: Setting is ignored, but no fallback was specified.
02-19 11:40:35.757   752   797 W IPCThreadState: Sending oneway calls to frozen process.
02-19 11:40:35.758   752   797 W IPCThreadState: Sending oneway calls to frozen process.
02-19 11:40:35.758   752   797 W IPCThreadState: Sending oneway calls to frozen process.
02-19 11:40:35.758   752   797 W IPCThreadState: Sending oneway calls to frozen process.
02-19 11:40:35.758   752   797 W IPCThreadState: Sending oneway calls to frozen process.
02-19 11:40:35.758   752   797 W IPCThreadState: Sending oneway calls to frozen process.
02-19 11:40:35.758   752   797 W IPCThreadState: Sending oneway calls to frozen process.
02-19 11:40:35.759   752   797 W IPCThreadState: Sending oneway calls to frozen process.
02-19 11:40:35.759   752   797 W IPCThreadState: Sending oneway calls to frozen process.
02-19 11:40:35.759   752   797 W IPCThreadState: Sending oneway calls to frozen process.
02-19 11:40:35.759   752   797 W IPCThreadState: Sending oneway calls to frozen process.
02-19 11:40:35.759   752   797 W IPCThreadState: Sending oneway calls to frozen process.
02-19 11:40:35.759   752   797 W IPCThreadState: Sending oneway calls to frozen process.
02-19 11:40:35.759   752   797 W IPCThreadState: Sending oneway calls to frozen process.
02-19 11:40:35.759   752   797 W IPCThreadState: Sending oneway calls to frozen process.
02-19 11:40:35.759   752   797 W IPCThreadState: Sending oneway calls to frozen process.
02-19 11:40:35.760   752   797 W ProcessStats: Tracking association SourceState{1b917ca system/1000 BFgs #12070} whose proc state 4 is better than process ProcessState{42c4ef0 com.google.android.ext.services/10208 pkg=com.google.android.ext.services} proc state 14 (3 skipped)
02-19 11:40:35.761   752   794 V WindowManager: Sent Transition (#199) createdAt=02-19 11:40:35.643 via request=TransitionRequestInfo { type = OPEN, triggerTask = TaskInfo{userId=0 taskId=46 effectiveUid=10217 displayId=0 isRunning=true baseIntent=Intent { act=android.intent.action.VIEW dat=intoss://takealook/... flg=0x10000000 cmp=viva.republica.toss.test/im.toss.rn.granite.core.GraniteActivity } baseActivity=ComponentInfo{viva.republica.toss.test/im.toss.rn.granite.core.GraniteActivity} topActivity=ComponentInfo{viva.republica.toss.test/im.toss.rn.granite.core.GraniteActivity} origActivity=null realActivity=ComponentInfo{viva.republica.toss.test/im.toss.rn.granite.core.GraniteActivity} numActivities=2 lastActiveTime=80275934 supportsMultiWindow=true resizeMode=1 isResizeable=true minWidth=-1 minHeight=-1 defaultMinSize=220 token=WCT{RemoteToken{a585dcd Task{7745c88 #46 type=standard A=10217:viva.republica.toss.test}}} topActivityType=1 pictureInPictureParams=null shouldDockBigOverlays=false launchIntoPipHostTaskId=-1 lastParentTaskIdBeforePip=-1 displayCutoutSafeInsets=Rect(0, 0 - 0, 0) topActivityInfo=ActivityInfo{e56097f im.toss.rn.granite.core.GraniteActivity} launchCookies=[] positionInParent=Point(0, 0) parentTaskId=-1 isFocused=false isVisible=false isVisibleRequested=false isTopActivityNoDisplay=false isSleeping=false locusId=null displayAreaFeatureId=1 isTopActivityTransparent=false isActivityStackTransparent=false lastNonFullscreenBounds=Rect(284, 660 - 796, 1740) capturedLink=null capturedLinkTimestamp=0 requestedVisibleTypes=-9 topActivityRequestOpenInBrowserEducationTimestamp=0 appCompatTaskInfo=AppCompatTaskInfo { topActivityInSizeCompat=false eligibleForLetterboxEducation= false isLetterboxEducationEnabled= true isLetterboxDoubleTapEnabled= false eligibleForUserAspectRatioButton= false topActivityBoundsLetterboxed= false isFromLetterboxDoubleTap= false topActivityLetterboxVerticalPosition= -1 topActivityLetterboxHorizontalPosition= -1 topActivityLetterboxWidth=-1 topActivityLetterboxHeight=-1 topActivityAppBounds=Rect(0, 0 - 1080, 2400) isUserFullscreenOverrideEnabled=false isSystemFullscreenOverrideEnabled=false hasMinAspectRatioOverride=false topActivityLetterboxBounds=null cameraCompatTaskInfo=CameraCompatTaskInfo { freeformCameraCompatMode=inactive}} topActivityMainWindowFrame=null}, pipChange = null, remoteTransition = null, displayChange = null, flags = 0, debugId = 199 }
02-19 11:40:35.761   752   794 V WindowManager:     startWCT=WindowContainerTransaction { changes= {} hops= [] errorCallbackToken=null taskFragmentOrganizer=null }
02-19 11:40:35.761  4449  4463 V WindowManagerShell: onTransitionReady(transaction=3229815411962)
02-19 11:40:35.761   752   794 V WindowManager:     info={id=199 t=OPEN f=0x0 trk=0 r=[0@Point(0, 0)] c=[
02-19 11:40:35.761   752   794 V WindowManager:         {WCT{RemoteToken{a585dcd Task{7745c88 #46 type=standard A=10217:viva.republica.toss.test}}} m=TO_FRONT f=MOVE_TO_TOP leash=Surface(name=Task=46)/@0xe2d6cf7 sb=Rect(0, 0 - 1080, 2400) eb=Rect(0, 0 - 1080, 2400) epz=Point(1080, 2400) d=0 taskParent=-1},
02-19 11:40:35.761   752   794 V WindowManager:         {WCT{RemoteToken{5218fe8 Task{dd43522 #1 type=home}}} m=TO_BACK f=SHOW_WALLPAPER leash=Surface(name=Task=1)/@0x8ddbd2e sb=Rect(0, 0 - 1080, 2400) eb=Rect(0, 0 - 1080, 2400) epz=Point(1080, 2400) d=0 taskParent=-1},
02-19 11:40:35.761   752   794 V WindowManager:         {m=TO_BACK f=IS_WALLPAPER leash=Surface(name=WallpaperWindowToken{35e0c0f showWhenLocked=false})/@0x512f5be sb=Rect(0, 0 - 1080, 2400) eb=Rect(0, 0 - 1080, 2400) epz=Point(1080, 2400) d=0}
02-19 11:40:35.761   752   794 V WindowManager:     ]}
02-19 11:40:35.762  4449  4467 V WindowManagerShell: onTransitionReady (#199) android.os.BinderProxy@8f3479d: {id=199 t=OPEN f=0x0 trk=0 r=[0@Point(0, 0)] c=[
02-19 11:40:35.762  4449  4467 V WindowManagerShell:         {m=TO_FRONT f=MOVE_TO_TOP leash=Surface(name=Task=46)/@0x483cf5e sb=Rect(0, 0 - 1080, 2400) eb=Rect(0, 0 - 1080, 2400) epz=Point(1080, 2400) d=0 taskParent=-1},
02-19 11:40:35.762  4449  4467 V WindowManagerShell:         {m=TO_BACK f=SHOW_WALLPAPER leash=Surface(name=Task=1)/@0x6021f3f sb=Rect(0, 0 - 1080, 2400) eb=Rect(0, 0 - 1080, 2400) epz=Point(1080, 2400) d=0 taskParent=-1},
02-19 11:40:35.762  4449  4467 V WindowManagerShell:         {m=TO_BACK f=IS_WALLPAPER leash=Surface(name=WallpaperWindowToken{35e0c0f showWhenLocked=false})/@0xe26b00c sb=Rect(0, 0 - 1080, 2400) eb=Rect(0, 0 - 1080, 2400) epz=Point(1080, 2400) d=0}
02-19 11:40:35.762  4449  4467 V WindowManagerShell:     ]}
02-19 11:40:35.764  4449  4467 V WindowManagerShell: Playing animation for (#199) android.os.BinderProxy@8f3479d@0
02-19 11:40:35.764  4449  4467 V ShellRecents: RecentsTransitionHandler.startAnimation: no controller found
02-19 11:40:35.764  4449  4467 V WindowManagerShell: Transition doesn't have explicit remote, search filters for match for {id=199 t=OPEN f=0x0 trk=0 r=[0@Point(0, 0)] c=[{m=TO_FRONT f=MOVE_TO_TOP leash=Surface(name=Task=46)/@0x483cf5e sb=Rect(0, 0 - 1080, 2400) eb=Rect(0, 0 - 1080, 2400) epz=Point(1080, 2400) d=0 taskParent=-1},{m=TO_BACK f=SHOW_WALLPAPER leash=Surface(name=Task=1)/@0x6021f3f sb=Rect(0, 0 - 1080, 2400) eb=Rect(0, 0 - 1080, 2400) epz=Point(1080, 2400) d=0 taskParent=-1},{m=TO_BACK f=IS_WALLPAPER leash=Surface(name=WallpaperWindowToken{35e0c0f showWhenLocked=false})/@0xe26b00c sb=Rect(0, 0 - 1080, 2400) eb=Rect(0, 0 - 1080, 2400) epz=Point(1080, 2400) d=0}]}
02-19 11:40:35.764  4449  4467 V WindowManagerShell:  Checking filter Pair{{types=[] flags=0x0] notFlags=0x0 checks=[{atype=undefined independent=true modes=[CLOSE,TO_BACK] flags=IN_TASK_WITH_EMBEDDED_ACTIVITY mustBeTask=false order=ANY topActivity=null launchCookie=null taskFragmentToken=android.os.BinderProxy@188d51a windowingMode=undefined}]} RemoteTransition { remoteTransition = android.window.IRemoteTransition$Stub$Proxy@44cd84b, appThread = android.app.IApplicationThread$Stub$Proxy@3a12228, debugName = overlayBackTransition }}
02-19 11:40:35.764  4449  4467 V WindowManagerShell:  Checking filter Pair{{types=[] flags=0x0] notFlags=0x0 checks=[{atype=dream independent=true modes=[OPEN,TO_FRONT] flags=NONE mustBeTask=false order=ANY topActivity=null launchCookie=null windowingMode=undefined},{atype=home independent=true modes=[CLOSE,TO_BACK] flags=NONE mustBeTask=false order=ANY topActivity=null launchCookie=null windowingMode=undefined}]} RemoteTransition { remoteTransition = android.window.IRemoteTransition$Stub$Proxy@6f3eb41, appThread = android.app.IApplicationThread$Stub$Proxy@ccf28e6, debugName = LauncherToDream }}
