--------- beginning of main
02-19 19:53:13.577 22804 22804 D ApplicationLoaders: Returning zygote-cached class loader: /system_ext/framework/androidx.window.extensions.jar
02-19 19:53:13.581 22804 22804 I ocessService0:0: AssetManager2(0x7d8fac42ba18) locale list changing from [] to [en-US]
02-19 19:53:13.591 22804 22804 I LoadedApk: No resource references to update in package com.google.android.trichromelibrary
02-19 19:53:13.595 22804 22804 I cr_WebViewApkApp: version=133.0.6943.137 (694313738) minSdkVersion=29 isBundle=false processName=com.google.android.webview:sandboxed_process0:org.chromium.content.app.SandboxedProcessService0:0
--------- beginning of system
02-19 19:53:13.602   752  1095 D BackgroundInstallControlService: Package event received: 0
02-19 19:53:13.622 22804 22804 I cr_ChildProcessService: Creating new ChildProcessService pid=22804
02-19 19:53:29.586   531   568 W EventThread: Faking VSYNC due to driver stall for thread app
02-19 19:53:29.587   752   797 W BLASTSyncEngine: Sync group 829 timeout
02-19 19:53:29.587   752   797 I BLASTSyncEngine: Unfinished container: Task{c7f09c9 #87 type=standard A=10217:viva.republica.toss.test}
02-19 19:53:29.587   752   797 I BLASTSyncEngine: Unfinished container: ActivityRecord{148047312 u0 viva.republica.toss.test/.MiniAppSchemeActivity t87}
02-19 19:53:29.605   752   805 I ActivityManager: Extending process start timeout by 78ms for ProcessRecord{f2aaefc 22782:viva.republica.toss.test/u0a217}
02-19 19:53:29.616 19829 19915 I Finsky  : [60] Stats for Executor: BlockingExecutor uww@b356217[Running, pool size = 0, active threads = 0, queued tasks = 0, completed tasks = 29]
02-19 19:53:29.617 19829 19915 I Finsky  : [60] Stats for Executor: LightweightExecutor uww@e67f604[Running, pool size = 3, active threads = 0, queued tasks = 0, completed tasks = 790]
02-19 19:53:29.618 19829 19915 I Finsky  : [60] Stats for Executor: bgExecutor uww@a5127ed[Running, pool size = 4, active threads = 0, queued tasks = 0, completed tasks = 121]
02-19 19:53:29.618 27008 27008 I wpa_supplicant: wlan0: CTRL-EVENT-BEACON-LOSS 
02-19 19:53:29.621   752   806 W ActivityManager: Slow operation: 16144ms so far, now at startProcess: returned from zygote!
02-19 19:53:29.622 19336 19718 I bbax    : (REDACTED) getHotwordActive::active query: %s, watch: %s, devices connected: %s
02-19 19:53:29.624   752   752 W Looper  : Slow delivery took 9500ms main app=system_server main=true group=FOREGROUND h=com.android.server.pm.SnapshotStatistics$1 c=null m=0
02-19 19:53:29.627   752   969 D ActivityManager: freezing 4656 com.google.android.adservices.api
02-19 19:53:29.633   752   969 D ActivityManager: freezing 19829 com.android.vending
02-19 19:53:29.639   752   797 W ActivityTaskManager: Launch timeout has expired, giving up wake lock!
02-19 19:53:29.643  4449  4531 V WindowManagerShell: onTransitionReady(transaction=3229815430955)
02-19 19:53:29.644  4449  4467 V WindowManagerShell: onTransitionReady (#829) android.os.BinderProxy@3a6e071: {id=829 t=OPEN f=0x0 trk=0 r=[0@Point(0, 0)] c=[
02-19 19:53:29.644  4449  4467 V WindowManagerShell:         {m=OPEN f=TRANSLUCENT leash=Surface(name=Task=87)/@0xd3c4 sb=Rect(0, 0 - 1080, 2400) eb=Rect(0, 0 - 1080, 2400) epz=Point(1080, 2400) d=0 taskParent=-1}
02-19 19:53:29.644  4449  4467 V WindowManagerShell:     ]}
02-19 19:53:29.649   752  1029 D InetDiagMessage: Destroyed 0 sockets, proto=IPPROTO_TCP, family=AF_INET, states=14
02-19 19:53:29.650   752   752 W Looper  : Drained
02-19 19:53:29.651   752  1029 D InetDiagMessage: Destroyed 0 sockets, proto=IPPROTO_TCP, family=AF_INET6, states=14
02-19 19:53:29.652   752  1029 D InetDiagMessage: Destroyed live tcp sockets for uids={10205} in 4ms
02-19 19:53:29.654   752  1029 D InetDiagMessage: Destroyed 0 sockets, proto=IPPROTO_TCP, family=AF_INET, states=14
02-19 19:53:29.654   752   794 V WindowManager: Sent Transition (#829) createdAt=02-19 19:53:13.106 via request=TransitionRequestInfo { type = OPEN, triggerTask = TaskInfo{userId=0 taskId=87 effectiveUid=10217 displayId=0 isRunning=true baseIntent=Intent { act=android.intent.action.VIEW dat=intoss://takealook/... flg=0x10000000 pkg=viva.republica.toss.test cmp=viva.republica.toss.test/.MiniAppSchemeActivity } baseActivity=ComponentInfo{viva.republica.toss.test/viva.republica.toss.test.MiniAppSchemeActivity} topActivity=ComponentInfo{viva.republica.toss.test/viva.republica.toss.test.MiniAppSchemeActivity} origActivity=null realActivity=ComponentInfo{viva.republica.toss.test/viva.republica.toss.test.MiniAppSchemeActivity} numActivities=1 lastActiveTime=109866972 supportsMultiWindow=true resizeMode=1 isResizeable=true minWidth=-1 minHeight=-1 defaultMinSize=220 token=WCT{RemoteToken{1e7eda7 Task{c7f09c9 #87 type=standard A=10217:viva.republica.toss.test}}} topActivityType=1 pictureInPictureParams=null shouldDockBigOverlays=false launchIntoPipHostTaskId=-1 lastParentTaskIdBeforePip=-1 displayCutoutSafeInsets=Rect(0, 0 - 0, 0) topActivityInfo=ActivityInfo{534254 viva.republica.toss.test.MiniAppSchemeActivity} launchCookies=[] positionInParent=Point(0, 0) parentTaskId=-1 isFocused=false isVisible=false isVisibleRequested=false isTopActivityNoDisplay=false isSleeping=false locusId=null displayAreaFeatureId=1 isTopActivityTransparent=true isActivityStackTransparent=true lastNonFullscreenBounds=Rect(284, 660 - 796, 1740) capturedLink=null capturedLinkTimestamp=0 requestedVisibleTypes=-9 topActivityRequestOpenInBrowserEducationTimestamp=0 appCompatTaskInfo=AppCompatTaskInfo { topActivityInSizeCompat=false eligibleForLetterboxEducation= false isLetterboxEducationEnabled= true isLetterboxDoubleTapEnabled= false eligibleForUserAspectRatioButton= false topActivityBoundsLetterboxed= false isFromLetterboxDoubleTap= false topActivityLetterboxVerticalPosition= -1 topActivityLetterboxHorizontalPosition= -1 topActivityLetterboxWidth=-1 topActivityLetterboxHeight=-1 topActivityAppBounds=Rect(0, 0 - 1080, 2400) isUserFullscreenOverrideEnabled=false isSystemFullscreenOverrideEnabled=false hasMinAspectRatioOverride=false topActivityLetterboxBounds=null cameraCompatTaskInfo=CameraCompatTaskInfo { freeformCameraCompatMode=inactive}} topActivityMainWindowFrame=null}, pipChange = null, remoteTransition = null, displayChange = null, flags = 0, debugId = 829 }
02-19 19:53:29.645  4449  4467 V WindowManagerShell: Playing animation for (#829) android.os.BinderProxy@3a6e071@0
02-19 19:53:29.656   752   794 V WindowManager:     startWCT=WindowContainerTransaction { changes= {} hops= [] errorCallbackToken=null taskFragmentOrganizer=null }
02-19 19:53:29.656  4449  4467 V ShellRecents: RecentsTransitionHandler.startAnimation: no controller found
02-19 19:53:29.656  4449  4467 V WindowManagerShell: Transition doesn't have explicit remote, search filters for match for {id=829 t=OPEN f=0x0 trk=0 r=[0@Point(0, 0)] c=[{m=OPEN f=TRANSLUCENT leash=Surface(name=Task=87)/@0xd3c4 sb=Rect(0, 0 - 1080, 2400) eb=Rect(0, 0 - 1080, 2400) epz=Point(1080, 2400) d=0 taskParent=-1}]}
02-19 19:53:29.656   752   794 V WindowManager:     info={id=829 t=OPEN f=0x0 trk=0 r=[0@Point(0, 0)] c=[
02-19 19:53:29.656   752   794 V WindowManager:         {WCT{RemoteToken{1e7eda7 Task{c7f09c9 #87 type=standard A=10217:viva.republica.toss.test}}} m=OPEN f=TRANSLUCENT leash=Surface(name=Task=87)/@0x56ac38e sb=Rect(0, 0 - 1080, 2400) eb=Rect(0, 0 - 1080, 2400) epz=Point(1080, 2400) d=0 taskParent=-1}
02-19 19:53:29.656   752   794 V WindowManager:     ]}
02-19 19:53:29.657  4449  4467 V WindowManagerShell:  Checking filter Pair{{types=[] flags=0x0] notFlags=0x0 checks=[{atype=undefined independent=true modes=[CLOSE,TO_BACK] flags=IN_TASK_WITH_EMBEDDED_ACTIVITY mustBeTask=false order=ANY topActivity=null launchCookie=null taskFragmentToken=android.os.BinderProxy@71546f0 windowingMode=undefined}]} RemoteTransition { remoteTransition = android.window.IRemoteTransition$Stub$Proxy@d4c8469, appThread = android.app.IApplicationThread$Stub$Proxy@c228eee, debugName = overlayBackTransition }}
02-19 19:53:29.657   752  1029 D InetDiagMessage: Destroyed 0 sockets, proto=IPPROTO_TCP, family=AF_INET6, states=14
02-19 19:53:29.657  4449  4467 V WindowManagerShell:  Checking filter Pair{{types=[] flags=0x0] notFlags=0x0 checks=[{atype=dream independent=true modes=[OPEN,TO_FRONT] flags=NONE mustBeTask=false order=ANY topActivity=null launchCookie=null windowingMode=undefined},{atype=home independent=true modes=[CLOSE,TO_BACK] flags=NONE mustBeTask=false order=ANY topActivity=null launchCookie=null windowingMode=undefined}]} RemoteTransition { remoteTransition = android.window.IRemoteTransition$Stub$Proxy@c578f8f, appThread = android.app.IApplicationThread$Stub$Proxy@69fe21c, debugName = LauncherToDream }}
02-19 19:53:29.657  4449  4467 V WindowManagerShell:  Checking filter Pair{{types=[] flags=0x0] notFlags=0x100 checks=[{atype=home independent=true modes=[OPEN,TO_FRONT] flags=NONE mustBeTask=false order=TOP topActivity=ComponentInfo{com.google.android.apps.nexuslauncher/com.google.android.apps.nexuslauncher.NexusLauncherActivity} launchCookie=null windowingMode=undefined},{atype=standard independent=true modes=[CLOSE,TO_BACK] flags=NONE mustBeTask=false order=ANY topActivity=null launchCookie=null windowingMode=undefined},{NOT atype=undefined independent=true modes=[] flags=NONE mustBeTask=true order=ANY topActivity=null launchCookie=null customAnim=true windowingMode=undefined}]} RemoteTransition { remoteTransition = android.window.IRemoteTransition$Stub$Proxy@69ffe25, appThread = android.app.IApplicationThread$Stub$Proxy@72cabfa, debugName = QuickstepLaunchHome }}
02-19 19:53:29.657   752  1029 D InetDiagMessage: Destroyed live tcp sockets for uids={20205} in 6ms
02-19 19:53:29.657  4449  4467 V WindowManagerShell:  Checking filter Pair{{types=[] flags=0x0] notFlags=0x0 checks=[{atype=undefined independent=true modes=[CLOSE,TO_BACK] flags=IN_TASK_WITH_EMBEDDED_ACTIVITY mustBeTask=false order=ANY topActivity=null launchCookie=null taskFragmentToken=android.os.BinderProxy@71546f0 windowingMode=undefined}]} RemoteTransition { remoteTransition = android.window.IRemoteTransition$Stub$Proxy@7c795ab, appThread = android.app.IApplicationThread$Stub$Proxy@cd70408, debugName = overlayBackTransition }}
02-19 19:53:29.658  4449  4467 V WindowManagerShell:  Checking filter Pair{{types=[] flags=0x0] notFlags=0x0 checks=[{atype=dream independent=true modes=[OPEN,TO_FRONT] flags=NONE mustBeTask=false order=ANY topActivity=null launchCookie=null windowingMode=undefined},{atype=home independent=true modes=[CLOSE,TO_BACK] flags=NONE mustBeTask=false order=ANY topActivity=null launchCookie=null windowingMode=undefined}]} RemoteTransition { remoteTransition = android.window.IRemoteTransition$Stub$Proxy@f757a1, appThread = android.app.IApplicationThread$Stub$Proxy@d898dc6, debugName = LauncherToDream }}
02-19 19:53:29.658  4449  4467 V WindowManagerShell:  Checking filter Pair{{types=[] flags=0x0] notFlags=0x100 checks=[{atype=home independent=true modes=[OPEN,TO_FRONT] flags=NONE mustBeTask=false order=TOP topActivity=ComponentInfo{com.google.android.apps.nexuslauncher/com.google.android.apps.nexuslauncher.NexusLauncherActivity} launchCookie=null windowingMode=undefined},{atype=standard independent=true modes=[CLOSE,TO_BACK] flags=NONE mustBeTask=false order=ANY topActivity=null launchCookie=null windowingMode=undefined},{NOT atype=undefined independent=true modes=[] flags=NONE mustBeTask=true order=ANY topActivity=null launchCookie=null customAnim=true windowingMode=undefined}]} RemoteTransition { remoteTransition = android.window.IRemoteTransition$Stub$Proxy@9e7e187, appThread = android.app.IApplicationThread$Stub$Proxy@3dc58b4, debugName = QuickstepLaunchHome }}
02-19 19:53:29.658  4449  4467 V WindowManagerShell:  Delegate animation for (#829) to null
02-19 19:53:29.658  4449  4467 V WindowManagerShell: start default transition animation, info = {id=829 t=OPEN f=0x0 trk=0 r=[0@Point(0, 0)] c=[{m=OPEN f=TRANSLUCENT leash=Surface(name=Task=87)/@0xd3c4 sb=Rect(0, 0 - 1080, 2400) eb=Rect(0, 0 - 1080, 2400) epz=Point(1080, 2400) d=0 taskParent=-1}]}
02-19 19:53:29.659  4449  4467 V WindowManagerShell: loadAnimation: anim=android.view.animation.AnimationSet@e196830 animAttr=0x4 type=OPEN isEntrance=true
02-19 19:53:29.660  4449  4467 V WindowManagerShell:  animated by com.android.wm.shell.transition.DefaultTransitionHandler@f74d823
02-19 19:53:29.664 22782 22833 E chromium: [ERROR:simple_version_upgrade.cc(151)] Failed to write a new fake index.
02-19 19:53:29.666 22782 22832 E chromium: [ERROR:simple_version_upgrade.cc(151)] Failed to write a new fake index.
02-19 19:53:29.694   752  1029 D InetDiagMessage: Destroyed 0 sockets, proto=IPPROTO_TCP, family=AF_INET, states=14
02-19 19:53:29.696   752  1029 D InetDiagMessage: Destroyed 0 sockets, proto=IPPROTO_TCP, family=AF_INET6, states=14
02-19 19:53:29.696   752  1029 D InetDiagMessage: Destroyed live tcp sockets for uids={10205} in 5ms
02-19 19:53:29.722   752  1095 D BackgroundInstallControlService: Package event received: 0
02-19 19:53:29.725   752   780 D ActivityManager: sync unfroze 19378 com.google.android.webview:webview_service for 6
02-19 19:53:29.727   752   780 W IPCThreadState: Sending oneway calls to frozen process.
02-19 19:53:29.737   752  1095 D BackgroundInstallControlService: Package event received: 0
02-19 19:53:29.757   752 22843 D ActivityManager: created ANR temporary file:/data/anr/temp_anr_2155944462758882052.txt
02-19 19:53:29.758   752 22843 I ActivityManager: Collecting stacks for pid 22782 into temporary file temp_anr_2155944462758882052.txt
02-19 19:53:29.756   752   752 W AnrMainProcessD: type=1400 audit(0.0:470): avc:  denied  { read } for  name="transactions" dev="binder" ino=1048587 scontext=u:r:system_server:s0 tcontext=u:object_r:binderfs_logs_transactions:s0 tclass=file permissive=0
02-19 19:53:29.776   752 22843 E system_server: Could not open /dev/binderfs/binder_logs/transactions. Likely a permissions issue. errno: 2
02-19 19:53:29.776   752 22843 E android.os.Debug: Failed to get binder state info for pid: 22782 status: -2: No such file or directory
02-19 19:53:29.787   752  2305 D TelephonyManager: requestModemActivityInfo: Sending result to app: ModemActivityInfo{ mTimestamp=109883597 mSleepTimeMs=11466 mIdleTimeMs=3822 mActivityStatsTechSpecificInfo=[{mRat=UNKNOWN,mFrequencyRange=UNKNOWN,mTxTimeMs[]=[273, 819, 1638, 2184, 2457],mRxTimeMs=2457}]}
02-19 19:53:29.790   752 22843 I system_server: libdebuggerd_client: started dumping process 22782
02-19 19:53:29.791   752  1456 D ActivityManager: sync unfroze 4656 com.google.android.adservices.api for 6
02-19 19:53:29.811   752  1095 D BackgroundInstallControlService: Package event received: 0
02-19 19:53:29.811   752  1095 D BackgroundInstallControlService: Package event received: 0
02-19 19:53:29.824   752  1029 D InetDiagMessage: Destroyed 0 sockets, proto=IPPROTO_TCP, family=AF_INET, states=14
02-19 19:53:29.825   752  1029 D InetDiagMessage: Destroyed 0 sockets, proto=IPPROTO_TCP, family=AF_INET6, states=14
02-19 19:53:29.826   752  1029 D InetDiagMessage: Destroyed live tcp sockets for uids={10146} in 2ms
02-19 19:53:29.887   283   283 I tombstoned: registered intercept for pid 22782 and type kDebuggerdJavaBacktrace
02-19 19:53:29.889 22782 22783 I blica.toss.test: Thread[2,tid=22783,WaitingInMainSignalCatcherLoop,Thread*=0x7d8f4c4454b0,peer=0x2108020,"Signal Catcher"]: reacting to signal 3
02-19 19:53:29.889 22782 22783 I blica.toss.test: 
02-19 19:53:29.912  4656 22850 W adservices: Skip logging because Cobalt logger is null
02-19 19:53:29.941  4656 22851 W adservices: Skip logging because Cobalt is disabled.
02-19 19:53:29.942  4656 15179 E adservices.measurement: AttributionFallbackJobService is disabled, skip scheduling
02-19 19:53:29.948 22782 22854 D nativeloader: Load /data/app/~~NUQj-rdXzuicW-16SIRtKA==/viva.republica.toss.test-Si406wFvb_sqEA2GTBV6RQ==/lib/x86_64/libbugsnag-root-detection.so using class loader ns clns-9 (caller=/data/app/~~NUQj-rdXzuicW-16SIRtKA==/viva.republica.toss.test-Si406wFvb_sqEA2GTBV6RQ==/base.apk): ok
02-19 19:53:29.954  4656 15179 E adservices: Encryption key fetch job is disabled, skip scheduling.
02-19 19:53:29.979   752 22844 I ActivityManager: dumpStackTraces pids=null
02-19 19:53:29.980   752 22844 I ActivityManager: Dumping to /data/anr/anr_2026-02-19-19-53-29-979
02-19 19:53:29.986   752   780 D FileUtils: Rounded bytes from 2067259392 to 4000000000
02-19 19:53:30.015  4449  4467 V WindowManagerShell: Transition animation finished (aborted=false), notifying core (#829) android.os.BinderProxy@3a6e071@0
02-19 19:53:30.017   752   794 V WindowManager: Finish Transition (#829): created at 02-19 19:53:13.106 collect-started=0.279ms request-sent=19.305ms started=22.474ms ready=-1.0986695349E8ms sent=16531.748ms commit=30.497ms finished=16909.95ms
02-19 19:53:30.020  4449  4467 V WindowManagerShell: Track 0 became idle
02-19 19:53:30.021  4449  4467 V WindowManagerShell: All active transition animations finished
02-19 19:53:30.087 22782 22852 D nativeloader: Load /data/app/~~NUQj-rdXzuicW-16SIRtKA==/viva.republica.toss.test-Si406wFvb_sqEA2GTBV6RQ==/lib/x86_64/libbugsnag-ndk.so using class loader ns clns-9 (caller=<unknown>): ok
02-19 19:53:30.110   752   780 D FileUtils: Rounded bytes from 2067259392 to 4000000000
02-19 19:53:30.111 22782 22782 W BugsnagNDK: Initialization complete!
02-19 19:53:30.122 22782 22852 D nativeloader: Load /data/app/~~NUQj-rdXzuicW-16SIRtKA==/viva.republica.toss.test-Si406wFvb_sqEA2GTBV6RQ==/lib/x86_64/libbugsnag-plugin-android-anr.so using class loader ns clns-9 (caller=<unknown>): ok
02-19 19:53:30.128 22782 22782 W BugsnagANR: Failed to initialize Google ANR caller. ANRs won't be sent to Google.
02-19 19:53:30.146   752   780 D ConnectivityService: requestNetwork for uid/pid:10217/22782 activeRequest: null callbackRequest: 755 [NetworkRequest [ REQUEST id=756, [ Capabilities: INTERNET&NOT_RESTRICTED&TRUSTED&NOT_VCN_MANAGED&NOT_BANDWIDTH_CONSTRAINED Uid: 10217 RequestorUid: 10217 RequestorPkg: viva.republica.toss.test UnderlyingNetworks: Null] ]] callback flags: 0 order: 2147483647 isUidTracked: false declaredMethods: AVAIL|UNAVAIL
02-19 19:53:30.149   752  1023 D OemPaidWifiNetworkFactory: got request NetworkRequest [ REQUEST id=756, [ Capabilities: INTERNET&NOT_RESTRICTED&TRUSTED&NOT_VCN_MANAGED&NOT_BANDWIDTH_CONSTRAINED Uid: 10217 RequestorUid: 10217 RequestorPkg: viva.republica.toss.test UnderlyingNetworks: Null] ]
02-19 19:53:30.149   752  1023 D MultiInternetWifiNetworkFactory: got request NetworkRequest [ REQUEST id=756, [ Capabilities: INTERNET&NOT_RESTRICTED&TRUSTED&NOT_VCN_MANAGED&NOT_BANDWIDTH_CONSTRAINED Uid: 10217 RequestorUid: 10217 RequestorPkg: viva.republica.toss.test UnderlyingNetworks: Null] ]
02-19 19:53:30.149   752  1023 D WifiNetworkFactory: got request NetworkRequest [ REQUEST id=756, [ Capabilities: INTERNET&NOT_RESTRICTED&TRUSTED&NOT_VCN_MANAGED&NOT_BANDWIDTH_CONSTRAINED Uid: 10217 RequestorUid: 10217 RequestorPkg: viva.republica.toss.test UnderlyingNetworks: Null] ]
02-19 19:53:30.149   752  1023 D UntrustedWifiNetworkFactory: got request NetworkRequest [ REQUEST id=756, [ Capabilities: INTERNET&NOT_RESTRICTED&TRUSTED&NOT_VCN_MANAGED&NOT_BANDWIDTH_CONSTRAINED Uid: 10217 RequestorUid: 10217 RequestorPkg: viva.republica.toss.test UnderlyingNetworks: Null] ]
02-19 19:53:30.149   752  1029 D ConnectivityService: NetReassign [756 : null → 108] [c 0] [a 1] [i 1]
02-19 19:53:30.150 22782 22782 W System.err: SLF4J: No SLF4J providers were found.
02-19 19:53:30.150 22782 22782 W System.err: SLF4J: Defaulting to no-operation (NOP) logger implementation
02-19 19:53:30.150 22782 22782 W System.err: SLF4J: See https://www.slf4j.org/codes.html#noProviders for further details.
02-19 19:53:30.212   752   780 W OptProp : Cannot read opt property android.window.PROPERTY_COMPAT_ENABLE_FAKE_FOCUS
02-19 19:53:30.213   752   780 D CompatChangeReporter: Compat change id reported: 324203798; UID 10217; state: ENABLED
02-19 19:53:30.221   752   797 W ProcessStats: Tracking association SourceState{b726823 viva.republica.toss.test/10217 BTop #23441} whose proc state 2 is better than process ProcessState{753bac8 com.google.android.webview:webview_service/10168 pkg=com.google.android.webview} proc state 15 (9 skipped)
02-19 19:53:30.227   752  1095 D BackgroundInstallControlService: Package event received: 0
02-19 19:53:30.229   752  1095 D BackgroundInstallControlService: Package event received: 0
02-19 19:53:30.357 22782 22867 I CameraManagerGlobal: Connecting to camera service
02-19 19:53:30.369   615 17673 I AttributionAndPermissionUtils: checkPermission (forDataDelivery 0 startDataDelivery 0): Permission hard denied for client attribution [uid 10217, pid 22782, packageName "<unknown>"]
02-19 19:53:30.414 22782 22782 I Choreographer: Skipped 1023 frames!  The application may be doing too much work on its main thread.
02-19 19:53:30.493 22782 22782 I blica.toss.test: AssetManager2(0x7d8fac42d958) locale list changing from [] to [en-US]
02-19 19:53:30.536 22782 22786 W blica.toss.test: Suspending all threads took: 37.103ms
02-19 19:53:30.651 22782 22869 I EGL_emulation: Opening libGLESv1_CM_emulation.so
02-19 19:53:30.655 22782 22869 I EGL_emulation: Opening libGLESv2_emulation.so
02-19 19:53:30.789 22782 22786 I blica.toss.test: Background concurrent mark compact GC freed 5403KB AllocSpace bytes, 30(900KB) LOS objects, 49% free, 10MB/20MB, paused 44.572ms,67.548ms total 590.398ms
02-19 19:53:30.834   752  1856 E TaskPersister: File error accessing recents directory (directory doesn't exist?).
02-19 19:53:30.837 22782 22869 W HWUI    : Failed to choose config with EGL_SWAP_BEHAVIOR_PRESERVED, retrying without...
02-19 19:53:30.838 22782 22869 W HWUI    : Failed to initialize 101010-2 format, error = EGL_SUCCESS
02-19 19:53:30.850 22782 22782 I blica.toss.test: AssetManager2(0x7d8fac42d318) locale list changing from [] to [en-US]
02-19 19:53:31.057 22782 22782 I blica.toss.test: AssetManager2(0x7d8fac42f258) locale list changing from [] to [en-US]
02-19 19:53:31.071 22782 22782 D CompatChangeReporter: Compat change id reported: 309578419; UID 10217; state: ENABLED
02-19 19:53:31.209   283   283 I tombstoned: received crash request for pid 22782
02-19 19:53:31.209   283   283 I tombstoned: found intercept fd 512 for pid 22782 and type kDebuggerdJavaBacktrace
02-19 19:53:31.211 22782 22783 I blica.toss.test: Wrote stack traces to tombstoned
02-19 19:53:31.211   283   283 W tombstoned: skipping tombstone file creation due to intercept
02-19 19:53:31.211 22782 22782 D CompatChangeReporter: Compat change id reported: 352594277; UID 10217; state: ENABLED
02-19 19:53:31.222 22782 22782 D CompatChangeReporter: Compat change id reported: 349153669; UID 10217; state: ENABLED
02-19 19:53:31.226 22782 22782 W HWUI    : Unknown dataspace 0
02-19 19:53:31.321 19301 19301 D BoundBrokerSvc: onRebind: Intent { act=com.google.android.gms.common.telemetry.service.START dat=chimera-action:/... xflg=0x4 cmp=com.google.android.gms/.chimera.PersistentApiService }
02-19 19:53:31.349   752  1233 D CoreBackPreview: Window{ea90f8b u0 viva.republica.toss.test/viva.republica.toss.test.MiniAppSchemeActivity}: Setting back callback OnBackInvokedCallbackInfo{mCallback=android.window.IOnBackInvokedCallback$Stub$Proxy@7bd6314, mPriority=0, mIsAnimationCallback=false, mOverrideBehavior=0}
02-19 19:53:31.373   752 22843 I system_server: libdebuggerd_client: done dumping process 22782
02-19 19:53:31.413   752 22844 I ActivityManager: dumpStackTraces nativepids=null
02-19 19:53:31.413   752 22844 I ActivityManager: dumpStackTraces extraPids=null
02-19 19:53:31.414   752 22844 I ActivityManager: Done dumping
02-19 19:53:31.440   752   794 I ActivityTaskManager: Displayed viva.republica.toss.test/.MiniAppSchemeActivity for user 0: +18s329ms
02-19 19:53:31.460   752   797 W IPCThreadState: Sending oneway calls to frozen process.
02-19 19:53:31.463   752   797 W IPCThreadState: Sending oneway calls to frozen process.
02-19 19:53:31.463   752   797 W IPCThreadState: Sending oneway calls to frozen process.
02-19 19:53:31.467   752   797 W IPCThreadState: Sending oneway calls to frozen process.
02-19 19:53:31.468   752   797 W IPCThreadState: Sending oneway calls to frozen process.
02-19 19:53:31.469   752   797 W IPCThreadState: Sending oneway calls to frozen process.
02-19 19:53:31.470   752   797 W IPCThreadState: Sending oneway calls to frozen process.
02-19 19:53:31.471   752   797 W IPCThreadState: Sending oneway calls to frozen process.
02-19 19:53:31.471   752   797 W IPCThreadState: Sending oneway calls to frozen process.
02-19 19:53:31.491   752   989 I ImeTracker: viva.republica.toss.test:112836d2: onRequestHide at ORIGIN_SERVER reason HIDE_UNSPECIFIED_WINDOW fromUser false
02-19 19:53:31.494 22782 22782 D InsetsController: hide(ime(), fromIme=false)
02-19 19:53:31.495 22782 22782 I ImeTracker: viva.republica.toss.test:112836d2: onCancelled at PHASE_CLIENT_ALREADY_HIDDEN
02-19 19:53:31.498 20022 20022 I GoogleInputMethodService: GoogleInputMethodService.onFinishInput():2043 
02-19 19:53:31.501   752  1935 I ImeTracker: system_server:a19df9ae: onRequestHide at ORIGIN_SERVER reason IME_REQUESTED_CHANGED_LISTENER fromUser false
02-19 19:53:31.503 20022 20022 I Module  : DeviceLockedStatusModuleProvider$Module.updateDeviceLockedStatus():100 repeatCheckTimes = 0, locked = false
02-19 19:53:31.504   752 22844 E ActivityManager: ANR in viva.republica.toss.test
02-19 19:53:31.504   752 22844 E ActivityManager: PID: 22782
02-19 19:53:31.504   752 22844 E ActivityManager: Reason: Process ProcessRecord{f2aaefc 22782:viva.republica.toss.test/u0a217} failed to complete startup
02-19 19:53:31.504   752 22844 E ActivityManager: ErrorId: c12a3eb9-3655-489a-96b8-f2af524e8a33
02-19 19:53:31.504   752 22844 E ActivityManager: Frozen: false
02-19 19:53:31.504   752 22844 E ActivityManager: Load: 0.0 / 0.0 / 0.0
02-19 19:53:31.504   752 22844 E ActivityManager: ----- Output from /proc/pressure/memory -----
02-19 19:53:31.504   752 22844 E ActivityManager: some avg10=0.00 avg60=0.16 avg300=0.47 total=1030397081
02-19 19:53:31.504   752 22844 E ActivityManager: full avg10=0.00 avg60=0.05 avg300=0.23 total=744379528
02-19 19:53:31.504   752 22844 E ActivityManager: ----- End output from /proc/pressure/memory -----
02-19 19:53:31.504   752 22844 E ActivityManager: ----- Output from /proc/pressure/cpu -----
02-19 19:53:31.504   752 22844 E ActivityManager: some avg10=7.57 avg60=7.09 avg300=7.92 total=2857044252
02-19 19:53:31.504   752 22844 E ActivityManager: full avg10=0.00 avg60=0.00 avg300=0.00 total=0
02-19 19:53:31.504   752 22844 E ActivityManager: ----- End output from /proc/pressure/cpu -----
02-19 19:53:31.504   752 22844 E ActivityManager: ----- Output from /proc/pressure/io -----
02-19 19:53:31.504   752 22844 E ActivityManager: some avg10=0.49 avg60=1.63 avg300=3.01 total=3535514455
02-19 19:53:31.504   752 22844 E ActivityManager: full avg10=0.14 avg60=0.92 avg300=1.85 total=2323840993
02-19 19:53:31.504   752 22844 E ActivityManager: ----- End output from /proc/pressure/io -----
02-19 19:53:31.504   752 22844 E ActivityManager: 
02-19 19:53:31.504   752 22844 E ActivityManager: CPU usage from 81526ms to -5ms ago (2026-02-19 19:52:08.255 to 2026-02-19 19:53:29.785):
02-19 19:53:31.504   752 22844 E ActivityManager:   7% 752/system_server: 2.7% user + 4.3% kernel / faults: 10595 minor 24 major
02-19 19:53:31.504   752 22844 E ActivityManager:   2.9% 531/surfaceflinger: 0.4% user + 2.5% kernel / faults: 27 minor 1 major
02-19 19:53:31.504   752 22844 E ActivityManager:   1.7% 537/adbd: 0% user + 1.7% kernel / faults: 4637 minor
02-19 19:53:31.504   752 22844 E ActivityManager:   1.4% 4449/com.android.systemui: 0.1% user + 1.2% kernel / faults: 303 minor 5 major
02-19 19:53:31.504   752 22844 E ActivityManager:   1% 19166/com.google.android.apps.nexuslauncher: 0.1% user + 0.8% kernel / faults: 305 minor 1 major
02-19 19:53:31.504   752 22844 E ActivityManager:   0.9% 488/android.hardware.graphics.composer3-service.ranchu: 0% user + 0.8% kernel
02-19 19:53:31.504   752 22844 E ActivityManager:   0.7% 22474/kworker/u8:2+flush-254:55: 0% user + 0.7% kernel
02-19 19:53:31.504   752 22844 E ActivityManager:   0.5% 15/ksoftirqd/0: 0% user + 0.5% kernel
02-19 19:53:31.504   752 22844 E ActivityManager:   0.5% 479/android.hardware.sensors-service.multihal: 0% user + 0.5% kernel
02-19 19:53:31.504   752 22844 E ActivityManager:   0.4% 37/migration/3: 0% user + 0.4% kernel
02-19 19:53:31.504   752 22844 E ActivityManager: 2% TOTAL: 0.3% user + 1.4% kernel + 0.2% iowait + 0% softirq
02-19 19:53:31.504   752 22844 E ActivityManager: CPU usage from 109883627ms to 109883627ms ago (1970-01-01 09:00:00.000 to 1970-01-01 09:00:00.000) with 0% awake:
02-19 19:53:31.504   752 22844 E ActivityManager: 0% TOTAL: 0% user + 0% kernel
02-19 19:53:31.506 20022 20022 I GoogleInputMethodService: GoogleInputMethodService.onStartInput():1293 onStartInput(EditorInfo{EditorInfo{packageName=viva.republica.toss.test, inputType=0, inputTypeString=NULL, enableLearning=false, autoCorrection=false, autoComplete=false, imeOptions=0, privateImeOptions=null, actionName=UNSPECIFIED, actionLabel=null, initialSelStart=-1, initialSelEnd=-1, initialCapsMode=0, label=null, fieldId=0, fieldName=null, extras=null, hintText=null, hintLocales=[]}}, false)
02-19 19:53:31.507 20022 20022 I EmojiCompatManager: EmojiCompatManager.getEmojiCompatIfLoaded():343 EmojiCompat.init() was never called.
02-19 19:53:31.507 20022 20022 I EmojiCompatManager: java.lang.IllegalStateException: EmojiCompat is not initialized. Please call EmojiCompat.init() first
02-19 19:53:31.507 20022 20022 I EmojiCompatManager: 	at asx.p(PG:6)
02-19 19:53:31.507 20022 20022 I EmojiCompatManager: 	at axb.b(PG:13)
02-19 19:53:31.507 20022 20022 I EmojiCompatManager: 	at jnr.b(PG:2)
02-19 19:53:31.507 20022 20022 I EmojiCompatManager: 	at jnr.c(PG:4)
02-19 19:53:31.507 20022 20022 I EmojiCompatManager: 	at jnr.f(PG:3)
02-19 19:53:31.507 20022 20022 I EmojiCompatManager: 	at jnx.c(PG:3)
02-19 19:53:31.507 20022 20022 I EmojiCompatManager: 	at kif.cz(PG:47)
02-19 19:53:31.507 20022 20022 I EmojiCompatManager: 	at lhl.run(PG:1025)
02-19 19:53:31.507 20022 20022 I EmojiCompatManager: 	at jaf.execute(PG:12)
02-19 19:53:31.507 20022 20022 I EmojiCompatManager: 	at nco.v(PG:13)
02-19 19:53:31.507 20022 20022 I EmojiCompatManager: 	at lhn.m(PG:96)
02-19 19:53:31.507 20022 20022 I EmojiCompatManager: 	at lhn.k(PG:25)
02-19 19:53:31.507 20022 20022 I EmojiCompatManager: 	at kgn.onStartInput(PG:250)
02-19 19:53:31.507 20022 20022 I EmojiCompatManager: 	at android.inputmethodservice.InputMethodService.doStartInput(InputMethodService.java:3521)
02-19 19:53:31.507 20022 20022 I EmojiCompatManager: 	at android.inputmethodservice.InputMethodService$InputMethodImpl.startInput(InputMethodService.java:879)
02-19 19:53:31.507 20022 20022 I EmojiCompatManager: 	at android.inputmethodservice.InputMethodService$InputMethodImpl.dispatchStartInput(InputMethodService.java:908)
02-19 19:53:31.507 20022 20022 I EmojiCompatManager: 	at android.inputmethodservice.IInputMethodWrapper.executeMessage(IInputMethodWrapper.java:201)
02-19 19:53:31.507 20022 20022 I EmojiCompatManager: 	at com.android.internal.os.HandlerCaller$MyHandler.handleMessage(HandlerCaller.java:44)
02-19 19:53:31.507 20022 20022 I EmojiCompatManager: 	at android.os.Handler.dispatchMessage(Handler.java:110)
02-19 19:53:31.507 20022 20022 I EmojiCompatManager: 	at android.os.Looper.loopOnce(Looper.java:248)
02-19 19:53:31.507 20022 20022 I EmojiCompatManager: 	at android.os.Looper.loop(Looper.java:338)
02-19 19:53:31.507 20022 20022 I EmojiCompatManager: 	at android.app.ActivityThread.main(ActivityThread.java:9067)
02-19 19:53:31.507 20022 20022 I EmojiCompatManager: 	at java.lang.reflect.Method.invoke(Native Method)
02-19 19:53:31.507 20022 20022 I EmojiCompatManager: 	at com.android.internal.os.RuntimeInit$MethodAndArgsCaller.run(RuntimeInit.java:593)
02-19 19:53:31.507 20022 20022 I EmojiCompatManager: 	at com.android.internal.os.ZygoteInit.main(ZygoteInit.java:932)
02-19 19:53:31.511   752   797 I ImeTracker: system_server:a19df9ae: onCancelled at PHASE_SERVER_SHOULD_HIDE
02-19 19:53:31.515 20022 20022 I Module  : DeviceLockedStatusModuleProvider$Module.updateDeviceLockedStatus():100 repeatCheckTimes = 1, locked = false
02-19 19:53:31.518   752  1935 W PackageConfigPersister: App-specific configuration not found for packageName: viva.republica.toss.test and userId: 0
02-19 19:53:31.603   752  1935 D CompatChangeReporter: Compat change id reported: 151861875; UID 10217; state: ENABLED
02-19 19:53:31.603   752  1935 V GrammaticalInflectionUtils: AttributionSource: android.content.AttributionSource@56784557 does not have READ_SYSTEM_GRAMMATICAL_GENDER permission.
02-19 19:53:31.604   752  1935 W OptProp : Cannot read opt property android.window.PROPERTY_COMPAT_ALLOW_USER_ASPECT_RATIO_OVERRIDE
02-19 19:53:31.604   752  1935 W OptProp : Cannot read opt property android.window.PROPERTY_COMPAT_ALLOW_USER_ASPECT_RATIO_FULLSCREEN_OVERRIDE
02-19 19:53:31.604   752  1935 W OptProp : Cannot read opt property android.window.PROPERTY_COMPAT_ALLOW_RESIZEABLE_ACTIVITY_OVERRIDES
02-19 19:53:31.604   752  1935 W OptProp : Cannot read opt property android.window.PROPERTY_COMPAT_ALLOW_MIN_ASPECT_RATIO_OVERRIDE
02-19 19:53:31.606   752  1935 W OptProp : Cannot read opt property android.window.PROPERTY_COMPAT_ALLOW_ORIENTATION_OVERRIDE
02-19 19:53:31.613   531   602 I BpBinder: onLastStrongRef automatically unlinking death recipients: 
02-19 19:53:31.620   752  1935 I ActivityTaskManager: START u0 {act=android.intent.action.VIEW dat=intoss://takealook/... xflg=0x4 cmp=viva.republica.toss.test/im.toss.rn.granite.core.GraniteActivity (has extras)} with LAUNCH_MULTIPLE from uid 10217 (sr=148047312) (BAL_ALLOW_VISIBLE_WINDOW) result code=0
02-19 19:53:31.620  4449  4467 V WindowManagerShell: Transition requested (#830): android.os.BinderProxy@6ee11cf TransitionRequestInfo { type = OPEN, triggerTask = TaskInfo{userId=0 taskId=87 effectiveUid=10217 displayId=0 isRunning=true baseIntent=Intent { act=android.intent.action.VIEW dat=intoss://takealook/... flg=0x10000000 pkg=viva.republica.toss.test cmp=viva.republica.toss.test/.MiniAppSchemeActivity } baseActivity=ComponentInfo{viva.republica.toss.test/viva.republica.toss.test.MiniAppSchemeActivity} topActivity=ComponentInfo{viva.republica.toss.test/im.toss.rn.granite.core.GraniteActivity} origActivity=null realActivity=ComponentInfo{viva.republica.toss.test/viva.republica.toss.test.MiniAppSchemeActivity} numActivities=2 lastActiveTime=109885459 supportsMultiWindow=true resizeMode=1 isResizeable=true minWidth=-1 minHeight=-1 defaultMinSize=220 token=WCT{android.window.IWindowContainerToken$Stub$Proxy@1e4d75c} topActivityType=1 pictureInPictureParams=null shouldDockBigOverlays=false launchIntoPipHostTaskId=-1 lastParentTaskIdBeforePip=-1 displayCutoutSafeInsets=Rect(0, 0 - 0, 0) topActivityInfo=ActivityInfo{535ea65 im.toss.rn.granite.core.GraniteActivity} launchCookies=[] positionInParent=Point(0, 0) parentTaskId=-1 isFocused=true isVisible=true isVisibleRequested=true isTopActivityNoDisplay=false isSleeping=false locusId=null displayAreaFeatureId=1 isTopActivityTransparent=false isActivityStackTransparent=false lastNonFullscreenBounds=Rect(284, 660 - 796, 1740) capturedLink=null capturedLinkTimestamp=0 requestedVisibleTypes=-9 topActivityRequestOpenInBrowserEducationTimestamp=0 appCompatTaskInfo=AppCompatTaskInfo { topActivityInSizeCompat=false eligibleForLetterboxEducation= false isLetterboxEducationEnabled= true isLetterboxDoubleTapEnabled= false eligibleForUserAspectRatioButton= false topActivityBoundsLetterboxed= false isFromLetterboxDoubleTap= false topActivityLetterboxVerticalPosition= -1 topActivityLetterboxHorizontalPosition= -1 topActivityLetterboxWidth=-1 topActivityLetterboxHeight=-1 topActivityAppBounds=Rect(0, 0 - 1080, 2400) isUserFullscreenOverrideEnabled=false isSystemFullscreenOverrideEnabled=false hasMinAspectRatioOverride=false topActivityLetterboxBounds=null cameraCompatTaskInfo=CameraCompatTaskInfo { freeformCameraCompatMode=inactive}} topActivityMainWindowFrame=null}, pipChange = null, remoteTransition = null, displayChange = null, flags = 0, debugId = 830 }
02-19 19:53:31.620  4449  4467 D ShellSplitScreen: logExit: no-op, mLoggerSessionId is null
02-19 19:53:31.635   531   531 I BpBinder: onLastStrongRef automatically unlinking death recipients: 
02-19 19:53:31.647   752  1095 D BackgroundInstallControlService: Package event received: 0
02-19 19:53:31.651   752 22894 I DropBoxManagerService: add tag=data_app_anr isTagEnabled=true flags=0x6
02-19 19:53:31.657   752   780 W OptProp : Cannot read opt property android.window.PROPERTY_COMPAT_ENABLE_FAKE_FOCUS
02-19 19:53:31.736   752 22844 D ActivityManager: Completed ANR of viva.republica.toss.test in 1946ms, latency 34ms
02-19 19:53:31.742   752  1095 D BackgroundInstallControlService: Package event received: 0
02-19 19:53:31.743   752  1095 D BackgroundInstallControlService: Package event received: 0
02-19 19:53:31.939 22782 22782 V SoLoader: Init System Loader delegate
02-19 19:53:31.969 19301 19312 I FontLog : (REDACTED) Received query %s, URI %s
02-19 19:53:31.969 19301 19312 I FontLog : (REDACTED) Query [%s] resolved to %s
02-19 19:53:31.970   752   795 W Looper  : Slow dispatch took 239ms android.ui app=system_server main=false group=TOP_APP h=com.android.server.am.ActivityManagerService$UiHandler c=null m=2
02-19 19:53:31.974 19301 19312 I FontLog : (REDACTED) Fetch %s end status %s
02-19 19:53:31.978 19301 20014 I FontLog : (REDACTED) Pulling font file for id = %d, cache size = %d
02-19 19:53:31.994 19301 20014 I FontLog : (REDACTED) Pulling font file for id = %d, cache size = %d
02-19 19:53:32.123 22782 22914 W unknown:ReconnectingWebSocket: Couldn't connect to "ws://10.0.2.2:8081/message?device=sdk_gphone64_x86_64%20-%2016%20-%20API%2036&app=viva.republica.toss.test&clientid=BridgeDevSupportManager", will silently retry
02-19 19:53:32.132 22782 22915 W unknown:InspectorPackagerConnection: Couldn't connect to packager, will silently retry
02-19 19:53:32.221   752   795 W Looper  : Slow dispatch took 249ms android.ui app=system_server main=false group=TOP_APP h=com.android.server.am.ActivityManagerService$UiHandler c=com.android.server.am.ErrorDialogController$$ExternalSyntheticLambda4@18421be m=0
02-19 19:53:32.222   752   795 W Looper  : Slow delivery took 256ms android.ui app=system_server main=false group=TOP_APP h=com.android.server.am.ActivityManagerService$UiHandler c=com.android.server.am.UidObserverController$$ExternalSyntheticLambda0@6a2cd6d m=0
02-19 19:53:32.227   752   795 D CoreBackPreview: Window{47b7be6 u0 Application Not Responding: viva.republica.toss.test}: Setting back callback OnBackInvokedCallbackInfo{mCallback=android.window.WindowOnBackInvokedDispatcher$OnBackInvokedCallbackWrapper@596396c, mPriority=-1, mIsAnimationCallback=false, mOverrideBehavior=0}
02-19 19:53:32.473   752   795 W Looper  : Slow dispatch took 247ms android.ui app=system_server main=false group=TOP_APP h=android.view.Choreographer$FrameHandler c=android.view.Choreographer$FrameDisplayEventReceiver@871751d m=0
02-19 19:53:32.559   752   795 W Looper  : Drained
02-19 19:53:32.907   752  1935 D CoreBackPreview: Window{cd5747 u0 viva.republica.toss.test/im.toss.rn.granite.core.GraniteActivity}: Setting back callback OnBackInvokedCallbackInfo{mCallback=android.window.IOnBackInvokedCallback$Stub$Proxy@854c815, mPriority=0, mIsAnimationCallback=false, mOverrideBehavior=0}
02-19 19:53:32.912 22782 22782 W unknown:ReactRootView: Unable to update root layout specs for uninitialized ReactInstanceManager
02-19 19:53:32.979  4449  4488 V WindowManagerShell: onTransitionReady(transaction=3229815431037)
02-19 19:53:32.987   752   794 I ActivityTaskManager: Displayed viva.republica.toss.test/im.toss.rn.granite.core.GraniteActivity for user 0: +1s367ms
02-19 19:53:32.988   752   794 V WindowManager: Sent Transition (#830) createdAt=02-19 19:53:31.605 via request=TransitionRequestInfo { type = OPEN, triggerTask = TaskInfo{userId=0 taskId=87 effectiveUid=10217 displayId=0 isRunning=true baseIntent=Intent { act=android.intent.action.VIEW dat=intoss://takealook/... flg=0x10000000 pkg=viva.republica.toss.test cmp=viva.republica.toss.test/.MiniAppSchemeActivity } baseActivity=ComponentInfo{viva.republica.toss.test/viva.republica.toss.test.MiniAppSchemeActivity} topActivity=ComponentInfo{viva.republica.toss.test/im.toss.rn.granite.core.GraniteActivity} origActivity=null realActivity=ComponentInfo{viva.republica.toss.test/viva.republica.toss.test.MiniAppSchemeActivity} numActivities=2 lastActiveTime=109885459 supportsMultiWindow=true resizeMode=1 isResizeable=true minWidth=-1 minHeight=-1 defaultMinSize=220 token=WCT{RemoteToken{1e7eda7 Task{c7f09c9 #87 type=standard A=10217:viva.republica.toss.test}}} topActivityType=1 pictureInPictureParams=null shouldDockBigOverlays=false launchIntoPipHostTaskId=-1 lastParentTaskIdBeforePip=-1 displayCutoutSafeInsets=Rect(0, 0 - 0, 0) topActivityInfo=ActivityInfo{9c6d091 im.toss.rn.granite.core.GraniteActivity} launchCookies=[] positionInParent=Point(0, 0) parentTaskId=-1 isFocused=true isVisible=true isVisibleRequested=true isTopActivityNoDisplay=false isSleeping=false locusId=null displayAreaFeatureId=1 isTopActivityTransparent=false isActivityStackTransparent=false lastNonFullscreenBounds=Rect(284, 660 - 796, 1740) capturedLink=null capturedLinkTimestamp=0 requestedVisibleTypes=-9 topActivityRequestOpenInBrowserEducationTimestamp=0 appCompatTaskInfo=AppCompatTaskInfo { topActivityInSizeCompat=false eligibleForLetterboxEducation= false isLetterboxEducationEnabled= true isLetterboxDoubleTapEnabled= false eligibleForUserAspectRatioButton= false topActivityBoundsLetterboxed= false isFromLetterboxDoubleTap= false topActivityLetterboxVerticalPosition= -1 topActivityLetterboxHorizontalPosition= -1 topActivityLetterboxWidth=-1 topActivityLetterboxHeight=-1 topActivityAppBounds=Rect(0, 0 - 1080, 2400) isUserFullscreenOverrideEnabled=false isSystemFullscreenOverrideEnabled=false hasMinAspectRatioOverride=false topActivityLetterboxBounds=null cameraCompatTaskInfo=CameraCompatTaskInfo { freeformCameraCompatMode=inactive}} topActivityMainWindowFrame=null}, pipChange = null, remoteTransition = null, displayChange = null, flags = 0, debugId = 830 }
02-19 19:53:32.988   752   794 V WindowManager:     startWCT=WindowContainerTransaction { changes= {} hops= [] errorCallbackToken=null taskFragmentOrganizer=null }
02-19 19:53:32.988   752   794 V WindowManager:     info={id=830 t=OPEN f=0x0 trk=0 r=[0@Point(0, 0)] c=[
02-19 19:53:32.988   752   794 V WindowManager:         {m=OPEN f=FILLS_TASK leash=Surface(name=ActivityRecord{198441826 u0 viva.republica.toss.test/im.toss.rn.granite.core.GraniteActivity)/@0x648c91b sb=Rect(0, 0 - 0, 0) eb=Rect(0, 0 - 1080, 2400) epz=Point(1080, 2400) d=-1->0 r=-1->0:-1 bc=ffffffff component=viva.republica.toss.test/im.toss.rn.granite.core.GraniteActivity},
02-19 19:53:32.988   752   794 V WindowManager:         {m=CLOSE f=TRANSLUCENT|FILLS_TASK leash=Surface(name=ActivityRecord{148047312 u0 viva.republica.toss.test/.MiniAppSchemeActivity)/@0x64dc72a sb=Rect(0, 0 - 1080, 2400) eb=Rect(0, 0 - 1080, 2400) epz=Point(1080, 2400) d=0 bc=ffffffff component=viva.republica.toss.test/.MiniAppSchemeActivity},
02-19 19:53:32.988   752   794 V WindowManager:         {WCT{RemoteToken{5218fe8 Task{dd43522 #1 type=home}}} m=TO_BACK f=SHOW_WALLPAPER leash=Surface(name=Task=1)/@0x8ddbd2e sb=Rect(0, 0 - 1080, 2400) eb=Rect(0, 0 - 1080, 2400) epz=Point(1080, 2400) d=0 taskParent=-1},
02-19 19:53:32.988   752   794 V WindowManager:         {m=TO_BACK f=IS_WALLPAPER leash=Surface(name=WallpaperWindowToken{35e0c0f showWhenLocked=false})/@0x512f5be sb=Rect(0, 0 - 1080, 2400) eb=Rect(0, 0 - 1080, 2400) epz=Point(1080, 2400) d=0}
02-19 19:53:32.988   752   794 V WindowManager:     ]}
02-19 19:53:32.995  4449  4467 V WindowManagerShell: onTransitionReady (#830) android.os.BinderProxy@6ee11cf: {id=830 t=OPEN f=0x0 trk=0 r=[0@Point(0, 0)] c=[
02-19 19:53:32.995  4449  4467 V WindowManagerShell:         {m=OPEN f=FILLS_TASK leash=Surface(name=ActivityRecord{198441826 u0 viva.republica.toss.test/im.toss.rn.granite.core.GraniteActivity)/@0x47dc33a sb=Rect(0, 0 - 0, 0) eb=Rect(0, 0 - 1080, 2400) epz=Point(1080, 2400) d=-1->0 r=-1->0:-1 bc=ffffffff component=viva.republica.toss.test/im.toss.rn.granite.core.GraniteActivity},
02-19 19:53:32.995  4449  4467 V WindowManagerShell:         {m=CLOSE f=TRANSLUCENT|FILLS_TASK leash=Surface(name=ActivityRecord{148047312 u0 viva.republica.toss.test/.MiniAppSchemeActivity)/@0x3e3fbeb sb=Rect(0, 0 - 1080, 2400) eb=Rect(0, 0 - 1080, 2400) epz=Point(1080, 2400) d=0 bc=ffffffff component=viva.republica.toss.test/.MiniAppSchemeActivity},
02-19 19:53:32.995  4449  4467 V WindowManagerShell:         {m=TO_BACK f=SHOW_WALLPAPER leash=Surface(name=Task=1)/@0x1960d48 sb=Rect(0, 0 - 1080, 2400) eb=Rect(0, 0 - 1080, 2400) epz=Point(1080, 2400) d=0 taskParent=-1},
02-19 19:53:32.995  4449  4467 V WindowManagerShell:         {m=TO_BACK f=IS_WALLPAPER leash=Surface(name=WallpaperWindowToken{35e0c0f showWhenLocked=false})/@0x29fc7e1 sb=Rect(0, 0 - 1080, 2400) eb=Rect(0, 0 - 1080, 2400) epz=Point(1080, 2400) d=0}
02-19 19:53:32.995  4449  4467 V WindowManagerShell:     ]}
02-19 19:53:32.998  4449  4467 V WindowManagerShell: Playing animation for (#830) android.os.BinderProxy@6ee11cf@0
02-19 19:53:32.999  4449  4467 V ShellRecents: RecentsTransitionHandler.startAnimation: no controller found
02-19 19:53:32.999  4449  4467 V WindowManagerShell: Transition doesn't have explicit remote, search filters for match for {id=830 t=OPEN f=0x0 trk=0 r=[0@Point(0, 0)] c=[{m=OPEN f=FILLS_TASK leash=Surface(name=ActivityRecord{198441826 u0 viva.republica.toss.test/im.toss.rn.granite.core.GraniteActivity)/@0x47dc33a sb=Rect(0, 0 - 0, 0) eb=Rect(0, 0 - 1080, 2400) epz=Point(1080, 2400) d=-1->0 r=-1->0:-1 bc=ffffffff component=viva.republica.toss.test/im.toss.rn.granite.core.GraniteActivity},{m=CLOSE f=TRANSLUCENT|FILLS_TASK leash=Surface(name=ActivityRecord{148047312 u0 viva.republica.toss.test/.MiniAppSchemeActivity)/@0x3e3fbeb sb=Rect(0, 0 - 1080, 2400) eb=Rect(0, 0 - 1080, 2400) epz=Point(1080, 2400) d=0 bc=ffffffff component=viva.republica.toss.test/.MiniAppSchemeActivity},{m=TO_BACK f=SHOW_WALLPAPER leash=Surface(name=Task=1)/@0x1960d48 sb=Rect(0, 0 - 1080, 2400) eb=Rect(0, 0 - 1080, 2400) epz=Point(1080, 2400) d=0 taskParent=-1},{m=TO_BACK f=IS_WALLPAPER leash=Surface(name=WallpaperWindowToken{35e0c0f showWhenLocked=false})/@0x29fc7e1 sb=Rect(0, 0 - 1080, 2400) eb=Rect(0, 0 - 1080, 2400) epz=Point(1080, 2400) d=0}]}
02-19 19:53:32.999  4449  4467 V WindowManagerShell:  Checking filter Pair{{types=[] flags=0x0] notFlags=0x0 checks=[{atype=undefined independent=true modes=[CLOSE,TO_BACK] flags=IN_TASK_WITH_EMBEDDED_ACTIVITY mustBeTask=false order=ANY topActivity=null launchCookie=null taskFragmentToken=android.os.BinderProxy@71546f0 windowingMode=undefined}]} RemoteTransition { remoteTransition = android.window.IRemoteTransition$Stub$Proxy@d4c8469, appThread = android.app.IApplicationThread$Stub$Proxy@c228eee, debugName = overlayBackTransition }}
02-19 19:53:33.000  4449  4467 V WindowManagerShell:  Checking filter Pair{{types=[] flags=0x0] notFlags=0x0 checks=[{atype=dream independent=true modes=[OPEN,TO_FRONT] flags=NONE mustBeTask=false order=ANY topActivity=null launchCookie=null windowingMode=undefined},{atype=home independent=true modes=[CLOSE,TO_BACK] flags=NONE mustBeTask=false order=ANY topActivity=null launchCookie=null windowingMode=undefined}]} RemoteTransition { remoteTransition = android.window.IRemoteTransition$Stub$Proxy@c578f8f, appThread = android.app.IApplicationThread$Stub$Proxy@69fe21c, debugName = LauncherToDream }}
02-19 19:53:33.000  4449  4467 V WindowManagerShell:  Checking filter Pair{{types=[] flags=0x0] notFlags=0x100 checks=[{atype=home independent=true modes=[OPEN,TO_FRONT] flags=NONE mustBeTask=false order=TOP topActivity=ComponentInfo{com.google.android.apps.nexuslauncher/com.google.android.apps.nexuslauncher.NexusLauncherActivity} launchCookie=null windowingMode=undefined},{atype=standard independent=true modes=[CLOSE,TO_BACK] flags=NONE mustBeTask=false order=ANY topActivity=null launchCookie=null windowingMode=undefined},{NOT atype=undefined independent=true modes=[] flags=NONE mustBeTask=true order=ANY topActivity=null launchCookie=null customAnim=true windowingMode=undefined}]} RemoteTransition { remoteTransition = android.window.IRemoteTransition$Stub$Proxy@69ffe25, appThread = android.app.IApplicationThread$Stub$Proxy@72cabfa, debugName = QuickstepLaunchHome }}
02-19 19:53:33.001  4449  4467 V WindowManagerShell:  Checking filter Pair{{types=[] flags=0x0] notFlags=0x0 checks=[{atype=undefined independent=true modes=[CLOSE,TO_BACK] flags=IN_TASK_WITH_EMBEDDED_ACTIVITY mustBeTask=false order=ANY topActivity=null launchCookie=null taskFragmentToken=android.os.BinderProxy@71546f0 windowingMode=undefined}]} RemoteTransition { remoteTransition = android.window.IRemoteTransition$Stub$Proxy@7c795ab, appThread = android.app.IApplicationThread$Stub$Proxy@cd70408, debugName = overlayBackTransition }}
02-19 19:53:33.001 22782 22782 I Choreographer: Skipped 51 frames!  The application may be doing too much work on its main thread.
