--------- beginning of main
02-19 18:35:14.152 14299 14371 I artd    : GetBestInfo: odex next to the dex file (/data/app/~~O-UZzK0jUU9NLgS3MODOZA==/com.google.android.gms-YQ2L6GsYyKuvu9MvIBK1EQ==/oat/x86_64/split_CronetDynamite_installtime.odex) is kOatUpToDate with filter 'speed' executable 'false'
02-19 18:35:14.157 14299 14371 I artd    : GetBestInfo: odex next to the dex file (/data/app/~~O-UZzK0jUU9NLgS3MODOZA==/com.google.android.gms-YQ2L6GsYyKuvu9MvIBK1EQ==/oat/x86_64/split_DynamiteLoader_installtime.odex) is kOatUpToDate with filter 'speed' executable 'false'
02-19 18:35:14.163 14299 14371 I artd    : GetBestInfo: odex next to the dex file (/data/app/~~O-UZzK0jUU9NLgS3MODOZA==/com.google.android.gms-YQ2L6GsYyKuvu9MvIBK1EQ==/oat/x86_64/split_DynamiteModulesA_installtime.odex) is kOatUpToDate with filter 'speed' executable 'false'
02-19 18:35:14.169 14299 14371 I artd    : GetBestInfo: odex next to the dex file (/data/app/~~O-UZzK0jUU9NLgS3MODOZA==/com.google.android.gms-YQ2L6GsYyKuvu9MvIBK1EQ==/oat/x86_64/split_DynamiteModulesC_installtime.odex) is kOatUpToDate with filter 'speed' executable 'false'
02-19 18:35:14.174 14299 14371 I artd    : GetBestInfo: odex next to the dex file (/data/app/~~O-UZzK0jUU9NLgS3MODOZA==/com.google.android.gms-YQ2L6GsYyKuvu9MvIBK1EQ==/oat/x86_64/split_GoogleCertificates_installtime.odex) is kOatUpToDate with filter 'speed' executable 'false'
02-19 18:35:14.178 14299 14371 I artd    : GetBestInfo: odex next to the dex file (/data/app/~~O-UZzK0jUU9NLgS3MODOZA==/com.google.android.gms-YQ2L6GsYyKuvu9MvIBK1EQ==/oat/x86_64/split_MapsDynamite_installtime.odex) is kOatUpToDate with filter 'speed' executable 'false'
02-19 18:35:14.181 14299 14371 I artd    : GetBestInfo: odex next to the dex file (/data/app/~~O-UZzK0jUU9NLgS3MODOZA==/com.google.android.gms-YQ2L6GsYyKuvu9MvIBK1EQ==/oat/x86_64/split_MeasurementDynamite_installtime.odex) is kOatUpToDate with filter 'speed' executable 'false'
02-19 18:35:14.182 14299 14371 I artd    : GetBestInfo: /data/app/~~O-UZzK0jUU9NLgS3MODOZA==/com.google.android.gms-YQ2L6GsYyKuvu9MvIBK1EQ==/split_maps_core_dynamite_ondemand.apk has no usable artifacts
02-19 18:35:14.185 14299 14371 I artd    : GetBestInfo: /data/user_de/0/com.google.android.gms/app_chimera/m/0000000c/dl-Appsearch.optional_250834100800.apk has no usable artifacts
02-19 18:35:14.185 14299 14371 I artd    : GetBestInfo: /data/user_de/0/com.google.android.gms/app_chimera/m/00000001/CronetDynamite.apk has no usable artifacts
02-19 18:35:14.186 14299 14371 I artd    : GetBestInfo: /data/user_de/0/com.google.android.gms/app_chimera/m/00000002/DynamiteLoader.apk has no usable artifacts
02-19 18:35:14.187 14299 14371 I artd    : GetBestInfo: /data/user_de/0/com.google.android.gms/app_chimera/m/00000005/GoogleCertificates.apk has no usable artifacts
02-19 18:35:14.189 14299 14371 I artd    : GetBestInfo: /data/user_de/0/com.google.android.gms/app_chimera/m/00000009/dl-TfliteDynamiteDynamite.integ_252130102100800.apk has no usable artifacts
02-19 18:35:14.193 14299 14371 I artd    : GetBestInfo: vdex next to the dex file (/data/user/0/com.google.android.gms/app_dg_cache/BF7C023AB90CCF01D1F467FC1CEBAF866511FF29/oat/x86_64/the.vdex) is kOatUpToDate with filter 'verify' executable 'false'
02-19 18:35:14.198 14299 14371 I artd    : GetBestInfo: /data/user_de/0/com.google.android.gms/app_chimera/m/00000010/dl-PlayCloudSearch.optional_250834100000.apk has no usable artifacts
02-19 18:35:14.201 14299 14371 I artd    : GetBestInfo: /data/user_de/0/com.google.android.gms/app_chimera/m/00000017/dl-PlayCloudSearch.optional_260438100000.apk has no usable artifacts
02-19 18:35:14.205 14299 14371 I artd    : GetBestInfo: /data/user_de/0/com.google.android.gms/app_chimera/m/00000015/dl-MlkitOcrCommon.optional_260438100800.apk has no usable artifacts
02-19 18:35:14.209 14299 14371 I artd    : GetBestInfo: /data/user_de/0/com.google.android.gms/app_chimera/m/00000013/dl-MlkitBarcodeUi.optional_260438100800.apk has no usable artifacts
02-19 18:35:14.213 14299 14371 I artd    : GetBestInfo: /data/user_de/0/com.google.android.gms/app_chimera/m/0000000f/dl-MlkitOcrCommon.optional_250834100800.apk has no usable artifacts
02-19 18:35:14.217 14299 14371 I artd    : GetBestInfo: /data/user_de/0/com.google.android.gms/app_chimera/m/0000000d/dl-VisionOcr.optional_250834100000.apk has no usable artifacts
02-19 18:35:14.222 14299 14371 I artd    : GetBestInfo: /data/user_de/0/com.google.android.gms/app_chimera/m/0000000a/dl-MlkitBarcodeUi.optional_250834100800.apk has no usable artifacts
02-19 18:35:14.226 14299 14371 I artd    : GetBestInfo: /data/user_de/0/com.google.android.gms/app_chimera/m/00000011/dl-VisionOcr.optional_260438100000.apk has no usable artifacts
02-19 18:35:14.230 14299 14371 I artd    : GetBestInfo: /data/user_de/0/com.google.android.gms/app_chimera/m/00000012/dl-Appsearch.optional_260438100800.apk has no usable artifacts
02-19 18:35:14.235 14299 14371 I artd    : GetBestInfo: vdex next to the dex file (/data/user/0/com.google.android.gms/app_dg_cache/94DF452EEF4B8E717545DCDEA6CC3C50A319A195/oat/x86_64/the.vdex) is kOatUpToDate with filter 'verify' executable 'false'
02-19 18:35:14.402 14299 14371 I artd    : GetBestInfo: /data/user_de/0/com.google.android.gms/app_chimera/m/00000007/MeasurementDynamite.apk has no usable artifacts
02-19 18:35:14.408 14299 14371 I artd    : GetBestInfo: /data/user_de/0/com.google.android.gms/app_chimera/m/00000018/dl-AdsFdrDynamite.integ_254380203100000.apk has no usable artifacts
02-19 18:35:14.411 15586 15586 D nativeloader: Configuring clns-9 for other apk /data/app/~~NUQj-rdXzuicW-16SIRtKA==/viva.republica.toss.test-Si406wFvb_sqEA2GTBV6RQ==/base.apk. target_sdk_version=35, uses_libraries=, library_path=/data/app/~~NUQj-rdXzuicW-16SIRtKA==/viva.republica.toss.test-Si406wFvb_sqEA2GTBV6RQ==/lib/x86_64:/data/app/~~NUQj-rdXzuicW-16SIRtKA==/viva.republica.toss.test-Si406wFvb_sqEA2GTBV6RQ==/base.apk!/lib/x86_64, permitted_path=/data:/mnt/expand:/data/user/0/viva.republica.toss.test
02-19 18:35:14.415 15586 15586 D CompatChangeReporter: Compat change id reported: 202956589; UID 10217; state: ENABLED
02-19 18:35:14.427 15586 15586 I blica.toss.test: AssetManager2(0x7d8fac428e58) locale list changing from [] to [en-US]
02-19 18:35:14.437 15586 15586 V GraphicsEnvironment: Currently set values for:
02-19 18:35:14.438 15586 15586 V GraphicsEnvironment:   angle_gl_driver_selection_pkgs=[]
02-19 18:35:14.438 15586 15586 V GraphicsEnvironment:   angle_gl_driver_selection_values=[]
02-19 18:35:14.438 15586 15586 V GraphicsEnvironment: viva.republica.toss.test is not listed in per-application setting
02-19 18:35:14.438 15586 15586 V GraphicsEnvironment: ANGLE allowlist from config: com.dreamgames.royalmatch com.dts.freefiremax com.dxx.firenow com.gramgames.mergedragons com.ludo.king com.mojang.minecraftpe com.my.defense com.nintendo.zaka com.os.airforce com.playrix.fishdomdd.gplay io.teslatech.callbreak jp.konami.prospia net.peakgames.toonblast
02-19 18:35:14.439 15586 15586 V GraphicsEnvironment: viva.republica.toss.test is not listed in ANGLE allowlist or settings, returning default
02-19 18:35:14.439 15586 15586 V GraphicsEnvironment: Neither updatable production driver nor prerelease driver is supported.
02-19 18:35:14.452 15586 15586 D CompatChangeReporter: Compat change id reported: 279646685; UID 10217; state: ENABLED
02-19 18:35:14.461 15586 15604 E ashmem  : Pinning is deprecated since Android Q. Please use trim or other methods.
02-19 18:35:14.495 15586 15586 D nativeloader: Load /data/app/~~NUQj-rdXzuicW-16SIRtKA==/viva.republica.toss.test-Si406wFvb_sqEA2GTBV6RQ==/lib/x86_64/libmmkv.so using class loader ns clns-9 (caller=/data/app/~~NUQj-rdXzuicW-16SIRtKA==/viva.republica.toss.test-Si406wFvb_sqEA2GTBV6RQ==/base.apk): ok
02-19 18:35:14.544 15586 15586 I blica.toss.test: AssetManager2(0x7d8fac426f18) locale list changing from [] to [en-US]
02-19 18:35:14.544 15586 15586 I WebViewFactory: Loading com.google.android.webview version 133.0.6943.137 (code 694313738)
02-19 18:35:14.546 15586 15586 I blica.toss.test: AssetManager2(0x7d8fac427878) locale list changing from [] to [en-US]
02-19 18:35:14.546 15586 15586 I blica.toss.test: AssetManager2(0x7d8fac4284f8) locale list changing from [] to [en-US]
--------- beginning of system
02-19 18:35:14.547 15586 15586 V ResourcesManager: The following library key has been added: ResourcesKey{ mHash=a24a3099 mResDir=null mSplitDirs=[] mOverlayDirs=[] mLibDirs=[/data/app/~~86wu-kVgQoavtKNPNhKNpg==/com.google.android.webview-1KjOBROVBHjUvpUZHW2m2g==/WebViewGoogle.apk,/data/app/~~zfNTtjjfT5QjKD_7Ux4KKQ==/com.google.android.trichromelibrary_694313738-AgzLRnDhHPFXke_9IsnuqA==/TrichromeLibrary.apk] mDisplayId=0 mOverrideConfig=v36 mCompatInfo={420dpi always-compat} mLoaders=[]}
02-19 18:35:14.551 15586 15586 W blica.toss.test: Failed to find entry 'classes.dex': Entry not found
02-19 18:35:14.551 15586 15586 D nativeloader: Configuring clns-10 for other apk /data/app/~~zfNTtjjfT5QjKD_7Ux4KKQ==/com.google.android.trichromelibrary_694313738-AgzLRnDhHPFXke_9IsnuqA==/TrichromeLibrary.apk. target_sdk_version=34, uses_libraries=ALL, library_path=/data/app/~~86wu-kVgQoavtKNPNhKNpg==/com.google.android.webview-1KjOBROVBHjUvpUZHW2m2g==/lib/x86_64:/data/app/~~86wu-kVgQoavtKNPNhKNpg==/com.google.android.webview-1KjOBROVBHjUvpUZHW2m2g==/WebViewGoogle.apk!/lib/x86_64:/data/app/~~zfNTtjjfT5QjKD_7Ux4KKQ==/com.google.android.trichromelibrary_694313738-AgzLRnDhHPFXke_9IsnuqA==/TrichromeLibrary.apk!/lib/x86_64, permitted_path=/data:/mnt/expand
02-19 18:35:14.553 15586 15586 D ApplicationLoaders: Returning zygote-cached class loader: /system_ext/framework/androidx.window.extensions.jar
02-19 18:35:14.559 15586 15586 D nativeloader: Configuring clns-11 for other apk /data/app/~~86wu-kVgQoavtKNPNhKNpg==/com.google.android.webview-1KjOBROVBHjUvpUZHW2m2g==/WebViewGoogle.apk. target_sdk_version=34, uses_libraries=, library_path=/data/app/~~86wu-kVgQoavtKNPNhKNpg==/com.google.android.webview-1KjOBROVBHjUvpUZHW2m2g==/lib/x86_64:/data/app/~~86wu-kVgQoavtKNPNhKNpg==/com.google.android.webview-1KjOBROVBHjUvpUZHW2m2g==/WebViewGoogle.apk!/lib/x86_64:/data/app/~~zfNTtjjfT5QjKD_7Ux4KKQ==/com.google.android.trichromelibrary_694313738-AgzLRnDhHPFXke_9IsnuqA==/TrichromeLibrary.apk!/lib/x86_64, permitted_path=/data:/mnt/expand
02-19 18:35:14.657 15586 15586 I cr_WVCFactoryProvider: version=133.0.6943.137 (694313738) minSdkVersion=29 isBundle=false multiprocess=true packageId=2
02-19 18:35:14.663 15586 15604 D nativeloader: Configuring clns-12 for other apk . target_sdk_version=35, uses_libraries=ALL, library_path=/data/app/~~NUQj-rdXzuicW-16SIRtKA==/viva.republica.toss.test-Si406wFvb_sqEA2GTBV6RQ==/lib/x86_64:/data/app/~~NUQj-rdXzuicW-16SIRtKA==/viva.republica.toss.test-Si406wFvb_sqEA2GTBV6RQ==/base.apk!/lib/x86_64, permitted_path=/data:/mnt/expand
02-19 18:35:14.669 15586 15604 D nativeloader: Load /data/app/~~NUQj-rdXzuicW-16SIRtKA==/viva.republica.toss.test-Si406wFvb_sqEA2GTBV6RQ==/lib/x86_64/libdceb.so using isolated ns clns-12 (caller=/data/user/0/viva.republica.toss.test/Anonymous-DexFile@1467667017.jar): ok
02-19 18:35:14.673 15586 15586 D nativeloader: Load /data/app/~~zfNTtjjfT5QjKD_7Ux4KKQ==/com.google.android.trichromelibrary_694313738-AgzLRnDhHPFXke_9IsnuqA==/TrichromeLibrary.apk!/lib/x86_64/libmonochrome_64.so using class loader ns clns-11 (caller=/data/app/~~86wu-kVgQoavtKNPNhKNpg==/com.google.android.webview-1KjOBROVBHjUvpUZHW2m2g==/WebViewGoogle.apk): ok
02-19 18:35:14.676 15586 15586 D nativeloader: Load /system/lib64/libwebviewchromium_plat_support.so using class loader ns clns-11 (caller=/data/app/~~86wu-kVgQoavtKNPNhKNpg==/com.google.android.webview-1KjOBROVBHjUvpUZHW2m2g==/WebViewGoogle.apk): ok
02-19 18:35:14.685 15586 15609 E chromium: [0219/183514.678960:ERROR:variations_seed_loader.cc(39)] Seed missing signature.
02-19 18:35:14.686 15586 15609 I chromium: [0219/183514.685907:INFO:variations_seed_loader.cc(67)] Failed to open file for reading.: No such file or directory (2)
02-19 18:35:14.688 15586 15586 I cr_LibraryLoader: Successfully loaded native library
02-19 18:35:14.689 15586 15586 I cr_CachingUmaRecorder: Flushed 6 samples from 6 histograms, 0 samples were dropped.
02-19 18:35:14.755 15586 15586 I cr_CombinedPProvider: #registerProvider() provider:WV.C8@88ca54d isPolicyCacheEnabled:false policyProvidersSize:0
02-19 18:35:14.755 15586 15586 I cr_PolicyProvider: #setManagerAndSource() 0
02-19 18:35:14.758   752  1848 V GrammaticalInflectionUtils: AttributionSource: android.content.AttributionSource@6f8f8f3c does not have READ_SYSTEM_GRAMMATICAL_GENDER permission.
02-19 18:35:14.766  1263  1263 D Zygote  : Forked child process 15614
02-19 18:35:14.773 15614 15614 I ocessService0:0: Using CollectorTypeCMC GC.
02-19 18:35:14.774 15614 15614 W ocessService0:0: Unexpected CPU variant for x86: x86_64.
02-19 18:35:14.774 15614 15614 W ocessService0:0: Known variants: atom, sandybridge, silvermont, goldmont, goldmont-plus, goldmont-without-sha-xsaves, tremont, kabylake, alderlake, default
02-19 18:35:14.777 15614 15614 E ocessService0:0: Not starting debugger since process cannot load the jdwp agent.
02-19 18:35:14.780 15614 15614 D nativeloader: Load libframework-connectivity-tiramisu-jni.so using APEX ns com_android_tethering for caller /apex/com.android.tethering/javalib/framework-connectivity-t.jar: ok
02-19 18:35:14.788   752  1848 I ActivityManager: Start proc 15614:com.google.android.webview:sandboxed_process0:org.chromium.content.app.SandboxedProcessService0:0/u0i44 for  {viva.republica.toss.test/org.chromium.content.app.SandboxedProcessService0:0}
02-19 18:35:14.788   752  1848 I ActivityManager: ProcessObserver broadcast disabled
02-19 18:35:14.794 15614 15614 D CompatChangeReporter: Compat change id reported: 242716250; UID 99044; state: ENABLED
02-19 18:35:14.804 15614 15614 D ApplicationLoaders: Returning zygote-cached class loader: /system_ext/framework/androidx.window.extensions.jar
02-19 18:35:14.807 15614 15614 I ocessService0:0: AssetManager2(0x7d8fac42ba18) locale list changing from [] to [en-US]
02-19 18:35:14.811 15614 15614 I LoadedApk: No resource references to update in package com.google.android.trichromelibrary
02-19 18:35:14.813 15614 15614 I cr_WebViewApkApp: version=133.0.6943.137 (694313738) minSdkVersion=29 isBundle=false processName=com.google.android.webview:sandboxed_process0:org.chromium.content.app.SandboxedProcessService0:0
02-19 18:35:14.815   752  1095 D BackgroundInstallControlService: Package event received: 0
02-19 18:35:14.820 15614 15614 I cr_ChildProcessService: Creating new ChildProcessService pid=15614
02-19 18:35:14.831 15586 15586 I cr_CombinedPProvider: #linkNativeInternal() 1
02-19 18:35:14.832 15586 15586 I cr_AppResProvider: #getApplicationRestrictionsFromUserManager() Bundle[EMPTY_PARCEL]
02-19 18:35:14.833 15586 15586 I cr_PolicyProvider: #notifySettingsAvailable() 0
02-19 18:35:14.833 15586 15586 I cr_CombinedPProvider: #onSettingsAvailable() 0
02-19 18:35:14.833 15586 15586 I cr_CombinedPProvider: #flushPolicies()
02-19 18:35:14.836   752  1095 D BackgroundInstallControlService: Package event received: 0
02-19 18:35:14.836   752  1095 D BackgroundInstallControlService: Package event received: 0
02-19 18:35:14.836   752  1095 D BackgroundInstallControlService: Package event received: 0
02-19 18:35:14.837   752  1029 D InetDiagMessage: Destroyed 0 sockets, proto=IPPROTO_TCP, family=AF_INET, states=14
02-19 18:35:14.838   752  1029 D InetDiagMessage: Destroyed 0 sockets, proto=IPPROTO_TCP, family=AF_INET6, states=14
02-19 18:35:14.838   752  1029 D InetDiagMessage: Destroyed live tcp sockets for uids={10205} in 3ms
02-19 18:35:14.839  3453  3453 D BoundBrokerSvc: onBind: Intent { act=com.google.android.gms.safetynet.service.START xflg=0x4 pkg=com.google.android.gms }
02-19 18:35:14.839  3453  3453 D BoundBrokerSvc: Loading bound service for intent: Intent { act=com.google.android.gms.safetynet.service.START xflg=0x4 pkg=com.google.android.gms }
02-19 18:35:14.839   752  1029 D InetDiagMessage: Destroyed 0 sockets, proto=IPPROTO_TCP, family=AF_INET, states=14
02-19 18:35:14.841   752  1029 D InetDiagMessage: Destroyed 0 sockets, proto=IPPROTO_TCP, family=AF_INET6, states=14
02-19 18:35:14.841   752  1029 D InetDiagMessage: Destroyed live tcp sockets for uids={20205} in 2ms
02-19 18:35:14.848   752   806 W ActivityManager: Slow operation: 89ms so far, now at startProcess: returned from zygote!
02-19 18:35:14.868  4449  4474 E FrameTracker: force finish cuj, time out: J<SPLASHSCREEN_EXIT_ANIM>
02-19 18:35:14.868  4449  4474 W FrameTracker: Missed App frame:UNKNOWN: 3, 1854274, 73404496, CUJ=J<SPLASHSCREEN_EXIT_ANIM>
02-19 18:35:14.868  4449  4474 W FrameTracker: Missed SF frame:UNKNOWN: 3, 1854274, 73404496, CUJ=J<SPLASHSCREEN_EXIT_ANIM>
02-19 18:35:14.868  4449  4474 W FrameTracker: Missed App frame:JANK_APPLICATION, 1854311, 85128375, CUJ=J<SPLASHSCREEN_EXIT_ANIM>
02-19 18:35:14.868  4449  4474 W FrameTracker: Missed App frame:UNKNOWN: 3, 1854348, 101957670, CUJ=J<SPLASHSCREEN_EXIT_ANIM>
02-19 18:35:14.868  4449  4474 W FrameTracker: Missed SF frame:UNKNOWN: 3, 1854348, 101957670, CUJ=J<SPLASHSCREEN_EXIT_ANIM>
02-19 18:35:14.868  4449  4474 W FrameTracker: Missed App frame:UNKNOWN: 3, 1854357, 121486456, CUJ=J<SPLASHSCREEN_EXIT_ANIM>
02-19 18:35:14.868  4449  4474 W FrameTracker: Missed SF frame:UNKNOWN: 3, 1854357, 121486456, CUJ=J<SPLASHSCREEN_EXIT_ANIM>
02-19 18:35:14.868  4449  4474 W FrameTracker: Missed App frame:UNKNOWN: 3, 1854388, 99235094, CUJ=J<SPLASHSCREEN_EXIT_ANIM>
02-19 18:35:14.868  4449  4474 W FrameTracker: Missed SF frame:UNKNOWN: 3, 1854388, 99235094, CUJ=J<SPLASHSCREEN_EXIT_ANIM>
02-19 18:35:14.868  4449  4474 W FrameTracker: Missed App frame:UNKNOWN: 3, 1854403, 110839713, CUJ=J<SPLASHSCREEN_EXIT_ANIM>
02-19 18:35:14.868  4449  4474 W FrameTracker: Missed SF frame:UNKNOWN: 3, 1854403, 110839713, CUJ=J<SPLASHSCREEN_EXIT_ANIM>
02-19 18:35:14.868  4449  4474 W FrameTracker: Missed SF frame:JANK_COMPOSER, 1854440, 77517083, CUJ=J<SPLASHSCREEN_EXIT_ANIM>
02-19 18:35:14.868  4449  4474 W FrameTracker: Missed App frame:UNKNOWN: 3, 1854470, 87533925, CUJ=J<SPLASHSCREEN_EXIT_ANIM>
02-19 18:35:14.868  4449  4474 W FrameTracker: Missed SF frame:UNKNOWN: 3, 1854470, 87533925, CUJ=J<SPLASHSCREEN_EXIT_ANIM>
02-19 18:35:14.873 15586 15586 I blica.toss.test: AssetManager2(0x7d8fac42d318) locale list changing from [] to [en-US]
02-19 18:35:14.876 15586 15586 I blica.toss.test: AssetManager2(0x7d8fac42f578) locale list changing from [] to [en-US]
02-19 18:35:14.878 15586 15586 D DesktopModeFlags: Toggle override initialized to: OVERRIDE_UNSET
02-19 18:35:14.879 15586 15586 I DisplayManager: Implicitly registering for refresh rate
02-19 18:35:19.456   752   797 W BLASTSyncEngine: Sync group 663 timeout
02-19 18:35:19.456   752   797 W BLASTSyncEngine: Sync group 663 timed-out because not ready. If you see this, please file a bug.
02-19 18:35:19.456   752   797 E Transition: #663 readiness timeout, used=false deferReadyDepth=0 group={Display{#0 state=ON size=1080x2400 ROTATION_0}=false}
02-19 18:35:19.461   752   794 V WindowManager: Sent Transition (#663) createdAt=02-19 18:35:11.884 via request=TransitionRequestInfo { type = OPEN, triggerTask = TaskInfo{userId=0 taskId=73 effectiveUid=10217 displayId=0 isRunning=true baseIntent=Intent { act=android.intent.action.VIEW dat=intoss://takealook/... flg=0x10000000 cmp=viva.republica.toss.test/im.toss.rn.granite.core.GraniteActivity } baseActivity=ComponentInfo{viva.republica.toss.test/im.toss.rn.granite.core.GraniteActivity} topActivity=ComponentInfo{viva.republica.toss.test/im.toss.rn.granite.core.GraniteActivity} origActivity=null realActivity=ComponentInfo{viva.republica.toss.test/im.toss.rn.granite.core.GraniteActivity} numActivities=1 lastActiveTime=105185740 supportsMultiWindow=true resizeMode=1 isResizeable=true minWidth=-1 minHeight=-1 defaultMinSize=220 token=WCT{RemoteToken{2e611bb Task{5a75d7c #73 type=standard A=10217:viva.republica.toss.test}}} topActivityType=1 pictureInPictureParams=null shouldDockBigOverlays=false launchIntoPipHostTaskId=-1 lastParentTaskIdBeforePip=-1 displayCutoutSafeInsets=Rect(0, 0 - 0, 0) topActivityInfo=ActivityInfo{6feb6d8 im.toss.rn.granite.core.GraniteActivity} launchCookies=[] positionInParent=Point(0, 0) parentTaskId=-1 isFocused=false isVisible=false isVisibleRequested=false isTopActivityNoDisplay=false isSleeping=false locusId=null displayAreaFeatureId=1 isTopActivityTransparent=false isActivityStackTransparent=false lastNonFullscreenBounds=Rect(284, 660 - 796, 1740) capturedLink=null capturedLinkTimestamp=0 requestedVisibleTypes=-9 topActivityRequestOpenInBrowserEducationTimestamp=0 appCompatTaskInfo=AppCompatTaskInfo { topActivityInSizeCompat=false eligibleForLetterboxEducation= false isLetterboxEducationEnabled= true isLetterboxDoubleTapEnabled= false eligibleForUserAspectRatioButton= false topActivityBoundsLetterboxed= false isFromLetterboxDoubleTap= false topActivityLetterboxVerticalPosition= -1 topActivityLetterboxHorizontalPosition= -1 topActivityLetterboxWidth=-1 topActivityLetterboxHeight=-1 topActivityAppBounds=Rect(0, 0 - 1080, 2400) isUserFullscreenOverrideEnabled=false isSystemFullscreenOverrideEnabled=false hasMinAspectRatioOverride=false topActivityLetterboxBounds=null cameraCompatTaskInfo=CameraCompatTaskInfo { freeformCameraCompatMode=inactive}} topActivityMainWindowFrame=null}, pipChange = null, remoteTransition = null, displayChange = null, flags = 0, debugId = 663 }
02-19 18:35:19.462   752   794 V WindowManager:     startWCT=WindowContainerTransaction { changes= {} hops= [] errorCallbackToken=null taskFragmentOrganizer=null }
02-19 18:35:19.462   752   794 V WindowManager:     info={id=663 t=OPEN f=0x0 trk=0 r=[] c=[]}
02-19 18:35:19.461  4449  4582 V WindowManagerShell: onTransitionReady(transaction=3229815426397)
02-19 18:35:19.463  4449  4467 V WindowManagerShell: onTransitionReady (#663) android.os.BinderProxy@7f11b1c: {id=663 t=OPEN f=0x0 trk=0 r=[] c=[]}
02-19 18:35:19.463  4449  4467 V WindowManagerShell: No transition roots in (#663) android.os.BinderProxy@7f11b1c@0 so abort
02-19 18:35:19.463  4449  4467 V WindowManagerShell: Transition was merged: (#663) android.os.BinderProxy@7f11b1c@0 into (#661) android.os.BinderProxy@2617c53@0
02-19 18:35:19.511   752  1095 D BackgroundInstallControlService: Package event received: 0
02-19 18:35:19.511   752  1095 D BackgroundInstallControlService: Package event received: 0
02-19 18:35:19.515   752  1095 D BackgroundInstallControlService: Package event received: 0
02-19 18:35:19.520  4656 15178 E adservices.measurement: AttributionFallbackJobService is disabled, skip scheduling
02-19 18:35:19.529  4656 15178 E adservices: Encryption key fetch job is disabled, skip scheduling.
02-19 18:35:31.708  3794  3860 I Finsky  : [61] Stats for Executor: BlockingExecutor uww@2864db2[Running, pool size = 0, active threads = 0, queued tasks = 0, completed tasks = 323]
02-19 18:35:31.708  3794  3860 I Finsky  : [61] Stats for Executor: LightweightExecutor uww@6530880[Running, pool size = 3, active threads = 0, queued tasks = 0, completed tasks = 18331]
02-19 18:35:31.708  3794  3860 I Finsky  : [61] Stats for Executor: bgExecutor uww@f1ceb9[Running, pool size = 4, active threads = 0, queued tasks = 0, completed tasks = 4756]
02-19 18:35:31.707 10620 10644 I Finsky:background: [61] Stats for Executor: bgExecutor uww@f689223[Running, pool size = 4, active threads = 0, queued tasks = 0, completed tasks = 198]
02-19 18:35:31.709 10620 10644 I Finsky:background: [61] Stats for Executor: LightweightExecutor uww@61f1320[Running, pool size = 3, active threads = 0, queued tasks = 0, completed tasks = 2548]
02-19 18:35:31.709 10620 10644 I Finsky:background: [61] Stats for Executor: BlockingExecutor uww@dcf14d9[Running, pool size = 0, active threads = 0, queued tasks = 0, completed tasks = 29]
02-19 18:35:31.710 27008 27008 I wpa_supplicant: wlan0: CTRL-EVENT-BEACON-LOSS 
02-19 18:35:31.710  1336  1556 D SatelliteController: iisInCarrierRoamingNbIotNtn: satellite is disabled
02-19 18:35:31.711 15586 15648 E adservices: getService(): timed out (5000ms) waiting for binder connection
02-19 18:35:31.711 15586 15648 E adservices: Failed to bind to measurement service: com.android.adservices.shared.common.exception.ServiceUnavailableException: Service is not available.
02-19 18:35:31.708   752   797 E BLASTSyncEngine: WM sent Transaction (#663, Transition-OPEN, tx=3229815426397) to organizer, but never received commit callback. Application ANR likely to follow.
02-19 18:35:31.714   752  1848 D ActivityManager: sync unfroze 11873 com.google.android.webview:webview_service for 6
02-19 18:35:31.717   752   805 I ActivityManager: Extending process start timeout by 16ms for ProcessRecord{cccba0a 15586:viva.republica.toss.test/u0a217}
02-19 18:35:31.722  4449  4478 W Looper  : Slow delivery took 3038ms SysUiBg app=com.android.systemui main=false group=TOP_APP h=com.android.systemui.qs.tileimpl.QSTileImpl$H c=null m=11
02-19 18:35:31.749   752  1095 D BackgroundInstallControlService: Package event received: 0
02-19 18:35:31.754  3794  3794 I Finsky  : [2] Memory trim requested to level 40
02-19 18:35:31.754  3794  3794 I Finsky  : [2] Flushing in-memory image cache
02-19 18:35:31.755 10620 10620 I Finsky:background: [2] Memory trim requested to level 40
02-19 18:35:31.761   752  1856 E TaskPersister: File error accessing recents directory (directory doesn't exist?).
02-19 18:35:31.764 10620 10652 I Finsky:background: [64] Current account updated in PVS
02-19 18:35:31.766  3794  3877 I Finsky  : [71] Current account updated in PVS
02-19 18:35:31.767  4449  4478 W Looper  : Drained
02-19 18:35:31.777   752 15652 D ActivityManager: created ANR temporary file:/data/anr/temp_anr_8750163589853450206.txt
02-19 18:35:31.783   752 15652 I ActivityManager: Collecting stacks for pid 15586 into temporary file temp_anr_8750163589853450206.txt
02-19 18:35:31.810   752 15652 E system_server: Could not open /dev/binderfs/binder_logs/transactions. Likely a permissions issue. errno: 2
02-19 18:35:31.792   752   752 W AnrMainProcessD: type=1400 audit(0.0:336): avc:  denied  { read } for  name="transactions" dev="binder" ino=1048587 scontext=u:r:system_server:s0 tcontext=u:object_r:binderfs_logs_transactions:s0 tclass=file permissive=0
02-19 18:35:31.811   752 15652 E android.os.Debug: Failed to get binder state info for pid: 15586 status: -2: No such file or directory
02-19 18:35:31.822   752 15652 I system_server: libdebuggerd_client: started dumping process 15586
02-19 18:35:31.824 15586 15660 D nativeloader: Load /data/app/~~NUQj-rdXzuicW-16SIRtKA==/viva.republica.toss.test-Si406wFvb_sqEA2GTBV6RQ==/lib/x86_64/libbugsnag-root-detection.so using class loader ns clns-9 (caller=/data/app/~~NUQj-rdXzuicW-16SIRtKA==/viva.republica.toss.test-Si406wFvb_sqEA2GTBV6RQ==/base.apk): ok
02-19 18:35:31.828   752  2377 W ProcessStats: Tracking association SourceState{b726823 viva.republica.toss.test/10217 BTop #20925} whose proc state 2 is better than process ProcessState{753bac8 com.google.android.webview:webview_service/10168 pkg=com.google.android.webview} proc state 15 (20 skipped)
02-19 18:35:31.829   283   283 I tombstoned: registered intercept for pid 15586 and type kDebuggerdJavaBacktrace
02-19 18:35:31.831 15586 15591 I blica.toss.test: Thread[2,tid=15591,WaitingInMainSignalCatcherLoop,Thread*=0x7d8f4c4454b0,peer=0x2108020,"Signal Catcher"]: reacting to signal 3
02-19 18:35:31.832 15586 15591 I blica.toss.test: 
02-19 18:35:31.837  4449  4478 D ControlsListingControllerImpl: Subscribing callback, service count: 0
02-19 18:35:31.838  4449  4478 D ControlsListingControllerImpl: Unsubscribing callback
02-19 18:35:31.856   752   807 I ActivityManager: Process PhantomProcessRecord {aff214d 15661:15586:which/u0a217} died
02-19 18:35:31.859   752  2377 D FileUtils: Rounded bytes from 2067259392 to 4000000000
02-19 18:35:31.954   752 15653 I ActivityManager: dumpStackTraces pids=null
02-19 18:35:31.955   752 15653 I ActivityManager: Dumping to /data/anr/anr_2026-02-19-18-35-31-954
02-19 18:35:32.004 15586 15658 D nativeloader: Load /data/app/~~NUQj-rdXzuicW-16SIRtKA==/viva.republica.toss.test-Si406wFvb_sqEA2GTBV6RQ==/lib/x86_64/libbugsnag-ndk.so using class loader ns clns-9 (caller=<unknown>): ok
02-19 18:35:32.048   752  2377 D FileUtils: Rounded bytes from 2067259392 to 4000000000
02-19 18:35:32.050 15586 15586 W BugsnagNDK: Initialization complete!
02-19 18:35:32.065 15586 15658 D nativeloader: Load /data/app/~~NUQj-rdXzuicW-16SIRtKA==/viva.republica.toss.test-Si406wFvb_sqEA2GTBV6RQ==/lib/x86_64/libbugsnag-plugin-android-anr.so using class loader ns clns-9 (caller=<unknown>): ok
02-19 18:35:32.068 15586 15586 W BugsnagANR: Failed to initialize Google ANR caller. ANRs won't be sent to Google.
02-19 18:35:32.118   752  2377 D ConnectivityService: requestNetwork for uid/pid:10217/15586 activeRequest: null callbackRequest: 634 [NetworkRequest [ REQUEST id=635, [ Capabilities: INTERNET&NOT_RESTRICTED&TRUSTED&NOT_VCN_MANAGED&NOT_BANDWIDTH_CONSTRAINED Uid: 10217 RequestorUid: 10217 RequestorPkg: viva.republica.toss.test UnderlyingNetworks: Null] ]] callback flags: 0 order: 2147483647 isUidTracked: false declaredMethods: AVAIL|UNAVAIL
02-19 18:35:32.119 15586 15586 W System.err: SLF4J: No SLF4J providers were found.
02-19 18:35:32.119 15586 15586 W System.err: SLF4J: Defaulting to no-operation (NOP) logger implementation
02-19 18:35:32.119 15586 15586 W System.err: SLF4J: See https://www.slf4j.org/codes.html#noProviders for further details.
02-19 18:35:32.121   752  1023 D OemPaidWifiNetworkFactory: got request NetworkRequest [ REQUEST id=635, [ Capabilities: INTERNET&NOT_RESTRICTED&TRUSTED&NOT_VCN_MANAGED&NOT_BANDWIDTH_CONSTRAINED Uid: 10217 RequestorUid: 10217 RequestorPkg: viva.republica.toss.test UnderlyingNetworks: Null] ]
02-19 18:35:32.121   752  1023 D MultiInternetWifiNetworkFactory: got request NetworkRequest [ REQUEST id=635, [ Capabilities: INTERNET&NOT_RESTRICTED&TRUSTED&NOT_VCN_MANAGED&NOT_BANDWIDTH_CONSTRAINED Uid: 10217 RequestorUid: 10217 RequestorPkg: viva.republica.toss.test UnderlyingNetworks: Null] ]
02-19 18:35:32.121   752  1029 D ConnectivityService: NetReassign [635 : null → 108] [c 1] [a 1] [i 1]
02-19 18:35:32.121   752  1023 D WifiNetworkFactory: got request NetworkRequest [ REQUEST id=635, [ Capabilities: INTERNET&NOT_RESTRICTED&TRUSTED&NOT_VCN_MANAGED&NOT_BANDWIDTH_CONSTRAINED Uid: 10217 RequestorUid: 10217 RequestorPkg: viva.republica.toss.test UnderlyingNetworks: Null] ]
02-19 18:35:32.121   752  1023 D UntrustedWifiNetworkFactory: got request NetworkRequest [ REQUEST id=635, [ Capabilities: INTERNET&NOT_RESTRICTED&TRUSTED&NOT_VCN_MANAGED&NOT_BANDWIDTH_CONSTRAINED Uid: 10217 RequestorUid: 10217 RequestorPkg: viva.republica.toss.test UnderlyingNetworks: Null] ]
02-19 18:35:32.132   752  2377 E TransitionController: Set visible without transition ActivityRecord{15490159 u0 viva.republica.toss.test/im.toss.rn.granite.core.GraniteActivity t73} playing=true caller=com.android.server.wm.ActivityRecord.makeVisibleIfNeeded:5960 
02-19 18:35:32.134   752  2377 W ActivityTaskManager: Set invisible without transition ActivityRecord{32265495 u0 com.google.android.apps.nexuslauncher/.NexusLauncherActivity t5}
02-19 18:35:32.139   752  2377 W OptProp : Cannot read opt property android.window.PROPERTY_COMPAT_ENABLE_FAKE_FOCUS
02-19 18:35:32.139   752  2377 D CompatChangeReporter: Compat change id reported: 324203798; UID 10217; state: ENABLED
02-19 18:35:32.153 15586 15586 I Choreographer: Skipped 1061 frames!  The application may be doing too much work on its main thread.
02-19 18:35:32.156 15586 15672 I CameraManagerGlobal: Connecting to camera service
02-19 18:35:32.164   488   488 I RanchuHwc: logCompositionFallbackIfChanged: layer 1214 CompositionType fallback from 2 to 1
02-19 18:35:32.167   615   615 I AttributionAndPermissionUtils: checkPermission (forDataDelivery 0 startDataDelivery 0): Permission hard denied for client attribution [uid 10217, pid 15586, packageName "<unknown>"]
02-19 18:35:32.181   752   797 W IPCThreadState: Sending oneway calls to frozen process.
02-19 18:35:32.182   752  1095 D BackgroundInstallControlService: Package event received: 0
02-19 18:35:32.182   752  1095 D BackgroundInstallControlService: Package event received: 0
02-19 18:35:32.183   752   797 W IPCThreadState: Sending oneway calls to frozen process.
02-19 18:35:32.184   752   797 W IPCThreadState: Sending oneway calls to frozen process.
02-19 18:35:32.184   752   797 W IPCThreadState: Sending oneway calls to frozen process.
02-19 18:35:32.184   752   797 W IPCThreadState: Sending oneway calls to frozen process.
02-19 18:35:32.184   752   797 W IPCThreadState: Sending oneway calls to frozen process.
02-19 18:35:32.184   752   797 W IPCThreadState: Sending oneway calls to frozen process.
02-19 18:35:32.184   752   797 W IPCThreadState: Sending oneway calls to frozen process.
02-19 18:35:32.237 15586 15586 I blica.toss.test: AssetManager2(0x7d8fac42c378) locale list changing from [] to [en-US]
02-19 18:35:32.248 15586 15586 I blica.toss.test: AssetManager2(0x7d8fac42dc78) locale list changing from [] to [en-US]
02-19 18:35:32.391   752   780 W AppOps  : Noting op not finished: uid 10148 pkg com.google.android.gms code 113 startTime of in progress event=1771455059663
02-19 18:35:32.417   752  2377 W AppOps  : Noting op not finished: uid 10148 pkg com.google.android.gms code 79 startTime of in progress event=1771473748663
02-19 18:35:32.440 20068 20112 I ActivityScheduler: nextTriggerTime: 105444386, in 238100ms, detectorType: 39, FULL_TYPE alarmWindowMillis: 80000
02-19 18:35:32.448 15586 15594 W blica.toss.test: Suspending all threads took: 16.518ms
02-19 18:35:32.546 15586 15594 I blica.toss.test: Background concurrent mark compact GC freed 5067KB AllocSpace bytes, 34(980KB) LOS objects, 49% free, 6706KB/13MB, paused 23.334ms,11.033ms total 322.890ms
02-19 18:35:32.568 15586 15675 I EGL_emulation: Opening libGLESv1_CM_emulation.so
02-19 18:35:32.574 15586 15675 I EGL_emulation: Opening libGLESv2_emulation.so
02-19 18:35:32.583 15586 15586 I blica.toss.test: AssetManager2(0x7d8fac427b98) locale list changing from [] to [en-US]
02-19 18:35:32.609 15586 15675 W HWUI    : Failed to choose config with EGL_SWAP_BEHAVIOR_PRESERVED, retrying without...
02-19 18:35:32.609 15586 15675 W HWUI    : Failed to initialize 101010-2 format, error = EGL_SUCCESS
02-19 18:35:32.640 15586 15586 D CompatChangeReporter: Compat change id reported: 309578419; UID 10217; state: ENABLED
02-19 18:35:32.721 15586 15586 D CompatChangeReporter: Compat change id reported: 352594277; UID 10217; state: ENABLED
02-19 18:35:32.728 15586 15586 D CompatChangeReporter: Compat change id reported: 349153669; UID 10217; state: ENABLED
02-19 18:35:32.746 15586 15586 W HWUI    : Unknown dataspace 0
02-19 18:35:32.758 15586 15586 V SoLoader: Init System Loader delegate
02-19 18:35:32.926 15586 15711 W unknown:InspectorPackagerConnection: Couldn't connect to packager, will silently retry
02-19 18:35:32.946 15586 15710 W unknown:ReconnectingWebSocket: Couldn't connect to "ws://10.0.2.2:8081/message?device=sdk_gphone64_x86_64%20-%2016%20-%20API%2036&app=viva.republica.toss.test&clientid=BridgeDevSupportManager", will silently retry
02-19 18:35:32.975 15586 15594 I blica.toss.test: Background concurrent mark compact GC freed 3306KB AllocSpace bytes, 5(100KB) LOS objects, 49% free, 11MB/22MB, paused 4.552ms,1.925ms total 107.187ms
02-19 18:35:33.155   283   283 I tombstoned: received crash request for pid 15586
02-19 18:35:33.155   283   283 I tombstoned: found intercept fd 512 for pid 15586 and type kDebuggerdJavaBacktrace
02-19 18:35:33.156 15586 15591 I blica.toss.test: Wrote stack traces to tombstoned
02-19 18:35:33.156   283   283 W tombstoned: skipping tombstone file creation due to intercept
02-19 18:35:33.157   752 15652 I system_server: libdebuggerd_client: done dumping process 15586
02-19 18:35:33.161   752 15653 I ActivityManager: dumpStackTraces nativepids=null
02-19 18:35:33.162   752 15653 I ActivityManager: dumpStackTraces extraPids=null
02-19 18:35:33.162   752 15653 I ActivityManager: Done dumping
02-19 18:35:33.167   752 15653 E ActivityManager: ANR in viva.republica.toss.test
02-19 18:35:33.167   752 15653 E ActivityManager: PID: 15586
02-19 18:35:33.167   752 15653 E ActivityManager: Reason: Process ProcessRecord{cccba0a 15586:viva.republica.toss.test/u0a217} failed to complete startup
02-19 18:35:33.167   752 15653 E ActivityManager: ErrorId: fc1be91a-1a6d-4853-9d20-61fec93f1d41
02-19 18:35:33.167   752 15653 E ActivityManager: Frozen: false
02-19 18:35:33.167   752 15653 E ActivityManager: Load: 0.0 / 0.0 / 0.0
02-19 18:35:33.167   752 15653 E ActivityManager: ----- Output from /proc/pressure/memory -----
02-19 18:35:33.167   752 15653 E ActivityManager: some avg10=0.26 avg60=0.29 avg300=0.25 total=809238942
02-19 18:35:33.167   752 15653 E ActivityManager: full avg10=0.11 avg60=0.15 avg300=0.15 total=592731533
02-19 18:35:33.167   752 15653 E ActivityManager: ----- End output from /proc/pressure/memory -----
02-19 18:35:33.167   752 15653 E ActivityManager: ----- Output from /proc/pressure/cpu -----
02-19 18:35:33.167   752 15653 E ActivityManager: some avg10=4.47 avg60=5.45 avg300=4.37 total=2406958773
02-19 18:35:33.167   752 15653 E ActivityManager: full avg10=0.00 avg60=0.00 avg300=0.00 total=0
02-19 18:35:33.167   752 15653 E ActivityManager: ----- End output from /proc/pressure/cpu -----
02-19 18:35:33.167   752 15653 E ActivityManager: ----- Output from /proc/pressure/io -----
02-19 18:35:33.167   752 15653 E ActivityManager: some avg10=1.29 avg60=1.35 avg300=1.33 total=2822373113
02-19 18:35:33.167   752 15653 E ActivityManager: full avg10=0.87 avg60=0.90 avg300=0.85 total=1888442338
02-19 18:35:33.167   752 15653 E ActivityManager: ----- End output from /proc/pressure/io -----
02-19 18:35:33.167   752 15653 E ActivityManager: 
02-19 18:35:33.167   752 15653 E ActivityManager: CPU usage from 285321ms to -12ms ago (2026-02-19 18:30:46.458 to 2026-02-19 18:35:31.791):
02-19 18:35:33.167   752 15653 E ActivityManager:   2.8% 752/system_server: 1.6% user + 1.1% kernel / faults: 39563 minor 171 major
02-19 18:35:33.167   752 15653 E ActivityManager:   1.8% 531/surfaceflinger: 0.4% user + 1.4% kernel / faults: 226 minor 4 major
02-19 18:35:33.167   752 15653 E ActivityManager:   1% 7804/com.google.android.apps.nexuslauncher: 0.4% user + 0.5% kernel / faults: 2830 minor 22 major
02-19 18:35:33.167   752 15653 E ActivityManager:   0.9% 4449/com.android.systemui: 0.3% user + 0.6% kernel / faults: 2471 minor 68 major
02-19 18:35:33.167   752 15653 E ActivityManager:   0.8% 488/android.hardware.graphics.composer3-service.ranchu: 0% user + 0.7% kernel / faults: 1 minor 1 major
02-19 18:35:33.167   752 15653 E ActivityManager:   0.5% 12990/kworker/0:2-events: 0% user + 0.5% kernel
02-19 18:35:33.167   752 15653 E ActivityManager:   0.4% 15/ksoftirqd/0: 0% user + 0.4% kernel
02-19 18:35:33.167   752 15653 E ActivityManager:   0.2% 537/adbd: 0% user + 0.1% kernel / faults: 23178 minor
02-19 18:35:33.167   752 15653 E ActivityManager:   0.2% 14299/artd: 0% user + 0.1% kernel / faults: 14833 minor
02-19 18:35:33.167   752 15653 E ActivityManager:   0.1% 1971/com.google.android.as: 0% user + 0% kernel / faults: 4038 minor 188 major
02-19 18:35:33.167   752 15653 E ActivityManager: 3.2% TOTAL: 0.9% user + 1.2% kernel + 0.3% iowait + 0.6% irq + 0.1% softirq
02-19 18:35:33.167   752 15653 E ActivityManager: CPU usage from 105205625ms to 105205625ms ago (1970-01-01 09:00:00.000 to 1970-01-01 09:00:00.000) with 0% awake:
02-19 18:35:33.167   752 15653 E ActivityManager: 0% TOTAL: 0% user + 0% kernel
02-19 18:35:33.176   752 15713 I DropBoxManagerService: add tag=data_app_anr isTagEnabled=true flags=0x6
02-19 18:35:33.182   752 15653 D ActivityManager: Completed ANR of viva.republica.toss.test in 1404ms, latency 14ms
02-19 18:35:33.189   752   780 D CoreBackPreview: Window{e1f5c29 u0 viva.republica.toss.test/im.toss.rn.granite.core.GraniteActivity}: Setting back callback OnBackInvokedCallbackInfo{mCallback=android.window.IOnBackInvokedCallback$Stub$Proxy@2988112, mPriority=0, mIsAnimationCallback=false, mOverrideBehavior=0}
02-19 18:35:33.191 15586 15586 W unknown:ReactRootView: Unable to update root layout specs for uninitialized ReactInstanceManager
02-19 18:35:33.234   752   797 V WindowManager: Unknown focus tokens, dropping reportFocusChanged
02-19 18:35:33.286   752   795 D CoreBackPreview: Window{ea08527 u0 Application Not Responding: viva.republica.toss.test}: Setting back callback OnBackInvokedCallbackInfo{mCallback=android.window.WindowOnBackInvokedDispatcher$OnBackInvokedCallbackWrapper@eea0b35, mPriority=-1, mIsAnimationCallback=false, mOverrideBehavior=0}
02-19 18:35:33.301   752   794 I ActivityTaskManager: Displayed viva.republica.toss.test/im.toss.rn.granite.core.GraniteActivity for user 0: +21s405ms
02-19 18:35:33.340 15586 15586 E unknown:ReactRootView: Unhandled SoftException
02-19 18:35:33.340 15586 15586 E unknown:ReactRootView: com.facebook.react.uimanager.IllegalViewOperationException: Trying to attach a ReactRootView with an explicit id already set to [2131362676]. React Native uses the id field to track react tags and will overwrite this field. If that is fine, explicitly overwrite the id field to View.NO_ID.
02-19 18:35:33.340 15586 15586 E unknown:ReactRootView: 	at com.facebook.react.ReactRootView.attachToReactInstanceManager(:799)
02-19 18:35:33.340 15586 15586 E unknown:ReactRootView: 	at com.facebook.react.ReactRootView.startReactApplication(:509)
02-19 18:35:33.340 15586 15586 E unknown:ReactRootView: 	at com.facebook.react.ReactRootView.startReactApplication(:469)
02-19 18:35:33.340 15586 15586 E unknown:ReactRootView: 	at im.toss.rn.granite.core.GraniteActivity.write(:486)
02-19 18:35:33.340 15586 15586 E unknown:ReactRootView: 	at im.toss.rn.granite.core.GraniteActivity.RemoteActionCompatParcelizer(:124)
02-19 18:35:33.340 15586 15586 E unknown:ReactRootView: 	at im.toss.rn.granite.core.GraniteActivity$RemoteActionCompatParcelizer.IconCompatParcelizer(:65353)
02-19 18:35:33.340 15586 15586 E unknown:ReactRootView: 	at o.sh.a_(:33)
02-19 18:35:33.340 15586 15586 E unknown:ReactRootView: 	at o.xP.run(:100)
02-19 18:35:33.340 15586 15586 E unknown:ReactRootView: 	at android.os.Handler.handleCallback(Handler.java:995)
02-19 18:35:33.340 15586 15586 E unknown:ReactRootView: 	at android.os.Handler.dispatchMessage(Handler.java:103)
02-19 18:35:33.340 15586 15586 E unknown:ReactRootView: 	at android.os.Looper.loopOnce(Looper.java:248)
02-19 18:35:33.340 15586 15586 E unknown:ReactRootView: 	at android.os.Looper.loop(Looper.java:338)
02-19 18:35:33.340 15586 15586 E unknown:ReactRootView: 	at android.app.ActivityThread.main(ActivityThread.java:9067)
02-19 18:35:33.340 15586 15586 E unknown:ReactRootView: 	at java.lang.reflect.Method.invoke(Native Method)
02-19 18:35:33.340 15586 15586 E unknown:ReactRootView: 	at com.android.internal.os.RuntimeInit$MethodAndArgsCaller.run(RuntimeInit.java:593)
02-19 18:35:33.340 15586 15586 E unknown:ReactRootView: 	at com.android.internal.os.ZygoteInit.main(ZygoteInit.java:932)
02-19 18:35:33.385 20068 20154 I FontLog : (REDACTED) Received query %s, URI %s
02-19 18:35:33.385 20068 20154 I FontLog : (REDACTED) Query [%s] resolved to %s
02-19 18:35:33.388 20068 20154 I FontLog : (REDACTED) Fetch %s end status %s
02-19 18:35:33.498   752   780 W AppOps  : Noting op not finished: uid 10148 pkg com.google.android.gms code 113 startTime of in progress event=1771455059663
02-19 18:35:33.500 20068 20076 I FontLog : (REDACTED) Pulling font file for id = %d, cache size = %d
02-19 18:35:33.502 15586 15586 D CompatChangeReporter: Compat change id reported: 270674727; UID 10217; state: ENABLED
02-19 18:35:33.510 20068 20076 I FontLog : (REDACTED) Pulling font file for id = %d, cache size = %d
02-19 18:35:33.538 15586 15586 D CompatChangeReporter: Compat change id reported: 63938206; UID 10217; state: ENABLED
02-19 18:35:33.592   752   780 D CoreBackPreview: Window{4a75a22 u0 PopupWindow:9eddfb0}: Setting back callback OnBackInvokedCallbackInfo{mCallback=android.window.IOnBackInvokedCallback$Stub$Proxy@63c8270, mPriority=0, mIsAnimationCallback=false, mOverrideBehavior=0}
02-19 18:35:33.756  4449  4474 W WindowOnBackDispatcher: sendCancelIfRunning: isInProgress=false callback=android.view.ViewRootImpl$$ExternalSyntheticLambda13@5d28ed9
02-19 18:35:33.767   752  1789 D CoreBackPreview: Window{b533f5f u0 Splash Screen viva.republica.toss.test EXITING}: Setting back callback null
02-19 18:35:34.058   752   795 W Looper  : Slow dispatch took 782ms android.ui app=system_server main=false group=TOP_APP h=android.view.Choreographer$FrameHandler c=android.view.Choreographer$FrameDisplayEventReceiver@871751d m=0
02-19 18:35:34.063   752   795 W Looper  : Slow delivery took 794ms android.ui app=system_server main=false group=TOP_APP h=com.android.server.wm.DisplayPolicy$PolicyHandler c=com.android.server.wm.DisplayPolicy$$ExternalSyntheticLambda14@3695bf7 m=0
02-19 18:35:34.063   752   795 I Choreographer: Skipped 46 frames!  The application may be doing too much work on its main thread.
02-19 18:35:34.076   752  2377 I HWUI    : Davey! duration=762ms; Flags=1, FrameTimelineVsyncId=1855849, IntendedVsync=105207104731906, Vsync=105207121398572, InputEventId=0, HandleInputStart=105207122022048, AnimationStart=105207122024675, PerformTraversalsStart=105207122024993, DrawStart=105207393916383, FrameDeadline=105207121398572, FrameStartTime=105207122009393, FrameInterval=16666666, WorkloadTarget=16666666, SyncQueued=105207404028530, SyncStart=105207442473610, IssueDrawCommandsStart=105207442841787, SwapBuffers=105207890259047, FrameCompleted=105207906092997, DequeueBufferDuration=14014, QueueBufferDuration=747506, GpuCompleted=105207906092997, SwapBuffersCompleted=105207903241320, DisplayPresentTime=29555362188230702, CommandSubmissionCompleted=105207890259047, 
02-19 18:35:34.211   752   795 W Looper  : Drained
02-19 18:35:34.214   752   795 W Looper  : Slow dispatch took 131ms android.ui app=system_server main=false group=TOP_APP h=android.view.Choreographer$FrameHandler c=android.view.Choreographer$FrameDisplayEventReceiver@871751d m=0
02-19 18:35:35.763 15586 15586 W WindowOnBackDispatcher: sendCancelIfRunning: isInProgress=false callback=android.view.ViewRootImpl$$ExternalSyntheticLambda13@5688f4f
02-19 18:35:35.764   752  2500 D CoreBackPreview: Window{4a75a22 u0 PopupWindow:9eddfb0}: Setting back callback null
02-19 18:35:35.807 15586 15725 D nativeloader: Load /data/app/~~NUQj-rdXzuicW-16SIRtKA==/viva.republica.toss.test-Si406wFvb_sqEA2GTBV6RQ==/lib/x86_64/libc++_shared.so using class loader ns clns-9 (caller=<unknown>): ok
02-19 18:35:35.837 15586 15725 D nativeloader: Load /data/app/~~NUQj-rdXzuicW-16SIRtKA==/viva.republica.toss.test-Si406wFvb_sqEA2GTBV6RQ==/lib/x86_64/libglog.so using class loader ns clns-9 (caller=<unknown>): ok
02-19 18:35:35.894 15586 15725 D nativeloader: Load /data/app/~~NUQj-rdXzuicW-16SIRtKA==/viva.republica.toss.test-Si406wFvb_sqEA2GTBV6RQ==/lib/x86_64/libfolly_runtime.so using class loader ns clns-9 (caller=<unknown>): ok
02-19 18:35:35.926 15586 15725 D nativeloader: Load /data/app/~~NUQj-rdXzuicW-16SIRtKA==/viva.republica.toss.test-Si406wFvb_sqEA2GTBV6RQ==/lib/x86_64/libfbjni.so using class loader ns clns-9 (caller=<unknown>): ok
02-19 18:35:36.024 15586 15725 D nativeloader: Load /data/app/~~NUQj-rdXzuicW-16SIRtKA==/viva.republica.toss.test-Si406wFvb_sqEA2GTBV6RQ==/lib/x86_64/libjsi.so using class loader ns clns-9 (caller=<unknown>): ok
02-19 18:35:36.029 15726 15726 W dumpsys : Thread Pool max thread count is 0. Cannot cache binder as linkToDeath cannot be implemented. serviceName: window
02-19 18:35:36.071 15586 15725 D nativeloader: Load /data/app/~~NUQj-rdXzuicW-16SIRtKA==/viva.republica.toss.test-Si406wFvb_sqEA2GTBV6RQ==/lib/x86_64/libhermes.so using class loader ns clns-9 (caller=<unknown>): ok
02-19 18:35:36.122 15586 15725 D nativeloader: Load /data/app/~~NUQj-rdXzuicW-16SIRtKA==/viva.republica.toss.test-Si406wFvb_sqEA2GTBV6RQ==/lib/x86_64/libfb.so using class loader ns clns-9 (caller=<unknown>): ok
02-19 18:35:36.169 15586 15725 D nativeloader: Load /data/app/~~NUQj-rdXzuicW-16SIRtKA==/viva.republica.toss.test-Si406wFvb_sqEA2GTBV6RQ==/lib/x86_64/libyoga.so using class loader ns clns-9 (caller=<unknown>): ok
02-19 18:35:36.174 15586 15725 D nativeloader: Load /data/app/~~NUQj-rdXzuicW-16SIRtKA==/viva.republica.toss.test-Si406wFvb_sqEA2GTBV6RQ==/lib/x86_64/libruntimeexecutor.so using class loader ns clns-9 (caller=<unknown>): ok
02-19 18:35:36.219 15586 15725 D nativeloader: Load /data/app/~~NUQj-rdXzuicW-16SIRtKA==/viva.republica.toss.test-Si406wFvb_sqEA2GTBV6RQ==/lib/x86_64/libreact_debug.so using class loader ns clns-9 (caller=<unknown>): ok
02-19 18:35:36.264 15586 15725 D nativeloader: Load /data/app/~~NUQj-rdXzuicW-16SIRtKA==/viva.republica.toss.test-Si406wFvb_sqEA2GTBV6RQ==/lib/x86_64/libglog_init.so using class loader ns clns-9 (caller=<unknown>): ok
02-19 18:35:36.329 15586 15725 D nativeloader: Load /data/app/~~NUQj-rdXzuicW-16SIRtKA==/viva.republica.toss.test-Si406wFvb_sqEA2GTBV6RQ==/lib/x86_64/libreact_utils.so using class loader ns clns-9 (caller=<unknown>): ok
02-19 18:35:36.362 15586 15725 D nativeloader: Load /data/app/~~NUQj-rdXzuicW-16SIRtKA==/viva.republica.toss.test-Si406wFvb_sqEA2GTBV6RQ==/lib/x86_64/libreact_render_mapbuffer.so using class loader ns clns-9 (caller=<unknown>): ok
