02-19 18:35:36.367 15586 15725 D nativeloader: Load /data/app/~~NUQj-rdXzuicW-16SIRtKA==/viva.republica.toss.test-Si406wFvb_sqEA2GTBV6RQ==/lib/x86_64/libreact_render_graphics.so using class loader ns clns-9 (caller=<unknown>): ok
02-19 18:35:36.369 15586 15725 D nativeloader: Load /data/app/~~NUQj-rdXzuicW-16SIRtKA==/viva.republica.toss.test-Si406wFvb_sqEA2GTBV6RQ==/lib/x86_64/libreact_render_debug.so using class loader ns clns-9 (caller=<unknown>): ok
02-19 18:35:36.372 15586 15725 D nativeloader: Load /data/app/~~NUQj-rdXzuicW-16SIRtKA==/viva.republica.toss.test-Si406wFvb_sqEA2GTBV6RQ==/lib/x86_64/libreact_render_core.so using class loader ns clns-9 (caller=<unknown>): ok
02-19 18:35:36.374 15586 15725 D nativeloader: Load /data/app/~~NUQj-rdXzuicW-16SIRtKA==/viva.republica.toss.test-Si406wFvb_sqEA2GTBV6RQ==/lib/x86_64/libreact_render_runtimescheduler.so using class loader ns clns-9 (caller=<unknown>): ok
02-19 18:35:36.377 15586 15725 D nativeloader: Load /data/app/~~NUQj-rdXzuicW-16SIRtKA==/viva.republica.toss.test-Si406wFvb_sqEA2GTBV6RQ==/lib/x86_64/liblogger.so using class loader ns clns-9 (caller=<unknown>): ok
02-19 18:35:36.381 15586 15725 D nativeloader: Load /data/app/~~NUQj-rdXzuicW-16SIRtKA==/viva.republica.toss.test-Si406wFvb_sqEA2GTBV6RQ==/lib/x86_64/libreactperfloggerjni.so using class loader ns clns-9 (caller=<unknown>): ok
02-19 18:35:36.383 15586 15725 D nativeloader: Load /data/app/~~NUQj-rdXzuicW-16SIRtKA==/viva.republica.toss.test-Si406wFvb_sqEA2GTBV6RQ==/lib/x86_64/libjsinspector.so using class loader ns clns-9 (caller=<unknown>): ok
02-19 18:35:36.387 15586 15725 D nativeloader: Load /data/app/~~NUQj-rdXzuicW-16SIRtKA==/viva.republica.toss.test-Si406wFvb_sqEA2GTBV6RQ==/lib/x86_64/libreactnativejni.so using class loader ns clns-9 (caller=<unknown>): ok
02-19 18:35:36.394 15586 15725 D nativeloader: Load /data/app/~~NUQj-rdXzuicW-16SIRtKA==/viva.republica.toss.test-Si406wFvb_sqEA2GTBV6RQ==/lib/x86_64/libhermes_executor.so using class loader ns clns-9 (caller=<unknown>): ok
02-19 18:35:36.430 15586 15725 D ApplicationLoaders: Returning zygote-cached class loader: /system/framework/org.apache.http.legacy.jar
02-19 18:35:36.431 15586 15725 D ApplicationLoaders: Returning zygote-cached class loader: /system/framework/com.android.location.provider.jar
02-19 18:35:36.431 15586 15725 D ApplicationLoaders: Returning zygote-cached class loader: /system/framework/com.android.media.remotedisplay.jar
02-19 18:35:36.431 15586 15725 D ApplicationLoaders: Returning zygote-cached class loader: /system_ext/framework/androidx.window.extensions.jar
02-19 18:35:36.431 15586 15725 D ApplicationLoaders: Returning zygote-cached class loader: /system_ext/framework/androidx.window.sidecar.jar
02-19 18:35:36.622 15586 15725 D nativeloader: Configuring clns-13 for other apk /data/app/~~O-UZzK0jUU9NLgS3MODOZA==/com.google.android.gms-YQ2L6GsYyKuvu9MvIBK1EQ==/base.apk. target_sdk_version=36, uses_libraries=, library_path=/data/app/~~O-UZzK0jUU9NLgS3MODOZA==/com.google.android.gms-YQ2L6GsYyKuvu9MvIBK1EQ==/lib/x86_64:/data/app/~~O-UZzK0jUU9NLgS3MODOZA==/com.google.android.gms-YQ2L6GsYyKuvu9MvIBK1EQ==/base.apk!/lib/x86_64, permitted_path=/data:/mnt/expand:/data/user/0/com.google.android.gms
02-19 18:35:36.844 15586 15725 I blica.toss.test: AssetManager2(0x7d8fac432778) locale list changing from [] to [en-US]
02-19 18:35:36.885 15586 15725 W System  : ClassLoader referenced unknown path: 
02-19 18:35:36.886 15586 15725 D nativeloader: Configuring clns-14 for other apk . target_sdk_version=36, uses_libraries=, library_path=/data/app/~~O-UZzK0jUU9NLgS3MODOZA==/com.google.android.gms-YQ2L6GsYyKuvu9MvIBK1EQ==/lib/x86_64:/data/app/~~O-UZzK0jUU9NLgS3MODOZA==/com.google.android.gms-YQ2L6GsYyKuvu9MvIBK1EQ==/base.apk!/lib/x86_64, permitted_path=/data:/mnt/expand:/data/user/0/com.google.android.gms
02-19 18:35:36.888 15586 15725 W DynamiteModule: Failed to load module via V2: java.lang.NoSuchFieldException: No field sClassLoader in class Lcom/google/android/gms/dynamite/DynamiteModule$DynamiteLoaderClassLoader; (declaration of 'com.google.android.gms.dynamite.DynamiteModule$DynamiteLoaderClassLoader' appears in /data/app/~~NUQj-rdXzuicW-16SIRtKA==/viva.republica.toss.test-Si406wFvb_sqEA2GTBV6RQ==/base.apk!classes2.dex)
02-19 18:35:36.891 15586 15725 I DynamiteModule: Considering local module com.google.android.gms.ads.dynamite:0 and remote module com.google.android.gms.ads.dynamite:254380203
02-19 18:35:36.891 15586 15725 I DynamiteModule: Selected remote version of com.google.android.gms.ads.dynamite, version >= 254380203
02-19 18:35:36.895 15586 15725 D CompatChangeReporter: Compat change id reported: 312399441; UID 10217; state: ENABLED
02-19 18:35:37.021 15586 15725 I blica.toss.test: AssetManager2(0x7d8fac42e2b8) locale list changing from [] to [en-US]
02-19 18:35:37.022 15586 15725 I blica.toss.test: AssetManager2(0x7d8fac432a98) locale list changing from [] to [en-US]
02-19 18:35:37.026 15586 15725 D DynamitePackage: Instantiated singleton DynamitePackage.
02-19 18:35:37.026 15586 15725 D DynamitePackage: Instantiating com.google.android.gms.ads.ChimeraMobileAdsSettingManagerCreatorImpl
02-19 18:35:37.105   752  1631 D ConnectivityService: requestNetwork for uid/pid:10217/15586 activeRequest: null callbackRequest: 636 [NetworkRequest [ REQUEST id=637, [ Capabilities: INTERNET&NOT_RESTRICTED&TRUSTED&NOT_VCN_MANAGED&NOT_BANDWIDTH_CONSTRAINED Uid: 10217 RequestorUid: 10217 RequestorPkg: viva.republica.toss.test UnderlyingNetworks: Null] ]] callback flags: 0 order: 2147483647 isUidTracked: false declaredMethods: AVAIL|LOST
02-19 18:35:37.112   752  1023 D OemPaidWifiNetworkFactory: got request NetworkRequest [ REQUEST id=637, [ Capabilities: INTERNET&NOT_RESTRICTED&TRUSTED&NOT_VCN_MANAGED&NOT_BANDWIDTH_CONSTRAINED Uid: 10217 RequestorUid: 10217 RequestorPkg: viva.republica.toss.test UnderlyingNetworks: Null] ]
02-19 18:35:37.112   752  1023 D MultiInternetWifiNetworkFactory: got request NetworkRequest [ REQUEST id=637, [ Capabilities: INTERNET&NOT_RESTRICTED&TRUSTED&NOT_VCN_MANAGED&NOT_BANDWIDTH_CONSTRAINED Uid: 10217 RequestorUid: 10217 RequestorPkg: viva.republica.toss.test UnderlyingNetworks: Null] ]
02-19 18:35:37.112   752  1023 D WifiNetworkFactory: got request NetworkRequest [ REQUEST id=637, [ Capabilities: INTERNET&NOT_RESTRICTED&TRUSTED&NOT_VCN_MANAGED&NOT_BANDWIDTH_CONSTRAINED Uid: 10217 RequestorUid: 10217 RequestorPkg: viva.republica.toss.test UnderlyingNetworks: Null] ]
02-19 18:35:37.113   752  1023 D UntrustedWifiNetworkFactory: got request NetworkRequest [ REQUEST id=637, [ Capabilities: INTERNET&NOT_RESTRICTED&TRUSTED&NOT_VCN_MANAGED&NOT_BANDWIDTH_CONSTRAINED Uid: 10217 RequestorUid: 10217 RequestorPkg: viva.republica.toss.test UnderlyingNetworks: Null] ]
02-19 18:35:37.113   752  1029 D ConnectivityService: NetReassign [637 : null → 108] [c 2] [a 3] [i 2]
02-19 18:35:37.153 15586 15725 D DynamitePackage: Instantiating com.google.android.gms.ads.ChimeraAdPreloaderCreatorImpl
02-19 18:35:37.213  3453  3453 D BoundBrokerSvc: onRebind: Intent { act=com.google.android.gms.appset.service.START dat=chimera-action:/... xflg=0x4 cmp=com.google.android.gms/.chimera.GmsApiService }
02-19 18:35:37.221   752  1095 D BackgroundInstallControlService: Package event received: 0
02-19 18:35:37.224   752  1095 D BackgroundInstallControlService: Package event received: 0
02-19 18:35:37.232  3794  3862 I Finsky  : [63] Current account updated in PVS
02-19 18:35:37.238  3794  3877 I Finsky  : [71] Current account updated in PVS
02-19 18:35:37.238  3794  3877 I Finsky  : [71] Current account updated in PVS
02-19 18:35:37.275   752   780 D ConnectivityService: requestNetwork for uid/pid:10217/15586 activeRequest: null callbackRequest: 638 [NetworkRequest [ REQUEST id=639, [ Capabilities: INTERNET&NOT_RESTRICTED&TRUSTED&NOT_VCN_MANAGED&NOT_BANDWIDTH_CONSTRAINED Uid: 10217 RequestorUid: 10217 RequestorPkg: viva.republica.toss.test UnderlyingNetworks: Null] ]] callback flags: 0 order: 2147483647 isUidTracked: false declaredMethods: AVAIL|LOST|NC|LP
02-19 18:35:37.276 15586 15725 W unknown:ReactContext: initializeMessageQueueThreads() is called.
02-19 18:35:37.278   752  1789 D CompatChangeReporter: Compat change id reported: 319212206; UID 10217; state: ENABLED
02-19 18:35:37.281   752  1023 D OemPaidWifiNetworkFactory: got request NetworkRequest [ REQUEST id=639, [ Capabilities: INTERNET&NOT_RESTRICTED&TRUSTED&NOT_VCN_MANAGED&NOT_BANDWIDTH_CONSTRAINED Uid: 10217 RequestorUid: 10217 RequestorPkg: viva.republica.toss.test UnderlyingNetworks: Null] ]
02-19 18:35:37.281   752  1023 D MultiInternetWifiNetworkFactory: got request NetworkRequest [ REQUEST id=639, [ Capabilities: INTERNET&NOT_RESTRICTED&TRUSTED&NOT_VCN_MANAGED&NOT_BANDWIDTH_CONSTRAINED Uid: 10217 RequestorUid: 10217 RequestorPkg: viva.republica.toss.test UnderlyingNetworks: Null] ]
02-19 18:35:37.282   752  1029 D ConnectivityService: NetReassign [639 : null → 108] [c 1] [a 1] [i 3]
02-19 18:35:37.283   752  1023 D WifiNetworkFactory: got request NetworkRequest [ REQUEST id=639, [ Capabilities: INTERNET&NOT_RESTRICTED&TRUSTED&NOT_VCN_MANAGED&NOT_BANDWIDTH_CONSTRAINED Uid: 10217 RequestorUid: 10217 RequestorPkg: viva.republica.toss.test UnderlyingNetworks: Null] ]
02-19 18:35:37.284   752  1023 D UntrustedWifiNetworkFactory: got request NetworkRequest [ REQUEST id=639, [ Capabilities: INTERNET&NOT_RESTRICTED&TRUSTED&NOT_VCN_MANAGED&NOT_BANDWIDTH_CONSTRAINED Uid: 10217 RequestorUid: 10217 RequestorPkg: viva.republica.toss.test UnderlyingNetworks: Null] ]
02-19 18:35:37.287   752  1029 D ConnectivityService: NetReassign [no changes] [c 2] [a 1] [i 1]
02-19 18:35:37.314   752  2500 D CompatChangeReporter: Compat change id reported: 297989574; UID 10217; state: ENABLED
02-19 18:35:37.357 15586 15752 W unknown:ViewManagerPropertyUpdater: Could not find generated setter for class com.facebook.react.views.traceupdateoverlay.TraceUpdateOverlayManager
02-19 18:35:37.371 15586 15752 W unknown:ViewManagerPropertyUpdater: Could not find generated setter for class com.facebook.react.uimanager.LayoutShadowNode
02-19 18:35:37.377 15586 15752 W unknown:ViewManagerPropertyUpdater: Could not find generated setter for class com.facebook.react.views.drawer.ReactDrawerLayoutManager
02-19 18:35:37.379 15586 15752 W unknown:ViewManagerPropertyUpdater: Could not find generated setter for class com.facebook.react.views.scroll.ReactHorizontalScrollViewManager
02-19 18:35:37.381 15586 15586 W unknown:ReactNative: Packager connection already open, nooping.
02-19 18:35:37.383 15586 15752 W unknown:ViewManagerPropertyUpdater: Could not find generated setter for class com.facebook.react.views.scroll.ReactHorizontalScrollContainerViewManager
02-19 18:35:37.385 15586 15752 W unknown:ViewManagerPropertyUpdater: Could not find generated setter for class com.facebook.react.views.progressbar.ReactProgressBarViewManager
02-19 18:35:37.386 15586 15752 W unknown:ViewManagerPropertyUpdater: Could not find generated setter for class com.facebook.react.views.progressbar.ProgressBarShadowNode
02-19 18:35:37.388 15586 15752 W unknown:ViewManagerPropertyUpdater: Could not find generated setter for class com.facebook.react.views.scroll.ReactScrollViewManager
02-19 18:35:37.390 15586 15752 W unknown:ViewManagerPropertyUpdater: Could not find generated setter for class com.facebook.react.views.switchview.ReactSwitchManager
02-19 18:35:37.392 15586 15752 W unknown:ViewManagerPropertyUpdater: Could not find generated setter for class com.facebook.react.views.switchview.ReactSwitchManager$ReactSwitchShadowNode
02-19 18:35:37.392 15586 15752 W unknown:ViewManagerPropertyUpdater: Could not find generated setter for class com.facebook.react.views.swiperefresh.SwipeRefreshLayoutManager
02-19 18:35:37.398 15586 15752 W unknown:ViewManagerPropertyUpdater: Could not find generated setter for class com.facebook.react.views.text.frescosupport.FrescoBasedReactTextInlineImageViewManager
02-19 18:35:37.399 15586 15752 W unknown:ViewManagerPropertyUpdater: Could not find generated setter for class com.facebook.react.views.text.frescosupport.FrescoBasedReactTextInlineImageShadowNode
02-19 18:35:37.401 15586 15752 W unknown:ViewManagerPropertyUpdater: Could not find generated setter for class com.facebook.react.views.image.ReactImageManager
02-19 18:35:37.423 15586 15752 W unknown:ViewManagerPropertyUpdater: Could not find generated setter for class com.facebook.react.views.modal.ReactModalHostManager
02-19 18:35:37.425 15586 15752 W unknown:ViewManagerPropertyUpdater: Could not find generated setter for class com.facebook.react.views.modal.ModalHostShadowNode
02-19 18:35:37.426 15586 15752 W unknown:ViewManagerPropertyUpdater: Could not find generated setter for class com.facebook.react.views.text.ReactRawTextManager
02-19 18:35:37.427 15586 15752 W unknown:ViewManagerPropertyUpdater: Could not find generated setter for class com.facebook.react.views.text.ReactRawTextShadowNode
02-19 18:35:37.428 15586 15752 W unknown:ViewManagerPropertyUpdater: Could not find generated setter for class com.facebook.react.views.textinput.ReactTextInputManager
02-19 18:35:37.436 15586 15632 W cr_media: BLUETOOTH_CONNECT permission is missing.
02-19 18:35:37.436 15586 15632 W cr_media: getBluetoothAdapter() requires BLUETOOTH permission
02-19 18:35:37.437 15586 15632 W cr_media: registerBluetoothIntentsIfNeeded: Requires BLUETOOTH permission
02-19 18:35:37.443 15586 15752 W unknown:ViewManagerPropertyUpdater: Could not find generated setter for class com.facebook.react.views.textinput.ReactTextInputShadowNode
02-19 18:35:37.445 15586 15752 W unknown:ViewManagerPropertyUpdater: Could not find generated setter for class com.facebook.react.views.text.ReactTextViewManager
02-19 18:35:37.447 15586 15594 I blica.toss.test: Background concurrent mark compact GC freed 6864KB AllocSpace bytes, 11(276KB) LOS objects, 49% free, 16MB/33MB, paused 3.115ms,4.829ms total 159.563ms
02-19 18:35:37.447 15586 15752 W unknown:ViewManagerPropertyUpdater: Could not find generated setter for class com.facebook.react.views.text.ReactTextShadowNode
02-19 18:35:37.447 15586 15752 W unknown:ViewManagerPropertyUpdater: Could not find generated setter for class com.facebook.react.views.view.ReactViewManager
02-19 18:35:37.449 15586 15752 W unknown:ViewManagerPropertyUpdater: Could not find generated setter for class com.facebook.react.views.text.ReactVirtualTextViewManager
02-19 18:35:37.451 15586 15752 W unknown:ViewManagerPropertyUpdater: Could not find generated setter for class com.facebook.react.views.text.ReactVirtualTextShadowNode
02-19 18:35:37.451 15586 15752 W unknown:ViewManagerPropertyUpdater: Could not find generated setter for class com.facebook.react.views.unimplementedview.ReactUnimplementedViewManager
02-19 18:35:37.452 15586 15752 W unknown:ViewManagerPropertyUpdater: Could not find generated setter for class com.shopify.reactnative.flash_list.AutoLayoutViewManager
02-19 18:35:37.453 15586 15752 W unknown:ViewManagerPropertyUpdater: Could not find generated setter for class com.shopify.reactnative.flash_list.CellContainerManager
02-19 18:35:37.455 15586 15752 W unknown:ViewManagerPropertyUpdater: Could not find generated setter for class com.airbnb.android.react.lottie.LottieAnimationViewManager
02-19 18:35:37.456 15586 15752 W unknown:ViewManagerPropertyUpdater: Could not find generated setter for class com.swmansion.gesturehandler.react.RNGestureHandlerRootViewManager
02-19 18:35:37.457 15586 15752 W unknown:ViewManagerPropertyUpdater: Could not find generated setter for class com.swmansion.gesturehandler.react.RNGestureHandlerButtonViewManager
02-19 18:35:37.458 15586 15752 W unknown:ViewManagerPropertyUpdater: Could not find generated setter for class io.invertase.googlemobileads.ReactNativeGoogleMobileAdsBannerAdViewManager
02-19 18:35:37.461 15586 15752 W unknown:ViewManagerPropertyUpdater: Could not find generated setter for class com.reactnativepagerview.PagerViewViewManager
02-19 18:35:37.462 15586 15752 W unknown:ViewManagerPropertyUpdater: Could not find generated setter for class com.th3rdwave.safeareacontext.SafeAreaProviderManager
02-19 18:35:37.463 15586 15752 W unknown:ViewManagerPropertyUpdater: Could not find generated setter for class com.th3rdwave.safeareacontext.SafeAreaViewManager
02-19 18:35:37.464 15586 15752 W unknown:ViewManagerPropertyUpdater: Could not find generated setter for class o.eglCreatePlatformPixmapSurface
02-19 18:35:37.465 15586 15752 W unknown:ViewManagerPropertyUpdater: Could not find generated setter for class com.swmansion.rnscreens.ScreenContainerViewManager
02-19 18:35:37.466 15586 15752 W unknown:ViewManagerPropertyUpdater: Could not find generated setter for class com.swmansion.rnscreens.ScreenViewManager
02-19 18:35:37.467 15586 15752 W unknown:ViewManagerPropertyUpdater: Could not find generated setter for class com.swmansion.rnscreens.ScreenStackViewManager
02-19 18:35:37.468 15586 15752 W unknown:ViewManagerPropertyUpdater: Could not find generated setter for class com.swmansion.rnscreens.ScreenStackHeaderConfigViewManager
02-19 18:35:37.469 15586 15752 W unknown:ViewManagerPropertyUpdater: Could not find generated setter for class com.swmansion.rnscreens.ScreenStackHeaderSubviewManager
02-19 18:35:37.470 15586 15752 W unknown:ViewManagerPropertyUpdater: Could not find generated setter for class com.swmansion.rnscreens.SearchBarManager
02-19 18:35:37.472 15586 15752 W unknown:ViewManagerPropertyUpdater: Could not find generated setter for class com.horcrux.svg.RenderableViewManager$DefsViewManager
02-19 18:35:37.474 15586 15752 W unknown:ViewManagerPropertyUpdater: Could not find generated setter for class com.horcrux.svg.VirtualViewManager$RemoteActionCompatParcelizer
02-19 18:35:37.476 15586 15752 W unknown:ViewManagerPropertyUpdater: Could not find generated setter for class com.horcrux.svg.RenderableViewManager$MarkerManager
02-19 18:35:37.480 15586 15752 W unknown:ViewManagerPropertyUpdater: Could not find generated setter for class com.horcrux.svg.RenderableViewManager$ForeignObjectManager
02-19 18:35:37.481 15586 15752 W unknown:ViewManagerPropertyUpdater: Could not find generated setter for class com.horcrux.svg.RenderableViewManager$EllipseViewManager
02-19 18:35:37.482 15586 15752 W unknown:ViewManagerPropertyUpdater: Could not find generated setter for class com.horcrux.svg.RenderableViewManager$LineViewManager
02-19 18:35:37.483 15586 15752 W unknown:ViewManagerPropertyUpdater: Could not find generated setter for class com.horcrux.svg.RenderableViewManager$LinearGradientManager
02-19 18:35:37.484 15586 15752 W unknown:ViewManagerPropertyUpdater: Could not find generated setter for class com.horcrux.svg.RenderableViewManager$GroupViewManager
02-19 18:35:37.485 15586 15752 W unknown:ViewManagerPropertyUpdater: Could not find generated setter for class com.horcrux.svg.RenderableViewManager$TextViewManager
02-19 18:35:37.486 15586 15752 W unknown:ViewManagerPropertyUpdater: Could not find generated setter for class com.horcrux.svg.RenderableViewManager$ImageViewManager
02-19 18:35:37.487 15586 15752 W unknown:ViewManagerPropertyUpdater: Could not find generated setter for class com.horcrux.svg.RenderableViewManager$ClipPathViewManager
02-19 18:35:37.488 15586 15752 W unknown:ViewManagerPropertyUpdater: Could not find generated setter for class com.horcrux.svg.RenderableViewManager$RadialGradientManager
02-19 18:35:37.489 15586 15594 W blica.toss.test: Deferring native library unloading due to contention
02-19 18:35:37.491 15586 15752 W unknown:ViewManagerPropertyUpdater: Could not find generated setter for class com.horcrux.svg.RenderableViewManager$MaskManager
02-19 18:35:37.496 15586 15752 W unknown:ViewManagerPropertyUpdater: Could not find generated setter for class com.horcrux.svg.RenderableViewManager$SymbolManager
02-19 18:35:37.502 15586 15752 W unknown:ViewManagerPropertyUpdater: Could not find generated setter for class com.horcrux.svg.RenderableViewManager$PatternManager
02-19 18:35:37.511 15586 15752 W unknown:ViewManagerPropertyUpdater: Could not find generated setter for class com.horcrux.svg.RenderableViewManager$RectViewManager
02-19 18:35:37.516 15586 15752 W unknown:ViewManagerPropertyUpdater: Could not find generated setter for class com.horcrux.svg.RenderableViewManager$TextPathViewManager
02-19 18:35:37.517 15586 15758 W libc    : Access denied finding property "vendor.mesa.log"
02-19 18:35:37.517 15586 15758 W libc    : Access denied finding property "vendor.mesa.log.file"
02-19 18:35:37.517 15586 15758 E MESA    : Failed to open rendernode: No such file or directory
02-19 18:35:37.519 15586 15752 W unknown:ViewManagerPropertyUpdater: Could not find generated setter for class com.horcrux.svg.SvgViewManager
02-19 18:35:37.522 15586 15752 W unknown:ViewManagerPropertyUpdater: Could not find generated setter for class com.horcrux.svg.RenderableViewManager$PathViewManager
02-19 18:35:37.527 15586 15752 W unknown:ViewManagerPropertyUpdater: Could not find generated setter for class com.horcrux.svg.RenderableViewManager$UseViewManager
02-19 18:35:37.529 15586 15751 D nativeloader: Load /data/data/viva.republica.toss.test/libtcj.so using class loader ns clns-9 (caller=<unknown>): ok
02-19 18:35:37.531 15586 15752 W unknown:ViewManagerPropertyUpdater: Could not find generated setter for class com.horcrux.svg.RenderableViewManager$CircleViewManager
02-19 18:35:37.534 15586 15752 W unknown:ViewManagerPropertyUpdater: Could not find generated setter for class com.horcrux.svg.RenderableViewManager$TSpanViewManager
02-19 18:35:37.539 15586 15752 W unknown:ViewManagerPropertyUpdater: Could not find generated setter for class com.brentvatne.exoplayer.ReactExoplayerViewManager
02-19 18:35:37.512 15586 15586 W mqt_js  : type=1400 audit(0.0:337): avc:  granted  { execute } for  path="/data/data/viva.republica.toss.test/libtcj.so" dev="dm-55" ino=363036 scontext=u:r:untrusted_app:s0:c217,c256,c512,c768 tcontext=u:object_r:app_data_file:s0:c217,c256,c512,c768 tclass=file app=viva.republica.toss.test
02-19 18:35:37.544 15586 15752 W unknown:ViewManagerPropertyUpdater: Could not find generated setter for class com.reactnativecommunity.webview.RNCWebViewManager
02-19 18:35:37.547 15586 15758 D vulkan  : searching for layers in '/data/app/~~NUQj-rdXzuicW-16SIRtKA==/viva.republica.toss.test-Si406wFvb_sqEA2GTBV6RQ==/lib/x86_64'
02-19 18:35:37.555 15586 15758 D vulkan  : searching for layers in '/data/app/~~NUQj-rdXzuicW-16SIRtKA==/viva.republica.toss.test-Si406wFvb_sqEA2GTBV6RQ==/base.apk!/lib/x86_64'
02-19 18:35:37.559 15586 15752 W unknown:ViewManagerPropertyUpdater: Could not find generated setter for class im.toss.rn.granite.core.module.image.FastImageViewManager
02-19 18:35:37.563 15586 15752 W unknown:ReactContext: initializeMessageQueueThreads() is called.
02-19 18:35:37.565 15614 15624 I cr_LibraryLoader: Successfully loaded native library
02-19 18:35:37.566 15614 15624 I cr_CachingUmaRecorder: Flushed 2 samples from 2 histograms, 0 samples were dropped.
02-19 18:35:37.588 15614 15624 W SystemServiceRegistry: No service published for: uimode
02-19 18:35:37.626 15614 15624 W chromium: [WARNING:runtime_features.cc(560)] Fenced frames cannot be enabled in this configuration. Use --enable-features=FencedFrames instead.
02-19 18:35:37.630 15614 15624 W chromium: [WARNING:runtime_features.cc(585)] Topics cannot be enabled in this configuration. Use --enable-features=BrowsingTopics in addition.
02-19 18:35:37.630 15614 15624 W chromium: [WARNING:runtime_features.cc(606)] SharedStorage cannot be enabled in this configuration. Use --enable-features=SharedStorageAPI in addition.
02-19 18:35:37.662  3453  3453 D BoundBrokerSvc: onBind: Intent { act=com.google.android.gms.safebrowsing.SafeBrowsingService.START dat=chimera-action:/... xflg=0x4 cmp=com.google.android.gms/.chimera.GmsBoundBrokerService }
02-19 18:35:37.662  3453  3453 D BoundBrokerSvc: Loading bound service for intent: Intent { act=com.google.android.gms.safebrowsing.SafeBrowsingService.START dat=chimera-action:/... xflg=0x4 cmp=com.google.android.gms/.chimera.GmsBoundBrokerService }
02-19 18:35:37.675 20068 20154 I FontLog : (REDACTED) Received query %s, URI %s
02-19 18:35:37.675 20068 20154 I FontLog : (REDACTED) Query [%s] resolved to %s
02-19 18:35:37.679 20068 20154 I FontLog : (REDACTED) Font PFD returned from cache for %s
02-19 18:35:37.684 20068 20154 I FontLog : (REDACTED) Fetch %s end status %s
02-19 18:35:37.703 20068 20076 I FontLog : (REDACTED) Pulling font file for id = %d, cache size = %d
02-19 18:35:37.709 15586 15758 W libc    : Access denied finding property "vendor.mesa.vk.trace.per.submit"
02-19 18:35:37.709 15586 15758 W libc    : Access denied finding property "vendor.mesa.gallium.print.optio"
02-19 18:35:37.709 15586 15758 W libc    : Access denied finding property "vendor.mesa.vk.trace.frame"
02-19 18:35:37.727 20068 20076 I FontLog : (REDACTED) Received query %s, URI %s
02-19 18:35:37.727 20068 20076 I FontLog : (REDACTED) Query [%s] resolved to %s
02-19 18:35:37.735 15586 15758 W libc    : Access denied finding property "vendor.mesa.vk.wsi.headless.swa"
02-19 18:35:37.736 20068 20076 I FontLog : (REDACTED) Fetch %s end status %s
02-19 18:35:37.752 20068 20076 I FontLog : (REDACTED) Pulling font file for id = %d, cache size = %d
02-19 18:35:37.759 20068 20076 I FontLog : (REDACTED) Received query %s, URI %s
02-19 18:35:37.759 20068 20076 I FontLog : (REDACTED) Query [%s] resolved to %s
02-19 18:35:37.760 20068 20076 I FontLog : (REDACTED) Font PFD returned from cache for %s
02-19 18:35:37.761 20068 20076 I FontLog : (REDACTED) Fetch %s end status %s
02-19 18:35:37.763 20068 20076 I FontLog : (REDACTED) Pulling font file for id = %d, cache size = %d
02-19 18:35:37.766 20068 20076 I FontLog : (REDACTED) Received query %s, URI %s
02-19 18:35:37.766 20068 20076 I FontLog : (REDACTED) Query [%s] resolved to %s
02-19 18:35:37.769   752  1029 D InetDiagMessage: Destroyed 0 sockets, proto=IPPROTO_TCP, family=AF_INET, states=14
02-19 18:35:37.769 20068 20076 I FontLog : (REDACTED) Font PFD returned from cache for %s
02-19 18:35:37.769 20068 20076 I FontLog : (REDACTED) Fetch %s end status %s
02-19 18:35:37.772 20068 20154 I FontLog : (REDACTED) Pulling font file for id = %d, cache size = %d
02-19 18:35:37.775 20068 20154 I FontLog : (REDACTED) Received query %s, URI %s
02-19 18:35:37.775   752  1029 D InetDiagMessage: Destroyed 0 sockets, proto=IPPROTO_TCP, family=AF_INET6, states=14
02-19 18:35:37.775 20068 20154 I FontLog : (REDACTED) Query [%s] resolved to %s
02-19 18:35:37.776 20068 20154 I FontLog : (REDACTED) Font PFD returned from cache for %s
02-19 18:35:37.777 20068 20154 I FontLog : (REDACTED) Fetch %s end status %s
02-19 18:35:37.778   752  1029 D InetDiagMessage: Destroyed live tcp sockets for uids={10168} in 10ms
02-19 18:35:37.778 20068 20154 I FontLog : (REDACTED) Pulling font file for id = %d, cache size = %d
02-19 18:35:37.779   752  1029 D InetDiagMessage: Destroyed 0 sockets, proto=IPPROTO_TCP, family=AF_INET, states=14
02-19 18:35:37.784   752  1029 D InetDiagMessage: Destroyed 0 sockets, proto=IPPROTO_TCP, family=AF_INET6, states=14
02-19 18:35:37.785   752  1029 D InetDiagMessage: Destroyed live tcp sockets for uids={20168} in 6ms
02-19 18:35:37.796 20068 15480 I SQLiteConnectionPool: The connection pool for /data/user/0/com.google.android.gms/databases/metadata.db has been closed but there are still 1 connections in use.  They will be closed as they are released back to the pool.
02-19 18:35:37.798 20068 15772 W FontLog : Error updating last accessed time for {Google Sans, wdth 100.0, wght 500, ital 0.0, bestEffort false}, isVf false}. [CONTEXT service_id=132 ]
02-19 18:35:37.798 20068 15772 W FontLog : java.lang.IllegalStateException: Cannot perform this operation because the connection pool has been closed.
02-19 18:35:37.798 20068 15772 W FontLog : 	at android.database.sqlite.SQLiteConnectionPool.throwIfClosedLocked(SQLiteConnectionPool.java:1110)
02-19 18:35:37.798 20068 15772 W FontLog : 	at android.database.sqlite.SQLiteConnectionPool.waitForConnection(SQLiteConnectionPool.java:801)
02-19 18:35:37.798 20068 15772 W FontLog : 	at android.database.sqlite.SQLiteConnectionPool.acquireConnection(SQLiteConnectionPool.java:406)
02-19 18:35:37.798 20068 15772 W FontLog : 	at android.database.sqlite.SQLiteSession.acquireConnection(SQLiteSession.java:931)
02-19 18:35:37.798 20068 15772 W FontLog : 	at android.database.sqlite.SQLiteSession.executeForChangedRowCount(SQLiteSession.java:789)
02-19 18:35:37.798 20068 15772 W FontLog : 	at android.database.sqlite.SQLiteStatement.executeUpdateDelete(SQLiteStatement.java:67)
02-19 18:35:37.798 20068 15772 W FontLog : 	at android.database.sqlite.SQLiteDatabase.executeSql(SQLiteDatabase.java:2235)
02-19 18:35:37.798 20068 15772 W FontLog : 	at android.database.sqlite.SQLiteDatabase.execSQL(SQLiteDatabase.java:2211)
02-19 18:35:37.798 20068 15772 W FontLog : 	at bvxi.run(:com.google.android.gms@260438038@26.04.38 (260800-867839860):57)
02-19 18:35:37.798 20068 15772 W FontLog : 	at bfir.c(:com.google.android.gms@260438038@26.04.38 (260800-867839860):50)
02-19 18:35:37.798 20068 15772 W FontLog : 	at bfir.run(:com.google.android.gms@260438038@26.04.38 (260800-867839860):73)
02-19 18:35:37.798 20068 15772 W FontLog : 	at java.util.concurrent.ThreadPoolExecutor.runWorker(ThreadPoolExecutor.java:1156)
02-19 18:35:37.798 20068 15772 W FontLog : 	at java.util.concurrent.ThreadPoolExecutor$Worker.run(ThreadPoolExecutor.java:651)
02-19 18:35:37.798 20068 15772 W FontLog : 	at bfoi.run(:com.google.android.gms@260438038@26.04.38 (260800-867839860):8)
02-19 18:35:37.798 20068 15772 W FontLog : 	at java.lang.Thread.run(Thread.java:1119)
02-19 18:35:37.798 20068 15772 W FontLog : Caused by: java.lang.Exception: SQLiteConnectionPool.close()
02-19 18:35:37.798 20068 15772 W FontLog : 	at android.database.sqlite.SQLiteConnectionPool.dispose(SQLiteConnectionPool.java:274)
02-19 18:35:37.798 20068 15772 W FontLog : 	at android.database.sqlite.SQLiteConnectionPool.close(SQLiteConnectionPool.java:254)
02-19 18:35:37.798 20068 15772 W FontLog : 	at android.database.sqlite.SQLiteDatabase.dispose(SQLiteDatabase.java:559)
02-19 18:35:37.798 20068 15772 W FontLog : 	at android.database.sqlite.SQLiteDatabase.onAllReferencesReleased(SQLiteDatabase.java:536)
02-19 18:35:37.798 20068 15772 W FontLog : 	at android.database.sqlite.SQLiteClosable.releaseReference(SQLiteClosable.java:92)
02-19 18:35:37.798 20068 15772 W FontLog : 	at android.database.sqlite.SQLiteDatabase.executeSql(SQLiteDatabase.java:2246)
02-19 18:35:37.798 20068 15772 W FontLog : 	... 8 more
02-19 18:35:37.863 15586 15758 W chromium: [WARNING:viz_main_impl.cc(85)] VizNullHypothesis is disabled (not a warning)
02-19 18:35:38.288 15586 15586 I Ads     : JS: The jsLoaded GMSG has been sent (https://googleads.g.doubleclick.net/mads/static/sdk/native/sdk-core-v40.html:1025)
02-19 18:35:38.491 15731 15731 W screencap: Thread Pool max thread count is 0. Cannot cache binder as linkToDeath cannot be implemented. serviceName: SurfaceFlingerAIDL
02-19 18:35:38.492 15731 15731 W BpBinder: Linking to death on android.gui.ISurfaceComposer but there are no threads (yet?) listening to incoming transactions. See ProcessState::startThreadPool and ProcessState::setThreadPoolMaxThreadCount. Generally you should setup the binder threadpool before other initialization steps.
02-19 18:35:38.492 15731 15731 W ProcessState: Extra binder thread started, but 0 threads requested. Do not use *startThreadPool when zero threads are requested.
02-19 18:35:38.498   531   549 E HwcComposer: getLuts failed Status(-8, EX_SERVICE_SPECIFIC): '8: '
02-19 18:35:38.498   531   549 E HWComposer: getLuts: getLuts failed for display 4619827259835644672: UNSUPPORTED (8)
02-19 18:35:38.891 15586 15751 D nativeloader: Load /data/app/~~NUQj-rdXzuicW-16SIRtKA==/viva.republica.toss.test-Si406wFvb_sqEA2GTBV6RQ==/lib/x86_64/libreactnativeblob.so using class loader ns clns-9 (caller=<unknown>): ok
02-19 18:35:38.930 15586 15586 W unknown:ReactContext: initializeMessageQueueThreads() is called.
02-19 18:35:38.930 15586 15593 I blica.toss.test: Compiler allocated 4717KB to compile void com.facebook.soloader.nativeloader.SystemDelegate.read(java.lang.String)
