--------- beginning of main
02-19 19:27:01.470 19316 19316 D VRI[GraniteActivity]: visibilityChanged oldVisibility=true newVisibility=false
--------- beginning of system
02-19 19:27:01.479  4449  4467 V WindowManagerShell: Track 0 became idle
02-19 19:27:01.479  4449  4467 V WindowManagerShell: All active transition animations finished
02-19 19:27:01.528 19316 19826 I ReactNativeJNI: Memory warning (pressure level: TRIM_MEMORY_UI_HIDDEN) received by JS VM, ignoring because it's non-severe
02-19 19:27:01.531 19316 20341 I ReactNativeJNI: Memory warning (pressure level: TRIM_MEMORY_UI_HIDDEN) received by JS VM, ignoring because it's non-severe
02-19 19:27:01.531 19316 20439 I ReactNativeJNI: Memory warning (pressure level: TRIM_MEMORY_UI_HIDDEN) received by JS VM, ignoring because it's non-severe
02-19 19:27:01.590   752  1095 D BackgroundInstallControlService: Package event received: 0
02-19 19:27:01.772   752  1852 W ActivityTaskManager: callingPackage for (uid=2000, pid=20594) has no WPC
02-19 19:27:01.774   752  1852 V GrammaticalInflectionUtils: AttributionSource: android.content.AttributionSource@56784557 does not have READ_SYSTEM_GRAMMATICAL_GENDER permission.
02-19 19:27:01.775   752  1852 W OptProp : Cannot read opt property android.window.PROPERTY_COMPAT_ALLOW_USER_ASPECT_RATIO_OVERRIDE
02-19 19:27:01.775   752  1852 W OptProp : Cannot read opt property android.window.PROPERTY_COMPAT_ALLOW_USER_ASPECT_RATIO_FULLSCREEN_OVERRIDE
02-19 19:27:01.775   752  1852 W OptProp : Cannot read opt property android.window.PROPERTY_COMPAT_ALLOW_RESIZEABLE_ACTIVITY_OVERRIDES
02-19 19:27:01.776   752  1852 W OptProp : Cannot read opt property android.window.PROPERTY_COMPAT_ALLOW_MIN_ASPECT_RATIO_OVERRIDE
02-19 19:27:01.865   752   795 W Looper  : Slow delivery took 203ms android.ui app=system_server main=false group=TOP_APP h=com.android.server.am.ActivityManagerService$UiHandler c=null m=31
02-19 19:27:01.903   752  1852 I ActivityTaskManager: START u0 {act=android.intent.action.VIEW dat=intoss://takealook/... flg=0x10000000 xflg=0x4 cmp=viva.republica.toss.test/im.toss.rn.granite.core.GraniteActivity} with LAUNCH_MULTIPLE from uid 2000 (BAL_ALLOW_PERMISSION) result code=2
02-19 19:27:01.955  4449  4467 V WindowManagerShell: Transition requested (#772): android.os.BinderProxy@6ed1942 TransitionRequestInfo { type = OPEN, triggerTask = TaskInfo{userId=0 taskId=78 effectiveUid=10217 displayId=0 isRunning=true baseIntent=Intent { act=android.intent.action.VIEW dat=intoss://takealook/... flg=0x10000000 cmp=viva.republica.toss.test/im.toss.rn.granite.core.GraniteActivity } baseActivity=ComponentInfo{viva.republica.toss.test/im.toss.rn.granite.core.GraniteActivity} topActivity=ComponentInfo{viva.republica.toss.test/im.toss.rn.granite.core.GraniteActivity} origActivity=null realActivity=ComponentInfo{viva.republica.toss.test/im.toss.rn.granite.core.GraniteActivity} numActivities=13 lastActiveTime=108293983 supportsMultiWindow=true resizeMode=1 isResizeable=true minWidth=-1 minHeight=-1 defaultMinSize=220 token=WCT{android.window.IWindowContainerToken$Stub$Proxy@bb20d53} topActivityType=1 pictureInPictureParams=null shouldDockBigOverlays=false launchIntoPipHostTaskId=-1 lastParentTaskIdBeforePip=-1 displayCutoutSafeInsets=Rect(0, 0 - 0, 0) topActivityInfo=ActivityInfo{c112690 im.toss.rn.granite.core.GraniteActivity} launchCookies=[] positionInParent=Point(0, 0) parentTaskId=-1 isFocused=false isVisible=false isVisibleRequested=false isTopActivityNoDisplay=false isSleeping=false locusId=null displayAreaFeatureId=1 isTopActivityTransparent=false isActivityStackTransparent=false lastNonFullscreenBounds=Rect(284, 660 - 796, 1740) capturedLink=null capturedLinkTimestamp=0 requestedVisibleTypes=-9 topActivityRequestOpenInBrowserEducationTimestamp=0 appCompatTaskInfo=AppCompatTaskInfo { topActivityInSizeCompat=false eligibleForLetterboxEducation= false isLetterboxEducationEnabled= true isLetterboxDoubleTapEnabled= false eligibleForUserAspectRatioButton= false topActivityBoundsLetterboxed= false isFromLetterboxDoubleTap= false topActivityLetterboxVerticalPosition= -1 topActivityLetterboxHorizontalPosition= -1 topActivityLetterboxWidth=-1 topActivityLetterboxHeight=-1 topActivityAppBounds=Rect(0, 0 - 1080, 2400) isUserFullscreenOverrideEnabled=false isSystemFullscreenOverrideEnabled=false hasMinAspectRatioOverride=false topActivityLetterboxBounds=null cameraCompatTaskInfo=CameraCompatTaskInfo { freeformCameraCompatMode=inactive}} topActivityMainWindowFrame=null}, pipChange = null, remoteTransition = null, displayChange = null, flags = 0, debugId = 772 }
02-19 19:27:01.955  4449  4467 D ShellSplitScreen: logExit: no-op, mLoggerSessionId is null
02-19 19:27:01.988  4449  4467 D WindowManagerShell: onActivityRestartAttempt: topActivity=ComponentInfo{viva.republica.toss.test/im.toss.rn.granite.core.GraniteActivity}, wasVisible=false
02-19 19:27:01.995  4449  4474 V SnapshotDrawerUtils: Drawing snapshot surface sizeMismatch=true
02-19 19:27:02.006   531   531 I BpBinder: onLastStrongRef automatically unlinking death recipients: 
02-19 19:27:02.015 19166 19166 W SplitSelectStateCtor: Missing session instanceIds
02-19 19:27:02.015 19166 19166 D StatsLog: LAUNCHER_SPLIT_SELECTION_EXIT_INTERRUPTED
02-19 19:27:02.021   752  1095 D BackgroundInstallControlService: Package event received: 0
02-19 19:27:02.043  4449  4467 D WindowManagerShell: setLauncherKeepClearAreaHeight: visible=false, height=527
02-19 19:27:02.067   752   795 W Looper  : Drained
02-19 19:27:02.069   531   549 I BpBinder: onLastStrongRef automatically unlinking death recipients: 
02-19 19:27:02.070   752  1095 D BackgroundInstallControlService: Package event received: 0
02-19 19:27:02.070   752  1095 D BackgroundInstallControlService: Package event received: 0
02-19 19:27:02.070   752  1095 D BackgroundInstallControlService: Package event received: 0
02-19 19:27:02.070   752  1095 D BackgroundInstallControlService: Package event received: 0
02-19 19:27:02.075   752  1095 D BackgroundInstallControlService: Package event received: 0
02-19 19:27:02.075   752  1095 D BackgroundInstallControlService: Package event received: 0
02-19 19:27:02.076 19316 19316 D ViewRootImpl: Skipping stats log for color mode
02-19 19:27:02.076   752   794 V WindowManager: Sent Transition (#772) createdAt=02-19 19:27:01.777 via request=TransitionRequestInfo { type = OPEN, triggerTask = TaskInfo{userId=0 taskId=78 effectiveUid=10217 displayId=0 isRunning=true baseIntent=Intent { act=android.intent.action.VIEW dat=intoss://takealook/... flg=0x10000000 cmp=viva.republica.toss.test/im.toss.rn.granite.core.GraniteActivity } baseActivity=ComponentInfo{viva.republica.toss.test/im.toss.rn.granite.core.GraniteActivity} topActivity=ComponentInfo{viva.republica.toss.test/im.toss.rn.granite.core.GraniteActivity} origActivity=null realActivity=ComponentInfo{viva.republica.toss.test/im.toss.rn.granite.core.GraniteActivity} numActivities=13 lastActiveTime=108293983 supportsMultiWindow=true resizeMode=1 isResizeable=true minWidth=-1 minHeight=-1 defaultMinSize=220 token=WCT{RemoteToken{58f5d87 Task{11d79c0 #78 type=standard A=10217:viva.republica.toss.test}}} topActivityType=1 pictureInPictureParams=null shouldDockBigOverlays=false launchIntoPipHostTaskId=-1 lastParentTaskIdBeforePip=-1 displayCutoutSafeInsets=Rect(0, 0 - 0, 0) topActivityInfo=ActivityInfo{290fef9 im.toss.rn.granite.core.GraniteActivity} launchCookies=[] positionInParent=Point(0, 0) parentTaskId=-1 isFocused=false isVisible=false isVisibleRequested=false isTopActivityNoDisplay=false isSleeping=false locusId=null displayAreaFeatureId=1 isTopActivityTransparent=false isActivityStackTransparent=false lastNonFullscreenBounds=Rect(284, 660 - 796, 1740) capturedLink=null capturedLinkTimestamp=0 requestedVisibleTypes=-9 topActivityRequestOpenInBrowserEducationTimestamp=0 appCompatTaskInfo=AppCompatTaskInfo { topActivityInSizeCompat=false eligibleForLetterboxEducation= false isLetterboxEducationEnabled= true isLetterboxDoubleTapEnabled= false eligibleForUserAspectRatioButton= false topActivityBoundsLetterboxed= false isFromLetterboxDoubleTap= false topActivityLetterboxVerticalPosition= -1 topActivityLetterboxHorizontalPosition= -1 topActivityLetterboxWidth=-1 topActivityLetterboxHeight=-1 topActivityAppBounds=Rect(0, 0 - 1080, 2400) isUserFullscreenOverrideEnabled=false isSystemFullscreenOverrideEnabled=false hasMinAspectRatioOverride=false topActivityLetterboxBounds=null cameraCompatTaskInfo=CameraCompatTaskInfo { freeformCameraCompatMode=inactive}} topActivityMainWindowFrame=null}, pipChange = null, remoteTransition = null, displayChange = null, flags = 0, debugId = 772 }
02-19 19:27:02.076   752   794 V WindowManager:     startWCT=WindowContainerTransaction { changes= {} hops= [] errorCallbackToken=null taskFragmentOrganizer=null }
02-19 19:27:02.076   752   794 V WindowManager:     info={id=772 t=OPEN f=0x0 trk=0 r=[0@Point(0, 0)] c=[
02-19 19:27:02.076   752   794 V WindowManager:         {WCT{RemoteToken{58f5d87 Task{11d79c0 #78 type=standard A=10217:viva.republica.toss.test}}} m=TO_FRONT f=MOVE_TO_TOP leash=Surface(name=Task=78)/@0x6af51ab sb=Rect(0, 0 - 1080, 2400) eb=Rect(0, 0 - 1080, 2400) epz=Point(1080, 2400) d=0 taskParent=-1},
02-19 19:27:02.076   752   794 V WindowManager:         {WCT{RemoteToken{5218fe8 Task{dd43522 #1 type=home}}} m=TO_BACK f=SHOW_WALLPAPER leash=Surface(name=Task=1)/@0x8ddbd2e sb=Rect(0, 0 - 1080, 2400) eb=Rect(0, 0 - 1080, 2400) epz=Point(1080, 2400) d=0 taskParent=-1},
02-19 19:27:02.076   752   794 V WindowManager:         {m=TO_BACK f=IS_WALLPAPER leash=Surface(name=WallpaperWindowToken{35e0c0f showWhenLocked=false})/@0x512f5be sb=Rect(0, 0 - 1080, 2400) eb=Rect(0, 0 - 1080, 2400) epz=Point(1080, 2400) d=0}
02-19 19:27:02.076   752   794 V WindowManager:     ]}
02-19 19:27:02.078   752  1095 D BackgroundInstallControlService: Package event received: 0
02-19 19:27:02.079  4449  4532 V WindowManagerShell: onTransitionReady(transaction=3229815429354)
02-19 19:27:02.099  4449  4467 V WindowManagerShell: onTransitionReady (#772) android.os.BinderProxy@6ed1942: {id=772 t=OPEN f=0x0 trk=0 r=[0@Point(0, 0)] c=[
02-19 19:27:02.099  4449  4467 V WindowManagerShell:         {m=TO_FRONT f=MOVE_TO_TOP leash=Surface(name=Task=78)/@0xbc62baf sb=Rect(0, 0 - 1080, 2400) eb=Rect(0, 0 - 1080, 2400) epz=Point(1080, 2400) d=0 taskParent=-1},
02-19 19:27:02.099  4449  4467 V WindowManagerShell:         {m=TO_BACK f=SHOW_WALLPAPER leash=Surface(name=Task=1)/@0xd0a1bbc sb=Rect(0, 0 - 1080, 2400) eb=Rect(0, 0 - 1080, 2400) epz=Point(1080, 2400) d=0 taskParent=-1},
02-19 19:27:02.099  4449  4467 V WindowManagerShell:         {m=TO_BACK f=IS_WALLPAPER leash=Surface(name=WallpaperWindowToken{35e0c0f showWhenLocked=false})/@0x1294745 sb=Rect(0, 0 - 1080, 2400) eb=Rect(0, 0 - 1080, 2400) epz=Point(1080, 2400) d=0}
02-19 19:27:02.099  4449  4467 V WindowManagerShell:     ]}
02-19 19:27:02.100  4449  4467 V WindowManagerShell: Playing animation for (#772) android.os.BinderProxy@6ed1942@0
02-19 19:27:02.134  4449  4467 V ShellRecents: RecentsTransitionHandler.startAnimation: no controller found
02-19 19:27:02.134  4449  4467 V WindowManagerShell: Transition doesn't have explicit remote, search filters for match for {id=772 t=OPEN f=0x0 trk=0 r=[0@Point(0, 0)] c=[{m=TO_FRONT f=MOVE_TO_TOP leash=Surface(name=Task=78)/@0xbc62baf sb=Rect(0, 0 - 1080, 2400) eb=Rect(0, 0 - 1080, 2400) epz=Point(1080, 2400) d=0 taskParent=-1},{m=TO_BACK f=SHOW_WALLPAPER leash=Surface(name=Task=1)/@0xd0a1bbc sb=Rect(0, 0 - 1080, 2400) eb=Rect(0, 0 - 1080, 2400) epz=Point(1080, 2400) d=0 taskParent=-1},{m=TO_BACK f=IS_WALLPAPER leash=Surface(name=WallpaperWindowToken{35e0c0f showWhenLocked=false})/@0x1294745 sb=Rect(0, 0 - 1080, 2400) eb=Rect(0, 0 - 1080, 2400) epz=Point(1080, 2400) d=0}]}
02-19 19:27:02.134  4449  4467 V WindowManagerShell:  Checking filter Pair{{types=[] flags=0x0] notFlags=0x0 checks=[{atype=undefined independent=true modes=[CLOSE,TO_BACK] flags=IN_TASK_WITH_EMBEDDED_ACTIVITY mustBeTask=false order=ANY topActivity=null launchCookie=null taskFragmentToken=android.os.BinderProxy@71546f0 windowingMode=undefined}]} RemoteTransition { remoteTransition = android.window.IRemoteTransition$Stub$Proxy@d4c8469, appThread = android.app.IApplicationThread$Stub$Proxy@c228eee, debugName = overlayBackTransition }}
02-19 19:27:02.134  4449  4467 V WindowManagerShell:  Checking filter Pair{{types=[] flags=0x0] notFlags=0x0 checks=[{atype=dream independent=true modes=[OPEN,TO_FRONT] flags=NONE mustBeTask=false order=ANY topActivity=null launchCookie=null windowingMode=undefined},{atype=home independent=true modes=[CLOSE,TO_BACK] flags=NONE mustBeTask=false order=ANY topActivity=null launchCookie=null windowingMode=undefined}]} RemoteTransition { remoteTransition = android.window.IRemoteTransition$Stub$Proxy@c578f8f, appThread = android.app.IApplicationThread$Stub$Proxy@69fe21c, debugName = LauncherToDream }}
02-19 19:27:02.134  4449  4467 V WindowManagerShell:  Checking filter Pair{{types=[] flags=0x0] notFlags=0x100 checks=[{atype=home independent=true modes=[OPEN,TO_FRONT] flags=NONE mustBeTask=false order=TOP topActivity=ComponentInfo{com.google.android.apps.nexuslauncher/com.google.android.apps.nexuslauncher.NexusLauncherActivity} launchCookie=null windowingMode=undefined},{atype=standard independent=true modes=[CLOSE,TO_BACK] flags=NONE mustBeTask=false order=ANY topActivity=null launchCookie=null windowingMode=undefined},{NOT atype=undefined independent=true modes=[] flags=NONE mustBeTask=true order=ANY topActivity=null launchCookie=null customAnim=true windowingMode=undefined}]} RemoteTransition { remoteTransition = android.window.IRemoteTransition$Stub$Proxy@69ffe25, appThread = android.app.IApplicationThread$Stub$Proxy@72cabfa, debugName = QuickstepLaunchHome }}
02-19 19:27:02.135  4449  4467 V WindowManagerShell:  Checking filter Pair{{types=[] flags=0x0] notFlags=0x0 checks=[{atype=undefined independent=true modes=[CLOSE,TO_BACK] flags=IN_TASK_WITH_EMBEDDED_ACTIVITY mustBeTask=false order=ANY topActivity=null launchCookie=null taskFragmentToken=android.os.BinderProxy@71546f0 windowingMode=undefined}]} RemoteTransition { remoteTransition = android.window.IRemoteTransition$Stub$Proxy@7c795ab, appThread = android.app.IApplicationThread$Stub$Proxy@cd70408, debugName = overlayBackTransition }}
02-19 19:27:02.135  4449  4467 V WindowManagerShell:  Checking filter Pair{{types=[] flags=0x0] notFlags=0x0 checks=[{atype=dream independent=true modes=[OPEN,TO_FRONT] flags=NONE mustBeTask=false order=ANY topActivity=null launchCookie=null windowingMode=undefined},{atype=home independent=true modes=[CLOSE,TO_BACK] flags=NONE mustBeTask=false order=ANY topActivity=null launchCookie=null windowingMode=undefined}]} RemoteTransition { remoteTransition = android.window.IRemoteTransition$Stub$Proxy@f757a1, appThread = android.app.IApplicationThread$Stub$Proxy@d898dc6, debugName = LauncherToDream }}
02-19 19:27:02.135  4449  4467 V WindowManagerShell:  Checking filter Pair{{types=[] flags=0x0] notFlags=0x100 checks=[{atype=home independent=true modes=[OPEN,TO_FRONT] flags=NONE mustBeTask=false order=TOP topActivity=ComponentInfo{com.google.android.apps.nexuslauncher/com.google.android.apps.nexuslauncher.NexusLauncherActivity} launchCookie=null windowingMode=undefined},{atype=standard independent=true modes=[CLOSE,TO_BACK] flags=NONE mustBeTask=false order=ANY topActivity=null launchCookie=null windowingMode=undefined},{NOT atype=undefined independent=true modes=[] flags=NONE mustBeTask=true order=ANY topActivity=null launchCookie=null customAnim=true windowingMode=undefined}]} RemoteTransition { remoteTransition = android.window.IRemoteTransition$Stub$Proxy@9e7e187, appThread = android.app.IApplicationThread$Stub$Proxy@3dc58b4, debugName = QuickstepLaunchHome }}
02-19 19:27:02.164  4449  4467 V WindowManagerShell:  Delegate animation for (#772) to null
02-19 19:27:02.169  4449  4467 V WindowManagerShell: start default transition animation, info = {id=772 t=OPEN f=0x0 trk=0 r=[0@Point(0, 0)] c=[{m=TO_FRONT f=MOVE_TO_TOP leash=Surface(name=Task=78)/@0xbc62baf sb=Rect(0, 0 - 1080, 2400) eb=Rect(0, 0 - 1080, 2400) epz=Point(1080, 2400) d=0 taskParent=-1},{m=TO_BACK f=SHOW_WALLPAPER leash=Surface(name=Task=1)/@0xd0a1bbc sb=Rect(0, 0 - 1080, 2400) eb=Rect(0, 0 - 1080, 2400) epz=Point(1080, 2400) d=0 taskParent=-1},{m=TO_BACK f=IS_WALLPAPER leash=Surface(name=WallpaperWindowToken{35e0c0f showWhenLocked=false})/@0x1294745 sb=Rect(0, 0 - 1080, 2400) eb=Rect(0, 0 - 1080, 2400) epz=Point(1080, 2400) d=0}]}
02-19 19:27:02.194 19316 19320 I blica.toss.test: CollectorTransition concurrent mark compact GC freed 6085KB AllocSpace bytes, 17(468KB) LOS objects, 49% free, 20MB/41MB, paused 5.269ms,90.724ms total 677.599ms
02-19 19:27:02.216  4449  4467 V WindowManagerShell: loadAnimation: anim=android.view.animation.AnimationSet@653d3cb animAttr=0x13 type=OPEN isEntrance=false
02-19 19:27:02.216  4449  4467 V WindowManagerShell: loadAnimation: anim=android.view.animation.AnimationSet@63b37a8 animAttr=0x12 type=OPEN isEntrance=true
02-19 19:27:02.219  4449  4467 V WindowManagerShell:  animated by com.android.wm.shell.transition.DefaultTransitionHandler@f74d823
02-19 19:27:02.271 19316 20597 W unknown:ReconnectingWebSocket: Couldn't connect to "ws://10.0.2.2:8081/message?device=sdk_gphone64_x86_64%20-%2016%20-%20API%2036&app=viva.republica.toss.test&clientid=BridgeDevSupportManager", will silently retry
02-19 19:27:02.523  4449  4467 V WindowManagerShell: Transition animation finished (aborted=false), notifying core (#772) android.os.BinderProxy@6ed1942@0
02-19 19:27:02.541   752   794 V WindowManager: Finish Transition (#772): created at 02-19 19:27:01.777 collect-started=0.48ms request-sent=122.604ms started=208.039ms ready=289.551ms sent=292.107ms commit=160.729ms finished=748.316ms
02-19 19:27:02.552  4449  4467 V WindowManagerShell: Track 0 became idle
02-19 19:27:02.552  4449  4467 V WindowManagerShell: All active transition animations finished
02-19 19:27:02.559 19166 19166 D VRI[NexusLauncherActivity]: visibilityChanged oldVisibility=true newVisibility=false
02-19 19:27:02.562 19166 19166 D BaseDepthController: setSurface:
02-19 19:27:02.562 19166 19166 D BaseDepthController: 	mWaitingOnSurfaceValidity: false
02-19 19:27:02.562 19166 19166 D BaseDepthController: 	mBaseSurface: null
02-19 19:27:02.562 19166 19166 D BaseDepthController: mSurface is null and mCurrentBlur is: 0
02-19 19:27:02.564 19166 19166 D StateManager: goToState - fromState: Normal, toState: Normal, partial trace:
02-19 19:27:02.564 19166 19166 D StateManager: 	at com.android.launcher3.statemanager.StateManager.moveToRestState(go/retraceme 72a59688580715d19f0e415c69e80376c2f062d1648c80db6730905005a27c20:4)
02-19 19:27:02.564 19166 19166 D StateManager: 	at com.android.launcher3.statemanager.StateManager.moveToRestState(go/retraceme 72a59688580715d19f0e415c69e80376c2f062d1648c80db6730905005a27c20:1)
02-19 19:27:02.564 19166 19166 D StateManager: 	at com.android.launcher3.statemanager.StatefulActivity.onStop(go/retraceme 72a59688580715d19f0e415c69e80376c2f062d1648c80db6730905005a27c20:34)
02-19 19:27:02.564 19166 19166 D StatsLog: LAUNCHER_ONSTOP
02-19 19:27:02.566 19166 19166 D StatsLog: LAUNCHER_GOOGLE_SEARCH_RESTORE_LIST_SIZE_AFTER_ACTIVITY_RESTART
02-19 19:27:02.566 19166 19166 D NexusLauncherModelDelegate: notifySmartspaceEvent: SmartspaceTargetEvent{mSmartspaceTarget=null, mSmartspaceActionId='null', mEventType=7}
02-19 19:27:02.574 19166 19166 D NexusLauncherModelDelegate: notifySmartspaceEvent: SmartspaceTargetEvent{mSmartspaceTarget=null, mSmartspaceActionId='null', mEventType=7}
02-19 19:27:02.597   752   989 I ImeTracker: viva.republica.toss.test:613972a7: onRequestHide at ORIGIN_SERVER reason HIDE_UNSPECIFIED_WINDOW fromUser false
02-19 19:27:02.600 19316 19316 D InsetsController: hide(ime(), fromIme=false)
02-19 19:27:02.600 19316 19316 I ImeTracker: viva.republica.toss.test:613972a7: onCancelled at PHASE_CLIENT_ALREADY_HIDDEN
02-19 19:27:02.625 20022 20022 I GoogleInputMethodService: GoogleInputMethodService.onFinishInput():2043 
02-19 19:27:02.626 20022 20022 I Module  : DeviceLockedStatusModuleProvider$Module.updateDeviceLockedStatus():100 repeatCheckTimes = 0, locked = false
02-19 19:27:02.630 20022 20022 I GoogleInputMethodService: GoogleInputMethodService.onStartInput():1293 onStartInput(EditorInfo{EditorInfo{packageName=viva.republica.toss.test, inputType=0, inputTypeString=NULL, enableLearning=false, autoCorrection=false, autoComplete=false, imeOptions=0, privateImeOptions=null, actionName=UNSPECIFIED, actionLabel=null, initialSelStart=-1, initialSelEnd=-1, initialCapsMode=0, label=null, fieldId=0, fieldName=null, extras=null, hintText=null, hintLocales=[]}}, false)
02-19 19:27:02.634 20022 20022 I EmojiCompatManager: EmojiCompatManager.getEmojiCompatIfLoaded():343 EmojiCompat.init() was never called.
02-19 19:27:02.634 20022 20022 I EmojiCompatManager: java.lang.IllegalStateException: EmojiCompat is not initialized. Please call EmojiCompat.init() first
02-19 19:27:02.634 20022 20022 I EmojiCompatManager: 	at asx.p(PG:6)
02-19 19:27:02.634 20022 20022 I EmojiCompatManager: 	at axb.b(PG:13)
02-19 19:27:02.634 20022 20022 I EmojiCompatManager: 	at jnr.b(PG:2)
02-19 19:27:02.634 20022 20022 I EmojiCompatManager: 	at jnr.c(PG:4)
02-19 19:27:02.634 20022 20022 I EmojiCompatManager: 	at jnr.f(PG:3)
02-19 19:27:02.634 20022 20022 I EmojiCompatManager: 	at jnx.c(PG:3)
02-19 19:27:02.634 20022 20022 I EmojiCompatManager: 	at kif.cz(PG:47)
02-19 19:27:02.634 20022 20022 I EmojiCompatManager: 	at lhl.run(PG:1025)
02-19 19:27:02.634 20022 20022 I EmojiCompatManager: 	at jaf.execute(PG:12)
02-19 19:27:02.634 20022 20022 I EmojiCompatManager: 	at nco.v(PG:13)
02-19 19:27:02.634 20022 20022 I EmojiCompatManager: 	at lhn.m(PG:96)
02-19 19:27:02.634 20022 20022 I EmojiCompatManager: 	at lhn.k(PG:25)
02-19 19:27:02.634 20022 20022 I EmojiCompatManager: 	at kgn.onStartInput(PG:250)
02-19 19:27:02.634 20022 20022 I EmojiCompatManager: 	at android.inputmethodservice.InputMethodService.doStartInput(InputMethodService.java:3521)
02-19 19:27:02.634 20022 20022 I EmojiCompatManager: 	at android.inputmethodservice.InputMethodService$InputMethodImpl.startInput(InputMethodService.java:879)
02-19 19:27:02.634 20022 20022 I EmojiCompatManager: 	at android.inputmethodservice.InputMethodService$InputMethodImpl.dispatchStartInput(InputMethodService.java:908)
02-19 19:27:02.634 20022 20022 I EmojiCompatManager: 	at android.inputmethodservice.IInputMethodWrapper.executeMessage(IInputMethodWrapper.java:201)
02-19 19:27:02.634 20022 20022 I EmojiCompatManager: 	at com.android.internal.os.HandlerCaller$MyHandler.handleMessage(HandlerCaller.java:44)
02-19 19:27:02.634 20022 20022 I EmojiCompatManager: 	at android.os.Handler.dispatchMessage(Handler.java:110)
02-19 19:27:02.634 20022 20022 I EmojiCompatManager: 	at android.os.Looper.loopOnce(Looper.java:248)
02-19 19:27:02.634 20022 20022 I EmojiCompatManager: 	at android.os.Looper.loop(Looper.java:338)
02-19 19:27:02.634 20022 20022 I EmojiCompatManager: 	at android.app.ActivityThread.main(ActivityThread.java:9067)
02-19 19:27:02.634 20022 20022 I EmojiCompatManager: 	at java.lang.reflect.Method.invoke(Native Method)
02-19 19:27:02.634 20022 20022 I EmojiCompatManager: 	at com.android.internal.os.RuntimeInit$MethodAndArgsCaller.run(RuntimeInit.java:593)
02-19 19:27:02.634 20022 20022 I EmojiCompatManager: 	at com.android.internal.os.ZygoteInit.main(ZygoteInit.java:932)
02-19 19:27:02.635 20022 20022 I Module  : DeviceLockedStatusModuleProvider$Module.updateDeviceLockedStatus():100 repeatCheckTimes = 1, locked = false
02-19 19:27:02.652   752   779 W PackageConfigPersister: App-specific configuration not found for packageName: viva.republica.toss.test and userId: 0
02-19 19:27:02.676   752  2363 I ImeTracker: system_server:70b75cf6: onRequestHide at ORIGIN_SERVER reason IME_REQUESTED_CHANGED_LISTENER fromUser false
02-19 19:27:02.705   752   797 I ImeTracker: system_server:70b75cf6: onCancelled at PHASE_SERVER_SHOULD_HIDE
02-19 19:27:02.717   752  1095 D BackgroundInstallControlService: Package event received: 0
02-19 19:27:02.938 19316 20439 D ReactNativeJS: '[Analytics]', '{\n  "log_type": "screen",\n  "log_name": "/::screen",\n  "params": {\n    "referrer": null,\n    "deployment_id": "local",\n    "deployment_timestamp": null\n  }\n}'
02-19 19:27:04.957   531   568 W EventThread: Faking VSYNC due to driver stall for thread app
02-19 19:27:04.973   752  1856 E TaskPersister: File error accessing recents directory (directory doesn't exist?).
02-19 19:27:05.067 20599 20599 W dumpsys : Thread Pool max thread count is 0. Cannot cache binder as linkToDeath cannot be implemented. serviceName: window
02-19 19:27:06.089 19316 19715 I HWUI    : Davey! duration=837ms; Flags=0, FrameTimelineVsyncId=2010738, IntendedVsync=108299054608228, Vsync=108299537941542, InputEventId=0, HandleInputStart=108299575887917, AnimationStart=108299575954917, PerformTraversalsStart=108299576963917, DrawStart=108299577334917, FrameDeadline=108299654608204, FrameStartTime=108299550968917, FrameInterval=16666666, WorkloadTarget=16666666, SyncQueued=108299589144917, SyncStart=108299616082917, IssueDrawCommandsStart=108299616762917, SwapBuffers=108299625505917, FrameCompleted=108299919106917, DequeueBufferDuration=16342000, QueueBufferDuration=546000, GpuCompleted=108299919106917, SwapBuffersCompleted=108299644203917, DisplayPresentTime=-1, CommandSubmissionCompleted=108299625505917, 
02-19 19:27:06.128 19166 19175 D OverviewCommandHelper: command added: CommandInfo(type=TOGGLE, status=IDLE, createTime=108299975, animationCallbacks=null, displayId=0, isLastOfBatch=true)
02-19 19:27:06.128 19166 19175 D OverviewCommandHelper: execute: CommandInfo(type=TOGGLE, status=IDLE, createTime=108299975, animationCallbacks=null, displayId=0, isLastOfBatch=true) - queue size: 1
02-19 19:27:06.131 19166 19166 D OverviewCommandHelper: executing command: CommandInfo(type=TOGGLE, status=PROCESSING, createTime=108299975, animationCallbacks=null, displayId=0, isLastOfBatch=true)
02-19 19:27:06.131 19166 19166 D OverviewCommandHelper: executeCommand: CommandInfo(type=TOGGLE, status=PROCESSING, createTime=108299975, animationCallbacks=null, displayId=0, isLastOfBatch=true) - visibleRecentsView: null
02-19 19:27:06.131 19166 19166 D OverviewCommandHelper: Querying TaskbarManager for TaskbarUIController for display: 0
02-19 19:27:06.131 19166 19166 D OverviewCommandHelper: TaskbarUIController for display 0 was found
02-19 19:27:06.151 19166 19166 D ContextTracker: Registering callback: com.android.launcher3.LauncherInitListener@5b04a63, reason=OverviewCommandHelper: command.type=TOGGLE
02-19 19:27:06.152 19166 19166 D RecentsView: onGestureAnimationStart - groupedTaskInfo: Desk ID= -1, Desk Display ID=-1, Tasks=[id=78 winMode=fullscreen visReq=true vis=true excluded=false baseIntent=viva.republica.toss.test/im.toss.rn.granite.core.GraniteActivity], Type=FULLSCREEN, Minimized Task IDs=null
02-19 19:27:06.153 19166 19166 D RecentsView: showCurrentTask(onGestureAnimationStart) - groupedTaskInfo: Desk ID= -1, Desk Display ID=-1, Tasks=[id=78 winMode=fullscreen visReq=true vis=true excluded=false baseIntent=viva.republica.toss.test/im.toss.rn.granite.core.GraniteActivity], Type=FULLSCREEN, Minimized Task IDs=null
02-19 19:27:06.153 19166 19166 D OverviewActionsView: updateForGroupedTask() called with: isGroupedTask = [false], canSaveAppPair = [false]
02-19 19:27:06.154 19166 19166 D OverviewActionsView: updateActionButtonsVisibility() called: showSingleTaskActions = [true], showGroupActions = [false]
02-19 19:27:06.155 19166 19166 D RecentsView: reloadIfNeeded - getTasks: 29
02-19 19:27:06.156  4449  4449 I vol.VolumeDialogImpl: mDialog.dismiss() reason: volume_controller from: com.android.systemui.volume.VolumeDialogImpl$7.onDismissRequested:3
02-19 19:27:06.156  4449  4467 V ShellRecents: RecentsTransitionHandler.startRecentsTransition
02-19 19:27:06.157 19166 19166 D RecentsView: onGestureAnimationStart - groupedTaskInfo: Desk ID= -1, Desk Display ID=-1, Tasks=[id=78 winMode=fullscreen visReq=true vis=true excluded=false baseIntent=viva.republica.toss.test/im.toss.rn.granite.core.GraniteActivity], Type=FULLSCREEN, Minimized Task IDs=null
02-19 19:27:06.157  4449  4467 V WindowManagerShell: Directly starting a new transition type=TO_FRONT wct=WindowContainerTransaction { changes= {} hops= [{pendingIntent: options=Bundle[{android.activity.splashScreenStyle=-1, android.activity.sourceInfo=Supplier{VAL_PARCELABLE@148+104}, android.pendingIntent.backgroundActivityAllowed=3, android:activity.animAbortListener=null, android.activity.transientLaunch=true}]}] errorCallbackToken=null taskFragmentOrganizer=null } handler=com.android.wm.shell.recents.RecentsTransitionHandler@bc47314
02-19 19:27:06.157 19166 19166 D RecentsView: showCurrentTask(onGestureAnimationStart) - groupedTaskInfo: Desk ID= -1, Desk Display ID=-1, Tasks=[id=78 winMode=fullscreen visReq=true vis=true excluded=false baseIntent=viva.republica.toss.test/im.toss.rn.granite.core.GraniteActivity], Type=FULLSCREEN, Minimized Task IDs=null
02-19 19:27:06.157 19166 19166 D OverviewActionsView: updateForGroupedTask() called with: isGroupedTask = [false], canSaveAppPair = [false]
02-19 19:27:06.157 19166 19166 D OverviewActionsView: updateActionButtonsVisibility() called: showSingleTaskActions = [true], showGroupActions = [false]
02-19 19:27:06.158 19166 19166 D RecentsView: reloadIfNeeded - task list still valid: 29
02-19 19:27:06.159 19166 19166 D OverviewCommandHelper: switching via recents animation - onGestureStarted: CommandInfo(type=TOGGLE, status=PROCESSING, createTime=108299975, animationCallbacks=com.android.quickstep.RecentsAnimationCallbacks@9af16fd, displayId=0, isLastOfBatch=true)
02-19 19:27:06.159 19166 19166 D OverviewCommandHelper: command executed: CommandInfo(type=TOGGLE, status=PROCESSING, createTime=108299975, animationCallbacks=com.android.quickstep.RecentsAnimationCallbacks@9af16fd, displayId=0, isLastOfBatch=true) with result: false
02-19 19:27:06.159 19166 19166 D OverviewCommandHelper: waiting for command callback: CommandInfo(type=TOGGLE, status=PROCESSING, createTime=108299975, animationCallbacks=com.android.quickstep.RecentsAnimationCallbacks@9af16fd, displayId=0, isLastOfBatch=true)
02-19 19:27:06.166  4449  4467 V ShellRecents: [56291390] RecentsController.setTransition: id=android.os.BinderProxy@aaf58f9
02-19 19:27:06.215  4449  4449 I vol.VolumeDialogImpl: mDialog.dismiss() reason: volume_controller from: com.android.systemui.volume.VolumeDialogImpl$7.onDismissRequested:3
02-19 19:27:06.215  4449  4449 D vol.VolumeDialogImpl: dismissH: skipping dismiss because isAnimatingDismiss is true and showingStateInconsistent is false
02-19 19:27:06.216   752  1095 D BackgroundInstallControlService: Package event received: 0
02-19 19:27:06.216   752  1095 D BackgroundInstallControlService: Package event received: 0
02-19 19:27:07.580   531   569 W EventThread: Faking VSYNC due to driver stall for thread appSf
02-19 19:27:07.582   531   568 W EventThread: Faking VSYNC due to driver stall for thread app
02-19 19:27:07.583 19166 19166 I Choreographer: Skipped 85 frames!  The application may be doing too much work on its main thread.
02-19 19:27:07.589 19316 19316 I Choreographer: Skipped 85 frames!  The application may be doing too much work on its main thread.
02-19 19:27:07.602   531   531 I BpBinder: onLastStrongRef automatically unlinking death recipients: 
02-19 19:27:07.607 19166 19166 D RecentsView: applyLoadPlan - taskGroups: [type=SINGLE task=[id=12 windowingMode=0 user=0 lastActiveTime=89737] null, type=SINGLE task=[id=49 windowingMode=1 user=0 lastActiveTime=87698314] null, type=SINGLE task=[id=78 windowingMode=1 user=0 lastActiveTime=108295867] null]
02-19 19:27:07.634  4449  4449 I Choreographer: Skipped 88 frames!  The application may be doing too much work on its main thread.
02-19 19:27:07.654   531   590 I BpBinder: onLastStrongRef automatically unlinking death recipients: 
02-19 19:27:07.655 19166 19166 D StateManager: goToState - fromState: Normal, toState: Background, partial trace:
02-19 19:27:07.655 19166 19166 D StateManager: 	at com.android.quickstep.BaseActivityInterface$DefaultAnimationFactory.initBackgroundStateUI(go/retraceme 72a59688580715d19f0e415c69e80376c2f062d1648c80db6730905005a27c20:39)
02-19 19:27:07.655 19166 19166 D StateManager: 	at com.android.quickstep.LauncherActivityInterface.prepareRecentsUI(go/retraceme 72a59688580715d19f0e415c69e80376c2f062d1648c80db6730905005a27c20:9)
02-19 19:27:07.655 19166 19166 D StateManager: 	at com.android.quickstep.AbsSwipeUpHandler.lambda$onLauncherStart$7(go/retraceme 72a59688580715d19f0e415c69e80376c2f062d1648c80db6730905005a27c20:11)
02-19 19:27:07.656 19166 19166 D StateManager: onStateTransitionStart - state: Background
02-19 19:27:07.659   752  1095 D BackgroundInstallControlService: Package event received: 0
02-19 19:27:07.660 19166 19166 D BaseDepthController: mSurface is null and mCurrentBlur is: 0
02-19 19:27:07.662 19166 19166 D KeyboardInsetsHandler: setState, toState:Background StateManager(mLastStableState:Normal, mCurrentStableState:Normal, mState:Background, mRestState:Normal, isInTransition:false)
02-19 19:27:07.662 19166 19166 D StateManager: onStateTransitionEnd - state: Background
02-19 19:27:07.666 19166 19166 D RecentsView: updateTaskStackListenerState: true
02-19 19:27:07.667 19166 19166 D RecentsView: reloadIfNeeded - getTasks: 30
02-19 19:27:07.667 19166 19166 D NexusLauncherModelDelegate: notifySmartspaceEvent: SmartspaceTargetEvent{mSmartspaceTarget=null, mSmartspaceActionId='null', mEventType=6}
02-19 19:27:07.682 19166 19166 D BaseDepthController: setSurface:
02-19 19:27:07.682 19166 19166 D BaseDepthController: 	mWaitingOnSurfaceValidity: false
02-19 19:27:07.682 19166 19166 D BaseDepthController: 	mBaseSurface: Surface(name=com.google.android.apps.nexuslauncher/com.google.android.apps.nexuslauncher.NexusLauncherActivity)/@0x2cb53f
02-19 19:27:07.883 19166 19166 D ActivityAllAppsContainerView: rebindAdapters: force: false
02-19 19:27:07.884 19166 19166 D ActivityAllAppsContainerView: rebindAdapters: Not needed.
02-19 19:27:07.886 19166 19166 D RecentsView: applyLoadPlan - taskGroups: [type=SINGLE task=[id=12 windowingMode=0 user=0 lastActiveTime=89737] null, type=SINGLE task=[id=49 windowingMode=1 user=0 lastActiveTime=87698314] null, type=SINGLE task=[id=78 windowingMode=1 user=0 lastActiveTime=108295867] null]
02-19 19:27:07.890  4449 22136 V WindowManagerShell: onTransitionReady(transaction=3229815429387)
02-19 19:27:07.890  4449  4467 V WindowManagerShell: onTransitionReady (#773) android.os.BinderProxy@aaf58f9: {id=773 t=TO_FRONT f=0x80 trk=0 r=[0@Point(0, 0)] c=[
02-19 19:27:07.890  4449  4467 V WindowManagerShell:         {m=TO_FRONT f=SHOW_WALLPAPER|MOVE_TO_TOP leash=Surface(name=Task=1)/@0xee545bb sb=Rect(0, 0 - 1080, 2400) eb=Rect(0, 0 - 1080, 2400) epz=Point(1080, 2400) d=0 taskParent=-1},
02-19 19:27:07.890  4449  4467 V WindowManagerShell:         {m=TO_BACK f=NONE leash=Surface(name=Task=78)/@0xc7fdad8 sb=Rect(0, 0 - 1080, 2400) eb=Rect(0, 0 - 1080, 2400) epz=Point(1080, 2400) d=0 taskParent=-1},
02-19 19:27:07.890  4449  4467 V WindowManagerShell:         {m=TO_FRONT f=IS_WALLPAPER leash=Surface(name=WallpaperWindowToken{35e0c0f showWhenLocked=false})/@0x22e2e31 sb=Rect(0, 0 - 1080, 2400) eb=Rect(0, 0 - 1080, 2400) epz=Point(1080, 2400) d=0}
02-19 19:27:07.890  4449  4467 V WindowManagerShell:     ]}
02-19 19:27:07.890  4449  4467 V WindowManagerShell: Playing animation for (#773) android.os.BinderProxy@aaf58f9@0
02-19 19:27:07.891  4449  4467 V WindowManagerShell:  try firstHandler com.android.wm.shell.recents.RecentsTransitionHandler@bc47314
02-19 19:27:07.891  4449  4467 V ShellRecents: [56291390] RecentsController.start
02-19 19:27:07.891  4449  4467 V ShellRecents:   not handling home taskId=1
02-19 19:27:07.892  4449  4467 V ShellRecents:   adding pausing leaf taskId=78 at layer=8
02-19 19:27:07.892  4449  4467 V ShellRecents: Applying transaction=3229815429387
02-19 19:27:07.893  4449  4467 V ShellRecents: No matching remote found to takeover (#773)
02-19 19:27:07.893  4449  4467 V ShellSplitScreen: getSplitBoundsForTaskId: expected split bounds for taskId=78 but not found
02-19 19:27:07.893  4449  4467 V ShellRecents: [56291390] RecentsController.start: calling onAnimationStart with 2 apps
02-19 19:27:07.901  4449  4467 V WindowManagerShell:  animated by firstHandler
02-19 19:27:07.911   752   795 W ActivityTaskManager: callingPackage for (uid=-1, pid=0) has no WPC
02-19 19:27:07.911 19166 20297 W HWUI    : Image decoding logging dropped!
02-19 19:27:07.911   752   795 W ActivityStartInterceptor: Starting home with component specified, uid=0
02-19 19:27:07.912   752   795 W OptProp : Cannot read opt property android.window.PROPERTY_COMPAT_ALLOW_USER_ASPECT_RATIO_OVERRIDE
02-19 19:27:07.912   752   795 W OptProp : Cannot read opt property android.window.PROPERTY_COMPAT_ALLOW_USER_ASPECT_RATIO_FULLSCREEN_OVERRIDE
02-19 19:27:07.913   752   795 W OptProp : Cannot read opt property android.window.PROPERTY_COMPAT_ALLOW_RESIZEABLE_ACTIVITY_OVERRIDES
02-19 19:27:07.913   752   795 W OptProp : Cannot read opt property android.window.PROPERTY_COMPAT_ALLOW_MIN_ASPECT_RATIO_OVERRIDE
02-19 19:27:07.914   752   795 V GrammaticalInflectionUtils: AttributionSource: android.content.AttributionSource@1abea79a does not have READ_SYSTEM_GRAMMATICAL_GENDER permission.
02-19 19:27:07.923   531   531 I BpBinder: onLastStrongRef automatically unlinking death recipients: 
02-19 19:27:07.927   752   795 I ActivityTaskManager: START u0 {act=android.intent.action.MAIN cat=[android.intent.category.HOME] flg=0x10000100 cmp=com.google.android.apps.nexuslauncher/.NexusLauncherActivity (has extras)} with LAUNCH_SINGLE_TASK from uid 0 (BAL_ALLOW_ALLOWLISTED_UID) result code=3
02-19 19:27:07.948  4449 22136 D KeyguardService: setOccluded(false)
02-19 19:27:07.949  4449 22136 D KeyguardViewMediator: setOccluded(false)
02-19 19:27:07.956  4449  4449 D KeyguardViewMediator: handleSetOccluded(false)
02-19 19:27:07.958  4449  4449 D KeyguardViewMediator: KeyguardViewMediator queue processing message: SET_OCCLUDED
02-19 19:27:07.959 19166 19166 D RemoteTargetGluer: appCount: 1 handleLength: 4
02-19 19:27:07.960 19166 19166 D RemoteTargetGluer: resizing handles
02-19 19:27:07.960 19166 19166 D RemoteTargetGluer: containsSplitTargets? false handleLength: 1 appsLength: 1
02-19 19:27:07.960 19166 19166 D RecentsView: setRecentsAnimationTargets - recentsAnimationController: com.android.quickstep.RecentsAnimationController@c5a81dc, recentsAnimationTargets: com.android.quickstep.RecentsAnimationTargets@24282e5
02-19 19:27:07.961 19166 19166 D RemoteTargetGluer: appCount: 1 handleLength: 1
02-19 19:27:07.961 19166 19166 D RemoteTargetGluer: containsSplitTargets? false handleLength: 1 appsLength: 1
02-19 19:27:07.962   752   794 V WindowManager: Sent Transition (#773) createdAt=02-19 19:27:06.157
02-19 19:27:07.962 19166 19166 D OverviewCommandHelper: recents animation started: CommandInfo(type=TOGGLE, status=PROCESSING, createTime=108299975, animationCallbacks=com.android.quickstep.RecentsAnimationCallbacks@9af16fd, displayId=0, isLastOfBatch=true)
02-19 19:27:07.962   752   794 V WindowManager:     startWCT=WindowContainerTransaction { changes= {} hops= [{pendingIntent: options=Bundle[{android.activity.splashScreenStyle=-1, android.activity.sourceInfo=android.app.ActivityOptions$SourceInfo@de113b0, android.pendingIntent.backgroundActivityAllowed=3, android:activity.animAbortListener=null, android.activity.transientLaunch=true}]}] errorCallbackToken=null taskFragmentOrganizer=null }
02-19 19:27:07.962 19166 19166 D StatsLog: LAUNCHER_OVERVIEW_SHOW_OVERVIEW_FROM_3_BUTTON
02-19 19:27:07.962   752   794 V WindowManager:     info={id=773 t=TO_FRONT f=0x80 trk=0 r=[0@Point(0, 0)] c=[
02-19 19:27:07.962   752   794 V WindowManager:         {WCT{RemoteToken{5218fe8 Task{dd43522 #1 type=home}}} m=TO_FRONT f=SHOW_WALLPAPER|MOVE_TO_TOP leash=Surface(name=Task=1)/@0x8ddbd2e sb=Rect(0, 0 - 1080, 2400) eb=Rect(0, 0 - 1080, 2400) epz=Point(1080, 2400) d=0 taskParent=-1},
02-19 19:27:07.962   752   794 V WindowManager:         {WCT{RemoteToken{58f5d87 Task{11d79c0 #78 type=standard A=10217:viva.republica.toss.test}}} m=TO_BACK f=NONE leash=Surface(name=Task=78)/@0x6af51ab sb=Rect(0, 0 - 1080, 2400) eb=Rect(0, 0 - 1080, 2400) epz=Point(1080, 2400) d=0 taskParent=-1},
02-19 19:27:07.962   752   794 V WindowManager:         {m=TO_FRONT f=IS_WALLPAPER leash=Surface(name=WallpaperWindowToken{35e0c0f showWhenLocked=false})/@0x512f5be sb=Rect(0, 0 - 1080, 2400) eb=Rect(0, 0 - 1080, 2400) epz=Point(1080, 2400) d=0}
02-19 19:27:07.962   752   794 V WindowManager:     ]}
02-19 19:27:07.962 19166 19166 D OverviewCommandHelper: recents animation started - onInitBackgroundStateUI: CommandInfo(type=TOGGLE, status=PROCESSING, createTime=108299975, animationCallbacks=com.android.quickstep.RecentsAnimationCallbacks@9af16fd, displayId=0, isLastOfBatch=true)
02-19 19:27:07.967 19166 19166 D RecentsView: onPrepareGestureEndAnimation - endTarget: RECENTS
02-19 19:27:07.967  4449  4449 I vol.VolumeDialogImpl: mDialog.dismiss() reason: volume_controller from: com.android.systemui.volume.VolumeDialogImpl$7.onDismissRequested:3
02-19 19:27:07.967  4449  4467 D WindowManagerShell: onActivityRestartAttempt: topActivity=ComponentInfo{com.google.android.apps.nexuslauncher/com.google.android.apps.nexuslauncher.NexusLauncherActivity}, wasVisible=true
02-19 19:27:07.993 19166 19166 W SplitSelectStateCtor: Missing session instanceIds
02-19 19:27:07.993 19166 19166 D StatsLog: LAUNCHER_SPLIT_SELECTION_EXIT_INTERRUPTED
02-19 19:27:07.993 19166 19166 D ContextTracker: handleIntent: mCallbacks=[com.android.launcher3.LauncherInitListener@5b04a63]
02-19 19:27:07.994 19166 19166 D TFOManager: playPanelCloseAnimation() duration=200 traceTag=LauncherOverlay-hide isHomeButtonTap=true
02-19 19:27:07.994 19166 19166 D TFOManager: Skipped creating panel close animation because -1 is invisible.
02-19 19:27:07.994 19166 19166 D OverviewCommandHelper: clearing pending commands: [CommandInfo(type=TOGGLE, status=PROCESSING, createTime=108299975, animationCallbacks=com.android.quickstep.RecentsAnimationCallbacks@9af16fd, displayId=0, isLastOfBatch=true)]
02-19 19:27:08.000  4449  4467 V ShellRecents: [56291390] RecentsController.setInputConsumerEnabled: set focus to recents
02-19 19:27:08.156  1336  1556 D SatelliteController: iisInCarrierRoamingNbIotNtn: satellite is disabled
02-19 19:27:08.366   488   488 I RanchuHwc: logCompositionFallbackIfChanged: layer 1375 CompositionType fallback from 2 to 1
02-19 19:27:08.366   488   488 I RanchuHwc: logCompositionFallbackIfChanged: layer 1376 CompositionType fallback from 2 to 1
02-19 19:27:08.392 19166 19166 D StateManager: goToState - fromState: Background, toState: Overview, partial trace:
02-19 19:27:08.392 19166 19166 D StateManager: 	at com.android.quickstep.BaseActivityInterface$DefaultAnimationFactory.lambda$createContainerInterface$0(go/retraceme 72a59688580715d19f0e415c69e80376c2f062d1648c80db6730905005a27c20:28)
02-19 19:27:08.392 19166 19166 D StateManager: 	at com.android.quickstep.BaseActivityInterface$DefaultAnimationFactory.a(go/retraceme 72a59688580715d19f0e415c69e80376c2f062d1648c80db6730905005a27c20:1)
02-19 19:27:08.392 19166 19166 D StateManager: 	at com.android.quickstep.y.run(go/retraceme 72a59688580715d19f0e415c69e80376c2f062d1648c80db6730905005a27c20:5)
02-19 19:27:08.393 19166 19166 D StatsLog: LAUNCHER_ONRESUME
02-19 19:27:08.394 19166 19166 D StateManager: onStateTransitionStart - state: Overview
02-19 19:27:08.396  4449  4467 D WindowManagerShell: setLauncherKeepClearAreaHeight: visible=true, height=527
02-19 19:27:08.397 19166 19166 D KeyboardInsetsHandler: setState, toState:Overview StateManager(mLastStableState:Normal, mCurrentStableState:Background, mState:Overview, mRestState:Normal, isInTransition:false)
02-19 19:27:08.398 19166 19166 D StateManager: onStateTransitionEnd - state: Overview
02-19 19:27:08.398   752  1095 D BackgroundInstallControlService: Package event received: 0
02-19 19:27:08.401 19166 19166 I AiAiSuggestUi: Clearing suggestions.
02-19 19:27:08.402 19166 19166 I AiAiSuggestUi: Requesting to show indicators
02-19 19:27:08.402 19166 19166 I AiAiSuggestUi: Fetching contents, isPrimaryTask = true
02-19 19:27:08.405 19166 19166 D StatsLog: LAUNCHER_OVERVIEW_GESTURE
02-19 19:27:08.406 19166 19166 D OverviewCommandHelper: switching via recents animation - onTransitionComplete: CommandInfo(type=TOGGLE, status=PROCESSING, createTime=108299975, animationCallbacks=com.android.quickstep.RecentsAnimationCallbacks@9af16fd, displayId=0, isLastOfBatch=true)
02-19 19:27:08.406 19166 19166 D OverviewCommandHelper: command executed: CommandInfo(type=TOGGLE, status=PROCESSING, createTime=108299975, animationCallbacks=com.android.quickstep.RecentsAnimationCallbacks@9af16fd, displayId=0, isLastOfBatch=true) with result: true
02-19 19:27:08.406 19166 19166 D OverviewCommandHelper: command executed successfully! CommandInfo(type=TOGGLE, status=COMPLETED, createTime=108299975, animationCallbacks=com.android.quickstep.RecentsAnimationCallbacks@9af16fd, displayId=0, isLastOfBatch=true)
02-19 19:27:08.406 19166 19166 D OverviewCommandHelper: no pending commands to be executed.
02-19 19:27:08.407 19166 19166 D ContextTracker: Unregistering callback: com.android.launcher3.LauncherInitListener@5b04a63, reason=AbsSwipeUpHandler.invalidateHandler
02-19 19:27:08.409 19166 19166 D OverviewActionsView: updateForGroupedTask() called with: isGroupedTask = [false], canSaveAppPair = [false]
02-19 19:27:08.409 19166 19166 D OverviewActionsView: updateActionButtonsVisibility() called: showSingleTaskActions = [true], showGroupActions = [false]
02-19 19:27:08.410 19166 19166 D OverviewActionsView: updateForGroupedTask() called with: isGroupedTask = [false], canSaveAppPair = [false]
02-19 19:27:08.410 19166 19166 D OverviewActionsView: updateActionButtonsVisibility() called: showSingleTaskActions = [true], showGroupActions = [false]
02-19 19:27:08.410 19166 19166 D RecentsView: onGestureAnimationEnd - mEnableDrawingLiveTile: true
02-19 19:27:08.444 19166 19190 D QuickstepModelDelegate: notifyAppTargetEvent action=1 launchLocation=
02-19 19:27:08.451  4449  4532 V ShellRecents: [56291390] RecentsController.detachNavigationBarFromApp
02-19 19:27:08.550   488   488 I RanchuHwc: logCompositionFallbackIfChanged: layer 1377 CompositionType fallback from 2 to 1
02-19 19:27:08.610  1971  2198 I AiAiEcho: Predicting[0]:  [CONTEXT sampling_count=5 ]
02-19 19:27:08.616  1971  2198 I AiAiEcho: EchoTargets: 
02-19 19:27:08.616  1971  2198 I AiAiEcho: Filtered by AiAi flag check: 
02-19 19:27:08.616  1971  2198 I AiAiEcho: [CONTEXT ratelimit_period="10 SECONDS" ]
02-19 19:27:08.618  1971  2198 I AiAiEcho: #remoteViewsTwiddler: feature disabled.
02-19 19:27:08.624  1971  2198 I AiAiEcho: #postPredictionTargets: Sending updates to UISurface home with targets# 0 (types=[])
02-19 19:27:08.653 19166 19166 I NotificationListener: Handling notification state refresh for com.google.android.adservices.api#0
02-19 19:27:08.653 19166 19166 I NotificationListener: Handling notification state refresh for android#0
02-19 19:27:08.654 19166 19166 I NotificationListener: Handling notification state refresh for com.android.systemui#0
02-19 19:27:08.720 19166 19170 I s.nexuslauncher: NativeAlloc concurrent mark compact GC freed 1430KB AllocSpace bytes, 4(208KB) LOS objects, 49% free, 5720KB/11MB, paused 6.834ms,2.831ms total 241.177ms
02-19 19:27:08.728 19166 19172 W System  : A resource failed to call release. 
02-19 19:27:08.728 19166 19172 W System  : A resource failed to call release. 
02-19 19:27:08.729 19166 19172 W System  : A resource failed to call release. 
02-19 19:27:08.774 19166 19176 I AiAiSuggestUi: Request suggestContentSelections complete, took: 363
02-19 19:27:08.775 19166 19176 I AiAiSuggestUi: Fetched content back in callback
02-19 19:27:08.789 19166 19166 D SsBaseTemplateCard: No text view can be set up
02-19 19:27:08.795 19166 19166 D SsBaseTemplateCard: Passed-in item info is null
02-19 19:27:08.795 19166 19166 D SsBaseTemplateCard: Passed-in item info is null
02-19 19:27:08.795 19166 19166 D SsBaseTemplateCard: Passed-in item info is null
02-19 19:27:08.795 19166 19166 I SsBaseTemplateCard: Secondary card pane is null
02-19 19:27:08.796 19166 19166 I AiAiSuggestUi: Display indicators
02-19 19:27:08.820  4449  4449 I Choreographer: Skipped 37 frames!  The application may be doing too much work on its main thread.
02-19 19:27:08.836  4449  4532 I HWUI    : Davey! duration=815ms; Flags=0, FrameTimelineVsyncId=2011019, IntendedVsync=108301837941450, Vsync=108301937941446, InputEventId=0, HandleInputStart=108301994529917, AnimationStart=108301995538917, PerformTraversalsStart=108301997521917, DrawStart=108301997820917, FrameDeadline=108301854608116, FrameStartTime=108301947953917, FrameInterval=16666666, WorkloadTarget=16666666, SyncQueued=108302000565917, SyncStart=108302001263917, IssueDrawCommandsStart=108302004052917, SwapBuffers=108302639745917, FrameCompleted=108302654102917, DequeueBufferDuration=116000, QueueBufferDuration=4374000, GpuCompleted=108302653481917, SwapBuffersCompleted=108302654102917, DisplayPresentTime=0, CommandSubmissionCompleted=108302639745917, 
02-19 19:27:09.629 19166 19166 D TaskView: launchAsLiveTile - composeRecentsLaunchAnimator: [78]
02-19 19:27:09.998 19166 19166 D RecentsView: finishRecentsAnimation - mRecentsAnimationController: com.android.quickstep.RecentsAnimationController@c5a81dc
