02-19 19:27:12.095  4449  4467 V WindowManagerShell: start default transition animation, info = {id=776 t=OPEN f=0x0 trk=0 r=[0@Point(0, 0)] c=[{m=OPEN f=FILLS_TASK leash=Surface(name=ActivityRecord{65014138 u0 viva.republica.toss.test/im.toss.rn.granite.core.GraniteActivity)/@0xfc03d9b sb=Rect(0, 0 - 0, 0) eb=Rect(0, 0 - 1080, 2400) epz=Point(1080, 2400) d=-1->0 r=-1->0:-1 bc=ffffffff component=viva.republica.toss.test/im.toss.rn.granite.core.GraniteActivity opt={t=FROM_STYLE mUserId=0}},{m=CLOSE f=TRANSLUCENT|FILLS_TASK leash=Surface(name=ActivityRecord{4173400 u0 viva.republica.toss.test/.MiniAppSchemeActivity)/@0x881a538 sb=Rect(0, 0 - 1080, 2400) eb=Rect(0, 0 - 1080, 2400) epz=Point(1080, 2400) d=0 bc=ffffffff component=viva.republica.toss.test/.MiniAppSchemeActivity opt={t=FROM_STYLE mUserId=0}},{m=TO_BACK f=FILLS_TASK leash=Surface(name=ActivityRecord{181627010 u0 viva.republica.toss.test/im.toss.rn.granite.core.GraniteActivity)/@0xda9911 sb=Rect(0, 0 - 1080, 2400) eb=Rect(0, 0 - 1080, 2400) epz=Point(1080, 2400) d=0 bc=ffffffff component=viva.republica.toss.test/im.toss.rn.granite.core.GraniteActivity opt={t=FROM_STYLE mUserId=0}}]}
02-19 19:27:12.099 19316 19316 E unknown:ReactRootView: Unhandled SoftException
02-19 19:27:12.099 19316 19316 E unknown:ReactRootView: com.facebook.react.uimanager.IllegalViewOperationException: Trying to attach a ReactRootView with an explicit id already set to [2131362676]. React Native uses the id field to track react tags and will overwrite this field. If that is fine, explicitly overwrite the id field to View.NO_ID.
02-19 19:27:12.099 19316 19316 E unknown:ReactRootView: 	at com.facebook.react.ReactRootView.attachToReactInstanceManager(:799)
02-19 19:27:12.099 19316 19316 E unknown:ReactRootView: 	at com.facebook.react.ReactRootView.startReactApplication(:509)
02-19 19:27:12.099 19316 19316 E unknown:ReactRootView: 	at com.facebook.react.ReactRootView.startReactApplication(:469)
02-19 19:27:12.099 19316 19316 E unknown:ReactRootView: 	at im.toss.rn.granite.core.GraniteActivity.write(:486)
02-19 19:27:12.099 19316 19316 E unknown:ReactRootView: 	at im.toss.rn.granite.core.GraniteActivity.RemoteActionCompatParcelizer(:124)
02-19 19:27:12.099 19316 19316 E unknown:ReactRootView: 	at im.toss.rn.granite.core.GraniteActivity$RemoteActionCompatParcelizer.IconCompatParcelizer(:65353)
02-19 19:27:12.099 19316 19316 E unknown:ReactRootView: 	at o.sh.a_(:33)
02-19 19:27:12.099 19316 19316 E unknown:ReactRootView: 	at o.xP.run(:100)
02-19 19:27:12.099 19316 19316 E unknown:ReactRootView: 	at android.os.Handler.handleCallback(Handler.java:995)
02-19 19:27:12.099 19316 19316 E unknown:ReactRootView: 	at android.os.Handler.dispatchMessage(Handler.java:103)
02-19 19:27:12.099 19316 19316 E unknown:ReactRootView: 	at android.os.Looper.loopOnce(Looper.java:248)
02-19 19:27:12.099 19316 19316 E unknown:ReactRootView: 	at android.os.Looper.loop(Looper.java:338)
02-19 19:27:12.099 19316 19316 E unknown:ReactRootView: 	at android.app.ActivityThread.main(ActivityThread.java:9067)
02-19 19:27:12.099 19316 19316 E unknown:ReactRootView: 	at java.lang.reflect.Method.invoke(Native Method)
02-19 19:27:12.099 19316 19316 E unknown:ReactRootView: 	at com.android.internal.os.RuntimeInit$MethodAndArgsCaller.run(RuntimeInit.java:593)
02-19 19:27:12.099 19316 19316 E unknown:ReactRootView: 	at com.android.internal.os.ZygoteInit.main(ZygoteInit.java:932)
02-19 19:27:12.137  4449  4467 V WindowManagerShell: loadAnimation: anim=android.view.animation.AnimationSet@b7ed802 animAttr=0x5 type=OPEN isEntrance=false
02-19 19:27:12.138  4449  4467 V WindowManagerShell: loadAnimation: anim=android.view.animation.AnimationSet@e5ec513 animAttr=0x5 type=OPEN isEntrance=false
02-19 19:27:12.145  4449  4467 V WindowManagerShell: loadAnimation: anim=android.view.animation.AnimationSet@306724e animAttr=0x4 type=OPEN isEntrance=true
02-19 19:27:12.149  4449  4467 V WindowManagerShell:  animated by com.android.wm.shell.transition.DefaultTransitionHandler@f74d823
02-19 19:27:12.170   752  2505 D CoreBackPreview: Window{890dacd u0 PopupWindow:dcf14d9}: Setting back callback OnBackInvokedCallbackInfo{mCallback=android.window.IOnBackInvokedCallback$Stub$Proxy@a9f2693, mPriority=0, mIsAnimationCallback=false, mOverrideBehavior=0}
02-19 19:27:12.359   752   989 I ImeTracker: viva.republica.toss.test:2c9128ec: onRequestHide at ORIGIN_SERVER reason HIDE_UNSPECIFIED_WINDOW fromUser false
02-19 19:27:12.394   488   488 I RanchuHwc: logCompositionFallbackIfChanged: layer 1379 CompositionType fallback from 2 to 1
02-19 19:27:12.404 19316 19316 D InsetsController: hide(ime(), fromIme=false)
02-19 19:27:12.405 19316 19316 I ImeTracker: viva.republica.toss.test:2c9128ec: onCancelled at PHASE_CLIENT_ALREADY_HIDDEN
02-19 19:27:12.436 20022 20022 I GoogleInputMethodService: GoogleInputMethodService.onFinishInput():2043 
02-19 19:27:12.448 20022 20022 I Module  : DeviceLockedStatusModuleProvider$Module.updateDeviceLockedStatus():100 repeatCheckTimes = 0, locked = false
02-19 19:27:12.475 20022 20022 I GoogleInputMethodService: GoogleInputMethodService.onStartInput():1293 onStartInput(EditorInfo{EditorInfo{packageName=viva.republica.toss.test, inputType=0, inputTypeString=NULL, enableLearning=false, autoCorrection=false, autoComplete=false, imeOptions=0, privateImeOptions=null, actionName=UNSPECIFIED, actionLabel=null, initialSelStart=-1, initialSelEnd=-1, initialCapsMode=0, label=null, fieldId=0, fieldName=null, extras=null, hintText=null, hintLocales=[]}}, false)
02-19 19:27:12.502 20022 20022 I EmojiCompatManager: EmojiCompatManager.getEmojiCompatIfLoaded():343 EmojiCompat.init() was never called.
02-19 19:27:12.502 20022 20022 I EmojiCompatManager: java.lang.IllegalStateException: EmojiCompat is not initialized. Please call EmojiCompat.init() first
02-19 19:27:12.502 20022 20022 I EmojiCompatManager: 	at asx.p(PG:6)
02-19 19:27:12.502 20022 20022 I EmojiCompatManager: 	at axb.b(PG:13)
02-19 19:27:12.502 20022 20022 I EmojiCompatManager: 	at jnr.b(PG:2)
02-19 19:27:12.502 20022 20022 I EmojiCompatManager: 	at jnr.c(PG:4)
02-19 19:27:12.502 20022 20022 I EmojiCompatManager: 	at jnr.f(PG:3)
02-19 19:27:12.502 20022 20022 I EmojiCompatManager: 	at jnx.c(PG:3)
02-19 19:27:12.502 20022 20022 I EmojiCompatManager: 	at kif.cz(PG:47)
02-19 19:27:12.502 20022 20022 I EmojiCompatManager: 	at lhl.run(PG:1025)
02-19 19:27:12.502 20022 20022 I EmojiCompatManager: 	at jaf.execute(PG:12)
02-19 19:27:12.502 20022 20022 I EmojiCompatManager: 	at nco.v(PG:13)
02-19 19:27:12.502 20022 20022 I EmojiCompatManager: 	at lhn.m(PG:96)
02-19 19:27:12.502 20022 20022 I EmojiCompatManager: 	at lhn.k(PG:25)
02-19 19:27:12.502 20022 20022 I EmojiCompatManager: 	at kgn.onStartInput(PG:250)
02-19 19:27:12.502 20022 20022 I EmojiCompatManager: 	at android.inputmethodservice.InputMethodService.doStartInput(InputMethodService.java:3521)
02-19 19:27:12.502 20022 20022 I EmojiCompatManager: 	at android.inputmethodservice.InputMethodService$InputMethodImpl.startInput(InputMethodService.java:879)
02-19 19:27:12.502 20022 20022 I EmojiCompatManager: 	at android.inputmethodservice.InputMethodService$InputMethodImpl.dispatchStartInput(InputMethodService.java:908)
02-19 19:27:12.502 20022 20022 I EmojiCompatManager: 	at android.inputmethodservice.IInputMethodWrapper.executeMessage(IInputMethodWrapper.java:201)
02-19 19:27:12.502 20022 20022 I EmojiCompatManager: 	at com.android.internal.os.HandlerCaller$MyHandler.handleMessage(HandlerCaller.java:44)
02-19 19:27:12.502 20022 20022 I EmojiCompatManager: 	at android.os.Handler.dispatchMessage(Handler.java:110)
02-19 19:27:12.502 20022 20022 I EmojiCompatManager: 	at android.os.Looper.loopOnce(Looper.java:248)
02-19 19:27:12.502 20022 20022 I EmojiCompatManager: 	at android.os.Looper.loop(Looper.java:338)
02-19 19:27:12.502 20022 20022 I EmojiCompatManager: 	at android.app.ActivityThread.main(ActivityThread.java:9067)
02-19 19:27:12.502 20022 20022 I EmojiCompatManager: 	at java.lang.reflect.Method.invoke(Native Method)
02-19 19:27:12.502 20022 20022 I EmojiCompatManager: 	at com.android.internal.os.RuntimeInit$MethodAndArgsCaller.run(RuntimeInit.java:593)
02-19 19:27:12.502 20022 20022 I EmojiCompatManager: 	at com.android.internal.os.ZygoteInit.main(ZygoteInit.java:932)
02-19 19:27:12.507 20022 20022 I Module  : DeviceLockedStatusModuleProvider$Module.updateDeviceLockedStatus():100 repeatCheckTimes = 1, locked = false
02-19 19:27:12.512   752  2363 I ImeTracker: system_server:20d4b80e: onRequestHide at ORIGIN_SERVER reason IME_REQUESTED_CHANGED_LISTENER fromUser false
02-19 19:27:12.518   752   779 W PackageConfigPersister: App-specific configuration not found for packageName: viva.republica.toss.test and userId: 0
02-19 19:27:12.528   752   797 I ImeTracker: system_server:20d4b80e: onCancelled at PHASE_SERVER_SHOULD_HIDE
02-19 19:27:12.624  4449  4467 V WindowManagerShell: Transition animation finished (aborted=false), notifying core (#776) android.os.BinderProxy@3e1d04c@0
02-19 19:27:12.636   752   794 V WindowManager: Finish Transition (#776): created at 02-19 19:27:11.853 collect-started=0.082ms request-sent=6.727ms started=9.018ms ready=17.174ms sent=221.226ms commit=106.862ms finished=781.052ms
02-19 19:27:12.645 19316 19316 D VRI[MiniAppSchemeActivity]: visibilityChanged oldVisibility=true newVisibility=false
02-19 19:27:12.652  4449  4467 V WindowManagerShell: Track 0 became idle
02-19 19:27:12.653  4449  4467 V WindowManagerShell: All active transition animations finished
02-19 19:27:12.686 19316 19316 D VRI[GraniteActivity]: visibilityChanged oldVisibility=true newVisibility=false
02-19 19:27:12.733 19316 19316 W WindowOnBackDispatcher: sendCancelIfRunning: isInProgress=false callback=android.view.ViewRootImpl$$ExternalSyntheticLambda13@81ef2ac
02-19 19:27:12.754 19316 19316 D ViewRootImpl: Skipping stats log for color mode
02-19 19:27:12.761   752   934 D CoreBackPreview: Window{82d5804 u0 viva.republica.toss.test/viva.republica.toss.test.MiniAppSchemeActivity}: Setting back callback null
02-19 19:27:12.805   752  1095 D BackgroundInstallControlService: Package event received: 0
02-19 19:27:12.921   752  1095 D BackgroundInstallControlService: Package event received: 0
02-19 19:27:13.619   752  1856 E TaskPersister: File error accessing recents directory (directory doesn't exist?).
02-19 19:27:14.147 20645 20645 W dumpsys : Thread Pool max thread count is 0. Cannot cache binder as linkToDeath cannot be implemented. serviceName: window
02-19 19:27:14.155   752   934 I system_server: AssetManager2(0x7d8fac4ddc18) locale list changing from [] to [en-US]
02-19 19:27:14.161   752   934 I system_server: AssetManager2(0x7d8fac4d2d18) locale list changing from [] to [en-US]
02-19 19:27:14.164   752   934 I system_server: AssetManager2(0x7d8fac4c3f98) locale list changing from [] to [en-US]
02-19 19:27:14.168   752   934 I system_server: AssetManager2(0x7d8fac443438) locale list changing from [] to [en-US]
02-19 19:27:14.171   752   934 I system_server: AssetManager2(0x7d8fac46e098) locale list changing from [] to [en-US]
02-19 19:27:14.177   752   934 I system_server: AssetManager2(0x7d8fac438858) locale list changing from [] to [en-US]
02-19 19:27:15.359 20650 20650 W screencap: Thread Pool max thread count is 0. Cannot cache binder as linkToDeath cannot be implemented. serviceName: SurfaceFlingerAIDL
02-19 19:27:15.361 20650 20650 W BpBinder: Linking to death on android.gui.ISurfaceComposer but there are no threads (yet?) listening to incoming transactions. See ProcessState::startThreadPool and ProcessState::setThreadPoolMaxThreadCount. Generally you should setup the binder threadpool before other initialization steps.
02-19 19:27:15.361 20650 20650 W ProcessState: Extra binder thread started, but 0 threads requested. Do not use *startThreadPool when zero threads are requested.
02-19 19:27:15.371   531   603 E HwcComposer: getLuts failed Status(-8, EX_SERVICE_SPECIFIC): '8: '
02-19 19:27:15.371   531   603 E HWComposer: getLuts: getLuts failed for display 4619827259835644672: UNSUPPORTED (8)
02-19 19:27:16.333 19316 19316 W WindowOnBackDispatcher: sendCancelIfRunning: isInProgress=false callback=android.view.ViewRootImpl$$ExternalSyntheticLambda13@bb2414c
02-19 19:27:16.335   752   779 D CoreBackPreview: Window{890dacd u0 PopupWindow:dcf14d9}: Setting back callback null
02-19 19:27:16.354 19316 20652 W unknown:ReactContext: initializeMessageQueueThreads() is called.
02-19 19:27:16.356 19316 19316 W unknown:ReactNative: Packager connection already open, nooping.
02-19 19:27:16.364 19316 20655 W unknown:ReactContext: initializeMessageQueueThreads() is called.
02-19 19:27:16.370 19316 20655 W unknown:ReactNative: Fresco has already been initialized with a different config. The new Fresco configuration will be ignored!
