02-19 19:10:31.672  7804  7813 I HWUI    : Davey! duration=906ms; Flags=0, FrameTimelineVsyncId=1948643, IntendedVsync=107304471314678, Vsync=107305287981312, InputEventId=0, HandleInputStart=107305303907615, AnimationStart=107305303908985, PerformTraversalsStart=107305305186575, DrawStart=107305334952338, FrameDeadline=107304487981344, FrameStartTime=107305298099948, FrameInterval=16666666, WorkloadTarget=16666666, SyncQueued=107305335038111, SyncStart=107305337879397, IssueDrawCommandsStart=107305350098619, SwapBuffers=107305359365998, FrameCompleted=107305381085740, DequeueBufferDuration=8020, QueueBufferDuration=2521860, GpuCompleted=107305380824691, SwapBuffersCompleted=107305381085740, DisplayPresentTime=0, CommandSubmissionCompleted=107305359365998, 
02-19 19:10:31.719  7804  7813 I AiAiSuggestUi: Request suggestContentSelections complete, took: 184
02-19 19:10:31.724  7804  7813 I AiAiSuggestUi: Fetched content back in callback
02-19 19:10:31.750   752  1095 D BackgroundInstallControlService: Package event received: 0
02-19 19:10:31.850  7804  7804 D OverviewActionsView: updateForGroupedTask() called with: isGroupedTask = [false], canSaveAppPair = [false]
02-19 19:10:31.850  7804  7804 D OverviewActionsView: updateActionButtonsVisibility() called: showSingleTaskActions = [true], showGroupActions = [false]
02-19 19:10:32.075  7804  7804 I AiAiSuggestUi: Display indicators
02-19 19:10:32.178  7804  7804 D StateManager: onStateTransitionEnd - state: Normal
02-19 19:10:32.178  7804  7804 D RecentsView: reset - mEnableDrawingLiveTile: false, mRecentsAnimationController: null
02-19 19:10:32.181  7804  7804 I AiAiSuggestUi: Clearing suggestions.
02-19 19:10:32.185  7804  7804 I AiAiSuggestUi: Clearing suggestions.
02-19 19:10:32.188  7804  7804 D ActivityAllAppsContainerView: rebindAdapters: force: false
02-19 19:10:32.188  7804  7804 D ActivityAllAppsContainerView: rebindAdapters: Not needed.
02-19 19:10:32.328  7804  7804 D OverviewActionsView: updateForGroupedTask() called with: isGroupedTask = [false], canSaveAppPair = [false]
02-19 19:10:32.329  7804  7804 D OverviewActionsView: updateActionButtonsVisibility() called: showSingleTaskActions = [true], showGroupActions = [false]
02-19 19:10:32.358 17952 17954 I artd    : GetBestInfo: odex next to the dex file (/data/app/~~O-UZzK0jUU9NLgS3MODOZA==/com.google.android.gms-YQ2L6GsYyKuvu9MvIBK1EQ==/oat/x86_64/base.odex) is kOatUpToDate with filter 'speed-profile' executable 'false'
02-19 19:10:32.624 17952 17954 I artd    : GetBestInfo: odex next to the dex file (/data/app/~~O-UZzK0jUU9NLgS3MODOZA==/com.google.android.gms-YQ2L6GsYyKuvu9MvIBK1EQ==/oat/x86_64/split_AdsDynamite_installtime.odex) is kOatUpToDate with filter 'speed' executable 'false'
02-19 19:10:32.670 17952 17954 I artd    : GetBestInfo: odex next to the dex file (/data/app/~~O-UZzK0jUU9NLgS3MODOZA==/com.google.android.gms-YQ2L6GsYyKuvu9MvIBK1EQ==/oat/x86_64/split_CronetDynamite_installtime.odex) is kOatUpToDate with filter 'speed' executable 'false'
02-19 19:10:32.685 17952 17954 I artd    : GetBestInfo: odex next to the dex file (/data/app/~~O-UZzK0jUU9NLgS3MODOZA==/com.google.android.gms-YQ2L6GsYyKuvu9MvIBK1EQ==/oat/x86_64/split_DynamiteLoader_installtime.odex) is kOatUpToDate with filter 'speed' executable 'false'
02-19 19:10:33.076   752   795 W ActivityTaskManager: getAssistContextExtras failed: timeout retrieving from ActivityRecord{196204374 u0 viva.republica.toss.test/im.toss.rn.granite.core.GraniteActivity t78}
02-19 19:10:33.109 17952 17954 I artd    : GetBestInfo: odex next to the dex file (/data/app/~~O-UZzK0jUU9NLgS3MODOZA==/com.google.android.gms-YQ2L6GsYyKuvu9MvIBK1EQ==/oat/x86_64/split_DynamiteModulesA_installtime.odex) is kOatUpToDate with filter 'speed' executable 'false'
02-19 19:10:33.114  7804  7813 E AssistContentRequester: Received AssistData, but no AssistContent found
02-19 19:10:33.116   752   795 W Looper  : Slow dispatch took 379ms android.ui app=system_server main=false group=TOP_APP h=com.android.server.wm.ActivityTaskManagerService$UiHandler c=com.android.server.wm.ActivityTaskManagerService$PendingAssistExtras@ab3dd8b m=0
02-19 19:10:33.153 17952 18044 I artd    : GetBestInfo: odex next to the dex file (/data/app/~~O-UZzK0jUU9NLgS3MODOZA==/com.google.android.gms-YQ2L6GsYyKuvu9MvIBK1EQ==/oat/x86_64/split_DynamiteModulesC_installtime.odex) is kOatUpToDate with filter 'speed' executable 'false'
02-19 19:10:33.185 17952 18044 I artd    : GetBestInfo: odex next to the dex file (/data/app/~~O-UZzK0jUU9NLgS3MODOZA==/com.google.android.gms-YQ2L6GsYyKuvu9MvIBK1EQ==/oat/x86_64/split_GoogleCertificates_installtime.odex) is kOatUpToDate with filter 'speed' executable 'false'
02-19 19:10:33.214 17952 17954 I artd    : GetBestInfo: odex next to the dex file (/data/app/~~O-UZzK0jUU9NLgS3MODOZA==/com.google.android.gms-YQ2L6GsYyKuvu9MvIBK1EQ==/oat/x86_64/split_MapsDynamite_installtime.odex) is kOatUpToDate with filter 'speed' executable 'false'
02-19 19:10:33.220 18177 18177 W dumpsys : Thread Pool max thread count is 0. Cannot cache binder as linkToDeath cannot be implemented. serviceName: window
02-19 19:10:33.238 17952 17954 I artd    : GetBestInfo: odex next to the dex file (/data/app/~~O-UZzK0jUU9NLgS3MODOZA==/com.google.android.gms-YQ2L6GsYyKuvu9MvIBK1EQ==/oat/x86_64/split_MeasurementDynamite_installtime.odex) is kOatUpToDate with filter 'speed' executable 'false'
02-19 19:10:33.249 17952 17954 I artd    : GetBestInfo: /data/app/~~O-UZzK0jUU9NLgS3MODOZA==/com.google.android.gms-YQ2L6GsYyKuvu9MvIBK1EQ==/split_maps_core_dynamite_ondemand.apk has no usable artifacts
02-19 19:10:33.424 17952 17954 I artd    : GetBestInfo: /data/user_de/0/com.google.android.gms/app_chimera/m/0000000c/dl-Appsearch.optional_250834100800.apk has no usable artifacts
02-19 19:10:33.427 17952 17954 I artd    : GetBestInfo: /data/user_de/0/com.google.android.gms/app_chimera/m/00000001/CronetDynamite.apk has no usable artifacts
02-19 19:10:33.434 17952 17954 I artd    : GetBestInfo: /data/user_de/0/com.google.android.gms/app_chimera/m/00000002/DynamiteLoader.apk has no usable artifacts
02-19 19:10:33.439 17952 17954 I artd    : GetBestInfo: /data/user_de/0/com.google.android.gms/app_chimera/m/00000005/GoogleCertificates.apk has no usable artifacts
02-19 19:10:33.454 17952 17954 I artd    : GetBestInfo: /data/user_de/0/com.google.android.gms/app_chimera/m/00000009/dl-TfliteDynamiteDynamite.integ_252130102100800.apk has no usable artifacts
02-19 19:10:33.575   752   795 W ActivityTaskManager: getAssistContextExtras failed: timeout retrieving from ActivityRecord{196204374 u0 viva.republica.toss.test/im.toss.rn.granite.core.GraniteActivity t78}
02-19 19:10:33.750 17952 17954 I artd    : GetBestInfo: vdex next to the dex file (/data/user/0/com.google.android.gms/app_dg_cache/BF7C023AB90CCF01D1F467FC1CEBAF866511FF29/oat/x86_64/the.vdex) is kOatUpToDate with filter 'verify' executable 'false'
02-19 19:10:33.772 17952 17954 I artd    : GetBestInfo: /data/user_de/0/com.google.android.gms/app_chimera/m/00000010/dl-PlayCloudSearch.optional_250834100000.apk has no usable artifacts
02-19 19:10:33.787 17952 17954 I artd    : GetBestInfo: /data/user_de/0/com.google.android.gms/app_chimera/m/00000017/dl-PlayCloudSearch.optional_260438100000.apk has no usable artifacts
02-19 19:10:33.805 17952 17954 I artd    : GetBestInfo: /data/user_de/0/com.google.android.gms/app_chimera/m/00000015/dl-MlkitOcrCommon.optional_260438100800.apk has no usable artifacts
02-19 19:10:33.817 17952 17954 I artd    : GetBestInfo: /data/user_de/0/com.google.android.gms/app_chimera/m/00000013/dl-MlkitBarcodeUi.optional_260438100800.apk has no usable artifacts
02-19 19:10:33.842 17952 17954 I artd    : GetBestInfo: /data/user_de/0/com.google.android.gms/app_chimera/m/0000000f/dl-MlkitOcrCommon.optional_250834100800.apk has no usable artifacts
02-19 19:10:33.846 17952 17954 I artd    : GetBestInfo: /data/user_de/0/com.google.android.gms/app_chimera/m/0000000d/dl-VisionOcr.optional_250834100000.apk has no usable artifacts
02-19 19:10:33.851 17952 17954 I artd    : GetBestInfo: /data/user_de/0/com.google.android.gms/app_chimera/m/0000000a/dl-MlkitBarcodeUi.optional_250834100800.apk has no usable artifacts
02-19 19:10:33.859 17952 17954 I artd    : GetBestInfo: /data/user_de/0/com.google.android.gms/app_chimera/m/00000011/dl-VisionOcr.optional_260438100000.apk has no usable artifacts
02-19 19:10:33.877 17952 17954 I artd    : GetBestInfo: /data/user_de/0/com.google.android.gms/app_chimera/m/00000012/dl-Appsearch.optional_260438100800.apk has no usable artifacts
02-19 19:10:33.906   752   805 I ActivityManager: Test idle passed
02-19 19:10:33.907 17952 17954 I artd    : GetBestInfo: vdex next to the dex file (/data/user/0/com.google.android.gms/app_dg_cache/94DF452EEF4B8E717545DCDEA6CC3C50A319A195/oat/x86_64/the.vdex) is kOatUpToDate with filter 'verify' executable 'false'
02-19 19:10:33.958 17952 17954 I artd    : GetBestInfo: /data/user_de/0/com.google.android.gms/app_chimera/m/00000007/MeasurementDynamite.apk has no usable artifacts
02-19 19:10:34.153   752   795 W Looper  : Slow dispatch took 577ms android.ui app=system_server main=false group=TOP_APP h=com.android.server.wm.ActivityTaskManagerService$UiHandler c=com.android.server.wm.ActivityTaskManagerService$PendingAssistExtras@3361280 m=0
02-19 19:10:34.156  7804  7813 E AssistContentRequester: Received AssistData, but no AssistContent found
02-19 19:10:34.157 17952 17954 I artd    : GetBestInfo: /data/user_de/0/com.google.android.gms/app_chimera/m/00000018/dl-AdsFdrDynamite.integ_254380203100000.apk has no usable artifacts
02-19 19:10:34.317 16566 16566 I Choreographer: Skipped 152 frames!  The application may be doing too much work on its main thread.
02-19 19:10:34.594   752  1095 D BackgroundInstallControlService: Package event received: 0
02-19 19:10:34.922  1802  1836 W s.messaging:rcs: Reducing the number of considered missed Gc histogram windows from 1694 to 100
02-19 19:10:35.079   752  2503 W ActivityTaskManager: callingPackage for (uid=2000, pid=18188) has no WPC
02-19 19:10:35.133   752  2503 V GrammaticalInflectionUtils: AttributionSource: android.content.AttributionSource@56784557 does not have READ_SYSTEM_GRAMMATICAL_GENDER permission.
02-19 19:10:35.266   752  2503 W OptProp : Cannot read opt property android.window.PROPERTY_COMPAT_ALLOW_USER_ASPECT_RATIO_OVERRIDE
02-19 19:10:35.266   752  2503 W OptProp : Cannot read opt property android.window.PROPERTY_COMPAT_ALLOW_USER_ASPECT_RATIO_FULLSCREEN_OVERRIDE
02-19 19:10:35.269   752  2503 W OptProp : Cannot read opt property android.window.PROPERTY_COMPAT_ALLOW_RESIZEABLE_ACTIVITY_OVERRIDES
02-19 19:10:35.273   752  2503 W OptProp : Cannot read opt property android.window.PROPERTY_COMPAT_ALLOW_MIN_ASPECT_RATIO_OVERRIDE
02-19 19:10:35.307   752  2503 W OptProp : Cannot read opt property android.window.PROPERTY_COMPAT_ALLOW_ORIENTATION_OVERRIDE
02-19 19:10:35.332   531   590 I BpBinder: onLastStrongRef automatically unlinking death recipients: 
02-19 19:10:35.397   752  1029 D InetDiagMessage: Destroyed 0 sockets, proto=IPPROTO_TCP, family=AF_INET, states=14
02-19 19:10:35.521   752  1029 D InetDiagMessage: Destroyed 9 sockets, proto=IPPROTO_TCP, family=AF_INET6, states=14
02-19 19:10:35.522   752  1029 D InetDiagMessage: Destroyed live tcp sockets for uids={10217} in 125ms
02-19 19:10:35.522   752  1029 D InetDiagMessage: Destroyed 0 sockets, proto=IPPROTO_TCP, family=AF_INET, states=14
02-19 19:10:35.523   752  1029 D InetDiagMessage: Destroyed 0 sockets, proto=IPPROTO_TCP, family=AF_INET6, states=14
02-19 19:10:35.524   752  1029 D InetDiagMessage: Destroyed live tcp sockets for uids={20217} in 2ms
02-19 19:10:35.667   752  1029 D InetDiagMessage: Destroyed 0 sockets, proto=IPPROTO_TCP, family=AF_INET, states=14
02-19 19:10:35.672   752  1029 D InetDiagMessage: Destroyed 0 sockets, proto=IPPROTO_TCP, family=AF_INET6, states=14
02-19 19:10:35.672   752  1029 D InetDiagMessage: Destroyed live tcp sockets for uids={10205} in 14ms
02-19 19:10:35.677   752  1029 D InetDiagMessage: Destroyed 0 sockets, proto=IPPROTO_TCP, family=AF_INET, states=14
02-19 19:10:35.693   752  1029 D InetDiagMessage: Destroyed 0 sockets, proto=IPPROTO_TCP, family=AF_INET6, states=14
02-19 19:10:35.693   752  1029 D InetDiagMessage: Destroyed live tcp sockets for uids={20205} in 18ms
02-19 19:10:35.705  4449  4467 V WindowManagerShell: Transition requested (#743): android.os.BinderProxy@8469862 TransitionRequestInfo { type = OPEN, triggerTask = TaskInfo{userId=0 taskId=78 effectiveUid=10217 displayId=0 isRunning=true baseIntent=Intent { act=android.intent.action.VIEW dat=intoss://takealook/... flg=0x10000000 cmp=viva.republica.toss.test/im.toss.rn.granite.core.GraniteActivity } baseActivity=ComponentInfo{viva.republica.toss.test/im.toss.rn.granite.core.GraniteActivity} topActivity=ComponentInfo{viva.republica.toss.test/viva.republica.toss.test.MiniAppSchemeActivity} origActivity=null realActivity=ComponentInfo{viva.republica.toss.test/im.toss.rn.granite.core.GraniteActivity} numActivities=12 lastActiveTime=107300307 supportsMultiWindow=true resizeMode=1 isResizeable=true minWidth=-1 minHeight=-1 defaultMinSize=220 token=WCT{android.window.IWindowContainerToken$Stub$Proxy@648edf3} topActivityType=1 pictureInPictureParams=null shouldDockBigOverlays=false launchIntoPipHostTaskId=-1 lastParentTaskIdBeforePip=-1 displayCutoutSafeInsets=Rect(0, 0 - 0, 0) topActivityInfo=ActivityInfo{27f8ab0 viva.republica.toss.test.MiniAppSchemeActivity} launchCookies=[] positionInParent=Point(0, 0) parentTaskId=-1 isFocused=false isVisible=false isVisibleRequested=false isTopActivityNoDisplay=false isSleeping=false locusId=null displayAreaFeatureId=1 isTopActivityTransparent=true isActivityStackTransparent=false lastNonFullscreenBounds=Rect(284, 660 - 796, 1740) capturedLink=null capturedLinkTimestamp=0 requestedVisibleTypes=-9 topActivityRequestOpenInBrowserEducationTimestamp=0 appCompatTaskInfo=AppCompatTaskInfo { topActivityInSizeCompat=false eligibleForLetterboxEducation= false isLetterboxEducationEnabled= true isLetterboxDoubleTapEnabled= false eligibleForUserAspectRatioButton= false topActivityBoundsLetterboxed= false isFromLetterboxDoubleTap= false topActivityLetterboxVerticalPosition= -1 topActivityLetterboxHorizontalPosition= -1 topActivityLetterboxWidth=-1 topActivityLetterboxHeight=-1 topActivityAppBounds=Rect(0, 0 - 1080, 2400) isUserFullscreenOverrideEnabled=false isSystemFullscreenOverrideEnabled=false hasMinAspectRatioOverride=false topActivityLetterboxBounds=null cameraCompatTaskInfo=CameraCompatTaskInfo { freeformCameraCompatMode=inactive}} topActivityMainWindowFrame=null}, pipChange = null, remoteTransition = null, displayChange = null, flags = 0, debugId = 743 }
02-19 19:10:35.720   752  2503 I ActivityTaskManager: START u0 {act=android.intent.action.VIEW dat=intoss://takealook/... flg=0x10000000 xflg=0x4 pkg=viva.republica.toss.test cmp=viva.republica.toss.test/.MiniAppSchemeActivity} with LAUNCH_MULTIPLE from uid 2000 (BAL_ALLOW_PERMISSION) result code=0
02-19 19:10:35.788  4449  4467 D ShellSplitScreen: logExit: no-op, mLoggerSessionId is null
02-19 19:10:35.824   752   797 W ActivityTaskManager: Activity top resumed state loss timeout for ActivityRecord{32265495 u0 com.google.android.apps.nexuslauncher/.NexusLauncherActivity t5}
02-19 19:10:35.829   531   531 I BpBinder: onLastStrongRef automatically unlinking death recipients: 
02-19 19:10:35.839  7804  7804 W SplitSelectStateCtor: Missing session instanceIds
02-19 19:10:35.839  4449  4467 D WindowManagerShell: setLauncherKeepClearAreaHeight: visible=false, height=527
02-19 19:10:35.839  7804  7804 D StatsLog: LAUNCHER_SPLIT_SELECTION_EXIT_INTERRUPTED
02-19 19:10:35.863   752  1095 D BackgroundInstallControlService: Package event received: 0
02-19 19:10:36.034   752  1984 W OptProp : Cannot read opt property android.window.PROPERTY_COMPAT_ENABLE_FAKE_FOCUS
02-19 19:10:36.109   752  1095 D BackgroundInstallControlService: Package event received: 0
02-19 19:10:36.125   752  1095 D BackgroundInstallControlService: Package event received: 0
02-19 19:10:36.132   752  1095 D BackgroundInstallControlService: Package event received: 0
02-19 19:10:36.133   752  1095 D BackgroundInstallControlService: Package event received: 0
02-19 19:10:36.136   752  1095 D BackgroundInstallControlService: Package event received: 0
02-19 19:10:36.150   752  1095 D BackgroundInstallControlService: Package event received: 0
02-19 19:10:36.150   752  1095 D BackgroundInstallControlService: Package event received: 0
02-19 19:10:36.170  4449  4474 V SnapshotDrawerUtils: Drawing snapshot surface sizeMismatch=true
02-19 19:10:36.262   752   794 V WindowManager: Sent Transition (#743) createdAt=02-19 19:10:35.276 via request=TransitionRequestInfo { type = OPEN, triggerTask = TaskInfo{userId=0 taskId=78 effectiveUid=10217 displayId=0 isRunning=true baseIntent=Intent { act=android.intent.action.VIEW dat=intoss://takealook/... flg=0x10000000 cmp=viva.republica.toss.test/im.toss.rn.granite.core.GraniteActivity } baseActivity=ComponentInfo{viva.republica.toss.test/im.toss.rn.granite.core.GraniteActivity} topActivity=ComponentInfo{viva.republica.toss.test/viva.republica.toss.test.MiniAppSchemeActivity} origActivity=null realActivity=ComponentInfo{viva.republica.toss.test/im.toss.rn.granite.core.GraniteActivity} numActivities=12 lastActiveTime=107300307 supportsMultiWindow=true resizeMode=1 isResizeable=true minWidth=-1 minHeight=-1 defaultMinSize=220 token=WCT{RemoteToken{58f5d87 Task{11d79c0 #78 type=standard A=10217:viva.republica.toss.test}}} topActivityType=1 pictureInPictureParams=null shouldDockBigOverlays=false launchIntoPipHostTaskId=-1 lastParentTaskIdBeforePip=-1 displayCutoutSafeInsets=Rect(0, 0 - 0, 0) topActivityInfo=ActivityInfo{e3c22f3 viva.republica.toss.test.MiniAppSchemeActivity} launchCookies=[] positionInParent=Point(0, 0) parentTaskId=-1 isFocused=false isVisible=false isVisibleRequested=false isTopActivityNoDisplay=false isSleeping=false locusId=null displayAreaFeatureId=1 isTopActivityTransparent=true isActivityStackTransparent=false lastNonFullscreenBounds=Rect(284, 660 - 796, 1740) capturedLink=null capturedLinkTimestamp=0 requestedVisibleTypes=-9 topActivityRequestOpenInBrowserEducationTimestamp=0 appCompatTaskInfo=AppCompatTaskInfo { topActivityInSizeCompat=false eligibleForLetterboxEducation= false isLetterboxEducationEnabled= true isLetterboxDoubleTapEnabled= false eligibleForUserAspectRatioButton= false topActivityBoundsLetterboxed= false isFromLetterboxDoubleTap= false topActivityLetterboxVerticalPosition= -1 topActivityLetterboxHorizontalPosition= -1 topActivityLetterboxWidth=-1 topActivityLetterboxHeight=-1 topActivityAppBounds=Rect(0, 0 - 1080, 2400) isUserFullscreenOverrideEnabled=false isSystemFullscreenOverrideEnabled=false hasMinAspectRatioOverride=false topActivityLetterboxBounds=null cameraCompatTaskInfo=CameraCompatTaskInfo { freeformCameraCompatMode=inactive}} topActivityMainWindowFrame=null}, pipChange = null, remoteTransition = null, displayChange = null, flags = 0, debugId = 743 }
02-19 19:10:36.264   752   794 V WindowManager:     startWCT=WindowContainerTransaction { changes= {} hops= [] errorCallbackToken=null taskFragmentOrganizer=null }
02-19 19:10:36.265   752   794 V WindowManager:     info={id=743 t=OPEN f=0x0 trk=0 r=[0@Point(0, 0)] c=[
02-19 19:10:36.265   752   794 V WindowManager:         {WCT{RemoteToken{58f5d87 Task{11d79c0 #78 type=standard A=10217:viva.republica.toss.test}}} m=TO_FRONT f=MOVE_TO_TOP leash=Surface(name=Task=78)/@0x6af51ab sb=Rect(0, 0 - 1080, 2400) eb=Rect(0, 0 - 1080, 2400) epz=Point(1080, 2400) d=0 taskParent=-1},
02-19 19:10:36.265   752   794 V WindowManager:         {WCT{RemoteToken{5218fe8 Task{dd43522 #1 type=home}}} m=TO_BACK f=SHOW_WALLPAPER leash=Surface(name=Task=1)/@0x8ddbd2e sb=Rect(0, 0 - 1080, 2400) eb=Rect(0, 0 - 1080, 2400) epz=Point(1080, 2400) d=0 taskParent=-1},
02-19 19:10:36.265   752   794 V WindowManager:         {m=TO_BACK f=IS_WALLPAPER leash=Surface(name=WallpaperWindowToken{35e0c0f showWhenLocked=false})/@0x512f5be sb=Rect(0, 0 - 1080, 2400) eb=Rect(0, 0 - 1080, 2400) epz=Point(1080, 2400) d=0}
02-19 19:10:36.265   752   794 V WindowManager:     ]}
02-19 19:10:36.503  4449  4463 V WindowManagerShell: onTransitionReady(transaction=3229815428491)
02-19 19:10:36.503  4449  4467 V WindowManagerShell: onTransitionReady (#743) android.os.BinderProxy@8469862: {id=743 t=OPEN f=0x0 trk=0 r=[0@Point(0, 0)] c=[
02-19 19:10:36.503  4449  4467 V WindowManagerShell:         {m=TO_FRONT f=MOVE_TO_TOP leash=Surface(name=Task=78)/@0xcfa764f sb=Rect(0, 0 - 1080, 2400) eb=Rect(0, 0 - 1080, 2400) epz=Point(1080, 2400) d=0 taskParent=-1},
02-19 19:10:36.503  4449  4467 V WindowManagerShell:         {m=TO_BACK f=SHOW_WALLPAPER leash=Surface(name=Task=1)/@0x6caa1dc sb=Rect(0, 0 - 1080, 2400) eb=Rect(0, 0 - 1080, 2400) epz=Point(1080, 2400) d=0 taskParent=-1},
02-19 19:10:36.503  4449  4467 V WindowManagerShell:         {m=TO_BACK f=IS_WALLPAPER leash=Surface(name=WallpaperWindowToken{35e0c0f showWhenLocked=false})/@0xdc022e5 sb=Rect(0, 0 - 1080, 2400) eb=Rect(0, 0 - 1080, 2400) epz=Point(1080, 2400) d=0}
02-19 19:10:36.503  4449  4467 V WindowManagerShell:     ]}
02-19 19:10:36.726  4449  4467 V WindowManagerShell: Playing animation for (#743) android.os.BinderProxy@8469862@0
02-19 19:10:36.732  4449  4467 V ShellRecents: RecentsTransitionHandler.startAnimation: no controller found
02-19 19:10:36.732  4449  4467 V WindowManagerShell: Transition doesn't have explicit remote, search filters for match for {id=743 t=OPEN f=0x0 trk=0 r=[0@Point(0, 0)] c=[{m=TO_FRONT f=MOVE_TO_TOP leash=Surface(name=Task=78)/@0xcfa764f sb=Rect(0, 0 - 1080, 2400) eb=Rect(0, 0 - 1080, 2400) epz=Point(1080, 2400) d=0 taskParent=-1},{m=TO_BACK f=SHOW_WALLPAPER leash=Surface(name=Task=1)/@0x6caa1dc sb=Rect(0, 0 - 1080, 2400) eb=Rect(0, 0 - 1080, 2400) epz=Point(1080, 2400) d=0 taskParent=-1},{m=TO_BACK f=IS_WALLPAPER leash=Surface(name=WallpaperWindowToken{35e0c0f showWhenLocked=false})/@0xdc022e5 sb=Rect(0, 0 - 1080, 2400) eb=Rect(0, 0 - 1080, 2400) epz=Point(1080, 2400) d=0}]}
02-19 19:10:36.732  4449  4467 V WindowManagerShell:  Checking filter Pair{{types=[] flags=0x0] notFlags=0x0 checks=[{atype=undefined independent=true modes=[CLOSE,TO_BACK] flags=IN_TASK_WITH_EMBEDDED_ACTIVITY mustBeTask=false order=ANY topActivity=null launchCookie=null taskFragmentToken=android.os.BinderProxy@dcfd27d windowingMode=undefined}]} RemoteTransition { remoteTransition = android.window.IRemoteTransition$Stub$Proxy@d4ce572, appThread = android.app.IApplicationThread$Stub$Proxy@fd29dc3, debugName = overlayBackTransition }}
02-19 19:10:36.732  4449  4467 V WindowManagerShell:  Checking filter Pair{{types=[] flags=0x0] notFlags=0x0 checks=[{atype=dream independent=true modes=[OPEN,TO_FRONT] flags=NONE mustBeTask=false order=ANY topActivity=null launchCookie=null windowingMode=undefined},{atype=home independent=true modes=[CLOSE,TO_BACK] flags=NONE mustBeTask=false order=ANY topActivity=null launchCookie=null windowingMode=undefined}]} RemoteTransition { remoteTransition = android.window.IRemoteTransition$Stub$Proxy@90c640, appThread = android.app.IApplicationThread$Stub$Proxy@f8c1979, debugName = LauncherToDream }}
02-19 19:10:36.732  4449  4467 V WindowManagerShell:  Checking filter Pair{{types=[] flags=0x0] notFlags=0x100 checks=[{atype=home independent=true modes=[OPEN,TO_FRONT] flags=NONE mustBeTask=false order=TOP topActivity=ComponentInfo{com.google.android.apps.nexuslauncher/com.google.android.apps.nexuslauncher.NexusLauncherActivity} launchCookie=null windowingMode=undefined},{atype=standard independent=true modes=[CLOSE,TO_BACK] flags=NONE mustBeTask=false order=ANY topActivity=null launchCookie=null windowingMode=undefined},{NOT atype=undefined independent=true modes=[] flags=NONE mustBeTask=true order=ANY topActivity=null launchCookie=null customAnim=true windowingMode=undefined}]} RemoteTransition { remoteTransition = android.window.IRemoteTransition$Stub$Proxy@affe6be, appThread = android.app.IApplicationThread$Stub$Proxy@c37531f, debugName = QuickstepLaunchHome }}
02-19 19:10:36.734  4449  4467 V WindowManagerShell:  Checking filter Pair{{types=[] flags=0x0] notFlags=0x0 checks=[{atype=undefined independent=true modes=[CLOSE,TO_BACK] flags=IN_TASK_WITH_EMBEDDED_ACTIVITY mustBeTask=false order=ANY topActivity=null launchCookie=null taskFragmentToken=android.os.BinderProxy@dcfd27d windowingMode=undefined}]} RemoteTransition { remoteTransition = android.window.IRemoteTransition$Stub$Proxy@3517b6e, appThread = android.app.IApplicationThread$Stub$Proxy@261420f, debugName = overlayBackTransition }}
02-19 19:10:36.734  4449  4467 V WindowManagerShell:  Checking filter Pair{{types=[] flags=0x0] notFlags=0x0 checks=[{atype=dream independent=true modes=[OPEN,TO_FRONT] flags=NONE mustBeTask=false order=ANY topActivity=null launchCookie=null windowingMode=undefined},{atype=home independent=true modes=[CLOSE,TO_BACK] flags=NONE mustBeTask=false order=ANY topActivity=null launchCookie=null windowingMode=undefined}]} RemoteTransition { remoteTransition = android.window.IRemoteTransition$Stub$Proxy@c23e29c, appThread = android.app.IApplicationThread$Stub$Proxy@afb34a5, debugName = LauncherToDream }}
02-19 19:10:36.735  4449  4467 V WindowManagerShell:  Checking filter Pair{{types=[] flags=0x0] notFlags=0x100 checks=[{atype=home independent=true modes=[OPEN,TO_FRONT] flags=NONE mustBeTask=false order=TOP topActivity=ComponentInfo{com.google.android.apps.nexuslauncher/com.google.android.apps.nexuslauncher.NexusLauncherActivity} launchCookie=null windowingMode=undefined},{atype=standard independent=true modes=[CLOSE,TO_BACK] flags=NONE mustBeTask=false order=ANY topActivity=null launchCookie=null windowingMode=undefined},{NOT atype=undefined independent=true modes=[] flags=NONE mustBeTask=true order=ANY topActivity=null launchCookie=null customAnim=true windowingMode=undefined}]} RemoteTransition { remoteTransition = android.window.IRemoteTransition$Stub$Proxy@39de07a, appThread = android.app.IApplicationThread$Stub$Proxy@cf9f02b, debugName = QuickstepLaunchHome }}
02-19 19:10:36.735  4449  4467 V WindowManagerShell:  Delegate animation for (#743) to null
02-19 19:10:36.736  4449  4467 V WindowManagerShell: start default transition animation, info = {id=743 t=OPEN f=0x0 trk=0 r=[0@Point(0, 0)] c=[{m=TO_FRONT f=MOVE_TO_TOP leash=Surface(name=Task=78)/@0xcfa764f sb=Rect(0, 0 - 1080, 2400) eb=Rect(0, 0 - 1080, 2400) epz=Point(1080, 2400) d=0 taskParent=-1},{m=TO_BACK f=SHOW_WALLPAPER leash=Surface(name=Task=1)/@0x6caa1dc sb=Rect(0, 0 - 1080, 2400) eb=Rect(0, 0 - 1080, 2400) epz=Point(1080, 2400) d=0 taskParent=-1},{m=TO_BACK f=IS_WALLPAPER leash=Surface(name=WallpaperWindowToken{35e0c0f showWhenLocked=false})/@0xdc022e5 sb=Rect(0, 0 - 1080, 2400) eb=Rect(0, 0 - 1080, 2400) epz=Point(1080, 2400) d=0}]}
02-19 19:10:37.086  4449  4467 V WindowManagerShell: loadAnimation: anim=android.view.animation.AnimationSet@34dffc8 animAttr=0x13 type=OPEN isEntrance=false
02-19 19:10:37.103  4449  4467 V WindowManagerShell: loadAnimation: anim=android.view.animation.AnimationSet@9a8e047 animAttr=0x12 type=OPEN isEntrance=true
02-19 19:10:37.106  4449  4467 V WindowManagerShell:  animated by com.android.wm.shell.transition.DefaultTransitionHandler@f74d823
02-19 19:10:37.116 16566 16566 I blica.toss.test: AssetManager2(0x7d8fac697298) locale list changing from [] to [en-US]
02-19 19:10:37.142   752   795 W Looper  : Slow dispatch took 1012ms android.ui app=system_server main=false group=TOP_APP h=com.android.server.am.ActivityManagerService$UiHandler c=com.android.server.am.UidObserverController$$ExternalSyntheticLambda0@6a2cd6d m=0
02-19 19:10:37.161   752   795 W Looper  : Slow delivery took 1006ms android.ui app=system_server main=false group=TOP_APP h=com.android.server.am.ActivityManagerService$UiHandler c=com.android.server.am.UidObserverController$$ExternalSyntheticLambda0@6a2cd6d m=0
02-19 19:10:37.395  4449  4467 V WindowManagerShell: Transition animation finished (aborted=false), notifying core (#743) android.os.BinderProxy@8469862@0
02-19 19:10:37.401   752   794 V WindowManager: Finish Transition (#743): created at 02-19 19:10:35.276 collect-started=0.128ms request-sent=404.669ms started=543.579ms ready=880.447ms sent=984.188ms commit=854.474ms finished=2123.091ms
02-19 19:10:37.411   752   795 W Looper  : Drained
02-19 19:10:37.423  7804  7804 D VRI[NexusLauncherActivity]: visibilityChanged oldVisibility=true newVisibility=false
02-19 19:10:37.426  4449  4467 V WindowManagerShell: Track 0 became idle
02-19 19:10:37.426  4449  4467 V WindowManagerShell: All active transition animations finished
02-19 19:10:37.439  7804  7804 D NexusLauncherModelDelegate: notifySmartspaceEvent: SmartspaceTargetEvent{mSmartspaceTarget=null, mSmartspaceActionId='null', mEventType=7}
02-19 19:10:38.084 16566 16566 D ViewRootImpl: Skipping stats log for color mode
02-19 19:10:38.218   752  1987 D CoreBackPreview: Window{1da51ae u0 viva.republica.toss.test/viva.republica.toss.test.MiniAppSchemeActivity}: Setting back callback OnBackInvokedCallbackInfo{mCallback=android.window.IOnBackInvokedCallback$Stub$Proxy@7a642dc, mPriority=0, mIsAnimationCallback=false, mOverrideBehavior=0}
02-19 19:10:38.335  7804  7804 D BaseDepthController: setSurface:
02-19 19:10:38.335  7804  7804 D BaseDepthController: 	mWaitingOnSurfaceValidity: false
02-19 19:10:38.335  7804  7804 D BaseDepthController: 	mBaseSurface: null
02-19 19:10:38.336  7804  7804 D BaseDepthController: mSurface is null and mCurrentBlur is: 0
02-19 19:10:38.887  7804  7804 D StateManager: goToState - fromState: Normal, toState: Normal, partial trace:
02-19 19:10:38.887  7804  7804 D StateManager: 	at com.android.launcher3.statemanager.StateManager.moveToRestState(go/retraceme 72a59688580715d19f0e415c69e80376c2f062d1648c80db6730905005a27c20:4)
02-19 19:10:38.887  7804  7804 D StateManager: 	at com.android.launcher3.statemanager.StateManager.moveToRestState(go/retraceme 72a59688580715d19f0e415c69e80376c2f062d1648c80db6730905005a27c20:1)
02-19 19:10:38.887  7804  7804 D StateManager: 	at com.android.launcher3.statemanager.StatefulActivity.onStop(go/retraceme 72a59688580715d19f0e415c69e80376c2f062d1648c80db6730905005a27c20:34)
02-19 19:10:38.890  7804  7804 D StatsLog: LAUNCHER_ONSTOP
02-19 19:10:38.895   752  1856 E TaskPersister: File error accessing recents directory (directory doesn't exist?).
02-19 19:10:38.915  7804  7804 D StatsLog: LAUNCHER_GOOGLE_SEARCH_RESTORE_LIST_SIZE_AFTER_ACTIVITY_RESTART
02-19 19:10:38.984   752  1095 D BackgroundInstallControlService: Package event received: 0
02-19 19:10:38.984   752  1852 W IPCThreadState: Sending oneway calls to frozen process.
02-19 19:10:39.012   752  1852 W ProcessStats: Tracking association SourceState{1b917ca system/1000 BFgs #21797} whose proc state 4 is better than process ProcessState{42c4ef0 com.google.android.ext.services/10208 pkg=com.google.android.ext.services} proc state 14 (9 skipped)
02-19 19:10:39.107   752   794 I ActivityTaskManager: Displayed viva.republica.toss.test/.MiniAppSchemeActivity for user 0: +3s379ms
02-19 19:10:39.109   752   794 W Looper  : Slow dispatch took 808ms android.fg app=system_server main=false group=FOREGROUND h=android.os.Handler c=com.android.server.wm.ActivityMetricsLogger$$ExternalSyntheticLambda0@9710712 m=0
02-19 19:10:39.123   752   794 W Looper  : Slow delivery took 809ms android.fg app=system_server main=false group=FOREGROUND h=android.os.Handler c=com.android.server.wm.ActivityMetricsLogger$$ExternalSyntheticLambda8@f33aee3 m=0
02-19 19:10:39.207  7804  7810 W System  : A resource failed to call release. 
02-19 19:10:39.208  7804  7810 W System  : A resource failed to call release. 
02-19 19:10:39.208  7804  7810 W System  : A resource failed to call release. 
02-19 19:10:39.387 16566 16577 I HWUI    : Davey! duration=1290ms; Flags=1, FrameTimelineVsyncId=1949499, IntendedVsync=107311887981048, Vsync=107312021314376, InputEventId=0, HandleInputStart=107312031782374, AnimationStart=107312031784619, PerformTraversalsStart=107312047938548, DrawStart=107312492451425, FrameDeadline=107311904647714, FrameStartTime=107312030109973, FrameInterval=16666666, WorkloadTarget=16666666, SyncQueued=107312848579921, SyncStart=107312863476151, IssueDrawCommandsStart=107312873019934, SwapBuffers=107313174399256, FrameCompleted=107313193606408, DequeueBufferDuration=7045, QueueBufferDuration=500507, GpuCompleted=107313193606408, SwapBuffersCompleted=107313180973385, DisplayPresentTime=0, CommandSubmissionCompleted=107313174399256, 
02-19 19:10:39.771 16566 16566 I Choreographer: Skipped 90 frames!  The application may be doing too much work on its main thread.
02-19 19:10:39.851 16566 16797 I HWUI    : Davey! duration=1584ms; Flags=0, FrameTimelineVsyncId=1949548, IntendedVsync=107312104647706, Vsync=107313604647646, InputEventId=0, HandleInputStart=107313622770119, AnimationStart=107313622772111, PerformTraversalsStart=107313650139194, DrawStart=107313650838594, FrameDeadline=107313221314328, FrameStartTime=107313617614101, FrameInterval=16666666, WorkloadTarget=16666666, SyncQueued=107313651925027, SyncStart=107313652455976, IssueDrawCommandsStart=107313653359319, SwapBuffers=107313658038676, FrameCompleted=107313690151271, DequeueBufferDuration=14127, QueueBufferDuration=6202950, GpuCompleted=107313690151271, SwapBuffersCompleted=107313679527518, DisplayPresentTime=0, CommandSubmissionCompleted=107313658038676, 
02-19 19:10:39.937 16566 18038 D ReactNativeJS: '[Analytics]', '{\n  "log_type": "screen",\n  "log_name": "/::screen",\n  "params": {\n    "referrer": null,\n    "deployment_id": "local",\n    "deployment_timestamp": null\n  }\n}'
02-19 19:10:40.075   752  1987 V GrammaticalInflectionUtils: AttributionSource: android.content.AttributionSource@56784557 does not have READ_SYSTEM_GRAMMATICAL_GENDER permission.
02-19 19:10:40.080   752  1987 W OptProp : Cannot read opt property android.window.PROPERTY_COMPAT_ALLOW_USER_ASPECT_RATIO_OVERRIDE
02-19 19:10:40.080   752  1987 W OptProp : Cannot read opt property android.window.PROPERTY_COMPAT_ALLOW_USER_ASPECT_RATIO_FULLSCREEN_OVERRIDE
02-19 19:10:40.082   752  1987 W OptProp : Cannot read opt property android.window.PROPERTY_COMPAT_ALLOW_RESIZEABLE_ACTIVITY_OVERRIDES
02-19 19:10:40.085   752  1987 W OptProp : Cannot read opt property android.window.PROPERTY_COMPAT_ALLOW_MIN_ASPECT_RATIO_OVERRIDE
02-19 19:10:40.097   752  1987 W OptProp : Cannot read opt property android.window.PROPERTY_COMPAT_ALLOW_ORIENTATION_OVERRIDE
02-19 19:10:40.136   531   549 I BpBinder: onLastStrongRef automatically unlinking death recipients: 
02-19 19:10:41.110  4449  4467 V WindowManagerShell: Transition requested (#744): android.os.BinderProxy@58939e3 TransitionRequestInfo { type = OPEN, triggerTask = TaskInfo{userId=0 taskId=78 effectiveUid=10217 displayId=0 isRunning=true baseIntent=Intent { act=android.intent.action.VIEW dat=intoss://takealook/... flg=0x10000000 cmp=viva.republica.toss.test/im.toss.rn.granite.core.GraniteActivity } baseActivity=ComponentInfo{viva.republica.toss.test/im.toss.rn.granite.core.GraniteActivity} topActivity=ComponentInfo{viva.republica.toss.test/im.toss.rn.granite.core.GraniteActivity} origActivity=null realActivity=ComponentInfo{viva.republica.toss.test/im.toss.rn.granite.core.GraniteActivity} numActivities=13 lastActiveTime=107314877 supportsMultiWindow=true resizeMode=1 isResizeable=true minWidth=-1 minHeight=-1 defaultMinSize=220 token=WCT{android.window.IWindowContainerToken$Stub$Proxy@3a2ffe0} topActivityType=1 pictureInPictureParams=null shouldDockBigOverlays=false launchIntoPipHostTaskId=-1 lastParentTaskIdBeforePip=-1 displayCutoutSafeInsets=Rect(0, 0 - 0, 0) topActivityInfo=ActivityInfo{d9d6299 im.toss.rn.granite.core.GraniteActivity} launchCookies=[] positionInParent=Point(0, 0) parentTaskId=-1 isFocused=true isVisible=true isVisibleRequested=true isTopActivityNoDisplay=false isSleeping=false locusId=null displayAreaFeatureId=1 isTopActivityTransparent=false isActivityStackTransparent=false lastNonFullscreenBounds=Rect(284, 660 - 796, 1740) capturedLink=null capturedLinkTimestamp=0 requestedVisibleTypes=-9 topActivityRequestOpenInBrowserEducationTimestamp=0 appCompatTaskInfo=AppCompatTaskInfo { topActivityInSizeCompat=false eligibleForLetterboxEducation= false isLetterboxEducationEnabled= true isLetterboxDoubleTapEnabled= false eligibleForUserAspectRatioButton= false topActivityBoundsLetterboxed= false isFromLetterboxDoubleTap= false topActivityLetterboxVerticalPosition= -1 topActivityLetterboxHorizontalPosition= -1 topActivityLetterboxWidth=-1 topActivityLetterboxHeight=-1 topActivityAppBounds=Rect(0, 0 - 1080, 2400) isUserFullscreenOverrideEnabled=false isSystemFullscreenOverrideEnabled=false hasMinAspectRatioOverride=false topActivityLetterboxBounds=null cameraCompatTaskInfo=CameraCompatTaskInfo { freeformCameraCompatMode=inactive}} topActivityMainWindowFrame=null}, pipChange = null, remoteTransition = null, displayChange = null, flags = 0, debugId = 744 }
02-19 19:10:41.111   752  1987 I ActivityTaskManager: START u0 {act=android.intent.action.VIEW dat=intoss://takealook/... xflg=0x4 cmp=viva.republica.toss.test/im.toss.rn.granite.core.GraniteActivity (has extras)} with LAUNCH_MULTIPLE from uid 10217 (sr=188432251) (BAL_ALLOW_VISIBLE_WINDOW) result code=0
02-19 19:10:41.130  4449  4467 D ShellSplitScreen: logExit: no-op, mLoggerSessionId is null
02-19 19:10:43.002   752   797 W ActivityTaskManager: Activity top resumed state loss timeout for ActivityRecord{188432251 u0 viva.republica.toss.test/.MiniAppSchemeActivity t78 f}}
02-19 19:10:43.002   752   797 W ActivityTaskManager: Activity pause timeout for ActivityRecord{188432251 u0 viva.republica.toss.test/.MiniAppSchemeActivity t78 f}}
02-19 19:10:43.080   531   569 W EventThread: Faking VSYNC due to driver stall for thread appSf
02-19 19:10:43.081   531   531 I BpBinder: onLastStrongRef automatically unlinking death recipients: 
02-19 19:10:43.176 16566 16566 I Choreographer: Skipped 203 frames!  The application may be doing too much work on its main thread.
02-19 19:10:43.194   752   797 W OptProp : Cannot read opt property android.window.PROPERTY_COMPAT_ENABLE_FAKE_FOCUS
02-19 19:10:43.204   752   794 W Looper  : Drained
02-19 19:10:43.243   752   989 I ImeTracker: viva.republica.toss.test:52709538: onRequestHide at ORIGIN_SERVER reason HIDE_UNSPECIFIED_WINDOW fromUser false
02-19 19:10:43.259 16566 16932 I HWUI    : Davey! duration=3451ms; Flags=0, FrameTimelineVsyncId=1949713, IntendedVsync=107313637980978, Vsync=107317021314176, InputEventId=0, HandleInputStart=107317024592762, AnimationStart=107317024593515, PerformTraversalsStart=107317035087459, DrawStart=107317035334209, FrameDeadline=107313721314308, FrameStartTime=107317023340247, FrameInterval=16666666, WorkloadTarget=16666666, SyncQueued=107317035872434, SyncStart=107317035981844, IssueDrawCommandsStart=107317036308963, SwapBuffers=107317077076195, FrameCompleted=107317089604021, DequeueBufferDuration=10322, QueueBufferDuration=2806919, GpuCompleted=107317089604021, SwapBuffersCompleted=107317082226901, DisplayPresentTime=0, CommandSubmissionCompleted=107317077076195, 
02-19 19:10:43.272  1336  1556 D SatelliteController: iisInCarrierRoamingNbIotNtn: satellite is disabled
02-19 19:10:43.287   752  1095 D BackgroundInstallControlService: Package event received: 0
02-19 19:10:43.301   752  1095 D BackgroundInstallControlService: Package event received: 0
02-19 19:10:43.319   752  1095 D BackgroundInstallControlService: Package event received: 0
02-19 19:10:43.350   752  1856 E TaskPersister: File error accessing recents directory (directory doesn't exist?).
02-19 19:10:43.436   752  1987 I ImeTracker: system_server:2b31b0b2: onRequestHide at ORIGIN_SERVER reason IME_REQUESTED_CHANGED_LISTENER fromUser false
02-19 19:10:43.439  1563  1563 I GoogleInputMethodService: GoogleInputMethodService.onFinishInput():2043 
02-19 19:10:43.448   752   797 I ImeTracker: system_server:2b31b0b2: onCancelled at PHASE_SERVER_SHOULD_HIDE
02-19 19:10:43.519  1563  1563 I Module  : DeviceLockedStatusModuleProvider$Module.updateDeviceLockedStatus():100 repeatCheckTimes = 0, locked = false
02-19 19:10:43.532  1563  1563 W NotificationCenter: NotificationCenter$NotificationQueue.notifyPendingNotificationsOnExecutor():877 Heavy notify work detected on UI thread: [kig->khg, kig->khc, kig->ilu, kig->ilu, kig->ilu, kig->ilu, kig->ilu, kig->ilu, kig->gkl, kig->ilu, kig->ilu, kig->fef, kig->fro, kig->lux, kig->ilu, kig->imt, kig->ilu, kig->ilu, kig->ijm, kig->ilu, kig->ilu, kig->fcb, kig->jnx] takes 41ms
02-19 19:10:43.562  1563  1563 I GoogleInputMethodService: GoogleInputMethodService.onStartInput():1293 onStartInput(EditorInfo{EditorInfo{packageName=viva.republica.toss.test, inputType=0, inputTypeString=NULL, enableLearning=false, autoCorrection=false, autoComplete=false, imeOptions=0, privateImeOptions=null, actionName=UNSPECIFIED, actionLabel=null, initialSelStart=-1, initialSelEnd=-1, initialCapsMode=0, label=null, fieldId=0, fieldName=null, extras=null, hintText=null, hintLocales=[]}}, false)
02-19 19:10:43.577  1563  1563 I Module  : DeviceLockedStatusModuleProvider$Module.updateDeviceLockedStatus():100 repeatCheckTimes = 1, locked = false
02-19 19:10:43.652 18197 18197 W dumpsys : Thread Pool max thread count is 0. Cannot cache binder as linkToDeath cannot be implemented. serviceName: window
02-19 19:10:43.922  1563  1563 I EmojiCompatManager: EmojiCompatManager.getEmojiCompatIfLoaded():343 EmojiCompat.init() was never called.
02-19 19:10:43.922  1563  1563 I EmojiCompatManager: java.lang.IllegalStateException: EmojiCompat is not initialized. Please call EmojiCompat.init() first
02-19 19:10:43.922  1563  1563 I EmojiCompatManager: 	at asx.p(PG:6)
02-19 19:10:43.922  1563  1563 I EmojiCompatManager: 	at axb.b(PG:13)
02-19 19:10:43.922  1563  1563 I EmojiCompatManager: 	at jnr.b(PG:2)
02-19 19:10:43.922  1563  1563 I EmojiCompatManager: 	at jnr.c(PG:4)
02-19 19:10:43.922  1563  1563 I EmojiCompatManager: 	at jnr.f(PG:3)
02-19 19:10:43.922  1563  1563 I EmojiCompatManager: 	at jnx.c(PG:3)
02-19 19:10:43.922  1563  1563 I EmojiCompatManager: 	at kif.cz(PG:47)
02-19 19:10:43.922  1563  1563 I EmojiCompatManager: 	at lhl.run(PG:1025)
02-19 19:10:43.922  1563  1563 I EmojiCompatManager: 	at jaf.execute(PG:12)
02-19 19:10:43.922  1563  1563 I EmojiCompatManager: 	at nco.v(PG:13)
02-19 19:10:43.922  1563  1563 I EmojiCompatManager: 	at lhn.m(PG:96)
02-19 19:10:43.922  1563  1563 I EmojiCompatManager: 	at lhn.k(PG:25)
02-19 19:10:43.922  1563  1563 I EmojiCompatManager: 	at kgn.onStartInput(PG:250)
02-19 19:10:43.922  1563  1563 I EmojiCompatManager: 	at android.inputmethodservice.InputMethodService.doStartInput(InputMethodService.java:3521)
02-19 19:10:43.922  1563  1563 I EmojiCompatManager: 	at android.inputmethodservice.InputMethodService$InputMethodImpl.startInput(InputMethodService.java:879)
02-19 19:10:43.922  1563  1563 I EmojiCompatManager: 	at android.inputmethodservice.InputMethodService$InputMethodImpl.dispatchStartInput(InputMethodService.java:908)
02-19 19:10:43.922  1563  1563 I EmojiCompatManager: 	at android.inputmethodservice.IInputMethodWrapper.executeMessage(IInputMethodWrapper.java:201)
02-19 19:10:43.922  1563  1563 I EmojiCompatManager: 	at com.android.internal.os.HandlerCaller$MyHandler.handleMessage(HandlerCaller.java:44)
02-19 19:10:43.922  1563  1563 I EmojiCompatManager: 	at android.os.Handler.dispatchMessage(Handler.java:110)
02-19 19:10:43.922  1563  1563 I EmojiCompatManager: 	at android.os.Looper.loopOnce(Looper.java:248)
02-19 19:10:43.922  1563  1563 I EmojiCompatManager: 	at android.os.Looper.loop(Looper.java:338)
02-19 19:10:43.922  1563  1563 I EmojiCompatManager: 	at android.app.ActivityThread.main(ActivityThread.java:9067)
02-19 19:10:43.922  1563  1563 I EmojiCompatManager: 	at java.lang.reflect.Method.invoke(Native Method)
02-19 19:10:43.922  1563  1563 I EmojiCompatManager: 	at com.android.internal.os.RuntimeInit$MethodAndArgsCaller.run(RuntimeInit.java:593)
02-19 19:10:43.922  1563  1563 I EmojiCompatManager: 	at com.android.internal.os.ZygoteInit.main(ZygoteInit.java:932)
02-19 19:10:43.923  1563  1563 W NotificationCenter: NotificationCenter$NotificationQueue.notifyPendingNotificationsOnExecutor():877 Heavy notify work detected on UI thread: [kig->khg, kig->khc, kig->ilu, kig->ilu, kig->ilu, kig->ilu, kig->ilu, kig->ilu, kig->gkl, kig->ilu, kig->ilu, kig->fef, kig->fro, kig->lux, kig->ilu, kig->imt, kig->ilu, kig->ilu, kig->ijm, kig->ilu, kig->ilu, kig->fcb, kig->jnx] takes 346ms
02-19 19:10:44.058   752  2503 W PackageConfigPersister: App-specific configuration not found for packageName: viva.republica.toss.test and userId: 0
02-19 19:10:44.059  1563  1563 W NotificationCenter: NotificationCenter$NotificationQueue.notifyPendingNotificationsOnExecutor():877 Heavy notify work detected on UI thread: [kig->jjs] takes 137ms
02-19 19:10:44.410   752   805 I ActivityManager: Test idle passed
02-19 19:10:45.175   752   797 W BLASTSyncEngine: Sync group 744 timeout
02-19 19:10:45.175   752   797 I BLASTSyncEngine: Unfinished container: ActivityRecord{266820693 u0 viva.republica.toss.test/im.toss.rn.granite.core.GraniteActivity t78}
02-19 19:10:45.303   752   794 V WindowManager: Sent Transition (#744) createdAt=02-19 19:10:40.091 via request=TransitionRequestInfo { type = OPEN, triggerTask = TaskInfo{userId=0 taskId=78 effectiveUid=10217 displayId=0 isRunning=true baseIntent=Intent { act=android.intent.action.VIEW dat=intoss://takealook/... flg=0x10000000 cmp=viva.republica.toss.test/im.toss.rn.granite.core.GraniteActivity } baseActivity=ComponentInfo{viva.republica.toss.test/im.toss.rn.granite.core.GraniteActivity} topActivity=ComponentInfo{viva.republica.toss.test/im.toss.rn.granite.core.GraniteActivity} origActivity=null realActivity=ComponentInfo{viva.republica.toss.test/im.toss.rn.granite.core.GraniteActivity} numActivities=13 lastActiveTime=107314877 supportsMultiWindow=true resizeMode=1 isResizeable=true minWidth=-1 minHeight=-1 defaultMinSize=220 token=WCT{RemoteToken{58f5d87 Task{11d79c0 #78 type=standard A=10217:viva.republica.toss.test}}} topActivityType=1 pictureInPictureParams=null shouldDockBigOverlays=false launchIntoPipHostTaskId=-1 lastParentTaskIdBeforePip=-1 displayCutoutSafeInsets=Rect(0, 0 - 0, 0) topActivityInfo=ActivityInfo{a023f40 im.toss.rn.granite.core.GraniteActivity} launchCookies=[] positionInParent=Point(0, 0) parentTaskId=-1 isFocused=true isVisible=true isVisibleRequested=true isTopActivityNoDisplay=false isSleeping=false locusId=null displayAreaFeatureId=1 isTopActivityTransparent=false isActivityStackTransparent=false lastNonFullscreenBounds=Rect(284, 660 - 796, 1740) capturedLink=null capturedLinkTimestamp=0 requestedVisibleTypes=-9 topActivityRequestOpenInBrowserEducationTimestamp=0 appCompatTaskInfo=AppCompatTaskInfo { topActivityInSizeCompat=false eligibleForLetterboxEducation= false isLetterboxEducationEnabled= true isLetterboxDoubleTapEnabled= false eligibleForUserAspectRatioButton= false topActivityBoundsLetterboxed= false isFromLetterboxDoubleTap= false topActivityLetterboxVerticalPosition= -1 topActivityLetterboxHorizontalPosition= -1 topActivityLetterboxWidth=-1 topActivityLetterboxHeight=-1 topActivityAppBounds=Rect(0, 0 - 1080, 2400) isUserFullscreenOverrideEnabled=false isSystemFullscreenOverrideEnabled=false hasMinAspectRatioOverride=false topActivityLetterboxBounds=null cameraCompatTaskInfo=CameraCompatTaskInfo { freeformCameraCompatMode=inactive}} topActivityMainWindowFrame=null}, pipChange = null, remoteTransition = null, displayChange = null, flags = 0, debugId = 744 }
02-19 19:10:45.304   752   794 V WindowManager:     startWCT=WindowContainerTransaction { changes= {} hops= [] errorCallbackToken=null taskFragmentOrganizer=null }
02-19 19:10:45.305   752   794 V WindowManager:     info={id=744 t=OPEN f=0x0 trk=0 r=[0@Point(0, 0)] c=[
02-19 19:10:45.305   752   794 V WindowManager:         {m=OPEN f=FILLS_TASK leash=Surface(name=ActivityRecord{266820693 u0 viva.republica.toss.test/im.toss.rn.granite.core.GraniteActivity)/@0x5e97672 sb=Rect(0, 0 - 0, 0) eb=Rect(0, 0 - 1080, 2400) epz=Point(1080, 2400) d=-1->0 r=-1->0:-1 bc=ffffffff component=viva.republica.toss.test/im.toss.rn.granite.core.GraniteActivity opt={t=FROM_STYLE mUserId=0}},
02-19 19:10:45.305   752   794 V WindowManager:         {m=CLOSE f=TRANSLUCENT|FILLS_TASK leash=Surface(name=ActivityRecord{188432251 u0 viva.republica.toss.test/.MiniAppSchemeActivity)/@0x5b0077d sb=Rect(0, 0 - 1080, 2400) eb=Rect(0, 0 - 1080, 2400) epz=Point(1080, 2400) d=0 bc=ffffffff component=viva.republica.toss.test/.MiniAppSchemeActivity opt={t=FROM_STYLE mUserId=0}},
02-19 19:10:45.305   752   794 V WindowManager:         {m=TO_BACK f=FILLS_TASK leash=Surface(name=ActivityRecord{196204374 u0 viva.republica.toss.test/im.toss.rn.granite.core.GraniteActivity)/@0xebae1bf sb=Rect(0, 0 - 1080, 2400) eb=Rect(0, 0 - 1080, 2400) epz=Point(1080, 2400) d=0 bc=ffffffff component=viva.republica.toss.test/im.toss.rn.granite.core.GraniteActivity opt={t=FROM_STYLE mUserId=0}}
02-19 19:10:45.305   752   794 V WindowManager:     ]}
02-19 19:10:45.393  4449  4463 V WindowManagerShell: onTransitionReady(transaction=3229815428532)
02-19 19:10:45.396  4449  4467 V WindowManagerShell: onTransitionReady (#744) android.os.BinderProxy@58939e3: {id=744 t=OPEN f=0x0 trk=0 r=[0@Point(0, 0)] c=[
