02-19 19:10:45.396  4449  4467 V WindowManagerShell:         {m=OPEN f=FILLS_TASK leash=Surface(name=ActivityRecord{266820693 u0 viva.republica.toss.test/im.toss.rn.granite.core.GraniteActivity)/@0xb63c95e sb=Rect(0, 0 - 0, 0) eb=Rect(0, 0 - 1080, 2400) epz=Point(1080, 2400) d=-1->0 r=-1->0:-1 bc=ffffffff component=viva.republica.toss.test/im.toss.rn.granite.core.GraniteActivity opt={t=FROM_STYLE mUserId=0}},
02-19 19:10:45.396  4449  4467 V WindowManagerShell:         {m=CLOSE f=TRANSLUCENT|FILLS_TASK leash=Surface(name=ActivityRecord{188432251 u0 viva.republica.toss.test/.MiniAppSchemeActivity)/@0xd8b913f sb=Rect(0, 0 - 1080, 2400) eb=Rect(0, 0 - 1080, 2400) epz=Point(1080, 2400) d=0 bc=ffffffff component=viva.republica.toss.test/.MiniAppSchemeActivity opt={t=FROM_STYLE mUserId=0}},
02-19 19:10:45.396  4449  4467 V WindowManagerShell:         {m=TO_BACK f=FILLS_TASK leash=Surface(name=ActivityRecord{196204374 u0 viva.republica.toss.test/im.toss.rn.granite.core.GraniteActivity)/@0x683a0c sb=Rect(0, 0 - 1080, 2400) eb=Rect(0, 0 - 1080, 2400) epz=Point(1080, 2400) d=0 bc=ffffffff component=viva.republica.toss.test/im.toss.rn.granite.core.GraniteActivity opt={t=FROM_STYLE mUserId=0}}
02-19 19:10:45.396  4449  4467 V WindowManagerShell:     ]}
02-19 19:10:45.435  4449  4467 V WindowManagerShell: Playing animation for (#744) android.os.BinderProxy@58939e3@0
02-19 19:10:45.446  4449  4467 V ShellRecents: RecentsTransitionHandler.startAnimation: no controller found
02-19 19:10:45.448  4449  4467 V WindowManagerShell: Transition doesn't have explicit remote, search filters for match for {id=744 t=OPEN f=0x0 trk=0 r=[0@Point(0, 0)] c=[{m=OPEN f=FILLS_TASK leash=Surface(name=ActivityRecord{266820693 u0 viva.republica.toss.test/im.toss.rn.granite.core.GraniteActivity)/@0xb63c95e sb=Rect(0, 0 - 0, 0) eb=Rect(0, 0 - 1080, 2400) epz=Point(1080, 2400) d=-1->0 r=-1->0:-1 bc=ffffffff component=viva.republica.toss.test/im.toss.rn.granite.core.GraniteActivity opt={t=FROM_STYLE mUserId=0}},{m=CLOSE f=TRANSLUCENT|FILLS_TASK leash=Surface(name=ActivityRecord{188432251 u0 viva.republica.toss.test/.MiniAppSchemeActivity)/@0xd8b913f sb=Rect(0, 0 - 1080, 2400) eb=Rect(0, 0 - 1080, 2400) epz=Point(1080, 2400) d=0 bc=ffffffff component=viva.republica.toss.test/.MiniAppSchemeActivity opt={t=FROM_STYLE mUserId=0}},{m=TO_BACK f=FILLS_TASK leash=Surface(name=ActivityRecord{196204374 u0 viva.republica.toss.test/im.toss.rn.granite.core.GraniteActivity)/@0x683a0c sb=Rect(0, 0 - 1080, 2400) eb=Rect(0, 0 - 1080, 2400) epz=Point(1080, 2400) d=0 bc=ffffffff component=viva.republica.toss.test/im.toss.rn.granite.core.GraniteActivity opt={t=FROM_STYLE mUserId=0}}]}
02-19 19:10:45.448  4449  4467 V WindowManagerShell:  Checking filter Pair{{types=[] flags=0x0] notFlags=0x0 checks=[{atype=undefined independent=true modes=[CLOSE,TO_BACK] flags=IN_TASK_WITH_EMBEDDED_ACTIVITY mustBeTask=false order=ANY topActivity=null launchCookie=null taskFragmentToken=android.os.BinderProxy@dcfd27d windowingMode=undefined}]} RemoteTransition { remoteTransition = android.window.IRemoteTransition$Stub$Proxy@d4ce572, appThread = android.app.IApplicationThread$Stub$Proxy@fd29dc3, debugName = overlayBackTransition }}
02-19 19:10:45.448  4449  4467 V WindowManagerShell:  Checking filter Pair{{types=[] flags=0x0] notFlags=0x0 checks=[{atype=dream independent=true modes=[OPEN,TO_FRONT] flags=NONE mustBeTask=false order=ANY topActivity=null launchCookie=null windowingMode=undefined},{atype=home independent=true modes=[CLOSE,TO_BACK] flags=NONE mustBeTask=false order=ANY topActivity=null launchCookie=null windowingMode=undefined}]} RemoteTransition { remoteTransition = android.window.IRemoteTransition$Stub$Proxy@90c640, appThread = android.app.IApplicationThread$Stub$Proxy@f8c1979, debugName = LauncherToDream }}
02-19 19:10:45.450  4449  4467 V WindowManagerShell:  Checking filter Pair{{types=[] flags=0x0] notFlags=0x100 checks=[{atype=home independent=true modes=[OPEN,TO_FRONT] flags=NONE mustBeTask=false order=TOP topActivity=ComponentInfo{com.google.android.apps.nexuslauncher/com.google.android.apps.nexuslauncher.NexusLauncherActivity} launchCookie=null windowingMode=undefined},{atype=standard independent=true modes=[CLOSE,TO_BACK] flags=NONE mustBeTask=false order=ANY topActivity=null launchCookie=null windowingMode=undefined},{NOT atype=undefined independent=true modes=[] flags=NONE mustBeTask=true order=ANY topActivity=null launchCookie=null customAnim=true windowingMode=undefined}]} RemoteTransition { remoteTransition = android.window.IRemoteTransition$Stub$Proxy@affe6be, appThread = android.app.IApplicationThread$Stub$Proxy@c37531f, debugName = QuickstepLaunchHome }}
02-19 19:10:45.450  4449  4467 V WindowManagerShell:  Checking filter Pair{{types=[] flags=0x0] notFlags=0x0 checks=[{atype=undefined independent=true modes=[CLOSE,TO_BACK] flags=IN_TASK_WITH_EMBEDDED_ACTIVITY mustBeTask=false order=ANY topActivity=null launchCookie=null taskFragmentToken=android.os.BinderProxy@dcfd27d windowingMode=undefined}]} RemoteTransition { remoteTransition = android.window.IRemoteTransition$Stub$Proxy@3517b6e, appThread = android.app.IApplicationThread$Stub$Proxy@261420f, debugName = overlayBackTransition }}
02-19 19:10:45.451  4449  4467 V WindowManagerShell:  Checking filter Pair{{types=[] flags=0x0] notFlags=0x0 checks=[{atype=dream independent=true modes=[OPEN,TO_FRONT] flags=NONE mustBeTask=false order=ANY topActivity=null launchCookie=null windowingMode=undefined},{atype=home independent=true modes=[CLOSE,TO_BACK] flags=NONE mustBeTask=false order=ANY topActivity=null launchCookie=null windowingMode=undefined}]} RemoteTransition { remoteTransition = android.window.IRemoteTransition$Stub$Proxy@c23e29c, appThread = android.app.IApplicationThread$Stub$Proxy@afb34a5, debugName = LauncherToDream }}
02-19 19:10:45.451  4449  4467 V WindowManagerShell:  Checking filter Pair{{types=[] flags=0x0] notFlags=0x100 checks=[{atype=home independent=true modes=[OPEN,TO_FRONT] flags=NONE mustBeTask=false order=TOP topActivity=ComponentInfo{com.google.android.apps.nexuslauncher/com.google.android.apps.nexuslauncher.NexusLauncherActivity} launchCookie=null windowingMode=undefined},{atype=standard independent=true modes=[CLOSE,TO_BACK] flags=NONE mustBeTask=false order=ANY topActivity=null launchCookie=null windowingMode=undefined},{NOT atype=undefined independent=true modes=[] flags=NONE mustBeTask=true order=ANY topActivity=null launchCookie=null customAnim=true windowingMode=undefined}]} RemoteTransition { remoteTransition = android.window.IRemoteTransition$Stub$Proxy@39de07a, appThread = android.app.IApplicationThread$Stub$Proxy@cf9f02b, debugName = QuickstepLaunchHome }}
02-19 19:10:45.452  4449  4467 V WindowManagerShell:  Delegate animation for (#744) to null
02-19 19:10:45.452  4449  4467 V WindowManagerShell: start default transition animation, info = {id=744 t=OPEN f=0x0 trk=0 r=[0@Point(0, 0)] c=[{m=OPEN f=FILLS_TASK leash=Surface(name=ActivityRecord{266820693 u0 viva.republica.toss.test/im.toss.rn.granite.core.GraniteActivity)/@0xb63c95e sb=Rect(0, 0 - 0, 0) eb=Rect(0, 0 - 1080, 2400) epz=Point(1080, 2400) d=-1->0 r=-1->0:-1 bc=ffffffff component=viva.republica.toss.test/im.toss.rn.granite.core.GraniteActivity opt={t=FROM_STYLE mUserId=0}},{m=CLOSE f=TRANSLUCENT|FILLS_TASK leash=Surface(name=ActivityRecord{188432251 u0 viva.republica.toss.test/.MiniAppSchemeActivity)/@0xd8b913f sb=Rect(0, 0 - 1080, 2400) eb=Rect(0, 0 - 1080, 2400) epz=Point(1080, 2400) d=0 bc=ffffffff component=viva.republica.toss.test/.MiniAppSchemeActivity opt={t=FROM_STYLE mUserId=0}},{m=TO_BACK f=FILLS_TASK leash=Surface(name=ActivityRecord{196204374 u0 viva.republica.toss.test/im.toss.rn.granite.core.GraniteActivity)/@0x683a0c sb=Rect(0, 0 - 1080, 2400) eb=Rect(0, 0 - 1080, 2400) epz=Point(1080, 2400) d=0 bc=ffffffff component=viva.republica.toss.test/im.toss.rn.granite.core.GraniteActivity opt={t=FROM_STYLE mUserId=0}}]}
02-19 19:10:45.499  4449  4467 V WindowManagerShell: loadAnimation: anim=android.view.animation.AnimationSet@c5fcbd1 animAttr=0x5 type=OPEN isEntrance=false
02-19 19:10:45.503  4449  4467 V WindowManagerShell: loadAnimation: anim=android.view.animation.AnimationSet@989a636 animAttr=0x5 type=OPEN isEntrance=false
02-19 19:10:45.504  4449  4467 V WindowManagerShell: loadAnimation: anim=android.view.animation.AnimationSet@3c4540d animAttr=0x4 type=OPEN isEntrance=true
02-19 19:10:45.508  4449  4467 V WindowManagerShell:  animated by com.android.wm.shell.transition.DefaultTransitionHandler@f74d823
02-19 19:10:45.661   752   797 W ActivityTaskManager: Launch timeout has expired, giving up wake lock!
02-19 19:10:46.012  4449  4467 V WindowManagerShell: Transition animation finished (aborted=false), notifying core (#744) android.os.BinderProxy@58939e3@0
02-19 19:10:46.151   752   794 V WindowManager: Finish Transition (#744): created at 02-19 19:10:40.091 collect-started=0.258ms request-sent=1007.841ms started=1050.903ms ready=3112.025ms sent=5176.685ms commit=244.91ms finished=5990.64ms
02-19 19:10:46.264   752   795 W Looper  : Slow dispatch took 118ms android.ui app=system_server main=false group=TOP_APP h=com.android.server.wm.DisplayPolicy$PolicyHandler c=com.android.server.wm.DisplayPolicy$2$$ExternalSyntheticLambda3@f4fb4e4 m=0
02-19 19:10:46.335  4449  4467 V WindowManagerShell: Track 0 became idle
02-19 19:10:46.336  4449  4467 V WindowManagerShell: All active transition animations finished
02-19 19:10:46.372   752   775 I system_server: Background concurrent mark compact GC freed 23MB AllocSpace bytes, 34(680KB) LOS objects, 41% free, 33MB/57MB, paused 1.538ms,14.959ms total 1.829s
02-19 19:10:46.415  1245 27024 D ApfFilter: (wlan0): Adding RA fe80::2 -> ff02::1 1800s fec0::/64 86400s/14400s 
02-19 19:10:46.573   752   794 W Looper  : Slow dispatch took 159ms android.fg app=system_server main=false group=FOREGROUND h=android.os.Handler c=com.android.server.net.NetworkManagementService$NetdUnsolicitedEventListener$$ExternalSyntheticLambda7@dba9e79 m=0
02-19 19:10:46.900 16566 17726 W okhttp.OkHttpClient: A connection to http://localhost:8081/ was leaked. Did you forget to close a response body? To see where this was allocated, set the OkHttpClient logger level to FINE: Logger.getLogger(OkHttpClient.class.getName()).setLevel(Level.FINE);
02-19 19:10:46.980 16566 16566 D InsetsController: hide(ime(), fromIme=false)
02-19 19:10:46.984 16566 16566 I ImeTracker: viva.republica.toss.test:52709538: onCancelled at PHASE_CLIENT_ALREADY_HIDDEN
02-19 19:10:46.984 16566 16566 I Choreographer: Skipped 222 frames!  The application may be doing too much work on its main thread.
02-19 19:10:47.435 16566 16577 I HWUI    : Davey! duration=4102ms; Flags=0, FrameTimelineVsyncId=1949793, IntendedVsync=107317121314172, Vsync=107320821314024, InputEventId=0, HandleInputStart=107320832021430, AnimationStart=107320832022347, PerformTraversalsStart=107320894668618, DrawStart=107320917358685, FrameDeadline=107317237980834, FrameStartTime=107320831227068, FrameInterval=16666666, WorkloadTarget=16666666, SyncQueued=107321000125803, SyncStart=107321016032778, IssueDrawCommandsStart=107321042831387, SwapBuffers=107321229058222, FrameCompleted=107321239410015, DequeueBufferDuration=16683, QueueBufferDuration=6099758, GpuCompleted=107321239291858, SwapBuffersCompleted=107321239410015, DisplayPresentTime=0, CommandSubmissionCompleted=107321229058222, 
02-19 19:10:47.820   752  2500 D CoreBackPreview: Window{34de01f u0 viva.republica.toss.test/im.toss.rn.granite.core.GraniteActivity}: Setting back callback OnBackInvokedCallbackInfo{mCallback=android.window.IOnBackInvokedCallback$Stub$Proxy@93da935, mPriority=0, mIsAnimationCallback=false, mOverrideBehavior=0}
02-19 19:10:47.821 16566 16566 W unknown:ReactRootView: Unable to update root layout specs for uninitialized ReactInstanceManager
02-19 19:10:48.200   752   794 I ActivityTaskManager: Displayed viva.republica.toss.test/im.toss.rn.granite.core.GraniteActivity for user 0: +8s235ms
02-19 19:10:48.218 16566 16932 I HWUI    : Davey! duration=4901ms; Flags=1, FrameTimelineVsyncId=1949793, IntendedVsync=107317121314172, Vsync=107320821314024, InputEventId=0, HandleInputStart=107320832021430, AnimationStart=107320832022347, PerformTraversalsStart=107320894668618, DrawStart=107321992618746, FrameDeadline=107317137980838, FrameStartTime=107320831227068, FrameInterval=16666666, WorkloadTarget=16666666, SyncQueued=107322009368367, SyncStart=107322010250688, IssueDrawCommandsStart=107322010653169, SwapBuffers=107322015088104, FrameCompleted=107322023274815, DequeueBufferDuration=7649, QueueBufferDuration=558132, GpuCompleted=107322023274815, SwapBuffersCompleted=107322018790963, DisplayPresentTime=0, CommandSubmissionCompleted=107322015088104, 
02-19 19:10:48.336 16566 16566 D VRI[MiniAppSchemeActivity]: visibilityChanged oldVisibility=true newVisibility=false
02-19 19:10:48.337 16566 16566 D VRI[GraniteActivity]: visibilityChanged oldVisibility=true newVisibility=false
02-19 19:10:49.153 16566 16566 W WindowOnBackDispatcher: sendCancelIfRunning: isInProgress=false callback=android.view.ViewRootImpl$$ExternalSyntheticLambda13@96ba3a4
02-19 19:10:49.153   752  1852 D CoreBackPreview: Window{1da51ae u0 viva.republica.toss.test/viva.republica.toss.test.MiniAppSchemeActivity}: Setting back callback null
02-19 19:10:49.155 16566 16566 D ViewRootImpl: Skipping stats log for color mode
02-19 19:10:49.176   752  1852 I ImeTracker: system_server:c7da4b49: onRequestHide at ORIGIN_SERVER reason IME_REQUESTED_CHANGED_LISTENER fromUser false
02-19 19:10:49.180   752   797 I ImeTracker: system_server:c7da4b49: onCancelled at PHASE_SERVER_SHOULD_HIDE
02-19 19:10:49.233   752  1095 D BackgroundInstallControlService: Package event received: 0
02-19 19:10:49.415   752   752 W Looper  : Slow dispatch took 185ms main app=system_server main=true group=FOREGROUND h=android.os.Handler c=<recycled PooledLambda@7aca3b1> m=0
02-19 19:10:49.716 18202 18202 W screencap: Thread Pool max thread count is 0. Cannot cache binder as linkToDeath cannot be implemented. serviceName: SurfaceFlingerAIDL
02-19 19:10:49.718 18202 18202 W BpBinder: Linking to death on android.gui.ISurfaceComposer but there are no threads (yet?) listening to incoming transactions. See ProcessState::startThreadPool and ProcessState::setThreadPoolMaxThreadCount. Generally you should setup the binder threadpool before other initialization steps.
02-19 19:10:49.721 18202 18202 W ProcessState: Extra binder thread started, but 0 threads requested. Do not use *startThreadPool when zero threads are requested.
02-19 19:10:49.735   531   549 E HwcComposer: getLuts failed Status(-8, EX_SERVICE_SPECIFIC): '8: '
02-19 19:10:49.735   531   549 E HWComposer: getLuts: getLuts failed for display 4619827259835644672: UNSUPPORTED (8)
02-19 19:10:49.753 16566 18210 W unknown:InspectorPackagerConnection: Couldn't connect to packager, will silently retry
02-19 19:10:49.763 16566 16566 I Choreographer: Skipped 162 frames!  The application may be doing too much work on its main thread.
02-19 19:10:49.769 16566 18208 W unknown:ReconnectingWebSocket: Couldn't connect to "ws://10.0.2.2:8081/message?device=sdk_gphone64_x86_64%20-%2016%20-%20API%2036&app=viva.republica.toss.test&clientid=BridgeDevSupportManager", will silently retry
02-19 19:10:50.283   752   989 I ImeTracker: viva.republica.toss.test:e55c8767: onRequestHide at ORIGIN_SERVER reason HIDE_UNSPECIFIED_WINDOW fromUser false
02-19 19:10:50.318   752   955 W UsageStatsService: Unexpected activity event reported! (viva.republica.toss.test/im.toss.rn.granite.core.GraniteActivity event : 23 instanceId : 215552983)
02-19 19:10:50.350   752  1852 W IPCThreadState: Sending oneway calls to frozen process.
02-19 19:10:50.376   752  1852 W ProcessStats: Tracking association SourceState{1b917ca system/1000 BFgs #21804} whose proc state 4 is better than process ProcessState{42c4ef0 com.google.android.ext.services/10208 pkg=com.google.android.ext.services} proc state 14 (5 skipped)
02-19 19:10:50.413 16566 16566 I Choreographer: Skipped 36 frames!  The application may be doing too much work on its main thread.
02-19 19:10:50.435   752  2500 I ImeTracker: system_server:ddc8b51e: onRequestHide at ORIGIN_SERVER reason IME_REQUESTED_CHANGED_LISTENER fromUser false
02-19 19:10:50.446   752   797 I ImeTracker: system_server:ddc8b51e: onCancelled at PHASE_SERVER_SHOULD_HIDE
02-19 19:10:50.479 16566 16566 D InsetsController: hide(ime(), fromIme=false)
02-19 19:10:50.480 16566 16566 I ImeTracker: viva.republica.toss.test:e55c8767: onCancelled at PHASE_CLIENT_ALREADY_HIDDEN
02-19 19:10:50.483  1563  1563 I GoogleInputMethodService: GoogleInputMethodService.onFinishInput():2043 
02-19 19:10:50.823  1563  1563 I Module  : DeviceLockedStatusModuleProvider$Module.updateDeviceLockedStatus():100 repeatCheckTimes = 0, locked = false
02-19 19:10:50.830  1563  1563 W NotificationCenter: NotificationCenter$NotificationQueue.notifyPendingNotificationsOnExecutor():877 Heavy notify work detected on UI thread: [kig->khg, kig->khc, kig->ilu, kig->ilu, kig->ilu, kig->ilu, kig->ilu, kig->ilu, kig->gkl, kig->ilu, kig->ilu, kig->fef, kig->fro, kig->lux, kig->ilu, kig->imt, kig->ilu, kig->ilu, kig->ijm, kig->ilu, kig->ilu, kig->fcb, kig->jnx] takes 170ms
02-19 19:10:50.855  1563  1563 I GoogleInputMethodService: GoogleInputMethodService.onStartInput():1293 onStartInput(EditorInfo{EditorInfo{packageName=viva.republica.toss.test, inputType=0, inputTypeString=NULL, enableLearning=false, autoCorrection=false, autoComplete=false, imeOptions=0, privateImeOptions=null, actionName=UNSPECIFIED, actionLabel=null, initialSelStart=-1, initialSelEnd=-1, initialCapsMode=0, label=null, fieldId=0, fieldName=null, extras=null, hintText=null, hintLocales=[]}}, false)
02-19 19:10:50.884  1563  1563 I Module  : DeviceLockedStatusModuleProvider$Module.updateDeviceLockedStatus():100 repeatCheckTimes = 1, locked = false
02-19 19:10:50.995  1563  1563 I EmojiCompatManager: EmojiCompatManager.getEmojiCompatIfLoaded():343 EmojiCompat.init() was never called.
02-19 19:10:50.995  1563  1563 I EmojiCompatManager: java.lang.IllegalStateException: EmojiCompat is not initialized. Please call EmojiCompat.init() first
02-19 19:10:50.995  1563  1563 I EmojiCompatManager: 	at asx.p(PG:6)
02-19 19:10:50.995  1563  1563 I EmojiCompatManager: 	at axb.b(PG:13)
02-19 19:10:50.995  1563  1563 I EmojiCompatManager: 	at jnr.b(PG:2)
02-19 19:10:50.995  1563  1563 I EmojiCompatManager: 	at jnr.c(PG:4)
02-19 19:10:50.995  1563  1563 I EmojiCompatManager: 	at jnr.f(PG:3)
02-19 19:10:50.995  1563  1563 I EmojiCompatManager: 	at jnx.c(PG:3)
02-19 19:10:50.995  1563  1563 I EmojiCompatManager: 	at kif.cz(PG:47)
02-19 19:10:50.995  1563  1563 I EmojiCompatManager: 	at lhl.run(PG:1025)
02-19 19:10:50.995  1563  1563 I EmojiCompatManager: 	at jaf.execute(PG:12)
02-19 19:10:50.995  1563  1563 I EmojiCompatManager: 	at nco.v(PG:13)
02-19 19:10:50.995  1563  1563 I EmojiCompatManager: 	at lhn.m(PG:96)
02-19 19:10:50.995  1563  1563 I EmojiCompatManager: 	at lhn.k(PG:25)
02-19 19:10:50.995  1563  1563 I EmojiCompatManager: 	at kgn.onStartInput(PG:250)
02-19 19:10:50.995  1563  1563 I EmojiCompatManager: 	at android.inputmethodservice.InputMethodService.doStartInput(InputMethodService.java:3521)
02-19 19:10:50.995  1563  1563 I EmojiCompatManager: 	at android.inputmethodservice.InputMethodService$InputMethodImpl.startInput(InputMethodService.java:879)
02-19 19:10:50.995  1563  1563 I EmojiCompatManager: 	at android.inputmethodservice.InputMethodService$InputMethodImpl.dispatchStartInput(InputMethodService.java:908)
02-19 19:10:50.995  1563  1563 I EmojiCompatManager: 	at android.inputmethodservice.IInputMethodWrapper.executeMessage(IInputMethodWrapper.java:201)
02-19 19:10:50.995  1563  1563 I EmojiCompatManager: 	at com.android.internal.os.HandlerCaller$MyHandler.handleMessage(HandlerCaller.java:44)
02-19 19:10:50.995  1563  1563 I EmojiCompatManager: 	at android.os.Handler.dispatchMessage(Handler.java:110)
02-19 19:10:50.995  1563  1563 I EmojiCompatManager: 	at android.os.Looper.loopOnce(Looper.java:248)
02-19 19:10:50.995  1563  1563 I EmojiCompatManager: 	at android.os.Looper.loop(Looper.java:338)
02-19 19:10:50.995  1563  1563 I EmojiCompatManager: 	at android.app.ActivityThread.main(ActivityThread.java:9067)
02-19 19:10:50.995  1563  1563 I EmojiCompatManager: 	at java.lang.reflect.Method.invoke(Native Method)
02-19 19:10:50.995  1563  1563 I EmojiCompatManager: 	at com.android.internal.os.RuntimeInit$MethodAndArgsCaller.run(RuntimeInit.java:593)
02-19 19:10:50.995  1563  1563 I EmojiCompatManager: 	at com.android.internal.os.ZygoteInit.main(ZygoteInit.java:932)
02-19 19:10:50.995 16566 16566 E unknown:ReactRootView: Unhandled SoftException
02-19 19:10:50.995 16566 16566 E unknown:ReactRootView: com.facebook.react.uimanager.IllegalViewOperationException: Trying to attach a ReactRootView with an explicit id already set to [2131362676]. React Native uses the id field to track react tags and will overwrite this field. If that is fine, explicitly overwrite the id field to View.NO_ID.
02-19 19:10:50.995 16566 16566 E unknown:ReactRootView: 	at com.facebook.react.ReactRootView.attachToReactInstanceManager(:799)
02-19 19:10:50.995 16566 16566 E unknown:ReactRootView: 	at com.facebook.react.ReactRootView.startReactApplication(:509)
02-19 19:10:50.995 16566 16566 E unknown:ReactRootView: 	at com.facebook.react.ReactRootView.startReactApplication(:469)
02-19 19:10:50.995 16566 16566 E unknown:ReactRootView: 	at im.toss.rn.granite.core.GraniteActivity.write(:486)
02-19 19:10:50.995 16566 16566 E unknown:ReactRootView: 	at im.toss.rn.granite.core.GraniteActivity.RemoteActionCompatParcelizer(:124)
02-19 19:10:50.995 16566 16566 E unknown:ReactRootView: 	at im.toss.rn.granite.core.GraniteActivity$RemoteActionCompatParcelizer.IconCompatParcelizer(:65353)
02-19 19:10:50.995 16566 16566 E unknown:ReactRootView: 	at o.sh.a_(:33)
02-19 19:10:50.995 16566 16566 E unknown:ReactRootView: 	at o.xP.run(:100)
02-19 19:10:50.995 16566 16566 E unknown:ReactRootView: 	at android.os.Handler.handleCallback(Handler.java:995)
02-19 19:10:50.995 16566 16566 E unknown:ReactRootView: 	at android.os.Handler.dispatchMessage(Handler.java:103)
02-19 19:10:50.995 16566 16566 E unknown:ReactRootView: 	at android.os.Looper.loopOnce(Looper.java:248)
02-19 19:10:50.995 16566 16566 E unknown:ReactRootView: 	at android.os.Looper.loop(Looper.java:338)
02-19 19:10:50.995 16566 16566 E unknown:ReactRootView: 	at android.app.ActivityThread.main(ActivityThread.java:9067)
02-19 19:10:50.995 16566 16566 E unknown:ReactRootView: 	at java.lang.reflect.Method.invoke(Native Method)
02-19 19:10:50.995 16566 16566 E unknown:ReactRootView: 	at com.android.internal.os.RuntimeInit$MethodAndArgsCaller.run(RuntimeInit.java:593)
02-19 19:10:50.995 16566 16566 E unknown:ReactRootView: 	at com.android.internal.os.ZygoteInit.main(ZygoteInit.java:932)
02-19 19:10:50.995  1563  1563 W NotificationCenter: NotificationCenter$NotificationQueue.notifyPendingNotificationsOnExecutor():877 Heavy notify work detected on UI thread: [kig->khg, kig->khc, kig->ilu, kig->ilu, kig->ilu, kig->ilu, kig->ilu, kig->ilu, kig->gkl, kig->ilu, kig->ilu, kig->fef, kig->fro, kig->lux, kig->ilu, kig->imt, kig->ilu, kig->ilu, kig->ijm, kig->ilu, kig->ilu, kig->fcb, kig->jnx] takes 111ms
02-19 19:10:51.242   752  2500 W PackageConfigPersister: App-specific configuration not found for packageName: viva.republica.toss.test and userId: 0
02-19 19:10:51.243  1563  1563 W NotificationCenter: NotificationCenter$NotificationQueue.notifyPendingNotificationsOnExecutor():877 Heavy notify work detected on UI thread: [kig->jjs] takes 247ms
