02-20 03:25:45.496   752   794 V WindowManager: Sent Transition (#1348) createdAt=02-20 03:25:44.850 via request=TransitionRequestInfo { type = OPEN, triggerTask = TaskInfo{userId=0 taskId=259 effectiveUid=10217 displayId=0 isRunning=true baseIntent=Intent { act=android.intent.action.VIEW dat=intoss://takealook/... flg=0x10000000 cmp=viva.republica.toss.test/im.toss.rn.granite.core.GraniteActivity } baseActivity=ComponentInfo{viva.republica.toss.test/im.toss.rn.granite.core.GraniteActivity} topActivity=ComponentInfo{viva.republica.toss.test/im.toss.rn.granite.core.GraniteActivity} origActivity=null realActivity=ComponentInfo{viva.republica.toss.test/im.toss.rn.granite.core.GraniteActivity} numActivities=1 lastActiveTime=137018738 supportsMultiWindow=true resizeMode=1 isResizeable=true minWidth=-1 minHeight=-1 defaultMinSize=220 token=WCT{RemoteToken{795f590 Task{d462fbf #259 type=standard A=10217:viva.republica.toss.test}}} topActivityType=1 pictureInPictureParams=null shouldDockBigOverlays=false launchIntoPipHostTaskId=-1 lastParentTaskIdBeforePip=-1 displayCutoutSafeInsets=Rect(0, 0 - 0, 0) topActivityInfo=ActivityInfo{90b9e89 im.toss.rn.granite.core.GraniteActivity} launchCookies=[] positionInParent=Point(0, 0) parentTaskId=-1 isFocused=false isVisible=false isVisibleRequested=false isTopActivityNoDisplay=false isSleeping=false locusId=null displayAreaFeatureId=1 isTopActivityTransparent=false isActivityStackTransparent=false lastNonFullscreenBounds=Rect(284, 660 - 796, 1740) capturedLink=null capturedLinkTimestamp=0 requestedVisibleTypes=-9 topActivityRequestOpenInBrowserEducationTimestamp=0 appCompatTaskInfo=AppCompatTaskInfo { topActivityInSizeCompat=false eligibleForLetterboxEducation= false isLetterboxEducationEnabled= true isLetterboxDoubleTapEnabled= false eligibleForUserAspectRatioButton= false topActivityBoundsLetterboxed= false isFromLetterboxDoubleTap= false topActivityLetterboxVerticalPosition= -1 topActivityLetterboxHorizontalPosition= -1 topActivityLetterboxWidth=-1 topActivityLetterboxHeight=-1 topActivityAppBounds=Rect(0, 0 - 1080, 2400) isUserFullscreenOverrideEnabled=false isSystemFullscreenOverrideEnabled=false hasMinAspectRatioOverride=false topActivityLetterboxBounds=null cameraCompatTaskInfo=CameraCompatTaskInfo { freeformCameraCompatMode=inactive}} topActivityMainWindowFrame=null}, pipChange = null, remoteTransition = null, displayChange = null, flags = 0, debugId = 1348 }
02-20 03:25:45.496   752   794 V WindowManager:     startWCT=WindowContainerTransaction { changes= {} hops= [] errorCallbackToken=null taskFragmentOrganizer=null }
02-20 03:25:45.496   752   794 V WindowManager:     info={id=1348 t=OPEN f=0x0 trk=0 r=[0@Point(0, 0)] c=[
02-20 03:25:45.496   752   794 V WindowManager:         {WCT{RemoteToken{795f590 Task{d462fbf #259 type=standard A=10217:viva.republica.toss.test}}} m=OPEN f=NONE leash=Surface(name=Task=259)/@0xafb9042 sb=Rect(0, 0 - 1080, 2400) eb=Rect(0, 0 - 1080, 2400) epz=Point(1080, 2400) d=0 taskParent=-1},
02-20 03:25:45.496   752   794 V WindowManager:         {WCT{RemoteToken{5218fe8 Task{dd43522 #1 type=home}}} m=TO_BACK f=SHOW_WALLPAPER leash=Surface(name=Task=1)/@0x8ddbd2e sb=Rect(0, 0 - 1080, 2400) eb=Rect(0, 0 - 1080, 2400) epz=Point(1080, 2400) d=0 taskParent=-1},
02-20 03:25:45.496   752   794 V WindowManager:         {m=TO_BACK f=IS_WALLPAPER leash=Surface(name=WallpaperWindowToken{35e0c0f showWhenLocked=false})/@0x512f5be sb=Rect(0, 0 - 1080, 2400) eb=Rect(0, 0 - 1080, 2400) epz=Point(1080, 2400) d=0}
02-20 03:25:45.496   752   794 V WindowManager:     ]}
02-20 03:25:45.499  4449  4467 V WindowManagerShell: onTransitionReady (#1348) android.os.BinderProxy@1238289: {id=1348 t=OPEN f=0x0 trk=0 r=[0@Point(0, 0)] c=[
02-20 03:25:45.499  4449  4467 V WindowManagerShell:         {m=OPEN f=NONE leash=Surface(name=Task=259)/@0xadec2b5 sb=Rect(0, 0 - 1080, 2400) eb=Rect(0, 0 - 1080, 2400) epz=Point(1080, 2400) d=0 taskParent=-1},
02-20 03:25:45.499  4449  4467 V WindowManagerShell:         {m=TO_BACK f=SHOW_WALLPAPER leash=Surface(name=Task=1)/@0xd2a3d4a sb=Rect(0, 0 - 1080, 2400) eb=Rect(0, 0 - 1080, 2400) epz=Point(1080, 2400) d=0 taskParent=-1},
02-20 03:25:45.499  4449  4467 V WindowManagerShell:         {m=TO_BACK f=IS_WALLPAPER leash=Surface(name=WallpaperWindowToken{35e0c0f showWhenLocked=false})/@0xae4d4bb sb=Rect(0, 0 - 1080, 2400) eb=Rect(0, 0 - 1080, 2400) epz=Point(1080, 2400) d=0}
02-20 03:25:45.499  4449  4467 V WindowManagerShell:     ]}
02-20 03:25:45.502  4449  4467 V WindowManagerShell: Playing animation for (#1348) android.os.BinderProxy@1238289@0
02-20 03:25:45.514  4449  4467 V ShellRecents: RecentsTransitionHandler.startAnimation: no controller found
02-20 03:25:45.516  4449  4467 V WindowManagerShell: Transition doesn't have explicit remote, search filters for match for {id=1348 t=OPEN f=0x0 trk=0 r=[0@Point(0, 0)] c=[{m=OPEN f=NONE leash=Surface(name=Task=259)/@0xadec2b5 sb=Rect(0, 0 - 1080, 2400) eb=Rect(0, 0 - 1080, 2400) epz=Point(1080, 2400) d=0 taskParent=-1},{m=TO_BACK f=SHOW_WALLPAPER leash=Surface(name=Task=1)/@0xd2a3d4a sb=Rect(0, 0 - 1080, 2400) eb=Rect(0, 0 - 1080, 2400) epz=Point(1080, 2400) d=0 taskParent=-1},{m=TO_BACK f=IS_WALLPAPER leash=Surface(name=WallpaperWindowToken{35e0c0f showWhenLocked=false})/@0xae4d4bb sb=Rect(0, 0 - 1080, 2400) eb=Rect(0, 0 - 1080, 2400) epz=Point(1080, 2400) d=0}]}
02-20 03:25:45.517  4449  4467 V WindowManagerShell:  Checking filter Pair{{types=[] flags=0x0] notFlags=0x0 checks=[{atype=undefined independent=true modes=[CLOSE,TO_BACK] flags=IN_TASK_WITH_EMBEDDED_ACTIVITY mustBeTask=false order=ANY topActivity=null launchCookie=null taskFragmentToken=android.os.BinderProxy@58a5ff7 windowingMode=undefined}]} RemoteTransition { remoteTransition = android.window.IRemoteTransition$Stub$Proxy@5324e64, appThread = android.app.IApplicationThread$Stub$Proxy@fa608cd, debugName = overlayBackTransition }}
02-20 03:25:45.520  4449  4467 V WindowManagerShell:  Checking filter Pair{{types=[] flags=0x0] notFlags=0x0 checks=[{atype=dream independent=true modes=[OPEN,TO_FRONT] flags=NONE mustBeTask=false order=ANY topActivity=null launchCookie=null windowingMode=undefined},{atype=home independent=true modes=[CLOSE,TO_BACK] flags=NONE mustBeTask=false order=ANY topActivity=null launchCookie=null windowingMode=undefined}]} RemoteTransition { remoteTransition = android.window.IRemoteTransition$Stub$Proxy@bee6582, appThread = android.app.IApplicationThread$Stub$Proxy@bfb0493, debugName = LauncherToDream }}
02-20 03:25:45.522  4449  4467 V WindowManagerShell:  Checking filter Pair{{types=[] flags=0x0] notFlags=0x100 checks=[{atype=home independent=true modes=[OPEN,TO_FRONT] flags=NONE mustBeTask=false order=TOP topActivity=ComponentInfo{com.google.android.apps.nexuslauncher/com.google.android.apps.nexuslauncher.NexusLauncherActivity} launchCookie=null windowingMode=undefined},{atype=standard independent=true modes=[CLOSE,TO_BACK] flags=NONE mustBeTask=false order=ANY topActivity=null launchCookie=null windowingMode=undefined},{NOT atype=undefined independent=true modes=[] flags=NONE mustBeTask=true order=ANY topActivity=null launchCookie=null customAnim=true windowingMode=undefined}]} RemoteTransition { remoteTransition = android.window.IRemoteTransition$Stub$Proxy@1f7ecd0, appThread = android.app.IApplicationThread$Stub$Proxy@99764c9, debugName = QuickstepLaunchHome }}
02-20 03:25:45.523  4449  4467 V WindowManagerShell:  Delegate animation for (#1348) to null
02-20 03:25:45.523  4449  4467 V WindowManagerShell: start default transition animation, info = {id=1348 t=OPEN f=0x0 trk=0 r=[0@Point(0, 0)] c=[{m=OPEN f=NONE leash=Surface(name=Task=259)/@0xadec2b5 sb=Rect(0, 0 - 1080, 2400) eb=Rect(0, 0 - 1080, 2400) epz=Point(1080, 2400) d=0 taskParent=-1},{m=TO_BACK f=SHOW_WALLPAPER leash=Surface(name=Task=1)/@0xd2a3d4a sb=Rect(0, 0 - 1080, 2400) eb=Rect(0, 0 - 1080, 2400) epz=Point(1080, 2400) d=0 taskParent=-1},{m=TO_BACK f=IS_WALLPAPER leash=Surface(name=WallpaperWindowToken{35e0c0f showWhenLocked=false})/@0xae4d4bb sb=Rect(0, 0 - 1080, 2400) eb=Rect(0, 0 - 1080, 2400) epz=Point(1080, 2400) d=0}]}
02-20 03:25:45.531  4449  4467 V WindowManagerShell: loadAnimation: anim=android.view.animation.AnimationSet@805d531 animAttr=0x13 type=OPEN isEntrance=false
02-20 03:25:45.532  4449  4467 V WindowManagerShell: loadAnimation: anim=android.view.animation.AnimationSet@656e416 animAttr=0x12 type=OPEN isEntrance=true
02-20 03:25:45.545  4449  4467 V WindowManagerShell:  animated by com.android.wm.shell.transition.DefaultTransitionHandler@f74d823
02-20 03:25:45.675   752   969 D ActivityManager: freezing 19494 com.google.android.webview:webview_apk
02-20 03:25:45.872  4449  4467 V WindowManagerShell: Transition animation finished (aborted=false), notifying core (#1348) android.os.BinderProxy@1238289@0
02-20 03:25:45.893   752   794 V WindowManager: Finish Transition (#1348): created at 02-20 03:25:44.850 collect-started=0.718ms request-sent=42.166ms started=192.777ms ready=314.274ms sent=636.705ms commit=77.968ms finished=1028.027ms
02-20 03:25:45.915 19166 19166 D VRI[NexusLauncherActivity]: visibilityChanged oldVisibility=true newVisibility=false
02-20 03:25:45.933  4449  4467 V WindowManagerShell: Track 0 became idle
02-20 03:25:45.960 19166 19166 D NexusLauncherModelDelegate: notifySmartspaceEvent: SmartspaceTargetEvent{mSmartspaceTarget=null, mSmartspaceActionId='null', mEventType=7}
02-20 03:25:45.933  4449  4467 V WindowManagerShell: All active transition animations finished
02-20 03:25:46.319   752   969 D ActivityManager: freezing 19378 com.google.android.webview:webview_service
02-20 03:25:46.363   752  1029 D InetDiagMessage: Destroyed 0 sockets, proto=IPPROTO_TCP, family=AF_INET, states=14
02-20 03:25:46.364   752  1029 D InetDiagMessage: Destroyed 0 sockets, proto=IPPROTO_TCP, family=AF_INET6, states=14
02-20 03:25:46.364   752  1029 D InetDiagMessage: Destroyed live tcp sockets for uids={10168} in 35ms
02-20 03:25:46.488 18173 18185 I artd    : GetBestInfo: odex next to the dex file (/data/app/~~O-UZzK0jUU9NLgS3MODOZA==/com.google.android.gms-YQ2L6GsYyKuvu9MvIBK1EQ==/oat/x86_64/base.odex) is kOatUpToDate with filter 'speed-profile' executable 'false'
02-20 03:25:46.499 18173 18184 I artd    : GetBestInfo: odex next to the dex file (/data/app/~~O-UZzK0jUU9NLgS3MODOZA==/com.google.android.gms-YQ2L6GsYyKuvu9MvIBK1EQ==/oat/x86_64/split_AdsDynamite_installtime.odex) is kOatUpToDate with filter 'speed' executable 'false'
02-20 03:25:46.516 18173 18184 I artd    : GetBestInfo: odex next to the dex file (/data/app/~~O-UZzK0jUU9NLgS3MODOZA==/com.google.android.gms-YQ2L6GsYyKuvu9MvIBK1EQ==/oat/x86_64/split_CronetDynamite_installtime.odex) is kOatUpToDate with filter 'speed' executable 'false'
02-20 03:25:46.521 18173 18184 I artd    : GetBestInfo: odex next to the dex file (/data/app/~~O-UZzK0jUU9NLgS3MODOZA==/com.google.android.gms-YQ2L6GsYyKuvu9MvIBK1EQ==/oat/x86_64/split_DynamiteLoader_installtime.odex) is kOatUpToDate with filter 'speed' executable 'false'
02-20 03:25:46.531 19727 19876 W okhttp.OkHttpClient: A connection to http://localhost:8081/ was leaked. Did you forget to close a response body? To see where this was allocated, set the OkHttpClient logger level to FINE: Logger.getLogger(OkHttpClient.class.getName()).setLevel(Level.FINE);
02-20 03:25:46.531 18173 18185 I artd    : GetBestInfo: odex next to the dex file (/data/app/~~O-UZzK0jUU9NLgS3MODOZA==/com.google.android.gms-YQ2L6GsYyKuvu9MvIBK1EQ==/oat/x86_64/split_DynamiteModulesA_installtime.odex) is kOatUpToDate with filter 'speed' executable 'false'
02-20 03:25:46.540 18173 18184 I artd    : GetBestInfo: odex next to the dex file (/data/app/~~O-UZzK0jUU9NLgS3MODOZA==/com.google.android.gms-YQ2L6GsYyKuvu9MvIBK1EQ==/oat/x86_64/split_DynamiteModulesC_installtime.odex) is kOatUpToDate with filter 'speed' executable 'false'
02-20 03:25:46.548 18173 18184 I artd    : GetBestInfo: odex next to the dex file (/data/app/~~O-UZzK0jUU9NLgS3MODOZA==/com.google.android.gms-YQ2L6GsYyKuvu9MvIBK1EQ==/oat/x86_64/split_GoogleCertificates_installtime.odex) is kOatUpToDate with filter 'speed' executable 'false'
02-20 03:25:46.560 18173 18185 I artd    : GetBestInfo: odex next to the dex file (/data/app/~~O-UZzK0jUU9NLgS3MODOZA==/com.google.android.gms-YQ2L6GsYyKuvu9MvIBK1EQ==/oat/x86_64/split_MapsDynamite_installtime.odex) is kOatUpToDate with filter 'speed' executable 'false'
02-20 03:25:46.565 18173 18185 I artd    : GetBestInfo: odex next to the dex file (/data/app/~~O-UZzK0jUU9NLgS3MODOZA==/com.google.android.gms-YQ2L6GsYyKuvu9MvIBK1EQ==/oat/x86_64/split_MeasurementDynamite_installtime.odex) is kOatUpToDate with filter 'speed' executable 'false'
02-20 03:25:46.568 18173 18184 I artd    : GetBestInfo: /data/app/~~O-UZzK0jUU9NLgS3MODOZA==/com.google.android.gms-YQ2L6GsYyKuvu9MvIBK1EQ==/split_maps_core_dynamite_ondemand.apk has no usable artifacts
02-20 03:25:46.583 18173 18185 I artd    : GetBestInfo: /data/user_de/0/com.google.android.gms/app_chimera/m/0000000c/dl-Appsearch.optional_250834100800.apk has no usable artifacts
02-20 03:25:46.584 18173 18184 I artd    : GetBestInfo: /data/user_de/0/com.google.android.gms/app_chimera/m/00000001/CronetDynamite.apk has no usable artifacts
02-20 03:25:46.584 18173 18786 I artd    : GetBestInfo: /data/user_de/0/com.google.android.gms/app_chimera/m/00000002/DynamiteLoader.apk has no usable artifacts
02-20 03:25:46.585 18173 18786 I artd    : GetBestInfo: /data/user_de/0/com.google.android.gms/app_chimera/m/00000005/GoogleCertificates.apk has no usable artifacts
02-20 03:25:46.588 18173 18185 I artd    : GetBestInfo: /data/user_de/0/com.google.android.gms/app_chimera/m/00000009/dl-TfliteDynamiteDynamite.integ_252130102100800.apk has no usable artifacts
02-20 03:25:46.593 18173 18185 I artd    : GetBestInfo: vdex next to the dex file (/data/user/0/com.google.android.gms/app_dg_cache/BF7C023AB90CCF01D1F467FC1CEBAF866511FF29/oat/x86_64/the.vdex) is kOatUpToDate with filter 'verify' executable 'false'
02-20 03:25:46.597 18173 18185 I artd    : GetBestInfo: /data/user_de/0/com.google.android.gms/app_chimera/m/00000010/dl-PlayCloudSearch.optional_250834100000.apk has no usable artifacts
02-20 03:25:46.601 18173 18184 I artd    : GetBestInfo: /data/user_de/0/com.google.android.gms/app_chimera/m/00000017/dl-PlayCloudSearch.optional_260438100000.apk has no usable artifacts
02-20 03:25:46.609 18173 18184 I artd    : GetBestInfo: /data/user_de/0/com.google.android.gms/app_chimera/m/00000015/dl-MlkitOcrCommon.optional_260438100800.apk has no usable artifacts
02-20 03:25:46.617 18173 18185 I artd    : GetBestInfo: /data/user_de/0/com.google.android.gms/app_chimera/m/00000013/dl-MlkitBarcodeUi.optional_260438100800.apk has no usable artifacts
02-20 03:25:46.625 18173 18185 I artd    : GetBestInfo: /data/user_de/0/com.google.android.gms/app_chimera/m/0000000f/dl-MlkitOcrCommon.optional_250834100800.apk has no usable artifacts
02-20 03:25:46.626 19727 19727 W unknown:ReactRootView: Unable to update root layout specs for uninitialized ReactInstanceManager
02-20 03:25:46.627   752   935 D CoreBackPreview: Window{1eab6ca u0 viva.republica.toss.test/im.toss.rn.granite.core.GraniteActivity}: Setting back callback OnBackInvokedCallbackInfo{mCallback=android.window.IOnBackInvokedCallback$Stub$Proxy@eea9358, mPriority=0, mIsAnimationCallback=false, mOverrideBehavior=0}
02-20 03:25:46.636 18173 18185 I artd    : GetBestInfo: /data/user_de/0/com.google.android.gms/app_chimera/m/0000000d/dl-VisionOcr.optional_250834100000.apk has no usable artifacts
02-20 03:25:46.646 18173 18184 I artd    : GetBestInfo: /data/user_de/0/com.google.android.gms/app_chimera/m/0000000a/dl-MlkitBarcodeUi.optional_250834100800.apk has no usable artifacts
02-20 03:25:46.655 18173 18184 I artd    : GetBestInfo: /data/user_de/0/com.google.android.gms/app_chimera/m/00000011/dl-VisionOcr.optional_260438100000.apk has no usable artifacts
02-20 03:25:46.665 18173 18185 I artd    : GetBestInfo: /data/user_de/0/com.google.android.gms/app_chimera/m/00000012/dl-Appsearch.optional_260438100800.apk has no usable artifacts
02-20 03:25:46.674 18173 18184 I artd    : GetBestInfo: vdex next to the dex file (/data/user/0/com.google.android.gms/app_dg_cache/94DF452EEF4B8E717545DCDEA6CC3C50A319A195/oat/x86_64/the.vdex) is kOatUpToDate with filter 'verify' executable 'false'
02-20 03:25:46.707 18173 18185 I artd    : GetBestInfo: /data/user_de/0/com.google.android.gms/app_chimera/m/00000007/MeasurementDynamite.apk has no usable artifacts
02-20 03:25:46.712 18173 18185 I artd    : GetBestInfo: /data/user_de/0/com.google.android.gms/app_chimera/m/00000018/dl-AdsFdrDynamite.integ_254380203100000.apk has no usable artifacts
02-20 03:25:46.782   752   794 I ActivityTaskManager: Displayed viva.republica.toss.test/im.toss.rn.granite.core.GraniteActivity for user 0: +1s930ms
02-20 03:25:46.808 19727 19727 I Ads     : JS: The jsLoaded GMSG has been sent (https://googleads.g.doubleclick.net/mads/static/sdk/native/sdk-core-v40.html:1025)
02-20 03:25:46.969 19727 19954 D nativeloader: Load /data/app/~~NUQj-rdXzuicW-16SIRtKA==/viva.republica.toss.test-Si406wFvb_sqEA2GTBV6RQ==/lib/x86_64/libreactnativeblob.so using class loader ns clns-9 (caller=<unknown>): ok
02-20 03:25:47.057 19727 20062 W unknown:ReconnectingWebSocket: Couldn't connect to "ws://10.0.2.2:8081/message?device=sdk_gphone64_x86_64%20-%2016%20-%20API%2036&app=viva.republica.toss.test&clientid=BridgeDevSupportManager", will silently retry
02-20 03:25:47.068 19727 20061 W unknown:InspectorPackagerConnection: Couldn't connect to packager, will silently retry
02-20 03:25:47.142   752  1856 E TaskPersister: File error accessing recents directory (directory doesn't exist?).
02-20 03:25:47.150   752   989 I ImeTracker: viva.republica.toss.test:82db77d0: onRequestHide at ORIGIN_SERVER reason HIDE_UNSPECIFIED_WINDOW fromUser false
02-20 03:25:47.176   752  1790 I ImeTracker: system_server:235b881d: onRequestHide at ORIGIN_SERVER reason IME_REQUESTED_CHANGED_LISTENER fromUser false
02-20 03:25:47.179 20022 20022 I GoogleInputMethodService: GoogleInputMethodService.onFinishInput():2043 
02-20 03:25:47.188 20022 20022 I Module  : DeviceLockedStatusModuleProvider$Module.updateDeviceLockedStatus():100 repeatCheckTimes = 0, locked = false
02-20 03:25:47.190 19727 19727 D InsetsController: hide(ime(), fromIme=false)
02-20 03:25:47.201 19727 19727 I ImeTracker: viva.republica.toss.test:82db77d0: onCancelled at PHASE_CLIENT_ALREADY_HIDDEN
02-20 03:25:47.211   752   797 I ImeTracker: system_server:235b881d: onCancelled at PHASE_SERVER_SHOULD_HIDE
02-20 03:25:47.216 20022 20022 W NotificationCenter: NotificationCenter$NotificationQueue.notifyPendingNotificationsOnExecutor():877 Heavy notify work detected on UI thread: [kig->ilu, kig->ijm, kig->gkl, kig->ilu, kig->jnx, kig->khc, kig->ilu, kig->fro, kig->fef, kig->ilu, kig->ilu, kig->fcb, kig->ilu, kig->khg, kig->imt, kig->ilu, kig->ilu, kig->ilu, kig->ilu, kig->ilu, kig->lux, kig->ilu, kig->ilu] takes 37ms
02-20 03:25:47.227 20022 20022 I GoogleInputMethodService: GoogleInputMethodService.onStartInput():1293 onStartInput(EditorInfo{EditorInfo{packageName=viva.republica.toss.test, inputType=0, inputTypeString=NULL, enableLearning=false, autoCorrection=false, autoComplete=false, imeOptions=0, privateImeOptions=null, actionName=UNSPECIFIED, actionLabel=null, initialSelStart=-1, initialSelEnd=-1, initialCapsMode=0, label=null, fieldId=0, fieldName=null, extras=null, hintText=null, hintLocales=[]}}, false)
02-20 03:25:47.229 20022 20022 I EmojiCompatManager: EmojiCompatManager.getEmojiCompatIfLoaded():343 EmojiCompat.init() was never called.
02-20 03:25:47.229 20022 20022 I EmojiCompatManager: java.lang.IllegalStateException: EmojiCompat is not initialized. Please call EmojiCompat.init() first
02-20 03:25:47.229 20022 20022 I EmojiCompatManager: 	at asx.p(PG:6)
02-20 03:25:47.229 20022 20022 I EmojiCompatManager: 	at axb.b(PG:13)
02-20 03:25:47.229 20022 20022 I EmojiCompatManager: 	at jnr.b(PG:2)
02-20 03:25:47.229 20022 20022 I EmojiCompatManager: 	at jnr.c(PG:4)
02-20 03:25:47.229 20022 20022 I EmojiCompatManager: 	at jnr.f(PG:3)
02-20 03:25:47.229 20022 20022 I EmojiCompatManager: 	at jnx.c(PG:3)
02-20 03:25:47.229 20022 20022 I EmojiCompatManager: 	at kif.cz(PG:47)
02-20 03:25:47.229 20022 20022 I EmojiCompatManager: 	at lhl.run(PG:1025)
02-20 03:25:47.229 20022 20022 I EmojiCompatManager: 	at jaf.execute(PG:12)
02-20 03:25:47.229 20022 20022 I EmojiCompatManager: 	at nco.v(PG:13)
02-20 03:25:47.229 20022 20022 I EmojiCompatManager: 	at lhn.m(PG:96)
02-20 03:25:47.229 20022 20022 I EmojiCompatManager: 	at lhn.k(PG:25)
02-20 03:25:47.229 20022 20022 I EmojiCompatManager: 	at kgn.onStartInput(PG:250)
02-20 03:25:47.229 20022 20022 I EmojiCompatManager: 	at android.inputmethodservice.InputMethodService.doStartInput(InputMethodService.java:3521)
02-20 03:25:47.229 20022 20022 I EmojiCompatManager: 	at android.inputmethodservice.InputMethodService$InputMethodImpl.startInput(InputMethodService.java:879)
02-20 03:25:47.229 20022 20022 I EmojiCompatManager: 	at android.inputmethodservice.InputMethodService$InputMethodImpl.dispatchStartInput(InputMethodService.java:908)
02-20 03:25:47.229 20022 20022 I EmojiCompatManager: 	at android.inputmethodservice.IInputMethodWrapper.executeMessage(IInputMethodWrapper.java:201)
02-20 03:25:47.229 20022 20022 I EmojiCompatManager: 	at com.android.internal.os.HandlerCaller$MyHandler.handleMessage(HandlerCaller.java:44)
02-20 03:25:47.229 20022 20022 I EmojiCompatManager: 	at android.os.Handler.dispatchMessage(Handler.java:110)
02-20 03:25:47.229 20022 20022 I EmojiCompatManager: 	at android.os.Looper.loopOnce(Looper.java:248)
02-20 03:25:47.229 20022 20022 I EmojiCompatManager: 	at android.os.Looper.loop(Looper.java:338)
02-20 03:25:47.229 20022 20022 I EmojiCompatManager: 	at android.app.ActivityThread.main(ActivityThread.java:9067)
02-20 03:25:47.229 20022 20022 I EmojiCompatManager: 	at java.lang.reflect.Method.invoke(Native Method)
02-20 03:25:47.229 20022 20022 I EmojiCompatManager: 	at com.android.internal.os.RuntimeInit$MethodAndArgsCaller.run(RuntimeInit.java:593)
02-20 03:25:47.229 20022 20022 I EmojiCompatManager: 	at com.android.internal.os.ZygoteInit.main(ZygoteInit.java:932)
02-20 03:25:47.239 20022 20022 I Module  : DeviceLockedStatusModuleProvider$Module.updateDeviceLockedStatus():100 repeatCheckTimes = 1, locked = false
02-20 03:25:47.243   752  2305 W PackageConfigPersister: App-specific configuration not found for packageName: viva.republica.toss.test and userId: 0
02-20 03:25:47.246 19727 19727 E unknown:ReactNative: Unable to launch logbox because react was unable to create the root view
02-20 03:25:47.253  4449  4474 W WindowOnBackDispatcher: sendCancelIfRunning: isInProgress=false callback=android.view.ViewRootImpl$$ExternalSyntheticLambda13@a4461f2
02-20 03:25:47.266   615 21625 W IPCThreadState: Sending oneway calls to frozen process.
02-20 03:25:47.268 19166 19166 D BaseDepthController: setSurface:
02-20 03:25:47.268 19166 19166 D BaseDepthController: 	mWaitingOnSurfaceValidity: false
02-20 03:25:47.268 19166 19166 D BaseDepthController: 	mBaseSurface: null
02-20 03:25:47.269 19166 19166 D BaseDepthController: mSurface is null and mCurrentBlur is: 0
02-20 03:25:47.277   752   797 W IPCThreadState: Sending oneway calls to frozen process.
02-20 03:25:47.279   752   797 W IPCThreadState: Sending oneway calls to frozen process.
02-20 03:25:47.287 19727 19727 E unknown:ReactRootView: Unhandled SoftException
02-20 03:25:47.287 19727 19727 E unknown:ReactRootView: com.facebook.react.uimanager.IllegalViewOperationException: Trying to attach a ReactRootView with an explicit id already set to [2131362676]. React Native uses the id field to track react tags and will overwrite this field. If that is fine, explicitly overwrite the id field to View.NO_ID.
02-20 03:25:47.287 19727 19727 E unknown:ReactRootView: 	at com.facebook.react.ReactRootView.attachToReactInstanceManager(:799)
02-20 03:25:47.287 19727 19727 E unknown:ReactRootView: 	at com.facebook.react.ReactRootView.startReactApplication(:509)
02-20 03:25:47.287 19727 19727 E unknown:ReactRootView: 	at com.facebook.react.ReactRootView.startReactApplication(:469)
02-20 03:25:47.287 19727 19727 E unknown:ReactRootView: 	at im.toss.rn.granite.core.GraniteActivity.write(:486)
02-20 03:25:47.287 19727 19727 E unknown:ReactRootView: 	at im.toss.rn.granite.core.GraniteActivity.RemoteActionCompatParcelizer(:124)
02-20 03:25:47.287 19727 19727 E unknown:ReactRootView: 	at im.toss.rn.granite.core.GraniteActivity$RemoteActionCompatParcelizer.IconCompatParcelizer(:65353)
02-20 03:25:47.287 19727 19727 E unknown:ReactRootView: 	at o.sh.a_(:33)
02-20 03:25:47.287 19727 19727 E unknown:ReactRootView: 	at o.xP.run(:100)
02-20 03:25:47.287 19727 19727 E unknown:ReactRootView: 	at android.os.Handler.handleCallback(Handler.java:995)
02-20 03:25:47.287 19727 19727 E unknown:ReactRootView: 	at android.os.Handler.dispatchMessage(Handler.java:103)
02-20 03:25:47.287 19727 19727 E unknown:ReactRootView: 	at android.os.Looper.loopOnce(Looper.java:248)
02-20 03:25:47.287 19727 19727 E unknown:ReactRootView: 	at android.os.Looper.loop(Looper.java:338)
02-20 03:25:47.287 19727 19727 E unknown:ReactRootView: 	at android.app.ActivityThread.main(ActivityThread.java:9067)
02-20 03:25:47.287 19727 19727 E unknown:ReactRootView: 	at java.lang.reflect.Method.invoke(Native Method)
02-20 03:25:47.287 19727 19727 E unknown:ReactRootView: 	at com.android.internal.os.RuntimeInit$MethodAndArgsCaller.run(RuntimeInit.java:593)
02-20 03:25:47.287 19727 19727 E unknown:ReactRootView: 	at com.android.internal.os.ZygoteInit.main(ZygoteInit.java:932)
02-20 03:25:47.291 19166 19166 D StateManager: goToState - fromState: Normal, toState: Normal, partial trace:
02-20 03:25:47.291 19166 19166 D StateManager: 	at com.android.launcher3.statemanager.StateManager.moveToRestState(go/retraceme 72a59688580715d19f0e415c69e80376c2f062d1648c80db6730905005a27c20:4)
02-20 03:25:47.291 19166 19166 D StateManager: 	at com.android.launcher3.statemanager.StateManager.moveToRestState(go/retraceme 72a59688580715d19f0e415c69e80376c2f062d1648c80db6730905005a27c20:1)
02-20 03:25:47.291 19166 19166 D StateManager: 	at com.android.launcher3.statemanager.StatefulActivity.onStop(go/retraceme 72a59688580715d19f0e415c69e80376c2f062d1648c80db6730905005a27c20:34)
02-20 03:25:47.291 19166 19166 D StatsLog: LAUNCHER_ONSTOP
02-20 03:25:47.294 19166 19166 D StatsLog: LAUNCHER_GOOGLE_SEARCH_RESTORE_LIST_SIZE_AFTER_ACTIVITY_RESTART
02-20 03:25:47.291   752  2305 D CoreBackPreview: Window{f0af78 u0 Splash Screen viva.republica.toss.test EXITING}: Setting back callback null
02-20 03:25:47.344   752  1095 D BackgroundInstallControlService: Package event received: 0
02-20 03:25:47.357   752  2375 D CoreBackPreview: Window{5401aa0 u0 PopupWindow:e90a88f}: Setting back callback OnBackInvokedCallbackInfo{mCallback=android.window.IOnBackInvokedCallback$Stub$Proxy@46b421e, mPriority=0, mIsAnimationCallback=false, mOverrideBehavior=0}
02-20 03:25:47.689   752  1790 D CompatChangeReporter: Compat change id reported: 297989574; UID 10217; state: ENABLED
02-20 03:25:47.745 19727 19954 W unknown:ViewManagerPropertyUpdater: Could not find generated setter for class com.facebook.react.views.traceupdateoverlay.TraceUpdateOverlayManager
02-20 03:25:47.754 19727 19954 W unknown:ViewManagerPropertyUpdater: Could not find generated setter for class com.facebook.react.uimanager.LayoutShadowNode
02-20 03:25:47.757 19727 19954 W unknown:ViewManagerPropertyUpdater: Could not find generated setter for class com.facebook.react.views.drawer.ReactDrawerLayoutManager
02-20 03:25:47.760 19727 19954 W unknown:ViewManagerPropertyUpdater: Could not find generated setter for class com.facebook.react.views.scroll.ReactHorizontalScrollViewManager
02-20 03:25:47.772 19727 19954 W unknown:ViewManagerPropertyUpdater: Could not find generated setter for class com.facebook.react.views.scroll.ReactHorizontalScrollContainerViewManager
02-20 03:25:47.780 19727 19954 W unknown:ViewManagerPropertyUpdater: Could not find generated setter for class com.facebook.react.views.progressbar.ReactProgressBarViewManager
02-20 03:25:47.785 19727 19954 W unknown:ViewManagerPropertyUpdater: Could not find generated setter for class com.facebook.react.views.progressbar.ProgressBarShadowNode
02-20 03:25:47.788 19727 19954 W unknown:ViewManagerPropertyUpdater: Could not find generated setter for class com.facebook.react.views.scroll.ReactScrollViewManager
02-20 03:25:47.793 19727 19954 W unknown:ViewManagerPropertyUpdater: Could not find generated setter for class com.facebook.react.views.switchview.ReactSwitchManager
02-20 03:25:47.796 19727 19954 W unknown:ViewManagerPropertyUpdater: Could not find generated setter for class com.facebook.react.views.switchview.ReactSwitchManager$ReactSwitchShadowNode
02-20 03:25:47.796 19727 19954 W unknown:ViewManagerPropertyUpdater: Could not find generated setter for class com.facebook.react.views.swiperefresh.SwipeRefreshLayoutManager
02-20 03:25:47.807 19727 19954 W unknown:ViewManagerPropertyUpdater: Could not find generated setter for class com.facebook.react.views.text.frescosupport.FrescoBasedReactTextInlineImageViewManager
02-20 03:25:47.807 19727 19954 W unknown:ViewManagerPropertyUpdater: Could not find generated setter for class com.facebook.react.views.text.frescosupport.FrescoBasedReactTextInlineImageShadowNode
02-20 03:25:47.811 19727 19954 W unknown:ViewManagerPropertyUpdater: Could not find generated setter for class com.facebook.react.views.image.ReactImageManager
02-20 03:25:47.814 19727 19954 W unknown:ViewManagerPropertyUpdater: Could not find generated setter for class com.facebook.react.views.modal.ReactModalHostManager
02-20 03:25:47.815 19727 19954 W unknown:ViewManagerPropertyUpdater: Could not find generated setter for class com.facebook.react.views.modal.ModalHostShadowNode
02-20 03:25:47.816 19727 19954 W unknown:ViewManagerPropertyUpdater: Could not find generated setter for class com.facebook.react.views.text.ReactRawTextManager
02-20 03:25:47.818 19727 19954 W unknown:ViewManagerPropertyUpdater: Could not find generated setter for class com.facebook.react.views.text.ReactRawTextShadowNode
02-20 03:25:47.819 19727 19954 W unknown:ViewManagerPropertyUpdater: Could not find generated setter for class com.facebook.react.views.textinput.ReactTextInputManager
02-20 03:25:47.825 19727 19954 W unknown:ViewManagerPropertyUpdater: Could not find generated setter for class com.facebook.react.views.textinput.ReactTextInputShadowNode
02-20 03:25:47.827 19727 19954 W unknown:ViewManagerPropertyUpdater: Could not find generated setter for class com.facebook.react.views.text.ReactTextViewManager
02-20 03:25:47.828 19727 19954 W unknown:ViewManagerPropertyUpdater: Could not find generated setter for class com.facebook.react.views.text.ReactTextShadowNode
02-20 03:25:47.829 19727 19954 W unknown:ViewManagerPropertyUpdater: Could not find generated setter for class com.facebook.react.views.view.ReactViewManager
02-20 03:25:47.830 19727 19954 W unknown:ViewManagerPropertyUpdater: Could not find generated setter for class com.facebook.react.views.text.ReactVirtualTextViewManager
02-20 03:25:47.830 19727 19954 W unknown:ViewManagerPropertyUpdater: Could not find generated setter for class com.facebook.react.views.text.ReactVirtualTextShadowNode
02-20 03:25:47.831 19727 19954 W unknown:ViewManagerPropertyUpdater: Could not find generated setter for class com.facebook.react.views.unimplementedview.ReactUnimplementedViewManager
02-20 03:25:47.832 19727 19954 W unknown:ViewManagerPropertyUpdater: Could not find generated setter for class com.shopify.reactnative.flash_list.AutoLayoutViewManager
02-20 03:25:47.833 19727 19954 W unknown:ViewManagerPropertyUpdater: Could not find generated setter for class com.shopify.reactnative.flash_list.CellContainerManager
02-20 03:25:47.836 19727 19954 W unknown:ViewManagerPropertyUpdater: Could not find generated setter for class com.airbnb.android.react.lottie.LottieAnimationViewManager
02-20 03:25:47.840 19727 19954 W unknown:ViewManagerPropertyUpdater: Could not find generated setter for class com.swmansion.gesturehandler.react.RNGestureHandlerRootViewManager
02-20 03:25:47.841 19727 19954 W unknown:ViewManagerPropertyUpdater: Could not find generated setter for class com.swmansion.gesturehandler.react.RNGestureHandlerButtonViewManager
02-20 03:25:47.843 19727 19954 W unknown:ViewManagerPropertyUpdater: Could not find generated setter for class io.invertase.googlemobileads.ReactNativeGoogleMobileAdsBannerAdViewManager
02-20 03:25:47.846 19727 19954 W unknown:ViewManagerPropertyUpdater: Could not find generated setter for class com.reactnativepagerview.PagerViewViewManager
02-20 03:25:47.848 19727 19954 W unknown:ViewManagerPropertyUpdater: Could not find generated setter for class com.th3rdwave.safeareacontext.SafeAreaProviderManager
02-20 03:25:47.850 19727 19954 W unknown:ViewManagerPropertyUpdater: Could not find generated setter for class com.th3rdwave.safeareacontext.SafeAreaViewManager
02-20 03:25:47.851 19727 19954 W unknown:ViewManagerPropertyUpdater: Could not find generated setter for class o.eglCreatePlatformPixmapSurface
02-20 03:25:47.852 19727 19954 W unknown:ViewManagerPropertyUpdater: Could not find generated setter for class com.swmansion.rnscreens.ScreenContainerViewManager
02-20 03:25:47.854 19727 19954 W unknown:ViewManagerPropertyUpdater: Could not find generated setter for class com.swmansion.rnscreens.ScreenViewManager
02-20 03:25:47.855 19727 19954 W unknown:ViewManagerPropertyUpdater: Could not find generated setter for class com.swmansion.rnscreens.ScreenStackViewManager
02-20 03:25:47.856 19727 19954 W unknown:ViewManagerPropertyUpdater: Could not find generated setter for class com.swmansion.rnscreens.ScreenStackHeaderConfigViewManager
02-20 03:25:47.858 19727 19954 W unknown:ViewManagerPropertyUpdater: Could not find generated setter for class com.swmansion.rnscreens.ScreenStackHeaderSubviewManager
02-20 03:25:47.859 19727 19954 W unknown:ViewManagerPropertyUpdater: Could not find generated setter for class com.swmansion.rnscreens.SearchBarManager
02-20 03:25:47.861 19727 19954 W unknown:ViewManagerPropertyUpdater: Could not find generated setter for class com.horcrux.svg.RenderableViewManager$DefsViewManager
02-20 03:25:47.864 19727 19954 W unknown:ViewManagerPropertyUpdater: Could not find generated setter for class com.horcrux.svg.VirtualViewManager$RemoteActionCompatParcelizer
02-20 03:25:47.865 19727 19954 W unknown:ViewManagerPropertyUpdater: Could not find generated setter for class com.horcrux.svg.RenderableViewManager$MarkerManager
02-20 03:25:47.870 19727 19954 W unknown:ViewManagerPropertyUpdater: Could not find generated setter for class com.horcrux.svg.RenderableViewManager$ForeignObjectManager
02-20 03:25:47.873 19727 19954 W unknown:ViewManagerPropertyUpdater: Could not find generated setter for class com.horcrux.svg.RenderableViewManager$EllipseViewManager
02-20 03:25:47.875 19727 19954 W unknown:ViewManagerPropertyUpdater: Could not find generated setter for class com.horcrux.svg.RenderableViewManager$LineViewManager
02-20 03:25:47.877 19727 19954 W unknown:ViewManagerPropertyUpdater: Could not find generated setter for class com.horcrux.svg.RenderableViewManager$LinearGradientManager
02-20 03:25:47.881 19727 19954 W unknown:ViewManagerPropertyUpdater: Could not find generated setter for class com.horcrux.svg.RenderableViewManager$GroupViewManager
02-20 03:25:47.886 19727 19954 W unknown:ViewManagerPropertyUpdater: Could not find generated setter for class com.horcrux.svg.RenderableViewManager$TextViewManager
02-20 03:25:47.888 19727 19954 W unknown:ViewManagerPropertyUpdater: Could not find generated setter for class com.horcrux.svg.RenderableViewManager$ImageViewManager
02-20 03:25:47.890 19727 19954 W unknown:ViewManagerPropertyUpdater: Could not find generated setter for class com.horcrux.svg.RenderableViewManager$ClipPathViewManager
02-20 03:25:47.892 19727 19954 W unknown:ViewManagerPropertyUpdater: Could not find generated setter for class com.horcrux.svg.RenderableViewManager$RadialGradientManager
02-20 03:25:47.895 19727 19954 W unknown:ViewManagerPropertyUpdater: Could not find generated setter for class com.horcrux.svg.RenderableViewManager$MaskManager
02-20 03:25:47.897 19727 19954 W unknown:ViewManagerPropertyUpdater: Could not find generated setter for class com.horcrux.svg.RenderableViewManager$SymbolManager
02-20 03:25:47.899 19727 19954 W unknown:ViewManagerPropertyUpdater: Could not find generated setter for class com.horcrux.svg.RenderableViewManager$PatternManager
02-20 03:25:47.908 19727 19954 W unknown:ViewManagerPropertyUpdater: Could not find generated setter for class com.horcrux.svg.RenderableViewManager$RectViewManager
02-20 03:25:47.911 19727 19954 W unknown:ViewManagerPropertyUpdater: Could not find generated setter for class com.horcrux.svg.RenderableViewManager$TextPathViewManager
02-20 03:25:47.915 19727 19954 W unknown:ViewManagerPropertyUpdater: Could not find generated setter for class com.horcrux.svg.SvgViewManager
02-20 03:25:47.918 19727 19954 W unknown:ViewManagerPropertyUpdater: Could not find generated setter for class com.horcrux.svg.RenderableViewManager$PathViewManager
02-20 03:25:47.919 19727 19954 W unknown:ViewManagerPropertyUpdater: Could not find generated setter for class com.horcrux.svg.RenderableViewManager$UseViewManager
02-20 03:25:47.921 19727 19954 W unknown:ViewManagerPropertyUpdater: Could not find generated setter for class com.horcrux.svg.RenderableViewManager$CircleViewManager
02-20 03:25:47.923 19727 19954 W unknown:ViewManagerPropertyUpdater: Could not find generated setter for class com.horcrux.svg.RenderableViewManager$TSpanViewManager
02-20 03:25:47.925 19727 19954 W unknown:ViewManagerPropertyUpdater: Could not find generated setter for class com.brentvatne.exoplayer.ReactExoplayerViewManager
02-20 03:25:47.928 19727 19954 W unknown:ViewManagerPropertyUpdater: Could not find generated setter for class com.reactnativecommunity.webview.RNCWebViewManager
02-20 03:25:47.931 19727 19954 W unknown:ViewManagerPropertyUpdater: Could not find generated setter for class im.toss.rn.granite.core.module.image.FastImageViewManager
02-20 03:25:48.076   752  1790 W PackageConfigPersister: App-specific configuration not found for packageName: viva.republica.toss.test and userId: 0
02-20 03:25:49.587 20099 20099 W dumpsys : Thread Pool max thread count is 0. Cannot cache binder as linkToDeath cannot be implemented. serviceName: window
02-20 03:25:49.829  1336  1556 D SatelliteController: iisInCarrierRoamingNbIotNtn: satellite is disabled
02-20 03:25:50.404 19727 19727 W WindowOnBackDispatcher: sendCancelIfRunning: isInProgress=false callback=android.view.ViewRootImpl$$ExternalSyntheticLambda13@ce758fa
02-20 03:25:50.406   752  1233 D CoreBackPreview: Window{5401aa0 u0 PopupWindow:e90a88f}: Setting back callback null
02-20 03:25:50.483 19727 20120 W unknown:ReactContext: initializeMessageQueueThreads() is called.
02-20 03:25:50.486 19727 19727 W unknown:ReactNative: Packager connection already open, nooping.
02-20 03:25:50.503 19727 20122 W unknown:ReactContext: initializeMessageQueueThreads() is called.
02-20 03:25:50.531 19727 20122 W unknown:ReactNative: Fresco has already been initialized with a different config. The new Fresco configuration will be ignored!
02-20 03:25:50.686 19727 19730 I blica.toss.test: Compiler allocated 4717KB to compile void com.facebook.soloader.nativeloader.SystemDelegate.read(java.lang.String)
02-20 03:25:50.864  3453  3453 D BoundBrokerSvc: onUnbind: Intent { act=com.google.android.gms.safetynet.service.START xflg=0x4 pkg=com.google.android.gms }
02-20 03:25:51.420 20115 20115 W screencap: Thread Pool max thread count is 0. Cannot cache binder as linkToDeath cannot be implemented. serviceName: SurfaceFlingerAIDL
02-20 03:25:51.423 20115 20115 W BpBinder: Linking to death on android.gui.ISurfaceComposer but there are no threads (yet?) listening to incoming transactions. See ProcessState::startThreadPool and ProcessState::setThreadPoolMaxThreadCount. Generally you should setup the binder threadpool before other initialization steps.
02-20 03:25:51.423 20115 20115 W ProcessState: Extra binder thread started, but 0 threads requested. Do not use *startThreadPool when zero threads are requested.
02-20 03:25:51.429   531   590 E HwcComposer: getLuts failed Status(-8, EX_SERVICE_SPECIFIC): '8: '
02-20 03:25:51.429   531   590 E HWComposer: getLuts: getLuts failed for display 4619827259835644672: UNSUPPORTED (8)
02-20 03:25:51.483 19727 19732 I blica.toss.test: NativeAlloc concurrent mark compact GC freed 7359KB AllocSpace bytes, 9(292KB) LOS objects, 49% free, 18MB/36MB, paused 6.934ms,6.403ms total 187.245ms
02-20 03:25:51.497 19727 19736 W System  : A resource failed to call ZipFile.close. 
02-20 03:25:51.688 19727 19727 W unknown:ReactContext: initializeMessageQueueThreads() is called.
02-20 03:25:51.841   752  1233 W PackageConfigPersister: App-specific configuration not found for packageName: viva.republica.toss.test and userId: 0
