02-19 19:25:22.790 20022 20022 I EmojiCompatManager: 	at android.os.Handler.dispatchMessage(Handler.java:110)
02-19 19:25:22.790 20022 20022 I EmojiCompatManager: 	at android.os.Looper.loopOnce(Looper.java:248)
02-19 19:25:22.790 20022 20022 I EmojiCompatManager: 	at android.os.Looper.loop(Looper.java:338)
02-19 19:25:22.790 20022 20022 I EmojiCompatManager: 	at android.app.ActivityThread.main(ActivityThread.java:9067)
02-19 19:25:22.790 20022 20022 I EmojiCompatManager: 	at java.lang.reflect.Method.invoke(Native Method)
02-19 19:25:22.790 20022 20022 I EmojiCompatManager: 	at com.android.internal.os.RuntimeInit$MethodAndArgsCaller.run(RuntimeInit.java:593)
02-19 19:25:22.790 20022 20022 I EmojiCompatManager: 	at com.android.internal.os.ZygoteInit.main(ZygoteInit.java:932)
02-19 19:25:22.790   752   794 V WindowManager: Finish Transition (#767): created at 02-19 19:25:21.749 collect-started=0.227ms request-sent=11.672ms started=17.641ms ready=701.37ms sent=705.846ms commit=32.969ms finished=1038.456ms
02-19 19:25:22.791 20022 20022 I Module  : DeviceLockedStatusModuleProvider$Module.updateDeviceLockedStatus():100 repeatCheckTimes = 1, locked = false
02-19 19:25:22.795  4449  4467 V WindowManagerShell: Track 1 became idle
02-19 19:25:22.795   752  1454 W PackageConfigPersister: App-specific configuration not found for packageName: viva.republica.toss.test and userId: 0
02-19 19:25:22.795  4449  4467 V WindowManagerShell: All active transition animations finished
02-19 19:25:22.803 19166 19166 D VRI[NexusLauncherActivity]: visibilityChanged oldVisibility=true newVisibility=false
02-19 19:25:22.823 19166 19166 D BaseDepthController: setSurface:
02-19 19:25:22.823 19166 19166 D BaseDepthController: 	mWaitingOnSurfaceValidity: false
02-19 19:25:22.823 19166 19166 D BaseDepthController: 	mBaseSurface: null
02-19 19:25:22.823 19166 19166 D BaseDepthController: mSurface is null and mCurrentBlur is: 0
02-19 19:25:22.824 19166 19166 D StateManager: goToState - fromState: Normal, toState: Normal, partial trace:
02-19 19:25:22.824 19166 19166 D StateManager: 	at com.android.launcher3.statemanager.StateManager.moveToRestState(go/retraceme 72a59688580715d19f0e415c69e80376c2f062d1648c80db6730905005a27c20:4)
02-19 19:25:22.824 19166 19166 D StateManager: 	at com.android.launcher3.statemanager.StateManager.moveToRestState(go/retraceme 72a59688580715d19f0e415c69e80376c2f062d1648c80db6730905005a27c20:1)
02-19 19:25:22.824 19166 19166 D StateManager: 	at com.android.launcher3.statemanager.StatefulActivity.onStop(go/retraceme 72a59688580715d19f0e415c69e80376c2f062d1648c80db6730905005a27c20:34)
02-19 19:25:22.827 19166 19166 D StatsLog: LAUNCHER_ONSTOP
02-19 19:25:22.830 19166 19166 D StatsLog: LAUNCHER_GOOGLE_SEARCH_RESTORE_LIST_SIZE_AFTER_ACTIVITY_RESTART
02-19 19:25:22.831 19166 19166 D NexusLauncherModelDelegate: notifySmartspaceEvent: SmartspaceTargetEvent{mSmartspaceTarget=null, mSmartspaceActionId='null', mEventType=7}
02-19 19:25:22.835 19166 19166 D NexusLauncherModelDelegate: notifySmartspaceEvent: SmartspaceTargetEvent{mSmartspaceTarget=null, mSmartspaceActionId='null', mEventType=7}
02-19 19:25:22.895   752  1095 D BackgroundInstallControlService: Package event received: 0
02-19 19:25:23.121  1229 20485 D android.hardware.gnss-service.ranchu: GnssHwListener:consume:87 sz=64
02-19 19:25:23.140  1229 20485 D android.hardware.gnss-service.ranchu: GnssHwListener:consume:87 sz=64
02-19 19:25:23.140  1229 20485 D android.hardware.gnss-service.ranchu: Gnss:onGnssLocationCb:311
02-19 19:25:23.140  1229 20485 D android.hardware.gnss-service.ranchu: Gnss:onGnssLocationCb:321
02-19 19:25:23.649 19336 19718 I eebf    : (REDACTED) Probing voice interaction service recovery for condition(%s).
02-19 19:25:23.653 19336 19718 I eebf    : (REDACTED) Skipping voice interaction service recovery(%s) for condition(%s).
02-19 19:25:23.654 19336 19718 I eebf    : (REDACTED) Skipping voice interaction service recovery(%s) for condition(%s).
02-19 19:25:24.754   531   568 W EventThread: Faking VSYNC due to driver stall for thread app
02-19 19:25:24.787   752  1856 E TaskPersister: File error accessing recents directory (directory doesn't exist?).
02-19 19:25:24.833 20497 20497 W dumpsys : Thread Pool max thread count is 0. Cannot cache binder as linkToDeath cannot be implemented. serviceName: window
02-19 19:25:24.866   752  2375 I system_server: AssetManager2(0x7d8fac4d2d18) locale list changing from [] to [en-US]
02-19 19:25:24.884   752  2375 I system_server: AssetManager2(0x7d8fac506938) locale list changing from [] to [en-US]
02-19 19:25:25.002   752  2375 I system_server: AssetManager2(0x7d8fac443438) locale list changing from [] to [en-US]
02-19 19:25:25.014   752  2375 I system_server: AssetManager2(0x7d8fac4ef558) locale list changing from [] to [en-US]
02-19 19:25:25.018   752  2375 I system_server: AssetManager2(0x7d8fac4d3678) locale list changing from [] to [en-US]
02-19 19:25:25.023   752  2375 I system_server: AssetManager2(0x7d8fac5224f8) locale list changing from [] to [en-US]
02-19 19:25:25.358 19166 19176 D OverviewCommandHelper: command added: CommandInfo(type=TOGGLE, status=IDLE, createTime=108199205, animationCallbacks=null, displayId=0, isLastOfBatch=true)
02-19 19:25:25.359 19166 19176 D OverviewCommandHelper: execute: CommandInfo(type=TOGGLE, status=IDLE, createTime=108199205, animationCallbacks=null, displayId=0, isLastOfBatch=true) - queue size: 1
02-19 19:25:25.360 19166 19166 D OverviewCommandHelper: executing command: CommandInfo(type=TOGGLE, status=PROCESSING, createTime=108199205, animationCallbacks=null, displayId=0, isLastOfBatch=true)
02-19 19:25:25.361 19166 19166 D OverviewCommandHelper: executeCommand: CommandInfo(type=TOGGLE, status=PROCESSING, createTime=108199205, animationCallbacks=null, displayId=0, isLastOfBatch=true) - visibleRecentsView: null
02-19 19:25:25.361 19166 19166 D OverviewCommandHelper: Querying TaskbarManager for TaskbarUIController for display: 0
02-19 19:25:25.361 19166 19166 D OverviewCommandHelper: TaskbarUIController for display 0 was found
02-19 19:25:25.369 19166 19166 D ContextTracker: Registering callback: com.android.launcher3.LauncherInitListener@900b8b1, reason=OverviewCommandHelper: command.type=TOGGLE
02-19 19:25:25.371 19166 19166 D RecentsView: onGestureAnimationStart - groupedTaskInfo: Desk ID= -1, Desk Display ID=-1, Tasks=[id=78 winMode=fullscreen visReq=true vis=true excluded=false baseIntent=viva.republica.toss.test/im.toss.rn.granite.core.GraniteActivity], Type=FULLSCREEN, Minimized Task IDs=null
02-19 19:25:25.373 19166 19166 D RecentsView: showCurrentTask(onGestureAnimationStart) - groupedTaskInfo: Desk ID= -1, Desk Display ID=-1, Tasks=[id=78 winMode=fullscreen visReq=true vis=true excluded=false baseIntent=viva.republica.toss.test/im.toss.rn.granite.core.GraniteActivity], Type=FULLSCREEN, Minimized Task IDs=null
02-19 19:25:25.373 19166 19166 D OverviewActionsView: updateForGroupedTask() called with: isGroupedTask = [false], canSaveAppPair = [false]
02-19 19:25:25.373 19166 19166 D OverviewActionsView: updateActionButtonsVisibility() called: showSingleTaskActions = [true], showGroupActions = [false]
02-19 19:25:25.375 19166 19166 D RecentsView: reloadIfNeeded - getTasks: 22
02-19 19:25:25.376  4449  4449 I vol.VolumeDialogImpl: mDialog.dismiss() reason: volume_controller from: com.android.systemui.volume.VolumeDialogImpl$7.onDismissRequested:3
02-19 19:25:25.377 19166 19166 D RecentsView: onGestureAnimationStart - groupedTaskInfo: Desk ID= -1, Desk Display ID=-1, Tasks=[id=78 winMode=fullscreen visReq=true vis=true excluded=false baseIntent=viva.republica.toss.test/im.toss.rn.granite.core.GraniteActivity], Type=FULLSCREEN, Minimized Task IDs=null
02-19 19:25:25.377 19166 19166 D RecentsView: showCurrentTask(onGestureAnimationStart) - groupedTaskInfo: Desk ID= -1, Desk Display ID=-1, Tasks=[id=78 winMode=fullscreen visReq=true vis=true excluded=false baseIntent=viva.republica.toss.test/im.toss.rn.granite.core.GraniteActivity], Type=FULLSCREEN, Minimized Task IDs=null
02-19 19:25:25.377 19166 19166 D OverviewActionsView: updateForGroupedTask() called with: isGroupedTask = [false], canSaveAppPair = [false]
02-19 19:25:25.377 19166 19166 D OverviewActionsView: updateActionButtonsVisibility() called: showSingleTaskActions = [true], showGroupActions = [false]
02-19 19:25:25.378  4449  4467 V ShellRecents: RecentsTransitionHandler.startRecentsTransition
02-19 19:25:25.382  4449  4467 V WindowManagerShell: Directly starting a new transition type=TO_FRONT wct=WindowContainerTransaction { changes= {} hops= [{pendingIntent: options=Bundle[{android.activity.splashScreenStyle=-1, android.activity.sourceInfo=Supplier{VAL_PARCELABLE@148+104}, android.pendingIntent.backgroundActivityAllowed=3, android:activity.animAbortListener=null, android.activity.transientLaunch=true}]}] errorCallbackToken=null taskFragmentOrganizer=null } handler=com.android.wm.shell.recents.RecentsTransitionHandler@bc47314
02-19 19:25:25.381 19166 19166 D RecentsView: reloadIfNeeded - task list still valid: 22
02-19 19:25:25.384 19166 19166 D OverviewCommandHelper: switching via recents animation - onGestureStarted: CommandInfo(type=TOGGLE, status=PROCESSING, createTime=108199205, animationCallbacks=com.android.quickstep.RecentsAnimationCallbacks@3c9641b, displayId=0, isLastOfBatch=true)
02-19 19:25:25.385 19166 19166 D OverviewCommandHelper: command executed: CommandInfo(type=TOGGLE, status=PROCESSING, createTime=108199205, animationCallbacks=com.android.quickstep.RecentsAnimationCallbacks@3c9641b, displayId=0, isLastOfBatch=true) with result: false
02-19 19:25:25.385 19166 19166 D OverviewCommandHelper: waiting for command callback: CommandInfo(type=TOGGLE, status=PROCESSING, createTime=108199205, animationCallbacks=com.android.quickstep.RecentsAnimationCallbacks@3c9641b, displayId=0, isLastOfBatch=true)
02-19 19:25:25.387 19166 19166 D RecentsView: applyLoadPlan - taskGroups: [type=SINGLE task=[id=12 windowingMode=0 user=0 lastActiveTime=89737] null, type=SINGLE task=[id=49 windowingMode=1 user=0 lastActiveTime=87698314] null, type=SINGLE task=[id=78 windowingMode=1 user=0 lastActiveTime=108195732] null]
02-19 19:25:25.396  4449  4449 I vol.VolumeDialogImpl: mDialog.dismiss() reason: volume_controller from: com.android.systemui.volume.VolumeDialogImpl$7.onDismissRequested:3
02-19 19:25:25.397  4449  4449 D vol.VolumeDialogImpl: dismissH: skipping dismiss because isAnimatingDismiss is true and showingStateInconsistent is false
02-19 19:25:25.398  4449  4467 V ShellRecents: [19809300] RecentsController.setTransition: id=android.os.BinderProxy@6aade67
02-19 19:25:25.398   752  1095 D BackgroundInstallControlService: Package event received: 0
02-19 19:25:25.399   752  1095 D BackgroundInstallControlService: Package event received: 0
02-19 19:25:25.400   531   590 I BpBinder: onLastStrongRef automatically unlinking death recipients: 
02-19 19:25:26.749   531   568 W EventThread: Faking VSYNC due to driver stall for thread app
02-19 19:25:26.749   531   569 W EventThread: Faking VSYNC due to driver stall for thread appSf
02-19 19:25:26.757   531   531 I BpBinder: onLastStrongRef automatically unlinking death recipients: 
02-19 19:25:26.781 19166 19166 D StateManager: goToState - fromState: Normal, toState: Background, partial trace:
02-19 19:25:26.781 19166 19166 D StateManager: 	at com.android.quickstep.BaseActivityInterface$DefaultAnimationFactory.initBackgroundStateUI(go/retraceme 72a59688580715d19f0e415c69e80376c2f062d1648c80db6730905005a27c20:39)
02-19 19:25:26.781 19166 19166 D StateManager: 	at com.android.quickstep.LauncherActivityInterface.prepareRecentsUI(go/retraceme 72a59688580715d19f0e415c69e80376c2f062d1648c80db6730905005a27c20:9)
02-19 19:25:26.781 19166 19166 D StateManager: 	at com.android.quickstep.AbsSwipeUpHandler.lambda$onLauncherStart$7(go/retraceme 72a59688580715d19f0e415c69e80376c2f062d1648c80db6730905005a27c20:11)
02-19 19:25:26.783 19166 19166 D StateManager: onStateTransitionStart - state: Background
02-19 19:25:26.788 19166 19166 D BaseDepthController: mSurface is null and mCurrentBlur is: 0
02-19 19:25:26.789   752  1095 D BackgroundInstallControlService: Package event received: 0
02-19 19:25:26.790 19166 19166 D KeyboardInsetsHandler: setState, toState:Background StateManager(mLastStableState:Normal, mCurrentStableState:Normal, mState:Background, mRestState:Normal, isInTransition:false)
02-19 19:25:26.791 19166 19166 D StateManager: onStateTransitionEnd - state: Background
02-19 19:25:26.838   752   795 W ActivityTaskManager: callingPackage for (uid=-1, pid=0) has no WPC
02-19 19:25:26.839   752   795 W ActivityStartInterceptor: Starting home with component specified, uid=0
02-19 19:25:26.839   752   795 W OptProp : Cannot read opt property android.window.PROPERTY_COMPAT_ALLOW_USER_ASPECT_RATIO_OVERRIDE
02-19 19:25:26.840   752   795 W OptProp : Cannot read opt property android.window.PROPERTY_COMPAT_ALLOW_USER_ASPECT_RATIO_FULLSCREEN_OVERRIDE
02-19 19:25:26.840   752   795 W OptProp : Cannot read opt property android.window.PROPERTY_COMPAT_ALLOW_RESIZEABLE_ACTIVITY_OVERRIDES
02-19 19:25:26.840   752   795 W OptProp : Cannot read opt property android.window.PROPERTY_COMPAT_ALLOW_MIN_ASPECT_RATIO_OVERRIDE
02-19 19:25:26.840   752   795 V GrammaticalInflectionUtils: AttributionSource: android.content.AttributionSource@1abea79a does not have READ_SYSTEM_GRAMMATICAL_GENDER permission.
02-19 19:25:26.841   752   795 V WindowManager: Moving #768 from collecting to waiting.
02-19 19:25:26.844   752   795 E BLASTSyncEngine: SyncGroup 769: Started when there is other active SyncGroup
02-19 19:25:26.851 19166 19166 D RecentsView: updateTaskStackListenerState: true
02-19 19:25:26.852 19166 19166 D RecentsView: reloadIfNeeded - getTasks: 23
02-19 19:25:26.852 19166 19166 D NexusLauncherModelDelegate: notifySmartspaceEvent: SmartspaceTargetEvent{mSmartspaceTarget=null, mSmartspaceActionId='null', mEventType=6}
02-19 19:25:26.859   752   795 I ActivityTaskManager: START u0 {act=android.intent.action.MAIN cat=[android.intent.category.HOME] flg=0x10000100 cmp=com.google.android.apps.nexuslauncher/.NexusLauncherActivity (has extras)} with LAUNCH_SINGLE_TASK from uid 0 (BAL_ALLOW_ALLOWLISTED_UID) result code=3
02-19 19:25:27.011  4449  4532 D KeyguardService: setOccluded(false)
02-19 19:25:27.011  4449  4532 D KeyguardViewMediator: setOccluded(false)
02-19 19:25:27.014  4449  4449 D KeyguardViewMediator: handleSetOccluded(false)
02-19 19:25:27.013   752   795 W Looper  : Slow dispatch took 182ms android.ui app=system_server main=false group=TOP_APP h=com.android.server.policy.PhoneWindowManager$PolicyHandler c=com.android.server.policy.PhoneWindowManager$DisplayHomeButtonHandler$$ExternalSyntheticLambda0@3a8c912 m=0
02-19 19:25:27.015  4449  4449 D KeyguardViewMediator: KeyguardViewMediator queue processing message: SET_OCCLUDED
02-19 19:25:27.095  4449  4467 D WindowManagerShell: onActivityRestartAttempt: topActivity=ComponentInfo{com.google.android.apps.nexuslauncher/com.google.android.apps.nexuslauncher.NexusLauncherActivity}, wasVisible=false
02-19 19:25:27.096  4449  4449 I vol.VolumeDialogImpl: mDialog.dismiss() reason: volume_controller from: com.android.systemui.volume.VolumeDialogImpl$7.onDismissRequested:3
02-19 19:25:27.099 19166 19166 D BaseDepthController: setSurface:
02-19 19:25:27.099 19166 19166 D BaseDepthController: 	mWaitingOnSurfaceValidity: false
02-19 19:25:27.099 19166 19166 D BaseDepthController: 	mBaseSurface: Surface(name=com.google.android.apps.nexuslauncher/com.google.android.apps.nexuslauncher.NexusLauncherActivity)/@0x2cb53f
02-19 19:25:27.138 19166 19166 D ActivityAllAppsContainerView: rebindAdapters: force: false
02-19 19:25:27.138 19166 19166 D ActivityAllAppsContainerView: rebindAdapters: Not needed.
02-19 19:25:27.141 19166 19166 W SplitSelectStateCtor: Missing session instanceIds
02-19 19:25:27.141 19166 19166 D StatsLog: LAUNCHER_SPLIT_SELECTION_EXIT_INTERRUPTED
02-19 19:25:27.142 19166 19166 D ContextTracker: handleIntent: mCallbacks=[com.android.launcher3.LauncherInitListener@900b8b1]
02-19 19:25:27.143 19166 19166 D TFOManager: playPanelCloseAnimation() duration=200 traceTag=LauncherOverlay-hide isHomeButtonTap=true
02-19 19:25:27.143 19166 19166 D TFOManager: Skipped creating panel close animation because -1 is invisible.
02-19 19:25:27.143  4449  4532 V WindowManagerShell: onTransitionReady(transaction=3229815429291)
02-19 19:25:27.143 19166 19166 D OverviewCommandHelper: clearing pending commands: [CommandInfo(type=TOGGLE, status=PROCESSING, createTime=108199205, animationCallbacks=com.android.quickstep.RecentsAnimationCallbacks@3c9641b, displayId=0, isLastOfBatch=true)]
02-19 19:25:27.143  4449  4467 V WindowManagerShell: onTransitionReady (#768) android.os.BinderProxy@6aade67: {id=768 t=TO_FRONT f=0x80 trk=0 r=[0@Point(0, 0)] c=[
02-19 19:25:27.143  4449  4467 V WindowManagerShell:         {m=TO_FRONT f=SHOW_WALLPAPER|MOVE_TO_TOP leash=Surface(name=Task=1)/@0xe721ffe sb=Rect(0, 0 - 1080, 2400) eb=Rect(0, 0 - 1080, 2400) epz=Point(1080, 2400) d=0 taskParent=-1},
02-19 19:25:27.143  4449  4467 V WindowManagerShell:         {m=TO_BACK f=NONE leash=Surface(name=Task=78)/@0x8cb335f sb=Rect(0, 0 - 1080, 2400) eb=Rect(0, 0 - 1080, 2400) epz=Point(1080, 2400) d=0 taskParent=-1},
02-19 19:25:27.143  4449  4467 V WindowManagerShell:         {m=TO_FRONT f=IS_WALLPAPER leash=Surface(name=WallpaperWindowToken{35e0c0f showWhenLocked=false})/@0x2a601ac sb=Rect(0, 0 - 1080, 2400) eb=Rect(0, 0 - 1080, 2400) epz=Point(1080, 2400) d=0}
02-19 19:25:27.143  4449  4467 V WindowManagerShell:     ]}
02-19 19:25:27.144  4449  4467 V WindowManagerShell: Playing animation for (#768) android.os.BinderProxy@6aade67@0
02-19 19:25:27.144  4449  4467 V WindowManagerShell:  try firstHandler com.android.wm.shell.recents.RecentsTransitionHandler@bc47314
02-19 19:25:27.144  4449  4467 V ShellRecents: [19809300] RecentsController.start
02-19 19:25:27.145 19166 19166 D RecentsView: applyLoadPlan - taskGroups: [type=SINGLE task=[id=12 windowingMode=0 user=0 lastActiveTime=89737] null, type=SINGLE task=[id=49 windowingMode=1 user=0 lastActiveTime=87698314] null, type=SINGLE task=[id=78 windowingMode=1 user=0 lastActiveTime=108195732] null]
02-19 19:25:27.147  4449  4467 V ShellRecents:   not handling home taskId=1
02-19 19:25:27.148  4449  4467 V ShellRecents:   adding pausing leaf taskId=78 at layer=8
02-19 19:25:27.149  4449  4467 V ShellRecents: Applying transaction=3229815429291
02-19 19:25:27.150  4449  4467 V ShellRecents: No matching remote found to takeover (#768)
02-19 19:25:27.150  4449  4467 V ShellSplitScreen: getSplitBoundsForTaskId: expected split bounds for taskId=78 but not found
02-19 19:25:27.150   752   794 V WindowManager: Sent Transition (#768) createdAt=02-19 19:25:25.383
02-19 19:25:27.150  4449  4467 V ShellRecents: [19809300] RecentsController.start: calling onAnimationStart with 2 apps
02-19 19:25:27.150   752   794 V WindowManager:     startWCT=WindowContainerTransaction { changes= {} hops= [{pendingIntent: options=Bundle[{android.activity.splashScreenStyle=-1, android.activity.sourceInfo=android.app.ActivityOptions$SourceInfo@2c6645e, android.pendingIntent.backgroundActivityAllowed=3, android:activity.animAbortListener=null, android.activity.transientLaunch=true}]}] errorCallbackToken=null taskFragmentOrganizer=null }
02-19 19:25:27.150   752   794 V WindowManager:     info={id=768 t=TO_FRONT f=0x80 trk=0 r=[0@Point(0, 0)] c=[
02-19 19:25:27.150   752   794 V WindowManager:         {WCT{RemoteToken{5218fe8 Task{dd43522 #1 type=home}}} m=TO_FRONT f=SHOW_WALLPAPER|MOVE_TO_TOP leash=Surface(name=Task=1)/@0x8ddbd2e sb=Rect(0, 0 - 1080, 2400) eb=Rect(0, 0 - 1080, 2400) epz=Point(1080, 2400) d=0 taskParent=-1},
02-19 19:25:27.150   752   794 V WindowManager:         {WCT{RemoteToken{58f5d87 Task{11d79c0 #78 type=standard A=10217:viva.republica.toss.test}}} m=TO_BACK f=NONE leash=Surface(name=Task=78)/@0x6af51ab sb=Rect(0, 0 - 1080, 2400) eb=Rect(0, 0 - 1080, 2400) epz=Point(1080, 2400) d=0 taskParent=-1},
02-19 19:25:27.150   752   794 V WindowManager:         {m=TO_FRONT f=IS_WALLPAPER leash=Surface(name=WallpaperWindowToken{35e0c0f showWhenLocked=false})/@0x512f5be sb=Rect(0, 0 - 1080, 2400) eb=Rect(0, 0 - 1080, 2400) epz=Point(1080, 2400) d=0}
02-19 19:25:27.150   752   794 V WindowManager:     ]}
02-19 19:25:27.154   531   531 I BpBinder: onLastStrongRef automatically unlinking death recipients: 
02-19 19:25:27.155  4449  4467 V WindowManagerShell:  animated by firstHandler
02-19 19:25:27.157 19166 20297 W HWUI    : Image decoding logging dropped!
02-19 19:25:27.173   531   602 I BpBinder: onLastStrongRef automatically unlinking death recipients: 
02-19 19:25:27.174 19166 19166 D RemoteTargetGluer: appCount: 1 handleLength: 4
02-19 19:25:27.175 19166 19166 D RemoteTargetGluer: resizing handles
02-19 19:25:27.175 19166 19166 D RemoteTargetGluer: containsSplitTargets? false handleLength: 1 appsLength: 1
02-19 19:25:27.175 19166 19166 D RecentsView: setRecentsAnimationTargets - recentsAnimationController: com.android.quickstep.RecentsAnimationController@6e241c6, recentsAnimationTargets: com.android.quickstep.RecentsAnimationTargets@3848587
02-19 19:25:27.183 19166 19166 D RemoteTargetGluer: appCount: 1 handleLength: 1
02-19 19:25:27.183 19166 19166 D RemoteTargetGluer: containsSplitTargets? false handleLength: 1 appsLength: 1
02-19 19:25:27.185 19166 19166 D OverviewCommandHelper: recents animation started: CommandInfo(type=TOGGLE, status=PROCESSING, createTime=108199205, animationCallbacks=com.android.quickstep.RecentsAnimationCallbacks@3c9641b, displayId=0, isLastOfBatch=true)
02-19 19:25:27.186 19166 19166 D StatsLog: LAUNCHER_OVERVIEW_SHOW_OVERVIEW_FROM_3_BUTTON
02-19 19:25:27.187 19166 19166 D OverviewCommandHelper: recents animation started - onInitBackgroundStateUI: CommandInfo(type=TOGGLE, status=PROCESSING, createTime=108199205, animationCallbacks=com.android.quickstep.RecentsAnimationCallbacks@3c9641b, displayId=0, isLastOfBatch=true)
02-19 19:25:27.195 19166 19166 D RecentsView: onPrepareGestureEndAnimation - endTarget: RECENTS
02-19 19:25:27.258  4449  4467 V ShellRecents: [19809300] RecentsController.setInputConsumerEnabled: set focus to recents
02-19 19:25:27.640 19166 19166 D StateManager: goToState - fromState: Background, toState: Overview, partial trace:
02-19 19:25:27.640 19166 19166 D StateManager: 	at com.android.quickstep.BaseActivityInterface$DefaultAnimationFactory.lambda$createContainerInterface$0(go/retraceme 72a59688580715d19f0e415c69e80376c2f062d1648c80db6730905005a27c20:28)
02-19 19:25:27.640 19166 19166 D StateManager: 	at com.android.quickstep.BaseActivityInterface$DefaultAnimationFactory.a(go/retraceme 72a59688580715d19f0e415c69e80376c2f062d1648c80db6730905005a27c20:1)
02-19 19:25:27.640 19166 19166 D StateManager: 	at com.android.quickstep.y.run(go/retraceme 72a59688580715d19f0e415c69e80376c2f062d1648c80db6730905005a27c20:5)
02-19 19:25:27.641 19166 19166 D StatsLog: LAUNCHER_ONRESUME
02-19 19:25:27.642  4449  4467 D WindowManagerShell: setLauncherKeepClearAreaHeight: visible=true, height=527
02-19 19:25:27.643 19166 19166 D StateManager: onStateTransitionStart - state: Overview
02-19 19:25:27.644 19166 19190 D QuickstepModelDelegate: notifyAppTargetEvent action=1 launchLocation=
02-19 19:25:27.645 19166 19166 D KeyboardInsetsHandler: setState, toState:Overview StateManager(mLastStableState:Normal, mCurrentStableState:Background, mState:Overview, mRestState:Normal, isInTransition:false)
02-19 19:25:27.645 19166 19166 D StateManager: onStateTransitionEnd - state: Overview
02-19 19:25:27.647 19166 19166 I AiAiSuggestUi: Clearing suggestions.
02-19 19:25:27.647 19166 19166 I AiAiSuggestUi: Requesting to show indicators
02-19 19:25:27.647 19166 19166 I AiAiSuggestUi: Fetching contents, isPrimaryTask = true
02-19 19:25:27.648 19166 19166 D StatsLog: LAUNCHER_OVERVIEW_GESTURE
02-19 19:25:27.648 19166 19166 D OverviewCommandHelper: switching via recents animation - onTransitionComplete: CommandInfo(type=TOGGLE, status=PROCESSING, createTime=108199205, animationCallbacks=com.android.quickstep.RecentsAnimationCallbacks@3c9641b, displayId=0, isLastOfBatch=true)
02-19 19:25:27.648 19166 19166 D OverviewCommandHelper: command executed: CommandInfo(type=TOGGLE, status=PROCESSING, createTime=108199205, animationCallbacks=com.android.quickstep.RecentsAnimationCallbacks@3c9641b, displayId=0, isLastOfBatch=true) with result: true
02-19 19:25:27.649 19166 19166 D OverviewCommandHelper: command executed successfully! CommandInfo(type=TOGGLE, status=COMPLETED, createTime=108199205, animationCallbacks=com.android.quickstep.RecentsAnimationCallbacks@3c9641b, displayId=0, isLastOfBatch=true)
02-19 19:25:27.649 19166 19166 D OverviewCommandHelper: no pending commands to be executed.
02-19 19:25:27.649 19166 19166 D ContextTracker: Unregistering callback: com.android.launcher3.LauncherInitListener@900b8b1, reason=AbsSwipeUpHandler.invalidateHandler
02-19 19:25:27.650 19166 19166 D OverviewActionsView: updateForGroupedTask() called with: isGroupedTask = [false], canSaveAppPair = [false]
02-19 19:25:27.650 19166 19166 D OverviewActionsView: updateActionButtonsVisibility() called: showSingleTaskActions = [true], showGroupActions = [false]
02-19 19:25:27.651 19166 19166 D OverviewActionsView: updateForGroupedTask() called with: isGroupedTask = [false], canSaveAppPair = [false]
02-19 19:25:27.651 19166 19166 D OverviewActionsView: updateActionButtonsVisibility() called: showSingleTaskActions = [true], showGroupActions = [false]
02-19 19:25:27.651 19166 19166 D RecentsView: onGestureAnimationEnd - mEnableDrawingLiveTile: true
02-19 19:25:27.651   752  1095 D BackgroundInstallControlService: Package event received: 0
02-19 19:25:27.656   488   488 I RanchuHwc: logCompositionFallbackIfChanged: layer 1368 CompositionType fallback from 2 to 1
02-19 19:25:27.656   488   488 I RanchuHwc: logCompositionFallbackIfChanged: layer 1369 CompositionType fallback from 2 to 1
02-19 19:25:27.692  1971  2198 I AiAiEcho: Predicting[0]:  [CONTEXT sampling_count=5 ]
02-19 19:25:27.692  1971  2198 I AiAiEcho: EchoTargets: 
02-19 19:25:27.692  1971  2198 I AiAiEcho: Filtered by AiAi flag check: 
02-19 19:25:27.692  1971  2198 I AiAiEcho: [CONTEXT ratelimit_period="10 SECONDS" ]
02-19 19:25:27.693  1971  2198 I AiAiEcho: #remoteViewsTwiddler: feature disabled.
02-19 19:25:27.694  1971  2198 I AiAiEcho: #postPredictionTargets: Sending updates to UISurface home with targets# 0 (types=[])
02-19 19:25:27.748 19166 19166 I NotificationListener: Handling notification state refresh for com.google.android.adservices.api#0
02-19 19:25:27.749 19166 19166 I NotificationListener: Handling notification state refresh for android#0
02-19 19:25:27.749 19166 19166 I NotificationListener: Handling notification state refresh for com.android.systemui#0
02-19 19:25:27.752 19166 19166 D SsBaseTemplateCard: No text view can be set up
02-19 19:25:27.753 19166 19166 D SsBaseTemplateCard: Passed-in item info is null
02-19 19:25:27.753 19166 19166 D SsBaseTemplateCard: Passed-in item info is null
02-19 19:25:27.753 19166 19166 D SsBaseTemplateCard: Passed-in item info is null
02-19 19:25:27.753 19166 19166 I SsBaseTemplateCard: Secondary card pane is null
02-19 19:25:27.778  4449 21898 V ShellRecents: [19809300] RecentsController.detachNavigationBarFromApp
02-19 19:25:27.906 19166 19978 I AiAiSuggestUi: Request suggestContentSelections complete, took: 253
02-19 19:25:27.906 19166 19978 I AiAiSuggestUi: Fetched content back in callback
02-19 19:25:27.922 19166 19166 I AiAiSuggestUi: Display indicators
02-19 19:25:27.948 19166 19170 I s.nexuslauncher: NativeAlloc concurrent mark compact GC freed 1558KB AllocSpace bytes, 4(208KB) LOS objects, 49% free, 5667KB/11MB, paused 1.919ms,1.136ms total 295.392ms
02-19 19:25:27.953 19166 19172 W System  : A resource failed to call release. 
02-19 19:25:27.953 19166 19172 W System  : A resource failed to call release. 
02-19 19:25:27.953 19166 19172 W System  : A resource failed to call release. 
02-19 19:25:28.167   488   488 I RanchuHwc: logCompositionFallbackIfChanged: layer 1370 CompositionType fallback from 2 to 1
02-19 19:25:28.353  4449  4458 W System  : A resource failed to call release. 
02-19 19:25:28.354  4449  4458 W System  : A resource failed to call release. 
02-19 19:25:28.357 19166 19166 D TaskView: launchAsLiveTile - composeRecentsLaunchAnimator: [78]
02-19 19:25:28.364  4449  4458 W System  : A resource failed to call release. 
02-19 19:25:28.364  4449  4458 W System  : A resource failed to call release. 
02-19 19:25:28.364  4449  4458 W System  : A resource failed to call release. 
02-19 19:25:28.364  4449  4458 W System  : A resource failed to call release. 
02-19 19:25:28.364  4449  4458 W System  : A resource failed to call release. 
02-19 19:25:28.368  4449  4458 W System  : A resource failed to call release. 
02-19 19:25:28.368  4449  4458 W System  : A resource failed to call release. 
02-19 19:25:28.368  4449  4458 W System  : A resource failed to call release. 
02-19 19:25:28.368  4449  4458 W System  : A resource failed to call release. 
02-19 19:25:28.369  4449  4458 W System  : A resource failed to call release. 
02-19 19:25:28.369  4449  4458 W System  : A resource failed to call release. 
02-19 19:25:28.369  4449  4458 W System  : A resource failed to call release. 
02-19 19:25:28.369  4449  4458 W System  : A resource failed to call release. 
02-19 19:25:28.369  4449  4458 W System  : A resource failed to call release. 
02-19 19:25:28.370  4449  4458 W System  : A resource failed to call release. 
02-19 19:25:28.370  4449  4458 W System  : A resource failed to call release. 
02-19 19:25:28.370  4449  4458 W System  : A resource failed to call release. 
02-19 19:25:28.751 19166 19166 D RecentsView: finishRecentsAnimation - mRecentsAnimationController: com.android.quickstep.RecentsAnimationController@6e241c6
02-19 19:25:28.751 19166 19166 D RecentsView: cleanupRemoteTargets - mRemoteTargetHandles: [com.android.quickstep.RemoteTargetGluer$RemoteTargetHandle@d5d77b0]
02-19 19:25:28.754  4449  4467 V ShellRecents: [19809300] RecentsController.finishInner: toHome=false userLeave=false willFinishToHome=false state=0 hasPausingTasks=true reason=requested
02-19 19:25:28.755  4449  4467 V ShellRecents:   returning to app
02-19 19:25:28.755  4449  4467 V ShellRecents: [19809300] RecentsController.finishInner: Completing finish
02-19 19:25:28.755  4449  4467 V ShellRecents: [19809300] RecentsController.cleanup
02-19 19:25:28.756  4449  4467 V WindowManagerShell: Transition animation finished (aborted=false), notifying core (#768) android.os.BinderProxy@6aade67@0
02-19 19:25:28.794   752   794 V WindowManager: Finish Transition (#768): created at 02-19 19:25:25.383 collect-started=0.213ms started=3.575ms ready=1416.128ms sent=1758.003ms commit=13.096ms finished=3407.276ms
02-19 19:25:28.810 19166 19166 D RecentsView: cleanupRemoteTargets - mRemoteTargetHandles: null
02-19 19:25:28.810  4449  4467 V WindowManagerShell: Track 0 became idle
02-19 19:25:28.811  4449  4467 V WindowManagerShell: All active transition animations finished
02-19 19:25:28.811  4449  4467 V ShellRecents: [19809300] RecentsController.finishInner: calling finish callback
02-19 19:25:28.834 19166 19166 W SplitSelectStateCtor: Missing session instanceIds
02-19 19:25:28.834 19166 19166 D StatsLog: LAUNCHER_SPLIT_SELECTION_EXIT_INTERRUPTED
02-19 19:25:28.840  4449  4467 D WindowManagerShell: setLauncherKeepClearAreaHeight: visible=false, height=527
02-19 19:25:28.852 19166 19166 D VRI[NexusLauncherActivity]: visibilityChanged oldVisibility=true newVisibility=false
02-19 19:25:28.856 19166 19166 D RecentsView: onRecentsAnimationComplete - mRecentsAnimationController: com.android.quickstep.RecentsAnimationController@6e241c6, mSideTaskLaunchCallback: null
02-19 19:25:28.862 19166 19166 D RecentsView: updateTaskStackListenerState: false
02-19 19:25:28.862 19166 19166 D NexusLauncherModelDelegate: notifySmartspaceEvent: SmartspaceTargetEvent{mSmartspaceTarget=null, mSmartspaceActionId='null', mEventType=7}
02-19 19:25:28.869   752  1095 D BackgroundInstallControlService: Package event received: 0
02-19 19:25:28.881   752   989 I ImeTracker: viva.republica.toss.test:1b033e25: onRequestHide at ORIGIN_SERVER reason HIDE_SAME_WINDOW_FOCUSED_WITHOUT_EDITOR fromUser false
02-19 19:25:28.884 19316 19316 D InsetsController: hide(ime(), fromIme=false)
02-19 19:25:28.884 19316 19316 I ImeTracker: viva.republica.toss.test:1b033e25: onCancelled at PHASE_CLIENT_ALREADY_HIDDEN
02-19 19:25:28.894 19166 19166 D StateManager: goToState - fromState: Overview, toState: Normal, partial trace:
02-19 19:25:28.894 19166 19166 D StateManager: 	at com.android.launcher3.statemanager.StateManager.moveToRestState(go/retraceme 72a59688580715d19f0e415c69e80376c2f062d1648c80db6730905005a27c20:4)
02-19 19:25:28.894 19166 19166 D StateManager: 	at com.android.launcher3.statemanager.StateManager.moveToRestState(go/retraceme 72a59688580715d19f0e415c69e80376c2f062d1648c80db6730905005a27c20:1)
02-19 19:25:28.894 19166 19166 D StateManager: 	at com.android.quickstep.TaskViewUtils$9.lambda$onAnimationSuccess$0(go/retraceme 72a59688580715d19f0e415c69e80376c2f062d1648c80db6730905005a27c20:1)
02-19 19:25:28.894 19166 19166 D RecentsView: finishRecentsAnimation - mRecentsAnimationController: null
02-19 19:25:28.894 19166 19166 D RecentsView: cleanupRemoteTargets - mRemoteTargetHandles: null
02-19 19:25:28.899 19166 19166 D BaseDepthController: setSurface:
02-19 19:25:28.899 19166 19166 D BaseDepthController: 	mWaitingOnSurfaceValidity: false
02-19 19:25:28.899 19166 19166 D BaseDepthController: 	mBaseSurface: null
02-19 19:25:28.900 19166 19166 D BaseDepthController: mSurface is null and mCurrentBlur is: 23
02-19 19:25:28.900 19166 19166 D StateManager: goToState - fromState: Overview, toState: Normal, partial trace:
02-19 19:25:28.900 19166 19166 D StateManager: 	at com.android.launcher3.statemanager.StateManager.moveToRestState(go/retraceme 72a59688580715d19f0e415c69e80376c2f062d1648c80db6730905005a27c20:4)
02-19 19:25:28.900 19166 19166 D StateManager: 	at com.android.launcher3.statemanager.StateManager.moveToRestState(go/retraceme 72a59688580715d19f0e415c69e80376c2f062d1648c80db6730905005a27c20:1)
02-19 19:25:28.900 19166 19166 D StateManager: 	at com.android.launcher3.statemanager.StatefulActivity.onStop(go/retraceme 72a59688580715d19f0e415c69e80376c2f062d1648c80db6730905005a27c20:34)
02-19 19:25:28.901 19166 19166 D StateManager: cancelAnimation - with ongoing animation, partial trace:
02-19 19:25:28.901 19166 19166 D StateManager: 	at com.android.launcher3.statemanager.StateManager.goToState(go/retraceme 72a59688580715d19f0e415c69e80376c2f062d1648c80db6730905005a27c20:18)
02-19 19:25:28.901 19166 19166 D StateManager: 	at com.android.launcher3.statemanager.StateManager.goToState(go/retraceme 72a59688580715d19f0e415c69e80376c2f062d1648c80db6730905005a27c20:3)
02-19 19:25:28.901 19166 19166 D StateManager: 	at com.android.launcher3.statemanager.StateManager.moveToRestState(go/retraceme 72a59688580715d19f0e415c69e80376c2f062d1648c80db6730905005a27c20:4)
02-19 19:25:28.901 19166 19166 D RecentsView: reset - mEnableDrawingLiveTile: true, mRecentsAnimationController: null
02-19 19:25:28.902 19166 19166 D StateManager: onStateTransitionStart - state: Normal
02-19 19:25:28.905 19166 19166 D BaseDepthController: mSurface is null and mCurrentBlur is: 23
02-19 19:25:28.907 19166 19166 D KeyboardInsetsHandler: setState, toState:Normal StateManager(mLastStableState:Normal, mCurrentStableState:Overview, mState:Normal, mRestState:Normal, isInTransition:false)
02-19 19:25:28.907 19166 19166 D StateManager: onStateTransitionEnd - state: Normal
02-19 19:25:28.908 19166 19166 D RecentsView: reset - mEnableDrawingLiveTile: false, mRecentsAnimationController: null
02-19 19:25:28.908 19166 19166 I AiAiSuggestUi: Clearing suggestions.
02-19 19:25:28.909 19166 19166 I AiAiSuggestUi: Clearing suggestions.
02-19 19:25:28.909 19166 19166 D ActivityAllAppsContainerView: rebindAdapters: force: false
02-19 19:25:28.909 19166 19166 D ActivityAllAppsContainerView: rebindAdapters: Not needed.
02-19 19:25:28.910 20022 20022 I GoogleInputMethodService: GoogleInputMethodService.onFinishInput():2043 
02-19 19:25:28.911 20022 20022 I Module  : DeviceLockedStatusModuleProvider$Module.updateDeviceLockedStatus():100 repeatCheckTimes = 0, locked = false
02-19 19:25:28.913 19166 19166 D StatsLog: LAUNCHER_ONSTOP
02-19 19:25:28.916 20022 20022 I GoogleInputMethodService: GoogleInputMethodService.onStartInput():1293 onStartInput(EditorInfo{EditorInfo{packageName=viva.republica.toss.test, inputType=0, inputTypeString=NULL, enableLearning=false, autoCorrection=false, autoComplete=false, imeOptions=0, privateImeOptions=null, actionName=UNSPECIFIED, actionLabel=null, initialSelStart=-1, initialSelEnd=-1, initialCapsMode=0, label=null, fieldId=0, fieldName=null, extras=null, hintText=null, hintLocales=[]}}, false)
02-19 19:25:28.917 20022 20022 I EmojiCompatManager: EmojiCompatManager.getEmojiCompatIfLoaded():343 EmojiCompat.init() was never called.
02-19 19:25:28.917 20022 20022 I EmojiCompatManager: java.lang.IllegalStateException: EmojiCompat is not initialized. Please call EmojiCompat.init() first
02-19 19:25:28.917 20022 20022 I EmojiCompatManager: 	at asx.p(PG:6)
02-19 19:25:28.917 20022 20022 I EmojiCompatManager: 	at axb.b(PG:13)
02-19 19:25:28.917 20022 20022 I EmojiCompatManager: 	at jnr.b(PG:2)
02-19 19:25:28.917 20022 20022 I EmojiCompatManager: 	at jnr.c(PG:4)
02-19 19:25:28.917 20022 20022 I EmojiCompatManager: 	at jnr.f(PG:3)
02-19 19:25:28.917 20022 20022 I EmojiCompatManager: 	at jnx.c(PG:3)
02-19 19:25:28.917 20022 20022 I EmojiCompatManager: 	at kif.cz(PG:47)
02-19 19:25:28.917 20022 20022 I EmojiCompatManager: 	at lhl.run(PG:1025)
02-19 19:25:28.917 20022 20022 I EmojiCompatManager: 	at jaf.execute(PG:12)
02-19 19:25:28.917 20022 20022 I EmojiCompatManager: 	at nco.v(PG:13)
02-19 19:25:28.917 20022 20022 I EmojiCompatManager: 	at lhn.m(PG:96)
02-19 19:25:28.917 20022 20022 I EmojiCompatManager: 	at lhn.k(PG:25)
02-19 19:25:28.917 20022 20022 I EmojiCompatManager: 	at kgn.onStartInput(PG:250)
02-19 19:25:28.917 20022 20022 I EmojiCompatManager: 	at android.inputmethodservice.InputMethodService.doStartInput(InputMethodService.java:3521)
02-19 19:25:28.917 20022 20022 I EmojiCompatManager: 	at android.inputmethodservice.InputMethodService$InputMethodImpl.startInput(InputMethodService.java:879)
02-19 19:25:28.917 20022 20022 I EmojiCompatManager: 	at android.inputmethodservice.InputMethodService$InputMethodImpl.dispatchStartInput(InputMethodService.java:908)
02-19 19:25:28.917 20022 20022 I EmojiCompatManager: 	at android.inputmethodservice.IInputMethodWrapper.executeMessage(IInputMethodWrapper.java:201)
02-19 19:25:28.917 20022 20022 I EmojiCompatManager: 	at com.android.internal.os.HandlerCaller$MyHandler.handleMessage(HandlerCaller.java:44)
02-19 19:25:28.917 20022 20022 I EmojiCompatManager: 	at android.os.Handler.dispatchMessage(Handler.java:110)
02-19 19:25:28.917 20022 20022 I EmojiCompatManager: 	at android.os.Looper.loopOnce(Looper.java:248)
02-19 19:25:28.917 20022 20022 I EmojiCompatManager: 	at android.os.Looper.loop(Looper.java:338)
02-19 19:25:28.917 20022 20022 I EmojiCompatManager: 	at android.app.ActivityThread.main(ActivityThread.java:9067)
02-19 19:25:28.917 20022 20022 I EmojiCompatManager: 	at java.lang.reflect.Method.invoke(Native Method)
02-19 19:25:28.917 20022 20022 I EmojiCompatManager: 	at com.android.internal.os.RuntimeInit$MethodAndArgsCaller.run(RuntimeInit.java:593)
02-19 19:25:28.917 20022 20022 I EmojiCompatManager: 	at com.android.internal.os.ZygoteInit.main(ZygoteInit.java:932)
02-19 19:25:28.918 19166 19166 D StatsLog: LAUNCHER_GOOGLE_SEARCH_RESTORE_LIST_SIZE_AFTER_ACTIVITY_RESTART
02-19 19:25:28.928 20022 20022 I Module  : DeviceLockedStatusModuleProvider$Module.updateDeviceLockedStatus():100 repeatCheckTimes = 1, locked = false
02-19 19:25:28.933   752   779 W PackageConfigPersister: App-specific configuration not found for packageName: viva.republica.toss.test and userId: 0
02-19 19:25:28.949 19301 19467 D CompatChangeReporter: Compat change id reported: 288912692; UID 10148; state: ENABLED
02-19 19:25:28.985 19166 19166 D OverviewActionsView: updateForGroupedTask() called with: isGroupedTask = [false], canSaveAppPair = [false]
02-19 19:25:28.985 19166 19166 D OverviewActionsView: updateActionButtonsVisibility() called: showSingleTaskActions = [true], showGroupActions = [false]
02-19 19:25:28.986 19166 19166 D OverviewActionsView: updateForGroupedTask() called with: isGroupedTask = [false], canSaveAppPair = [false]
02-19 19:25:28.986 19166 19166 D OverviewActionsView: updateActionButtonsVisibility() called: showSingleTaskActions = [true], showGroupActions = [false]
02-19 19:25:29.014   752  1095 D BackgroundInstallControlService: Package event received: 0
02-19 19:25:29.015   752  1095 D BackgroundInstallControlService: Package event received: 0
02-19 19:25:29.052 19166 19172 W System  : A resource failed to call release. 
02-19 19:25:29.052 19166 19172 W System  : A resource failed to call release. 
02-19 19:25:29.052 19166 19172 W System  : A resource failed to call release. 
02-19 19:25:29.052 19166 19172 W System  : A resource failed to call release. 
02-19 19:25:29.777 19166 19166 I Choreographer: Skipped 45 frames!  The application may be doing too much work on its main thread.
02-19 19:25:29.778   752   798 I Choreographer: Skipped 45 frames!  The application may be doing too much work on its main thread.
02-19 19:25:29.779 19316 19316 I Choreographer: Skipped 45 frames!  The application may be doing too much work on its main thread.
02-19 19:25:29.836 20517 20517 W dumpsys : Thread Pool max thread count is 0. Cannot cache binder as linkToDeath cannot be implemented. serviceName: window
02-19 19:25:30.109   752  2375 W ActivityTaskManager: callingPackage for (uid=2000, pid=20522) has no WPC
02-19 19:25:30.113   752  2375 V GrammaticalInflectionUtils: AttributionSource: android.content.AttributionSource@56784557 does not have READ_SYSTEM_GRAMMATICAL_GENDER permission.
02-19 19:25:30.114   752  2375 W OptProp : Cannot read opt property android.window.PROPERTY_COMPAT_ALLOW_USER_ASPECT_RATIO_OVERRIDE
02-19 19:25:30.114   752  2375 W OptProp : Cannot read opt property android.window.PROPERTY_COMPAT_ALLOW_USER_ASPECT_RATIO_FULLSCREEN_OVERRIDE
02-19 19:25:30.114   752  2375 W OptProp : Cannot read opt property android.window.PROPERTY_COMPAT_ALLOW_RESIZEABLE_ACTIVITY_OVERRIDES
02-19 19:25:30.114   752  2375 W OptProp : Cannot read opt property android.window.PROPERTY_COMPAT_ALLOW_MIN_ASPECT_RATIO_OVERRIDE
02-19 19:25:30.120  4449   613 D KeyguardService: setOccluded(false)
02-19 19:25:30.120  4449   613 D KeyguardViewMediator: setOccluded(false)
02-19 19:25:30.120  4449  4449 D KeyguardViewMediator: handleSetOccluded(false)
02-19 19:25:30.120   752  2375 I ActivityTaskManager: START u0 {act=android.intent.action.VIEW dat=intoss://takealook/... flg=0x10000000 xflg=0x4 cmp=viva.republica.toss.test/im.toss.rn.granite.core.GraniteActivity} with LAUNCH_MULTIPLE from uid 2000 (BAL_ALLOW_PERMISSION) result code=3
02-19 19:25:30.121   531   602 I BpBinder: onLastStrongRef automatically unlinking death recipients: 
02-19 19:25:30.121  4449  4449 D KeyguardViewMediator: KeyguardViewMediator queue processing message: SET_OCCLUDED
02-19 19:25:30.125  4449  4467 D WindowManagerShell: onActivityRestartAttempt: topActivity=ComponentInfo{viva.republica.toss.test/im.toss.rn.granite.core.GraniteActivity}, wasVisible=true
02-19 19:25:30.149   752   775 I system_server: NativeAlloc concurrent mark compact GC freed 22MB AllocSpace bytes, 39(912KB) LOS objects, 42% free, 33MB/57MB, paused 2.873ms,2.896ms total 222.071ms
02-19 19:25:32.530   531   568 W EventThread: Faking VSYNC due to driver stall for thread app
02-19 19:25:32.555   752  1856 E TaskPersister: File error accessing recents directory (directory doesn't exist?).
02-19 19:25:32.608 20525 20525 W dumpsys : Thread Pool max thread count is 0. Cannot cache binder as linkToDeath cannot be implemented. serviceName: window
02-19 19:25:32.617   752  1454 I system_server: AssetManager2(0x7d8fac4446f8) locale list changing from [] to [en-US]
02-19 19:25:32.623   752  1454 I system_server: AssetManager2(0x7d8fac46e098) locale list changing from [] to [en-US]
02-19 19:25:32.626   752  1454 I system_server: AssetManager2(0x7d8fac5049f8) locale list changing from [] to [en-US]
02-19 19:25:32.629   752  1454 I system_server: AssetManager2(0x7d8fac445058) locale list changing from [] to [en-US]
02-19 19:25:32.632   752  1454 I system_server: AssetManager2(0x7d8fac506938) locale list changing from [] to [en-US]
02-19 19:25:32.637   752  1454 I system_server: AssetManager2(0x7d8fac454418) locale list changing from [] to [en-US]
02-19 19:25:33.629   531   568 W EventThread: Faking VSYNC due to driver stall for thread app
02-19 19:25:33.709 20530 20530 W screencap: Thread Pool max thread count is 0. Cannot cache binder as linkToDeath cannot be implemented. serviceName: SurfaceFlingerAIDL
02-19 19:25:33.710 20530 20530 W BpBinder: Linking to death on android.gui.ISurfaceComposer but there are no threads (yet?) listening to incoming transactions. See ProcessState::startThreadPool and ProcessState::setThreadPoolMaxThreadCount. Generally you should setup the binder threadpool before other initialization steps.
02-19 19:25:33.712 20530 20530 W ProcessState: Extra binder thread started, but 0 threads requested. Do not use *startThreadPool when zero threads are requested.
02-19 19:25:33.717   531   603 E HwcComposer: getLuts failed Status(-8, EX_SERVICE_SPECIFIC): '8: '
02-19 19:25:33.718   531   603 E HWComposer: getLuts: getLuts failed for display 4619827259835644672: UNSUPPORTED (8)
