--------- beginning of system
02-19 13:26:49.538   752  1095 D BackgroundInstallControlService: Package event received: 0
02-19 13:26:49.538   752  1095 D BackgroundInstallControlService: Package event received: 0
02-19 13:26:49.543   752  1095 D BackgroundInstallControlService: Package event received: 0
02-19 13:26:49.543   752  1095 D BackgroundInstallControlService: Package event received: 0
--------- beginning of main
02-19 13:26:49.570   617   617 D BaseDepthController: setSurface:
02-19 13:26:49.570   617   617 D BaseDepthController: 	mWaitingOnSurfaceValidity: false
02-19 13:26:49.570   617   617 D BaseDepthController: 	mBaseSurface: Surface(name=com.google.android.apps.nexuslauncher/com.google.android.apps.nexuslauncher.NexusLauncherActivity)/@0x2710b18
02-19 13:26:49.795   617   617 D ActivityAllAppsContainerView: rebindAdapters: force: false
02-19 13:26:49.795   617   617 D ActivityAllAppsContainerView: rebindAdapters: Not needed.
02-19 13:26:49.795   531   548 I BpBinder: onLastStrongRef automatically unlinking death recipients: 
02-19 13:26:49.826   617   617 I NotificationListener: Handling notification state refresh for com.google.android.adservices.api#0
02-19 13:26:49.826   617   617 I NotificationListener: Handling notification state refresh for android#0
02-19 13:26:49.826   617   617 I NotificationListener: Handling notification state refresh for com.android.systemui#0
02-19 13:26:49.845   752   794 V WindowManager: Sent Transition (#403) createdAt=02-19 13:26:49.445 via request=TransitionRequestInfo { type = OPEN, triggerTask = TaskInfo{userId=0 taskId=5 effectiveUid=10182 displayId=0 isRunning=true baseIntent=Intent { act=android.intent.action.MAIN cat=[android.intent.category.HOME] flg=0x10000100 cmp=com.google.android.apps.nexuslauncher/.NexusLauncherActivity } baseActivity=ComponentInfo{com.google.android.apps.nexuslauncher/com.google.android.apps.nexuslauncher.NexusLauncherActivity} topActivity=ComponentInfo{com.google.android.apps.nexuslauncher/com.google.android.apps.nexuslauncher.NexusLauncherActivity} origActivity=null realActivity=ComponentInfo{com.google.android.apps.nexuslauncher/com.google.android.apps.nexuslauncher.NexusLauncherActivity} numActivities=1 lastActiveTime=86683297 supportsMultiWindow=true resizeMode=2 isResizeable=true minWidth=-1 minHeight=-1 defaultMinSize=220 token=WCT{RemoteToken{50a2c5f Task{b605570 #5 type=home I=com.google.android.apps.nexuslauncher/.NexusLauncherActivity}}} topActivityType=2 pictureInPictureParams=null shouldDockBigOverlays=false launchIntoPipHostTaskId=-1 lastParentTaskIdBeforePip=-1 displayCutoutSafeInsets=Rect(0, 0 - 0, 0) topActivityInfo=ActivityInfo{f5406ac com.google.android.apps.nexuslauncher.NexusLauncherActivity} launchCookies=[] positionInParent=Point(0, 0) parentTaskId=-1 isFocused=true isVisible=false isVisibleRequested=true isTopActivityNoDisplay=false isSleeping=false locusId=LocusId[17_chars] displayAreaFeatureId=1 isTopActivityTransparent=false isActivityStackTransparent=false lastNonFullscreenBounds=Rect(284, 660 - 796, 1740) capturedLink=null capturedLinkTimestamp=0 requestedVisibleTypes=-9 topActivityRequestOpenInBrowserEducationTimestamp=0 appCompatTaskInfo=AppCompatTaskInfo { topActivityInSizeCompat=false eligibleForLetterboxEducation= false isLetterboxEducationEnabled= true isLetterboxDoubleTapEnabled= false eligibleForUserAspectRatioButton= false topActivityBoundsLetterboxed= false isFromLetterboxDoubleTap= false topActivityLetterboxVerticalPosition= -1 topActivityLetterboxHorizontalPosition= -1 topActivityLetterboxWidth=-1 topActivityLetterboxHeight=-1 topActivityAppBounds=Rect(0, 0 - 1080, 2400) isUserFullscreenOverrideEnabled=false isSystemFullscreenOverrideEnabled=false hasMinAspectRatioOverride=false topActivityLetterboxBounds=null cameraCompatTaskInfo=CameraCompatTaskInfo { freeformCameraCompatMode=inactive}} topActivityMainWindowFrame=null}, pipChange = null, remoteTransition = null, displayChange = null, flags = 0, debugId = 403 }
02-19 13:26:49.845   752   794 V WindowManager:     startWCT=WindowContainerTransaction { changes= {} hops= [] errorCallbackToken=null taskFragmentOrganizer=null }
02-19 13:26:49.845   752   794 V WindowManager:     info={id=403 t=OPEN f=0x0 trk=0 r=[0@Point(0, 0)] c=[
02-19 13:26:49.845   752   794 V WindowManager:         {WCT{RemoteToken{5218fe8 Task{dd43522 #1 type=home}}} m=TO_FRONT f=SHOW_WALLPAPER|MOVE_TO_TOP leash=Surface(name=Task=1)/@0x8ddbd2e sb=Rect(0, 0 - 1080, 2400) eb=Rect(0, 0 - 1080, 2400) epz=Point(1080, 2400) d=0 taskParent=-1},
02-19 13:26:49.845   752   794 V WindowManager:         {WCT{RemoteToken{29715c6 Task{fa7be33 #56 type=standard A=10217:viva.republica.toss.test}}} m=TO_BACK f=NONE leash=Surface(name=Task=56)/@0xf76b753 sb=Rect(0, 0 - 1080, 2400) eb=Rect(0, 0 - 1080, 2400) epz=Point(1080, 2400) d=0 taskParent=-1},
02-19 13:26:49.845   752   794 V WindowManager:         {m=TO_FRONT f=IS_WALLPAPER leash=Surface(name=WallpaperWindowToken{35e0c0f showWhenLocked=false})/@0x512f5be sb=Rect(0, 0 - 1080, 2400) eb=Rect(0, 0 - 1080, 2400) epz=Point(1080, 2400) d=0}
02-19 13:26:49.845   752   794 V WindowManager:     ]}
02-19 13:26:49.846  4449 22136 V WindowManagerShell: onTransitionReady(transaction=3229815418534)
02-19 13:26:49.847  4449  4467 V WindowManagerShell: onTransitionReady (#403) android.os.BinderProxy@fe269ae: {id=403 t=OPEN f=0x0 trk=0 r=[0@Point(0, 0)] c=[
02-19 13:26:49.847  4449  4467 V WindowManagerShell:         {m=TO_FRONT f=SHOW_WALLPAPER|MOVE_TO_TOP leash=Surface(name=Task=1)/@0x1aaa7e5 sb=Rect(0, 0 - 1080, 2400) eb=Rect(0, 0 - 1080, 2400) epz=Point(1080, 2400) d=0 taskParent=-1},
02-19 13:26:49.847  4449  4467 V WindowManagerShell:         {m=TO_BACK f=NONE leash=Surface(name=Task=56)/@0x4ef72ba sb=Rect(0, 0 - 1080, 2400) eb=Rect(0, 0 - 1080, 2400) epz=Point(1080, 2400) d=0 taskParent=-1},
02-19 13:26:49.847  4449  4467 V WindowManagerShell:         {m=TO_FRONT f=IS_WALLPAPER leash=Surface(name=WallpaperWindowToken{35e0c0f showWhenLocked=false})/@0x4c4b56b sb=Rect(0, 0 - 1080, 2400) eb=Rect(0, 0 - 1080, 2400) epz=Point(1080, 2400) d=0}
02-19 13:26:49.847  4449  4467 V WindowManagerShell:     ]}
02-19 13:26:49.848  4449  4467 V WindowManagerShell: Playing animation for (#403) android.os.BinderProxy@fe269ae@0
02-19 13:26:49.853  4449  4467 V ShellRecents: RecentsTransitionHandler.startAnimation: no controller found
02-19 13:26:49.853  4449  4467 V WindowManagerShell: Transition doesn't have explicit remote, search filters for match for {id=403 t=OPEN f=0x0 trk=0 r=[0@Point(0, 0)] c=[{m=TO_FRONT f=SHOW_WALLPAPER|MOVE_TO_TOP leash=Surface(name=Task=1)/@0x1aaa7e5 sb=Rect(0, 0 - 1080, 2400) eb=Rect(0, 0 - 1080, 2400) epz=Point(1080, 2400) d=0 taskParent=-1},{m=TO_BACK f=NONE leash=Surface(name=Task=56)/@0x4ef72ba sb=Rect(0, 0 - 1080, 2400) eb=Rect(0, 0 - 1080, 2400) epz=Point(1080, 2400) d=0 taskParent=-1},{m=TO_FRONT f=IS_WALLPAPER leash=Surface(name=WallpaperWindowToken{35e0c0f showWhenLocked=false})/@0x4c4b56b sb=Rect(0, 0 - 1080, 2400) eb=Rect(0, 0 - 1080, 2400) epz=Point(1080, 2400) d=0}]}
02-19 13:26:49.853  4449  4467 V WindowManagerShell:  Checking filter Pair{{types=[] flags=0x0] notFlags=0x0 checks=[{atype=undefined independent=true modes=[CLOSE,TO_BACK] flags=IN_TASK_WITH_EMBEDDED_ACTIVITY mustBeTask=false order=ANY topActivity=null launchCookie=null taskFragmentToken=android.os.BinderProxy@268473d windowingMode=undefined}]} RemoteTransition { remoteTransition = android.window.IRemoteTransition$Stub$Proxy@2491b32, appThread = android.app.IApplicationThread$Stub$Proxy@a160083, debugName = overlayBackTransition }}
02-19 13:26:49.854  4449  4467 V WindowManagerShell:  Checking filter Pair{{types=[] flags=0x0] notFlags=0x0 checks=[{atype=dream independent=true modes=[OPEN,TO_FRONT] flags=NONE mustBeTask=false order=ANY topActivity=null launchCookie=null windowingMode=undefined},{atype=home independent=true modes=[CLOSE,TO_BACK] flags=NONE mustBeTask=false order=ANY topActivity=null launchCookie=null windowingMode=undefined}]} RemoteTransition { remoteTransition = android.window.IRemoteTransition$Stub$Proxy@7d85200, appThread = android.app.IApplicationThread$Stub$Proxy@c171a39, debugName = LauncherToDream }}
02-19 13:26:49.854  4449  4467 V WindowManagerShell:  Checking filter Pair{{types=[] flags=0x0] notFlags=0x100 checks=[{atype=home independent=true modes=[OPEN,TO_FRONT] flags=NONE mustBeTask=false order=TOP topActivity=ComponentInfo{com.google.android.apps.nexuslauncher/com.google.android.apps.nexuslauncher.NexusLauncherActivity} launchCookie=null windowingMode=undefined},{atype=standard independent=true modes=[CLOSE,TO_BACK] flags=NONE mustBeTask=false order=ANY topActivity=null launchCookie=null windowingMode=undefined},{NOT atype=undefined independent=true modes=[] flags=NONE mustBeTask=true order=ANY topActivity=null launchCookie=null customAnim=true windowingMode=undefined}]} RemoteTransition { remoteTransition = android.window.IRemoteTransition$Stub$Proxy@e9b87e, appThread = android.app.IApplicationThread$Stub$Proxy@92e21df, debugName = QuickstepLaunchHome }}
02-19 13:26:49.854  4449  4467 D RemoteTransitionHandler: Found filterPair{{types=[] flags=0x0] notFlags=0x100 checks=[{atype=home independent=true modes=[OPEN,TO_FRONT] flags=NONE mustBeTask=false order=TOP topActivity=ComponentInfo{com.google.android.apps.nexuslauncher/com.google.android.apps.nexuslauncher.NexusLauncherActivity} launchCookie=null windowingMode=undefined},{atype=standard independent=true modes=[CLOSE,TO_BACK] flags=NONE mustBeTask=false order=ANY topActivity=null launchCookie=null windowingMode=undefined},{NOT atype=undefined independent=true modes=[] flags=NONE mustBeTask=true order=ANY topActivity=null launchCookie=null customAnim=true windowingMode=undefined}]} RemoteTransition { remoteTransition = android.window.IRemoteTransition$Stub$Proxy@e9b87e, appThread = android.app.IApplicationThread$Stub$Proxy@92e21df, debugName = QuickstepLaunchHome }}
02-19 13:26:49.854  4449  4467 V WindowManagerShell:  Delegate animation for (#403) to RemoteTransition { remoteTransition = android.window.IRemoteTransition$Stub$Proxy@e9b87e, appThread = android.app.IApplicationThread$Stub$Proxy@92e21df, debugName = QuickstepLaunchHome }
02-19 13:26:49.901  4449  4467 V WindowManagerShell:  animated by com.android.wm.shell.transition.RemoteTransitionHandler@ef09705
02-19 13:26:49.902   617   617 D StateManager: createAtomicAnimation - fromState: Background, toState: Normal, partial trace:
02-19 13:26:49.902   617   617 D StateManager: 	at com.android.quickstep.util.ScalingWorkspaceRevealAnim.<init>(go/retraceme 72a59688580715d19f0e415c69e80376c2f062d1648c80db6730905005a27c20:39)
02-19 13:26:49.902   617   617 D StateManager: 	at com.android.launcher3.QuickstepTransitionManager.createWallpaperOpenAnimations(go/retraceme 72a59688580715d19f0e415c69e80376c2f062d1648c80db6730905005a27c20:168)
02-19 13:26:49.902   617   617 D StateManager: 	at com.android.launcher3.QuickstepTransitionManager$WallpaperOpenLauncherAnimationRunner.onAnimationStart(go/retraceme 72a59688580715d19f0e415c69e80376c2f062d1648c80db6730905005a27c20:17)
02-19 13:26:49.903   617   617 D b/311077782: LauncherAnimationRunner.setAnimation
02-19 13:26:49.925  1971  2198 I AiAiEcho: Predicting[0]:  [CONTEXT sampling_count=5 ]
02-19 13:26:49.929  1971  2198 I AiAiEcho: EchoTargets: 
02-19 13:26:49.929  1971  2198 I AiAiEcho: Filtered by AiAi flag check: 
02-19 13:26:49.929  1971  2198 I AiAiEcho: [CONTEXT ratelimit_period="10 SECONDS" ]
02-19 13:26:49.940 30659 30698 I GmsDebugLogger: [49] 
02-19 13:26:50.042   531   531 I BpBinder: onLastStrongRef automatically unlinking death recipients: 
02-19 13:26:50.242   752   989 I ImeTracker: com.google.android.apps.nexuslauncher:fa7cf7f3: onRequestHide at ORIGIN_SERVER reason HIDE_UNSPECIFIED_WINDOW fromUser false
02-19 13:26:50.247   617   617 D InsetsController: hide(ime(), fromIme=false)
02-19 13:26:50.249   617   617 I ImeTracker: com.google.android.apps.nexuslauncher:fa7cf7f3: onCancelled at PHASE_CLIENT_ALREADY_HIDDEN
02-19 13:26:50.274  1971  2198 I AiAiEcho: #remoteViewsTwiddler: feature disabled.
02-19 13:26:50.432 30659 30663 W gle.android.gms: Suspending all threads took: 180.542ms
02-19 13:26:50.641  1563  1563 I GoogleInputMethodService: GoogleInputMethodService.onFinishInput():2043 
02-19 13:26:50.648   752  1456 I ImeTracker: system_server:3c1dac35: onRequestHide at ORIGIN_SERVER reason IME_REQUESTED_CHANGED_LISTENER fromUser false
02-19 13:26:50.649  1971  2198 I AiAiEcho: #postPredictionTargets: Sending updates to UISurface home with targets# 0 (types=[])
02-19 13:26:50.650   752   797 I ImeTracker: system_server:3c1dac35: onCancelled at PHASE_SERVER_SHOULD_HIDE
02-19 13:26:50.656  1563  1563 I Module  : DeviceLockedStatusModuleProvider$Module.updateDeviceLockedStatus():100 repeatCheckTimes = 0, locked = false
02-19 13:26:50.656  4449 21898 I HWUI    : Davey! duration=748ms; Flags=0, FrameTimelineVsyncId=1369029, IntendedVsync=86683738806174, Vsync=86684072139494, InputEventId=0, HandleInputStart=86684078788664, AnimationStart=86684078789106, PerformTraversalsStart=86684079477307, DrawStart=86684079621688, FrameDeadline=86683888806168, FrameStartTime=86684077924873, FrameInterval=16666666, WorkloadTarget=16666666, SyncQueued=86684080163294, SyncStart=86684080509739, IssueDrawCommandsStart=86684080661801, SwapBuffers=86684326744259, FrameCompleted=86684487468192, DequeueBufferDuration=7300, QueueBufferDuration=604430, GpuCompleted=86684487468192, SwapBuffersCompleted=86684459705907, DisplayPresentTime=0, CommandSubmissionCompleted=86684326744259, 
02-19 13:26:50.662  1563  1563 I GoogleInputMethodService: GoogleInputMethodService.onStartInput():1293 onStartInput(EditorInfo{EditorInfo{packageName=com.google.android.apps.nexuslauncher, inputType=0, inputTypeString=NULL, enableLearning=false, autoCorrection=false, autoComplete=false, imeOptions=0, privateImeOptions=null, actionName=UNSPECIFIED, actionLabel=null, initialSelStart=-1, initialSelEnd=-1, initialCapsMode=0, label=null, fieldId=0, fieldName=null, extras=null, hintText=null, hintLocales=[]}}, false)
02-19 13:26:50.801  1563  1563 I Module  : DeviceLockedStatusModuleProvider$Module.updateDeviceLockedStatus():100 repeatCheckTimes = 1, locked = false
02-19 13:26:50.801  1563  1563 I EmojiCompatManager: EmojiCompatManager.getEmojiCompatIfLoaded():343 EmojiCompat.init() was never called.
02-19 13:26:50.801  1563  1563 I EmojiCompatManager: java.lang.IllegalStateException: EmojiCompat is not initialized. Please call EmojiCompat.init() first
02-19 13:26:50.801  1563  1563 I EmojiCompatManager: 	at asx.p(PG:6)
02-19 13:26:50.801  1563  1563 I EmojiCompatManager: 	at axb.b(PG:13)
02-19 13:26:50.801  1563  1563 I EmojiCompatManager: 	at jnr.b(PG:2)
02-19 13:26:50.801  1563  1563 I EmojiCompatManager: 	at jnr.c(PG:4)
02-19 13:26:50.801  1563  1563 I EmojiCompatManager: 	at jnr.f(PG:3)
02-19 13:26:50.801  1563  1563 I EmojiCompatManager: 	at jnx.c(PG:3)
02-19 13:26:50.801  1563  1563 I EmojiCompatManager: 	at kif.cz(PG:47)
02-19 13:26:50.801  1563  1563 I EmojiCompatManager: 	at lhl.run(PG:1025)
02-19 13:26:50.801  1563  1563 I EmojiCompatManager: 	at jaf.execute(PG:12)
02-19 13:26:50.801  1563  1563 I EmojiCompatManager: 	at nco.v(PG:13)
02-19 13:26:50.801  1563  1563 I EmojiCompatManager: 	at lhn.m(PG:96)
02-19 13:26:50.801  1563  1563 I EmojiCompatManager: 	at lhn.k(PG:25)
02-19 13:26:50.801  1563  1563 I EmojiCompatManager: 	at kgn.onStartInput(PG:250)
02-19 13:26:50.801  1563  1563 I EmojiCompatManager: 	at android.inputmethodservice.InputMethodService.doStartInput(InputMethodService.java:3521)
02-19 13:26:50.801  1563  1563 I EmojiCompatManager: 	at android.inputmethodservice.InputMethodService$InputMethodImpl.startInput(InputMethodService.java:879)
02-19 13:26:50.801  1563  1563 I EmojiCompatManager: 	at android.inputmethodservice.InputMethodService$InputMethodImpl.dispatchStartInput(InputMethodService.java:908)
02-19 13:26:50.801  1563  1563 I EmojiCompatManager: 	at android.inputmethodservice.IInputMethodWrapper.executeMessage(IInputMethodWrapper.java:201)
02-19 13:26:50.801  1563  1563 I EmojiCompatManager: 	at com.android.internal.os.HandlerCaller$MyHandler.handleMessage(HandlerCaller.java:44)
02-19 13:26:50.801  1563  1563 I EmojiCompatManager: 	at android.os.Handler.dispatchMessage(Handler.java:110)
02-19 13:26:50.801  1563  1563 I EmojiCompatManager: 	at android.os.Looper.loopOnce(Looper.java:248)
02-19 13:26:50.801  1563  1563 I EmojiCompatManager: 	at android.os.Looper.loop(Looper.java:338)
02-19 13:26:50.801  1563  1563 I EmojiCompatManager: 	at android.app.ActivityThread.main(ActivityThread.java:9067)
02-19 13:26:50.801  1563  1563 I EmojiCompatManager: 	at java.lang.reflect.Method.invoke(Native Method)
02-19 13:26:50.801  1563  1563 I EmojiCompatManager: 	at com.android.internal.os.RuntimeInit$MethodAndArgsCaller.run(RuntimeInit.java:593)
02-19 13:26:50.801  1563  1563 I EmojiCompatManager: 	at com.android.internal.os.ZygoteInit.main(ZygoteInit.java:932)
02-19 13:26:50.802   752  1935 W PackageConfigPersister: App-specific configuration not found for packageName: com.google.android.apps.nexuslauncher and userId: 0
02-19 13:26:50.887   617   651 I s.nexuslauncher: AssetManager2(0x7d8fac43ef78) locale list changing from [] to [en-US]
02-19 13:26:50.896 30659 30698 I ChimeraConfigurator: Update complete: success
02-19 13:26:50.930   617   617 D ScalingWorkspaceRevealAnim: alpha of workspace at the end of animation: 1.0
02-19 13:26:50.941  4449  4467 V WindowManagerShell: Transition animation finished (aborted=false), notifying core (#403) android.os.BinderProxy@fe269ae@0
02-19 13:26:50.953   752   794 V WindowManager: Finish Transition (#403): created at 02-19 13:26:49.445 collect-started=0.051ms request-sent=7.587ms started=27.363ms ready=27.337ms sent=365.698ms commit=103.971ms finished=1504.097ms
02-19 13:26:50.954 32388 32388 D VRI[GraniteActivity]: visibilityChanged oldVisibility=true newVisibility=false
02-19 13:26:50.956  4449  4467 V WindowManagerShell: Track 0 became idle
02-19 13:26:50.956  4449  4467 V WindowManagerShell: All active transition animations finished
02-19 13:26:51.107  1782  1807 V ClearcutMetricXmitter: Transmission is done.
02-19 13:26:51.112   752   795 W Looper  : Slow dispatch took 156ms android.ui app=system_server main=false group=TOP_APP h=com.android.server.wm.DisplayPolicy$PolicyHandler c=com.android.server.wm.DisplayPolicy$2$$ExternalSyntheticLambda3@f4fb4e4 m=0
02-19 13:26:51.466   752  1935 W ActivityTaskManager: callingPackage for (uid=2000, pid=2480) has no WPC
02-19 13:26:51.467   752  1935 V GrammaticalInflectionUtils: AttributionSource: android.content.AttributionSource@56784557 does not have READ_SYSTEM_GRAMMATICAL_GENDER permission.
02-19 13:26:51.471   752  1935 W OptProp : Cannot read opt property android.window.PROPERTY_COMPAT_ALLOW_USER_ASPECT_RATIO_OVERRIDE
02-19 13:26:51.471   752  1935 W OptProp : Cannot read opt property android.window.PROPERTY_COMPAT_ALLOW_USER_ASPECT_RATIO_FULLSCREEN_OVERRIDE
02-19 13:26:51.472   752  1935 W OptProp : Cannot read opt property android.window.PROPERTY_COMPAT_ALLOW_RESIZEABLE_ACTIVITY_OVERRIDES
02-19 13:26:51.472   752  1935 W OptProp : Cannot read opt property android.window.PROPERTY_COMPAT_ALLOW_MIN_ASPECT_RATIO_OVERRIDE
02-19 13:26:51.494   531   548 I BpBinder: onLastStrongRef automatically unlinking death recipients: 
02-19 13:26:51.597 32388  1012 I ReactNativeJNI: Memory warning (pressure level: TRIM_MEMORY_UI_HIDDEN) received by JS VM, ignoring because it's non-severe
02-19 13:26:51.601 32388  1468 I ReactNativeJNI: Memory warning (pressure level: TRIM_MEMORY_UI_HIDDEN) received by JS VM, ignoring because it's non-severe
02-19 13:26:51.601 32388   315 I ReactNativeJNI: Memory warning (pressure level: TRIM_MEMORY_UI_HIDDEN) received by JS VM, ignoring because it's non-severe
02-19 13:26:51.601 32388  1731 I ReactNativeJNI: Memory warning (pressure level: TRIM_MEMORY_UI_HIDDEN) received by JS VM, ignoring because it's non-severe
02-19 13:26:51.601 32388 32599 I ReactNativeJNI: Memory warning (pressure level: TRIM_MEMORY_UI_HIDDEN) received by JS VM, ignoring because it's non-severe
02-19 13:26:51.601 32388  2041 I ReactNativeJNI: Memory warning (pressure level: TRIM_MEMORY_UI_HIDDEN) received by JS VM, ignoring because it's non-severe
02-19 13:26:51.602 32388  2322 I ReactNativeJNI: Memory warning (pressure level: TRIM_MEMORY_UI_HIDDEN) received by JS VM, ignoring because it's non-severe
02-19 13:26:51.610   752  1935 I ActivityTaskManager: START u0 {act=android.intent.action.VIEW dat=intoss://takealook/... flg=0x10000000 xflg=0x4 pkg=viva.republica.toss.test cmp=viva.republica.toss.test/.MiniAppSchemeActivity} with LAUNCH_MULTIPLE from uid 2000 (BAL_ALLOW_PERMISSION) result code=2
02-19 13:26:51.626  4449  4467 V WindowManagerShell: Transition requested (#404): android.os.BinderProxy@37728e0 TransitionRequestInfo { type = OPEN, triggerTask = TaskInfo{userId=0 taskId=56 effectiveUid=10217 displayId=0 isRunning=true baseIntent=Intent { act=android.intent.action.VIEW dat=intoss://takealook/... flg=0x10000000 pkg=viva.republica.toss.test cmp=viva.republica.toss.test/.MiniAppSchemeActivity } baseActivity=ComponentInfo{viva.republica.toss.test/im.toss.rn.granite.core.GraniteActivity} topActivity=ComponentInfo{viva.republica.toss.test/im.toss.rn.granite.core.GraniteActivity} origActivity=null realActivity=ComponentInfo{viva.republica.toss.test/viva.republica.toss.test.MiniAppSchemeActivity} numActivities=7 lastActiveTime=86683294 supportsMultiWindow=true resizeMode=1 isResizeable=true minWidth=-1 minHeight=-1 defaultMinSize=220 token=WCT{android.window.IWindowContainerToken$Stub$Proxy@570d799} topActivityType=1 pictureInPictureParams=null shouldDockBigOverlays=false launchIntoPipHostTaskId=-1 lastParentTaskIdBeforePip=-1 displayCutoutSafeInsets=Rect(0, 0 - 0, 0) topActivityInfo=ActivityInfo{c129a5e im.toss.rn.granite.core.GraniteActivity} launchCookies=[] positionInParent=Point(0, 0) parentTaskId=-1 isFocused=false isVisible=false isVisibleRequested=false isTopActivityNoDisplay=false isSleeping=false locusId=null displayAreaFeatureId=1 isTopActivityTransparent=false isActivityStackTransparent=false lastNonFullscreenBounds=Rect(284, 660 - 796, 1740) capturedLink=null capturedLinkTimestamp=0 requestedVisibleTypes=-9 topActivityRequestOpenInBrowserEducationTimestamp=0 appCompatTaskInfo=AppCompatTaskInfo { topActivityInSizeCompat=false eligibleForLetterboxEducation= false isLetterboxEducationEnabled= true isLetterboxDoubleTapEnabled= false eligibleForUserAspectRatioButton= false topActivityBoundsLetterboxed= false isFromLetterboxDoubleTap= false topActivityLetterboxVerticalPosition= -1 topActivityLetterboxHorizontalPosition= -1 topActivityLetterboxWidth=-1 topActivityLetterboxHeight=-1 topActivityAppBounds=Rect(0, 0 - 1080, 2400) isUserFullscreenOverrideEnabled=false isSystemFullscreenOverrideEnabled=false hasMinAspectRatioOverride=false topActivityLetterboxBounds=null cameraCompatTaskInfo=CameraCompatTaskInfo { freeformCameraCompatMode=inactive}} topActivityMainWindowFrame=null}, pipChange = null, remoteTransition = null, displayChange = null, flags = 0, debugId = 404 }
02-19 13:26:51.627  4449  4467 D ShellSplitScreen: logExit: no-op, mLoggerSessionId is null
02-19 13:26:51.628  4449  4474 V SnapshotDrawerUtils: Drawing snapshot surface sizeMismatch=true
02-19 13:26:51.629   617   617 W SplitSelectStateCtor: Missing session instanceIds
02-19 13:26:51.629   617   617 D StatsLog: LAUNCHER_SPLIT_SELECTION_EXIT_INTERRUPTED
02-19 13:26:51.631  4449  4467 D WindowManagerShell: onActivityRestartAttempt: topActivity=ComponentInfo{viva.republica.toss.test/im.toss.rn.granite.core.GraniteActivity}, wasVisible=false
02-19 13:26:51.651  4449  4467 D WindowManagerShell: setLauncherKeepClearAreaHeight: visible=false, height=527
02-19 13:26:51.653   752  1095 D BackgroundInstallControlService: Package event received: 0
02-19 13:26:51.653   752  1095 D BackgroundInstallControlService: Package event received: 0
02-19 13:26:51.653   752  1095 D BackgroundInstallControlService: Package event received: 0
02-19 13:26:51.653   752  1095 D BackgroundInstallControlService: Package event received: 0
02-19 13:26:51.653   752  1095 D BackgroundInstallControlService: Package event received: 0
02-19 13:26:51.653   752  1095 D BackgroundInstallControlService: Package event received: 0
02-19 13:26:51.659   617   651 W HWUI    : Image decoding logging dropped!
02-19 13:26:51.661   531   531 I BpBinder: onLastStrongRef automatically unlinking death recipients: 
02-19 13:26:51.662  4449 22136 V WindowManagerShell: onTransitionReady(transaction=3229815418553)
02-19 13:26:51.663  4449  4467 V WindowManagerShell: onTransitionReady (#404) android.os.BinderProxy@37728e0: {id=404 t=OPEN f=0x0 trk=0 r=[0@Point(0, 0)] c=[
02-19 13:26:51.663  4449  4467 V WindowManagerShell:         {m=TO_FRONT f=MOVE_TO_TOP leash=Surface(name=Task=56)/@0x96e5455 sb=Rect(0, 0 - 1080, 2400) eb=Rect(0, 0 - 1080, 2400) epz=Point(1080, 2400) d=0 taskParent=-1},
02-19 13:26:51.663  4449  4467 V WindowManagerShell:         {m=TO_BACK f=SHOW_WALLPAPER leash=Surface(name=Task=1)/@0x69fe6a sb=Rect(0, 0 - 1080, 2400) eb=Rect(0, 0 - 1080, 2400) epz=Point(1080, 2400) d=0 taskParent=-1},
02-19 13:26:51.663  4449  4467 V WindowManagerShell:         {m=TO_BACK f=IS_WALLPAPER leash=Surface(name=WallpaperWindowToken{35e0c0f showWhenLocked=false})/@0x8a1cf5b sb=Rect(0, 0 - 1080, 2400) eb=Rect(0, 0 - 1080, 2400) epz=Point(1080, 2400) d=0}
02-19 13:26:51.663  4449  4467 V WindowManagerShell:     ]}
02-19 13:26:51.663   752   794 V WindowManager: Sent Transition (#404) createdAt=02-19 13:26:51.472 via request=TransitionRequestInfo { type = OPEN, triggerTask = TaskInfo{userId=0 taskId=56 effectiveUid=10217 displayId=0 isRunning=true baseIntent=Intent { act=android.intent.action.VIEW dat=intoss://takealook/... flg=0x10000000 pkg=viva.republica.toss.test cmp=viva.republica.toss.test/.MiniAppSchemeActivity } baseActivity=ComponentInfo{viva.republica.toss.test/im.toss.rn.granite.core.GraniteActivity} topActivity=ComponentInfo{viva.republica.toss.test/im.toss.rn.granite.core.GraniteActivity} origActivity=null realActivity=ComponentInfo{viva.republica.toss.test/viva.republica.toss.test.MiniAppSchemeActivity} numActivities=7 lastActiveTime=86683294 supportsMultiWindow=true resizeMode=1 isResizeable=true minWidth=-1 minHeight=-1 defaultMinSize=220 token=WCT{RemoteToken{29715c6 Task{fa7be33 #56 type=standard A=10217:viva.republica.toss.test}}} topActivityType=1 pictureInPictureParams=null shouldDockBigOverlays=false launchIntoPipHostTaskId=-1 lastParentTaskIdBeforePip=-1 displayCutoutSafeInsets=Rect(0, 0 - 0, 0) topActivityInfo=ActivityInfo{6d440b9 im.toss.rn.granite.core.GraniteActivity} launchCookies=[] positionInParent=Point(0, 0) parentTaskId=-1 isFocused=false isVisible=false isVisibleRequested=false isTopActivityNoDisplay=false isSleeping=false locusId=null displayAreaFeatureId=1 isTopActivityTransparent=false isActivityStackTransparent=false lastNonFullscreenBounds=Rect(284, 660 - 796, 1740) capturedLink=null capturedLinkTimestamp=0 requestedVisibleTypes=-9 topActivityRequestOpenInBrowserEducationTimestamp=0 appCompatTaskInfo=AppCompatTaskInfo { topActivityInSizeCompat=false eligibleForLetterboxEducation= false isLetterboxEducationEnabled= true isLetterboxDoubleTapEnabled= false eligibleForUserAspectRatioButton= false topActivityBoundsLetterboxed= false isFromLetterboxDoubleTap= false topActivityLetterboxVerticalPosition= -1 topActivityLetterboxHorizontalPosition= -1 topActivityLetterboxWidth=-1 topActivityLetterboxHeight=-1 topActivityAppBounds=Rect(0, 0 - 1080, 2400) isUserFullscreenOverrideEnabled=false isSystemFullscreenOverrideEnabled=false hasMinAspectRatioOverride=false topActivityLetterboxBounds=null cameraCompatTaskInfo=CameraCompatTaskInfo { freeformCameraCompatMode=inactive}} topActivityMainWindowFrame=null}, pipChange = null, remoteTransition = null, displayChange = null, flags = 0, debugId = 404 }
02-19 13:26:51.664   752   794 V WindowManager:     startWCT=WindowContainerTransaction { changes= {} hops= [] errorCallbackToken=null taskFragmentOrganizer=null }
02-19 13:26:51.664   752   794 V WindowManager:     info={id=404 t=OPEN f=0x0 trk=0 r=[0@Point(0, 0)] c=[
02-19 13:26:51.664   752   794 V WindowManager:         {WCT{RemoteToken{29715c6 Task{fa7be33 #56 type=standard A=10217:viva.republica.toss.test}}} m=TO_FRONT f=MOVE_TO_TOP leash=Surface(name=Task=56)/@0xf76b753 sb=Rect(0, 0 - 1080, 2400) eb=Rect(0, 0 - 1080, 2400) epz=Point(1080, 2400) d=0 taskParent=-1},
02-19 13:26:51.664   752   794 V WindowManager:         {WCT{RemoteToken{5218fe8 Task{dd43522 #1 type=home}}} m=TO_BACK f=SHOW_WALLPAPER leash=Surface(name=Task=1)/@0x8ddbd2e sb=Rect(0, 0 - 1080, 2400) eb=Rect(0, 0 - 1080, 2400) epz=Point(1080, 2400) d=0 taskParent=-1},
02-19 13:26:51.664   752   794 V WindowManager:         {m=TO_BACK f=IS_WALLPAPER leash=Surface(name=WallpaperWindowToken{35e0c0f showWhenLocked=false})/@0x512f5be sb=Rect(0, 0 - 1080, 2400) eb=Rect(0, 0 - 1080, 2400) epz=Point(1080, 2400) d=0}
02-19 13:26:51.664   752   794 V WindowManager:     ]}
02-19 13:26:51.664  4449  4467 V WindowManagerShell: Playing animation for (#404) android.os.BinderProxy@37728e0@0
02-19 13:26:51.665  4449  4467 V ShellRecents: RecentsTransitionHandler.startAnimation: no controller found
02-19 13:26:51.665  4449  4467 V WindowManagerShell: Transition doesn't have explicit remote, search filters for match for {id=404 t=OPEN f=0x0 trk=0 r=[0@Point(0, 0)] c=[{m=TO_FRONT f=MOVE_TO_TOP leash=Surface(name=Task=56)/@0x96e5455 sb=Rect(0, 0 - 1080, 2400) eb=Rect(0, 0 - 1080, 2400) epz=Point(1080, 2400) d=0 taskParent=-1},{m=TO_BACK f=SHOW_WALLPAPER leash=Surface(name=Task=1)/@0x69fe6a sb=Rect(0, 0 - 1080, 2400) eb=Rect(0, 0 - 1080, 2400) epz=Point(1080, 2400) d=0 taskParent=-1},{m=TO_BACK f=IS_WALLPAPER leash=Surface(name=WallpaperWindowToken{35e0c0f showWhenLocked=false})/@0x8a1cf5b sb=Rect(0, 0 - 1080, 2400) eb=Rect(0, 0 - 1080, 2400) epz=Point(1080, 2400) d=0}]}
02-19 13:26:51.666  4449  4467 V WindowManagerShell:  Checking filter Pair{{types=[] flags=0x0] notFlags=0x0 checks=[{atype=undefined independent=true modes=[CLOSE,TO_BACK] flags=IN_TASK_WITH_EMBEDDED_ACTIVITY mustBeTask=false order=ANY topActivity=null launchCookie=null taskFragmentToken=android.os.BinderProxy@268473d windowingMode=undefined}]} RemoteTransition { remoteTransition = android.window.IRemoteTransition$Stub$Proxy@2491b32, appThread = android.app.IApplicationThread$Stub$Proxy@a160083, debugName = overlayBackTransition }}
02-19 13:26:51.667  4449  4467 V WindowManagerShell:  Checking filter Pair{{types=[] flags=0x0] notFlags=0x0 checks=[{atype=dream independent=true modes=[OPEN,TO_FRONT] flags=NONE mustBeTask=false order=ANY topActivity=null launchCookie=null windowingMode=undefined},{atype=home independent=true modes=[CLOSE,TO_BACK] flags=NONE mustBeTask=false order=ANY topActivity=null launchCookie=null windowingMode=undefined}]} RemoteTransition { remoteTransition = android.window.IRemoteTransition$Stub$Proxy@7d85200, appThread = android.app.IApplicationThread$Stub$Proxy@c171a39, debugName = LauncherToDream }}
02-19 13:26:51.667  4449  4467 V WindowManagerShell:  Checking filter Pair{{types=[] flags=0x0] notFlags=0x100 checks=[{atype=home independent=true modes=[OPEN,TO_FRONT] flags=NONE mustBeTask=false order=TOP topActivity=ComponentInfo{com.google.android.apps.nexuslauncher/com.google.android.apps.nexuslauncher.NexusLauncherActivity} launchCookie=null windowingMode=undefined},{atype=standard independent=true modes=[CLOSE,TO_BACK] flags=NONE mustBeTask=false order=ANY topActivity=null launchCookie=null windowingMode=undefined},{NOT atype=undefined independent=true modes=[] flags=NONE mustBeTask=true order=ANY topActivity=null launchCookie=null customAnim=true windowingMode=undefined}]} RemoteTransition { remoteTransition = android.window.IRemoteTransition$Stub$Proxy@e9b87e, appThread = android.app.IApplicationThread$Stub$Proxy@92e21df, debugName = QuickstepLaunchHome }}
02-19 13:26:51.668  4449  4467 V WindowManagerShell:  Checking filter Pair{{types=[] flags=0x0] notFlags=0x0 checks=[{atype=undefined independent=true modes=[CLOSE,TO_BACK] flags=IN_TASK_WITH_EMBEDDED_ACTIVITY mustBeTask=false order=ANY topActivity=null launchCookie=null taskFragmentToken=android.os.BinderProxy@268473d windowingMode=undefined}]} RemoteTransition { remoteTransition = android.window.IRemoteTransition$Stub$Proxy@2767ac7, appThread = android.app.IApplicationThread$Stub$Proxy@2c518f4, debugName = overlayBackTransition }}
02-19 13:26:51.668  4449  4467 V WindowManagerShell:  Checking filter Pair{{types=[] flags=0x0] notFlags=0x0 checks=[{atype=dream independent=true modes=[OPEN,TO_FRONT] flags=NONE mustBeTask=false order=ANY topActivity=null launchCookie=null windowingMode=undefined},{atype=home independent=true modes=[CLOSE,TO_BACK] flags=NONE mustBeTask=false order=ANY topActivity=null launchCookie=null windowingMode=undefined}]} RemoteTransition { remoteTransition = android.window.IRemoteTransition$Stub$Proxy@c3e281d, appThread = android.app.IApplicationThread$Stub$Proxy@a1e1a92, debugName = LauncherToDream }}
02-19 13:26:51.668  4449  4467 V WindowManagerShell:  Checking filter Pair{{types=[] flags=0x0] notFlags=0x100 checks=[{atype=home independent=true modes=[OPEN,TO_FRONT] flags=NONE mustBeTask=false order=TOP topActivity=ComponentInfo{com.google.android.apps.nexuslauncher/com.google.android.apps.nexuslauncher.NexusLauncherActivity} launchCookie=null windowingMode=undefined},{atype=standard independent=true modes=[CLOSE,TO_BACK] flags=NONE mustBeTask=false order=ANY topActivity=null launchCookie=null windowingMode=undefined},{NOT atype=undefined independent=true modes=[] flags=NONE mustBeTask=true order=ANY topActivity=null launchCookie=null customAnim=true windowingMode=undefined}]} RemoteTransition { remoteTransition = android.window.IRemoteTransition$Stub$Proxy@9d5fc63, appThread = android.app.IApplicationThread$Stub$Proxy@a94d060, debugName = QuickstepLaunchHome }}
02-19 13:26:51.669  4449  4467 V WindowManagerShell:  Delegate animation for (#404) to null
02-19 13:26:51.669  4449  4467 V WindowManagerShell: start default transition animation, info = {id=404 t=OPEN f=0x0 trk=0 r=[0@Point(0, 0)] c=[{m=TO_FRONT f=MOVE_TO_TOP leash=Surface(name=Task=56)/@0x96e5455 sb=Rect(0, 0 - 1080, 2400) eb=Rect(0, 0 - 1080, 2400) epz=Point(1080, 2400) d=0 taskParent=-1},{m=TO_BACK f=SHOW_WALLPAPER leash=Surface(name=Task=1)/@0x69fe6a sb=Rect(0, 0 - 1080, 2400) eb=Rect(0, 0 - 1080, 2400) epz=Point(1080, 2400) d=0 taskParent=-1},{m=TO_BACK f=IS_WALLPAPER leash=Surface(name=WallpaperWindowToken{35e0c0f showWhenLocked=false})/@0x8a1cf5b sb=Rect(0, 0 - 1080, 2400) eb=Rect(0, 0 - 1080, 2400) epz=Point(1080, 2400) d=0}]}
02-19 13:26:51.670  4449  4467 V WindowManagerShell: loadAnimation: anim=android.view.animation.AnimationSet@28ce0d1 animAttr=0x13 type=OPEN isEntrance=false
02-19 13:26:51.671  4449  4467 V WindowManagerShell: loadAnimation: anim=android.view.animation.AnimationSet@5219736 animAttr=0x12 type=OPEN isEntrance=true
02-19 13:26:51.675  4449  4467 V WindowManagerShell:  animated by com.android.wm.shell.transition.DefaultTransitionHandler@f74d823
02-19 13:26:51.733 30659 30698 I GmsModuleFndr: Beginning GMS chimera module scan
02-19 13:26:51.767 30659 30698 I ModuleSetResolution: Computing pending module set with APKs: [[AdsFdrDynamite.integ:254380203100000], [Appsearch.optional:250834100800], [Appsearch.optional:260438100800], [MapsCoreDynamite.integ:245125201100800], [MapsCoreDynamite.integ:254515602100800], [MlkitBarcodeUi.optional:250834100800], [MlkitBarcodeUi.optional:260438100800], [MlkitOcrCommon.optional:250834100800], [MlkitOcrCommon.optional:260438100800], [PlayCloudSearch.optional:250834100000], [PlayCloudSearch.optional:260438100000], [TfliteDynamiteDynamite.integ:252130102100800], [VisionBarcode.optional:250834100800], [VisionBarcode.optional:260438100800], [VisionOcr.optional:250834100000], [VisionOcr.optional:260438100000], [Wasmlibs.optional:250834100800], [AdsFdrDynamite.integ:253405700100000], [Cronetdynamite:260438260800], [Dynamiteloader:260438260000], [Dynamitemodulesa:260438260000], [Dynamitemodulesc:260438260000], [Googlecertificates:260438260000], [Mapsdynamite:260438260000], [Measurementdynamite:260438260000]]
02-19 13:26:51.780 32388 32388 W blica.toss.test: Weak pointer dereference blocked for 39 milliseconds.
02-19 13:26:51.796   617   617 D SsBaseTemplateCard: No text view can be set up
02-19 13:26:51.796   617   617 D SsBaseTemplateCard: Passed-in item info is null
02-19 13:26:51.796   617   617 D SsBaseTemplateCard: Passed-in item info is null
02-19 13:26:51.796   617   617 D SsBaseTemplateCard: Passed-in item info is null
02-19 13:26:51.797   617   617 I SsBaseTemplateCard: Secondary card pane is null
02-19 13:26:51.802 30659 30698 I ModuleSetResolution: Pending container module APKs: [[Appsearch.optional:260438100800], [MapsCoreDynamite.integ:254515602100800], [MlkitBarcodeUi.optional:260438100800], [MlkitOcrCommon.optional:260438100800], [PlayCloudSearch.optional:260438100000], [VisionBarcode.optional:260438100800], [VisionOcr.optional:260438100000]]
02-19 13:26:51.804 30659 30698 I ModuleSetResolution: Pending non-container module APKs: [[TfliteDynamiteDynamite.integ:252130102100800], [AdsFdrDynamite.integ:254380203100000]]
02-19 13:26:51.984  4449  4467 V WindowManagerShell: Transition animation finished (aborted=false), notifying core (#404) android.os.BinderProxy@37728e0@0
02-19 13:26:51.996   752   794 V WindowManager: Finish Transition (#404): created at 02-19 13:26:51.472 collect-started=3.135ms request-sent=136.87ms started=156.666ms ready=185.215ms sent=187.284ms commit=72.569ms finished=519.632ms
02-19 13:26:52.013   617   617 D VRI[NexusLauncherActivity]: visibilityChanged oldVisibility=true newVisibility=false
02-19 13:26:52.164   617   617 D NexusLauncherModelDelegate: notifySmartspaceEvent: SmartspaceTargetEvent{mSmartspaceTarget=null, mSmartspaceActionId='null', mEventType=7}
02-19 13:26:52.187  4449  4467 V WindowManagerShell: Track 0 became idle
02-19 13:26:52.195  4449  4467 V WindowManagerShell: All active transition animations finished
02-19 13:26:52.204 30659 30662 W gle.android.gms: Missing inline cache for azij azik.b(android.content.Context, java.util.Map, azit)
02-19 13:26:52.435   752   752 W Looper  : Slow delivery took 229ms main app=system_server main=true group=FOREGROUND h=android.os.Handler c=<recycled PooledLambda@6e39c2> m=0
02-19 13:26:52.437 32388 32393 I blica.toss.test: CollectorTransition concurrent mark compact GC freed 6405KB AllocSpace bytes, 7(204KB) LOS objects, 49% free, 24MB/48MB, paused 2.975ms,38.985ms total 1.343s
02-19 13:26:52.919 30659 30698 I AconfigFlags: Using new flag storage
02-19 13:26:53.252 32388 32388 D ViewRootImpl: Skipping stats log for color mode
02-19 13:26:53.294 32388  2495 W unknown:ReconnectingWebSocket: Couldn't connect to "ws://10.0.2.2:8081/message?device=sdk_gphone64_x86_64%20-%2016%20-%20API%2036&app=viva.republica.toss.test&clientid=BridgeDevSupportManager", will silently retry
02-19 13:26:53.301 30659 30698 V Configuration: Updating configuration, locales updated from [] to [en_US]
02-19 13:26:53.301 30659 30698 I gle.android.gms: AssetManager2(0x7d8fac42f258) locale list changing from [] to [en-US]
02-19 13:26:53.341 32388 32388 I Choreographer: Skipped 70 frames!  The application may be doing too much work on its main thread.
02-19 13:26:53.438   617   617 D BaseDepthController: setSurface:
02-19 13:26:53.438   617   617 D BaseDepthController: 	mWaitingOnSurfaceValidity: false
02-19 13:26:53.438   617   617 D BaseDepthController: 	mBaseSurface: null
02-19 13:26:53.438   617   617 D BaseDepthController: mSurface is null and mCurrentBlur is: 0
02-19 13:26:53.459 32388 32397 E FrameEvents: addRelease: Did not find frame.
02-19 13:26:53.460 32388 32397 I HWUI    : Davey! duration=1284ms; Flags=1, FrameTimelineVsyncId=1369686, IntendedVsync=86686005472750, Vsync=86687172139370, InputEventId=0, HandleInputStart=86687188301959, AnimationStart=86687188303252, PerformTraversalsStart=86687189026391, DrawStart=86687245309047, FrameDeadline=86686022139416, FrameStartTime=86687187821208, FrameInterval=16666666, WorkloadTarget=16666666, SyncQueued=86687248524379, SyncStart=86687249236529, IssueDrawCommandsStart=86687249942014, SwapBuffers=86687256852318, FrameCompleted=86687290342098, DequeueBufferDuration=10237, QueueBufferDuration=3279524, GpuCompleted=86687290342098, SwapBuffersCompleted=86687268912445, DisplayPresentTime=0, CommandSubmissionCompleted=86687256852318, 
02-19 13:26:53.577   617   617 D StateManager: goToState - fromState: Normal, toState: Normal, partial trace:
02-19 13:26:53.577   617   617 D StateManager: 	at com.android.launcher3.statemanager.StateManager.moveToRestState(go/retraceme 72a59688580715d19f0e415c69e80376c2f062d1648c80db6730905005a27c20:4)
02-19 13:26:53.577   617   617 D StateManager: 	at com.android.launcher3.statemanager.StateManager.moveToRestState(go/retraceme 72a59688580715d19f0e415c69e80376c2f062d1648c80db6730905005a27c20:1)
02-19 13:26:53.577   617   617 D StateManager: 	at com.android.launcher3.statemanager.StatefulActivity.onStop(go/retraceme 72a59688580715d19f0e415c69e80376c2f062d1648c80db6730905005a27c20:34)
02-19 13:26:53.577   617   617 D StatsLog: LAUNCHER_ONSTOP
02-19 13:26:53.578   617   617 D StatsLog: LAUNCHER_GOOGLE_SEARCH_RESTORE_LIST_SIZE_AFTER_ACTIVITY_RESTART
02-19 13:26:53.579   752   794 W Looper  : Slow dispatch took 146ms android.fg app=system_server main=false group=FOREGROUND h=android.os.Handler c=com.android.server.wm.ActivityMetricsLogger$$ExternalSyntheticLambda0@bae383c m=0
02-19 13:26:53.597   752  1095 D BackgroundInstallControlService: Package event received: 0
02-19 13:26:53.598   752   752 W Looper  : Drained
02-19 13:26:53.716   752  2505 I ActivityTaskManager: Activity reported stop, but no longer stopping: ActivityRecord{111705828 u0 viva.republica.toss.test/im.toss.rn.granite.core.GraniteActivity t56} RESUMED
02-19 13:26:53.906   531   531 E SurfaceFlinger: Out of order buffers detected for RequestedLayerState{viva.republica.toss.test/im.toss.rn.granite.core.GraniteActivity#3412 parentId=3389} producedId=28 frameNumber=18 -> producedId=28 frameNumber=2
02-19 13:26:53.961   752   989 I ImeTracker: viva.republica.toss.test:6b3efa5f: onRequestHide at ORIGIN_SERVER reason HIDE_UNSPECIFIED_WINDOW fromUser false
02-19 13:26:53.966  1563  1563 I GoogleInputMethodService: GoogleInputMethodService.onFinishInput():2043 
02-19 13:26:53.968  1563  1563 I Module  : DeviceLockedStatusModuleProvider$Module.updateDeviceLockedStatus():100 repeatCheckTimes = 0, locked = false
02-19 13:26:53.970  1563  1563 I GoogleInputMethodService: GoogleInputMethodService.onStartInput():1293 onStartInput(EditorInfo{EditorInfo{packageName=viva.republica.toss.test, inputType=0, inputTypeString=NULL, enableLearning=false, autoCorrection=false, autoComplete=false, imeOptions=0, privateImeOptions=null, actionName=UNSPECIFIED, actionLabel=null, initialSelStart=-1, initialSelEnd=-1, initialCapsMode=0, label=null, fieldId=0, fieldName=null, extras=null, hintText=null, hintLocales=[]}}, false)
02-19 13:26:53.971   752  1987 I ImeTracker: system_server:b132aa47: onRequestHide at ORIGIN_SERVER reason IME_REQUESTED_CHANGED_LISTENER fromUser false
02-19 13:26:53.972  1563  1563 I Module  : DeviceLockedStatusModuleProvider$Module.updateDeviceLockedStatus():100 repeatCheckTimes = 1, locked = false
02-19 13:26:53.972   752   797 I ImeTracker: system_server:b132aa47: onCancelled at PHASE_SERVER_SHOULD_HIDE
02-19 13:26:53.974 32388 32388 D InsetsController: hide(ime(), fromIme=false)
02-19 13:26:53.975 32388 32388 I ImeTracker: viva.republica.toss.test:6b3efa5f: onCancelled at PHASE_CLIENT_ALREADY_HIDDEN
02-19 13:26:53.977  1563  1563 I EmojiCompatManager: EmojiCompatManager.getEmojiCompatIfLoaded():343 EmojiCompat.init() was never called.
02-19 13:26:53.977  1563  1563 I EmojiCompatManager: java.lang.IllegalStateException: EmojiCompat is not initialized. Please call EmojiCompat.init() first
02-19 13:26:53.977  1563  1563 I EmojiCompatManager: 	at asx.p(PG:6)
02-19 13:26:53.977  1563  1563 I EmojiCompatManager: 	at axb.b(PG:13)
02-19 13:26:53.977  1563  1563 I EmojiCompatManager: 	at jnr.b(PG:2)
02-19 13:26:53.977  1563  1563 I EmojiCompatManager: 	at jnr.c(PG:4)
02-19 13:26:53.977  1563  1563 I EmojiCompatManager: 	at jnr.f(PG:3)
02-19 13:26:53.977  1563  1563 I EmojiCompatManager: 	at jnx.c(PG:3)
02-19 13:26:53.977  1563  1563 I EmojiCompatManager: 	at kif.cz(PG:47)
02-19 13:26:53.977  1563  1563 I EmojiCompatManager: 	at lhl.run(PG:1025)
02-19 13:26:53.977  1563  1563 I EmojiCompatManager: 	at jaf.execute(PG:12)
02-19 13:26:53.977  1563  1563 I EmojiCompatManager: 	at nco.v(PG:13)
02-19 13:26:53.977  1563  1563 I EmojiCompatManager: 	at lhn.m(PG:96)
02-19 13:26:53.977  1563  1563 I EmojiCompatManager: 	at lhn.k(PG:25)
02-19 13:26:53.977  1563  1563 I EmojiCompatManager: 	at kgn.onStartInput(PG:250)
02-19 13:26:53.977  1563  1563 I EmojiCompatManager: 	at android.inputmethodservice.InputMethodService.doStartInput(InputMethodService.java:3521)
02-19 13:26:53.977  1563  1563 I EmojiCompatManager: 	at android.inputmethodservice.InputMethodService$InputMethodImpl.startInput(InputMethodService.java:879)
02-19 13:26:53.977  1563  1563 I EmojiCompatManager: 	at android.inputmethodservice.InputMethodService$InputMethodImpl.dispatchStartInput(InputMethodService.java:908)
02-19 13:26:53.977  1563  1563 I EmojiCompatManager: 	at android.inputmethodservice.IInputMethodWrapper.executeMessage(IInputMethodWrapper.java:201)
02-19 13:26:53.977  1563  1563 I EmojiCompatManager: 	at com.android.internal.os.HandlerCaller$MyHandler.handleMessage(HandlerCaller.java:44)
02-19 13:26:53.977  1563  1563 I EmojiCompatManager: 	at android.os.Handler.dispatchMessage(Handler.java:110)
02-19 13:26:53.977  1563  1563 I EmojiCompatManager: 	at android.os.Looper.loopOnce(Looper.java:248)
02-19 13:26:53.977  1563  1563 I EmojiCompatManager: 	at android.os.Looper.loop(Looper.java:338)
02-19 13:26:53.977  1563  1563 I EmojiCompatManager: 	at android.app.ActivityThread.main(ActivityThread.java:9067)
02-19 13:26:53.977  1563  1563 I EmojiCompatManager: 	at java.lang.reflect.Method.invoke(Native Method)
02-19 13:26:53.977  1563  1563 I EmojiCompatManager: 	at com.android.internal.os.RuntimeInit$MethodAndArgsCaller.run(RuntimeInit.java:593)
02-19 13:26:53.977  1563  1563 I EmojiCompatManager: 	at com.android.internal.os.ZygoteInit.main(ZygoteInit.java:932)
02-19 13:26:53.978   752  1987 W PackageConfigPersister: App-specific configuration not found for packageName: viva.republica.toss.test and userId: 0
02-19 13:26:54.038 30659 30698 V Configuration: Updating configuration, locales updated from [] to [en_US]
02-19 13:26:54.039 30659 30698 I gle.android.gms: AssetManager2(0x7d8fac42f258) locale list changing from [] to [en-US]
02-19 13:26:54.043   531   531 E SurfaceFlinger: Out of order buffers detected for RequestedLayerState{viva.republica.toss.test/im.toss.rn.granite.core.GraniteActivity#3412 parentId=3389} producedId=28 frameNumber=18 -> producedId=28 frameNumber=3
02-19 13:26:54.113 30659 30698 V Configuration: Updating configuration, locales updated from [] to [en_US]
02-19 13:26:54.113 30659 30698 I gle.android.gms: AssetManager2(0x7d8fac42f258) locale list changing from [] to [en-US]
02-19 13:26:54.253 30659 30698 V Configuration: Updating configuration, locales updated from [] to [en_US]
02-19 13:26:54.253 30659 30698 I gle.android.gms: AssetManager2(0x7d8fac42f258) locale list changing from [] to [en-US]
02-19 13:26:54.552   752  1856 E TaskPersister: File error accessing recents directory (directory doesn't exist?).
02-19 13:26:54.737 30659 30698 V Configuration: Updating configuration, locales updated from [] to [en_US]
02-19 13:26:54.737 30659 30698 I gle.android.gms: AssetManager2(0x7d8fac42f258) locale list changing from [] to [en-US]
02-19 13:26:54.834 30659 30698 V Configuration: Updating configuration, locales updated from [] to [en_US]
02-19 13:26:54.835 30659 30698 I gle.android.gms: AssetManager2(0x7d8fac42f258) locale list changing from [] to [en-US]
02-19 13:26:54.978   531   531 E SurfaceFlinger: Out of order buffers detected for RequestedLayerState{viva.republica.toss.test/im.toss.rn.granite.core.GraniteActivity#3412 parentId=3389} producedId=28 frameNumber=18 -> producedId=28 frameNumber=4
02-19 13:26:54.982 30659 30698 V Configuration: Updating configuration, locales updated from [] to [en_US]
02-19 13:26:54.983 30659 30698 I gle.android.gms: AssetManager2(0x7d8fac42f258) locale list changing from [] to [en-US]
02-19 13:26:55.028   531   531 E SurfaceFlinger: Out of order buffers detected for RequestedLayerState{viva.republica.toss.test/im.toss.rn.granite.core.GraniteActivity#3412 parentId=3389} producedId=28 frameNumber=18 -> producedId=28 frameNumber=5
02-19 13:26:55.040 30659 30698 V Configuration: Updating configuration, locales updated from [] to [en_US]
02-19 13:26:55.041 30659 30698 I gle.android.gms: AssetManager2(0x7d8fac42f258) locale list changing from [] to [en-US]
02-19 13:26:55.064   531   531 E SurfaceFlinger: Out of order buffers detected for RequestedLayerState{viva.republica.toss.test/im.toss.rn.granite.core.GraniteActivity#3412 parentId=3389} producedId=28 frameNumber=18 -> producedId=28 frameNumber=6
02-19 13:26:55.151   531   531 E SurfaceFlinger: Out of order buffers detected for RequestedLayerState{viva.republica.toss.test/im.toss.rn.granite.core.GraniteActivity#3412 parentId=3389} producedId=28 frameNumber=18 -> producedId=28 frameNumber=7
