--------- beginning of main
02-19 21:50:39.400 19166 19166 D NexusLauncherModelDelegate: notifySmartspaceEvent: SmartspaceTargetEvent{mSmartspaceTarget=null, mSmartspaceActionId='null', mEventType=6}
--------- beginning of system
02-19 21:50:39.400  4449  4467 D WindowManagerShell: setLauncherKeepClearAreaHeight: visible=true, height=527
02-19 21:50:39.403   752  1095 D BackgroundInstallControlService: Package event received: 0
02-19 21:50:39.404   752  1095 D BackgroundInstallControlService: Package event received: 0
02-19 21:50:39.406   752  1095 D BackgroundInstallControlService: Package event received: 0
02-19 21:50:39.409   752  1095 D BackgroundInstallControlService: Package event received: 0
02-19 21:50:39.410   752  1095 D BackgroundInstallControlService: Package event received: 0
02-19 21:50:39.410   752  1095 D BackgroundInstallControlService: Package event received: 0
02-19 21:50:39.410   752  1095 D BackgroundInstallControlService: Package event received: 0
02-19 21:50:39.411   752  1095 D BackgroundInstallControlService: Package event received: 0
02-19 21:50:39.411   752  1095 D BackgroundInstallControlService: Package event received: 0
02-19 21:50:39.416 19166 19166 D BaseDepthController: setSurface:
02-19 21:50:39.416 19166 19166 D BaseDepthController: 	mWaitingOnSurfaceValidity: false
02-19 21:50:39.416 19166 19166 D BaseDepthController: 	mBaseSurface: Surface(name=com.google.android.apps.nexuslauncher/com.google.android.apps.nexuslauncher.NexusLauncherActivity)/@0x2cb53f
02-19 21:50:39.435 19166 19166 D ActivityAllAppsContainerView: rebindAdapters: force: false
02-19 21:50:39.435   531   603 I BpBinder: onLastStrongRef automatically unlinking death recipients: 
02-19 21:50:39.435 19166 19166 D ActivityAllAppsContainerView: rebindAdapters: Not needed.
02-19 21:50:39.437 19166 19166 D StatsLog: LAUNCHER_ONRESUME
02-19 21:50:39.453  4449   614 V WindowManagerShell: onTransitionReady(transaction=3229815437992)
02-19 21:50:39.457  4449  4467 V WindowManagerShell: onTransitionReady (#1092) android.os.BinderProxy@7e8e09d: {id=1092 t=OPEN f=0x0 trk=0 r=[0@Point(0, 0)] c=[
02-19 21:50:39.457  4449  4467 V WindowManagerShell:         {m=TO_FRONT f=SHOW_WALLPAPER|MOVE_TO_TOP leash=Surface(name=Task=1)/@0x4742e0 sb=Rect(0, 0 - 1080, 2400) eb=Rect(0, 0 - 1080, 2400) epz=Point(1080, 2400) d=0 taskParent=-1},
02-19 21:50:39.457  4449  4467 V WindowManagerShell:         {m=TO_BACK f=NONE leash=Surface(name=Task=171)/@0xdf7e999 sb=Rect(0, 0 - 1080, 2400) eb=Rect(0, 0 - 1080, 2400) epz=Point(1080, 2400) d=0 taskParent=-1},
02-19 21:50:39.457  4449  4467 V WindowManagerShell:         {m=TO_FRONT f=IS_WALLPAPER leash=Surface(name=WallpaperWindowToken{35e0c0f showWhenLocked=false})/@0x111445e sb=Rect(0, 0 - 1080, 2400) eb=Rect(0, 0 - 1080, 2400) epz=Point(1080, 2400) d=0}
02-19 21:50:39.457  4449  4467 V WindowManagerShell:     ]}
02-19 21:50:39.458  4449  4467 V WindowManagerShell: Playing animation for (#1092) android.os.BinderProxy@7e8e09d@0
02-19 21:50:39.458  4449  4467 V ShellRecents: RecentsTransitionHandler.startAnimation: no controller found
02-19 21:50:39.458  4449  4467 V WindowManagerShell: Transition doesn't have explicit remote, search filters for match for {id=1092 t=OPEN f=0x0 trk=0 r=[0@Point(0, 0)] c=[{m=TO_FRONT f=SHOW_WALLPAPER|MOVE_TO_TOP leash=Surface(name=Task=1)/@0x4742e0 sb=Rect(0, 0 - 1080, 2400) eb=Rect(0, 0 - 1080, 2400) epz=Point(1080, 2400) d=0 taskParent=-1},{m=TO_BACK f=NONE leash=Surface(name=Task=171)/@0xdf7e999 sb=Rect(0, 0 - 1080, 2400) eb=Rect(0, 0 - 1080, 2400) epz=Point(1080, 2400) d=0 taskParent=-1},{m=TO_FRONT f=IS_WALLPAPER leash=Surface(name=WallpaperWindowToken{35e0c0f showWhenLocked=false})/@0x111445e sb=Rect(0, 0 - 1080, 2400) eb=Rect(0, 0 - 1080, 2400) epz=Point(1080, 2400) d=0}]}
02-19 21:50:39.465  4449  4467 V WindowManagerShell:  Checking filter Pair{{types=[] flags=0x0] notFlags=0x0 checks=[{atype=undefined independent=true modes=[CLOSE,TO_BACK] flags=IN_TASK_WITH_EMBEDDED_ACTIVITY mustBeTask=false order=ANY topActivity=null launchCookie=null taskFragmentToken=android.os.BinderProxy@71546f0 windowingMode=undefined}]} RemoteTransition { remoteTransition = android.window.IRemoteTransition$Stub$Proxy@d4c8469, appThread = android.app.IApplicationThread$Stub$Proxy@c228eee, debugName = overlayBackTransition }}
02-19 21:50:39.465  4449  4467 V WindowManagerShell:  Checking filter Pair{{types=[] flags=0x0] notFlags=0x0 checks=[{atype=dream independent=true modes=[OPEN,TO_FRONT] flags=NONE mustBeTask=false order=ANY topActivity=null launchCookie=null windowingMode=undefined},{atype=home independent=true modes=[CLOSE,TO_BACK] flags=NONE mustBeTask=false order=ANY topActivity=null launchCookie=null windowingMode=undefined}]} RemoteTransition { remoteTransition = android.window.IRemoteTransition$Stub$Proxy@c578f8f, appThread = android.app.IApplicationThread$Stub$Proxy@69fe21c, debugName = LauncherToDream }}
02-19 21:50:39.468  4449  4467 V WindowManagerShell:  Checking filter Pair{{types=[] flags=0x0] notFlags=0x100 checks=[{atype=home independent=true modes=[OPEN,TO_FRONT] flags=NONE mustBeTask=false order=TOP topActivity=ComponentInfo{com.google.android.apps.nexuslauncher/com.google.android.apps.nexuslauncher.NexusLauncherActivity} launchCookie=null windowingMode=undefined},{atype=standard independent=true modes=[CLOSE,TO_BACK] flags=NONE mustBeTask=false order=ANY topActivity=null launchCookie=null windowingMode=undefined},{NOT atype=undefined independent=true modes=[] flags=NONE mustBeTask=true order=ANY topActivity=null launchCookie=null customAnim=true windowingMode=undefined}]} RemoteTransition { remoteTransition = android.window.IRemoteTransition$Stub$Proxy@69ffe25, appThread = android.app.IApplicationThread$Stub$Proxy@72cabfa, debugName = QuickstepLaunchHome }}
02-19 21:50:39.469  4449  4467 D RemoteTransitionHandler: Found filterPair{{types=[] flags=0x0] notFlags=0x100 checks=[{atype=home independent=true modes=[OPEN,TO_FRONT] flags=NONE mustBeTask=false order=TOP topActivity=ComponentInfo{com.google.android.apps.nexuslauncher/com.google.android.apps.nexuslauncher.NexusLauncherActivity} launchCookie=null windowingMode=undefined},{atype=standard independent=true modes=[CLOSE,TO_BACK] flags=NONE mustBeTask=false order=ANY topActivity=null launchCookie=null windowingMode=undefined},{NOT atype=undefined independent=true modes=[] flags=NONE mustBeTask=true order=ANY topActivity=null launchCookie=null customAnim=true windowingMode=undefined}]} RemoteTransition { remoteTransition = android.window.IRemoteTransition$Stub$Proxy@69ffe25, appThread = android.app.IApplicationThread$Stub$Proxy@72cabfa, debugName = QuickstepLaunchHome }}
02-19 21:50:39.470  4449  4467 V WindowManagerShell:  Delegate animation for (#1092) to RemoteTransition { remoteTransition = android.window.IRemoteTransition$Stub$Proxy@69ffe25, appThread = android.app.IApplicationThread$Stub$Proxy@72cabfa, debugName = QuickstepLaunchHome }
02-19 21:50:39.479 19166 19166 D StateManager: createAtomicAnimation - fromState: Background, toState: Normal, partial trace:
02-19 21:50:39.479 19166 19166 D StateManager: 	at com.android.quickstep.util.ScalingWorkspaceRevealAnim.<init>(go/retraceme 72a59688580715d19f0e415c69e80376c2f062d1648c80db6730905005a27c20:39)
02-19 21:50:39.479 19166 19166 D StateManager: 	at com.android.launcher3.QuickstepTransitionManager.createWallpaperOpenAnimations(go/retraceme 72a59688580715d19f0e415c69e80376c2f062d1648c80db6730905005a27c20:168)
02-19 21:50:39.479 19166 19166 D StateManager: 	at com.android.launcher3.QuickstepTransitionManager$WallpaperOpenLauncherAnimationRunner.onAnimationStart(go/retraceme 72a59688580715d19f0e415c69e80376c2f062d1648c80db6730905005a27c20:17)
02-19 21:50:39.480 19166 19166 D b/311077782: LauncherAnimationRunner.setAnimation
02-19 21:50:39.491 19166 19190 I s.nexuslauncher: AssetManager2(0x7d8fac427b98) locale list changing from [] to [en-US]
02-19 21:50:39.496 19166 19190 W HWUI    : Image decoding logging dropped!
02-19 21:50:39.502   752   794 V WindowManager: Sent Transition (#1092) createdAt=02-19 21:50:39.204 via request=TransitionRequestInfo { type = OPEN, triggerTask = TaskInfo{userId=0 taskId=5 effectiveUid=10182 displayId=0 isRunning=true baseIntent=Intent { act=android.intent.action.MAIN cat=[android.intent.category.HOME] flg=0x10000100 cmp=com.google.android.apps.nexuslauncher/.NexusLauncherActivity } baseActivity=ComponentInfo{com.google.android.apps.nexuslauncher/com.google.android.apps.nexuslauncher.NexusLauncherActivity} topActivity=ComponentInfo{com.google.android.apps.nexuslauncher/com.google.android.apps.nexuslauncher.NexusLauncherActivity} origActivity=null realActivity=ComponentInfo{com.google.android.apps.nexuslauncher/com.google.android.apps.nexuslauncher.NexusLauncherActivity} numActivities=1 lastActiveTime=116913076 supportsMultiWindow=true resizeMode=2 isResizeable=true minWidth=-1 minHeight=-1 defaultMinSize=220 token=WCT{RemoteToken{50a2c5f Task{b605570 #5 type=home I=com.google.android.apps.nexuslauncher/.NexusLauncherActivity}}} topActivityType=2 pictureInPictureParams=null shouldDockBigOverlays=false launchIntoPipHostTaskId=-1 lastParentTaskIdBeforePip=-1 displayCutoutSafeInsets=Rect(0, 0 - 0, 0) topActivityInfo=ActivityInfo{f5406ac com.google.android.apps.nexuslauncher.NexusLauncherActivity} launchCookies=[] positionInParent=Point(0, 0) parentTaskId=-1 isFocused=true isVisible=false isVisibleRequested=true isTopActivityNoDisplay=false isSleeping=false locusId=LocusId[17_chars] displayAreaFeatureId=1 isTopActivityTransparent=false isActivityStackTransparent=false lastNonFullscreenBounds=Rect(284, 660 - 796, 1740) capturedLink=null capturedLinkTimestamp=0 requestedVisibleTypes=-9 topActivityRequestOpenInBrowserEducationTimestamp=0 appCompatTaskInfo=AppCompatTaskInfo { topActivityInSizeCompat=false eligibleForLetterboxEducation= false isLetterboxEducationEnabled= true isLetterboxDoubleTapEnabled= false eligibleForUserAspectRatioButton= false topActivityBoundsLetterboxed= false isFromLetterboxDoubleTap= false topActivityLetterboxVerticalPosition= -1 topActivityLetterboxHorizontalPosition= -1 topActivityLetterboxWidth=-1 topActivityLetterboxHeight=-1 topActivityAppBounds=Rect(0, 0 - 1080, 2400) isUserFullscreenOverrideEnabled=false isSystemFullscreenOverrideEnabled=false hasMinAspectRatioOverride=false topActivityLetterboxBounds=null cameraCompatTaskInfo=CameraCompatTaskInfo { freeformCameraCompatMode=inactive}} topActivityMainWindowFrame=null}, pipChange = null, remoteTransition = null, displayChange = null, flags = 0, debugId = 1092 }
02-19 21:50:39.502   752   794 V WindowManager:     startWCT=WindowContainerTransaction { changes= {} hops= [] errorCallbackToken=null taskFragmentOrganizer=null }
02-19 21:50:39.502   752   794 V WindowManager:     info={id=1092 t=OPEN f=0x0 trk=0 r=[0@Point(0, 0)] c=[
02-19 21:50:39.502   752   794 V WindowManager:         {WCT{RemoteToken{5218fe8 Task{dd43522 #1 type=home}}} m=TO_FRONT f=SHOW_WALLPAPER|MOVE_TO_TOP leash=Surface(name=Task=1)/@0x8ddbd2e sb=Rect(0, 0 - 1080, 2400) eb=Rect(0, 0 - 1080, 2400) epz=Point(1080, 2400) d=0 taskParent=-1},
02-19 21:50:39.502   752   794 V WindowManager:         {WCT{RemoteToken{d5099 Task{9ef287b #171 type=standard A=10217:viva.republica.toss.test}}} m=TO_BACK f=NONE leash=Surface(name=Task=171)/@0x3eff7e3 sb=Rect(0, 0 - 1080, 2400) eb=Rect(0, 0 - 1080, 2400) epz=Point(1080, 2400) d=0 taskParent=-1},
02-19 21:50:39.502   752   794 V WindowManager:         {m=TO_FRONT f=IS_WALLPAPER leash=Surface(name=WallpaperWindowToken{35e0c0f showWhenLocked=false})/@0x512f5be sb=Rect(0, 0 - 1080, 2400) eb=Rect(0, 0 - 1080, 2400) epz=Point(1080, 2400) d=0}
02-19 21:50:39.502   752   794 V WindowManager:     ]}
02-19 21:50:39.508 19166 19190 D QuickstepModelDelegate: notifyAppTargetEvent action=1 launchLocation=workspace/0/[-1,-1]/[1,1]
02-19 21:50:39.514  4449  4467 V WindowManagerShell:  animated by com.android.wm.shell.transition.RemoteTransitionHandler@ef09705
02-19 21:50:39.544 19166 19166 I NotificationListener: Handling notification state refresh for com.google.android.adservices.api#0
02-19 21:50:39.545 19166 19166 I NotificationListener: Handling notification state refresh for android#0
02-19 21:50:39.545 19166 19166 I NotificationListener: Handling notification state refresh for com.android.systemui#0
02-19 21:50:39.545   531   531 I BpBinder: onLastStrongRef automatically unlinking death recipients: 
02-19 21:50:39.553  1971  2198 I AiAiEcho: Predicting[0]:  [CONTEXT sampling_count=5 ]
02-19 21:50:39.553  1971  2198 I AiAiEcho: EchoTargets: 
02-19 21:50:39.553  1971  2198 I AiAiEcho: Filtered by AiAi flag check: 
02-19 21:50:39.553  1971  2198 I AiAiEcho: [CONTEXT ratelimit_period="10 SECONDS" ]
02-19 21:50:39.554  1971  2198 I AiAiEcho: #remoteViewsTwiddler: feature disabled.
02-19 21:50:39.557  1971  2198 I AiAiEcho: #postPredictionTargets: Sending updates to UISurface home with targets# 0 (types=[])
02-19 21:50:39.560 19166 19166 D SsBaseTemplateCard: No text view can be set up
02-19 21:50:39.560 19166 19166 D SsBaseTemplateCard: Passed-in item info is null
02-19 21:50:39.560 19166 19166 D SsBaseTemplateCard: Passed-in item info is null
02-19 21:50:39.561 19166 19166 D SsBaseTemplateCard: Passed-in item info is null
02-19 21:50:39.561 19166 19166 I SsBaseTemplateCard: Secondary card pane is null
02-19 21:50:39.566   752   989 I ImeTracker: com.google.android.apps.nexuslauncher:88d3c49d: onRequestHide at ORIGIN_SERVER reason HIDE_UNSPECIFIED_WINDOW fromUser false
02-19 21:50:39.573 19166 19166 D InsetsController: hide(ime(), fromIme=false)
02-19 21:50:39.574 19166 19166 I ImeTracker: com.google.android.apps.nexuslauncher:88d3c49d: onCancelled at PHASE_CLIENT_ALREADY_HIDDEN
02-19 21:50:39.636   752  2363 I ImeTracker: system_server:285f85cd: onRequestHide at ORIGIN_SERVER reason IME_REQUESTED_CHANGED_LISTENER fromUser false
02-19 21:50:39.638   752   797 I ImeTracker: system_server:285f85cd: onCancelled at PHASE_SERVER_SHOULD_HIDE
02-19 21:50:39.639 20022 20022 I GoogleInputMethodService: GoogleInputMethodService.onFinishInput():2043 
02-19 21:50:39.643 20022 20022 I Module  : DeviceLockedStatusModuleProvider$Module.updateDeviceLockedStatus():100 repeatCheckTimes = 0, locked = false
02-19 21:50:39.667 20022 20022 I GoogleInputMethodService: GoogleInputMethodService.onStartInput():1293 onStartInput(EditorInfo{EditorInfo{packageName=com.google.android.apps.nexuslauncher, inputType=0, inputTypeString=NULL, enableLearning=false, autoCorrection=false, autoComplete=false, imeOptions=0, privateImeOptions=null, actionName=UNSPECIFIED, actionLabel=null, initialSelStart=-1, initialSelEnd=-1, initialCapsMode=0, label=null, fieldId=0, fieldName=null, extras=null, hintText=null, hintLocales=[]}}, false)
02-19 21:50:39.669 20022 20022 I EmojiCompatManager: EmojiCompatManager.getEmojiCompatIfLoaded():343 EmojiCompat.init() was never called.
02-19 21:50:39.669 20022 20022 I EmojiCompatManager: java.lang.IllegalStateException: EmojiCompat is not initialized. Please call EmojiCompat.init() first
02-19 21:50:39.669 20022 20022 I EmojiCompatManager: 	at asx.p(PG:6)
02-19 21:50:39.669 20022 20022 I EmojiCompatManager: 	at axb.b(PG:13)
02-19 21:50:39.669 20022 20022 I EmojiCompatManager: 	at jnr.b(PG:2)
02-19 21:50:39.669 20022 20022 I EmojiCompatManager: 	at jnr.c(PG:4)
02-19 21:50:39.669 20022 20022 I EmojiCompatManager: 	at jnr.f(PG:3)
02-19 21:50:39.669 20022 20022 I EmojiCompatManager: 	at jnx.c(PG:3)
02-19 21:50:39.669 20022 20022 I EmojiCompatManager: 	at kif.cz(PG:47)
02-19 21:50:39.669 20022 20022 I EmojiCompatManager: 	at lhl.run(PG:1025)
02-19 21:50:39.669 20022 20022 I EmojiCompatManager: 	at jaf.execute(PG:12)
02-19 21:50:39.669 20022 20022 I EmojiCompatManager: 	at nco.v(PG:13)
02-19 21:50:39.669 20022 20022 I EmojiCompatManager: 	at lhn.m(PG:96)
02-19 21:50:39.669 20022 20022 I EmojiCompatManager: 	at lhn.k(PG:25)
02-19 21:50:39.669 20022 20022 I EmojiCompatManager: 	at kgn.onStartInput(PG:250)
02-19 21:50:39.669 20022 20022 I EmojiCompatManager: 	at android.inputmethodservice.InputMethodService.doStartInput(InputMethodService.java:3521)
02-19 21:50:39.669 20022 20022 I EmojiCompatManager: 	at android.inputmethodservice.InputMethodService$InputMethodImpl.startInput(InputMethodService.java:879)
02-19 21:50:39.669 20022 20022 I EmojiCompatManager: 	at android.inputmethodservice.InputMethodService$InputMethodImpl.dispatchStartInput(InputMethodService.java:908)
02-19 21:50:39.669 20022 20022 I EmojiCompatManager: 	at android.inputmethodservice.IInputMethodWrapper.executeMessage(IInputMethodWrapper.java:201)
02-19 21:50:39.669 20022 20022 I EmojiCompatManager: 	at com.android.internal.os.HandlerCaller$MyHandler.handleMessage(HandlerCaller.java:44)
02-19 21:50:39.669 20022 20022 I EmojiCompatManager: 	at android.os.Handler.dispatchMessage(Handler.java:110)
02-19 21:50:39.669 20022 20022 I EmojiCompatManager: 	at android.os.Looper.loopOnce(Looper.java:248)
02-19 21:50:39.669 20022 20022 I EmojiCompatManager: 	at android.os.Looper.loop(Looper.java:338)
02-19 21:50:39.669 20022 20022 I EmojiCompatManager: 	at android.app.ActivityThread.main(ActivityThread.java:9067)
02-19 21:50:39.669 20022 20022 I EmojiCompatManager: 	at java.lang.reflect.Method.invoke(Native Method)
02-19 21:50:39.669 20022 20022 I EmojiCompatManager: 	at com.android.internal.os.RuntimeInit$MethodAndArgsCaller.run(RuntimeInit.java:593)
02-19 21:50:39.669 20022 20022 I EmojiCompatManager: 	at com.android.internal.os.ZygoteInit.main(ZygoteInit.java:932)
02-19 21:50:39.765 20022 20022 I Module  : DeviceLockedStatusModuleProvider$Module.updateDeviceLockedStatus():100 repeatCheckTimes = 1, locked = false
02-19 21:50:39.854 20022 20022 W NotificationCenter: NotificationCenter$NotificationQueue.notifyPendingNotificationsOnExecutor():877 Heavy notify work detected on UI thread: [kig->ilu, kig->ijm, kig->gkl, kig->ilu, kig->jnx, kig->khc, kig->ilu, kig->fro, kig->fef, kig->ilu, kig->ilu, kig->fcb, kig->ilu, kig->khg, kig->imt, kig->ilu, kig->ilu, kig->ilu, kig->ilu, kig->ilu, kig->lux, kig->ilu, kig->ilu] takes 187ms
02-19 21:50:39.959   752  1848 W PackageConfigPersister: App-specific configuration not found for packageName: com.google.android.apps.nexuslauncher and userId: 0
02-19 21:50:39.981 20022 20022 W NotificationCenter: NotificationCenter$NotificationQueue.notifyPendingNotificationsOnExecutor():877 Heavy notify work detected on UI thread: [kig->jjs] takes 86ms
02-19 21:50:40.278  4449  4458 W System  : A resource failed to call release. 
02-19 21:50:40.278  4449  4458 W System  : A resource failed to call release. 
02-19 21:50:40.278  4449  4458 W System  : A resource failed to call release. 
02-19 21:50:40.278  4449  4458 W System  : A resource failed to call release. 
02-19 21:50:40.279  4449  4458 W System  : A resource failed to call release. 
02-19 21:50:40.279  4449  4458 W System  : A resource failed to call release. 
02-19 21:50:40.279  4449  4458 W System  : A resource failed to call release. 
02-19 21:50:40.279  4449  4458 W System  : A resource failed to call release. 
02-19 21:50:40.279  4449  4458 W System  : A resource failed to call release. 
02-19 21:50:40.279  4449  4458 W System  : A resource failed to call release. 
02-19 21:50:40.279  4449  4458 W System  : A resource failed to call release. 
02-19 21:50:40.279  4449  4458 W System  : A resource failed to call release. 
02-19 21:50:40.279  4449  4458 W System  : A resource failed to call release. 
02-19 21:50:40.279  4449  4458 W System  : A resource failed to call release. 
02-19 21:50:40.279  4449  4458 W System  : A resource failed to call release. 
02-19 21:50:40.280  4449  4458 W System  : A resource failed to call release. 
02-19 21:50:40.280  4449  4458 W System  : A resource failed to call release. 
02-19 21:50:40.280  4449  4458 W System  : A resource failed to call release. 
02-19 21:50:40.280  4449  4458 W System  : A resource failed to call release. 
02-19 21:50:40.280  4449  4458 W System  : A resource failed to call release. 
02-19 21:50:40.280  4449  4458 W System  : A resource failed to call release. 
02-19 21:50:40.280  4449  4458 W System  : A resource failed to call release. 
02-19 21:50:40.280  4449  4458 W System  : A resource failed to call release. 
02-19 21:50:40.281  4449  4458 W System  : A resource failed to call release. 
02-19 21:50:40.281  4449  4458 W System  : A resource failed to call release. 
02-19 21:50:40.281  4449  4458 W System  : A resource failed to call release. 
02-19 21:50:40.281  4449  4458 W System  : A resource failed to call release. 
02-19 21:50:40.281  4449  4458 W System  : A resource failed to call release. 
02-19 21:50:40.281  4449  4458 W System  : A resource failed to call release. 
02-19 21:50:40.281  4449  4458 W System  : A resource failed to call release. 
02-19 21:50:40.281  4449  4458 W System  : A resource failed to call release. 
02-19 21:50:40.281  4449  4458 W System  : A resource failed to call release. 
02-19 21:50:40.631 19166 19166 D ScalingWorkspaceRevealAnim: alpha of workspace at the end of animation: 1.0
02-19 21:50:40.636  4449  4467 V WindowManagerShell: Transition animation finished (aborted=false), notifying core (#1092) android.os.BinderProxy@7e8e09d@0
02-19 21:50:40.641   752   794 V WindowManager: Finish Transition (#1092): created at 02-19 21:50:39.204 collect-started=0.149ms request-sent=29.765ms started=34.878ms ready=241.678ms sent=246.587ms commit=49.715ms finished=1436.618ms
02-19 21:50:40.646  4742  4742 D VRI[GraniteActivity]: visibilityChanged oldVisibility=true newVisibility=false
02-19 21:50:40.650  4449  4467 V WindowManagerShell: Track 0 became idle
02-19 21:50:40.650  4449  4467 V WindowManagerShell: All active transition animations finished
02-19 21:50:40.722  4742  4974 I ReactNativeJNI: Memory warning (pressure level: TRIM_MEMORY_UI_HIDDEN) received by JS VM, ignoring because it's non-severe
02-19 21:50:40.725   615 21625 W IPCThreadState: Sending oneway calls to frozen process.
02-19 21:50:40.740   752  1848 I ActivityManager: Force stopping viva.republica.toss.test appid=10217 user=0: from pid 5024
02-19 21:50:40.769   752  1848 I ActivityManager: Killing 4742:viva.republica.toss.test/u0a217 (adj 200): stop viva.republica.toss.test due to from pid 5024
02-19 21:50:40.802   752  1848 D CompatChangeReporter: Compat change id reported: 311208629; UID 10217; state: ENABLED
02-19 21:50:40.804  3453  3453 D BoundBrokerSvc: onUnbind: Intent { act=com.google.android.gms.appset.service.START dat=chimera-action:/... xflg=0x4 cmp=com.google.android.gms/.chimera.GmsApiService }
02-19 21:50:40.807  4764  4764 I cr_ChildProcessService: Destroying ChildProcessService pid=4764
02-19 21:50:40.810   752  1848 W ActivityTaskManager: Force removing ActivityRecord{215910410 u0 viva.republica.toss.test/im.toss.rn.granite.core.GraniteActivity t171 f}}: app died, no saved state
02-19 21:50:40.817  4764  4764 I ocessService0:0: System.exit called, status: 0
02-19 21:50:40.817  4764  4764 I AndroidRuntime: VM exiting with result code 0, cleanup skipped.
02-19 21:50:40.827   752  1095 D BackgroundInstallControlService: Package event received: 0
02-19 21:50:40.853   752  1029 D InetDiagMessage: Destroyed 1 sockets, proto=IPPROTO_TCP, family=AF_INET, states=14
02-19 21:50:40.875   752  1848 I ActivityManager: Killing 4764:com.google.android.webview:sandboxed_process0:org.chromium.content.app.SandboxedProcessService0:0/u0a217i106 (adj 0): isolated not needed
02-19 21:50:40.929   531   531 W IPCThreadState: Sending oneway calls to frozen process.
02-19 21:50:40.932   752  1848 I AppsFilter: interaction: PackageSetting{d389813 com.android.microdroid.empty_payload/10204} -> PackageSetting{1cc4a3c viva.republica.toss.test/10217} BLOCKED
02-19 21:50:40.932   752  1848 I AppsFilter: interaction: PackageSetting{120ba50 com.android.adbkeyboard/10219} -> PackageSetting{1cc4a3c viva.republica.toss.test/10217} BLOCKED
02-19 21:50:40.933 19166 19166 D RecentsView: onTaskRemoved: 171, not handling task stack changes
02-19 21:50:40.960 19166 19166 D RecentsView: onTaskRemoved: 171, not handling task stack changes
02-19 21:50:40.972  1263  1263 I Zygote  : Process 4764 exited cleanly (0)
02-19 21:50:40.975 19829 19829 I Finsky  : [2] Memory trim requested to level 40
02-19 21:50:40.980 19829 19829 I Finsky  : [2] Flushing in-memory image cache
02-19 21:50:40.986   752  1029 D InetDiagMessage: Destroyed 6 sockets, proto=IPPROTO_TCP, family=AF_INET6, states=14
02-19 21:50:40.987   752  1029 D InetDiagMessage: Destroyed live tcp sockets for uids={10217} in 136ms
02-19 21:50:40.999   752  1029 D InetDiagMessage: Destroyed 0 sockets, proto=IPPROTO_TCP, family=AF_INET, states=14
02-19 21:50:40.999   752  1029 D InetDiagMessage: Destroyed 0 sockets, proto=IPPROTO_TCP, family=AF_INET6, states=14
02-19 21:50:40.999   752  1029 D InetDiagMessage: Destroyed live tcp sockets for uids={20217} in 12ms
02-19 21:50:41.002 19829 19970 I Finsky  : [71] Current account updated in PVS
02-19 21:50:41.071   752   990 I system_server: AssetManager2(0x7d8fac48ddf8) locale list changing from [] to [en-US]
02-19 21:50:41.077   752   990 I system_server: AssetManager2(0x7d8fac4941f8) locale list changing from [] to [en-US]
02-19 21:50:41.109   752  1029 D ConnectivityService: releasing NetworkRequest [ REQUEST id=1093, [ Capabilities: INTERNET&NOT_RESTRICTED&TRUSTED&NOT_VCN_MANAGED&NOT_BANDWIDTH_CONSTRAINED Uid: 10217 RequestorUid: 10217 RequestorPkg: viva.republica.toss.test UnderlyingNetworks: Null] ] (release request)
02-19 21:50:41.109   458   458 I Zygote  : Process 4742 exited due to signal 9 (Killed)
02-19 21:50:41.111  1336  1336 D CarrierSvcBindHelper: onHandleForceStop: [viva.republica.toss.test]
02-19 21:50:41.113   752  2417 V ActivityManager: Got obituary of 4742:viva.republica.toss.test
02-19 21:50:41.114   752   797 W ActivityManager: setHasOverlayUi called on unknown pid: 4742
02-19 21:50:41.115  1336  1336 D CarrierSvcBindHelper: No carrier app for: 0
02-19 21:50:41.115   752  1029 D ConnectivityService: releasing NetworkRequest [ REQUEST id=1091, [ Capabilities: INTERNET&NOT_RESTRICTED&TRUSTED&NOT_VCN_MANAGED&NOT_BANDWIDTH_CONSTRAINED Uid: 10217 RequestorUid: 10217 RequestorPkg: viva.republica.toss.test UnderlyingNetworks: Null] ] (release request)
02-19 21:50:41.116   752  1029 D ConnectivityService: releasing NetworkRequest [ REQUEST id=1095, [ Capabilities: INTERNET&NOT_RESTRICTED&TRUSTED&NOT_VCN_MANAGED&NOT_BANDWIDTH_CONSTRAINED Uid: 10217 RequestorUid: 10217 RequestorPkg: viva.republica.toss.test UnderlyingNetworks: Null] ] (release request)
02-19 21:50:41.125   752   795 W Looper  : Slow dispatch took 114ms android.ui app=system_server main=false group=TOP_APP h=com.android.server.am.ActivityManagerService$UiHandler c=com.android.server.am.UidObserverController$$ExternalSyntheticLambda0@6a2cd6d m=0
02-19 21:50:41.128   752   807 I libprocessgroup: Removed cgroup /sys/fs/cgroup/apps/uid_10217/pid_4742
02-19 21:50:41.133   752   807 I libprocessgroup: Removed cgroup /sys/fs/cgroup/apps/uid_99106/pid_4764
02-19 21:50:41.162   752   990 I system_server: AssetManager2(0x7d8fac4ce218) locale list changing from [] to [en-US]
02-19 21:50:41.164   752   990 I system_server: AssetManager2(0x7d8fac4aa638) locale list changing from [] to [en-US]
02-19 21:50:42.776   752  1116 W ActivityTaskManager: callingPackage for (uid=2000, pid=5034) has no WPC
02-19 21:50:42.777   752  1116 V GrammaticalInflectionUtils: AttributionSource: android.content.AttributionSource@56784557 does not have READ_SYSTEM_GRAMMATICAL_GENDER permission.
02-19 21:50:42.778   752  1116 W OptProp : Cannot read opt property android.window.PROPERTY_COMPAT_ALLOW_USER_ASPECT_RATIO_OVERRIDE
02-19 21:50:42.778   752  1116 W OptProp : Cannot read opt property android.window.PROPERTY_COMPAT_ALLOW_USER_ASPECT_RATIO_FULLSCREEN_OVERRIDE
02-19 21:50:42.778   752  1116 W OptProp : Cannot read opt property android.window.PROPERTY_COMPAT_ALLOW_RESIZEABLE_ACTIVITY_OVERRIDES
02-19 21:50:42.779   752  1116 W OptProp : Cannot read opt property android.window.PROPERTY_COMPAT_ALLOW_MIN_ASPECT_RATIO_OVERRIDE
02-19 21:50:42.784   752  1116 W OptProp : Cannot read opt property android.window.PROPERTY_COMPAT_ALLOW_ORIENTATION_OVERRIDE
02-19 21:50:42.786   531   548 I BpBinder: onLastStrongRef automatically unlinking death recipients: 
02-19 21:50:42.791   752  1116 I ActivityTaskManager: START u0 {act=android.intent.action.VIEW dat=intoss://takealook/... flg=0x10000000 xflg=0x4 pkg=viva.republica.toss.test cmp=viva.republica.toss.test/.MiniAppSchemeActivity} with LAUNCH_MULTIPLE from uid 2000 (BAL_ALLOW_PERMISSION) result code=0
02-19 21:50:42.792  4449  4467 V WindowManagerShell: Transition requested (#1093): android.os.BinderProxy@608a837 TransitionRequestInfo { type = OPEN, triggerTask = TaskInfo{userId=0 taskId=172 effectiveUid=10217 displayId=0 isRunning=true baseIntent=Intent { act=android.intent.action.VIEW dat=intoss://takealook/... flg=0x10000000 pkg=viva.republica.toss.test cmp=viva.republica.toss.test/.MiniAppSchemeActivity } baseActivity=ComponentInfo{viva.republica.toss.test/viva.republica.toss.test.MiniAppSchemeActivity} topActivity=ComponentInfo{viva.republica.toss.test/viva.republica.toss.test.MiniAppSchemeActivity} origActivity=null realActivity=ComponentInfo{viva.republica.toss.test/viva.republica.toss.test.MiniAppSchemeActivity} numActivities=1 lastActiveTime=116916637 supportsMultiWindow=true resizeMode=1 isResizeable=true minWidth=-1 minHeight=-1 defaultMinSize=220 token=WCT{android.window.IWindowContainerToken$Stub$Proxy@67a91a4} topActivityType=1 pictureInPictureParams=null shouldDockBigOverlays=false launchIntoPipHostTaskId=-1 lastParentTaskIdBeforePip=-1 displayCutoutSafeInsets=Rect(0, 0 - 0, 0) topActivityInfo=ActivityInfo{3682b0d viva.republica.toss.test.MiniAppSchemeActivity} launchCookies=[] positionInParent=Point(0, 0) parentTaskId=-1 isFocused=false isVisible=false isVisibleRequested=false isTopActivityNoDisplay=false isSleeping=false locusId=null displayAreaFeatureId=1 isTopActivityTransparent=true isActivityStackTransparent=true lastNonFullscreenBounds=Rect(284, 660 - 796, 1740) capturedLink=null capturedLinkTimestamp=0 requestedVisibleTypes=-9 topActivityRequestOpenInBrowserEducationTimestamp=0 appCompatTaskInfo=AppCompatTaskInfo { topActivityInSizeCompat=false eligibleForLetterboxEducation= false isLetterboxEducationEnabled= true isLetterboxDoubleTapEnabled= false eligibleForUserAspectRatioButton= false topActivityBoundsLetterboxed= false isFromLetterboxDoubleTap= false topActivityLetterboxVerticalPosition= -1 topActivityLetterboxHorizontalPosition= -1 topActivityLetterboxWidth=-1 topActivityLetterboxHeight=-1 topActivityAppBounds=Rect(0, 0 - 1080, 2400) isUserFullscreenOverrideEnabled=false isSystemFullscreenOverrideEnabled=false hasMinAspectRatioOverride=false topActivityLetterboxBounds=null cameraCompatTaskInfo=CameraCompatTaskInfo { freeformCameraCompatMode=inactive}} topActivityMainWindowFrame=null}, pipChange = null, remoteTransition = null, displayChange = null, flags = 0, debugId = 1093 }
02-19 21:50:42.793  4449  4467 D ShellSplitScreen: logExit: no-op, mLoggerSessionId is null
02-19 21:50:42.794 19166 19166 W SplitSelectStateCtor: Missing session instanceIds
02-19 21:50:42.794 19166 19166 D StatsLog: LAUNCHER_SPLIT_SELECTION_EXIT_INTERRUPTED
02-19 21:50:42.802   752  2505 I AppsFilter: interaction: PackageSetting{d389813 com.android.microdroid.empty_payload/10204} -> PackageSetting{7406b3a viva.republica.toss.test/10217} BLOCKED
02-19 21:50:42.802   752  2505 I AppsFilter: interaction: PackageSetting{120ba50 com.android.adbkeyboard/10219} -> PackageSetting{7406b3a viva.republica.toss.test/10217} BLOCKED
02-19 21:50:42.824   752   797 V GrammaticalInflectionUtils: AttributionSource: android.content.AttributionSource@56784557 does not have READ_SYSTEM_GRAMMATICAL_GENDER permission.
02-19 21:50:42.834   458   458 D Zygote  : Forked child process 5037
02-19 21:50:42.836   752   806 I ActivityManager: Start proc 5037:viva.republica.toss.test/u0a217 for next-top-activity {viva.republica.toss.test/viva.republica.toss.test.MiniAppSchemeActivity}
02-19 21:50:42.836   752   806 I ActivityManager: ProcessObserver broadcast disabled
02-19 21:50:42.857   531   531 I BpBinder: onLastStrongRef automatically unlinking death recipients: 
02-19 21:50:42.861  4449  4467 D WindowManagerShell: setLauncherKeepClearAreaHeight: visible=false, height=527
02-19 21:50:42.870   752  1095 D BackgroundInstallControlService: Package event received: 0
02-19 21:50:59.660   531   569 W EventThread: Faking VSYNC due to driver stall for thread appSf
02-19 21:50:59.661   531   568 W EventThread: Faking VSYNC due to driver stall for thread app
02-19 21:50:59.668 27008 27008 I wpa_supplicant: wlan0: CTRL-EVENT-BEACON-LOSS 
02-19 21:50:59.673   752   805 W ActivityManager: Process ProcessRecord{e52792 5037:viva.republica.toss.test/u0a217} failed to attach
02-19 21:50:59.673   752   805 W ActivityTaskManager: ProcessRecord{e52792 5037:viva.republica.toss.test/u0a217} is removed with pending start ActivityRecord{62708270 u0 viva.republica.toss.test/.MiniAppSchemeActivity t172}
02-19 21:50:59.699   752   797 W BLASTSyncEngine: Sync group 1093 timeout
02-19 21:50:59.702  5037  5037 I blica.toss.test: Using CollectorTypeCMC GC.
02-19 21:50:59.711  5037  5037 W blica.toss.test: Unexpected CPU variant for x86: x86_64.
02-19 21:50:59.711  5037  5037 W blica.toss.test: Known variants: atom, sandybridge, silvermont, goldmont, goldmont-plus, goldmont-without-sha-xsaves, tremont, kabylake, alderlake, default
02-19 21:50:59.719  5037  5037 E blica.toss.test: Not starting debugger since process cannot load the jdwp agent.
02-19 21:50:59.722 19166 19166 D StatsLog: LAUNCHER_ONRESUME
02-19 21:50:59.724  4449  4467 D WindowManagerShell: setLauncherKeepClearAreaHeight: visible=true, height=527
02-19 21:50:59.729  5037  5037 D nativeloader: Load libframework-connectivity-tiramisu-jni.so using APEX ns com_android_tethering for caller /apex/com.android.tethering/javalib/framework-connectivity-t.jar: ok
02-19 21:50:59.733   752   794 V WindowManager: Sent Transition (#1093) createdAt=02-19 21:50:42.779 via request=TransitionRequestInfo { type = OPEN, triggerTask = TaskInfo{userId=0 taskId=172 effectiveUid=10217 displayId=0 isRunning=true baseIntent=Intent { act=android.intent.action.VIEW dat=intoss://takealook/... flg=0x10000000 pkg=viva.republica.toss.test cmp=viva.republica.toss.test/.MiniAppSchemeActivity } baseActivity=ComponentInfo{viva.republica.toss.test/viva.republica.toss.test.MiniAppSchemeActivity} topActivity=ComponentInfo{viva.republica.toss.test/viva.republica.toss.test.MiniAppSchemeActivity} origActivity=null realActivity=ComponentInfo{viva.republica.toss.test/viva.republica.toss.test.MiniAppSchemeActivity} numActivities=1 lastActiveTime=116916637 supportsMultiWindow=true resizeMode=1 isResizeable=true minWidth=-1 minHeight=-1 defaultMinSize=220 token=WCT{RemoteToken{84ddcb7 Task{f7719cf #172 type=standard A=10217:viva.republica.toss.test}}} topActivityType=1 pictureInPictureParams=null shouldDockBigOverlays=false launchIntoPipHostTaskId=-1 lastParentTaskIdBeforePip=-1 displayCutoutSafeInsets=Rect(0, 0 - 0, 0) topActivityInfo=ActivityInfo{ef0ec24 viva.republica.toss.test.MiniAppSchemeActivity} launchCookies=[] positionInParent=Point(0, 0) parentTaskId=-1 isFocused=false isVisible=false isVisibleRequested=false isTopActivityNoDisplay=false isSleeping=false locusId=null displayAreaFeatureId=1 isTopActivityTransparent=true isActivityStackTransparent=true lastNonFullscreenBounds=Rect(284, 660 - 796, 1740) capturedLink=null capturedLinkTimestamp=0 requestedVisibleTypes=-9 topActivityRequestOpenInBrowserEducationTimestamp=0 appCompatTaskInfo=AppCompatTaskInfo { topActivityInSizeCompat=false eligibleForLetterboxEducation= false isLetterboxEducationEnabled= true isLetterboxDoubleTapEnabled= false eligibleForUserAspectRatioButton= false topActivityBoundsLetterboxed= false isFromLetterboxDoubleTap= false topActivityLetterboxVerticalPosition= -1 topActivityLetterboxHorizontalPosition= -1 topActivityLetterboxWidth=-1 topActivityLetterboxHeight=-1 topActivityAppBounds=Rect(0, 0 - 1080, 2400) isUserFullscreenOverrideEnabled=false isSystemFullscreenOverrideEnabled=false hasMinAspectRatioOverride=false topActivityLetterboxBounds=null cameraCompatTaskInfo=CameraCompatTaskInfo { freeformCameraCompatMode=inactive}} topActivityMainWindowFrame=null}, pipChange = null, remoteTransition = null, displayChange = null, flags = 0, debugId = 1093 }
02-19 21:50:59.735   752   794 V WindowManager:     startWCT=WindowContainerTransaction { changes= {} hops= [] errorCallbackToken=null taskFragmentOrganizer=null }
02-19 21:50:59.736   752   794 V WindowManager:     info={id=1093 t=OPEN f=0x0 trk=0 r=[0@Point(0, 0)] c=[
02-19 21:50:59.736   752   794 V WindowManager:         {WCT{RemoteToken{5218fe8 Task{dd43522 #1 type=home}}} m=CHANGE f=SHOW_WALLPAPER|MOVE_TO_TOP leash=Surface(name=Task=1)/@0x8ddbd2e sb=Rect(0, 0 - 1080, 2400) eb=Rect(0, 0 - 1080, 2400) epz=Point(1080, 2400) d=0 taskParent=-1}
02-19 21:50:59.736   752   794 V WindowManager:     ]}
02-19 21:50:59.762  4449  4463 V WindowManagerShell: onTransitionReady(transaction=3229815438012)
02-19 21:50:59.764  4449  4467 V WindowManagerShell: onTransitionReady (#1093) android.os.BinderProxy@608a837: {id=1093 t=OPEN f=0x0 trk=0 r=[0@Point(0, 0)] c=[
02-19 21:50:59.764  4449  4467 V WindowManagerShell:         {m=CHANGE f=SHOW_WALLPAPER|MOVE_TO_TOP leash=Surface(name=Task=1)/@0x9867ac2 sb=Rect(0, 0 - 1080, 2400) eb=Rect(0, 0 - 1080, 2400) epz=Point(1080, 2400) d=0 taskParent=-1}
02-19 21:50:59.764  4449  4467 V WindowManagerShell:     ]}
02-19 21:50:59.765  4449  4467 V WindowManagerShell: Playing animation for (#1093) android.os.BinderProxy@608a837@0
02-19 21:50:59.765  4449  4467 V ShellRecents: RecentsTransitionHandler.startAnimation: no controller found
02-19 21:50:59.767  4449  4467 V WindowManagerShell: Transition doesn't have explicit remote, search filters for match for {id=1093 t=OPEN f=0x0 trk=0 r=[0@Point(0, 0)] c=[{m=CHANGE f=SHOW_WALLPAPER|MOVE_TO_TOP leash=Surface(name=Task=1)/@0x9867ac2 sb=Rect(0, 0 - 1080, 2400) eb=Rect(0, 0 - 1080, 2400) epz=Point(1080, 2400) d=0 taskParent=-1}]}
02-19 21:50:59.768  4449  4467 V WindowManagerShell:  Checking filter Pair{{types=[] flags=0x0] notFlags=0x0 checks=[{atype=undefined independent=true modes=[CLOSE,TO_BACK] flags=IN_TASK_WITH_EMBEDDED_ACTIVITY mustBeTask=false order=ANY topActivity=null launchCookie=null taskFragmentToken=android.os.BinderProxy@71546f0 windowingMode=undefined}]} RemoteTransition { remoteTransition = android.window.IRemoteTransition$Stub$Proxy@d4c8469, appThread = android.app.IApplicationThread$Stub$Proxy@c228eee, debugName = overlayBackTransition }}
02-19 21:50:59.770  4449  4467 V WindowManagerShell:  Checking filter Pair{{types=[] flags=0x0] notFlags=0x0 checks=[{atype=dream independent=true modes=[OPEN,TO_FRONT] flags=NONE mustBeTask=false order=ANY topActivity=null launchCookie=null windowingMode=undefined},{atype=home independent=true modes=[CLOSE,TO_BACK] flags=NONE mustBeTask=false order=ANY topActivity=null launchCookie=null windowingMode=undefined}]} RemoteTransition { remoteTransition = android.window.IRemoteTransition$Stub$Proxy@c578f8f, appThread = android.app.IApplicationThread$Stub$Proxy@69fe21c, debugName = LauncherToDream }}
02-19 21:50:59.770  4449  4467 V WindowManagerShell:  Checking filter Pair{{types=[] flags=0x0] notFlags=0x100 checks=[{atype=home independent=true modes=[OPEN,TO_FRONT] flags=NONE mustBeTask=false order=TOP topActivity=ComponentInfo{com.google.android.apps.nexuslauncher/com.google.android.apps.nexuslauncher.NexusLauncherActivity} launchCookie=null windowingMode=undefined},{atype=standard independent=true modes=[CLOSE,TO_BACK] flags=NONE mustBeTask=false order=ANY topActivity=null launchCookie=null windowingMode=undefined},{NOT atype=undefined independent=true modes=[] flags=NONE mustBeTask=true order=ANY topActivity=null launchCookie=null customAnim=true windowingMode=undefined}]} RemoteTransition { remoteTransition = android.window.IRemoteTransition$Stub$Proxy@69ffe25, appThread = android.app.IApplicationThread$Stub$Proxy@72cabfa, debugName = QuickstepLaunchHome }}
02-19 21:50:59.771  4449  4467 V WindowManagerShell:  Checking filter Pair{{types=[] flags=0x0] notFlags=0x0 checks=[{atype=undefined independent=true modes=[CLOSE,TO_BACK] flags=IN_TASK_WITH_EMBEDDED_ACTIVITY mustBeTask=false order=ANY topActivity=null launchCookie=null taskFragmentToken=android.os.BinderProxy@71546f0 windowingMode=undefined}]} RemoteTransition { remoteTransition = android.window.IRemoteTransition$Stub$Proxy@7c795ab, appThread = android.app.IApplicationThread$Stub$Proxy@cd70408, debugName = overlayBackTransition }}
02-19 21:50:59.771  4449  4467 V WindowManagerShell:  Checking filter Pair{{types=[] flags=0x0] notFlags=0x0 checks=[{atype=dream independent=true modes=[OPEN,TO_FRONT] flags=NONE mustBeTask=false order=ANY topActivity=null launchCookie=null windowingMode=undefined},{atype=home independent=true modes=[CLOSE,TO_BACK] flags=NONE mustBeTask=false order=ANY topActivity=null launchCookie=null windowingMode=undefined}]} RemoteTransition { remoteTransition = android.window.IRemoteTransition$Stub$Proxy@f757a1, appThread = android.app.IApplicationThread$Stub$Proxy@d898dc6, debugName = LauncherToDream }}
02-19 21:50:59.772  4449  4467 V WindowManagerShell:  Checking filter Pair{{types=[] flags=0x0] notFlags=0x100 checks=[{atype=home independent=true modes=[OPEN,TO_FRONT] flags=NONE mustBeTask=false order=TOP topActivity=ComponentInfo{com.google.android.apps.nexuslauncher/com.google.android.apps.nexuslauncher.NexusLauncherActivity} launchCookie=null windowingMode=undefined},{atype=standard independent=true modes=[CLOSE,TO_BACK] flags=NONE mustBeTask=false order=ANY topActivity=null launchCookie=null windowingMode=undefined},{NOT atype=undefined independent=true modes=[] flags=NONE mustBeTask=true order=ANY topActivity=null launchCookie=null customAnim=true windowingMode=undefined}]} RemoteTransition { remoteTransition = android.window.IRemoteTransition$Stub$Proxy@9e7e187, appThread = android.app.IApplicationThread$Stub$Proxy@3dc58b4, debugName = QuickstepLaunchHome }}
02-19 21:50:59.773  4449  4467 V WindowManagerShell:  Delegate animation for (#1093) to null
02-19 21:50:59.784  4449  4467 V WindowManagerShell: start default transition animation, info = {id=1093 t=OPEN f=0x0 trk=0 r=[0@Point(0, 0)] c=[{m=CHANGE f=SHOW_WALLPAPER|MOVE_TO_TOP leash=Surface(name=Task=1)/@0x9867ac2 sb=Rect(0, 0 - 1080, 2400) eb=Rect(0, 0 - 1080, 2400) epz=Point(1080, 2400) d=0 taskParent=-1}]}
02-19 21:50:59.786  4449  4467 V WindowManagerShell: Transition animation finished (aborted=false), notifying core (#1093) android.os.BinderProxy@608a837@0
02-19 21:50:59.790   752   794 V WindowManager: Finish Transition (#1093): created at 02-19 21:50:42.779 collect-started=0.082ms request-sent=11.805ms started=37.026ms ready=16902.996ms sent=16949.539ms finished=17008.757ms
02-19 21:50:59.792  4449  4467 V WindowManagerShell: Track 0 became idle
02-19 21:50:59.795  4449  4467 V WindowManagerShell: All active transition animations finished
02-19 21:50:59.795  4449  4467 V WindowManagerShell:  animated by com.android.wm.shell.transition.DefaultTransitionHandler@f74d823
02-19 21:50:59.795  4449  4467 V WindowManagerShell: Track 0 became idle
02-19 21:50:59.795  4449  4467 V WindowManagerShell: All active transition animations finished
02-19 21:50:59.801 19166 19166 I NotificationListener: Handling notification state refresh for com.google.android.adservices.api#0
02-19 21:50:59.801 19166 19166 I NotificationListener: Handling notification state refresh for android#0
02-19 21:50:59.801 19166 19166 I NotificationListener: Handling notification state refresh for com.android.systemui#0
02-19 21:50:59.805   752   805 I ActivityManager: Killing 5037:viva.republica.toss.test/u0a217 (adj -10000): start timeout
02-19 21:50:59.805 19166 19190 D QuickstepModelDelegate: notifyAppTargetEvent action=1 launchLocation=workspace/0/[-1,-1]/[1,1]
02-19 21:50:59.813   752  1095 D BackgroundInstallControlService: Package event received: 0
02-19 21:50:59.813   752  1095 D BackgroundInstallControlService: Package event received: 0
02-19 21:50:59.820 19829 19829 I Finsky  : [2] Memory trim requested to level 40
02-19 21:50:59.820 19829 19829 I Finsky  : [2] Flushing in-memory image cache
02-19 21:50:59.821  1971  2198 I AiAiEcho: Predicting[0]:  [CONTEXT sampling_count=5 ]
02-19 21:50:59.821  1971  2198 I AiAiEcho: EchoTargets: 
02-19 21:50:59.821  1971  2198 I AiAiEcho: Filtered by AiAi flag check: 
02-19 21:50:59.821  1971  2198 I AiAiEcho: [CONTEXT ratelimit_period="10 SECONDS" ]
02-19 21:50:59.822 19829 19829 I Finsky  : [2] Current account updated in PVS
02-19 21:50:59.822  1971  2198 I AiAiEcho: #remoteViewsTwiddler: feature disabled.
02-19 21:50:59.825  1971  2198 I AiAiEcho: #postPredictionTargets: Sending updates to UISurface home with targets# 0 (types=[])
02-19 21:50:59.827   752  1029 D InetDiagMessage: Destroyed 0 sockets, proto=IPPROTO_TCP, family=AF_INET, states=14
02-19 21:50:59.827 19166 19166 D SsBaseTemplateCard: No text view can be set up
02-19 21:50:59.827 19166 19166 D SsBaseTemplateCard: Passed-in item info is null
02-19 21:50:59.827 19166 19166 D SsBaseTemplateCard: Passed-in item info is null
02-19 21:50:59.827 19166 19166 D SsBaseTemplateCard: Passed-in item info is null
02-19 21:50:59.827 19166 19166 I SsBaseTemplateCard: Secondary card pane is null
02-19 21:50:59.829   752  1029 D InetDiagMessage: Destroyed 0 sockets, proto=IPPROTO_TCP, family=AF_INET6, states=14
02-19 21:50:59.829   752  1029 D InetDiagMessage: Destroyed live tcp sockets for uids={10205} in 4ms
02-19 21:50:59.831   752  1029 D InetDiagMessage: Destroyed 0 sockets, proto=IPPROTO_TCP, family=AF_INET, states=14
02-19 21:50:59.832   752  1116 W ActivityManager: No pending application record for pid 5037 (IApplicationThread android.app.IApplicationThread$Stub$Proxy@a62a690); dropping process
02-19 21:50:59.832   752   955 W UsageStatsService: Unexpected activity event reported! (viva.republica.toss.test/viva.republica.toss.test.MiniAppSchemeActivity event : 23 instanceId : 78462812)
02-19 21:50:59.839   458   458 I Zygote  : Process 5037 exited due to signal 9 (Killed)
02-19 21:50:59.840   752  1029 D InetDiagMessage: Destroyed 0 sockets, proto=IPPROTO_TCP, family=AF_INET6, states=14
02-19 21:50:59.840   752  1029 D InetDiagMessage: Destroyed live tcp sockets for uids={20205} in 11ms
02-19 21:50:59.843   752   797 W IPCThreadState: Sending oneway calls to frozen process.
02-19 21:50:59.843   752   797 W IPCThreadState: Sending oneway calls to frozen process.
02-19 21:50:59.844   752   797 W IPCThreadState: Sending oneway calls to frozen process.
02-19 21:50:59.844   752   797 W IPCThreadState: Sending oneway calls to frozen process.
02-19 21:50:59.847   752   807 I libprocessgroup: Removed cgroup /sys/fs/cgroup/apps/uid_10217/pid_5037
02-19 21:50:59.848   752   797 W ProcessStats: Tracking association SourceState{1b917ca system/1000 BFgs #27784} whose proc state 4 is better than process ProcessState{42c4ef0 com.google.android.ext.services/10208 pkg=com.google.android.ext.services} proc state 14 (9 skipped)
02-19 21:50:59.851 19166 19166 D RecentsView: onTaskRemoved: 172, not handling task stack changes
02-19 21:50:59.852 19166 19166 D RecentsView: onTaskRemoved: 172, not handling task stack changes
02-19 21:50:59.853   752   969 D ActivityManager: freezing 4656 com.google.android.adservices.api
02-19 21:50:59.858   752   969 D ActivityManager: freezing 3453 com.google.android.gms
02-19 21:50:59.874   752  1029 D InetDiagMessage: Destroyed 0 sockets, proto=IPPROTO_TCP, family=AF_INET, states=14
02-19 21:50:59.875   752  1029 D InetDiagMessage: Destroyed 0 sockets, proto=IPPROTO_TCP, family=AF_INET6, states=14
02-19 21:50:59.875   752  1029 D InetDiagMessage: Destroyed live tcp sockets for uids={10205} in 3ms
02-19 21:51:00.142 19301 19309 W SQLiteConnectionPool: A SQLiteConnection object for database '/data/user/0/com.google.android.gms/databases/metadata.db' was leaked!  Please fix your application to end transactions in progress properly and to close the database when it is no longer needed.
02-19 21:51:00.142 19301 19309 W System  : A resource failed to call SQLiteConnection.close. 
02-19 21:51:02.224   531   568 W EventThread: Faking VSYNC due to driver stall for thread app
02-19 21:51:02.284  5047  5047 W dumpsys : Thread Pool max thread count is 0. Cannot cache binder as linkToDeath cannot be implemented. serviceName: window
02-19 21:51:02.291  1245 27024 D ApfFilter: (wlan0): Ignoring RA RA fe80::2 -> ff02::1 1800s fec0::/64 86400s/14400s  which matches RA fe80::2 -> ff02::1 1800s fec0::/64 86400s/14400s 
02-19 21:51:02.294   752   780 I system_server: AssetManager2(0x7d8fac523178) locale list changing from [] to [en-US]
02-19 21:51:02.298   752   780 I system_server: AssetManager2(0x7d8fac435018) locale list changing from [] to [en-US]
02-19 21:51:02.301   752   780 I system_server: AssetManager2(0x7d8fac520f18) locale list changing from [] to [en-US]
02-19 21:51:02.304   752   780 I system_server: AssetManager2(0x7d8fac483b78) locale list changing from [] to [en-US]
02-19 21:51:02.310   752   780 I system_server: AssetManager2(0x7d8fac485798) locale list changing from [] to [en-US]
02-19 21:51:02.315   752   780 I system_server: AssetManager2(0x7d8fac4b2018) locale list changing from [] to [en-US]
02-19 21:51:02.604 20022 20022 I StylusModule: StylusModule.onUpdateToolType():801 Update tool type = 0
02-19 21:51:04.011   752  1856 E TaskPersister: File error accessing recents directory (directory doesn't exist?).
