02-19 20:20:33.973  4449  4467 V WindowManagerShell:  Checking filter Pair{{types=[] flags=0x0] notFlags=0x100 checks=[{atype=home independent=true modes=[OPEN,TO_FRONT] flags=NONE mustBeTask=false order=TOP topActivity=ComponentInfo{com.google.android.apps.nexuslauncher/com.google.android.apps.nexuslauncher.NexusLauncherActivity} launchCookie=null windowingMode=undefined},{atype=standard independent=true modes=[CLOSE,TO_BACK] flags=NONE mustBeTask=false order=ANY topActivity=null launchCookie=null windowingMode=undefined},{NOT atype=undefined independent=true modes=[] flags=NONE mustBeTask=true order=ANY topActivity=null launchCookie=null customAnim=true windowingMode=undefined}]} RemoteTransition { remoteTransition = android.window.IRemoteTransition$Stub$Proxy@9e7e187, appThread = android.app.IApplicationThread$Stub$Proxy@3dc58b4, debugName = QuickstepLaunchHome }}
02-19 20:20:33.973  4449  4467 V WindowManagerShell:  Delegate animation for (#888) to null
02-19 20:20:33.973  4449  4467 V WindowManagerShell: start default transition animation, info = {id=888 t=OPEN f=0x0 trk=0 r=[0@Point(0, 0)] c=[{m=OPEN f=NONE leash=Surface(name=Task=101)/@0xaa0ac1a sb=Rect(0, 0 - 1080, 2400) eb=Rect(0, 0 - 1080, 2400) epz=Point(1080, 2400) d=0 taskParent=-1},{m=TO_BACK f=SHOW_WALLPAPER leash=Surface(name=Task=1)/@0xf5634b sb=Rect(0, 0 - 1080, 2400) eb=Rect(0, 0 - 1080, 2400) epz=Point(1080, 2400) d=0 taskParent=-1},{m=TO_BACK f=IS_WALLPAPER leash=Surface(name=WallpaperWindowToken{35e0c0f showWhenLocked=false})/@0x3be5128 sb=Rect(0, 0 - 1080, 2400) eb=Rect(0, 0 - 1080, 2400) epz=Point(1080, 2400) d=0}]}
02-19 20:20:33.974  4449  4467 V WindowManagerShell: loadAnimation: anim=android.view.animation.AnimationSet@73b57d4 animAttr=0x13 type=OPEN isEntrance=false
02-19 20:20:33.974  4449  4467 V WindowManagerShell: loadAnimation: anim=android.view.animation.AnimationSet@aff2d7d animAttr=0x12 type=OPEN isEntrance=true
02-19 20:20:33.981  4449  4467 V WindowManagerShell:  animated by com.android.wm.shell.transition.DefaultTransitionHandler@f74d823
02-19 20:20:33.984 26431 26431 V GraphicsEnvironment: Currently set values for:
02-19 20:20:33.985 26431 26431 V GraphicsEnvironment:   angle_gl_driver_selection_pkgs=[]
02-19 20:20:33.985 26431 26431 V GraphicsEnvironment:   angle_gl_driver_selection_values=[]
02-19 20:20:33.985 26431 26431 V GraphicsEnvironment: viva.republica.toss.test is not listed in per-application setting
02-19 20:20:33.985 26431 26431 V GraphicsEnvironment: ANGLE allowlist from config: com.dreamgames.royalmatch com.dts.freefiremax com.dxx.firenow com.gramgames.mergedragons com.ludo.king com.mojang.minecraftpe com.my.defense com.nintendo.zaka com.os.airforce com.playrix.fishdomdd.gplay io.teslatech.callbreak jp.konami.prospia net.peakgames.toonblast
02-19 20:20:33.986 26431 26431 V GraphicsEnvironment: viva.republica.toss.test is not listed in ANGLE allowlist or settings, returning default
02-19 20:20:33.987 26431 26431 V GraphicsEnvironment: Neither updatable production driver nor prerelease driver is supported.
02-19 20:20:34.010 26431 26431 D CompatChangeReporter: Compat change id reported: 279646685; UID 10217; state: ENABLED
02-19 20:20:34.022 26431 26431 D nativeloader: Load /data/app/~~NUQj-rdXzuicW-16SIRtKA==/viva.republica.toss.test-Si406wFvb_sqEA2GTBV6RQ==/lib/x86_64/libmmkv.so using class loader ns clns-9 (caller=/data/app/~~NUQj-rdXzuicW-16SIRtKA==/viva.republica.toss.test-Si406wFvb_sqEA2GTBV6RQ==/base.apk): ok
02-19 20:20:34.040 26431 26431 I blica.toss.test: AssetManager2(0x7d8fac426f18) locale list changing from [] to [en-US]
02-19 20:20:34.042 26431 26431 I WebViewFactory: Loading com.google.android.webview version 133.0.6943.137 (code 694313738)
02-19 20:20:34.044 26431 26431 I blica.toss.test: AssetManager2(0x7d8fac427878) locale list changing from [] to [en-US]
02-19 20:20:34.045 26431 26431 I blica.toss.test: AssetManager2(0x7d8fac4284f8) locale list changing from [] to [en-US]
02-19 20:20:34.047 26431 26445 E ashmem  : Pinning is deprecated since Android Q. Please use trim or other methods.
02-19 20:20:34.047 26431 26431 V ResourcesManager: The following library key has been added: ResourcesKey{ mHash=a24a3099 mResDir=null mSplitDirs=[] mOverlayDirs=[] mLibDirs=[/data/app/~~86wu-kVgQoavtKNPNhKNpg==/com.google.android.webview-1KjOBROVBHjUvpUZHW2m2g==/WebViewGoogle.apk,/data/app/~~zfNTtjjfT5QjKD_7Ux4KKQ==/com.google.android.trichromelibrary_694313738-AgzLRnDhHPFXke_9IsnuqA==/TrichromeLibrary.apk] mDisplayId=0 mOverrideConfig=v36 mCompatInfo={420dpi always-compat} mLoaders=[]}
02-19 20:20:34.053 26431 26431 W blica.toss.test: Failed to find entry 'classes.dex': Entry not found
02-19 20:20:34.055 26431 26431 D nativeloader: Configuring clns-10 for other apk /data/app/~~zfNTtjjfT5QjKD_7Ux4KKQ==/com.google.android.trichromelibrary_694313738-AgzLRnDhHPFXke_9IsnuqA==/TrichromeLibrary.apk. target_sdk_version=34, uses_libraries=ALL, library_path=/data/app/~~86wu-kVgQoavtKNPNhKNpg==/com.google.android.webview-1KjOBROVBHjUvpUZHW2m2g==/lib/x86_64:/data/app/~~86wu-kVgQoavtKNPNhKNpg==/com.google.android.webview-1KjOBROVBHjUvpUZHW2m2g==/WebViewGoogle.apk!/lib/x86_64:/data/app/~~zfNTtjjfT5QjKD_7Ux4KKQ==/com.google.android.trichromelibrary_694313738-AgzLRnDhHPFXke_9IsnuqA==/TrichromeLibrary.apk!/lib/x86_64, permitted_path=/data:/mnt/expand
02-19 20:20:34.057 26431 26431 D ApplicationLoaders: Returning zygote-cached class loader: /system_ext/framework/androidx.window.extensions.jar
02-19 20:20:34.060 26431 26431 D nativeloader: Configuring clns-11 for other apk /data/app/~~86wu-kVgQoavtKNPNhKNpg==/com.google.android.webview-1KjOBROVBHjUvpUZHW2m2g==/WebViewGoogle.apk. target_sdk_version=34, uses_libraries=, library_path=/data/app/~~86wu-kVgQoavtKNPNhKNpg==/com.google.android.webview-1KjOBROVBHjUvpUZHW2m2g==/lib/x86_64:/data/app/~~86wu-kVgQoavtKNPNhKNpg==/com.google.android.webview-1KjOBROVBHjUvpUZHW2m2g==/WebViewGoogle.apk!/lib/x86_64:/data/app/~~zfNTtjjfT5QjKD_7Ux4KKQ==/com.google.android.trichromelibrary_694313738-AgzLRnDhHPFXke_9IsnuqA==/TrichromeLibrary.apk!/lib/x86_64, permitted_path=/data:/mnt/expand
02-19 20:20:34.176 26431 26431 I cr_WVCFactoryProvider: version=133.0.6943.137 (694313738) minSdkVersion=29 isBundle=false multiprocess=true packageId=2
02-19 20:20:34.221 26431 26431 D nativeloader: Load /data/app/~~zfNTtjjfT5QjKD_7Ux4KKQ==/com.google.android.trichromelibrary_694313738-AgzLRnDhHPFXke_9IsnuqA==/TrichromeLibrary.apk!/lib/x86_64/libmonochrome_64.so using class loader ns clns-11 (caller=/data/app/~~86wu-kVgQoavtKNPNhKNpg==/com.google.android.webview-1KjOBROVBHjUvpUZHW2m2g==/WebViewGoogle.apk): ok
02-19 20:20:34.223 26431 26445 D nativeloader: Configuring clns-12 for other apk . target_sdk_version=35, uses_libraries=ALL, library_path=/data/app/~~NUQj-rdXzuicW-16SIRtKA==/viva.republica.toss.test-Si406wFvb_sqEA2GTBV6RQ==/lib/x86_64:/data/app/~~NUQj-rdXzuicW-16SIRtKA==/viva.republica.toss.test-Si406wFvb_sqEA2GTBV6RQ==/base.apk!/lib/x86_64, permitted_path=/data:/mnt/expand
02-19 20:20:34.225 26431 26445 D nativeloader: Load /data/app/~~NUQj-rdXzuicW-16SIRtKA==/viva.republica.toss.test-Si406wFvb_sqEA2GTBV6RQ==/lib/x86_64/libdceb.so using isolated ns clns-12 (caller=/data/user/0/viva.republica.toss.test/Anonymous-DexFile@1467667017.jar): ok
02-19 20:20:34.228 26431 26431 D nativeloader: Load /system/lib64/libwebviewchromium_plat_support.so using class loader ns clns-11 (caller=/data/app/~~86wu-kVgQoavtKNPNhKNpg==/com.google.android.webview-1KjOBROVBHjUvpUZHW2m2g==/WebViewGoogle.apk): ok
02-19 20:20:34.236 26431 26450 E chromium: [0219/202034.234396:ERROR:variations_seed_loader.cc(39)] Seed missing signature.
02-19 20:20:34.236 26431 26450 I chromium: [0219/202034.236872:INFO:variations_seed_loader.cc(67)] Failed to open file for reading.: No such file or directory (2)
02-19 20:20:34.245   752  1095 D BackgroundInstallControlService: Package event received: 0
02-19 20:20:34.260 26431 26431 I cr_LibraryLoader: Successfully loaded native library
02-19 20:20:34.261 26431 26431 I cr_CachingUmaRecorder: Flushed 6 samples from 6 histograms, 0 samples were dropped.
02-19 20:20:34.266  4449  4467 V WindowManagerShell: Transition animation finished (aborted=false), notifying core (#888) android.os.BinderProxy@794d90c@0
02-19 20:20:34.271   752   794 V WindowManager: Finish Transition (#888): created at 02-19 20:20:29.099 collect-started=0.196ms request-sent=19.74ms started=23.016ms ready=4821.652ms sent=4832.691ms commit=48.388ms finished=5169.917ms
02-19 20:20:34.275  4449  4467 V WindowManagerShell: Track 0 became idle
02-19 20:20:34.275  4449  4467 V WindowManagerShell: All active transition animations finished
02-19 20:20:34.278 19166 19166 D VRI[NexusLauncherActivity]: visibilityChanged oldVisibility=true newVisibility=false
02-19 20:20:34.282 19166 19166 D NexusLauncherModelDelegate: notifySmartspaceEvent: SmartspaceTargetEvent{mSmartspaceTarget=null, mSmartspaceActionId='null', mEventType=7}
02-19 20:20:34.283 26431 26431 I cr_CombinedPProvider: #registerProvider() provider:WV.C8@5b63513 isPolicyCacheEnabled:false policyProvidersSize:0
02-19 20:20:34.326   752  1116 D ActivityManager: sync unfroze 19378 com.google.android.webview:webview_service for 6
02-19 20:20:34.328   752  1095 D BackgroundInstallControlService: Package event received: 0
02-19 20:20:34.332   752  1116 W IPCThreadState: Sending oneway calls to frozen process.
02-19 20:20:34.336 26431 26431 I cr_PolicyProvider: #setManagerAndSource() 0
02-19 20:20:34.351   752  2419 V GrammaticalInflectionUtils: AttributionSource: android.content.AttributionSource@9a38b6c3 does not have READ_SYSTEM_GRAMMATICAL_GENDER permission.
02-19 20:20:34.365  1263  1263 D Zygote  : Forked child process 26454
02-19 20:20:34.389   752   806 I ActivityManager: Start proc 26454:com.google.android.webview:sandboxed_process0:org.chromium.content.app.SandboxedProcessService0:0/u0i69 for  {viva.republica.toss.test/org.chromium.content.app.SandboxedProcessService0:0}
02-19 20:20:34.390   752   806 I ActivityManager: ProcessObserver broadcast disabled
02-19 20:20:34.392 26431 26431 I cr_CombinedPProvider: #linkNativeInternal() 1
02-19 20:20:34.394 26454 26454 I ocessService0:0: Using CollectorTypeCMC GC.
02-19 20:20:34.394 26431 26431 I cr_AppResProvider: #getApplicationRestrictionsFromUserManager() Bundle[EMPTY_PARCEL]
02-19 20:20:34.395 26431 26431 I cr_PolicyProvider: #notifySettingsAvailable() 0
02-19 20:20:34.395 26431 26431 I cr_CombinedPProvider: #onSettingsAvailable() 0
02-19 20:20:34.395 26431 26431 I cr_CombinedPProvider: #flushPolicies()
02-19 20:20:34.396 26454 26454 W ocessService0:0: Unexpected CPU variant for x86: x86_64.
02-19 20:20:34.396 26454 26454 W ocessService0:0: Known variants: atom, sandybridge, silvermont, goldmont, goldmont-plus, goldmont-without-sha-xsaves, tremont, kabylake, alderlake, default
02-19 20:20:34.400 26454 26454 E ocessService0:0: Not starting debugger since process cannot load the jdwp agent.
02-19 20:20:34.438   752  1095 D BackgroundInstallControlService: Package event received: 0
02-19 20:20:34.438 26454 26454 D nativeloader: Load libframework-connectivity-tiramisu-jni.so using APEX ns com_android_tethering for caller /apex/com.android.tethering/javalib/framework-connectivity-t.jar: ok
02-19 20:20:34.439   752  2417 D ActivityManager: sync unfroze 3453 com.google.android.gms for 6
02-19 20:20:34.497 26454 26454 D CompatChangeReporter: Compat change id reported: 242716250; UID 99069; state: ENABLED
02-19 20:20:34.502   752  1095 D BackgroundInstallControlService: Package event received: 0
02-19 20:20:34.520 26454 26454 D ApplicationLoaders: Returning zygote-cached class loader: /system_ext/framework/androidx.window.extensions.jar
02-19 20:20:34.527 26454 26454 I ocessService0:0: AssetManager2(0x7d8fac42ba18) locale list changing from [] to [en-US]
02-19 20:20:34.538  3453  3453 D BoundBrokerSvc: onBind: Intent { act=com.google.android.gms.safetynet.service.START xflg=0x4 pkg=com.google.android.gms }
02-19 20:20:34.538  3453  3453 D BoundBrokerSvc: Loading bound service for intent: Intent { act=com.google.android.gms.safetynet.service.START xflg=0x4 pkg=com.google.android.gms }
02-19 20:20:34.540 26431 26431 I blica.toss.test: AssetManager2(0x7d8fac4281d8) locale list changing from [] to [en-US]
02-19 20:20:34.541 26454 26454 I LoadedApk: No resource references to update in package com.google.android.trichromelibrary
02-19 20:20:34.543 26454 26454 I cr_WebViewApkApp: version=133.0.6943.137 (694313738) minSdkVersion=29 isBundle=false processName=com.google.android.webview:sandboxed_process0:org.chromium.content.app.SandboxedProcessService0:0
02-19 20:20:34.546 26431 26431 I blica.toss.test: AssetManager2(0x7d8fac425938) locale list changing from [] to [en-US]
02-19 20:20:34.548   752  1095 D BackgroundInstallControlService: Package event received: 0
02-19 20:20:34.553 26431 26431 D DesktopModeFlags: Toggle override initialized to: OVERRIDE_UNSET
02-19 20:20:34.555 26431 26431 I DisplayManager: Implicitly registering for refresh rate
02-19 20:20:34.580 26454 26454 I cr_ChildProcessService: Creating new ChildProcessService pid=26454
02-19 20:20:47.591   752   797 W ActivityTaskManager: Launch timeout has expired, giving up wake lock!
02-19 20:20:47.655 27008 27008 I wpa_supplicant: wlan0: CTRL-EVENT-BEACON-LOSS 
02-19 20:20:47.767   752  1856 E TaskPersister: File error accessing recents directory (directory doesn't exist?).
02-19 20:20:47.786 26431 26473 E chromium: [ERROR:simple_file_enumerator.cc(21)] opendir /data/user/0/viva.republica.toss.test/cache/WebView/Default/HTTP Cache/Code Cache/js: No such file or directory (2)
02-19 20:20:47.786 26431 26473 E chromium: [ERROR:simple_index_file.cc(613)] Could not reconstruct index from disk
02-19 20:20:47.800   752  1095 D BackgroundInstallControlService: Package event received: 0
02-19 20:20:47.814   752  1095 D BackgroundInstallControlService: Package event received: 0
02-19 20:20:47.880   752  1116 D ActivityManager: sync unfroze 4656 com.google.android.adservices.api for 6
02-19 20:20:47.882   752  1095 D BackgroundInstallControlService: Package event received: 0
02-19 20:20:47.886   752  2417 W ProcessStats: Tracking association SourceState{68b4212 viva.republica.toss.test/10217 BTop #24758} whose proc state 2 is better than process ProcessState{753bac8 com.google.android.webview:webview_service/10168 pkg=com.google.android.webview} proc state 15 (6 skipped)
02-19 20:20:47.908 26431 26494 D nativeloader: Load /data/app/~~NUQj-rdXzuicW-16SIRtKA==/viva.republica.toss.test-Si406wFvb_sqEA2GTBV6RQ==/lib/x86_64/libbugsnag-root-detection.so using class loader ns clns-9 (caller=/data/app/~~NUQj-rdXzuicW-16SIRtKA==/viva.republica.toss.test-Si406wFvb_sqEA2GTBV6RQ==/base.apk): ok
02-19 20:20:47.911  4656 15177 E adservices.measurement: AttributionFallbackJobService is disabled, skip scheduling
02-19 20:20:47.924  4656 26496 W adservices: Skip logging because Cobalt logger is null
02-19 20:20:47.931  4656 26498 W adservices: Skip logging because Cobalt is disabled.
02-19 20:20:47.944  4656 15177 E adservices: Encryption key fetch job is disabled, skip scheduling.
02-19 20:20:47.978   752  1116 D FileUtils: Rounded bytes from 2067259392 to 4000000000
02-19 20:20:48.044 26431 26492 D nativeloader: Load /data/app/~~NUQj-rdXzuicW-16SIRtKA==/viva.republica.toss.test-Si406wFvb_sqEA2GTBV6RQ==/lib/x86_64/libbugsnag-ndk.so using class loader ns clns-9 (caller=<unknown>): ok
02-19 20:20:48.080   752  1116 D FileUtils: Rounded bytes from 2067259392 to 4000000000
02-19 20:20:48.082 26431 26431 W BugsnagNDK: Initialization complete!
02-19 20:20:48.099 26431 26492 D nativeloader: Load /data/app/~~NUQj-rdXzuicW-16SIRtKA==/viva.republica.toss.test-Si406wFvb_sqEA2GTBV6RQ==/lib/x86_64/libbugsnag-plugin-android-anr.so using class loader ns clns-9 (caller=<unknown>): ok
02-19 20:20:48.127   752  1116 D ConnectivityService: requestNetwork for uid/pid:10217/26431 activeRequest: null callbackRequest: 852 [NetworkRequest [ REQUEST id=853, [ Capabilities: INTERNET&NOT_RESTRICTED&TRUSTED&NOT_VCN_MANAGED&NOT_BANDWIDTH_CONSTRAINED Uid: 10217 RequestorUid: 10217 RequestorPkg: viva.republica.toss.test UnderlyingNetworks: Null] ]] callback flags: 0 order: 2147483647 isUidTracked: false declaredMethods: AVAIL|UNAVAIL
02-19 20:20:48.132   752  1023 D OemPaidWifiNetworkFactory: got request NetworkRequest [ REQUEST id=853, [ Capabilities: INTERNET&NOT_RESTRICTED&TRUSTED&NOT_VCN_MANAGED&NOT_BANDWIDTH_CONSTRAINED Uid: 10217 RequestorUid: 10217 RequestorPkg: viva.republica.toss.test UnderlyingNetworks: Null] ]
02-19 20:20:48.132   752  1023 D MultiInternetWifiNetworkFactory: got request NetworkRequest [ REQUEST id=853, [ Capabilities: INTERNET&NOT_RESTRICTED&TRUSTED&NOT_VCN_MANAGED&NOT_BANDWIDTH_CONSTRAINED Uid: 10217 RequestorUid: 10217 RequestorPkg: viva.republica.toss.test UnderlyingNetworks: Null] ]
02-19 20:20:48.132   752  1023 D WifiNetworkFactory: got request NetworkRequest [ REQUEST id=853, [ Capabilities: INTERNET&NOT_RESTRICTED&TRUSTED&NOT_VCN_MANAGED&NOT_BANDWIDTH_CONSTRAINED Uid: 10217 RequestorUid: 10217 RequestorPkg: viva.republica.toss.test UnderlyingNetworks: Null] ]
02-19 20:20:48.132   752  1023 D UntrustedWifiNetworkFactory: got request NetworkRequest [ REQUEST id=853, [ Capabilities: INTERNET&NOT_RESTRICTED&TRUSTED&NOT_VCN_MANAGED&NOT_BANDWIDTH_CONSTRAINED Uid: 10217 RequestorUid: 10217 RequestorPkg: viva.republica.toss.test UnderlyingNetworks: Null] ]
02-19 20:20:48.132 26431 26431 W System.err: SLF4J: No SLF4J providers were found.
02-19 20:20:48.132   752  1029 D ConnectivityService: NetReassign [853 : null  108] [c 0] [a 1] [i 3]
02-19 20:20:48.132 26431 26431 W System.err: SLF4J: Defaulting to no-operation (NOP) logger implementation
02-19 20:20:48.132 26431 26431 W System.err: SLF4J: See https://www.slf4j.org/codes.html#noProviders for further details.
02-19 20:20:48.184   752  2417 W OptProp : Cannot read opt property android.window.PROPERTY_COMPAT_ENABLE_FAKE_FOCUS
02-19 20:20:48.184   752  2417 D CompatChangeReporter: Compat change id reported: 324203798; UID 10217; state: ENABLED
02-19 20:20:48.193   752  1095 D BackgroundInstallControlService: Package event received: 0
02-19 20:20:48.195   752  1095 D BackgroundInstallControlService: Package event received: 0
02-19 20:20:48.241 26431 26431 I Choreographer: Skipped 854 frames!  The application may be doing too much work on its main thread.
02-19 20:20:48.250 26431 26510 I CameraManagerGlobal: Connecting to camera service
02-19 20:20:48.262 26431 26436 I blica.toss.test: Background concurrent mark compact GC freed 5107KB AllocSpace bytes, 32(940KB) LOS objects, 49% free, 3141KB/6283KB, paused 5.815ms,2.328ms total 91.615ms
02-19 20:20:48.268   615 17673 I AttributionAndPermissionUtils: checkPermission (forDataDelivery 0 startDataDelivery 0): Permission hard denied for client attribution [uid 10217, pid 26431, packageName "<unknown>"]
02-19 20:20:48.336 26431 26431 I blica.toss.test: AssetManager2(0x7d8fac42ec18) locale list changing from [] to [en-US]
02-19 20:20:48.370 26431 26431 I blica.toss.test: AssetManager2(0x7d8fac431e18) locale list changing from [] to [en-US]
02-19 20:20:48.409 26431 26514 I EGL_emulation: Opening libGLESv1_CM_emulation.so
02-19 20:20:48.410 26431 26514 I EGL_emulation: Opening libGLESv2_emulation.so
02-19 20:20:48.432 26431 26514 W HWUI    : Failed to choose config with EGL_SWAP_BEHAVIOR_PRESERVED, retrying without...
02-19 20:20:48.433 26431 26514 W HWUI    : Failed to initialize 101010-2 format, error = EGL_SUCCESS
02-19 20:20:48.620 26431 26431 I blica.toss.test: AssetManager2(0x7d8fac42d638) locale list changing from [] to [en-US]
02-19 20:20:48.625 26431 26431 D CompatChangeReporter: Compat change id reported: 309578419; UID 10217; state: ENABLED
02-19 20:20:48.722 26431 26431 D CompatChangeReporter: Compat change id reported: 352594277; UID 10217; state: ENABLED
02-19 20:20:48.757 26431 26431 D CompatChangeReporter: Compat change id reported: 349153669; UID 10217; state: ENABLED
02-19 20:20:48.765 26431 26431 W HWUI    : Unknown dataspace 0
02-19 20:20:48.788 26521 26521 W dumpsys : Thread Pool max thread count is 0. Cannot cache binder as linkToDeath cannot be implemented. serviceName: package
02-19 20:20:48.937 26431 26436 I blica.toss.test: Background concurrent mark compact GC freed 1572KB AllocSpace bytes, 6(120KB) LOS objects, 49% free, 11MB/23MB, paused 12.144ms,2.207ms total 268.303ms
02-19 20:20:48.984   752   815 D KernelCpuUidUserSysTimeReader: Removing uids 99066-99066
02-19 20:20:49.344 19301 26092 I NetworkScheduler.Stats: (REDACTED) Task %s/%s started execution. cause:%s exec_start_elapsed_seconds: %s
02-19 20:20:49.348 19301 26535 I TapAndPay: deviceSupportsHce has detected emulator [CONTEXT service_id=79 ]
02-19 20:20:49.349 19301 26535 I .gms.persistent: AssetManager2(0x7d8fac4362d8) locale list changing from [] to [en-US]
02-19 20:20:49.350 19301 26535 I TapAndPay: NfcAdapter is null while obtaining CardEmulation instance. [CONTEXT service_id=79 ]
02-19 20:20:49.351 25968 25988 I artd    : GetBestInfo: odex next to the dex file (/data/app/~~O-UZzK0jUU9NLgS3MODOZA==/com.google.android.gms-YQ2L6GsYyKuvu9MvIBK1EQ==/oat/x86_64/base.odex) is kOatUpToDate with filter 'speed-profile' executable 'false'
02-19 20:20:49.381 25968 25989 I artd    : GetBestInfo: odex next to the dex file (/data/app/~~O-UZzK0jUU9NLgS3MODOZA==/com.google.android.gms-YQ2L6GsYyKuvu9MvIBK1EQ==/oat/x86_64/split_AdsDynamite_installtime.odex) is kOatUpToDate with filter 'speed' executable 'false'
02-19 20:20:49.393 25968 25989 I artd    : GetBestInfo: odex next to the dex file (/data/app/~~O-UZzK0jUU9NLgS3MODOZA==/com.google.android.gms-YQ2L6GsYyKuvu9MvIBK1EQ==/oat/x86_64/split_CronetDynamite_installtime.odex) is kOatUpToDate with filter 'speed' executable 'false'
02-19 20:20:49.398 25968 25988 I artd    : GetBestInfo: odex next to the dex file (/data/app/~~O-UZzK0jUU9NLgS3MODOZA==/com.google.android.gms-YQ2L6GsYyKuvu9MvIBK1EQ==/oat/x86_64/split_DynamiteLoader_installtime.odex) is kOatUpToDate with filter 'speed' executable 'false'
02-19 20:20:49.403 25968 25968 I artd    : GetBestInfo: odex next to the dex file (/data/app/~~O-UZzK0jUU9NLgS3MODOZA==/com.google.android.gms-YQ2L6GsYyKuvu9MvIBK1EQ==/oat/x86_64/split_DynamiteModulesA_installtime.odex) is kOatUpToDate with filter 'speed' executable 'false'
02-19 20:20:49.428 25968 25968 I artd    : GetBestInfo: odex next to the dex file (/data/app/~~O-UZzK0jUU9NLgS3MODOZA==/com.google.android.gms-YQ2L6GsYyKuvu9MvIBK1EQ==/oat/x86_64/split_DynamiteModulesC_installtime.odex) is kOatUpToDate with filter 'speed' executable 'false'
02-19 20:20:49.431 25968 25968 I artd    : GetBestInfo: odex next to the dex file (/data/app/~~O-UZzK0jUU9NLgS3MODOZA==/com.google.android.gms-YQ2L6GsYyKuvu9MvIBK1EQ==/oat/x86_64/split_GoogleCertificates_installtime.odex) is kOatUpToDate with filter 'speed' executable 'false'
02-19 20:20:49.434 25968 25968 I artd    : GetBestInfo: odex next to the dex file (/data/app/~~O-UZzK0jUU9NLgS3MODOZA==/com.google.android.gms-YQ2L6GsYyKuvu9MvIBK1EQ==/oat/x86_64/split_MapsDynamite_installtime.odex) is kOatUpToDate with filter 'speed' executable 'false'
02-19 20:20:49.437 25968 25968 I artd    : GetBestInfo: odex next to the dex file (/data/app/~~O-UZzK0jUU9NLgS3MODOZA==/com.google.android.gms-YQ2L6GsYyKuvu9MvIBK1EQ==/oat/x86_64/split_MeasurementDynamite_installtime.odex) is kOatUpToDate with filter 'speed' executable 'false'
02-19 20:20:49.439 25968 25968 I artd    : GetBestInfo: /data/app/~~O-UZzK0jUU9NLgS3MODOZA==/com.google.android.gms-YQ2L6GsYyKuvu9MvIBK1EQ==/split_maps_core_dynamite_ondemand.apk has no usable artifacts
02-19 20:20:49.445 25968 25968 I artd    : GetBestInfo: /data/user_de/0/com.google.android.gms/app_chimera/m/0000000c/dl-Appsearch.optional_250834100800.apk has no usable artifacts
02-19 20:20:49.445 25968 25968 I artd    : GetBestInfo: /data/user_de/0/com.google.android.gms/app_chimera/m/00000001/CronetDynamite.apk has no usable artifacts
02-19 20:20:49.447 25968 26537 I artd    : GetBestInfo: /data/user_de/0/com.google.android.gms/app_chimera/m/00000002/DynamiteLoader.apk has no usable artifacts
02-19 20:20:49.447 25968 26537 I artd    : GetBestInfo: /data/user_de/0/com.google.android.gms/app_chimera/m/00000005/GoogleCertificates.apk has no usable artifacts
02-19 20:20:49.450 25968 26537 I artd    : GetBestInfo: /data/user_de/0/com.google.android.gms/app_chimera/m/00000009/dl-TfliteDynamiteDynamite.integ_252130102100800.apk has no usable artifacts
02-19 20:20:49.452 25968 26537 I artd    : GetBestInfo: vdex next to the dex file (/data/user/0/com.google.android.gms/app_dg_cache/BF7C023AB90CCF01D1F467FC1CEBAF866511FF29/oat/x86_64/the.vdex) is kOatUpToDate with filter 'verify' executable 'false'
02-19 20:20:49.455 25968 25968 I artd    : GetBestInfo: /data/user_de/0/com.google.android.gms/app_chimera/m/00000010/dl-PlayCloudSearch.optional_250834100000.apk has no usable artifacts
02-19 20:20:49.458 19301 26535 I NetworkScheduler.Stats: (REDACTED) Task %s/%s finished executing. cause:%s result: %s elapsed_millis: %s uptime_millis: %s exec_start_elapsed_seconds: %s
02-19 20:20:49.458 25968 26537 I artd    : GetBestInfo: /data/user_de/0/com.google.android.gms/app_chimera/m/00000017/dl-PlayCloudSearch.optional_260438100000.apk has no usable artifacts
02-19 20:20:49.461 25968 26537 I artd    : GetBestInfo: /data/user_de/0/com.google.android.gms/app_chimera/m/00000015/dl-MlkitOcrCommon.optional_260438100800.apk has no usable artifacts
02-19 20:20:49.465 25968 26537 I artd    : GetBestInfo: /data/user_de/0/com.google.android.gms/app_chimera/m/00000013/dl-MlkitBarcodeUi.optional_260438100800.apk has no usable artifacts
02-19 20:20:49.471 25968 25968 I artd    : GetBestInfo: /data/user_de/0/com.google.android.gms/app_chimera/m/0000000f/dl-MlkitOcrCommon.optional_250834100800.apk has no usable artifacts
02-19 20:20:49.474 25968 26537 I artd    : GetBestInfo: /data/user_de/0/com.google.android.gms/app_chimera/m/0000000d/dl-VisionOcr.optional_250834100000.apk has no usable artifacts
02-19 20:20:49.479 25968 25968 I artd    : GetBestInfo: /data/user_de/0/com.google.android.gms/app_chimera/m/0000000a/dl-MlkitBarcodeUi.optional_250834100800.apk has no usable artifacts
02-19 20:20:49.481 25968 26537 I artd    : GetBestInfo: /data/user_de/0/com.google.android.gms/app_chimera/m/00000011/dl-VisionOcr.optional_260438100000.apk has no usable artifacts
02-19 20:20:49.484 25968 25968 I artd    : GetBestInfo: /data/user_de/0/com.google.android.gms/app_chimera/m/00000012/dl-Appsearch.optional_260438100800.apk has no usable artifacts
02-19 20:20:49.487 25968 26537 I artd    : GetBestInfo: vdex next to the dex file (/data/user/0/com.google.android.gms/app_dg_cache/94DF452EEF4B8E717545DCDEA6CC3C50A319A195/oat/x86_64/the.vdex) is kOatUpToDate with filter 'verify' executable 'false'
02-19 20:20:49.491 19301 26535 I NetworkScheduler.Stats: (REDACTED) Task %s/%s started execution. cause:%s exec_start_elapsed_seconds: %s
02-19 20:20:49.526 25968 25968 I artd    : GetBestInfo: /data/user_de/0/com.google.android.gms/app_chimera/m/00000007/MeasurementDynamite.apk has no usable artifacts
02-19 20:20:49.529 25968 26537 I artd    : GetBestInfo: /data/user_de/0/com.google.android.gms/app_chimera/m/00000018/dl-AdsFdrDynamite.integ_254380203100000.apk has no usable artifacts
02-19 20:20:49.644   752  2417 D CoreBackPreview: Window{46fdcd4 u0 viva.republica.toss.test/im.toss.rn.granite.core.GraniteActivity}: Setting back callback OnBackInvokedCallbackInfo{mCallback=android.window.IOnBackInvokedCallback$Stub$Proxy@b19b2dd, mPriority=0, mIsAnimationCallback=false, mOverrideBehavior=0}
02-19 20:20:49.647 26431 26431 W unknown:ReactRootView: Unable to update root layout specs for uninitialized ReactInstanceManager
02-19 20:20:49.728 26431 26431 V SoLoader: Init System Loader delegate
02-19 20:20:49.742 26431 26440 I HWUI    : Davey! duration=948ms; Flags=1, FrameTimelineVsyncId=2140911, IntendedVsync=111522621145952, Vsync=111522704479282, InputEventId=0, HandleInputStart=111522706080917, AnimationStart=111522706113917, PerformTraversalsStart=111522706162917, DrawStart=111523540323917, FrameDeadline=111522637812618, FrameStartTime=111522706050917, FrameInterval=16666666, WorkloadTarget=16666666, SyncQueued=111523541098917, SyncStart=111523545282917, IssueDrawCommandsStart=111523545968917, SwapBuffers=111523549277917, FrameCompleted=111523573392917, DequeueBufferDuration=410000, QueueBufferDuration=1467000, GpuCompleted=111523573392917, SwapBuffersCompleted=111523560176917, DisplayPresentTime=2662, CommandSubmissionCompleted=111523549277917, 
02-19 20:20:49.767   752   794 I ActivityTaskManager: Displayed viva.republica.toss.test/im.toss.rn.granite.core.GraniteActivity for user 0: +20s652ms
02-19 20:20:49.793   752   775 I system_server: Background concurrent mark compact GC freed 23MB AllocSpace bytes, 36(720KB) LOS objects, 41% free, 33MB/57MB, paused 4.881ms,4.197ms total 512.860ms
02-19 20:20:49.957 26431 26431 I Choreographer: Skipped 56 frames!  The application may be doing too much work on its main thread.
02-19 20:20:50.363   752   777 W System  : A resource failed to call release. 
02-19 20:20:50.370   752   989 I ImeTracker: viva.republica.toss.test:25b0be78: onRequestHide at ORIGIN_SERVER reason HIDE_UNSPECIFIED_WINDOW fromUser false
02-19 20:20:50.397 20022 20022 I GoogleInputMethodService: GoogleInputMethodService.onFinishInput():2043 
02-19 20:20:50.400 20022 20022 I Module  : DeviceLockedStatusModuleProvider$Module.updateDeviceLockedStatus():100 repeatCheckTimes = 0, locked = false
02-19 20:20:50.415 20022 20022 I GoogleInputMethodService: GoogleInputMethodService.onStartInput():1293 onStartInput(EditorInfo{EditorInfo{packageName=viva.republica.toss.test, inputType=0, inputTypeString=NULL, enableLearning=false, autoCorrection=false, autoComplete=false, imeOptions=0, privateImeOptions=null, actionName=UNSPECIFIED, actionLabel=null, initialSelStart=-1, initialSelEnd=-1, initialCapsMode=0, label=null, fieldId=0, fieldName=null, extras=null, hintText=null, hintLocales=[]}}, false)
02-19 20:20:50.418 20022 20022 I EmojiCompatManager: EmojiCompatManager.getEmojiCompatIfLoaded():343 EmojiCompat.init() was never called.
02-19 20:20:50.418 20022 20022 I EmojiCompatManager: java.lang.IllegalStateException: EmojiCompat is not initialized. Please call EmojiCompat.init() first
02-19 20:20:50.418 20022 20022 I EmojiCompatManager: 	at asx.p(PG:6)
02-19 20:20:50.418 20022 20022 I EmojiCompatManager: 	at axb.b(PG:13)
02-19 20:20:50.418 20022 20022 I EmojiCompatManager: 	at jnr.b(PG:2)
02-19 20:20:50.418 20022 20022 I EmojiCompatManager: 	at jnr.c(PG:4)
02-19 20:20:50.418 20022 20022 I EmojiCompatManager: 	at jnr.f(PG:3)
02-19 20:20:50.418 20022 20022 I EmojiCompatManager: 	at jnx.c(PG:3)
02-19 20:20:50.418 20022 20022 I EmojiCompatManager: 	at kif.cz(PG:47)
02-19 20:20:50.418 20022 20022 I EmojiCompatManager: 	at lhl.run(PG:1025)
02-19 20:20:50.418 20022 20022 I EmojiCompatManager: 	at jaf.execute(PG:12)
02-19 20:20:50.418 20022 20022 I EmojiCompatManager: 	at nco.v(PG:13)
02-19 20:20:50.418 20022 20022 I EmojiCompatManager: 	at lhn.m(PG:96)
02-19 20:20:50.418 20022 20022 I EmojiCompatManager: 	at lhn.k(PG:25)
02-19 20:20:50.418 20022 20022 I EmojiCompatManager: 	at kgn.onStartInput(PG:250)
02-19 20:20:50.418 20022 20022 I EmojiCompatManager: 	at android.inputmethodservice.InputMethodService.doStartInput(InputMethodService.java:3521)
02-19 20:20:50.418 20022 20022 I EmojiCompatManager: 	at android.inputmethodservice.InputMethodService$InputMethodImpl.startInput(InputMethodService.java:879)
02-19 20:20:50.418 20022 20022 I EmojiCompatManager: 	at android.inputmethodservice.InputMethodService$InputMethodImpl.dispatchStartInput(InputMethodService.java:908)
02-19 20:20:50.418 20022 20022 I EmojiCompatManager: 	at android.inputmethodservice.IInputMethodWrapper.executeMessage(IInputMethodWrapper.java:201)
02-19 20:20:50.418 20022 20022 I EmojiCompatManager: 	at com.android.internal.os.HandlerCaller$MyHandler.handleMessage(HandlerCaller.java:44)
02-19 20:20:50.418 20022 20022 I EmojiCompatManager: 	at android.os.Handler.dispatchMessage(Handler.java:110)
02-19 20:20:50.418 20022 20022 I EmojiCompatManager: 	at android.os.Looper.loopOnce(Looper.java:248)
02-19 20:20:50.418 20022 20022 I EmojiCompatManager: 	at android.os.Looper.loop(Looper.java:338)
02-19 20:20:50.418 20022 20022 I EmojiCompatManager: 	at android.app.ActivityThread.main(ActivityThread.java:9067)
02-19 20:20:50.418 20022 20022 I EmojiCompatManager: 	at java.lang.reflect.Method.invoke(Native Method)
02-19 20:20:50.418 20022 20022 I EmojiCompatManager: 	at com.android.internal.os.RuntimeInit$MethodAndArgsCaller.run(RuntimeInit.java:593)
02-19 20:20:50.418 20022 20022 I EmojiCompatManager: 	at com.android.internal.os.ZygoteInit.main(ZygoteInit.java:932)
02-19 20:20:50.420 20022 20022 I Module  : DeviceLockedStatusModuleProvider$Module.updateDeviceLockedStatus():100 repeatCheckTimes = 1, locked = false
02-19 20:20:50.428 19301 20014 I FontLog : (REDACTED) Received query %s, URI %s
02-19 20:20:50.431 19301 20014 I FontLog : (REDACTED) Query [%s] resolved to %s
02-19 20:20:50.432   752   777 W System  : A resource failed to call release. 
02-19 20:20:50.445 26431 26431 D InsetsController: hide(ime(), fromIme=false)
02-19 20:20:50.446 26431 26431 I ImeTracker: viva.republica.toss.test:25b0be78: onCancelled at PHASE_CLIENT_ALREADY_HIDDEN
02-19 20:20:50.450   752  2500 W PackageConfigPersister: App-specific configuration not found for packageName: viva.republica.toss.test and userId: 0
02-19 20:20:50.457 19301 20014 I FontLog : (REDACTED) Fetch %s end status %s
02-19 20:20:50.462   752  2419 I ImeTracker: system_server:f98f0144: onRequestHide at ORIGIN_SERVER reason IME_REQUESTED_CHANGED_LISTENER fromUser false
02-19 20:20:50.462 26431 26431 E unknown:ReactRootView: Unhandled SoftException
02-19 20:20:50.462 26431 26431 E unknown:ReactRootView: com.facebook.react.uimanager.IllegalViewOperationException: Trying to attach a ReactRootView with an explicit id already set to [2131362676]. React Native uses the id field to track react tags and will overwrite this field. If that is fine, explicitly overwrite the id field to View.NO_ID.
02-19 20:20:50.462 26431 26431 E unknown:ReactRootView: 	at com.facebook.react.ReactRootView.attachToReactInstanceManager(:799)
02-19 20:20:50.462 26431 26431 E unknown:ReactRootView: 	at com.facebook.react.ReactRootView.startReactApplication(:509)
02-19 20:20:50.462 26431 26431 E unknown:ReactRootView: 	at com.facebook.react.ReactRootView.startReactApplication(:469)
02-19 20:20:50.462 26431 26431 E unknown:ReactRootView: 	at im.toss.rn.granite.core.GraniteActivity.write(:486)
02-19 20:20:50.462 26431 26431 E unknown:ReactRootView: 	at im.toss.rn.granite.core.GraniteActivity.RemoteActionCompatParcelizer(:124)
02-19 20:20:50.462 26431 26431 E unknown:ReactRootView: 	at im.toss.rn.granite.core.GraniteActivity$RemoteActionCompatParcelizer.IconCompatParcelizer(:65353)
02-19 20:20:50.462 26431 26431 E unknown:ReactRootView: 	at o.sh.a_(:33)
02-19 20:20:50.462 26431 26431 E unknown:ReactRootView: 	at o.xP.run(:100)
02-19 20:20:50.462 26431 26431 E unknown:ReactRootView: 	at android.os.Handler.handleCallback(Handler.java:995)
02-19 20:20:50.462 26431 26431 E unknown:ReactRootView: 	at android.os.Handler.dispatchMessage(Handler.java:103)
02-19 20:20:50.462 26431 26431 E unknown:ReactRootView: 	at android.os.Looper.loopOnce(Looper.java:248)
02-19 20:20:50.462 26431 26431 E unknown:ReactRootView: 	at android.os.Looper.loop(Looper.java:338)
02-19 20:20:50.462 26431 26431 E unknown:ReactRootView: 	at android.app.ActivityThread.main(ActivityThread.java:9067)
02-19 20:20:50.462 26431 26431 E unknown:ReactRootView: 	at java.lang.reflect.Method.invoke(Native Method)
02-19 20:20:50.462 26431 26431 E unknown:ReactRootView: 	at com.android.internal.os.RuntimeInit$MethodAndArgsCaller.run(RuntimeInit.java:593)
02-19 20:20:50.462 26431 26431 E unknown:ReactRootView: 	at com.android.internal.os.ZygoteInit.main(ZygoteInit.java:932)
02-19 20:20:50.467 19166 19166 D BaseDepthController: setSurface:
02-19 20:20:50.467 19166 19166 D BaseDepthController: 	mWaitingOnSurfaceValidity: false
02-19 20:20:50.467 19166 19166 D BaseDepthController: 	mBaseSurface: null
02-19 20:20:50.468 19301 20014 I FontLog : (REDACTED) Pulling font file for id = %d, cache size = %d
02-19 20:20:50.468 19166 19166 D BaseDepthController: mSurface is null and mCurrentBlur is: 0
02-19 20:20:50.463  4449  4474 W WindowOnBackDispatcher: sendCancelIfRunning: isInProgress=false callback=android.view.ViewRootImpl$$ExternalSyntheticLambda13@4bf2cd3
02-19 20:20:50.488 19166 19166 D StateManager: goToState - fromState: Normal, toState: Normal, partial trace:
02-19 20:20:50.488 19166 19166 D StateManager: 	at com.android.launcher3.statemanager.StateManager.moveToRestState(go/retraceme 72a59688580715d19f0e415c69e80376c2f062d1648c80db6730905005a27c20:4)
02-19 20:20:50.488 19166 19166 D StateManager: 	at com.android.launcher3.statemanager.StateManager.moveToRestState(go/retraceme 72a59688580715d19f0e415c69e80376c2f062d1648c80db6730905005a27c20:1)
02-19 20:20:50.488 19166 19166 D StateManager: 	at com.android.launcher3.statemanager.StatefulActivity.onStop(go/retraceme 72a59688580715d19f0e415c69e80376c2f062d1648c80db6730905005a27c20:34)
02-19 20:20:50.489 19166 19166 D StatsLog: LAUNCHER_ONSTOP
02-19 20:20:50.506 26431 26431 D CompatChangeReporter: Compat change id reported: 270674727; UID 10217; state: ENABLED
02-19 20:20:50.509   752  2375 D CoreBackPreview: Window{94d7efa u0 Splash Screen viva.republica.toss.test EXITING}: Setting back callback null
02-19 20:20:50.515   752   797 W IPCThreadState: Sending oneway calls to frozen process.
02-19 20:20:50.518 19166 19166 D StatsLog: LAUNCHER_GOOGLE_SEARCH_RESTORE_LIST_SIZE_AFTER_ACTIVITY_RESTART
02-19 20:20:50.521 19301 20014 I FontLog : (REDACTED) Pulling font file for id = %d, cache size = %d
02-19 20:20:50.526   752   797 W IPCThreadState: Sending oneway calls to frozen process.
02-19 20:20:50.531   752   797 W IPCThreadState: Sending oneway calls to frozen process.
02-19 20:20:50.531   752   797 W IPCThreadState: Sending oneway calls to frozen process.
02-19 20:20:50.531   752   797 W IPCThreadState: Sending oneway calls to frozen process.
02-19 20:20:50.531   752   797 W IPCThreadState: Sending oneway calls to frozen process.
02-19 20:20:50.532   752   797 W IPCThreadState: Sending oneway calls to frozen process.
02-19 20:20:50.647 26431 26431 D CompatChangeReporter: Compat change id reported: 63938206; UID 10217; state: ENABLED
02-19 20:20:50.653 26431 26556 W unknown:ReconnectingWebSocket: Couldn't connect to "ws://10.0.2.2:8081/message?device=sdk_gphone64_x86_64%20-%2016%20-%20API%2036&app=viva.republica.toss.test&clientid=BridgeDevSupportManager", will silently retry
02-19 20:20:50.670   752   797 W IPCThreadState: Sending oneway calls to frozen process.
02-19 20:20:50.671   752   797 W IPCThreadState: Sending oneway calls to frozen process.
02-19 20:20:50.671   752   797 W IPCThreadState: Sending oneway calls to frozen process.
02-19 20:20:50.672   752   797 W IPCThreadState: Sending oneway calls to frozen process.
02-19 20:20:50.672   752   797 W IPCThreadState: Sending oneway calls to frozen process.
02-19 20:20:50.673   752   797 W IPCThreadState: Sending oneway calls to frozen process.
02-19 20:20:50.711 26431 26557 W unknown:InspectorPackagerConnection: Couldn't connect to packager, will silently retry
02-19 20:20:50.735   752  1790 D CoreBackPreview: Window{dfd7526 u0 PopupWindow:5688f4f}: Setting back callback OnBackInvokedCallbackInfo{mCallback=android.window.IOnBackInvokedCallback$Stub$Proxy@755ff14, mPriority=0, mIsAnimationCallback=false, mOverrideBehavior=0}
02-19 20:20:50.757   752   797 I ImeTracker: system_server:f98f0144: onCancelled at PHASE_SERVER_SHOULD_HIDE
02-19 20:20:50.825   752  1095 D BackgroundInstallControlService: Package event received: 0
02-19 20:20:51.005 19166 19172 W System  : A resource failed to call release. 
02-19 20:20:51.005 19166 19172 W System  : A resource failed to call release. 
02-19 20:20:51.006 19166 19172 W System  : A resource failed to call release. 
02-19 20:20:51.027 19166 19172 W System  : A resource failed to call release. 
02-19 20:20:51.027 19166 19172 W System  : A resource failed to call release. 
02-19 20:20:51.027 19166 19172 W System  : A resource failed to call release. 
02-19 20:20:51.034   752   795 W Looper  : Slow dispatch took 350ms android.ui app=system_server main=false group=TOP_APP h=com.android.server.am.ActivityManagerService$UiHandler c=com.android.server.am.UidObserverController$$ExternalSyntheticLambda0@6a2cd6d m=0
02-19 20:20:51.035   752   795 W Looper  : Slow delivery took 329ms android.ui app=system_server main=false group=TOP_APP h=com.android.server.am.ActivityManagerService$UiHandler c=null m=31
02-19 20:20:52.409 26563 26563 W dumpsys : Thread Pool max thread count is 0. Cannot cache binder as linkToDeath cannot be implemented. serviceName: window
02-19 20:20:52.420   752  1790 I system_server: AssetManager2(0x7d8fac445cd8) locale list changing from [] to [en-US]
02-19 20:20:52.427   752  1790 I system_server: AssetManager2(0x7d8fac4d10f8) locale list changing from [] to [en-US]
02-19 20:20:52.431   752  1790 I system_server: AssetManager2(0x7d8fac493ed8) locale list changing from [] to [en-US]
02-19 20:20:52.435   752  1790 I system_server: AssetManager2(0x7d8fac4e23f8) locale list changing from [] to [en-US]
02-19 20:20:52.439   752  1790 I system_server: AssetManager2(0x7d8fac4debb8) locale list changing from [] to [en-US]
02-19 20:20:52.444   752  1790 I system_server: AssetManager2(0x7d8fac4deed8) locale list changing from [] to [en-US]
02-19 20:20:53.383 26568 26568 W screencap: Thread Pool max thread count is 0. Cannot cache binder as linkToDeath cannot be implemented. serviceName: SurfaceFlingerAIDL
02-19 20:20:53.384 26568 26568 W BpBinder: Linking to death on android.gui.ISurfaceComposer but there are no threads (yet?) listening to incoming transactions. See ProcessState::startThreadPool and ProcessState::setThreadPoolMaxThreadCount. Generally you should setup the binder threadpool before other initialization steps.
02-19 20:20:53.385 26568 26568 W ProcessState: Extra binder thread started, but 0 threads requested. Do not use *startThreadPool when zero threads are requested.
02-19 20:20:53.394   531   549 E HwcComposer: getLuts failed Status(-8, EX_SERVICE_SPECIFIC): '8: '
02-19 20:20:53.395   531   549 E HWComposer: getLuts: getLuts failed for display 4619827259835644672: UNSUPPORTED (8)
02-19 20:20:53.404 26431 26431 W WindowOnBackDispatcher: sendCancelIfRunning: isInProgress=false callback=android.view.ViewRootImpl$$ExternalSyntheticLambda13@cc27eba
02-19 20:20:53.406   752  2500 D CoreBackPreview: Window{dfd7526 u0 PopupWindow:5688f4f}: Setting back callback null
02-19 20:20:53.488 26431 26570 D nativeloader: Load /data/app/~~NUQj-rdXzuicW-16SIRtKA==/viva.republica.toss.test-Si406wFvb_sqEA2GTBV6RQ==/lib/x86_64/libc++_shared.so using class loader ns clns-9 (caller=<unknown>): ok
02-19 20:20:53.491 26431 26570 D nativeloader: Load /data/app/~~NUQj-rdXzuicW-16SIRtKA==/viva.republica.toss.test-Si406wFvb_sqEA2GTBV6RQ==/lib/x86_64/libglog.so using class loader ns clns-9 (caller=<unknown>): ok
02-19 20:20:53.493 26431 26570 D nativeloader: Load /data/app/~~NUQj-rdXzuicW-16SIRtKA==/viva.republica.toss.test-Si406wFvb_sqEA2GTBV6RQ==/lib/x86_64/libfolly_runtime.so using class loader ns clns-9 (caller=<unknown>): ok
02-19 20:20:53.494 26431 26570 D nativeloader: Load /data/app/~~NUQj-rdXzuicW-16SIRtKA==/viva.republica.toss.test-Si406wFvb_sqEA2GTBV6RQ==/lib/x86_64/libfbjni.so using class loader ns clns-9 (caller=<unknown>): ok
02-19 20:20:53.497 26431 26570 D nativeloader: Load /data/app/~~NUQj-rdXzuicW-16SIRtKA==/viva.republica.toss.test-Si406wFvb_sqEA2GTBV6RQ==/lib/x86_64/libjsi.so using class loader ns clns-9 (caller=<unknown>): ok
02-19 20:20:53.592 26431 26570 D nativeloader: Load /data/app/~~NUQj-rdXzuicW-16SIRtKA==/viva.republica.toss.test-Si406wFvb_sqEA2GTBV6RQ==/lib/x86_64/libhermes.so using class loader ns clns-9 (caller=<unknown>): ok
02-19 20:20:53.600 26431 26570 D nativeloader: Load /data/app/~~NUQj-rdXzuicW-16SIRtKA==/viva.republica.toss.test-Si406wFvb_sqEA2GTBV6RQ==/lib/x86_64/libfb.so using class loader ns clns-9 (caller=<unknown>): ok
02-19 20:20:53.606 26431 26570 D nativeloader: Load /data/app/~~NUQj-rdXzuicW-16SIRtKA==/viva.republica.toss.test-Si406wFvb_sqEA2GTBV6RQ==/lib/x86_64/libyoga.so using class loader ns clns-9 (caller=<unknown>): ok
02-19 20:20:53.614 26431 26570 D nativeloader: Load /data/app/~~NUQj-rdXzuicW-16SIRtKA==/viva.republica.toss.test-Si406wFvb_sqEA2GTBV6RQ==/lib/x86_64/libruntimeexecutor.so using class loader ns clns-9 (caller=<unknown>): ok
02-19 20:20:53.615 26431 26570 D nativeloader: Load /data/app/~~NUQj-rdXzuicW-16SIRtKA==/viva.republica.toss.test-Si406wFvb_sqEA2GTBV6RQ==/lib/x86_64/libreact_debug.so using class loader ns clns-9 (caller=<unknown>): ok
02-19 20:20:53.617 26431 26570 D nativeloader: Load /data/app/~~NUQj-rdXzuicW-16SIRtKA==/viva.republica.toss.test-Si406wFvb_sqEA2GTBV6RQ==/lib/x86_64/libglog_init.so using class loader ns clns-9 (caller=<unknown>): ok
02-19 20:20:53.619 26431 26570 D nativeloader: Load /data/app/~~NUQj-rdXzuicW-16SIRtKA==/viva.republica.toss.test-Si406wFvb_sqEA2GTBV6RQ==/lib/x86_64/libreact_utils.so using class loader ns clns-9 (caller=<unknown>): ok
02-19 20:20:53.621 26431 26570 D nativeloader: Load /data/app/~~NUQj-rdXzuicW-16SIRtKA==/viva.republica.toss.test-Si406wFvb_sqEA2GTBV6RQ==/lib/x86_64/libreact_render_mapbuffer.so using class loader ns clns-9 (caller=<unknown>): ok
02-19 20:20:53.622 26431 26570 D nativeloader: Load /data/app/~~NUQj-rdXzuicW-16SIRtKA==/viva.republica.toss.test-Si406wFvb_sqEA2GTBV6RQ==/lib/x86_64/libreact_render_graphics.so using class loader ns clns-9 (caller=<unknown>): ok
02-19 20:20:53.624 26431 26570 D nativeloader: Load /data/app/~~NUQj-rdXzuicW-16SIRtKA==/viva.republica.toss.test-Si406wFvb_sqEA2GTBV6RQ==/lib/x86_64/libreact_render_debug.so using class loader ns clns-9 (caller=<unknown>): ok
02-19 20:20:53.728 26431 26570 D nativeloader: Load /data/app/~~NUQj-rdXzuicW-16SIRtKA==/viva.republica.toss.test-Si406wFvb_sqEA2GTBV6RQ==/lib/x86_64/libreact_render_core.so using class loader ns clns-9 (caller=<unknown>): ok
02-19 20:20:53.731 26431 26570 D nativeloader: Load /data/app/~~NUQj-rdXzuicW-16SIRtKA==/viva.republica.toss.test-Si406wFvb_sqEA2GTBV6RQ==/lib/x86_64/libreact_render_runtimescheduler.so using class loader ns clns-9 (caller=<unknown>): ok
02-19 20:20:53.733 26431 26570 D nativeloader: Load /data/app/~~NUQj-rdXzuicW-16SIRtKA==/viva.republica.toss.test-Si406wFvb_sqEA2GTBV6RQ==/lib/x86_64/liblogger.so using class loader ns clns-9 (caller=<unknown>): ok
02-19 20:20:53.737 26431 26570 D nativeloader: Load /data/app/~~NUQj-rdXzuicW-16SIRtKA==/viva.republica.toss.test-Si406wFvb_sqEA2GTBV6RQ==/lib/x86_64/libreactperfloggerjni.so using class loader ns clns-9 (caller=<unknown>): ok
02-19 20:20:53.739 26431 26570 D nativeloader: Load /data/app/~~NUQj-rdXzuicW-16SIRtKA==/viva.republica.toss.test-Si406wFvb_sqEA2GTBV6RQ==/lib/x86_64/libjsinspector.so using class loader ns clns-9 (caller=<unknown>): ok
02-19 20:20:53.792 26431 26570 D nativeloader: Load /data/app/~~NUQj-rdXzuicW-16SIRtKA==/viva.republica.toss.test-Si406wFvb_sqEA2GTBV6RQ==/lib/x86_64/libreactnativejni.so using class loader ns clns-9 (caller=<unknown>): ok
02-19 20:20:53.875   752  1029 D InetDiagMessage: Destroyed 0 sockets, proto=IPPROTO_TCP, family=AF_INET, states=14
02-19 20:20:53.875   752  1029 D InetDiagMessage: Destroyed 0 sockets, proto=IPPROTO_TCP, family=AF_INET6, states=14
02-19 20:20:53.875 26431 26570 D nativeloader: Load /data/app/~~NUQj-rdXzuicW-16SIRtKA==/viva.republica.toss.test-Si406wFvb_sqEA2GTBV6RQ==/lib/x86_64/libhermes_executor.so using class loader ns clns-9 (caller=<unknown>): ok
02-19 20:20:53.876   752  1029 D InetDiagMessage: Destroyed live tcp sockets for uids={10168} in 2ms
02-19 20:20:53.876   752  1029 D InetDiagMessage: Destroyed 0 sockets, proto=IPPROTO_TCP, family=AF_INET, states=14
02-19 20:20:53.877   752  1029 D InetDiagMessage: Destroyed 0 sockets, proto=IPPROTO_TCP, family=AF_INET6, states=14
02-19 20:20:53.877   752  1029 D InetDiagMessage: Destroyed live tcp sockets for uids={20168} in 1ms
02-19 20:20:53.932 26431 26570 D ApplicationLoaders: Returning zygote-cached class loader: /system/framework/org.apache.http.legacy.jar
02-19 20:20:53.932 26431 26570 D ApplicationLoaders: Returning zygote-cached class loader: /system/framework/com.android.location.provider.jar
02-19 20:20:53.932 26431 26570 D ApplicationLoaders: Returning zygote-cached class loader: /system/framework/com.android.media.remotedisplay.jar
02-19 20:20:53.932 26431 26570 D ApplicationLoaders: Returning zygote-cached class loader: /system_ext/framework/androidx.window.extensions.jar
02-19 20:20:53.932 26431 26570 D ApplicationLoaders: Returning zygote-cached class loader: /system_ext/framework/androidx.window.sidecar.jar
