02-19 14:35:05.683  7804  7939 I HWUI    : Davey! duration=1344ms; Flags=1, FrameTimelineVsyncId=1632012, IntendedVsync=90778155309064, Vsync=90778155309064, InputEventId=0, HandleInputStart=90778171804181, AnimationStart=90778171804911, PerformTraversalsStart=90778172023557, DrawStart=90778215108193, FrameDeadline=90778171975730, FrameStartTime=90778171802056, FrameInterval=16666666, WorkloadTarget=16666666, SyncQueued=90778217661108, SyncStart=90778225848563, IssueDrawCommandsStart=90778226865822, SwapBuffers=90778227278940, FrameCompleted=90779508369724, DequeueBufferDuration=4765, QueueBufferDuration=350138, GpuCompleted=90779508369724, SwapBuffersCompleted=90778229331792, DisplayPresentTime=0, CommandSubmissionCompleted=90778227278940, 
02-19 14:35:05.706  4449  4467 V ShellRecents: [262766045] RecentsController.setInputConsumerEnabled: set focus to recents
02-19 14:35:05.801  7804  7804 D StateManager: cancelAnimation - with ongoing animation, partial trace:
02-19 14:35:05.801  7804  7804 D StateManager: 	at com.android.launcher3.statemanager.StateManager.setCurrentAnimation(go/retraceme 72a59688580715d19f0e415c69e80376c2f062d1648c80db6730905005a27c20:15)
02-19 14:35:05.801  7804  7804 D StateManager: 	at com.android.quickstep.TaskViewUtils.composeRecentsLaunchAnimator(go/retraceme 72a59688580715d19f0e415c69e80376c2f062d1648c80db6730905005a27c20:129)
02-19 14:35:05.801  7804  7804 D StateManager: 	at com.android.quickstep.views.TaskView.launchAsLiveTile(go/retraceme 72a59688580715d19f0e415c69e80376c2f062d1648c80db6730905005a27c20:269)
02-19 14:35:05.805  7804  7804 D KeyboardInsetsHandler: setState, toState:Background StateManager(mLastStableState:Normal, mCurrentStableState:Background, mState:Background, mRestState:Normal, isInTransition:false)
02-19 14:35:05.806  7804  7804 D StateManager: onStateTransitionEnd - state: Background
02-19 14:35:05.810  7804  7804 D TaskView: launchAsLiveTile - composeRecentsLaunchAnimator: [56]
02-19 14:35:05.878  3794  3860 I Finsky  : [61] Stats for Executor: BlockingExecutor uww@2864db2[Running, pool size = 0, active threads = 0, queued tasks = 0, completed tasks = 25]
02-19 14:35:05.878  3794  3860 I Finsky  : [61] Stats for Executor: LightweightExecutor uww@6530880[Running, pool size = 3, active threads = 0, queued tasks = 0, completed tasks = 767]
02-19 14:35:05.879  3794  3860 I Finsky  : [61] Stats for Executor: bgExecutor uww@f1ceb9[Running, pool size = 4, active threads = 0, queued tasks = 0, completed tasks = 147]
02-19 14:35:06.148   488  1424 I RanchuHwc: logCompositionFallbackIfChanged: layer 1036 CompositionType fallback from 2 to 1
02-19 14:35:06.148   488  1424 I RanchuHwc: logCompositionFallbackIfChanged: layer 1037 CompositionType fallback from 2 to 1
02-19 14:35:06.170  7804  7804 D RecentsView: finishRecentsAnimation - mRecentsAnimationController: com.android.quickstep.RecentsAnimationController@b4cb4e5
02-19 14:35:06.171  7804  7804 D RecentsView: cleanupRemoteTargets - mRemoteTargetHandles: [com.android.quickstep.RemoteTargetGluer$RemoteTargetHandle@6e4cce9]
02-19 14:35:06.174  4449  4467 V ShellRecents: [262766045] RecentsController.finishInner: toHome=false userLeave=false willFinishToHome=true state=0 hasPausingTasks=true reason=requested
02-19 14:35:06.174  4449  4467 V ShellRecents:   normal finish
02-19 14:35:06.174  4449  4467 V ShellRecents: [262766045] RecentsController.finishInner: Completing finish
02-19 14:35:06.175  4449  4467 V ShellRecents: [262766045] RecentsController.cleanup
02-19 14:35:06.175  4449  4467 V WindowManagerShell: Transition animation finished (aborted=false), notifying core (#560) android.os.BinderProxy@b952db4@0
02-19 14:35:06.198  7804  7804 D StateManager: goToState - fromState: Background, toState: Overview, partial trace:
02-19 14:35:06.198  7804  7804 D StateManager: 	at com.android.quickstep.BaseActivityInterface$DefaultAnimationFactory.lambda$createContainerInterface$0(go/retraceme 72a59688580715d19f0e415c69e80376c2f062d1648c80db6730905005a27c20:28)
02-19 14:35:06.198  7804  7804 D StateManager: 	at com.android.quickstep.BaseActivityInterface$DefaultAnimationFactory.a(go/retraceme 72a59688580715d19f0e415c69e80376c2f062d1648c80db6730905005a27c20:1)
02-19 14:35:06.198  7804  7804 D StateManager: 	at com.android.quickstep.y.run(go/retraceme 72a59688580715d19f0e415c69e80376c2f062d1648c80db6730905005a27c20:5)
02-19 14:35:06.199  7804  7804 D StatsLog: LAUNCHER_ONRESUME
02-19 14:35:06.200  7804  7804 D StateManager: onStateTransitionStart - state: Overview
02-19 14:35:06.205  7804  7804 D KeyboardInsetsHandler: setState, toState:Overview StateManager(mLastStableState:Normal, mCurrentStableState:Background, mState:Overview, mRestState:Normal, isInTransition:false)
02-19 14:35:06.210  7804  7804 D StateManager: onStateTransitionEnd - state: Overview
02-19 14:35:06.211  7804  7823 D QuickstepModelDelegate: notifyAppTargetEvent action=1 launchLocation=
02-19 14:35:06.212  7804  7804 I AiAiSuggestUi: Clearing suggestions.
02-19 14:35:06.213  7804  7804 I AiAiSuggestUi: Requesting to show indicators
02-19 14:35:06.213  7804  7804 I AiAiSuggestUi: Fetching contents, isPrimaryTask = true
02-19 14:35:06.215  7804  7804 D StatsLog: LAUNCHER_OVERVIEW_GESTURE
02-19 14:35:06.216  7804  7804 D OverviewCommandHelper: switching via recents animation - onTransitionComplete: CommandInfo(type=TOGGLE, status=PROCESSING, createTime=90778101, animationCallbacks=com.android.quickstep.RecentsAnimationCallbacks@687b3b7, displayId=0, isLastOfBatch=true)
02-19 14:35:06.216  7804  7804 D OverviewCommandHelper: command executed: CommandInfo(type=TOGGLE, status=PROCESSING, createTime=90778101, animationCallbacks=com.android.quickstep.RecentsAnimationCallbacks@687b3b7, displayId=0, isLastOfBatch=true) with result: true
02-19 14:35:06.216  7804  7804 D OverviewCommandHelper: command executed successfully! CommandInfo(type=TOGGLE, status=COMPLETED, createTime=90778101, animationCallbacks=com.android.quickstep.RecentsAnimationCallbacks@687b3b7, displayId=0, isLastOfBatch=true)
02-19 14:35:06.216  7804  7804 D OverviewCommandHelper: no pending commands to be executed.
02-19 14:35:06.216  7804  7804 D ContextTracker: Unregistering callback: com.android.launcher3.LauncherInitListener@ae709ad, reason=AbsSwipeUpHandler.invalidateHandler
02-19 14:35:06.219  7804  7804 D OverviewActionsView: updateForGroupedTask() called with: isGroupedTask = [false], canSaveAppPair = [false]
02-19 14:35:06.219  7804  7804 D OverviewActionsView: updateActionButtonsVisibility() called: showSingleTaskActions = [true], showGroupActions = [false]
02-19 14:35:06.220  7804  7804 D OverviewActionsView: updateForGroupedTask() called with: isGroupedTask = [false], canSaveAppPair = [false]
02-19 14:35:06.220  1971  2198 I AiAiEcho: Predicting[0]:  [CONTEXT sampling_count=5 ]
02-19 14:35:06.220  7804  7804 D OverviewActionsView: updateActionButtonsVisibility() called: showSingleTaskActions = [true], showGroupActions = [false]
02-19 14:35:06.220  1971  2198 I AiAiEcho: EchoTargets: 
02-19 14:35:06.220  1971  2198 I AiAiEcho: Filtered by AiAi flag check: 
02-19 14:35:06.220  1971  2198 I AiAiEcho: [CONTEXT ratelimit_period="10 SECONDS" ]
02-19 14:35:06.220  7804  7804 D RecentsView: onGestureAnimationEnd - mEnableDrawingLiveTile: true
02-19 14:35:06.220  1971  2198 I AiAiEcho: #remoteViewsTwiddler: feature disabled.
02-19 14:35:06.220  1971  2198 I AiAiEcho: #postPredictionTargets: Sending updates to UISurface home with targets# 0 (types=[])
02-19 14:35:06.221  7804  7804 D RecentsView: cleanupRemoteTargets - mRemoteTargetHandles: null
02-19 14:35:06.233  7804  7804 I NotificationListener: Handling notification state refresh for com.google.android.adservices.api#0
02-19 14:35:06.234  7804  7804 I NotificationListener: Handling notification state refresh for android#0
02-19 14:35:06.234  7804  7804 I NotificationListener: Handling notification state refresh for com.android.systemui#0
02-19 14:35:06.239  7804  7804 D SsBaseTemplateCard: No text view can be set up
02-19 14:35:06.239  7804  7804 D SsBaseTemplateCard: Passed-in item info is null
02-19 14:35:06.239  7804  7804 D SsBaseTemplateCard: Passed-in item info is null
02-19 14:35:06.239  7804  7804 D SsBaseTemplateCard: Passed-in item info is null
02-19 14:35:06.239  7804  7804 I SsBaseTemplateCard: Secondary card pane is null
02-19 14:35:06.244   752  2502 E TransitionChain: Can't collect into a chain with no transition
02-19 14:35:06.246   752   794 V WindowManager: Finish Transition (#560): created at 02-19 14:35:04.269 collect-started=0.14ms started=0.166ms ready=55.942ms sent=119.285ms commit=1278.093ms finished=1975.297ms
02-19 14:35:06.246   752   794 W Looper  : Drained
02-19 14:35:06.258  7804  7804 W FrameTracker: Missed SF frame:JANK_COMPOSER, 1632113, 55721328, CUJ=J<LAUNCHER_APP_SWIPE_TO_RECENTS>
02-19 14:35:06.258  7804  7804 W FrameTracker: Missed App frame:UNKNOWN: 3, 1632136, 70843919, CUJ=J<LAUNCHER_APP_SWIPE_TO_RECENTS>
02-19 14:35:06.258  7804  7804 W FrameTracker: Missed SF frame:UNKNOWN: 3, 1632136, 70843919, CUJ=J<LAUNCHER_APP_SWIPE_TO_RECENTS>
02-19 14:35:06.258  7804  7804 W FrameTracker: Missed App frame:UNKNOWN: 3, 1632173, 66882078, CUJ=J<LAUNCHER_APP_SWIPE_TO_RECENTS>
02-19 14:35:06.258  7804  7804 W FrameTracker: Missed SF frame:UNKNOWN: 3, 1632173, 66882078, CUJ=J<LAUNCHER_APP_SWIPE_TO_RECENTS>
02-19 14:35:06.258  7804  7804 W FrameTracker: Missed App frame:JANK_APPLICATION, 1632199, 84333038, CUJ=J<LAUNCHER_APP_SWIPE_TO_RECENTS>
02-19 14:35:06.258  7804  7804 W FrameTracker: Missed App frame:UNKNOWN: 3, 1632254, 54894143, CUJ=J<LAUNCHER_APP_SWIPE_TO_RECENTS>
02-19 14:35:06.258  7804  7804 W FrameTracker: Missed SF frame:UNKNOWN: 3, 1632254, 54894143, CUJ=J<LAUNCHER_APP_SWIPE_TO_RECENTS>
02-19 14:35:06.258  7804  7804 W FrameTracker: Missed SF frame:JANK_COMPOSER, 1632299, 52224965, CUJ=J<LAUNCHER_APP_SWIPE_TO_RECENTS>
02-19 14:35:06.258  7804  7804 W FrameTracker: Missed App frame:UNKNOWN: 3, 1632321, 67361956, CUJ=J<LAUNCHER_APP_SWIPE_TO_RECENTS>
02-19 14:35:06.258  7804  7804 W FrameTracker: Missed SF frame:UNKNOWN: 3, 1632321, 67361956, CUJ=J<LAUNCHER_APP_SWIPE_TO_RECENTS>
02-19 14:35:06.258  7804  7804 W FrameTracker: Missed App frame:UNKNOWN: 3, 1632344, 76716530, CUJ=J<LAUNCHER_APP_SWIPE_TO_RECENTS>
02-19 14:35:06.259  7804  7804 W FrameTracker: Missed SF frame:UNKNOWN: 3, 1632344, 76716530, CUJ=J<LAUNCHER_APP_SWIPE_TO_RECENTS>
02-19 14:35:06.259  7804  7804 W FrameTracker: Missed App frame:UNKNOWN: 3, 1632359, 131894776, CUJ=J<LAUNCHER_APP_SWIPE_TO_RECENTS>
02-19 14:35:06.259  7804  7804 W FrameTracker: Missed SF frame:UNKNOWN: 3, 1632359, 131894776, CUJ=J<LAUNCHER_APP_SWIPE_TO_RECENTS>
02-19 14:35:06.259  7804  7804 W FrameTracker: Missed App frame:JANK_APPLICATION, 1632417, 100860690, CUJ=J<LAUNCHER_APP_SWIPE_TO_RECENTS>
02-19 14:35:06.259  7804  7804 W FrameTracker: Missed App frame:UNKNOWN: 3, 1632440, 105177283, CUJ=J<LAUNCHER_APP_SWIPE_TO_RECENTS>
02-19 14:35:06.259  7804  7804 W FrameTracker: Missed SF frame:UNKNOWN: 3, 1632440, 105177283, CUJ=J<LAUNCHER_APP_SWIPE_TO_RECENTS>
02-19 14:35:06.261  4449  4467 V WindowManagerShell: Track 0 became idle
02-19 14:35:06.261  4449  4467 V WindowManagerShell: All active transition animations finished
02-19 14:35:06.261  4449  4467 V ShellRecents: [262766045] RecentsController.finishInner: calling finish callback
02-19 14:35:06.262  4449  4467 D WindowManagerShell: setLauncherKeepClearAreaHeight: visible=true, height=527
02-19 14:35:06.263   752   797 V WindowManager: Unknown focus tokens, dropping reportFocusChanged
02-19 14:35:06.276   752  1095 D BackgroundInstallControlService: Package event received: 0
02-19 14:35:06.291   752  1095 D BackgroundInstallControlService: Package event received: 0
02-19 14:35:06.311  7804  7804 D RecentsView: onRecentsAnimationComplete - mRecentsAnimationController: com.android.quickstep.RecentsAnimationController@b4cb4e5, mSideTaskLaunchCallback: null
02-19 14:35:06.317  4449  4531 V ShellRecents: [262766045] RecentsController.detachNavigationBarFromApp
02-19 14:35:06.411  7804  8176 I AiAiSuggestUi: Request suggestContentSelections complete, took: 135
02-19 14:35:06.411  7804  8176 I AiAiSuggestUi: Fetched content back in callback
02-19 14:35:06.417   752   989 I ImeTracker: com.google.android.apps.nexuslauncher:37728444: onRequestHide at ORIGIN_SERVER reason HIDE_UNSPECIFIED_WINDOW fromUser false
02-19 14:35:06.436  1563  1563 I GoogleInputMethodService: GoogleInputMethodService.onFinishInput():2043 
02-19 14:35:06.445  7804  7804 D StateManager: goToState - fromState: Overview, toState: Normal, partial trace:
02-19 14:35:06.445  7804  7804 D StateManager: 	at com.android.launcher3.statemanager.StateManager.moveToRestState(go/retraceme 72a59688580715d19f0e415c69e80376c2f062d1648c80db6730905005a27c20:4)
02-19 14:35:06.445  7804  7804 D StateManager: 	at com.android.launcher3.statemanager.StateManager.moveToRestState(go/retraceme 72a59688580715d19f0e415c69e80376c2f062d1648c80db6730905005a27c20:1)
02-19 14:35:06.445  7804  7804 D StateManager: 	at com.android.quickstep.TaskViewUtils$9.lambda$onAnimationSuccess$0(go/retraceme 72a59688580715d19f0e415c69e80376c2f062d1648c80db6730905005a27c20:1)
02-19 14:35:06.446  7804  7804 D RecentsView: finishRecentsAnimation - mRecentsAnimationController: null
02-19 14:35:06.446  7804  7804 D RecentsView: cleanupRemoteTargets - mRemoteTargetHandles: null
02-19 14:35:06.449   752  1509 I ImeTracker: system_server:c624db90: onRequestHide at ORIGIN_SERVER reason IME_REQUESTED_CHANGED_LISTENER fromUser false
02-19 14:35:06.449  1563  1563 I Module  : DeviceLockedStatusModuleProvider$Module.updateDeviceLockedStatus():100 repeatCheckTimes = 0, locked = false
02-19 14:35:06.450  1563  1563 I GoogleInputMethodService: GoogleInputMethodService.onStartInput():1293 onStartInput(EditorInfo{EditorInfo{packageName=com.google.android.apps.nexuslauncher, inputType=0, inputTypeString=NULL, enableLearning=false, autoCorrection=false, autoComplete=false, imeOptions=0, privateImeOptions=null, actionName=UNSPECIFIED, actionLabel=null, initialSelStart=-1, initialSelEnd=-1, initialCapsMode=0, label=null, fieldId=0, fieldName=null, extras=null, hintText=null, hintLocales=[]}}, false)
02-19 14:35:06.453  7804  7804 I AiAiSuggestUi: Display indicators
02-19 14:35:06.454  7804  7804 D InsetsController: hide(ime(), fromIme=false)
02-19 14:35:06.454  7804  7804 I ImeTracker: com.google.android.apps.nexuslauncher:37728444: onCancelled at PHASE_CLIENT_ALREADY_HIDDEN
02-19 14:35:06.459  1563  1563 I Module  : DeviceLockedStatusModuleProvider$Module.updateDeviceLockedStatus():100 repeatCheckTimes = 1, locked = false
02-19 14:35:06.461  1563  1563 I EmojiCompatManager: EmojiCompatManager.getEmojiCompatIfLoaded():343 EmojiCompat.init() was never called.
02-19 14:35:06.461  1563  1563 I EmojiCompatManager: java.lang.IllegalStateException: EmojiCompat is not initialized. Please call EmojiCompat.init() first
02-19 14:35:06.461  1563  1563 I EmojiCompatManager: 	at asx.p(PG:6)
02-19 14:35:06.461  1563  1563 I EmojiCompatManager: 	at axb.b(PG:13)
02-19 14:35:06.461  1563  1563 I EmojiCompatManager: 	at jnr.b(PG:2)
02-19 14:35:06.461  1563  1563 I EmojiCompatManager: 	at jnr.c(PG:4)
02-19 14:35:06.461  1563  1563 I EmojiCompatManager: 	at jnr.f(PG:3)
02-19 14:35:06.461  1563  1563 I EmojiCompatManager: 	at jnx.c(PG:3)
02-19 14:35:06.461  1563  1563 I EmojiCompatManager: 	at kif.cz(PG:47)
02-19 14:35:06.461  1563  1563 I EmojiCompatManager: 	at lhl.run(PG:1025)
02-19 14:35:06.461  1563  1563 I EmojiCompatManager: 	at jaf.execute(PG:12)
02-19 14:35:06.461  1563  1563 I EmojiCompatManager: 	at nco.v(PG:13)
02-19 14:35:06.461  1563  1563 I EmojiCompatManager: 	at lhn.m(PG:96)
02-19 14:35:06.461  1563  1563 I EmojiCompatManager: 	at lhn.k(PG:25)
02-19 14:35:06.461  1563  1563 I EmojiCompatManager: 	at kgn.onStartInput(PG:250)
02-19 14:35:06.461  1563  1563 I EmojiCompatManager: 	at android.inputmethodservice.InputMethodService.doStartInput(InputMethodService.java:3521)
02-19 14:35:06.461  1563  1563 I EmojiCompatManager: 	at android.inputmethodservice.InputMethodService$InputMethodImpl.startInput(InputMethodService.java:879)
02-19 14:35:06.461  1563  1563 I EmojiCompatManager: 	at android.inputmethodservice.InputMethodService$InputMethodImpl.dispatchStartInput(InputMethodService.java:908)
02-19 14:35:06.461  1563  1563 I EmojiCompatManager: 	at android.inputmethodservice.IInputMethodWrapper.executeMessage(IInputMethodWrapper.java:201)
02-19 14:35:06.461  1563  1563 I EmojiCompatManager: 	at com.android.internal.os.HandlerCaller$MyHandler.handleMessage(HandlerCaller.java:44)
02-19 14:35:06.461  1563  1563 I EmojiCompatManager: 	at android.os.Handler.dispatchMessage(Handler.java:110)
02-19 14:35:06.461  1563  1563 I EmojiCompatManager: 	at android.os.Looper.loopOnce(Looper.java:248)
02-19 14:35:06.461  1563  1563 I EmojiCompatManager: 	at android.os.Looper.loop(Looper.java:338)
02-19 14:35:06.461  1563  1563 I EmojiCompatManager: 	at android.app.ActivityThread.main(ActivityThread.java:9067)
02-19 14:35:06.461  1563  1563 I EmojiCompatManager: 	at java.lang.reflect.Method.invoke(Native Method)
02-19 14:35:06.461  1563  1563 I EmojiCompatManager: 	at com.android.internal.os.RuntimeInit$MethodAndArgsCaller.run(RuntimeInit.java:593)
02-19 14:35:06.461  1563  1563 I EmojiCompatManager: 	at com.android.internal.os.ZygoteInit.main(ZygoteInit.java:932)
02-19 14:35:06.465   752  1509 W PackageConfigPersister: App-specific configuration not found for packageName: com.google.android.apps.nexuslauncher and userId: 0
02-19 14:35:06.468   752   797 I ImeTracker: system_server:c624db90: onCancelled at PHASE_SERVER_SHOULD_HIDE
02-19 14:35:06.475  7804  7804 D StateManager: onStateTransitionStart - state: Normal
02-19 14:35:06.476  7804  7804 D RecentsView: updateTaskStackListenerState: false
02-19 14:35:06.498  7804  7804 D OverviewActionsView: updateForGroupedTask() called with: isGroupedTask = [false], canSaveAppPair = [false]
02-19 14:35:06.498  7804  7804 D OverviewActionsView: updateActionButtonsVisibility() called: showSingleTaskActions = [true], showGroupActions = [false]
02-19 14:35:06.501  7388  8063 I ReactNativeJNI: Memory warning (pressure level: TRIM_MEMORY_UI_HIDDEN) received by JS VM, ignoring because it's non-severe
02-19 14:35:06.502   752  1095 D BackgroundInstallControlService: Package event received: 0
02-19 14:35:06.505  7388  7599 I ReactNativeJNI: Memory warning (pressure level: TRIM_MEMORY_UI_HIDDEN) received by JS VM, ignoring because it's non-severe
02-19 14:35:06.517  7388  7977 I ReactNativeJNI: Memory warning (pressure level: TRIM_MEMORY_UI_HIDDEN) received by JS VM, ignoring because it's non-severe
02-19 14:35:06.554   752  1095 D BackgroundInstallControlService: Package event received: 0
02-19 14:35:06.591   488  1424 I RanchuHwc: logCompositionFallbackIfChanged: layer 1038 CompositionType fallback from 2 to 1
02-19 14:35:06.782  7804  7804 D StateManager: onStateTransitionEnd - state: Normal
02-19 14:35:06.786  7804  7804 D RecentsView: reset - mEnableDrawingLiveTile: true, mRecentsAnimationController: null
02-19 14:35:06.787  7804  7804 I AiAiSuggestUi: Clearing suggestions.
02-19 14:35:06.788  7804  7804 I AiAiSuggestUi: Clearing suggestions.
02-19 14:35:06.789  7804  7804 D ActivityAllAppsContainerView: rebindAdapters: force: false
02-19 14:35:06.789  7804  7804 D ActivityAllAppsContainerView: rebindAdapters: Not needed.
02-19 14:35:06.850  7804  7804 D OverviewActionsView: updateForGroupedTask() called with: isGroupedTask = [false], canSaveAppPair = [false]
02-19 14:35:06.850  7804  7804 D OverviewActionsView: updateActionButtonsVisibility() called: showSingleTaskActions = [true], showGroupActions = [false]
02-19 14:35:07.344   752   795 W ActivityTaskManager: callingPackage for (uid=-1, pid=0) has no WPC
02-19 14:35:07.345   752   795 W ActivityStartInterceptor: Starting home with component specified, uid=0
02-19 14:35:07.345   752   795 W OptProp : Cannot read opt property android.window.PROPERTY_COMPAT_ALLOW_USER_ASPECT_RATIO_OVERRIDE
02-19 14:35:07.348   752   795 W OptProp : Cannot read opt property android.window.PROPERTY_COMPAT_ALLOW_USER_ASPECT_RATIO_FULLSCREEN_OVERRIDE
02-19 14:35:07.348   752   795 W OptProp : Cannot read opt property android.window.PROPERTY_COMPAT_ALLOW_RESIZEABLE_ACTIVITY_OVERRIDES
02-19 14:35:07.349   752   795 W OptProp : Cannot read opt property android.window.PROPERTY_COMPAT_ALLOW_MIN_ASPECT_RATIO_OVERRIDE
02-19 14:35:07.349   752   795 V GrammaticalInflectionUtils: AttributionSource: android.content.AttributionSource@1abea79a does not have READ_SYSTEM_GRAMMATICAL_GENDER permission.
02-19 14:35:07.349  4449  4449 I vol.VolumeDialogImpl: mDialog.dismiss() reason: volume_controller from: com.android.systemui.volume.VolumeDialogImpl$7.onDismissRequested:3
02-19 14:35:07.353  4449   613 D KeyguardService: setOccluded(false)
02-19 14:35:07.353  4449   613 D KeyguardViewMediator: setOccluded(false)
02-19 14:35:07.354  4449  4449 D KeyguardViewMediator: handleSetOccluded(false)
02-19 14:35:07.354   752   795 I ActivityTaskManager: START u0 {act=android.intent.action.MAIN cat=[android.intent.category.HOME] flg=0x10000100 cmp=com.google.android.apps.nexuslauncher/.NexusLauncherActivity (has extras)} with LAUNCH_SINGLE_TASK from uid 0 (BAL_ALLOW_ALLOWLISTED_UID) result code=3
02-19 14:35:07.355  4449  4449 D KeyguardViewMediator: KeyguardViewMediator queue processing message: SET_OCCLUDED
02-19 14:35:07.355  7804  7804 W SplitSelectStateCtor: Missing session instanceIds
02-19 14:35:07.355  7804  7804 D StatsLog: LAUNCHER_SPLIT_SELECTION_EXIT_INTERRUPTED
02-19 14:35:07.356  7804  7804 D TFOManager: playPanelCloseAnimation() duration=200 traceTag=LauncherOverlay-hide isHomeButtonTap=true
02-19 14:35:07.356  7804  7804 D TFOManager: Skipped creating panel close animation because -1 is invisible.
02-19 14:35:07.356  7804  7804 D OverviewCommandHelper: clearing pending commands: []
02-19 14:35:07.357  4449  4467 D WindowManagerShell: onActivityRestartAttempt: topActivity=ComponentInfo{com.google.android.apps.nexuslauncher/com.google.android.apps.nexuslauncher.NexusLauncherActivity}, wasVisible=true
02-19 14:35:07.358   531   603 I BpBinder: onLastStrongRef automatically unlinking death recipients: 
02-19 14:35:07.358  7804  7804 D StatsLog: LAUNCHER_ONRESUME
02-19 14:35:07.363  7804  7804 I NotificationListener: Handling notification state refresh for com.google.android.adservices.api#0
02-19 14:35:07.363  7804  7804 I NotificationListener: Handling notification state refresh for android#0
02-19 14:35:07.363  7804  7804 I NotificationListener: Handling notification state refresh for com.android.systemui#0
02-19 14:35:07.363  7804  7823 D QuickstepModelDelegate: notifyAppTargetEvent action=1 launchLocation=workspace/0/[-1,-1]/[1,1]
02-19 14:35:07.366  1971  2198 I AiAiEcho: Predicting[0]:  [CONTEXT sampling_count=5 ]
02-19 14:35:07.366  1971  2198 I AiAiEcho: EchoTargets: 
02-19 14:35:07.366  1971  2198 I AiAiEcho: Filtered by AiAi flag check: 
02-19 14:35:07.366  1971  2198 I AiAiEcho: [CONTEXT ratelimit_period="10 SECONDS" ]
02-19 14:35:07.366  1971  2198 I AiAiEcho: #remoteViewsTwiddler: feature disabled.
02-19 14:35:07.367  1971  2198 I AiAiEcho: #postPredictionTargets: Sending updates to UISurface home with targets# 0 (types=[])
02-19 14:35:07.368  7804  7804 D SsBaseTemplateCard: No text view can be set up
02-19 14:35:07.368  7804  7804 D SsBaseTemplateCard: Passed-in item info is null
02-19 14:35:07.368  7804  7804 D SsBaseTemplateCard: Passed-in item info is null
02-19 14:35:07.368  7804  7804 D SsBaseTemplateCard: Passed-in item info is null
02-19 14:35:07.368  7804  7804 I SsBaseTemplateCard: Secondary card pane is null
02-19 14:35:08.740   531   568 W EventThread: Faking VSYNC due to driver stall for thread app
02-19 14:35:08.777  8186  8186 W dumpsys : Thread Pool max thread count is 0. Cannot cache binder as linkToDeath cannot be implemented. serviceName: window
02-19 14:35:09.049   752   775 I system_server: Background concurrent mark compact GC freed 23MB AllocSpace bytes, 40(824KB) LOS objects, 42% free, 32MB/56MB, paused 1.100ms,2.120ms total 219.176ms
02-19 14:35:09.088   752  1852 W ActivityTaskManager: callingPackage for (uid=2000, pid=8191) has no WPC
02-19 14:35:09.089   752  1852 V GrammaticalInflectionUtils: AttributionSource: android.content.AttributionSource@56784557 does not have READ_SYSTEM_GRAMMATICAL_GENDER permission.
02-19 14:35:09.090   752  1852 W OptProp : Cannot read opt property android.window.PROPERTY_COMPAT_ALLOW_USER_ASPECT_RATIO_OVERRIDE
02-19 14:35:09.090   752  1852 W OptProp : Cannot read opt property android.window.PROPERTY_COMPAT_ALLOW_USER_ASPECT_RATIO_FULLSCREEN_OVERRIDE
02-19 14:35:09.090   752  1852 W OptProp : Cannot read opt property android.window.PROPERTY_COMPAT_ALLOW_RESIZEABLE_ACTIVITY_OVERRIDES
02-19 14:35:09.090   752  1852 W OptProp : Cannot read opt property android.window.PROPERTY_COMPAT_ALLOW_MIN_ASPECT_RATIO_OVERRIDE
02-19 14:35:09.093   752  1852 W OptProp : Cannot read opt property android.window.PROPERTY_COMPAT_ALLOW_ORIENTATION_OVERRIDE
02-19 14:35:09.093   531   548 I BpBinder: onLastStrongRef automatically unlinking death recipients: 
02-19 14:35:09.100  4449  4474 I ndroid.systemui: AssetManager2(0x7d8fac483b78) locale list changing from [] to [en-US]
02-19 14:35:09.102   752  1852 I ActivityTaskManager: START u0 {act=android.intent.action.VIEW dat=intoss://takealook/... flg=0x10000000 xflg=0x4 cmp=viva.republica.toss.test/im.toss.rn.granite.core.GraniteActivity} with LAUNCH_MULTIPLE from uid 2000 (BAL_ALLOW_PERMISSION) result code=0
02-19 14:35:09.103  4449  4467 V WindowManagerShell: Transition requested (#562): android.os.BinderProxy@9b95b81 TransitionRequestInfo { type = OPEN, triggerTask = TaskInfo{userId=0 taskId=56 effectiveUid=10217 displayId=0 isRunning=true baseIntent=Intent { act=android.intent.action.VIEW dat=intoss://takealook/... flg=0x10000000 pkg=viva.republica.toss.test cmp=viva.republica.toss.test/.MiniAppSchemeActivity } baseActivity=ComponentInfo{viva.republica.toss.test/im.toss.rn.granite.core.GraniteActivity} topActivity=ComponentInfo{viva.republica.toss.test/im.toss.rn.granite.core.GraniteActivity} origActivity=null realActivity=ComponentInfo{viva.republica.toss.test/viva.republica.toss.test.MiniAppSchemeActivity} numActivities=33 lastActiveTime=90775148 supportsMultiWindow=true resizeMode=1 isResizeable=true minWidth=-1 minHeight=-1 defaultMinSize=220 token=WCT{android.window.IWindowContainerToken$Stub$Proxy@4937426} topActivityType=1 pictureInPictureParams=null shouldDockBigOverlays=false launchIntoPipHostTaskId=-1 lastParentTaskIdBeforePip=-1 displayCutoutSafeInsets=Rect(0, 0 - 0, 0) topActivityInfo=ActivityInfo{b903867 im.toss.rn.granite.core.GraniteActivity} launchCookies=[] positionInParent=Point(0, 0) parentTaskId=-1 isFocused=false isVisible=false isVisibleRequested=false isTopActivityNoDisplay=false isSleeping=false locusId=null displayAreaFeatureId=1 isTopActivityTransparent=false isActivityStackTransparent=false lastNonFullscreenBounds=Rect(284, 660 - 796, 1740) capturedLink=null capturedLinkTimestamp=0 requestedVisibleTypes=-9 topActivityRequestOpenInBrowserEducationTimestamp=0 appCompatTaskInfo=AppCompatTaskInfo { topActivityInSizeCompat=false eligibleForLetterboxEducation= false isLetterboxEducationEnabled= true isLetterboxDoubleTapEnabled= false eligibleForUserAspectRatioButton= false topActivityBoundsLetterboxed= false isFromLetterboxDoubleTap= false topActivityLetterboxVerticalPosition= -1 topActivityLetterboxHorizontalPosition= -1 topActivityLetterboxWidth=-1 topActivityLetterboxHeight=-1 topActivityAppBounds=Rect(0, 0 - 1080, 2400) isUserFullscreenOverrideEnabled=false isSystemFullscreenOverrideEnabled=false hasMinAspectRatioOverride=false topActivityLetterboxBounds=null cameraCompatTaskInfo=CameraCompatTaskInfo { freeformCameraCompatMode=inactive}} topActivityMainWindowFrame=null}, pipChange = null, remoteTransition = null, displayChange = null, flags = 0, debugId = 562 }
02-19 14:35:09.104  4449  4467 D ShellSplitScreen: logExit: no-op, mLoggerSessionId is null
02-19 14:35:09.104  7804  7804 W SplitSelectStateCtor: Missing session instanceIds
02-19 14:35:09.104  7804  7804 D StatsLog: LAUNCHER_SPLIT_SELECTION_EXIT_INTERRUPTED
02-19 14:35:09.106  4449  4467 D WindowManagerShell: setLauncherKeepClearAreaHeight: visible=false, height=527
02-19 14:35:09.107   752  1935 W OptProp : Cannot read opt property android.window.PROPERTY_COMPAT_ENABLE_FAKE_FOCUS
02-19 14:35:09.110   752  1095 D BackgroundInstallControlService: Package event received: 0
02-19 14:35:09.113  7388  7388 I blica.toss.test: AssetManager2(0x7d8fac4b4598) locale list changing from [] to [en-US]
02-19 14:35:09.114   752  1095 D BackgroundInstallControlService: Package event received: 0
02-19 14:35:09.114   752  1095 D BackgroundInstallControlService: Package event received: 0
02-19 14:35:09.114   752  1095 D BackgroundInstallControlService: Package event received: 0
02-19 14:35:09.114   752  1095 D BackgroundInstallControlService: Package event received: 0
02-19 14:35:09.116   752  1095 D BackgroundInstallControlService: Package event received: 0
02-19 14:35:09.121   752  1095 D BackgroundInstallControlService: Package event received: 0
02-19 14:35:09.125   531   531 I BpBinder: onLastStrongRef automatically unlinking death recipients: 
02-19 14:35:09.129   752  1095 D BackgroundInstallControlService: Package event received: 0
02-19 14:35:09.231  7388  8140 W okhttp.OkHttpClient: A connection to http://localhost:8081/ was leaked. Did you forget to close a response body? To see where this was allocated, set the OkHttpClient logger level to FINE: Logger.getLogger(OkHttpClient.class.getName()).setLevel(Level.FINE);
02-19 14:35:09.279   752  2502 D CoreBackPreview: Window{9306e95 u0 Splash Screen viva.republica.toss.test}: Setting back callback OnBackInvokedCallbackInfo{mCallback=android.window.IOnBackInvokedCallback$Stub$Proxy@f89139b, mPriority=0, mIsAnimationCallback=false, mOverrideBehavior=0}
02-19 14:35:09.321  7388  7388 W unknown:ReactRootView: Unable to update root layout specs for uninitialized ReactInstanceManager
02-19 14:35:09.321   752  2375 D CoreBackPreview: Window{9eaf39e u0 viva.republica.toss.test/im.toss.rn.granite.core.GraniteActivity}: Setting back callback OnBackInvokedCallbackInfo{mCallback=android.window.IOnBackInvokedCallback$Stub$Proxy@638c338, mPriority=0, mIsAnimationCallback=false, mOverrideBehavior=0}
02-19 14:35:09.346   752   794 V WindowManager: Sent Transition (#562) createdAt=02-19 14:35:09.090 via request=TransitionRequestInfo { type = OPEN, triggerTask = TaskInfo{userId=0 taskId=56 effectiveUid=10217 displayId=0 isRunning=true baseIntent=Intent { act=android.intent.action.VIEW dat=intoss://takealook/... flg=0x10000000 pkg=viva.republica.toss.test cmp=viva.republica.toss.test/.MiniAppSchemeActivity } baseActivity=ComponentInfo{viva.republica.toss.test/im.toss.rn.granite.core.GraniteActivity} topActivity=ComponentInfo{viva.republica.toss.test/im.toss.rn.granite.core.GraniteActivity} origActivity=null realActivity=ComponentInfo{viva.republica.toss.test/viva.republica.toss.test.MiniAppSchemeActivity} numActivities=33 lastActiveTime=90775148 supportsMultiWindow=true resizeMode=1 isResizeable=true minWidth=-1 minHeight=-1 defaultMinSize=220 token=WCT{RemoteToken{29715c6 Task{fa7be33 #56 type=standard A=10217:viva.republica.toss.test}}} topActivityType=1 pictureInPictureParams=null shouldDockBigOverlays=false launchIntoPipHostTaskId=-1 lastParentTaskIdBeforePip=-1 displayCutoutSafeInsets=Rect(0, 0 - 0, 0) topActivityInfo=ActivityInfo{3d876 im.toss.rn.granite.core.GraniteActivity} launchCookies=[] positionInParent=Point(0, 0) parentTaskId=-1 isFocused=false isVisible=false isVisibleRequested=false isTopActivityNoDisplay=false isSleeping=false locusId=null displayAreaFeatureId=1 isTopActivityTransparent=false isActivityStackTransparent=false lastNonFullscreenBounds=Rect(284, 660 - 796, 1740) capturedLink=null capturedLinkTimestamp=0 requestedVisibleTypes=-9 topActivityRequestOpenInBrowserEducationTimestamp=0 appCompatTaskInfo=AppCompatTaskInfo { topActivityInSizeCompat=false eligibleForLetterboxEducation= false isLetterboxEducationEnabled= true isLetterboxDoubleTapEnabled= false eligibleForUserAspectRatioButton= false topActivityBoundsLetterboxed= false isFromLetterboxDoubleTap= false topActivityLetterboxVerticalPosition= -1 topActivityLetterboxHorizontalPosition= -1 topActivityLetterboxWidth=-1 topActivityLetterboxHeight=-1 topActivityAppBounds=Rect(0, 0 - 1080, 2400) isUserFullscreenOverrideEnabled=false isSystemFullscreenOverrideEnabled=false hasMinAspectRatioOverride=false topActivityLetterboxBounds=null cameraCompatTaskInfo=CameraCompatTaskInfo { freeformCameraCompatMode=inactive}} topActivityMainWindowFrame=null}, pipChange = null, remoteTransition = null, displayChange = null, flags = 0, debugId = 562 }
02-19 14:35:09.346   752   794 V WindowManager:     startWCT=WindowContainerTransaction { changes= {} hops= [] errorCallbackToken=null taskFragmentOrganizer=null }
02-19 14:35:09.347   752   794 V WindowManager:     info={id=562 t=OPEN f=0x0 trk=0 r=[0@Point(0, 0)] c=[
02-19 14:35:09.347   752   794 V WindowManager:         {WCT{RemoteToken{29715c6 Task{fa7be33 #56 type=standard A=10217:viva.republica.toss.test}}} m=TO_FRONT f=MOVE_TO_TOP leash=Surface(name=Task=56)/@0xf76b753 sb=Rect(0, 0 - 1080, 2400) eb=Rect(0, 0 - 1080, 2400) epz=Point(1080, 2400) d=0 taskParent=-1},
02-19 14:35:09.347   752   794 V WindowManager:         {WCT{RemoteToken{5218fe8 Task{dd43522 #1 type=home}}} m=TO_BACK f=SHOW_WALLPAPER leash=Surface(name=Task=1)/@0x8ddbd2e sb=Rect(0, 0 - 1080, 2400) eb=Rect(0, 0 - 1080, 2400) epz=Point(1080, 2400) d=0 taskParent=-1},
02-19 14:35:09.347   752   794 V WindowManager:         {m=TO_BACK f=IS_WALLPAPER leash=Surface(name=WallpaperWindowToken{35e0c0f showWhenLocked=false})/@0x512f5be sb=Rect(0, 0 - 1080, 2400) eb=Rect(0, 0 - 1080, 2400) epz=Point(1080, 2400) d=0}
02-19 14:35:09.347   752   794 V WindowManager:     ]}
02-19 14:35:09.349  4449  4531 V WindowManagerShell: onTransitionReady(transaction=3229815423630)
02-19 14:35:09.349  4449  4467 V WindowManagerShell: onTransitionReady (#562) android.os.BinderProxy@9b95b81: {id=562 t=OPEN f=0x0 trk=0 r=[0@Point(0, 0)] c=[
02-19 14:35:09.349  4449  4467 V WindowManagerShell:         {m=TO_FRONT f=MOVE_TO_TOP leash=Surface(name=Task=56)/@0x33f200a sb=Rect(0, 0 - 1080, 2400) eb=Rect(0, 0 - 1080, 2400) epz=Point(1080, 2400) d=0 taskParent=-1},
02-19 14:35:09.349  4449  4467 V WindowManagerShell:         {m=TO_BACK f=SHOW_WALLPAPER leash=Surface(name=Task=1)/@0xf5fe07b sb=Rect(0, 0 - 1080, 2400) eb=Rect(0, 0 - 1080, 2400) epz=Point(1080, 2400) d=0 taskParent=-1},
02-19 14:35:09.349  4449  4467 V WindowManagerShell:         {m=TO_BACK f=IS_WALLPAPER leash=Surface(name=WallpaperWindowToken{35e0c0f showWhenLocked=false})/@0xc5a3e98 sb=Rect(0, 0 - 1080, 2400) eb=Rect(0, 0 - 1080, 2400) epz=Point(1080, 2400) d=0}
02-19 14:35:09.349  4449  4467 V WindowManagerShell:     ]}
02-19 14:35:09.351  4449  4467 V WindowManagerShell: Playing animation for (#562) android.os.BinderProxy@9b95b81@0
02-19 14:35:09.351  4449  4467 V ShellRecents: RecentsTransitionHandler.startAnimation: no controller found
02-19 14:35:09.351  4449  4467 V WindowManagerShell: Transition doesn't have explicit remote, search filters for match for {id=562 t=OPEN f=0x0 trk=0 r=[0@Point(0, 0)] c=[{m=TO_FRONT f=MOVE_TO_TOP leash=Surface(name=Task=56)/@0x33f200a sb=Rect(0, 0 - 1080, 2400) eb=Rect(0, 0 - 1080, 2400) epz=Point(1080, 2400) d=0 taskParent=-1},{m=TO_BACK f=SHOW_WALLPAPER leash=Surface(name=Task=1)/@0xf5fe07b sb=Rect(0, 0 - 1080, 2400) eb=Rect(0, 0 - 1080, 2400) epz=Point(1080, 2400) d=0 taskParent=-1},{m=TO_BACK f=IS_WALLPAPER leash=Surface(name=WallpaperWindowToken{35e0c0f showWhenLocked=false})/@0xc5a3e98 sb=Rect(0, 0 - 1080, 2400) eb=Rect(0, 0 - 1080, 2400) epz=Point(1080, 2400) d=0}]}
02-19 14:35:09.351  4449  4467 V WindowManagerShell:  Checking filter Pair{{types=[] flags=0x0] notFlags=0x0 checks=[{atype=undefined independent=true modes=[CLOSE,TO_BACK] flags=IN_TASK_WITH_EMBEDDED_ACTIVITY mustBeTask=false order=ANY topActivity=null launchCookie=null taskFragmentToken=android.os.BinderProxy@dcfd27d windowingMode=undefined}]} RemoteTransition { remoteTransition = android.window.IRemoteTransition$Stub$Proxy@d4ce572, appThread = android.app.IApplicationThread$Stub$Proxy@fd29dc3, debugName = overlayBackTransition }}
02-19 14:35:09.352  4449  4467 V WindowManagerShell:  Checking filter Pair{{types=[] flags=0x0] notFlags=0x0 checks=[{atype=dream independent=true modes=[OPEN,TO_FRONT] flags=NONE mustBeTask=false order=ANY topActivity=null launchCookie=null windowingMode=undefined},{atype=home independent=true modes=[CLOSE,TO_BACK] flags=NONE mustBeTask=false order=ANY topActivity=null launchCookie=null windowingMode=undefined}]} RemoteTransition { remoteTransition = android.window.IRemoteTransition$Stub$Proxy@90c640, appThread = android.app.IApplicationThread$Stub$Proxy@f8c1979, debugName = LauncherToDream }}
02-19 14:35:09.352  4449  4467 V WindowManagerShell:  Checking filter Pair{{types=[] flags=0x0] notFlags=0x100 checks=[{atype=home independent=true modes=[OPEN,TO_FRONT] flags=NONE mustBeTask=false order=TOP topActivity=ComponentInfo{com.google.android.apps.nexuslauncher/com.google.android.apps.nexuslauncher.NexusLauncherActivity} launchCookie=null windowingMode=undefined},{atype=standard independent=true modes=[CLOSE,TO_BACK] flags=NONE mustBeTask=false order=ANY topActivity=null launchCookie=null windowingMode=undefined},{NOT atype=undefined independent=true modes=[] flags=NONE mustBeTask=true order=ANY topActivity=null launchCookie=null customAnim=true windowingMode=undefined}]} RemoteTransition { remoteTransition = android.window.IRemoteTransition$Stub$Proxy@affe6be, appThread = android.app.IApplicationThread$Stub$Proxy@c37531f, debugName = QuickstepLaunchHome }}
02-19 14:35:09.352  4449  4467 V WindowManagerShell:  Checking filter Pair{{types=[] flags=0x0] notFlags=0x0 checks=[{atype=undefined independent=true modes=[CLOSE,TO_BACK] flags=IN_TASK_WITH_EMBEDDED_ACTIVITY mustBeTask=false order=ANY topActivity=null launchCookie=null taskFragmentToken=android.os.BinderProxy@dcfd27d windowingMode=undefined}]} RemoteTransition { remoteTransition = android.window.IRemoteTransition$Stub$Proxy@3517b6e, appThread = android.app.IApplicationThread$Stub$Proxy@261420f, debugName = overlayBackTransition }}
02-19 14:35:09.353  4449  4467 V WindowManagerShell:  Checking filter Pair{{types=[] flags=0x0] notFlags=0x0 checks=[{atype=dream independent=true modes=[OPEN,TO_FRONT] flags=NONE mustBeTask=false order=ANY topActivity=null launchCookie=null windowingMode=undefined},{atype=home independent=true modes=[CLOSE,TO_BACK] flags=NONE mustBeTask=false order=ANY topActivity=null launchCookie=null windowingMode=undefined}]} RemoteTransition { remoteTransition = android.window.IRemoteTransition$Stub$Proxy@c23e29c, appThread = android.app.IApplicationThread$Stub$Proxy@afb34a5, debugName = LauncherToDream }}
02-19 14:35:09.354  4449  4467 V WindowManagerShell:  Checking filter Pair{{types=[] flags=0x0] notFlags=0x100 checks=[{atype=home independent=true modes=[OPEN,TO_FRONT] flags=NONE mustBeTask=false order=TOP topActivity=ComponentInfo{com.google.android.apps.nexuslauncher/com.google.android.apps.nexuslauncher.NexusLauncherActivity} launchCookie=null windowingMode=undefined},{atype=standard independent=true modes=[CLOSE,TO_BACK] flags=NONE mustBeTask=false order=ANY topActivity=null launchCookie=null windowingMode=undefined},{NOT atype=undefined independent=true modes=[] flags=NONE mustBeTask=true order=ANY topActivity=null launchCookie=null customAnim=true windowingMode=undefined}]} RemoteTransition { remoteTransition = android.window.IRemoteTransition$Stub$Proxy@39de07a, appThread = android.app.IApplicationThread$Stub$Proxy@cf9f02b, debugName = QuickstepLaunchHome }}
02-19 14:35:09.354  4449  4467 V WindowManagerShell:  Delegate animation for (#562) to null
02-19 14:35:09.354  4449  4467 V WindowManagerShell: start default transition animation, info = {id=562 t=OPEN f=0x0 trk=0 r=[0@Point(0, 0)] c=[{m=TO_FRONT f=MOVE_TO_TOP leash=Surface(name=Task=56)/@0x33f200a sb=Rect(0, 0 - 1080, 2400) eb=Rect(0, 0 - 1080, 2400) epz=Point(1080, 2400) d=0 taskParent=-1},{m=TO_BACK f=SHOW_WALLPAPER leash=Surface(name=Task=1)/@0xf5fe07b sb=Rect(0, 0 - 1080, 2400) eb=Rect(0, 0 - 1080, 2400) epz=Point(1080, 2400) d=0 taskParent=-1},{m=TO_BACK f=IS_WALLPAPER leash=Surface(name=WallpaperWindowToken{35e0c0f showWhenLocked=false})/@0xc5a3e98 sb=Rect(0, 0 - 1080, 2400) eb=Rect(0, 0 - 1080, 2400) epz=Point(1080, 2400) d=0}]}
02-19 14:35:09.354  4449  4467 V WindowManagerShell: loadAnimation: anim=android.view.animation.AnimationSet@ab732d6 animAttr=0x13 type=OPEN isEntrance=false
02-19 14:35:09.355  4449  4467 V WindowManagerShell: loadAnimation: anim=android.view.animation.AnimationSet@9020957 animAttr=0x12 type=OPEN isEntrance=true
02-19 14:35:09.356  4449  4467 V WindowManagerShell:  animated by com.android.wm.shell.transition.DefaultTransitionHandler@f74d823
02-19 14:35:09.452   752   794 I ActivityTaskManager: Displayed viva.republica.toss.test/im.toss.rn.granite.core.GraniteActivity for user 0: +349ms
02-19 14:35:09.482  7388  8200 W unknown:ReconnectingWebSocket: Couldn't connect to "ws://10.0.2.2:8081/message?device=sdk_gphone64_x86_64%20-%2016%20-%20API%2036&app=viva.republica.toss.test&clientid=BridgeDevSupportManager", will silently retry
02-19 14:35:09.497  7388  8203 W unknown:InspectorPackagerConnection: Couldn't connect to packager, will silently retry
02-19 14:35:09.717  4449  4467 V WindowManagerShell: Transition animation finished (aborted=false), notifying core (#562) android.os.BinderProxy@9b95b81@0
02-19 14:35:09.725  7804  7804 D VRI[NexusLauncherActivity]: visibilityChanged oldVisibility=true newVisibility=false
02-19 14:35:09.726   752   794 V WindowManager: Finish Transition (#562): created at 02-19 14:35:09.090 collect-started=0.031ms request-sent=9.818ms started=14.62ms ready=21.74ms sent=254.054ms commit=91.139ms finished=630.769ms
02-19 14:35:09.728  7804  7804 D NexusLauncherModelDelegate: notifySmartspaceEvent: SmartspaceTargetEvent{mSmartspaceTarget=null, mSmartspaceActionId='null', mEventType=7}
02-19 14:35:09.729  4449  4467 V WindowManagerShell: Track 0 became idle
02-19 14:35:09.729  4449  4467 V WindowManagerShell: All active transition animations finished
02-19 14:35:09.735   752   989 I ImeTracker: viva.republica.toss.test:928c6b42: onRequestHide at ORIGIN_SERVER reason HIDE_UNSPECIFIED_WINDOW fromUser false
02-19 14:35:09.738  7388  7388 E unknown:ReactRootView: Unhandled SoftException
02-19 14:35:09.738  7388  7388 E unknown:ReactRootView: com.facebook.react.uimanager.IllegalViewOperationException: Trying to attach a ReactRootView with an explicit id already set to [2131362676]. React Native uses the id field to track react tags and will overwrite this field. If that is fine, explicitly overwrite the id field to View.NO_ID.
02-19 14:35:09.738  7388  7388 E unknown:ReactRootView: 	at com.facebook.react.ReactRootView.attachToReactInstanceManager(:799)
02-19 14:35:09.738  7388  7388 E unknown:ReactRootView: 	at com.facebook.react.ReactRootView.startReactApplication(:509)
02-19 14:35:09.738  7388  7388 E unknown:ReactRootView: 	at com.facebook.react.ReactRootView.startReactApplication(:469)
02-19 14:35:09.738  7388  7388 E unknown:ReactRootView: 	at im.toss.rn.granite.core.GraniteActivity.write(:486)
02-19 14:35:09.738  7388  7388 E unknown:ReactRootView: 	at im.toss.rn.granite.core.GraniteActivity.RemoteActionCompatParcelizer(:124)
02-19 14:35:09.738  7388  7388 E unknown:ReactRootView: 	at im.toss.rn.granite.core.GraniteActivity$RemoteActionCompatParcelizer.IconCompatParcelizer(:65353)
02-19 14:35:09.738  7388  7388 E unknown:ReactRootView: 	at o.sh.a_(:33)
02-19 14:35:09.738  7388  7388 E unknown:ReactRootView: 	at o.xP.run(:100)
02-19 14:35:09.738  7388  7388 E unknown:ReactRootView: 	at android.os.Handler.handleCallback(Handler.java:995)
02-19 14:35:09.738  7388  7388 E unknown:ReactRootView: 	at android.os.Handler.dispatchMessage(Handler.java:103)
02-19 14:35:09.738  7388  7388 E unknown:ReactRootView: 	at android.os.Looper.loopOnce(Looper.java:248)
02-19 14:35:09.738  7388  7388 E unknown:ReactRootView: 	at android.os.Looper.loop(Looper.java:338)
02-19 14:35:09.738  7388  7388 E unknown:ReactRootView: 	at android.app.ActivityThread.main(ActivityThread.java:9067)
02-19 14:35:09.738  7388  7388 E unknown:ReactRootView: 	at java.lang.reflect.Method.invoke(Native Method)
02-19 14:35:09.738  7388  7388 E unknown:ReactRootView: 	at com.android.internal.os.RuntimeInit$MethodAndArgsCaller.run(RuntimeInit.java:593)
02-19 14:35:09.738  7388  7388 E unknown:ReactRootView: 	at com.android.internal.os.ZygoteInit.main(ZygoteInit.java:932)
02-19 14:35:09.739  7388  7388 D InsetsController: hide(ime(), fromIme=false)
02-19 14:35:09.739  7388  7388 I ImeTracker: viva.republica.toss.test:928c6b42: onCancelled at PHASE_CLIENT_ALREADY_HIDDEN
02-19 14:35:09.755  1563  1563 I GoogleInputMethodService: GoogleInputMethodService.onFinishInput():2043 
02-19 14:35:09.760  1563  1563 I Module  : DeviceLockedStatusModuleProvider$Module.updateDeviceLockedStatus():100 repeatCheckTimes = 0, locked = false
02-19 14:35:09.761  1563  1563 I GoogleInputMethodService: GoogleInputMethodService.onStartInput():1293 onStartInput(EditorInfo{EditorInfo{packageName=viva.republica.toss.test, inputType=0, inputTypeString=NULL, enableLearning=false, autoCorrection=false, autoComplete=false, imeOptions=0, privateImeOptions=null, actionName=UNSPECIFIED, actionLabel=null, initialSelStart=-1, initialSelEnd=-1, initialCapsMode=0, label=null, fieldId=0, fieldName=null, extras=null, hintText=null, hintLocales=[]}}, false)
02-19 14:35:09.762  1563  1563 I Module  : DeviceLockedStatusModuleProvider$Module.updateDeviceLockedStatus():100 repeatCheckTimes = 1, locked = false
02-19 14:35:09.762  7804  7804 D BaseDepthController: setSurface:
02-19 14:35:09.762  7804  7804 D BaseDepthController: 	mWaitingOnSurfaceValidity: false
02-19 14:35:09.762  7804  7804 D BaseDepthController: 	mBaseSurface: null
02-19 14:35:09.762  7804  7804 D BaseDepthController: mSurface is null and mCurrentBlur is: 0
02-19 14:35:09.764  1563  1563 I EmojiCompatManager: EmojiCompatManager.getEmojiCompatIfLoaded():343 EmojiCompat.init() was never called.
02-19 14:35:09.764  1563  1563 I EmojiCompatManager: java.lang.IllegalStateException: EmojiCompat is not initialized. Please call EmojiCompat.init() first
02-19 14:35:09.764  1563  1563 I EmojiCompatManager: 	at asx.p(PG:6)
02-19 14:35:09.764  1563  1563 I EmojiCompatManager: 	at axb.b(PG:13)
02-19 14:35:09.764  1563  1563 I EmojiCompatManager: 	at jnr.b(PG:2)
02-19 14:35:09.764  1563  1563 I EmojiCompatManager: 	at jnr.c(PG:4)
02-19 14:35:09.764  1563  1563 I EmojiCompatManager: 	at jnr.f(PG:3)
02-19 14:35:09.764  1563  1563 I EmojiCompatManager: 	at jnx.c(PG:3)
02-19 14:35:09.764  1563  1563 I EmojiCompatManager: 	at kif.cz(PG:47)
02-19 14:35:09.764  1563  1563 I EmojiCompatManager: 	at lhl.run(PG:1025)
02-19 14:35:09.764  1563  1563 I EmojiCompatManager: 	at jaf.execute(PG:12)
02-19 14:35:09.764  1563  1563 I EmojiCompatManager: 	at nco.v(PG:13)
02-19 14:35:09.764  1563  1563 I EmojiCompatManager: 	at lhn.m(PG:96)
02-19 14:35:09.764  1563  1563 I EmojiCompatManager: 	at lhn.k(PG:25)
02-19 14:35:09.764  1563  1563 I EmojiCompatManager: 	at kgn.onStartInput(PG:250)
02-19 14:35:09.764  1563  1563 I EmojiCompatManager: 	at android.inputmethodservice.InputMethodService.doStartInput(InputMethodService.java:3521)
02-19 14:35:09.764  1563  1563 I EmojiCompatManager: 	at android.inputmethodservice.InputMethodService$InputMethodImpl.startInput(InputMethodService.java:879)
02-19 14:35:09.764  1563  1563 I EmojiCompatManager: 	at android.inputmethodservice.InputMethodService$InputMethodImpl.dispatchStartInput(InputMethodService.java:908)
02-19 14:35:09.764  1563  1563 I EmojiCompatManager: 	at android.inputmethodservice.IInputMethodWrapper.executeMessage(IInputMethodWrapper.java:201)
02-19 14:35:09.764  1563  1563 I EmojiCompatManager: 	at com.android.internal.os.HandlerCaller$MyHandler.handleMessage(HandlerCaller.java:44)
02-19 14:35:09.764  1563  1563 I EmojiCompatManager: 	at android.os.Handler.dispatchMessage(Handler.java:110)
02-19 14:35:09.764  1563  1563 I EmojiCompatManager: 	at android.os.Looper.loopOnce(Looper.java:248)
02-19 14:35:09.764  1563  1563 I EmojiCompatManager: 	at android.os.Looper.loop(Looper.java:338)
02-19 14:35:09.764  1563  1563 I EmojiCompatManager: 	at android.app.ActivityThread.main(ActivityThread.java:9067)
02-19 14:35:09.764  1563  1563 I EmojiCompatManager: 	at java.lang.reflect.Method.invoke(Native Method)
02-19 14:35:09.764  1563  1563 I EmojiCompatManager: 	at com.android.internal.os.RuntimeInit$MethodAndArgsCaller.run(RuntimeInit.java:593)
02-19 14:35:09.764  1563  1563 I EmojiCompatManager: 	at com.android.internal.os.ZygoteInit.main(ZygoteInit.java:932)
02-19 14:35:09.765  7804  7804 D StateManager: goToState - fromState: Normal, toState: Normal, partial trace:
02-19 14:35:09.765  7804  7804 D StateManager: 	at com.android.launcher3.statemanager.StateManager.moveToRestState(go/retraceme 72a59688580715d19f0e415c69e80376c2f062d1648c80db6730905005a27c20:4)
02-19 14:35:09.765  7804  7804 D StateManager: 	at com.android.launcher3.statemanager.StateManager.moveToRestState(go/retraceme 72a59688580715d19f0e415c69e80376c2f062d1648c80db6730905005a27c20:1)
