02-19 19:02:37.768  7804  7804 D StateManager: 	at com.android.launcher3.statemanager.StatefulActivity.onStop(go/retraceme 72a59688580715d19f0e415c69e80376c2f062d1648c80db6730905005a27c20:34)
02-19 19:02:37.769  7804  7804 D StateManager: cancelAnimation - with ongoing animation, partial trace:
02-19 19:02:37.769  7804  7804 D StateManager: 	at com.android.launcher3.statemanager.StateManager.goToState(go/retraceme 72a59688580715d19f0e415c69e80376c2f062d1648c80db6730905005a27c20:18)
02-19 19:02:37.769  7804  7804 D StateManager: 	at com.android.launcher3.statemanager.StateManager.goToState(go/retraceme 72a59688580715d19f0e415c69e80376c2f062d1648c80db6730905005a27c20:3)
02-19 19:02:37.769  7804  7804 D StateManager: 	at com.android.launcher3.statemanager.StateManager.moveToRestState(go/retraceme 72a59688580715d19f0e415c69e80376c2f062d1648c80db6730905005a27c20:4)
02-19 19:02:37.769  7804  7804 D ScalingWorkspaceRevealAnim: onAnimationCancel
02-19 19:02:37.770  7804  7804 D ScalingWorkspaceRevealAnim: alpha of workspace at the end of animation: 1.0
02-19 19:02:37.770  7804  7804 D StateManager: onStateTransitionStart - state: Normal
02-19 19:02:37.772   752  1095 D BackgroundInstallControlService: Package event received: 0
02-19 19:02:37.798 16566 16566 W WindowOnBackDispatcher: sendCancelIfRunning: isInProgress=false callback=android.view.ViewRootImpl$$ExternalSyntheticLambda13@aa23fd
02-19 19:02:37.799 16566 16566 D ViewRootImpl: Skipping stats log for color mode
02-19 19:02:37.821 16566 16566 E unknown:ReactRootView: Unhandled SoftException
02-19 19:02:37.821 16566 16566 E unknown:ReactRootView: com.facebook.react.uimanager.IllegalViewOperationException: Trying to attach a ReactRootView with an explicit id already set to [2131362676]. React Native uses the id field to track react tags and will overwrite this field. If that is fine, explicitly overwrite the id field to View.NO_ID.
02-19 19:02:37.821 16566 16566 E unknown:ReactRootView: 	at com.facebook.react.ReactRootView.attachToReactInstanceManager(:799)
02-19 19:02:37.821 16566 16566 E unknown:ReactRootView: 	at com.facebook.react.ReactRootView.startReactApplication(:509)
02-19 19:02:37.821 16566 16566 E unknown:ReactRootView: 	at com.facebook.react.ReactRootView.startReactApplication(:469)
02-19 19:02:37.821 16566 16566 E unknown:ReactRootView: 	at im.toss.rn.granite.core.GraniteActivity.write(:486)
02-19 19:02:37.821 16566 16566 E unknown:ReactRootView: 	at im.toss.rn.granite.core.GraniteActivity.RemoteActionCompatParcelizer(:124)
02-19 19:02:37.821 16566 16566 E unknown:ReactRootView: 	at im.toss.rn.granite.core.GraniteActivity$RemoteActionCompatParcelizer.IconCompatParcelizer(:65353)
02-19 19:02:37.821 16566 16566 E unknown:ReactRootView: 	at o.sh.a_(:33)
02-19 19:02:37.821 16566 16566 E unknown:ReactRootView: 	at o.xP.run(:100)
02-19 19:02:37.821 16566 16566 E unknown:ReactRootView: 	at android.os.Handler.handleCallback(Handler.java:995)
02-19 19:02:37.821 16566 16566 E unknown:ReactRootView: 	at android.os.Handler.dispatchMessage(Handler.java:103)
02-19 19:02:37.821 16566 16566 E unknown:ReactRootView: 	at android.os.Looper.loopOnce(Looper.java:248)
02-19 19:02:37.821 16566 16566 E unknown:ReactRootView: 	at android.os.Looper.loop(Looper.java:338)
02-19 19:02:37.821 16566 16566 E unknown:ReactRootView: 	at android.app.ActivityThread.main(ActivityThread.java:9067)
02-19 19:02:37.821 16566 16566 E unknown:ReactRootView: 	at java.lang.reflect.Method.invoke(Native Method)
02-19 19:02:37.821 16566 16566 E unknown:ReactRootView: 	at com.android.internal.os.RuntimeInit$MethodAndArgsCaller.run(RuntimeInit.java:593)
02-19 19:02:37.821 16566 16566 E unknown:ReactRootView: 	at com.android.internal.os.ZygoteInit.main(ZygoteInit.java:932)
02-19 19:02:37.853  7804  7804 D KeyboardInsetsHandler: setState, toState:Normal StateManager(mLastStableState:Normal, mCurrentStableState:Normal, mState:Normal, mRestState:null, isInTransition:false)
02-19 19:02:37.853  7804  7804 D StateManager: onStateTransitionEnd - state: Normal
02-19 19:02:37.854  7804  7804 D RecentsView: reset - mEnableDrawingLiveTile: false, mRecentsAnimationController: null
02-19 19:02:37.854  7804  7804 D ActivityAllAppsContainerView: rebindAdapters: force: false
02-19 19:02:37.856  7804  7804 D ActivityAllAppsContainerView: rebindAdapters: Not needed.
02-19 19:02:37.858  7804  7804 D StatsLog: LAUNCHER_ONSTOP
02-19 19:02:37.867  7804  7804 D StatsLog: LAUNCHER_GOOGLE_SEARCH_RESTORE_LIST_SIZE_AFTER_ACTIVITY_RESTART
02-19 19:02:37.873  7804  7804 D OverviewActionsView: updateForGroupedTask() called with: isGroupedTask = [false], canSaveAppPair = [false]
02-19 19:02:37.874  7804  7804 D OverviewActionsView: updateActionButtonsVisibility() called: showSingleTaskActions = [true], showGroupActions = [false]
02-19 19:02:37.889   752   794 I ActivityTaskManager: Displayed viva.republica.toss.test/im.toss.rn.granite.core.GraniteActivity for user 0: +908ms
02-19 19:02:37.889   752   794 W Looper  : Slow dispatch took 165ms android.fg app=system_server main=false group=FOREGROUND h=android.os.Handler c=com.android.server.wm.ActivityMetricsLogger$$ExternalSyntheticLambda0@b2c0ba8 m=0
02-19 19:02:37.893   752  2417 W WindowManager: Failed looking up window session=Session{91a0610 16566:u0a10217} callers=com.android.server.wm.WindowManagerService.windowForClientLocked:6410 com.android.server.wm.Session.setOnBackInvokedCallbackInfo:1002 android.view.IWindowSession$Stub.onTransact:1156 
02-19 19:02:37.893   752  2417 I WindowManager: setOnBackInvokedCallback(): No window state for package:viva.republica.toss.test
02-19 19:02:37.896   752   989 I ImeTracker: viva.republica.toss.test:54b78e9: onRequestHide at ORIGIN_SERVER reason HIDE_UNSPECIFIED_WINDOW fromUser false
02-19 19:02:37.912  1563  1563 I GoogleInputMethodService: GoogleInputMethodService.onFinishInput():2043 
02-19 19:02:37.915  1563  1563 I Module  : DeviceLockedStatusModuleProvider$Module.updateDeviceLockedStatus():100 repeatCheckTimes = 0, locked = false
02-19 19:02:37.916  1563  1563 I GoogleInputMethodService: GoogleInputMethodService.onStartInput():1293 onStartInput(EditorInfo{EditorInfo{packageName=viva.republica.toss.test, inputType=0, inputTypeString=NULL, enableLearning=false, autoCorrection=false, autoComplete=false, imeOptions=0, privateImeOptions=null, actionName=UNSPECIFIED, actionLabel=null, initialSelStart=-1, initialSelEnd=-1, initialCapsMode=0, label=null, fieldId=0, fieldName=null, extras=null, hintText=null, hintLocales=[]}}, false)
02-19 19:02:37.920  1563  1563 I Module  : DeviceLockedStatusModuleProvider$Module.updateDeviceLockedStatus():100 repeatCheckTimes = 1, locked = false
02-19 19:02:37.927  1563  1563 I EmojiCompatManager: EmojiCompatManager.getEmojiCompatIfLoaded():343 EmojiCompat.init() was never called.
02-19 19:02:37.927  1563  1563 I EmojiCompatManager: java.lang.IllegalStateException: EmojiCompat is not initialized. Please call EmojiCompat.init() first
02-19 19:02:37.927  1563  1563 I EmojiCompatManager: 	at asx.p(PG:6)
02-19 19:02:37.927  1563  1563 I EmojiCompatManager: 	at axb.b(PG:13)
02-19 19:02:37.927  1563  1563 I EmojiCompatManager: 	at jnr.b(PG:2)
02-19 19:02:37.927  1563  1563 I EmojiCompatManager: 	at jnr.c(PG:4)
02-19 19:02:37.927  1563  1563 I EmojiCompatManager: 	at jnr.f(PG:3)
02-19 19:02:37.927  1563  1563 I EmojiCompatManager: 	at jnx.c(PG:3)
02-19 19:02:37.927  1563  1563 I EmojiCompatManager: 	at kif.cz(PG:47)
02-19 19:02:37.927  1563  1563 I EmojiCompatManager: 	at lhl.run(PG:1025)
02-19 19:02:37.927  1563  1563 I EmojiCompatManager: 	at jaf.execute(PG:12)
02-19 19:02:37.927  1563  1563 I EmojiCompatManager: 	at nco.v(PG:13)
02-19 19:02:37.927  1563  1563 I EmojiCompatManager: 	at lhn.m(PG:96)
02-19 19:02:37.927  1563  1563 I EmojiCompatManager: 	at lhn.k(PG:25)
02-19 19:02:37.927  1563  1563 I EmojiCompatManager: 	at kgn.onStartInput(PG:250)
02-19 19:02:37.927  1563  1563 I EmojiCompatManager: 	at android.inputmethodservice.InputMethodService.doStartInput(InputMethodService.java:3521)
02-19 19:02:37.927  1563  1563 I EmojiCompatManager: 	at android.inputmethodservice.InputMethodService$InputMethodImpl.startInput(InputMethodService.java:879)
02-19 19:02:37.927  1563  1563 I EmojiCompatManager: 	at android.inputmethodservice.InputMethodService$InputMethodImpl.dispatchStartInput(InputMethodService.java:908)
02-19 19:02:37.927  1563  1563 I EmojiCompatManager: 	at android.inputmethodservice.IInputMethodWrapper.executeMessage(IInputMethodWrapper.java:201)
02-19 19:02:37.927  1563  1563 I EmojiCompatManager: 	at com.android.internal.os.HandlerCaller$MyHandler.handleMessage(HandlerCaller.java:44)
02-19 19:02:37.927  1563  1563 I EmojiCompatManager: 	at android.os.Handler.dispatchMessage(Handler.java:110)
02-19 19:02:37.927  1563  1563 I EmojiCompatManager: 	at android.os.Looper.loopOnce(Looper.java:248)
02-19 19:02:37.927  1563  1563 I EmojiCompatManager: 	at android.os.Looper.loop(Looper.java:338)
02-19 19:02:37.927  1563  1563 I EmojiCompatManager: 	at android.app.ActivityThread.main(ActivityThread.java:9067)
02-19 19:02:37.927  1563  1563 I EmojiCompatManager: 	at java.lang.reflect.Method.invoke(Native Method)
02-19 19:02:37.927  1563  1563 I EmojiCompatManager: 	at com.android.internal.os.RuntimeInit$MethodAndArgsCaller.run(RuntimeInit.java:593)
02-19 19:02:37.927  1563  1563 I EmojiCompatManager: 	at com.android.internal.os.ZygoteInit.main(ZygoteInit.java:932)
02-19 19:02:37.929   752  1456 W PackageConfigPersister: App-specific configuration not found for packageName: viva.republica.toss.test and userId: 0
02-19 19:02:37.937   752  2505 D CoreBackPreview: Window{3faa7c0 u0 PopupWindow:acd8fd7}: Setting back callback OnBackInvokedCallbackInfo{mCallback=android.window.IOnBackInvokedCallback$Stub$Proxy@32dc29f, mPriority=0, mIsAnimationCallback=false, mOverrideBehavior=0}
02-19 19:02:37.943   752  1095 D BackgroundInstallControlService: Package event received: 0
02-19 19:02:37.956   752  2503 I ImeTracker: system_server:54f366dd: onRequestHide at ORIGIN_SERVER reason IME_REQUESTED_CHANGED_LISTENER fromUser false
02-19 19:02:37.956   752  1095 D BackgroundInstallControlService: Package event received: 0
02-19 19:02:37.957   752  1095 D BackgroundInstallControlService: Package event received: 0
02-19 19:02:37.961   752   797 I ImeTracker: system_server:54f366dd: onCancelled at PHASE_SERVER_SHOULD_HIDE
02-19 19:02:38.035 16566 16566 D InsetsController: hide(ime(), fromIme=false)
02-19 19:02:38.035 16566 16566 I ImeTracker: viva.republica.toss.test:54b78e9: onCancelled at PHASE_CLIENT_ALREADY_HIDDEN
02-19 19:02:39.455 16566 16566 W WindowOnBackDispatcher: sendCancelIfRunning: isInProgress=false callback=android.view.ViewRootImpl$$ExternalSyntheticLambda13@bf7bee2
02-19 19:02:39.456   752  2503 D CoreBackPreview: Window{3faa7c0 u0 PopupWindow:acd8fd7}: Setting back callback null
02-19 19:02:39.474 16566 17665 W unknown:ReactContext: initializeMessageQueueThreads() is called.
02-19 19:02:39.475 16566 16566 W unknown:ReactNative: Packager connection already open, nooping.
02-19 19:02:39.483 16566 17668 W unknown:ReactContext: initializeMessageQueueThreads() is called.
02-19 19:02:39.483 16566 17668 W unknown:ReactNative: Fresco has already been initialized with a different config. The new Fresco configuration will be ignored!
02-19 19:02:40.267   752   798 I Choreographer: Skipped 44 frames!  The application may be doing too much work on its main thread.
02-19 19:02:40.269 16566 16566 I Choreographer: Skipped 44 frames!  The application may be doing too much work on its main thread.
02-19 19:02:40.895   752  1856 E TaskPersister: File error accessing recents directory (directory doesn't exist?).
02-19 19:02:40.939 17672 17672 W dumpsys : Thread Pool max thread count is 0. Cannot cache binder as linkToDeath cannot be implemented. serviceName: window
02-19 19:02:40.972 16566 16566 W unknown:ReactContext: initializeMessageQueueThreads() is called.
02-19 19:02:41.340   752  1456 W PackageConfigPersister: App-specific configuration not found for packageName: viva.republica.toss.test and userId: 0
02-19 19:02:41.470   752  2505 I system_server: AssetManager2(0x7d8fac44b778) locale list changing from [] to [en-US]
02-19 19:02:41.638   752  2505 I system_server: AssetManager2(0x7d8fac4f0e58) locale list changing from [] to [en-US]
02-19 19:02:41.665   752  2505 I system_server: AssetManager2(0x7d8fac446318) locale list changing from [] to [en-US]
02-19 19:02:41.726   752  2505 I system_server: AssetManager2(0x7d8fac4dd5d8) locale list changing from [] to [en-US]
02-19 19:02:41.779   752  2505 I system_server: AssetManager2(0x7d8fac50d058) locale list changing from [] to [en-US]
02-19 19:02:41.833   752  2505 I system_server: AssetManager2(0x7d8fac4d10f8) locale list changing from [] to [en-US]
02-19 19:02:42.282  7804  7840 D OverviewCommandHelper: command added: CommandInfo(type=TOGGLE, status=IDLE, createTime=106836129, animationCallbacks=null, displayId=0, isLastOfBatch=true)
02-19 19:02:42.282  7804  7840 D OverviewCommandHelper: execute: CommandInfo(type=TOGGLE, status=IDLE, createTime=106836129, animationCallbacks=null, displayId=0, isLastOfBatch=true) - queue size: 1
02-19 19:02:42.283  7804  7804 D OverviewCommandHelper: executing command: CommandInfo(type=TOGGLE, status=PROCESSING, createTime=106836129, animationCallbacks=null, displayId=0, isLastOfBatch=true)
02-19 19:02:42.283  7804  7804 D OverviewCommandHelper: executeCommand: CommandInfo(type=TOGGLE, status=PROCESSING, createTime=106836129, animationCallbacks=null, displayId=0, isLastOfBatch=true) - visibleRecentsView: null
02-19 19:02:42.284  7804  7804 D OverviewCommandHelper: Querying TaskbarManager for TaskbarUIController for display: 0
02-19 19:02:42.284  7804  7804 D OverviewCommandHelper: TaskbarUIController for display 0 was found
02-19 19:02:42.292  7804  7804 D ContextTracker: Registering callback: com.android.launcher3.LauncherInitListener@59190c1, reason=OverviewCommandHelper: command.type=TOGGLE
02-19 19:02:42.295  7804  7804 D RecentsView: onGestureAnimationStart - groupedTaskInfo: Desk ID= -1, Desk Display ID=-1, Tasks=[id=78 winMode=fullscreen visReq=true vis=true excluded=false baseIntent=viva.republica.toss.test/im.toss.rn.granite.core.GraniteActivity], Type=FULLSCREEN, Minimized Task IDs=null
02-19 19:02:42.296  7804  7804 D RecentsView: showCurrentTask(onGestureAnimationStart) - groupedTaskInfo: Desk ID= -1, Desk Display ID=-1, Tasks=[id=78 winMode=fullscreen visReq=true vis=true excluded=false baseIntent=viva.republica.toss.test/im.toss.rn.granite.core.GraniteActivity], Type=FULLSCREEN, Minimized Task IDs=null
02-19 19:02:42.297  7804  7804 D OverviewActionsView: updateForGroupedTask() called with: isGroupedTask = [false], canSaveAppPair = [false]
02-19 19:02:42.298  7804  7804 D OverviewActionsView: updateActionButtonsVisibility() called: showSingleTaskActions = [true], showGroupActions = [false]
02-19 19:02:42.300  7804  7804 D RecentsView: reloadIfNeeded - getTasks: 342
02-19 19:02:42.301  4449  4467 V ShellRecents: RecentsTransitionHandler.startRecentsTransition
02-19 19:02:42.302  4449  4467 V WindowManagerShell: Directly starting a new transition type=TO_FRONT wct=WindowContainerTransaction { changes= {} hops= [{pendingIntent: options=Bundle[{android.activity.splashScreenStyle=-1, android.activity.sourceInfo=Supplier{VAL_PARCELABLE@148+104}, android.pendingIntent.backgroundActivityAllowed=3, android:activity.animAbortListener=null, android.activity.transientLaunch=true}]}] errorCallbackToken=null taskFragmentOrganizer=null } handler=com.android.wm.shell.recents.RecentsTransitionHandler@bc47314
02-19 19:02:42.305  7804  7804 D RecentsView: onGestureAnimationStart - groupedTaskInfo: Desk ID= -1, Desk Display ID=-1, Tasks=[id=78 winMode=fullscreen visReq=true vis=true excluded=false baseIntent=viva.republica.toss.test/im.toss.rn.granite.core.GraniteActivity], Type=FULLSCREEN, Minimized Task IDs=null
02-19 19:02:42.305  7804  7804 D RecentsView: showCurrentTask(onGestureAnimationStart) - groupedTaskInfo: Desk ID= -1, Desk Display ID=-1, Tasks=[id=78 winMode=fullscreen visReq=true vis=true excluded=false baseIntent=viva.republica.toss.test/im.toss.rn.granite.core.GraniteActivity], Type=FULLSCREEN, Minimized Task IDs=null
02-19 19:02:42.306  7804  7804 D OverviewActionsView: updateForGroupedTask() called with: isGroupedTask = [false], canSaveAppPair = [false]
02-19 19:02:42.306  7804  7804 D OverviewActionsView: updateActionButtonsVisibility() called: showSingleTaskActions = [true], showGroupActions = [false]
02-19 19:02:42.307  7804  7804 D RecentsView: reloadIfNeeded - task list still valid: 342
02-19 19:02:42.307  7804  7804 D OverviewCommandHelper: switching via recents animation - onGestureStarted: CommandInfo(type=TOGGLE, status=PROCESSING, createTime=106836129, animationCallbacks=com.android.quickstep.RecentsAnimationCallbacks@c5be1ab, displayId=0, isLastOfBatch=true)
02-19 19:02:42.307  7804  7804 D OverviewCommandHelper: command executed: CommandInfo(type=TOGGLE, status=PROCESSING, createTime=106836129, animationCallbacks=com.android.quickstep.RecentsAnimationCallbacks@c5be1ab, displayId=0, isLastOfBatch=true) with result: false
02-19 19:02:42.307  7804  7804 D OverviewCommandHelper: waiting for command callback: CommandInfo(type=TOGGLE, status=PROCESSING, createTime=106836129, animationCallbacks=com.android.quickstep.RecentsAnimationCallbacks@c5be1ab, displayId=0, isLastOfBatch=true)
02-19 19:02:42.316  7804  7804 D ViewRootImpl: Skipping stats log for color mode
02-19 19:02:42.316  4449  4467 V ShellRecents: [43413050] RecentsController.setTransition: id=android.os.BinderProxy@cea6165
02-19 19:02:42.317  7804  7804 D StateManager: goToState - fromState: Normal, toState: Background, partial trace:
02-19 19:02:42.317  7804  7804 D StateManager: 	at com.android.quickstep.BaseActivityInterface$DefaultAnimationFactory.initBackgroundStateUI(go/retraceme 72a59688580715d19f0e415c69e80376c2f062d1648c80db6730905005a27c20:39)
02-19 19:02:42.317  7804  7804 D StateManager: 	at com.android.quickstep.LauncherActivityInterface.prepareRecentsUI(go/retraceme 72a59688580715d19f0e415c69e80376c2f062d1648c80db6730905005a27c20:9)
02-19 19:02:42.317  7804  7804 D StateManager: 	at com.android.quickstep.AbsSwipeUpHandler.lambda$onLauncherStart$7(go/retraceme 72a59688580715d19f0e415c69e80376c2f062d1648c80db6730905005a27c20:11)
02-19 19:02:42.317  7804  7804 D StateManager: onStateTransitionStart - state: Background
02-19 19:02:42.327   752  1095 D BackgroundInstallControlService: Package event received: 0
02-19 19:02:42.327   752  1095 D BackgroundInstallControlService: Package event received: 0
02-19 19:02:42.331  7804  7804 D BaseDepthController: mSurface is null and mCurrentBlur is: 0
02-19 19:02:42.331   531   548 I BpBinder: onLastStrongRef automatically unlinking death recipients: 
02-19 19:02:42.332   752  1095 D BackgroundInstallControlService: Package event received: 0
02-19 19:02:42.335   531   531 I BpBinder: onLastStrongRef automatically unlinking death recipients: 
02-19 19:02:42.336  7804  7804 D KeyboardInsetsHandler: setState, toState:Background StateManager(mLastStableState:Normal, mCurrentStableState:Normal, mState:Background, mRestState:Normal, isInTransition:false)
02-19 19:02:42.336  7804  7804 D StateManager: onStateTransitionEnd - state: Background
02-19 19:02:42.340  4449  4449 I vol.VolumeDialogImpl: mDialog.dismiss() reason: volume_controller from: com.android.systemui.volume.VolumeDialogImpl$7.onDismissRequested:3
02-19 19:02:42.341  4449  4449 I vol.VolumeDialogImpl: mDialog.dismiss() reason: volume_controller from: com.android.systemui.volume.VolumeDialogImpl$7.onDismissRequested:3
02-19 19:02:42.341  4449  4449 D vol.VolumeDialogImpl: dismissH: skipping dismiss because isAnimatingDismiss is true and showingStateInconsistent is false
02-19 19:02:42.979 16566 16566 I Choreographer: Skipped 38 frames!  The application may be doing too much work on its main thread.
02-19 19:02:42.979  4449  4449 I Choreographer: Skipped 38 frames!  The application may be doing too much work on its main thread.
02-19 19:02:42.981   752   798 I Choreographer: Skipped 38 frames!  The application may be doing too much work on its main thread.
02-19 19:02:42.987  1336  1556 D SatelliteController: iisInCarrierRoamingNbIotNtn: satellite is disabled
02-19 19:02:42.987  7804  7804 I Choreographer: Skipped 39 frames!  The application may be doing too much work on its main thread.
02-19 19:02:42.990  7804  7804 D RecentsView: updateTaskStackListenerState: true
02-19 19:02:42.990  7804  7804 D RecentsView: reloadIfNeeded - task list still valid: 342
02-19 19:02:42.990  7804  7804 D NexusLauncherModelDelegate: notifySmartspaceEvent: SmartspaceTargetEvent{mSmartspaceTarget=null, mSmartspaceActionId='null', mEventType=6}
02-19 19:02:43.014  7804  7804 D BaseDepthController: setSurface:
02-19 19:02:43.014  7804  7804 D BaseDepthController: 	mWaitingOnSurfaceValidity: false
02-19 19:02:43.014  7804  7804 D BaseDepthController: 	mBaseSurface: Surface(name=com.google.android.apps.nexuslauncher/com.google.android.apps.nexuslauncher.NexusLauncherActivity)/@0x6e8fc4f
02-19 19:02:43.132  7804  7804 D RecentsView: applyLoadPlan - taskGroups: [type=SINGLE task=[id=12 windowingMode=0 user=0 lastActiveTime=89737] null, type=SINGLE task=[id=49 windowingMode=1 user=0 lastActiveTime=87698314] null, type=SINGLE task=[id=78 windowingMode=1 user=0 lastActiveTime=106831220] null]
02-19 19:02:43.142   531   531 I BpBinder: onLastStrongRef automatically unlinking death recipients: 
02-19 19:02:43.154  4449 21898 V WindowManagerShell: onTransitionReady(transaction=3229815427924)
02-19 19:02:43.160  4449  4467 V WindowManagerShell: onTransitionReady (#723) android.os.BinderProxy@cea6165: {id=723 t=TO_FRONT f=0x80 trk=0 r=[0@Point(0, 0)] c=[
02-19 19:02:43.160  4449  4467 V WindowManagerShell:         {m=TO_FRONT f=SHOW_WALLPAPER|MOVE_TO_TOP leash=Surface(name=Task=1)/@0x42cc060 sb=Rect(0, 0 - 1080, 2400) eb=Rect(0, 0 - 1080, 2400) epz=Point(1080, 2400) d=0 taskParent=-1},
02-19 19:02:43.160  4449  4467 V WindowManagerShell:         {m=TO_BACK f=NONE leash=Surface(name=Task=78)/@0x3eb5919 sb=Rect(0, 0 - 1080, 2400) eb=Rect(0, 0 - 1080, 2400) epz=Point(1080, 2400) d=0 taskParent=-1},
02-19 19:02:43.160  4449  4467 V WindowManagerShell:         {m=TO_FRONT f=IS_WALLPAPER leash=Surface(name=WallpaperWindowToken{35e0c0f showWhenLocked=false})/@0x2b0bdde sb=Rect(0, 0 - 1080, 2400) eb=Rect(0, 0 - 1080, 2400) epz=Point(1080, 2400) d=0}
02-19 19:02:43.160  4449  4467 V WindowManagerShell:     ]}
02-19 19:02:43.160  7804  7813 I HWUI    : Davey! duration=804ms; Flags=1, FrameTimelineVsyncId=1907889, IntendedVsync=106836171333410, Vsync=106836821333384, InputEventId=0, HandleInputStart=106836836094643, AnimationStart=106836836096695, PerformTraversalsStart=106836836540427, DrawStart=106836942016282, FrameDeadline=106836188000076, FrameStartTime=106836834219528, FrameInterval=16666666, WorkloadTarget=16666666, SyncQueued=106836949293963, SyncStart=106836961292459, IssueDrawCommandsStart=106836961825723, SwapBuffers=106836962108063, FrameCompleted=106836987400294, DequeueBufferDuration=15090, QueueBufferDuration=1148696, GpuCompleted=106836987400294, SwapBuffersCompleted=106836968598225, DisplayPresentTime=0, CommandSubmissionCompleted=106836962108063, 
02-19 19:02:43.161  4449  4467 V WindowManagerShell: Playing animation for (#723) android.os.BinderProxy@cea6165@0
02-19 19:02:43.162  4449  4467 V WindowManagerShell:  try firstHandler com.android.wm.shell.recents.RecentsTransitionHandler@bc47314
02-19 19:02:43.162  4449  4467 V ShellRecents: [43413050] RecentsController.start
02-19 19:02:43.165   752   794 V WindowManager: Sent Transition (#723) createdAt=02-19 19:02:42.303
02-19 19:02:43.167   752   794 V WindowManager:     startWCT=WindowContainerTransaction { changes= {} hops= [{pendingIntent: options=Bundle[{android.activity.splashScreenStyle=-1, android.activity.sourceInfo=android.app.ActivityOptions$SourceInfo@5073d03, android.pendingIntent.backgroundActivityAllowed=3, android:activity.animAbortListener=null, android.activity.transientLaunch=true}]}] errorCallbackToken=null taskFragmentOrganizer=null }
02-19 19:02:43.168   752   794 V WindowManager:     info={id=723 t=TO_FRONT f=0x80 trk=0 r=[0@Point(0, 0)] c=[
02-19 19:02:43.168   752   794 V WindowManager:         {WCT{RemoteToken{5218fe8 Task{dd43522 #1 type=home}}} m=TO_FRONT f=SHOW_WALLPAPER|MOVE_TO_TOP leash=Surface(name=Task=1)/@0x8ddbd2e sb=Rect(0, 0 - 1080, 2400) eb=Rect(0, 0 - 1080, 2400) epz=Point(1080, 2400) d=0 taskParent=-1},
02-19 19:02:43.168   752   794 V WindowManager:         {WCT{RemoteToken{58f5d87 Task{11d79c0 #78 type=standard A=10217:viva.republica.toss.test}}} m=TO_BACK f=NONE leash=Surface(name=Task=78)/@0x6af51ab sb=Rect(0, 0 - 1080, 2400) eb=Rect(0, 0 - 1080, 2400) epz=Point(1080, 2400) d=0 taskParent=-1},
02-19 19:02:43.168   752   794 V WindowManager:         {m=TO_FRONT f=IS_WALLPAPER leash=Surface(name=WallpaperWindowToken{35e0c0f showWhenLocked=false})/@0x512f5be sb=Rect(0, 0 - 1080, 2400) eb=Rect(0, 0 - 1080, 2400) epz=Point(1080, 2400) d=0}
02-19 19:02:43.168   752   794 V WindowManager:     ]}
02-19 19:02:43.169  4449  4467 V ShellRecents:   not handling home taskId=1
02-19 19:02:43.172  4449  4467 V ShellRecents:   adding pausing leaf taskId=78 at layer=8
02-19 19:02:43.174  7804  7804 D ActivityAllAppsContainerView: rebindAdapters: force: false
02-19 19:02:43.175  4449  4467 V ShellRecents: Applying transaction=3229815427924
02-19 19:02:43.176  7804  7804 D ActivityAllAppsContainerView: rebindAdapters: Not needed.
02-19 19:02:43.177  4449  4467 V ShellRecents: No matching remote found to takeover (#723)
02-19 19:02:43.179  4449  4467 V ShellSplitScreen: getSplitBoundsForTaskId: expected split bounds for taskId=78 but not found
02-19 19:02:43.179  4449  4467 V ShellRecents: [43413050] RecentsController.start: calling onAnimationStart with 2 apps
02-19 19:02:43.191  4449  4467 V WindowManagerShell:  animated by firstHandler
02-19 19:02:43.204  7804  7804 D OverviewCommandHelper: recents animation started: CommandInfo(type=TOGGLE, status=PROCESSING, createTime=106836129, animationCallbacks=com.android.quickstep.RecentsAnimationCallbacks@c5be1ab, displayId=0, isLastOfBatch=true)
02-19 19:02:43.205  7804  7804 D StatsLog: LAUNCHER_OVERVIEW_SHOW_OVERVIEW_FROM_3_BUTTON
02-19 19:02:43.205  7804  7804 D OverviewCommandHelper: recents animation started - onInitBackgroundStateUI: CommandInfo(type=TOGGLE, status=PROCESSING, createTime=106836129, animationCallbacks=com.android.quickstep.RecentsAnimationCallbacks@c5be1ab, displayId=0, isLastOfBatch=true)
02-19 19:02:43.210  7804  7804 D RemoteTargetGluer: appCount: 1 handleLength: 4
02-19 19:02:43.211  7804  7804 D RemoteTargetGluer: resizing handles
02-19 19:02:43.212  7804  7804 D RemoteTargetGluer: containsSplitTargets? false handleLength: 1 appsLength: 1
02-19 19:02:43.213  7804  7804 D RecentsView: setRecentsAnimationTargets - recentsAnimationController: com.android.quickstep.RecentsAnimationController@c927ff8, recentsAnimationTargets: com.android.quickstep.RecentsAnimationTargets@f2e3cd1
02-19 19:02:43.215  7804  7804 D RemoteTargetGluer: appCount: 1 handleLength: 1
02-19 19:02:43.220  7804  7804 D RemoteTargetGluer: containsSplitTargets? false handleLength: 1 appsLength: 1
02-19 19:02:43.222  7804  7934 W HWUI    : Image decoding logging dropped!
02-19 19:02:43.237  7804  7804 D RecentsView: onPrepareGestureEndAnimation - endTarget: RECENTS
02-19 19:02:43.301  4449  4467 V ShellRecents: [43413050] RecentsController.setInputConsumerEnabled: set focus to recents
02-19 19:02:43.407   752   795 W Looper  : Slow dispatch took 101ms android.ui app=system_server main=false group=TOP_APP h=com.android.server.wm.DisplayPolicy$PolicyHandler c=com.android.server.wm.DisplayPolicy$$ExternalSyntheticLambda14@677efe m=0
02-19 19:02:43.662  7804  7804 D StateManager: goToState - fromState: Background, toState: Overview, partial trace:
02-19 19:02:43.662  7804  7804 D StateManager: 	at com.android.quickstep.BaseActivityInterface$DefaultAnimationFactory.lambda$createContainerInterface$0(go/retraceme 72a59688580715d19f0e415c69e80376c2f062d1648c80db6730905005a27c20:28)
02-19 19:02:43.662  7804  7804 D StateManager: 	at com.android.quickstep.BaseActivityInterface$DefaultAnimationFactory.a(go/retraceme 72a59688580715d19f0e415c69e80376c2f062d1648c80db6730905005a27c20:1)
02-19 19:02:43.662  7804  7804 D StateManager: 	at com.android.quickstep.y.run(go/retraceme 72a59688580715d19f0e415c69e80376c2f062d1648c80db6730905005a27c20:5)
02-19 19:02:43.663  7804  7804 D StatsLog: LAUNCHER_ONRESUME
02-19 19:02:43.666  7804  7804 D StateManager: onStateTransitionStart - state: Overview
02-19 19:02:43.669  7804  7804 D KeyboardInsetsHandler: setState, toState:Overview StateManager(mLastStableState:Normal, mCurrentStableState:Background, mState:Overview, mRestState:Normal, isInTransition:false)
02-19 19:02:43.670  7804  7804 D StateManager: onStateTransitionEnd - state: Overview
02-19 19:02:43.675   488   488 I RanchuHwc: logCompositionFallbackIfChanged: layer 1303 CompositionType fallback from 2 to 1
02-19 19:02:43.675   488   488 I RanchuHwc: logCompositionFallbackIfChanged: layer 1304 CompositionType fallback from 2 to 1
02-19 19:02:43.676  7804  7804 I AiAiSuggestUi: Clearing suggestions.
02-19 19:02:43.676  7804  7804 I AiAiSuggestUi: Requesting to show indicators
02-19 19:02:43.676  7804  7804 I AiAiSuggestUi: Fetching contents, isPrimaryTask = true
02-19 19:02:43.678  7804  7804 D StatsLog: LAUNCHER_OVERVIEW_GESTURE
02-19 19:02:43.678  7804  7804 D OverviewCommandHelper: switching via recents animation - onTransitionComplete: CommandInfo(type=TOGGLE, status=PROCESSING, createTime=106836129, animationCallbacks=com.android.quickstep.RecentsAnimationCallbacks@c5be1ab, displayId=0, isLastOfBatch=true)
02-19 19:02:43.679  7804  7804 D OverviewCommandHelper: command executed: CommandInfo(type=TOGGLE, status=PROCESSING, createTime=106836129, animationCallbacks=com.android.quickstep.RecentsAnimationCallbacks@c5be1ab, displayId=0, isLastOfBatch=true) with result: true
02-19 19:02:43.681  7804  7804 D OverviewCommandHelper: command executed successfully! CommandInfo(type=TOGGLE, status=COMPLETED, createTime=106836129, animationCallbacks=com.android.quickstep.RecentsAnimationCallbacks@c5be1ab, displayId=0, isLastOfBatch=true)
02-19 19:02:43.682  7804  7804 D OverviewCommandHelper: no pending commands to be executed.
02-19 19:02:43.682  7804  7804 D ContextTracker: Unregistering callback: com.android.launcher3.LauncherInitListener@59190c1, reason=AbsSwipeUpHandler.invalidateHandler
02-19 19:02:43.687  7804  7823 D QuickstepModelDelegate: notifyAppTargetEvent action=1 launchLocation=
02-19 19:02:43.700  4449  4467 D WindowManagerShell: setLauncherKeepClearAreaHeight: visible=true, height=527
02-19 19:02:43.704  7804  7804 D OverviewActionsView: updateForGroupedTask() called with: isGroupedTask = [false], canSaveAppPair = [false]
02-19 19:02:43.704  7804  7804 D OverviewActionsView: updateActionButtonsVisibility() called: showSingleTaskActions = [true], showGroupActions = [false]
02-19 19:02:43.705  7804  7804 D OverviewActionsView: updateForGroupedTask() called with: isGroupedTask = [false], canSaveAppPair = [false]
02-19 19:02:43.706   752  1095 D BackgroundInstallControlService: Package event received: 0
02-19 19:02:43.706  7804  7804 D OverviewActionsView: updateActionButtonsVisibility() called: showSingleTaskActions = [true], showGroupActions = [false]
02-19 19:02:43.710  7804  7804 D RecentsView: onGestureAnimationEnd - mEnableDrawingLiveTile: true
02-19 19:02:43.725  1971  2198 I AiAiEcho: Predicting[0]:  [CONTEXT sampling_count=5 ]
02-19 19:02:43.739  1971  2198 I AiAiEcho: EchoTargets: 
02-19 19:02:43.739  1971  2198 I AiAiEcho: Filtered by AiAi flag check: 
02-19 19:02:43.739  1971  2198 I AiAiEcho: [CONTEXT ratelimit_period="10 SECONDS" ]
02-19 19:02:43.747  1971  2198 I AiAiEcho: #remoteViewsTwiddler: feature disabled.
02-19 19:02:43.766  4449   614 V ShellRecents: [43413050] RecentsController.detachNavigationBarFromApp
02-19 19:02:43.766  7804  7804 I NotificationListener: Handling notification state refresh for com.google.android.adservices.api#0
02-19 19:02:43.766  7804  7804 I NotificationListener: Handling notification state refresh for android#0
02-19 19:02:43.766  7804  7804 I NotificationListener: Handling notification state refresh for com.android.systemui#0
02-19 19:02:43.769  1971  2198 I AiAiEcho: #postPredictionTargets: Sending updates to UISurface home with targets# 0 (types=[])
02-19 19:02:43.773 16566 16571 I blica.toss.test: NativeAlloc concurrent mark compact GC freed 7188KB AllocSpace bytes, 17(468KB) LOS objects, 48% free, 25MB/49MB, paused 2.992ms,3.047ms total 785.143ms
02-19 19:02:43.814  7804  7816 I s.nexuslauncher: Waiting for a blocking GC ProfileSaver
02-19 19:02:43.854  7804  7808 I s.nexuslauncher: NativeAlloc concurrent mark compact GC freed 1594KB AllocSpace bytes, 0(0B) LOS objects, 49% free, 5597KB/10MB, paused 1.056ms,1.306ms total 191.067ms
02-19 19:02:43.855  7804  7816 I s.nexuslauncher: WaitForGcToComplete blocked ProfileSaver on NativeAlloc for 40.880ms
02-19 19:02:43.880  7804  7804 D SsBaseTemplateCard: No text view can be set up
02-19 19:02:43.880  7804  7804 D SsBaseTemplateCard: Passed-in item info is null
02-19 19:02:43.880  7804  7804 D SsBaseTemplateCard: Passed-in item info is null
02-19 19:02:43.880  7804  7804 D SsBaseTemplateCard: Passed-in item info is null
02-19 19:02:43.880  7804  7804 I SsBaseTemplateCard: Secondary card pane is null
02-19 19:02:43.880   488   488 I RanchuHwc: logCompositionFallbackIfChanged: layer 1305 CompositionType fallback from 2 to 1
02-19 19:02:43.919  7804  7810 W System  : A resource failed to call release. 
02-19 19:02:43.919  7804  7810 W System  : A resource failed to call release. 
02-19 19:02:43.919  7804  7810 W System  : A resource failed to call release. 
02-19 19:02:43.972  7804  7804 D TaskView: launchAsLiveTile - composeRecentsLaunchAnimator: [78]
02-19 19:02:44.035  1971  1992 W ogle.android.as: Suspending all threads took: 111.482ms
02-19 19:02:44.226  7804  7938 I AiAiSuggestUi: Request suggestContentSelections complete, took: 510
02-19 19:02:44.318  7804  7938 E AiAiSuggestUi: Timeout while retrieving suggestContentSelections
02-19 19:02:44.318  7804  7938 E AiAiSuggestUi: java.util.concurrent.TimeoutException
02-19 19:02:44.318  7804  7938 E AiAiSuggestUi: 	at java.util.concurrent.CompletableFuture$Timeout.run(CompletableFuture.java:2908)
02-19 19:02:44.318  7804  7938 E AiAiSuggestUi: 	at java.util.concurrent.Executors$RunnableAdapter.call(Executors.java:524)
02-19 19:02:44.318  7804  7938 E AiAiSuggestUi: 	at java.util.concurrent.FutureTask.run(FutureTask.java:317)
02-19 19:02:44.318  7804  7938 E AiAiSuggestUi: 	at java.util.concurrent.ScheduledThreadPoolExecutor$ScheduledFutureTask.run(ScheduledThreadPoolExecutor.java:348)
02-19 19:02:44.318  7804  7938 E AiAiSuggestUi: 	at java.util.concurrent.ThreadPoolExecutor.runWorker(ThreadPoolExecutor.java:1156)
02-19 19:02:44.318  7804  7938 E AiAiSuggestUi: 	at java.util.concurrent.ThreadPoolExecutor$Worker.run(ThreadPoolExecutor.java:651)
02-19 19:02:44.318  7804  7938 E AiAiSuggestUi: 	at java.lang.Thread.run(Thread.java:1119)
02-19 19:02:44.319  7804  7938 I AiAiSuggestUi: Fetched content back in callback
02-19 19:02:44.434  7804  7804 D RecentsView: finishRecentsAnimation - mRecentsAnimationController: com.android.quickstep.RecentsAnimationController@c927ff8
02-19 19:02:44.434  7804  7804 D RecentsView: cleanupRemoteTargets - mRemoteTargetHandles: [com.android.quickstep.RemoteTargetGluer$RemoteTargetHandle@63a7a15]
02-19 19:02:44.435  4449  4467 V ShellRecents: [43413050] RecentsController.finishInner: toHome=false userLeave=false willFinishToHome=false state=0 hasPausingTasks=true reason=requested
02-19 19:02:44.435  4449  4467 V ShellRecents:   returning to app
02-19 19:02:44.436  4449  4467 V ShellRecents: [43413050] RecentsController.finishInner: Completing finish
02-19 19:02:44.436  4449  4467 V ShellRecents: [43413050] RecentsController.cleanup
02-19 19:02:44.436  4449  4467 V WindowManagerShell: Transition animation finished (aborted=false), notifying core (#723) android.os.BinderProxy@cea6165@0
02-19 19:02:44.447   752   794 V WindowManager: Finish Transition (#723): created at 02-19 19:02:42.303 collect-started=4.076ms started=4.111ms ready=698.203ms sent=833.16ms commit=50.703ms finished=2143.858ms
02-19 19:02:44.546   537   537 W adbd    : timeout expired while flushing socket, closing
02-19 19:02:44.566  7804  7804 D RecentsView: cleanupRemoteTargets - mRemoteTargetHandles: null
02-19 19:02:44.643  4449  4467 V WindowManagerShell: Track 0 became idle
02-19 19:02:44.643  4449  4467 V WindowManagerShell: All active transition animations finished
02-19 19:02:44.643  4449  4467 V ShellRecents: [43413050] RecentsController.finishInner: calling finish callback
02-19 19:02:44.656  7804  7804 W SplitSelectStateCtor: Missing session instanceIds
02-19 19:02:44.656  7804  7804 D StatsLog: LAUNCHER_SPLIT_SELECTION_EXIT_INTERRUPTED
02-19 19:02:44.657  4449  4467 D WindowManagerShell: setLauncherKeepClearAreaHeight: visible=false, height=527
02-19 19:02:44.666   752  1095 D BackgroundInstallControlService: Package event received: 0
02-19 19:02:44.667  7804  7804 D VRI[NexusLauncherActivity]: visibilityChanged oldVisibility=true newVisibility=false
02-19 19:02:44.668  7804  7804 D RecentsView: onRecentsAnimationComplete - mRecentsAnimationController: com.android.quickstep.RecentsAnimationController@c927ff8, mSideTaskLaunchCallback: null
02-19 19:02:44.669  7804  7804 D BaseDepthController: setSurface:
02-19 19:02:44.669  7804  7804 D BaseDepthController: 	mWaitingOnSurfaceValidity: false
02-19 19:02:44.669  7804  7804 D BaseDepthController: 	mBaseSurface: null
02-19 19:02:44.670  7804  7804 D BaseDepthController: mSurface is null and mCurrentBlur is: 0
02-19 19:02:44.670  7804  7804 D StateManager: goToState - fromState: Overview, toState: Normal, partial trace:
02-19 19:02:44.670  7804  7804 D StateManager: 	at com.android.launcher3.statemanager.StateManager.moveToRestState(go/retraceme 72a59688580715d19f0e415c69e80376c2f062d1648c80db6730905005a27c20:4)
02-19 19:02:44.670  7804  7804 D StateManager: 	at com.android.launcher3.statemanager.StateManager.moveToRestState(go/retraceme 72a59688580715d19f0e415c69e80376c2f062d1648c80db6730905005a27c20:1)
02-19 19:02:44.670  7804  7804 D StateManager: 	at com.android.launcher3.statemanager.StatefulActivity.onStop(go/retraceme 72a59688580715d19f0e415c69e80376c2f062d1648c80db6730905005a27c20:34)
02-19 19:02:44.670  7804  7804 D StateManager: onStateTransitionStart - state: Normal
02-19 19:02:44.671  7804  7804 D RecentsView: updateTaskStackListenerState: false
02-19 19:02:44.672  7804  7804 D BaseDepthController: mSurface is null and mCurrentBlur is: 0
02-19 19:02:44.673  7804  7804 D BaseDepthController: mSurface is null and mCurrentBlur is: 0
02-19 19:02:44.675  7804  7804 D KeyboardInsetsHandler: setState, toState:Normal StateManager(mLastStableState:Normal, mCurrentStableState:Overview, mState:Normal, mRestState:Normal, isInTransition:false)
02-19 19:02:44.675  7804  7804 D StateManager: onStateTransitionEnd - state: Normal
02-19 19:02:44.676  7804  7804 D RecentsView: reset - mEnableDrawingLiveTile: true, mRecentsAnimationController: null
02-19 19:02:44.676  7804  7804 I AiAiSuggestUi: Clearing suggestions.
02-19 19:02:44.676  7804  7804 I AiAiSuggestUi: Clearing suggestions.
02-19 19:02:44.676  7804  7804 D ActivityAllAppsContainerView: rebindAdapters: force: false
02-19 19:02:44.677  7804  7804 D ActivityAllAppsContainerView: rebindAdapters: Not needed.
02-19 19:02:44.679   752  1095 D BackgroundInstallControlService: Package event received: 0
02-19 19:02:44.680  7804  7804 D StatsLog: LAUNCHER_ONSTOP
02-19 19:02:44.681  7804  7804 D StatsLog: LAUNCHER_GOOGLE_SEARCH_RESTORE_LIST_SIZE_AFTER_ACTIVITY_RESTART
02-19 19:02:44.681  7804  7804 D NexusLauncherModelDelegate: notifySmartspaceEvent: SmartspaceTargetEvent{mSmartspaceTarget=null, mSmartspaceActionId='null', mEventType=7}
02-19 19:02:44.765   537   537 W adbd    : timeout expired while flushing socket, closing
02-19 19:02:44.766  7804  7804 D NexusLauncherModelDelegate: notifySmartspaceEvent: SmartspaceTargetEvent{mSmartspaceTarget=null, mSmartspaceActionId='null', mEventType=7}
02-19 19:02:44.796   752   797 V WindowManager: Unknown focus tokens, dropping reportFocusChanged
02-19 19:02:44.798   752   989 I ImeTracker: viva.republica.toss.test:9d9858d7: onRequestHide at ORIGIN_SERVER reason HIDE_SAME_WINDOW_FOCUSED_WITHOUT_EDITOR fromUser false
02-19 19:02:44.800  7804  7804 D StateManager: goToState - fromState: Normal, toState: Normal, partial trace:
02-19 19:02:44.800  7804  7804 D StateManager: 	at com.android.launcher3.statemanager.StateManager.moveToRestState(go/retraceme 72a59688580715d19f0e415c69e80376c2f062d1648c80db6730905005a27c20:4)
02-19 19:02:44.800  7804  7804 D StateManager: 	at com.android.launcher3.statemanager.StateManager.moveToRestState(go/retraceme 72a59688580715d19f0e415c69e80376c2f062d1648c80db6730905005a27c20:1)
02-19 19:02:44.800  7804  7804 D StateManager: 	at com.android.quickstep.TaskViewUtils$9.lambda$onAnimationSuccess$0(go/retraceme 72a59688580715d19f0e415c69e80376c2f062d1648c80db6730905005a27c20:1)
02-19 19:02:44.801  7804  7804 D KeyboardInsetsHandler: setState, toState:Normal StateManager(mLastStableState:Normal, mCurrentStableState:Normal, mState:Normal, mRestState:null, isInTransition:false)
02-19 19:02:44.802  7804  7804 D OverviewActionsView: updateForGroupedTask() called with: isGroupedTask = [false], canSaveAppPair = [false]
02-19 19:02:44.802  7804  7804 D OverviewActionsView: updateActionButtonsVisibility() called: showSingleTaskActions = [true], showGroupActions = [false]
02-19 19:02:44.805   752  1095 D BackgroundInstallControlService: Package event received: 0
02-19 19:02:44.805 16566 16566 D InsetsController: hide(ime(), fromIme=false)
02-19 19:02:44.805 16566 16566 I ImeTracker: viva.republica.toss.test:9d9858d7: onCancelled at PHASE_CLIENT_ALREADY_HIDDEN
02-19 19:02:44.807  1563  1563 I GoogleInputMethodService: GoogleInputMethodService.onFinishInput():2043 
02-19 19:02:44.808  1563  1563 I Module  : DeviceLockedStatusModuleProvider$Module.updateDeviceLockedStatus():100 repeatCheckTimes = 0, locked = false
02-19 19:02:44.808  1563  1563 I GoogleInputMethodService: GoogleInputMethodService.onStartInput():1293 onStartInput(EditorInfo{EditorInfo{packageName=viva.republica.toss.test, inputType=0, inputTypeString=NULL, enableLearning=false, autoCorrection=false, autoComplete=false, imeOptions=0, privateImeOptions=null, actionName=UNSPECIFIED, actionLabel=null, initialSelStart=-1, initialSelEnd=-1, initialCapsMode=0, label=null, fieldId=0, fieldName=null, extras=null, hintText=null, hintLocales=[]}}, false)
02-19 19:02:44.808  1563  1563 I Module  : DeviceLockedStatusModuleProvider$Module.updateDeviceLockedStatus():100 repeatCheckTimes = 1, locked = false
02-19 19:02:44.809  1563  1563 I EmojiCompatManager: EmojiCompatManager.getEmojiCompatIfLoaded():343 EmojiCompat.init() was never called.
02-19 19:02:44.809  1563  1563 I EmojiCompatManager: java.lang.IllegalStateException: EmojiCompat is not initialized. Please call EmojiCompat.init() first
02-19 19:02:44.809  1563  1563 I EmojiCompatManager: 	at asx.p(PG:6)
02-19 19:02:44.809  1563  1563 I EmojiCompatManager: 	at axb.b(PG:13)
02-19 19:02:44.809  1563  1563 I EmojiCompatManager: 	at jnr.b(PG:2)
02-19 19:02:44.809  1563  1563 I EmojiCompatManager: 	at jnr.c(PG:4)
02-19 19:02:44.809  1563  1563 I EmojiCompatManager: 	at jnr.f(PG:3)
02-19 19:02:44.809  1563  1563 I EmojiCompatManager: 	at jnx.c(PG:3)
02-19 19:02:44.809  1563  1563 I EmojiCompatManager: 	at kif.cz(PG:47)
02-19 19:02:44.809  1563  1563 I EmojiCompatManager: 	at lhl.run(PG:1025)
02-19 19:02:44.809  1563  1563 I EmojiCompatManager: 	at jaf.execute(PG:12)
02-19 19:02:44.809  1563  1563 I EmojiCompatManager: 	at nco.v(PG:13)
02-19 19:02:44.809  1563  1563 I EmojiCompatManager: 	at lhn.m(PG:96)
02-19 19:02:44.809  1563  1563 I EmojiCompatManager: 	at lhn.k(PG:25)
02-19 19:02:44.809  1563  1563 I EmojiCompatManager: 	at kgn.onStartInput(PG:250)
02-19 19:02:44.809  1563  1563 I EmojiCompatManager: 	at android.inputmethodservice.InputMethodService.doStartInput(InputMethodService.java:3521)
02-19 19:02:44.809  1563  1563 I EmojiCompatManager: 	at android.inputmethodservice.InputMethodService$InputMethodImpl.startInput(InputMethodService.java:879)
02-19 19:02:44.809  1563  1563 I EmojiCompatManager: 	at android.inputmethodservice.InputMethodService$InputMethodImpl.dispatchStartInput(InputMethodService.java:908)
02-19 19:02:44.809  1563  1563 I EmojiCompatManager: 	at android.inputmethodservice.IInputMethodWrapper.executeMessage(IInputMethodWrapper.java:201)
02-19 19:02:44.809  1563  1563 I EmojiCompatManager: 	at com.android.internal.os.HandlerCaller$MyHandler.handleMessage(HandlerCaller.java:44)
02-19 19:02:44.809  1563  1563 I EmojiCompatManager: 	at android.os.Handler.dispatchMessage(Handler.java:110)
02-19 19:02:44.809  1563  1563 I EmojiCompatManager: 	at android.os.Looper.loopOnce(Looper.java:248)
02-19 19:02:44.809  1563  1563 I EmojiCompatManager: 	at android.os.Looper.loop(Looper.java:338)
02-19 19:02:44.809  1563  1563 I EmojiCompatManager: 	at android.app.ActivityThread.main(ActivityThread.java:9067)
02-19 19:02:44.809  1563  1563 I EmojiCompatManager: 	at java.lang.reflect.Method.invoke(Native Method)
02-19 19:02:44.809  1563  1563 I EmojiCompatManager: 	at com.android.internal.os.RuntimeInit$MethodAndArgsCaller.run(RuntimeInit.java:593)
02-19 19:02:44.809  1563  1563 I EmojiCompatManager: 	at com.android.internal.os.ZygoteInit.main(ZygoteInit.java:932)
02-19 19:02:44.809   752  2503 W PackageConfigPersister: App-specific configuration not found for packageName: viva.republica.toss.test and userId: 0
02-19 19:02:44.957  7804  7810 W System  : A resource failed to call release. 
02-19 19:02:44.957  7804  7810 W System  : A resource failed to call release. 
02-19 19:02:44.957  7804  7810 W System  : A resource failed to call release. 
02-19 19:02:44.957  7804  7810 W System  : A resource failed to call release. 
02-19 19:02:45.060  4449  4458 W System  : A resource failed to call release. 
02-19 19:02:45.060  4449  4458 W System  : A resource failed to call release. 
02-19 19:02:45.060  4449  4458 W System  : A resource failed to call release. 
02-19 19:02:45.061  4449  4458 W System  : A resource failed to call release. 
02-19 19:02:45.061  4449  4458 W System  : A resource failed to call release. 
02-19 19:02:45.061  4449  4458 W System  : A resource failed to call release. 
02-19 19:02:45.571 17688 17688 W dumpsys : Thread Pool max thread count is 0. Cannot cache binder as linkToDeath cannot be implemented. serviceName: window
02-19 19:02:45.956   752  2505 W ActivityTaskManager: callingPackage for (uid=2000, pid=17693) has no WPC
02-19 19:02:45.959   752  2505 V GrammaticalInflectionUtils: AttributionSource: android.content.AttributionSource@56784557 does not have READ_SYSTEM_GRAMMATICAL_GENDER permission.
02-19 19:02:45.959   752  2505 W OptProp : Cannot read opt property android.window.PROPERTY_COMPAT_ALLOW_USER_ASPECT_RATIO_OVERRIDE
02-19 19:02:45.960   752  2505 W OptProp : Cannot read opt property android.window.PROPERTY_COMPAT_ALLOW_USER_ASPECT_RATIO_FULLSCREEN_OVERRIDE
02-19 19:02:45.960   752  2505 W OptProp : Cannot read opt property android.window.PROPERTY_COMPAT_ALLOW_RESIZEABLE_ACTIVITY_OVERRIDES
02-19 19:02:45.960   752  2505 W OptProp : Cannot read opt property android.window.PROPERTY_COMPAT_ALLOW_MIN_ASPECT_RATIO_OVERRIDE
02-19 19:02:45.963  4449   614 D KeyguardService: setOccluded(false)
02-19 19:02:45.963  4449   614 D KeyguardViewMediator: setOccluded(false)
02-19 19:02:45.963  4449  4449 D KeyguardViewMediator: handleSetOccluded(false)
02-19 19:02:45.963  4449  4449 D KeyguardViewMediator: KeyguardViewMediator queue processing message: SET_OCCLUDED
02-19 19:02:45.963   531   602 I BpBinder: onLastStrongRef automatically unlinking death recipients: 
02-19 19:02:45.964   752  2505 I ActivityTaskManager: START u0 {act=android.intent.action.VIEW dat=intoss://takealook/... flg=0x10000000 xflg=0x4 cmp=viva.republica.toss.test/im.toss.rn.granite.core.GraniteActivity} with LAUNCH_MULTIPLE from uid 2000 (BAL_ALLOW_PERMISSION) result code=3
02-19 19:02:45.967  4449  4467 D WindowManagerShell: onActivityRestartAttempt: topActivity=ComponentInfo{viva.republica.toss.test/im.toss.rn.granite.core.GraniteActivity}, wasVisible=true
02-19 19:02:46.196 16566 17667 I ReactNativeJS: Running "shared" with {"initialProps":{"initialColorPreference":"light","loadingStartTs":1771495357820,"initialFontScale":"100"},"rootTag":291}
02-19 19:02:48.414   531   568 W EventThread: Faking VSYNC due to driver stall for thread app
02-19 19:02:48.425 16566 16932 I HWUI    : Davey! duration=2189ms; Flags=0, FrameTimelineVsyncId=1909591, IntendedVsync=106840071333254, Vsync=106840221333248, InputEventId=0, HandleInputStart=106840235522704, AnimationStart=106840235523560, PerformTraversalsStart=106840242453363, DrawStart=106840244201222, FrameDeadline=106840087999920, FrameStartTime=106840234436190, FrameInterval=16666666, WorkloadTarget=16666666, SyncQueued=106840244318369, SyncStart=106840245019087, IssueDrawCommandsStart=106840245117968, SwapBuffers=106840245247879, FrameCompleted=106842262033876, DequeueBufferDuration=5565, QueueBufferDuration=408477, GpuCompleted=106842262033876, SwapBuffersCompleted=106840246953378, DisplayPresentTime=0, CommandSubmissionCompleted=106840245247879, 
