02-19 14:14:27.943   752   794 V WindowManager:     startWCT=WindowContainerTransaction { changes= {} hops= [] errorCallbackToken=null taskFragmentOrganizer=null }
02-19 14:14:27.944   752   794 V WindowManager:     info={id=511 t=OPEN f=0x0 trk=0 r=[0@Point(0, 0)] c=[
02-19 14:14:27.944   752   794 V WindowManager:         {WCT{RemoteToken{29715c6 Task{fa7be33 #56 type=standard A=10217:viva.republica.toss.test}}} m=TO_FRONT f=MOVE_TO_TOP leash=Surface(name=Task=56)/@0xf76b753 sb=Rect(0, 0 - 1080, 2400) eb=Rect(0, 0 - 1080, 2400) epz=Point(1080, 2400) d=0 taskParent=-1},
02-19 14:14:27.944   752   794 V WindowManager:         {WCT{RemoteToken{5218fe8 Task{dd43522 #1 type=home}}} m=TO_BACK f=SHOW_WALLPAPER leash=Surface(name=Task=1)/@0x8ddbd2e sb=Rect(0, 0 - 1080, 2400) eb=Rect(0, 0 - 1080, 2400) epz=Point(1080, 2400) d=0 taskParent=-1},
02-19 14:14:27.944   752   794 V WindowManager:         {m=TO_BACK f=IS_WALLPAPER leash=Surface(name=WallpaperWindowToken{35e0c0f showWhenLocked=false})/@0x512f5be sb=Rect(0, 0 - 1080, 2400) eb=Rect(0, 0 - 1080, 2400) epz=Point(1080, 2400) d=0}
02-19 14:14:27.944   752   794 V WindowManager:     ]}
02-19 14:14:27.944   752   794 W Looper  : Slow delivery took 357ms android.fg app=system_server main=false group=FOREGROUND h=android.os.Handler c=com.android.server.wm.TransitionController$Logger@6f8d225 m=0
02-19 14:14:27.944   752   794 V WindowManager: Finish Transition (#511): created at 02-19 14:14:27.506 collect-started=0.061ms request-sent=9.07ms started=11.416ms ready=21.961ms sent=71.983ms commit=50.65ms finished=413.553ms
02-19 14:14:27.950   752   794 W Looper  : Drained
02-19 14:14:28.121   537   537 W adbd    : timeout expired while flushing socket, closing
02-19 14:14:28.140   617   617 D NexusLauncherModelDelegate: notifySmartspaceEvent: SmartspaceTargetEvent{mSmartspaceTarget=null, mSmartspaceActionId='null', mEventType=7}
02-19 14:14:28.172   617   637 W System  : A resource failed to call release. 
02-19 14:14:28.173   617   637 W System  : A resource failed to call release. 
02-19 14:14:28.173   617   637 W System  : A resource failed to call release. 
02-19 14:14:28.173   617   637 W System  : A resource failed to call release. 
02-19 14:14:28.173   617   637 W System  : A resource failed to call release. 
02-19 14:14:28.173   617   637 W System  : A resource failed to call release. 
02-19 14:14:28.173   617   637 W System  : A resource failed to call release. 
02-19 14:14:28.173   617   637 W System  : A resource failed to call release. 
02-19 14:14:28.173   617   637 W System  : A resource failed to call release. 
02-19 14:14:28.173   617   637 W System  : A resource failed to call release. 
02-19 14:14:28.176   617   617 D BaseDepthController: setSurface:
02-19 14:14:28.176   617   617 D BaseDepthController: 	mWaitingOnSurfaceValidity: false
02-19 14:14:28.176   617   617 D BaseDepthController: 	mBaseSurface: null
02-19 14:14:28.177   617   617 D BaseDepthController: mSurface is null and mCurrentBlur is: 0
02-19 14:14:28.178   617   617 D StateManager: goToState - fromState: Normal, toState: Normal, partial trace:
02-19 14:14:28.178   617   617 D StateManager: 	at com.android.launcher3.statemanager.StateManager.moveToRestState(go/retraceme 72a59688580715d19f0e415c69e80376c2f062d1648c80db6730905005a27c20:4)
02-19 14:14:28.178   617   617 D StateManager: 	at com.android.launcher3.statemanager.StateManager.moveToRestState(go/retraceme 72a59688580715d19f0e415c69e80376c2f062d1648c80db6730905005a27c20:1)
02-19 14:14:28.178   617   617 D StateManager: 	at com.android.launcher3.statemanager.StatefulActivity.onStop(go/retraceme 72a59688580715d19f0e415c69e80376c2f062d1648c80db6730905005a27c20:34)
02-19 14:14:28.179   617   617 D StatsLog: LAUNCHER_ONSTOP
02-19 14:14:28.181   617   617 D StatsLog: LAUNCHER_GOOGLE_SEARCH_RESTORE_LIST_SIZE_AFTER_ACTIVITY_RESTART
02-19 14:14:28.188   752  1095 D BackgroundInstallControlService: Package event received: 0
02-19 14:14:28.271  5621  6500 D ReactNativeJS: '[Analytics]', '{\n  "log_type": "screen",\n  "log_name": "/::screen",\n  "params": {\n    "referrer": null,\n    "deployment_id": "local",\n    "deployment_timestamp": null\n  }\n}'
02-19 14:14:28.531   752  1095 D BackgroundInstallControlService: Package event received: 0
02-19 14:14:28.533  3453  3453 D BoundBrokerSvc: onBind: Intent { act=com.google.android.gms.safebrowsing.SafeBrowsingService.START dat=chimera-action:/... xflg=0x4 cmp=com.google.android.gms/.chimera.GmsBoundBrokerService }
02-19 14:14:28.534  3453  3453 D BoundBrokerSvc: Loading bound service for intent: Intent { act=com.google.android.gms.safebrowsing.SafeBrowsingService.START dat=chimera-action:/... xflg=0x4 cmp=com.google.android.gms/.chimera.GmsBoundBrokerService }
02-19 14:14:28.633  5621  6500 E ReactNativeJS: '    :', [Error: SERVICE_NAME is missing]
02-19 14:14:29.001  5621  6500 I ReactNativeJS: '[eventLogDebug]', { log_name: '/::screen',
02-19 14:14:29.001  5621  6500 I ReactNativeJS:   log_type: 'screen',
02-19 14:14:29.001  5621  6500 I ReactNativeJS:   params: 
02-19 14:14:29.001  5621  6500 I ReactNativeJS:    { search: '',
02-19 14:14:29.001  5621  6500 I ReactNativeJS:      referrer: 'null',
02-19 14:14:29.001  5621  6500 I ReactNativeJS:      deployment_id: 'local',
02-19 14:14:29.001  5621  6500 I ReactNativeJS:      deployment_timestamp: 'NaN' } }
02-19 14:14:29.430  6545  6545 W dumpsys : Thread Pool max thread count is 0. Cannot cache binder as linkToDeath cannot be implemented. serviceName: package
02-19 14:14:30.297  6220  6235 I artd    : GetBestInfo: odex next to the dex file (/data/app/~~O-UZzK0jUU9NLgS3MODOZA==/com.google.android.gms-YQ2L6GsYyKuvu9MvIBK1EQ==/oat/x86_64/base.odex) is kOatUpToDate with filter 'speed-profile' executable 'false'
02-19 14:14:30.306  6220  6235 I artd    : GetBestInfo: odex next to the dex file (/data/app/~~O-UZzK0jUU9NLgS3MODOZA==/com.google.android.gms-YQ2L6GsYyKuvu9MvIBK1EQ==/oat/x86_64/split_AdsDynamite_installtime.odex) is kOatUpToDate with filter 'speed' executable 'false'
02-19 14:14:30.310  6548  6548 W dumpsys : Thread Pool max thread count is 0. Cannot cache binder as linkToDeath cannot be implemented. serviceName: window
02-19 14:14:30.310  6220  6235 I artd    : GetBestInfo: odex next to the dex file (/data/app/~~O-UZzK0jUU9NLgS3MODOZA==/com.google.android.gms-YQ2L6GsYyKuvu9MvIBK1EQ==/oat/x86_64/split_CronetDynamite_installtime.odex) is kOatUpToDate with filter 'speed' executable 'false'
02-19 14:14:30.320  6220  6220 I artd    : GetBestInfo: odex next to the dex file (/data/app/~~O-UZzK0jUU9NLgS3MODOZA==/com.google.android.gms-YQ2L6GsYyKuvu9MvIBK1EQ==/oat/x86_64/split_DynamiteLoader_installtime.odex) is kOatUpToDate with filter 'speed' executable 'false'
02-19 14:14:30.328  6220  6235 I artd    : GetBestInfo: odex next to the dex file (/data/app/~~O-UZzK0jUU9NLgS3MODOZA==/com.google.android.gms-YQ2L6GsYyKuvu9MvIBK1EQ==/oat/x86_64/split_DynamiteModulesA_installtime.odex) is kOatUpToDate with filter 'speed' executable 'false'
02-19 14:14:30.332  6220  6220 I artd    : GetBestInfo: odex next to the dex file (/data/app/~~O-UZzK0jUU9NLgS3MODOZA==/com.google.android.gms-YQ2L6GsYyKuvu9MvIBK1EQ==/oat/x86_64/split_DynamiteModulesC_installtime.odex) is kOatUpToDate with filter 'speed' executable 'false'
02-19 14:14:30.337  6220  6235 I artd    : GetBestInfo: odex next to the dex file (/data/app/~~O-UZzK0jUU9NLgS3MODOZA==/com.google.android.gms-YQ2L6GsYyKuvu9MvIBK1EQ==/oat/x86_64/split_GoogleCertificates_installtime.odex) is kOatUpToDate with filter 'speed' executable 'false'
02-19 14:14:30.345  6220  6220 I artd    : GetBestInfo: odex next to the dex file (/data/app/~~O-UZzK0jUU9NLgS3MODOZA==/com.google.android.gms-YQ2L6GsYyKuvu9MvIBK1EQ==/oat/x86_64/split_MapsDynamite_installtime.odex) is kOatUpToDate with filter 'speed' executable 'false'
02-19 14:14:30.355  6220  6235 I artd    : GetBestInfo: odex next to the dex file (/data/app/~~O-UZzK0jUU9NLgS3MODOZA==/com.google.android.gms-YQ2L6GsYyKuvu9MvIBK1EQ==/oat/x86_64/split_MeasurementDynamite_installtime.odex) is kOatUpToDate with filter 'speed' executable 'false'
02-19 14:14:30.363  6220  6235 I artd    : GetBestInfo: /data/app/~~O-UZzK0jUU9NLgS3MODOZA==/com.google.android.gms-YQ2L6GsYyKuvu9MvIBK1EQ==/split_maps_core_dynamite_ondemand.apk has no usable artifacts
02-19 14:14:30.368  6220  6235 I artd    : GetBestInfo: /data/user_de/0/com.google.android.gms/app_chimera/m/0000000c/dl-Appsearch.optional_250834100800.apk has no usable artifacts
02-19 14:14:30.370  6220  6220 I artd    : GetBestInfo: /data/user_de/0/com.google.android.gms/app_chimera/m/00000001/CronetDynamite.apk has no usable artifacts
02-19 14:14:30.371  6220  6228 I artd    : GetBestInfo: /data/user_de/0/com.google.android.gms/app_chimera/m/00000002/DynamiteLoader.apk has no usable artifacts
02-19 14:14:30.372  6220  6228 I artd    : GetBestInfo: /data/user_de/0/com.google.android.gms/app_chimera/m/00000005/GoogleCertificates.apk has no usable artifacts
02-19 14:14:30.375  6220  6228 I artd    : GetBestInfo: /data/user_de/0/com.google.android.gms/app_chimera/m/00000009/dl-TfliteDynamiteDynamite.integ_252130102100800.apk has no usable artifacts
02-19 14:14:30.401  6220  6228 I artd    : GetBestInfo: vdex next to the dex file (/data/user/0/com.google.android.gms/app_dg_cache/BF7C023AB90CCF01D1F467FC1CEBAF866511FF29/oat/x86_64/the.vdex) is kOatUpToDate with filter 'verify' executable 'false'
02-19 14:14:30.413  6220  6235 I artd    : GetBestInfo: /data/user_de/0/com.google.android.gms/app_chimera/m/00000010/dl-PlayCloudSearch.optional_250834100000.apk has no usable artifacts
02-19 14:14:30.419  6220  6235 I artd    : GetBestInfo: /data/user_de/0/com.google.android.gms/app_chimera/m/00000017/dl-PlayCloudSearch.optional_260438100000.apk has no usable artifacts
02-19 14:14:30.421  6220  6235 I artd    : GetBestInfo: /data/user_de/0/com.google.android.gms/app_chimera/m/00000015/dl-MlkitOcrCommon.optional_260438100800.apk has no usable artifacts
02-19 14:14:30.424  6220  6235 I artd    : GetBestInfo: /data/user_de/0/com.google.android.gms/app_chimera/m/00000013/dl-MlkitBarcodeUi.optional_260438100800.apk has no usable artifacts
02-19 14:14:30.429  6220  6235 I artd    : GetBestInfo: /data/user_de/0/com.google.android.gms/app_chimera/m/0000000f/dl-MlkitOcrCommon.optional_250834100800.apk has no usable artifacts
02-19 14:14:30.433  6220  6235 I artd    : GetBestInfo: /data/user_de/0/com.google.android.gms/app_chimera/m/0000000d/dl-VisionOcr.optional_250834100000.apk has no usable artifacts
02-19 14:14:30.435  6220  6228 I artd    : GetBestInfo: /data/user_de/0/com.google.android.gms/app_chimera/m/0000000a/dl-MlkitBarcodeUi.optional_250834100800.apk has no usable artifacts
02-19 14:14:30.439  6220  6235 I artd    : GetBestInfo: /data/user_de/0/com.google.android.gms/app_chimera/m/00000011/dl-VisionOcr.optional_260438100000.apk has no usable artifacts
02-19 14:14:30.441  6220  6228 I artd    : GetBestInfo: /data/user_de/0/com.google.android.gms/app_chimera/m/00000012/dl-Appsearch.optional_260438100800.apk has no usable artifacts
02-19 14:14:30.451  6220  6235 I artd    : GetBestInfo: vdex next to the dex file (/data/user/0/com.google.android.gms/app_dg_cache/94DF452EEF4B8E717545DCDEA6CC3C50A319A195/oat/x86_64/the.vdex) is kOatUpToDate with filter 'verify' executable 'false'
02-19 14:14:30.452  6220  6228 I artd    : GetBestInfo: /data/user_de/0/com.google.android.gms/app_chimera/m/00000007/MeasurementDynamite.apk has no usable artifacts
02-19 14:14:30.454  6220  6235 I artd    : GetBestInfo: /data/user_de/0/com.google.android.gms/app_chimera/m/00000018/dl-AdsFdrDynamite.integ_254380203100000.apk has no usable artifacts
02-19 14:14:30.521   752  1856 E TaskPersister: File error accessing recents directory (directory doesn't exist?).
02-19 14:14:31.424  5621  6500 I ReactNativeJS: '[eventLogDebug]', { log_name: '/::screen',
02-19 14:14:31.424  5621  6500 I ReactNativeJS:   log_type: 'screen',
02-19 14:14:31.424  5621  6500 I ReactNativeJS:   params: 
02-19 14:14:31.424  5621  6500 I ReactNativeJS:    { search: '',
02-19 14:14:31.424  5621  6500 I ReactNativeJS:      referrer: 'null',
02-19 14:14:31.424  5621  6500 I ReactNativeJS:      deployment_id: 'local',
02-19 14:14:31.424  5621  6500 I ReactNativeJS:      deployment_timestamp: 'NaN' } }
02-19 14:14:31.495  5621  6500 I ReactNativeJS: '[eventLogDebug]', { log_name: '/::screen',
02-19 14:14:31.495  5621  6500 I ReactNativeJS:   log_type: 'screen',
02-19 14:14:31.495  5621  6500 I ReactNativeJS:   params: 
02-19 14:14:31.495  5621  6500 I ReactNativeJS:    { search: '',
02-19 14:14:31.495  5621  6500 I ReactNativeJS:      referrer: 'null',
02-19 14:14:31.495  5621  6500 I ReactNativeJS:      deployment_id: 'local',
02-19 14:14:31.495  5621  6500 I ReactNativeJS:      deployment_timestamp: 'NaN' } }
02-19 14:14:31.507  5621  6500 I ReactNativeJS: '[eventLogDebug]', { log_name: '/::screen',
02-19 14:14:31.507  5621  6500 I ReactNativeJS:   log_type: 'screen',
02-19 14:14:31.507  5621  6500 I ReactNativeJS:   params: 
02-19 14:14:31.507  5621  6500 I ReactNativeJS:    { search: '',
02-19 14:14:31.507  5621  6500 I ReactNativeJS:      referrer: 'null',
02-19 14:14:31.507  5621  6500 I ReactNativeJS:      deployment_id: 'local',
02-19 14:14:31.507  5621  6500 I ReactNativeJS:      deployment_timestamp: 'NaN' } }
02-19 14:14:31.610  5621  6500 I ReactNativeJS: '[eventLogDebug]', { log_name: '/login::screen',
02-19 14:14:31.610  5621  6500 I ReactNativeJS:   log_type: 'screen',
02-19 14:14:31.610  5621  6500 I ReactNativeJS:   params: 
02-19 14:14:31.610  5621  6500 I ReactNativeJS:    { search: 'next=%2F',
02-19 14:14:31.610  5621  6500 I ReactNativeJS:      referrer: 'null',
02-19 14:14:31.610  5621  6500 I ReactNativeJS:      deployment_id: 'local',
02-19 14:14:31.610  5621  6500 I ReactNativeJS:      deployment_timestamp: 'NaN' } }
02-19 14:14:31.684  5621  6500 I ReactNativeJS: '[eventLogDebug]', { log_name: '/login::screen',
02-19 14:14:31.684  5621  6500 I ReactNativeJS:   log_type: 'screen',
02-19 14:14:31.684  5621  6500 I ReactNativeJS:   params: 
02-19 14:14:31.684  5621  6500 I ReactNativeJS:    { search: 'next=%2F',
02-19 14:14:31.684  5621  6500 I ReactNativeJS:      referrer: 'null',
02-19 14:14:31.684  5621  6500 I ReactNativeJS:      deployment_id: 'local',
02-19 14:14:31.684  5621  6500 I ReactNativeJS:      deployment_timestamp: 'NaN' } }
02-19 14:14:31.697  5621  6500 I ReactNativeJS: '[eventLogDebug]', { log_name: '/login::screen',
02-19 14:14:31.697  5621  6500 I ReactNativeJS:   log_type: 'screen',
02-19 14:14:31.697  5621  6500 I ReactNativeJS:   params: 
02-19 14:14:31.697  5621  6500 I ReactNativeJS:    { search: 'next=%2F',
02-19 14:14:31.697  5621  6500 I ReactNativeJS:      referrer: 'null',
02-19 14:14:31.697  5621  6500 I ReactNativeJS:      deployment_id: 'local',
02-19 14:14:31.697  5621  6500 I ReactNativeJS:      deployment_timestamp: 'NaN' } }
02-19 14:14:36.847   537   537 W adbd    : timeout expired while flushing socket, closing
02-19 14:14:37.489   537   537 W adbd    : timeout expired while flushing socket, closing
02-19 14:14:37.863   537   537 W adbd    : timeout expired while flushing socket, closing
02-19 14:14:38.500   537   537 W adbd    : timeout expired while flushing socket, closing
02-19 14:14:38.773   537   537 W adbd    : timeout expired while flushing socket, closing
02-19 14:14:38.878   537   537 W adbd    : timeout expired while flushing socket, closing
02-19 14:14:42.298  6554  6554 W screencap: Thread Pool max thread count is 0. Cannot cache binder as linkToDeath cannot be implemented. serviceName: SurfaceFlingerAIDL
02-19 14:14:42.299  6554  6554 W BpBinder: Linking to death on android.gui.ISurfaceComposer but there are no threads (yet?) listening to incoming transactions. See ProcessState::startThreadPool and ProcessState::setThreadPoolMaxThreadCount. Generally you should setup the binder threadpool before other initialization steps.
02-19 14:14:42.299  6554  6554 W ProcessState: Extra binder thread started, but 0 threads requested. Do not use *startThreadPool when zero threads are requested.
02-19 14:14:42.306   531   548 E HwcComposer: getLuts failed Status(-8, EX_SERVICE_SPECIFIC): '8: '
02-19 14:14:42.307   531   548 E HWComposer: getLuts: getLuts failed for display 4619827259835644672: UNSUPPORTED (8)
