02-19 19:37:10.123  4449  4467 V WindowManagerShell:  Checking filter Pair{{types=[] flags=0x0] notFlags=0x0 checks=[{atype=dream independent=true modes=[OPEN,TO_FRONT] flags=NONE mustBeTask=false order=ANY topActivity=null launchCookie=null windowingMode=undefined},{atype=home independent=true modes=[CLOSE,TO_BACK] flags=NONE mustBeTask=false order=ANY topActivity=null launchCookie=null windowingMode=undefined}]} RemoteTransition { remoteTransition = android.window.IRemoteTransition$Stub$Proxy@f757a1, appThread = android.app.IApplicationThread$Stub$Proxy@d898dc6, debugName = LauncherToDream }}
02-19 19:37:10.124  4449  4467 V WindowManagerShell:  Checking filter Pair{{types=[] flags=0x0] notFlags=0x100 checks=[{atype=home independent=true modes=[OPEN,TO_FRONT] flags=NONE mustBeTask=false order=TOP topActivity=ComponentInfo{com.google.android.apps.nexuslauncher/com.google.android.apps.nexuslauncher.NexusLauncherActivity} launchCookie=null windowingMode=undefined},{atype=standard independent=true modes=[CLOSE,TO_BACK] flags=NONE mustBeTask=false order=ANY topActivity=null launchCookie=null windowingMode=undefined},{NOT atype=undefined independent=true modes=[] flags=NONE mustBeTask=true order=ANY topActivity=null launchCookie=null customAnim=true windowingMode=undefined}]} RemoteTransition { remoteTransition = android.window.IRemoteTransition$Stub$Proxy@9e7e187, appThread = android.app.IApplicationThread$Stub$Proxy@3dc58b4, debugName = QuickstepLaunchHome }}
02-19 19:37:10.124  4449  4467 V WindowManagerShell:  Delegate animation for (#806) to null
02-19 19:37:10.124  4449  4467 V WindowManagerShell: start default transition animation, info = {id=806 t=OPEN f=0x0 trk=0 r=[0@Point(0, 0)] c=[{m=TO_FRONT f=MOVE_TO_TOP leash=Surface(name=Task=78)/@0x8c8ad06 sb=Rect(0, 0 - 1080, 2400) eb=Rect(0, 0 - 1080, 2400) epz=Point(1080, 2400) d=0 taskParent=-1},{m=TO_BACK f=SHOW_WALLPAPER leash=Surface(name=Task=1)/@0xacdafc7 sb=Rect(0, 0 - 1080, 2400) eb=Rect(0, 0 - 1080, 2400) epz=Point(1080, 2400) d=0 taskParent=-1},{m=TO_BACK f=IS_WALLPAPER leash=Surface(name=WallpaperWindowToken{35e0c0f showWhenLocked=false})/@0xca9f4 sb=Rect(0, 0 - 1080, 2400) eb=Rect(0, 0 - 1080, 2400) epz=Point(1080, 2400) d=0}]}
02-19 19:37:10.124  4449  4467 V WindowManagerShell: loadAnimation: anim=android.view.animation.AnimationSet@bb29392 animAttr=0x13 type=OPEN isEntrance=false
02-19 19:37:10.130  4449  4467 V WindowManagerShell: loadAnimation: anim=android.view.animation.AnimationSet@8eb8163 animAttr=0x12 type=OPEN isEntrance=true
02-19 19:37:10.144  4449  4467 V WindowManagerShell:  animated by com.android.wm.shell.transition.DefaultTransitionHandler@f74d823
02-19 19:37:10.236   752   797 W IPCThreadState: Sending oneway calls to frozen process.
02-19 19:37:10.236   752   797 W IPCThreadState: Sending oneway calls to frozen process.
02-19 19:37:10.239   752   989 I ImeTracker: viva.republica.toss.test:f5bfc64: onRequestHide at ORIGIN_SERVER reason HIDE_UNSPECIFIED_WINDOW fromUser false
02-19 19:37:10.240 19316 19316 D InsetsController: hide(ime(), fromIme=false)
02-19 19:37:10.240 19316 19316 I ImeTracker: viva.republica.toss.test:f5bfc64: onCancelled at PHASE_CLIENT_ALREADY_HIDDEN
02-19 19:37:10.241   752   797 W IPCThreadState: Sending oneway calls to frozen process.
02-19 19:37:10.242   752   797 W IPCThreadState: Sending oneway calls to frozen process.
02-19 19:37:10.243   752   797 W IPCThreadState: Sending oneway calls to frozen process.
02-19 19:37:10.243   752   797 W IPCThreadState: Sending oneway calls to frozen process.
02-19 19:37:10.243   752   797 W IPCThreadState: Sending oneway calls to frozen process.
02-19 19:37:10.244   752   797 W IPCThreadState: Sending oneway calls to frozen process.
02-19 19:37:10.264 20022 20022 I GoogleInputMethodService: GoogleInputMethodService.onFinishInput():2043 
02-19 19:37:10.265   752   797 W IPCThreadState: Sending oneway calls to frozen process.
02-19 19:37:10.266   752   797 W ProcessStats: Tracking association SourceState{1b917ca system/1000 BFgs #23024} whose proc state 4 is better than process ProcessState{42c4ef0 com.google.android.ext.services/10208 pkg=com.google.android.ext.services} proc state 14 (27 skipped)
02-19 19:37:10.266 20022 20022 I Module  : DeviceLockedStatusModuleProvider$Module.updateDeviceLockedStatus():100 repeatCheckTimes = 0, locked = false
02-19 19:37:10.268   752  2419 I ImeTracker: system_server:ee1fa1f7: onRequestHide at ORIGIN_SERVER reason IME_REQUESTED_CHANGED_LISTENER fromUser false
02-19 19:37:10.271 20022 20022 I GoogleInputMethodService: GoogleInputMethodService.onStartInput():1293 onStartInput(EditorInfo{EditorInfo{packageName=viva.republica.toss.test, inputType=0, inputTypeString=NULL, enableLearning=false, autoCorrection=false, autoComplete=false, imeOptions=0, privateImeOptions=null, actionName=UNSPECIFIED, actionLabel=null, initialSelStart=-1, initialSelEnd=-1, initialCapsMode=0, label=null, fieldId=0, fieldName=null, extras=null, hintText=null, hintLocales=[]}}, false)
02-19 19:37:10.358 20022 20022 I EmojiCompatManager: EmojiCompatManager.getEmojiCompatIfLoaded():343 EmojiCompat.init() was never called.
02-19 19:37:10.358 20022 20022 I EmojiCompatManager: java.lang.IllegalStateException: EmojiCompat is not initialized. Please call EmojiCompat.init() first
02-19 19:37:10.358 20022 20022 I EmojiCompatManager: 	at asx.p(PG:6)
02-19 19:37:10.358 20022 20022 I EmojiCompatManager: 	at axb.b(PG:13)
02-19 19:37:10.358 20022 20022 I EmojiCompatManager: 	at jnr.b(PG:2)
02-19 19:37:10.358 20022 20022 I EmojiCompatManager: 	at jnr.c(PG:4)
02-19 19:37:10.358 20022 20022 I EmojiCompatManager: 	at jnr.f(PG:3)
02-19 19:37:10.358 20022 20022 I EmojiCompatManager: 	at jnx.c(PG:3)
02-19 19:37:10.358 20022 20022 I EmojiCompatManager: 	at kif.cz(PG:47)
02-19 19:37:10.358 20022 20022 I EmojiCompatManager: 	at lhl.run(PG:1025)
02-19 19:37:10.358 20022 20022 I EmojiCompatManager: 	at jaf.execute(PG:12)
02-19 19:37:10.358 20022 20022 I EmojiCompatManager: 	at nco.v(PG:13)
02-19 19:37:10.358 20022 20022 I EmojiCompatManager: 	at lhn.m(PG:96)
02-19 19:37:10.358 20022 20022 I EmojiCompatManager: 	at lhn.k(PG:25)
02-19 19:37:10.358 20022 20022 I EmojiCompatManager: 	at kgn.onStartInput(PG:250)
02-19 19:37:10.358 20022 20022 I EmojiCompatManager: 	at android.inputmethodservice.InputMethodService.doStartInput(InputMethodService.java:3521)
02-19 19:37:10.358 20022 20022 I EmojiCompatManager: 	at android.inputmethodservice.InputMethodService$InputMethodImpl.startInput(InputMethodService.java:879)
02-19 19:37:10.358 20022 20022 I EmojiCompatManager: 	at android.inputmethodservice.InputMethodService$InputMethodImpl.dispatchStartInput(InputMethodService.java:908)
02-19 19:37:10.358 20022 20022 I EmojiCompatManager: 	at android.inputmethodservice.IInputMethodWrapper.executeMessage(IInputMethodWrapper.java:201)
02-19 19:37:10.358 20022 20022 I EmojiCompatManager: 	at com.android.internal.os.HandlerCaller$MyHandler.handleMessage(HandlerCaller.java:44)
02-19 19:37:10.358 20022 20022 I EmojiCompatManager: 	at android.os.Handler.dispatchMessage(Handler.java:110)
02-19 19:37:10.358 20022 20022 I EmojiCompatManager: 	at android.os.Looper.loopOnce(Looper.java:248)
02-19 19:37:10.358 20022 20022 I EmojiCompatManager: 	at android.os.Looper.loop(Looper.java:338)
02-19 19:37:10.358 20022 20022 I EmojiCompatManager: 	at android.app.ActivityThread.main(ActivityThread.java:9067)
02-19 19:37:10.358 20022 20022 I EmojiCompatManager: 	at java.lang.reflect.Method.invoke(Native Method)
02-19 19:37:10.358 20022 20022 I EmojiCompatManager: 	at com.android.internal.os.RuntimeInit$MethodAndArgsCaller.run(RuntimeInit.java:593)
02-19 19:37:10.358 20022 20022 I EmojiCompatManager: 	at com.android.internal.os.ZygoteInit.main(ZygoteInit.java:932)
02-19 19:37:10.367 20022 20022 I Module  : DeviceLockedStatusModuleProvider$Module.updateDeviceLockedStatus():100 repeatCheckTimes = 1, locked = false
02-19 19:37:10.367 20022 20022 W NotificationCenter: NotificationCenter$NotificationQueue.notifyPendingNotificationsOnExecutor():877 Heavy notify work detected on UI thread: [kig->ilu, kig->ijm, kig->gkl, kig->ilu, kig->jnx, kig->khc, kig->ilu, kig->fro, kig->fef, kig->ilu, kig->ilu, kig->fcb, kig->ilu, kig->khg, kig->imt, kig->ilu, kig->ilu, kig->ilu, kig->ilu, kig->ilu, kig->lux, kig->ilu, kig->ilu] takes 89ms
02-19 19:37:10.373   752   779 W PackageConfigPersister: App-specific configuration not found for packageName: viva.republica.toss.test and userId: 0
02-19 19:37:10.375   752   797 I ImeTracker: system_server:ee1fa1f7: onCancelled at PHASE_SERVER_SHOULD_HIDE
02-19 19:37:10.418   752   794 W Looper  : Slow dispatch took 223ms android.fg app=system_server main=false group=FOREGROUND h=android.os.Handler c=com.android.server.wm.ActivityMetricsLogger$$ExternalSyntheticLambda0@eeb476b m=0
02-19 19:37:10.419   752   794 W Looper  : Slow delivery took 235ms android.fg app=system_server main=false group=FOREGROUND h=android.os.Handler c=com.android.server.wm.ActivityMetricsLogger$$ExternalSyntheticLambda8@1b232c8 m=0
02-19 19:37:10.746  4449  4467 V WindowManagerShell: Transition animation finished (aborted=false), notifying core (#806) android.os.BinderProxy@24e65@0
02-19 19:37:10.763   752   794 V WindowManager: Finish Transition (#806): created at 02-19 19:37:09.926 collect-started=0.308ms request-sent=66.882ms started=110.615ms ready=119.526ms sent=124.822ms commit=121.1ms finished=834.559ms
02-19 19:37:10.764   752   794 W Looper  : Drained
02-19 19:37:10.770 19166 19166 D VRI[NexusLauncherActivity]: visibilityChanged oldVisibility=true newVisibility=false
02-19 19:37:10.772  4449  4467 V WindowManagerShell: Track 0 became idle
02-19 19:37:10.772  4449  4467 V WindowManagerShell: All active transition animations finished
02-19 19:37:12.029   531   569 W EventThread: Faking VSYNC due to driver stall for thread appSf
02-19 19:37:12.029   531   568 W EventThread: Faking VSYNC due to driver stall for thread app
02-19 19:37:12.038 19166 19166 D RecentsView: updateTaskStackListenerState: false
02-19 19:37:12.039 19166 19166 D NexusLauncherModelDelegate: notifySmartspaceEvent: SmartspaceTargetEvent{mSmartspaceTarget=null, mSmartspaceActionId='null', mEventType=7}
02-19 19:37:12.027 19316 21311 I ReactNativeJS: Running "shared" with {"initialProps":{"initialColorPreference":"light","loadingStartTs":1771497420997,"initialFontScale":"100"},"rootTag":331}
02-19 19:37:12.117 19166 19166 D BaseDepthController: setSurface:
02-19 19:37:12.117 19166 19166 D BaseDepthController: 	mWaitingOnSurfaceValidity: false
02-19 19:37:12.117 19166 19166 D BaseDepthController: 	mBaseSurface: null
02-19 19:37:12.117 19166 19166 D BaseDepthController: mSurface is null and mCurrentBlur is: 23
02-19 19:37:12.118 19166 19166 D StateManager: goToState - fromState: Overview, toState: Normal, partial trace:
02-19 19:37:12.118 19166 19166 D StateManager: 	at com.android.launcher3.statemanager.StateManager.moveToRestState(go/retraceme 72a59688580715d19f0e415c69e80376c2f062d1648c80db6730905005a27c20:4)
02-19 19:37:12.118 19166 19166 D StateManager: 	at com.android.launcher3.statemanager.StateManager.moveToRestState(go/retraceme 72a59688580715d19f0e415c69e80376c2f062d1648c80db6730905005a27c20:1)
02-19 19:37:12.118 19166 19166 D StateManager: 	at com.android.launcher3.statemanager.StatefulActivity.onStop(go/retraceme 72a59688580715d19f0e415c69e80376c2f062d1648c80db6730905005a27c20:34)
02-19 19:37:12.119 19166 19166 D StateManager: onStateTransitionStart - state: Normal
02-19 19:37:12.162 19166 19166 D BaseDepthController: mSurface is null and mCurrentBlur is: 23
02-19 19:37:12.168   752  1095 D BackgroundInstallControlService: Package event received: 0
02-19 19:37:12.183 19166 19166 D KeyboardInsetsHandler: setState, toState:Normal StateManager(mLastStableState:Normal, mCurrentStableState:Overview, mState:Normal, mRestState:null, isInTransition:false)
02-19 19:37:12.184 19166 19166 D StateManager: onStateTransitionEnd - state: Normal
02-19 19:37:12.185 19166 19166 D RecentsView: reset - mEnableDrawingLiveTile: false, mRecentsAnimationController: null
02-19 19:37:12.203 19166 19166 I AiAiSuggestUi: Clearing suggestions.
02-19 19:37:12.203 19166 19166 I AiAiSuggestUi: Clearing suggestions.
02-19 19:37:12.212 19166 19166 D ActivityAllAppsContainerView: rebindAdapters: force: false
02-19 19:37:12.227 19166 19166 D ActivityAllAppsContainerView: rebindAdapters: Not needed.
02-19 19:37:12.253 19166 19166 D StatsLog: LAUNCHER_ONSTOP
02-19 19:37:12.254 19166 19166 D StatsLog: LAUNCHER_GOOGLE_SEARCH_RESTORE_LIST_SIZE_AFTER_ACTIVITY_RESTART
02-19 19:37:12.338 19166 19166 D OverviewActionsView: updateForGroupedTask() called with: isGroupedTask = [false], canSaveAppPair = [false]
02-19 19:37:12.339 19166 19166 D OverviewActionsView: updateActionButtonsVisibility() called: showSingleTaskActions = [true], showGroupActions = [false]
02-19 19:37:12.346   752  1095 D BackgroundInstallControlService: Package event received: 0
02-19 19:37:12.501 19316 19320 I blica.toss.test: NativeAlloc concurrent mark compact GC freed 1488KB AllocSpace bytes, 0(0B) LOS objects, 48% free, 25MB/49MB, paused 25.576ms,16.093ms total 475.379ms
02-19 19:37:12.712 21334 21334 W dumpsys : Thread Pool max thread count is 0. Cannot cache binder as linkToDeath cannot be implemented. serviceName: window
02-19 19:37:12.844   752  1454 I system_server: AssetManager2(0x7d8fac446c78) locale list changing from [] to [en-US]
02-19 19:37:12.941   752  1454 I system_server: AssetManager2(0x7d8fac446638) locale list changing from [] to [en-US]
02-19 19:37:12.952   752  1454 I system_server: AssetManager2(0x7d8fac449518) locale list changing from [] to [en-US]
02-19 19:37:12.963   752  1454 I system_server: AssetManager2(0x7d8fac4391b8) locale list changing from [] to [en-US]
02-19 19:37:12.972   752  1454 I system_server: AssetManager2(0x7d8fac4e1778) locale list changing from [] to [en-US]
02-19 19:37:12.988   752  1454 I system_server: AssetManager2(0x7d8fac4c9a38) locale list changing from [] to [en-US]
02-19 19:37:13.211   752  1856 E TaskPersister: File error accessing recents directory (directory doesn't exist?).
02-19 19:37:13.255 19316 21311 D ReactNativeJS: '[Analytics]', '{\n  "log_type": "screen",\n  "log_name": "/::screen",\n  "params": {\n    "referrer": null,\n    "deployment_id": "local",\n    "deployment_timestamp": null\n  }\n}'
02-19 19:37:13.505  3453  3453 D BoundBrokerSvc: onRebind: Intent { act=com.google.android.gms.safebrowsing.SafeBrowsingService.START dat=chimera-action:/... xflg=0x4 cmp=com.google.android.gms/.chimera.GmsBoundBrokerService }
02-19 19:37:13.900 19316 21311 I ReactNativeJS: '[eventLogDebug]', { log_name: '/::screen',
02-19 19:37:13.900 19316 21311 I ReactNativeJS:   log_type: 'screen',
02-19 19:37:13.900 19316 21311 I ReactNativeJS:   params: 
02-19 19:37:13.900 19316 21311 I ReactNativeJS:    { search: '',
02-19 19:37:13.900 19316 21311 I ReactNativeJS:      referrer: 'null',
02-19 19:37:13.900 19316 21311 I ReactNativeJS:      deployment_id: 'local',
02-19 19:37:13.900 19316 21311 I ReactNativeJS:      deployment_timestamp: 'NaN' } }
02-19 19:37:17.236 21339 21339 W screencap: Thread Pool max thread count is 0. Cannot cache binder as linkToDeath cannot be implemented. serviceName: SurfaceFlingerAIDL
02-19 19:37:17.238 21339 21339 W BpBinder: Linking to death on android.gui.ISurfaceComposer but there are no threads (yet?) listening to incoming transactions. See ProcessState::startThreadPool and ProcessState::setThreadPoolMaxThreadCount. Generally you should setup the binder threadpool before other initialization steps.
02-19 19:37:17.239 21339 21339 W ProcessState: Extra binder thread started, but 0 threads requested. Do not use *startThreadPool when zero threads are requested.
02-19 19:37:17.245   531   590 E HwcComposer: getLuts failed Status(-8, EX_SERVICE_SPECIFIC): '8: '
02-19 19:37:17.245   531   590 E HWComposer: getLuts: getLuts failed for display 4619827259835644672: UNSUPPORTED (8)
02-19 19:37:17.941 19316 21311 I ReactNativeJS: '[eventLogDebug]', { log_name: '/::screen',
02-19 19:37:17.941 19316 21311 I ReactNativeJS:   log_type: 'screen',
02-19 19:37:17.941 19316 21311 I ReactNativeJS:   params: 
02-19 19:37:17.941 19316 21311 I ReactNativeJS:    { search: '',
02-19 19:37:17.941 19316 21311 I ReactNativeJS:      referrer: 'null',
02-19 19:37:17.941 19316 21311 I ReactNativeJS:      deployment_id: 'local',
02-19 19:37:17.941 19316 21311 I ReactNativeJS:      deployment_timestamp: 'NaN' } }
