--------- beginning of main
02-19 22:50:46.716 19166 19166 D OverviewCommandHelper: switching to Overview state - onAnimationEnd: CommandInfo(type=TOGGLE, status=PROCESSING, createTime=120520065, animationCallbacks=null, displayId=0, isLastOfBatch=true)
02-19 22:50:46.717 19166 19166 D OverviewCommandHelper: command executed: CommandInfo(type=TOGGLE, status=PROCESSING, createTime=120520065, animationCallbacks=null, displayId=0, isLastOfBatch=true) with result: true
02-19 22:50:46.717 19166 19166 D OverviewCommandHelper: command executed successfully! CommandInfo(type=TOGGLE, status=COMPLETED, createTime=120520065, animationCallbacks=null, displayId=0, isLastOfBatch=true)
02-19 22:50:46.718 19166 19166 D OverviewCommandHelper: no pending commands to be executed.
02-19 22:50:46.937 19166 20297 W HWUI    : Image decoding logging dropped!
02-19 22:50:46.978 19166 19166 I AiAiSuggestUi: Clearing suggestions.
02-19 22:50:46.978 19166 19166 I AiAiSuggestUi: Requesting to show indicators
02-19 22:50:46.979 19166 19166 I AiAiSuggestUi: Fetching contents, isPrimaryTask = false
--------- beginning of system
02-19 22:50:47.004   752  2375 W ActivityTaskManager: getApplicationThreadForTopActivity failed: Requested task not found
02-19 22:50:47.004   752  2375 E ActivityTaskManager: Could not find activity for task 224
02-19 22:50:47.092   752   934 W HWUI    : Image decoding logging dropped!
02-19 22:50:47.232 19166 19170 I s.nexuslauncher: NativeAlloc concurrent mark compact GC freed 1394KB AllocSpace bytes, 8(416KB) LOS objects, 49% free, 5728KB/11MB, paused 57.154ms,3.660ms total 325.251ms
02-19 22:50:47.262 19166 19172 W System  : A resource failed to call release. 
02-19 22:50:47.263 19166 19172 W System  : A resource failed to call release. 
02-19 22:50:47.263 19166 19172 W System  : A resource failed to call release. 
02-19 22:50:47.263 19166 19172 W System  : A resource failed to call release. 
02-19 22:50:47.263 19166 19172 W System  : A resource failed to call release. 
02-19 22:50:47.263 19166 19172 W System  : A resource failed to call release. 
02-19 22:50:47.354 19166 19649 I AiAiSuggestUi: Request suggestContentSelections complete, took: 356
02-19 22:50:47.355 19166 19649 I AiAiSuggestUi: Fetched content back in callback
02-19 22:50:47.355 19166 19166 I AiAiSuggestUi: Display indicators
02-19 22:50:47.908  4449  4449 I vol.VolumeDialogImpl: mDialog.dismiss() reason: volume_controller from: com.android.systemui.volume.VolumeDialogImpl$7.onDismissRequested:3
02-19 22:50:47.910   752   795 W ActivityTaskManager: callingPackage for (uid=-1, pid=0) has no WPC
02-19 22:50:47.911   752   795 W ActivityStartInterceptor: Starting home with component specified, uid=0
02-19 22:50:47.912   752   795 W OptProp : Cannot read opt property android.window.PROPERTY_COMPAT_ALLOW_USER_ASPECT_RATIO_OVERRIDE
02-19 22:50:47.912   752   795 W OptProp : Cannot read opt property android.window.PROPERTY_COMPAT_ALLOW_USER_ASPECT_RATIO_FULLSCREEN_OVERRIDE
02-19 22:50:47.912   752   795 W OptProp : Cannot read opt property android.window.PROPERTY_COMPAT_ALLOW_RESIZEABLE_ACTIVITY_OVERRIDES
02-19 22:50:47.919   752   795 W OptProp : Cannot read opt property android.window.PROPERTY_COMPAT_ALLOW_MIN_ASPECT_RATIO_OVERRIDE
02-19 22:50:47.919   752   795 V GrammaticalInflectionUtils: AttributionSource: android.content.AttributionSource@1abea79a does not have READ_SYSTEM_GRAMMATICAL_GENDER permission.
02-19 22:50:47.923  4449  4582 D KeyguardService: setOccluded(false)
02-19 22:50:47.923  4449  4582 D KeyguardViewMediator: setOccluded(false)
02-19 22:50:47.926 19166 19166 W SplitSelectStateCtor: Missing session instanceIds
02-19 22:50:47.926 19166 19166 D StatsLog: LAUNCHER_SPLIT_SELECTION_EXIT_INTERRUPTED
02-19 22:50:47.927   752   795 I ActivityTaskManager: START u0 {act=android.intent.action.MAIN cat=[android.intent.category.HOME] flg=0x10000100 cmp=com.google.android.apps.nexuslauncher/.NexusLauncherActivity (has extras)} with LAUNCH_SINGLE_TASK from uid 0 (BAL_ALLOW_ALLOWLISTED_UID) result code=3
02-19 22:50:47.928 19166 19166 D StateManager: goToState - fromState: Overview, toState: Normal, partial trace:
02-19 22:50:47.928 19166 19166 D StateManager: 	at com.android.launcher3.Launcher.onNewIntent(go/retraceme 72a59688580715d19f0e415c69e80376c2f062d1648c80db6730905005a27c20:116)
02-19 22:50:47.928 19166 19166 D StateManager: 	at com.android.launcher3.uioverrides.QuickstepLauncher.onNewIntent(go/retraceme 72a59688580715d19f0e415c69e80376c2f062d1648c80db6730905005a27c20:1)
02-19 22:50:47.928 19166 19166 D StateManager: 	at com.google.android.apps.nexuslauncher.NexusLauncherActivity.onNewIntent(go/retraceme 72a59688580715d19f0e415c69e80376c2f062d1648c80db6730905005a27c20:1)
02-19 22:50:47.928 19166 19166 D RecentsView: finishRecentsAnimation - mRecentsAnimationController: null
02-19 22:50:47.928 19166 19166 D RecentsView: cleanupRemoteTargets - mRemoteTargetHandles: null
02-19 22:50:47.929  4449  4449 D KeyguardViewMediator: handleSetOccluded(false)
02-19 22:50:47.929  4449  4449 D KeyguardViewMediator: KeyguardViewMediator queue processing message: SET_OCCLUDED
02-19 22:50:47.933 19166 19166 D TFOManager: playPanelCloseAnimation() duration=200 traceTag=LauncherOverlay-hide isHomeButtonTap=true
02-19 22:50:47.933 19166 19166 D TFOManager: Skipped creating panel close animation because -1 is invisible.
02-19 22:50:47.933 19166 19166 D OverviewCommandHelper: clearing pending commands: []
02-19 22:50:47.935 19166 19166 D StatsLog: LAUNCHER_ONRESUME
02-19 22:50:47.937  4449  4467 D WindowManagerShell: onActivityRestartAttempt: topActivity=ComponentInfo{com.google.android.apps.nexuslauncher/com.google.android.apps.nexuslauncher.NexusLauncherActivity}, wasVisible=true
02-19 22:50:47.949 19166 19190 D QuickstepModelDelegate: notifyAppTargetEvent action=1 launchLocation=
02-19 22:50:47.964 19166 19166 D StateManager: onStateTransitionStart - state: Normal
02-19 22:50:47.965 19166 19166 D RecentsView: updateTaskStackListenerState: false
02-19 22:50:47.968   531   603 I BpBinder: onLastStrongRef automatically unlinking death recipients: 
02-19 22:50:47.979  1971  2198 I AiAiEcho: Predicting[0]:  [CONTEXT sampling_count=5 ]
02-19 22:50:47.979  1971  2198 I AiAiEcho: EchoTargets: 
02-19 22:50:47.979  1971  2198 I AiAiEcho: Filtered by AiAi flag check: 
02-19 22:50:47.979  1971  2198 I AiAiEcho: [CONTEXT ratelimit_period="10 SECONDS" ]
02-19 22:50:47.980 19166 19166 I NotificationListener: Handling notification state refresh for com.google.android.adservices.api#0
02-19 22:50:47.980  1971  2198 I AiAiEcho: #remoteViewsTwiddler: feature disabled.
02-19 22:50:47.980 19166 19166 I NotificationListener: Handling notification state refresh for android#0
02-19 22:50:47.980 19166 19166 I NotificationListener: Handling notification state refresh for com.android.systemui#0
02-19 22:50:47.988  1971  2198 I AiAiEcho: #postPredictionTargets: Sending updates to UISurface home with targets# 0 (types=[])
02-19 22:50:48.000 19166 19166 D OverviewActionsView: updateForGroupedTask() called with: isGroupedTask = [false], canSaveAppPair = [false]
02-19 22:50:48.000 19166 19166 D OverviewActionsView: updateActionButtonsVisibility() called: showSingleTaskActions = [true], showGroupActions = [false]
02-19 22:50:48.003   752  1095 D BackgroundInstallControlService: Package event received: 0
02-19 22:50:48.109 19166 19166 D SsBaseTemplateCard: No text view can be set up
02-19 22:50:48.111 19166 19166 D SsBaseTemplateCard: Passed-in item info is null
02-19 22:50:48.111 19166 19166 D SsBaseTemplateCard: Passed-in item info is null
02-19 22:50:48.111 19166 19166 D SsBaseTemplateCard: Passed-in item info is null
02-19 22:50:48.111 19166 19166 I SsBaseTemplateCard: Secondary card pane is null
02-19 22:50:48.273 19166 19166 D StateManager: onStateTransitionEnd - state: Normal
02-19 22:50:48.280 19166 19166 D RecentsView: reset - mEnableDrawingLiveTile: false, mRecentsAnimationController: null
02-19 22:50:48.282 19166 19166 I AiAiSuggestUi: Clearing suggestions.
02-19 22:50:48.282 19166 19166 I AiAiSuggestUi: Clearing suggestions.
02-19 22:50:48.283 19166 19166 D ActivityAllAppsContainerView: rebindAdapters: force: false
02-19 22:50:48.283 19166 19166 D ActivityAllAppsContainerView: rebindAdapters: Not needed.
02-19 22:50:48.337 19166 19166 D OverviewActionsView: updateForGroupedTask() called with: isGroupedTask = [false], canSaveAppPair = [false]
02-19 22:50:48.338 19166 19166 D OverviewActionsView: updateActionButtonsVisibility() called: showSingleTaskActions = [true], showGroupActions = [false]
02-19 22:50:48.837 12496 12644 D nativeloader: Load /data/app/~~NUQj-rdXzuicW-16SIRtKA==/viva.republica.toss.test-Si406wFvb_sqEA2GTBV6RQ==/lib/x86_64/libc++_shared.so using class loader ns clns-9 (caller=<unknown>): ok
02-19 22:50:48.842 12496 12644 D nativeloader: Load /data/app/~~NUQj-rdXzuicW-16SIRtKA==/viva.republica.toss.test-Si406wFvb_sqEA2GTBV6RQ==/lib/x86_64/libglog.so using class loader ns clns-9 (caller=<unknown>): ok
02-19 22:50:48.847 12496 12644 D nativeloader: Load /data/app/~~NUQj-rdXzuicW-16SIRtKA==/viva.republica.toss.test-Si406wFvb_sqEA2GTBV6RQ==/lib/x86_64/libfolly_runtime.so using class loader ns clns-9 (caller=<unknown>): ok
02-19 22:50:48.850 12496 12644 D nativeloader: Load /data/app/~~NUQj-rdXzuicW-16SIRtKA==/viva.republica.toss.test-Si406wFvb_sqEA2GTBV6RQ==/lib/x86_64/libfbjni.so using class loader ns clns-9 (caller=<unknown>): ok
02-19 22:50:48.855 12496 12644 D nativeloader: Load /data/app/~~NUQj-rdXzuicW-16SIRtKA==/viva.republica.toss.test-Si406wFvb_sqEA2GTBV6RQ==/lib/x86_64/libjsi.so using class loader ns clns-9 (caller=<unknown>): ok
02-19 22:50:48.859 12496 12644 D nativeloader: Load /data/app/~~NUQj-rdXzuicW-16SIRtKA==/viva.republica.toss.test-Si406wFvb_sqEA2GTBV6RQ==/lib/x86_64/libhermes.so using class loader ns clns-9 (caller=<unknown>): ok
02-19 22:50:48.866 12496 12644 D nativeloader: Load /data/app/~~NUQj-rdXzuicW-16SIRtKA==/viva.republica.toss.test-Si406wFvb_sqEA2GTBV6RQ==/lib/x86_64/libfb.so using class loader ns clns-9 (caller=<unknown>): ok
02-19 22:50:48.871 12496 12644 D nativeloader: Load /data/app/~~NUQj-rdXzuicW-16SIRtKA==/viva.republica.toss.test-Si406wFvb_sqEA2GTBV6RQ==/lib/x86_64/libyoga.so using class loader ns clns-9 (caller=<unknown>): ok
02-19 22:50:48.883 12496 12644 D nativeloader: Load /data/app/~~NUQj-rdXzuicW-16SIRtKA==/viva.republica.toss.test-Si406wFvb_sqEA2GTBV6RQ==/lib/x86_64/libruntimeexecutor.so using class loader ns clns-9 (caller=<unknown>): ok
02-19 22:50:48.886 12496 12644 D nativeloader: Load /data/app/~~NUQj-rdXzuicW-16SIRtKA==/viva.republica.toss.test-Si406wFvb_sqEA2GTBV6RQ==/lib/x86_64/libreact_debug.so using class loader ns clns-9 (caller=<unknown>): ok
02-19 22:50:48.890 12496 12644 D nativeloader: Load /data/app/~~NUQj-rdXzuicW-16SIRtKA==/viva.republica.toss.test-Si406wFvb_sqEA2GTBV6RQ==/lib/x86_64/libglog_init.so using class loader ns clns-9 (caller=<unknown>): ok
02-19 22:50:48.894 12496 12644 D nativeloader: Load /data/app/~~NUQj-rdXzuicW-16SIRtKA==/viva.republica.toss.test-Si406wFvb_sqEA2GTBV6RQ==/lib/x86_64/libreact_utils.so using class loader ns clns-9 (caller=<unknown>): ok
02-19 22:50:48.897 12496 12644 D nativeloader: Load /data/app/~~NUQj-rdXzuicW-16SIRtKA==/viva.republica.toss.test-Si406wFvb_sqEA2GTBV6RQ==/lib/x86_64/libreact_render_mapbuffer.so using class loader ns clns-9 (caller=<unknown>): ok
02-19 22:50:48.901 12496 12644 D nativeloader: Load /data/app/~~NUQj-rdXzuicW-16SIRtKA==/viva.republica.toss.test-Si406wFvb_sqEA2GTBV6RQ==/lib/x86_64/libreact_render_graphics.so using class loader ns clns-9 (caller=<unknown>): ok
02-19 22:50:48.903 12496 12644 D nativeloader: Load /data/app/~~NUQj-rdXzuicW-16SIRtKA==/viva.republica.toss.test-Si406wFvb_sqEA2GTBV6RQ==/lib/x86_64/libreact_render_debug.so using class loader ns clns-9 (caller=<unknown>): ok
02-19 22:50:48.906 12496 12644 D nativeloader: Load /data/app/~~NUQj-rdXzuicW-16SIRtKA==/viva.republica.toss.test-Si406wFvb_sqEA2GTBV6RQ==/lib/x86_64/libreact_render_core.so using class loader ns clns-9 (caller=<unknown>): ok
02-19 22:50:48.909 12496 12644 D nativeloader: Load /data/app/~~NUQj-rdXzuicW-16SIRtKA==/viva.republica.toss.test-Si406wFvb_sqEA2GTBV6RQ==/lib/x86_64/libreact_render_runtimescheduler.so using class loader ns clns-9 (caller=<unknown>): ok
02-19 22:50:48.912 12496 12644 D nativeloader: Load /data/app/~~NUQj-rdXzuicW-16SIRtKA==/viva.republica.toss.test-Si406wFvb_sqEA2GTBV6RQ==/lib/x86_64/liblogger.so using class loader ns clns-9 (caller=<unknown>): ok
02-19 22:50:48.915 12496 12644 D nativeloader: Load /data/app/~~NUQj-rdXzuicW-16SIRtKA==/viva.republica.toss.test-Si406wFvb_sqEA2GTBV6RQ==/lib/x86_64/libreactperfloggerjni.so using class loader ns clns-9 (caller=<unknown>): ok
02-19 22:50:48.917 12496 12644 D nativeloader: Load /data/app/~~NUQj-rdXzuicW-16SIRtKA==/viva.republica.toss.test-Si406wFvb_sqEA2GTBV6RQ==/lib/x86_64/libjsinspector.so using class loader ns clns-9 (caller=<unknown>): ok
02-19 22:50:48.923 12496 12644 D nativeloader: Load /data/app/~~NUQj-rdXzuicW-16SIRtKA==/viva.republica.toss.test-Si406wFvb_sqEA2GTBV6RQ==/lib/x86_64/libreactnativejni.so using class loader ns clns-9 (caller=<unknown>): ok
02-19 22:50:48.934 12496 12644 D nativeloader: Load /data/app/~~NUQj-rdXzuicW-16SIRtKA==/viva.republica.toss.test-Si406wFvb_sqEA2GTBV6RQ==/lib/x86_64/libhermes_executor.so using class loader ns clns-9 (caller=<unknown>): ok
02-19 22:50:49.013 12496 12644 D ApplicationLoaders: Returning zygote-cached class loader: /system/framework/org.apache.http.legacy.jar
02-19 22:50:49.013 12496 12644 D ApplicationLoaders: Returning zygote-cached class loader: /system/framework/com.android.location.provider.jar
02-19 22:50:49.013 12496 12644 D ApplicationLoaders: Returning zygote-cached class loader: /system/framework/com.android.media.remotedisplay.jar
02-19 22:50:49.014 12496 12644 D ApplicationLoaders: Returning zygote-cached class loader: /system_ext/framework/androidx.window.extensions.jar
02-19 22:50:49.014 12496 12644 D ApplicationLoaders: Returning zygote-cached class loader: /system_ext/framework/androidx.window.sidecar.jar
02-19 22:50:49.075 12496 12644 D nativeloader: Configuring clns-13 for other apk /data/app/~~O-UZzK0jUU9NLgS3MODOZA==/com.google.android.gms-YQ2L6GsYyKuvu9MvIBK1EQ==/base.apk. target_sdk_version=36, uses_libraries=, library_path=/data/app/~~O-UZzK0jUU9NLgS3MODOZA==/com.google.android.gms-YQ2L6GsYyKuvu9MvIBK1EQ==/lib/x86_64:/data/app/~~O-UZzK0jUU9NLgS3MODOZA==/com.google.android.gms-YQ2L6GsYyKuvu9MvIBK1EQ==/base.apk!/lib/x86_64, permitted_path=/data:/mnt/expand:/data/user/0/com.google.android.gms
02-19 22:50:49.079 12496 12644 I blica.toss.test: AssetManager2(0x7d8fac42d318) locale list changing from [] to [en-US]
02-19 22:50:49.178 12496 12644 W System  : ClassLoader referenced unknown path: 
02-19 22:50:49.178 12496 12644 D nativeloader: Configuring clns-14 for other apk . target_sdk_version=36, uses_libraries=, library_path=/data/app/~~O-UZzK0jUU9NLgS3MODOZA==/com.google.android.gms-YQ2L6GsYyKuvu9MvIBK1EQ==/lib/x86_64:/data/app/~~O-UZzK0jUU9NLgS3MODOZA==/com.google.android.gms-YQ2L6GsYyKuvu9MvIBK1EQ==/base.apk!/lib/x86_64, permitted_path=/data:/mnt/expand:/data/user/0/com.google.android.gms
02-19 22:50:49.181 12496 12644 W DynamiteModule: Failed to load module via V2: java.lang.NoSuchFieldException: No field sClassLoader in class Lcom/google/android/gms/dynamite/DynamiteModule$DynamiteLoaderClassLoader; (declaration of 'com.google.android.gms.dynamite.DynamiteModule$DynamiteLoaderClassLoader' appears in /data/app/~~NUQj-rdXzuicW-16SIRtKA==/viva.republica.toss.test-Si406wFvb_sqEA2GTBV6RQ==/base.apk!classes2.dex)
02-19 22:50:49.186 12496 12644 I DynamiteModule: Considering local module com.google.android.gms.ads.dynamite:0 and remote module com.google.android.gms.ads.dynamite:254380203
02-19 22:50:49.186 12496 12644 I DynamiteModule: Selected remote version of com.google.android.gms.ads.dynamite, version >= 254380203
02-19 22:50:49.196 12496 12644 D CompatChangeReporter: Compat change id reported: 312399441; UID 10217; state: ENABLED
02-19 22:50:49.218 12496 12644 I blica.toss.test: AssetManager2(0x7d8fac427b98) locale list changing from [] to [en-US]
02-19 22:50:49.219 12496 12644 I blica.toss.test: AssetManager2(0x7d8fac428e58) locale list changing from [] to [en-US]
02-19 22:50:49.228 12496 12644 D DynamitePackage: Instantiated singleton DynamitePackage.
02-19 22:50:49.228 12496 12644 D DynamitePackage: Instantiating com.google.android.gms.ads.ChimeraMobileAdsSettingManagerCreatorImpl
02-19 22:50:49.329   752  1856 E TaskPersister: File error accessing recents directory (directory doesn't exist?).
02-19 22:50:49.355 12648 12648 W dumpsys : Thread Pool max thread count is 0. Cannot cache binder as linkToDeath cannot be implemented. serviceName: window
02-19 22:50:49.485   752  2375 D ConnectivityService: requestNetwork for uid/pid:10217/12496 activeRequest: null callbackRequest: 1273 [NetworkRequest [ REQUEST id=1274, [ Capabilities: INTERNET&NOT_RESTRICTED&TRUSTED&NOT_VCN_MANAGED&NOT_BANDWIDTH_CONSTRAINED Uid: 10217 RequestorUid: 10217 RequestorPkg: viva.republica.toss.test UnderlyingNetworks: Null] ]] callback flags: 0 order: 2147483647 isUidTracked: false declaredMethods: AVAIL|LOST
02-19 22:50:49.488   752  1023 D OemPaidWifiNetworkFactory: got request NetworkRequest [ REQUEST id=1274, [ Capabilities: INTERNET&NOT_RESTRICTED&TRUSTED&NOT_VCN_MANAGED&NOT_BANDWIDTH_CONSTRAINED Uid: 10217 RequestorUid: 10217 RequestorPkg: viva.republica.toss.test UnderlyingNetworks: Null] ]
02-19 22:50:49.488   752  1023 D MultiInternetWifiNetworkFactory: got request NetworkRequest [ REQUEST id=1274, [ Capabilities: INTERNET&NOT_RESTRICTED&TRUSTED&NOT_VCN_MANAGED&NOT_BANDWIDTH_CONSTRAINED Uid: 10217 RequestorUid: 10217 RequestorPkg: viva.republica.toss.test UnderlyingNetworks: Null] ]
02-19 22:50:49.488   752  1023 D WifiNetworkFactory: got request NetworkRequest [ REQUEST id=1274, [ Capabilities: INTERNET&NOT_RESTRICTED&TRUSTED&NOT_VCN_MANAGED&NOT_BANDWIDTH_CONSTRAINED Uid: 10217 RequestorUid: 10217 RequestorPkg: viva.republica.toss.test UnderlyingNetworks: Null] ]
02-19 22:50:49.488   752  1029 D ConnectivityService: NetReassign [1274 : null → 108] [c 0] [a 1] [i 2]
02-19 22:50:49.488   752  1023 D UntrustedWifiNetworkFactory: got request NetworkRequest [ REQUEST id=1274, [ Capabilities: INTERNET&NOT_RESTRICTED&TRUSTED&NOT_VCN_MANAGED&NOT_BANDWIDTH_CONSTRAINED Uid: 10217 RequestorUid: 10217 RequestorPkg: viva.republica.toss.test UnderlyingNetworks: Null] ]
02-19 22:50:49.566 12496 12644 D DynamitePackage: Instantiating com.google.android.gms.ads.ChimeraAdPreloaderCreatorImpl
02-19 22:50:49.710   752   934 W ActivityTaskManager: callingPackage for (uid=2000, pid=12664) has no WPC
02-19 22:50:49.713   752   934 V GrammaticalInflectionUtils: AttributionSource: android.content.AttributionSource@56784557 does not have READ_SYSTEM_GRAMMATICAL_GENDER permission.
02-19 22:50:49.714   752   934 W OptProp : Cannot read opt property android.window.PROPERTY_COMPAT_ALLOW_USER_ASPECT_RATIO_OVERRIDE
02-19 22:50:49.714   752   934 W OptProp : Cannot read opt property android.window.PROPERTY_COMPAT_ALLOW_USER_ASPECT_RATIO_FULLSCREEN_OVERRIDE
02-19 22:50:49.714   752   934 W OptProp : Cannot read opt property android.window.PROPERTY_COMPAT_ALLOW_RESIZEABLE_ACTIVITY_OVERRIDES
02-19 22:50:49.715   752   934 W OptProp : Cannot read opt property android.window.PROPERTY_COMPAT_ALLOW_MIN_ASPECT_RATIO_OVERRIDE
02-19 22:50:49.723 12496 12644 W unknown:ReactContext: initializeMessageQueueThreads() is called.
02-19 22:50:49.724   752   934 W OptProp : Cannot read opt property android.window.PROPERTY_COMPAT_ALLOW_ORIENTATION_OVERRIDE
02-19 22:50:49.736   531   602 I BpBinder: onLastStrongRef automatically unlinking death recipients: 
02-19 22:50:49.754   752   934 I ActivityTaskManager: START u0 {act=android.intent.action.VIEW dat=intoss://takealook/... flg=0x10000000 xflg=0x4 pkg=viva.republica.toss.test cmp=viva.republica.toss.test/.MiniAppSchemeActivity} with LAUNCH_MULTIPLE from uid 2000 (BAL_ALLOW_PERMISSION) result code=0
02-19 22:50:49.755 19166 19166 W SplitSelectStateCtor: Missing session instanceIds
02-19 22:50:49.755 19166 19166 D StatsLog: LAUNCHER_SPLIT_SELECTION_EXIT_INTERRUPTED
02-19 22:50:49.759   752  1631 W OptProp : Cannot read opt property android.window.PROPERTY_COMPAT_ENABLE_FAKE_FOCUS
02-19 22:50:49.766  4449  4467 V WindowManagerShell: Transition requested (#1243): android.os.BinderProxy@f1f4e9a TransitionRequestInfo { type = OPEN, triggerTask = TaskInfo{userId=0 taskId=225 effectiveUid=10217 displayId=0 isRunning=true baseIntent=Intent { act=android.intent.action.VIEW dat=intoss://takealook/... flg=0x10000000 pkg=viva.republica.toss.test cmp=viva.republica.toss.test/.MiniAppSchemeActivity } baseActivity=ComponentInfo{viva.republica.toss.test/viva.republica.toss.test.MiniAppSchemeActivity} topActivity=ComponentInfo{viva.republica.toss.test/viva.republica.toss.test.MiniAppSchemeActivity} origActivity=null realActivity=ComponentInfo{viva.republica.toss.test/viva.republica.toss.test.MiniAppSchemeActivity} numActivities=1 lastActiveTime=120523599 supportsMultiWindow=true resizeMode=1 isResizeable=true minWidth=-1 minHeight=-1 defaultMinSize=220 token=WCT{android.window.IWindowContainerToken$Stub$Proxy@f6393cb} topActivityType=1 pictureInPictureParams=null shouldDockBigOverlays=false launchIntoPipHostTaskId=-1 lastParentTaskIdBeforePip=-1 displayCutoutSafeInsets=Rect(0, 0 - 0, 0) topActivityInfo=ActivityInfo{e6ff7a8 viva.republica.toss.test.MiniAppSchemeActivity} launchCookies=[] positionInParent=Point(0, 0) parentTaskId=-1 isFocused=false isVisible=false isVisibleRequested=false isTopActivityNoDisplay=false isSleeping=false locusId=null displayAreaFeatureId=1 isTopActivityTransparent=true isActivityStackTransparent=true lastNonFullscreenBounds=Rect(284, 660 - 796, 1740) capturedLink=null capturedLinkTimestamp=0 requestedVisibleTypes=-9 topActivityRequestOpenInBrowserEducationTimestamp=0 appCompatTaskInfo=AppCompatTaskInfo { topActivityInSizeCompat=false eligibleForLetterboxEducation= false isLetterboxEducationEnabled= true isLetterboxDoubleTapEnabled= false eligibleForUserAspectRatioButton= false topActivityBoundsLetterboxed= false isFromLetterboxDoubleTap= false topActivityLetterboxVerticalPosition= -1 topActivityLetterboxHorizontalPosition= -1 topActivityLetterboxWidth=-1 topActivityLetterboxHeight=-1 topActivityAppBounds=Rect(0, 0 - 1080, 2400) isUserFullscreenOverrideEnabled=false isSystemFullscreenOverrideEnabled=false hasMinAspectRatioOverride=false topActivityLetterboxBounds=null cameraCompatTaskInfo=CameraCompatTaskInfo { freeformCameraCompatMode=inactive}} topActivityMainWindowFrame=null}, pipChange = null, remoteTransition = null, displayChange = null, flags = 0, debugId = 1243 }
02-19 22:50:49.766  4449  4467 D ShellSplitScreen: logExit: no-op, mLoggerSessionId is null
02-19 22:50:49.767   752  1095 D BackgroundInstallControlService: Package event received: 0
02-19 22:50:49.770  4449  4467 D WindowManagerShell: setLauncherKeepClearAreaHeight: visible=false, height=527
02-19 22:50:49.789   752  1095 D BackgroundInstallControlService: Package event received: 0
02-19 22:50:49.791   752  1095 D BackgroundInstallControlService: Package event received: 0
02-19 22:50:49.795   752  1095 D BackgroundInstallControlService: Package event received: 0
02-19 22:50:49.797   752  1095 D BackgroundInstallControlService: Package event received: 0
02-19 22:50:49.828   615 17673 W IPCThreadState: Sending oneway calls to frozen process.
02-19 22:50:49.838   752  1631 D ConnectivityService: requestNetwork for uid/pid:10217/12496 activeRequest: null callbackRequest: 1275 [NetworkRequest [ REQUEST id=1276, [ Capabilities: INTERNET&NOT_RESTRICTED&TRUSTED&NOT_VCN_MANAGED&NOT_BANDWIDTH_CONSTRAINED Uid: 10217 RequestorUid: 10217 RequestorPkg: viva.republica.toss.test UnderlyingNetworks: Null] ]] callback flags: 0 order: 2147483647 isUidTracked: false declaredMethods: AVAIL|LOST|NC|LP
02-19 22:50:49.847   531   531 I BpBinder: onLastStrongRef automatically unlinking death recipients: 
02-19 22:50:49.849   752  2375 D CompatChangeReporter: Compat change id reported: 319212206; UID 10217; state: ENABLED
02-19 22:50:49.868   752  1095 D BackgroundInstallControlService: Package event received: 0
02-19 22:50:49.877  3453  3453 D BoundBrokerSvc: onRebind: Intent { act=com.google.android.gms.appset.service.START dat=chimera-action:/... xflg=0x4 cmp=com.google.android.gms/.chimera.GmsApiService }
02-19 22:50:49.883   752  1023 D OemPaidWifiNetworkFactory: got request NetworkRequest [ REQUEST id=1276, [ Capabilities: INTERNET&NOT_RESTRICTED&TRUSTED&NOT_VCN_MANAGED&NOT_BANDWIDTH_CONSTRAINED Uid: 10217 RequestorUid: 10217 RequestorPkg: viva.republica.toss.test UnderlyingNetworks: Null] ]
02-19 22:50:49.883   752  1023 D MultiInternetWifiNetworkFactory: got request NetworkRequest [ REQUEST id=1276, [ Capabilities: INTERNET&NOT_RESTRICTED&TRUSTED&NOT_VCN_MANAGED&NOT_BANDWIDTH_CONSTRAINED Uid: 10217 RequestorUid: 10217 RequestorPkg: viva.republica.toss.test UnderlyingNetworks: Null] ]
02-19 22:50:49.883   752  1023 D WifiNetworkFactory: got request NetworkRequest [ REQUEST id=1276, [ Capabilities: INTERNET&NOT_RESTRICTED&TRUSTED&NOT_VCN_MANAGED&NOT_BANDWIDTH_CONSTRAINED Uid: 10217 RequestorUid: 10217 RequestorPkg: viva.republica.toss.test UnderlyingNetworks: Null] ]
02-19 22:50:49.883   752  1023 D UntrustedWifiNetworkFactory: got request NetworkRequest [ REQUEST id=1276, [ Capabilities: INTERNET&NOT_RESTRICTED&TRUSTED&NOT_VCN_MANAGED&NOT_BANDWIDTH_CONSTRAINED Uid: 10217 RequestorUid: 10217 RequestorPkg: viva.republica.toss.test UnderlyingNetworks: Null] ]
02-19 22:50:49.883   752  1029 D ConnectivityService: NetReassign [1276 : null → 108] [c 1] [a 9] [i 4]
02-19 22:50:49.916 12496 12496 W mqt_js  : type=1400 audit(0.0:563): avc:  granted  { execute } for  path="/data/data/viva.republica.toss.test/libtcj.so" dev="dm-55" ino=364262 scontext=u:r:untrusted_app:s0:c217,c256,c512,c768 tcontext=u:object_r:app_data_file:s0:c217,c256,c512,c768 tclass=file app=viva.republica.toss.test
02-19 22:50:49.929   752  1095 D BackgroundInstallControlService: Package event received: 0
02-19 22:50:49.929   752  1095 D BackgroundInstallControlService: Package event received: 0
02-19 22:50:49.929   752  1095 D BackgroundInstallControlService: Package event received: 0
02-19 22:50:49.930 12496 12663 D nativeloader: Load /data/data/viva.republica.toss.test/libtcj.so using class loader ns clns-9 (caller=<unknown>): ok
02-19 22:50:49.956 19829 19961 I Finsky  : [66] Current account updated in PVS
02-19 22:50:49.964 19829 19970 I Finsky  : [71] Current account updated in PVS
02-19 22:50:49.966   752  1029 D ConnectivityService: NetReassign [no changes] [c 1] [a 49] [i 31]
02-19 22:50:49.967 19829 19970 I Finsky  : [71] Current account updated in PVS
02-19 22:50:49.970   752  1029 D InetDiagMessage: Destroyed 0 sockets, proto=IPPROTO_TCP, family=AF_INET, states=14
02-19 22:50:49.973   752  1029 D InetDiagMessage: Destroyed 0 sockets, proto=IPPROTO_TCP, family=AF_INET6, states=14
02-19 22:50:49.974   752  1029 D InetDiagMessage: Destroyed live tcp sockets for uids={10205} in 5ms
02-19 22:50:49.976   752  1029 D InetDiagMessage: Destroyed 0 sockets, proto=IPPROTO_TCP, family=AF_INET, states=14
02-19 22:50:49.978   752  1029 D InetDiagMessage: Destroyed 0 sockets, proto=IPPROTO_TCP, family=AF_INET6, states=14
02-19 22:50:49.978   752  1029 D InetDiagMessage: Destroyed live tcp sockets for uids={20205} in 4ms
02-19 22:50:50.073 12496 12572 I EGL_emulation: Opening libGLESv1_CM_emulation.so
02-19 22:50:50.085 12496 12496 I blica.toss.test: AssetManager2(0x7d8fac427b98) locale list changing from [] to [en-US]
02-19 22:50:50.088   537   537 W adbd    : timeout expired while flushing socket, closing
02-19 22:50:50.092 12496 12572 I EGL_emulation: Opening libGLESv2_emulation.so
02-19 22:50:50.111 12496 12572 W HWUI    : Failed to choose config with EGL_SWAP_BEHAVIOR_PRESERVED, retrying without...
02-19 22:50:50.112 12496 12572 W HWUI    : Failed to initialize 101010-2 format, error = EGL_SUCCESS
02-19 22:50:50.240 12496 12535 W cr_media: BLUETOOTH_CONNECT permission is missing.
02-19 22:50:50.242 12496 12535 W cr_media: getBluetoothAdapter() requires BLUETOOTH permission
02-19 22:50:50.242 12496 12535 W cr_media: registerBluetoothIntentsIfNeeded: Requires BLUETOOTH permission
02-19 22:50:50.263 12496 12674 W libc    : Access denied finding property "vendor.mesa.log"
02-19 22:50:50.263 12496 12674 W libc    : Access denied finding property "vendor.mesa.log.file"
02-19 22:50:50.263 12496 12674 E MESA    : Failed to open rendernode: No such file or directory
02-19 22:50:50.272 12517 12548 I cr_LibraryLoader: Successfully loaded native library
02-19 22:50:50.274 12517 12548 I cr_CachingUmaRecorder: Flushed 2 samples from 2 histograms, 0 samples were dropped.
02-19 22:50:50.279 12496 12674 D vulkan  : searching for layers in '/data/app/~~NUQj-rdXzuicW-16SIRtKA==/viva.republica.toss.test-Si406wFvb_sqEA2GTBV6RQ==/lib/x86_64'
02-19 22:50:50.279 12496 12674 D vulkan  : searching for layers in '/data/app/~~NUQj-rdXzuicW-16SIRtKA==/viva.republica.toss.test-Si406wFvb_sqEA2GTBV6RQ==/base.apk!/lib/x86_64'
02-19 22:50:50.280   752  1116 D CoreBackPreview: Window{72690f u0 viva.republica.toss.test/viva.republica.toss.test.MiniAppSchemeActivity}: Setting back callback OnBackInvokedCallbackInfo{mCallback=android.window.IOnBackInvokedCallback$Stub$Proxy@8546b07, mPriority=0, mIsAnimationCallback=false, mOverrideBehavior=0}
02-19 22:50:50.288 12496 12674 W libc    : Access denied finding property "vendor.mesa.vk.trace.per.submit"
02-19 22:50:50.288 12496 12674 W libc    : Access denied finding property "vendor.mesa.gallium.print.optio"
02-19 22:50:50.289 12496 12674 W libc    : Access denied finding property "vendor.mesa.vk.trace.frame"
02-19 22:50:50.289 12517 12548 W SystemServiceRegistry: No service published for: uimode
02-19 22:50:50.294 12496 12674 W libc    : Access denied finding property "vendor.mesa.vk.wsi.headless.swa"
02-19 22:50:50.304 12517 12548 W chromium: [WARNING:runtime_features.cc(560)] Fenced frames cannot be enabled in this configuration. Use --enable-features=FencedFrames instead.
02-19 22:50:50.313 12517 12548 W chromium: [WARNING:runtime_features.cc(585)] Topics cannot be enabled in this configuration. Use --enable-features=BrowsingTopics in addition.
02-19 22:50:50.313 12517 12548 W chromium: [WARNING:runtime_features.cc(606)] SharedStorage cannot be enabled in this configuration. Use --enable-features=SharedStorageAPI in addition.
02-19 22:50:50.317  4449  4463 V WindowManagerShell: onTransitionReady(transaction=3229815442095)
02-19 22:50:50.317  4449  4467 V WindowManagerShell: onTransitionReady (#1243) android.os.BinderProxy@f1f4e9a: {id=1243 t=OPEN f=0x0 trk=0 r=[0@Point(0, 0)] c=[
02-19 22:50:50.317  4449  4467 V WindowManagerShell:         {m=OPEN f=TRANSLUCENT leash=Surface(name=Task=225)/@0x711d2c1 sb=Rect(0, 0 - 1080, 2400) eb=Rect(0, 0 - 1080, 2400) epz=Point(1080, 2400) d=0 taskParent=-1}
02-19 22:50:50.317  4449  4467 V WindowManagerShell:     ]}
02-19 22:50:50.317  4449  4467 V WindowManagerShell: Playing animation for (#1243) android.os.BinderProxy@f1f4e9a@0
02-19 22:50:50.318  4449  4467 V ShellRecents: RecentsTransitionHandler.startAnimation: no controller found
02-19 22:50:50.318  4449  4467 V WindowManagerShell: Transition doesn't have explicit remote, search filters for match for {id=1243 t=OPEN f=0x0 trk=0 r=[0@Point(0, 0)] c=[{m=OPEN f=TRANSLUCENT leash=Surface(name=Task=225)/@0x711d2c1 sb=Rect(0, 0 - 1080, 2400) eb=Rect(0, 0 - 1080, 2400) epz=Point(1080, 2400) d=0 taskParent=-1}]}
02-19 22:50:50.318  4449  4467 V WindowManagerShell:  Checking filter Pair{{types=[] flags=0x0] notFlags=0x0 checks=[{atype=undefined independent=true modes=[CLOSE,TO_BACK] flags=IN_TASK_WITH_EMBEDDED_ACTIVITY mustBeTask=false order=ANY topActivity=null launchCookie=null taskFragmentToken=android.os.BinderProxy@71546f0 windowingMode=undefined}]} RemoteTransition { remoteTransition = android.window.IRemoteTransition$Stub$Proxy@d4c8469, appThread = android.app.IApplicationThread$Stub$Proxy@c228eee, debugName = overlayBackTransition }}
02-19 22:50:50.318  4449  4467 V WindowManagerShell:  Checking filter Pair{{types=[] flags=0x0] notFlags=0x0 checks=[{atype=dream independent=true modes=[OPEN,TO_FRONT] flags=NONE mustBeTask=false order=ANY topActivity=null launchCookie=null windowingMode=undefined},{atype=home independent=true modes=[CLOSE,TO_BACK] flags=NONE mustBeTask=false order=ANY topActivity=null launchCookie=null windowingMode=undefined}]} RemoteTransition { remoteTransition = android.window.IRemoteTransition$Stub$Proxy@c578f8f, appThread = android.app.IApplicationThread$Stub$Proxy@69fe21c, debugName = LauncherToDream }}
02-19 22:50:50.318  4449  4467 V WindowManagerShell:  Checking filter Pair{{types=[] flags=0x0] notFlags=0x100 checks=[{atype=home independent=true modes=[OPEN,TO_FRONT] flags=NONE mustBeTask=false order=TOP topActivity=ComponentInfo{com.google.android.apps.nexuslauncher/com.google.android.apps.nexuslauncher.NexusLauncherActivity} launchCookie=null windowingMode=undefined},{atype=standard independent=true modes=[CLOSE,TO_BACK] flags=NONE mustBeTask=false order=ANY topActivity=null launchCookie=null windowingMode=undefined},{NOT atype=undefined independent=true modes=[] flags=NONE mustBeTask=true order=ANY topActivity=null launchCookie=null customAnim=true windowingMode=undefined}]} RemoteTransition { remoteTransition = android.window.IRemoteTransition$Stub$Proxy@69ffe25, appThread = android.app.IApplicationThread$Stub$Proxy@72cabfa, debugName = QuickstepLaunchHome }}
02-19 22:50:50.318  4449  4467 V WindowManagerShell:  Checking filter Pair{{types=[] flags=0x0] notFlags=0x0 checks=[{atype=undefined independent=true modes=[CLOSE,TO_BACK] flags=IN_TASK_WITH_EMBEDDED_ACTIVITY mustBeTask=false order=ANY topActivity=null launchCookie=null taskFragmentToken=android.os.BinderProxy@71546f0 windowingMode=undefined}]} RemoteTransition { remoteTransition = android.window.IRemoteTransition$Stub$Proxy@7c795ab, appThread = android.app.IApplicationThread$Stub$Proxy@cd70408, debugName = overlayBackTransition }}
02-19 22:50:50.318  4449  4467 V WindowManagerShell:  Checking filter Pair{{types=[] flags=0x0] notFlags=0x0 checks=[{atype=dream independent=true modes=[OPEN,TO_FRONT] flags=NONE mustBeTask=false order=ANY topActivity=null launchCookie=null windowingMode=undefined},{atype=home independent=true modes=[CLOSE,TO_BACK] flags=NONE mustBeTask=false order=ANY topActivity=null launchCookie=null windowingMode=undefined}]} RemoteTransition { remoteTransition = android.window.IRemoteTransition$Stub$Proxy@f757a1, appThread = android.app.IApplicationThread$Stub$Proxy@d898dc6, debugName = LauncherToDream }}
02-19 22:50:50.318  4449  4467 V WindowManagerShell:  Checking filter Pair{{types=[] flags=0x0] notFlags=0x100 checks=[{atype=home independent=true modes=[OPEN,TO_FRONT] flags=NONE mustBeTask=false order=TOP topActivity=ComponentInfo{com.google.android.apps.nexuslauncher/com.google.android.apps.nexuslauncher.NexusLauncherActivity} launchCookie=null windowingMode=undefined},{atype=standard independent=true modes=[CLOSE,TO_BACK] flags=NONE mustBeTask=false order=ANY topActivity=null launchCookie=null windowingMode=undefined},{NOT atype=undefined independent=true modes=[] flags=NONE mustBeTask=true order=ANY topActivity=null launchCookie=null customAnim=true windowingMode=undefined}]} RemoteTransition { remoteTransition = android.window.IRemoteTransition$Stub$Proxy@9e7e187, appThread = android.app.IApplicationThread$Stub$Proxy@3dc58b4, debugName = QuickstepLaunchHome }}
02-19 22:50:50.318  4449  4467 V WindowManagerShell:  Delegate animation for (#1243) to null
02-19 22:50:50.319  4449  4467 V WindowManagerShell: start default transition animation, info = {id=1243 t=OPEN f=0x0 trk=0 r=[0@Point(0, 0)] c=[{m=OPEN f=TRANSLUCENT leash=Surface(name=Task=225)/@0x711d2c1 sb=Rect(0, 0 - 1080, 2400) eb=Rect(0, 0 - 1080, 2400) epz=Point(1080, 2400) d=0 taskParent=-1}]}
02-19 22:50:50.319  4449  4467 V WindowManagerShell: loadAnimation: anim=android.view.animation.AnimationSet@4a7d9fd animAttr=0x4 type=OPEN isEntrance=true
02-19 22:50:50.326   752  1116 V GrammaticalInflectionUtils: AttributionSource: android.content.AttributionSource@56784557 does not have READ_SYSTEM_GRAMMATICAL_GENDER permission.
02-19 22:50:50.328   752  1116 W OptProp : Cannot read opt property android.window.PROPERTY_COMPAT_ALLOW_USER_ASPECT_RATIO_OVERRIDE
02-19 22:50:50.328   752  1116 W OptProp : Cannot read opt property android.window.PROPERTY_COMPAT_ALLOW_USER_ASPECT_RATIO_FULLSCREEN_OVERRIDE
02-19 22:50:50.328   752  1116 W OptProp : Cannot read opt property android.window.PROPERTY_COMPAT_ALLOW_RESIZEABLE_ACTIVITY_OVERRIDES
02-19 22:50:50.328   752  1116 W OptProp : Cannot read opt property android.window.PROPERTY_COMPAT_ALLOW_MIN_ASPECT_RATIO_OVERRIDE
02-19 22:50:50.332   752  1116 W OptProp : Cannot read opt property android.window.PROPERTY_COMPAT_ALLOW_ORIENTATION_OVERRIDE
02-19 22:50:50.336  4449  4467 V WindowManagerShell:  animated by com.android.wm.shell.transition.DefaultTransitionHandler@f74d823
02-19 22:50:50.339   752  1116 I ActivityTaskManager: START u0 {act=android.intent.action.VIEW dat=intoss://takealook/... xflg=0x4 cmp=viva.republica.toss.test/im.toss.rn.granite.core.GraniteActivity (has extras)} with LAUNCH_MULTIPLE from uid 10217 (sr=162804093) (BAL_ALLOW_VISIBLE_WINDOW) result code=0
02-19 22:50:50.341  4449  4467 V WindowManagerShell: Transition requested (#1244): android.os.BinderProxy@1f0b143 TransitionRequestInfo { type = OPEN, triggerTask = TaskInfo{userId=0 taskId=225 effectiveUid=10217 displayId=0 isRunning=true baseIntent=Intent { act=android.intent.action.VIEW dat=intoss://takealook/... flg=0x10000000 pkg=viva.republica.toss.test cmp=viva.republica.toss.test/.MiniAppSchemeActivity } baseActivity=ComponentInfo{viva.republica.toss.test/viva.republica.toss.test.MiniAppSchemeActivity} topActivity=ComponentInfo{viva.republica.toss.test/im.toss.rn.granite.core.GraniteActivity} origActivity=null realActivity=ComponentInfo{viva.republica.toss.test/viva.republica.toss.test.MiniAppSchemeActivity} numActivities=2 lastActiveTime=120524183 supportsMultiWindow=true resizeMode=1 isResizeable=true minWidth=-1 minHeight=-1 defaultMinSize=220 token=WCT{android.window.IWindowContainerToken$Stub$Proxy@65013c0} topActivityType=1 pictureInPictureParams=null shouldDockBigOverlays=false launchIntoPipHostTaskId=-1 lastParentTaskIdBeforePip=-1 displayCutoutSafeInsets=Rect(0, 0 - 0, 0) topActivityInfo=ActivityInfo{c9d18f9 im.toss.rn.granite.core.GraniteActivity} launchCookies=[] positionInParent=Point(0, 0) parentTaskId=-1 isFocused=true isVisible=true isVisibleRequested=true isTopActivityNoDisplay=false isSleeping=false locusId=null displayAreaFeatureId=1 isTopActivityTransparent=false isActivityStackTransparent=false lastNonFullscreenBounds=Rect(284, 660 - 796, 1740) capturedLink=null capturedLinkTimestamp=0 requestedVisibleTypes=-9 topActivityRequestOpenInBrowserEducationTimestamp=0 appCompatTaskInfo=AppCompatTaskInfo { topActivityInSizeCompat=false eligibleForLetterboxEducation= false isLetterboxEducationEnabled= true isLetterboxDoubleTapEnabled= false eligibleForUserAspectRatioButton= false topActivityBoundsLetterboxed= false isFromLetterboxDoubleTap= false topActivityLetterboxVerticalPosition= -1 topActivityLetterboxHorizontalPosition= -1 topActivityLetterboxWidth=-1 topActivityLetterboxHeight=-1 topActivityAppBounds=Rect(0, 0 - 1080, 2400) isUserFullscreenOverrideEnabled=false isSystemFullscreenOverrideEnabled=false hasMinAspectRatioOverride=false topActivityLetterboxBounds=null cameraCompatTaskInfo=CameraCompatTaskInfo { freeformCameraCompatMode=inactive}} topActivityMainWindowFrame=null}, pipChange = null, remoteTransition = null, displayChange = null, flags = 0, debugId = 1244 }
02-19 22:50:50.366  4449  4467 D ShellSplitScreen: logExit: no-op, mLoggerSessionId is null
02-19 22:50:50.463   752   794 I ActivityTaskManager: Displayed viva.republica.toss.test/.MiniAppSchemeActivity for user 0: +601ms
02-19 22:50:50.490   752   794 W Looper  : Slow dispatch took 126ms android.fg app=system_server main=false group=FOREGROUND h=android.os.Handler c=com.android.server.wm.ActivityMetricsLogger$$ExternalSyntheticLambda0@efeaf2a m=0
02-19 22:50:50.491   752   794 V WindowManager: Sent Transition (#1243) createdAt=02-19 22:50:49.716 via request=TransitionRequestInfo { type = OPEN, triggerTask = TaskInfo{userId=0 taskId=225 effectiveUid=10217 displayId=0 isRunning=true baseIntent=Intent { act=android.intent.action.VIEW dat=intoss://takealook/... flg=0x10000000 pkg=viva.republica.toss.test cmp=viva.republica.toss.test/.MiniAppSchemeActivity } baseActivity=ComponentInfo{viva.republica.toss.test/viva.republica.toss.test.MiniAppSchemeActivity} topActivity=ComponentInfo{viva.republica.toss.test/viva.republica.toss.test.MiniAppSchemeActivity} origActivity=null realActivity=ComponentInfo{viva.republica.toss.test/viva.republica.toss.test.MiniAppSchemeActivity} numActivities=1 lastActiveTime=120523599 supportsMultiWindow=true resizeMode=1 isResizeable=true minWidth=-1 minHeight=-1 defaultMinSize=220 token=WCT{RemoteToken{4b911b Task{c7b5872 #225 type=standard A=10217:viva.republica.toss.test}}} topActivityType=1 pictureInPictureParams=null shouldDockBigOverlays=false launchIntoPipHostTaskId=-1 lastParentTaskIdBeforePip=-1 displayCutoutSafeInsets=Rect(0, 0 - 0, 0) topActivityInfo=ActivityInfo{c4532b8 viva.republica.toss.test.MiniAppSchemeActivity} launchCookies=[] positionInParent=Point(0, 0) parentTaskId=-1 isFocused=false isVisible=false isVisibleRequested=false isTopActivityNoDisplay=false isSleeping=false locusId=null displayAreaFeatureId=1 isTopActivityTransparent=true isActivityStackTransparent=true lastNonFullscreenBounds=Rect(284, 660 - 796, 1740) capturedLink=null capturedLinkTimestamp=0 requestedVisibleTypes=-9 topActivityRequestOpenInBrowserEducationTimestamp=0 appCompatTaskInfo=AppCompatTaskInfo { topActivityInSizeCompat=false eligibleForLetterboxEducation= false isLetterboxEducationEnabled= true isLetterboxDoubleTapEnabled= false eligibleForUserAspectRatioButton= false topActivityBoundsLetterboxed= false isFromLetterboxDoubleTap= false topActivityLetterboxVerticalPosition= -1 topActivityLetterboxHorizontalPosition= -1 topActivityLetterboxWidth=-1 topActivityLetterboxHeight=-1 topActivityAppBounds=Rect(0, 0 - 1080, 2400) isUserFullscreenOverrideEnabled=false isSystemFullscreenOverrideEnabled=false hasMinAspectRatioOverride=false topActivityLetterboxBounds=null cameraCompatTaskInfo=CameraCompatTaskInfo { freeformCameraCompatMode=inactive}} topActivityMainWindowFrame=null}, pipChange = null, remoteTransition = null, displayChange = null, flags = 0, debugId = 1243 }
02-19 22:50:50.491   752   794 V WindowManager:     startWCT=WindowContainerTransaction { changes= {} hops= [] errorCallbackToken=null taskFragmentOrganizer=null }
02-19 22:50:50.491   752   794 V WindowManager:     info={id=1243 t=OPEN f=0x0 trk=0 r=[0@Point(0, 0)] c=[
02-19 22:50:50.491   752   794 V WindowManager:         {WCT{RemoteToken{4b911b Task{c7b5872 #225 type=standard A=10217:viva.republica.toss.test}}} m=OPEN f=TRANSLUCENT leash=Surface(name=Task=225)/@0x942b0a3 sb=Rect(0, 0 - 1080, 2400) eb=Rect(0, 0 - 1080, 2400) epz=Point(1080, 2400) d=0 taskParent=-1}
02-19 22:50:50.491   752   794 V WindowManager:     ]}
02-19 22:50:50.508   531   548 I BpBinder: onLastStrongRef automatically unlinking death recipients: 
02-19 22:50:50.538 12496 12674 W chromium: [WARNING:viz_main_impl.cc(85)] VizNullHypothesis is disabled (not a warning)
02-19 22:50:50.560 19301 19311 I FontLog : (REDACTED) Received query %s, URI %s
02-19 22:50:50.561 19301 19311 I FontLog : (REDACTED) Query [%s] resolved to %s
02-19 22:50:50.569 19301 19311 I FontLog : (REDACTED) Font PFD returned from cache for %s
02-19 22:50:50.569 19301 19311 I FontLog : (REDACTED) Fetch %s end status %s
02-19 22:50:50.576 19301 19315 I FontLog : (REDACTED) Pulling font file for id = %d, cache size = %d
02-19 22:50:50.601 19301 19315 I FontLog : (REDACTED) Received query %s, URI %s
02-19 22:50:50.601 19301 19315 I FontLog : (REDACTED) Query [%s] resolved to %s
02-19 22:50:50.607 19301 19315 I FontLog : (REDACTED) Fetch %s end status %s
02-19 22:50:50.623 19301 19315 I FontLog : (REDACTED) Pulling font file for id = %d, cache size = %d
02-19 22:50:50.641   752  2502 W OptProp : Cannot read opt property android.window.PROPERTY_COMPAT_ENABLE_FAKE_FOCUS
02-19 22:50:50.642   752  1095 D BackgroundInstallControlService: Package event received: 0
02-19 22:50:50.643 19301 19315 I FontLog : (REDACTED) Received query %s, URI %s
02-19 22:50:50.643 19301 19315 I FontLog : (REDACTED) Query [%s] resolved to %s
02-19 22:50:50.646 19301 19315 I FontLog : (REDACTED) Font PFD returned from cache for %s
02-19 22:50:50.646 19301 19315 I FontLog : (REDACTED) Fetch %s end status %s
02-19 22:50:50.649 19301 19315 I FontLog : (REDACTED) Pulling font file for id = %d, cache size = %d
02-19 22:50:50.661   752  1095 D BackgroundInstallControlService: Package event received: 0
02-19 22:50:50.663   752  1095 D BackgroundInstallControlService: Package event received: 0
02-19 22:50:50.687   752   797 W ProcessStats: Tracking association SourceState{1b917ca system/1000 BFgs #29936} whose proc state 4 is better than process ProcessState{42c4ef0 com.google.android.ext.services/10208 pkg=com.google.android.ext.services} proc state 14 (42 skipped)
02-19 22:50:50.696   752   989 I ImeTracker: viva.republica.toss.test:d90438c: onRequestHide at ORIGIN_SERVER reason HIDE_UNSPECIFIED_WINDOW fromUser false
02-19 22:50:50.707 20022 20022 I GoogleInputMethodService: GoogleInputMethodService.onFinishInput():2043 
02-19 22:50:50.709 20022 20022 I Module  : DeviceLockedStatusModuleProvider$Module.updateDeviceLockedStatus():100 repeatCheckTimes = 0, locked = false
02-19 22:50:50.711   752  2375 I ImeTracker: system_server:38b077d2: onRequestHide at ORIGIN_SERVER reason IME_REQUESTED_CHANGED_LISTENER fromUser false
02-19 22:50:50.716 20022 20022 I GoogleInputMethodService: GoogleInputMethodService.onStartInput():1293 onStartInput(EditorInfo{EditorInfo{packageName=viva.republica.toss.test, inputType=0, inputTypeString=NULL, enableLearning=false, autoCorrection=false, autoComplete=false, imeOptions=0, privateImeOptions=null, actionName=UNSPECIFIED, actionLabel=null, initialSelStart=-1, initialSelEnd=-1, initialCapsMode=0, label=null, fieldId=0, fieldName=null, extras=null, hintText=null, hintLocales=[]}}, false)
02-19 22:50:50.718 20022 20022 I EmojiCompatManager: EmojiCompatManager.getEmojiCompatIfLoaded():343 EmojiCompat.init() was never called.
02-19 22:50:50.718 20022 20022 I EmojiCompatManager: java.lang.IllegalStateException: EmojiCompat is not initialized. Please call EmojiCompat.init() first
02-19 22:50:50.718 20022 20022 I EmojiCompatManager: 	at asx.p(PG:6)
02-19 22:50:50.718 20022 20022 I EmojiCompatManager: 	at axb.b(PG:13)
02-19 22:50:50.718 20022 20022 I EmojiCompatManager: 	at jnr.b(PG:2)
02-19 22:50:50.718 20022 20022 I EmojiCompatManager: 	at jnr.c(PG:4)
02-19 22:50:50.718 20022 20022 I EmojiCompatManager: 	at jnr.f(PG:3)
02-19 22:50:50.718 20022 20022 I EmojiCompatManager: 	at jnx.c(PG:3)
02-19 22:50:50.718 20022 20022 I EmojiCompatManager: 	at kif.cz(PG:47)
02-19 22:50:50.718 20022 20022 I EmojiCompatManager: 	at lhl.run(PG:1025)
02-19 22:50:50.718 20022 20022 I EmojiCompatManager: 	at jaf.execute(PG:12)
02-19 22:50:50.718 20022 20022 I EmojiCompatManager: 	at nco.v(PG:13)
02-19 22:50:50.718 20022 20022 I EmojiCompatManager: 	at lhn.m(PG:96)
02-19 22:50:50.718 20022 20022 I EmojiCompatManager: 	at lhn.k(PG:25)
02-19 22:50:50.718 20022 20022 I EmojiCompatManager: 	at kgn.onStartInput(PG:250)
02-19 22:50:50.718 20022 20022 I EmojiCompatManager: 	at android.inputmethodservice.InputMethodService.doStartInput(InputMethodService.java:3521)
02-19 22:50:50.718 20022 20022 I EmojiCompatManager: 	at android.inputmethodservice.InputMethodService$InputMethodImpl.startInput(InputMethodService.java:879)
02-19 22:50:50.718 20022 20022 I EmojiCompatManager: 	at android.inputmethodservice.InputMethodService$InputMethodImpl.dispatchStartInput(InputMethodService.java:908)
02-19 22:50:50.718 20022 20022 I EmojiCompatManager: 	at android.inputmethodservice.IInputMethodWrapper.executeMessage(IInputMethodWrapper.java:201)
02-19 22:50:50.718 20022 20022 I EmojiCompatManager: 	at com.android.internal.os.HandlerCaller$MyHandler.handleMessage(HandlerCaller.java:44)
02-19 22:50:50.718 20022 20022 I EmojiCompatManager: 	at android.os.Handler.dispatchMessage(Handler.java:110)
02-19 22:50:50.718 20022 20022 I EmojiCompatManager: 	at android.os.Looper.loopOnce(Looper.java:248)
02-19 22:50:50.718 20022 20022 I EmojiCompatManager: 	at android.os.Looper.loop(Looper.java:338)
02-19 22:50:50.718 20022 20022 I EmojiCompatManager: 	at android.app.ActivityThread.main(ActivityThread.java:9067)
02-19 22:50:50.718 20022 20022 I EmojiCompatManager: 	at java.lang.reflect.Method.invoke(Native Method)
02-19 22:50:50.718 20022 20022 I EmojiCompatManager: 	at com.android.internal.os.RuntimeInit$MethodAndArgsCaller.run(RuntimeInit.java:593)
02-19 22:50:50.718 20022 20022 I EmojiCompatManager: 	at com.android.internal.os.ZygoteInit.main(ZygoteInit.java:932)
02-19 22:50:50.719 20022 20022 I Module  : DeviceLockedStatusModuleProvider$Module.updateDeviceLockedStatus():100 repeatCheckTimes = 1, locked = false
02-19 22:50:50.722   752   797 I ImeTracker: system_server:38b077d2: onCancelled at PHASE_SERVER_SHOULD_HIDE
