--------- beginning of main
02-19 10:11:27.076  1336  1556 D SatelliteController: iisInCarrierRoamingNbIotNtn: satellite is disabled
02-19 10:11:29.586   531   568 W EventThread: Faking VSYNC due to driver stall for thread app
02-19 10:11:29.588  4449  4449 I Choreographer: Skipped 149 frames!  The application may be doing too much work on its main thread.
02-19 10:11:29.613 23206 23206 W dumpsys : Thread Pool max thread count is 0. Cannot cache binder as linkToDeath cannot be implemented. serviceName: package
02-19 10:11:29.633  4449  4511 I HWUI    : Davey! duration=2510ms; Flags=0, FrameTimelineVsyncId=953538, IntendedVsync=74960939275086, Vsync=74963422608320, InputEventId=0, HandleInputStart=74963436469034, AnimationStart=74963436469874, PerformTraversalsStart=74963436470152, DrawStart=74963436517536, FrameDeadline=74960955941752, FrameStartTime=74963435230541, FrameInterval=16666666, WorkloadTarget=16666666, SyncQueued=74963436615836, SyncStart=74963436855393, IssueDrawCommandsStart=74963437037784, SwapBuffers=74963443739903, FrameCompleted=74963450162791, DequeueBufferDuration=4986, QueueBufferDuration=645016, GpuCompleted=74963450090452, SwapBuffersCompleted=74963450162791, DisplayPresentTime=0, CommandSubmissionCompleted=74963443739903, 
02-19 10:11:29.750 22668 22668 I artd    : GetBestInfo: odex next to the dex file (/data/app/~~O-UZzK0jUU9NLgS3MODOZA==/com.google.android.gms-YQ2L6GsYyKuvu9MvIBK1EQ==/oat/x86_64/base.odex) is kOatUpToDate with filter 'speed-profile' executable 'false'
02-19 10:11:29.753 22668 22668 I artd    : GetBestInfo: odex next to the dex file (/data/app/~~O-UZzK0jUU9NLgS3MODOZA==/com.google.android.gms-YQ2L6GsYyKuvu9MvIBK1EQ==/oat/x86_64/split_AdsDynamite_installtime.odex) is kOatUpToDate with filter 'speed' executable 'false'
02-19 10:11:29.756 22668 22668 I artd    : GetBestInfo: odex next to the dex file (/data/app/~~O-UZzK0jUU9NLgS3MODOZA==/com.google.android.gms-YQ2L6GsYyKuvu9MvIBK1EQ==/oat/x86_64/split_CronetDynamite_installtime.odex) is kOatUpToDate with filter 'speed' executable 'false'
02-19 10:11:29.758 22668 22668 I artd    : GetBestInfo: odex next to the dex file (/data/app/~~O-UZzK0jUU9NLgS3MODOZA==/com.google.android.gms-YQ2L6GsYyKuvu9MvIBK1EQ==/oat/x86_64/split_DynamiteLoader_installtime.odex) is kOatUpToDate with filter 'speed' executable 'false'
02-19 10:11:29.761 22668 22668 I artd    : GetBestInfo: odex next to the dex file (/data/app/~~O-UZzK0jUU9NLgS3MODOZA==/com.google.android.gms-YQ2L6GsYyKuvu9MvIBK1EQ==/oat/x86_64/split_DynamiteModulesA_installtime.odex) is kOatUpToDate with filter 'speed' executable 'false'
02-19 10:11:29.764 22668 22668 I artd    : GetBestInfo: odex next to the dex file (/data/app/~~O-UZzK0jUU9NLgS3MODOZA==/com.google.android.gms-YQ2L6GsYyKuvu9MvIBK1EQ==/oat/x86_64/split_DynamiteModulesC_installtime.odex) is kOatUpToDate with filter 'speed' executable 'false'
02-19 10:11:29.767 22668 22668 I artd    : GetBestInfo: odex next to the dex file (/data/app/~~O-UZzK0jUU9NLgS3MODOZA==/com.google.android.gms-YQ2L6GsYyKuvu9MvIBK1EQ==/oat/x86_64/split_GoogleCertificates_installtime.odex) is kOatUpToDate with filter 'speed' executable 'false'
02-19 10:11:29.769 22668 22668 I artd    : GetBestInfo: odex next to the dex file (/data/app/~~O-UZzK0jUU9NLgS3MODOZA==/com.google.android.gms-YQ2L6GsYyKuvu9MvIBK1EQ==/oat/x86_64/split_MapsDynamite_installtime.odex) is kOatUpToDate with filter 'speed' executable 'false'
02-19 10:11:29.772 22668 22668 I artd    : GetBestInfo: odex next to the dex file (/data/app/~~O-UZzK0jUU9NLgS3MODOZA==/com.google.android.gms-YQ2L6GsYyKuvu9MvIBK1EQ==/oat/x86_64/split_MeasurementDynamite_installtime.odex) is kOatUpToDate with filter 'speed' executable 'false'
02-19 10:11:29.774 22668 22668 I artd    : GetBestInfo: /data/app/~~O-UZzK0jUU9NLgS3MODOZA==/com.google.android.gms-YQ2L6GsYyKuvu9MvIBK1EQ==/split_maps_core_dynamite_ondemand.apk has no usable artifacts
02-19 10:11:29.776 22668 22668 I artd    : GetBestInfo: /data/user_de/0/com.google.android.gms/app_chimera/m/0000000c/dl-Appsearch.optional_250834100800.apk has no usable artifacts
02-19 10:11:29.777 22668 22668 I artd    : GetBestInfo: /data/user_de/0/com.google.android.gms/app_chimera/m/00000001/CronetDynamite.apk has no usable artifacts
02-19 10:11:29.777 22668 22668 I artd    : GetBestInfo: /data/user_de/0/com.google.android.gms/app_chimera/m/00000002/DynamiteLoader.apk has no usable artifacts
02-19 10:11:29.778 22668 22668 I artd    : GetBestInfo: /data/user_de/0/com.google.android.gms/app_chimera/m/00000005/GoogleCertificates.apk has no usable artifacts
02-19 10:11:29.780 22668 22668 I artd    : GetBestInfo: /data/user_de/0/com.google.android.gms/app_chimera/m/00000009/dl-TfliteDynamiteDynamite.integ_252130102100800.apk has no usable artifacts
02-19 10:11:29.782 22668 22668 I artd    : GetBestInfo: vdex next to the dex file (/data/user/0/com.google.android.gms/app_dg_cache/BF7C023AB90CCF01D1F467FC1CEBAF866511FF29/oat/x86_64/the.vdex) is kOatUpToDate with filter 'verify' executable 'false'
02-19 10:11:29.784 22668 22668 I artd    : GetBestInfo: /data/user_de/0/com.google.android.gms/app_chimera/m/00000010/dl-PlayCloudSearch.optional_250834100000.apk has no usable artifacts
02-19 10:11:29.786 22668 22668 I artd    : GetBestInfo: /data/user_de/0/com.google.android.gms/app_chimera/m/00000017/dl-PlayCloudSearch.optional_260438100000.apk has no usable artifacts
02-19 10:11:29.788 22668 22668 I artd    : GetBestInfo: /data/user_de/0/com.google.android.gms/app_chimera/m/00000015/dl-MlkitOcrCommon.optional_260438100800.apk has no usable artifacts
02-19 10:11:29.790 22668 22668 I artd    : GetBestInfo: /data/user_de/0/com.google.android.gms/app_chimera/m/00000013/dl-MlkitBarcodeUi.optional_260438100800.apk has no usable artifacts
02-19 10:11:29.792 22668 22668 I artd    : GetBestInfo: /data/user_de/0/com.google.android.gms/app_chimera/m/0000000f/dl-MlkitOcrCommon.optional_250834100800.apk has no usable artifacts
02-19 10:11:29.795 22668 22668 I artd    : GetBestInfo: /data/user_de/0/com.google.android.gms/app_chimera/m/0000000d/dl-VisionOcr.optional_250834100000.apk has no usable artifacts
02-19 10:11:29.797 22668 22668 I artd    : GetBestInfo: /data/user_de/0/com.google.android.gms/app_chimera/m/0000000a/dl-MlkitBarcodeUi.optional_250834100800.apk has no usable artifacts
02-19 10:11:29.799 22668 22668 I artd    : GetBestInfo: /data/user_de/0/com.google.android.gms/app_chimera/m/00000011/dl-VisionOcr.optional_260438100000.apk has no usable artifacts
02-19 10:11:29.801 22668 22668 I artd    : GetBestInfo: /data/user_de/0/com.google.android.gms/app_chimera/m/00000012/dl-Appsearch.optional_260438100800.apk has no usable artifacts
02-19 10:11:29.804 22668 22668 I artd    : GetBestInfo: vdex next to the dex file (/data/user/0/com.google.android.gms/app_dg_cache/94DF452EEF4B8E717545DCDEA6CC3C50A319A195/oat/x86_64/the.vdex) is kOatUpToDate with filter 'verify' executable 'false'
02-19 10:11:29.805 22668 22668 I artd    : GetBestInfo: /data/user_de/0/com.google.android.gms/app_chimera/m/00000007/MeasurementDynamite.apk has no usable artifacts
02-19 10:11:29.807 22668 22668 I artd    : GetBestInfo: /data/user_de/0/com.google.android.gms/app_chimera/m/00000018/dl-AdsFdrDynamite.integ_254380203100000.apk has no usable artifacts
--------- beginning of system
02-19 10:11:29.865   752  2305 I ActivityManager: Force stopping viva.republica.toss.test appid=10217 user=0: from pid 23212
02-19 10:11:29.865   752  2305 W IPCThreadState: Sending oneway calls to frozen process.
02-19 10:11:29.866   752  2305 W IPCThreadState: Sending oneway calls to frozen process.
02-19 10:11:29.866   752  2305 W IPCThreadState: Sending oneway calls to frozen process.
02-19 10:11:29.866   752  2305 W IPCThreadState: Sending oneway calls to frozen process.
02-19 10:11:29.867   752  2305 W IPCThreadState: Sending oneway calls to frozen process.
02-19 10:11:29.867   752  2305 W IPCThreadState: Sending oneway calls to frozen process.
02-19 10:11:29.867   752  2305 W IPCThreadState: Sending oneway calls to frozen process.
02-19 10:11:29.867   752  2305 W IPCThreadState: Sending oneway calls to frozen process.
02-19 10:11:29.867   752  2305 W IPCThreadState: Sending oneway calls to frozen process.
02-19 10:11:29.868   752  2305 W IPCThreadState: Sending oneway calls to frozen process.
02-19 10:11:29.868   752  2305 W IPCThreadState: Sending oneway calls to frozen process.
02-19 10:11:29.868   752  2305 W IPCThreadState: Sending oneway calls to frozen process.
02-19 10:11:29.868   752  2305 W IPCThreadState: Sending oneway calls to frozen process.
02-19 10:11:29.868   752  2305 W IPCThreadState: Sending oneway calls to frozen process.
02-19 10:11:29.869   752  2305 W IPCThreadState: Sending oneway calls to frozen process.
02-19 10:11:29.869   752  2305 W IPCThreadState: Sending oneway calls to frozen process.
02-19 10:11:29.869   752  2305 W IPCThreadState: Sending oneway calls to frozen process.
02-19 10:11:29.870   752  2305 W ProcessStats: Tracking association SourceState{1b917ca system/1000 BFgs #10668} whose proc state 4 is better than process ProcessState{42c4ef0 com.google.android.ext.services/10208 pkg=com.google.android.ext.services} proc state 14 (3 skipped)
02-19 10:11:29.872   752  2305 I AppsFilter: interaction: PackageSetting{d389813 com.android.microdroid.empty_payload/10204} -> PackageSetting{f2c434f viva.republica.toss.test/10217} BLOCKED
02-19 10:11:29.872   752  2305 I AppsFilter: interaction: PackageSetting{120ba50 com.android.adbkeyboard/10219} -> PackageSetting{f2c434f viva.republica.toss.test/10217} BLOCKED
02-19 10:11:29.879  1336  1336 D CarrierSvcBindHelper: onHandleForceStop: [viva.republica.toss.test]
02-19 10:11:29.880  1336  1336 D CarrierSvcBindHelper: No carrier app for: 0
02-19 10:11:29.930   752   990 I system_server: AssetManager2(0x7d8fac48af18) locale list changing from [] to [en-US]
02-19 10:11:29.947   752   990 I system_server: AssetManager2(0x7d8fac48fd38) locale list changing from [] to [en-US]
02-19 10:11:29.951   752   990 I system_server: AssetManager2(0x7d8fac4909b8) locale list changing from [] to [en-US]
02-19 10:11:29.952   752   990 I system_server: AssetManager2(0x7d8fac482278) locale list changing from [] to [en-US]
02-19 10:11:31.311 23215 23215 W dumpsys : Thread Pool max thread count is 0. Cannot cache binder as linkToDeath cannot be implemented. serviceName: activity
02-19 10:11:31.598   752  2305 W ActivityTaskManager: callingPackage for (uid=2000, pid=23220) has no WPC
02-19 10:11:31.600   752  2305 V GrammaticalInflectionUtils: AttributionSource: android.content.AttributionSource@56784557 does not have READ_SYSTEM_GRAMMATICAL_GENDER permission.
02-19 10:11:31.601   752  2305 W OptProp : Cannot read opt property android.window.PROPERTY_COMPAT_ALLOW_USER_ASPECT_RATIO_OVERRIDE
02-19 10:11:31.601   752  2305 W OptProp : Cannot read opt property android.window.PROPERTY_COMPAT_ALLOW_USER_ASPECT_RATIO_FULLSCREEN_OVERRIDE
02-19 10:11:31.601   752  2305 W OptProp : Cannot read opt property android.window.PROPERTY_COMPAT_ALLOW_RESIZEABLE_ACTIVITY_OVERRIDES
02-19 10:11:31.602   752  2305 W OptProp : Cannot read opt property android.window.PROPERTY_COMPAT_ALLOW_MIN_ASPECT_RATIO_OVERRIDE
02-19 10:11:31.608   752  2305 W OptProp : Cannot read opt property android.window.PROPERTY_COMPAT_ALLOW_ORIENTATION_OVERRIDE
02-19 10:11:31.609   531   602 I BpBinder: onLastStrongRef automatically unlinking death recipients: 
02-19 10:11:31.618  4449  4467 V WindowManagerShell: Transition requested (#77): android.os.BinderProxy@d343a72 TransitionRequestInfo { type = OPEN, triggerTask = TaskInfo{userId=0 taskId=40 effectiveUid=10217 displayId=0 isRunning=true baseIntent=Intent { act=android.intent.action.VIEW dat=intoss://takealook/... flg=0x10000000 cmp=viva.republica.toss.test/im.toss.rn.granite.core.GraniteActivity } baseActivity=ComponentInfo{viva.republica.toss.test/im.toss.rn.granite.core.GraniteActivity} topActivity=ComponentInfo{viva.republica.toss.test/im.toss.rn.granite.core.GraniteActivity} origActivity=null realActivity=ComponentInfo{viva.republica.toss.test/im.toss.rn.granite.core.GraniteActivity} numActivities=1 lastActiveTime=74965462 supportsMultiWindow=true resizeMode=1 isResizeable=true minWidth=-1 minHeight=-1 defaultMinSize=220 token=WCT{android.window.IWindowContainerToken$Stub$Proxy@994a340} topActivityType=1 pictureInPictureParams=null shouldDockBigOverlays=false launchIntoPipHostTaskId=-1 lastParentTaskIdBeforePip=-1 displayCutoutSafeInsets=Rect(0, 0 - 0, 0) topActivityInfo=ActivityInfo{1873279 im.toss.rn.granite.core.GraniteActivity} launchCookies=[] positionInParent=Point(0, 0) parentTaskId=-1 isFocused=false isVisible=false isVisibleRequested=false isTopActivityNoDisplay=false isSleeping=false locusId=null displayAreaFeatureId=1 isTopActivityTransparent=false isActivityStackTransparent=false lastNonFullscreenBounds=Rect(284, 660 - 796, 1740) capturedLink=null capturedLinkTimestamp=0 requestedVisibleTypes=-9 topActivityRequestOpenInBrowserEducationTimestamp=0 appCompatTaskInfo=AppCompatTaskInfo { topActivityInSizeCompat=false eligibleForLetterboxEducation= false isLetterboxEducationEnabled= true isLetterboxDoubleTapEnabled= false eligibleForUserAspectRatioButton= false topActivityBoundsLetterboxed= false isFromLetterboxDoubleTap= false topActivityLetterboxVerticalPosition= -1 topActivityLetterboxHorizontalPosition= -1 topActivityLetterboxWidth=-1 topActivityLetterboxHeight=-1 topActivityAppBounds=Rect(0, 0 - 1080, 2400) isUserFullscreenOverrideEnabled=false isSystemFullscreenOverrideEnabled=false hasMinAspectRatioOverride=false topActivityLetterboxBounds=null cameraCompatTaskInfo=CameraCompatTaskInfo { freeformCameraCompatMode=inactive}} topActivityMainWindowFrame=null}, pipChange = null, remoteTransition = null, displayChange = null, flags = 0, debugId = 77 }
02-19 10:11:31.618   752  2305 I ActivityTaskManager: START u0 {act=android.intent.action.VIEW dat=intoss://takealook/... flg=0x10000000 xflg=0x4 cmp=viva.republica.toss.test/im.toss.rn.granite.core.GraniteActivity} with LAUNCH_MULTIPLE from uid 2000 (BAL_ALLOW_PERMISSION) result code=0
02-19 10:11:31.618   615   715 W IPCThreadState: Sending oneway calls to frozen process.
02-19 10:11:31.620  4449  4467 D ShellSplitScreen: logExit: no-op, mLoggerSessionId is null
02-19 10:11:31.623  1341  1341 W SplitSelectStateCtor: Missing session instanceIds
02-19 10:11:31.623  1341  1341 D StatsLog: LAUNCHER_SPLIT_SELECTION_EXIT_INTERRUPTED
02-19 10:11:31.625  4449  4475 W HWUI    : Image decoding logging dropped!
02-19 10:11:31.626   752  1454 I AppsFilter: interaction: PackageSetting{d389813 com.android.microdroid.empty_payload/10204} -> PackageSetting{67e7bb8 viva.republica.toss.test/10217} BLOCKED
02-19 10:11:31.626   752  1454 I AppsFilter: interaction: PackageSetting{120ba50 com.android.adbkeyboard/10219} -> PackageSetting{67e7bb8 viva.republica.toss.test/10217} BLOCKED
02-19 10:11:31.631  4449  4467 D WindowManagerShell: setLauncherKeepClearAreaHeight: visible=false, height=527
02-19 10:11:31.642   752   797 V GrammaticalInflectionUtils: AttributionSource: android.content.AttributionSource@56784557 does not have READ_SYSTEM_GRAMMATICAL_GENDER permission.
02-19 10:11:31.652   752  1095 D BackgroundInstallControlService: Package event received: 0
02-19 10:11:31.656   458   458 D Zygote  : Forked child process 23223
02-19 10:11:31.659   752   806 I ActivityManager: Start proc 23223:viva.republica.toss.test/u0a217 for next-top-activity {viva.republica.toss.test/im.toss.rn.granite.core.GraniteActivity}
02-19 10:11:31.659   752   806 I ActivityManager: ProcessObserver broadcast disabled
02-19 10:11:51.073   531   569 W EventThread: Faking VSYNC due to driver stall for thread appSf
02-19 10:11:51.073   752   805 W ActivityManager: Process ProcessRecord{e9984f6 23223:viva.republica.toss.test/u0a217} failed to attach
02-19 10:11:51.074   531   568 W EventThread: Faking VSYNC due to driver stall for thread app
02-19 10:11:51.076   531   531 I BpBinder: onLastStrongRef automatically unlinking death recipients: 
02-19 10:11:51.081   752   797 W BLASTSyncEngine: Sync group 77 timeout
02-19 10:11:51.082   752   798 I Choreographer: Skipped 1168 frames!  The application may be doing too much work on its main thread.
02-19 10:11:51.084   752   805 W ActivityTaskManager: ProcessRecord{e9984f6 23223:viva.republica.toss.test/u0a217} is removed with pending start ActivityRecord{205982809 u0 viva.republica.toss.test/im.toss.rn.granite.core.GraniteActivity t40}
02-19 10:11:51.092  1133  1133 I wpa_supplicant: wlan0: CTRL-EVENT-BEACON-LOSS 
02-19 10:11:51.108   752   797 W BLASTSyncEngine: Sync group 77 timed-out because not ready. If you see this, please file a bug.
02-19 10:11:51.108   752   797 E Transition: #77 readiness timeout, used=true deferReadyDepth=1 group={Display{#0 state=ON size=1080x2400 ROTATION_0}=true}
02-19 10:11:51.109 23223 23223 I blica.toss.test: Using CollectorTypeCMC GC.
02-19 10:11:51.109  4449  4467 D WindowManagerShell: setLauncherKeepClearAreaHeight: visible=true, height=527
02-19 10:11:51.109  1341  1341 D StatsLog: LAUNCHER_ONRESUME
02-19 10:11:51.110 23223 23223 W blica.toss.test: Unexpected CPU variant for x86: x86_64.
02-19 10:11:51.110 23223 23223 W blica.toss.test: Known variants: atom, sandybridge, silvermont, goldmont, goldmont-plus, goldmont-without-sha-xsaves, tremont, kabylake, alderlake, default
02-19 10:11:51.111   752   794 V WindowManager: Sent Transition (#77) createdAt=02-19 10:11:31.603 via request=TransitionRequestInfo { type = OPEN, triggerTask = TaskInfo{userId=0 taskId=40 effectiveUid=10217 displayId=0 isRunning=true baseIntent=Intent { act=android.intent.action.VIEW dat=intoss://takealook/... flg=0x10000000 cmp=viva.republica.toss.test/im.toss.rn.granite.core.GraniteActivity } baseActivity=ComponentInfo{viva.republica.toss.test/im.toss.rn.granite.core.GraniteActivity} topActivity=ComponentInfo{viva.republica.toss.test/im.toss.rn.granite.core.GraniteActivity} origActivity=null realActivity=ComponentInfo{viva.republica.toss.test/im.toss.rn.granite.core.GraniteActivity} numActivities=1 lastActiveTime=74965462 supportsMultiWindow=true resizeMode=1 isResizeable=true minWidth=-1 minHeight=-1 defaultMinSize=220 token=WCT{RemoteToken{d47c83d Task{5d9901e #40 type=standard A=10217:viva.republica.toss.test}}} topActivityType=1 pictureInPictureParams=null shouldDockBigOverlays=false launchIntoPipHostTaskId=-1 lastParentTaskIdBeforePip=-1 displayCutoutSafeInsets=Rect(0, 0 - 0, 0) topActivityInfo=ActivityInfo{2c10832 im.toss.rn.granite.core.GraniteActivity} launchCookies=[] positionInParent=Point(0, 0) parentTaskId=-1 isFocused=false isVisible=false isVisibleRequested=false isTopActivityNoDisplay=false isSleeping=false locusId=null displayAreaFeatureId=1 isTopActivityTransparent=false isActivityStackTransparent=false lastNonFullscreenBounds=Rect(284, 660 - 796, 1740) capturedLink=null capturedLinkTimestamp=0 requestedVisibleTypes=-9 topActivityRequestOpenInBrowserEducationTimestamp=0 appCompatTaskInfo=AppCompatTaskInfo { topActivityInSizeCompat=false eligibleForLetterboxEducation= false isLetterboxEducationEnabled= true isLetterboxDoubleTapEnabled= false eligibleForUserAspectRatioButton= false topActivityBoundsLetterboxed= false isFromLetterboxDoubleTap= false topActivityLetterboxVerticalPosition= -1 topActivityLetterboxHorizontalPosition= -1 topActivityLetterboxWidth=-1 topActivityLetterboxHeight=-1 topActivityAppBounds=Rect(0, 0 - 1080, 2400) isUserFullscreenOverrideEnabled=false isSystemFullscreenOverrideEnabled=false hasMinAspectRatioOverride=false topActivityLetterboxBounds=null cameraCompatTaskInfo=CameraCompatTaskInfo { freeformCameraCompatMode=inactive}} topActivityMainWindowFrame=null}, pipChange = null, remoteTransition = null, displayChange = null, flags = 0, debugId = 77 }
02-19 10:11:51.111   752   794 V WindowManager:     startWCT=WindowContainerTransaction { changes= {} hops= [] errorCallbackToken=null taskFragmentOrganizer=null }
02-19 10:11:51.111   752  2505 D CoreBackPreview: Window{d0a902a u0 Splash Screen viva.republica.toss.test}: Setting back callback OnBackInvokedCallbackInfo{mCallback=android.window.IOnBackInvokedCallback$Stub$Proxy@55be983, mPriority=0, mIsAnimationCallback=false, mOverrideBehavior=0}
02-19 10:11:51.111   752   794 V WindowManager:     info={id=77 t=OPEN f=0x0 trk=0 r=[0@Point(0, 0)] c=[
02-19 10:11:51.111   752   794 V WindowManager:         {WCT{RemoteToken{5218fe8 Task{dd43522 #1 type=home}}} m=CHANGE f=SHOW_WALLPAPER|MOVE_TO_TOP leash=Surface(name=Task=1)/@0x8ddbd2e sb=Rect(0, 0 - 1080, 2400) eb=Rect(0, 0 - 1080, 2400) epz=Point(1080, 2400) d=0 taskParent=-1}
02-19 10:11:51.111   752   794 V WindowManager:     ]}
02-19 10:11:51.112  4449  4532 V WindowManagerShell: onTransitionReady(transaction=3229815408926)
02-19 10:11:51.113   752   797 W ActivityTaskManager: Launch timeout has expired, giving up wake lock!
02-19 10:11:51.115  4449  4467 V WindowManagerShell: onTransitionReady (#77) android.os.BinderProxy@d343a72: {id=77 t=OPEN f=0x0 trk=0 r=[0@Point(0, 0)] c=[
02-19 10:11:51.115  4449  4467 V WindowManagerShell:         {m=CHANGE f=SHOW_WALLPAPER|MOVE_TO_TOP leash=Surface(name=Task=1)/@0x37c0404 sb=Rect(0, 0 - 1080, 2400) eb=Rect(0, 0 - 1080, 2400) epz=Point(1080, 2400) d=0 taskParent=-1}
02-19 10:11:51.115  4449  4467 V WindowManagerShell:     ]}
02-19 10:11:51.115  4449  4467 V WindowManagerShell: Playing animation for (#77) android.os.BinderProxy@d343a72@0
02-19 10:11:51.115  4449  4467 V ShellRecents: RecentsTransitionHandler.startAnimation: no controller found
02-19 10:11:51.120   752   805 I ActivityManager: Killing 23223:viva.republica.toss.test/u0a217 (adj -10000): start timeout
02-19 10:11:51.120 23223 23223 E blica.toss.test: Not starting debugger since process cannot load the jdwp agent.
02-19 10:11:51.134  4449  4467 V WindowManagerShell: Transition doesn't have explicit remote, search filters for match for {id=77 t=OPEN f=0x0 trk=0 r=[0@Point(0, 0)] c=[{m=CHANGE f=SHOW_WALLPAPER|MOVE_TO_TOP leash=Surface(name=Task=1)/@0x37c0404 sb=Rect(0, 0 - 1080, 2400) eb=Rect(0, 0 - 1080, 2400) epz=Point(1080, 2400) d=0 taskParent=-1}]}
02-19 10:11:51.134  4449  4467 V WindowManagerShell:  Checking filter Pair{{types=[] flags=0x0] notFlags=0x0 checks=[{atype=undefined independent=true modes=[CLOSE,TO_BACK] flags=IN_TASK_WITH_EMBEDDED_ACTIVITY mustBeTask=false order=ANY topActivity=null launchCookie=null taskFragmentToken=android.os.BinderProxy@188d51a windowingMode=undefined}]} RemoteTransition { remoteTransition = android.window.IRemoteTransition$Stub$Proxy@44cd84b, appThread = android.app.IApplicationThread$Stub$Proxy@3a12228, debugName = overlayBackTransition }}
02-19 10:11:51.134  4449  4467 V WindowManagerShell:  Checking filter Pair{{types=[] flags=0x0] notFlags=0x0 checks=[{atype=dream independent=true modes=[OPEN,TO_FRONT] flags=NONE mustBeTask=false order=ANY topActivity=null launchCookie=null windowingMode=undefined},{atype=home independent=true modes=[CLOSE,TO_BACK] flags=NONE mustBeTask=false order=ANY topActivity=null launchCookie=null windowingMode=undefined}]} RemoteTransition { remoteTransition = android.window.IRemoteTransition$Stub$Proxy@6f3eb41, appThread = android.app.IApplicationThread$Stub$Proxy@ccf28e6, debugName = LauncherToDream }}
02-19 10:11:51.135  4449  4467 V WindowManagerShell:  Checking filter Pair{{types=[] flags=0x0] notFlags=0x100 checks=[{atype=home independent=true modes=[OPEN,TO_FRONT] flags=NONE mustBeTask=false order=TOP topActivity=ComponentInfo{com.google.android.apps.nexuslauncher/com.google.android.apps.nexuslauncher.NexusLauncherActivity} launchCookie=null windowingMode=undefined},{atype=standard independent=true modes=[CLOSE,TO_BACK] flags=NONE mustBeTask=false order=ANY topActivity=null launchCookie=null windowingMode=undefined},{NOT atype=undefined independent=true modes=[] flags=NONE mustBeTask=true order=ANY topActivity=null launchCookie=null customAnim=true windowingMode=undefined}]} RemoteTransition { remoteTransition = android.window.IRemoteTransition$Stub$Proxy@a8eae27, appThread = android.app.IApplicationThread$Stub$Proxy@fa38d4, debugName = QuickstepLaunchHome }}
02-19 10:11:51.135  4449  4467 V WindowManagerShell:  Delegate animation for (#77) to null
02-19 10:11:51.135  4449  4467 V WindowManagerShell: start default transition animation, info = {id=77 t=OPEN f=0x0 trk=0 r=[0@Point(0, 0)] c=[{m=CHANGE f=SHOW_WALLPAPER|MOVE_TO_TOP leash=Surface(name=Task=1)/@0x37c0404 sb=Rect(0, 0 - 1080, 2400) eb=Rect(0, 0 - 1080, 2400) epz=Point(1080, 2400) d=0 taskParent=-1}]}
02-19 10:11:51.136   752  1095 D BackgroundInstallControlService: Package event received: 0
02-19 10:11:51.137   752  1095 D BackgroundInstallControlService: Package event received: 0
02-19 10:11:51.137  1341  1407 D QuickstepModelDelegate: notifyAppTargetEvent action=1 launchLocation=
02-19 10:11:51.175   752   807 I libprocessgroup: Removed cgroup /sys/fs/cgroup/apps/uid_10217/pid_23223
02-19 10:11:51.175  1341  1341 I NotificationListener: Handling notification state refresh for com.google.android.adservices.api#0
02-19 10:11:51.175   458   458 I Zygote  : Process 23223 exited due to signal 9 (Killed)
02-19 10:11:51.175  1341  1341 I NotificationListener: Handling notification state refresh for android#0
02-19 10:11:51.175  1341  1341 I NotificationListener: Handling notification state refresh for com.android.systemui#0
02-19 10:11:51.177  4449  4467 V WindowManagerShell: Transition animation finished (aborted=false), notifying core (#77) android.os.BinderProxy@d343a72@0
02-19 10:11:51.193  1971  2198 I AiAiEcho: Predicting[0]:  [CONTEXT sampling_count=5 ]
02-19 10:11:51.194  1971  2198 I AiAiEcho: EchoTargets: 
02-19 10:11:51.194  1971  2198 I AiAiEcho: Filtered by AiAi flag check: 
02-19 10:11:51.194  1971  2198 I AiAiEcho: [CONTEXT ratelimit_period="10 SECONDS" ]
02-19 10:11:51.194   752   955 W UsageStatsService: Unexpected activity event reported! (viva.republica.toss.test/im.toss.rn.granite.core.GraniteActivity event : 23 instanceId : 213889279)
02-19 10:11:51.194   752   794 V WindowManager: Finish Transition (#77): created at 02-19 10:11:31.603 collect-started=0.222ms request-sent=13.677ms started=17.456ms ready=19503.375ms sent=19507.293ms commit=69.667ms finished=19576.078ms
02-19 10:11:51.197  1971  2198 I AiAiEcho: #remoteViewsTwiddler: feature disabled.
02-19 10:11:51.198  4449  4467 V WindowManagerShell: Track 0 became idle
02-19 10:11:51.198  4449  4467 V WindowManagerShell: All active transition animations finished
02-19 10:11:51.198  4449  4467 V WindowManagerShell:  animated by com.android.wm.shell.transition.DefaultTransitionHandler@f74d823
02-19 10:11:51.198  4449  4467 V WindowManagerShell: Track 0 became idle
02-19 10:11:51.198  4449  4467 V WindowManagerShell: All active transition animations finished
02-19 10:11:51.208  1971  2198 I AiAiEcho: #postPredictionTargets: Sending updates to UISurface home with targets# 0 (types=[])
02-19 10:11:51.269  1341  1341 D SsBaseTemplateCard: No text view can be set up
02-19 10:11:51.270  1341  1341 D SsBaseTemplateCard: Passed-in item info is null
02-19 10:11:51.270  1341  1341 D SsBaseTemplateCard: Passed-in item info is null
02-19 10:11:51.270  1341  1341 D SsBaseTemplateCard: Passed-in item info is null
02-19 10:11:51.270  1341  1341 I SsBaseTemplateCard: Secondary card pane is null
02-19 10:11:51.270  1341  1341 D RecentsView: onTaskRemoved: 40, no associated Task
02-19 10:11:51.270  1341  1341 D RecentsView: onTaskRemoved: 40, no associated Task
02-19 10:11:51.274   752   989 I ImeTracker: com.google.android.apps.nexuslauncher:ab1d3816: onRequestHide at ORIGIN_SERVER reason HIDE_SAME_WINDOW_FOCUSED_WITHOUT_EDITOR fromUser false
02-19 10:11:51.277  1563  1563 I GoogleInputMethodService: GoogleInputMethodService.onFinishInput():2043 
02-19 10:11:51.280  1563  1563 I Module  : DeviceLockedStatusModuleProvider$Module.updateDeviceLockedStatus():100 repeatCheckTimes = 0, locked = false
02-19 10:11:51.282  1563  1563 I GoogleInputMethodService: GoogleInputMethodService.onStartInput():1293 onStartInput(EditorInfo{EditorInfo{packageName=com.google.android.apps.nexuslauncher, inputType=0, inputTypeString=NULL, enableLearning=false, autoCorrection=false, autoComplete=false, imeOptions=0, privateImeOptions=null, actionName=UNSPECIFIED, actionLabel=null, initialSelStart=-1, initialSelEnd=-1, initialCapsMode=0, label=null, fieldId=0, fieldName=null, extras=null, hintText=null, hintLocales=[]}}, false)
02-19 10:11:51.284  1563  1563 I Module  : DeviceLockedStatusModuleProvider$Module.updateDeviceLockedStatus():100 repeatCheckTimes = 1, locked = false
02-19 10:11:51.285  1563  1563 I EmojiCompatManager: EmojiCompatManager.getEmojiCompatIfLoaded():343 EmojiCompat.init() was never called.
02-19 10:11:51.285  1563  1563 I EmojiCompatManager: java.lang.IllegalStateException: EmojiCompat is not initialized. Please call EmojiCompat.init() first
02-19 10:11:51.285  1563  1563 I EmojiCompatManager: 	at asx.p(PG:6)
02-19 10:11:51.285  1563  1563 I EmojiCompatManager: 	at axb.b(PG:13)
02-19 10:11:51.285  1563  1563 I EmojiCompatManager: 	at jnr.b(PG:2)
02-19 10:11:51.285  1563  1563 I EmojiCompatManager: 	at jnr.c(PG:4)
02-19 10:11:51.285  1563  1563 I EmojiCompatManager: 	at jnr.f(PG:3)
02-19 10:11:51.285  1563  1563 I EmojiCompatManager: 	at jnx.c(PG:3)
02-19 10:11:51.285  1563  1563 I EmojiCompatManager: 	at kif.cz(PG:47)
02-19 10:11:51.285  1563  1563 I EmojiCompatManager: 	at lhl.run(PG:1025)
02-19 10:11:51.285  1563  1563 I EmojiCompatManager: 	at jaf.execute(PG:12)
02-19 10:11:51.285  1563  1563 I EmojiCompatManager: 	at nco.v(PG:13)
02-19 10:11:51.285  1563  1563 I EmojiCompatManager: 	at lhn.m(PG:96)
02-19 10:11:51.285  1563  1563 I EmojiCompatManager: 	at lhn.k(PG:25)
02-19 10:11:51.285  1563  1563 I EmojiCompatManager: 	at kgn.onStartInput(PG:250)
02-19 10:11:51.285  1563  1563 I EmojiCompatManager: 	at android.inputmethodservice.InputMethodService.doStartInput(InputMethodService.java:3521)
02-19 10:11:51.285  1563  1563 I EmojiCompatManager: 	at android.inputmethodservice.InputMethodService$InputMethodImpl.startInput(InputMethodService.java:879)
02-19 10:11:51.285  1563  1563 I EmojiCompatManager: 	at android.inputmethodservice.InputMethodService$InputMethodImpl.dispatchStartInput(InputMethodService.java:908)
02-19 10:11:51.285  1563  1563 I EmojiCompatManager: 	at android.inputmethodservice.IInputMethodWrapper.executeMessage(IInputMethodWrapper.java:201)
02-19 10:11:51.285  1563  1563 I EmojiCompatManager: 	at com.android.internal.os.HandlerCaller$MyHandler.handleMessage(HandlerCaller.java:44)
02-19 10:11:51.285  1563  1563 I EmojiCompatManager: 	at android.os.Handler.dispatchMessage(Handler.java:110)
02-19 10:11:51.285  1563  1563 I EmojiCompatManager: 	at android.os.Looper.loopOnce(Looper.java:248)
02-19 10:11:51.285  1563  1563 I EmojiCompatManager: 	at android.os.Looper.loop(Looper.java:338)
02-19 10:11:51.285  1563  1563 I EmojiCompatManager: 	at android.app.ActivityThread.main(ActivityThread.java:9067)
02-19 10:11:51.285  1563  1563 I EmojiCompatManager: 	at java.lang.reflect.Method.invoke(Native Method)
02-19 10:11:51.285  1563  1563 I EmojiCompatManager: 	at com.android.internal.os.RuntimeInit$MethodAndArgsCaller.run(RuntimeInit.java:593)
02-19 10:11:51.285  1563  1563 I EmojiCompatManager: 	at com.android.internal.os.ZygoteInit.main(ZygoteInit.java:932)
02-19 10:11:51.286   752  2419 W PackageConfigPersister: App-specific configuration not found for packageName: com.google.android.apps.nexuslauncher and userId: 0
02-19 10:11:51.303  1341  1341 D InsetsController: hide(ime(), fromIme=false)
02-19 10:11:51.304  1341  1341 I ImeTracker: com.google.android.apps.nexuslauncher:ab1d3816: onCancelled at PHASE_CLIENT_ALREADY_HIDDEN
02-19 10:11:51.307   752  2419 W WindowManager: Failed looking up window session=Session{bcd6833 4449:u0a10187} callers=com.android.server.wm.WindowManagerService.windowForClientLocked:6410 com.android.server.wm.WindowManagerService.finishDrawingWindow:2888 com.android.server.wm.Session.finishDrawing:321 
02-19 10:11:51.313   615   715 W IPCThreadState: Sending oneway calls to frozen process.
02-19 10:11:51.328   752  2419 W WindowManager: Failed looking up window session=Session{bcd6833 4449:u0a10187} callers=com.android.server.wm.WindowManagerService.windowForClientLocked:6410 com.android.server.wm.WindowManagerService.relayoutWindow:2379 com.android.server.wm.Session.relayout:283 
02-19 10:11:51.329  4449  4474 W WindowOnBackDispatcher: sendCancelIfRunning: isInProgress=false callback=android.view.ViewRootImpl$$ExternalSyntheticLambda13@2f8e817
02-19 10:11:51.331   752  2419 W WindowManager: Failed looking up window session=Session{bcd6833 4449:u0a10187} callers=com.android.server.wm.WindowManagerService.windowForClientLocked:6410 com.android.server.wm.Session.setOnBackInvokedCallbackInfo:1002 android.view.IWindowSession$Stub.onTransact:1156 
02-19 10:11:51.332   752  2419 I WindowManager: setOnBackInvokedCallback(): No window state for package:com.android.systemui
02-19 10:11:51.333   752  2419 W WindowManager: Failed looking up window session=Session{bcd6833 4449:u0a10187} callers=com.android.server.wm.WindowManagerService.removeClientToken:2135 com.android.server.wm.Session.remove:270 android.view.IWindowSession$Stub.onTransact:696 
02-19 10:11:56.544   531   568 W EventThread: Faking VSYNC due to driver stall for thread app
02-19 10:11:56.554  1341  1394 W HWUI    : dequeueBuffer failed, error = -110; switching to fallback
02-19 10:11:56.566  1341  1341 I Choreographer: Skipped 312 frames!  The application may be doing too much work on its main thread.
02-19 10:11:56.574  1341  1358 I HWUI    : Davey! duration=5236ms; Flags=0, FrameTimelineVsyncId=953715, IntendedVsync=74985172607450, Vsync=74985189274116, InputEventId=0, HandleInputStart=74985200379093, AnimationStart=74985200379628, PerformTraversalsStart=74985201136109, DrawStart=74985201296575, FrameDeadline=74985239278864, FrameStartTime=74985200374488, FrameInterval=16666666, WorkloadTarget=16666666, SyncQueued=74985202151844, SyncStart=74985202465367, IssueDrawCommandsStart=74985202620679, SwapBuffers=74985204367569, FrameCompleted=74990409520814, DequeueBufferDuration=0, QueueBufferDuration=0, GpuCompleted=74990409210188, SwapBuffersCompleted=74990409520814, DisplayPresentTime=0, CommandSubmissionCompleted=74985204367569, 
02-19 10:11:56.606   752   797 W IPCThreadState: Sending oneway calls to frozen process.
02-19 10:11:56.607   752   797 W IPCThreadState: Sending oneway calls to frozen process.
02-19 10:11:56.607   752   797 W IPCThreadState: Sending oneway calls to frozen process.
02-19 10:11:56.607   752   797 W IPCThreadState: Sending oneway calls to frozen process.
02-19 10:11:56.608   752   797 W IPCThreadState: Sending oneway calls to frozen process.
02-19 10:11:56.608   752   797 W IPCThreadState: Sending oneway calls to frozen process.
02-19 10:11:56.608   752   797 W IPCThreadState: Sending oneway calls to frozen process.
02-19 10:11:56.608   752   797 W IPCThreadState: Sending oneway calls to frozen process.
02-19 10:11:56.609   752   797 W IPCThreadState: Sending oneway calls to frozen process.
02-19 10:11:56.609   752   797 W IPCThreadState: Sending oneway calls to frozen process.
02-19 10:11:56.609   752   797 W IPCThreadState: Sending oneway calls to frozen process.
02-19 10:11:56.609   752   797 W IPCThreadState: Sending oneway calls to frozen process.
02-19 10:11:56.609   752   797 W IPCThreadState: Sending oneway calls to frozen process.
02-19 10:11:56.610   752   797 W IPCThreadState: Sending oneway calls to frozen process.
02-19 10:11:56.610   752   797 W IPCThreadState: Sending oneway calls to frozen process.
02-19 10:11:56.610   752   797 W IPCThreadState: Sending oneway calls to frozen process.
02-19 10:11:56.610   752   797 W IPCThreadState: Sending oneway calls to frozen process.
02-19 10:11:56.611   752   797 W ProcessStats: Tracking association SourceState{1b917ca system/1000 BFgs #10676} whose proc state 4 is better than process ProcessState{42c4ef0 com.google.android.ext.services/10208 pkg=com.google.android.ext.services} proc state 14 (5 skipped)
02-19 10:11:56.640 23227 23227 W dumpsys : Thread Pool max thread count is 0. Cannot cache binder as linkToDeath cannot be implemented. serviceName: window
02-19 10:11:56.649   752  2305 I system_server: AssetManager2(0x7d8fac47a258) locale list changing from [] to [en-US]
02-19 10:11:56.653   752  2305 I system_server: AssetManager2(0x7d8fac4879f8) locale list changing from [] to [en-US]
02-19 10:11:56.656   752  2305 I system_server: AssetManager2(0x7d8fac4892f8) locale list changing from [] to [en-US]
02-19 10:11:56.658   752  2305 I system_server: AssetManager2(0x7d8fac47caf8) locale list changing from [] to [en-US]
02-19 10:11:56.661   752  2305 I system_server: AssetManager2(0x7d8fac510578) locale list changing from [] to [en-US]
02-19 10:11:56.665   752  2305 I system_server: AssetManager2(0x7d8fac48abf8) locale list changing from [] to [en-US]
02-19 10:11:57.072   752  1856 E TaskPersister: File error accessing recents directory (directory doesn't exist?).
02-19 10:11:57.073  1336  1556 D SatelliteController: iisInCarrierRoamingNbIotNtn: satellite is disabled
02-19 10:11:57.124 23232 23232 W screencap: Thread Pool max thread count is 0. Cannot cache binder as linkToDeath cannot be implemented. serviceName: SurfaceFlingerAIDL
02-19 10:11:57.125 23232 23232 W BpBinder: Linking to death on android.gui.ISurfaceComposer but there are no threads (yet?) listening to incoming transactions. See ProcessState::startThreadPool and ProcessState::setThreadPoolMaxThreadCount. Generally you should setup the binder threadpool before other initialization steps.
02-19 10:11:57.126 23232 23232 W ProcessState: Extra binder thread started, but 0 threads requested. Do not use *startThreadPool when zero threads are requested.
02-19 10:11:57.131   531   603 E HwcComposer: getLuts failed Status(-8, EX_SERVICE_SPECIFIC): '8: '
02-19 10:11:57.131   531   603 E HWComposer: getLuts: getLuts failed for display 4619827259835644672: UNSUPPORTED (8)
