02-19 23:11:27.621   752   794 V WindowManager:     info={id=1301 t=OPEN f=0x0 trk=0 r=[0@Point(0, 0)] c=[
02-19 23:11:27.621   752   794 V WindowManager:         {WCT{RemoteToken{e43cc30 Task{ae066df #245 type=standard A=10217:viva.republica.toss.test}}} m=OPEN f=TRANSLUCENT leash=Surface(name=Task=245)/@0xa1b66ad sb=Rect(0, 0 - 1080, 2400) eb=Rect(0, 0 - 1080, 2400) epz=Point(1080, 2400) d=0 taskParent=-1}
02-19 23:11:27.621   752   794 V WindowManager:     ]}
02-19 23:11:27.622  4449  4463 V WindowManagerShell: onTransitionReady(transaction=3229815443624)
02-19 23:11:27.622  4449  4467 V WindowManagerShell: onTransitionReady (#1301) android.os.BinderProxy@edbc887: {id=1301 t=OPEN f=0x0 trk=0 r=[0@Point(0, 0)] c=[
02-19 23:11:27.622  4449  4467 V WindowManagerShell:         {m=OPEN f=TRANSLUCENT leash=Surface(name=Task=245)/@0x9971352 sb=Rect(0, 0 - 1080, 2400) eb=Rect(0, 0 - 1080, 2400) epz=Point(1080, 2400) d=0 taskParent=-1}
02-19 23:11:27.622  4449  4467 V WindowManagerShell:     ]}
02-19 23:11:27.624  4449  4467 V WindowManagerShell: Playing animation for (#1301) android.os.BinderProxy@edbc887@0
02-19 23:11:27.625  4449  4467 V ShellRecents: RecentsTransitionHandler.startAnimation: no controller found
02-19 23:11:27.631  4449  4467 V WindowManagerShell: Transition doesn't have explicit remote, search filters for match for {id=1301 t=OPEN f=0x0 trk=0 r=[0@Point(0, 0)] c=[{m=OPEN f=TRANSLUCENT leash=Surface(name=Task=245)/@0x9971352 sb=Rect(0, 0 - 1080, 2400) eb=Rect(0, 0 - 1080, 2400) epz=Point(1080, 2400) d=0 taskParent=-1}]}
02-19 23:11:27.631  4449  4467 V WindowManagerShell:  Checking filter Pair{{types=[] flags=0x0] notFlags=0x0 checks=[{atype=undefined independent=true modes=[CLOSE,TO_BACK] flags=IN_TASK_WITH_EMBEDDED_ACTIVITY mustBeTask=false order=ANY topActivity=null launchCookie=null taskFragmentToken=android.os.BinderProxy@71546f0 windowingMode=undefined}]} RemoteTransition { remoteTransition = android.window.IRemoteTransition$Stub$Proxy@d4c8469, appThread = android.app.IApplicationThread$Stub$Proxy@c228eee, debugName = overlayBackTransition }}
02-19 23:11:27.632  4449  4467 V WindowManagerShell:  Checking filter Pair{{types=[] flags=0x0] notFlags=0x0 checks=[{atype=dream independent=true modes=[OPEN,TO_FRONT] flags=NONE mustBeTask=false order=ANY topActivity=null launchCookie=null windowingMode=undefined},{atype=home independent=true modes=[CLOSE,TO_BACK] flags=NONE mustBeTask=false order=ANY topActivity=null launchCookie=null windowingMode=undefined}]} RemoteTransition { remoteTransition = android.window.IRemoteTransition$Stub$Proxy@c578f8f, appThread = android.app.IApplicationThread$Stub$Proxy@69fe21c, debugName = LauncherToDream }}
02-19 23:11:27.634  4449  4467 V WindowManagerShell:  Checking filter Pair{{types=[] flags=0x0] notFlags=0x100 checks=[{atype=home independent=true modes=[OPEN,TO_FRONT] flags=NONE mustBeTask=false order=TOP topActivity=ComponentInfo{com.google.android.apps.nexuslauncher/com.google.android.apps.nexuslauncher.NexusLauncherActivity} launchCookie=null windowingMode=undefined},{atype=standard independent=true modes=[CLOSE,TO_BACK] flags=NONE mustBeTask=false order=ANY topActivity=null launchCookie=null windowingMode=undefined},{NOT atype=undefined independent=true modes=[] flags=NONE mustBeTask=true order=ANY topActivity=null launchCookie=null customAnim=true windowingMode=undefined}]} RemoteTransition { remoteTransition = android.window.IRemoteTransition$Stub$Proxy@69ffe25, appThread = android.app.IApplicationThread$Stub$Proxy@72cabfa, debugName = QuickstepLaunchHome }}
02-19 23:11:27.635  4449  4467 V WindowManagerShell:  Checking filter Pair{{types=[] flags=0x0] notFlags=0x0 checks=[{atype=undefined independent=true modes=[CLOSE,TO_BACK] flags=IN_TASK_WITH_EMBEDDED_ACTIVITY mustBeTask=false order=ANY topActivity=null launchCookie=null taskFragmentToken=android.os.BinderProxy@71546f0 windowingMode=undefined}]} RemoteTransition { remoteTransition = android.window.IRemoteTransition$Stub$Proxy@7c795ab, appThread = android.app.IApplicationThread$Stub$Proxy@cd70408, debugName = overlayBackTransition }}
02-19 23:11:27.637  4449  4467 V WindowManagerShell:  Checking filter Pair{{types=[] flags=0x0] notFlags=0x0 checks=[{atype=dream independent=true modes=[OPEN,TO_FRONT] flags=NONE mustBeTask=false order=ANY topActivity=null launchCookie=null windowingMode=undefined},{atype=home independent=true modes=[CLOSE,TO_BACK] flags=NONE mustBeTask=false order=ANY topActivity=null launchCookie=null windowingMode=undefined}]} RemoteTransition { remoteTransition = android.window.IRemoteTransition$Stub$Proxy@f757a1, appThread = android.app.IApplicationThread$Stub$Proxy@d898dc6, debugName = LauncherToDream }}
02-19 23:11:27.637  4449  4467 V WindowManagerShell:  Checking filter Pair{{types=[] flags=0x0] notFlags=0x100 checks=[{atype=home independent=true modes=[OPEN,TO_FRONT] flags=NONE mustBeTask=false order=TOP topActivity=ComponentInfo{com.google.android.apps.nexuslauncher/com.google.android.apps.nexuslauncher.NexusLauncherActivity} launchCookie=null windowingMode=undefined},{atype=standard independent=true modes=[CLOSE,TO_BACK] flags=NONE mustBeTask=false order=ANY topActivity=null launchCookie=null windowingMode=undefined},{NOT atype=undefined independent=true modes=[] flags=NONE mustBeTask=true order=ANY topActivity=null launchCookie=null customAnim=true windowingMode=undefined}]} RemoteTransition { remoteTransition = android.window.IRemoteTransition$Stub$Proxy@9e7e187, appThread = android.app.IApplicationThread$Stub$Proxy@3dc58b4, debugName = QuickstepLaunchHome }}
02-19 23:11:27.638  4449  4467 V WindowManagerShell:  Delegate animation for (#1301) to null
02-19 23:11:27.650  4449  4467 V WindowManagerShell: start default transition animation, info = {id=1301 t=OPEN f=0x0 trk=0 r=[0@Point(0, 0)] c=[{m=OPEN f=TRANSLUCENT leash=Surface(name=Task=245)/@0x9971352 sb=Rect(0, 0 - 1080, 2400) eb=Rect(0, 0 - 1080, 2400) epz=Point(1080, 2400) d=0 taskParent=-1}]}
02-19 23:11:27.650  4449  4467 V WindowManagerShell: loadAnimation: anim=android.view.animation.AnimationSet@ab417f animAttr=0x4 type=OPEN isEntrance=true
02-19 23:11:27.658  4449  4467 V WindowManagerShell:  animated by com.android.wm.shell.transition.DefaultTransitionHandler@f74d823
02-19 23:11:27.753   752   989 I ImeTracker: viva.republica.toss.test:1237aaf1: onRequestHide at ORIGIN_SERVER reason HIDE_UNSPECIFIED_WINDOW fromUser false
02-19 23:11:27.762 15048 15048 D InsetsController: hide(ime(), fromIme=false)
02-19 23:11:27.763 15048 15048 I ImeTracker: viva.republica.toss.test:1237aaf1: onCancelled at PHASE_CLIENT_ALREADY_HIDDEN
02-19 23:11:27.964   752  1848 V GrammaticalInflectionUtils: AttributionSource: android.content.AttributionSource@56784557 does not have READ_SYSTEM_GRAMMATICAL_GENDER permission.
02-19 23:11:28.043 20022 20022 I GoogleInputMethodService: GoogleInputMethodService.onFinishInput():2043 
02-19 23:11:28.056 20022 20022 I Module  : DeviceLockedStatusModuleProvider$Module.updateDeviceLockedStatus():100 repeatCheckTimes = 0, locked = false
02-19 23:11:28.069   752  1848 W OptProp : Cannot read opt property android.window.PROPERTY_COMPAT_ALLOW_USER_ASPECT_RATIO_OVERRIDE
02-19 23:11:28.070   752  1848 W OptProp : Cannot read opt property android.window.PROPERTY_COMPAT_ALLOW_USER_ASPECT_RATIO_FULLSCREEN_OVERRIDE
02-19 23:11:28.070   752  1848 W OptProp : Cannot read opt property android.window.PROPERTY_COMPAT_ALLOW_RESIZEABLE_ACTIVITY_OVERRIDES
02-19 23:11:28.071   752  1848 W OptProp : Cannot read opt property android.window.PROPERTY_COMPAT_ALLOW_MIN_ASPECT_RATIO_OVERRIDE
02-19 23:11:28.082 20022 20022 I GoogleInputMethodService: GoogleInputMethodService.onStartInput():1293 onStartInput(EditorInfo{EditorInfo{packageName=viva.republica.toss.test, inputType=0, inputTypeString=NULL, enableLearning=false, autoCorrection=false, autoComplete=false, imeOptions=0, privateImeOptions=null, actionName=UNSPECIFIED, actionLabel=null, initialSelStart=-1, initialSelEnd=-1, initialCapsMode=0, label=null, fieldId=0, fieldName=null, extras=null, hintText=null, hintLocales=[]}}, false)
02-19 23:11:28.084 20022 20022 I EmojiCompatManager: EmojiCompatManager.getEmojiCompatIfLoaded():343 EmojiCompat.init() was never called.
02-19 23:11:28.084 20022 20022 I EmojiCompatManager: java.lang.IllegalStateException: EmojiCompat is not initialized. Please call EmojiCompat.init() first
02-19 23:11:28.084 20022 20022 I EmojiCompatManager: 	at asx.p(PG:6)
02-19 23:11:28.084 20022 20022 I EmojiCompatManager: 	at axb.b(PG:13)
02-19 23:11:28.084 20022 20022 I EmojiCompatManager: 	at jnr.b(PG:2)
02-19 23:11:28.084 20022 20022 I EmojiCompatManager: 	at jnr.c(PG:4)
02-19 23:11:28.084 20022 20022 I EmojiCompatManager: 	at jnr.f(PG:3)
02-19 23:11:28.084 20022 20022 I EmojiCompatManager: 	at jnx.c(PG:3)
02-19 23:11:28.084 20022 20022 I EmojiCompatManager: 	at kif.cz(PG:47)
02-19 23:11:28.084 20022 20022 I EmojiCompatManager: 	at lhl.run(PG:1025)
02-19 23:11:28.084 20022 20022 I EmojiCompatManager: 	at jaf.execute(PG:12)
02-19 23:11:28.084 20022 20022 I EmojiCompatManager: 	at nco.v(PG:13)
02-19 23:11:28.084 20022 20022 I EmojiCompatManager: 	at lhn.m(PG:96)
02-19 23:11:28.084 20022 20022 I EmojiCompatManager: 	at lhn.k(PG:25)
02-19 23:11:28.084 20022 20022 I EmojiCompatManager: 	at kgn.onStartInput(PG:250)
02-19 23:11:28.084 20022 20022 I EmojiCompatManager: 	at android.inputmethodservice.InputMethodService.doStartInput(InputMethodService.java:3521)
02-19 23:11:28.084 20022 20022 I EmojiCompatManager: 	at android.inputmethodservice.InputMethodService$InputMethodImpl.startInput(InputMethodService.java:879)
02-19 23:11:28.084 20022 20022 I EmojiCompatManager: 	at android.inputmethodservice.InputMethodService$InputMethodImpl.dispatchStartInput(InputMethodService.java:908)
02-19 23:11:28.084 20022 20022 I EmojiCompatManager: 	at android.inputmethodservice.IInputMethodWrapper.executeMessage(IInputMethodWrapper.java:201)
02-19 23:11:28.084 20022 20022 I EmojiCompatManager: 	at com.android.internal.os.HandlerCaller$MyHandler.handleMessage(HandlerCaller.java:44)
02-19 23:11:28.084 20022 20022 I EmojiCompatManager: 	at android.os.Handler.dispatchMessage(Handler.java:110)
02-19 23:11:28.084 20022 20022 I EmojiCompatManager: 	at android.os.Looper.loopOnce(Looper.java:248)
02-19 23:11:28.084 20022 20022 I EmojiCompatManager: 	at android.os.Looper.loop(Looper.java:338)
02-19 23:11:28.084 20022 20022 I EmojiCompatManager: 	at android.app.ActivityThread.main(ActivityThread.java:9067)
02-19 23:11:28.084 20022 20022 I EmojiCompatManager: 	at java.lang.reflect.Method.invoke(Native Method)
02-19 23:11:28.084 20022 20022 I EmojiCompatManager: 	at com.android.internal.os.RuntimeInit$MethodAndArgsCaller.run(RuntimeInit.java:593)
02-19 23:11:28.084 20022 20022 I EmojiCompatManager: 	at com.android.internal.os.ZygoteInit.main(ZygoteInit.java:932)
02-19 23:11:28.085 20022 20022 I Module  : DeviceLockedStatusModuleProvider$Module.updateDeviceLockedStatus():100 repeatCheckTimes = 1, locked = false
02-19 23:11:28.086   752  1509 W PackageConfigPersister: App-specific configuration not found for packageName: viva.republica.toss.test and userId: 0
02-19 23:11:28.320  4449  4467 V WindowManagerShell: Transition animation finished (aborted=false), notifying core (#1301) android.os.BinderProxy@edbc887@0
02-19 23:11:28.348   752  1848 W OptProp : Cannot read opt property android.window.PROPERTY_COMPAT_ALLOW_ORIENTATION_OVERRIDE
02-19 23:11:28.365   752  1848 I ActivityTaskManager: START u0 {act=android.intent.action.VIEW dat=intoss://takealook/... xflg=0x4 cmp=viva.republica.toss.test/im.toss.rn.granite.core.GraniteActivity (has extras)} with LAUNCH_MULTIPLE from uid 10217 (sr=244707710) (BAL_ALLOW_VISIBLE_WINDOW) result code=0
02-19 23:11:28.366   531   549 I BpBinder: onLastStrongRef automatically unlinking death recipients: 
02-19 23:11:28.367   752  2503 I ImeTracker: system_server:1ffb5ed8: onRequestHide at ORIGIN_SERVER reason IME_REQUESTED_CHANGED_LISTENER fromUser false
02-19 23:11:28.367   752   797 I ImeTracker: system_server:1ffb5ed8: onCancelled at PHASE_SERVER_SHOULD_HIDE
02-19 23:11:28.368   752   794 V WindowManager: Finish Transition (#1301): created at 02-19 23:11:27.341 collect-started=0.285ms request-sent=21.35ms started=24.719ms ready=59.814ms sent=234.879ms commit=102.268ms finished=1026.038ms
02-19 23:11:28.370  4449  4467 V WindowManagerShell: Track 0 became idle
02-19 23:11:28.370  4449  4467 V WindowManagerShell: All active transition animations finished
02-19 23:11:28.370  4449  4467 V WindowManagerShell: Transition requested (#1302): android.os.BinderProxy@fde5995 TransitionRequestInfo { type = OPEN, triggerTask = TaskInfo{userId=0 taskId=245 effectiveUid=10217 displayId=0 isRunning=true baseIntent=Intent { act=android.intent.action.VIEW dat=intoss://takealook/... flg=0x10000000 pkg=viva.republica.toss.test cmp=viva.republica.toss.test/.MiniAppSchemeActivity } baseActivity=ComponentInfo{viva.republica.toss.test/viva.republica.toss.test.MiniAppSchemeActivity} topActivity=ComponentInfo{viva.republica.toss.test/im.toss.rn.granite.core.GraniteActivity} origActivity=null realActivity=ComponentInfo{viva.republica.toss.test/viva.republica.toss.test.MiniAppSchemeActivity} numActivities=2 lastActiveTime=121762207 supportsMultiWindow=true resizeMode=1 isResizeable=true minWidth=-1 minHeight=-1 defaultMinSize=220 token=WCT{android.window.IWindowContainerToken$Stub$Proxy@f35baaa} topActivityType=1 pictureInPictureParams=null shouldDockBigOverlays=false launchIntoPipHostTaskId=-1 lastParentTaskIdBeforePip=-1 displayCutoutSafeInsets=Rect(0, 0 - 0, 0) topActivityInfo=ActivityInfo{23c769b im.toss.rn.granite.core.GraniteActivity} launchCookies=[] positionInParent=Point(0, 0) parentTaskId=-1 isFocused=true isVisible=true isVisibleRequested=true isTopActivityNoDisplay=false isSleeping=false locusId=null displayAreaFeatureId=1 isTopActivityTransparent=false isActivityStackTransparent=false lastNonFullscreenBounds=Rect(284, 660 - 796, 1740) capturedLink=null capturedLinkTimestamp=0 requestedVisibleTypes=-9 topActivityRequestOpenInBrowserEducationTimestamp=0 appCompatTaskInfo=AppCompatTaskInfo { topActivityInSizeCompat=false eligibleForLetterboxEducation= false isLetterboxEducationEnabled= true isLetterboxDoubleTapEnabled= false eligibleForUserAspectRatioButton= false topActivityBoundsLetterboxed= false isFromLetterboxDoubleTap= false topActivityLetterboxVerticalPosition= -1 topActivityLetterboxHorizontalPosition= -1 topActivityLetterboxWidth=-1 topActivityLetterboxHeight=-1 topActivityAppBounds=Rect(0, 0 - 1080, 2400) isUserFullscreenOverrideEnabled=false isSystemFullscreenOverrideEnabled=false hasMinAspectRatioOverride=false topActivityLetterboxBounds=null cameraCompatTaskInfo=CameraCompatTaskInfo { freeformCameraCompatMode=inactive}} topActivityMainWindowFrame=null}, pipChange = null, remoteTransition = null, displayChange = null, flags = 0, debugId = 1302 }
02-19 23:11:28.371  4449  4467 D ShellSplitScreen: logExit: no-op, mLoggerSessionId is null
02-19 23:11:28.384   752  2503 W OptProp : Cannot read opt property android.window.PROPERTY_COMPAT_ENABLE_FAKE_FOCUS
02-19 23:11:28.392   752  1095 D BackgroundInstallControlService: Package event received: 0
02-19 23:11:28.407   752  1095 D BackgroundInstallControlService: Package event received: 0
02-19 23:11:28.408   752  1095 D BackgroundInstallControlService: Package event received: 0
02-19 23:11:28.432   752   797 W ProcessStats: Tracking association SourceState{1b917ca system/1000 BFgs #30657} whose proc state 4 is better than process ProcessState{42c4ef0 com.google.android.ext.services/10208 pkg=com.google.android.ext.services} proc state 14 (18 skipped)
02-19 23:11:30.182   531   569 W EventThread: Faking VSYNC due to driver stall for thread appSf
02-19 23:11:30.183   531   568 W EventThread: Faking VSYNC due to driver stall for thread app
02-19 23:11:30.190   531   531 I BpBinder: onLastStrongRef automatically unlinking death recipients: 
02-19 23:11:30.198   752   969 D ActivityManager: freezing 19378 com.google.android.webview:webview_service
02-19 23:11:30.222 15048 15139 W okhttp.OkHttpClient: A connection to http://localhost:8081/ was leaked. Did you forget to close a response body? To see where this was allocated, set the OkHttpClient logger level to FINE: Logger.getLogger(OkHttpClient.class.getName()).setLevel(Level.FINE);
02-19 23:11:30.293 15264 15264 W dumpsys : Thread Pool max thread count is 0. Cannot cache binder as linkToDeath cannot be implemented. serviceName: window
02-19 23:11:30.301   752   780 D CoreBackPreview: Window{7baa160 u0 viva.republica.toss.test/im.toss.rn.granite.core.GraniteActivity}: Setting back callback OnBackInvokedCallbackInfo{mCallback=android.window.IOnBackInvokedCallback$Stub$Proxy@33c06de, mPriority=0, mIsAnimationCallback=false, mOverrideBehavior=0}
02-19 23:11:30.302 15048 15048 W unknown:ReactRootView: Unable to update root layout specs for uninitialized ReactInstanceManager
02-19 23:11:30.307   752  1029 D InetDiagMessage: Destroyed 0 sockets, proto=IPPROTO_TCP, family=AF_INET, states=14
02-19 23:11:30.309   752  1029 D InetDiagMessage: Destroyed 0 sockets, proto=IPPROTO_TCP, family=AF_INET6, states=14
02-19 23:11:30.310   752  1029 D InetDiagMessage: Destroyed live tcp sockets for uids={10168} in 5ms
02-19 23:11:30.476 15048 15053 I blica.toss.test: NativeAlloc concurrent mark compact GC freed 4094KB AllocSpace bytes, 3(120KB) LOS objects, 49% free, 18MB/36MB, paused 9.722ms,5.570ms total 202.543ms
02-19 23:11:30.509  4449  4501 V WindowManagerShell: onTransitionReady(transaction=3229815443640)
02-19 23:11:30.510  4449  4467 V WindowManagerShell: onTransitionReady (#1302) android.os.BinderProxy@fde5995: {id=1302 t=OPEN f=0x0 trk=1 r=[0@Point(0, 0)] c=[
02-19 23:11:30.510  4449  4467 V WindowManagerShell:         {m=OPEN f=FILLS_TASK leash=Surface(name=ActivityRecord{258981477 u0 viva.republica.toss.test/im.toss.rn.granite.core.GraniteActivity)/@0x6c3ea38 sb=Rect(0, 0 - 0, 0) eb=Rect(0, 0 - 1080, 2400) epz=Point(1080, 2400) d=-1->0 r=-1->0:-1 bc=ffffffff component=viva.republica.toss.test/im.toss.rn.granite.core.GraniteActivity},
02-19 23:11:30.510  4449  4467 V WindowManagerShell:         {m=CLOSE f=TRANSLUCENT|FILLS_TASK leash=Surface(name=ActivityRecord{244707710 u0 viva.republica.toss.test/.MiniAppSchemeActivity)/@0x217fa11 sb=Rect(0, 0 - 1080, 2400) eb=Rect(0, 0 - 1080, 2400) epz=Point(1080, 2400) d=0 bc=ffffffff component=viva.republica.toss.test/.MiniAppSchemeActivity},
02-19 23:11:30.510  4449  4467 V WindowManagerShell:         {m=TO_BACK f=SHOW_WALLPAPER leash=Surface(name=Task=1)/@0xc8cd776 sb=Rect(0, 0 - 1080, 2400) eb=Rect(0, 0 - 1080, 2400) epz=Point(1080, 2400) d=0 taskParent=-1},
02-19 23:11:30.510  4449  4467 V WindowManagerShell:         {m=TO_BACK f=IS_WALLPAPER leash=Surface(name=WallpaperWindowToken{35e0c0f showWhenLocked=false})/@0xce1e177 sb=Rect(0, 0 - 1080, 2400) eb=Rect(0, 0 - 1080, 2400) epz=Point(1080, 2400) d=0}
02-19 23:11:30.510  4449  4467 V WindowManagerShell:     ]}
02-19 23:11:30.512   752   794 I ActivityTaskManager: Displayed viva.republica.toss.test/im.toss.rn.granite.core.GraniteActivity for user 0: +2s540ms
02-19 23:11:30.513   752   794 V WindowManager: Sent Transition (#1302) createdAt=02-19 23:11:28.071 via request=TransitionRequestInfo { type = OPEN, triggerTask = TaskInfo{userId=0 taskId=245 effectiveUid=10217 displayId=0 isRunning=true baseIntent=Intent { act=android.intent.action.VIEW dat=intoss://takealook/... flg=0x10000000 pkg=viva.republica.toss.test cmp=viva.republica.toss.test/.MiniAppSchemeActivity } baseActivity=ComponentInfo{viva.republica.toss.test/viva.republica.toss.test.MiniAppSchemeActivity} topActivity=ComponentInfo{viva.republica.toss.test/im.toss.rn.granite.core.GraniteActivity} origActivity=null realActivity=ComponentInfo{viva.republica.toss.test/viva.republica.toss.test.MiniAppSchemeActivity} numActivities=2 lastActiveTime=121762207 supportsMultiWindow=true resizeMode=1 isResizeable=true minWidth=-1 minHeight=-1 defaultMinSize=220 token=WCT{RemoteToken{e43cc30 Task{ae066df #245 type=standard A=10217:viva.republica.toss.test}}} topActivityType=1 pictureInPictureParams=null shouldDockBigOverlays=false launchIntoPipHostTaskId=-1 lastParentTaskIdBeforePip=-1 displayCutoutSafeInsets=Rect(0, 0 - 0, 0) topActivityInfo=ActivityInfo{165e38e im.toss.rn.granite.core.GraniteActivity} launchCookies=[] positionInParent=Point(0, 0) parentTaskId=-1 isFocused=true isVisible=true isVisibleRequested=true isTopActivityNoDisplay=false isSleeping=false locusId=null displayAreaFeatureId=1 isTopActivityTransparent=false isActivityStackTransparent=false lastNonFullscreenBounds=Rect(284, 660 - 796, 1740) capturedLink=null capturedLinkTimestamp=0 requestedVisibleTypes=-9 topActivityRequestOpenInBrowserEducationTimestamp=0 appCompatTaskInfo=AppCompatTaskInfo { topActivityInSizeCompat=false eligibleForLetterboxEducation= false isLetterboxEducationEnabled= true isLetterboxDoubleTapEnabled= false eligibleForUserAspectRatioButton= false topActivityBoundsLetterboxed= false isFromLetterboxDoubleTap= false topActivityLetterboxVerticalPosition= -1 topActivityLetterboxHorizontalPosition= -1 topActivityLetterboxWidth=-1 topActivityLetterboxHeight=-1 topActivityAppBounds=Rect(0, 0 - 1080, 2400) isUserFullscreenOverrideEnabled=false isSystemFullscreenOverrideEnabled=false hasMinAspectRatioOverride=false topActivityLetterboxBounds=null cameraCompatTaskInfo=CameraCompatTaskInfo { freeformCameraCompatMode=inactive}} topActivityMainWindowFrame=null}, pipChange = null, remoteTransition = null, displayChange = null, flags = 0, debugId = 1302 }
02-19 23:11:30.514   752   794 V WindowManager:     startWCT=WindowContainerTransaction { changes= {} hops= [] errorCallbackToken=null taskFragmentOrganizer=null }
02-19 23:11:30.514   752   794 V WindowManager:     info={id=1302 t=OPEN f=0x0 trk=1 r=[0@Point(0, 0)] c=[
02-19 23:11:30.514   752   794 V WindowManager:         {m=OPEN f=FILLS_TASK leash=Surface(name=ActivityRecord{258981477 u0 viva.republica.toss.test/im.toss.rn.granite.core.GraniteActivity)/@0x215bf8d sb=Rect(0, 0 - 0, 0) eb=Rect(0, 0 - 1080, 2400) epz=Point(1080, 2400) d=-1->0 r=-1->0:-1 bc=ffffffff component=viva.republica.toss.test/im.toss.rn.granite.core.GraniteActivity},
02-19 23:11:30.514   752   794 V WindowManager:         {m=CLOSE f=TRANSLUCENT|FILLS_TASK leash=Surface(name=ActivityRecord{244707710 u0 viva.republica.toss.test/.MiniAppSchemeActivity)/@0x8c7a824 sb=Rect(0, 0 - 1080, 2400) eb=Rect(0, 0 - 1080, 2400) epz=Point(1080, 2400) d=0 bc=ffffffff component=viva.republica.toss.test/.MiniAppSchemeActivity},
02-19 23:11:30.514   752   794 V WindowManager:         {WCT{RemoteToken{5218fe8 Task{dd43522 #1 type=home}}} m=TO_BACK f=SHOW_WALLPAPER leash=Surface(name=Task=1)/@0x8ddbd2e sb=Rect(0, 0 - 1080, 2400) eb=Rect(0, 0 - 1080, 2400) epz=Point(1080, 2400) d=0 taskParent=-1},
02-19 23:11:30.514   752   794 V WindowManager:         {m=TO_BACK f=IS_WALLPAPER leash=Surface(name=WallpaperWindowToken{35e0c0f showWhenLocked=false})/@0x512f5be sb=Rect(0, 0 - 1080, 2400) eb=Rect(0, 0 - 1080, 2400) epz=Point(1080, 2400) d=0}
02-19 23:11:30.514   752   794 V WindowManager:     ]}
02-19 23:11:30.515  4449  4467 V WindowManagerShell: Playing animation for (#1302) android.os.BinderProxy@fde5995@1
02-19 23:11:30.517  4449  4467 V ShellRecents: RecentsTransitionHandler.startAnimation: no controller found
02-19 23:11:30.523  4449  4467 V WindowManagerShell: Transition doesn't have explicit remote, search filters for match for {id=1302 t=OPEN f=0x0 trk=1 r=[0@Point(0, 0)] c=[{m=OPEN f=FILLS_TASK leash=Surface(name=ActivityRecord{258981477 u0 viva.republica.toss.test/im.toss.rn.granite.core.GraniteActivity)/@0x6c3ea38 sb=Rect(0, 0 - 0, 0) eb=Rect(0, 0 - 1080, 2400) epz=Point(1080, 2400) d=-1->0 r=-1->0:-1 bc=ffffffff component=viva.republica.toss.test/im.toss.rn.granite.core.GraniteActivity},{m=CLOSE f=TRANSLUCENT|FILLS_TASK leash=Surface(name=ActivityRecord{244707710 u0 viva.republica.toss.test/.MiniAppSchemeActivity)/@0x217fa11 sb=Rect(0, 0 - 1080, 2400) eb=Rect(0, 0 - 1080, 2400) epz=Point(1080, 2400) d=0 bc=ffffffff component=viva.republica.toss.test/.MiniAppSchemeActivity},{m=TO_BACK f=SHOW_WALLPAPER leash=Surface(name=Task=1)/@0xc8cd776 sb=Rect(0, 0 - 1080, 2400) eb=Rect(0, 0 - 1080, 2400) epz=Point(1080, 2400) d=0 taskParent=-1},{m=TO_BACK f=IS_WALLPAPER leash=Surface(name=WallpaperWindowToken{35e0c0f showWhenLocked=false})/@0xce1e177 sb=Rect(0, 0 - 1080, 2400) eb=Rect(0, 0 - 1080, 2400) epz=Point(1080, 2400) d=0}]}
02-19 23:11:30.523  4449  4467 V WindowManagerShell:  Checking filter Pair{{types=[] flags=0x0] notFlags=0x0 checks=[{atype=undefined independent=true modes=[CLOSE,TO_BACK] flags=IN_TASK_WITH_EMBEDDED_ACTIVITY mustBeTask=false order=ANY topActivity=null launchCookie=null taskFragmentToken=android.os.BinderProxy@71546f0 windowingMode=undefined}]} RemoteTransition { remoteTransition = android.window.IRemoteTransition$Stub$Proxy@d4c8469, appThread = android.app.IApplicationThread$Stub$Proxy@c228eee, debugName = overlayBackTransition }}
02-19 23:11:30.523  4449  4467 V WindowManagerShell:  Checking filter Pair{{types=[] flags=0x0] notFlags=0x0 checks=[{atype=dream independent=true modes=[OPEN,TO_FRONT] flags=NONE mustBeTask=false order=ANY topActivity=null launchCookie=null windowingMode=undefined},{atype=home independent=true modes=[CLOSE,TO_BACK] flags=NONE mustBeTask=false order=ANY topActivity=null launchCookie=null windowingMode=undefined}]} RemoteTransition { remoteTransition = android.window.IRemoteTransition$Stub$Proxy@c578f8f, appThread = android.app.IApplicationThread$Stub$Proxy@69fe21c, debugName = LauncherToDream }}
02-19 23:11:30.524  4449  4467 V WindowManagerShell:  Checking filter Pair{{types=[] flags=0x0] notFlags=0x100 checks=[{atype=home independent=true modes=[OPEN,TO_FRONT] flags=NONE mustBeTask=false order=TOP topActivity=ComponentInfo{com.google.android.apps.nexuslauncher/com.google.android.apps.nexuslauncher.NexusLauncherActivity} launchCookie=null windowingMode=undefined},{atype=standard independent=true modes=[CLOSE,TO_BACK] flags=NONE mustBeTask=false order=ANY topActivity=null launchCookie=null windowingMode=undefined},{NOT atype=undefined independent=true modes=[] flags=NONE mustBeTask=true order=ANY topActivity=null launchCookie=null customAnim=true windowingMode=undefined}]} RemoteTransition { remoteTransition = android.window.IRemoteTransition$Stub$Proxy@69ffe25, appThread = android.app.IApplicationThread$Stub$Proxy@72cabfa, debugName = QuickstepLaunchHome }}
02-19 23:11:30.524  4449  4467 V WindowManagerShell:  Checking filter Pair{{types=[] flags=0x0] notFlags=0x0 checks=[{atype=undefined independent=true modes=[CLOSE,TO_BACK] flags=IN_TASK_WITH_EMBEDDED_ACTIVITY mustBeTask=false order=ANY topActivity=null launchCookie=null taskFragmentToken=android.os.BinderProxy@71546f0 windowingMode=undefined}]} RemoteTransition { remoteTransition = android.window.IRemoteTransition$Stub$Proxy@7c795ab, appThread = android.app.IApplicationThread$Stub$Proxy@cd70408, debugName = overlayBackTransition }}
02-19 23:11:30.524  4449  4467 V WindowManagerShell:  Checking filter Pair{{types=[] flags=0x0] notFlags=0x0 checks=[{atype=dream independent=true modes=[OPEN,TO_FRONT] flags=NONE mustBeTask=false order=ANY topActivity=null launchCookie=null windowingMode=undefined},{atype=home independent=true modes=[CLOSE,TO_BACK] flags=NONE mustBeTask=false order=ANY topActivity=null launchCookie=null windowingMode=undefined}]} RemoteTransition { remoteTransition = android.window.IRemoteTransition$Stub$Proxy@f757a1, appThread = android.app.IApplicationThread$Stub$Proxy@d898dc6, debugName = LauncherToDream }}
02-19 23:11:30.525  4449  4467 V WindowManagerShell:  Checking filter Pair{{types=[] flags=0x0] notFlags=0x100 checks=[{atype=home independent=true modes=[OPEN,TO_FRONT] flags=NONE mustBeTask=false order=TOP topActivity=ComponentInfo{com.google.android.apps.nexuslauncher/com.google.android.apps.nexuslauncher.NexusLauncherActivity} launchCookie=null windowingMode=undefined},{atype=standard independent=true modes=[CLOSE,TO_BACK] flags=NONE mustBeTask=false order=ANY topActivity=null launchCookie=null windowingMode=undefined},{NOT atype=undefined independent=true modes=[] flags=NONE mustBeTask=true order=ANY topActivity=null launchCookie=null customAnim=true windowingMode=undefined}]} RemoteTransition { remoteTransition = android.window.IRemoteTransition$Stub$Proxy@9e7e187, appThread = android.app.IApplicationThread$Stub$Proxy@3dc58b4, debugName = QuickstepLaunchHome }}
02-19 23:11:30.525  4449  4467 V WindowManagerShell:  Delegate animation for (#1302) to null
02-19 23:11:30.526  4449  4467 V WindowManagerShell: start default transition animation, info = {id=1302 t=OPEN f=0x0 trk=1 r=[0@Point(0, 0)] c=[{m=OPEN f=FILLS_TASK leash=Surface(name=ActivityRecord{258981477 u0 viva.republica.toss.test/im.toss.rn.granite.core.GraniteActivity)/@0x6c3ea38 sb=Rect(0, 0 - 0, 0) eb=Rect(0, 0 - 1080, 2400) epz=Point(1080, 2400) d=-1->0 r=-1->0:-1 bc=ffffffff component=viva.republica.toss.test/im.toss.rn.granite.core.GraniteActivity},{m=CLOSE f=TRANSLUCENT|FILLS_TASK leash=Surface(name=ActivityRecord{244707710 u0 viva.republica.toss.test/.MiniAppSchemeActivity)/@0x217fa11 sb=Rect(0, 0 - 1080, 2400) eb=Rect(0, 0 - 1080, 2400) epz=Point(1080, 2400) d=0 bc=ffffffff component=viva.republica.toss.test/.MiniAppSchemeActivity},{m=TO_BACK f=SHOW_WALLPAPER leash=Surface(name=Task=1)/@0xc8cd776 sb=Rect(0, 0 - 1080, 2400) eb=Rect(0, 0 - 1080, 2400) epz=Point(1080, 2400) d=0 taskParent=-1},{m=TO_BACK f=IS_WALLPAPER leash=Surface(name=WallpaperWindowToken{35e0c0f showWhenLocked=false})/@0xce1e177 sb=Rect(0, 0 - 1080, 2400) eb=Rect(0, 0 - 1080, 2400) epz=Point(1080, 2400) d=0}]}
02-19 23:11:30.545  4449  4467 V WindowManagerShell: loadAnimation: anim=android.view.animation.AnimationSet@b66f502 animAttr=0x13 type=OPEN isEntrance=false
02-19 23:11:30.546  4449  4467 V WindowManagerShell: loadAnimation: anim=android.view.animation.AnimationSet@fbdc850 animAttr=0x13 type=OPEN isEntrance=false
02-19 23:11:30.553  4449  4467 V WindowManagerShell: loadAnimation: anim=android.view.animation.AnimationSet@a3f197c animAttr=0x12 type=OPEN isEntrance=true
02-19 23:11:30.554 15048 15270 W unknown:ReconnectingWebSocket: Couldn't connect to "ws://10.0.2.2:8081/message?device=sdk_gphone64_x86_64%20-%2016%20-%20API%2036&app=viva.republica.toss.test&clientid=BridgeDevSupportManager", will silently retry
02-19 23:11:30.567   752   797 W IPCThreadState: Sending oneway calls to frozen process.
02-19 23:11:30.570   752   797 W IPCThreadState: Sending oneway calls to frozen process.
02-19 23:11:30.570  4449  4467 V WindowManagerShell:  animated by com.android.wm.shell.transition.DefaultTransitionHandler@f74d823
02-19 23:11:30.572 15048 15271 W unknown:InspectorPackagerConnection: Couldn't connect to packager, will silently retry
02-19 23:11:30.590   752   797 W IPCThreadState: Sending oneway calls to frozen process.
02-19 23:11:30.610   752   797 W IPCThreadState: Sending oneway calls to frozen process.
02-19 23:11:30.611   752   797 W IPCThreadState: Sending oneway calls to frozen process.
02-19 23:11:30.613   752   797 W IPCThreadState: Sending oneway calls to frozen process.
02-19 23:11:30.614   752   797 W IPCThreadState: Sending oneway calls to frozen process.
02-19 23:11:30.614   752   797 W IPCThreadState: Sending oneway calls to frozen process.
02-19 23:11:30.615   752   797 W IPCThreadState: Sending oneway calls to frozen process.
02-19 23:11:30.615   752   797 W IPCThreadState: Sending oneway calls to frozen process.
02-19 23:11:30.616   752   797 W IPCThreadState: Sending oneway calls to frozen process.
02-19 23:11:30.617   752   797 W IPCThreadState: Sending oneway calls to frozen process.
02-19 23:11:30.618   752   797 W IPCThreadState: Sending oneway calls to frozen process.
02-19 23:11:30.620   752   797 W IPCThreadState: Sending oneway calls to frozen process.
02-19 23:11:30.621   752   797 W IPCThreadState: Sending oneway calls to frozen process.
02-19 23:11:30.648 15048 15048 E unknown:ReactRootView: Unhandled SoftException
02-19 23:11:30.648 15048 15048 E unknown:ReactRootView: com.facebook.react.uimanager.IllegalViewOperationException: Trying to attach a ReactRootView with an explicit id already set to [2131362676]. React Native uses the id field to track react tags and will overwrite this field. If that is fine, explicitly overwrite the id field to View.NO_ID.
02-19 23:11:30.648 15048 15048 E unknown:ReactRootView: 	at com.facebook.react.ReactRootView.attachToReactInstanceManager(:799)
02-19 23:11:30.648 15048 15048 E unknown:ReactRootView: 	at com.facebook.react.ReactRootView.startReactApplication(:509)
02-19 23:11:30.648 15048 15048 E unknown:ReactRootView: 	at com.facebook.react.ReactRootView.startReactApplication(:469)
02-19 23:11:30.648 15048 15048 E unknown:ReactRootView: 	at im.toss.rn.granite.core.GraniteActivity.write(:486)
02-19 23:11:30.648 15048 15048 E unknown:ReactRootView: 	at im.toss.rn.granite.core.GraniteActivity.RemoteActionCompatParcelizer(:124)
02-19 23:11:30.648 15048 15048 E unknown:ReactRootView: 	at im.toss.rn.granite.core.GraniteActivity$RemoteActionCompatParcelizer.IconCompatParcelizer(:65353)
02-19 23:11:30.648 15048 15048 E unknown:ReactRootView: 	at o.sh.a_(:33)
02-19 23:11:30.648 15048 15048 E unknown:ReactRootView: 	at o.xP.run(:100)
02-19 23:11:30.648 15048 15048 E unknown:ReactRootView: 	at android.os.Handler.handleCallback(Handler.java:995)
02-19 23:11:30.648 15048 15048 E unknown:ReactRootView: 	at android.os.Handler.dispatchMessage(Handler.java:103)
02-19 23:11:30.648 15048 15048 E unknown:ReactRootView: 	at android.os.Looper.loopOnce(Looper.java:248)
02-19 23:11:30.648 15048 15048 E unknown:ReactRootView: 	at android.os.Looper.loop(Looper.java:338)
02-19 23:11:30.648 15048 15048 E unknown:ReactRootView: 	at android.app.ActivityThread.main(ActivityThread.java:9067)
02-19 23:11:30.648 15048 15048 E unknown:ReactRootView: 	at java.lang.reflect.Method.invoke(Native Method)
02-19 23:11:30.648 15048 15048 E unknown:ReactRootView: 	at com.android.internal.os.RuntimeInit$MethodAndArgsCaller.run(RuntimeInit.java:593)
02-19 23:11:30.648 15048 15048 E unknown:ReactRootView: 	at com.android.internal.os.ZygoteInit.main(ZygoteInit.java:932)
02-19 23:11:30.686   752   989 I ImeTracker: viva.republica.toss.test:93745410: onRequestHide at ORIGIN_SERVER reason HIDE_UNSPECIFIED_WINDOW fromUser false
02-19 23:11:30.694 15048 15048 D InsetsController: hide(ime(), fromIme=false)
02-19 23:11:30.696 15048 15048 I ImeTracker: viva.republica.toss.test:93745410: onCancelled at PHASE_CLIENT_ALREADY_HIDDEN
02-19 23:11:30.712 20022 20022 I GoogleInputMethodService: GoogleInputMethodService.onFinishInput():2043 
02-19 23:11:30.732   752   780 I ImeTracker: system_server:dc69fedf: onRequestHide at ORIGIN_SERVER reason IME_REQUESTED_CHANGED_LISTENER fromUser false
02-19 23:11:30.734 20022 20022 I Module  : DeviceLockedStatusModuleProvider$Module.updateDeviceLockedStatus():100 repeatCheckTimes = 0, locked = false
02-19 23:11:30.737   752   797 I ImeTracker: system_server:dc69fedf: onCancelled at PHASE_SERVER_SHOULD_HIDE
02-19 23:11:30.740 20022 20022 I GoogleInputMethodService: GoogleInputMethodService.onStartInput():1293 onStartInput(EditorInfo{EditorInfo{packageName=viva.republica.toss.test, inputType=0, inputTypeString=NULL, enableLearning=false, autoCorrection=false, autoComplete=false, imeOptions=0, privateImeOptions=null, actionName=UNSPECIFIED, actionLabel=null, initialSelStart=-1, initialSelEnd=-1, initialCapsMode=0, label=null, fieldId=0, fieldName=null, extras=null, hintText=null, hintLocales=[]}}, false)
02-19 23:11:30.742 20022 20022 I EmojiCompatManager: EmojiCompatManager.getEmojiCompatIfLoaded():343 EmojiCompat.init() was never called.
02-19 23:11:30.742 20022 20022 I EmojiCompatManager: java.lang.IllegalStateException: EmojiCompat is not initialized. Please call EmojiCompat.init() first
02-19 23:11:30.742 20022 20022 I EmojiCompatManager: 	at asx.p(PG:6)
02-19 23:11:30.742 20022 20022 I EmojiCompatManager: 	at axb.b(PG:13)
02-19 23:11:30.742 20022 20022 I EmojiCompatManager: 	at jnr.b(PG:2)
02-19 23:11:30.742 20022 20022 I EmojiCompatManager: 	at jnr.c(PG:4)
02-19 23:11:30.742 20022 20022 I EmojiCompatManager: 	at jnr.f(PG:3)
02-19 23:11:30.742 20022 20022 I EmojiCompatManager: 	at jnx.c(PG:3)
02-19 23:11:30.742 20022 20022 I EmojiCompatManager: 	at kif.cz(PG:47)
02-19 23:11:30.742 20022 20022 I EmojiCompatManager: 	at lhl.run(PG:1025)
02-19 23:11:30.742 20022 20022 I EmojiCompatManager: 	at jaf.execute(PG:12)
02-19 23:11:30.742 20022 20022 I EmojiCompatManager: 	at nco.v(PG:13)
02-19 23:11:30.742 20022 20022 I EmojiCompatManager: 	at lhn.m(PG:96)
02-19 23:11:30.742 20022 20022 I EmojiCompatManager: 	at lhn.k(PG:25)
02-19 23:11:30.742 20022 20022 I EmojiCompatManager: 	at kgn.onStartInput(PG:250)
02-19 23:11:30.742 20022 20022 I EmojiCompatManager: 	at android.inputmethodservice.InputMethodService.doStartInput(InputMethodService.java:3521)
02-19 23:11:30.742 20022 20022 I EmojiCompatManager: 	at android.inputmethodservice.InputMethodService$InputMethodImpl.startInput(InputMethodService.java:879)
02-19 23:11:30.742 20022 20022 I EmojiCompatManager: 	at android.inputmethodservice.InputMethodService$InputMethodImpl.dispatchStartInput(InputMethodService.java:908)
02-19 23:11:30.742 20022 20022 I EmojiCompatManager: 	at android.inputmethodservice.IInputMethodWrapper.executeMessage(IInputMethodWrapper.java:201)
02-19 23:11:30.742 20022 20022 I EmojiCompatManager: 	at com.android.internal.os.HandlerCaller$MyHandler.handleMessage(HandlerCaller.java:44)
02-19 23:11:30.742 20022 20022 I EmojiCompatManager: 	at android.os.Handler.dispatchMessage(Handler.java:110)
02-19 23:11:30.742 20022 20022 I EmojiCompatManager: 	at android.os.Looper.loopOnce(Looper.java:248)
02-19 23:11:30.742 20022 20022 I EmojiCompatManager: 	at android.os.Looper.loop(Looper.java:338)
02-19 23:11:30.742 20022 20022 I EmojiCompatManager: 	at android.app.ActivityThread.main(ActivityThread.java:9067)
02-19 23:11:30.742 20022 20022 I EmojiCompatManager: 	at java.lang.reflect.Method.invoke(Native Method)
02-19 23:11:30.742 20022 20022 I EmojiCompatManager: 	at com.android.internal.os.RuntimeInit$MethodAndArgsCaller.run(RuntimeInit.java:593)
02-19 23:11:30.742 20022 20022 I EmojiCompatManager: 	at com.android.internal.os.ZygoteInit.main(ZygoteInit.java:932)
02-19 23:11:30.743 20022 20022 I Module  : DeviceLockedStatusModuleProvider$Module.updateDeviceLockedStatus():100 repeatCheckTimes = 1, locked = false
02-19 23:11:30.744   752  1509 W PackageConfigPersister: App-specific configuration not found for packageName: viva.republica.toss.test and userId: 0
02-19 23:11:30.756   752  1856 E TaskPersister: File error accessing recents directory (directory doesn't exist?).
02-19 23:11:30.895  4449  4467 V WindowManagerShell: Transition animation finished (aborted=false), notifying core (#1302) android.os.BinderProxy@fde5995@1
02-19 23:11:30.900   752   794 V WindowManager: Finish Transition (#1302): created at 02-19 23:11:28.071 collect-started=0.134ms request-sent=292.521ms started=304.026ms ready=326.746ms sent=2435.372ms commit=85.409ms finished=2828.364ms
02-19 23:11:30.928  4449  4467 V WindowManagerShell: Track 1 became idle
02-19 23:11:30.928  4449  4467 V WindowManagerShell: All active transition animations finished
02-19 23:11:30.931 19166 19166 D VRI[NexusLauncherActivity]: visibilityChanged oldVisibility=true newVisibility=false
02-19 23:11:30.953 19166 19166 D NexusLauncherModelDelegate: notifySmartspaceEvent: SmartspaceTargetEvent{mSmartspaceTarget=null, mSmartspaceActionId='null', mEventType=7}
02-19 23:11:31.007   752  1848 D CoreBackPreview: Window{ed666 u0 PopupWindow:dfbd6f1}: Setting back callback OnBackInvokedCallbackInfo{mCallback=android.window.IOnBackInvokedCallback$Stub$Proxy@f776254, mPriority=0, mIsAnimationCallback=false, mOverrideBehavior=0}
02-19 23:11:31.069 19166 19166 D BaseDepthController: setSurface:
02-19 23:11:31.069 19166 19166 D BaseDepthController: 	mWaitingOnSurfaceValidity: false
02-19 23:11:31.069 19166 19166 D BaseDepthController: 	mBaseSurface: null
02-19 23:11:31.070 19166 19166 D BaseDepthController: mSurface is null and mCurrentBlur is: 0
02-19 23:11:31.072 19166 19166 D StateManager: goToState - fromState: Normal, toState: Normal, partial trace:
02-19 23:11:31.072 19166 19166 D StateManager: 	at com.android.launcher3.statemanager.StateManager.moveToRestState(go/retraceme 72a59688580715d19f0e415c69e80376c2f062d1648c80db6730905005a27c20:4)
02-19 23:11:31.072 19166 19166 D StateManager: 	at com.android.launcher3.statemanager.StateManager.moveToRestState(go/retraceme 72a59688580715d19f0e415c69e80376c2f062d1648c80db6730905005a27c20:1)
02-19 23:11:31.072 19166 19166 D StateManager: 	at com.android.launcher3.statemanager.StatefulActivity.onStop(go/retraceme 72a59688580715d19f0e415c69e80376c2f062d1648c80db6730905005a27c20:34)
02-19 23:11:31.072 19166 19166 D StatsLog: LAUNCHER_ONSTOP
02-19 23:11:31.082 19166 19166 D StatsLog: LAUNCHER_GOOGLE_SEARCH_RESTORE_LIST_SIZE_AFTER_ACTIVITY_RESTART
02-19 23:11:31.108 15048 15048 D VRI[MiniAppSchemeActivity]: visibilityChanged oldVisibility=true newVisibility=false
02-19 23:11:31.190   752  1095 D BackgroundInstallControlService: Package event received: 0
02-19 23:11:31.191 15048 15048 W WindowOnBackDispatcher: sendCancelIfRunning: isInProgress=false callback=android.view.ViewRootImpl$$ExternalSyntheticLambda13@b54c868
02-19 23:11:31.195 15048 15048 D ViewRootImpl: Skipping stats log for color mode
02-19 23:11:31.349   752  1095 D BackgroundInstallControlService: Package event received: 0
02-19 23:11:31.384 15277 15277 W screencap: Thread Pool max thread count is 0. Cannot cache binder as linkToDeath cannot be implemented. serviceName: SurfaceFlingerAIDL
02-19 23:11:31.385 15277 15277 W BpBinder: Linking to death on android.gui.ISurfaceComposer but there are no threads (yet?) listening to incoming transactions. See ProcessState::startThreadPool and ProcessState::setThreadPoolMaxThreadCount. Generally you should setup the binder threadpool before other initialization steps.
02-19 23:11:31.387   752  2417 W WindowManager: Failed looking up window session=Session{42ec11c 15048:u0a10217} callers=com.android.server.wm.WindowManagerService.windowForClientLocked:6410 com.android.server.wm.Session.setOnBackInvokedCallbackInfo:1002 android.view.IWindowSession$Stub.onTransact:1156 
02-19 23:11:31.387 15277 15277 W ProcessState: Extra binder thread started, but 0 threads requested. Do not use *startThreadPool when zero threads are requested.
02-19 23:11:31.388   752  2417 I WindowManager: setOnBackInvokedCallback(): No window state for package:viva.republica.toss.test
02-19 23:11:31.421   531   603 E HwcComposer: getLuts failed Status(-8, EX_SERVICE_SPECIFIC): '8: '
02-19 23:11:31.421   531   603 E HWComposer: getLuts: getLuts failed for display 4619827259835644672: UNSUPPORTED (8)
02-19 23:11:31.659   752   775 I system_server: Background concurrent mark compact GC freed 23MB AllocSpace bytes, 53(1108KB) LOS objects, 40% free, 34MB/58MB, paused 69.095ms,71.849ms total 1.244s
02-19 23:11:31.661   752   776 I BpBinder: onLastStrongRef automatically unlinking death recipients: 
02-19 23:11:31.702   752   777 W System  : A resource failed to call release. 
02-19 23:11:31.703   752   777 W System  : A resource failed to call release. 
