02-19 20:38:00.136  4449  4467 V WindowManagerShell:  Checking filter Pair{{types=[] flags=0x0] notFlags=0x100 checks=[{atype=home independent=true modes=[OPEN,TO_FRONT] flags=NONE mustBeTask=false order=TOP topActivity=ComponentInfo{com.google.android.apps.nexuslauncher/com.google.android.apps.nexuslauncher.NexusLauncherActivity} launchCookie=null windowingMode=undefined},{atype=standard independent=true modes=[CLOSE,TO_BACK] flags=NONE mustBeTask=false order=ANY topActivity=null launchCookie=null windowingMode=undefined},{NOT atype=undefined independent=true modes=[] flags=NONE mustBeTask=true order=ANY topActivity=null launchCookie=null customAnim=true windowingMode=undefined}]} RemoteTransition { remoteTransition = android.window.IRemoteTransition$Stub$Proxy@69ffe25, appThread = android.app.IApplicationThread$Stub$Proxy@72cabfa, debugName = QuickstepLaunchHome }}
02-19 20:38:00.137  4449  4467 V WindowManagerShell:  Checking filter Pair{{types=[] flags=0x0] notFlags=0x0 checks=[{atype=undefined independent=true modes=[CLOSE,TO_BACK] flags=IN_TASK_WITH_EMBEDDED_ACTIVITY mustBeTask=false order=ANY topActivity=null launchCookie=null taskFragmentToken=android.os.BinderProxy@71546f0 windowingMode=undefined}]} RemoteTransition { remoteTransition = android.window.IRemoteTransition$Stub$Proxy@7c795ab, appThread = android.app.IApplicationThread$Stub$Proxy@cd70408, debugName = overlayBackTransition }}
02-19 20:38:00.137  4449  4467 V WindowManagerShell:  Checking filter Pair{{types=[] flags=0x0] notFlags=0x0 checks=[{atype=dream independent=true modes=[OPEN,TO_FRONT] flags=NONE mustBeTask=false order=ANY topActivity=null launchCookie=null windowingMode=undefined},{atype=home independent=true modes=[CLOSE,TO_BACK] flags=NONE mustBeTask=false order=ANY topActivity=null launchCookie=null windowingMode=undefined}]} RemoteTransition { remoteTransition = android.window.IRemoteTransition$Stub$Proxy@f757a1, appThread = android.app.IApplicationThread$Stub$Proxy@d898dc6, debugName = LauncherToDream }}
02-19 20:38:00.137  4449  4467 V WindowManagerShell:  Checking filter Pair{{types=[] flags=0x0] notFlags=0x100 checks=[{atype=home independent=true modes=[OPEN,TO_FRONT] flags=NONE mustBeTask=false order=TOP topActivity=ComponentInfo{com.google.android.apps.nexuslauncher/com.google.android.apps.nexuslauncher.NexusLauncherActivity} launchCookie=null windowingMode=undefined},{atype=standard independent=true modes=[CLOSE,TO_BACK] flags=NONE mustBeTask=false order=ANY topActivity=null launchCookie=null windowingMode=undefined},{NOT atype=undefined independent=true modes=[] flags=NONE mustBeTask=true order=ANY topActivity=null launchCookie=null customAnim=true windowingMode=undefined}]} RemoteTransition { remoteTransition = android.window.IRemoteTransition$Stub$Proxy@9e7e187, appThread = android.app.IApplicationThread$Stub$Proxy@3dc58b4, debugName = QuickstepLaunchHome }}
02-19 20:38:00.138  4449  4467 V WindowManagerShell:  Delegate animation for (#927) to null
02-19 20:38:00.138  4449  4467 V WindowManagerShell: start default transition animation, info = {id=927 t=OPEN f=0x0 trk=0 r=[0@Point(0, 0)] c=[{m=OPEN f=NONE leash=Surface(name=Task=115)/@0x26b3383 sb=Rect(0, 0 - 1080, 2400) eb=Rect(0, 0 - 1080, 2400) epz=Point(1080, 2400) d=0 taskParent=-1},{m=TO_BACK f=SHOW_WALLPAPER leash=Surface(name=Task=1)/@0xba90900 sb=Rect(0, 0 - 1080, 2400) eb=Rect(0, 0 - 1080, 2400) epz=Point(1080, 2400) d=0 taskParent=-1},{m=TO_BACK f=IS_WALLPAPER leash=Surface(name=WallpaperWindowToken{35e0c0f showWhenLocked=false})/@0xdb70539 sb=Rect(0, 0 - 1080, 2400) eb=Rect(0, 0 - 1080, 2400) epz=Point(1080, 2400) d=0}]}
02-19 20:38:00.138 28424 28424 D ApplicationLoaders: Returning zygote-cached class loader: /system_ext/framework/androidx.window.extensions.jar
02-19 20:38:00.138 28424 28424 D ApplicationLoaders: Returning zygote-cached class loader: /system_ext/framework/androidx.window.sidecar.jar
02-19 20:38:00.139  4449  4467 V WindowManagerShell: loadAnimation: anim=android.view.animation.AnimationSet@93858d5 animAttr=0x13 type=OPEN isEntrance=false
02-19 20:38:00.139  4449  4467 V WindowManagerShell: loadAnimation: anim=android.view.animation.AnimationSet@d186278 animAttr=0x12 type=OPEN isEntrance=true
02-19 20:38:00.154  4449  4467 V WindowManagerShell:  animated by com.android.wm.shell.transition.DefaultTransitionHandler@f74d823
02-19 20:38:00.207 28424 28424 D nativeloader: Configuring clns-9 for other apk /data/app/~~NUQj-rdXzuicW-16SIRtKA==/viva.republica.toss.test-Si406wFvb_sqEA2GTBV6RQ==/base.apk. target_sdk_version=35, uses_libraries=, library_path=/data/app/~~NUQj-rdXzuicW-16SIRtKA==/viva.republica.toss.test-Si406wFvb_sqEA2GTBV6RQ==/lib/x86_64:/data/app/~~NUQj-rdXzuicW-16SIRtKA==/viva.republica.toss.test-Si406wFvb_sqEA2GTBV6RQ==/base.apk!/lib/x86_64, permitted_path=/data:/mnt/expand:/data/user/0/viva.republica.toss.test
02-19 20:38:00.209 28424 28424 D CompatChangeReporter: Compat change id reported: 202956589; UID 10217; state: ENABLED
02-19 20:38:00.211 28424 28424 I blica.toss.test: AssetManager2(0x7d8fac428e58) locale list changing from [] to [en-US]
02-19 20:38:00.239 28424 28424 V GraphicsEnvironment: Currently set values for:
02-19 20:38:00.240 28424 28424 V GraphicsEnvironment:   angle_gl_driver_selection_pkgs=[]
02-19 20:38:00.240 28424 28424 V GraphicsEnvironment:   angle_gl_driver_selection_values=[]
02-19 20:38:00.241 28424 28424 V GraphicsEnvironment: viva.republica.toss.test is not listed in per-application setting
02-19 20:38:00.241 28424 28424 V GraphicsEnvironment: ANGLE allowlist from config: com.dreamgames.royalmatch com.dts.freefiremax com.dxx.firenow com.gramgames.mergedragons com.ludo.king com.mojang.minecraftpe com.my.defense com.nintendo.zaka com.os.airforce com.playrix.fishdomdd.gplay io.teslatech.callbreak jp.konami.prospia net.peakgames.toonblast
02-19 20:38:00.241 28424 28424 V GraphicsEnvironment: viva.republica.toss.test is not listed in ANGLE allowlist or settings, returning default
02-19 20:38:00.241 28424 28424 V GraphicsEnvironment: Neither updatable production driver nor prerelease driver is supported.
02-19 20:38:00.251 28424 28424 D CompatChangeReporter: Compat change id reported: 279646685; UID 10217; state: ENABLED
02-19 20:38:00.286 28424 28438 E ashmem  : Pinning is deprecated since Android Q. Please use trim or other methods.
02-19 20:38:00.302 28424 28424 D nativeloader: Load /data/app/~~NUQj-rdXzuicW-16SIRtKA==/viva.republica.toss.test-Si406wFvb_sqEA2GTBV6RQ==/lib/x86_64/libmmkv.so using class loader ns clns-9 (caller=/data/app/~~NUQj-rdXzuicW-16SIRtKA==/viva.republica.toss.test-Si406wFvb_sqEA2GTBV6RQ==/base.apk): ok
02-19 20:38:00.312 28424 28424 I blica.toss.test: AssetManager2(0x7d8fac426f18) locale list changing from [] to [en-US]
02-19 20:38:00.313 28424 28424 I WebViewFactory: Loading com.google.android.webview version 133.0.6943.137 (code 694313738)
02-19 20:38:00.315 28424 28424 I blica.toss.test: AssetManager2(0x7d8fac427878) locale list changing from [] to [en-US]
02-19 20:38:00.317 28424 28424 I blica.toss.test: AssetManager2(0x7d8fac4284f8) locale list changing from [] to [en-US]
02-19 20:38:00.317 28424 28424 V ResourcesManager: The following library key has been added: ResourcesKey{ mHash=a24a3099 mResDir=null mSplitDirs=[] mOverlayDirs=[] mLibDirs=[/data/app/~~86wu-kVgQoavtKNPNhKNpg==/com.google.android.webview-1KjOBROVBHjUvpUZHW2m2g==/WebViewGoogle.apk,/data/app/~~zfNTtjjfT5QjKD_7Ux4KKQ==/com.google.android.trichromelibrary_694313738-AgzLRnDhHPFXke_9IsnuqA==/TrichromeLibrary.apk] mDisplayId=0 mOverrideConfig=v36 mCompatInfo={420dpi always-compat} mLoaders=[]}
02-19 20:38:00.320 28424 28424 W blica.toss.test: Failed to find entry 'classes.dex': Entry not found
02-19 20:38:00.322 28424 28424 D nativeloader: Configuring clns-10 for other apk /data/app/~~zfNTtjjfT5QjKD_7Ux4KKQ==/com.google.android.trichromelibrary_694313738-AgzLRnDhHPFXke_9IsnuqA==/TrichromeLibrary.apk. target_sdk_version=34, uses_libraries=ALL, library_path=/data/app/~~86wu-kVgQoavtKNPNhKNpg==/com.google.android.webview-1KjOBROVBHjUvpUZHW2m2g==/lib/x86_64:/data/app/~~86wu-kVgQoavtKNPNhKNpg==/com.google.android.webview-1KjOBROVBHjUvpUZHW2m2g==/WebViewGoogle.apk!/lib/x86_64:/data/app/~~zfNTtjjfT5QjKD_7Ux4KKQ==/com.google.android.trichromelibrary_694313738-AgzLRnDhHPFXke_9IsnuqA==/TrichromeLibrary.apk!/lib/x86_64, permitted_path=/data:/mnt/expand
02-19 20:38:00.326 28424 28424 D ApplicationLoaders: Returning zygote-cached class loader: /system_ext/framework/androidx.window.extensions.jar
02-19 20:38:00.330 28424 28424 D nativeloader: Configuring clns-11 for other apk /data/app/~~86wu-kVgQoavtKNPNhKNpg==/com.google.android.webview-1KjOBROVBHjUvpUZHW2m2g==/WebViewGoogle.apk. target_sdk_version=34, uses_libraries=, library_path=/data/app/~~86wu-kVgQoavtKNPNhKNpg==/com.google.android.webview-1KjOBROVBHjUvpUZHW2m2g==/lib/x86_64:/data/app/~~86wu-kVgQoavtKNPNhKNpg==/com.google.android.webview-1KjOBROVBHjUvpUZHW2m2g==/WebViewGoogle.apk!/lib/x86_64:/data/app/~~zfNTtjjfT5QjKD_7Ux4KKQ==/com.google.android.trichromelibrary_694313738-AgzLRnDhHPFXke_9IsnuqA==/TrichromeLibrary.apk!/lib/x86_64, permitted_path=/data:/mnt/expand
02-19 20:38:00.365 28424 28438 D nativeloader: Configuring clns-12 for other apk . target_sdk_version=35, uses_libraries=ALL, library_path=/data/app/~~NUQj-rdXzuicW-16SIRtKA==/viva.republica.toss.test-Si406wFvb_sqEA2GTBV6RQ==/lib/x86_64:/data/app/~~NUQj-rdXzuicW-16SIRtKA==/viva.republica.toss.test-Si406wFvb_sqEA2GTBV6RQ==/base.apk!/lib/x86_64, permitted_path=/data:/mnt/expand
02-19 20:38:00.476  4449  4467 V WindowManagerShell: Transition animation finished (aborted=false), notifying core (#927) android.os.BinderProxy@7b4022a@0
02-19 20:38:00.501   752   794 V WindowManager: Finish Transition (#927): created at 02-19 20:37:59.882 collect-started=0.179ms request-sent=18.913ms started=44.445ms ready=219.865ms sent=227.858ms commit=67.095ms finished=609.144ms
02-19 20:38:00.507  4449  4467 V WindowManagerShell: Track 0 became idle
02-19 20:38:00.507  4449  4467 V WindowManagerShell: All active transition animations finished
02-19 20:38:00.511 19166 19166 D VRI[NexusLauncherActivity]: visibilityChanged oldVisibility=true newVisibility=false
02-19 20:38:00.550 19166 19166 D NexusLauncherModelDelegate: notifySmartspaceEvent: SmartspaceTargetEvent{mSmartspaceTarget=null, mSmartspaceActionId='null', mEventType=7}
02-19 20:38:00.884 28424 28438 D nativeloader: Load /data/app/~~NUQj-rdXzuicW-16SIRtKA==/viva.republica.toss.test-Si406wFvb_sqEA2GTBV6RQ==/lib/x86_64/libdceb.so using isolated ns clns-12 (caller=/data/user/0/viva.republica.toss.test/Anonymous-DexFile@1467667017.jar): ok
02-19 20:38:00.893 28424 28424 I cr_WVCFactoryProvider: version=133.0.6943.137 (694313738) minSdkVersion=29 isBundle=false multiprocess=true packageId=2
02-19 20:38:00.918 28424 28424 D nativeloader: Load /data/app/~~zfNTtjjfT5QjKD_7Ux4KKQ==/com.google.android.trichromelibrary_694313738-AgzLRnDhHPFXke_9IsnuqA==/TrichromeLibrary.apk!/lib/x86_64/libmonochrome_64.so using class loader ns clns-11 (caller=/data/app/~~86wu-kVgQoavtKNPNhKNpg==/com.google.android.webview-1KjOBROVBHjUvpUZHW2m2g==/WebViewGoogle.apk): ok
02-19 20:38:00.922 28424 28424 D nativeloader: Load /system/lib64/libwebviewchromium_plat_support.so using class loader ns clns-11 (caller=/data/app/~~86wu-kVgQoavtKNPNhKNpg==/com.google.android.webview-1KjOBROVBHjUvpUZHW2m2g==/WebViewGoogle.apk): ok
02-19 20:38:00.931 28424 28443 E chromium: [0219/203800.930760:ERROR:variations_seed_loader.cc(39)] Seed missing signature.
02-19 20:38:00.932 28424 28443 I chromium: [0219/203800.932555:INFO:variations_seed_loader.cc(67)] Failed to open file for reading.: No such file or directory (2)
02-19 20:38:00.943 28424 28424 I cr_LibraryLoader: Successfully loaded native library
02-19 20:38:00.944 28424 28424 I cr_CachingUmaRecorder: Flushed 6 samples from 6 histograms, 0 samples were dropped.
02-19 20:38:00.951 28424 28424 I cr_CombinedPProvider: #registerProvider() provider:WV.C8@88ca54d isPolicyCacheEnabled:false policyProvidersSize:0
02-19 20:38:00.953 28424 28424 I cr_PolicyProvider: #setManagerAndSource() 0
02-19 20:38:00.966   752  2505 V GrammaticalInflectionUtils: AttributionSource: android.content.AttributionSource@a62aa31c does not have READ_SYSTEM_GRAMMATICAL_GENDER permission.
02-19 20:38:00.975 28424 28424 I cr_CombinedPProvider: #linkNativeInternal() 1
02-19 20:38:00.976 28424 28424 I cr_AppResProvider: #getApplicationRestrictionsFromUserManager() Bundle[EMPTY_PARCEL]
02-19 20:38:00.977 28424 28424 I cr_PolicyProvider: #notifySettingsAvailable() 0
02-19 20:38:00.977 28424 28424 I cr_CombinedPProvider: #onSettingsAvailable() 0
02-19 20:38:00.977 28424 28424 I cr_CombinedPProvider: #flushPolicies()
02-19 20:38:00.979  1263  1263 D Zygote  : Forked child process 28447
02-19 20:38:00.991 28447 28447 I ocessService0:0: Using CollectorTypeCMC GC.
02-19 20:38:00.994 28447 28447 W ocessService0:0: Unexpected CPU variant for x86: x86_64.
02-19 20:38:00.994 28447 28447 W ocessService0:0: Known variants: atom, sandybridge, silvermont, goldmont, goldmont-plus, goldmont-without-sha-xsaves, tremont, kabylake, alderlake, default
02-19 20:38:01.002 28447 28447 E ocessService0:0: Not starting debugger since process cannot load the jdwp agent.
02-19 20:38:01.011 28447 28447 D nativeloader: Load libframework-connectivity-tiramisu-jni.so using APEX ns com_android_tethering for caller /apex/com.android.tethering/javalib/framework-connectivity-t.jar: ok
02-19 20:38:01.026   752  1095 D BackgroundInstallControlService: Package event received: 0
02-19 20:38:01.037 28424 28424 I blica.toss.test: AssetManager2(0x7d8fac4281d8) locale list changing from [] to [en-US]
02-19 20:38:01.043 28424 28424 I blica.toss.test: AssetManager2(0x7d8fac42d318) locale list changing from [] to [en-US]
02-19 20:38:01.047 28424 28424 D DesktopModeFlags: Toggle override initialized to: OVERRIDE_UNSET
02-19 20:38:01.048 28424 28424 I DisplayManager: Implicitly registering for refresh rate
02-19 20:38:03.637  1336  1556 D SatelliteController: iisInCarrierRoamingNbIotNtn: satellite is disabled
02-19 20:38:03.651   752   806 W ActivityManager: Slow operation: 2684ms so far, now at startProcess: returned from zygote!
02-19 20:38:03.657   752  2505 D ActivityManager: sync unfroze 3453 com.google.android.gms for 6
02-19 20:38:03.661   752  2419 W ActivityManager: Slow operation: 2694ms so far, now at startProcess: done updating battery stats
02-19 20:38:03.661   752  2419 W ActivityManager: Slow operation: 2695ms so far, now at startProcess: building log message
02-19 20:38:03.661   752  2419 I ActivityManager: Start proc 28447:com.google.android.webview:sandboxed_process0:org.chromium.content.app.SandboxedProcessService0:0/u0i76 for  {viva.republica.toss.test/org.chromium.content.app.SandboxedProcessService0:0}
02-19 20:38:03.662   752  2419 W ActivityManager: Slow operation: 2695ms so far, now at startProcess: starting to update pids map
02-19 20:38:03.668   752  2419 I ActivityManager: ProcessObserver broadcast disabled
02-19 20:38:03.668   752  2419 W ActivityManager: Slow operation: 2701ms so far, now at startProcess: done updating pids map
02-19 20:38:03.669   752  1856 E TaskPersister: File error accessing recents directory (directory doesn't exist?).
02-19 20:38:03.685   752  1095 D BackgroundInstallControlService: Package event received: 0
02-19 20:38:03.691 28447 28447 D CompatChangeReporter: Compat change id reported: 242716250; UID 99076; state: ENABLED
02-19 20:38:03.703  3453  3453 D BoundBrokerSvc: onBind: Intent { act=com.google.android.gms.safetynet.service.START xflg=0x4 pkg=com.google.android.gms }
02-19 20:38:03.703  3453  3453 D BoundBrokerSvc: Loading bound service for intent: Intent { act=com.google.android.gms.safetynet.service.START xflg=0x4 pkg=com.google.android.gms }
02-19 20:38:03.707 28447 28447 D ApplicationLoaders: Returning zygote-cached class loader: /system_ext/framework/androidx.window.extensions.jar
02-19 20:38:03.711 28447 28447 I ocessService0:0: AssetManager2(0x7d8fac42ba18) locale list changing from [] to [en-US]
02-19 20:38:03.730 28447 28447 I LoadedApk: No resource references to update in package com.google.android.trichromelibrary
02-19 20:38:03.735 28447 28447 I cr_WebViewApkApp: version=133.0.6943.137 (694313738) minSdkVersion=29 isBundle=false processName=com.google.android.webview:sandboxed_process0:org.chromium.content.app.SandboxedProcessService0:0
02-19 20:38:03.763   752  2419 D ActivityManager: sync unfroze 19378 com.google.android.webview:webview_service for 6
02-19 20:38:03.765   752  2419 W IPCThreadState: Sending oneway calls to frozen process.
02-19 20:38:03.765 28447 28447 I cr_ChildProcessService: Creating new ChildProcessService pid=28447
02-19 20:38:03.812   752   935 D ActivityManager: sync unfroze 4656 com.google.android.adservices.api for 6
02-19 20:38:03.812 28424 28483 D nativeloader: Load /data/app/~~NUQj-rdXzuicW-16SIRtKA==/viva.republica.toss.test-Si406wFvb_sqEA2GTBV6RQ==/lib/x86_64/libbugsnag-root-detection.so using class loader ns clns-9 (caller=/data/app/~~NUQj-rdXzuicW-16SIRtKA==/viva.republica.toss.test-Si406wFvb_sqEA2GTBV6RQ==/base.apk): ok
02-19 20:38:03.839  4656 15179 E adservices.measurement: AttributionFallbackJobService is disabled, skip scheduling
02-19 20:38:03.841  4656 28486 W adservices: Skip logging because Cobalt logger is null
02-19 20:38:03.842  4656 28487 W adservices: Skip logging because Cobalt is disabled.
02-19 20:38:03.847   752   935 D FileUtils: Rounded bytes from 2067259392 to 4000000000
02-19 20:38:03.868   752  1095 D BackgroundInstallControlService: Package event received: 0
02-19 20:38:03.871   752  1095 D BackgroundInstallControlService: Package event received: 0
02-19 20:38:03.871   752  1095 D BackgroundInstallControlService: Package event received: 0
02-19 20:38:03.871   752  1095 D BackgroundInstallControlService: Package event received: 0
02-19 20:38:03.871   752  1095 D BackgroundInstallControlService: Package event received: 0
02-19 20:38:03.871  4656 15179 E adservices: Encryption key fetch job is disabled, skip scheduling.
02-19 20:38:04.035 28424 28481 D nativeloader: Load /data/app/~~NUQj-rdXzuicW-16SIRtKA==/viva.republica.toss.test-Si406wFvb_sqEA2GTBV6RQ==/lib/x86_64/libbugsnag-ndk.so using class loader ns clns-9 (caller=<unknown>): ok
02-19 20:38:04.057   752   935 D FileUtils: Rounded bytes from 2067259392 to 4000000000
02-19 20:38:04.058 28424 28424 W BugsnagNDK: Initialization complete!
02-19 20:38:04.067 28424 28481 D nativeloader: Load /data/app/~~NUQj-rdXzuicW-16SIRtKA==/viva.republica.toss.test-Si406wFvb_sqEA2GTBV6RQ==/lib/x86_64/libbugsnag-plugin-android-anr.so using class loader ns clns-9 (caller=<unknown>): ok
02-19 20:38:04.087   752   935 D ConnectivityService: requestNetwork for uid/pid:10217/28424 activeRequest: null callbackRequest: 903 [NetworkRequest [ REQUEST id=904, [ Capabilities: INTERNET&NOT_RESTRICTED&TRUSTED&NOT_VCN_MANAGED&NOT_BANDWIDTH_CONSTRAINED Uid: 10217 RequestorUid: 10217 RequestorPkg: viva.republica.toss.test UnderlyingNetworks: Null] ]] callback flags: 0 order: 2147483647 isUidTracked: false declaredMethods: AVAIL|UNAVAIL
02-19 20:38:04.090 28424 28424 W System.err: SLF4J: No SLF4J providers were found.
02-19 20:38:04.090 28424 28424 W System.err: SLF4J: Defaulting to no-operation (NOP) logger implementation
02-19 20:38:04.090 28424 28424 W System.err: SLF4J: See https://www.slf4j.org/codes.html#noProviders for further details.
02-19 20:38:04.090   752  1023 D OemPaidWifiNetworkFactory: got request NetworkRequest [ REQUEST id=904, [ Capabilities: INTERNET&NOT_RESTRICTED&TRUSTED&NOT_VCN_MANAGED&NOT_BANDWIDTH_CONSTRAINED Uid: 10217 RequestorUid: 10217 RequestorPkg: viva.republica.toss.test UnderlyingNetworks: Null] ]
02-19 20:38:04.091   752  1023 D MultiInternetWifiNetworkFactory: got request NetworkRequest [ REQUEST id=904, [ Capabilities: INTERNET&NOT_RESTRICTED&TRUSTED&NOT_VCN_MANAGED&NOT_BANDWIDTH_CONSTRAINED Uid: 10217 RequestorUid: 10217 RequestorPkg: viva.republica.toss.test UnderlyingNetworks: Null] ]
02-19 20:38:04.091   752  1029 D ConnectivityService: NetReassign [904 : null  108] [c 1] [a 1] [i 1]
02-19 20:38:04.091   752  1023 D WifiNetworkFactory: got request NetworkRequest [ REQUEST id=904, [ Capabilities: INTERNET&NOT_RESTRICTED&TRUSTED&NOT_VCN_MANAGED&NOT_BANDWIDTH_CONSTRAINED Uid: 10217 RequestorUid: 10217 RequestorPkg: viva.republica.toss.test UnderlyingNetworks: Null] ]
02-19 20:38:04.091   752  1023 D UntrustedWifiNetworkFactory: got request NetworkRequest [ REQUEST id=904, [ Capabilities: INTERNET&NOT_RESTRICTED&TRUSTED&NOT_VCN_MANAGED&NOT_BANDWIDTH_CONSTRAINED Uid: 10217 RequestorUid: 10217 RequestorPkg: viva.republica.toss.test UnderlyingNetworks: Null] ]
02-19 20:38:04.126   752   935 W OptProp : Cannot read opt property android.window.PROPERTY_COMPAT_ENABLE_FAKE_FOCUS
02-19 20:38:04.127   752   935 D CompatChangeReporter: Compat change id reported: 324203798; UID 10217; state: ENABLED
02-19 20:38:04.133   752   797 W ProcessStats: Tracking association SourceState{492d26f viva.republica.toss.test/10217 BTop #25383} whose proc state 2 is better than process ProcessState{ad7a682 com.google.android.gms/10148 pkg=com.google.android.gms} proc state 14 (8 skipped)
02-19 20:38:04.139   752  1095 D BackgroundInstallControlService: Package event received: 0
02-19 20:38:04.149   752  1095 D BackgroundInstallControlService: Package event received: 0
02-19 20:38:04.150 28424 28424 I Choreographer: Skipped 234 frames!  The application may be doing too much work on its main thread.
02-19 20:38:04.165 28424 28424 I blica.toss.test: AssetManager2(0x7d8fac430e78) locale list changing from [] to [en-US]
02-19 20:38:04.177 28424 28499 I CameraManagerGlobal: Connecting to camera service
02-19 20:38:04.191   615   715 I AttributionAndPermissionUtils: checkPermission (forDataDelivery 0 startDataDelivery 0): Permission hard denied for client attribution [uid 10217, pid 28424, packageName "<unknown>"]
02-19 20:38:04.215 28424 28424 I blica.toss.test: AssetManager2(0x7d8fac42c378) locale list changing from [] to [en-US]
02-19 20:38:04.483 28424 28501 I EGL_emulation: Opening libGLESv1_CM_emulation.so
02-19 20:38:04.486 28424 28501 I EGL_emulation: Opening libGLESv2_emulation.so
02-19 20:38:04.494 28424 28424 I blica.toss.test: AssetManager2(0x7d8fac432778) locale list changing from [] to [en-US]
02-19 20:38:04.499 28424 28424 D CompatChangeReporter: Compat change id reported: 309578419; UID 10217; state: ENABLED
02-19 20:38:04.509 28424 28501 W HWUI    : Failed to choose config with EGL_SWAP_BEHAVIOR_PRESERVED, retrying without...
02-19 20:38:04.510 28424 28501 W HWUI    : Failed to initialize 101010-2 format, error = EGL_SUCCESS
02-19 20:38:04.613 28424 28424 D CompatChangeReporter: Compat change id reported: 352594277; UID 10217; state: ENABLED
02-19 20:38:04.648 28424 28424 D CompatChangeReporter: Compat change id reported: 349153669; UID 10217; state: ENABLED
02-19 20:38:04.658 28424 28424 W HWUI    : Unknown dataspace 0
02-19 20:38:04.833 28424 28424 V SoLoader: Init System Loader delegate
02-19 20:38:05.039 28424 28532 W unknown:ReconnectingWebSocket: Couldn't connect to "ws://10.0.2.2:8081/message?device=sdk_gphone64_x86_64%20-%2016%20-%20API%2036&app=viva.republica.toss.test&clientid=BridgeDevSupportManager", will silently retry
02-19 20:38:05.040 28424 28533 W unknown:InspectorPackagerConnection: Couldn't connect to packager, will silently retry
02-19 20:38:05.333   752  2419 D CoreBackPreview: Window{bde0091 u0 viva.republica.toss.test/im.toss.rn.granite.core.GraniteActivity}: Setting back callback OnBackInvokedCallbackInfo{mCallback=android.window.IOnBackInvokedCallback$Stub$Proxy@edaf093, mPriority=0, mIsAnimationCallback=false, mOverrideBehavior=0}
02-19 20:38:05.336 28424 28424 W unknown:ReactRootView: Unable to update root layout specs for uninitialized ReactInstanceManager
02-19 20:38:05.384   752   794 I ActivityTaskManager: Displayed viva.republica.toss.test/im.toss.rn.granite.core.GraniteActivity for user 0: +5s502ms
02-19 20:38:05.436   752   989 I ImeTracker: viva.republica.toss.test:9e419043: onRequestHide at ORIGIN_SERVER reason HIDE_UNSPECIFIED_WINDOW fromUser false
02-19 20:38:05.438 19166 19166 D BaseDepthController: setSurface:
02-19 20:38:05.438 19166 19166 D BaseDepthController: 	mWaitingOnSurfaceValidity: false
02-19 20:38:05.438 19166 19166 D BaseDepthController: 	mBaseSurface: null
02-19 20:38:05.439 19166 19166 D BaseDepthController: mSurface is null and mCurrentBlur is: 0
02-19 20:38:05.440 19166 19166 D StateManager: goToState - fromState: Normal, toState: Normal, partial trace:
02-19 20:38:05.440 19166 19166 D StateManager: 	at com.android.launcher3.statemanager.StateManager.moveToRestState(go/retraceme 72a59688580715d19f0e415c69e80376c2f062d1648c80db6730905005a27c20:4)
02-19 20:38:05.440 19166 19166 D StateManager: 	at com.android.launcher3.statemanager.StateManager.moveToRestState(go/retraceme 72a59688580715d19f0e415c69e80376c2f062d1648c80db6730905005a27c20:1)
02-19 20:38:05.440 19166 19166 D StateManager: 	at com.android.launcher3.statemanager.StatefulActivity.onStop(go/retraceme 72a59688580715d19f0e415c69e80376c2f062d1648c80db6730905005a27c20:34)
02-19 20:38:05.441 19166 19166 D StatsLog: LAUNCHER_ONSTOP
02-19 20:38:05.446 19166 19166 D StatsLog: LAUNCHER_GOOGLE_SEARCH_RESTORE_LIST_SIZE_AFTER_ACTIVITY_RESTART
02-19 20:38:05.448   752   797 W IPCThreadState: Sending oneway calls to frozen process.
02-19 20:38:05.451   752   797 W IPCThreadState: Sending oneway calls to frozen process.
02-19 20:38:05.452   752   797 W IPCThreadState: Sending oneway calls to frozen process.
02-19 20:38:05.453   752   797 W IPCThreadState: Sending oneway calls to frozen process.
02-19 20:38:05.491 20022 20022 I GoogleInputMethodService: GoogleInputMethodService.onFinishInput():2043 
02-19 20:38:05.539 20022 20022 I Module  : DeviceLockedStatusModuleProvider$Module.updateDeviceLockedStatus():100 repeatCheckTimes = 0, locked = false
02-19 20:38:05.542 20022 20022 W NotificationCenter: NotificationCenter$NotificationQueue.notifyPendingNotificationsOnExecutor():877 Heavy notify work detected on UI thread: [kig->ilu, kig->ijm, kig->gkl, kig->ilu, kig->jnx, kig->khc, kig->ilu, kig->fro, kig->fef, kig->ilu, kig->ilu, kig->fcb, kig->ilu, kig->khg, kig->imt, kig->ilu, kig->ilu, kig->ilu, kig->ilu, kig->ilu, kig->lux, kig->ilu, kig->ilu] takes 42ms
02-19 20:38:05.543   752  1848 I ImeTracker: system_server:81d0096d: onRequestHide at ORIGIN_SERVER reason IME_REQUESTED_CHANGED_LISTENER fromUser false
02-19 20:38:05.544   752   797 W IPCThreadState: Sending oneway calls to frozen process.
02-19 20:38:05.544   752   797 W IPCThreadState: Sending oneway calls to frozen process.
02-19 20:38:05.545   752   797 W IPCThreadState: Sending oneway calls to frozen process.
02-19 20:38:05.551   752   797 W IPCThreadState: Sending oneway calls to frozen process.
02-19 20:38:05.552   752   797 W IPCThreadState: Sending oneway calls to frozen process.
02-19 20:38:05.554   752   797 W IPCThreadState: Sending oneway calls to frozen process.
02-19 20:38:05.556   752   797 W IPCThreadState: Sending oneway calls to frozen process.
02-19 20:38:05.563 28424 28424 E unknown:ReactRootView: Unhandled SoftException
02-19 20:38:05.563 28424 28424 E unknown:ReactRootView: com.facebook.react.uimanager.IllegalViewOperationException: Trying to attach a ReactRootView with an explicit id already set to [2131362676]. React Native uses the id field to track react tags and will overwrite this field. If that is fine, explicitly overwrite the id field to View.NO_ID.
02-19 20:38:05.563 28424 28424 E unknown:ReactRootView: 	at com.facebook.react.ReactRootView.attachToReactInstanceManager(:799)
02-19 20:38:05.563 28424 28424 E unknown:ReactRootView: 	at com.facebook.react.ReactRootView.startReactApplication(:509)
02-19 20:38:05.563 28424 28424 E unknown:ReactRootView: 	at com.facebook.react.ReactRootView.startReactApplication(:469)
02-19 20:38:05.563 28424 28424 E unknown:ReactRootView: 	at im.toss.rn.granite.core.GraniteActivity.write(:486)
02-19 20:38:05.563 28424 28424 E unknown:ReactRootView: 	at im.toss.rn.granite.core.GraniteActivity.RemoteActionCompatParcelizer(:124)
02-19 20:38:05.563 28424 28424 E unknown:ReactRootView: 	at im.toss.rn.granite.core.GraniteActivity$RemoteActionCompatParcelizer.IconCompatParcelizer(:65353)
02-19 20:38:05.563 28424 28424 E unknown:ReactRootView: 	at o.sh.a_(:33)
02-19 20:38:05.563 28424 28424 E unknown:ReactRootView: 	at o.xP.run(:100)
02-19 20:38:05.563 28424 28424 E unknown:ReactRootView: 	at android.os.Handler.handleCallback(Handler.java:995)
02-19 20:38:05.563 28424 28424 E unknown:ReactRootView: 	at android.os.Handler.dispatchMessage(Handler.java:103)
02-19 20:38:05.563 28424 28424 E unknown:ReactRootView: 	at android.os.Looper.loopOnce(Looper.java:248)
02-19 20:38:05.563 28424 28424 E unknown:ReactRootView: 	at android.os.Looper.loop(Looper.java:338)
02-19 20:38:05.563 28424 28424 E unknown:ReactRootView: 	at android.app.ActivityThread.main(ActivityThread.java:9067)
02-19 20:38:05.563 28424 28424 E unknown:ReactRootView: 	at java.lang.reflect.Method.invoke(Native Method)
02-19 20:38:05.563 28424 28424 E unknown:ReactRootView: 	at com.android.internal.os.RuntimeInit$MethodAndArgsCaller.run(RuntimeInit.java:593)
02-19 20:38:05.563 28424 28424 E unknown:ReactRootView: 	at com.android.internal.os.ZygoteInit.main(ZygoteInit.java:932)
02-19 20:38:05.566 28424 28424 D InsetsController: hide(ime(), fromIme=false)
02-19 20:38:05.575 28424 28424 I ImeTracker: viva.republica.toss.test:9e419043: onCancelled at PHASE_CLIENT_ALREADY_HIDDEN
02-19 20:38:05.576 20022 20022 I GoogleInputMethodService: GoogleInputMethodService.onStartInput():1293 onStartInput(EditorInfo{EditorInfo{packageName=viva.republica.toss.test, inputType=0, inputTypeString=NULL, enableLearning=false, autoCorrection=false, autoComplete=false, imeOptions=0, privateImeOptions=null, actionName=UNSPECIFIED, actionLabel=null, initialSelStart=-1, initialSelEnd=-1, initialCapsMode=0, label=null, fieldId=0, fieldName=null, extras=null, hintText=null, hintLocales=[]}}, false)
02-19 20:38:05.578 20022 20022 I EmojiCompatManager: EmojiCompatManager.getEmojiCompatIfLoaded():343 EmojiCompat.init() was never called.
02-19 20:38:05.578 20022 20022 I EmojiCompatManager: java.lang.IllegalStateException: EmojiCompat is not initialized. Please call EmojiCompat.init() first
02-19 20:38:05.578 20022 20022 I EmojiCompatManager: 	at asx.p(PG:6)
02-19 20:38:05.578 20022 20022 I EmojiCompatManager: 	at axb.b(PG:13)
02-19 20:38:05.578 20022 20022 I EmojiCompatManager: 	at jnr.b(PG:2)
02-19 20:38:05.578 20022 20022 I EmojiCompatManager: 	at jnr.c(PG:4)
02-19 20:38:05.578 20022 20022 I EmojiCompatManager: 	at jnr.f(PG:3)
02-19 20:38:05.578 20022 20022 I EmojiCompatManager: 	at jnx.c(PG:3)
02-19 20:38:05.578 20022 20022 I EmojiCompatManager: 	at kif.cz(PG:47)
02-19 20:38:05.578 20022 20022 I EmojiCompatManager: 	at lhl.run(PG:1025)
02-19 20:38:05.578 20022 20022 I EmojiCompatManager: 	at jaf.execute(PG:12)
02-19 20:38:05.578 20022 20022 I EmojiCompatManager: 	at nco.v(PG:13)
02-19 20:38:05.578 20022 20022 I EmojiCompatManager: 	at lhn.m(PG:96)
02-19 20:38:05.578 20022 20022 I EmojiCompatManager: 	at lhn.k(PG:25)
02-19 20:38:05.578 20022 20022 I EmojiCompatManager: 	at kgn.onStartInput(PG:250)
02-19 20:38:05.578 20022 20022 I EmojiCompatManager: 	at android.inputmethodservice.InputMethodService.doStartInput(InputMethodService.java:3521)
02-19 20:38:05.578 20022 20022 I EmojiCompatManager: 	at android.inputmethodservice.InputMethodService$InputMethodImpl.startInput(InputMethodService.java:879)
02-19 20:38:05.578 20022 20022 I EmojiCompatManager: 	at android.inputmethodservice.InputMethodService$InputMethodImpl.dispatchStartInput(InputMethodService.java:908)
02-19 20:38:05.578 20022 20022 I EmojiCompatManager: 	at android.inputmethodservice.IInputMethodWrapper.executeMessage(IInputMethodWrapper.java:201)
02-19 20:38:05.578 20022 20022 I EmojiCompatManager: 	at com.android.internal.os.HandlerCaller$MyHandler.handleMessage(HandlerCaller.java:44)
02-19 20:38:05.578 20022 20022 I EmojiCompatManager: 	at android.os.Handler.dispatchMessage(Handler.java:110)
02-19 20:38:05.578 20022 20022 I EmojiCompatManager: 	at android.os.Looper.loopOnce(Looper.java:248)
02-19 20:38:05.578 20022 20022 I EmojiCompatManager: 	at android.os.Looper.loop(Looper.java:338)
02-19 20:38:05.578 20022 20022 I EmojiCompatManager: 	at android.app.ActivityThread.main(ActivityThread.java:9067)
02-19 20:38:05.578 20022 20022 I EmojiCompatManager: 	at java.lang.reflect.Method.invoke(Native Method)
02-19 20:38:05.578 20022 20022 I EmojiCompatManager: 	at com.android.internal.os.RuntimeInit$MethodAndArgsCaller.run(RuntimeInit.java:593)
02-19 20:38:05.578 20022 20022 I EmojiCompatManager: 	at com.android.internal.os.ZygoteInit.main(ZygoteInit.java:932)
02-19 20:38:05.582   752   797 W IPCThreadState: Sending oneway calls to frozen process.
02-19 20:38:05.583 20022 20022 I Module  : DeviceLockedStatusModuleProvider$Module.updateDeviceLockedStatus():100 repeatCheckTimes = 1, locked = false
02-19 20:38:05.590   752   797 W IPCThreadState: Sending oneway calls to frozen process.
02-19 20:38:05.594   752   797 W IPCThreadState: Sending oneway calls to frozen process.
02-19 20:38:05.684   752   797 I ImeTracker: system_server:81d0096d: onCancelled at PHASE_SERVER_SHOULD_HIDE
02-19 20:38:05.710   752  1848 W PackageConfigPersister: App-specific configuration not found for packageName: viva.republica.toss.test and userId: 0
02-19 20:38:05.710 20022 20022 W NotificationCenter: NotificationCenter$NotificationQueue.notifyPendingNotificationsOnExecutor():877 Heavy notify work detected on UI thread: [kig->jjs] takes 121ms
02-19 20:38:05.714   752  1095 D BackgroundInstallControlService: Package event received: 0
02-19 20:38:05.723 19301 20335 I FontLog : (REDACTED) Received query %s, URI %s
02-19 20:38:05.723 19301 20335 I FontLog : (REDACTED) Query [%s] resolved to %s
02-19 20:38:05.729 28424 28424 D CompatChangeReporter: Compat change id reported: 270674727; UID 10217; state: ENABLED
02-19 20:38:05.732 19301 20335 I FontLog : (REDACTED) Fetch %s end status %s
02-19 20:38:05.740 28424 28424 D CompatChangeReporter: Compat change id reported: 63938206; UID 10217; state: ENABLED
02-19 20:38:05.750 19301 20335 I FontLog : (REDACTED) Pulling font file for id = %d, cache size = %d
02-19 20:38:05.756 19301 20335 I FontLog : (REDACTED) Pulling font file for id = %d, cache size = %d
02-19 20:38:05.810  4449  4474 W WindowOnBackDispatcher: sendCancelIfRunning: isInProgress=false callback=android.view.ViewRootImpl$$ExternalSyntheticLambda13@8d6e785
02-19 20:38:05.863   752  1848 D CoreBackPreview: Window{b20de39 u0 PopupWindow:e8c10fe}: Setting back callback OnBackInvokedCallbackInfo{mCallback=android.window.IOnBackInvokedCallback$Stub$Proxy@32b3518, mPriority=0, mIsAnimationCallback=false, mOverrideBehavior=0}
02-19 20:38:05.913   752  2505 D CoreBackPreview: Window{f28f0ac u0 Splash Screen viva.republica.toss.test EXITING}: Setting back callback null
02-19 20:38:05.981 19166 19172 W System  : A resource failed to call release. 
02-19 20:38:05.981 19166 19172 W System  : A resource failed to call release. 
02-19 20:38:05.981 19166 19172 W System  : A resource failed to call release. 
02-19 20:38:05.981 19166 19172 W System  : A resource failed to call release. 
02-19 20:38:05.982 19166 19172 W System  : A resource failed to call release. 
02-19 20:38:05.982 19166 19172 W System  : A resource failed to call release. 
02-19 20:38:08.076 28542 28542 W dumpsys : Thread Pool max thread count is 0. Cannot cache binder as linkToDeath cannot be implemented. serviceName: window
02-19 20:38:08.822   752 28549 I ActivityManager: App already killed by AM skipping ANR: com.android.server.am.ProcessErrorStateRecord@485ac1d Process ProcessRecord{23660bd 28389:viva.republica.toss.test/u0a217} failed to complete startup
02-19 20:38:08.826   752 28548 D ActivityManager: created ANR temporary file:/data/anr/temp_anr_6574955360945590524.txt
02-19 20:38:08.827   752 28548 I ActivityManager: Collecting stacks for pid 28389 into temporary file temp_anr_6574955360945590524.txt
02-19 20:38:08.824   752   752 W AnrMainProcessD: type=1400 audit(0.0:497): avc:  denied  { read } for  name="transactions" dev="binder" ino=1048587 scontext=u:r:system_server:s0 tcontext=u:object_r:binderfs_logs_transactions:s0 tclass=file permissive=0
02-19 20:38:08.855   752 28549 D ActivityManager: Completed ANR of viva.republica.toss.test in 34ms, latency 4ms
02-19 20:38:08.861   752 28548 E system_server: Could not open /dev/binderfs/binder_logs/transactions. Likely a permissions issue. errno: 2
02-19 20:38:08.861   752 28548 E android.os.Debug: Failed to get binder state info for pid: 28389 status: -2: No such file or directory
02-19 20:38:08.862   752 28548 E system_server: libdebuggerd_client: failed to get process tids
02-19 20:38:08.862   752 28548 E system_server: libdebuggerd_client: failed to get process info: failed to open /proc/28389: No such file or directory
02-19 20:38:08.883   752 28548 W ActivityManager: Dumping Java threads failed, initiating native stack dump.
02-19 20:38:08.880   752   752 W AnrMainProcessD: type=1400 audit(0.0:498): avc:  denied  { read } for  name="transactions" dev="binder" ino=1048587 scontext=u:r:system_server:s0 tcontext=u:object_r:binderfs_logs_transactions:s0 tclass=file permissive=0
02-19 20:38:08.912   752 28548 E system_server: Could not open /dev/binderfs/binder_logs/transactions. Likely a permissions issue. errno: 2
02-19 20:38:08.916   752 28548 E android.os.Debug: Failed to get binder state info for pid: 28389 status: -2: No such file or directory
02-19 20:38:08.918   752 28548 E system_server: libdebuggerd_client: failed to get process tids
02-19 20:38:08.919   752 28548 I system_server: libdebuggerd_client: started dumping process 28389
02-19 20:38:08.922   752 28548 E system_server: libdebuggerd_client: failed to send signal to pid 28389: No such process
02-19 20:38:08.926   283   283 I tombstoned: registered intercept for pid 28389 and type kDebuggerdNativeBacktrace
02-19 20:38:08.928   283   283 I tombstoned: intercept for pid 28389 and type kDebuggerdNativeBacktrace terminated: due to input
02-19 20:38:08.935   752 28548 W ActivityManager: Native stack dump failed!
02-19 20:38:08.972 28547 28547 W screencap: Thread Pool max thread count is 0. Cannot cache binder as linkToDeath cannot be implemented. serviceName: SurfaceFlingerAIDL
02-19 20:38:08.974 28547 28547 W BpBinder: Linking to death on android.gui.ISurfaceComposer but there are no threads (yet?) listening to incoming transactions. See ProcessState::startThreadPool and ProcessState::setThreadPoolMaxThreadCount. Generally you should setup the binder threadpool before other initialization steps.
02-19 20:38:08.975 28547 28547 W ProcessState: Extra binder thread started, but 0 threads requested. Do not use *startThreadPool when zero threads are requested.
02-19 20:38:08.986   531   603 E HwcComposer: getLuts failed Status(-8, EX_SERVICE_SPECIFIC): '8: '
02-19 20:38:08.986   531   603 E HWComposer: getLuts: getLuts failed for display 4619827259835644672: UNSUPPORTED (8)
02-19 20:38:09.325 28424 28424 W WindowOnBackDispatcher: sendCancelIfRunning: isInProgress=false callback=android.view.ViewRootImpl$$ExternalSyntheticLambda13@4143f0a
02-19 20:38:09.327   752  1848 D CoreBackPreview: Window{b20de39 u0 PopupWindow:e8c10fe}: Setting back callback null
02-19 20:38:09.377 28424 28552 D nativeloader: Load /data/app/~~NUQj-rdXzuicW-16SIRtKA==/viva.republica.toss.test-Si406wFvb_sqEA2GTBV6RQ==/lib/x86_64/libc++_shared.so using class loader ns clns-9 (caller=<unknown>): ok
02-19 20:38:09.407 28424 28552 D nativeloader: Load /data/app/~~NUQj-rdXzuicW-16SIRtKA==/viva.republica.toss.test-Si406wFvb_sqEA2GTBV6RQ==/lib/x86_64/libglog.so using class loader ns clns-9 (caller=<unknown>): ok
02-19 20:38:09.435 28424 28552 D nativeloader: Load /data/app/~~NUQj-rdXzuicW-16SIRtKA==/viva.republica.toss.test-Si406wFvb_sqEA2GTBV6RQ==/lib/x86_64/libfolly_runtime.so using class loader ns clns-9 (caller=<unknown>): ok
02-19 20:38:09.438 28424 28552 D nativeloader: Load /data/app/~~NUQj-rdXzuicW-16SIRtKA==/viva.republica.toss.test-Si406wFvb_sqEA2GTBV6RQ==/lib/x86_64/libfbjni.so using class loader ns clns-9 (caller=<unknown>): ok
02-19 20:38:09.442 28424 28552 D nativeloader: Load /data/app/~~NUQj-rdXzuicW-16SIRtKA==/viva.republica.toss.test-Si406wFvb_sqEA2GTBV6RQ==/lib/x86_64/libjsi.so using class loader ns clns-9 (caller=<unknown>): ok
02-19 20:38:09.448 28424 28552 D nativeloader: Load /data/app/~~NUQj-rdXzuicW-16SIRtKA==/viva.republica.toss.test-Si406wFvb_sqEA2GTBV6RQ==/lib/x86_64/libhermes.so using class loader ns clns-9 (caller=<unknown>): ok
02-19 20:38:09.484 28424 28552 D nativeloader: Load /data/app/~~NUQj-rdXzuicW-16SIRtKA==/viva.republica.toss.test-Si406wFvb_sqEA2GTBV6RQ==/lib/x86_64/libfb.so using class loader ns clns-9 (caller=<unknown>): ok
02-19 20:38:09.489 28424 28552 D nativeloader: Load /data/app/~~NUQj-rdXzuicW-16SIRtKA==/viva.republica.toss.test-Si406wFvb_sqEA2GTBV6RQ==/lib/x86_64/libyoga.so using class loader ns clns-9 (caller=<unknown>): ok
02-19 20:38:09.499 28424 28552 D nativeloader: Load /data/app/~~NUQj-rdXzuicW-16SIRtKA==/viva.republica.toss.test-Si406wFvb_sqEA2GTBV6RQ==/lib/x86_64/libruntimeexecutor.so using class loader ns clns-9 (caller=<unknown>): ok
02-19 20:38:09.502 28424 28552 D nativeloader: Load /data/app/~~NUQj-rdXzuicW-16SIRtKA==/viva.republica.toss.test-Si406wFvb_sqEA2GTBV6RQ==/lib/x86_64/libreact_debug.so using class loader ns clns-9 (caller=<unknown>): ok
02-19 20:38:09.531 28424 28552 D nativeloader: Load /data/app/~~NUQj-rdXzuicW-16SIRtKA==/viva.republica.toss.test-Si406wFvb_sqEA2GTBV6RQ==/lib/x86_64/libglog_init.so using class loader ns clns-9 (caller=<unknown>): ok
02-19 20:38:09.534 28424 28552 D nativeloader: Load /data/app/~~NUQj-rdXzuicW-16SIRtKA==/viva.republica.toss.test-Si406wFvb_sqEA2GTBV6RQ==/lib/x86_64/libreact_utils.so using class loader ns clns-9 (caller=<unknown>): ok
02-19 20:38:09.581 28424 28552 D nativeloader: Load /data/app/~~NUQj-rdXzuicW-16SIRtKA==/viva.republica.toss.test-Si406wFvb_sqEA2GTBV6RQ==/lib/x86_64/libreact_render_mapbuffer.so using class loader ns clns-9 (caller=<unknown>): ok
02-19 20:38:09.629 28424 28552 D nativeloader: Load /data/app/~~NUQj-rdXzuicW-16SIRtKA==/viva.republica.toss.test-Si406wFvb_sqEA2GTBV6RQ==/lib/x86_64/libreact_render_graphics.so using class loader ns clns-9 (caller=<unknown>): ok
02-19 20:38:09.631 28424 28552 D nativeloader: Load /data/app/~~NUQj-rdXzuicW-16SIRtKA==/viva.republica.toss.test-Si406wFvb_sqEA2GTBV6RQ==/lib/x86_64/libreact_render_debug.so using class loader ns clns-9 (caller=<unknown>): ok
