02-19 17:48:38.518  4449  4467 D RemoteTransitionHandler: Found filterPair{{types=[] flags=0x0] notFlags=0x100 checks=[{atype=home independent=true modes=[OPEN,TO_FRONT] flags=NONE mustBeTask=false order=TOP topActivity=ComponentInfo{com.google.android.apps.nexuslauncher/com.google.android.apps.nexuslauncher.NexusLauncherActivity} launchCookie=null windowingMode=undefined},{atype=standard independent=true modes=[CLOSE,TO_BACK] flags=NONE mustBeTask=false order=ANY topActivity=null launchCookie=null windowingMode=undefined},{NOT atype=undefined independent=true modes=[] flags=NONE mustBeTask=true order=ANY topActivity=null launchCookie=null customAnim=true windowingMode=undefined}]} RemoteTransition { remoteTransition = android.window.IRemoteTransition$Stub$Proxy@affe6be, appThread = android.app.IApplicationThread$Stub$Proxy@c37531f, debugName = QuickstepLaunchHome }}
02-19 17:48:38.518  4449  4467 V WindowManagerShell:  Delegate animation for (#587) to RemoteTransition { remoteTransition = android.window.IRemoteTransition$Stub$Proxy@affe6be, appThread = android.app.IApplicationThread$Stub$Proxy@c37531f, debugName = QuickstepLaunchHome }
02-19 17:48:38.525  4449  4467 V WindowManagerShell:  animated by com.android.wm.shell.transition.RemoteTransitionHandler@ef09705
02-19 17:48:38.566  7804  7804 D StateManager: createAtomicAnimation - fromState: Background, toState: Normal, partial trace:
02-19 17:48:38.566  7804  7804 D StateManager: 	at com.android.quickstep.util.ScalingWorkspaceRevealAnim.<init>(go/retraceme 72a59688580715d19f0e415c69e80376c2f062d1648c80db6730905005a27c20:39)
02-19 17:48:38.566  7804  7804 D StateManager: 	at com.android.launcher3.QuickstepTransitionManager.createWallpaperOpenAnimations(go/retraceme 72a59688580715d19f0e415c69e80376c2f062d1648c80db6730905005a27c20:168)
02-19 17:48:38.566  7804  7804 D StateManager: 	at com.android.launcher3.QuickstepTransitionManager$WallpaperOpenLauncherAnimationRunner.onAnimationStart(go/retraceme 72a59688580715d19f0e415c69e80376c2f062d1648c80db6730905005a27c20:17)
02-19 17:48:38.570  7804  7804 D b/311077782: LauncherAnimationRunner.setAnimation
02-19 17:48:38.650   531   531 I BpBinder: onLastStrongRef automatically unlinking death recipients: 
02-19 17:48:38.782   752   775 I system_server: Background concurrent mark compact GC freed 26MB AllocSpace bytes, 21(424KB) LOS objects, 42% free, 32MB/56MB, paused 2.687ms,7.920ms total 1.175s
02-19 17:48:38.850  7804  7823 W HWUI    : Image decoding logging dropped!
02-19 17:48:38.856   752   989 I ImeTracker: com.google.android.apps.nexuslauncher:7b4e2e9: onRequestHide at ORIGIN_SERVER reason HIDE_UNSPECIFIED_WINDOW fromUser false
02-19 17:48:38.876  1563  1563 I GoogleInputMethodService: GoogleInputMethodService.onFinishInput():2043 
02-19 17:48:38.883   752  1454 I ImeTracker: system_server:fbd1b151: onRequestHide at ORIGIN_SERVER reason IME_REQUESTED_CHANGED_LISTENER fromUser false
02-19 17:48:38.885  1563  1563 I Module  : DeviceLockedStatusModuleProvider$Module.updateDeviceLockedStatus():100 repeatCheckTimes = 0, locked = false
02-19 17:48:38.885  1563  1563 I GoogleInputMethodService: GoogleInputMethodService.onStartInput():1293 onStartInput(EditorInfo{EditorInfo{packageName=com.google.android.apps.nexuslauncher, inputType=0, inputTypeString=NULL, enableLearning=false, autoCorrection=false, autoComplete=false, imeOptions=0, privateImeOptions=null, actionName=UNSPECIFIED, actionLabel=null, initialSelStart=-1, initialSelEnd=-1, initialCapsMode=0, label=null, fieldId=0, fieldName=null, extras=null, hintText=null, hintLocales=[]}}, false)
02-19 17:48:38.886  1563  1563 I Module  : DeviceLockedStatusModuleProvider$Module.updateDeviceLockedStatus():100 repeatCheckTimes = 1, locked = false
02-19 17:48:38.886  1563  1563 I EmojiCompatManager: EmojiCompatManager.getEmojiCompatIfLoaded():343 EmojiCompat.init() was never called.
02-19 17:48:38.886  1563  1563 I EmojiCompatManager: java.lang.IllegalStateException: EmojiCompat is not initialized. Please call EmojiCompat.init() first
02-19 17:48:38.886  1563  1563 I EmojiCompatManager: 	at asx.p(PG:6)
02-19 17:48:38.886  1563  1563 I EmojiCompatManager: 	at axb.b(PG:13)
02-19 17:48:38.886  1563  1563 I EmojiCompatManager: 	at jnr.b(PG:2)
02-19 17:48:38.886  1563  1563 I EmojiCompatManager: 	at jnr.c(PG:4)
02-19 17:48:38.886  1563  1563 I EmojiCompatManager: 	at jnr.f(PG:3)
02-19 17:48:38.886  1563  1563 I EmojiCompatManager: 	at jnx.c(PG:3)
02-19 17:48:38.886  1563  1563 I EmojiCompatManager: 	at kif.cz(PG:47)
02-19 17:48:38.886  1563  1563 I EmojiCompatManager: 	at lhl.run(PG:1025)
02-19 17:48:38.886  1563  1563 I EmojiCompatManager: 	at jaf.execute(PG:12)
02-19 17:48:38.886  1563  1563 I EmojiCompatManager: 	at nco.v(PG:13)
02-19 17:48:38.886  1563  1563 I EmojiCompatManager: 	at lhn.m(PG:96)
02-19 17:48:38.886  1563  1563 I EmojiCompatManager: 	at lhn.k(PG:25)
02-19 17:48:38.886  1563  1563 I EmojiCompatManager: 	at kgn.onStartInput(PG:250)
02-19 17:48:38.886  1563  1563 I EmojiCompatManager: 	at android.inputmethodservice.InputMethodService.doStartInput(InputMethodService.java:3521)
02-19 17:48:38.886  1563  1563 I EmojiCompatManager: 	at android.inputmethodservice.InputMethodService$InputMethodImpl.startInput(InputMethodService.java:879)
02-19 17:48:38.886  1563  1563 I EmojiCompatManager: 	at android.inputmethodservice.InputMethodService$InputMethodImpl.dispatchStartInput(InputMethodService.java:908)
02-19 17:48:38.886  1563  1563 I EmojiCompatManager: 	at android.inputmethodservice.IInputMethodWrapper.executeMessage(IInputMethodWrapper.java:201)
02-19 17:48:38.886  1563  1563 I EmojiCompatManager: 	at com.android.internal.os.HandlerCaller$MyHandler.handleMessage(HandlerCaller.java:44)
02-19 17:48:38.886  1563  1563 I EmojiCompatManager: 	at android.os.Handler.dispatchMessage(Handler.java:110)
02-19 17:48:38.886  1563  1563 I EmojiCompatManager: 	at android.os.Looper.loopOnce(Looper.java:248)
02-19 17:48:38.886  1563  1563 I EmojiCompatManager: 	at android.os.Looper.loop(Looper.java:338)
02-19 17:48:38.886  1563  1563 I EmojiCompatManager: 	at android.app.ActivityThread.main(ActivityThread.java:9067)
02-19 17:48:38.886  1563  1563 I EmojiCompatManager: 	at java.lang.reflect.Method.invoke(Native Method)
02-19 17:48:38.886  1563  1563 I EmojiCompatManager: 	at com.android.internal.os.RuntimeInit$MethodAndArgsCaller.run(RuntimeInit.java:593)
02-19 17:48:38.886  1563  1563 I EmojiCompatManager: 	at com.android.internal.os.ZygoteInit.main(ZygoteInit.java:932)
02-19 17:48:38.887   752  1454 W PackageConfigPersister: App-specific configuration not found for packageName: com.google.android.apps.nexuslauncher and userId: 0
02-19 17:48:38.891   752   797 I ImeTracker: system_server:fbd1b151: onCancelled at PHASE_SERVER_SHOULD_HIDE
02-19 17:48:39.471  7804  7804 D InsetsController: hide(ime(), fromIme=false)
02-19 17:48:39.489  7804  7804 I ImeTracker: com.google.android.apps.nexuslauncher:7b4e2e9: onCancelled at PHASE_CLIENT_ALREADY_HIDDEN
02-19 17:48:39.689  7804  7804 D ScalingWorkspaceRevealAnim: alpha of workspace at the end of animation: 1.0
02-19 17:48:39.694  4449  4467 V WindowManagerShell: Transition animation finished (aborted=false), notifying core (#587) android.os.BinderProxy@ad8ff6b@0
02-19 17:48:39.699   752   794 V WindowManager: Finish Transition (#587): created at 02-19 17:48:38.023 collect-started=0.046ms request-sent=11.888ms started=16.553ms ready=415.171ms sent=426.756ms commit=108.031ms finished=1675.464ms
02-19 17:48:39.704  7804  7947 I HWUI    : Davey! duration=829ms; Flags=0, FrameTimelineVsyncId=1783465, IntendedVsync=102392704844482, Vsync=102393021511136, InputEventId=0, HandleInputStart=102393059710899, AnimationStart=102393059712617, PerformTraversalsStart=102393297741481, DrawStart=102393298331271, FrameDeadline=102393354844456, FrameStartTime=102393036148282, FrameInterval=16666666, WorkloadTarget=16666666, SyncQueued=102393299923675, SyncStart=102393300517011, IssueDrawCommandsStart=102393300710646, SwapBuffers=102393515132743, FrameCompleted=102393534990892, DequeueBufferDuration=14706, QueueBufferDuration=659763, GpuCompleted=102393534990892, SwapBuffersCompleted=102393524268559, DisplayPresentTime=0, CommandSubmissionCompleted=102393515132743, 
02-19 17:48:39.707  4449  4467 V WindowManagerShell: Track 0 became idle
02-19 17:48:39.711  4449  4467 V WindowManagerShell: All active transition animations finished
02-19 17:48:39.713  7388  7388 D VRI[GraniteActivity]: visibilityChanged oldVisibility=true newVisibility=false
02-19 17:48:40.211  7388  8767 I ReactNativeJNI: Memory warning (pressure level: TRIM_MEMORY_UI_HIDDEN) received by JS VM, ignoring because it's non-severe
02-19 17:48:40.211  7388  8209 I ReactNativeJNI: Memory warning (pressure level: TRIM_MEMORY_UI_HIDDEN) received by JS VM, ignoring because it's non-severe
02-19 17:48:40.211  7388  7977 I ReactNativeJNI: Memory warning (pressure level: TRIM_MEMORY_UI_HIDDEN) received by JS VM, ignoring because it's non-severe
02-19 17:48:40.211  7388  7599 I ReactNativeJNI: Memory warning (pressure level: TRIM_MEMORY_UI_HIDDEN) received by JS VM, ignoring because it's non-severe
02-19 17:48:40.211  7388  8683 I ReactNativeJNI: Memory warning (pressure level: TRIM_MEMORY_UI_HIDDEN) received by JS VM, ignoring because it's non-severe
02-19 17:48:40.211  7388  8382 I ReactNativeJNI: Memory warning (pressure level: TRIM_MEMORY_UI_HIDDEN) received by JS VM, ignoring because it's non-severe
02-19 17:48:40.211  7388  8826 I ReactNativeJNI: Memory warning (pressure level: TRIM_MEMORY_UI_HIDDEN) received by JS VM, ignoring because it's non-severe
02-19 17:48:40.211  7388  8063 I ReactNativeJNI: Memory warning (pressure level: TRIM_MEMORY_UI_HIDDEN) received by JS VM, ignoring because it's non-severe
02-19 17:48:40.211  7388  8603 I ReactNativeJNI: Memory warning (pressure level: TRIM_MEMORY_UI_HIDDEN) received by JS VM, ignoring because it's non-severe
02-19 17:48:40.284  1563  1563 I StylusModule: StylusModule.onUpdateToolType():801 Update tool type = 0
02-19 17:48:41.164   752  1095 D BackgroundInstallControlService: Package event received: 0
02-19 17:48:41.760  7804  7813 D OverviewCommandHelper: command added: CommandInfo(type=TOGGLE, status=IDLE, createTime=102395606, animationCallbacks=null, displayId=0, isLastOfBatch=true)
02-19 17:48:41.760  7804  7813 D OverviewCommandHelper: execute: CommandInfo(type=TOGGLE, status=IDLE, createTime=102395606, animationCallbacks=null, displayId=0, isLastOfBatch=true) - queue size: 1
02-19 17:48:41.765  4449  4449 I vol.VolumeDialogImpl: mDialog.dismiss() reason: volume_controller from: com.android.systemui.volume.VolumeDialogImpl$7.onDismissRequested:3
02-19 17:48:41.847  7804  7804 D OverviewCommandHelper: executing command: CommandInfo(type=TOGGLE, status=PROCESSING, createTime=102395606, animationCallbacks=null, displayId=0, isLastOfBatch=true)
02-19 17:48:41.848  7804  7804 D OverviewCommandHelper: executeCommand: CommandInfo(type=TOGGLE, status=PROCESSING, createTime=102395606, animationCallbacks=null, displayId=0, isLastOfBatch=true) - visibleRecentsView: null
02-19 17:48:41.848  7804  7804 D OverviewCommandHelper: Querying TaskbarManager for TaskbarUIController for display: 0
02-19 17:48:41.848  7804  7804 D OverviewCommandHelper: TaskbarUIController for display 0 was found
02-19 17:48:41.848  7804  7804 D TFOManager: playPanelCloseAnimation() duration=150 traceTag=LauncherOverlay-hide isHomeButtonTap=true
02-19 17:48:41.848  7804  7804 D TFOManager: Skipped creating panel close animation because -1 is invisible.
02-19 17:48:41.908  7804  7804 D StateManager: goToState - fromState: Normal, toState: Overview, partial trace:
02-19 17:48:41.908  7804  7804 D StateManager: 	at com.android.quickstep.LauncherActivityInterface.switchToRecentsIfVisible(go/retraceme 72a59688580715d19f0e415c69e80376c2f062d1648c80db6730905005a27c20:39)
02-19 17:48:41.908  7804  7804 D StateManager: 	at com.android.quickstep.OverviewCommandHelper.executeWhenRecentsIsNotVisible(go/retraceme 72a59688580715d19f0e415c69e80376c2f062d1648c80db6730905005a27c20:292)
02-19 17:48:41.908  7804  7804 D StateManager: 	at com.android.quickstep.OverviewCommandHelper.executeCommand(go/retraceme 72a59688580715d19f0e415c69e80376c2f062d1648c80db6730905005a27c20:49)
02-19 17:48:41.912  7804  7804 D OverviewCommandHelper: switching to Overview state - waiting: CommandInfo(type=TOGGLE, status=PROCESSING, createTime=102395606, animationCallbacks=null, displayId=0, isLastOfBatch=true)
02-19 17:48:41.912  7804  7804 D OverviewCommandHelper: command executed: CommandInfo(type=TOGGLE, status=PROCESSING, createTime=102395606, animationCallbacks=null, displayId=0, isLastOfBatch=true) with result: false
02-19 17:48:41.912  7804  7804 D OverviewCommandHelper: waiting for command callback: CommandInfo(type=TOGGLE, status=PROCESSING, createTime=102395606, animationCallbacks=null, displayId=0, isLastOfBatch=true)
02-19 17:48:41.942  7804  7804 D StateManager: onStateTransitionStart - state: Overview
02-19 17:48:41.943  7804  7804 D RecentsView: updateTaskStackListenerState: true
02-19 17:48:41.943  7804  7804 D RecentsView: reloadIfNeeded - getTasks: 72
02-19 17:48:41.989  7804  7804 D OverviewCommandHelper: switching to Overview state - onAnimationStart: CommandInfo(type=TOGGLE, status=PROCESSING, createTime=102395606, animationCallbacks=null, displayId=0, isLastOfBatch=true)
02-19 17:48:41.990  7804  7804 D StatsLog: LAUNCHER_OVERVIEW_SHOW_OVERVIEW_FROM_3_BUTTON
02-19 17:48:42.029   752  1095 D BackgroundInstallControlService: Package event received: 0
02-19 17:48:42.048  7804  7804 D RecentsView: applyLoadPlan - taskGroups: [type=SINGLE task=[id=12 windowingMode=0 user=0 lastActiveTime=89737] null, type=SINGLE task=[id=49 windowingMode=1 user=0 lastActiveTime=87698314] null, type=SINGLE task=[id=56 windowingMode=1 user=0 lastActiveTime=102391872] null]
02-19 17:48:42.064  7804  7934 W HWUI    : Image decoding logging dropped!
02-19 17:48:42.162   531   531 I BpBinder: onLastStrongRef automatically unlinking death recipients: 
02-19 17:48:42.587  7804  7804 D StateManager: onStateTransitionEnd - state: Overview
02-19 17:48:42.589  7804  7804 I AiAiSuggestUi: Clearing suggestions.
02-19 17:48:42.589  7804  7804 I AiAiSuggestUi: Requesting to show indicators
02-19 17:48:42.590  7804  7804 I AiAiSuggestUi: Fetching contents, isPrimaryTask = false
02-19 17:48:42.591  7804  7804 D OverviewCommandHelper: switching to Overview state - onAnimationEnd: CommandInfo(type=TOGGLE, status=PROCESSING, createTime=102395606, animationCallbacks=null, displayId=0, isLastOfBatch=true)
02-19 17:48:42.592  7804  7804 D OverviewCommandHelper: command executed: CommandInfo(type=TOGGLE, status=PROCESSING, createTime=102395606, animationCallbacks=null, displayId=0, isLastOfBatch=true) with result: true
02-19 17:48:42.592  7804  7804 D OverviewCommandHelper: command executed successfully! CommandInfo(type=TOGGLE, status=COMPLETED, createTime=102395606, animationCallbacks=null, displayId=0, isLastOfBatch=true)
02-19 17:48:42.592  7804  7804 D OverviewCommandHelper: no pending commands to be executed.
02-19 17:48:42.760  7804  7947 I AiAiSuggestUi: Request suggestContentSelections complete, took: 169
02-19 17:48:42.760  7804  7947 I AiAiSuggestUi: Fetched content back in callback
02-19 17:48:42.766  7804  7804 I AiAiSuggestUi: Display indicators
02-19 17:48:42.887  1971  1992 W ogle.android.as: Reducing the number of considered missed Gc histogram windows from 1084 to 100
02-19 17:48:43.260 11621 11621 W dumpsys : Thread Pool max thread count is 0. Cannot cache binder as linkToDeath cannot be implemented. serviceName: window
02-19 17:48:43.268   752  1454 I system_server: AssetManager2(0x7d8fac4c5258) locale list changing from [] to [en-US]
02-19 17:48:43.272   752  1454 I system_server: AssetManager2(0x7d8fac4e20d8) locale list changing from [] to [en-US]
02-19 17:48:43.274   752  1454 I system_server: AssetManager2(0x7d8fac43d358) locale list changing from [] to [en-US]
02-19 17:48:43.276   752  1454 I system_server: AssetManager2(0x7d8fac4bb938) locale list changing from [] to [en-US]
02-19 17:48:43.278   752  1454 I system_server: AssetManager2(0x7d8fac4be4f8) locale list changing from [] to [en-US]
02-19 17:48:43.282   752  1454 I system_server: AssetManager2(0x7d8fac4c3c78) locale list changing from [] to [en-US]
02-19 17:48:43.706   752  1454 W ActivityTaskManager: callingPackage for (uid=2000, pid=11626) has no WPC
02-19 17:48:43.708   752  1454 V GrammaticalInflectionUtils: AttributionSource: android.content.AttributionSource@56784557 does not have READ_SYSTEM_GRAMMATICAL_GENDER permission.
02-19 17:48:43.709   752  1454 W OptProp : Cannot read opt property android.window.PROPERTY_COMPAT_ALLOW_USER_ASPECT_RATIO_OVERRIDE
02-19 17:48:43.709   752  1454 W OptProp : Cannot read opt property android.window.PROPERTY_COMPAT_ALLOW_USER_ASPECT_RATIO_FULLSCREEN_OVERRIDE
02-19 17:48:43.709   752  1454 W OptProp : Cannot read opt property android.window.PROPERTY_COMPAT_ALLOW_RESIZEABLE_ACTIVITY_OVERRIDES
02-19 17:48:43.709   752  1454 W OptProp : Cannot read opt property android.window.PROPERTY_COMPAT_ALLOW_MIN_ASPECT_RATIO_OVERRIDE
02-19 17:48:43.712   752  1454 W OptProp : Cannot read opt property android.window.PROPERTY_COMPAT_ALLOW_ORIENTATION_OVERRIDE
02-19 17:48:43.713   531   602 I BpBinder: onLastStrongRef automatically unlinking death recipients: 
02-19 17:48:43.720   752  1454 I ActivityTaskManager: START u0 {act=android.intent.action.VIEW dat=intoss://takealook/... flg=0x10000000 xflg=0x4 cmp=viva.republica.toss.test/im.toss.rn.granite.core.GraniteActivity} with LAUNCH_MULTIPLE from uid 2000 (BAL_ALLOW_PERMISSION) result code=0
02-19 17:48:43.720  4449  4467 V WindowManagerShell: Transition requested (#588): android.os.BinderProxy@78a6936 TransitionRequestInfo { type = OPEN, triggerTask = TaskInfo{userId=0 taskId=56 effectiveUid=10217 displayId=0 isRunning=true baseIntent=Intent { act=android.intent.action.VIEW dat=intoss://takealook/... flg=0x10000000 pkg=viva.republica.toss.test cmp=viva.republica.toss.test/.MiniAppSchemeActivity } baseActivity=ComponentInfo{viva.republica.toss.test/im.toss.rn.granite.core.GraniteActivity} topActivity=ComponentInfo{viva.republica.toss.test/im.toss.rn.granite.core.GraniteActivity} origActivity=null realActivity=ComponentInfo{viva.republica.toss.test/viva.republica.toss.test.MiniAppSchemeActivity} numActivities=39 lastActiveTime=102391872 supportsMultiWindow=true resizeMode=1 isResizeable=true minWidth=-1 minHeight=-1 defaultMinSize=220 token=WCT{android.window.IWindowContainerToken$Stub$Proxy@7c17037} topActivityType=1 pictureInPictureParams=null shouldDockBigOverlays=false launchIntoPipHostTaskId=-1 lastParentTaskIdBeforePip=-1 displayCutoutSafeInsets=Rect(0, 0 - 0, 0) topActivityInfo=ActivityInfo{f17b9a4 im.toss.rn.granite.core.GraniteActivity} launchCookies=[] positionInParent=Point(0, 0) parentTaskId=-1 isFocused=false isVisible=false isVisibleRequested=false isTopActivityNoDisplay=false isSleeping=false locusId=null displayAreaFeatureId=1 isTopActivityTransparent=false isActivityStackTransparent=false lastNonFullscreenBounds=Rect(284, 660 - 796, 1740) capturedLink=null capturedLinkTimestamp=0 requestedVisibleTypes=-9 topActivityRequestOpenInBrowserEducationTimestamp=0 appCompatTaskInfo=AppCompatTaskInfo { topActivityInSizeCompat=false eligibleForLetterboxEducation= false isLetterboxEducationEnabled= true isLetterboxDoubleTapEnabled= false eligibleForUserAspectRatioButton= false topActivityBoundsLetterboxed= false isFromLetterboxDoubleTap= false topActivityLetterboxVerticalPosition= -1 topActivityLetterboxHorizontalPosition= -1 topActivityLetterboxWidth=-1 topActivityLetterboxHeight=-1 topActivityAppBounds=Rect(0, 0 - 1080, 2400) isUserFullscreenOverrideEnabled=false isSystemFullscreenOverrideEnabled=false hasMinAspectRatioOverride=false topActivityLetterboxBounds=null cameraCompatTaskInfo=CameraCompatTaskInfo { freeformCameraCompatMode=inactive}} topActivityMainWindowFrame=null}, pipChange = null, remoteTransition = null, displayChange = null, flags = 0, debugId = 588 }
02-19 17:48:43.721  4449  4467 D ShellSplitScreen: logExit: no-op, mLoggerSessionId is null
02-19 17:48:43.721  7804  7804 W SplitSelectStateCtor: Missing session instanceIds
02-19 17:48:43.721  7804  7804 D StatsLog: LAUNCHER_SPLIT_SELECTION_EXIT_INTERRUPTED
02-19 17:48:43.724  4449  4467 D WindowManagerShell: setLauncherKeepClearAreaHeight: visible=false, height=527
02-19 17:48:43.727   531   531 I BpBinder: onLastStrongRef automatically unlinking death recipients: 
02-19 17:48:43.736   752  1095 D BackgroundInstallControlService: Package event received: 0
02-19 17:48:43.738   752  1631 W OptProp : Cannot read opt property android.window.PROPERTY_COMPAT_ENABLE_FAKE_FOCUS
02-19 17:48:43.739  4449  4474 I ndroid.systemui: AssetManager2(0x7d8fac47a578) locale list changing from [] to [en-US]
02-19 17:48:43.753   752  1095 D BackgroundInstallControlService: Package event received: 0
02-19 17:48:43.754   752  1095 D BackgroundInstallControlService: Package event received: 0
02-19 17:48:43.755   752  1095 D BackgroundInstallControlService: Package event received: 0
02-19 17:48:43.761   752   797 W IPCThreadState: Sending oneway calls to frozen process.
02-19 17:48:43.761   752   797 W IPCThreadState: Sending oneway calls to frozen process.
02-19 17:48:43.761   752   797 W IPCThreadState: Sending oneway calls to frozen process.
02-19 17:48:43.761   752   797 W IPCThreadState: Sending oneway calls to frozen process.
02-19 17:48:43.766   752   797 W IPCThreadState: Sending oneway calls to frozen process.
02-19 17:48:43.766   752   797 W IPCThreadState: Sending oneway calls to frozen process.
02-19 17:48:43.766   752   797 W IPCThreadState: Sending oneway calls to frozen process.
02-19 17:48:43.767   752   797 W ProcessStats: Tracking association SourceState{1b917ca system/1000 BFgs #19670} whose proc state 4 is better than process ProcessState{42c4ef0 com.google.android.ext.services/10208 pkg=com.google.android.ext.services} proc state 14 (17 skipped)
02-19 17:48:43.774   752  1095 D BackgroundInstallControlService: Package event received: 0
02-19 17:48:43.774   752  1095 D BackgroundInstallControlService: Package event received: 0
02-19 17:48:43.798   752  1631 D CoreBackPreview: Window{ab4a245 u0 Splash Screen viva.republica.toss.test}: Setting back callback OnBackInvokedCallbackInfo{mCallback=android.window.IOnBackInvokedCallback$Stub$Proxy@b3a26cb, mPriority=0, mIsAnimationCallback=false, mOverrideBehavior=0}
02-19 17:48:43.802  7388  7388 I blica.toss.test: AssetManager2(0x7d8fac543518) locale list changing from [] to [en-US]
02-19 17:48:43.868   752   794 V WindowManager: Sent Transition (#588) createdAt=02-19 17:48:43.709 via request=TransitionRequestInfo { type = OPEN, triggerTask = TaskInfo{userId=0 taskId=56 effectiveUid=10217 displayId=0 isRunning=true baseIntent=Intent { act=android.intent.action.VIEW dat=intoss://takealook/... flg=0x10000000 pkg=viva.republica.toss.test cmp=viva.republica.toss.test/.MiniAppSchemeActivity } baseActivity=ComponentInfo{viva.republica.toss.test/im.toss.rn.granite.core.GraniteActivity} topActivity=ComponentInfo{viva.republica.toss.test/im.toss.rn.granite.core.GraniteActivity} origActivity=null realActivity=ComponentInfo{viva.republica.toss.test/viva.republica.toss.test.MiniAppSchemeActivity} numActivities=39 lastActiveTime=102391872 supportsMultiWindow=true resizeMode=1 isResizeable=true minWidth=-1 minHeight=-1 defaultMinSize=220 token=WCT{RemoteToken{29715c6 Task{fa7be33 #56 type=standard A=10217:viva.republica.toss.test}}} topActivityType=1 pictureInPictureParams=null shouldDockBigOverlays=false launchIntoPipHostTaskId=-1 lastParentTaskIdBeforePip=-1 displayCutoutSafeInsets=Rect(0, 0 - 0, 0) topActivityInfo=ActivityInfo{c821dc1 im.toss.rn.granite.core.GraniteActivity} launchCookies=[] positionInParent=Point(0, 0) parentTaskId=-1 isFocused=false isVisible=false isVisibleRequested=false isTopActivityNoDisplay=false isSleeping=false locusId=null displayAreaFeatureId=1 isTopActivityTransparent=false isActivityStackTransparent=false lastNonFullscreenBounds=Rect(284, 660 - 796, 1740) capturedLink=null capturedLinkTimestamp=0 requestedVisibleTypes=-9 topActivityRequestOpenInBrowserEducationTimestamp=0 appCompatTaskInfo=AppCompatTaskInfo { topActivityInSizeCompat=false eligibleForLetterboxEducation= false isLetterboxEducationEnabled= true isLetterboxDoubleTapEnabled= false eligibleForUserAspectRatioButton= false topActivityBoundsLetterboxed= false isFromLetterboxDoubleTap= false topActivityLetterboxVerticalPosition= -1 topActivityLetterboxHorizontalPosition= -1 topActivityLetterboxWidth=-1 topActivityLetterboxHeight=-1 topActivityAppBounds=Rect(0, 0 - 1080, 2400) isUserFullscreenOverrideEnabled=false isSystemFullscreenOverrideEnabled=false hasMinAspectRatioOverride=false topActivityLetterboxBounds=null cameraCompatTaskInfo=CameraCompatTaskInfo { freeformCameraCompatMode=inactive}} topActivityMainWindowFrame=null}, pipChange = null, remoteTransition = null, displayChange = null, flags = 0, debugId = 588 }
02-19 17:48:43.868   752   794 V WindowManager:     startWCT=WindowContainerTransaction { changes= {} hops= [] errorCallbackToken=null taskFragmentOrganizer=null }
02-19 17:48:43.868   752   794 V WindowManager:     info={id=588 t=OPEN f=0x0 trk=0 r=[0@Point(0, 0)] c=[
02-19 17:48:43.868   752   794 V WindowManager:         {WCT{RemoteToken{29715c6 Task{fa7be33 #56 type=standard A=10217:viva.republica.toss.test}}} m=TO_FRONT f=MOVE_TO_TOP leash=Surface(name=Task=56)/@0xf76b753 sb=Rect(0, 0 - 1080, 2400) eb=Rect(0, 0 - 1080, 2400) epz=Point(1080, 2400) d=0 taskParent=-1},
02-19 17:48:43.868   752   794 V WindowManager:         {WCT{RemoteToken{5218fe8 Task{dd43522 #1 type=home}}} m=TO_BACK f=SHOW_WALLPAPER leash=Surface(name=Task=1)/@0x8ddbd2e sb=Rect(0, 0 - 1080, 2400) eb=Rect(0, 0 - 1080, 2400) epz=Point(1080, 2400) d=0 taskParent=-1},
02-19 17:48:43.868   752   794 V WindowManager:         {m=TO_BACK f=IS_WALLPAPER leash=Surface(name=WallpaperWindowToken{35e0c0f showWhenLocked=false})/@0x512f5be sb=Rect(0, 0 - 1080, 2400) eb=Rect(0, 0 - 1080, 2400) epz=Point(1080, 2400) d=0}
02-19 17:48:43.868   752   794 V WindowManager:     ]}
02-19 17:48:43.881  4449  4488 V WindowManagerShell: onTransitionReady(transaction=3229815424374)
02-19 17:48:43.894  4449  4467 V WindowManagerShell: onTransitionReady (#588) android.os.BinderProxy@78a6936: {id=588 t=OPEN f=0x0 trk=0 r=[0@Point(0, 0)] c=[
02-19 17:48:43.894  4449  4467 V WindowManagerShell:         {m=TO_FRONT f=MOVE_TO_TOP leash=Surface(name=Task=56)/@0xf1d8be6 sb=Rect(0, 0 - 1080, 2400) eb=Rect(0, 0 - 1080, 2400) epz=Point(1080, 2400) d=0 taskParent=-1},
02-19 17:48:43.894  4449  4467 V WindowManagerShell:         {m=TO_BACK f=SHOW_WALLPAPER leash=Surface(name=Task=1)/@0xa18d527 sb=Rect(0, 0 - 1080, 2400) eb=Rect(0, 0 - 1080, 2400) epz=Point(1080, 2400) d=0 taskParent=-1},
02-19 17:48:43.894  4449  4467 V WindowManagerShell:         {m=TO_BACK f=IS_WALLPAPER leash=Surface(name=WallpaperWindowToken{35e0c0f showWhenLocked=false})/@0xaed3d4 sb=Rect(0, 0 - 1080, 2400) eb=Rect(0, 0 - 1080, 2400) epz=Point(1080, 2400) d=0}
02-19 17:48:43.894  4449  4467 V WindowManagerShell:     ]}
02-19 17:48:43.912  4449  4467 V WindowManagerShell: Playing animation for (#588) android.os.BinderProxy@78a6936@0
02-19 17:48:43.913  4449  4467 V ShellRecents: RecentsTransitionHandler.startAnimation: no controller found
02-19 17:48:43.913  4449  4467 V WindowManagerShell: Transition doesn't have explicit remote, search filters for match for {id=588 t=OPEN f=0x0 trk=0 r=[0@Point(0, 0)] c=[{m=TO_FRONT f=MOVE_TO_TOP leash=Surface(name=Task=56)/@0xf1d8be6 sb=Rect(0, 0 - 1080, 2400) eb=Rect(0, 0 - 1080, 2400) epz=Point(1080, 2400) d=0 taskParent=-1},{m=TO_BACK f=SHOW_WALLPAPER leash=Surface(name=Task=1)/@0xa18d527 sb=Rect(0, 0 - 1080, 2400) eb=Rect(0, 0 - 1080, 2400) epz=Point(1080, 2400) d=0 taskParent=-1},{m=TO_BACK f=IS_WALLPAPER leash=Surface(name=WallpaperWindowToken{35e0c0f showWhenLocked=false})/@0xaed3d4 sb=Rect(0, 0 - 1080, 2400) eb=Rect(0, 0 - 1080, 2400) epz=Point(1080, 2400) d=0}]}
02-19 17:48:43.913  4449  4467 V WindowManagerShell:  Checking filter Pair{{types=[] flags=0x0] notFlags=0x0 checks=[{atype=undefined independent=true modes=[CLOSE,TO_BACK] flags=IN_TASK_WITH_EMBEDDED_ACTIVITY mustBeTask=false order=ANY topActivity=null launchCookie=null taskFragmentToken=android.os.BinderProxy@dcfd27d windowingMode=undefined}]} RemoteTransition { remoteTransition = android.window.IRemoteTransition$Stub$Proxy@d4ce572, appThread = android.app.IApplicationThread$Stub$Proxy@fd29dc3, debugName = overlayBackTransition }}
02-19 17:48:43.913  4449  4467 V WindowManagerShell:  Checking filter Pair{{types=[] flags=0x0] notFlags=0x0 checks=[{atype=dream independent=true modes=[OPEN,TO_FRONT] flags=NONE mustBeTask=false order=ANY topActivity=null launchCookie=null windowingMode=undefined},{atype=home independent=true modes=[CLOSE,TO_BACK] flags=NONE mustBeTask=false order=ANY topActivity=null launchCookie=null windowingMode=undefined}]} RemoteTransition { remoteTransition = android.window.IRemoteTransition$Stub$Proxy@90c640, appThread = android.app.IApplicationThread$Stub$Proxy@f8c1979, debugName = LauncherToDream }}
02-19 17:48:43.913  4449  4467 V WindowManagerShell:  Checking filter Pair{{types=[] flags=0x0] notFlags=0x100 checks=[{atype=home independent=true modes=[OPEN,TO_FRONT] flags=NONE mustBeTask=false order=TOP topActivity=ComponentInfo{com.google.android.apps.nexuslauncher/com.google.android.apps.nexuslauncher.NexusLauncherActivity} launchCookie=null windowingMode=undefined},{atype=standard independent=true modes=[CLOSE,TO_BACK] flags=NONE mustBeTask=false order=ANY topActivity=null launchCookie=null windowingMode=undefined},{NOT atype=undefined independent=true modes=[] flags=NONE mustBeTask=true order=ANY topActivity=null launchCookie=null customAnim=true windowingMode=undefined}]} RemoteTransition { remoteTransition = android.window.IRemoteTransition$Stub$Proxy@affe6be, appThread = android.app.IApplicationThread$Stub$Proxy@c37531f, debugName = QuickstepLaunchHome }}
02-19 17:48:43.913  4449  4467 V WindowManagerShell:  Checking filter Pair{{types=[] flags=0x0] notFlags=0x0 checks=[{atype=undefined independent=true modes=[CLOSE,TO_BACK] flags=IN_TASK_WITH_EMBEDDED_ACTIVITY mustBeTask=false order=ANY topActivity=null launchCookie=null taskFragmentToken=android.os.BinderProxy@dcfd27d windowingMode=undefined}]} RemoteTransition { remoteTransition = android.window.IRemoteTransition$Stub$Proxy@3517b6e, appThread = android.app.IApplicationThread$Stub$Proxy@261420f, debugName = overlayBackTransition }}
02-19 17:48:43.913  4449  4467 V WindowManagerShell:  Checking filter Pair{{types=[] flags=0x0] notFlags=0x0 checks=[{atype=dream independent=true modes=[OPEN,TO_FRONT] flags=NONE mustBeTask=false order=ANY topActivity=null launchCookie=null windowingMode=undefined},{atype=home independent=true modes=[CLOSE,TO_BACK] flags=NONE mustBeTask=false order=ANY topActivity=null launchCookie=null windowingMode=undefined}]} RemoteTransition { remoteTransition = android.window.IRemoteTransition$Stub$Proxy@c23e29c, appThread = android.app.IApplicationThread$Stub$Proxy@afb34a5, debugName = LauncherToDream }}
02-19 17:48:43.914  4449  4467 V WindowManagerShell:  Checking filter Pair{{types=[] flags=0x0] notFlags=0x100 checks=[{atype=home independent=true modes=[OPEN,TO_FRONT] flags=NONE mustBeTask=false order=TOP topActivity=ComponentInfo{com.google.android.apps.nexuslauncher/com.google.android.apps.nexuslauncher.NexusLauncherActivity} launchCookie=null windowingMode=undefined},{atype=standard independent=true modes=[CLOSE,TO_BACK] flags=NONE mustBeTask=false order=ANY topActivity=null launchCookie=null windowingMode=undefined},{NOT atype=undefined independent=true modes=[] flags=NONE mustBeTask=true order=ANY topActivity=null launchCookie=null customAnim=true windowingMode=undefined}]} RemoteTransition { remoteTransition = android.window.IRemoteTransition$Stub$Proxy@39de07a, appThread = android.app.IApplicationThread$Stub$Proxy@cf9f02b, debugName = QuickstepLaunchHome }}
02-19 17:48:43.914  4449  4467 V WindowManagerShell:  Delegate animation for (#588) to null
02-19 17:48:43.914  4449  4467 V WindowManagerShell: start default transition animation, info = {id=588 t=OPEN f=0x0 trk=0 r=[0@Point(0, 0)] c=[{m=TO_FRONT f=MOVE_TO_TOP leash=Surface(name=Task=56)/@0xf1d8be6 sb=Rect(0, 0 - 1080, 2400) eb=Rect(0, 0 - 1080, 2400) epz=Point(1080, 2400) d=0 taskParent=-1},{m=TO_BACK f=SHOW_WALLPAPER leash=Surface(name=Task=1)/@0xa18d527 sb=Rect(0, 0 - 1080, 2400) eb=Rect(0, 0 - 1080, 2400) epz=Point(1080, 2400) d=0 taskParent=-1},{m=TO_BACK f=IS_WALLPAPER leash=Surface(name=WallpaperWindowToken{35e0c0f showWhenLocked=false})/@0xaed3d4 sb=Rect(0, 0 - 1080, 2400) eb=Rect(0, 0 - 1080, 2400) epz=Point(1080, 2400) d=0}]}
02-19 17:48:44.042  4449  4467 V WindowManagerShell: loadAnimation: anim=android.view.animation.AnimationSet@4b39cc3 animAttr=0x13 type=OPEN isEntrance=false
02-19 17:48:44.119  4449  4467 V WindowManagerShell: loadAnimation: anim=android.view.animation.AnimationSet@7a9421f animAttr=0x12 type=OPEN isEntrance=true
02-19 17:48:44.120  4449  4467 V WindowManagerShell:  animated by com.android.wm.shell.transition.DefaultTransitionHandler@f74d823
02-19 17:48:44.448  4449  4467 V WindowManagerShell: Transition animation finished (aborted=false), notifying core (#588) android.os.BinderProxy@78a6936@0
02-19 17:48:44.452   752   794 V WindowManager: Finish Transition (#588): created at 02-19 17:48:43.709 collect-started=0.102ms request-sent=9.465ms started=12.497ms ready=41.623ms sent=156.213ms commit=301.384ms finished=741.243ms
02-19 17:48:44.454  4449  4467 V WindowManagerShell: Track 0 became idle
02-19 17:48:44.455  7804  7804 D VRI[NexusLauncherActivity]: visibilityChanged oldVisibility=true newVisibility=false
02-19 17:48:44.455  4449  4467 V WindowManagerShell: All active transition animations finished
02-19 17:48:44.465  7804  7804 D RecentsView: updateTaskStackListenerState: false
02-19 17:48:44.465  7804  7804 D NexusLauncherModelDelegate: notifySmartspaceEvent: SmartspaceTargetEvent{mSmartspaceTarget=null, mSmartspaceActionId='null', mEventType=7}
02-19 17:48:45.191   752  2368 D CoreBackPreview: Window{14264a7 u0 viva.republica.toss.test/im.toss.rn.granite.core.GraniteActivity}: Setting back callback OnBackInvokedCallbackInfo{mCallback=android.window.IOnBackInvokedCallback$Stub$Proxy@851d4fd, mPriority=0, mIsAnimationCallback=false, mOverrideBehavior=0}
02-19 17:48:45.191  7388  7388 W unknown:ReactRootView: Unable to update root layout specs for uninitialized ReactInstanceManager
02-19 17:48:45.305  7388  7388 I Choreographer: Skipped 49 frames!  The application may be doing too much work on its main thread.
02-19 17:48:45.317  7388  7398 I HWUI    : Davey! duration=804ms; Flags=1, FrameTimelineVsyncId=1784305, IntendedVsync=102398304844258, Vsync=102398304844258, InputEventId=0, HandleInputStart=102398310304624, AnimationStart=102398310305722, PerformTraversalsStart=102398310306190, DrawStart=102399050049347, FrameDeadline=102398321510924, FrameStartTime=102398310301010, FrameInterval=16666666, WorkloadTarget=16666666, SyncQueued=102399050774892, SyncStart=102399051420687, IssueDrawCommandsStart=102399051791948, SwapBuffers=102399052355632, FrameCompleted=102399109848916, DequeueBufferDuration=6705, QueueBufferDuration=1846738, GpuCompleted=102399109848916, SwapBuffersCompleted=102399108488721, DisplayPresentTime=0, CommandSubmissionCompleted=102399052355632, 
02-19 17:48:45.540  7388 11634 W unknown:ReconnectingWebSocket: Couldn't connect to "ws://10.0.2.2:8081/message?device=sdk_gphone64_x86_64%20-%2016%20-%20API%2036&app=viva.republica.toss.test&clientid=BridgeDevSupportManager", will silently retry
02-19 17:48:45.541  7388 11635 W unknown:InspectorPackagerConnection: Couldn't connect to packager, will silently retry
02-19 17:48:45.635   752   989 I ImeTracker: viva.republica.toss.test:5ea6f57: onRequestHide at ORIGIN_SERVER reason HIDE_UNSPECIFIED_WINDOW fromUser false
02-19 17:48:45.640  1563  1563 I GoogleInputMethodService: GoogleInputMethodService.onFinishInput():2043 
02-19 17:48:45.642   752  2368 I ImeTracker: system_server:4b70e0cb: onRequestHide at ORIGIN_SERVER reason IME_REQUESTED_CHANGED_LISTENER fromUser false
02-19 17:48:45.649  7804  7804 D BaseDepthController: setSurface:
02-19 17:48:45.649  7804  7804 D BaseDepthController: 	mWaitingOnSurfaceValidity: false
02-19 17:48:45.649  7804  7804 D BaseDepthController: 	mBaseSurface: null
02-19 17:48:45.649  1563  1563 I Module  : DeviceLockedStatusModuleProvider$Module.updateDeviceLockedStatus():100 repeatCheckTimes = 0, locked = false
02-19 17:48:45.651  7804  7804 D BaseDepthController: mSurface is null and mCurrentBlur is: 23
02-19 17:48:45.653  7804  7804 D StateManager: goToState - fromState: Overview, toState: Normal, partial trace:
02-19 17:48:45.653  7804  7804 D StateManager: 	at com.android.launcher3.statemanager.StateManager.moveToRestState(go/retraceme 72a59688580715d19f0e415c69e80376c2f062d1648c80db6730905005a27c20:4)
02-19 17:48:45.653  7804  7804 D StateManager: 	at com.android.launcher3.statemanager.StateManager.moveToRestState(go/retraceme 72a59688580715d19f0e415c69e80376c2f062d1648c80db6730905005a27c20:1)
02-19 17:48:45.653  7804  7804 D StateManager: 	at com.android.launcher3.statemanager.StatefulActivity.onStop(go/retraceme 72a59688580715d19f0e415c69e80376c2f062d1648c80db6730905005a27c20:34)
02-19 17:48:45.657  7388  7388 D InsetsController: hide(ime(), fromIme=false)
02-19 17:48:45.658  7388  7388 I ImeTracker: viva.republica.toss.test:5ea6f57: onCancelled at PHASE_CLIENT_ALREADY_HIDDEN
02-19 17:48:45.715  7804  7804 D StateManager: onStateTransitionStart - state: Normal
02-19 17:48:45.717  1563  1563 I GoogleInputMethodService: GoogleInputMethodService.onStartInput():1293 onStartInput(EditorInfo{EditorInfo{packageName=viva.republica.toss.test, inputType=0, inputTypeString=NULL, enableLearning=false, autoCorrection=false, autoComplete=false, imeOptions=0, privateImeOptions=null, actionName=UNSPECIFIED, actionLabel=null, initialSelStart=-1, initialSelEnd=-1, initialCapsMode=0, label=null, fieldId=0, fieldName=null, extras=null, hintText=null, hintLocales=[]}}, false)
02-19 17:48:45.724  7804  7804 D BaseDepthController: mSurface is null and mCurrentBlur is: 23
02-19 17:48:45.728  7804  7804 D KeyboardInsetsHandler: setState, toState:Normal StateManager(mLastStableState:Normal, mCurrentStableState:Overview, mState:Normal, mRestState:null, isInTransition:false)
02-19 17:48:45.728  7804  7804 D StateManager: onStateTransitionEnd - state: Normal
02-19 17:48:45.729  7804  7804 D RecentsView: reset - mEnableDrawingLiveTile: false, mRecentsAnimationController: null
02-19 17:48:45.730  1563  1563 I Module  : DeviceLockedStatusModuleProvider$Module.updateDeviceLockedStatus():100 repeatCheckTimes = 1, locked = false
02-19 17:48:45.730  7804  7804 I AiAiSuggestUi: Clearing suggestions.
02-19 17:48:45.731  1563  1563 I EmojiCompatManager: EmojiCompatManager.getEmojiCompatIfLoaded():343 EmojiCompat.init() was never called.
02-19 17:48:45.731  1563  1563 I EmojiCompatManager: java.lang.IllegalStateException: EmojiCompat is not initialized. Please call EmojiCompat.init() first
02-19 17:48:45.731  1563  1563 I EmojiCompatManager: 	at asx.p(PG:6)
02-19 17:48:45.731  1563  1563 I EmojiCompatManager: 	at axb.b(PG:13)
02-19 17:48:45.731  1563  1563 I EmojiCompatManager: 	at jnr.b(PG:2)
02-19 17:48:45.731  1563  1563 I EmojiCompatManager: 	at jnr.c(PG:4)
02-19 17:48:45.731  1563  1563 I EmojiCompatManager: 	at jnr.f(PG:3)
02-19 17:48:45.731  1563  1563 I EmojiCompatManager: 	at jnx.c(PG:3)
02-19 17:48:45.731  1563  1563 I EmojiCompatManager: 	at kif.cz(PG:47)
02-19 17:48:45.731  1563  1563 I EmojiCompatManager: 	at lhl.run(PG:1025)
02-19 17:48:45.731  1563  1563 I EmojiCompatManager: 	at jaf.execute(PG:12)
02-19 17:48:45.731  1563  1563 I EmojiCompatManager: 	at nco.v(PG:13)
02-19 17:48:45.731  1563  1563 I EmojiCompatManager: 	at lhn.m(PG:96)
02-19 17:48:45.731  1563  1563 I EmojiCompatManager: 	at lhn.k(PG:25)
02-19 17:48:45.731  1563  1563 I EmojiCompatManager: 	at kgn.onStartInput(PG:250)
02-19 17:48:45.731  1563  1563 I EmojiCompatManager: 	at android.inputmethodservice.InputMethodService.doStartInput(InputMethodService.java:3521)
02-19 17:48:45.731  1563  1563 I EmojiCompatManager: 	at android.inputmethodservice.InputMethodService$InputMethodImpl.startInput(InputMethodService.java:879)
02-19 17:48:45.731  1563  1563 I EmojiCompatManager: 	at android.inputmethodservice.InputMethodService$InputMethodImpl.dispatchStartInput(InputMethodService.java:908)
02-19 17:48:45.731  1563  1563 I EmojiCompatManager: 	at android.inputmethodservice.IInputMethodWrapper.executeMessage(IInputMethodWrapper.java:201)
02-19 17:48:45.731  1563  1563 I EmojiCompatManager: 	at com.android.internal.os.HandlerCaller$MyHandler.handleMessage(HandlerCaller.java:44)
02-19 17:48:45.731  1563  1563 I EmojiCompatManager: 	at android.os.Handler.dispatchMessage(Handler.java:110)
02-19 17:48:45.731  1563  1563 I EmojiCompatManager: 	at android.os.Looper.loopOnce(Looper.java:248)
02-19 17:48:45.731  1563  1563 I EmojiCompatManager: 	at android.os.Looper.loop(Looper.java:338)
02-19 17:48:45.731  1563  1563 I EmojiCompatManager: 	at android.app.ActivityThread.main(ActivityThread.java:9067)
02-19 17:48:45.731  1563  1563 I EmojiCompatManager: 	at java.lang.reflect.Method.invoke(Native Method)
02-19 17:48:45.731  1563  1563 I EmojiCompatManager: 	at com.android.internal.os.RuntimeInit$MethodAndArgsCaller.run(RuntimeInit.java:593)
02-19 17:48:45.731  1563  1563 I EmojiCompatManager: 	at com.android.internal.os.ZygoteInit.main(ZygoteInit.java:932)
02-19 17:48:45.732  7804  7804 I AiAiSuggestUi: Clearing suggestions.
02-19 17:48:45.732  7804  7804 D ActivityAllAppsContainerView: rebindAdapters: force: false
02-19 17:48:45.732  7804  7804 D ActivityAllAppsContainerView: rebindAdapters: Not needed.
02-19 17:48:45.744   752   797 I ImeTracker: system_server:4b70e0cb: onCancelled at PHASE_SERVER_SHOULD_HIDE
02-19 17:48:45.745   752  1454 W PackageConfigPersister: App-specific configuration not found for packageName: viva.republica.toss.test and userId: 0
02-19 17:48:45.752   752  1095 D BackgroundInstallControlService: Package event received: 0
02-19 17:48:45.753  7804  7804 D StatsLog: LAUNCHER_ONSTOP
02-19 17:48:45.754  7804  7804 D StatsLog: LAUNCHER_GOOGLE_SEARCH_RESTORE_LIST_SIZE_AFTER_ACTIVITY_RESTART
02-19 17:48:45.883  7804  7804 D OverviewActionsView: updateForGroupedTask() called with: isGroupedTask = [false], canSaveAppPair = [false]
02-19 17:48:45.883  7804  7804 D OverviewActionsView: updateActionButtonsVisibility() called: showSingleTaskActions = [true], showGroupActions = [false]
02-19 17:48:45.884  4449  4474 W WindowOnBackDispatcher: sendCancelIfRunning: isInProgress=false callback=android.view.ViewRootImpl$$ExternalSyntheticLambda13@6482f2f
02-19 17:48:45.885   752  1095 D BackgroundInstallControlService: Package event received: 0
02-19 17:48:45.887   752  1454 D CoreBackPreview: Window{ab4a245 u0 Splash Screen viva.republica.toss.test EXITING}: Setting back callback null
02-19 17:48:45.906   752   794 I ActivityTaskManager: Displayed viva.republica.toss.test/im.toss.rn.granite.core.GraniteActivity for user 0: +1s563ms
02-19 17:48:45.907   752   794 W Looper  : Slow dispatch took 636ms android.fg app=system_server main=false group=FOREGROUND h=android.os.Handler c=com.android.server.wm.ActivityMetricsLogger$$ExternalSyntheticLambda0@3fe23f0 m=0
02-19 17:48:45.909   752   794 W Looper  : Slow delivery took 639ms android.fg app=system_server main=false group=FOREGROUND h=android.os.Handler c=com.android.server.wm.ActivityMetricsLogger$$ExternalSyntheticLambda8@dc89d69 m=0
02-19 17:48:45.991  7388  7388 E unknown:ReactRootView: Unhandled SoftException
02-19 17:48:45.991  7388  7388 E unknown:ReactRootView: com.facebook.react.uimanager.IllegalViewOperationException: Trying to attach a ReactRootView with an explicit id already set to [2131362676]. React Native uses the id field to track react tags and will overwrite this field. If that is fine, explicitly overwrite the id field to View.NO_ID.
02-19 17:48:45.991  7388  7388 E unknown:ReactRootView: 	at com.facebook.react.ReactRootView.attachToReactInstanceManager(:799)
02-19 17:48:45.991  7388  7388 E unknown:ReactRootView: 	at com.facebook.react.ReactRootView.startReactApplication(:509)
02-19 17:48:45.991  7388  7388 E unknown:ReactRootView: 	at com.facebook.react.ReactRootView.startReactApplication(:469)
02-19 17:48:45.991  7388  7388 E unknown:ReactRootView: 	at im.toss.rn.granite.core.GraniteActivity.write(:486)
02-19 17:48:45.991  7388  7388 E unknown:ReactRootView: 	at im.toss.rn.granite.core.GraniteActivity.RemoteActionCompatParcelizer(:124)
02-19 17:48:45.991  7388  7388 E unknown:ReactRootView: 	at im.toss.rn.granite.core.GraniteActivity$RemoteActionCompatParcelizer.IconCompatParcelizer(:65353)
02-19 17:48:45.991  7388  7388 E unknown:ReactRootView: 	at o.sh.a_(:33)
02-19 17:48:45.991  7388  7388 E unknown:ReactRootView: 	at o.xP.run(:100)
02-19 17:48:45.991  7388  7388 E unknown:ReactRootView: 	at android.os.Handler.handleCallback(Handler.java:995)
02-19 17:48:45.991  7388  7388 E unknown:ReactRootView: 	at android.os.Handler.dispatchMessage(Handler.java:103)
02-19 17:48:45.991  7388  7388 E unknown:ReactRootView: 	at android.os.Looper.loopOnce(Looper.java:248)
02-19 17:48:45.991  7388  7388 E unknown:ReactRootView: 	at android.os.Looper.loop(Looper.java:338)
02-19 17:48:45.991  7388  7388 E unknown:ReactRootView: 	at android.app.ActivityThread.main(ActivityThread.java:9067)
02-19 17:48:45.991  7388  7388 E unknown:ReactRootView: 	at java.lang.reflect.Method.invoke(Native Method)
02-19 17:48:45.991  7388  7388 E unknown:ReactRootView: 	at com.android.internal.os.RuntimeInit$MethodAndArgsCaller.run(RuntimeInit.java:593)
02-19 17:48:45.991  7388  7388 E unknown:ReactRootView: 	at com.android.internal.os.ZygoteInit.main(ZygoteInit.java:932)
02-19 17:48:46.026  7804  7808 W s.nexuslauncher: Reducing the number of considered missed Gc histogram windows from 1084 to 100
02-19 17:48:46.036  7804  7810 W System  : A resource failed to call release. 
02-19 17:48:46.036  7804  7810 W System  : A resource failed to call release. 
02-19 17:48:46.036  7804  7810 W System  : A resource failed to call release. 
02-19 17:48:46.036  7804  7810 W System  : A resource failed to call release. 
02-19 17:48:46.038  7804  7810 W System  : A resource failed to call release. 
02-19 17:48:46.038  7804  7810 W System  : A resource failed to call release. 
02-19 17:48:46.038  7804  7810 W System  : A resource failed to call release. 
02-19 17:48:46.753   752   798 I Choreographer: Skipped 34 frames!  The application may be doing too much work on its main thread.
02-19 17:48:46.753  7804  7804 I Choreographer: Skipped 34 frames!  The application may be doing too much work on its main thread.
02-19 17:48:46.758  7388  7388 I Choreographer: Skipped 35 frames!  The application may be doing too much work on its main thread.
02-19 17:48:46.761   752  2505 D CoreBackPreview: Window{4c6a0fa u0 PopupWindow:a6d701f}: Setting back callback OnBackInvokedCallbackInfo{mCallback=android.window.IOnBackInvokedCallback$Stub$Proxy@fbd90a1, mPriority=0, mIsAnimationCallback=false, mOverrideBehavior=0}
02-19 17:48:47.015  7388  7397 I HWUI    : Davey! duration=799ms; Flags=1, FrameTimelineVsyncId=1784720, IntendedVsync=102400021510856, Vsync=102400604844166, InputEventId=0, HandleInputStart=102400605690228, AnimationStart=102400605691207, PerformTraversalsStart=102400605691433, DrawStart=102400749517926, FrameDeadline=102400038177522, FrameStartTime=102400604909767, FrameInterval=16666666, WorkloadTarget=16666666, SyncQueued=102400792664624, SyncStart=102400793095197, IssueDrawCommandsStart=102400793201586, SwapBuffers=102400795971614, FrameCompleted=102400821792183, DequeueBufferDuration=7079, QueueBufferDuration=648379, GpuCompleted=102400821792183, SwapBuffersCompleted=102400800431411, DisplayPresentTime=0, CommandSubmissionCompleted=102400795971614, 
02-19 17:48:47.175   752   794 W Looper  : Drained
02-19 17:48:47.280   752  1856 E TaskPersister: File error accessing recents directory (directory doesn't exist?).
02-19 17:48:47.953 11642 11642 W dumpsys : Thread Pool max thread count is 0. Cannot cache binder as linkToDeath cannot be implemented. serviceName: window
02-19 17:48:48.395  7388  7388 W WindowOnBackDispatcher: sendCancelIfRunning: isInProgress=false callback=android.view.ViewRootImpl$$ExternalSyntheticLambda13@502ef3b
02-19 17:48:48.395   752  1454 D CoreBackPreview: Window{4c6a0fa u0 PopupWindow:a6d701f}: Setting back callback null
02-19 17:48:49.185   752  1021 D NetworkStatsObservers: Registering observer for RequestInfo from pid/uid:752/1000(android) for DataUsageRequest [ requestId=59, networkTemplate=NetworkTemplate: matchRule=MOBILE, matchSubscriberIds=[310260...], matchWifiNetworkKeys=[], metered=YES, defaultNetwork=NO, thresholdInBytes=3872703 ] accessLevel:3
02-19 17:48:49.186   752  1156 D NetworkStatsObservers: Unregistering RequestInfo from pid/uid:752/1000(android) for DataUsageRequest [ requestId=58, networkTemplate=NetworkTemplate: matchRule=MOBILE, matchSubscriberIds=[310260...], matchWifiNetworkKeys=[], metered=YES, defaultNetwork=NO, thresholdInBytes=3873088 ] accessLevel:3
02-19 17:48:49.490  7388 11647 W unknown:ReactContext: initializeMessageQueueThreads() is called.
02-19 17:48:49.493  7388  7388 W unknown:ReactNative: Packager connection already open, nooping.
