--------- beginning of main
02-19 18:46:52.130   531   568 W EventThread: Faking VSYNC due to driver stall for thread app
02-19 18:46:52.134 16566 16566 I Choreographer: Skipped 520 frames!  The application may be doing too much work on its main thread.
02-19 18:46:52.138 27008 27008 I wpa_supplicant: wlan0: CTRL-EVENT-BEACON-LOSS 
--------- beginning of system
02-19 18:46:52.654   752   795 W ActivityTaskManager: callingPackage for (uid=-1, pid=0) has no WPC
02-19 18:46:52.654   752   795 W ActivityStartInterceptor: Starting home with component specified, uid=0
02-19 18:46:52.658   752   795 W OptProp : Cannot read opt property android.window.PROPERTY_COMPAT_ALLOW_USER_ASPECT_RATIO_OVERRIDE
02-19 18:46:52.658  4449  4449 I vol.VolumeDialogImpl: mDialog.dismiss() reason: volume_controller from: com.android.systemui.volume.VolumeDialogImpl$7.onDismissRequested:3
02-19 18:46:52.658   752   795 W OptProp : Cannot read opt property android.window.PROPERTY_COMPAT_ALLOW_USER_ASPECT_RATIO_FULLSCREEN_OVERRIDE
02-19 18:46:52.659   752   795 W OptProp : Cannot read opt property android.window.PROPERTY_COMPAT_ALLOW_RESIZEABLE_ACTIVITY_OVERRIDES
02-19 18:46:52.660   752   795 W OptProp : Cannot read opt property android.window.PROPERTY_COMPAT_ALLOW_MIN_ASPECT_RATIO_OVERRIDE
02-19 18:46:52.661   752   795 V GrammaticalInflectionUtils: AttributionSource: android.content.AttributionSource@1abea79a does not have READ_SYSTEM_GRAMMATICAL_GENDER permission.
02-19 18:46:52.668  4449  4467 V WindowManagerShell: Transition requested (#680): android.os.BinderProxy@9fde789 TransitionRequestInfo { type = OPEN, triggerTask = TaskInfo{userId=0 taskId=5 effectiveUid=10182 displayId=0 isRunning=true baseIntent=Intent { act=android.intent.action.MAIN cat=[android.intent.category.HOME] flg=0x10000100 cmp=com.google.android.apps.nexuslauncher/.NexusLauncherActivity } baseActivity=ComponentInfo{com.google.android.apps.nexuslauncher/com.google.android.apps.nexuslauncher.NexusLauncherActivity} topActivity=ComponentInfo{com.google.android.apps.nexuslauncher/com.google.android.apps.nexuslauncher.NexusLauncherActivity} origActivity=null realActivity=ComponentInfo{com.google.android.apps.nexuslauncher/com.google.android.apps.nexuslauncher.NexusLauncherActivity} numActivities=1 lastActiveTime=105886512 supportsMultiWindow=true resizeMode=2 isResizeable=true minWidth=-1 minHeight=-1 defaultMinSize=220 token=WCT{android.window.IWindowContainerToken$Stub$Proxy@a9d838e} topActivityType=2 pictureInPictureParams=null shouldDockBigOverlays=false launchIntoPipHostTaskId=-1 lastParentTaskIdBeforePip=-1 displayCutoutSafeInsets=Rect(0, 0 - 0, 0) topActivityInfo=ActivityInfo{fa77af com.google.android.apps.nexuslauncher.NexusLauncherActivity} launchCookies=[] positionInParent=Point(0, 0) parentTaskId=-1 isFocused=true isVisible=false isVisibleRequested=true isTopActivityNoDisplay=false isSleeping=false locusId=LocusId[17_chars] displayAreaFeatureId=1 isTopActivityTransparent=false isActivityStackTransparent=false lastNonFullscreenBounds=Rect(284, 660 - 796, 1740) capturedLink=null capturedLinkTimestamp=0 requestedVisibleTypes=-9 topActivityRequestOpenInBrowserEducationTimestamp=0 appCompatTaskInfo=AppCompatTaskInfo { topActivityInSizeCompat=false eligibleForLetterboxEducation= false isLetterboxEducationEnabled= true isLetterboxDoubleTapEnabled= false eligibleForUserAspectRatioButton= false topActivityBoundsLetterboxed= false isFromLetterboxDoubleTap= false topActivityLetterboxVerticalPosition= -1 topActivityLetterboxHorizontalPosition= -1 topActivityLetterboxWidth=-1 topActivityLetterboxHeight=-1 topActivityAppBounds=Rect(0, 0 - 1080, 2400) isUserFullscreenOverrideEnabled=false isSystemFullscreenOverrideEnabled=false hasMinAspectRatioOverride=false topActivityLetterboxBounds=null cameraCompatTaskInfo=CameraCompatTaskInfo { freeformCameraCompatMode=inactive}} topActivityMainWindowFrame=null}, pipChange = null, remoteTransition = null, displayChange = null, flags = 0, debugId = 680 }
02-19 18:46:52.668  4449  4467 D ShellSplitScreen: logExit: no-op, mLoggerSessionId is null
02-19 18:46:52.668  7804  7804 D ViewRootImpl: Skipping stats log for color mode
02-19 18:46:52.670   752   795 I ActivityTaskManager: START u0 {act=android.intent.action.MAIN cat=[android.intent.category.HOME] flg=0x10000100 cmp=com.google.android.apps.nexuslauncher/.NexusLauncherActivity (has extras)} with LAUNCH_SINGLE_TASK from uid 0 (BAL_ALLOW_ALLOWLISTED_UID) result code=2
02-19 18:46:52.670  7804  7804 D TFOManager: playPanelCloseAnimation() duration=200 traceTag=LauncherOverlay-hide isHomeButtonTap=true
02-19 18:46:52.670  7804  7804 D TFOManager: Skipped creating panel close animation because -1 is invisible.
02-19 18:46:52.670  7804  7804 D OverviewCommandHelper: clearing pending commands: []
02-19 18:46:52.672  4449  4467 D WindowManagerShell: setLauncherKeepClearAreaHeight: visible=true, height=527
02-19 18:46:52.674   752  1095 D BackgroundInstallControlService: Package event received: 0
02-19 18:46:52.674   752  1095 D BackgroundInstallControlService: Package event received: 0
02-19 18:46:52.675   752   797 W IPCThreadState: Sending oneway calls to frozen process.
02-19 18:46:52.675   752   797 W IPCThreadState: Sending oneway calls to frozen process.
02-19 18:46:52.671  7804  7804 D StatsLog: LAUNCHER_ONRESUME
02-19 18:46:52.675   752   797 W IPCThreadState: Sending oneway calls to frozen process.
02-19 18:46:52.675   752   797 W IPCThreadState: Sending oneway calls to frozen process.
02-19 18:46:52.675  4449  4467 D WindowManagerShell: onActivityRestartAttempt: topActivity=ComponentInfo{com.google.android.apps.nexuslauncher/com.google.android.apps.nexuslauncher.NexusLauncherActivity}, wasVisible=false
02-19 18:46:52.676   752  1095 D BackgroundInstallControlService: Package event received: 0
02-19 18:46:52.677   752   797 W IPCThreadState: Sending oneway calls to frozen process.
02-19 18:46:52.677   752   797 W IPCThreadState: Sending oneway calls to frozen process.
02-19 18:46:52.677   752   797 W IPCThreadState: Sending oneway calls to frozen process.
02-19 18:46:52.678   752   797 W IPCThreadState: Sending oneway calls to frozen process.
02-19 18:46:52.678   752   797 W IPCThreadState: Sending oneway calls to frozen process.
02-19 18:46:52.679   752   797 W ProcessStats: Tracking association SourceState{1b917ca system/1000 BFgs #21228} whose proc state 4 is better than process ProcessState{42c4ef0 com.google.android.ext.services/10208 pkg=com.google.android.ext.services} proc state 14 (8 skipped)
02-19 18:46:52.679  7804  7823 D QuickstepModelDelegate: notifyAppTargetEvent action=1 launchLocation=workspace/0/[-1,-1]/[1,1]
02-19 18:46:52.680   752  1095 D BackgroundInstallControlService: Package event received: 0
02-19 18:46:52.680   752  1095 D BackgroundInstallControlService: Package event received: 0
02-19 18:46:52.680   752  1095 D BackgroundInstallControlService: Package event received: 0
02-19 18:46:52.680   752  1095 D BackgroundInstallControlService: Package event received: 0
02-19 18:46:52.681   752  1095 D BackgroundInstallControlService: Package event received: 0
02-19 18:46:52.681   752  1095 D BackgroundInstallControlService: Package event received: 0
02-19 18:46:52.681   752  1095 D BackgroundInstallControlService: Package event received: 0
02-19 18:46:52.681   752  1095 D BackgroundInstallControlService: Package event received: 0
02-19 18:46:52.681   752  1095 D BackgroundInstallControlService: Package event received: 0
02-19 18:46:52.681   752  1095 D BackgroundInstallControlService: Package event received: 0
02-19 18:46:52.681   752  1095 D BackgroundInstallControlService: Package event received: 0
02-19 18:46:52.684  1971  2198 I AiAiEcho: Predicting[0]:  [CONTEXT sampling_count=5 ]
02-19 18:46:52.684  1971  2198 I AiAiEcho: EchoTargets: 
02-19 18:46:52.684  1971  2198 I AiAiEcho: Filtered by AiAi flag check: 
02-19 18:46:52.684  1971  2198 I AiAiEcho: [CONTEXT ratelimit_period="10 SECONDS" ]
02-19 18:46:52.684  1971  2198 I AiAiEcho: #remoteViewsTwiddler: feature disabled.
02-19 18:46:52.685  1971  2198 I AiAiEcho: #postPredictionTargets: Sending updates to UISurface home with targets# 0 (types=[])
02-19 18:46:52.699   531   531 I BpBinder: onLastStrongRef automatically unlinking death recipients: 
02-19 18:46:52.728  7804  7804 D NexusLauncherModelDelegate: notifySmartspaceEvent: SmartspaceTargetEvent{mSmartspaceTarget=null, mSmartspaceActionId='null', mEventType=6}
02-19 18:46:52.735  7804  7804 D BaseDepthController: setSurface:
02-19 18:46:52.735  7804  7804 D BaseDepthController: 	mWaitingOnSurfaceValidity: false
02-19 18:46:52.735  7804  7804 D BaseDepthController: 	mBaseSurface: Surface(name=com.google.android.apps.nexuslauncher/com.google.android.apps.nexuslauncher.NexusLauncherActivity)/@0x6e8fc4f
02-19 18:46:52.846  7804  7804 D ActivityAllAppsContainerView: rebindAdapters: force: false
02-19 18:46:52.846  7804  7804 D ActivityAllAppsContainerView: rebindAdapters: Not needed.
02-19 18:46:52.849   531   590 I BpBinder: onLastStrongRef automatically unlinking death recipients: 
02-19 18:46:52.849  7804  7804 I NotificationListener: Handling notification state refresh for com.google.android.adservices.api#0
02-19 18:46:52.850  7804  7804 I NotificationListener: Handling notification state refresh for android#0
02-19 18:46:52.850  7804  7804 I NotificationListener: Handling notification state refresh for com.android.systemui#0
02-19 18:46:52.851  7804  7804 D SsBaseTemplateCard: No text view can be set up
02-19 18:46:52.851  7804  7804 D SsBaseTemplateCard: Passed-in item info is null
02-19 18:46:52.851  7804  7804 D SsBaseTemplateCard: Passed-in item info is null
02-19 18:46:52.852  7804  7804 D SsBaseTemplateCard: Passed-in item info is null
02-19 18:46:52.852  7804  7804 I SsBaseTemplateCard: Secondary card pane is null
02-19 18:46:52.858  4449 22842 V WindowManagerShell: onTransitionReady(transaction=3229815426834)
02-19 18:46:52.859  4449  4467 V WindowManagerShell: onTransitionReady (#680) android.os.BinderProxy@9fde789: {id=680 t=OPEN f=0x0 trk=0 r=[0@Point(0, 0)] c=[
02-19 18:46:52.859  4449  4467 V WindowManagerShell:         {m=TO_FRONT f=SHOW_WALLPAPER|MOVE_TO_TOP leash=Surface(name=Task=1)/@0xb7677bc sb=Rect(0, 0 - 1080, 2400) eb=Rect(0, 0 - 1080, 2400) epz=Point(1080, 2400) d=0 taskParent=-1},
02-19 18:46:52.859  4449  4467 V WindowManagerShell:         {m=TO_BACK f=NONE leash=Surface(name=Task=78)/@0x1547345 sb=Rect(0, 0 - 1080, 2400) eb=Rect(0, 0 - 1080, 2400) epz=Point(1080, 2400) d=0 taskParent=-1},
02-19 18:46:52.859  4449  4467 V WindowManagerShell:         {m=TO_FRONT f=IS_WALLPAPER leash=Surface(name=WallpaperWindowToken{35e0c0f showWhenLocked=false})/@0x8724a9a sb=Rect(0, 0 - 1080, 2400) eb=Rect(0, 0 - 1080, 2400) epz=Point(1080, 2400) d=0}
02-19 18:46:52.859  4449  4467 V WindowManagerShell:     ]}
02-19 18:46:52.859  4449  4467 V WindowManagerShell: Playing animation for (#680) android.os.BinderProxy@9fde789@0
02-19 18:46:52.860  4449  4467 V ShellRecents: RecentsTransitionHandler.startAnimation: no controller found
02-19 18:46:52.860  4449  4467 V WindowManagerShell: Transition doesn't have explicit remote, search filters for match for {id=680 t=OPEN f=0x0 trk=0 r=[0@Point(0, 0)] c=[{m=TO_FRONT f=SHOW_WALLPAPER|MOVE_TO_TOP leash=Surface(name=Task=1)/@0xb7677bc sb=Rect(0, 0 - 1080, 2400) eb=Rect(0, 0 - 1080, 2400) epz=Point(1080, 2400) d=0 taskParent=-1},{m=TO_BACK f=NONE leash=Surface(name=Task=78)/@0x1547345 sb=Rect(0, 0 - 1080, 2400) eb=Rect(0, 0 - 1080, 2400) epz=Point(1080, 2400) d=0 taskParent=-1},{m=TO_FRONT f=IS_WALLPAPER leash=Surface(name=WallpaperWindowToken{35e0c0f showWhenLocked=false})/@0x8724a9a sb=Rect(0, 0 - 1080, 2400) eb=Rect(0, 0 - 1080, 2400) epz=Point(1080, 2400) d=0}]}
02-19 18:46:52.860  4449  4467 V WindowManagerShell:  Checking filter Pair{{types=[] flags=0x0] notFlags=0x0 checks=[{atype=undefined independent=true modes=[CLOSE,TO_BACK] flags=IN_TASK_WITH_EMBEDDED_ACTIVITY mustBeTask=false order=ANY topActivity=null launchCookie=null taskFragmentToken=android.os.BinderProxy@dcfd27d windowingMode=undefined}]} RemoteTransition { remoteTransition = android.window.IRemoteTransition$Stub$Proxy@d4ce572, appThread = android.app.IApplicationThread$Stub$Proxy@fd29dc3, debugName = overlayBackTransition }}
02-19 18:46:52.860  4449  4467 V WindowManagerShell:  Checking filter Pair{{types=[] flags=0x0] notFlags=0x0 checks=[{atype=dream independent=true modes=[OPEN,TO_FRONT] flags=NONE mustBeTask=false order=ANY topActivity=null launchCookie=null windowingMode=undefined},{atype=home independent=true modes=[CLOSE,TO_BACK] flags=NONE mustBeTask=false order=ANY topActivity=null launchCookie=null windowingMode=undefined}]} RemoteTransition { remoteTransition = android.window.IRemoteTransition$Stub$Proxy@90c640, appThread = android.app.IApplicationThread$Stub$Proxy@f8c1979, debugName = LauncherToDream }}
02-19 18:46:52.860  4449  4467 V WindowManagerShell:  Checking filter Pair{{types=[] flags=0x0] notFlags=0x100 checks=[{atype=home independent=true modes=[OPEN,TO_FRONT] flags=NONE mustBeTask=false order=TOP topActivity=ComponentInfo{com.google.android.apps.nexuslauncher/com.google.android.apps.nexuslauncher.NexusLauncherActivity} launchCookie=null windowingMode=undefined},{atype=standard independent=true modes=[CLOSE,TO_BACK] flags=NONE mustBeTask=false order=ANY topActivity=null launchCookie=null windowingMode=undefined},{NOT atype=undefined independent=true modes=[] flags=NONE mustBeTask=true order=ANY topActivity=null launchCookie=null customAnim=true windowingMode=undefined}]} RemoteTransition { remoteTransition = android.window.IRemoteTransition$Stub$Proxy@affe6be, appThread = android.app.IApplicationThread$Stub$Proxy@c37531f, debugName = QuickstepLaunchHome }}
02-19 18:46:52.861  4449  4467 D RemoteTransitionHandler: Found filterPair{{types=[] flags=0x0] notFlags=0x100 checks=[{atype=home independent=true modes=[OPEN,TO_FRONT] flags=NONE mustBeTask=false order=TOP topActivity=ComponentInfo{com.google.android.apps.nexuslauncher/com.google.android.apps.nexuslauncher.NexusLauncherActivity} launchCookie=null windowingMode=undefined},{atype=standard independent=true modes=[CLOSE,TO_BACK] flags=NONE mustBeTask=false order=ANY topActivity=null launchCookie=null windowingMode=undefined},{NOT atype=undefined independent=true modes=[] flags=NONE mustBeTask=true order=ANY topActivity=null launchCookie=null customAnim=true windowingMode=undefined}]} RemoteTransition { remoteTransition = android.window.IRemoteTransition$Stub$Proxy@affe6be, appThread = android.app.IApplicationThread$Stub$Proxy@c37531f, debugName = QuickstepLaunchHome }}
02-19 18:46:52.861  4449  4467 V WindowManagerShell:  Delegate animation for (#680) to RemoteTransition { remoteTransition = android.window.IRemoteTransition$Stub$Proxy@affe6be, appThread = android.app.IApplicationThread$Stub$Proxy@c37531f, debugName = QuickstepLaunchHome }
02-19 18:46:52.873  7804  7804 D StateManager: createAtomicAnimation - fromState: Background, toState: Normal, partial trace:
02-19 18:46:52.873  7804  7804 D StateManager: 	at com.android.quickstep.util.ScalingWorkspaceRevealAnim.<init>(go/retraceme 72a59688580715d19f0e415c69e80376c2f062d1648c80db6730905005a27c20:39)
02-19 18:46:52.873  7804  7804 D StateManager: 	at com.android.launcher3.QuickstepTransitionManager.createWallpaperOpenAnimations(go/retraceme 72a59688580715d19f0e415c69e80376c2f062d1648c80db6730905005a27c20:168)
02-19 18:46:52.873  7804  7804 D StateManager: 	at com.android.launcher3.QuickstepTransitionManager$WallpaperOpenLauncherAnimationRunner.onAnimationStart(go/retraceme 72a59688580715d19f0e415c69e80376c2f062d1648c80db6730905005a27c20:17)
02-19 18:46:52.875  7804  7804 D b/311077782: LauncherAnimationRunner.setAnimation
02-19 18:46:52.888  4449  4467 V WindowManagerShell:  animated by com.android.wm.shell.transition.RemoteTransitionHandler@ef09705
02-19 18:46:52.897  7804  7823 W HWUI    : Image decoding logging dropped!
02-19 18:46:52.903   752   794 V WindowManager: Sent Transition (#680) createdAt=02-19 18:46:52.661 via request=TransitionRequestInfo { type = OPEN, triggerTask = TaskInfo{userId=0 taskId=5 effectiveUid=10182 displayId=0 isRunning=true baseIntent=Intent { act=android.intent.action.MAIN cat=[android.intent.category.HOME] flg=0x10000100 cmp=com.google.android.apps.nexuslauncher/.NexusLauncherActivity } baseActivity=ComponentInfo{com.google.android.apps.nexuslauncher/com.google.android.apps.nexuslauncher.NexusLauncherActivity} topActivity=ComponentInfo{com.google.android.apps.nexuslauncher/com.google.android.apps.nexuslauncher.NexusLauncherActivity} origActivity=null realActivity=ComponentInfo{com.google.android.apps.nexuslauncher/com.google.android.apps.nexuslauncher.NexusLauncherActivity} numActivities=1 lastActiveTime=105886512 supportsMultiWindow=true resizeMode=2 isResizeable=true minWidth=-1 minHeight=-1 defaultMinSize=220 token=WCT{RemoteToken{50a2c5f Task{b605570 #5 type=home I=com.google.android.apps.nexuslauncher/.NexusLauncherActivity}}} topActivityType=2 pictureInPictureParams=null shouldDockBigOverlays=false launchIntoPipHostTaskId=-1 lastParentTaskIdBeforePip=-1 displayCutoutSafeInsets=Rect(0, 0 - 0, 0) topActivityInfo=ActivityInfo{f5406ac com.google.android.apps.nexuslauncher.NexusLauncherActivity} launchCookies=[] positionInParent=Point(0, 0) parentTaskId=-1 isFocused=true isVisible=false isVisibleRequested=true isTopActivityNoDisplay=false isSleeping=false locusId=LocusId[17_chars] displayAreaFeatureId=1 isTopActivityTransparent=false isActivityStackTransparent=false lastNonFullscreenBounds=Rect(284, 660 - 796, 1740) capturedLink=null capturedLinkTimestamp=0 requestedVisibleTypes=-9 topActivityRequestOpenInBrowserEducationTimestamp=0 appCompatTaskInfo=AppCompatTaskInfo { topActivityInSizeCompat=false eligibleForLetterboxEducation= false isLetterboxEducationEnabled= true isLetterboxDoubleTapEnabled= false eligibleForUserAspectRatioButton= false topActivityBoundsLetterboxed= false isFromLetterboxDoubleTap= false topActivityLetterboxVerticalPosition= -1 topActivityLetterboxHorizontalPosition= -1 topActivityLetterboxWidth=-1 topActivityLetterboxHeight=-1 topActivityAppBounds=Rect(0, 0 - 1080, 2400) isUserFullscreenOverrideEnabled=false isSystemFullscreenOverrideEnabled=false hasMinAspectRatioOverride=false topActivityLetterboxBounds=null cameraCompatTaskInfo=CameraCompatTaskInfo { freeformCameraCompatMode=inactive}} topActivityMainWindowFrame=null}, pipChange = null, remoteTransition = null, displayChange = null, flags = 0, debugId = 680 }
02-19 18:46:52.903   752   794 V WindowManager:     startWCT=WindowContainerTransaction { changes= {} hops= [] errorCallbackToken=null taskFragmentOrganizer=null }
02-19 18:46:52.903   752   794 V WindowManager:     info={id=680 t=OPEN f=0x0 trk=0 r=[0@Point(0, 0)] c=[
02-19 18:46:52.903   752   794 V WindowManager:         {WCT{RemoteToken{5218fe8 Task{dd43522 #1 type=home}}} m=TO_FRONT f=SHOW_WALLPAPER|MOVE_TO_TOP leash=Surface(name=Task=1)/@0x8ddbd2e sb=Rect(0, 0 - 1080, 2400) eb=Rect(0, 0 - 1080, 2400) epz=Point(1080, 2400) d=0 taskParent=-1},
02-19 18:46:52.903   752   794 V WindowManager:         {WCT{RemoteToken{58f5d87 Task{11d79c0 #78 type=standard A=10217:viva.republica.toss.test}}} m=TO_BACK f=NONE leash=Surface(name=Task=78)/@0x6af51ab sb=Rect(0, 0 - 1080, 2400) eb=Rect(0, 0 - 1080, 2400) epz=Point(1080, 2400) d=0 taskParent=-1},
02-19 18:46:52.903   752   794 V WindowManager:         {m=TO_FRONT f=IS_WALLPAPER leash=Surface(name=WallpaperWindowToken{35e0c0f showWhenLocked=false})/@0x512f5be sb=Rect(0, 0 - 1080, 2400) eb=Rect(0, 0 - 1080, 2400) epz=Point(1080, 2400) d=0}
02-19 18:46:52.903   752   794 V WindowManager:     ]}
02-19 18:46:52.949   531   531 I BpBinder: onLastStrongRef automatically unlinking death recipients: 
02-19 18:46:53.043  7804  7808 I s.nexuslauncher: NativeAlloc concurrent mark compact GC freed 1122KB AllocSpace bytes, 8(416KB) LOS objects, 49% free, 5633KB/11MB, paused 1.883ms,1.659ms total 138.189ms
02-19 18:46:53.053  7804  7810 W System  : A resource failed to call release. 
02-19 18:46:53.053  7804  7810 W System  : A resource failed to call release. 
02-19 18:46:53.054  7804  7810 W System  : A resource failed to call release. 
02-19 18:46:53.054  7804  7810 W System  : A resource failed to call release. 
02-19 18:46:53.054  7804  7810 W System  : A resource failed to call release. 
02-19 18:46:53.054  7804  7810 W System  : A resource failed to call release. 
02-19 18:46:53.105  4449 21898 I HWUI    : Davey! duration=49042ms; Flags=0, FrameTimelineVsyncId=1867590, IntendedVsync=105837793883064, Vsync=105837793883064, InputEventId=0, HandleInputStart=105837794290334, AnimationStart=105837794291690, PerformTraversalsStart=105837794292135, DrawStart=105837805510862, FrameDeadline=105838793883064, FrameStartTime=105837794286817, FrameInterval=16666666, WorkloadTarget=1000000000, SyncQueued=105837805947692, SyncStart=105837806094158, IssueDrawCommandsStart=105837807756574, SwapBuffers=105837807995606, FrameCompleted=105886836174742, DequeueBufferDuration=24491, QueueBufferDuration=324722, GpuCompleted=105886836174742, SwapBuffersCompleted=105837814019935, DisplayPresentTime=0, CommandSubmissionCompleted=105837807995606, 
02-19 18:46:53.112   752   989 I ImeTracker: com.google.android.apps.nexuslauncher:c41d2848: onRequestHide at ORIGIN_SERVER reason HIDE_UNSPECIFIED_WINDOW fromUser false
02-19 18:46:53.121  1563  1563 I GoogleInputMethodService: GoogleInputMethodService.onFinishInput():2043 
02-19 18:46:53.123  1563  1563 I Module  : DeviceLockedStatusModuleProvider$Module.updateDeviceLockedStatus():100 repeatCheckTimes = 0, locked = false
02-19 18:46:53.123   752  2417 I ImeTracker: system_server:bb29309: onRequestHide at ORIGIN_SERVER reason IME_REQUESTED_CHANGED_LISTENER fromUser false
02-19 18:46:53.123  1563  1563 I GoogleInputMethodService: GoogleInputMethodService.onStartInput():1293 onStartInput(EditorInfo{EditorInfo{packageName=com.google.android.apps.nexuslauncher, inputType=0, inputTypeString=NULL, enableLearning=false, autoCorrection=false, autoComplete=false, imeOptions=0, privateImeOptions=null, actionName=UNSPECIFIED, actionLabel=null, initialSelStart=-1, initialSelEnd=-1, initialCapsMode=0, label=null, fieldId=0, fieldName=null, extras=null, hintText=null, hintLocales=[]}}, false)
02-19 18:46:53.124  1563  1563 I Module  : DeviceLockedStatusModuleProvider$Module.updateDeviceLockedStatus():100 repeatCheckTimes = 1, locked = false
02-19 18:46:53.125  1563  1563 I EmojiCompatManager: EmojiCompatManager.getEmojiCompatIfLoaded():343 EmojiCompat.init() was never called.
02-19 18:46:53.125  1563  1563 I EmojiCompatManager: java.lang.IllegalStateException: EmojiCompat is not initialized. Please call EmojiCompat.init() first
02-19 18:46:53.125  1563  1563 I EmojiCompatManager: 	at asx.p(PG:6)
02-19 18:46:53.125  1563  1563 I EmojiCompatManager: 	at axb.b(PG:13)
02-19 18:46:53.125  1563  1563 I EmojiCompatManager: 	at jnr.b(PG:2)
02-19 18:46:53.125  1563  1563 I EmojiCompatManager: 	at jnr.c(PG:4)
02-19 18:46:53.125  1563  1563 I EmojiCompatManager: 	at jnr.f(PG:3)
02-19 18:46:53.125  1563  1563 I EmojiCompatManager: 	at jnx.c(PG:3)
02-19 18:46:53.125  1563  1563 I EmojiCompatManager: 	at kif.cz(PG:47)
02-19 18:46:53.125  1563  1563 I EmojiCompatManager: 	at lhl.run(PG:1025)
02-19 18:46:53.125  1563  1563 I EmojiCompatManager: 	at jaf.execute(PG:12)
02-19 18:46:53.125  1563  1563 I EmojiCompatManager: 	at nco.v(PG:13)
02-19 18:46:53.125  1563  1563 I EmojiCompatManager: 	at lhn.m(PG:96)
02-19 18:46:53.125  1563  1563 I EmojiCompatManager: 	at lhn.k(PG:25)
02-19 18:46:53.125  1563  1563 I EmojiCompatManager: 	at kgn.onStartInput(PG:250)
02-19 18:46:53.125  1563  1563 I EmojiCompatManager: 	at android.inputmethodservice.InputMethodService.doStartInput(InputMethodService.java:3521)
02-19 18:46:53.125  1563  1563 I EmojiCompatManager: 	at android.inputmethodservice.InputMethodService$InputMethodImpl.startInput(InputMethodService.java:879)
02-19 18:46:53.125  1563  1563 I EmojiCompatManager: 	at android.inputmethodservice.InputMethodService$InputMethodImpl.dispatchStartInput(InputMethodService.java:908)
02-19 18:46:53.125  1563  1563 I EmojiCompatManager: 	at android.inputmethodservice.IInputMethodWrapper.executeMessage(IInputMethodWrapper.java:201)
02-19 18:46:53.125  1563  1563 I EmojiCompatManager: 	at com.android.internal.os.HandlerCaller$MyHandler.handleMessage(HandlerCaller.java:44)
02-19 18:46:53.125  1563  1563 I EmojiCompatManager: 	at android.os.Handler.dispatchMessage(Handler.java:110)
02-19 18:46:53.125  1563  1563 I EmojiCompatManager: 	at android.os.Looper.loopOnce(Looper.java:248)
02-19 18:46:53.125  1563  1563 I EmojiCompatManager: 	at android.os.Looper.loop(Looper.java:338)
02-19 18:46:53.125  1563  1563 I EmojiCompatManager: 	at android.app.ActivityThread.main(ActivityThread.java:9067)
02-19 18:46:53.125  1563  1563 I EmojiCompatManager: 	at java.lang.reflect.Method.invoke(Native Method)
02-19 18:46:53.125  1563  1563 I EmojiCompatManager: 	at com.android.internal.os.RuntimeInit$MethodAndArgsCaller.run(RuntimeInit.java:593)
02-19 18:46:53.125  1563  1563 I EmojiCompatManager: 	at com.android.internal.os.ZygoteInit.main(ZygoteInit.java:932)
02-19 18:46:53.126   752  2417 W PackageConfigPersister: App-specific configuration not found for packageName: com.google.android.apps.nexuslauncher and userId: 0
02-19 18:46:53.195   752   797 I ImeTracker: system_server:bb29309: onCancelled at PHASE_SERVER_SHOULD_HIDE
02-19 18:46:53.448  7804  7804 D InsetsController: hide(ime(), fromIme=false)
02-19 18:46:53.452  7804  7804 I ImeTracker: com.google.android.apps.nexuslauncher:c41d2848: onCancelled at PHASE_CLIENT_ALREADY_HIDDEN
02-19 18:46:53.883  7804  7804 D ScalingWorkspaceRevealAnim: alpha of workspace at the end of animation: 1.0
02-19 18:46:53.888  4449  4467 V WindowManagerShell: Transition animation finished (aborted=false), notifying core (#680) android.os.BinderProxy@9fde789@0
02-19 18:46:53.893   752   794 V WindowManager: Finish Transition (#680): created at 02-19 18:46:52.661 collect-started=0.038ms request-sent=5.839ms started=9.99ms ready=188.067ms sent=191.844ms commit=23.914ms finished=1229.989ms
02-19 18:46:53.894 16566 16566 D VRI[GraniteActivity]: visibilityChanged oldVisibility=true newVisibility=false
02-19 18:46:53.897  4449  4467 V WindowManagerShell: Track 0 became idle
02-19 18:46:53.897  4449  4467 V WindowManagerShell: All active transition animations finished
02-19 18:46:54.228 16786 16786 W dumpsys : Thread Pool max thread count is 0. Cannot cache binder as linkToDeath cannot be implemented. serviceName: package
02-19 18:46:54.274   752   795 W Looper  : Slow dispatch took 171ms android.ui app=system_server main=false group=TOP_APP h=com.android.server.am.ActivityManagerService$UiHandler c=com.android.server.am.UidObserverController$$ExternalSyntheticLambda0@6a2cd6d m=0
02-19 18:46:54.277   752   795 W Looper  : Slow delivery took 311ms android.ui app=system_server main=false group=TOP_APP h=com.android.server.am.ActivityManagerService$UiHandler c=com.android.server.am.UidObserverController$$ExternalSyntheticLambda0@6a2cd6d m=0
02-19 18:46:54.379 16566 16700 I ReactNativeJNI: Memory warning (pressure level: TRIM_MEMORY_UI_HIDDEN) received by JS VM, ignoring because it's non-severe
02-19 18:46:54.462   752  2505 W ActivityTaskManager: callingPackage for (uid=2000, pid=16791) has no WPC
02-19 18:46:54.465   752  2505 D CompatChangeReporter: Compat change id reported: 151861875; UID 10217; state: ENABLED
02-19 18:46:54.465   752  2505 V GrammaticalInflectionUtils: AttributionSource: android.content.AttributionSource@56784557 does not have READ_SYSTEM_GRAMMATICAL_GENDER permission.
02-19 18:46:54.466   752  2505 W OptProp : Cannot read opt property android.window.PROPERTY_COMPAT_ALLOW_USER_ASPECT_RATIO_OVERRIDE
02-19 18:46:54.466   752  2505 W OptProp : Cannot read opt property android.window.PROPERTY_COMPAT_ALLOW_USER_ASPECT_RATIO_FULLSCREEN_OVERRIDE
02-19 18:46:54.467   752  2505 W OptProp : Cannot read opt property android.window.PROPERTY_COMPAT_ALLOW_RESIZEABLE_ACTIVITY_OVERRIDES
02-19 18:46:54.467   752  2505 W OptProp : Cannot read opt property android.window.PROPERTY_COMPAT_ALLOW_MIN_ASPECT_RATIO_OVERRIDE
02-19 18:46:54.471   752   795 W Looper  : Drained
02-19 18:46:54.472   531   548 I BpBinder: onLastStrongRef automatically unlinking death recipients: 
02-19 18:46:54.482   752  2505 I ActivityTaskManager: START u0 {act=android.intent.action.VIEW dat=intoss://takealook/... flg=0x10000000 xflg=0x4 cmp=viva.republica.toss.test/im.toss.rn.granite.core.GraniteActivity} with LAUNCH_MULTIPLE from uid 2000 (BAL_ALLOW_PERMISSION) result code=2
02-19 18:46:54.486  4449  4467 V WindowManagerShell: Transition requested (#681): android.os.BinderProxy@feb7d43 TransitionRequestInfo { type = OPEN, triggerTask = TaskInfo{userId=0 taskId=78 effectiveUid=10217 displayId=0 isRunning=true baseIntent=Intent { act=android.intent.action.VIEW dat=intoss://takealook/... flg=0x10000000 cmp=viva.republica.toss.test/im.toss.rn.granite.core.GraniteActivity } baseActivity=ComponentInfo{viva.republica.toss.test/im.toss.rn.granite.core.GraniteActivity} topActivity=ComponentInfo{viva.republica.toss.test/im.toss.rn.granite.core.GraniteActivity} origActivity=null realActivity=ComponentInfo{viva.republica.toss.test/im.toss.rn.granite.core.GraniteActivity} numActivities=1 lastActiveTime=105886510 supportsMultiWindow=true resizeMode=1 isResizeable=true minWidth=-1 minHeight=-1 defaultMinSize=220 token=WCT{android.window.IWindowContainerToken$Stub$Proxy@c40efc0} topActivityType=1 pictureInPictureParams=null shouldDockBigOverlays=false launchIntoPipHostTaskId=-1 lastParentTaskIdBeforePip=-1 displayCutoutSafeInsets=Rect(0, 0 - 0, 0) topActivityInfo=ActivityInfo{f32c4f9 im.toss.rn.granite.core.GraniteActivity} launchCookies=[] positionInParent=Point(0, 0) parentTaskId=-1 isFocused=false isVisible=false isVisibleRequested=false isTopActivityNoDisplay=false isSleeping=false locusId=null displayAreaFeatureId=1 isTopActivityTransparent=false isActivityStackTransparent=false lastNonFullscreenBounds=Rect(284, 660 - 796, 1740) capturedLink=null capturedLinkTimestamp=0 requestedVisibleTypes=-9 topActivityRequestOpenInBrowserEducationTimestamp=0 appCompatTaskInfo=AppCompatTaskInfo { topActivityInSizeCompat=false eligibleForLetterboxEducation= false isLetterboxEducationEnabled= true isLetterboxDoubleTapEnabled= false eligibleForUserAspectRatioButton= false topActivityBoundsLetterboxed= false isFromLetterboxDoubleTap= false topActivityLetterboxVerticalPosition= -1 topActivityLetterboxHorizontalPosition= -1 topActivityLetterboxWidth=-1 topActivityLetterboxHeight=-1 topActivityAppBounds=Rect(0, 0 - 1080, 2400) isUserFullscreenOverrideEnabled=false isSystemFullscreenOverrideEnabled=false hasMinAspectRatioOverride=false topActivityLetterboxBounds=null cameraCompatTaskInfo=CameraCompatTaskInfo { freeformCameraCompatMode=inactive}} topActivityMainWindowFrame=null}, pipChange = null, remoteTransition = null, displayChange = null, flags = 0, debugId = 681 }
02-19 18:46:54.488  4449  4467 D ShellSplitScreen: logExit: no-op, mLoggerSessionId is null
02-19 18:46:54.494   531   531 I BpBinder: onLastStrongRef automatically unlinking death recipients: 
02-19 18:46:54.502  4449  4467 D WindowManagerShell: onActivityRestartAttempt: topActivity=ComponentInfo{viva.republica.toss.test/im.toss.rn.granite.core.GraniteActivity}, wasVisible=false
02-19 18:46:54.531  7804  7804 W SplitSelectStateCtor: Missing session instanceIds
02-19 18:46:54.533  4449  4467 D WindowManagerShell: setLauncherKeepClearAreaHeight: visible=false, height=527
02-19 18:46:54.533  7804  7804 D StatsLog: LAUNCHER_SPLIT_SELECTION_EXIT_INTERRUPTED
02-19 18:46:54.573   752  1095 D BackgroundInstallControlService: Package event received: 0
02-19 18:46:54.586   752  1095 D BackgroundInstallControlService: Package event received: 0
02-19 18:46:54.586   752  1095 D BackgroundInstallControlService: Package event received: 0
02-19 18:46:54.587   752  1095 D BackgroundInstallControlService: Package event received: 0
02-19 18:46:54.587   752  1095 D BackgroundInstallControlService: Package event received: 0
02-19 18:46:54.587   752  1095 D BackgroundInstallControlService: Package event received: 0
02-19 18:46:54.587   752  1095 D BackgroundInstallControlService: Package event received: 0
02-19 18:46:54.587   752  1095 D BackgroundInstallControlService: Package event received: 0
02-19 18:46:54.594   752  2503 I ActivityTaskManager: Activity reported stop, but no longer stopping: ActivityRecord{127659843 u0 viva.republica.toss.test/im.toss.rn.granite.core.GraniteActivity t78} RESUMED
02-19 18:46:54.613  4449  4474 V SnapshotDrawerUtils: Drawing snapshot surface sizeMismatch=true
02-19 18:46:54.614 16566 16566 D ViewRootImpl: Skipping stats log for color mode
02-19 18:46:54.619 16566 16571 I blica.toss.test: CollectorTransition concurrent mark compact GC freed 4230KB AllocSpace bytes, 9(240KB) LOS objects, 49% free, 18MB/36MB, paused 8.847ms,21.250ms total 409.650ms
02-19 18:46:54.670 16306 16343 I artd    : GetBestInfo: odex next to the dex file (/data/app/~~O-UZzK0jUU9NLgS3MODOZA==/com.google.android.gms-YQ2L6GsYyKuvu9MvIBK1EQ==/oat/x86_64/base.odex) is kOatUpToDate with filter 'speed-profile' executable 'false'
02-19 18:46:54.672  4449  4463 V WindowManagerShell: onTransitionReady(transaction=3229815426858)
02-19 18:46:54.673  4449  4467 V WindowManagerShell: onTransitionReady (#681) android.os.BinderProxy@feb7d43: {id=681 t=OPEN f=0x0 trk=0 r=[0@Point(0, 0)] c=[
02-19 18:46:54.673  4449  4467 V WindowManagerShell:         {m=TO_FRONT f=MOVE_TO_TOP leash=Surface(name=Task=78)/@0xc2547ec sb=Rect(0, 0 - 1080, 2400) eb=Rect(0, 0 - 1080, 2400) epz=Point(1080, 2400) d=0 taskParent=-1},
02-19 18:46:54.673  4449  4467 V WindowManagerShell:         {m=TO_BACK f=SHOW_WALLPAPER leash=Surface(name=Task=1)/@0x451b7b5 sb=Rect(0, 0 - 1080, 2400) eb=Rect(0, 0 - 1080, 2400) epz=Point(1080, 2400) d=0 taskParent=-1},
02-19 18:46:54.673  4449  4467 V WindowManagerShell:         {m=TO_BACK f=IS_WALLPAPER leash=Surface(name=WallpaperWindowToken{35e0c0f showWhenLocked=false})/@0x7c28e4a sb=Rect(0, 0 - 1080, 2400) eb=Rect(0, 0 - 1080, 2400) epz=Point(1080, 2400) d=0}
02-19 18:46:54.673  4449  4467 V WindowManagerShell:     ]}
02-19 18:46:54.673  4449  4467 V WindowManagerShell: Playing animation for (#681) android.os.BinderProxy@feb7d43@0
02-19 18:46:54.673  4449  4467 V ShellRecents: RecentsTransitionHandler.startAnimation: no controller found
02-19 18:46:54.674  4449  4467 V WindowManagerShell: Transition doesn't have explicit remote, search filters for match for {id=681 t=OPEN f=0x0 trk=0 r=[0@Point(0, 0)] c=[{m=TO_FRONT f=MOVE_TO_TOP leash=Surface(name=Task=78)/@0xc2547ec sb=Rect(0, 0 - 1080, 2400) eb=Rect(0, 0 - 1080, 2400) epz=Point(1080, 2400) d=0 taskParent=-1},{m=TO_BACK f=SHOW_WALLPAPER leash=Surface(name=Task=1)/@0x451b7b5 sb=Rect(0, 0 - 1080, 2400) eb=Rect(0, 0 - 1080, 2400) epz=Point(1080, 2400) d=0 taskParent=-1},{m=TO_BACK f=IS_WALLPAPER leash=Surface(name=WallpaperWindowToken{35e0c0f showWhenLocked=false})/@0x7c28e4a sb=Rect(0, 0 - 1080, 2400) eb=Rect(0, 0 - 1080, 2400) epz=Point(1080, 2400) d=0}]}
02-19 18:46:54.674  4449  4467 V WindowManagerShell:  Checking filter Pair{{types=[] flags=0x0] notFlags=0x0 checks=[{atype=undefined independent=true modes=[CLOSE,TO_BACK] flags=IN_TASK_WITH_EMBEDDED_ACTIVITY mustBeTask=false order=ANY topActivity=null launchCookie=null taskFragmentToken=android.os.BinderProxy@dcfd27d windowingMode=undefined}]} RemoteTransition { remoteTransition = android.window.IRemoteTransition$Stub$Proxy@d4ce572, appThread = android.app.IApplicationThread$Stub$Proxy@fd29dc3, debugName = overlayBackTransition }}
02-19 18:46:54.674  4449  4467 V WindowManagerShell:  Checking filter Pair{{types=[] flags=0x0] notFlags=0x0 checks=[{atype=dream independent=true modes=[OPEN,TO_FRONT] flags=NONE mustBeTask=false order=ANY topActivity=null launchCookie=null windowingMode=undefined},{atype=home independent=true modes=[CLOSE,TO_BACK] flags=NONE mustBeTask=false order=ANY topActivity=null launchCookie=null windowingMode=undefined}]} RemoteTransition { remoteTransition = android.window.IRemoteTransition$Stub$Proxy@90c640, appThread = android.app.IApplicationThread$Stub$Proxy@f8c1979, debugName = LauncherToDream }}
02-19 18:46:54.674  4449  4467 V WindowManagerShell:  Checking filter Pair{{types=[] flags=0x0] notFlags=0x100 checks=[{atype=home independent=true modes=[OPEN,TO_FRONT] flags=NONE mustBeTask=false order=TOP topActivity=ComponentInfo{com.google.android.apps.nexuslauncher/com.google.android.apps.nexuslauncher.NexusLauncherActivity} launchCookie=null windowingMode=undefined},{atype=standard independent=true modes=[CLOSE,TO_BACK] flags=NONE mustBeTask=false order=ANY topActivity=null launchCookie=null windowingMode=undefined},{NOT atype=undefined independent=true modes=[] flags=NONE mustBeTask=true order=ANY topActivity=null launchCookie=null customAnim=true windowingMode=undefined}]} RemoteTransition { remoteTransition = android.window.IRemoteTransition$Stub$Proxy@affe6be, appThread = android.app.IApplicationThread$Stub$Proxy@c37531f, debugName = QuickstepLaunchHome }}
02-19 18:46:54.674  4449  4467 V WindowManagerShell:  Checking filter Pair{{types=[] flags=0x0] notFlags=0x0 checks=[{atype=undefined independent=true modes=[CLOSE,TO_BACK] flags=IN_TASK_WITH_EMBEDDED_ACTIVITY mustBeTask=false order=ANY topActivity=null launchCookie=null taskFragmentToken=android.os.BinderProxy@dcfd27d windowingMode=undefined}]} RemoteTransition { remoteTransition = android.window.IRemoteTransition$Stub$Proxy@3517b6e, appThread = android.app.IApplicationThread$Stub$Proxy@261420f, debugName = overlayBackTransition }}
02-19 18:46:54.675  4449  4467 V WindowManagerShell:  Checking filter Pair{{types=[] flags=0x0] notFlags=0x0 checks=[{atype=dream independent=true modes=[OPEN,TO_FRONT] flags=NONE mustBeTask=false order=ANY topActivity=null launchCookie=null windowingMode=undefined},{atype=home independent=true modes=[CLOSE,TO_BACK] flags=NONE mustBeTask=false order=ANY topActivity=null launchCookie=null windowingMode=undefined}]} RemoteTransition { remoteTransition = android.window.IRemoteTransition$Stub$Proxy@c23e29c, appThread = android.app.IApplicationThread$Stub$Proxy@afb34a5, debugName = LauncherToDream }}
02-19 18:46:54.675  4449  4467 V WindowManagerShell:  Checking filter Pair{{types=[] flags=0x0] notFlags=0x100 checks=[{atype=home independent=true modes=[OPEN,TO_FRONT] flags=NONE mustBeTask=false order=TOP topActivity=ComponentInfo{com.google.android.apps.nexuslauncher/com.google.android.apps.nexuslauncher.NexusLauncherActivity} launchCookie=null windowingMode=undefined},{atype=standard independent=true modes=[CLOSE,TO_BACK] flags=NONE mustBeTask=false order=ANY topActivity=null launchCookie=null windowingMode=undefined},{NOT atype=undefined independent=true modes=[] flags=NONE mustBeTask=true order=ANY topActivity=null launchCookie=null customAnim=true windowingMode=undefined}]} RemoteTransition { remoteTransition = android.window.IRemoteTransition$Stub$Proxy@39de07a, appThread = android.app.IApplicationThread$Stub$Proxy@cf9f02b, debugName = QuickstepLaunchHome }}
02-19 18:46:54.675  4449  4467 V WindowManagerShell:  Delegate animation for (#681) to null
02-19 18:46:54.675  4449  4467 V WindowManagerShell: start default transition animation, info = {id=681 t=OPEN f=0x0 trk=0 r=[0@Point(0, 0)] c=[{m=TO_FRONT f=MOVE_TO_TOP leash=Surface(name=Task=78)/@0xc2547ec sb=Rect(0, 0 - 1080, 2400) eb=Rect(0, 0 - 1080, 2400) epz=Point(1080, 2400) d=0 taskParent=-1},{m=TO_BACK f=SHOW_WALLPAPER leash=Surface(name=Task=1)/@0x451b7b5 sb=Rect(0, 0 - 1080, 2400) eb=Rect(0, 0 - 1080, 2400) epz=Point(1080, 2400) d=0 taskParent=-1},{m=TO_BACK f=IS_WALLPAPER leash=Surface(name=WallpaperWindowToken{35e0c0f showWhenLocked=false})/@0x7c28e4a sb=Rect(0, 0 - 1080, 2400) eb=Rect(0, 0 - 1080, 2400) epz=Point(1080, 2400) d=0}]}
02-19 18:46:54.675  4449  4467 V WindowManagerShell: loadAnimation: anim=android.view.animation.AnimationSet@b14f6d8 animAttr=0x13 type=OPEN isEntrance=false
02-19 18:46:54.676  4449  4467 V WindowManagerShell: loadAnimation: anim=android.view.animation.AnimationSet@e331a31 animAttr=0x12 type=OPEN isEntrance=true
02-19 18:46:54.688 16306 16343 I artd    : GetBestInfo: odex next to the dex file (/data/app/~~O-UZzK0jUU9NLgS3MODOZA==/com.google.android.gms-YQ2L6GsYyKuvu9MvIBK1EQ==/oat/x86_64/split_AdsDynamite_installtime.odex) is kOatUpToDate with filter 'speed' executable 'false'
02-19 18:46:54.693   752   794 V WindowManager: Sent Transition (#681) createdAt=02-19 18:46:54.468 via request=TransitionRequestInfo { type = OPEN, triggerTask = TaskInfo{userId=0 taskId=78 effectiveUid=10217 displayId=0 isRunning=true baseIntent=Intent { act=android.intent.action.VIEW dat=intoss://takealook/... flg=0x10000000 cmp=viva.republica.toss.test/im.toss.rn.granite.core.GraniteActivity } baseActivity=ComponentInfo{viva.republica.toss.test/im.toss.rn.granite.core.GraniteActivity} topActivity=ComponentInfo{viva.republica.toss.test/im.toss.rn.granite.core.GraniteActivity} origActivity=null realActivity=ComponentInfo{viva.republica.toss.test/im.toss.rn.granite.core.GraniteActivity} numActivities=1 lastActiveTime=105886510 supportsMultiWindow=true resizeMode=1 isResizeable=true minWidth=-1 minHeight=-1 defaultMinSize=220 token=WCT{RemoteToken{58f5d87 Task{11d79c0 #78 type=standard A=10217:viva.republica.toss.test}}} topActivityType=1 pictureInPictureParams=null shouldDockBigOverlays=false launchIntoPipHostTaskId=-1 lastParentTaskIdBeforePip=-1 displayCutoutSafeInsets=Rect(0, 0 - 0, 0) topActivityInfo=ActivityInfo{9f424b4 im.toss.rn.granite.core.GraniteActivity} launchCookies=[] positionInParent=Point(0, 0) parentTaskId=-1 isFocused=false isVisible=false isVisibleRequested=false isTopActivityNoDisplay=false isSleeping=false locusId=null displayAreaFeatureId=1 isTopActivityTransparent=false isActivityStackTransparent=false lastNonFullscreenBounds=Rect(284, 660 - 796, 1740) capturedLink=null capturedLinkTimestamp=0 requestedVisibleTypes=-9 topActivityRequestOpenInBrowserEducationTimestamp=0 appCompatTaskInfo=AppCompatTaskInfo { topActivityInSizeCompat=false eligibleForLetterboxEducation= false isLetterboxEducationEnabled= true isLetterboxDoubleTapEnabled= false eligibleForUserAspectRatioButton= false topActivityBoundsLetterboxed= false isFromLetterboxDoubleTap= false topActivityLetterboxVerticalPosition= -1 topActivityLetterboxHorizontalPosition= -1 topActivityLetterboxWidth=-1 topActivityLetterboxHeight=-1 topActivityAppBounds=Rect(0, 0 - 1080, 2400) isUserFullscreenOverrideEnabled=false isSystemFullscreenOverrideEnabled=false hasMinAspectRatioOverride=false topActivityLetterboxBounds=null cameraCompatTaskInfo=CameraCompatTaskInfo { freeformCameraCompatMode=inactive}} topActivityMainWindowFrame=null}, pipChange = null, remoteTransition = null, displayChange = null, flags = 0, debugId = 681 }
02-19 18:46:54.693  4449  4467 V WindowManagerShell:  animated by com.android.wm.shell.transition.DefaultTransitionHandler@f74d823
02-19 18:46:54.697 16306 16306 I artd    : GetBestInfo: odex next to the dex file (/data/app/~~O-UZzK0jUU9NLgS3MODOZA==/com.google.android.gms-YQ2L6GsYyKuvu9MvIBK1EQ==/oat/x86_64/split_CronetDynamite_installtime.odex) is kOatUpToDate with filter 'speed' executable 'false'
02-19 18:46:54.697   752   794 V WindowManager:     startWCT=WindowContainerTransaction { changes= {} hops= [] errorCallbackToken=null taskFragmentOrganizer=null }
02-19 18:46:54.698   752   794 V WindowManager:     info={id=681 t=OPEN f=0x0 trk=0 r=[0@Point(0, 0)] c=[
02-19 18:46:54.698   752   794 V WindowManager:         {WCT{RemoteToken{58f5d87 Task{11d79c0 #78 type=standard A=10217:viva.republica.toss.test}}} m=TO_FRONT f=MOVE_TO_TOP leash=Surface(name=Task=78)/@0x6af51ab sb=Rect(0, 0 - 1080, 2400) eb=Rect(0, 0 - 1080, 2400) epz=Point(1080, 2400) d=0 taskParent=-1},
02-19 18:46:54.698   752   794 V WindowManager:         {WCT{RemoteToken{5218fe8 Task{dd43522 #1 type=home}}} m=TO_BACK f=SHOW_WALLPAPER leash=Surface(name=Task=1)/@0x8ddbd2e sb=Rect(0, 0 - 1080, 2400) eb=Rect(0, 0 - 1080, 2400) epz=Point(1080, 2400) d=0 taskParent=-1},
02-19 18:46:54.698   752   794 V WindowManager:         {m=TO_BACK f=IS_WALLPAPER leash=Surface(name=WallpaperWindowToken{35e0c0f showWhenLocked=false})/@0x512f5be sb=Rect(0, 0 - 1080, 2400) eb=Rect(0, 0 - 1080, 2400) epz=Point(1080, 2400) d=0}
02-19 18:46:54.698   752   794 V WindowManager:     ]}
02-19 18:46:54.725 16306 16306 I artd    : GetBestInfo: odex next to the dex file (/data/app/~~O-UZzK0jUU9NLgS3MODOZA==/com.google.android.gms-YQ2L6GsYyKuvu9MvIBK1EQ==/oat/x86_64/split_DynamiteLoader_installtime.odex) is kOatUpToDate with filter 'speed' executable 'false'
02-19 18:46:54.753 16306 16306 I artd    : GetBestInfo: odex next to the dex file (/data/app/~~O-UZzK0jUU9NLgS3MODOZA==/com.google.android.gms-YQ2L6GsYyKuvu9MvIBK1EQ==/oat/x86_64/split_DynamiteModulesA_installtime.odex) is kOatUpToDate with filter 'speed' executable 'false'
02-19 18:46:54.755 16566 16794 W unknown:ReconnectingWebSocket: Couldn't connect to "ws://10.0.2.2:8081/message?device=sdk_gphone64_x86_64%20-%2016%20-%20API%2036&app=viva.republica.toss.test&clientid=BridgeDevSupportManager", will silently retry
02-19 18:46:54.757 16306 16343 I artd    : GetBestInfo: odex next to the dex file (/data/app/~~O-UZzK0jUU9NLgS3MODOZA==/com.google.android.gms-YQ2L6GsYyKuvu9MvIBK1EQ==/oat/x86_64/split_DynamiteModulesC_installtime.odex) is kOatUpToDate with filter 'speed' executable 'false'
02-19 18:46:54.762 16306 16306 I artd    : GetBestInfo: odex next to the dex file (/data/app/~~O-UZzK0jUU9NLgS3MODOZA==/com.google.android.gms-YQ2L6GsYyKuvu9MvIBK1EQ==/oat/x86_64/split_GoogleCertificates_installtime.odex) is kOatUpToDate with filter 'speed' executable 'false'
02-19 18:46:54.765 16306 16343 I artd    : GetBestInfo: odex next to the dex file (/data/app/~~O-UZzK0jUU9NLgS3MODOZA==/com.google.android.gms-YQ2L6GsYyKuvu9MvIBK1EQ==/oat/x86_64/split_MapsDynamite_installtime.odex) is kOatUpToDate with filter 'speed' executable 'false'
02-19 18:46:54.768 16306 16306 I artd    : GetBestInfo: odex next to the dex file (/data/app/~~O-UZzK0jUU9NLgS3MODOZA==/com.google.android.gms-YQ2L6GsYyKuvu9MvIBK1EQ==/oat/x86_64/split_MeasurementDynamite_installtime.odex) is kOatUpToDate with filter 'speed' executable 'false'
02-19 18:46:54.770 16306 16343 I artd    : GetBestInfo: /data/app/~~O-UZzK0jUU9NLgS3MODOZA==/com.google.android.gms-YQ2L6GsYyKuvu9MvIBK1EQ==/split_maps_core_dynamite_ondemand.apk has no usable artifacts
02-19 18:46:54.774 16306 16342 I artd    : GetBestInfo: /data/user_de/0/com.google.android.gms/app_chimera/m/0000000c/dl-Appsearch.optional_250834100800.apk has no usable artifacts
02-19 18:46:54.774 16306 16796 I artd    : GetBestInfo: /data/user_de/0/com.google.android.gms/app_chimera/m/00000001/CronetDynamite.apk has no usable artifacts
02-19 18:46:54.775 16306 16306 I artd    : GetBestInfo: /data/user_de/0/com.google.android.gms/app_chimera/m/00000002/DynamiteLoader.apk has no usable artifacts
02-19 18:46:54.775 16306 16796 I artd    : GetBestInfo: /data/user_de/0/com.google.android.gms/app_chimera/m/00000005/GoogleCertificates.apk has no usable artifacts
02-19 18:46:54.777 16306 16796 I artd    : GetBestInfo: /data/user_de/0/com.google.android.gms/app_chimera/m/00000009/dl-TfliteDynamiteDynamite.integ_252130102100800.apk has no usable artifacts
02-19 18:46:54.780 16306 16342 I artd    : GetBestInfo: vdex next to the dex file (/data/user/0/com.google.android.gms/app_dg_cache/BF7C023AB90CCF01D1F467FC1CEBAF866511FF29/oat/x86_64/the.vdex) is kOatUpToDate with filter 'verify' executable 'false'
02-19 18:46:54.782 16306 16796 I artd    : GetBestInfo: /data/user_de/0/com.google.android.gms/app_chimera/m/00000010/dl-PlayCloudSearch.optional_250834100000.apk has no usable artifacts
02-19 18:46:54.785 16306 16342 I artd    : GetBestInfo: /data/user_de/0/com.google.android.gms/app_chimera/m/00000017/dl-PlayCloudSearch.optional_260438100000.apk has no usable artifacts
02-19 18:46:54.789 16306 16796 I artd    : GetBestInfo: /data/user_de/0/com.google.android.gms/app_chimera/m/00000015/dl-MlkitOcrCommon.optional_260438100800.apk has no usable artifacts
02-19 18:46:54.797 16306 16342 I artd    : GetBestInfo: /data/user_de/0/com.google.android.gms/app_chimera/m/00000013/dl-MlkitBarcodeUi.optional_260438100800.apk has no usable artifacts
02-19 18:46:54.802 16306 16796 I artd    : GetBestInfo: /data/user_de/0/com.google.android.gms/app_chimera/m/0000000f/dl-MlkitOcrCommon.optional_250834100800.apk has no usable artifacts
02-19 18:46:54.805 16306 16306 I artd    : GetBestInfo: /data/user_de/0/com.google.android.gms/app_chimera/m/0000000d/dl-VisionOcr.optional_250834100000.apk has no usable artifacts
02-19 18:46:54.809 16306 16796 I artd    : GetBestInfo: /data/user_de/0/com.google.android.gms/app_chimera/m/0000000a/dl-MlkitBarcodeUi.optional_250834100800.apk has no usable artifacts
02-19 18:46:54.816 16306 16306 I artd    : GetBestInfo: /data/user_de/0/com.google.android.gms/app_chimera/m/00000011/dl-VisionOcr.optional_260438100000.apk has no usable artifacts
02-19 18:46:54.863 16306 16306 I artd    : GetBestInfo: /data/user_de/0/com.google.android.gms/app_chimera/m/00000012/dl-Appsearch.optional_260438100800.apk has no usable artifacts
02-19 18:46:54.980 16306 16306 I artd    : GetBestInfo: vdex next to the dex file (/data/user/0/com.google.android.gms/app_dg_cache/94DF452EEF4B8E717545DCDEA6CC3C50A319A195/oat/x86_64/the.vdex) is kOatUpToDate with filter 'verify' executable 'false'
