02-19 18:46:54.990 16306 16796 I artd    : GetBestInfo: /data/user_de/0/com.google.android.gms/app_chimera/m/00000007/MeasurementDynamite.apk has no usable artifacts
02-19 18:46:54.990  4449  4467 V WindowManagerShell: Transition animation finished (aborted=false), notifying core (#681) android.os.BinderProxy@feb7d43@0
02-19 18:46:54.993 16306 16306 I artd    : GetBestInfo: /data/user_de/0/com.google.android.gms/app_chimera/m/00000018/dl-AdsFdrDynamite.integ_254380203100000.apk has no usable artifacts
02-19 18:46:55.014  7804  7804 D VRI[NexusLauncherActivity]: visibilityChanged oldVisibility=true newVisibility=false
02-19 18:46:55.027  7804  7804 D NexusLauncherModelDelegate: notifySmartspaceEvent: SmartspaceTargetEvent{mSmartspaceTarget=null, mSmartspaceActionId='null', mEventType=7}
02-19 18:46:55.027  4449  4467 V WindowManagerShell: Track 0 became idle
02-19 18:46:55.027  4449  4467 V WindowManagerShell: All active transition animations finished
02-19 18:46:55.027   752   794 V WindowManager: Finish Transition (#681): created at 02-19 18:46:54.468 collect-started=0.108ms request-sent=13.866ms started=20.009ms ready=127.083ms sent=202.685ms commit=16.448ms finished=527.694ms
02-19 18:46:55.193 16566 16566 I Choreographer: Skipped 31 frames!  The application may be doing too much work on its main thread.
02-19 18:46:55.214 16566 16577 E FrameEvents: addRelease: Did not find frame.
02-19 18:46:55.216  7804  7804 D BaseDepthController: setSurface:
02-19 18:46:55.216  7804  7804 D BaseDepthController: 	mWaitingOnSurfaceValidity: false
02-19 18:46:55.216  7804  7804 D BaseDepthController: 	mBaseSurface: null
02-19 18:46:55.216  7804  7804 D BaseDepthController: mSurface is null and mCurrentBlur is: 0
02-19 18:46:55.220  7804  7804 D StateManager: goToState - fromState: Normal, toState: Normal, partial trace:
02-19 18:46:55.220  7804  7804 D StateManager: 	at com.android.launcher3.statemanager.StateManager.moveToRestState(go/retraceme 72a59688580715d19f0e415c69e80376c2f062d1648c80db6730905005a27c20:4)
02-19 18:46:55.220  7804  7804 D StateManager: 	at com.android.launcher3.statemanager.StateManager.moveToRestState(go/retraceme 72a59688580715d19f0e415c69e80376c2f062d1648c80db6730905005a27c20:1)
02-19 18:46:55.220  7804  7804 D StateManager: 	at com.android.launcher3.statemanager.StatefulActivity.onStop(go/retraceme 72a59688580715d19f0e415c69e80376c2f062d1648c80db6730905005a27c20:34)
02-19 18:46:55.221  7804  7804 D StatsLog: LAUNCHER_ONSTOP
02-19 18:46:55.224  7804  7804 D StatsLog: LAUNCHER_GOOGLE_SEARCH_RESTORE_LIST_SIZE_AFTER_ACTIVITY_RESTART
02-19 18:46:55.248   752  1095 D BackgroundInstallControlService: Package event received: 0
02-19 18:46:55.299 16566 16700 D ReactNativeJS: '[Analytics]', '{\n  "log_type": "screen",\n  "log_name": "/::screen",\n  "params": {\n    "referrer": null,\n    "deployment_id": "local",\n    "deployment_timestamp": null\n  }\n}'
02-19 18:46:55.342   531   531 E SurfaceFlinger: Out of order buffers detected for RequestedLayerState{viva.republica.toss.test/im.toss.rn.granite.core.GraniteActivity#5828 parentId=5827} producedId=2 frameNumber=27 -> producedId=2 frameNumber=2
02-19 18:46:55.348   531   531 E SurfaceFlinger: Out of order buffers detected for RequestedLayerState{viva.republica.toss.test/im.toss.rn.granite.core.GraniteActivity#5828 parentId=5827} producedId=2 frameNumber=27 -> producedId=2 frameNumber=3
02-19 18:46:55.383   752   989 I ImeTracker: viva.republica.toss.test:54c952b0: onRequestHide at ORIGIN_SERVER reason HIDE_UNSPECIFIED_WINDOW fromUser false
02-19 18:46:55.388 16566 16566 D InsetsController: hide(ime(), fromIme=false)
02-19 18:46:55.388 16566 16566 I ImeTracker: viva.republica.toss.test:54c952b0: onCancelled at PHASE_CLIENT_ALREADY_HIDDEN
02-19 18:46:55.391  1563  1563 I GoogleInputMethodService: GoogleInputMethodService.onFinishInput():2043 
02-19 18:46:55.393  1563  1563 I Module  : DeviceLockedStatusModuleProvider$Module.updateDeviceLockedStatus():100 repeatCheckTimes = 0, locked = false
02-19 18:46:55.394  1563  1563 I GoogleInputMethodService: GoogleInputMethodService.onStartInput():1293 onStartInput(EditorInfo{EditorInfo{packageName=viva.republica.toss.test, inputType=0, inputTypeString=NULL, enableLearning=false, autoCorrection=false, autoComplete=false, imeOptions=0, privateImeOptions=null, actionName=UNSPECIFIED, actionLabel=null, initialSelStart=-1, initialSelEnd=-1, initialCapsMode=0, label=null, fieldId=0, fieldName=null, extras=null, hintText=null, hintLocales=[]}}, false)
02-19 18:46:55.395   752  2417 I ImeTracker: system_server:8531bd46: onRequestHide at ORIGIN_SERVER reason IME_REQUESTED_CHANGED_LISTENER fromUser false
02-19 18:46:55.395  1563  1563 I Module  : DeviceLockedStatusModuleProvider$Module.updateDeviceLockedStatus():100 repeatCheckTimes = 1, locked = false
02-19 18:46:55.396   752   797 I ImeTracker: system_server:8531bd46: onCancelled at PHASE_SERVER_SHOULD_HIDE
02-19 18:46:55.397  1563  1563 I EmojiCompatManager: EmojiCompatManager.getEmojiCompatIfLoaded():343 EmojiCompat.init() was never called.
02-19 18:46:55.397  1563  1563 I EmojiCompatManager: java.lang.IllegalStateException: EmojiCompat is not initialized. Please call EmojiCompat.init() first
02-19 18:46:55.397  1563  1563 I EmojiCompatManager: 	at asx.p(PG:6)
02-19 18:46:55.397  1563  1563 I EmojiCompatManager: 	at axb.b(PG:13)
02-19 18:46:55.397  1563  1563 I EmojiCompatManager: 	at jnr.b(PG:2)
02-19 18:46:55.397  1563  1563 I EmojiCompatManager: 	at jnr.c(PG:4)
02-19 18:46:55.397  1563  1563 I EmojiCompatManager: 	at jnr.f(PG:3)
02-19 18:46:55.397  1563  1563 I EmojiCompatManager: 	at jnx.c(PG:3)
02-19 18:46:55.397  1563  1563 I EmojiCompatManager: 	at kif.cz(PG:47)
02-19 18:46:55.397  1563  1563 I EmojiCompatManager: 	at lhl.run(PG:1025)
02-19 18:46:55.397  1563  1563 I EmojiCompatManager: 	at jaf.execute(PG:12)
02-19 18:46:55.397  1563  1563 I EmojiCompatManager: 	at nco.v(PG:13)
02-19 18:46:55.397  1563  1563 I EmojiCompatManager: 	at lhn.m(PG:96)
02-19 18:46:55.397  1563  1563 I EmojiCompatManager: 	at lhn.k(PG:25)
02-19 18:46:55.397  1563  1563 I EmojiCompatManager: 	at kgn.onStartInput(PG:250)
02-19 18:46:55.397  1563  1563 I EmojiCompatManager: 	at android.inputmethodservice.InputMethodService.doStartInput(InputMethodService.java:3521)
02-19 18:46:55.397  1563  1563 I EmojiCompatManager: 	at android.inputmethodservice.InputMethodService$InputMethodImpl.startInput(InputMethodService.java:879)
02-19 18:46:55.397  1563  1563 I EmojiCompatManager: 	at android.inputmethodservice.InputMethodService$InputMethodImpl.dispatchStartInput(InputMethodService.java:908)
02-19 18:46:55.397  1563  1563 I EmojiCompatManager: 	at android.inputmethodservice.IInputMethodWrapper.executeMessage(IInputMethodWrapper.java:201)
02-19 18:46:55.397  1563  1563 I EmojiCompatManager: 	at com.android.internal.os.HandlerCaller$MyHandler.handleMessage(HandlerCaller.java:44)
02-19 18:46:55.397  1563  1563 I EmojiCompatManager: 	at android.os.Handler.dispatchMessage(Handler.java:110)
02-19 18:46:55.397  1563  1563 I EmojiCompatManager: 	at android.os.Looper.loopOnce(Looper.java:248)
02-19 18:46:55.397  1563  1563 I EmojiCompatManager: 	at android.os.Looper.loop(Looper.java:338)
02-19 18:46:55.397  1563  1563 I EmojiCompatManager: 	at android.app.ActivityThread.main(ActivityThread.java:9067)
02-19 18:46:55.397  1563  1563 I EmojiCompatManager: 	at java.lang.reflect.Method.invoke(Native Method)
02-19 18:46:55.397  1563  1563 I EmojiCompatManager: 	at com.android.internal.os.RuntimeInit$MethodAndArgsCaller.run(RuntimeInit.java:593)
02-19 18:46:55.397  1563  1563 I EmojiCompatManager: 	at com.android.internal.os.ZygoteInit.main(ZygoteInit.java:932)
02-19 18:46:55.398   752  2505 W PackageConfigPersister: App-specific configuration not found for packageName: viva.republica.toss.test and userId: 0
02-19 18:46:55.423   531   531 E SurfaceFlinger: Out of order buffers detected for RequestedLayerState{viva.republica.toss.test/im.toss.rn.granite.core.GraniteActivity#5828 parentId=5827} producedId=2 frameNumber=27 -> producedId=2 frameNumber=4
02-19 18:46:55.442   531   531 E SurfaceFlinger: Out of order buffers detected for RequestedLayerState{viva.republica.toss.test/im.toss.rn.granite.core.GraniteActivity#5828 parentId=5827} producedId=2 frameNumber=27 -> producedId=2 frameNumber=5
02-19 18:46:57.638   531   568 W EventThread: Faking VSYNC due to driver stall for thread app
02-19 18:46:57.640   531   569 W EventThread: Faking VSYNC due to driver stall for thread appSf
02-19 18:46:57.687   752  1856 E TaskPersister: File error accessing recents directory (directory doesn't exist?).
02-19 18:46:57.734   531   531 E SurfaceFlinger: Out of order buffers detected for RequestedLayerState{viva.republica.toss.test/im.toss.rn.granite.core.GraniteActivity#5828 parentId=5827} producedId=2 frameNumber=27 -> producedId=2 frameNumber=6
02-19 18:46:57.760 16800 16800 W dumpsys : Thread Pool max thread count is 0. Cannot cache binder as linkToDeath cannot be implemented. serviceName: window
02-19 18:46:57.764   531   531 E SurfaceFlinger: Out of order buffers detected for RequestedLayerState{viva.republica.toss.test/im.toss.rn.granite.core.GraniteActivity#5828 parentId=5827} producedId=2 frameNumber=27 -> producedId=2 frameNumber=7
02-19 18:46:57.766   752  2505 I system_server: AssetManager2(0x7d8fac4cdbd8) locale list changing from [] to [en-US]
02-19 18:46:57.771   752  2505 I system_server: AssetManager2(0x7d8fac44e978) locale list changing from [] to [en-US]
02-19 18:46:57.776   752  2505 I system_server: AssetManager2(0x7d8fac4cbfb8) locale list changing from [] to [en-US]
02-19 18:46:57.782   752  2505 I system_server: AssetManager2(0x7d8fac44ae18) locale list changing from [] to [en-US]
02-19 18:46:57.785   752  2505 I system_server: AssetManager2(0x7d8fac4d10f8) locale list changing from [] to [en-US]
02-19 18:46:57.792   752  2505 I system_server: AssetManager2(0x7d8fac4f0e58) locale list changing from [] to [en-US]
02-19 18:46:57.797   531   531 E SurfaceFlinger: Out of order buffers detected for RequestedLayerState{viva.republica.toss.test/im.toss.rn.granite.core.GraniteActivity#5828 parentId=5827} producedId=2 frameNumber=27 -> producedId=2 frameNumber=8
02-19 18:46:57.844   531   531 E SurfaceFlinger: Out of order buffers detected for RequestedLayerState{viva.republica.toss.test/im.toss.rn.granite.core.GraniteActivity#5828 parentId=5827} producedId=2 frameNumber=27 -> producedId=2 frameNumber=9
02-19 18:46:57.877   531   531 E SurfaceFlinger: Out of order buffers detected for RequestedLayerState{viva.republica.toss.test/im.toss.rn.granite.core.GraniteActivity#5828 parentId=5827} producedId=2 frameNumber=27 -> producedId=2 frameNumber=10
02-19 18:46:57.898   531   531 E SurfaceFlinger: Out of order buffers detected for RequestedLayerState{viva.republica.toss.test/im.toss.rn.granite.core.GraniteActivity#5828 parentId=5827} producedId=2 frameNumber=27 -> producedId=2 frameNumber=11
02-19 18:46:57.912   531   531 E SurfaceFlinger: Out of order buffers detected for RequestedLayerState{viva.republica.toss.test/im.toss.rn.granite.core.GraniteActivity#5828 parentId=5827} producedId=2 frameNumber=27 -> producedId=2 frameNumber=12
02-19 18:46:58.020   531   531 E SurfaceFlinger: Out of order buffers detected for RequestedLayerState{viva.republica.toss.test/im.toss.rn.granite.core.GraniteActivity#5828 parentId=5827} producedId=2 frameNumber=27 -> producedId=2 frameNumber=13
02-19 18:46:58.044   531   531 E SurfaceFlinger: Out of order buffers detected for RequestedLayerState{viva.republica.toss.test/im.toss.rn.granite.core.GraniteActivity#5828 parentId=5827} producedId=2 frameNumber=27 -> producedId=2 frameNumber=14
02-19 18:46:58.099  1563  1563 I StylusModule: StylusModule.onUpdateToolType():801 Update tool type = 0
02-19 18:46:58.112   531   531 E SurfaceFlinger: Out of order buffers detected for RequestedLayerState{viva.republica.toss.test/im.toss.rn.granite.core.GraniteActivity#5828 parentId=5827} producedId=2 frameNumber=27 -> producedId=2 frameNumber=15
02-19 18:46:59.501   531   568 W EventThread: Faking VSYNC due to driver stall for thread app
02-19 18:46:59.502 16566 16566 I Choreographer: Skipped 81 frames!  The application may be doing too much work on its main thread.
02-19 18:46:59.506  1782  2118 I bbax    : (REDACTED) getHotwordActive::active query: %s, watch: %s, devices connected: %s
02-19 18:46:59.541 16808 16808 W dumpsys : Thread Pool max thread count is 0. Cannot cache binder as linkToDeath cannot be implemented. serviceName: window
02-19 18:46:59.822   752  2505 W ActivityTaskManager: callingPackage for (uid=2000, pid=16813) has no WPC
02-19 18:46:59.825   752  2505 V GrammaticalInflectionUtils: AttributionSource: android.content.AttributionSource@56784557 does not have READ_SYSTEM_GRAMMATICAL_GENDER permission.
02-19 18:46:59.825   752  2505 W OptProp : Cannot read opt property android.window.PROPERTY_COMPAT_ALLOW_USER_ASPECT_RATIO_OVERRIDE
02-19 18:46:59.826   752  2505 W OptProp : Cannot read opt property android.window.PROPERTY_COMPAT_ALLOW_USER_ASPECT_RATIO_FULLSCREEN_OVERRIDE
02-19 18:46:59.826   752  2505 W OptProp : Cannot read opt property android.window.PROPERTY_COMPAT_ALLOW_RESIZEABLE_ACTIVITY_OVERRIDES
02-19 18:46:59.826   752  2505 W OptProp : Cannot read opt property android.window.PROPERTY_COMPAT_ALLOW_MIN_ASPECT_RATIO_OVERRIDE
02-19 18:46:59.829   531   603 I BpBinder: onLastStrongRef automatically unlinking death recipients: 
02-19 18:46:59.831  4449 22842 D KeyguardService: setOccluded(false)
02-19 18:46:59.831  4449 22842 D KeyguardViewMediator: setOccluded(false)
02-19 18:46:59.831  4449  4449 D KeyguardViewMediator: handleSetOccluded(false)
02-19 18:46:59.831   752  2505 I ActivityTaskManager: START u0 {act=android.intent.action.VIEW dat=intoss://takealook/... flg=0x10000000 xflg=0x4 cmp=viva.republica.toss.test/im.toss.rn.granite.core.GraniteActivity} with LAUNCH_MULTIPLE from uid 2000 (BAL_ALLOW_PERMISSION) result code=3
02-19 18:46:59.831  4449  4449 D KeyguardViewMediator: KeyguardViewMediator queue processing message: SET_OCCLUDED
02-19 18:46:59.832  4449  4467 D WindowManagerShell: onActivityRestartAttempt: topActivity=ComponentInfo{viva.republica.toss.test/im.toss.rn.granite.core.GraniteActivity}, wasVisible=true
02-19 18:47:01.670   531   568 W EventThread: Faking VSYNC due to driver stall for thread app
02-19 18:47:01.680  1336  1556 D SatelliteController: iisInCarrierRoamingNbIotNtn: satellite is disabled
02-19 18:47:02.269 16816 16816 W dumpsys : Thread Pool max thread count is 0. Cannot cache binder as linkToDeath cannot be implemented. serviceName: window
02-19 18:47:02.618 16821 16821 W screencap: Thread Pool max thread count is 0. Cannot cache binder as linkToDeath cannot be implemented. serviceName: SurfaceFlingerAIDL
02-19 18:47:02.619 16821 16821 W BpBinder: Linking to death on android.gui.ISurfaceComposer but there are no threads (yet?) listening to incoming transactions. See ProcessState::startThreadPool and ProcessState::setThreadPoolMaxThreadCount. Generally you should setup the binder threadpool before other initialization steps.
02-19 18:47:02.619 16821 16821 W ProcessState: Extra binder thread started, but 0 threads requested. Do not use *startThreadPool when zero threads are requested.
02-19 18:47:02.622   531   590 E HwcComposer: getLuts failed Status(-8, EX_SERVICE_SPECIFIC): '8: '
02-19 18:47:02.622   531   590 E HWComposer: getLuts: getLuts failed for display 4619827259835644672: UNSUPPORTED (8)
02-19 18:47:02.694   531   568 W EventThread: Faking VSYNC due to driver stall for thread app
