02-19 21:27:19.929   752  2419 I ActivityTaskManager: START u0 {act=android.intent.action.VIEW dat=intoss://takealook/... flg=0x10000000 xflg=0x4 cmp=viva.republica.toss.test/im.toss.rn.granite.core.GraniteActivity} with LAUNCH_MULTIPLE from uid 2000 (BAL_ALLOW_PERMISSION) result code=0
02-19 21:27:19.930  4449  4467 V WindowManagerShell: Transition requested (#1040): android.os.BinderProxy@f5093ce TransitionRequestInfo { type = OPEN, triggerTask = TaskInfo{userId=0 taskId=156 effectiveUid=10217 displayId=0 isRunning=true baseIntent=Intent { act=android.intent.action.VIEW dat=intoss://takealook/... flg=0x10000000 cmp=viva.republica.toss.test/im.toss.rn.granite.core.GraniteActivity } baseActivity=ComponentInfo{viva.republica.toss.test/im.toss.rn.granite.core.GraniteActivity} topActivity=ComponentInfo{viva.republica.toss.test/im.toss.rn.granite.core.GraniteActivity} origActivity=null realActivity=ComponentInfo{viva.republica.toss.test/im.toss.rn.granite.core.GraniteActivity} numActivities=1 lastActiveTime=115513774 supportsMultiWindow=true resizeMode=1 isResizeable=true minWidth=-1 minHeight=-1 defaultMinSize=220 token=WCT{android.window.IWindowContainerToken$Stub$Proxy@1abe2ef} topActivityType=1 pictureInPictureParams=null shouldDockBigOverlays=false launchIntoPipHostTaskId=-1 lastParentTaskIdBeforePip=-1 displayCutoutSafeInsets=Rect(0, 0 - 0, 0) topActivityInfo=ActivityInfo{92ea1fc im.toss.rn.granite.core.GraniteActivity} launchCookies=[] positionInParent=Point(0, 0) parentTaskId=-1 isFocused=false isVisible=false isVisibleRequested=false isTopActivityNoDisplay=false isSleeping=false locusId=null displayAreaFeatureId=1 isTopActivityTransparent=false isActivityStackTransparent=false lastNonFullscreenBounds=Rect(284, 660 - 796, 1740) capturedLink=null capturedLinkTimestamp=0 requestedVisibleTypes=-9 topActivityRequestOpenInBrowserEducationTimestamp=0 appCompatTaskInfo=AppCompatTaskInfo { topActivityInSizeCompat=false eligibleForLetterboxEducation= false isLetterboxEducationEnabled= true isLetterboxDoubleTapEnabled= false eligibleForUserAspectRatioButton= false topActivityBoundsLetterboxed= false isFromLetterboxDoubleTap= false topActivityLetterboxVerticalPosition= -1 topActivityLetterboxHorizontalPosition= -1 topActivityLetterboxWidth=-1 topActivityLetterboxHeight=-1 topActivityAppBounds=Rect(0, 0 - 1080, 2400) isUserFullscreenOverrideEnabled=false isSystemFullscreenOverrideEnabled=false hasMinAspectRatioOverride=false topActivityLetterboxBounds=null cameraCompatTaskInfo=CameraCompatTaskInfo { freeformCameraCompatMode=inactive}} topActivityMainWindowFrame=null}, pipChange = null, remoteTransition = null, displayChange = null, flags = 0, debugId = 1040 }
02-19 21:27:19.930  4449  4467 D ShellSplitScreen: logExit: no-op, mLoggerSessionId is null
02-19 21:27:19.930   752  1456 D CompatChangeReporter: Compat change id reported: 309578419; UID 10217; state: ENABLED
02-19 21:27:19.940 19166 19166 W SplitSelectStateCtor: Missing session instanceIds
02-19 21:27:19.941 19166 19166 D StatsLog: LAUNCHER_SPLIT_SELECTION_EXIT_INTERRUPTED
02-19 21:27:19.941  4449  4475 W HWUI    : Image decoding logging dropped!
02-19 21:27:19.943  4449  4467 D WindowManagerShell: setLauncherKeepClearAreaHeight: visible=false, height=527
02-19 21:27:19.959   615 17673 W IPCThreadState: Sending oneway calls to frozen process.
02-19 21:27:19.954   752  1246 W OptProp : Cannot read opt property android.window.PROPERTY_COMPAT_ENABLE_FAKE_FOCUS
02-19 21:27:19.961   752  1246 D CompatChangeReporter: Compat change id reported: 324203798; UID 10217; state: ENABLED
02-19 21:27:19.975   752  1095 D BackgroundInstallControlService: Package event received: 0
02-19 21:27:19.976  1425  1529 I EGL_emulation: Opening libGLESv1_CM_emulation.so
02-19 21:27:19.977  1425  1529 I EGL_emulation: Opening libGLESv2_emulation.so
02-19 21:27:19.991   531   603 I BpBinder: onLastStrongRef automatically unlinking death recipients: 
02-19 21:27:20.001   752  1246 D CoreBackPreview: Window{db7c39 u0 Splash Screen viva.republica.toss.test}: Setting back callback OnBackInvokedCallbackInfo{mCallback=android.window.IOnBackInvokedCallback$Stub$Proxy@941d82c, mPriority=0, mIsAnimationCallback=false, mOverrideBehavior=0}
02-19 21:27:20.025   615 17673 W IPCThreadState: Sending oneway calls to frozen process.
02-19 21:27:20.031  1425  1529 W HWUI    : Failed to choose config with EGL_SWAP_BEHAVIOR_PRESERVED, retrying without...
02-19 21:27:20.031  1425  1529 W HWUI    : Failed to initialize 101010-2 format, error = EGL_SUCCESS
02-19 21:27:20.041   752  1095 D BackgroundInstallControlService: Package event received: 0
02-19 21:27:20.051  1425  1425 I blica.toss.test: AssetManager2(0x7d8fac438218) locale list changing from [] to [en-US]
02-19 21:27:20.057   752  1095 D BackgroundInstallControlService: Package event received: 0
02-19 21:27:20.057   752  1095 D BackgroundInstallControlService: Package event received: 0
02-19 21:27:20.057   752  1095 D BackgroundInstallControlService: Package event received: 0
02-19 21:27:20.057   752  1095 D BackgroundInstallControlService: Package event received: 0
02-19 21:27:20.101   752  1095 D BackgroundInstallControlService: Package event received: 0
02-19 21:27:20.102   752  1095 D BackgroundInstallControlService: Package event received: 0
02-19 21:27:20.144   752   794 W Looper  : Slow dispatch took 167ms android.fg app=system_server main=false group=FOREGROUND h=android.os.Handler c=<recycled PooledLambda@18317b3> m=0
02-19 21:27:20.341   752   795 W Looper  : Slow dispatch took 145ms android.ui app=system_server main=false group=TOP_APP h=com.android.server.am.ActivityManagerService$UiHandler c=com.android.server.am.UidObserverController$$ExternalSyntheticLambda0@6a2cd6d m=0
02-19 21:27:20.371  4449  4488 V WindowManagerShell: onTransitionReady(transaction=3229815436450)
02-19 21:27:20.378  1425  1538 W okhttp.OkHttpClient: A connection to http://localhost:8081/ was leaked. Did you forget to close a response body? To see where this was allocated, set the OkHttpClient logger level to FINE: Logger.getLogger(OkHttpClient.class.getName()).setLevel(Level.FINE);
02-19 21:27:20.388  4449  4467 V WindowManagerShell: onTransitionReady (#1040) android.os.BinderProxy@f5093ce: {id=1040 t=OPEN f=0x0 trk=0 r=[0@Point(0, 0)] c=[
02-19 21:27:20.388  4449  4467 V WindowManagerShell:         {m=OPEN f=NONE leash=Surface(name=Task=156)/@0x9f3f28a sb=Rect(0, 0 - 1080, 2400) eb=Rect(0, 0 - 1080, 2400) epz=Point(1080, 2400) d=0 taskParent=-1},
02-19 21:27:20.388  4449  4467 V WindowManagerShell:         {m=TO_BACK f=SHOW_WALLPAPER leash=Surface(name=Task=1)/@0x18080fb sb=Rect(0, 0 - 1080, 2400) eb=Rect(0, 0 - 1080, 2400) epz=Point(1080, 2400) d=0 taskParent=-1},
02-19 21:27:20.388  4449  4467 V WindowManagerShell:         {m=TO_BACK f=IS_WALLPAPER leash=Surface(name=WallpaperWindowToken{35e0c0f showWhenLocked=false})/@0x8259518 sb=Rect(0, 0 - 1080, 2400) eb=Rect(0, 0 - 1080, 2400) epz=Point(1080, 2400) d=0}
02-19 21:27:20.388  4449  4467 V WindowManagerShell:     ]}
02-19 21:27:20.391  4449  4467 V WindowManagerShell: Playing animation for (#1040) android.os.BinderProxy@f5093ce@0
02-19 21:27:20.392  4449  4467 V ShellRecents: RecentsTransitionHandler.startAnimation: no controller found
02-19 21:27:20.392  4449  4467 V WindowManagerShell: Transition doesn't have explicit remote, search filters for match for {id=1040 t=OPEN f=0x0 trk=0 r=[0@Point(0, 0)] c=[{m=OPEN f=NONE leash=Surface(name=Task=156)/@0x9f3f28a sb=Rect(0, 0 - 1080, 2400) eb=Rect(0, 0 - 1080, 2400) epz=Point(1080, 2400) d=0 taskParent=-1},{m=TO_BACK f=SHOW_WALLPAPER leash=Surface(name=Task=1)/@0x18080fb sb=Rect(0, 0 - 1080, 2400) eb=Rect(0, 0 - 1080, 2400) epz=Point(1080, 2400) d=0 taskParent=-1},{m=TO_BACK f=IS_WALLPAPER leash=Surface(name=WallpaperWindowToken{35e0c0f showWhenLocked=false})/@0x8259518 sb=Rect(0, 0 - 1080, 2400) eb=Rect(0, 0 - 1080, 2400) epz=Point(1080, 2400) d=0}]}
02-19 21:27:20.398  1425  1643 W libc    : Access denied finding property "vendor.mesa.vk.trace.per.submit"
02-19 21:27:20.440   752   794 V WindowManager: Sent Transition (#1040) createdAt=02-19 21:27:19.914 via request=TransitionRequestInfo { type = OPEN, triggerTask = TaskInfo{userId=0 taskId=156 effectiveUid=10217 displayId=0 isRunning=true baseIntent=Intent { act=android.intent.action.VIEW dat=intoss://takealook/... flg=0x10000000 cmp=viva.republica.toss.test/im.toss.rn.granite.core.GraniteActivity } baseActivity=ComponentInfo{viva.republica.toss.test/im.toss.rn.granite.core.GraniteActivity} topActivity=ComponentInfo{viva.republica.toss.test/im.toss.rn.granite.core.GraniteActivity} origActivity=null realActivity=ComponentInfo{viva.republica.toss.test/im.toss.rn.granite.core.GraniteActivity} numActivities=1 lastActiveTime=115513774 supportsMultiWindow=true resizeMode=1 isResizeable=true minWidth=-1 minHeight=-1 defaultMinSize=220 token=WCT{RemoteToken{b28dfd7 Task{eefca94 #156 type=standard A=10217:viva.republica.toss.test}}} topActivityType=1 pictureInPictureParams=null shouldDockBigOverlays=false launchIntoPipHostTaskId=-1 lastParentTaskIdBeforePip=-1 displayCutoutSafeInsets=Rect(0, 0 - 0, 0) topActivityInfo=ActivityInfo{be500c4 im.toss.rn.granite.core.GraniteActivity} launchCookies=[] positionInParent=Point(0, 0) parentTaskId=-1 isFocused=false isVisible=false isVisibleRequested=false isTopActivityNoDisplay=false isSleeping=false locusId=null displayAreaFeatureId=1 isTopActivityTransparent=false isActivityStackTransparent=false lastNonFullscreenBounds=Rect(284, 660 - 796, 1740) capturedLink=null capturedLinkTimestamp=0 requestedVisibleTypes=-9 topActivityRequestOpenInBrowserEducationTimestamp=0 appCompatTaskInfo=AppCompatTaskInfo { topActivityInSizeCompat=false eligibleForLetterboxEducation= false isLetterboxEducationEnabled= true isLetterboxDoubleTapEnabled= false eligibleForUserAspectRatioButton= false topActivityBoundsLetterboxed= false isFromLetterboxDoubleTap= false topActivityLetterboxVerticalPosition= -1 topActivityLetterboxHorizontalPosition= -1 topActivityLetterboxWidth=-1 topActivityLetterboxHeight=-1 topActivityAppBounds=Rect(0, 0 - 1080, 2400) isUserFullscreenOverrideEnabled=false isSystemFullscreenOverrideEnabled=false hasMinAspectRatioOverride=false topActivityLetterboxBounds=null cameraCompatTaskInfo=CameraCompatTaskInfo { freeformCameraCompatMode=inactive}} topActivityMainWindowFrame=null}, pipChange = null, remoteTransition = null, displayChange = null, flags = 0, debugId = 1040 }
02-19 21:27:20.441   752   794 V WindowManager:     startWCT=WindowContainerTransaction { changes= {} hops= [] errorCallbackToken=null taskFragmentOrganizer=null }
02-19 21:27:20.444   752   794 V WindowManager:     info={id=1040 t=OPEN f=0x0 trk=0 r=[0@Point(0, 0)] c=[
02-19 21:27:20.444   752   794 V WindowManager:         {WCT{RemoteToken{b28dfd7 Task{eefca94 #156 type=standard A=10217:viva.republica.toss.test}}} m=OPEN f=NONE leash=Surface(name=Task=156)/@0xfc0388a sb=Rect(0, 0 - 1080, 2400) eb=Rect(0, 0 - 1080, 2400) epz=Point(1080, 2400) d=0 taskParent=-1},
02-19 21:27:20.444   752   794 V WindowManager:         {WCT{RemoteToken{5218fe8 Task{dd43522 #1 type=home}}} m=TO_BACK f=SHOW_WALLPAPER leash=Surface(name=Task=1)/@0x8ddbd2e sb=Rect(0, 0 - 1080, 2400) eb=Rect(0, 0 - 1080, 2400) epz=Point(1080, 2400) d=0 taskParent=-1},
02-19 21:27:20.444   752   794 V WindowManager:         {m=TO_BACK f=IS_WALLPAPER leash=Surface(name=WallpaperWindowToken{35e0c0f showWhenLocked=false})/@0x512f5be sb=Rect(0, 0 - 1080, 2400) eb=Rect(0, 0 - 1080, 2400) epz=Point(1080, 2400) d=0}
02-19 21:27:20.444   752   794 V WindowManager:     ]}
02-19 21:27:20.459  4449  4467 V WindowManagerShell:  Checking filter Pair{{types=[] flags=0x0] notFlags=0x0 checks=[{atype=undefined independent=true modes=[CLOSE,TO_BACK] flags=IN_TASK_WITH_EMBEDDED_ACTIVITY mustBeTask=false order=ANY topActivity=null launchCookie=null taskFragmentToken=android.os.BinderProxy@71546f0 windowingMode=undefined}]} RemoteTransition { remoteTransition = android.window.IRemoteTransition$Stub$Proxy@d4c8469, appThread = android.app.IApplicationThread$Stub$Proxy@c228eee, debugName = overlayBackTransition }}
02-19 21:27:20.460  1425  1643 W libc    : Access denied finding property "vendor.mesa.gallium.print.optio"
02-19 21:27:20.461  1425  1643 W libc    : Access denied finding property "vendor.mesa.vk.trace.frame"
02-19 21:27:20.467  4449  4467 V WindowManagerShell:  Checking filter Pair{{types=[] flags=0x0] notFlags=0x0 checks=[{atype=dream independent=true modes=[OPEN,TO_FRONT] flags=NONE mustBeTask=false order=ANY topActivity=null launchCookie=null windowingMode=undefined},{atype=home independent=true modes=[CLOSE,TO_BACK] flags=NONE mustBeTask=false order=ANY topActivity=null launchCookie=null windowingMode=undefined}]} RemoteTransition { remoteTransition = android.window.IRemoteTransition$Stub$Proxy@c578f8f, appThread = android.app.IApplicationThread$Stub$Proxy@69fe21c, debugName = LauncherToDream }}
02-19 21:27:20.467  4449  4467 V WindowManagerShell:  Checking filter Pair{{types=[] flags=0x0] notFlags=0x100 checks=[{atype=home independent=true modes=[OPEN,TO_FRONT] flags=NONE mustBeTask=false order=TOP topActivity=ComponentInfo{com.google.android.apps.nexuslauncher/com.google.android.apps.nexuslauncher.NexusLauncherActivity} launchCookie=null windowingMode=undefined},{atype=standard independent=true modes=[CLOSE,TO_BACK] flags=NONE mustBeTask=false order=ANY topActivity=null launchCookie=null windowingMode=undefined},{NOT atype=undefined independent=true modes=[] flags=NONE mustBeTask=true order=ANY topActivity=null launchCookie=null customAnim=true windowingMode=undefined}]} RemoteTransition { remoteTransition = android.window.IRemoteTransition$Stub$Proxy@69ffe25, appThread = android.app.IApplicationThread$Stub$Proxy@72cabfa, debugName = QuickstepLaunchHome }}
02-19 21:27:20.468  4449  4467 V WindowManagerShell:  Checking filter Pair{{types=[] flags=0x0] notFlags=0x0 checks=[{atype=undefined independent=true modes=[CLOSE,TO_BACK] flags=IN_TASK_WITH_EMBEDDED_ACTIVITY mustBeTask=false order=ANY topActivity=null launchCookie=null taskFragmentToken=android.os.BinderProxy@71546f0 windowingMode=undefined}]} RemoteTransition { remoteTransition = android.window.IRemoteTransition$Stub$Proxy@7c795ab, appThread = android.app.IApplicationThread$Stub$Proxy@cd70408, debugName = overlayBackTransition }}
02-19 21:27:20.468  4449  4467 V WindowManagerShell:  Checking filter Pair{{types=[] flags=0x0] notFlags=0x0 checks=[{atype=dream independent=true modes=[OPEN,TO_FRONT] flags=NONE mustBeTask=false order=ANY topActivity=null launchCookie=null windowingMode=undefined},{atype=home independent=true modes=[CLOSE,TO_BACK] flags=NONE mustBeTask=false order=ANY topActivity=null launchCookie=null windowingMode=undefined}]} RemoteTransition { remoteTransition = android.window.IRemoteTransition$Stub$Proxy@f757a1, appThread = android.app.IApplicationThread$Stub$Proxy@d898dc6, debugName = LauncherToDream }}
02-19 21:27:20.468  4449  4467 V WindowManagerShell:  Checking filter Pair{{types=[] flags=0x0] notFlags=0x100 checks=[{atype=home independent=true modes=[OPEN,TO_FRONT] flags=NONE mustBeTask=false order=TOP topActivity=ComponentInfo{com.google.android.apps.nexuslauncher/com.google.android.apps.nexuslauncher.NexusLauncherActivity} launchCookie=null windowingMode=undefined},{atype=standard independent=true modes=[CLOSE,TO_BACK] flags=NONE mustBeTask=false order=ANY topActivity=null launchCookie=null windowingMode=undefined},{NOT atype=undefined independent=true modes=[] flags=NONE mustBeTask=true order=ANY topActivity=null launchCookie=null customAnim=true windowingMode=undefined}]} RemoteTransition { remoteTransition = android.window.IRemoteTransition$Stub$Proxy@9e7e187, appThread = android.app.IApplicationThread$Stub$Proxy@3dc58b4, debugName = QuickstepLaunchHome }}
02-19 21:27:20.469  4449  4467 V WindowManagerShell:  Delegate animation for (#1040) to null
02-19 21:27:20.469  4449  4467 V WindowManagerShell: start default transition animation, info = {id=1040 t=OPEN f=0x0 trk=0 r=[0@Point(0, 0)] c=[{m=OPEN f=NONE leash=Surface(name=Task=156)/@0x9f3f28a sb=Rect(0, 0 - 1080, 2400) eb=Rect(0, 0 - 1080, 2400) epz=Point(1080, 2400) d=0 taskParent=-1},{m=TO_BACK f=SHOW_WALLPAPER leash=Surface(name=Task=1)/@0x18080fb sb=Rect(0, 0 - 1080, 2400) eb=Rect(0, 0 - 1080, 2400) epz=Point(1080, 2400) d=0 taskParent=-1},{m=TO_BACK f=IS_WALLPAPER leash=Surface(name=WallpaperWindowToken{35e0c0f showWhenLocked=false})/@0x8259518 sb=Rect(0, 0 - 1080, 2400) eb=Rect(0, 0 - 1080, 2400) epz=Point(1080, 2400) d=0}]}
02-19 21:27:20.469  4449  4467 V WindowManagerShell: loadAnimation: anim=android.view.animation.AnimationSet@26ad56 animAttr=0x13 type=OPEN isEntrance=false
02-19 21:27:20.470  4449  4467 V WindowManagerShell: loadAnimation: anim=android.view.animation.AnimationSet@fcc31d7 animAttr=0x12 type=OPEN isEntrance=true
02-19 21:27:20.483  1425  1643 W libc    : Access denied finding property "vendor.mesa.vk.wsi.headless.swa"
02-19 21:27:20.490  4449  4467 V WindowManagerShell:  animated by com.android.wm.shell.transition.DefaultTransitionHandler@f74d823
02-19 21:27:20.555  1425  1425 W unknown:ReactRootView: Unable to update root layout specs for uninitialized ReactInstanceManager
02-19 21:27:20.555   752  1246 D CoreBackPreview: Window{ed37971 u0 viva.republica.toss.test/im.toss.rn.granite.core.GraniteActivity}: Setting back callback OnBackInvokedCallbackInfo{mCallback=android.window.IOnBackInvokedCallback$Stub$Proxy@2553bad, mPriority=0, mIsAnimationCallback=false, mOverrideBehavior=0}
02-19 21:27:20.655   752   794 I ActivityTaskManager: Displayed viva.republica.toss.test/im.toss.rn.granite.core.GraniteActivity for user 0: +686ms
02-19 21:27:20.698  1425  1671 W unknown:InspectorPackagerConnection: Couldn't connect to packager, will silently retry
02-19 21:27:20.723   752   989 I ImeTracker: viva.republica.toss.test:aef88b2a: onRequestHide at ORIGIN_SERVER reason HIDE_UNSPECIFIED_WINDOW fromUser false
02-19 21:27:20.730  1425  1425 D InsetsController: hide(ime(), fromIme=false)
02-19 21:27:20.730  1425  1425 I ImeTracker: viva.republica.toss.test:aef88b2a: onCancelled at PHASE_CLIENT_ALREADY_HIDDEN
02-19 21:27:20.758  1425  1672 W unknown:ReconnectingWebSocket: Couldn't connect to "ws://10.0.2.2:8081/message?device=sdk_gphone64_x86_64%20-%2016%20-%20API%2036&app=viva.republica.toss.test&clientid=BridgeDevSupportManager", will silently retry
02-19 21:27:20.818 20022 20022 I GoogleInputMethodService: GoogleInputMethodService.onFinishInput():2043 
02-19 21:27:20.823 20022 20022 I Module  : DeviceLockedStatusModuleProvider$Module.updateDeviceLockedStatus():100 repeatCheckTimes = 0, locked = false
02-19 21:27:20.828   752  2419 I ImeTracker: system_server:9c55d5b: onRequestHide at ORIGIN_SERVER reason IME_REQUESTED_CHANGED_LISTENER fromUser false
02-19 21:27:20.828 20022 20022 I GoogleInputMethodService: GoogleInputMethodService.onStartInput():1293 onStartInput(EditorInfo{EditorInfo{packageName=viva.republica.toss.test, inputType=0, inputTypeString=NULL, enableLearning=false, autoCorrection=false, autoComplete=false, imeOptions=0, privateImeOptions=null, actionName=UNSPECIFIED, actionLabel=null, initialSelStart=-1, initialSelEnd=-1, initialCapsMode=0, label=null, fieldId=0, fieldName=null, extras=null, hintText=null, hintLocales=[]}}, false)
02-19 21:27:20.831 20022 20022 I EmojiCompatManager: EmojiCompatManager.getEmojiCompatIfLoaded():343 EmojiCompat.init() was never called.
02-19 21:27:20.831 20022 20022 I EmojiCompatManager: java.lang.IllegalStateException: EmojiCompat is not initialized. Please call EmojiCompat.init() first
02-19 21:27:20.831 20022 20022 I EmojiCompatManager: 	at asx.p(PG:6)
02-19 21:27:20.831 20022 20022 I EmojiCompatManager: 	at axb.b(PG:13)
02-19 21:27:20.831 20022 20022 I EmojiCompatManager: 	at jnr.b(PG:2)
02-19 21:27:20.831 20022 20022 I EmojiCompatManager: 	at jnr.c(PG:4)
02-19 21:27:20.831 20022 20022 I EmojiCompatManager: 	at jnr.f(PG:3)
02-19 21:27:20.831 20022 20022 I EmojiCompatManager: 	at jnx.c(PG:3)
02-19 21:27:20.831 20022 20022 I EmojiCompatManager: 	at kif.cz(PG:47)
02-19 21:27:20.831 20022 20022 I EmojiCompatManager: 	at lhl.run(PG:1025)
02-19 21:27:20.831 20022 20022 I EmojiCompatManager: 	at jaf.execute(PG:12)
02-19 21:27:20.831 20022 20022 I EmojiCompatManager: 	at nco.v(PG:13)
02-19 21:27:20.831 20022 20022 I EmojiCompatManager: 	at lhn.m(PG:96)
02-19 21:27:20.831 20022 20022 I EmojiCompatManager: 	at lhn.k(PG:25)
02-19 21:27:20.831 20022 20022 I EmojiCompatManager: 	at kgn.onStartInput(PG:250)
02-19 21:27:20.831 20022 20022 I EmojiCompatManager: 	at android.inputmethodservice.InputMethodService.doStartInput(InputMethodService.java:3521)
02-19 21:27:20.831 20022 20022 I EmojiCompatManager: 	at android.inputmethodservice.InputMethodService$InputMethodImpl.startInput(InputMethodService.java:879)
02-19 21:27:20.831 20022 20022 I EmojiCompatManager: 	at android.inputmethodservice.InputMethodService$InputMethodImpl.dispatchStartInput(InputMethodService.java:908)
02-19 21:27:20.831 20022 20022 I EmojiCompatManager: 	at android.inputmethodservice.IInputMethodWrapper.executeMessage(IInputMethodWrapper.java:201)
02-19 21:27:20.831 20022 20022 I EmojiCompatManager: 	at com.android.internal.os.HandlerCaller$MyHandler.handleMessage(HandlerCaller.java:44)
02-19 21:27:20.831 20022 20022 I EmojiCompatManager: 	at android.os.Handler.dispatchMessage(Handler.java:110)
02-19 21:27:20.831 20022 20022 I EmojiCompatManager: 	at android.os.Looper.loopOnce(Looper.java:248)
02-19 21:27:20.831 20022 20022 I EmojiCompatManager: 	at android.os.Looper.loop(Looper.java:338)
02-19 21:27:20.831 20022 20022 I EmojiCompatManager: 	at android.app.ActivityThread.main(ActivityThread.java:9067)
02-19 21:27:20.831 20022 20022 I EmojiCompatManager: 	at java.lang.reflect.Method.invoke(Native Method)
02-19 21:27:20.831 20022 20022 I EmojiCompatManager: 	at com.android.internal.os.RuntimeInit$MethodAndArgsCaller.run(RuntimeInit.java:593)
02-19 21:27:20.831 20022 20022 I EmojiCompatManager: 	at com.android.internal.os.ZygoteInit.main(ZygoteInit.java:932)
02-19 21:27:20.839   752   797 I ImeTracker: system_server:9c55d5b: onCancelled at PHASE_SERVER_SHOULD_HIDE
02-19 21:27:20.851 20022 20022 I Module  : DeviceLockedStatusModuleProvider$Module.updateDeviceLockedStatus():100 repeatCheckTimes = 1, locked = false
02-19 21:27:20.853 20022 20022 W NotificationCenter: NotificationCenter$NotificationQueue.notifyPendingNotificationsOnExecutor():877 Heavy notify work detected on UI thread: [kig->ilu, kig->ijm, kig->gkl, kig->ilu, kig->jnx, kig->khc, kig->ilu, kig->fro, kig->fef, kig->ilu, kig->ilu, kig->fcb, kig->ilu, kig->khg, kig->imt, kig->ilu, kig->ilu, kig->ilu, kig->ilu, kig->ilu, kig->lux, kig->ilu, kig->ilu] takes 23ms
02-19 21:27:20.859   752  2419 W PackageConfigPersister: App-specific configuration not found for packageName: viva.republica.toss.test and userId: 0
02-19 21:27:20.899  4449  4467 V WindowManagerShell: Transition animation finished (aborted=false), notifying core (#1040) android.os.BinderProxy@f5093ce@0
02-19 21:27:20.922   752   794 V WindowManager: Finish Transition (#1040): created at 02-19 21:27:19.914 collect-started=0.257ms request-sent=14.079ms started=26.643ms ready=74.084ms sent=439.206ms commit=151.356ms finished=1006.496ms
02-19 21:27:20.936  4449  4467 V WindowManagerShell: Track 0 became idle
02-19 21:27:20.936  4449  4467 V WindowManagerShell: All active transition animations finished
02-19 21:27:20.989 19166 19166 D VRI[NexusLauncherActivity]: visibilityChanged oldVisibility=true newVisibility=false
02-19 21:27:21.021 19166 19166 D BaseDepthController: setSurface:
02-19 21:27:21.021 19166 19166 D BaseDepthController: 	mWaitingOnSurfaceValidity: false
02-19 21:27:21.021 19166 19166 D BaseDepthController: 	mBaseSurface: null
02-19 21:27:21.023 19166 19166 D BaseDepthController: mSurface is null and mCurrentBlur is: 0
02-19 21:27:21.030  1425  1643 W chromium: [WARNING:viz_main_impl.cc(85)] VizNullHypothesis is disabled (not a warning)
02-19 21:27:21.049 19166 19166 D StateManager: goToState - fromState: Normal, toState: Normal, partial trace:
02-19 21:27:21.049 19166 19166 D StateManager: 	at com.android.launcher3.statemanager.StateManager.moveToRestState(go/retraceme 72a59688580715d19f0e415c69e80376c2f062d1648c80db6730905005a27c20:4)
02-19 21:27:21.049 19166 19166 D StateManager: 	at com.android.launcher3.statemanager.StateManager.moveToRestState(go/retraceme 72a59688580715d19f0e415c69e80376c2f062d1648c80db6730905005a27c20:1)
02-19 21:27:21.049 19166 19166 D StateManager: 	at com.android.launcher3.statemanager.StatefulActivity.onStop(go/retraceme 72a59688580715d19f0e415c69e80376c2f062d1648c80db6730905005a27c20:34)
02-19 21:27:21.050 19166 19166 D StatsLog: LAUNCHER_ONSTOP
02-19 21:27:21.055 19166 19166 D StatsLog: LAUNCHER_GOOGLE_SEARCH_RESTORE_LIST_SIZE_AFTER_ACTIVITY_RESTART
02-19 21:27:21.056 19166 19166 D NexusLauncherModelDelegate: notifySmartspaceEvent: SmartspaceTargetEvent{mSmartspaceTarget=null, mSmartspaceActionId='null', mEventType=7}
02-19 21:27:21.057 19166 19166 D NexusLauncherModelDelegate: notifySmartspaceEvent: SmartspaceTargetEvent{mSmartspaceTarget=null, mSmartspaceActionId='null', mEventType=7}
02-19 21:27:21.133 19166 19172 W System  : A resource failed to call release. 
02-19 21:27:21.134 19166 19172 W System  : A resource failed to call release. 
02-19 21:27:21.134 19166 19172 W System  : A resource failed to call release. 
02-19 21:27:21.135 19166 19172 W System  : A resource failed to call release. 
02-19 21:27:21.135 19166 19172 W System  : A resource failed to call release. 
02-19 21:27:21.135 19166 19172 W System  : A resource failed to call release. 
02-19 21:27:21.150  1425  1425 E unknown:ReactRootView: Unhandled SoftException
02-19 21:27:21.150  1425  1425 E unknown:ReactRootView: com.facebook.react.uimanager.IllegalViewOperationException: Trying to attach a ReactRootView with an explicit id already set to [2131362676]. React Native uses the id field to track react tags and will overwrite this field. If that is fine, explicitly overwrite the id field to View.NO_ID.
02-19 21:27:21.150  1425  1425 E unknown:ReactRootView: 	at com.facebook.react.ReactRootView.attachToReactInstanceManager(:799)
02-19 21:27:21.150  1425  1425 E unknown:ReactRootView: 	at com.facebook.react.ReactRootView.startReactApplication(:509)
02-19 21:27:21.150  1425  1425 E unknown:ReactRootView: 	at com.facebook.react.ReactRootView.startReactApplication(:469)
02-19 21:27:21.150  1425  1425 E unknown:ReactRootView: 	at im.toss.rn.granite.core.GraniteActivity.write(:486)
02-19 21:27:21.150  1425  1425 E unknown:ReactRootView: 	at im.toss.rn.granite.core.GraniteActivity.RemoteActionCompatParcelizer(:124)
02-19 21:27:21.150  1425  1425 E unknown:ReactRootView: 	at im.toss.rn.granite.core.GraniteActivity$RemoteActionCompatParcelizer.IconCompatParcelizer(:65353)
02-19 21:27:21.150  1425  1425 E unknown:ReactRootView: 	at o.sh.a_(:33)
02-19 21:27:21.150  1425  1425 E unknown:ReactRootView: 	at o.xP.run(:100)
02-19 21:27:21.150  1425  1425 E unknown:ReactRootView: 	at android.os.Handler.handleCallback(Handler.java:995)
02-19 21:27:21.150  1425  1425 E unknown:ReactRootView: 	at android.os.Handler.dispatchMessage(Handler.java:103)
02-19 21:27:21.150  1425  1425 E unknown:ReactRootView: 	at android.os.Looper.loopOnce(Looper.java:248)
02-19 21:27:21.150  1425  1425 E unknown:ReactRootView: 	at android.os.Looper.loop(Looper.java:338)
02-19 21:27:21.150  1425  1425 E unknown:ReactRootView: 	at android.app.ActivityThread.main(ActivityThread.java:9067)
02-19 21:27:21.150  1425  1425 E unknown:ReactRootView: 	at java.lang.reflect.Method.invoke(Native Method)
02-19 21:27:21.150  1425  1425 E unknown:ReactRootView: 	at com.android.internal.os.RuntimeInit$MethodAndArgsCaller.run(RuntimeInit.java:593)
02-19 21:27:21.150  1425  1425 E unknown:ReactRootView: 	at com.android.internal.os.ZygoteInit.main(ZygoteInit.java:932)
02-19 21:27:21.207   752  1095 D BackgroundInstallControlService: Package event received: 0
02-19 21:27:21.210   615 17673 W IPCThreadState: Sending oneway calls to frozen process.
02-19 21:27:21.221  4449  4474 W WindowOnBackDispatcher: sendCancelIfRunning: isInProgress=false callback=android.view.ViewRootImpl$$ExternalSyntheticLambda13@3bd0483
02-19 21:27:21.256   752  2505 D CoreBackPreview: Window{db7c39 u0 Splash Screen viva.republica.toss.test EXITING}: Setting back callback null
02-19 21:27:21.322   752  2505 D CoreBackPreview: Window{5a32dbf u0 PopupWindow:d0566dd}: Setting back callback OnBackInvokedCallbackInfo{mCallback=android.window.IOnBackInvokedCallback$Stub$Proxy@e66e6db, mPriority=0, mIsAnimationCallback=false, mOverrideBehavior=0}
02-19 21:27:21.435 19336 19718 I bbax    : (REDACTED) getHotwordActive::active query: %s, watch: %s, devices connected: %s
02-19 21:27:21.625  1425  1425 I Ads     : JS: The jsLoaded GMSG has been sent (https://googleads.g.doubleclick.net/mads/static/sdk/native/sdk-core-v40.html:1025)
02-19 21:27:22.073  1425  1627 D nativeloader: Load /data/app/~~NUQj-rdXzuicW-16SIRtKA==/viva.republica.toss.test-Si406wFvb_sqEA2GTBV6RQ==/lib/x86_64/libreactnativeblob.so using class loader ns clns-9 (caller=<unknown>): ok
02-19 21:27:22.185  1425  1425 E unknown:ReactNative: Unable to launch logbox because react was unable to create the root view
02-19 21:27:22.195   752  1856 E TaskPersister: File error accessing recents directory (directory doesn't exist?).
02-19 21:27:22.347   752  2419 D CompatChangeReporter: Compat change id reported: 297989574; UID 10217; state: ENABLED
02-19 21:27:22.376  1425  1627 W unknown:ViewManagerPropertyUpdater: Could not find generated setter for class com.facebook.react.views.traceupdateoverlay.TraceUpdateOverlayManager
02-19 21:27:22.383  1425  1627 W unknown:ViewManagerPropertyUpdater: Could not find generated setter for class com.facebook.react.uimanager.LayoutShadowNode
02-19 21:27:22.386  1425  1627 W unknown:ViewManagerPropertyUpdater: Could not find generated setter for class com.facebook.react.views.drawer.ReactDrawerLayoutManager
02-19 21:27:22.388  1425  1627 W unknown:ViewManagerPropertyUpdater: Could not find generated setter for class com.facebook.react.views.scroll.ReactHorizontalScrollViewManager
02-19 21:27:22.393  1425  1627 W unknown:ViewManagerPropertyUpdater: Could not find generated setter for class com.facebook.react.views.scroll.ReactHorizontalScrollContainerViewManager
02-19 21:27:22.396  1425  1627 W unknown:ViewManagerPropertyUpdater: Could not find generated setter for class com.facebook.react.views.progressbar.ReactProgressBarViewManager
02-19 21:27:22.398  1425  1627 W unknown:ViewManagerPropertyUpdater: Could not find generated setter for class com.facebook.react.views.progressbar.ProgressBarShadowNode
02-19 21:27:22.401  1425  1627 W unknown:ViewManagerPropertyUpdater: Could not find generated setter for class com.facebook.react.views.scroll.ReactScrollViewManager
02-19 21:27:22.404  1425  1627 W unknown:ViewManagerPropertyUpdater: Could not find generated setter for class com.facebook.react.views.switchview.ReactSwitchManager
02-19 21:27:22.406  1425  1627 W unknown:ViewManagerPropertyUpdater: Could not find generated setter for class com.facebook.react.views.switchview.ReactSwitchManager$ReactSwitchShadowNode
02-19 21:27:22.407  1425  1627 W unknown:ViewManagerPropertyUpdater: Could not find generated setter for class com.facebook.react.views.swiperefresh.SwipeRefreshLayoutManager
02-19 21:27:22.410  1425  1627 W unknown:ViewManagerPropertyUpdater: Could not find generated setter for class com.facebook.react.views.text.frescosupport.FrescoBasedReactTextInlineImageViewManager
02-19 21:27:22.411  1425  1627 W unknown:ViewManagerPropertyUpdater: Could not find generated setter for class com.facebook.react.views.text.frescosupport.FrescoBasedReactTextInlineImageShadowNode
02-19 21:27:22.412  1425  1627 W unknown:ViewManagerPropertyUpdater: Could not find generated setter for class com.facebook.react.views.image.ReactImageManager
02-19 21:27:22.413  1425  1627 W unknown:ViewManagerPropertyUpdater: Could not find generated setter for class com.facebook.react.views.modal.ReactModalHostManager
02-19 21:27:22.414  1425  1627 W unknown:ViewManagerPropertyUpdater: Could not find generated setter for class com.facebook.react.views.modal.ModalHostShadowNode
02-19 21:27:22.415  1425  1627 W unknown:ViewManagerPropertyUpdater: Could not find generated setter for class com.facebook.react.views.text.ReactRawTextManager
02-19 21:27:22.416  1425  1627 W unknown:ViewManagerPropertyUpdater: Could not find generated setter for class com.facebook.react.views.text.ReactRawTextShadowNode
02-19 21:27:22.418  1425  1627 W unknown:ViewManagerPropertyUpdater: Could not find generated setter for class com.facebook.react.views.textinput.ReactTextInputManager
02-19 21:27:22.421  1425  1627 W unknown:ViewManagerPropertyUpdater: Could not find generated setter for class com.facebook.react.views.textinput.ReactTextInputShadowNode
02-19 21:27:22.424  1425  1627 W unknown:ViewManagerPropertyUpdater: Could not find generated setter for class com.facebook.react.views.text.ReactTextViewManager
02-19 21:27:22.425  1425  1627 W unknown:ViewManagerPropertyUpdater: Could not find generated setter for class com.facebook.react.views.text.ReactTextShadowNode
02-19 21:27:22.425  1425  1627 W unknown:ViewManagerPropertyUpdater: Could not find generated setter for class com.facebook.react.views.view.ReactViewManager
02-19 21:27:22.428  1425  1627 W unknown:ViewManagerPropertyUpdater: Could not find generated setter for class com.facebook.react.views.text.ReactVirtualTextViewManager
02-19 21:27:22.428  1425  1627 W unknown:ViewManagerPropertyUpdater: Could not find generated setter for class com.facebook.react.views.text.ReactVirtualTextShadowNode
02-19 21:27:22.428  1425  1627 W unknown:ViewManagerPropertyUpdater: Could not find generated setter for class com.facebook.react.views.unimplementedview.ReactUnimplementedViewManager
02-19 21:27:22.431  1425  1627 W unknown:ViewManagerPropertyUpdater: Could not find generated setter for class com.shopify.reactnative.flash_list.AutoLayoutViewManager
02-19 21:27:22.433  1425  1627 W unknown:ViewManagerPropertyUpdater: Could not find generated setter for class com.shopify.reactnative.flash_list.CellContainerManager
02-19 21:27:22.434  1425  1627 W unknown:ViewManagerPropertyUpdater: Could not find generated setter for class com.airbnb.android.react.lottie.LottieAnimationViewManager
02-19 21:27:22.437  1425  1627 W unknown:ViewManagerPropertyUpdater: Could not find generated setter for class com.swmansion.gesturehandler.react.RNGestureHandlerRootViewManager
02-19 21:27:22.438  1425  1627 W unknown:ViewManagerPropertyUpdater: Could not find generated setter for class com.swmansion.gesturehandler.react.RNGestureHandlerButtonViewManager
02-19 21:27:22.440  1425  1627 W unknown:ViewManagerPropertyUpdater: Could not find generated setter for class io.invertase.googlemobileads.ReactNativeGoogleMobileAdsBannerAdViewManager
02-19 21:27:22.441  1425  1627 W unknown:ViewManagerPropertyUpdater: Could not find generated setter for class com.reactnativepagerview.PagerViewViewManager
02-19 21:27:22.443  1425  1627 W unknown:ViewManagerPropertyUpdater: Could not find generated setter for class com.th3rdwave.safeareacontext.SafeAreaProviderManager
02-19 21:27:22.445  1425  1627 W unknown:ViewManagerPropertyUpdater: Could not find generated setter for class com.th3rdwave.safeareacontext.SafeAreaViewManager
02-19 21:27:22.446  1425  1627 W unknown:ViewManagerPropertyUpdater: Could not find generated setter for class o.eglCreatePlatformPixmapSurface
02-19 21:27:22.448  1425  1627 W unknown:ViewManagerPropertyUpdater: Could not find generated setter for class com.swmansion.rnscreens.ScreenContainerViewManager
02-19 21:27:22.449  1425  1627 W unknown:ViewManagerPropertyUpdater: Could not find generated setter for class com.swmansion.rnscreens.ScreenViewManager
02-19 21:27:22.451  1425  1627 W unknown:ViewManagerPropertyUpdater: Could not find generated setter for class com.swmansion.rnscreens.ScreenStackViewManager
02-19 21:27:22.452  1425  1627 W unknown:ViewManagerPropertyUpdater: Could not find generated setter for class com.swmansion.rnscreens.ScreenStackHeaderConfigViewManager
02-19 21:27:22.453  1425  1627 W unknown:ViewManagerPropertyUpdater: Could not find generated setter for class com.swmansion.rnscreens.ScreenStackHeaderSubviewManager
02-19 21:27:22.455  1425  1627 W unknown:ViewManagerPropertyUpdater: Could not find generated setter for class com.swmansion.rnscreens.SearchBarManager
02-19 21:27:22.457  1425  1627 W unknown:ViewManagerPropertyUpdater: Could not find generated setter for class com.horcrux.svg.RenderableViewManager$DefsViewManager
02-19 21:27:22.459  1425  1627 W unknown:ViewManagerPropertyUpdater: Could not find generated setter for class com.horcrux.svg.VirtualViewManager$RemoteActionCompatParcelizer
02-19 21:27:22.460  1425  1627 W unknown:ViewManagerPropertyUpdater: Could not find generated setter for class com.horcrux.svg.RenderableViewManager$MarkerManager
02-19 21:27:22.464  1425  1627 W unknown:ViewManagerPropertyUpdater: Could not find generated setter for class com.horcrux.svg.RenderableViewManager$ForeignObjectManager
02-19 21:27:22.467  1425  1627 W unknown:ViewManagerPropertyUpdater: Could not find generated setter for class com.horcrux.svg.RenderableViewManager$EllipseViewManager
02-19 21:27:22.468  1425  1627 W unknown:ViewManagerPropertyUpdater: Could not find generated setter for class com.horcrux.svg.RenderableViewManager$LineViewManager
02-19 21:27:22.470  1425  1627 W unknown:ViewManagerPropertyUpdater: Could not find generated setter for class com.horcrux.svg.RenderableViewManager$LinearGradientManager
02-19 21:27:22.472  1425  1627 W unknown:ViewManagerPropertyUpdater: Could not find generated setter for class com.horcrux.svg.RenderableViewManager$GroupViewManager
02-19 21:27:22.473  1425  1627 W unknown:ViewManagerPropertyUpdater: Could not find generated setter for class com.horcrux.svg.RenderableViewManager$TextViewManager
02-19 21:27:22.475  1425  1627 W unknown:ViewManagerPropertyUpdater: Could not find generated setter for class com.horcrux.svg.RenderableViewManager$ImageViewManager
02-19 21:27:22.477  1425  1627 W unknown:ViewManagerPropertyUpdater: Could not find generated setter for class com.horcrux.svg.RenderableViewManager$ClipPathViewManager
02-19 21:27:22.478  1425  1627 W unknown:ViewManagerPropertyUpdater: Could not find generated setter for class com.horcrux.svg.RenderableViewManager$RadialGradientManager
02-19 21:27:22.480  1425  1627 W unknown:ViewManagerPropertyUpdater: Could not find generated setter for class com.horcrux.svg.RenderableViewManager$MaskManager
02-19 21:27:22.482  1425  1627 W unknown:ViewManagerPropertyUpdater: Could not find generated setter for class com.horcrux.svg.RenderableViewManager$SymbolManager
02-19 21:27:22.484  1425  1627 W unknown:ViewManagerPropertyUpdater: Could not find generated setter for class com.horcrux.svg.RenderableViewManager$PatternManager
02-19 21:27:22.487  1425  1627 W unknown:ViewManagerPropertyUpdater: Could not find generated setter for class com.horcrux.svg.RenderableViewManager$RectViewManager
02-19 21:27:22.490  1425  1627 W unknown:ViewManagerPropertyUpdater: Could not find generated setter for class com.horcrux.svg.RenderableViewManager$TextPathViewManager
02-19 21:27:22.493  1425  1627 W unknown:ViewManagerPropertyUpdater: Could not find generated setter for class com.horcrux.svg.SvgViewManager
02-19 21:27:22.495  1425  1627 W unknown:ViewManagerPropertyUpdater: Could not find generated setter for class com.horcrux.svg.RenderableViewManager$PathViewManager
02-19 21:27:22.497  1425  1627 W unknown:ViewManagerPropertyUpdater: Could not find generated setter for class com.horcrux.svg.RenderableViewManager$UseViewManager
02-19 21:27:22.499  1425  1627 W unknown:ViewManagerPropertyUpdater: Could not find generated setter for class com.horcrux.svg.RenderableViewManager$CircleViewManager
02-19 21:27:22.501  1425  1627 W unknown:ViewManagerPropertyUpdater: Could not find generated setter for class com.horcrux.svg.RenderableViewManager$TSpanViewManager
02-19 21:27:22.504  1425  1627 W unknown:ViewManagerPropertyUpdater: Could not find generated setter for class com.brentvatne.exoplayer.ReactExoplayerViewManager
02-19 21:27:22.508  1425  1627 W unknown:ViewManagerPropertyUpdater: Could not find generated setter for class com.reactnativecommunity.webview.RNCWebViewManager
02-19 21:27:22.513  1425  1627 W unknown:ViewManagerPropertyUpdater: Could not find generated setter for class im.toss.rn.granite.core.module.image.FastImageViewManager
02-19 21:27:22.691   752   969 D ActivityManager: freezing 19378 com.google.android.webview:webview_service
02-19 21:27:22.695   752  2419 W PackageConfigPersister: App-specific configuration not found for packageName: viva.republica.toss.test and userId: 0
02-19 21:27:22.699   752  1029 D InetDiagMessage: Destroyed 0 sockets, proto=IPPROTO_TCP, family=AF_INET, states=14
02-19 21:27:22.700   752  1029 D InetDiagMessage: Destroyed 0 sockets, proto=IPPROTO_TCP, family=AF_INET6, states=14
02-19 21:27:22.701   752  1029 D InetDiagMessage: Destroyed live tcp sockets for uids={10168} in 3ms
02-19 21:27:23.267  1683  1683 W dumpsys : Thread Pool max thread count is 0. Cannot cache binder as linkToDeath cannot be implemented. serviceName: window
02-19 21:27:23.987  1688  1688 W screencap: Thread Pool max thread count is 0. Cannot cache binder as linkToDeath cannot be implemented. serviceName: SurfaceFlingerAIDL
02-19 21:27:23.988  1688  1688 W BpBinder: Linking to death on android.gui.ISurfaceComposer but there are no threads (yet?) listening to incoming transactions. See ProcessState::startThreadPool and ProcessState::setThreadPoolMaxThreadCount. Generally you should setup the binder threadpool before other initialization steps.
02-19 21:27:23.988  1688  1688 W ProcessState: Extra binder thread started, but 0 threads requested. Do not use *startThreadPool when zero threads are requested.
02-19 21:27:23.994   531   548 E HwcComposer: getLuts failed Status(-8, EX_SERVICE_SPECIFIC): '8: '
02-19 21:27:23.994   531   548 E HWComposer: getLuts: getLuts failed for display 4619827259835644672: UNSUPPORTED (8)
02-19 21:27:24.555  1425  1425 W WindowOnBackDispatcher: sendCancelIfRunning: isInProgress=false callback=android.view.ViewRootImpl$$ExternalSyntheticLambda13@f693d9
02-19 21:27:24.557   752  2419 D CoreBackPreview: Window{5a32dbf u0 PopupWindow:d0566dd}: Setting back callback null
02-19 21:27:24.585  1425  1690 W unknown:ReactContext: initializeMessageQueueThreads() is called.
02-19 21:27:24.588  1425  1425 W unknown:ReactNative: Packager connection already open, nooping.
02-19 21:27:24.598  1425  1692 W unknown:ReactContext: initializeMessageQueueThreads() is called.
02-19 21:27:24.609  1425  1692 W unknown:ReactNative: Fresco has already been initialized with a different config. The new Fresco configuration will be ignored!
02-19 21:27:24.652  1425  1429 I blica.toss.test: Compiler allocated 4717KB to compile void com.facebook.soloader.nativeloader.SystemDelegate.read(java.lang.String)
