--------- beginning of main
02-19 21:27:16.319 19166 19166 D NexusLauncherModelDelegate: notifySmartspaceEvent: SmartspaceTargetEvent{mSmartspaceTarget=null, mSmartspaceActionId='null', mEventType=6}
02-19 21:27:16.319 19166 19190 D QuickstepModelDelegate: notifyAppTargetEvent action=1 launchLocation=workspace/0/[-1,-1]/[1,1]
--------- beginning of system
02-19 21:27:16.340   752  1095 D BackgroundInstallControlService: Package event received: 0
02-19 21:27:16.351  1971  2198 I AiAiEcho: Predicting[0]:  [CONTEXT sampling_count=5 ]
02-19 21:27:16.351  1971  2198 I AiAiEcho: EchoTargets: 
02-19 21:27:16.351  1971  2198 I AiAiEcho: Filtered by AiAi flag check: 
02-19 21:27:16.351  1971  2198 I AiAiEcho: [CONTEXT ratelimit_period="10 SECONDS" ]
02-19 21:27:16.355  1971  2198 I AiAiEcho: #remoteViewsTwiddler: feature disabled.
02-19 21:27:16.357   752   797 W IPCThreadState: Sending oneway calls to frozen process.
02-19 21:27:16.363   752   797 W IPCThreadState: Sending oneway calls to frozen process.
02-19 21:27:16.363   752   797 W IPCThreadState: Sending oneway calls to frozen process.
02-19 21:27:16.364   752   797 W IPCThreadState: Sending oneway calls to frozen process.
02-19 21:27:16.365   752   797 W IPCThreadState: Sending oneway calls to frozen process.
02-19 21:27:16.371 19166 19166 D BaseDepthController: setSurface:
02-19 21:27:16.371 19166 19166 D BaseDepthController: 	mWaitingOnSurfaceValidity: false
02-19 21:27:16.371 19166 19166 D BaseDepthController: 	mBaseSurface: Surface(name=com.google.android.apps.nexuslauncher/com.google.android.apps.nexuslauncher.NexusLauncherActivity)/@0x2cb53f
02-19 21:27:16.374  1971  2198 I AiAiEcho: #postPredictionTargets: Sending updates to UISurface home with targets# 0 (types=[])
02-19 21:27:16.382   752  1095 D BackgroundInstallControlService: Package event received: 0
02-19 21:27:16.387   752   797 W IPCThreadState: Sending oneway calls to frozen process.
02-19 21:27:16.387   752   797 W IPCThreadState: Sending oneway calls to frozen process.
02-19 21:27:16.388   752   797 W IPCThreadState: Sending oneway calls to frozen process.
02-19 21:27:16.389   752   797 W IPCThreadState: Sending oneway calls to frozen process.
02-19 21:27:16.389   752   797 W IPCThreadState: Sending oneway calls to frozen process.
02-19 21:27:16.399   752   797 W IPCThreadState: Sending oneway calls to frozen process.
02-19 21:27:16.400   752   797 W IPCThreadState: Sending oneway calls to frozen process.
02-19 21:27:16.400   752   797 W IPCThreadState: Sending oneway calls to frozen process.
02-19 21:27:16.407   752   797 W ProcessStats: Tracking association SourceState{1b917ca system/1000 BFgs #26884} whose proc state 4 is better than process ProcessState{42c4ef0 com.google.android.ext.services/10208 pkg=com.google.android.ext.services} proc state 14 (18 skipped)
02-19 21:27:16.461 19166 19166 I NotificationListener: Handling notification state refresh for com.google.android.adservices.api#0
02-19 21:27:16.461 19166 19166 I NotificationListener: Handling notification state refresh for android#0
02-19 21:27:16.461 19166 19166 I NotificationListener: Handling notification state refresh for com.android.systemui#0
02-19 21:27:16.478 19166 19166 D SsBaseTemplateCard: No text view can be set up
02-19 21:27:16.478 19166 19166 D SsBaseTemplateCard: Passed-in item info is null
02-19 21:27:16.478 19166 19166 D SsBaseTemplateCard: Passed-in item info is null
02-19 21:27:16.478 19166 19166 D SsBaseTemplateCard: Passed-in item info is null
02-19 21:27:16.478 19166 19166 I SsBaseTemplateCard: Secondary card pane is null
02-19 21:27:16.522  4449  4462 V WindowManagerShell: onTransitionReady(transaction=3229815436421)
02-19 21:27:16.528  4449  4467 V WindowManagerShell: onTransitionReady (#1038) android.os.BinderProxy@d4d37a0: {id=1038 t=CLOSE f=0x0 trk=0 r=[0@Point(0, 0)] c=[
02-19 21:27:16.528  4449  4467 V WindowManagerShell:         {m=TO_FRONT f=SHOW_WALLPAPER|MOVE_TO_TOP leash=Surface(name=Task=1)/@0xf3e271e sb=Rect(0, 0 - 1080, 2400) eb=Rect(0, 0 - 1080, 2400) epz=Point(1080, 2400) d=0 taskParent=-1},
02-19 21:27:16.528  4449  4467 V WindowManagerShell:         {m=CLOSE f=NONE leash=Surface(name=Task=155)/@0xc95fbff sb=Rect(0, 0 - 1080, 2400) eb=Rect(0, 0 - 1080, 2400) epz=Point(1080, 2400) d=0 taskParent=-1},
02-19 21:27:16.528  4449  4467 V WindowManagerShell:         {m=TO_FRONT f=IS_WALLPAPER leash=Surface(name=WallpaperWindowToken{35e0c0f showWhenLocked=false})/@0x4de2dcc sb=Rect(0, 0 - 1080, 2400) eb=Rect(0, 0 - 1080, 2400) epz=Point(1080, 2400) d=0}
02-19 21:27:16.528  4449  4467 V WindowManagerShell:     ]}
02-19 21:27:16.529  4449  4467 V WindowManagerShell: Playing animation for (#1038) android.os.BinderProxy@d4d37a0@0
02-19 21:27:16.529  4449  4467 V ShellRecents: RecentsTransitionHandler.startAnimation: no controller found
02-19 21:27:16.529  4449  4467 V WindowManagerShell: Transition doesn't have explicit remote, search filters for match for {id=1038 t=CLOSE f=0x0 trk=0 r=[0@Point(0, 0)] c=[{m=TO_FRONT f=SHOW_WALLPAPER|MOVE_TO_TOP leash=Surface(name=Task=1)/@0xf3e271e sb=Rect(0, 0 - 1080, 2400) eb=Rect(0, 0 - 1080, 2400) epz=Point(1080, 2400) d=0 taskParent=-1},{m=CLOSE f=NONE leash=Surface(name=Task=155)/@0xc95fbff sb=Rect(0, 0 - 1080, 2400) eb=Rect(0, 0 - 1080, 2400) epz=Point(1080, 2400) d=0 taskParent=-1},{m=TO_FRONT f=IS_WALLPAPER leash=Surface(name=WallpaperWindowToken{35e0c0f showWhenLocked=false})/@0x4de2dcc sb=Rect(0, 0 - 1080, 2400) eb=Rect(0, 0 - 1080, 2400) epz=Point(1080, 2400) d=0}]}
02-19 21:27:16.530  4449  4467 V WindowManagerShell:  Checking filter Pair{{types=[] flags=0x0] notFlags=0x0 checks=[{atype=undefined independent=true modes=[CLOSE,TO_BACK] flags=IN_TASK_WITH_EMBEDDED_ACTIVITY mustBeTask=false order=ANY topActivity=null launchCookie=null taskFragmentToken=android.os.BinderProxy@71546f0 windowingMode=undefined}]} RemoteTransition { remoteTransition = android.window.IRemoteTransition$Stub$Proxy@d4c8469, appThread = android.app.IApplicationThread$Stub$Proxy@c228eee, debugName = overlayBackTransition }}
02-19 21:27:16.531  4449  4467 V WindowManagerShell:  Checking filter Pair{{types=[] flags=0x0] notFlags=0x0 checks=[{atype=dream independent=true modes=[OPEN,TO_FRONT] flags=NONE mustBeTask=false order=ANY topActivity=null launchCookie=null windowingMode=undefined},{atype=home independent=true modes=[CLOSE,TO_BACK] flags=NONE mustBeTask=false order=ANY topActivity=null launchCookie=null windowingMode=undefined}]} RemoteTransition { remoteTransition = android.window.IRemoteTransition$Stub$Proxy@c578f8f, appThread = android.app.IApplicationThread$Stub$Proxy@69fe21c, debugName = LauncherToDream }}
02-19 21:27:16.531  4449  4467 V WindowManagerShell:  Checking filter Pair{{types=[] flags=0x0] notFlags=0x100 checks=[{atype=home independent=true modes=[OPEN,TO_FRONT] flags=NONE mustBeTask=false order=TOP topActivity=ComponentInfo{com.google.android.apps.nexuslauncher/com.google.android.apps.nexuslauncher.NexusLauncherActivity} launchCookie=null windowingMode=undefined},{atype=standard independent=true modes=[CLOSE,TO_BACK] flags=NONE mustBeTask=false order=ANY topActivity=null launchCookie=null windowingMode=undefined},{NOT atype=undefined independent=true modes=[] flags=NONE mustBeTask=true order=ANY topActivity=null launchCookie=null customAnim=true windowingMode=undefined}]} RemoteTransition { remoteTransition = android.window.IRemoteTransition$Stub$Proxy@69ffe25, appThread = android.app.IApplicationThread$Stub$Proxy@72cabfa, debugName = QuickstepLaunchHome }}
02-19 21:27:16.531  4449  4467 D RemoteTransitionHandler: Found filterPair{{types=[] flags=0x0] notFlags=0x100 checks=[{atype=home independent=true modes=[OPEN,TO_FRONT] flags=NONE mustBeTask=false order=TOP topActivity=ComponentInfo{com.google.android.apps.nexuslauncher/com.google.android.apps.nexuslauncher.NexusLauncherActivity} launchCookie=null windowingMode=undefined},{atype=standard independent=true modes=[CLOSE,TO_BACK] flags=NONE mustBeTask=false order=ANY topActivity=null launchCookie=null windowingMode=undefined},{NOT atype=undefined independent=true modes=[] flags=NONE mustBeTask=true order=ANY topActivity=null launchCookie=null customAnim=true windowingMode=undefined}]} RemoteTransition { remoteTransition = android.window.IRemoteTransition$Stub$Proxy@69ffe25, appThread = android.app.IApplicationThread$Stub$Proxy@72cabfa, debugName = QuickstepLaunchHome }}
02-19 21:27:16.532  4449  4467 V WindowManagerShell:  Delegate animation for (#1038) to RemoteTransition { remoteTransition = android.window.IRemoteTransition$Stub$Proxy@69ffe25, appThread = android.app.IApplicationThread$Stub$Proxy@72cabfa, debugName = QuickstepLaunchHome }
02-19 21:27:16.539   752   794 V WindowManager: Sent Transition (#1038) createdAt=02-19 21:27:16.227 via request=TransitionRequestInfo { type = CLOSE, triggerTask = TaskInfo{userId=0 taskId=155 effectiveUid=10217 displayId=0 isRunning=false baseIntent=Intent { act=android.intent.action.VIEW dat=intoss://takealook/... flg=0x10000000 cmp=viva.republica.toss.test/im.toss.rn.granite.core.GraniteActivity } baseActivity=null topActivity=null origActivity=null realActivity=ComponentInfo{viva.republica.toss.test/im.toss.rn.granite.core.GraniteActivity} numActivities=0 lastActiveTime=115505977 supportsMultiWindow=true resizeMode=1 isResizeable=true minWidth=-1 minHeight=-1 defaultMinSize=220 token=WCT{RemoteToken{d7a5013 Task{d32e88f #155 type=standard A=10217:viva.republica.toss.test}}} topActivityType=1 pictureInPictureParams=null shouldDockBigOverlays=false launchIntoPipHostTaskId=-1 lastParentTaskIdBeforePip=-1 displayCutoutSafeInsets=Rect(0, 0 - 0, 0) topActivityInfo=null launchCookies=[] positionInParent=Point(0, 0) parentTaskId=-1 isFocused=true isVisible=true isVisibleRequested=true isTopActivityNoDisplay=false isSleeping=false locusId=null displayAreaFeatureId=1 isTopActivityTransparent=false isActivityStackTransparent=true lastNonFullscreenBounds=Rect(284, 660 - 796, 1740) capturedLink=null capturedLinkTimestamp=0 requestedVisibleTypes=-9 topActivityRequestOpenInBrowserEducationTimestamp=0 appCompatTaskInfo=AppCompatTaskInfo { topActivityInSizeCompat=false eligibleForLetterboxEducation= false isLetterboxEducationEnabled= false isLetterboxDoubleTapEnabled= false eligibleForUserAspectRatioButton= false topActivityBoundsLetterboxed= false isFromLetterboxDoubleTap= false topActivityLetterboxVerticalPosition= -1 topActivityLetterboxHorizontalPosition= -1 topActivityLetterboxWidth=-1 topActivityLetterboxHeight=-1 topActivityAppBounds=Rect(0, 0 - 0, 0) isUserFullscreenOverrideEnabled=false isSystemFullscreenOverrideEnabled=false hasMinAspectRatioOverride=false topActivityLetterboxBounds=null cameraCompatTaskInfo=CameraCompatTaskInfo { freeformCameraCompatMode=undefined}} topActivityMainWindowFrame=null}, pipChange = null, remoteTransition = null, displayChange = null, flags = 0, debugId = 1038 }
02-19 21:27:16.540   752   794 V WindowManager:     startWCT=WindowContainerTransaction { changes= {} hops= [] errorCallbackToken=null taskFragmentOrganizer=null }
02-19 21:27:16.540   752   794 V WindowManager:     info={id=1038 t=CLOSE f=0x0 trk=0 r=[0@Point(0, 0)] c=[
02-19 21:27:16.540   752   794 V WindowManager:         {WCT{RemoteToken{5218fe8 Task{dd43522 #1 type=home}}} m=TO_FRONT f=SHOW_WALLPAPER|MOVE_TO_TOP leash=Surface(name=Task=1)/@0x8ddbd2e sb=Rect(0, 0 - 1080, 2400) eb=Rect(0, 0 - 1080, 2400) epz=Point(1080, 2400) d=0 taskParent=-1},
02-19 21:27:16.540   752   794 V WindowManager:         {WCT{RemoteToken{d7a5013 Task{d32e88f #155 type=standard A=10217:viva.republica.toss.test}}} m=CLOSE f=NONE leash=Surface(name=Task=155)/@0x2b33c11 sb=Rect(0, 0 - 1080, 2400) eb=Rect(0, 0 - 1080, 2400) epz=Point(1080, 2400) d=0 taskParent=-1},
02-19 21:27:16.540   752   794 V WindowManager:         {m=TO_FRONT f=IS_WALLPAPER leash=Surface(name=WallpaperWindowToken{35e0c0f showWhenLocked=false})/@0x512f5be sb=Rect(0, 0 - 1080, 2400) eb=Rect(0, 0 - 1080, 2400) epz=Point(1080, 2400) d=0}
02-19 21:27:16.540   752   794 V WindowManager:     ]}
02-19 21:27:16.558 19166 19166 D StateManager: createAtomicAnimation - fromState: Background, toState: Normal, partial trace:
02-19 21:27:16.558 19166 19166 D StateManager: 	at com.android.quickstep.util.ScalingWorkspaceRevealAnim.<init>(go/retraceme 72a59688580715d19f0e415c69e80376c2f062d1648c80db6730905005a27c20:39)
02-19 21:27:16.558 19166 19166 D StateManager: 	at com.android.launcher3.QuickstepTransitionManager.createWallpaperOpenAnimations(go/retraceme 72a59688580715d19f0e415c69e80376c2f062d1648c80db6730905005a27c20:168)
02-19 21:27:16.558 19166 19166 D StateManager: 	at com.android.launcher3.QuickstepTransitionManager$WallpaperOpenLauncherAnimationRunner.onAnimationStart(go/retraceme 72a59688580715d19f0e415c69e80376c2f062d1648c80db6730905005a27c20:17)
02-19 21:27:16.559 19166 19166 D b/311077782: LauncherAnimationRunner.setAnimation
02-19 21:27:16.583 19166 19190 W HWUI    : Image decoding logging dropped!
02-19 21:27:16.607   615 17673 W IPCThreadState: Sending oneway calls to frozen process.
02-19 21:27:16.610   752   795 W Looper  : Slow dispatch took 203ms android.ui app=system_server main=false group=TOP_APP h=com.android.server.am.ActivityManagerService$UiHandler c=com.android.server.am.UidObserverController$$ExternalSyntheticLambda0@6a2cd6d m=0
02-19 21:27:16.624   531   531 I BpBinder: onLastStrongRef automatically unlinking death recipients: 
02-19 21:27:16.646  4449  4467 V WindowManagerShell:  animated by com.android.wm.shell.transition.RemoteTransitionHandler@ef09705
02-19 21:27:16.648   752   989 I ImeTracker: com.google.android.apps.nexuslauncher:975287c5: onRequestHide at ORIGIN_SERVER reason HIDE_UNSPECIFIED_WINDOW fromUser false
02-19 21:27:16.673 19166 19166 D InsetsController: hide(ime(), fromIme=false)
02-19 21:27:16.673 19166 19166 I ImeTracker: com.google.android.apps.nexuslauncher:975287c5: onCancelled at PHASE_CLIENT_ALREADY_HIDDEN
02-19 21:27:16.732 20022 20022 I GoogleInputMethodService: GoogleInputMethodService.onFinishInput():2043 
02-19 21:27:16.738 20022 20022 I Module  : DeviceLockedStatusModuleProvider$Module.updateDeviceLockedStatus():100 repeatCheckTimes = 0, locked = false
02-19 21:27:16.766 20022 20022 I GoogleInputMethodService: GoogleInputMethodService.onStartInput():1293 onStartInput(EditorInfo{EditorInfo{packageName=com.google.android.apps.nexuslauncher, inputType=0, inputTypeString=NULL, enableLearning=false, autoCorrection=false, autoComplete=false, imeOptions=0, privateImeOptions=null, actionName=UNSPECIFIED, actionLabel=null, initialSelStart=-1, initialSelEnd=-1, initialCapsMode=0, label=null, fieldId=0, fieldName=null, extras=null, hintText=null, hintLocales=[]}}, false)
02-19 21:27:16.804 20022 20022 I EmojiCompatManager: EmojiCompatManager.getEmojiCompatIfLoaded():343 EmojiCompat.init() was never called.
02-19 21:27:16.804 20022 20022 I EmojiCompatManager: java.lang.IllegalStateException: EmojiCompat is not initialized. Please call EmojiCompat.init() first
02-19 21:27:16.804 20022 20022 I EmojiCompatManager: 	at asx.p(PG:6)
02-19 21:27:16.804 20022 20022 I EmojiCompatManager: 	at axb.b(PG:13)
02-19 21:27:16.804 20022 20022 I EmojiCompatManager: 	at jnr.b(PG:2)
02-19 21:27:16.804 20022 20022 I EmojiCompatManager: 	at jnr.c(PG:4)
02-19 21:27:16.804 20022 20022 I EmojiCompatManager: 	at jnr.f(PG:3)
02-19 21:27:16.804 20022 20022 I EmojiCompatManager: 	at jnx.c(PG:3)
02-19 21:27:16.804 20022 20022 I EmojiCompatManager: 	at kif.cz(PG:47)
02-19 21:27:16.804 20022 20022 I EmojiCompatManager: 	at lhl.run(PG:1025)
02-19 21:27:16.804 20022 20022 I EmojiCompatManager: 	at jaf.execute(PG:12)
02-19 21:27:16.804 20022 20022 I EmojiCompatManager: 	at nco.v(PG:13)
02-19 21:27:16.804 20022 20022 I EmojiCompatManager: 	at lhn.m(PG:96)
02-19 21:27:16.804 20022 20022 I EmojiCompatManager: 	at lhn.k(PG:25)
02-19 21:27:16.804 20022 20022 I EmojiCompatManager: 	at kgn.onStartInput(PG:250)
02-19 21:27:16.804 20022 20022 I EmojiCompatManager: 	at android.inputmethodservice.InputMethodService.doStartInput(InputMethodService.java:3521)
02-19 21:27:16.804 20022 20022 I EmojiCompatManager: 	at android.inputmethodservice.InputMethodService$InputMethodImpl.startInput(InputMethodService.java:879)
02-19 21:27:16.804 20022 20022 I EmojiCompatManager: 	at android.inputmethodservice.InputMethodService$InputMethodImpl.dispatchStartInput(InputMethodService.java:908)
02-19 21:27:16.804 20022 20022 I EmojiCompatManager: 	at android.inputmethodservice.IInputMethodWrapper.executeMessage(IInputMethodWrapper.java:201)
02-19 21:27:16.804 20022 20022 I EmojiCompatManager: 	at com.android.internal.os.HandlerCaller$MyHandler.handleMessage(HandlerCaller.java:44)
02-19 21:27:16.804 20022 20022 I EmojiCompatManager: 	at android.os.Handler.dispatchMessage(Handler.java:110)
02-19 21:27:16.804 20022 20022 I EmojiCompatManager: 	at android.os.Looper.loopOnce(Looper.java:248)
02-19 21:27:16.804 20022 20022 I EmojiCompatManager: 	at android.os.Looper.loop(Looper.java:338)
02-19 21:27:16.804 20022 20022 I EmojiCompatManager: 	at android.app.ActivityThread.main(ActivityThread.java:9067)
02-19 21:27:16.804 20022 20022 I EmojiCompatManager: 	at java.lang.reflect.Method.invoke(Native Method)
02-19 21:27:16.804 20022 20022 I EmojiCompatManager: 	at com.android.internal.os.RuntimeInit$MethodAndArgsCaller.run(RuntimeInit.java:593)
02-19 21:27:16.804 20022 20022 I EmojiCompatManager: 	at com.android.internal.os.ZygoteInit.main(ZygoteInit.java:932)
02-19 21:27:16.808 20022 20022 I Module  : DeviceLockedStatusModuleProvider$Module.updateDeviceLockedStatus():100 repeatCheckTimes = 1, locked = false
02-19 21:27:16.815   752  1246 W PackageConfigPersister: App-specific configuration not found for packageName: com.google.android.apps.nexuslauncher and userId: 0
02-19 21:27:16.837 20022 20022 W NotificationCenter: NotificationCenter$NotificationQueue.notifyPendingNotificationsOnExecutor():877 Heavy notify work detected on UI thread: [kig->jjs] takes 23ms
02-19 21:27:16.866   752  1456 I ImeTracker: system_server:3901496: onRequestHide at ORIGIN_SERVER reason IME_REQUESTED_CHANGED_LISTENER fromUser false
02-19 21:27:16.893   752   797 I ImeTracker: system_server:3901496: onCancelled at PHASE_SERVER_SHOULD_HIDE
02-19 21:27:17.569 19166 19166 D ScalingWorkspaceRevealAnim: alpha of workspace at the end of animation: 1.0
02-19 21:27:17.583  4449  4467 V WindowManagerShell: Transition animation finished (aborted=false), notifying core (#1038) android.os.BinderProxy@d4d37a0@0
02-19 21:27:17.591   752   794 V WindowManager: Finish Transition (#1038): created at 02-19 21:27:16.227 collect-started=0.102ms request-sent=0.278ms started=16.631ms ready=78.534ms sent=279.758ms commit=61.949ms finished=1362.851ms
02-19 21:27:17.602  1425  1425 D VRI[GraniteActivity]: visibilityChanged oldVisibility=true newVisibility=false
02-19 21:27:17.629  4449  4467 V WindowManagerShell: Track 0 became idle
02-19 21:27:17.629  4449  4467 V WindowManagerShell: All active transition animations finished
02-19 21:27:17.656   752   797 D CompatChangeReporter: Compat change id reported: 151861875; UID 10217; state: ENABLED
02-19 21:27:17.783   752  1029 D InetDiagMessage: Destroyed 0 sockets, proto=IPPROTO_TCP, family=AF_INET, states=14
02-19 21:27:17.804   752  1029 D InetDiagMessage: Destroyed 0 sockets, proto=IPPROTO_TCP, family=AF_INET6, states=14
02-19 21:27:17.804   752  1029 D InetDiagMessage: Destroyed live tcp sockets for uids={10168} in 51ms
02-19 21:27:17.821   752  1029 D InetDiagMessage: Destroyed 0 sockets, proto=IPPROTO_TCP, family=AF_INET, states=14
02-19 21:27:17.862   752  1029 D InetDiagMessage: Destroyed 0 sockets, proto=IPPROTO_TCP, family=AF_INET6, states=14
02-19 21:27:17.862   752  1029 D InetDiagMessage: Destroyed live tcp sockets for uids={20168} in 59ms
02-19 21:27:17.870 19829 19829 I Finsky  : [2] Memory trim requested to level 40
02-19 21:27:17.870 19829 19829 I Finsky  : [2] Flushing in-memory image cache
02-19 21:27:17.875 19829 19965 I Finsky  : [69] Current account updated in PVS
02-19 21:27:17.955  1425  1425 W Ads     : Failed to get a preloader. Call MobileAds.initialize() prior to calling preload APIs. @3
02-19 21:27:17.956  1425  1425 W Ads     : Failed to get a preloader. Call MobileAds.initialize() prior to calling preload APIs.
02-19 21:27:17.958  1425  1425 W WindowOnBackDispatcher: sendCancelIfRunning: isInProgress=false callback=android.view.ViewRootImpl$$ExternalSyntheticLambda13@932267f
02-19 21:27:17.977   752   933 D CoreBackPreview: Window{b53e11f u0 viva.republica.toss.test/im.toss.rn.granite.core.GraniteActivity}: Setting back callback null
02-19 21:27:17.984  1425  1425 D ViewRootImpl: Skipping stats log for color mode
02-19 21:27:18.001   752  1095 D BackgroundInstallControlService: Package event received: 0
02-19 21:27:18.024   752   795 W ActivityTaskManager: callingPackage for (uid=-1, pid=0) has no WPC
02-19 21:27:18.025   752   795 W ActivityStartInterceptor: Starting home with component specified, uid=0
02-19 21:27:18.027   752   795 W OptProp : Cannot read opt property android.window.PROPERTY_COMPAT_ALLOW_USER_ASPECT_RATIO_OVERRIDE
02-19 21:27:18.027   752   795 W OptProp : Cannot read opt property android.window.PROPERTY_COMPAT_ALLOW_USER_ASPECT_RATIO_FULLSCREEN_OVERRIDE
02-19 21:27:18.028   752   795 W OptProp : Cannot read opt property android.window.PROPERTY_COMPAT_ALLOW_RESIZEABLE_ACTIVITY_OVERRIDES
02-19 21:27:18.028   752   795 W OptProp : Cannot read opt property android.window.PROPERTY_COMPAT_ALLOW_MIN_ASPECT_RATIO_OVERRIDE
02-19 21:27:18.029  4449  4449 I vol.VolumeDialogImpl: mDialog.dismiss() reason: volume_controller from: com.android.systemui.volume.VolumeDialogImpl$7.onDismissRequested:3
02-19 21:27:18.029   752   795 V GrammaticalInflectionUtils: AttributionSource: android.content.AttributionSource@1abea79a does not have READ_SYSTEM_GRAMMATICAL_GENDER permission.
02-19 21:27:18.034   752   795 I ActivityTaskManager: START u0 {act=android.intent.action.MAIN cat=[android.intent.category.HOME] flg=0x10000100 cmp=com.google.android.apps.nexuslauncher/.NexusLauncherActivity (has extras)} with LAUNCH_SINGLE_TASK from uid 0 (BAL_ALLOW_ALLOWLISTED_UID) result code=3
02-19 21:27:18.039  4449  4467 D WindowManagerShell: onActivityRestartAttempt: topActivity=ComponentInfo{com.google.android.apps.nexuslauncher/com.google.android.apps.nexuslauncher.NexusLauncherActivity}, wasVisible=true
02-19 21:27:18.040 19166 19166 D RecentsView: onTaskRemoved: 155, not handling task stack changes
02-19 21:27:18.040 19166 19166 D RecentsView: onTaskRemoved: 155, not handling task stack changes
02-19 21:27:18.047 19166 19166 W SplitSelectStateCtor: Missing session instanceIds
02-19 21:27:18.047 19166 19166 D StatsLog: LAUNCHER_SPLIT_SELECTION_EXIT_INTERRUPTED
02-19 21:27:18.049 19166 19166 D TFOManager: playPanelCloseAnimation() duration=200 traceTag=LauncherOverlay-hide isHomeButtonTap=true
02-19 21:27:18.049 19166 19166 D TFOManager: Skipped creating panel close animation because -1 is invisible.
02-19 21:27:18.052 19166 19166 D OverviewCommandHelper: clearing pending commands: []
02-19 21:27:18.055  1425  1602 D nativeloader: Load /data/app/~~NUQj-rdXzuicW-16SIRtKA==/viva.republica.toss.test-Si406wFvb_sqEA2GTBV6RQ==/lib/x86_64/libc++_shared.so using class loader ns clns-9 (caller=<unknown>): ok
02-19 21:27:18.056   531   549 I BpBinder: onLastStrongRef automatically unlinking death recipients: 
02-19 21:27:18.056 19166 19166 D StatsLog: LAUNCHER_ONRESUME
02-19 21:27:18.063  1425  1602 D nativeloader: Load /data/app/~~NUQj-rdXzuicW-16SIRtKA==/viva.republica.toss.test-Si406wFvb_sqEA2GTBV6RQ==/lib/x86_64/libglog.so using class loader ns clns-9 (caller=<unknown>): ok
02-19 21:27:18.068  1425  1602 D nativeloader: Load /data/app/~~NUQj-rdXzuicW-16SIRtKA==/viva.republica.toss.test-Si406wFvb_sqEA2GTBV6RQ==/lib/x86_64/libfolly_runtime.so using class loader ns clns-9 (caller=<unknown>): ok
02-19 21:27:18.074  1425  1602 D nativeloader: Load /data/app/~~NUQj-rdXzuicW-16SIRtKA==/viva.republica.toss.test-Si406wFvb_sqEA2GTBV6RQ==/lib/x86_64/libfbjni.so using class loader ns clns-9 (caller=<unknown>): ok
02-19 21:27:18.080  4449  4531 D KeyguardService: setOccluded(false)
02-19 21:27:18.080  4449  4531 D KeyguardViewMediator: setOccluded(false)
02-19 21:27:18.081  4449  4449 D KeyguardViewMediator: handleSetOccluded(false)
02-19 21:27:18.081  4449  4449 D KeyguardViewMediator: KeyguardViewMediator queue processing message: SET_OCCLUDED
02-19 21:27:18.082  1425  1602 D nativeloader: Load /data/app/~~NUQj-rdXzuicW-16SIRtKA==/viva.republica.toss.test-Si406wFvb_sqEA2GTBV6RQ==/lib/x86_64/libjsi.so using class loader ns clns-9 (caller=<unknown>): ok
02-19 21:27:18.082 19166 19166 I NotificationListener: Handling notification state refresh for com.google.android.adservices.api#0
02-19 21:27:18.082 19166 19166 I NotificationListener: Handling notification state refresh for android#0
02-19 21:27:18.082 19166 19166 I NotificationListener: Handling notification state refresh for com.android.systemui#0
02-19 21:27:18.083 19166 19190 D QuickstepModelDelegate: notifyAppTargetEvent action=1 launchLocation=workspace/0/[-1,-1]/[1,1]
02-19 21:27:18.085  1425  1602 D nativeloader: Load /data/app/~~NUQj-rdXzuicW-16SIRtKA==/viva.republica.toss.test-Si406wFvb_sqEA2GTBV6RQ==/lib/x86_64/libhermes.so using class loader ns clns-9 (caller=<unknown>): ok
02-19 21:27:18.091  1425  1602 D nativeloader: Load /data/app/~~NUQj-rdXzuicW-16SIRtKA==/viva.republica.toss.test-Si406wFvb_sqEA2GTBV6RQ==/lib/x86_64/libfb.so using class loader ns clns-9 (caller=<unknown>): ok
02-19 21:27:18.096  1971  2198 I AiAiEcho: Predicting[0]:  [CONTEXT sampling_count=5 ]
02-19 21:27:18.097  1971  2198 I AiAiEcho: EchoTargets: 
02-19 21:27:18.097  1971  2198 I AiAiEcho: Filtered by AiAi flag check: 
02-19 21:27:18.097  1971  2198 I AiAiEcho: [CONTEXT ratelimit_period="10 SECONDS" ]
02-19 21:27:18.097  1425  1602 D nativeloader: Load /data/app/~~NUQj-rdXzuicW-16SIRtKA==/viva.republica.toss.test-Si406wFvb_sqEA2GTBV6RQ==/lib/x86_64/libyoga.so using class loader ns clns-9 (caller=<unknown>): ok
02-19 21:27:18.097  1971  2198 I AiAiEcho: #remoteViewsTwiddler: feature disabled.
02-19 21:27:18.098  1971  2198 I AiAiEcho: #postPredictionTargets: Sending updates to UISurface home with targets# 0 (types=[])
02-19 21:27:18.100 19166 19166 D SsBaseTemplateCard: No text view can be set up
02-19 21:27:18.100 19166 19166 D SsBaseTemplateCard: Passed-in item info is null
02-19 21:27:18.100 19166 19166 D SsBaseTemplateCard: Passed-in item info is null
02-19 21:27:18.100 19166 19166 D SsBaseTemplateCard: Passed-in item info is null
02-19 21:27:18.100 19166 19166 I SsBaseTemplateCard: Secondary card pane is null
02-19 21:27:18.105  1425  1602 D nativeloader: Load /data/app/~~NUQj-rdXzuicW-16SIRtKA==/viva.republica.toss.test-Si406wFvb_sqEA2GTBV6RQ==/lib/x86_64/libruntimeexecutor.so using class loader ns clns-9 (caller=<unknown>): ok
02-19 21:27:18.106  1425  1602 D nativeloader: Load /data/app/~~NUQj-rdXzuicW-16SIRtKA==/viva.republica.toss.test-Si406wFvb_sqEA2GTBV6RQ==/lib/x86_64/libreact_debug.so using class loader ns clns-9 (caller=<unknown>): ok
02-19 21:27:18.108  1425  1602 D nativeloader: Load /data/app/~~NUQj-rdXzuicW-16SIRtKA==/viva.republica.toss.test-Si406wFvb_sqEA2GTBV6RQ==/lib/x86_64/libglog_init.so using class loader ns clns-9 (caller=<unknown>): ok
02-19 21:27:18.109  1425  1602 D nativeloader: Load /data/app/~~NUQj-rdXzuicW-16SIRtKA==/viva.republica.toss.test-Si406wFvb_sqEA2GTBV6RQ==/lib/x86_64/libreact_utils.so using class loader ns clns-9 (caller=<unknown>): ok
02-19 21:27:18.111  1425  1602 D nativeloader: Load /data/app/~~NUQj-rdXzuicW-16SIRtKA==/viva.republica.toss.test-Si406wFvb_sqEA2GTBV6RQ==/lib/x86_64/libreact_render_mapbuffer.so using class loader ns clns-9 (caller=<unknown>): ok
02-19 21:27:18.112  1425  1602 D nativeloader: Load /data/app/~~NUQj-rdXzuicW-16SIRtKA==/viva.republica.toss.test-Si406wFvb_sqEA2GTBV6RQ==/lib/x86_64/libreact_render_graphics.so using class loader ns clns-9 (caller=<unknown>): ok
02-19 21:27:18.114  1425  1602 D nativeloader: Load /data/app/~~NUQj-rdXzuicW-16SIRtKA==/viva.republica.toss.test-Si406wFvb_sqEA2GTBV6RQ==/lib/x86_64/libreact_render_debug.so using class loader ns clns-9 (caller=<unknown>): ok
02-19 21:27:18.115  1425  1602 D nativeloader: Load /data/app/~~NUQj-rdXzuicW-16SIRtKA==/viva.republica.toss.test-Si406wFvb_sqEA2GTBV6RQ==/lib/x86_64/libreact_render_core.so using class loader ns clns-9 (caller=<unknown>): ok
02-19 21:27:18.117  1425  1602 D nativeloader: Load /data/app/~~NUQj-rdXzuicW-16SIRtKA==/viva.republica.toss.test-Si406wFvb_sqEA2GTBV6RQ==/lib/x86_64/libreact_render_runtimescheduler.so using class loader ns clns-9 (caller=<unknown>): ok
02-19 21:27:18.119  1425  1602 D nativeloader: Load /data/app/~~NUQj-rdXzuicW-16SIRtKA==/viva.republica.toss.test-Si406wFvb_sqEA2GTBV6RQ==/lib/x86_64/liblogger.so using class loader ns clns-9 (caller=<unknown>): ok
02-19 21:27:18.120  1425  1602 D nativeloader: Load /data/app/~~NUQj-rdXzuicW-16SIRtKA==/viva.republica.toss.test-Si406wFvb_sqEA2GTBV6RQ==/lib/x86_64/libreactperfloggerjni.so using class loader ns clns-9 (caller=<unknown>): ok
02-19 21:27:18.122  1425  1602 D nativeloader: Load /data/app/~~NUQj-rdXzuicW-16SIRtKA==/viva.republica.toss.test-Si406wFvb_sqEA2GTBV6RQ==/lib/x86_64/libjsinspector.so using class loader ns clns-9 (caller=<unknown>): ok
02-19 21:27:18.126  1425  1602 D nativeloader: Load /data/app/~~NUQj-rdXzuicW-16SIRtKA==/viva.republica.toss.test-Si406wFvb_sqEA2GTBV6RQ==/lib/x86_64/libreactnativejni.so using class loader ns clns-9 (caller=<unknown>): ok
02-19 21:27:18.136  1425  1602 D nativeloader: Load /data/app/~~NUQj-rdXzuicW-16SIRtKA==/viva.republica.toss.test-Si406wFvb_sqEA2GTBV6RQ==/lib/x86_64/libhermes_executor.so using class loader ns clns-9 (caller=<unknown>): ok
02-19 21:27:18.225  1425  1602 D ApplicationLoaders: Returning zygote-cached class loader: /system/framework/org.apache.http.legacy.jar
02-19 21:27:18.225  1425  1602 D ApplicationLoaders: Returning zygote-cached class loader: /system/framework/com.android.location.provider.jar
02-19 21:27:18.225  1425  1602 D ApplicationLoaders: Returning zygote-cached class loader: /system/framework/com.android.media.remotedisplay.jar
02-19 21:27:18.225  1425  1602 D ApplicationLoaders: Returning zygote-cached class loader: /system_ext/framework/androidx.window.extensions.jar
02-19 21:27:18.225  1425  1602 D ApplicationLoaders: Returning zygote-cached class loader: /system_ext/framework/androidx.window.sidecar.jar
02-19 21:27:18.291  1425  1602 D nativeloader: Configuring clns-13 for other apk /data/app/~~O-UZzK0jUU9NLgS3MODOZA==/com.google.android.gms-YQ2L6GsYyKuvu9MvIBK1EQ==/base.apk. target_sdk_version=36, uses_libraries=, library_path=/data/app/~~O-UZzK0jUU9NLgS3MODOZA==/com.google.android.gms-YQ2L6GsYyKuvu9MvIBK1EQ==/lib/x86_64:/data/app/~~O-UZzK0jUU9NLgS3MODOZA==/com.google.android.gms-YQ2L6GsYyKuvu9MvIBK1EQ==/base.apk!/lib/x86_64, permitted_path=/data:/mnt/expand:/data/user/0/com.google.android.gms
02-19 21:27:18.308  1425  1602 I blica.toss.test: AssetManager2(0x7d8fac42c378) locale list changing from [] to [en-US]
02-19 21:27:18.362  1425  1602 W System  : ClassLoader referenced unknown path: 
02-19 21:27:18.363  1425  1602 D nativeloader: Configuring clns-14 for other apk . target_sdk_version=36, uses_libraries=, library_path=/data/app/~~O-UZzK0jUU9NLgS3MODOZA==/com.google.android.gms-YQ2L6GsYyKuvu9MvIBK1EQ==/lib/x86_64:/data/app/~~O-UZzK0jUU9NLgS3MODOZA==/com.google.android.gms-YQ2L6GsYyKuvu9MvIBK1EQ==/base.apk!/lib/x86_64, permitted_path=/data:/mnt/expand:/data/user/0/com.google.android.gms
02-19 21:27:18.367  1425  1602 W DynamiteModule: Failed to load module via V2: java.lang.NoSuchFieldException: No field sClassLoader in class Lcom/google/android/gms/dynamite/DynamiteModule$DynamiteLoaderClassLoader; (declaration of 'com.google.android.gms.dynamite.DynamiteModule$DynamiteLoaderClassLoader' appears in /data/app/~~NUQj-rdXzuicW-16SIRtKA==/viva.republica.toss.test-Si406wFvb_sqEA2GTBV6RQ==/base.apk!classes2.dex)
02-19 21:27:18.372  1425  1602 I DynamiteModule: Considering local module com.google.android.gms.ads.dynamite:0 and remote module com.google.android.gms.ads.dynamite:254380203
02-19 21:27:18.372  1425  1602 I DynamiteModule: Selected remote version of com.google.android.gms.ads.dynamite, version >= 254380203
02-19 21:27:18.385  1425  1602 D CompatChangeReporter: Compat change id reported: 312399441; UID 10217; state: ENABLED
02-19 21:27:18.471  1425  1602 I blica.toss.test: AssetManager2(0x7d8fac42fed8) locale list changing from [] to [en-US]
02-19 21:27:18.472  1425  1602 I blica.toss.test: AssetManager2(0x7d8fac4314b8) locale list changing from [] to [en-US]
02-19 21:27:18.485  1425  1602 D DynamitePackage: Instantiated singleton DynamitePackage.
02-19 21:27:18.485  1425  1602 D DynamitePackage: Instantiating com.google.android.gms.ads.ChimeraMobileAdsSettingManagerCreatorImpl
02-19 21:27:18.687   752  1246 D ConnectivityService: requestNetwork for uid/pid:10217/1425 activeRequest: null callbackRequest: 1018 [NetworkRequest [ REQUEST id=1019, [ Capabilities: INTERNET&NOT_RESTRICTED&TRUSTED&NOT_VCN_MANAGED&NOT_BANDWIDTH_CONSTRAINED Uid: 10217 RequestorUid: 10217 RequestorPkg: viva.republica.toss.test UnderlyingNetworks: Null] ]] callback flags: 0 order: 2147483647 isUidTracked: false declaredMethods: AVAIL|LOST
02-19 21:27:18.690   752  1023 D OemPaidWifiNetworkFactory: got request NetworkRequest [ REQUEST id=1019, [ Capabilities: INTERNET&NOT_RESTRICTED&TRUSTED&NOT_VCN_MANAGED&NOT_BANDWIDTH_CONSTRAINED Uid: 10217 RequestorUid: 10217 RequestorPkg: viva.republica.toss.test UnderlyingNetworks: Null] ]
02-19 21:27:18.690   752  1023 D MultiInternetWifiNetworkFactory: got request NetworkRequest [ REQUEST id=1019, [ Capabilities: INTERNET&NOT_RESTRICTED&TRUSTED&NOT_VCN_MANAGED&NOT_BANDWIDTH_CONSTRAINED Uid: 10217 RequestorUid: 10217 RequestorPkg: viva.republica.toss.test UnderlyingNetworks: Null] ]
02-19 21:27:18.690   752  1023 D WifiNetworkFactory: got request NetworkRequest [ REQUEST id=1019, [ Capabilities: INTERNET&NOT_RESTRICTED&TRUSTED&NOT_VCN_MANAGED&NOT_BANDWIDTH_CONSTRAINED Uid: 10217 RequestorUid: 10217 RequestorPkg: viva.republica.toss.test UnderlyingNetworks: Null] ]
02-19 21:27:18.690   752  1023 D UntrustedWifiNetworkFactory: got request NetworkRequest [ REQUEST id=1019, [ Capabilities: INTERNET&NOT_RESTRICTED&TRUSTED&NOT_VCN_MANAGED&NOT_BANDWIDTH_CONSTRAINED Uid: 10217 RequestorUid: 10217 RequestorPkg: viva.republica.toss.test UnderlyingNetworks: Null] ]
02-19 21:27:18.691   752  1029 D ConnectivityService: NetReassign [1019 : null → 108] [c 0] [a 1] [i 2]
02-19 21:27:18.783  1610  1610 W dumpsys : Thread Pool max thread count is 0. Cannot cache binder as linkToDeath cannot be implemented. serviceName: package
02-19 21:27:18.893  1425  1602 D DynamitePackage: Instantiating com.google.android.gms.ads.ChimeraAdPreloaderCreatorImpl
02-19 21:27:19.096   875   875 I artd    : GetBestInfo: odex next to the dex file (/data/app/~~O-UZzK0jUU9NLgS3MODOZA==/com.google.android.gms-YQ2L6GsYyKuvu9MvIBK1EQ==/oat/x86_64/base.odex) is kOatUpToDate with filter 'speed-profile' executable 'false'
02-19 21:27:19.101   875   875 I artd    : GetBestInfo: odex next to the dex file (/data/app/~~O-UZzK0jUU9NLgS3MODOZA==/com.google.android.gms-YQ2L6GsYyKuvu9MvIBK1EQ==/oat/x86_64/split_AdsDynamite_installtime.odex) is kOatUpToDate with filter 'speed' executable 'false'
02-19 21:27:19.108  1425  1602 W unknown:ReactContext: initializeMessageQueueThreads() is called.
02-19 21:27:19.110   875   879 I artd    : GetBestInfo: odex next to the dex file (/data/app/~~O-UZzK0jUU9NLgS3MODOZA==/com.google.android.gms-YQ2L6GsYyKuvu9MvIBK1EQ==/oat/x86_64/split_CronetDynamite_installtime.odex) is kOatUpToDate with filter 'speed' executable 'false'
02-19 21:27:19.120   875   879 I artd    : GetBestInfo: odex next to the dex file (/data/app/~~O-UZzK0jUU9NLgS3MODOZA==/com.google.android.gms-YQ2L6GsYyKuvu9MvIBK1EQ==/oat/x86_64/split_DynamiteLoader_installtime.odex) is kOatUpToDate with filter 'speed' executable 'false'
02-19 21:27:19.126   875   875 I artd    : GetBestInfo: odex next to the dex file (/data/app/~~O-UZzK0jUU9NLgS3MODOZA==/com.google.android.gms-YQ2L6GsYyKuvu9MvIBK1EQ==/oat/x86_64/split_DynamiteModulesA_installtime.odex) is kOatUpToDate with filter 'speed' executable 'false'
02-19 21:27:19.132   875   875 I artd    : GetBestInfo: odex next to the dex file (/data/app/~~O-UZzK0jUU9NLgS3MODOZA==/com.google.android.gms-YQ2L6GsYyKuvu9MvIBK1EQ==/oat/x86_64/split_DynamiteModulesC_installtime.odex) is kOatUpToDate with filter 'speed' executable 'false'
02-19 21:27:19.137   875   875 I artd    : GetBestInfo: odex next to the dex file (/data/app/~~O-UZzK0jUU9NLgS3MODOZA==/com.google.android.gms-YQ2L6GsYyKuvu9MvIBK1EQ==/oat/x86_64/split_GoogleCertificates_installtime.odex) is kOatUpToDate with filter 'speed' executable 'false'
02-19 21:27:19.146   875   875 I artd    : GetBestInfo: odex next to the dex file (/data/app/~~O-UZzK0jUU9NLgS3MODOZA==/com.google.android.gms-YQ2L6GsYyKuvu9MvIBK1EQ==/oat/x86_64/split_MapsDynamite_installtime.odex) is kOatUpToDate with filter 'speed' executable 'false'
02-19 21:27:19.151   875   879 I artd    : GetBestInfo: odex next to the dex file (/data/app/~~O-UZzK0jUU9NLgS3MODOZA==/com.google.android.gms-YQ2L6GsYyKuvu9MvIBK1EQ==/oat/x86_64/split_MeasurementDynamite_installtime.odex) is kOatUpToDate with filter 'speed' executable 'false'
02-19 21:27:19.155   875   879 I artd    : GetBestInfo: /data/app/~~O-UZzK0jUU9NLgS3MODOZA==/com.google.android.gms-YQ2L6GsYyKuvu9MvIBK1EQ==/split_maps_core_dynamite_ondemand.apk has no usable artifacts
02-19 21:27:19.160   875   875 I artd    : GetBestInfo: /data/user_de/0/com.google.android.gms/app_chimera/m/0000000c/dl-Appsearch.optional_250834100800.apk has no usable artifacts
02-19 21:27:19.161   875   875 I artd    : GetBestInfo: /data/user_de/0/com.google.android.gms/app_chimera/m/00000001/CronetDynamite.apk has no usable artifacts
02-19 21:27:19.162   875   875 I artd    : GetBestInfo: /data/user_de/0/com.google.android.gms/app_chimera/m/00000002/DynamiteLoader.apk has no usable artifacts
02-19 21:27:19.163   875   875 I artd    : GetBestInfo: /data/user_de/0/com.google.android.gms/app_chimera/m/00000005/GoogleCertificates.apk has no usable artifacts
02-19 21:27:19.166   875   875 I artd    : GetBestInfo: /data/user_de/0/com.google.android.gms/app_chimera/m/00000009/dl-TfliteDynamiteDynamite.integ_252130102100800.apk has no usable artifacts
02-19 21:27:19.172   875   875 I artd    : GetBestInfo: vdex next to the dex file (/data/user/0/com.google.android.gms/app_dg_cache/BF7C023AB90CCF01D1F467FC1CEBAF866511FF29/oat/x86_64/the.vdex) is kOatUpToDate with filter 'verify' executable 'false'
02-19 21:27:19.177   875   875 I artd    : GetBestInfo: /data/user_de/0/com.google.android.gms/app_chimera/m/00000010/dl-PlayCloudSearch.optional_250834100000.apk has no usable artifacts
02-19 21:27:19.189   875   875 I artd    : GetBestInfo: /data/user_de/0/com.google.android.gms/app_chimera/m/00000017/dl-PlayCloudSearch.optional_260438100000.apk has no usable artifacts
02-19 21:27:19.194   875   879 I artd    : GetBestInfo: /data/user_de/0/com.google.android.gms/app_chimera/m/00000015/dl-MlkitOcrCommon.optional_260438100800.apk has no usable artifacts
02-19 21:27:19.201   875   879 I artd    : GetBestInfo: /data/user_de/0/com.google.android.gms/app_chimera/m/00000013/dl-MlkitBarcodeUi.optional_260438100800.apk has no usable artifacts
02-19 21:27:19.210   875   875 I artd    : GetBestInfo: /data/user_de/0/com.google.android.gms/app_chimera/m/0000000f/dl-MlkitOcrCommon.optional_250834100800.apk has no usable artifacts
02-19 21:27:19.217   875   879 I artd    : GetBestInfo: /data/user_de/0/com.google.android.gms/app_chimera/m/0000000d/dl-VisionOcr.optional_250834100000.apk has no usable artifacts
02-19 21:27:19.223   875   875 I artd    : GetBestInfo: /data/user_de/0/com.google.android.gms/app_chimera/m/0000000a/dl-MlkitBarcodeUi.optional_250834100800.apk has no usable artifacts
02-19 21:27:19.226   875   879 I artd    : GetBestInfo: /data/user_de/0/com.google.android.gms/app_chimera/m/00000011/dl-VisionOcr.optional_260438100000.apk has no usable artifacts
02-19 21:27:19.229   875   879 I artd    : GetBestInfo: /data/user_de/0/com.google.android.gms/app_chimera/m/00000012/dl-Appsearch.optional_260438100800.apk has no usable artifacts
02-19 21:27:19.233   875   879 I artd    : GetBestInfo: vdex next to the dex file (/data/user/0/com.google.android.gms/app_dg_cache/94DF452EEF4B8E717545DCDEA6CC3C50A319A195/oat/x86_64/the.vdex) is kOatUpToDate with filter 'verify' executable 'false'
02-19 21:27:19.234   875   879 I artd    : GetBestInfo: /data/user_de/0/com.google.android.gms/app_chimera/m/00000007/MeasurementDynamite.apk has no usable artifacts
02-19 21:27:19.236   875   879 I artd    : GetBestInfo: /data/user_de/0/com.google.android.gms/app_chimera/m/00000018/dl-AdsFdrDynamite.integ_254380203100000.apk has no usable artifacts
02-19 21:27:19.309   752   933 D ConnectivityService: requestNetwork for uid/pid:10217/1425 activeRequest: null callbackRequest: 1020 [NetworkRequest [ REQUEST id=1021, [ Capabilities: INTERNET&NOT_RESTRICTED&TRUSTED&NOT_VCN_MANAGED&NOT_BANDWIDTH_CONSTRAINED Uid: 10217 RequestorUid: 10217 RequestorPkg: viva.republica.toss.test UnderlyingNetworks: Null] ]] callback flags: 0 order: 2147483647 isUidTracked: false declaredMethods: AVAIL|LOST|NC|LP
02-19 21:27:19.315   752   933 D CompatChangeReporter: Compat change id reported: 319212206; UID 10217; state: ENABLED
02-19 21:27:19.321   752  1023 D OemPaidWifiNetworkFactory: got request NetworkRequest [ REQUEST id=1021, [ Capabilities: INTERNET&NOT_RESTRICTED&TRUSTED&NOT_VCN_MANAGED&NOT_BANDWIDTH_CONSTRAINED Uid: 10217 RequestorUid: 10217 RequestorPkg: viva.republica.toss.test UnderlyingNetworks: Null] ]
02-19 21:27:19.321   752  1023 D MultiInternetWifiNetworkFactory: got request NetworkRequest [ REQUEST id=1021, [ Capabilities: INTERNET&NOT_RESTRICTED&TRUSTED&NOT_VCN_MANAGED&NOT_BANDWIDTH_CONSTRAINED Uid: 10217 RequestorUid: 10217 RequestorPkg: viva.republica.toss.test UnderlyingNetworks: Null] ]
02-19 21:27:19.322   752  1023 D WifiNetworkFactory: got request NetworkRequest [ REQUEST id=1021, [ Capabilities: INTERNET&NOT_RESTRICTED&TRUSTED&NOT_VCN_MANAGED&NOT_BANDWIDTH_CONSTRAINED Uid: 10217 RequestorUid: 10217 RequestorPkg: viva.republica.toss.test UnderlyingNetworks: Null] ]
02-19 21:27:19.322   752  1023 D UntrustedWifiNetworkFactory: got request NetworkRequest [ REQUEST id=1021, [ Capabilities: INTERNET&NOT_RESTRICTED&TRUSTED&NOT_VCN_MANAGED&NOT_BANDWIDTH_CONSTRAINED Uid: 10217 RequestorUid: 10217 RequestorPkg: viva.republica.toss.test UnderlyingNetworks: Null] ]
02-19 21:27:19.322   752  1029 D ConnectivityService: NetReassign [1021 : null → 108] [c 0] [a 1] [i 10]
02-19 21:27:19.325   752  1029 D ConnectivityService: NetReassign [no changes] [c 0] [a 1] [i 2]
02-19 21:27:19.337  3453  3453 D BoundBrokerSvc: onRebind: Intent { act=com.google.android.gms.appset.service.START dat=chimera-action:/... xflg=0x4 cmp=com.google.android.gms/.chimera.GmsApiService }
02-19 21:27:19.391 19829 19829 I Finsky  : [2] Memory trim requested to level 40
02-19 21:27:19.391 19829 19829 I Finsky  : [2] Flushing in-memory image cache
02-19 21:27:19.393 19829 19970 I Finsky  : [71] Current account updated in PVS
02-19 21:27:19.447  1425  1627 D nativeloader: Load /data/data/viva.republica.toss.test/libtcj.so using class loader ns clns-9 (caller=<unknown>): ok
02-19 21:27:19.444  1425  1425 W mqt_js  : type=1400 audit(0.0:518): avc:  granted  { execute } for  path="/data/data/viva.republica.toss.test/libtcj.so" dev="dm-55" ino=363989 scontext=u:r:untrusted_app:s0:c217,c256,c512,c768 tcontext=u:object_r:app_data_file:s0:c217,c256,c512,c768 tclass=file app=viva.republica.toss.test
02-19 21:27:19.473  1425  1480 W cr_media: BLUETOOTH_CONNECT permission is missing.
02-19 21:27:19.473  1425  1643 W libc    : Access denied finding property "vendor.mesa.log"
02-19 21:27:19.473  1425  1643 W libc    : Access denied finding property "vendor.mesa.log.file"
02-19 21:27:19.473  1425  1643 E MESA    : Failed to open rendernode: No such file or directory
02-19 21:27:19.473  1638  1638 W dumpsys : Thread Pool max thread count is 0. Cannot cache binder as linkToDeath cannot be implemented. serviceName: window
02-19 21:27:19.474  1425  1480 W cr_media: getBluetoothAdapter() requires BLUETOOTH permission
02-19 21:27:19.475  1425  1480 W cr_media: registerBluetoothIntentsIfNeeded: Requires BLUETOOTH permission
02-19 21:27:19.523  1459  1486 I cr_LibraryLoader: Successfully loaded native library
02-19 21:27:19.524  1459  1486 I cr_CachingUmaRecorder: Flushed 2 samples from 2 histograms, 0 samples were dropped.
02-19 21:27:19.539  1459  1486 W SystemServiceRegistry: No service published for: uimode
02-19 21:27:19.544  1425  1643 D vulkan  : searching for layers in '/data/app/~~NUQj-rdXzuicW-16SIRtKA==/viva.republica.toss.test-Si406wFvb_sqEA2GTBV6RQ==/lib/x86_64'
02-19 21:27:19.544  1425  1643 D vulkan  : searching for layers in '/data/app/~~NUQj-rdXzuicW-16SIRtKA==/viva.republica.toss.test-Si406wFvb_sqEA2GTBV6RQ==/base.apk!/lib/x86_64'
02-19 21:27:19.562  1459  1486 W chromium: [WARNING:runtime_features.cc(560)] Fenced frames cannot be enabled in this configuration. Use --enable-features=FencedFrames instead.
02-19 21:27:19.562  1459  1486 W chromium: [WARNING:runtime_features.cc(585)] Topics cannot be enabled in this configuration. Use --enable-features=BrowsingTopics in addition.
02-19 21:27:19.562  1459  1486 W chromium: [WARNING:runtime_features.cc(606)] SharedStorage cannot be enabled in this configuration. Use --enable-features=SharedStorageAPI in addition.
02-19 21:27:19.596   537   537 W adbd    : timeout expired while flushing socket, closing
02-19 21:27:19.615 19301 19458 I FontLog : (REDACTED) Received query %s, URI %s
02-19 21:27:19.615 19301 19458 I FontLog : (REDACTED) Query [%s] resolved to %s
02-19 21:27:19.625 19301 19458 I FontLog : (REDACTED) Font PFD returned from cache for %s
02-19 21:27:19.625 19301 19458 I FontLog : (REDACTED) Fetch %s end status %s
02-19 21:27:19.642 19301 20014 I FontLog : (REDACTED) Pulling font file for id = %d, cache size = %d
02-19 21:27:19.646 19301 20014 I FontLog : (REDACTED) Received query %s, URI %s
02-19 21:27:19.646 19301 20014 I FontLog : (REDACTED) Query [%s] resolved to %s
02-19 21:27:19.648 19301 20014 I FontLog : (REDACTED) Fetch %s end status %s
02-19 21:27:19.655 19301 20014 I FontLog : (REDACTED) Pulling font file for id = %d, cache size = %d
02-19 21:27:19.659 19301 20014 I FontLog : (REDACTED) Received query %s, URI %s
02-19 21:27:19.659 19301 20014 I FontLog : (REDACTED) Query [%s] resolved to %s
02-19 21:27:19.662 19301 20014 I FontLog : (REDACTED) Font PFD returned from cache for %s
02-19 21:27:19.662 19301 20014 I FontLog : (REDACTED) Fetch %s end status %s
02-19 21:27:19.666 19301 20014 I FontLog : (REDACTED) Pulling font file for id = %d, cache size = %d
02-19 21:27:19.671 19301 20014 I FontLog : (REDACTED) Received query %s, URI %s
02-19 21:27:19.671 19301 20014 I FontLog : (REDACTED) Query [%s] resolved to %s
02-19 21:27:19.673 19301 20014 I FontLog : (REDACTED) Font PFD returned from cache for %s
02-19 21:27:19.673 19301 20014 I FontLog : (REDACTED) Fetch %s end status %s
02-19 21:27:19.675 19301 20014 I FontLog : (REDACTED) Pulling font file for id = %d, cache size = %d
02-19 21:27:19.678 19301 20014 I FontLog : (REDACTED) Received query %s, URI %s
02-19 21:27:19.678 19301 20014 I FontLog : (REDACTED) Query [%s] resolved to %s
02-19 21:27:19.679 19301 20014 I FontLog : (REDACTED) Font PFD returned from cache for %s
02-19 21:27:19.680 19301 20014 I FontLog : (REDACTED) Fetch %s end status %s
02-19 21:27:19.681 19301 20014 I FontLog : (REDACTED) Pulling font file for id = %d, cache size = %d
02-19 21:27:19.754 19301 19334 I .gms.persistent: Waiting for a blocking GC ProfileSaver
02-19 21:27:19.776   537   537 W adbd    : timeout expired while flushing socket, closing
02-19 21:27:19.840 19301 19334 I .gms.persistent: WaitForGcToComplete blocked ProfileSaver on Background for 86.746ms
02-19 21:27:19.859 19301 19309 W SQLiteConnectionPool: A SQLiteConnection object for database '/data/user/0/com.google.android.gms/databases/metadata.db' was leaked!  Please fix your application to end transactions in progress properly and to close the database when it is no longer needed.
02-19 21:27:19.859 19301 19309 W System  : A resource failed to call SQLiteConnection.close. 
02-19 21:27:19.905   752  2419 W ActivityTaskManager: callingPackage for (uid=2000, pid=1664) has no WPC
02-19 21:27:19.909   752  2419 V GrammaticalInflectionUtils: AttributionSource: android.content.AttributionSource@56784557 does not have READ_SYSTEM_GRAMMATICAL_GENDER permission.
02-19 21:27:19.911   752  2419 W OptProp : Cannot read opt property android.window.PROPERTY_COMPAT_ALLOW_USER_ASPECT_RATIO_OVERRIDE
02-19 21:27:19.911   752  2419 W OptProp : Cannot read opt property android.window.PROPERTY_COMPAT_ALLOW_USER_ASPECT_RATIO_FULLSCREEN_OVERRIDE
02-19 21:27:19.912   752  2419 W OptProp : Cannot read opt property android.window.PROPERTY_COMPAT_ALLOW_RESIZEABLE_ACTIVITY_OVERRIDES
02-19 21:27:19.913   752  2419 W OptProp : Cannot read opt property android.window.PROPERTY_COMPAT_ALLOW_MIN_ASPECT_RATIO_OVERRIDE
02-19 21:27:19.922   752  2419 W OptProp : Cannot read opt property android.window.PROPERTY_COMPAT_ALLOW_ORIENTATION_OVERRIDE
02-19 21:27:19.927   531   590 I BpBinder: onLastStrongRef automatically unlinking death recipients: 
