02-19 19:57:43.959 20022 20022 I GoogleInputMethodService: GoogleInputMethodService.onStartInput():1293 onStartInput(EditorInfo{EditorInfo{packageName=viva.republica.toss.test, inputType=0, inputTypeString=NULL, enableLearning=false, autoCorrection=false, autoComplete=false, imeOptions=0, privateImeOptions=null, actionName=UNSPECIFIED, actionLabel=null, initialSelStart=-1, initialSelEnd=-1, initialCapsMode=0, label=null, fieldId=0, fieldName=null, extras=null, hintText=null, hintLocales=[]}}, false)
02-19 19:57:43.961 20022 20022 I EmojiCompatManager: EmojiCompatManager.getEmojiCompatIfLoaded():343 EmojiCompat.init() was never called.
02-19 19:57:43.961 20022 20022 I EmojiCompatManager: java.lang.IllegalStateException: EmojiCompat is not initialized. Please call EmojiCompat.init() first
02-19 19:57:43.961 20022 20022 I EmojiCompatManager: 	at asx.p(PG:6)
02-19 19:57:43.961 20022 20022 I EmojiCompatManager: 	at axb.b(PG:13)
02-19 19:57:43.961 20022 20022 I EmojiCompatManager: 	at jnr.b(PG:2)
02-19 19:57:43.961 20022 20022 I EmojiCompatManager: 	at jnr.c(PG:4)
02-19 19:57:43.961 20022 20022 I EmojiCompatManager: 	at jnr.f(PG:3)
02-19 19:57:43.961 20022 20022 I EmojiCompatManager: 	at jnx.c(PG:3)
02-19 19:57:43.961 20022 20022 I EmojiCompatManager: 	at kif.cz(PG:47)
02-19 19:57:43.961 20022 20022 I EmojiCompatManager: 	at lhl.run(PG:1025)
02-19 19:57:43.961 20022 20022 I EmojiCompatManager: 	at jaf.execute(PG:12)
02-19 19:57:43.961 20022 20022 I EmojiCompatManager: 	at nco.v(PG:13)
02-19 19:57:43.961 20022 20022 I EmojiCompatManager: 	at lhn.m(PG:96)
02-19 19:57:43.961 20022 20022 I EmojiCompatManager: 	at lhn.k(PG:25)
02-19 19:57:43.961 20022 20022 I EmojiCompatManager: 	at kgn.onStartInput(PG:250)
02-19 19:57:43.961 20022 20022 I EmojiCompatManager: 	at android.inputmethodservice.InputMethodService.doStartInput(InputMethodService.java:3521)
02-19 19:57:43.961 20022 20022 I EmojiCompatManager: 	at android.inputmethodservice.InputMethodService$InputMethodImpl.startInput(InputMethodService.java:879)
02-19 19:57:43.961 20022 20022 I EmojiCompatManager: 	at android.inputmethodservice.InputMethodService$InputMethodImpl.dispatchStartInput(InputMethodService.java:908)
02-19 19:57:43.961 20022 20022 I EmojiCompatManager: 	at android.inputmethodservice.IInputMethodWrapper.executeMessage(IInputMethodWrapper.java:201)
02-19 19:57:43.961 20022 20022 I EmojiCompatManager: 	at com.android.internal.os.HandlerCaller$MyHandler.handleMessage(HandlerCaller.java:44)
02-19 19:57:43.961 20022 20022 I EmojiCompatManager: 	at android.os.Handler.dispatchMessage(Handler.java:110)
02-19 19:57:43.961 20022 20022 I EmojiCompatManager: 	at android.os.Looper.loopOnce(Looper.java:248)
02-19 19:57:43.961 20022 20022 I EmojiCompatManager: 	at android.os.Looper.loop(Looper.java:338)
02-19 19:57:43.961 20022 20022 I EmojiCompatManager: 	at android.app.ActivityThread.main(ActivityThread.java:9067)
02-19 19:57:43.961 20022 20022 I EmojiCompatManager: 	at java.lang.reflect.Method.invoke(Native Method)
02-19 19:57:43.961 20022 20022 I EmojiCompatManager: 	at com.android.internal.os.RuntimeInit$MethodAndArgsCaller.run(RuntimeInit.java:593)
02-19 19:57:43.961 20022 20022 I EmojiCompatManager: 	at com.android.internal.os.ZygoteInit.main(ZygoteInit.java:932)
02-19 19:57:43.964   752  1789 I ImeTracker: system_server:3cd52dfe: onRequestHide at ORIGIN_SERVER reason IME_REQUESTED_CHANGED_LISTENER fromUser false
02-19 19:57:43.965 20022 20022 I Module  : DeviceLockedStatusModuleProvider$Module.updateDeviceLockedStatus():100 repeatCheckTimes = 1, locked = false
02-19 19:57:44.000 23336 23494 W unknown:InspectorPackagerConnection: Couldn't connect to packager, will silently retry
02-19 19:57:44.001   752   797 W ProcessStats: Tracking association SourceState{1b917ca system/1000 BFgs #23664} whose proc state 4 is better than process ProcessState{42c4ef0 com.google.android.ext.services/10208 pkg=com.google.android.ext.services} proc state 14 (34 skipped)
02-19 19:57:44.010   752   797 I ImeTracker: system_server:3cd52dfe: onCancelled at PHASE_SERVER_SHOULD_HIDE
02-19 19:57:44.021 23336 23336 E unknown:ReactRootView: Unhandled SoftException
02-19 19:57:44.021 23336 23336 E unknown:ReactRootView: com.facebook.react.uimanager.IllegalViewOperationException: Trying to attach a ReactRootView with an explicit id already set to [2131362676]. React Native uses the id field to track react tags and will overwrite this field. If that is fine, explicitly overwrite the id field to View.NO_ID.
02-19 19:57:44.021 23336 23336 E unknown:ReactRootView: 	at com.facebook.react.ReactRootView.attachToReactInstanceManager(:799)
02-19 19:57:44.021 23336 23336 E unknown:ReactRootView: 	at com.facebook.react.ReactRootView.startReactApplication(:509)
02-19 19:57:44.021 23336 23336 E unknown:ReactRootView: 	at com.facebook.react.ReactRootView.startReactApplication(:469)
02-19 19:57:44.021 23336 23336 E unknown:ReactRootView: 	at im.toss.rn.granite.core.GraniteActivity.write(:486)
02-19 19:57:44.021 23336 23336 E unknown:ReactRootView: 	at im.toss.rn.granite.core.GraniteActivity.RemoteActionCompatParcelizer(:124)
02-19 19:57:44.021 23336 23336 E unknown:ReactRootView: 	at im.toss.rn.granite.core.GraniteActivity$RemoteActionCompatParcelizer.IconCompatParcelizer(:65353)
02-19 19:57:44.021 23336 23336 E unknown:ReactRootView: 	at o.sh.a_(:33)
02-19 19:57:44.021 23336 23336 E unknown:ReactRootView: 	at o.xP.run(:100)
02-19 19:57:44.021 23336 23336 E unknown:ReactRootView: 	at android.os.Handler.handleCallback(Handler.java:995)
02-19 19:57:44.021 23336 23336 E unknown:ReactRootView: 	at android.os.Handler.dispatchMessage(Handler.java:103)
02-19 19:57:44.021 23336 23336 E unknown:ReactRootView: 	at android.os.Looper.loopOnce(Looper.java:248)
02-19 19:57:44.021 23336 23336 E unknown:ReactRootView: 	at android.os.Looper.loop(Looper.java:338)
02-19 19:57:44.021 23336 23336 E unknown:ReactRootView: 	at android.app.ActivityThread.main(ActivityThread.java:9067)
02-19 19:57:44.021 23336 23336 E unknown:ReactRootView: 	at java.lang.reflect.Method.invoke(Native Method)
02-19 19:57:44.021 23336 23336 E unknown:ReactRootView: 	at com.android.internal.os.RuntimeInit$MethodAndArgsCaller.run(RuntimeInit.java:593)
02-19 19:57:44.021 23336 23336 E unknown:ReactRootView: 	at com.android.internal.os.ZygoteInit.main(ZygoteInit.java:932)
02-19 19:57:44.034   752  2375 W PackageConfigPersister: App-specific configuration not found for packageName: viva.republica.toss.test and userId: 0
02-19 19:57:44.035 20022 20022 W NotificationCenter: NotificationCenter$NotificationQueue.notifyPendingNotificationsOnExecutor():877 Heavy notify work detected on UI thread: [kig->jjs] takes 50ms
02-19 19:57:44.040   752  1095 D BackgroundInstallControlService: Package event received: 0
02-19 19:57:44.091   752   795 W Looper  : Slow dispatch took 101ms android.ui app=system_server main=false group=TOP_APP h=com.android.server.am.ActivityManagerService$UiHandler c=com.android.server.am.UidObserverController$$ExternalSyntheticLambda0@6a2cd6d m=0
02-19 19:57:44.208   752  2375 D CoreBackPreview: Window{ac41885 u0 PopupWindow:bc2e6df}: Setting back callback OnBackInvokedCallbackInfo{mCallback=android.window.IOnBackInvokedCallback$Stub$Proxy@334270b, mPriority=0, mIsAnimationCallback=false, mOverrideBehavior=0}
02-19 19:57:44.488  4449  4474 W WindowOnBackDispatcher: sendCancelIfRunning: isInProgress=false callback=android.view.ViewRootImpl$$ExternalSyntheticLambda13@3025f29
02-19 19:57:44.489   752  2375 D CoreBackPreview: Window{cbc5434 u0 Splash Screen viva.republica.toss.test EXITING}: Setting back callback null
02-19 19:57:45.268   752   969 D ActivityManager: freezing 19378 com.google.android.webview:webview_service
02-19 19:57:45.275   752  1029 D InetDiagMessage: Destroyed 0 sockets, proto=IPPROTO_TCP, family=AF_INET, states=14
02-19 19:57:45.276   752  1029 D InetDiagMessage: Destroyed 0 sockets, proto=IPPROTO_TCP, family=AF_INET6, states=14
02-19 19:57:45.277   752  1029 D InetDiagMessage: Destroyed live tcp sockets for uids={10168} in 3ms
02-19 19:57:46.391 23497 23497 W dumpsys : Thread Pool max thread count is 0. Cannot cache binder as linkToDeath cannot be implemented. serviceName: window
02-19 19:57:46.470 23336 23478 D nativeloader: Load /data/app/~~NUQj-rdXzuicW-16SIRtKA==/viva.republica.toss.test-Si406wFvb_sqEA2GTBV6RQ==/lib/x86_64/libglog.so using class loader ns clns-9 (caller=<unknown>): ok
02-19 19:57:46.491   752  1856 E TaskPersister: File error accessing recents directory (directory doesn't exist?).
02-19 19:57:46.815 23336 23478 D nativeloader: Load /data/app/~~NUQj-rdXzuicW-16SIRtKA==/viva.republica.toss.test-Si406wFvb_sqEA2GTBV6RQ==/lib/x86_64/libfolly_runtime.so using class loader ns clns-9 (caller=<unknown>): ok
02-19 19:57:46.830 23336 23478 D nativeloader: Load /data/app/~~NUQj-rdXzuicW-16SIRtKA==/viva.republica.toss.test-Si406wFvb_sqEA2GTBV6RQ==/lib/x86_64/libfbjni.so using class loader ns clns-9 (caller=<unknown>): ok
02-19 19:57:46.921 23336 23478 D nativeloader: Load /data/app/~~NUQj-rdXzuicW-16SIRtKA==/viva.republica.toss.test-Si406wFvb_sqEA2GTBV6RQ==/lib/x86_64/libjsi.so using class loader ns clns-9 (caller=<unknown>): ok
02-19 19:57:47.165 23336 23478 D nativeloader: Load /data/app/~~NUQj-rdXzuicW-16SIRtKA==/viva.republica.toss.test-Si406wFvb_sqEA2GTBV6RQ==/lib/x86_64/libhermes.so using class loader ns clns-9 (caller=<unknown>): ok
02-19 19:57:47.262 23336 23478 D nativeloader: Load /data/app/~~NUQj-rdXzuicW-16SIRtKA==/viva.republica.toss.test-Si406wFvb_sqEA2GTBV6RQ==/lib/x86_64/libfb.so using class loader ns clns-9 (caller=<unknown>): ok
02-19 19:57:47.825 23336 23478 D nativeloader: Load /data/app/~~NUQj-rdXzuicW-16SIRtKA==/viva.republica.toss.test-Si406wFvb_sqEA2GTBV6RQ==/lib/x86_64/libyoga.so using class loader ns clns-9 (caller=<unknown>): ok
02-19 19:57:47.839 23336 23336 W WindowOnBackDispatcher: sendCancelIfRunning: isInProgress=false callback=android.view.ViewRootImpl$$ExternalSyntheticLambda13@440278a
02-19 19:57:47.840   752  1631 D CoreBackPreview: Window{ac41885 u0 PopupWindow:bc2e6df}: Setting back callback null
02-19 19:57:47.985 23336 23478 D nativeloader: Load /data/app/~~NUQj-rdXzuicW-16SIRtKA==/viva.republica.toss.test-Si406wFvb_sqEA2GTBV6RQ==/lib/x86_64/libruntimeexecutor.so using class loader ns clns-9 (caller=<unknown>): ok
02-19 19:57:48.044 23336 23478 D nativeloader: Load /data/app/~~NUQj-rdXzuicW-16SIRtKA==/viva.republica.toss.test-Si406wFvb_sqEA2GTBV6RQ==/lib/x86_64/libreact_debug.so using class loader ns clns-9 (caller=<unknown>): ok
02-19 19:57:48.109 23336 23478 D nativeloader: Load /data/app/~~NUQj-rdXzuicW-16SIRtKA==/viva.republica.toss.test-Si406wFvb_sqEA2GTBV6RQ==/lib/x86_64/libglog_init.so using class loader ns clns-9 (caller=<unknown>): ok
02-19 19:57:48.116 23336 23478 D nativeloader: Load /data/app/~~NUQj-rdXzuicW-16SIRtKA==/viva.republica.toss.test-Si406wFvb_sqEA2GTBV6RQ==/lib/x86_64/libreact_utils.so using class loader ns clns-9 (caller=<unknown>): ok
02-19 19:57:48.207 23336 23478 D nativeloader: Load /data/app/~~NUQj-rdXzuicW-16SIRtKA==/viva.republica.toss.test-Si406wFvb_sqEA2GTBV6RQ==/lib/x86_64/libreact_render_mapbuffer.so using class loader ns clns-9 (caller=<unknown>): ok
02-19 19:57:48.352 23336 23478 D nativeloader: Load /data/app/~~NUQj-rdXzuicW-16SIRtKA==/viva.republica.toss.test-Si406wFvb_sqEA2GTBV6RQ==/lib/x86_64/libreact_render_graphics.so using class loader ns clns-9 (caller=<unknown>): ok
02-19 19:57:48.357 23336 23478 D nativeloader: Load /data/app/~~NUQj-rdXzuicW-16SIRtKA==/viva.republica.toss.test-Si406wFvb_sqEA2GTBV6RQ==/lib/x86_64/libreact_render_debug.so using class loader ns clns-9 (caller=<unknown>): ok
02-19 19:57:48.371 23336 23478 D nativeloader: Load /data/app/~~NUQj-rdXzuicW-16SIRtKA==/viva.republica.toss.test-Si406wFvb_sqEA2GTBV6RQ==/lib/x86_64/libreact_render_core.so using class loader ns clns-9 (caller=<unknown>): ok
02-19 19:57:48.382 23336 23478 D nativeloader: Load /data/app/~~NUQj-rdXzuicW-16SIRtKA==/viva.republica.toss.test-Si406wFvb_sqEA2GTBV6RQ==/lib/x86_64/libreact_render_runtimescheduler.so using class loader ns clns-9 (caller=<unknown>): ok
02-19 19:57:48.498 23336 23478 D nativeloader: Load /data/app/~~NUQj-rdXzuicW-16SIRtKA==/viva.republica.toss.test-Si406wFvb_sqEA2GTBV6RQ==/lib/x86_64/liblogger.so using class loader ns clns-9 (caller=<unknown>): ok
02-19 19:57:48.548 23336 23478 D nativeloader: Load /data/app/~~NUQj-rdXzuicW-16SIRtKA==/viva.republica.toss.test-Si406wFvb_sqEA2GTBV6RQ==/lib/x86_64/libreactperfloggerjni.so using class loader ns clns-9 (caller=<unknown>): ok
02-19 19:57:48.675 23336 23478 D nativeloader: Load /data/app/~~NUQj-rdXzuicW-16SIRtKA==/viva.republica.toss.test-Si406wFvb_sqEA2GTBV6RQ==/lib/x86_64/libjsinspector.so using class loader ns clns-9 (caller=<unknown>): ok
02-19 19:57:49.098 23336 23478 D nativeloader: Load /data/app/~~NUQj-rdXzuicW-16SIRtKA==/viva.republica.toss.test-Si406wFvb_sqEA2GTBV6RQ==/lib/x86_64/libreactnativejni.so using class loader ns clns-9 (caller=<unknown>): ok
02-19 19:57:49.404  3453  3453 D BoundBrokerSvc: onUnbind: Intent { act=com.google.android.gms.safetynet.service.START xflg=0x4 pkg=com.google.android.gms }
02-19 19:57:49.824 23336 23478 D nativeloader: Load /data/app/~~NUQj-rdXzuicW-16SIRtKA==/viva.republica.toss.test-Si406wFvb_sqEA2GTBV6RQ==/lib/x86_64/libhermes_executor.so using class loader ns clns-9 (caller=<unknown>): ok
02-19 19:57:50.120 23336 23503 D ApplicationLoaders: Returning zygote-cached class loader: /system/framework/org.apache.http.legacy.jar
02-19 19:57:50.121 23336 23503 D ApplicationLoaders: Returning zygote-cached class loader: /system/framework/com.android.location.provider.jar
02-19 19:57:50.121 23336 23503 D ApplicationLoaders: Returning zygote-cached class loader: /system/framework/com.android.media.remotedisplay.jar
02-19 19:57:50.121 23336 23503 D ApplicationLoaders: Returning zygote-cached class loader: /system_ext/framework/androidx.window.extensions.jar
02-19 19:57:50.122 23336 23503 D ApplicationLoaders: Returning zygote-cached class loader: /system_ext/framework/androidx.window.sidecar.jar
02-19 19:57:50.156   537   537 W adbd    : timeout expired while flushing socket, closing
02-19 19:57:50.822 23336 23478 W unknown:ReactContext: initializeMessageQueueThreads() is called.
02-19 19:57:50.876   752  2375 D CompatChangeReporter: Compat change id reported: 297989574; UID 10217; state: ENABLED
02-19 19:57:50.904 23336 23517 W unknown:ViewManagerPropertyUpdater: Could not find generated setter for class com.facebook.react.views.traceupdateoverlay.TraceUpdateOverlayManager
02-19 19:57:50.911 23336 23517 W unknown:ViewManagerPropertyUpdater: Could not find generated setter for class com.facebook.react.uimanager.LayoutShadowNode
02-19 19:57:50.913 23336 23517 W unknown:ViewManagerPropertyUpdater: Could not find generated setter for class com.facebook.react.views.drawer.ReactDrawerLayoutManager
02-19 19:57:50.914   537   537 W adbd    : timeout expired while flushing socket, closing
02-19 19:57:50.916 23336 23517 W unknown:ViewManagerPropertyUpdater: Could not find generated setter for class com.facebook.react.views.scroll.ReactHorizontalScrollViewManager
02-19 19:57:50.920 23336 23517 W unknown:ViewManagerPropertyUpdater: Could not find generated setter for class com.facebook.react.views.scroll.ReactHorizontalScrollContainerViewManager
02-19 19:57:50.922 23336 23517 W unknown:ViewManagerPropertyUpdater: Could not find generated setter for class com.facebook.react.views.progressbar.ReactProgressBarViewManager
02-19 19:57:50.924 23336 23517 W unknown:ViewManagerPropertyUpdater: Could not find generated setter for class com.facebook.react.views.progressbar.ProgressBarShadowNode
02-19 19:57:50.925 23336 23517 W unknown:ViewManagerPropertyUpdater: Could not find generated setter for class com.facebook.react.views.scroll.ReactScrollViewManager
02-19 19:57:50.927 23336 23517 W unknown:ViewManagerPropertyUpdater: Could not find generated setter for class com.facebook.react.views.switchview.ReactSwitchManager
02-19 19:57:50.931 23336 23517 W unknown:ViewManagerPropertyUpdater: Could not find generated setter for class com.facebook.react.views.switchview.ReactSwitchManager$ReactSwitchShadowNode
02-19 19:57:50.931 23336 23517 W unknown:ViewManagerPropertyUpdater: Could not find generated setter for class com.facebook.react.views.swiperefresh.SwipeRefreshLayoutManager
02-19 19:57:50.934 23336 23517 W unknown:ViewManagerPropertyUpdater: Could not find generated setter for class com.facebook.react.views.text.frescosupport.FrescoBasedReactTextInlineImageViewManager
02-19 19:57:50.935 23336 23517 W unknown:ViewManagerPropertyUpdater: Could not find generated setter for class com.facebook.react.views.text.frescosupport.FrescoBasedReactTextInlineImageShadowNode
02-19 19:57:50.937 23336 23517 W unknown:ViewManagerPropertyUpdater: Could not find generated setter for class com.facebook.react.views.image.ReactImageManager
02-19 19:57:50.939 23336 23517 W unknown:ViewManagerPropertyUpdater: Could not find generated setter for class com.facebook.react.views.modal.ReactModalHostManager
02-19 19:57:50.941 23336 23517 W unknown:ViewManagerPropertyUpdater: Could not find generated setter for class com.facebook.react.views.modal.ModalHostShadowNode
02-19 19:57:50.942 23336 23517 W unknown:ViewManagerPropertyUpdater: Could not find generated setter for class com.facebook.react.views.text.ReactRawTextManager
02-19 19:57:50.943 23336 23517 W unknown:ViewManagerPropertyUpdater: Could not find generated setter for class com.facebook.react.views.text.ReactRawTextShadowNode
02-19 19:57:50.944 23336 23517 W unknown:ViewManagerPropertyUpdater: Could not find generated setter for class com.facebook.react.views.textinput.ReactTextInputManager
02-19 19:57:50.966 23336 23517 W unknown:ViewManagerPropertyUpdater: Could not find generated setter for class com.facebook.react.views.textinput.ReactTextInputShadowNode
02-19 19:57:50.973 23336 23517 W unknown:ViewManagerPropertyUpdater: Could not find generated setter for class com.facebook.react.views.text.ReactTextViewManager
02-19 19:57:50.974 23336 23517 W unknown:ViewManagerPropertyUpdater: Could not find generated setter for class com.facebook.react.views.text.ReactTextShadowNode
02-19 19:57:50.975 23336 23517 W unknown:ViewManagerPropertyUpdater: Could not find generated setter for class com.facebook.react.views.view.ReactViewManager
02-19 19:57:50.978 23336 23517 W unknown:ViewManagerPropertyUpdater: Could not find generated setter for class com.facebook.react.views.text.ReactVirtualTextViewManager
02-19 19:57:50.978 23336 23517 W unknown:ViewManagerPropertyUpdater: Could not find generated setter for class com.facebook.react.views.text.ReactVirtualTextShadowNode
02-19 19:57:50.979 23336 23517 W unknown:ViewManagerPropertyUpdater: Could not find generated setter for class com.facebook.react.views.unimplementedview.ReactUnimplementedViewManager
02-19 19:57:50.984 23336 23517 W unknown:ViewManagerPropertyUpdater: Could not find generated setter for class com.shopify.reactnative.flash_list.AutoLayoutViewManager
02-19 19:57:50.993 23336 23517 W unknown:ViewManagerPropertyUpdater: Could not find generated setter for class com.shopify.reactnative.flash_list.CellContainerManager
02-19 19:57:50.996 23336 23517 W unknown:ViewManagerPropertyUpdater: Could not find generated setter for class com.airbnb.android.react.lottie.LottieAnimationViewManager
02-19 19:57:50.999 23336 23517 W unknown:ViewManagerPropertyUpdater: Could not find generated setter for class com.swmansion.gesturehandler.react.RNGestureHandlerRootViewManager
02-19 19:57:51.000 23336 23517 W unknown:ViewManagerPropertyUpdater: Could not find generated setter for class com.swmansion.gesturehandler.react.RNGestureHandlerButtonViewManager
02-19 19:57:51.003 23336 23517 W unknown:ViewManagerPropertyUpdater: Could not find generated setter for class io.invertase.googlemobileads.ReactNativeGoogleMobileAdsBannerAdViewManager
02-19 19:57:51.006 23336 23517 W unknown:ViewManagerPropertyUpdater: Could not find generated setter for class com.reactnativepagerview.PagerViewViewManager
02-19 19:57:51.010 23336 23517 W unknown:ViewManagerPropertyUpdater: Could not find generated setter for class com.th3rdwave.safeareacontext.SafeAreaProviderManager
02-19 19:57:51.012 23336 23517 W unknown:ViewManagerPropertyUpdater: Could not find generated setter for class com.th3rdwave.safeareacontext.SafeAreaViewManager
02-19 19:57:51.014 23336 23517 W unknown:ViewManagerPropertyUpdater: Could not find generated setter for class o.eglCreatePlatformPixmapSurface
02-19 19:57:51.017 23336 23517 W unknown:ViewManagerPropertyUpdater: Could not find generated setter for class com.swmansion.rnscreens.ScreenContainerViewManager
02-19 19:57:51.020 23336 23517 W unknown:ViewManagerPropertyUpdater: Could not find generated setter for class com.swmansion.rnscreens.ScreenViewManager
02-19 19:57:51.022 23336 23517 W unknown:ViewManagerPropertyUpdater: Could not find generated setter for class com.swmansion.rnscreens.ScreenStackViewManager
02-19 19:57:51.137 23336 23517 W unknown:ViewManagerPropertyUpdater: Could not find generated setter for class com.swmansion.rnscreens.ScreenStackHeaderConfigViewManager
02-19 19:57:51.138 23336 23503 D nativeloader: Configuring clns-13 for other apk /data/app/~~O-UZzK0jUU9NLgS3MODOZA==/com.google.android.gms-YQ2L6GsYyKuvu9MvIBK1EQ==/base.apk. target_sdk_version=36, uses_libraries=, library_path=/data/app/~~O-UZzK0jUU9NLgS3MODOZA==/com.google.android.gms-YQ2L6GsYyKuvu9MvIBK1EQ==/lib/x86_64:/data/app/~~O-UZzK0jUU9NLgS3MODOZA==/com.google.android.gms-YQ2L6GsYyKuvu9MvIBK1EQ==/base.apk!/lib/x86_64, permitted_path=/data:/mnt/expand:/data/user/0/com.google.android.gms
02-19 19:57:51.141 23336 23517 W unknown:ViewManagerPropertyUpdater: Could not find generated setter for class com.swmansion.rnscreens.ScreenStackHeaderSubviewManager
02-19 19:57:51.144 23336 23517 W unknown:ViewManagerPropertyUpdater: Could not find generated setter for class com.swmansion.rnscreens.SearchBarManager
02-19 19:57:51.147 23336 23517 W unknown:ViewManagerPropertyUpdater: Could not find generated setter for class com.horcrux.svg.RenderableViewManager$DefsViewManager
02-19 19:57:51.152 23336 23517 W unknown:ViewManagerPropertyUpdater: Could not find generated setter for class com.horcrux.svg.VirtualViewManager$RemoteActionCompatParcelizer
02-19 19:57:51.152 23336 23517 W unknown:ViewManagerPropertyUpdater: Could not find generated setter for class com.horcrux.svg.RenderableViewManager$MarkerManager
02-19 19:57:51.156 23336 23517 W unknown:ViewManagerPropertyUpdater: Could not find generated setter for class com.horcrux.svg.RenderableViewManager$ForeignObjectManager
02-19 19:57:51.158 23336 23517 W unknown:ViewManagerPropertyUpdater: Could not find generated setter for class com.horcrux.svg.RenderableViewManager$EllipseViewManager
02-19 19:57:51.160 23336 23517 W unknown:ViewManagerPropertyUpdater: Could not find generated setter for class com.horcrux.svg.RenderableViewManager$LineViewManager
02-19 19:57:51.162 23336 23517 W unknown:ViewManagerPropertyUpdater: Could not find generated setter for class com.horcrux.svg.RenderableViewManager$LinearGradientManager
02-19 19:57:51.166 23336 23517 W unknown:ViewManagerPropertyUpdater: Could not find generated setter for class com.horcrux.svg.RenderableViewManager$GroupViewManager
02-19 19:57:51.168 23336 23517 W unknown:ViewManagerPropertyUpdater: Could not find generated setter for class com.horcrux.svg.RenderableViewManager$TextViewManager
02-19 19:57:51.173 23336 23517 W unknown:ViewManagerPropertyUpdater: Could not find generated setter for class com.horcrux.svg.RenderableViewManager$ImageViewManager
02-19 19:57:51.175 23336 23517 W unknown:ViewManagerPropertyUpdater: Could not find generated setter for class com.horcrux.svg.RenderableViewManager$ClipPathViewManager
02-19 19:57:51.177 23336 23517 W unknown:ViewManagerPropertyUpdater: Could not find generated setter for class com.horcrux.svg.RenderableViewManager$RadialGradientManager
02-19 19:57:51.178 23336 23517 W unknown:ViewManagerPropertyUpdater: Could not find generated setter for class com.horcrux.svg.RenderableViewManager$MaskManager
02-19 19:57:51.181 23336 23517 W unknown:ViewManagerPropertyUpdater: Could not find generated setter for class com.horcrux.svg.RenderableViewManager$SymbolManager
02-19 19:57:51.183 23336 23517 W unknown:ViewManagerPropertyUpdater: Could not find generated setter for class com.horcrux.svg.RenderableViewManager$PatternManager
02-19 19:57:51.185 23336 23517 W unknown:ViewManagerPropertyUpdater: Could not find generated setter for class com.horcrux.svg.RenderableViewManager$RectViewManager
02-19 19:57:51.186 23336 23517 W unknown:ViewManagerPropertyUpdater: Could not find generated setter for class com.horcrux.svg.RenderableViewManager$TextPathViewManager
02-19 19:57:51.189 23336 23517 W unknown:ViewManagerPropertyUpdater: Could not find generated setter for class com.horcrux.svg.SvgViewManager
02-19 19:57:51.191 23336 23517 W unknown:ViewManagerPropertyUpdater: Could not find generated setter for class com.horcrux.svg.RenderableViewManager$PathViewManager
02-19 19:57:51.193 23336 23517 W unknown:ViewManagerPropertyUpdater: Could not find generated setter for class com.horcrux.svg.RenderableViewManager$UseViewManager
02-19 19:57:51.195 23336 23517 W unknown:ViewManagerPropertyUpdater: Could not find generated setter for class com.horcrux.svg.RenderableViewManager$CircleViewManager
02-19 19:57:51.198 23336 23517 W unknown:ViewManagerPropertyUpdater: Could not find generated setter for class com.horcrux.svg.RenderableViewManager$TSpanViewManager
02-19 19:57:51.199 23336 23517 W unknown:ViewManagerPropertyUpdater: Could not find generated setter for class com.brentvatne.exoplayer.ReactExoplayerViewManager
02-19 19:57:51.203 23336 23517 W unknown:ViewManagerPropertyUpdater: Could not find generated setter for class com.reactnativecommunity.webview.RNCWebViewManager
02-19 19:57:51.206 23336 23517 W unknown:ViewManagerPropertyUpdater: Could not find generated setter for class im.toss.rn.granite.core.module.image.FastImageViewManager
02-19 19:57:51.214 23336 23517 W unknown:ReactContext: initializeMessageQueueThreads() is called.
02-19 19:57:51.258 23336 23514 D nativeloader: Load /data/data/viva.republica.toss.test/libtcj.so using class loader ns clns-9 (caller=<unknown>): ok
02-19 19:57:51.248 23336 23336 W mqt_js  : type=1400 audit(0.0:473): avc:  granted  { execute } for  path="/data/data/viva.republica.toss.test/libtcj.so" dev="dm-55" ino=363760 scontext=u:r:untrusted_app:s0:c217,c256,c512,c768 tcontext=u:object_r:app_data_file:s0:c217,c256,c512,c768 tclass=file app=viva.republica.toss.test
02-19 19:57:51.389 23336 23503 I blica.toss.test: AssetManager2(0x7d8fac441b38) locale list changing from [] to [en-US]
02-19 19:57:52.495 23336 23514 D nativeloader: Load /data/app/~~NUQj-rdXzuicW-16SIRtKA==/viva.republica.toss.test-Si406wFvb_sqEA2GTBV6RQ==/lib/x86_64/libreactnativeblob.so using class loader ns clns-9 (caller=<unknown>): ok
02-19 19:57:52.566 23336 23336 W unknown:ReactContext: initializeMessageQueueThreads() is called.
02-19 19:57:52.780   752  2375 W PackageConfigPersister: App-specific configuration not found for packageName: viva.republica.toss.test and userId: 0
02-19 19:57:53.056 23336 23342 I blica.toss.test: Compiler allocated 4717KB to compile void com.facebook.soloader.nativeloader.SystemDelegate.read(java.lang.String)
02-19 19:57:53.377 23336 23503 W System  : ClassLoader referenced unknown path: 
02-19 19:57:53.378 23336 23503 D nativeloader: Configuring clns-14 for other apk . target_sdk_version=36, uses_libraries=, library_path=/data/app/~~O-UZzK0jUU9NLgS3MODOZA==/com.google.android.gms-YQ2L6GsYyKuvu9MvIBK1EQ==/lib/x86_64:/data/app/~~O-UZzK0jUU9NLgS3MODOZA==/com.google.android.gms-YQ2L6GsYyKuvu9MvIBK1EQ==/base.apk!/lib/x86_64, permitted_path=/data:/mnt/expand:/data/user/0/com.google.android.gms
02-19 19:57:53.536 23336 23503 W DynamiteModule: Failed to load module via V2: java.lang.NoSuchFieldException: No field sClassLoader in class Lcom/google/android/gms/dynamite/DynamiteModule$DynamiteLoaderClassLoader; (declaration of 'com.google.android.gms.dynamite.DynamiteModule$DynamiteLoaderClassLoader' appears in /data/app/~~NUQj-rdXzuicW-16SIRtKA==/viva.republica.toss.test-Si406wFvb_sqEA2GTBV6RQ==/base.apk!classes2.dex)
02-19 19:57:53.543 23336 23503 I DynamiteModule: Considering local module com.google.android.gms.ads.dynamite:0 and remote module com.google.android.gms.ads.dynamite:254380203
02-19 19:57:53.544 23336 23503 I DynamiteModule: Selected remote version of com.google.android.gms.ads.dynamite, version >= 254380203
02-19 19:57:53.902 23336 23503 D CompatChangeReporter: Compat change id reported: 312399441; UID 10217; state: ENABLED
02-19 19:57:54.250 23336 23343 I blica.toss.test: NativeAlloc concurrent mark compact GC freed 9871KB AllocSpace bytes, 4(184KB) LOS objects, 50% free, 17MB/34MB, paused 4.506ms,9.122ms total 138.821ms
02-19 19:57:54.255 23336 23345 W System  : A resource failed to call ZipFile.close. 
02-19 19:57:56.129 23336 23514 I ReactNativeJS: Running "shared" with {"initialProps":{"initialColorPreference":"light","loadingStartTs":1771498657176,"initialFontScale":"100"},"rootTag":21}
02-19 19:57:57.001 23336 23517 W unknown:ViewManagerPropertyUpdater: Could not find generated setter for class o.onLost
02-19 19:57:57.062 23336 23514 D ReactNativeJS: '[Analytics]', '{\n  "log_type": "screen",\n  "log_name": "/::screen",\n  "params": {\n    "referrer": null,\n    "deployment_id": "local",\n    "deployment_timestamp": null\n  }\n}'
02-19 19:57:58.206   752  1631 D ConnectivityService: requestNetwork for uid/pid:10217/23336 activeRequest: null callbackRequest: 771 [NetworkRequest [ REQUEST id=772, [ Capabilities: INTERNET&NOT_RESTRICTED&TRUSTED&NOT_VCN_MANAGED&NOT_BANDWIDTH_CONSTRAINED Uid: 10217 RequestorUid: 10217 RequestorPkg: viva.republica.toss.test UnderlyingNetworks: Null] ]] callback flags: 0 order: 2147483647 isUidTracked: false declaredMethods: AVAIL|LOST|NC|LP
02-19 19:57:58.210   752  1023 D OemPaidWifiNetworkFactory: got request NetworkRequest [ REQUEST id=772, [ Capabilities: INTERNET&NOT_RESTRICTED&TRUSTED&NOT_VCN_MANAGED&NOT_BANDWIDTH_CONSTRAINED Uid: 10217 RequestorUid: 10217 RequestorPkg: viva.republica.toss.test UnderlyingNetworks: Null] ]
02-19 19:57:58.210   752  1023 D MultiInternetWifiNetworkFactory: got request NetworkRequest [ REQUEST id=772, [ Capabilities: INTERNET&NOT_RESTRICTED&TRUSTED&NOT_VCN_MANAGED&NOT_BANDWIDTH_CONSTRAINED Uid: 10217 RequestorUid: 10217 RequestorPkg: viva.republica.toss.test UnderlyingNetworks: Null] ]
02-19 19:57:58.210   752  1029 D ConnectivityService: NetReassign [772 : null  108] [c 1] [a 1] [i 2]
02-19 19:57:58.210   752  1631 D CompatChangeReporter: Compat change id reported: 319212206; UID 10217; state: ENABLED
02-19 19:57:58.211   752  1023 D WifiNetworkFactory: got request NetworkRequest [ REQUEST id=772, [ Capabilities: INTERNET&NOT_RESTRICTED&TRUSTED&NOT_VCN_MANAGED&NOT_BANDWIDTH_CONSTRAINED Uid: 10217 RequestorUid: 10217 RequestorPkg: viva.republica.toss.test UnderlyingNetworks: Null] ]
02-19 19:57:58.211   752  1023 D UntrustedWifiNetworkFactory: got request NetworkRequest [ REQUEST id=772, [ Capabilities: INTERNET&NOT_RESTRICTED&TRUSTED&NOT_VCN_MANAGED&NOT_BANDWIDTH_CONSTRAINED Uid: 10217 RequestorUid: 10217 RequestorPkg: viva.republica.toss.test UnderlyingNetworks: Null] ]
02-19 19:57:58.214   752  1029 D ConnectivityService: NetReassign [no changes] [c 0] [a 1] [i 1]
02-19 19:57:58.527 23336 23503 I blica.toss.test: AssetManager2(0x7d8fac4989d8) locale list changing from [] to [en-US]
02-19 19:57:58.717 23336 23503 I blica.toss.test: AssetManager2(0x7d8fac43b418) locale list changing from [] to [en-US]
02-19 19:57:58.726 23336 23503 D DynamitePackage: Instantiated singleton DynamitePackage.
02-19 19:57:58.726 23336 23503 D DynamitePackage: Instantiating com.google.android.gms.ads.ChimeraMobileAdsSettingManagerCreatorImpl
02-19 19:57:58.765 23362 23372 I cr_LibraryLoader: Successfully loaded native library
02-19 19:57:58.765 23336 23503 D ApplicationLoaders: Returning zygote-cached class loader: /system/framework/org.apache.http.legacy.jar
02-19 19:57:58.766 23336 23503 D ApplicationLoaders: Returning zygote-cached class loader: /system/framework/com.android.location.provider.jar
02-19 19:57:58.766 23336 23503 D ApplicationLoaders: Returning zygote-cached class loader: /system/framework/com.android.media.remotedisplay.jar
02-19 19:57:58.766 23336 23503 D ApplicationLoaders: Returning zygote-cached class loader: /system_ext/framework/androidx.window.extensions.jar
02-19 19:57:58.766 23336 23503 D ApplicationLoaders: Returning zygote-cached class loader: /system_ext/framework/androidx.window.sidecar.jar
02-19 19:57:58.766 23362 23372 I cr_CachingUmaRecorder: Flushed 2 samples from 2 histograms, 0 samples were dropped.
02-19 19:57:58.782 23362 23372 W SystemServiceRegistry: No service published for: uimode
02-19 19:57:58.851 23336 23380 W cr_media: BLUETOOTH_CONNECT permission is missing.
02-19 19:57:58.854 23336 23380 W cr_media: getBluetoothAdapter() requires BLUETOOTH permission
02-19 19:57:58.854 23336 23380 W cr_media: registerBluetoothIntentsIfNeeded: Requires BLUETOOTH permission
02-19 19:57:58.969   752  1095 D BackgroundInstallControlService: Package event received: 0
02-19 19:57:58.973   752  1095 D BackgroundInstallControlService: Package event received: 0
02-19 19:57:58.984  3453  3453 D BoundBrokerSvc: onBind: Intent { act=com.google.android.gms.safebrowsing.SafeBrowsingService.START dat=chimera-action:/... xflg=0x4 cmp=com.google.android.gms/.chimera.GmsBoundBrokerService }
02-19 19:57:58.984  3453  3453 D BoundBrokerSvc: Loading bound service for intent: Intent { act=com.google.android.gms.safebrowsing.SafeBrowsingService.START dat=chimera-action:/... xflg=0x4 cmp=com.google.android.gms/.chimera.GmsBoundBrokerService }
02-19 19:57:59.253 23336 23336 I Choreographer: Skipped 121 frames!  The application may be doing too much work on its main thread.
02-19 19:57:59.319   752  2375 D ConnectivityService: requestNetwork for uid/pid:10217/23336 activeRequest: null callbackRequest: 774 [NetworkRequest [ REQUEST id=775, [ Capabilities: INTERNET&NOT_RESTRICTED&TRUSTED&NOT_VCN_MANAGED&NOT_BANDWIDTH_CONSTRAINED Uid: 10217 RequestorUid: 10217 RequestorPkg: viva.republica.toss.test UnderlyingNetworks: Null] ]] callback flags: 0 order: 2147483647 isUidTracked: false declaredMethods: AVAIL|LOST
02-19 19:57:59.326   752  1023 D OemPaidWifiNetworkFactory: got request NetworkRequest [ REQUEST id=775, [ Capabilities: INTERNET&NOT_RESTRICTED&TRUSTED&NOT_VCN_MANAGED&NOT_BANDWIDTH_CONSTRAINED Uid: 10217 RequestorUid: 10217 RequestorPkg: viva.republica.toss.test UnderlyingNetworks: Null] ]
02-19 19:57:59.328   752  1029 D ConnectivityService: NetReassign [775 : null  108] [c 0] [a 1] [i 3]
02-19 19:57:59.328   752  1023 D MultiInternetWifiNetworkFactory: got request NetworkRequest [ REQUEST id=775, [ Capabilities: INTERNET&NOT_RESTRICTED&TRUSTED&NOT_VCN_MANAGED&NOT_BANDWIDTH_CONSTRAINED Uid: 10217 RequestorUid: 10217 RequestorPkg: viva.republica.toss.test UnderlyingNetworks: Null] ]
02-19 19:57:59.328   752  1023 D WifiNetworkFactory: got request NetworkRequest [ REQUEST id=775, [ Capabilities: INTERNET&NOT_RESTRICTED&TRUSTED&NOT_VCN_MANAGED&NOT_BANDWIDTH_CONSTRAINED Uid: 10217 RequestorUid: 10217 RequestorPkg: viva.republica.toss.test UnderlyingNetworks: Null] ]
02-19 19:57:59.328   752  1023 D UntrustedWifiNetworkFactory: got request NetworkRequest [ REQUEST id=775, [ Capabilities: INTERNET&NOT_RESTRICTED&TRUSTED&NOT_VCN_MANAGED&NOT_BANDWIDTH_CONSTRAINED Uid: 10217 RequestorUid: 10217 RequestorPkg: viva.republica.toss.test UnderlyingNetworks: Null] ]
02-19 19:57:59.489 23336 23503 D DynamitePackage: Instantiating com.google.android.gms.ads.ChimeraAdPreloaderCreatorImpl
02-19 19:57:59.612 23362 23372 W chromium: [WARNING:runtime_features.cc(560)] Fenced frames cannot be enabled in this configuration. Use --enable-features=FencedFrames instead.
02-19 19:57:59.613 23362 23372 W chromium: [WARNING:runtime_features.cc(585)] Topics cannot be enabled in this configuration. Use --enable-features=BrowsingTopics in addition.
02-19 19:57:59.613 23362 23372 W chromium: [WARNING:runtime_features.cc(606)] SharedStorage cannot be enabled in this configuration. Use --enable-features=SharedStorageAPI in addition.
02-19 19:57:59.688 23336 23554 W blica.toss.test: Verification of m84.bew m84.bbq.d() took 151.289ms (674.21 bytecodes/s) (0B arena alloc)
02-19 19:58:00.397 23336 23534 W libc    : Access denied finding property "vendor.mesa.log"
02-19 19:58:00.397 23336 23534 W libc    : Access denied finding property "vendor.mesa.log.file"
02-19 19:58:00.397 23336 23534 E MESA    : Failed to open rendernode: No such file or directory
02-19 19:58:00.415 23336 23503 W unknown:ReactContext: initializeMessageQueueThreads() is called.
02-19 19:58:00.432 19301 19312 I FontLog : (REDACTED) Received query %s, URI %s
02-19 19:58:00.445 23336 23336 I Choreographer: Skipped 71 frames!  The application may be doing too much work on its main thread.
02-19 19:58:00.517 23336 23556 W unknown:ReactContext: initializeMessageQueueThreads() is called.
02-19 19:58:00.522 19301 19312 I FontLog : (REDACTED) Query [%s] resolved to %s
02-19 19:58:00.558 19301 19312 I FontLog : (REDACTED) Font PFD returned from cache for %s
02-19 19:58:00.558 19301 19312 I FontLog : (REDACTED) Fetch %s end status %s
02-19 19:58:00.581 23336 23556 W unknown:ReactNative: Fresco has already been initialized with a different config. The new Fresco configuration will be ignored!
02-19 19:58:00.588 19301 19312 I FontLog : (REDACTED) Pulling font file for id = %d, cache size = %d
02-19 19:58:00.596   752  1095 D BackgroundInstallControlService: Package event received: 0
02-19 19:58:00.601  3453  3453 D BoundBrokerSvc: onBind: Intent { act=com.google.android.gms.appset.service.START dat=chimera-action:/... xflg=0x4 cmp=com.google.android.gms/.chimera.GmsApiService }
02-19 19:58:00.602  3453  3453 D BoundBrokerSvc: Loading bound service for intent: Intent { act=com.google.android.gms.appset.service.START dat=chimera-action:/... xflg=0x4 cmp=com.google.android.gms/.chimera.GmsApiService }
02-19 19:58:00.604 19301 19312 I FontLog : (REDACTED) Received query %s, URI %s
02-19 19:58:00.605 19301 19312 I FontLog : (REDACTED) Query [%s] resolved to %s
02-19 19:58:00.608 19301 19312 I FontLog : (REDACTED) Fetch %s end status %s
02-19 19:58:00.612   752  1095 D BackgroundInstallControlService: Package event received: 0
02-19 19:58:00.613 19301 19312 I FontLog : (REDACTED) Pulling font file for id = %d, cache size = %d
02-19 19:58:00.639 19301 19312 I FontLog : (REDACTED) Received query %s, URI %s
02-19 19:58:00.640 19301 19312 I FontLog : (REDACTED) Query [%s] resolved to %s
02-19 19:58:00.679   752  1789 D ActivityManager: sync unfroze 19829 com.android.vending for 6
02-19 19:58:00.679 19301 19312 I FontLog : (REDACTED) Font PFD returned from cache for %s
02-19 19:58:00.679 19301 19312 I FontLog : (REDACTED) Fetch %s end status %s
02-19 19:58:00.686   752  1095 D BackgroundInstallControlService: Package event received: 0
02-19 19:58:00.716 23336 23534 D vulkan  : searching for layers in '/data/app/~~NUQj-rdXzuicW-16SIRtKA==/viva.republica.toss.test-Si406wFvb_sqEA2GTBV6RQ==/lib/x86_64'
02-19 19:58:00.722 23336 23534 D vulkan  : searching for layers in '/data/app/~~NUQj-rdXzuicW-16SIRtKA==/viva.republica.toss.test-Si406wFvb_sqEA2GTBV6RQ==/base.apk!/lib/x86_64'
02-19 19:58:00.763 19301 19312 I FontLog : (REDACTED) Pulling font file for id = %d, cache size = %d
02-19 19:58:00.775   752  1631 W ProcessStats: Tracking association SourceState{52bd52 com.google.android.gms/10148 BTop #23682} whose proc state 2 is better than process ProcessState{a867855 com.android.vending/10146 pkg=com.android.vending} proc state 15 (3 skipped)
02-19 19:58:00.796 19301 19312 I FontLog : (REDACTED) Received query %s, URI %s
02-19 19:58:00.796 19301 19312 I FontLog : (REDACTED) Query [%s] resolved to %s
02-19 19:58:00.799 19301 19312 I FontLog : (REDACTED) Font PFD returned from cache for %s
02-19 19:58:00.800 19301 19312 I FontLog : (REDACTED) Fetch %s end status %s
02-19 19:58:00.813 19301 20014 I FontLog : (REDACTED) Pulling font file for id = %d, cache size = %d
02-19 19:58:00.820 19301 20014 I FontLog : (REDACTED) Received query %s, URI %s
02-19 19:58:00.820 19301 20014 I FontLog : (REDACTED) Query [%s] resolved to %s
02-19 19:58:00.821 19301 20014 I FontLog : (REDACTED) Font PFD returned from cache for %s
02-19 19:58:00.822 19301 20014 I FontLog : (REDACTED) Fetch %s end status %s
02-19 19:58:00.989 23336 23336 W blica.toss.test: Verification of void com.google.android.gms.ads.internal.webview.r.onPageFinished(android.webkit.WebView, java.lang.String) took 174.307ms (642.54 bytecodes/s) (0B arena alloc)
02-19 19:58:00.993 19829 19829 I Finsky  : [2] Memory trim requested to level 40
02-19 19:58:00.997 23336 23555 W blica.toss.test: Verification of java.util.Set m84.aa.entrySet() took 170.517ms (70.37 bytecodes/s) (0B arena alloc)
02-19 19:58:01.008 19301 20014 I FontLog : (REDACTED) Pulling font file for id = %d, cache size = %d
02-19 19:58:01.008 23336 23343 I blica.toss.test: NativeAlloc concurrent mark compact GC freed 3893KB AllocSpace bytes, 15(296KB) LOS objects, 49% free, 19MB/38MB, paused 49.750ms,6.145ms total 585.696ms
02-19 19:58:01.009 19829 19829 I Finsky  : [2] Flushing in-memory image cache
02-19 19:58:01.296 23336 23336 I Choreographer: Skipped 50 frames!  The application may be doing too much work on its main thread.
02-19 19:58:01.304 23336 23336 W unknown:ReactNative: Packager connection already open, nooping.
02-19 19:58:02.007 23336 23336 W unknown:ReactContext: initializeMessageQueueThreads() is called.
02-19 19:58:02.262   752  2505 W PackageConfigPersister: App-specific configuration not found for packageName: viva.republica.toss.test and userId: 0
02-19 19:58:02.983 19829 19961 I Finsky  : [66] Current account updated in PVS
02-19 19:58:03.935  1336  1556 D SatelliteController: iisInCarrierRoamingNbIotNtn: satellite is disabled
02-19 19:58:05.593 23336 23550 I ReactNativeJS: Running "shared" with {"initialProps":{"initialColorPreference":"light","loadingStartTs":1771498664020,"initialFontScale":"100"},"rootTag":51}
02-19 19:58:06.025 19829 19829 I Finsky  : [2] Current account updated in PVS
02-19 19:58:06.148 19829 19961 I Finsky  : [66] Current account updated in PVS
02-19 19:58:06.154 19829 19966 I Finsky  : [70] Current account updated in PVS
02-19 19:58:06.251   537   537 W adbd    : timeout expired while flushing socket, closing
02-19 19:58:06.851 23336 23550 D ReactNativeJS: '[Analytics]', '{\n  "log_type": "screen",\n  "log_name": "/::screen",\n  "params": {\n    "referrer": null,\n    "deployment_id": "local",\n    "deployment_timestamp": null\n  }\n}'
02-19 19:58:06.951 23336 23343 I blica.toss.test: NativeAlloc concurrent mark compact GC freed 2098KB AllocSpace bytes, 4(80KB) LOS objects, 49% free, 19MB/38MB, paused 8.338ms,9.050ms total 220.191ms
02-19 19:58:07.294 23336 23550 E ReactNativeJS: '    :', [Error: SERVICE_NAME is missing]
02-19 19:58:08.434 23336 23534 W libc    : Access denied finding property "vendor.mesa.vk.trace.per.submit"
02-19 19:58:08.434 23336 23534 W libc    : Access denied finding property "vendor.mesa.gallium.print.optio"
02-19 19:58:08.435 23336 23534 W libc    : Access denied finding property "vendor.mesa.vk.trace.frame"
02-19 19:58:08.529 23336 23534 W libc    : Access denied finding property "vendor.mesa.vk.wsi.headless.swa"
02-19 19:58:09.427 23336 23534 W chromium: [WARNING:viz_main_impl.cc(85)] VizNullHypothesis is disabled (not a warning)
02-19 19:58:09.441 23336 23336 I Choreographer: Skipped 129 frames!  The application may be doing too much work on its main thread.
02-19 19:58:09.971 23336 23574 D nativeloader: Load /data/app/~~NUQj-rdXzuicW-16SIRtKA==/viva.republica.toss.test-Si406wFvb_sqEA2GTBV6RQ==/lib/x86_64/libimagepipeline.so using class loader ns clns-9 (caller=<unknown>): ok
02-19 19:58:10.196 23336 23575 W HWUI    : Image decoding logging dropped!
02-19 19:58:10.238 23502 23502 W screencap: Thread Pool max thread count is 0. Cannot cache binder as linkToDeath cannot be implemented. serviceName: SurfaceFlingerAIDL
02-19 19:58:10.238 23502 23502 W BpBinder: Linking to death on android.gui.ISurfaceComposer but there are no threads (yet?) listening to incoming transactions. See ProcessState::startThreadPool and ProcessState::setThreadPoolMaxThreadCount. Generally you should setup the binder threadpool before other initialization steps.
02-19 19:58:10.239 23502 23502 W ProcessState: Extra binder thread started, but 0 threads requested. Do not use *startThreadPool when zero threads are requested.
02-19 19:58:10.351   531   603 E HwcComposer: getLuts failed Status(-8, EX_SERVICE_SPECIFIC): '8: '
02-19 19:58:10.351   531   603 E HWComposer: getLuts: getLuts failed for display 4619827259835644672: UNSUPPORTED (8)
02-19 19:58:10.626 23336 23347 I HWUI    : Davey! duration=3357ms; Flags=0, FrameTimelineVsyncId=2090615, IntendedVsync=110161104533746, Vsync=110161104533746, InputEventId=0, HandleInputStart=110161119261917, AnimationStart=110161119328917, PerformTraversalsStart=110161155041917, DrawStart=110161156119917, FrameDeadline=110161121200412, FrameStartTime=110161119191917, FrameInterval=16666666, WorkloadTarget=16666666, SyncQueued=110163280322917, SyncStart=110163280623917, IssueDrawCommandsStart=110163281140917, SwapBuffers=110164379120917, FrameCompleted=110164462326917, DequeueBufferDuration=71000, QueueBufferDuration=1124000, GpuCompleted=110164462326917, SwapBuffersCompleted=110164449255917, DisplayPresentTime=0, CommandSubmissionCompleted=110164379120917, 
02-19 19:58:11.076 23336 23347 I HWUI    : Davey! duration=3767ms; Flags=0, FrameTimelineVsyncId=2090622, IntendedVsync=110161137867078, Vsync=110163287866992, InputEventId=0, HandleInputStart=110163289143917, AnimationStart=110163289187917, PerformTraversalsStart=110164486741917, DrawStart=110164491492917, FrameDeadline=110164487866944, FrameStartTime=110163288196917, FrameInterval=16666666, WorkloadTarget=16666666, SyncQueued=110164517079917, SyncStart=110164518308917, IssueDrawCommandsStart=110164522270917, SwapBuffers=110164859795917, FrameCompleted=110164906498917, DequeueBufferDuration=134000, QueueBufferDuration=674000, GpuCompleted=110164906498917, SwapBuffersCompleted=110164898240917, DisplayPresentTime=0, CommandSubmissionCompleted=110164859795917, 
02-19 19:58:11.320 23336 23514 I ReactNativeJS: '[eventLogDebug]', { log_name: '/::screen',
02-19 19:58:11.320 23336 23514 I ReactNativeJS:   log_type: 'screen',
02-19 19:58:11.320 23336 23514 I ReactNativeJS:   params: 
02-19 19:58:11.320 23336 23514 I ReactNativeJS:    { search: '',
02-19 19:58:11.320 23336 23514 I ReactNativeJS:      referrer: 'null',
02-19 19:58:11.320 23336 23514 I ReactNativeJS:      deployment_id: 'local',
02-19 19:58:11.320 23336 23514 I ReactNativeJS:      deployment_timestamp: 'NaN' } }
02-19 19:58:11.436 23336 23550 I ReactNativeJS: '[eventLogDebug]', { log_name: '/::screen',
02-19 19:58:11.436 23336 23550 I ReactNativeJS:   log_type: 'screen',
02-19 19:58:11.436 23336 23550 I ReactNativeJS:   params: 
02-19 19:58:11.436 23336 23550 I ReactNativeJS:    { search: '',
02-19 19:58:11.436 23336 23550 I ReactNativeJS:      referrer: 'null',
02-19 19:58:11.436 23336 23550 I ReactNativeJS:      deployment_id: 'local',
02-19 19:58:11.436 23336 23550 I ReactNativeJS:      deployment_timestamp: 'NaN' } }
