02-19 21:09:20.676  4449  4467 V WindowManagerShell:  Checking filter Pair{{types=[] flags=0x0] notFlags=0x0 checks=[{atype=undefined independent=true modes=[CLOSE,TO_BACK] flags=IN_TASK_WITH_EMBEDDED_ACTIVITY mustBeTask=false order=ANY topActivity=null launchCookie=null taskFragmentToken=android.os.BinderProxy@71546f0 windowingMode=undefined}]} RemoteTransition { remoteTransition = android.window.IRemoteTransition$Stub$Proxy@d4c8469, appThread = android.app.IApplicationThread$Stub$Proxy@c228eee, debugName = overlayBackTransition }}
02-19 21:09:20.676  4449  4467 V WindowManagerShell:  Checking filter Pair{{types=[] flags=0x0] notFlags=0x0 checks=[{atype=dream independent=true modes=[OPEN,TO_FRONT] flags=NONE mustBeTask=false order=ANY topActivity=null launchCookie=null windowingMode=undefined},{atype=home independent=true modes=[CLOSE,TO_BACK] flags=NONE mustBeTask=false order=ANY topActivity=null launchCookie=null windowingMode=undefined}]} RemoteTransition { remoteTransition = android.window.IRemoteTransition$Stub$Proxy@c578f8f, appThread = android.app.IApplicationThread$Stub$Proxy@69fe21c, debugName = LauncherToDream }}
02-19 21:09:20.677  4449  4467 V WindowManagerShell:  Checking filter Pair{{types=[] flags=0x0] notFlags=0x100 checks=[{atype=home independent=true modes=[OPEN,TO_FRONT] flags=NONE mustBeTask=false order=TOP topActivity=ComponentInfo{com.google.android.apps.nexuslauncher/com.google.android.apps.nexuslauncher.NexusLauncherActivity} launchCookie=null windowingMode=undefined},{atype=standard independent=true modes=[CLOSE,TO_BACK] flags=NONE mustBeTask=false order=ANY topActivity=null launchCookie=null windowingMode=undefined},{NOT atype=undefined independent=true modes=[] flags=NONE mustBeTask=true order=ANY topActivity=null launchCookie=null customAnim=true windowingMode=undefined}]} RemoteTransition { remoteTransition = android.window.IRemoteTransition$Stub$Proxy@69ffe25, appThread = android.app.IApplicationThread$Stub$Proxy@72cabfa, debugName = QuickstepLaunchHome }}
02-19 21:09:20.678  4449  4467 V WindowManagerShell:  Checking filter Pair{{types=[] flags=0x0] notFlags=0x0 checks=[{atype=undefined independent=true modes=[CLOSE,TO_BACK] flags=IN_TASK_WITH_EMBEDDED_ACTIVITY mustBeTask=false order=ANY topActivity=null launchCookie=null taskFragmentToken=android.os.BinderProxy@71546f0 windowingMode=undefined}]} RemoteTransition { remoteTransition = android.window.IRemoteTransition$Stub$Proxy@7c795ab, appThread = android.app.IApplicationThread$Stub$Proxy@cd70408, debugName = overlayBackTransition }}
02-19 21:09:20.679  4449  4467 V WindowManagerShell:  Checking filter Pair{{types=[] flags=0x0] notFlags=0x0 checks=[{atype=dream independent=true modes=[OPEN,TO_FRONT] flags=NONE mustBeTask=false order=ANY topActivity=null launchCookie=null windowingMode=undefined},{atype=home independent=true modes=[CLOSE,TO_BACK] flags=NONE mustBeTask=false order=ANY topActivity=null launchCookie=null windowingMode=undefined}]} RemoteTransition { remoteTransition = android.window.IRemoteTransition$Stub$Proxy@f757a1, appThread = android.app.IApplicationThread$Stub$Proxy@d898dc6, debugName = LauncherToDream }}
02-19 21:09:20.679  4449  4467 V WindowManagerShell:  Checking filter Pair{{types=[] flags=0x0] notFlags=0x100 checks=[{atype=home independent=true modes=[OPEN,TO_FRONT] flags=NONE mustBeTask=false order=TOP topActivity=ComponentInfo{com.google.android.apps.nexuslauncher/com.google.android.apps.nexuslauncher.NexusLauncherActivity} launchCookie=null windowingMode=undefined},{atype=standard independent=true modes=[CLOSE,TO_BACK] flags=NONE mustBeTask=false order=ANY topActivity=null launchCookie=null windowingMode=undefined},{NOT atype=undefined independent=true modes=[] flags=NONE mustBeTask=true order=ANY topActivity=null launchCookie=null customAnim=true windowingMode=undefined}]} RemoteTransition { remoteTransition = android.window.IRemoteTransition$Stub$Proxy@9e7e187, appThread = android.app.IApplicationThread$Stub$Proxy@3dc58b4, debugName = QuickstepLaunchHome }}
02-19 21:09:20.679  4449  4467 V WindowManagerShell:  Delegate animation for (#994) to null
02-19 21:09:20.679  4449  4467 V WindowManagerShell: start default transition animation, info = {id=994 t=OPEN f=0x0 trk=0 r=[0@Point(0, 0)] c=[{m=OPEN f=TRANSLUCENT leash=Surface(name=Task=138)/@0x667924f sb=Rect(0, 0 - 1080, 2400) eb=Rect(0, 0 - 1080, 2400) epz=Point(1080, 2400) d=0 taskParent=-1}]}
02-19 21:09:20.680   752 31804 D ActivityManager: created ANR temporary file:/data/anr/temp_anr_1129665676796527359.txt
02-19 21:09:20.680   752 31804 I ActivityManager: Collecting stacks for pid 31749 into temporary file temp_anr_1129665676796527359.txt
02-19 21:09:20.682  4449  4467 V WindowManagerShell: loadAnimation: anim=android.view.animation.AnimationSet@4b5046b animAttr=0x4 type=OPEN isEntrance=true
02-19 21:09:20.683  4449  4467 V WindowManagerShell:  animated by com.android.wm.shell.transition.DefaultTransitionHandler@f74d823
02-19 21:09:20.693   752 31805 I ActivityManager: dumpStackTraces pids=null
02-19 21:09:20.676   752   752 W AnrMainProcessD: type=1400 audit(0.0:512): avc:  denied  { read } for  name="transactions" dev="binder" ino=1048587 scontext=u:r:system_server:s0 tcontext=u:object_r:binderfs_logs_transactions:s0 tclass=file permissive=0
02-19 21:09:20.718   752  1856 E TaskPersister: File error accessing recents directory (directory doesn't exist?).
02-19 21:09:20.718   752 31804 E system_server: Could not open /dev/binderfs/binder_logs/transactions. Likely a permissions issue. errno: 2
02-19 21:09:20.718   752 31804 E android.os.Debug: Failed to get binder state info for pid: 31749 status: -2: No such file or directory
02-19 21:09:20.719   752 31805 I ActivityManager: Dumping to /data/anr/anr_2026-02-19-21-09-20-717
02-19 21:09:20.721   752 31804 I system_server: libdebuggerd_client: started dumping process 31749
02-19 21:09:20.726   752  1095 D BackgroundInstallControlService: Package event received: 0
02-19 21:09:20.726   283   283 I tombstoned: registered intercept for pid 31749 and type kDebuggerdJavaBacktrace
02-19 21:09:20.727 31749 31750 I blica.toss.test: Thread[2,tid=31750,WaitingInMainSignalCatcherLoop,Thread*=0x7d8f4c4454b0,peer=0x2108020,"Signal Catcher"]: reacting to signal 3
02-19 21:09:20.727 31749 31750 I blica.toss.test: 
02-19 21:09:35.591   531   569 W EventThread: Faking VSYNC due to driver stall for thread appSf
02-19 21:09:35.592   531   568 W EventThread: Faking VSYNC due to driver stall for thread app
02-19 21:09:35.597   283   283 I tombstoned: intercept for pid 31749 and type kDebuggerdJavaBacktrace terminated: due to timeout
02-19 21:09:35.600  1336  1556 D SatelliteController: iisInCarrierRoamingNbIotNtn: satellite is disabled
02-19 21:09:35.628 27008 27008 I wpa_supplicant: wlan0: CTRL-EVENT-BEACON-LOSS 
02-19 21:09:35.632   752  2305 D ActivityManager: sync unfroze 19378 com.google.android.webview:webview_service for 6
02-19 21:09:35.634   752  2305 W IPCThreadState: Sending oneway calls to frozen process.
02-19 21:09:35.640   752  1095 D BackgroundInstallControlService: Package event received: 0
02-19 21:09:35.643   752 31804 E system_server: libdebuggerd_client: failed to read status response from tombstoned: Try again
02-19 21:09:35.644  4449  4467 V WindowManagerShell: Transition animation finished (aborted=false), notifying core (#994) android.os.BinderProxy@845b6b0@0
02-19 21:09:35.648   752   794 V WindowManager: Finish Transition (#994): created at 02-19 21:09:04.951 collect-started=0.224ms request-sent=45.937ms started=49.095ms ready=-1.14418798506E8ms sent=15703.845ms commit=51.812ms finished=30695.327ms
02-19 21:09:35.667 19336 19579 I bbax    : (REDACTED) getHotwordActive::active query: %s, watch: %s, devices connected: %s
02-19 21:09:35.690   752 31804 W ActivityManager: Dumping Java threads failed, initiating native stack dump.
02-19 21:09:35.697   752 31804 E system_server: Could not open /dev/binderfs/binder_logs/transactions. Likely a permissions issue. errno: 2
02-19 21:09:35.697   752 31804 E android.os.Debug: Failed to get binder state info for pid: 31749 status: -2: No such file or directory
02-19 21:09:35.700  4449  4467 V WindowManagerShell: Track 0 became idle
02-19 21:09:35.700  4449  4467 V WindowManagerShell: All active transition animations finished
02-19 21:09:35.702   752 31804 I system_server: libdebuggerd_client: started dumping process 31749
02-19 21:09:35.703   283   283 I tombstoned: registered intercept for pid 31749 and type kDebuggerdNativeBacktrace
02-19 21:09:35.684   752   752 W AnrMainProcessD: type=1400 audit(0.0:513): avc:  denied  { read } for  name="transactions" dev="binder" ino=1048587 scontext=u:r:system_server:s0 tcontext=u:object_r:binderfs_logs_transactions:s0 tclass=file permissive=0
02-19 21:09:35.706 31749 31749 I libc    : Requested dump for pid 31749 (blica.toss.test)
02-19 21:09:35.707   752  1095 D BackgroundInstallControlService: Package event received: 0
02-19 21:09:35.754   752  1456 D ActivityManager: sync unfroze 4656 com.google.android.adservices.api for 6
02-19 21:09:35.759   752  1095 D BackgroundInstallControlService: Package event received: 0
02-19 21:09:35.768   752   934 W ProcessStats: Tracking association SourceState{124a4c4 viva.republica.toss.test/10217 BTop #26404} whose proc state 2 is better than process ProcessState{753bac8 com.google.android.webview:webview_service/10168 pkg=com.google.android.webview} proc state 15 (4 skipped)
02-19 21:09:35.802  4656 31815 W adservices: Skip logging because Cobalt is disabled.
02-19 21:09:35.806  4656 31814 W adservices: Skip logging because Cobalt logger is null
02-19 21:09:35.817  4656 15175 E adservices.measurement: AttributionFallbackJobService is disabled, skip scheduling
02-19 21:09:35.856  4656 15175 E adservices: Encryption key fetch job is disabled, skip scheduling.
02-19 21:09:35.907 31816 31816 I crash_dump64: obtaining output fd from tombstoned, type: kDebuggerdNativeBacktrace
02-19 21:09:35.909   283   283 I tombstoned: received crash request for pid 31749
02-19 21:09:35.910   283   283 I tombstoned: found intercept fd 512 for pid 31749 and type kDebuggerdNativeBacktrace
02-19 21:09:35.912 31816 31816 I crash_dump64: performing dump of process 31749 (target tid = 31749)
02-19 21:09:36.053 31749 31824 D nativeloader: Load /data/app/~~NUQj-rdXzuicW-16SIRtKA==/viva.republica.toss.test-Si406wFvb_sqEA2GTBV6RQ==/lib/x86_64/libbugsnag-root-detection.so using class loader ns clns-9 (caller=/data/app/~~NUQj-rdXzuicW-16SIRtKA==/viva.republica.toss.test-Si406wFvb_sqEA2GTBV6RQ==/base.apk): ok
02-19 21:09:36.116   752  1456 D FileUtils: Rounded bytes from 2067259392 to 4000000000
02-19 21:09:36.285 31749 31822 D nativeloader: Load /data/app/~~NUQj-rdXzuicW-16SIRtKA==/viva.republica.toss.test-Si406wFvb_sqEA2GTBV6RQ==/lib/x86_64/libbugsnag-ndk.so using class loader ns clns-9 (caller=<unknown>): ok
02-19 21:09:36.340   752  1456 D FileUtils: Rounded bytes from 2067259392 to 4000000000
02-19 21:09:36.343 31749 31749 W BugsnagNDK: Initialization complete!
02-19 21:09:36.365 31749 31822 D nativeloader: Load /data/app/~~NUQj-rdXzuicW-16SIRtKA==/viva.republica.toss.test-Si406wFvb_sqEA2GTBV6RQ==/lib/x86_64/libbugsnag-plugin-android-anr.so using class loader ns clns-9 (caller=<unknown>): ok
02-19 21:09:36.370 31749 31749 W BugsnagANR: Failed to initialize Google ANR caller. ANRs won't be sent to Google.
02-19 21:09:36.378   283   283 W tombstoned: skipping tombstone file creation due to intercept
02-19 21:09:36.379   752 31804 I system_server: libdebuggerd_client: done dumping process 31749
02-19 21:09:36.391   752 31804 E ActivityManager: Aborted stack trace dump (current primary pid=31749); deadline exceeded.
02-19 21:09:36.394   752 31805 I ActivityManager: dumpStackTraces nativepids=null
02-19 21:09:36.394   752 31805 I ActivityManager: dumpStackTraces extraPids=null
02-19 21:09:36.394   752 31805 I ActivityManager: Done dumping
02-19 21:09:36.421   283   283 I tombstoned: received crash request for pid 31749
02-19 21:09:36.443   752 31805 W ProcessCpuTracker: Failed to stat(/proc/31818): android.system.ErrnoException: stat failed: ENOENT (No such file or directory)
02-19 21:09:36.443   752 31805 W ProcessCpuTracker: Skipping unknown process pid 31818
02-19 21:09:36.449   752 31805 E ActivityManager: ANR in viva.republica.toss.test
02-19 21:09:36.449   752 31805 E ActivityManager: PID: 31749
02-19 21:09:36.449   752 31805 E ActivityManager: Reason: Process ProcessRecord{fd69aab 31749:viva.republica.toss.test/u0a217} failed to complete startup
02-19 21:09:36.449   752 31805 E ActivityManager: ErrorId: 9389d05f-10ef-4004-81fe-c45206b2fdc1
02-19 21:09:36.449   752 31805 E ActivityManager: Frozen: false
02-19 21:09:36.449   752 31805 E ActivityManager: Load: 0.0 / 0.0 / 0.0
02-19 21:09:36.449   752 31805 E ActivityManager: ----- Output from /proc/pressure/memory -----
02-19 21:09:36.449   752 31805 E ActivityManager: some avg10=0.00 avg60=0.12 avg300=0.23 total=1068452242
02-19 21:09:36.449   752 31805 E ActivityManager: full avg10=0.00 avg60=0.04 avg300=0.07 total=767233422
02-19 21:09:36.449   752 31805 E ActivityManager: ----- End output from /proc/pressure/memory -----
02-19 21:09:36.449   752 31805 E ActivityManager: ----- Output from /proc/pressure/cpu -----
02-19 21:09:36.449   752 31805 E ActivityManager: some avg10=4.87 avg60=4.44 avg300=5.19 total=3159397985
02-19 21:09:36.449   752 31805 E ActivityManager: full avg10=0.00 avg60=0.00 avg300=0.00 total=0
02-19 21:09:36.449   752 31805 E ActivityManager: ----- End output from /proc/pressure/cpu -----
02-19 21:09:36.449   752 31805 E ActivityManager: ----- Output from /proc/pressure/io -----
02-19 21:09:36.449   752 31805 E ActivityManager: some avg10=0.00 avg60=0.14 avg300=0.53 total=3695832249
02-19 21:09:36.449   752 31805 E ActivityManager: full avg10=0.00 avg60=0.01 avg300=0.15 total=2424950446
02-19 21:09:36.449   752 31805 E ActivityManager: ----- End output from /proc/pressure/io -----
02-19 21:09:36.449   752 31805 E ActivityManager: 
02-19 21:09:36.449   752 31805 E ActivityManager: CPU usage from 1ms to 15713ms later (2026-02-19 21:09:20.691 to 2026-02-19 21:09:36.403):
02-19 21:09:36.449   752 31805 E ActivityManager:   6.3% 31749/viva.republica.toss.test: 2.2% user + 4.1% kernel / faults: 5056 minor 4 major
02-19 21:09:36.449   752 31805 E ActivityManager:   1.7% 752/system_server: 0.2% user + 1.4% kernel / faults: 98 minor
02-19 21:09:36.449   752 31805 E ActivityManager:   0.7% 531/surfaceflinger: 0% user + 0.7% kernel / faults: 2 minor
02-19 21:09:36.449   752 31805 E ActivityManager:   0.5% 4656/com.google.android.adservices.api: 0.2% user + 0.3% kernel / faults: 100 minor
02-19 21:09:36.449   752 31805 E ActivityManager:   0.3% 31771/com.google.android.webview:sandboxed_process0:org.chromium.content.app.SandboxedProcessService0:0: 0% user + 0.3% kernel / faults: 182 minor
02-19 21:09:36.449   752 31805 E ActivityManager:   0.2% 479/android.hardware.sensors-service.multihal: 0% user + 0.2% kernel
02-19 21:09:36.449   752 31805 E ActivityManager:   0.2% 488/android.hardware.graphics.composer3-service.ranchu: 0% user + 0.2% kernel
02-19 21:09:36.449   752 31805 E ActivityManager:   0.2% 28359/kworker/u8:3-flush-254:55: 0% user + 0.2% kernel
02-19 21:09:36.449   752 31805 E ActivityManager:   0.2% 28888/kworker/u8:4-events_unbound: 0% user + 0.2% kernel
02-19 21:09:36.449   752 31805 E ActivityManager:   0% 31344/kworker/3:0H-kblockd: 0% user + 0% kernel
02-19 21:09:36.449   752 31805 E ActivityManager: 1.8% TOTAL: 0.3% user + 1.2% kernel + 0.2% iowait + 0% softirq
02-19 21:09:36.449   752 31805 E ActivityManager: CPU usage from 114434536ms to 114434536ms ago (1970-01-01 09:00:00.000 to 1970-01-01 09:00:00.000) with 0% awake:
02-19 21:09:36.449   752 31805 E ActivityManager: 0% TOTAL: 0% user + 0% kernel
02-19 21:09:36.454   752 31805 I ActivityManager: Killing 31749:viva.republica.toss.test/u0a217 (adj 0): bg anr
02-19 21:09:36.456   752 31830 I DropBoxManagerService: add tag=data_app_anr isTagEnabled=true flags=0x6
02-19 21:09:36.458   752 31805 D ActivityManager: Completed ANR of viva.republica.toss.test in 15768ms, latency 13ms
02-19 21:09:36.480   283   283 W tombstoned: failed to read from crash socket: Connection reset by peer
02-19 21:09:36.486   458   458 I Zygote  : Process 31749 exited due to signal 9 (Killed)
02-19 21:09:36.486  3453  3453 D BoundBrokerSvc: onUnbind: Intent { act=com.google.android.gms.safetynet.service.START xflg=0x4 pkg=com.google.android.gms }
02-19 21:09:36.487   752   807 I libprocessgroup: Removed cgroup /sys/fs/cgroup/apps/uid_10217/pid_31749
02-19 21:09:36.488   752  1456 D CompatChangeReporter: Compat change id reported: 311208629; UID 10217; state: ENABLED
02-19 21:09:36.494   752  1456 I ActivityManager: Killing 31771:com.google.android.webview:sandboxed_process0:org.chromium.content.app.SandboxedProcessService0:0/u0a217i90 (adj 0): isolated not needed
02-19 21:09:36.509   752  1456 W ActivityTaskManager: ProcessRecord{fd69aab 31749:viva.republica.toss.test/u0a217} is removed with pending start ActivityRecord{152061071 u0 viva.republica.toss.test/.MiniAppSchemeActivity t138}
02-19 21:09:36.512  4449  4467 V WindowManagerShell: Transition requested (#995): android.os.BinderProxy@8794461 TransitionRequestInfo { type = CLOSE, triggerTask = TaskInfo{userId=0 taskId=138 effectiveUid=10217 displayId=0 isRunning=false baseIntent=Intent { act=android.intent.action.VIEW dat=intoss://takealook/... flg=0x10000000 pkg=viva.republica.toss.test cmp=viva.republica.toss.test/.MiniAppSchemeActivity } baseActivity=null topActivity=null origActivity=null realActivity=ComponentInfo{viva.republica.toss.test/viva.republica.toss.test.MiniAppSchemeActivity} numActivities=0 lastActiveTime=114418842 supportsMultiWindow=true resizeMode=1 isResizeable=true minWidth=-1 minHeight=-1 defaultMinSize=220 token=WCT{android.window.IWindowContainerToken$Stub$Proxy@27ddb86} topActivityType=1 pictureInPictureParams=null shouldDockBigOverlays=false launchIntoPipHostTaskId=-1 lastParentTaskIdBeforePip=-1 displayCutoutSafeInsets=Rect(0, 0 - 0, 0) topActivityInfo=null launchCookies=[] positionInParent=Point(0, 0) parentTaskId=-1 isFocused=false isVisible=true isVisibleRequested=true isTopActivityNoDisplay=false isSleeping=false locusId=null displayAreaFeatureId=1 isTopActivityTransparent=false isActivityStackTransparent=true lastNonFullscreenBounds=Rect(284, 660 - 796, 1740) capturedLink=null capturedLinkTimestamp=0 requestedVisibleTypes=-9 topActivityRequestOpenInBrowserEducationTimestamp=0 appCompatTaskInfo=AppCompatTaskInfo { topActivityInSizeCompat=false eligibleForLetterboxEducation= false isLetterboxEducationEnabled= false isLetterboxDoubleTapEnabled= false eligibleForUserAspectRatioButton= false topActivityBoundsLetterboxed= false isFromLetterboxDoubleTap= false topActivityLetterboxVerticalPosition= -1 topActivityLetterboxHorizontalPosition= -1 topActivityLetterboxWidth=-1 topActivityLetterboxHeight=-1 topActivityAppBounds=Rect(0, 0 - 0, 0) isUserFullscreenOverrideEnabled=false isSystemFullscreenOverrideEnabled=false hasMinAspectRatioOverride=false topActivityLetterboxBounds=null cameraCompatTaskInfo=CameraCompatTaskInfo { freeformCameraCompatMode=undefined}} topActivityMainWindowFrame=null}, pipChange = null, remoteTransition = null, displayChange = null, flags = 0, debugId = 995 }
02-19 21:09:36.524 19166 19166 D StatsLog: LAUNCHER_ONRESUME
02-19 21:09:36.531 19166 19190 D QuickstepModelDelegate: notifyAppTargetEvent action=1 launchLocation=
02-19 21:09:36.532   752  1095 D BackgroundInstallControlService: Package event received: 0
02-19 21:09:36.532   752  1095 D BackgroundInstallControlService: Package event received: 0
02-19 21:09:36.542   531   531 I BpBinder: onLastStrongRef automatically unlinking death recipients: 
02-19 21:09:36.543  4449  4467 D WindowManagerShell: setLauncherKeepClearAreaHeight: visible=true, height=527
02-19 21:09:36.556   752   794 V WindowManager: Sent Transition (#995) createdAt=02-19 21:09:36.510 via request=TransitionRequestInfo { type = CLOSE, triggerTask = TaskInfo{userId=0 taskId=138 effectiveUid=10217 displayId=0 isRunning=false baseIntent=Intent { act=android.intent.action.VIEW dat=intoss://takealook/... flg=0x10000000 pkg=viva.republica.toss.test cmp=viva.republica.toss.test/.MiniAppSchemeActivity } baseActivity=null topActivity=null origActivity=null realActivity=ComponentInfo{viva.republica.toss.test/viva.republica.toss.test.MiniAppSchemeActivity} numActivities=0 lastActiveTime=114418842 supportsMultiWindow=true resizeMode=1 isResizeable=true minWidth=-1 minHeight=-1 defaultMinSize=220 token=WCT{RemoteToken{35864b0 Task{66af31c #138 type=standard A=10217:viva.republica.toss.test}}} topActivityType=1 pictureInPictureParams=null shouldDockBigOverlays=false launchIntoPipHostTaskId=-1 lastParentTaskIdBeforePip=-1 displayCutoutSafeInsets=Rect(0, 0 - 0, 0) topActivityInfo=null launchCookies=[] positionInParent=Point(0, 0) parentTaskId=-1 isFocused=false isVisible=true isVisibleRequested=true isTopActivityNoDisplay=false isSleeping=false locusId=null displayAreaFeatureId=1 isTopActivityTransparent=false isActivityStackTransparent=true lastNonFullscreenBounds=Rect(284, 660 - 796, 1740) capturedLink=null capturedLinkTimestamp=0 requestedVisibleTypes=-9 topActivityRequestOpenInBrowserEducationTimestamp=0 appCompatTaskInfo=AppCompatTaskInfo { topActivityInSizeCompat=false eligibleForLetterboxEducation= false isLetterboxEducationEnabled= false isLetterboxDoubleTapEnabled= false eligibleForUserAspectRatioButton= false topActivityBoundsLetterboxed= false isFromLetterboxDoubleTap= false topActivityLetterboxVerticalPosition= -1 topActivityLetterboxHorizontalPosition= -1 topActivityLetterboxWidth=-1 topActivityLetterboxHeight=-1 topActivityAppBounds=Rect(0, 0 - 0, 0) isUserFullscreenOverrideEnabled=false isSystemFullscreenOverrideEnabled=false hasMinAspectRatioOverride=false topActivityLetterboxBounds=null cameraCompatTaskInfo=CameraCompatTaskInfo { freeformCameraCompatMode=undefined}} topActivityMainWindowFrame=null}, pipChange = null, remoteTransition = null, displayChange = null, flags = 0, debugId = 995 }
02-19 21:09:36.563 19166 19166 D RecentsView: onTaskRemoved: 138, no associated Task
02-19 21:09:36.564 19166 19166 D RecentsView: onTaskRemoved: 138, no associated Task
02-19 21:09:36.565   752   794 V WindowManager:     startWCT=WindowContainerTransaction { changes= {} hops= [] errorCallbackToken=null taskFragmentOrganizer=null }
02-19 21:09:36.566   752   794 V WindowManager:     info={id=995 t=CLOSE f=0x0 trk=0 r=[0@Point(0, 0)] c=[
02-19 21:09:36.566   752   794 V WindowManager:         {WCT{RemoteToken{5218fe8 Task{dd43522 #1 type=home}}} m=CHANGE f=SHOW_WALLPAPER|MOVE_TO_TOP leash=Surface(name=Task=1)/@0x8ddbd2e sb=Rect(0, 0 - 1080, 2400) eb=Rect(0, 0 - 1080, 2400) epz=Point(1080, 2400) d=0 taskParent=-1}
02-19 21:09:36.566   752   794 V WindowManager:     ]}
02-19 21:09:36.567   752   955 W UsageStatsService: Unexpected activity event reported! (viva.republica.toss.test/viva.republica.toss.test.MiniAppSchemeActivity event : 23 instanceId : 88357669)
02-19 21:09:36.570 19166 19166 I NotificationListener: Handling notification state refresh for com.google.android.adservices.api#0
02-19 21:09:36.571 19166 19166 I NotificationListener: Handling notification state refresh for android#0
02-19 21:09:36.571   752   797 W IPCThreadState: Sending oneway calls to frozen process.
02-19 21:09:36.571 19166 19166 I NotificationListener: Handling notification state refresh for com.android.systemui#0
02-19 21:09:36.572   752   797 W IPCThreadState: Sending oneway calls to frozen process.
02-19 21:09:36.572   752  1029 D InetDiagMessage: Destroyed 0 sockets, proto=IPPROTO_TCP, family=AF_INET, states=14
02-19 21:09:36.575  4449  4501 V WindowManagerShell: onTransitionReady(transaction=3229815435546)
02-19 21:09:36.576  4449  4467 V WindowManagerShell: onTransitionReady (#995) android.os.BinderProxy@8794461: {id=995 t=CLOSE f=0x0 trk=0 r=[0@Point(0, 0)] c=[
02-19 21:09:36.576  4449  4467 V WindowManagerShell:         {m=CHANGE f=SHOW_WALLPAPER|MOVE_TO_TOP leash=Surface(name=Task=1)/@0x81d7c47 sb=Rect(0, 0 - 1080, 2400) eb=Rect(0, 0 - 1080, 2400) epz=Point(1080, 2400) d=0 taskParent=-1}
02-19 21:09:36.576  4449  4467 V WindowManagerShell:     ]}
02-19 21:09:36.576  4449  4467 V WindowManagerShell: Playing animation for (#995) android.os.BinderProxy@8794461@0
02-19 21:09:36.577  4449  4467 V ShellRecents: RecentsTransitionHandler.startAnimation: no controller found
02-19 21:09:36.577  4449  4467 V WindowManagerShell: Transition doesn't have explicit remote, search filters for match for {id=995 t=CLOSE f=0x0 trk=0 r=[0@Point(0, 0)] c=[{m=CHANGE f=SHOW_WALLPAPER|MOVE_TO_TOP leash=Surface(name=Task=1)/@0x81d7c47 sb=Rect(0, 0 - 1080, 2400) eb=Rect(0, 0 - 1080, 2400) epz=Point(1080, 2400) d=0 taskParent=-1}]}
02-19 21:09:36.577  4449  4467 V WindowManagerShell:  Checking filter Pair{{types=[] flags=0x0] notFlags=0x0 checks=[{atype=undefined independent=true modes=[CLOSE,TO_BACK] flags=IN_TASK_WITH_EMBEDDED_ACTIVITY mustBeTask=false order=ANY topActivity=null launchCookie=null taskFragmentToken=android.os.BinderProxy@71546f0 windowingMode=undefined}]} RemoteTransition { remoteTransition = android.window.IRemoteTransition$Stub$Proxy@d4c8469, appThread = android.app.IApplicationThread$Stub$Proxy@c228eee, debugName = overlayBackTransition }}
02-19 21:09:36.578  4449  4467 V WindowManagerShell:  Checking filter Pair{{types=[] flags=0x0] notFlags=0x0 checks=[{atype=dream independent=true modes=[OPEN,TO_FRONT] flags=NONE mustBeTask=false order=ANY topActivity=null launchCookie=null windowingMode=undefined},{atype=home independent=true modes=[CLOSE,TO_BACK] flags=NONE mustBeTask=false order=ANY topActivity=null launchCookie=null windowingMode=undefined}]} RemoteTransition { remoteTransition = android.window.IRemoteTransition$Stub$Proxy@c578f8f, appThread = android.app.IApplicationThread$Stub$Proxy@69fe21c, debugName = LauncherToDream }}
02-19 21:09:36.578  4449  4467 V WindowManagerShell:  Checking filter Pair{{types=[] flags=0x0] notFlags=0x100 checks=[{atype=home independent=true modes=[OPEN,TO_FRONT] flags=NONE mustBeTask=false order=TOP topActivity=ComponentInfo{com.google.android.apps.nexuslauncher/com.google.android.apps.nexuslauncher.NexusLauncherActivity} launchCookie=null windowingMode=undefined},{atype=standard independent=true modes=[CLOSE,TO_BACK] flags=NONE mustBeTask=false order=ANY topActivity=null launchCookie=null windowingMode=undefined},{NOT atype=undefined independent=true modes=[] flags=NONE mustBeTask=true order=ANY topActivity=null launchCookie=null customAnim=true windowingMode=undefined}]} RemoteTransition { remoteTransition = android.window.IRemoteTransition$Stub$Proxy@69ffe25, appThread = android.app.IApplicationThread$Stub$Proxy@72cabfa, debugName = QuickstepLaunchHome }}
02-19 21:09:36.578  4449  4467 V WindowManagerShell:  Checking filter Pair{{types=[] flags=0x0] notFlags=0x0 checks=[{atype=undefined independent=true modes=[CLOSE,TO_BACK] flags=IN_TASK_WITH_EMBEDDED_ACTIVITY mustBeTask=false order=ANY topActivity=null launchCookie=null taskFragmentToken=android.os.BinderProxy@71546f0 windowingMode=undefined}]} RemoteTransition { remoteTransition = android.window.IRemoteTransition$Stub$Proxy@7c795ab, appThread = android.app.IApplicationThread$Stub$Proxy@cd70408, debugName = overlayBackTransition }}
02-19 21:09:36.578  4449  4467 V WindowManagerShell:  Checking filter Pair{{types=[] flags=0x0] notFlags=0x0 checks=[{atype=dream independent=true modes=[OPEN,TO_FRONT] flags=NONE mustBeTask=false order=ANY topActivity=null launchCookie=null windowingMode=undefined},{atype=home independent=true modes=[CLOSE,TO_BACK] flags=NONE mustBeTask=false order=ANY topActivity=null launchCookie=null windowingMode=undefined}]} RemoteTransition { remoteTransition = android.window.IRemoteTransition$Stub$Proxy@f757a1, appThread = android.app.IApplicationThread$Stub$Proxy@d898dc6, debugName = LauncherToDream }}
02-19 21:09:36.578  4449  4467 V WindowManagerShell:  Checking filter Pair{{types=[] flags=0x0] notFlags=0x100 checks=[{atype=home independent=true modes=[OPEN,TO_FRONT] flags=NONE mustBeTask=false order=TOP topActivity=ComponentInfo{com.google.android.apps.nexuslauncher/com.google.android.apps.nexuslauncher.NexusLauncherActivity} launchCookie=null windowingMode=undefined},{atype=standard independent=true modes=[CLOSE,TO_BACK] flags=NONE mustBeTask=false order=ANY topActivity=null launchCookie=null windowingMode=undefined},{NOT atype=undefined independent=true modes=[] flags=NONE mustBeTask=true order=ANY topActivity=null launchCookie=null customAnim=true windowingMode=undefined}]} RemoteTransition { remoteTransition = android.window.IRemoteTransition$Stub$Proxy@9e7e187, appThread = android.app.IApplicationThread$Stub$Proxy@3dc58b4, debugName = QuickstepLaunchHome }}
02-19 21:09:36.578  4449  4467 V WindowManagerShell:  Delegate animation for (#995) to null
02-19 21:09:36.578  4449  4467 V WindowManagerShell: start default transition animation, info = {id=995 t=CLOSE f=0x0 trk=0 r=[0@Point(0, 0)] c=[{m=CHANGE f=SHOW_WALLPAPER|MOVE_TO_TOP leash=Surface(name=Task=1)/@0x81d7c47 sb=Rect(0, 0 - 1080, 2400) eb=Rect(0, 0 - 1080, 2400) epz=Point(1080, 2400) d=0 taskParent=-1}]}
02-19 21:09:36.580  4449  4467 V WindowManagerShell: Transition animation finished (aborted=false), notifying core (#995) android.os.BinderProxy@8794461@0
02-19 21:09:36.584  4449  4467 V WindowManagerShell: Track 0 became idle
02-19 21:09:36.584  4449  4467 V WindowManagerShell: All active transition animations finished
02-19 21:09:36.584  4449  4467 V WindowManagerShell:  animated by com.android.wm.shell.transition.DefaultTransitionHandler@f74d823
02-19 21:09:36.585  4449  4467 V WindowManagerShell: Track 0 became idle
02-19 21:09:36.585  4449  4467 V WindowManagerShell: All active transition animations finished
02-19 21:09:36.593   531   603 I BpBinder: onLastStrongRef automatically unlinking death recipients: 
02-19 21:09:36.600   752   797 W IPCThreadState: Sending oneway calls to frozen process.
02-19 21:09:36.600   752   797 W IPCThreadState: Sending oneway calls to frozen process.
02-19 21:09:36.600   752   797 W IPCThreadState: Sending oneway calls to frozen process.
02-19 21:09:36.601   752   797 W IPCThreadState: Sending oneway calls to frozen process.
02-19 21:09:36.601   752   797 W IPCThreadState: Sending oneway calls to frozen process.
02-19 21:09:36.602   752  1029 D InetDiagMessage: Destroyed 0 sockets, proto=IPPROTO_TCP, family=AF_INET6, states=14
02-19 21:09:36.602   752   797 W IPCThreadState: Sending oneway calls to frozen process.
02-19 21:09:36.602   752   797 W IPCThreadState: Sending oneway calls to frozen process.
02-19 21:09:36.603   752   797 W IPCThreadState: Sending oneway calls to frozen process.
02-19 21:09:36.603   752   797 W IPCThreadState: Sending oneway calls to frozen process.
02-19 21:09:36.604   752   797 W IPCThreadState: Sending oneway calls to frozen process.
02-19 21:09:36.604   752   797 W IPCThreadState: Sending oneway calls to frozen process.
02-19 21:09:36.604   752  1029 D InetDiagMessage: Destroyed live tcp sockets for uids={10217} in 32ms
02-19 21:09:36.611   752   797 W IPCThreadState: Sending oneway calls to frozen process.
02-19 21:09:36.611   752   794 V WindowManager: Finish Transition (#995): created at 02-19 21:09:36.510 collect-started=0.641ms request-sent=0.913ms started=22.332ms ready=22.227ms sent=42.91ms finished=71.43ms
02-19 21:09:36.627  1263  1263 I Zygote  : Process 31771 exited due to signal 9 (Killed)
02-19 21:09:36.628   752   807 I libprocessgroup: Removed cgroup /sys/fs/cgroup/apps/uid_99090/pid_31771
02-19 21:09:36.630  1971  2198 I AiAiEcho: Predicting[0]:  [CONTEXT sampling_count=5 ]
02-19 21:09:36.630  1971  2198 I AiAiEcho: EchoTargets: 
02-19 21:09:36.630  1971  2198 I AiAiEcho: Filtered by AiAi flag check: 
02-19 21:09:36.630  1971  2198 I AiAiEcho: [CONTEXT ratelimit_period="10 SECONDS" ]
02-19 21:09:36.631  1971  2198 I AiAiEcho: #remoteViewsTwiddler: feature disabled.
02-19 21:09:36.632  1971  2198 I AiAiEcho: #postPredictionTargets: Sending updates to UISurface home with targets# 0 (types=[])
02-19 21:09:36.635 19166 19166 D SsBaseTemplateCard: No text view can be set up
02-19 21:09:36.635 19166 19166 D SsBaseTemplateCard: Passed-in item info is null
02-19 21:09:36.635 19166 19166 D SsBaseTemplateCard: Passed-in item info is null
02-19 21:09:36.635 19166 19166 D SsBaseTemplateCard: Passed-in item info is null
02-19 21:09:36.635 19166 19166 I SsBaseTemplateCard: Secondary card pane is null
02-19 21:09:36.641   752  1029 D InetDiagMessage: Destroyed 0 sockets, proto=IPPROTO_TCP, family=AF_INET, states=14
02-19 21:09:36.642   752  1029 D InetDiagMessage: Destroyed 0 sockets, proto=IPPROTO_TCP, family=AF_INET6, states=14
02-19 21:09:36.642   752  1029 D InetDiagMessage: Destroyed live tcp sockets for uids={20217} in 3ms
02-19 21:09:38.619   531   569 W EventThread: Faking VSYNC due to driver stall for thread appSf
02-19 21:09:38.619   531   568 W EventThread: Faking VSYNC due to driver stall for thread app
02-19 21:09:39.093 31835 31835 W dumpsys : Thread Pool max thread count is 0. Cannot cache binder as linkToDeath cannot be implemented. serviceName: window
02-19 21:09:39.102   752  2419 I system_server: AssetManager2(0x7d8fac4c8138) locale list changing from [] to [en-US]
02-19 21:09:39.105   752  2419 I system_server: AssetManager2(0x7d8fac4d7e58) locale list changing from [] to [en-US]
02-19 21:09:39.107   752  2419 I system_server: AssetManager2(0x7d8fac472558) locale list changing from [] to [en-US]
02-19 21:09:39.109   752  2419 I system_server: AssetManager2(0x7d8fac4365f8) locale list changing from [] to [en-US]
02-19 21:09:39.111   752  2419 I system_server: AssetManager2(0x7d8fac446638) locale list changing from [] to [en-US]
02-19 21:09:39.113   752  2419 I system_server: AssetManager2(0x7d8fac4e23f8) locale list changing from [] to [en-US]
02-19 21:09:39.499 31840 31840 W screencap: Thread Pool max thread count is 0. Cannot cache binder as linkToDeath cannot be implemented. serviceName: SurfaceFlingerAIDL
02-19 21:09:39.500 31840 31840 W BpBinder: Linking to death on android.gui.ISurfaceComposer but there are no threads (yet?) listening to incoming transactions. See ProcessState::startThreadPool and ProcessState::setThreadPoolMaxThreadCount. Generally you should setup the binder threadpool before other initialization steps.
02-19 21:09:39.500 31840 31840 W ProcessState: Extra binder thread started, but 0 threads requested. Do not use *startThreadPool when zero threads are requested.
02-19 21:09:39.504   531   549 E HwcComposer: getLuts failed Status(-8, EX_SERVICE_SPECIFIC): '8: '
02-19 21:09:39.504   531   549 E HWComposer: getLuts: getLuts failed for display 4619827259835644672: UNSUPPORTED (8)
02-19 21:09:39.540   752  1856 E TaskPersister: File error accessing recents directory (directory doesn't exist?).
