02-19 20:50:34.769  4449  4467 V WindowManagerShell:  Delegate animation for (#950) to null
02-19 20:50:34.791  4449  4467 V WindowManagerShell: start default transition animation, info = {id=950 t=OPEN f=0x0 trk=0 r=[0@Point(0, 0)] c=[{m=OPEN f=FILLS_TASK leash=Surface(name=ActivityRecord{243708184 u0 viva.republica.toss.test/im.toss.rn.granite.core.GraniteActivity)/@0xb6338b1 sb=Rect(0, 0 - 0, 0) eb=Rect(0, 0 - 1080, 2400) epz=Point(1080, 2400) d=-1->0 r=-1->0:-1 bc=ffffffff component=viva.republica.toss.test/im.toss.rn.granite.core.GraniteActivity opt={t=FROM_STYLE mUserId=0}},{m=CLOSE f=TRANSLUCENT|FILLS_TASK leash=Surface(name=ActivityRecord{129662153 u0 viva.republica.toss.test/.MiniAppSchemeActivity)/@0xe6b4196 sb=Rect(0, 0 - 1080, 2400) eb=Rect(0, 0 - 1080, 2400) epz=Point(1080, 2400) d=0 bc=ffffffff component=viva.republica.toss.test/.MiniAppSchemeActivity opt={t=FROM_STYLE mUserId=0}},{m=TO_BACK f=FILLS_TASK leash=Surface(name=ActivityRecord{212454169 u0 viva.republica.toss.test/im.toss.rn.granite.core.GraniteActivity)/@0x1aad117 sb=Rect(0, 0 - 1080, 2400) eb=Rect(0, 0 - 1080, 2400) epz=Point(1080, 2400) d=0 bc=ffffffff component=viva.republica.toss.test/im.toss.rn.granite.core.GraniteActivity opt={t=FROM_STYLE mUserId=0}}]}
02-19 20:50:34.793  4449  4467 V WindowManagerShell: loadAnimation: anim=android.view.animation.AnimationSet@aa3e170 animAttr=0x5 type=OPEN isEntrance=false
02-19 20:50:34.794  4449  4467 V WindowManagerShell: loadAnimation: anim=android.view.animation.AnimationSet@3174ce9 animAttr=0x5 type=OPEN isEntrance=false
02-19 20:50:34.795  4449  4467 V WindowManagerShell: loadAnimation: anim=android.view.animation.AnimationSet@bda49c animAttr=0x4 type=OPEN isEntrance=true
02-19 20:50:34.801  4449  4467 V WindowManagerShell:  animated by com.android.wm.shell.transition.DefaultTransitionHandler@f74d823
02-19 20:50:34.974   752   989 I ImeTracker: viva.republica.toss.test:fe2b5b8: onRequestHide at ORIGIN_SERVER reason HIDE_UNSPECIFIED_WINDOW fromUser false
02-19 20:50:34.983 29747 29959 W unknown:ReconnectingWebSocket: Couldn't connect to "ws://10.0.2.2:8081/message?device=sdk_gphone64_x86_64%20-%2016%20-%20API%2036&app=viva.republica.toss.test&clientid=BridgeDevSupportManager", will silently retry
02-19 20:50:35.005 29747 29754 I blica.toss.test: Compiler allocated 4717KB to compile void com.facebook.soloader.nativeloader.SystemDelegate.read(java.lang.String)
02-19 20:50:35.017 29747 29961 W unknown:InspectorPackagerConnection: Couldn't connect to packager, will silently retry
02-19 20:50:35.024 20022 20022 I GoogleInputMethodService: GoogleInputMethodService.onFinishInput():2043 
02-19 20:50:35.025 29747 29747 D InsetsController: hide(ime(), fromIme=false)
02-19 20:50:35.026 29747 29747 I ImeTracker: viva.republica.toss.test:fe2b5b8: onCancelled at PHASE_CLIENT_ALREADY_HIDDEN
02-19 20:50:35.029 20022 20022 I Module  : DeviceLockedStatusModuleProvider$Module.updateDeviceLockedStatus():100 repeatCheckTimes = 0, locked = false
02-19 20:50:35.034 29747 29747 E unknown:ReactRootView: Unhandled SoftException
02-19 20:50:35.034 29747 29747 E unknown:ReactRootView: com.facebook.react.uimanager.IllegalViewOperationException: Trying to attach a ReactRootView with an explicit id already set to [2131362676]. React Native uses the id field to track react tags and will overwrite this field. If that is fine, explicitly overwrite the id field to View.NO_ID.
02-19 20:50:35.034 29747 29747 E unknown:ReactRootView: 	at com.facebook.react.ReactRootView.attachToReactInstanceManager(:799)
02-19 20:50:35.034 29747 29747 E unknown:ReactRootView: 	at com.facebook.react.ReactRootView.startReactApplication(:509)
02-19 20:50:35.034 29747 29747 E unknown:ReactRootView: 	at com.facebook.react.ReactRootView.startReactApplication(:469)
02-19 20:50:35.034 29747 29747 E unknown:ReactRootView: 	at im.toss.rn.granite.core.GraniteActivity.write(:486)
02-19 20:50:35.034 29747 29747 E unknown:ReactRootView: 	at im.toss.rn.granite.core.GraniteActivity.RemoteActionCompatParcelizer(:124)
02-19 20:50:35.034 29747 29747 E unknown:ReactRootView: 	at im.toss.rn.granite.core.GraniteActivity$RemoteActionCompatParcelizer.IconCompatParcelizer(:65353)
02-19 20:50:35.034 29747 29747 E unknown:ReactRootView: 	at o.sh.a_(:33)
02-19 20:50:35.034 29747 29747 E unknown:ReactRootView: 	at o.xP.run(:100)
02-19 20:50:35.034 29747 29747 E unknown:ReactRootView: 	at android.os.Handler.handleCallback(Handler.java:995)
02-19 20:50:35.034 29747 29747 E unknown:ReactRootView: 	at android.os.Handler.dispatchMessage(Handler.java:103)
02-19 20:50:35.034 29747 29747 E unknown:ReactRootView: 	at android.os.Looper.loopOnce(Looper.java:248)
02-19 20:50:35.034 29747 29747 E unknown:ReactRootView: 	at android.os.Looper.loop(Looper.java:338)
02-19 20:50:35.034 29747 29747 E unknown:ReactRootView: 	at android.app.ActivityThread.main(ActivityThread.java:9067)
02-19 20:50:35.034 29747 29747 E unknown:ReactRootView: 	at java.lang.reflect.Method.invoke(Native Method)
02-19 20:50:35.034 29747 29747 E unknown:ReactRootView: 	at com.android.internal.os.RuntimeInit$MethodAndArgsCaller.run(RuntimeInit.java:593)
02-19 20:50:35.034 29747 29747 E unknown:ReactRootView: 	at com.android.internal.os.ZygoteInit.main(ZygoteInit.java:932)
02-19 20:50:35.036   752  1987 I ImeTracker: system_server:ececd253: onRequestHide at ORIGIN_SERVER reason IME_REQUESTED_CHANGED_LISTENER fromUser false
02-19 20:50:35.044 20022 20022 I GoogleInputMethodService: GoogleInputMethodService.onStartInput():1293 onStartInput(EditorInfo{EditorInfo{packageName=viva.republica.toss.test, inputType=0, inputTypeString=NULL, enableLearning=false, autoCorrection=false, autoComplete=false, imeOptions=0, privateImeOptions=null, actionName=UNSPECIFIED, actionLabel=null, initialSelStart=-1, initialSelEnd=-1, initialCapsMode=0, label=null, fieldId=0, fieldName=null, extras=null, hintText=null, hintLocales=[]}}, false)
02-19 20:50:35.047 20022 20022 I EmojiCompatManager: EmojiCompatManager.getEmojiCompatIfLoaded():343 EmojiCompat.init() was never called.
02-19 20:50:35.047 20022 20022 I EmojiCompatManager: java.lang.IllegalStateException: EmojiCompat is not initialized. Please call EmojiCompat.init() first
02-19 20:50:35.047 20022 20022 I EmojiCompatManager: 	at asx.p(PG:6)
02-19 20:50:35.047 20022 20022 I EmojiCompatManager: 	at axb.b(PG:13)
02-19 20:50:35.047 20022 20022 I EmojiCompatManager: 	at jnr.b(PG:2)
02-19 20:50:35.047 20022 20022 I EmojiCompatManager: 	at jnr.c(PG:4)
02-19 20:50:35.047 20022 20022 I EmojiCompatManager: 	at jnr.f(PG:3)
02-19 20:50:35.047 20022 20022 I EmojiCompatManager: 	at jnx.c(PG:3)
02-19 20:50:35.047 20022 20022 I EmojiCompatManager: 	at kif.cz(PG:47)
02-19 20:50:35.047 20022 20022 I EmojiCompatManager: 	at lhl.run(PG:1025)
02-19 20:50:35.047 20022 20022 I EmojiCompatManager: 	at jaf.execute(PG:12)
02-19 20:50:35.047 20022 20022 I EmojiCompatManager: 	at nco.v(PG:13)
02-19 20:50:35.047 20022 20022 I EmojiCompatManager: 	at lhn.m(PG:96)
02-19 20:50:35.047 20022 20022 I EmojiCompatManager: 	at lhn.k(PG:25)
02-19 20:50:35.047 20022 20022 I EmojiCompatManager: 	at kgn.onStartInput(PG:250)
02-19 20:50:35.047 20022 20022 I EmojiCompatManager: 	at android.inputmethodservice.InputMethodService.doStartInput(InputMethodService.java:3521)
02-19 20:50:35.047 20022 20022 I EmojiCompatManager: 	at android.inputmethodservice.InputMethodService$InputMethodImpl.startInput(InputMethodService.java:879)
02-19 20:50:35.047 20022 20022 I EmojiCompatManager: 	at android.inputmethodservice.InputMethodService$InputMethodImpl.dispatchStartInput(InputMethodService.java:908)
02-19 20:50:35.047 20022 20022 I EmojiCompatManager: 	at android.inputmethodservice.IInputMethodWrapper.executeMessage(IInputMethodWrapper.java:201)
02-19 20:50:35.047 20022 20022 I EmojiCompatManager: 	at com.android.internal.os.HandlerCaller$MyHandler.handleMessage(HandlerCaller.java:44)
02-19 20:50:35.047 20022 20022 I EmojiCompatManager: 	at android.os.Handler.dispatchMessage(Handler.java:110)
02-19 20:50:35.047 20022 20022 I EmojiCompatManager: 	at android.os.Looper.loopOnce(Looper.java:248)
02-19 20:50:35.047 20022 20022 I EmojiCompatManager: 	at android.os.Looper.loop(Looper.java:338)
02-19 20:50:35.047 20022 20022 I EmojiCompatManager: 	at android.app.ActivityThread.main(ActivityThread.java:9067)
02-19 20:50:35.047 20022 20022 I EmojiCompatManager: 	at java.lang.reflect.Method.invoke(Native Method)
02-19 20:50:35.047 20022 20022 I EmojiCompatManager: 	at com.android.internal.os.RuntimeInit$MethodAndArgsCaller.run(RuntimeInit.java:593)
02-19 20:50:35.047 20022 20022 I EmojiCompatManager: 	at com.android.internal.os.ZygoteInit.main(ZygoteInit.java:932)
02-19 20:50:35.048 20022 20022 I Module  : DeviceLockedStatusModuleProvider$Module.updateDeviceLockedStatus():100 repeatCheckTimes = 1, locked = false
02-19 20:50:35.048   752   797 I ImeTracker: system_server:ececd253: onCancelled at PHASE_SERVER_SHOULD_HIDE
02-19 20:50:35.051   752  1987 W PackageConfigPersister: App-specific configuration not found for packageName: viva.republica.toss.test and userId: 0
02-19 20:50:35.208   752  1987 W PackageConfigPersister: App-specific configuration not found for packageName: viva.republica.toss.test and userId: 0
02-19 20:50:35.222   752  1987 D CoreBackPreview: Window{f5c1c42 u0 PopupWindow:ce30e6b}: Setting back callback OnBackInvokedCallbackInfo{mCallback=android.window.IOnBackInvokedCallback$Stub$Proxy@f676190, mPriority=0, mIsAnimationCallback=false, mOverrideBehavior=0}
02-19 20:50:35.335  4449  4467 V WindowManagerShell: Transition animation finished (aborted=false), notifying core (#950) android.os.BinderProxy@6ebc2ca@0
02-19 20:50:35.376   752   794 V WindowManager: Finish Transition (#950): created at 02-19 20:50:34.306 collect-started=0.147ms request-sent=6.679ms started=10.672ms ready=103.92ms sent=452.725ms commit=51.056ms finished=1067.713ms
02-19 20:50:35.380 29747 29747 D VRI[GraniteActivity]: visibilityChanged oldVisibility=true newVisibility=false
02-19 20:50:35.392  4449  4467 V WindowManagerShell: Track 0 became idle
02-19 20:50:35.394  4449  4467 V WindowManagerShell: All active transition animations finished
02-19 20:50:35.420   752   797 W ProcessStats: Tracking association SourceState{1b917ca system/1000 BFgs #25842} whose proc state 4 is better than process ProcessState{42c4ef0 com.google.android.ext.services/10208 pkg=com.google.android.ext.services} proc state 14 (44 skipped)
02-19 20:50:35.752 29747 29747 D VRI[MiniAppSchemeActivity]: visibilityChanged oldVisibility=true newVisibility=false
02-19 20:50:35.755   752   969 D ActivityManager: freezing 19378 com.google.android.webview:webview_service
02-19 20:50:35.767 29747 29747 W WindowOnBackDispatcher: sendCancelIfRunning: isInProgress=false callback=android.view.ViewRootImpl$$ExternalSyntheticLambda13@58ba112
02-19 20:50:35.768   752  1940 D CoreBackPreview: Window{f6f1094 u0 viva.republica.toss.test/viva.republica.toss.test.MiniAppSchemeActivity}: Setting back callback null
02-19 20:50:35.775 29747 29747 D ViewRootImpl: Skipping stats log for color mode
02-19 20:50:35.781   752  1095 D BackgroundInstallControlService: Package event received: 0
02-19 20:50:35.789   752  1940 W IPCThreadState: Sending oneway calls to frozen process.
02-19 20:50:35.790   752   955 W UsageStatsService: Unexpected activity event reported! (viva.republica.toss.test/im.toss.rn.granite.core.GraniteActivity event : 23 instanceId : 25128383)
02-19 20:50:35.793   752  1029 D InetDiagMessage: Destroyed 0 sockets, proto=IPPROTO_TCP, family=AF_INET, states=14
02-19 20:50:35.795   752  1029 D InetDiagMessage: Destroyed 0 sockets, proto=IPPROTO_TCP, family=AF_INET6, states=14
02-19 20:50:35.795   752  1029 D InetDiagMessage: Destroyed live tcp sockets for uids={10168} in 32ms
02-19 20:50:36.634 29965 29965 W dumpsys : Thread Pool max thread count is 0. Cannot cache binder as linkToDeath cannot be implemented. serviceName: window
02-19 20:50:37.012   752  1856 E TaskPersister: File error accessing recents directory (directory doesn't exist?).
02-19 20:50:37.359 29970 29970 W screencap: Thread Pool max thread count is 0. Cannot cache binder as linkToDeath cannot be implemented. serviceName: SurfaceFlingerAIDL
02-19 20:50:37.365 29970 29970 W BpBinder: Linking to death on android.gui.ISurfaceComposer but there are no threads (yet?) listening to incoming transactions. See ProcessState::startThreadPool and ProcessState::setThreadPoolMaxThreadCount. Generally you should setup the binder threadpool before other initialization steps.
02-19 20:50:37.368 29970 29970 W ProcessState: Extra binder thread started, but 0 threads requested. Do not use *startThreadPool when zero threads are requested.
02-19 20:50:37.378   531   603 E HwcComposer: getLuts failed Status(-8, EX_SERVICE_SPECIFIC): '8: '
02-19 20:50:37.378   531   603 E HWComposer: getLuts: getLuts failed for display 4619827259835644672: UNSUPPORTED (8)
