02-19 22:59:21.784  4449  4467 D ShellSplitScreen: logExit: no-op, mLoggerSessionId is null
02-19 22:59:21.787 19301 19315 I FontLog : (REDACTED) Received query %s, URI %s
02-19 22:59:21.787 19301 19315 I FontLog : (REDACTED) Query [%s] resolved to %s
02-19 22:59:21.791 19301 19315 I FontLog : (REDACTED) Font PFD returned from cache for %s
02-19 22:59:21.791 19301 19315 I FontLog : (REDACTED) Fetch %s end status %s
02-19 22:59:21.823   531   548 I BpBinder: onLastStrongRef automatically unlinking death recipients: 
02-19 22:59:21.858 19301 19315 I FontLog : (REDACTED) Pulling font file for id = %d, cache size = %d
02-19 22:59:21.907   752  1116 W OptProp : Cannot read opt property android.window.PROPERTY_COMPAT_ENABLE_FAKE_FOCUS
02-19 22:59:21.911   752  1095 D BackgroundInstallControlService: Package event received: 0
02-19 22:59:21.946 19301 19315 I FontLog : (REDACTED) Received query %s, URI %s
02-19 22:59:21.947 19301 19315 I FontLog : (REDACTED) Query [%s] resolved to %s
02-19 22:59:21.964 19301 19315 I FontLog : (REDACTED) Font PFD returned from cache for %s
02-19 22:59:21.964 19301 19315 I FontLog : (REDACTED) Fetch %s end status %s
02-19 22:59:21.967   752   989 I ImeTracker: viva.republica.toss.test:2679b9dd: onRequestHide at ORIGIN_SERVER reason HIDE_UNSPECIFIED_WINDOW fromUser false
02-19 22:59:21.975 19301 19315 I FontLog : (REDACTED) Pulling font file for id = %d, cache size = %d
02-19 22:59:21.980 20022 20022 I GoogleInputMethodService: GoogleInputMethodService.onFinishInput():2043 
02-19 22:59:21.981 19301 19315 I FontLog : (REDACTED) Received query %s, URI %s
02-19 22:59:21.982 19301 19315 I FontLog : (REDACTED) Query [%s] resolved to %s
02-19 22:59:21.982 20022 20022 I Module  : DeviceLockedStatusModuleProvider$Module.updateDeviceLockedStatus():100 repeatCheckTimes = 0, locked = false
02-19 22:59:21.983   752  2502 I ImeTracker: system_server:7cd058c7: onRequestHide at ORIGIN_SERVER reason IME_REQUESTED_CHANGED_LISTENER fromUser false
02-19 22:59:21.985 19301 19315 I FontLog : (REDACTED) Font PFD returned from cache for %s
02-19 22:59:21.985 19301 19315 I FontLog : (REDACTED) Fetch %s end status %s
02-19 22:59:21.991 20022 20022 I GoogleInputMethodService: GoogleInputMethodService.onStartInput():1293 onStartInput(EditorInfo{EditorInfo{packageName=viva.republica.toss.test, inputType=0, inputTypeString=NULL, enableLearning=false, autoCorrection=false, autoComplete=false, imeOptions=0, privateImeOptions=null, actionName=UNSPECIFIED, actionLabel=null, initialSelStart=-1, initialSelEnd=-1, initialCapsMode=0, label=null, fieldId=0, fieldName=null, extras=null, hintText=null, hintLocales=[]}}, false)
02-19 22:59:21.993 19301 19315 I FontLog : (REDACTED) Pulling font file for id = %d, cache size = %d
02-19 22:59:22.011 20022 20022 I EmojiCompatManager: EmojiCompatManager.getEmojiCompatIfLoaded():343 EmojiCompat.init() was never called.
02-19 22:59:22.011 20022 20022 I EmojiCompatManager: java.lang.IllegalStateException: EmojiCompat is not initialized. Please call EmojiCompat.init() first
02-19 22:59:22.011 20022 20022 I EmojiCompatManager: 	at asx.p(PG:6)
02-19 22:59:22.011 20022 20022 I EmojiCompatManager: 	at axb.b(PG:13)
02-19 22:59:22.011 20022 20022 I EmojiCompatManager: 	at jnr.b(PG:2)
02-19 22:59:22.011 20022 20022 I EmojiCompatManager: 	at jnr.c(PG:4)
02-19 22:59:22.011 20022 20022 I EmojiCompatManager: 	at jnr.f(PG:3)
02-19 22:59:22.011 20022 20022 I EmojiCompatManager: 	at jnx.c(PG:3)
02-19 22:59:22.011 20022 20022 I EmojiCompatManager: 	at kif.cz(PG:47)
02-19 22:59:22.011 20022 20022 I EmojiCompatManager: 	at lhl.run(PG:1025)
02-19 22:59:22.011 20022 20022 I EmojiCompatManager: 	at jaf.execute(PG:12)
02-19 22:59:22.011 20022 20022 I EmojiCompatManager: 	at nco.v(PG:13)
02-19 22:59:22.011 20022 20022 I EmojiCompatManager: 	at lhn.m(PG:96)
02-19 22:59:22.011 20022 20022 I EmojiCompatManager: 	at lhn.k(PG:25)
02-19 22:59:22.011 20022 20022 I EmojiCompatManager: 	at kgn.onStartInput(PG:250)
02-19 22:59:22.011 20022 20022 I EmojiCompatManager: 	at android.inputmethodservice.InputMethodService.doStartInput(InputMethodService.java:3521)
02-19 22:59:22.011 20022 20022 I EmojiCompatManager: 	at android.inputmethodservice.InputMethodService$InputMethodImpl.startInput(InputMethodService.java:879)
02-19 22:59:22.011 20022 20022 I EmojiCompatManager: 	at android.inputmethodservice.InputMethodService$InputMethodImpl.dispatchStartInput(InputMethodService.java:908)
02-19 22:59:22.011 20022 20022 I EmojiCompatManager: 	at android.inputmethodservice.IInputMethodWrapper.executeMessage(IInputMethodWrapper.java:201)
02-19 22:59:22.011 20022 20022 I EmojiCompatManager: 	at com.android.internal.os.HandlerCaller$MyHandler.handleMessage(HandlerCaller.java:44)
02-19 22:59:22.011 20022 20022 I EmojiCompatManager: 	at android.os.Handler.dispatchMessage(Handler.java:110)
02-19 22:59:22.011 20022 20022 I EmojiCompatManager: 	at android.os.Looper.loopOnce(Looper.java:248)
02-19 22:59:22.011 20022 20022 I EmojiCompatManager: 	at android.os.Looper.loop(Looper.java:338)
02-19 22:59:22.011 20022 20022 I EmojiCompatManager: 	at android.app.ActivityThread.main(ActivityThread.java:9067)
02-19 22:59:22.011 20022 20022 I EmojiCompatManager: 	at java.lang.reflect.Method.invoke(Native Method)
02-19 22:59:22.011 20022 20022 I EmojiCompatManager: 	at com.android.internal.os.RuntimeInit$MethodAndArgsCaller.run(RuntimeInit.java:593)
02-19 22:59:22.011 20022 20022 I EmojiCompatManager: 	at com.android.internal.os.ZygoteInit.main(ZygoteInit.java:932)
02-19 22:59:22.022   752  1095 D BackgroundInstallControlService: Package event received: 0
02-19 22:59:22.026  4449  4467 V WindowManagerShell: Transition animation finished (aborted=false), notifying core (#1266) android.os.BinderProxy@c36c88e@0
02-19 22:59:22.039   752  1095 D BackgroundInstallControlService: Package event received: 0
02-19 22:59:22.056  4449  4467 V WindowManagerShell: Track 0 became idle
02-19 22:59:22.060   752   794 V WindowManager: Finish Transition (#1266): created at 02-19 22:59:21.146 collect-started=0.264ms request-sent=25.348ms started=46.481ms ready=84.994ms sent=523.104ms commit=88.76ms finished=891.321ms
02-19 22:59:22.061 20022 20022 I Module  : DeviceLockedStatusModuleProvider$Module.updateDeviceLockedStatus():100 repeatCheckTimes = 1, locked = false
02-19 22:59:22.062 20022 20022 W NotificationCenter: NotificationCenter$NotificationQueue.notifyPendingNotificationsOnExecutor():877 Heavy notify work detected on UI thread: [kig->ilu, kig->ijm, kig->gkl, kig->ilu, kig->jnx, kig->khc, kig->ilu, kig->fro, kig->fef, kig->ilu, kig->ilu, kig->fcb, kig->ilu, kig->khg, kig->imt, kig->ilu, kig->ilu, kig->ilu, kig->ilu, kig->ilu, kig->lux, kig->ilu, kig->ilu] takes 57ms
02-19 22:59:22.082   752  2502 W PackageConfigPersister: App-specific configuration not found for packageName: viva.republica.toss.test and userId: 0
02-19 22:59:22.087   752   797 I ImeTracker: system_server:7cd058c7: onCancelled at PHASE_SERVER_SHOULD_HIDE
02-19 22:59:22.087 20022 20022 W NotificationCenter: NotificationCenter$NotificationQueue.notifyPendingNotificationsOnExecutor():877 Heavy notify work detected on UI thread: [kig->jjs] takes 24ms
02-19 22:59:22.105 13601 13601 D InsetsController: hide(ime(), fromIme=false)
02-19 22:59:22.106 13601 13601 I ImeTracker: viva.republica.toss.test:2679b9dd: onCancelled at PHASE_CLIENT_ALREADY_HIDDEN
02-19 22:59:22.132 13601 13696 W okhttp.OkHttpClient: A connection to http://localhost:8081/ was leaked. Did you forget to close a response body? To see where this was allocated, set the OkHttpClient logger level to FINE: Logger.getLogger(OkHttpClient.class.getName()).setLevel(Level.FINE);
02-19 22:59:22.148   752  2363 D CoreBackPreview: Window{130f480 u0 viva.republica.toss.test/im.toss.rn.granite.core.GraniteActivity}: Setting back callback OnBackInvokedCallbackInfo{mCallback=android.window.IOnBackInvokedCallback$Stub$Proxy@d055efe, mPriority=0, mIsAnimationCallback=false, mOverrideBehavior=0}
02-19 22:59:22.148 13601 13601 W unknown:ReactRootView: Unable to update root layout specs for uninitialized ReactInstanceManager
02-19 22:59:22.360  4449 22136 V WindowManagerShell: onTransitionReady(transaction=3229815442737)
02-19 22:59:22.361  4449  4467 V WindowManagerShell: onTransitionReady (#1267) android.os.BinderProxy@957ef54: {id=1267 t=OPEN f=0x0 trk=1 r=[0@Point(0, 0)] c=[
02-19 22:59:22.361  4449  4467 V WindowManagerShell:         {m=OPEN f=FILLS_TASK leash=Surface(name=ActivityRecord{137461065 u0 viva.republica.toss.test/im.toss.rn.granite.core.GraniteActivity)/@0x1f60e43 sb=Rect(0, 0 - 0, 0) eb=Rect(0, 0 - 1080, 2400) epz=Point(1080, 2400) d=-1->0 r=-1->0:-1 bc=ffffffff component=viva.republica.toss.test/im.toss.rn.granite.core.GraniteActivity},
02-19 22:59:22.361  4449  4467 V WindowManagerShell:         {m=CLOSE f=TRANSLUCENT|FILLS_TASK|IS_OCCLUDED leash=Surface(name=ActivityRecord{135361698 u0 viva.republica.toss.test/.MiniAppSchemeActivity)/@0x8eeacc0 sb=Rect(0, 0 - 1080, 2400) eb=Rect(0, 0 - 1080, 2400) epz=Point(1080, 2400) d=0 bc=ffffffff component=viva.republica.toss.test/.MiniAppSchemeActivity},
02-19 22:59:22.361  4449  4467 V WindowManagerShell:         {m=TO_BACK f=SHOW_WALLPAPER leash=Surface(name=Task=1)/@0x2c23df9 sb=Rect(0, 0 - 1080, 2400) eb=Rect(0, 0 - 1080, 2400) epz=Point(1080, 2400) d=0 taskParent=-1},
02-19 22:59:22.361  4449  4467 V WindowManagerShell:         {m=TO_BACK f=IS_WALLPAPER leash=Surface(name=WallpaperWindowToken{35e0c0f showWhenLocked=false})/@0x32c713e sb=Rect(0, 0 - 1080, 2400) eb=Rect(0, 0 - 1080, 2400) epz=Point(1080, 2400) d=0}
02-19 22:59:22.361  4449  4467 V WindowManagerShell:     ]}
02-19 22:59:22.361  4449  4467 V WindowManagerShell: Playing animation for (#1267) android.os.BinderProxy@957ef54@1
02-19 22:59:22.361  4449  4467 V ShellRecents: RecentsTransitionHandler.startAnimation: no controller found
02-19 22:59:22.362  4449  4467 V WindowManagerShell: Transition doesn't have explicit remote, search filters for match for {id=1267 t=OPEN f=0x0 trk=1 r=[0@Point(0, 0)] c=[{m=OPEN f=FILLS_TASK leash=Surface(name=ActivityRecord{137461065 u0 viva.republica.toss.test/im.toss.rn.granite.core.GraniteActivity)/@0x1f60e43 sb=Rect(0, 0 - 0, 0) eb=Rect(0, 0 - 1080, 2400) epz=Point(1080, 2400) d=-1->0 r=-1->0:-1 bc=ffffffff component=viva.republica.toss.test/im.toss.rn.granite.core.GraniteActivity},{m=CLOSE f=TRANSLUCENT|FILLS_TASK|IS_OCCLUDED leash=Surface(name=ActivityRecord{135361698 u0 viva.republica.toss.test/.MiniAppSchemeActivity)/@0x8eeacc0 sb=Rect(0, 0 - 1080, 2400) eb=Rect(0, 0 - 1080, 2400) epz=Point(1080, 2400) d=0 bc=ffffffff component=viva.republica.toss.test/.MiniAppSchemeActivity},{m=TO_BACK f=SHOW_WALLPAPER leash=Surface(name=Task=1)/@0x2c23df9 sb=Rect(0, 0 - 1080, 2400) eb=Rect(0, 0 - 1080, 2400) epz=Point(1080, 2400) d=0 taskParent=-1},{m=TO_BACK f=IS_WALLPAPER leash=Surface(name=WallpaperWindowToken{35e0c0f showWhenLocked=false})/@0x32c713e sb=Rect(0, 0 - 1080, 2400) eb=Rect(0, 0 - 1080, 2400) epz=Point(1080, 2400) d=0}]}
02-19 22:59:22.362  4449  4467 V WindowManagerShell:  Checking filter Pair{{types=[] flags=0x0] notFlags=0x0 checks=[{atype=undefined independent=true modes=[CLOSE,TO_BACK] flags=IN_TASK_WITH_EMBEDDED_ACTIVITY mustBeTask=false order=ANY topActivity=null launchCookie=null taskFragmentToken=android.os.BinderProxy@71546f0 windowingMode=undefined}]} RemoteTransition { remoteTransition = android.window.IRemoteTransition$Stub$Proxy@d4c8469, appThread = android.app.IApplicationThread$Stub$Proxy@c228eee, debugName = overlayBackTransition }}
02-19 22:59:22.363  4449  4467 V WindowManagerShell:  Checking filter Pair{{types=[] flags=0x0] notFlags=0x0 checks=[{atype=dream independent=true modes=[OPEN,TO_FRONT] flags=NONE mustBeTask=false order=ANY topActivity=null launchCookie=null windowingMode=undefined},{atype=home independent=true modes=[CLOSE,TO_BACK] flags=NONE mustBeTask=false order=ANY topActivity=null launchCookie=null windowingMode=undefined}]} RemoteTransition { remoteTransition = android.window.IRemoteTransition$Stub$Proxy@c578f8f, appThread = android.app.IApplicationThread$Stub$Proxy@69fe21c, debugName = LauncherToDream }}
02-19 22:59:22.365  4449  4467 V WindowManagerShell:  Checking filter Pair{{types=[] flags=0x0] notFlags=0x100 checks=[{atype=home independent=true modes=[OPEN,TO_FRONT] flags=NONE mustBeTask=false order=TOP topActivity=ComponentInfo{com.google.android.apps.nexuslauncher/com.google.android.apps.nexuslauncher.NexusLauncherActivity} launchCookie=null windowingMode=undefined},{atype=standard independent=true modes=[CLOSE,TO_BACK] flags=NONE mustBeTask=false order=ANY topActivity=null launchCookie=null windowingMode=undefined},{NOT atype=undefined independent=true modes=[] flags=NONE mustBeTask=true order=ANY topActivity=null launchCookie=null customAnim=true windowingMode=undefined}]} RemoteTransition { remoteTransition = android.window.IRemoteTransition$Stub$Proxy@69ffe25, appThread = android.app.IApplicationThread$Stub$Proxy@72cabfa, debugName = QuickstepLaunchHome }}
02-19 22:59:22.365  4449  4467 V WindowManagerShell:  Checking filter Pair{{types=[] flags=0x0] notFlags=0x0 checks=[{atype=undefined independent=true modes=[CLOSE,TO_BACK] flags=IN_TASK_WITH_EMBEDDED_ACTIVITY mustBeTask=false order=ANY topActivity=null launchCookie=null taskFragmentToken=android.os.BinderProxy@71546f0 windowingMode=undefined}]} RemoteTransition { remoteTransition = android.window.IRemoteTransition$Stub$Proxy@7c795ab, appThread = android.app.IApplicationThread$Stub$Proxy@cd70408, debugName = overlayBackTransition }}
02-19 22:59:22.366  4449  4467 V WindowManagerShell:  Checking filter Pair{{types=[] flags=0x0] notFlags=0x0 checks=[{atype=dream independent=true modes=[OPEN,TO_FRONT] flags=NONE mustBeTask=false order=ANY topActivity=null launchCookie=null windowingMode=undefined},{atype=home independent=true modes=[CLOSE,TO_BACK] flags=NONE mustBeTask=false order=ANY topActivity=null launchCookie=null windowingMode=undefined}]} RemoteTransition { remoteTransition = android.window.IRemoteTransition$Stub$Proxy@f757a1, appThread = android.app.IApplicationThread$Stub$Proxy@d898dc6, debugName = LauncherToDream }}
02-19 22:59:22.366  4449  4467 V WindowManagerShell:  Checking filter Pair{{types=[] flags=0x0] notFlags=0x100 checks=[{atype=home independent=true modes=[OPEN,TO_FRONT] flags=NONE mustBeTask=false order=TOP topActivity=ComponentInfo{com.google.android.apps.nexuslauncher/com.google.android.apps.nexuslauncher.NexusLauncherActivity} launchCookie=null windowingMode=undefined},{atype=standard independent=true modes=[CLOSE,TO_BACK] flags=NONE mustBeTask=false order=ANY topActivity=null launchCookie=null windowingMode=undefined},{NOT atype=undefined independent=true modes=[] flags=NONE mustBeTask=true order=ANY topActivity=null launchCookie=null customAnim=true windowingMode=undefined}]} RemoteTransition { remoteTransition = android.window.IRemoteTransition$Stub$Proxy@9e7e187, appThread = android.app.IApplicationThread$Stub$Proxy@3dc58b4, debugName = QuickstepLaunchHome }}
02-19 22:59:22.366  4449  4467 V WindowManagerShell:  Delegate animation for (#1267) to null
02-19 22:59:22.366  4449  4467 V WindowManagerShell: start default transition animation, info = {id=1267 t=OPEN f=0x0 trk=1 r=[0@Point(0, 0)] c=[{m=OPEN f=FILLS_TASK leash=Surface(name=ActivityRecord{137461065 u0 viva.republica.toss.test/im.toss.rn.granite.core.GraniteActivity)/@0x1f60e43 sb=Rect(0, 0 - 0, 0) eb=Rect(0, 0 - 1080, 2400) epz=Point(1080, 2400) d=-1->0 r=-1->0:-1 bc=ffffffff component=viva.republica.toss.test/im.toss.rn.granite.core.GraniteActivity},{m=CLOSE f=TRANSLUCENT|FILLS_TASK|IS_OCCLUDED leash=Surface(name=ActivityRecord{135361698 u0 viva.republica.toss.test/.MiniAppSchemeActivity)/@0x8eeacc0 sb=Rect(0, 0 - 1080, 2400) eb=Rect(0, 0 - 1080, 2400) epz=Point(1080, 2400) d=0 bc=ffffffff component=viva.republica.toss.test/.MiniAppSchemeActivity},{m=TO_BACK f=SHOW_WALLPAPER leash=Surface(name=Task=1)/@0x2c23df9 sb=Rect(0, 0 - 1080, 2400) eb=Rect(0, 0 - 1080, 2400) epz=Point(1080, 2400) d=0 taskParent=-1},{m=TO_BACK f=IS_WALLPAPER leash=Surface(name=WallpaperWindowToken{35e0c0f showWhenLocked=false})/@0x32c713e sb=Rect(0, 0 - 1080, 2400) eb=Rect(0, 0 - 1080, 2400) epz=Point(1080, 2400) d=0}]}
02-19 22:59:22.366  4449  4467 V WindowManagerShell: loadAnimation: anim=android.view.animation.AnimationSet@3dfc0b5 animAttr=0x13 type=OPEN isEntrance=false
02-19 22:59:22.367  4449  4467 V WindowManagerShell: loadAnimation: anim=android.view.animation.AnimationSet@3fa634a animAttr=0x13 type=OPEN isEntrance=false
02-19 22:59:22.368  4449  4467 V WindowManagerShell: loadAnimation: anim=android.view.animation.AnimationSet@1036a16 animAttr=0x12 type=OPEN isEntrance=true
02-19 22:59:22.373  4449  4467 V WindowManagerShell:  animated by com.android.wm.shell.transition.DefaultTransitionHandler@f74d823
02-19 22:59:22.380   752   794 I ActivityTaskManager: Displayed viva.republica.toss.test/im.toss.rn.granite.core.GraniteActivity for user 0: +622ms
02-19 22:59:22.381   752   794 V WindowManager: Sent Transition (#1267) createdAt=02-19 22:59:21.745 via request=TransitionRequestInfo { type = OPEN, triggerTask = TaskInfo{userId=0 taskId=233 effectiveUid=10217 displayId=0 isRunning=true baseIntent=Intent { act=android.intent.action.VIEW dat=intoss://takealook/... flg=0x10000000 pkg=viva.republica.toss.test cmp=viva.republica.toss.test/.MiniAppSchemeActivity } baseActivity=ComponentInfo{viva.republica.toss.test/viva.republica.toss.test.MiniAppSchemeActivity} topActivity=ComponentInfo{viva.republica.toss.test/im.toss.rn.granite.core.GraniteActivity} origActivity=null realActivity=ComponentInfo{viva.republica.toss.test/viva.republica.toss.test.MiniAppSchemeActivity} numActivities=2 lastActiveTime=121035622 supportsMultiWindow=true resizeMode=1 isResizeable=true minWidth=-1 minHeight=-1 defaultMinSize=220 token=WCT{RemoteToken{d2fec02 Task{8443533 #233 type=standard A=10217:viva.republica.toss.test}}} topActivityType=1 pictureInPictureParams=null shouldDockBigOverlays=false launchIntoPipHostTaskId=-1 lastParentTaskIdBeforePip=-1 displayCutoutSafeInsets=Rect(0, 0 - 0, 0) topActivityInfo=ActivityInfo{bd44fd6 im.toss.rn.granite.core.GraniteActivity} launchCookies=[] positionInParent=Point(0, 0) parentTaskId=-1 isFocused=true isVisible=true isVisibleRequested=true isTopActivityNoDisplay=false isSleeping=false locusId=null displayAreaFeatureId=1 isTopActivityTransparent=false isActivityStackTransparent=false lastNonFullscreenBounds=Rect(284, 660 - 796, 1740) capturedLink=null capturedLinkTimestamp=0 requestedVisibleTypes=-9 topActivityRequestOpenInBrowserEducationTimestamp=0 appCompatTaskInfo=AppCompatTaskInfo { topActivityInSizeCompat=false eligibleForLetterboxEducation= false isLetterboxEducationEnabled= true isLetterboxDoubleTapEnabled= false eligibleForUserAspectRatioButton= false topActivityBoundsLetterboxed= false isFromLetterboxDoubleTap= false topActivityLetterboxVerticalPosition= -1 topActivityLetterboxHorizontalPosition= -1 topActivityLetterboxWidth=-1 topActivityLetterboxHeight=-1 topActivityAppBounds=Rect(0, 0 - 1080, 2400) isUserFullscreenOverrideEnabled=false isSystemFullscreenOverrideEnabled=false hasMinAspectRatioOverride=false topActivityLetterboxBounds=null cameraCompatTaskInfo=CameraCompatTaskInfo { freeformCameraCompatMode=inactive}} topActivityMainWindowFrame=null}, pipChange = null, remoteTransition = null, displayChange = null, flags = 0, debugId = 1267 }
02-19 22:59:22.381   752   794 V WindowManager:     startWCT=WindowContainerTransaction { changes= {} hops= [] errorCallbackToken=null taskFragmentOrganizer=null }
02-19 22:59:22.381   752   794 V WindowManager:     info={id=1267 t=OPEN f=0x0 trk=1 r=[0@Point(0, 0)] c=[
02-19 22:59:22.381   752   794 V WindowManager:         {m=OPEN f=FILLS_TASK leash=Surface(name=ActivityRecord{137461065 u0 viva.republica.toss.test/im.toss.rn.granite.core.GraniteActivity)/@0xbe8d398 sb=Rect(0, 0 - 0, 0) eb=Rect(0, 0 - 1080, 2400) epz=Point(1080, 2400) d=-1->0 r=-1->0:-1 bc=ffffffff component=viva.republica.toss.test/im.toss.rn.granite.core.GraniteActivity},
02-19 22:59:22.381   752   794 V WindowManager:         {m=CLOSE f=TRANSLUCENT|FILLS_TASK|IS_OCCLUDED leash=Surface(name=ActivityRecord{135361698 u0 viva.republica.toss.test/.MiniAppSchemeActivity)/@0x267a97b sb=Rect(0, 0 - 1080, 2400) eb=Rect(0, 0 - 1080, 2400) epz=Point(1080, 2400) d=0 bc=ffffffff component=viva.republica.toss.test/.MiniAppSchemeActivity},
02-19 22:59:22.381   752   794 V WindowManager:         {WCT{RemoteToken{5218fe8 Task{dd43522 #1 type=home}}} m=TO_BACK f=SHOW_WALLPAPER leash=Surface(name=Task=1)/@0x8ddbd2e sb=Rect(0, 0 - 1080, 2400) eb=Rect(0, 0 - 1080, 2400) epz=Point(1080, 2400) d=0 taskParent=-1},
02-19 22:59:22.381   752   794 V WindowManager:         {m=TO_BACK f=IS_WALLPAPER leash=Surface(name=WallpaperWindowToken{35e0c0f showWhenLocked=false})/@0x512f5be sb=Rect(0, 0 - 1080, 2400) eb=Rect(0, 0 - 1080, 2400) epz=Point(1080, 2400) d=0}
02-19 22:59:22.381   752   794 V WindowManager:     ]}
02-19 22:59:22.445 13601 13793 W unknown:InspectorPackagerConnection: Couldn't connect to packager, will silently retry
02-19 22:59:22.499 13601 13774 W libc    : Access denied finding property "vendor.mesa.vk.trace.per.submit"
02-19 22:59:22.500 13601 13774 W libc    : Access denied finding property "vendor.mesa.gallium.print.optio"
02-19 22:59:22.500 13601 13774 W libc    : Access denied finding property "vendor.mesa.vk.trace.frame"
02-19 22:59:22.503   752   989 I ImeTracker: viva.republica.toss.test:81cdcd32: onRequestHide at ORIGIN_SERVER reason HIDE_UNSPECIFIED_WINDOW fromUser false
02-19 22:59:22.505 13601 13792 W unknown:ReconnectingWebSocket: Couldn't connect to "ws://10.0.2.2:8081/message?device=sdk_gphone64_x86_64%20-%2016%20-%20API%2036&app=viva.republica.toss.test&clientid=BridgeDevSupportManager", will silently retry
02-19 22:59:22.507   752  2363 I ImeTracker: system_server:56384c08: onRequestHide at ORIGIN_SERVER reason IME_REQUESTED_CHANGED_LISTENER fromUser false
02-19 22:59:22.508   752   797 I ImeTracker: system_server:56384c08: onCancelled at PHASE_SERVER_SHOULD_HIDE
02-19 22:59:22.509 20022 20022 I GoogleInputMethodService: GoogleInputMethodService.onFinishInput():2043 
02-19 22:59:22.511 20022 20022 I Module  : DeviceLockedStatusModuleProvider$Module.updateDeviceLockedStatus():100 repeatCheckTimes = 0, locked = false
02-19 22:59:22.511 13601 13774 W libc    : Access denied finding property "vendor.mesa.vk.wsi.headless.swa"
02-19 22:59:22.515 20022 20022 I GoogleInputMethodService: GoogleInputMethodService.onStartInput():1293 onStartInput(EditorInfo{EditorInfo{packageName=viva.republica.toss.test, inputType=0, inputTypeString=NULL, enableLearning=false, autoCorrection=false, autoComplete=false, imeOptions=0, privateImeOptions=null, actionName=UNSPECIFIED, actionLabel=null, initialSelStart=-1, initialSelEnd=-1, initialCapsMode=0, label=null, fieldId=0, fieldName=null, extras=null, hintText=null, hintLocales=[]}}, false)
02-19 22:59:22.516 20022 20022 I EmojiCompatManager: EmojiCompatManager.getEmojiCompatIfLoaded():343 EmojiCompat.init() was never called.
02-19 22:59:22.516 20022 20022 I EmojiCompatManager: java.lang.IllegalStateException: EmojiCompat is not initialized. Please call EmojiCompat.init() first
02-19 22:59:22.516 20022 20022 I EmojiCompatManager: 	at asx.p(PG:6)
02-19 22:59:22.516 20022 20022 I EmojiCompatManager: 	at axb.b(PG:13)
02-19 22:59:22.516 20022 20022 I EmojiCompatManager: 	at jnr.b(PG:2)
02-19 22:59:22.516 20022 20022 I EmojiCompatManager: 	at jnr.c(PG:4)
02-19 22:59:22.516 20022 20022 I EmojiCompatManager: 	at jnr.f(PG:3)
02-19 22:59:22.516 20022 20022 I EmojiCompatManager: 	at jnx.c(PG:3)
02-19 22:59:22.516 20022 20022 I EmojiCompatManager: 	at kif.cz(PG:47)
02-19 22:59:22.516 20022 20022 I EmojiCompatManager: 	at lhl.run(PG:1025)
02-19 22:59:22.516 20022 20022 I EmojiCompatManager: 	at jaf.execute(PG:12)
02-19 22:59:22.516 20022 20022 I EmojiCompatManager: 	at nco.v(PG:13)
02-19 22:59:22.516 20022 20022 I EmojiCompatManager: 	at lhn.m(PG:96)
02-19 22:59:22.516 20022 20022 I EmojiCompatManager: 	at lhn.k(PG:25)
02-19 22:59:22.516 20022 20022 I EmojiCompatManager: 	at kgn.onStartInput(PG:250)
02-19 22:59:22.516 20022 20022 I EmojiCompatManager: 	at android.inputmethodservice.InputMethodService.doStartInput(InputMethodService.java:3521)
02-19 22:59:22.516 20022 20022 I EmojiCompatManager: 	at android.inputmethodservice.InputMethodService$InputMethodImpl.startInput(InputMethodService.java:879)
02-19 22:59:22.516 20022 20022 I EmojiCompatManager: 	at android.inputmethodservice.InputMethodService$InputMethodImpl.dispatchStartInput(InputMethodService.java:908)
02-19 22:59:22.516 20022 20022 I EmojiCompatManager: 	at android.inputmethodservice.IInputMethodWrapper.executeMessage(IInputMethodWrapper.java:201)
02-19 22:59:22.516 20022 20022 I EmojiCompatManager: 	at com.android.internal.os.HandlerCaller$MyHandler.handleMessage(HandlerCaller.java:44)
02-19 22:59:22.516 20022 20022 I EmojiCompatManager: 	at android.os.Handler.dispatchMessage(Handler.java:110)
02-19 22:59:22.516 20022 20022 I EmojiCompatManager: 	at android.os.Looper.loopOnce(Looper.java:248)
02-19 22:59:22.516 20022 20022 I EmojiCompatManager: 	at android.os.Looper.loop(Looper.java:338)
02-19 22:59:22.516 20022 20022 I EmojiCompatManager: 	at android.app.ActivityThread.main(ActivityThread.java:9067)
02-19 22:59:22.516 20022 20022 I EmojiCompatManager: 	at java.lang.reflect.Method.invoke(Native Method)
02-19 22:59:22.516 20022 20022 I EmojiCompatManager: 	at com.android.internal.os.RuntimeInit$MethodAndArgsCaller.run(RuntimeInit.java:593)
02-19 22:59:22.516 20022 20022 I EmojiCompatManager: 	at com.android.internal.os.ZygoteInit.main(ZygoteInit.java:932)
02-19 22:59:22.517 20022 20022 I Module  : DeviceLockedStatusModuleProvider$Module.updateDeviceLockedStatus():100 repeatCheckTimes = 1, locked = false
02-19 22:59:22.518   752  2363 W PackageConfigPersister: App-specific configuration not found for packageName: viva.republica.toss.test and userId: 0
02-19 22:59:22.542 13601 13601 D InsetsController: hide(ime(), fromIme=false)
02-19 22:59:22.542 13601 13601 I ImeTracker: viva.republica.toss.test:81cdcd32: onCancelled at PHASE_CLIENT_ALREADY_HIDDEN
02-19 22:59:22.546 13601 13774 W chromium: [WARNING:viz_main_impl.cc(85)] VizNullHypothesis is disabled (not a warning)
02-19 22:59:22.673   752   969 D ActivityManager: freezing 19378 com.google.android.webview:webview_service
02-19 22:59:22.680   752  1029 D InetDiagMessage: Destroyed 0 sockets, proto=IPPROTO_TCP, family=AF_INET, states=14
02-19 22:59:22.681   752  1029 D InetDiagMessage: Destroyed 0 sockets, proto=IPPROTO_TCP, family=AF_INET6, states=14
02-19 22:59:22.681   752  1029 D InetDiagMessage: Destroyed live tcp sockets for uids={10168} in 2ms
02-19 22:59:22.688 13601 13601 E unknown:ReactRootView: Unhandled SoftException
02-19 22:59:22.688 13601 13601 E unknown:ReactRootView: com.facebook.react.uimanager.IllegalViewOperationException: Trying to attach a ReactRootView with an explicit id already set to [2131362676]. React Native uses the id field to track react tags and will overwrite this field. If that is fine, explicitly overwrite the id field to View.NO_ID.
02-19 22:59:22.688 13601 13601 E unknown:ReactRootView: 	at com.facebook.react.ReactRootView.attachToReactInstanceManager(:799)
02-19 22:59:22.688 13601 13601 E unknown:ReactRootView: 	at com.facebook.react.ReactRootView.startReactApplication(:509)
02-19 22:59:22.688 13601 13601 E unknown:ReactRootView: 	at com.facebook.react.ReactRootView.startReactApplication(:469)
02-19 22:59:22.688 13601 13601 E unknown:ReactRootView: 	at im.toss.rn.granite.core.GraniteActivity.write(:486)
02-19 22:59:22.688 13601 13601 E unknown:ReactRootView: 	at im.toss.rn.granite.core.GraniteActivity.RemoteActionCompatParcelizer(:124)
02-19 22:59:22.688 13601 13601 E unknown:ReactRootView: 	at im.toss.rn.granite.core.GraniteActivity$RemoteActionCompatParcelizer.IconCompatParcelizer(:65353)
02-19 22:59:22.688 13601 13601 E unknown:ReactRootView: 	at o.sh.a_(:33)
02-19 22:59:22.688 13601 13601 E unknown:ReactRootView: 	at o.xP.run(:100)
02-19 22:59:22.688 13601 13601 E unknown:ReactRootView: 	at android.os.Handler.handleCallback(Handler.java:995)
02-19 22:59:22.688 13601 13601 E unknown:ReactRootView: 	at android.os.Handler.dispatchMessage(Handler.java:103)
02-19 22:59:22.688 13601 13601 E unknown:ReactRootView: 	at android.os.Looper.loopOnce(Looper.java:248)
02-19 22:59:22.688 13601 13601 E unknown:ReactRootView: 	at android.os.Looper.loop(Looper.java:338)
02-19 22:59:22.688 13601 13601 E unknown:ReactRootView: 	at android.app.ActivityThread.main(ActivityThread.java:9067)
02-19 22:59:22.688 13601 13601 E unknown:ReactRootView: 	at java.lang.reflect.Method.invoke(Native Method)
02-19 22:59:22.688 13601 13601 E unknown:ReactRootView: 	at com.android.internal.os.RuntimeInit$MethodAndArgsCaller.run(RuntimeInit.java:593)
02-19 22:59:22.688 13601 13601 E unknown:ReactRootView: 	at com.android.internal.os.ZygoteInit.main(ZygoteInit.java:932)
02-19 22:59:22.694  4449  4467 V WindowManagerShell: Transition animation finished (aborted=false), notifying core (#1267) android.os.BinderProxy@957ef54@1
02-19 22:59:22.708  4449  4467 V WindowManagerShell: Track 1 became idle
02-19 22:59:22.713  4449  4467 V WindowManagerShell: All active transition animations finished
02-19 22:59:22.745   752   794 V WindowManager: Finish Transition (#1267): created at 02-19 22:59:21.745 collect-started=6.326ms request-sent=36.227ms started=99.548ms ready=212.298ms sent=614.427ms commit=23.411ms finished=958.735ms
02-19 22:59:22.747 19166 19166 D VRI[NexusLauncherActivity]: visibilityChanged oldVisibility=true newVisibility=false
02-19 22:59:22.760 13601 13601 D VRI[MiniAppSchemeActivity]: visibilityChanged oldVisibility=true newVisibility=false
02-19 22:59:22.762   752   797 W IPCThreadState: Sending oneway calls to frozen process.
02-19 22:59:22.768 19166 19166 D NexusLauncherModelDelegate: notifySmartspaceEvent: SmartspaceTargetEvent{mSmartspaceTarget=null, mSmartspaceActionId='null', mEventType=7}
02-19 22:59:22.796 19166 19166 D BaseDepthController: setSurface:
02-19 22:59:22.796 19166 19166 D BaseDepthController: 	mWaitingOnSurfaceValidity: false
02-19 22:59:22.796 19166 19166 D BaseDepthController: 	mBaseSurface: null
02-19 22:59:22.796 19166 19166 D BaseDepthController: mSurface is null and mCurrentBlur is: 0
02-19 22:59:22.799 19166 19166 D StateManager: goToState - fromState: Normal, toState: Normal, partial trace:
02-19 22:59:22.799 19166 19166 D StateManager: 	at com.android.launcher3.statemanager.StateManager.moveToRestState(go/retraceme 72a59688580715d19f0e415c69e80376c2f062d1648c80db6730905005a27c20:4)
02-19 22:59:22.799 19166 19166 D StateManager: 	at com.android.launcher3.statemanager.StateManager.moveToRestState(go/retraceme 72a59688580715d19f0e415c69e80376c2f062d1648c80db6730905005a27c20:1)
02-19 22:59:22.799 19166 19166 D StateManager: 	at com.android.launcher3.statemanager.StatefulActivity.onStop(go/retraceme 72a59688580715d19f0e415c69e80376c2f062d1648c80db6730905005a27c20:34)
02-19 22:59:22.799 19166 19166 D StatsLog: LAUNCHER_ONSTOP
02-19 22:59:22.800 19166 19166 D StatsLog: LAUNCHER_GOOGLE_SEARCH_RESTORE_LIST_SIZE_AFTER_ACTIVITY_RESTART
02-19 22:59:22.826 13601 13601 W WindowOnBackDispatcher: sendCancelIfRunning: isInProgress=false callback=android.view.ViewRootImpl$$ExternalSyntheticLambda13@19c17b5
02-19 22:59:22.827   752  2502 D CoreBackPreview: Window{525444c u0 viva.republica.toss.test/viva.republica.toss.test.MiniAppSchemeActivity}: Setting back callback null
02-19 22:59:22.828 13601 13601 D ViewRootImpl: Skipping stats log for color mode
02-19 22:59:22.897   752  1095 D BackgroundInstallControlService: Package event received: 0
02-19 22:59:22.977   752  2502 D CoreBackPreview: Window{631e76b u0 PopupWindow:90edd19}: Setting back callback OnBackInvokedCallbackInfo{mCallback=android.window.IOnBackInvokedCallback$Stub$Proxy@3efd374, mPriority=0, mIsAnimationCallback=false, mOverrideBehavior=0}
02-19 22:59:23.052   752  1095 D BackgroundInstallControlService: Package event received: 0
02-19 22:59:23.266 13601 13601 I Ads     : JS: The jsLoaded GMSG has been sent (https://googleads.g.doubleclick.net/mads/static/sdk/native/sdk-core-v40.html:1025)
02-19 22:59:23.316 19166 19172 W System  : A resource failed to call release. 
02-19 22:59:23.317 19166 19172 W System  : A resource failed to call release. 
02-19 22:59:23.317 19166 19172 W System  : A resource failed to call release. 
02-19 22:59:24.131 13601 13762 D nativeloader: Load /data/app/~~NUQj-rdXzuicW-16SIRtKA==/viva.republica.toss.test-Si406wFvb_sqEA2GTBV6RQ==/lib/x86_64/libreactnativeblob.so using class loader ns clns-9 (caller=<unknown>): ok
02-19 22:59:24.234 13601 13601 E unknown:ReactNative: Unable to launch logbox because react was unable to create the root view
02-19 22:59:24.302 13804 13804 W dumpsys : Thread Pool max thread count is 0. Cannot cache binder as linkToDeath cannot be implemented. serviceName: window
02-19 22:59:24.413   752  2505 D CompatChangeReporter: Compat change id reported: 297989574; UID 10217; state: ENABLED
02-19 22:59:24.449 13601 13762 W unknown:ViewManagerPropertyUpdater: Could not find generated setter for class com.facebook.react.views.traceupdateoverlay.TraceUpdateOverlayManager
02-19 22:59:24.463 13601 13762 W unknown:ViewManagerPropertyUpdater: Could not find generated setter for class com.facebook.react.uimanager.LayoutShadowNode
02-19 22:59:24.467 13601 13762 W unknown:ViewManagerPropertyUpdater: Could not find generated setter for class com.facebook.react.views.drawer.ReactDrawerLayoutManager
02-19 22:59:24.469 13601 13762 W unknown:ViewManagerPropertyUpdater: Could not find generated setter for class com.facebook.react.views.scroll.ReactHorizontalScrollViewManager
02-19 22:59:24.476 13601 13762 W unknown:ViewManagerPropertyUpdater: Could not find generated setter for class com.facebook.react.views.scroll.ReactHorizontalScrollContainerViewManager
02-19 22:59:24.479 13601 13762 W unknown:ViewManagerPropertyUpdater: Could not find generated setter for class com.facebook.react.views.progressbar.ReactProgressBarViewManager
02-19 22:59:24.481 13601 13762 W unknown:ViewManagerPropertyUpdater: Could not find generated setter for class com.facebook.react.views.progressbar.ProgressBarShadowNode
02-19 22:59:24.483 13601 13762 W unknown:ViewManagerPropertyUpdater: Could not find generated setter for class com.facebook.react.views.scroll.ReactScrollViewManager
02-19 22:59:24.486 13601 13762 W unknown:ViewManagerPropertyUpdater: Could not find generated setter for class com.facebook.react.views.switchview.ReactSwitchManager
02-19 22:59:24.489 13601 13762 W unknown:ViewManagerPropertyUpdater: Could not find generated setter for class com.facebook.react.views.switchview.ReactSwitchManager$ReactSwitchShadowNode
02-19 22:59:24.489 13601 13762 W unknown:ViewManagerPropertyUpdater: Could not find generated setter for class com.facebook.react.views.swiperefresh.SwipeRefreshLayoutManager
02-19 22:59:24.496 13601 13762 W unknown:ViewManagerPropertyUpdater: Could not find generated setter for class com.facebook.react.views.text.frescosupport.FrescoBasedReactTextInlineImageViewManager
02-19 22:59:24.496 13601 13762 W unknown:ViewManagerPropertyUpdater: Could not find generated setter for class com.facebook.react.views.text.frescosupport.FrescoBasedReactTextInlineImageShadowNode
02-19 22:59:24.499 13601 13762 W unknown:ViewManagerPropertyUpdater: Could not find generated setter for class com.facebook.react.views.image.ReactImageManager
02-19 22:59:24.503 13601 13762 W unknown:ViewManagerPropertyUpdater: Could not find generated setter for class com.facebook.react.views.modal.ReactModalHostManager
02-19 22:59:24.507 13601 13762 W unknown:ViewManagerPropertyUpdater: Could not find generated setter for class com.facebook.react.views.modal.ModalHostShadowNode
02-19 22:59:24.508 13601 13762 W unknown:ViewManagerPropertyUpdater: Could not find generated setter for class com.facebook.react.views.text.ReactRawTextManager
02-19 22:59:24.513 13601 13762 W unknown:ViewManagerPropertyUpdater: Could not find generated setter for class com.facebook.react.views.text.ReactRawTextShadowNode
02-19 22:59:24.517 13601 13762 W unknown:ViewManagerPropertyUpdater: Could not find generated setter for class com.facebook.react.views.textinput.ReactTextInputManager
02-19 22:59:24.527 13601 13762 W unknown:ViewManagerPropertyUpdater: Could not find generated setter for class com.facebook.react.views.textinput.ReactTextInputShadowNode
02-19 22:59:24.531 13601 13762 W unknown:ViewManagerPropertyUpdater: Could not find generated setter for class com.facebook.react.views.text.ReactTextViewManager
02-19 22:59:24.532 13601 13762 W unknown:ViewManagerPropertyUpdater: Could not find generated setter for class com.facebook.react.views.text.ReactTextShadowNode
02-19 22:59:24.533 13601 13762 W unknown:ViewManagerPropertyUpdater: Could not find generated setter for class com.facebook.react.views.view.ReactViewManager
02-19 22:59:24.535 13601 13762 W unknown:ViewManagerPropertyUpdater: Could not find generated setter for class com.facebook.react.views.text.ReactVirtualTextViewManager
02-19 22:59:24.536 13601 13762 W unknown:ViewManagerPropertyUpdater: Could not find generated setter for class com.facebook.react.views.text.ReactVirtualTextShadowNode
02-19 22:59:24.536 13601 13762 W unknown:ViewManagerPropertyUpdater: Could not find generated setter for class com.facebook.react.views.unimplementedview.ReactUnimplementedViewManager
02-19 22:59:24.538 13601 13762 W unknown:ViewManagerPropertyUpdater: Could not find generated setter for class com.shopify.reactnative.flash_list.AutoLayoutViewManager
02-19 22:59:24.540 13601 13762 W unknown:ViewManagerPropertyUpdater: Could not find generated setter for class com.shopify.reactnative.flash_list.CellContainerManager
02-19 22:59:24.544 13601 13762 W unknown:ViewManagerPropertyUpdater: Could not find generated setter for class com.airbnb.android.react.lottie.LottieAnimationViewManager
02-19 22:59:24.546 13601 13762 W unknown:ViewManagerPropertyUpdater: Could not find generated setter for class com.swmansion.gesturehandler.react.RNGestureHandlerRootViewManager
02-19 22:59:24.548 13601 13762 W unknown:ViewManagerPropertyUpdater: Could not find generated setter for class com.swmansion.gesturehandler.react.RNGestureHandlerButtonViewManager
02-19 22:59:24.551 13601 13762 W unknown:ViewManagerPropertyUpdater: Could not find generated setter for class io.invertase.googlemobileads.ReactNativeGoogleMobileAdsBannerAdViewManager
02-19 22:59:24.553 13601 13762 W unknown:ViewManagerPropertyUpdater: Could not find generated setter for class com.reactnativepagerview.PagerViewViewManager
02-19 22:59:24.556 13601 13762 W unknown:ViewManagerPropertyUpdater: Could not find generated setter for class com.th3rdwave.safeareacontext.SafeAreaProviderManager
02-19 22:59:24.557 13601 13762 W unknown:ViewManagerPropertyUpdater: Could not find generated setter for class com.th3rdwave.safeareacontext.SafeAreaViewManager
02-19 22:59:24.558 13601 13762 W unknown:ViewManagerPropertyUpdater: Could not find generated setter for class o.eglCreatePlatformPixmapSurface
02-19 22:59:24.559 13601 13762 W unknown:ViewManagerPropertyUpdater: Could not find generated setter for class com.swmansion.rnscreens.ScreenContainerViewManager
02-19 22:59:24.560 13601 13762 W unknown:ViewManagerPropertyUpdater: Could not find generated setter for class com.swmansion.rnscreens.ScreenViewManager
02-19 22:59:24.562 13601 13762 W unknown:ViewManagerPropertyUpdater: Could not find generated setter for class com.swmansion.rnscreens.ScreenStackViewManager
02-19 22:59:24.564 13601 13762 W unknown:ViewManagerPropertyUpdater: Could not find generated setter for class com.swmansion.rnscreens.ScreenStackHeaderConfigViewManager
02-19 22:59:24.565 13601 13762 W unknown:ViewManagerPropertyUpdater: Could not find generated setter for class com.swmansion.rnscreens.ScreenStackHeaderSubviewManager
02-19 22:59:24.567 13601 13762 W unknown:ViewManagerPropertyUpdater: Could not find generated setter for class com.swmansion.rnscreens.SearchBarManager
02-19 22:59:24.569 13601 13762 W unknown:ViewManagerPropertyUpdater: Could not find generated setter for class com.horcrux.svg.RenderableViewManager$DefsViewManager
02-19 22:59:24.575 13601 13762 W unknown:ViewManagerPropertyUpdater: Could not find generated setter for class com.horcrux.svg.VirtualViewManager$RemoteActionCompatParcelizer
02-19 22:59:24.576 13601 13762 W unknown:ViewManagerPropertyUpdater: Could not find generated setter for class com.horcrux.svg.RenderableViewManager$MarkerManager
02-19 22:59:24.580 13601 13762 W unknown:ViewManagerPropertyUpdater: Could not find generated setter for class com.horcrux.svg.RenderableViewManager$ForeignObjectManager
02-19 22:59:24.583 13601 13762 W unknown:ViewManagerPropertyUpdater: Could not find generated setter for class com.horcrux.svg.RenderableViewManager$EllipseViewManager
02-19 22:59:24.585 13601 13762 W unknown:ViewManagerPropertyUpdater: Could not find generated setter for class com.horcrux.svg.RenderableViewManager$LineViewManager
02-19 22:59:24.587 13601 13762 W unknown:ViewManagerPropertyUpdater: Could not find generated setter for class com.horcrux.svg.RenderableViewManager$LinearGradientManager
02-19 22:59:24.589 13601 13762 W unknown:ViewManagerPropertyUpdater: Could not find generated setter for class com.horcrux.svg.RenderableViewManager$GroupViewManager
02-19 22:59:24.591 13601 13762 W unknown:ViewManagerPropertyUpdater: Could not find generated setter for class com.horcrux.svg.RenderableViewManager$TextViewManager
02-19 22:59:24.593 13601 13762 W unknown:ViewManagerPropertyUpdater: Could not find generated setter for class com.horcrux.svg.RenderableViewManager$ImageViewManager
02-19 22:59:24.596 13601 13762 W unknown:ViewManagerPropertyUpdater: Could not find generated setter for class com.horcrux.svg.RenderableViewManager$ClipPathViewManager
02-19 22:59:24.597 13601 13762 W unknown:ViewManagerPropertyUpdater: Could not find generated setter for class com.horcrux.svg.RenderableViewManager$RadialGradientManager
02-19 22:59:24.599 13601 13762 W unknown:ViewManagerPropertyUpdater: Could not find generated setter for class com.horcrux.svg.RenderableViewManager$MaskManager
02-19 22:59:24.601 13601 13762 W unknown:ViewManagerPropertyUpdater: Could not find generated setter for class com.horcrux.svg.RenderableViewManager$SymbolManager
02-19 22:59:24.603 13601 13762 W unknown:ViewManagerPropertyUpdater: Could not find generated setter for class com.horcrux.svg.RenderableViewManager$PatternManager
02-19 22:59:24.604 13601 13762 W unknown:ViewManagerPropertyUpdater: Could not find generated setter for class com.horcrux.svg.RenderableViewManager$RectViewManager
02-19 22:59:24.607 13601 13762 W unknown:ViewManagerPropertyUpdater: Could not find generated setter for class com.horcrux.svg.RenderableViewManager$TextPathViewManager
02-19 22:59:24.608 13601 13762 W unknown:ViewManagerPropertyUpdater: Could not find generated setter for class com.horcrux.svg.SvgViewManager
02-19 22:59:24.611 13601 13762 W unknown:ViewManagerPropertyUpdater: Could not find generated setter for class com.horcrux.svg.RenderableViewManager$PathViewManager
02-19 22:59:24.612 13601 13762 W unknown:ViewManagerPropertyUpdater: Could not find generated setter for class com.horcrux.svg.RenderableViewManager$UseViewManager
02-19 22:59:24.614 13601 13762 W unknown:ViewManagerPropertyUpdater: Could not find generated setter for class com.horcrux.svg.RenderableViewManager$CircleViewManager
02-19 22:59:24.616 13601 13762 W unknown:ViewManagerPropertyUpdater: Could not find generated setter for class com.horcrux.svg.RenderableViewManager$TSpanViewManager
02-19 22:59:24.618 13601 13762 W unknown:ViewManagerPropertyUpdater: Could not find generated setter for class com.brentvatne.exoplayer.ReactExoplayerViewManager
02-19 22:59:24.622 13601 13762 W unknown:ViewManagerPropertyUpdater: Could not find generated setter for class com.reactnativecommunity.webview.RNCWebViewManager
02-19 22:59:24.625 13601 13762 W unknown:ViewManagerPropertyUpdater: Could not find generated setter for class im.toss.rn.granite.core.module.image.FastImageViewManager
02-19 22:59:24.690   752  1856 E TaskPersister: File error accessing recents directory (directory doesn't exist?).
02-19 22:59:24.781   752  1116 W PackageConfigPersister: App-specific configuration not found for packageName: viva.republica.toss.test and userId: 0
02-19 22:59:25.714 13809 13809 W screencap: Thread Pool max thread count is 0. Cannot cache binder as linkToDeath cannot be implemented. serviceName: SurfaceFlingerAIDL
02-19 22:59:25.719 13809 13809 W BpBinder: Linking to death on android.gui.ISurfaceComposer but there are no threads (yet?) listening to incoming transactions. See ProcessState::startThreadPool and ProcessState::setThreadPoolMaxThreadCount. Generally you should setup the binder threadpool before other initialization steps.
02-19 22:59:25.720 13809 13809 W ProcessState: Extra binder thread started, but 0 threads requested. Do not use *startThreadPool when zero threads are requested.
02-19 22:59:25.734   531   548 E HwcComposer: getLuts failed Status(-8, EX_SERVICE_SPECIFIC): '8: '
02-19 22:59:25.734   531   548 E HWComposer: getLuts: getLuts failed for display 4619827259835644672: UNSUPPORTED (8)
