--------- beginning of main
02-19 22:59:17.683   752  1029 D InetDiagMessage: Destroyed live tcp sockets for uids={20168} in 10ms
02-19 22:59:17.737 13601 13601 W Ads     : Failed to get a preloader. Call MobileAds.initialize() prior to calling preload APIs. @3
02-19 22:59:17.738 13601 13601 W Ads     : Failed to get a preloader. Call MobileAds.initialize() prior to calling preload APIs.
02-19 22:59:17.739 13601 13601 W WindowOnBackDispatcher: sendCancelIfRunning: isInProgress=false callback=android.view.ViewRootImpl$$ExternalSyntheticLambda13@df1741f
02-19 22:59:17.753 19829 19829 I Finsky  : [2] Memory trim requested to level 40
02-19 22:59:17.756 19829 19829 I Finsky  : [2] Flushing in-memory image cache
--------- beginning of system
02-19 22:59:17.756   752  2503 D CoreBackPreview: Window{d121d6a u0 viva.republica.toss.test/im.toss.rn.granite.core.GraniteActivity}: Setting back callback null
02-19 22:59:17.765 19166 20392 D OverviewCommandHelper: command added: CommandInfo(type=TOGGLE, status=IDLE, createTime=121031611, animationCallbacks=null, displayId=0, isLastOfBatch=true)
02-19 22:59:17.765 19166 20392 D OverviewCommandHelper: execute: CommandInfo(type=TOGGLE, status=IDLE, createTime=121031611, animationCallbacks=null, displayId=0, isLastOfBatch=true) - queue size: 1
02-19 22:59:17.770 19829 19829 I Finsky  : [2] Current account updated in PVS
02-19 22:59:17.770 13601 13601 D ViewRootImpl: Skipping stats log for color mode
02-19 22:59:17.815 19166 19166 D OverviewCommandHelper: executing command: CommandInfo(type=TOGGLE, status=PROCESSING, createTime=121031611, animationCallbacks=null, displayId=0, isLastOfBatch=true)
02-19 22:59:17.816 19166 19166 D OverviewCommandHelper: executeCommand: CommandInfo(type=TOGGLE, status=PROCESSING, createTime=121031611, animationCallbacks=null, displayId=0, isLastOfBatch=true) - visibleRecentsView: null
02-19 22:59:17.816 19166 19166 D OverviewCommandHelper: Querying TaskbarManager for TaskbarUIController for display: 0
02-19 22:59:17.816 19166 19166 D OverviewCommandHelper: TaskbarUIController for display 0 was found
02-19 22:59:17.816 19166 19166 D TFOManager: playPanelCloseAnimation() duration=150 traceTag=LauncherOverlay-hide isHomeButtonTap=true
02-19 22:59:17.816 19166 19166 D TFOManager: Skipped creating panel close animation because -1 is invisible.
02-19 22:59:17.818 19166 19166 D StateManager: goToState - fromState: Normal, toState: Overview, partial trace:
02-19 22:59:17.818 19166 19166 D StateManager: 	at com.android.quickstep.LauncherActivityInterface.switchToRecentsIfVisible(go/retraceme 72a59688580715d19f0e415c69e80376c2f062d1648c80db6730905005a27c20:39)
02-19 22:59:17.818 19166 19166 D StateManager: 	at com.android.quickstep.OverviewCommandHelper.executeWhenRecentsIsNotVisible(go/retraceme 72a59688580715d19f0e415c69e80376c2f062d1648c80db6730905005a27c20:292)
02-19 22:59:17.818 19166 19166 D StateManager: 	at com.android.quickstep.OverviewCommandHelper.executeCommand(go/retraceme 72a59688580715d19f0e415c69e80376c2f062d1648c80db6730905005a27c20:49)
02-19 22:59:17.820 19166 19166 D OverviewCommandHelper: switching to Overview state - waiting: CommandInfo(type=TOGGLE, status=PROCESSING, createTime=121031611, animationCallbacks=null, displayId=0, isLastOfBatch=true)
02-19 22:59:17.820 19166 19166 D OverviewCommandHelper: command executed: CommandInfo(type=TOGGLE, status=PROCESSING, createTime=121031611, animationCallbacks=null, displayId=0, isLastOfBatch=true) with result: false
02-19 22:59:17.820 19166 19166 D OverviewCommandHelper: waiting for command callback: CommandInfo(type=TOGGLE, status=PROCESSING, createTime=121031611, animationCallbacks=null, displayId=0, isLastOfBatch=true)
02-19 22:59:17.889 19166 19166 D StateManager: onStateTransitionStart - state: Overview
02-19 22:59:17.889 19166 19166 D RecentsView: updateTaskStackListenerState: true
02-19 22:59:17.889 19166 19166 D RecentsView: reloadIfNeeded - getTasks: 1182
02-19 22:59:17.897 19166 19166 D OverviewCommandHelper: switching to Overview state - onAnimationStart: CommandInfo(type=TOGGLE, status=PROCESSING, createTime=121031611, animationCallbacks=null, displayId=0, isLastOfBatch=true)
02-19 22:59:17.902 19166 19166 D StatsLog: LAUNCHER_OVERVIEW_SHOW_OVERVIEW_FROM_3_BUTTON
02-19 22:59:17.913   752   795 W Looper  : Slow dispatch took 155ms android.ui app=system_server main=false group=TOP_APP h=com.android.server.am.ActivityManagerService$UiHandler c=com.android.server.am.UidObserverController$$ExternalSyntheticLambda0@6a2cd6d m=0
02-19 22:59:17.955   752  1233 W ActivityTaskManager: getTaskSnapshot: taskId=230 not found
02-19 22:59:17.975  4449  4449 I vol.VolumeDialogImpl: mDialog.dismiss() reason: volume_controller from: com.android.systemui.volume.VolumeDialogImpl$7.onDismissRequested:3
02-19 22:59:17.986   752  1095 D BackgroundInstallControlService: Package event received: 0
02-19 22:59:17.989   752  2502 W ActivityTaskManager: takeTaskSnapshot: taskId=230 not found or not visible
02-19 22:59:17.990  4449  4458 W System  : A resource failed to call release. 
02-19 22:59:17.991  4449  4458 W System  : A resource failed to call release. 
02-19 22:59:17.991  4449  4458 W System  : A resource failed to call release. 
02-19 22:59:17.991  4449  4458 W System  : A resource failed to call release. 
02-19 22:59:17.997  4449  4458 W System  : A resource failed to call release. 
02-19 22:59:17.997  4449  4458 W System  : A resource failed to call release. 
02-19 22:59:17.997   752  1095 D BackgroundInstallControlService: Package event received: 0
02-19 22:59:17.999  4449  4458 W System  : A resource failed to call release. 
02-19 22:59:17.999  4449  4458 W System  : A resource failed to call release. 
02-19 22:59:18.001  4449  4458 W System  : A resource failed to call release. 
02-19 22:59:18.047   531   531 I BpBinder: onLastStrongRef automatically unlinking death recipients: 
02-19 22:59:18.055 19166 19166 D RecentsView: applyLoadPlan - taskGroups: [type=SINGLE task=[id=12 windowingMode=0 user=0 lastActiveTime=89737] null, type=SINGLE task=[id=49 windowingMode=1 user=0 lastActiveTime=87698314] null, type=SINGLE task=[id=232 windowingMode=1 user=0 lastActiveTime=121029781] null]
02-19 22:59:18.098   752   795 W Looper  : Slow dispatch took 113ms android.ui app=system_server main=false group=TOP_APP h=com.android.server.am.ActivityManagerService$UiHandler c=com.android.server.am.UidObserverController$$ExternalSyntheticLambda0@6a2cd6d m=0
02-19 22:59:18.107   752  2502 W HWUI    : Image decoding logging dropped!
02-19 22:59:18.140 19166 19166 D RecentsView: onTaskRemoved: 232
02-19 22:59:18.142 19166 19166 D RecentsView: onTaskRemoved: 232
02-19 22:59:18.194   752  4596 W HWUI    : Failed to choose config with EGL_SWAP_BEHAVIOR_PRESERVED, retrying without...
02-19 22:59:18.194   752  4596 W HWUI    : Failed to initialize 101010-2 format, error = EGL_SUCCESS
02-19 22:59:18.501 19166 19166 D StateManager: onStateTransitionEnd - state: Overview
02-19 22:59:18.508 19166 19166 D OverviewCommandHelper: switching to Overview state - onAnimationEnd: CommandInfo(type=TOGGLE, status=PROCESSING, createTime=121031611, animationCallbacks=null, displayId=0, isLastOfBatch=true)
02-19 22:59:18.510 19166 19166 D OverviewCommandHelper: command executed: CommandInfo(type=TOGGLE, status=PROCESSING, createTime=121031611, animationCallbacks=null, displayId=0, isLastOfBatch=true) with result: true
02-19 22:59:18.511 19166 19166 D OverviewCommandHelper: command executed successfully! CommandInfo(type=TOGGLE, status=COMPLETED, createTime=121031611, animationCallbacks=null, displayId=0, isLastOfBatch=true)
02-19 22:59:18.511 19166 19166 D OverviewCommandHelper: no pending commands to be executed.
02-19 22:59:18.551 19166 20297 W HWUI    : Image decoding logging dropped!
02-19 22:59:18.606 19166 19166 I AiAiSuggestUi: Clearing suggestions.
02-19 22:59:18.606 19166 19166 I AiAiSuggestUi: Requesting to show indicators
02-19 22:59:18.606 19166 19166 I AiAiSuggestUi: Fetching contents, isPrimaryTask = false
02-19 22:59:18.617   752  2502 W ActivityTaskManager: getApplicationThreadForTopActivity failed: Requested task not found
02-19 22:59:18.618   752  2502 E ActivityTaskManager: Could not find activity for task 232
02-19 22:59:18.651   752  2503 W HWUI    : Image decoding logging dropped!
02-19 22:59:18.812 19166 19649 I AiAiSuggestUi: Request suggestContentSelections complete, took: 202
02-19 22:59:18.812 19166 19649 I AiAiSuggestUi: Fetched content back in callback
02-19 22:59:18.813 19166 19166 I AiAiSuggestUi: Display indicators
02-19 22:59:19.292   752   795 W ActivityTaskManager: callingPackage for (uid=-1, pid=0) has no WPC
02-19 22:59:19.293   752   795 W ActivityStartInterceptor: Starting home with component specified, uid=0
02-19 22:59:19.295   752   795 W OptProp : Cannot read opt property android.window.PROPERTY_COMPAT_ALLOW_USER_ASPECT_RATIO_OVERRIDE
02-19 22:59:19.295   752   795 W OptProp : Cannot read opt property android.window.PROPERTY_COMPAT_ALLOW_USER_ASPECT_RATIO_FULLSCREEN_OVERRIDE
02-19 22:59:19.295   752   795 W OptProp : Cannot read opt property android.window.PROPERTY_COMPAT_ALLOW_RESIZEABLE_ACTIVITY_OVERRIDES
02-19 22:59:19.295   752   795 W OptProp : Cannot read opt property android.window.PROPERTY_COMPAT_ALLOW_MIN_ASPECT_RATIO_OVERRIDE
02-19 22:59:19.296   752   795 V GrammaticalInflectionUtils: AttributionSource: android.content.AttributionSource@1abea79a does not have READ_SYSTEM_GRAMMATICAL_GENDER permission.
02-19 22:59:19.302  4449 30775 D KeyguardService: setOccluded(false)
02-19 22:59:19.302  4449 30775 D KeyguardViewMediator: setOccluded(false)
02-19 22:59:19.304  4449  4467 D WindowManagerShell: onActivityRestartAttempt: topActivity=ComponentInfo{com.google.android.apps.nexuslauncher/com.google.android.apps.nexuslauncher.NexusLauncherActivity}, wasVisible=true
02-19 22:59:19.304   752   795 I ActivityTaskManager: START u0 {act=android.intent.action.MAIN cat=[android.intent.category.HOME] flg=0x10000100 cmp=com.google.android.apps.nexuslauncher/.NexusLauncherActivity (has extras)} with LAUNCH_SINGLE_TASK from uid 0 (BAL_ALLOW_ALLOWLISTED_UID) result code=3
02-19 22:59:19.304 19166 19166 W SplitSelectStateCtor: Missing session instanceIds
02-19 22:59:19.304 19166 19166 D StatsLog: LAUNCHER_SPLIT_SELECTION_EXIT_INTERRUPTED
02-19 22:59:19.306 19166 19166 D StateManager: goToState - fromState: Overview, toState: Normal, partial trace:
02-19 22:59:19.306 19166 19166 D StateManager: 	at com.android.launcher3.Launcher.onNewIntent(go/retraceme 72a59688580715d19f0e415c69e80376c2f062d1648c80db6730905005a27c20:116)
02-19 22:59:19.306 19166 19166 D StateManager: 	at com.android.launcher3.uioverrides.QuickstepLauncher.onNewIntent(go/retraceme 72a59688580715d19f0e415c69e80376c2f062d1648c80db6730905005a27c20:1)
02-19 22:59:19.306 19166 19166 D StateManager: 	at com.google.android.apps.nexuslauncher.NexusLauncherActivity.onNewIntent(go/retraceme 72a59688580715d19f0e415c69e80376c2f062d1648c80db6730905005a27c20:1)
02-19 22:59:19.306 19166 19166 D RecentsView: finishRecentsAnimation - mRecentsAnimationController: null
02-19 22:59:19.307 19166 19166 D RecentsView: cleanupRemoteTargets - mRemoteTargetHandles: null
02-19 22:59:19.309 19166 19166 D TFOManager: playPanelCloseAnimation() duration=200 traceTag=LauncherOverlay-hide isHomeButtonTap=true
02-19 22:59:19.309 19166 19166 D TFOManager: Skipped creating panel close animation because -1 is invisible.
02-19 22:59:19.309 19166 19166 D OverviewCommandHelper: clearing pending commands: []
02-19 22:59:19.311  4449  4449 I vol.VolumeDialogImpl: mDialog.dismiss() reason: volume_controller from: com.android.systemui.volume.VolumeDialogImpl$7.onDismissRequested:3
02-19 22:59:19.312  4449  4449 D KeyguardViewMediator: handleSetOccluded(false)
02-19 22:59:19.313  4449  4449 D KeyguardViewMediator: KeyguardViewMediator queue processing message: SET_OCCLUDED
02-19 22:59:19.335 19166 19166 D StateManager: onStateTransitionStart - state: Normal
02-19 22:59:19.335 19166 19166 D RecentsView: updateTaskStackListenerState: false
02-19 22:59:19.338 19166 19166 D StatsLog: LAUNCHER_ONRESUME
02-19 22:59:19.341   531   590 I BpBinder: onLastStrongRef automatically unlinking death recipients: 
02-19 22:59:19.347 19166 19166 D OverviewActionsView: updateForGroupedTask() called with: isGroupedTask = [false], canSaveAppPair = [false]
02-19 22:59:19.347 19166 19166 D OverviewActionsView: updateActionButtonsVisibility() called: showSingleTaskActions = [true], showGroupActions = [false]
02-19 22:59:19.353   752  1095 D BackgroundInstallControlService: Package event received: 0
02-19 22:59:19.392 19166 19190 D QuickstepModelDelegate: notifyAppTargetEvent action=1 launchLocation=workspace/0/[-1,-1]/[1,1]
02-19 22:59:19.422 19166 19166 I NotificationListener: Handling notification state refresh for com.google.android.adservices.api#0
02-19 22:59:19.423 19166 19166 I NotificationListener: Handling notification state refresh for android#0
02-19 22:59:19.424 19166 19166 I NotificationListener: Handling notification state refresh for com.android.systemui#0
02-19 22:59:19.460  1971  2198 I AiAiEcho: Predicting[0]:  [CONTEXT sampling_count=5 ]
02-19 22:59:19.461  1971  2198 I AiAiEcho: EchoTargets: 
02-19 22:59:19.461  1971  2198 I AiAiEcho: Filtered by AiAi flag check: 
02-19 22:59:19.461  1971  2198 I AiAiEcho: [CONTEXT ratelimit_period="10 SECONDS" ]
02-19 22:59:19.462  1971  2198 I AiAiEcho: #remoteViewsTwiddler: feature disabled.
02-19 22:59:19.470  1971  2198 I AiAiEcho: #postPredictionTargets: Sending updates to UISurface home with targets# 0 (types=[])
02-19 22:59:19.503 13601 13746 D nativeloader: Load /data/app/~~NUQj-rdXzuicW-16SIRtKA==/viva.republica.toss.test-Si406wFvb_sqEA2GTBV6RQ==/lib/x86_64/libc++_shared.so using class loader ns clns-9 (caller=<unknown>): ok
02-19 22:59:19.535 13601 13746 D nativeloader: Load /data/app/~~NUQj-rdXzuicW-16SIRtKA==/viva.republica.toss.test-Si406wFvb_sqEA2GTBV6RQ==/lib/x86_64/libglog.so using class loader ns clns-9 (caller=<unknown>): ok
02-19 22:59:19.556 19166 19166 D SsBaseTemplateCard: No text view can be set up
02-19 22:59:19.556 19166 19166 D SsBaseTemplateCard: Passed-in item info is null
02-19 22:59:19.556 19166 19166 D SsBaseTemplateCard: Passed-in item info is null
02-19 22:59:19.556 19166 19166 D SsBaseTemplateCard: Passed-in item info is null
02-19 22:59:19.557 19166 19166 I SsBaseTemplateCard: Secondary card pane is null
02-19 22:59:19.586 13601 13746 D nativeloader: Load /data/app/~~NUQj-rdXzuicW-16SIRtKA==/viva.republica.toss.test-Si406wFvb_sqEA2GTBV6RQ==/lib/x86_64/libfolly_runtime.so using class loader ns clns-9 (caller=<unknown>): ok
02-19 22:59:19.615 19166 19166 D StateManager: onStateTransitionEnd - state: Normal
02-19 22:59:19.616 19166 19166 D RecentsView: reset - mEnableDrawingLiveTile: false, mRecentsAnimationController: null
02-19 22:59:19.616 19166 19166 I AiAiSuggestUi: Clearing suggestions.
02-19 22:59:19.616 19166 19166 I AiAiSuggestUi: Clearing suggestions.
02-19 22:59:19.616 13601 13746 D nativeloader: Load /data/app/~~NUQj-rdXzuicW-16SIRtKA==/viva.republica.toss.test-Si406wFvb_sqEA2GTBV6RQ==/lib/x86_64/libfbjni.so using class loader ns clns-9 (caller=<unknown>): ok
02-19 22:59:19.617 19166 19166 D ActivityAllAppsContainerView: rebindAdapters: force: false
02-19 22:59:19.617 19166 19166 D ActivityAllAppsContainerView: rebindAdapters: Not needed.
02-19 22:59:19.642 13601 13746 D nativeloader: Load /data/app/~~NUQj-rdXzuicW-16SIRtKA==/viva.republica.toss.test-Si406wFvb_sqEA2GTBV6RQ==/lib/x86_64/libjsi.so using class loader ns clns-9 (caller=<unknown>): ok
02-19 22:59:19.665 13601 13746 D nativeloader: Load /data/app/~~NUQj-rdXzuicW-16SIRtKA==/viva.republica.toss.test-Si406wFvb_sqEA2GTBV6RQ==/lib/x86_64/libhermes.so using class loader ns clns-9 (caller=<unknown>): ok
02-19 22:59:19.674 19166 19166 D OverviewActionsView: updateForGroupedTask() called with: isGroupedTask = [false], canSaveAppPair = [false]
02-19 22:59:19.675 19166 19166 D OverviewActionsView: updateActionButtonsVisibility() called: showSingleTaskActions = [true], showGroupActions = [false]
02-19 22:59:19.747 13601 13746 D nativeloader: Load /data/app/~~NUQj-rdXzuicW-16SIRtKA==/viva.republica.toss.test-Si406wFvb_sqEA2GTBV6RQ==/lib/x86_64/libfb.so using class loader ns clns-9 (caller=<unknown>): ok
02-19 22:59:19.786 13601 13746 D nativeloader: Load /data/app/~~NUQj-rdXzuicW-16SIRtKA==/viva.republica.toss.test-Si406wFvb_sqEA2GTBV6RQ==/lib/x86_64/libyoga.so using class loader ns clns-9 (caller=<unknown>): ok
02-19 22:59:19.800 13601 13746 D nativeloader: Load /data/app/~~NUQj-rdXzuicW-16SIRtKA==/viva.republica.toss.test-Si406wFvb_sqEA2GTBV6RQ==/lib/x86_64/libruntimeexecutor.so using class loader ns clns-9 (caller=<unknown>): ok
02-19 22:59:19.804 13601 13746 D nativeloader: Load /data/app/~~NUQj-rdXzuicW-16SIRtKA==/viva.republica.toss.test-Si406wFvb_sqEA2GTBV6RQ==/lib/x86_64/libreact_debug.so using class loader ns clns-9 (caller=<unknown>): ok
02-19 22:59:19.810 13601 13746 D nativeloader: Load /data/app/~~NUQj-rdXzuicW-16SIRtKA==/viva.republica.toss.test-Si406wFvb_sqEA2GTBV6RQ==/lib/x86_64/libglog_init.so using class loader ns clns-9 (caller=<unknown>): ok
02-19 22:59:19.817 13601 13746 D nativeloader: Load /data/app/~~NUQj-rdXzuicW-16SIRtKA==/viva.republica.toss.test-Si406wFvb_sqEA2GTBV6RQ==/lib/x86_64/libreact_utils.so using class loader ns clns-9 (caller=<unknown>): ok
02-19 22:59:19.825 13601 13746 D nativeloader: Load /data/app/~~NUQj-rdXzuicW-16SIRtKA==/viva.republica.toss.test-Si406wFvb_sqEA2GTBV6RQ==/lib/x86_64/libreact_render_mapbuffer.so using class loader ns clns-9 (caller=<unknown>): ok
02-19 22:59:19.833 13601 13746 D nativeloader: Load /data/app/~~NUQj-rdXzuicW-16SIRtKA==/viva.republica.toss.test-Si406wFvb_sqEA2GTBV6RQ==/lib/x86_64/libreact_render_graphics.so using class loader ns clns-9 (caller=<unknown>): ok
02-19 22:59:19.836 13601 13746 D nativeloader: Load /data/app/~~NUQj-rdXzuicW-16SIRtKA==/viva.republica.toss.test-Si406wFvb_sqEA2GTBV6RQ==/lib/x86_64/libreact_render_debug.so using class loader ns clns-9 (caller=<unknown>): ok
02-19 22:59:19.903 13601 13746 D nativeloader: Load /data/app/~~NUQj-rdXzuicW-16SIRtKA==/viva.republica.toss.test-Si406wFvb_sqEA2GTBV6RQ==/lib/x86_64/libreact_render_core.so using class loader ns clns-9 (caller=<unknown>): ok
02-19 22:59:19.934 13601 13746 D nativeloader: Load /data/app/~~NUQj-rdXzuicW-16SIRtKA==/viva.republica.toss.test-Si406wFvb_sqEA2GTBV6RQ==/lib/x86_64/libreact_render_runtimescheduler.so using class loader ns clns-9 (caller=<unknown>): ok
02-19 22:59:19.937 13601 13746 D nativeloader: Load /data/app/~~NUQj-rdXzuicW-16SIRtKA==/viva.republica.toss.test-Si406wFvb_sqEA2GTBV6RQ==/lib/x86_64/liblogger.so using class loader ns clns-9 (caller=<unknown>): ok
02-19 22:59:19.940 13601 13746 D nativeloader: Load /data/app/~~NUQj-rdXzuicW-16SIRtKA==/viva.republica.toss.test-Si406wFvb_sqEA2GTBV6RQ==/lib/x86_64/libreactperfloggerjni.so using class loader ns clns-9 (caller=<unknown>): ok
02-19 22:59:19.947 13601 13746 D nativeloader: Load /data/app/~~NUQj-rdXzuicW-16SIRtKA==/viva.republica.toss.test-Si406wFvb_sqEA2GTBV6RQ==/lib/x86_64/libjsinspector.so using class loader ns clns-9 (caller=<unknown>): ok
02-19 22:59:19.957 13601 13746 D nativeloader: Load /data/app/~~NUQj-rdXzuicW-16SIRtKA==/viva.republica.toss.test-Si406wFvb_sqEA2GTBV6RQ==/lib/x86_64/libreactnativejni.so using class loader ns clns-9 (caller=<unknown>): ok
02-19 22:59:19.972 13601 13746 D nativeloader: Load /data/app/~~NUQj-rdXzuicW-16SIRtKA==/viva.republica.toss.test-Si406wFvb_sqEA2GTBV6RQ==/lib/x86_64/libhermes_executor.so using class loader ns clns-9 (caller=<unknown>): ok
02-19 22:59:20.039 13601 13746 D ApplicationLoaders: Returning zygote-cached class loader: /system/framework/org.apache.http.legacy.jar
02-19 22:59:20.039 13601 13746 D ApplicationLoaders: Returning zygote-cached class loader: /system/framework/com.android.location.provider.jar
02-19 22:59:20.039 13601 13746 D ApplicationLoaders: Returning zygote-cached class loader: /system/framework/com.android.media.remotedisplay.jar
02-19 22:59:20.039 13601 13746 D ApplicationLoaders: Returning zygote-cached class loader: /system_ext/framework/androidx.window.extensions.jar
02-19 22:59:20.039 13601 13746 D ApplicationLoaders: Returning zygote-cached class loader: /system_ext/framework/androidx.window.sidecar.jar
02-19 22:59:20.243 13601 13746 D nativeloader: Configuring clns-13 for other apk /data/app/~~O-UZzK0jUU9NLgS3MODOZA==/com.google.android.gms-YQ2L6GsYyKuvu9MvIBK1EQ==/base.apk. target_sdk_version=36, uses_libraries=, library_path=/data/app/~~O-UZzK0jUU9NLgS3MODOZA==/com.google.android.gms-YQ2L6GsYyKuvu9MvIBK1EQ==/lib/x86_64:/data/app/~~O-UZzK0jUU9NLgS3MODOZA==/com.google.android.gms-YQ2L6GsYyKuvu9MvIBK1EQ==/base.apk!/lib/x86_64, permitted_path=/data:/mnt/expand:/data/user/0/com.google.android.gms
02-19 22:59:20.259 13601 13746 I blica.toss.test: AssetManager2(0x7d8fac42e5d8) locale list changing from [] to [en-US]
02-19 22:59:20.281   537   537 W adbd    : timeout expired while flushing socket, closing
02-19 22:59:20.296 13601 13746 W System  : ClassLoader referenced unknown path: 
02-19 22:59:20.297 13601 13746 D nativeloader: Configuring clns-14 for other apk . target_sdk_version=36, uses_libraries=, library_path=/data/app/~~O-UZzK0jUU9NLgS3MODOZA==/com.google.android.gms-YQ2L6GsYyKuvu9MvIBK1EQ==/lib/x86_64:/data/app/~~O-UZzK0jUU9NLgS3MODOZA==/com.google.android.gms-YQ2L6GsYyKuvu9MvIBK1EQ==/base.apk!/lib/x86_64, permitted_path=/data:/mnt/expand:/data/user/0/com.google.android.gms
02-19 22:59:20.301 13601 13746 W DynamiteModule: Failed to load module via V2: java.lang.NoSuchFieldException: No field sClassLoader in class Lcom/google/android/gms/dynamite/DynamiteModule$DynamiteLoaderClassLoader; (declaration of 'com.google.android.gms.dynamite.DynamiteModule$DynamiteLoaderClassLoader' appears in /data/app/~~NUQj-rdXzuicW-16SIRtKA==/viva.republica.toss.test-Si406wFvb_sqEA2GTBV6RQ==/base.apk!classes2.dex)
02-19 22:59:20.307 13601 13746 I DynamiteModule: Considering local module com.google.android.gms.ads.dynamite:0 and remote module com.google.android.gms.ads.dynamite:254380203
02-19 22:59:20.308 13601 13746 I DynamiteModule: Selected remote version of com.google.android.gms.ads.dynamite, version >= 254380203
02-19 22:59:20.322 13601 13746 D CompatChangeReporter: Compat change id reported: 312399441; UID 10217; state: ENABLED
02-19 22:59:20.432 13601 13746 I blica.toss.test: AssetManager2(0x7d8fac42f578) locale list changing from [] to [en-US]
02-19 22:59:20.433 13601 13746 I blica.toss.test: AssetManager2(0x7d8fac432138) locale list changing from [] to [en-US]
02-19 22:59:20.441 13601 13746 D DynamitePackage: Instantiated singleton DynamitePackage.
02-19 22:59:20.441 13601 13746 D DynamitePackage: Instantiating com.google.android.gms.ads.ChimeraMobileAdsSettingManagerCreatorImpl
02-19 22:59:20.673   752  2363 D ConnectivityService: requestNetwork for uid/pid:10217/13601 activeRequest: null callbackRequest: 1301 [NetworkRequest [ REQUEST id=1302, [ Capabilities: INTERNET&NOT_RESTRICTED&TRUSTED&NOT_VCN_MANAGED&NOT_BANDWIDTH_CONSTRAINED Uid: 10217 RequestorUid: 10217 RequestorPkg: viva.republica.toss.test UnderlyingNetworks: Null] ]] callback flags: 0 order: 2147483647 isUidTracked: false declaredMethods: AVAIL|LOST
02-19 22:59:20.678   752  1023 D OemPaidWifiNetworkFactory: got request NetworkRequest [ REQUEST id=1302, [ Capabilities: INTERNET&NOT_RESTRICTED&TRUSTED&NOT_VCN_MANAGED&NOT_BANDWIDTH_CONSTRAINED Uid: 10217 RequestorUid: 10217 RequestorPkg: viva.republica.toss.test UnderlyingNetworks: Null] ]
02-19 22:59:20.678   752  1023 D MultiInternetWifiNetworkFactory: got request NetworkRequest [ REQUEST id=1302, [ Capabilities: INTERNET&NOT_RESTRICTED&TRUSTED&NOT_VCN_MANAGED&NOT_BANDWIDTH_CONSTRAINED Uid: 10217 RequestorUid: 10217 RequestorPkg: viva.republica.toss.test UnderlyingNetworks: Null] ]
02-19 22:59:20.678   752  1023 D WifiNetworkFactory: got request NetworkRequest [ REQUEST id=1302, [ Capabilities: INTERNET&NOT_RESTRICTED&TRUSTED&NOT_VCN_MANAGED&NOT_BANDWIDTH_CONSTRAINED Uid: 10217 RequestorUid: 10217 RequestorPkg: viva.republica.toss.test UnderlyingNetworks: Null] ]
02-19 22:59:20.678   752  1023 D UntrustedWifiNetworkFactory: got request NetworkRequest [ REQUEST id=1302, [ Capabilities: INTERNET&NOT_RESTRICTED&TRUSTED&NOT_VCN_MANAGED&NOT_BANDWIDTH_CONSTRAINED Uid: 10217 RequestorUid: 10217 RequestorPkg: viva.republica.toss.test UnderlyingNetworks: Null] ]
02-19 22:59:20.678   752  1029 D ConnectivityService: NetReassign [1302 : null → 108] [c 0] [a 1] [i 2]
02-19 22:59:20.791 13601 13746 D DynamitePackage: Instantiating com.google.android.gms.ads.ChimeraAdPreloaderCreatorImpl
02-19 22:59:20.796 13752 13752 W dumpsys : Thread Pool max thread count is 0. Cannot cache binder as linkToDeath cannot be implemented. serviceName: window
02-19 22:59:20.906   752  1856 E TaskPersister: File error accessing recents directory (directory doesn't exist?).
02-19 22:59:20.928 13601 13746 W unknown:ReactContext: initializeMessageQueueThreads() is called.
02-19 22:59:20.978  3453  3453 D BoundBrokerSvc: onRebind: Intent { act=com.google.android.gms.appset.service.START dat=chimera-action:/... xflg=0x4 cmp=com.google.android.gms/.chimera.GmsApiService }
02-19 22:59:21.001   752  2505 D ConnectivityService: requestNetwork for uid/pid:10217/13601 activeRequest: null callbackRequest: 1303 [NetworkRequest [ REQUEST id=1304, [ Capabilities: INTERNET&NOT_RESTRICTED&TRUSTED&NOT_VCN_MANAGED&NOT_BANDWIDTH_CONSTRAINED Uid: 10217 RequestorUid: 10217 RequestorPkg: viva.republica.toss.test UnderlyingNetworks: Null] ]] callback flags: 0 order: 2147483647 isUidTracked: false declaredMethods: AVAIL|LOST|NC|LP
02-19 22:59:21.003   752  2503 D CompatChangeReporter: Compat change id reported: 319212206; UID 10217; state: ENABLED
02-19 22:59:21.006   752  1029 D ConnectivityService: NetReassign [1304 : null → 108] [c 0] [a 2] [i 2]
02-19 22:59:21.008   752  1029 D ConnectivityService: NetReassign [no changes] [c 0] [a 1] [i 1]
02-19 22:59:21.011   752  1023 D OemPaidWifiNetworkFactory: got request NetworkRequest [ REQUEST id=1304, [ Capabilities: INTERNET&NOT_RESTRICTED&TRUSTED&NOT_VCN_MANAGED&NOT_BANDWIDTH_CONSTRAINED Uid: 10217 RequestorUid: 10217 RequestorPkg: viva.republica.toss.test UnderlyingNetworks: Null] ]
02-19 22:59:21.011   752  1023 D MultiInternetWifiNetworkFactory: got request NetworkRequest [ REQUEST id=1304, [ Capabilities: INTERNET&NOT_RESTRICTED&TRUSTED&NOT_VCN_MANAGED&NOT_BANDWIDTH_CONSTRAINED Uid: 10217 RequestorUid: 10217 RequestorPkg: viva.republica.toss.test UnderlyingNetworks: Null] ]
02-19 22:59:21.011   752  1023 D WifiNetworkFactory: got request NetworkRequest [ REQUEST id=1304, [ Capabilities: INTERNET&NOT_RESTRICTED&TRUSTED&NOT_VCN_MANAGED&NOT_BANDWIDTH_CONSTRAINED Uid: 10217 RequestorUid: 10217 RequestorPkg: viva.republica.toss.test UnderlyingNetworks: Null] ]
02-19 22:59:21.011   752  1023 D UntrustedWifiNetworkFactory: got request NetworkRequest [ REQUEST id=1304, [ Capabilities: INTERNET&NOT_RESTRICTED&TRUSTED&NOT_VCN_MANAGED&NOT_BANDWIDTH_CONSTRAINED Uid: 10217 RequestorUid: 10217 RequestorPkg: viva.republica.toss.test UnderlyingNetworks: Null] ]
02-19 22:59:21.124   752  2363 W ActivityTaskManager: callingPackage for (uid=2000, pid=13771) has no WPC
02-19 22:59:21.135   752  2363 V GrammaticalInflectionUtils: AttributionSource: android.content.AttributionSource@56784557 does not have READ_SYSTEM_GRAMMATICAL_GENDER permission.
02-19 22:59:21.137   752  2363 W OptProp : Cannot read opt property android.window.PROPERTY_COMPAT_ALLOW_USER_ASPECT_RATIO_OVERRIDE
02-19 22:59:21.138   752  2363 W OptProp : Cannot read opt property android.window.PROPERTY_COMPAT_ALLOW_USER_ASPECT_RATIO_FULLSCREEN_OVERRIDE
02-19 22:59:21.140   752  2363 W OptProp : Cannot read opt property android.window.PROPERTY_COMPAT_ALLOW_RESIZEABLE_ACTIVITY_OVERRIDES
02-19 22:59:21.142 13601 13762 D nativeloader: Load /data/data/viva.republica.toss.test/libtcj.so using class loader ns clns-9 (caller=<unknown>): ok
02-19 22:59:21.144   752  2363 W OptProp : Cannot read opt property android.window.PROPERTY_COMPAT_ALLOW_MIN_ASPECT_RATIO_OVERRIDE
02-19 22:59:21.155   752  2363 W OptProp : Cannot read opt property android.window.PROPERTY_COMPAT_ALLOW_ORIENTATION_OVERRIDE
02-19 22:59:21.169 13601 13638 W cr_media: BLUETOOTH_CONNECT permission is missing.
02-19 22:59:21.170 13601 13638 W cr_media: getBluetoothAdapter() requires BLUETOOTH permission
02-19 22:59:21.172 13601 13638 W cr_media: registerBluetoothIntentsIfNeeded: Requires BLUETOOTH permission
02-19 22:59:21.173  4449  4467 V WindowManagerShell: Transition requested (#1266): android.os.BinderProxy@c36c88e TransitionRequestInfo { type = OPEN, triggerTask = TaskInfo{userId=0 taskId=233 effectiveUid=10217 displayId=0 isRunning=true baseIntent=Intent { act=android.intent.action.VIEW dat=intoss://takealook/... flg=0x10000000 pkg=viva.republica.toss.test cmp=viva.republica.toss.test/.MiniAppSchemeActivity } baseActivity=ComponentInfo{viva.republica.toss.test/viva.republica.toss.test.MiniAppSchemeActivity} topActivity=ComponentInfo{viva.republica.toss.test/viva.republica.toss.test.MiniAppSchemeActivity} origActivity=null realActivity=ComponentInfo{viva.republica.toss.test/viva.republica.toss.test.MiniAppSchemeActivity} numActivities=1 lastActiveTime=121035017 supportsMultiWindow=true resizeMode=1 isResizeable=true minWidth=-1 minHeight=-1 defaultMinSize=220 token=WCT{android.window.IWindowContainerToken$Stub$Proxy@42d8af} topActivityType=1 pictureInPictureParams=null shouldDockBigOverlays=false launchIntoPipHostTaskId=-1 lastParentTaskIdBeforePip=-1 displayCutoutSafeInsets=Rect(0, 0 - 0, 0) topActivityInfo=ActivityInfo{d5c4bc viva.republica.toss.test.MiniAppSchemeActivity} launchCookies=[] positionInParent=Point(0, 0) parentTaskId=-1 isFocused=false isVisible=false isVisibleRequested=false isTopActivityNoDisplay=false isSleeping=false locusId=null displayAreaFeatureId=1 isTopActivityTransparent=true isActivityStackTransparent=true lastNonFullscreenBounds=Rect(284, 660 - 796, 1740) capturedLink=null capturedLinkTimestamp=0 requestedVisibleTypes=-9 topActivityRequestOpenInBrowserEducationTimestamp=0 appCompatTaskInfo=AppCompatTaskInfo { topActivityInSizeCompat=false eligibleForLetterboxEducation= false isLetterboxEducationEnabled= true isLetterboxDoubleTapEnabled= false eligibleForUserAspectRatioButton= false topActivityBoundsLetterboxed= false isFromLetterboxDoubleTap= false topActivityLetterboxVerticalPosition= -1 topActivityLetterboxHorizontalPosition= -1 topActivityLetterboxWidth=-1 topActivityLetterboxHeight=-1 topActivityAppBounds=Rect(0, 0 - 1080, 2400) isUserFullscreenOverrideEnabled=false isSystemFullscreenOverrideEnabled=false hasMinAspectRatioOverride=false topActivityLetterboxBounds=null cameraCompatTaskInfo=CameraCompatTaskInfo { freeformCameraCompatMode=inactive}} topActivityMainWindowFrame=null}, pipChange = null, remoteTransition = null, displayChange = null, flags = 0, debugId = 1266 }
02-19 22:59:21.174   531   590 I BpBinder: onLastStrongRef automatically unlinking death recipients: 
02-19 22:59:21.174   752  2363 I ActivityTaskManager: START u0 {act=android.intent.action.VIEW dat=intoss://takealook/... flg=0x10000000 xflg=0x4 pkg=viva.republica.toss.test cmp=viva.republica.toss.test/.MiniAppSchemeActivity} with LAUNCH_MULTIPLE from uid 2000 (BAL_ALLOW_PERMISSION) result code=0
02-19 22:59:21.128 13601 13601 W mqt_js  : type=1400 audit(0.0:568): avc:  granted  { execute } for  path="/data/data/viva.republica.toss.test/libtcj.so" dev="dm-55" ino=364294 scontext=u:r:untrusted_app:s0:c217,c256,c512,c768 tcontext=u:object_r:app_data_file:s0:c217,c256,c512,c768 tclass=file app=viva.republica.toss.test
02-19 22:59:21.174  4449  4467 D ShellSplitScreen: logExit: no-op, mLoggerSessionId is null
02-19 22:59:21.203 13623 13649 I cr_LibraryLoader: Successfully loaded native library
02-19 22:59:21.204 13623 13649 I cr_CachingUmaRecorder: Flushed 2 samples from 2 histograms, 0 samples were dropped.
02-19 22:59:21.212   537   537 W adbd    : timeout expired while flushing socket, closing
02-19 22:59:21.216 19166 19166 W SplitSelectStateCtor: Missing session instanceIds
02-19 22:59:21.216 19166 19166 D StatsLog: LAUNCHER_SPLIT_SELECTION_EXIT_INTERRUPTED
02-19 22:59:21.221 13601 13774 W libc    : Access denied finding property "vendor.mesa.log"
02-19 22:59:21.221 13601 13774 W libc    : Access denied finding property "vendor.mesa.log.file"
02-19 22:59:21.221 13601 13774 E MESA    : Failed to open rendernode: No such file or directory
02-19 22:59:21.222  4449  4467 D WindowManagerShell: setLauncherKeepClearAreaHeight: visible=false, height=527
02-19 22:59:21.226   752  2505 W OptProp : Cannot read opt property android.window.PROPERTY_COMPAT_ENABLE_FAKE_FOCUS
02-19 22:59:21.227   752  2505 D CompatChangeReporter: Compat change id reported: 324203798; UID 10217; state: ENABLED
02-19 22:59:21.247 13601 13774 D vulkan  : searching for layers in '/data/app/~~NUQj-rdXzuicW-16SIRtKA==/viva.republica.toss.test-Si406wFvb_sqEA2GTBV6RQ==/lib/x86_64'
02-19 22:59:21.254   531   531 I BpBinder: onLastStrongRef automatically unlinking death recipients: 
02-19 22:59:21.263 13601 13774 D vulkan  : searching for layers in '/data/app/~~NUQj-rdXzuicW-16SIRtKA==/viva.republica.toss.test-Si406wFvb_sqEA2GTBV6RQ==/base.apk!/lib/x86_64'
02-19 22:59:21.321 13623 13649 W SystemServiceRegistry: No service published for: uimode
02-19 22:59:21.338   752  1095 D BackgroundInstallControlService: Package event received: 0
02-19 22:59:21.339   752  1095 D BackgroundInstallControlService: Package event received: 0
02-19 22:59:21.339   752  1095 D BackgroundInstallControlService: Package event received: 0
02-19 22:59:21.339   752  1095 D BackgroundInstallControlService: Package event received: 0
02-19 22:59:21.339   752  1095 D BackgroundInstallControlService: Package event received: 0
02-19 22:59:21.339   752  1095 D BackgroundInstallControlService: Package event received: 0
02-19 22:59:21.339   752  1095 D BackgroundInstallControlService: Package event received: 0
02-19 22:59:21.339   752  1095 D BackgroundInstallControlService: Package event received: 0
02-19 22:59:21.342   615  2506 W IPCThreadState: Sending oneway calls to frozen process.
02-19 22:59:21.359   752  1029 D InetDiagMessage: Destroyed 0 sockets, proto=IPPROTO_TCP, family=AF_INET, states=14
02-19 22:59:21.360   752  1029 D InetDiagMessage: Destroyed 0 sockets, proto=IPPROTO_TCP, family=AF_INET6, states=14
02-19 22:59:21.361   752  1029 D InetDiagMessage: Destroyed live tcp sockets for uids={10205} in 3ms
02-19 22:59:21.394 13623 13649 W chromium: [WARNING:runtime_features.cc(560)] Fenced frames cannot be enabled in this configuration. Use --enable-features=FencedFrames instead.
02-19 22:59:21.395 13623 13649 W chromium: [WARNING:runtime_features.cc(585)] Topics cannot be enabled in this configuration. Use --enable-features=BrowsingTopics in addition.
02-19 22:59:21.395 13623 13649 W chromium: [WARNING:runtime_features.cc(606)] SharedStorage cannot be enabled in this configuration. Use --enable-features=SharedStorageAPI in addition.
02-19 22:59:21.414 13601 13676 I EGL_emulation: Opening libGLESv1_CM_emulation.so
02-19 22:59:21.417 13601 13676 I EGL_emulation: Opening libGLESv2_emulation.so
02-19 22:59:21.418 13601 13601 I blica.toss.test: AssetManager2(0x7d8fac4284f8) locale list changing from [] to [en-US]
02-19 22:59:21.439   752  1029 D InetDiagMessage: Destroyed 0 sockets, proto=IPPROTO_TCP, family=AF_INET, states=14
02-19 22:59:21.443   752  1029 D InetDiagMessage: Destroyed 0 sockets, proto=IPPROTO_TCP, family=AF_INET6, states=14
02-19 22:59:21.443   752  1029 D InetDiagMessage: Destroyed live tcp sockets for uids={20205} in 6ms
02-19 22:59:21.444 13601 13676 W HWUI    : Failed to choose config with EGL_SWAP_BEHAVIOR_PRESERVED, retrying without...
02-19 22:59:21.445 13601 13676 W HWUI    : Failed to initialize 101010-2 format, error = EGL_SUCCESS
02-19 22:59:21.449 19336 19578 I bbax    : (REDACTED) getHotwordActive::active query: %s, watch: %s, devices connected: %s
02-19 22:59:21.572   752  2505 D CoreBackPreview: Window{525444c u0 viva.republica.toss.test/viva.republica.toss.test.MiniAppSchemeActivity}: Setting back callback OnBackInvokedCallbackInfo{mCallback=android.window.IOnBackInvokedCallback$Stub$Proxy@a8d3d11, mPriority=0, mIsAnimationCallback=false, mOverrideBehavior=0}
02-19 22:59:21.625 19301 19311 I FontLog : (REDACTED) Received query %s, URI %s
02-19 22:59:21.626 19301 19311 I FontLog : (REDACTED) Query [%s] resolved to %s
02-19 22:59:21.629 19301 19311 I FontLog : (REDACTED) Font PFD returned from cache for %s
02-19 22:59:21.629 19301 19311 I FontLog : (REDACTED) Fetch %s end status %s
02-19 22:59:21.646 19301 19311 I FontLog : (REDACTED) Pulling font file for id = %d, cache size = %d
02-19 22:59:21.674  4449  4582 V WindowManagerShell: onTransitionReady(transaction=3229815442719)
02-19 22:59:21.675 19301 19311 I FontLog : (REDACTED) Received query %s, URI %s
02-19 22:59:21.676 19301 19311 I FontLog : (REDACTED) Query [%s] resolved to %s
02-19 22:59:21.676  4449  4467 V WindowManagerShell: onTransitionReady (#1266) android.os.BinderProxy@c36c88e: {id=1266 t=OPEN f=0x0 trk=0 r=[0@Point(0, 0)] c=[
02-19 22:59:21.676  4449  4467 V WindowManagerShell:         {m=OPEN f=TRANSLUCENT leash=Surface(name=Task=233)/@0x25e3c45 sb=Rect(0, 0 - 1080, 2400) eb=Rect(0, 0 - 1080, 2400) epz=Point(1080, 2400) d=0 taskParent=-1}
02-19 22:59:21.676  4449  4467 V WindowManagerShell:     ]}
02-19 22:59:21.677  4449  4467 V WindowManagerShell: Playing animation for (#1266) android.os.BinderProxy@c36c88e@0
02-19 22:59:21.678  4449  4467 V ShellRecents: RecentsTransitionHandler.startAnimation: no controller found
02-19 22:59:21.678  4449  4467 V WindowManagerShell: Transition doesn't have explicit remote, search filters for match for {id=1266 t=OPEN f=0x0 trk=0 r=[0@Point(0, 0)] c=[{m=OPEN f=TRANSLUCENT leash=Surface(name=Task=233)/@0x25e3c45 sb=Rect(0, 0 - 1080, 2400) eb=Rect(0, 0 - 1080, 2400) epz=Point(1080, 2400) d=0 taskParent=-1}]}
02-19 22:59:21.678  4449  4467 V WindowManagerShell:  Checking filter Pair{{types=[] flags=0x0] notFlags=0x0 checks=[{atype=undefined independent=true modes=[CLOSE,TO_BACK] flags=IN_TASK_WITH_EMBEDDED_ACTIVITY mustBeTask=false order=ANY topActivity=null launchCookie=null taskFragmentToken=android.os.BinderProxy@71546f0 windowingMode=undefined}]} RemoteTransition { remoteTransition = android.window.IRemoteTransition$Stub$Proxy@d4c8469, appThread = android.app.IApplicationThread$Stub$Proxy@c228eee, debugName = overlayBackTransition }}
02-19 22:59:21.679  4449  4467 V WindowManagerShell:  Checking filter Pair{{types=[] flags=0x0] notFlags=0x0 checks=[{atype=dream independent=true modes=[OPEN,TO_FRONT] flags=NONE mustBeTask=false order=ANY topActivity=null launchCookie=null windowingMode=undefined},{atype=home independent=true modes=[CLOSE,TO_BACK] flags=NONE mustBeTask=false order=ANY topActivity=null launchCookie=null windowingMode=undefined}]} RemoteTransition { remoteTransition = android.window.IRemoteTransition$Stub$Proxy@c578f8f, appThread = android.app.IApplicationThread$Stub$Proxy@69fe21c, debugName = LauncherToDream }}
02-19 22:59:21.679  4449  4467 V WindowManagerShell:  Checking filter Pair{{types=[] flags=0x0] notFlags=0x100 checks=[{atype=home independent=true modes=[OPEN,TO_FRONT] flags=NONE mustBeTask=false order=TOP topActivity=ComponentInfo{com.google.android.apps.nexuslauncher/com.google.android.apps.nexuslauncher.NexusLauncherActivity} launchCookie=null windowingMode=undefined},{atype=standard independent=true modes=[CLOSE,TO_BACK] flags=NONE mustBeTask=false order=ANY topActivity=null launchCookie=null windowingMode=undefined},{NOT atype=undefined independent=true modes=[] flags=NONE mustBeTask=true order=ANY topActivity=null launchCookie=null customAnim=true windowingMode=undefined}]} RemoteTransition { remoteTransition = android.window.IRemoteTransition$Stub$Proxy@69ffe25, appThread = android.app.IApplicationThread$Stub$Proxy@72cabfa, debugName = QuickstepLaunchHome }}
02-19 22:59:21.679  4449  4467 V WindowManagerShell:  Checking filter Pair{{types=[] flags=0x0] notFlags=0x0 checks=[{atype=undefined independent=true modes=[CLOSE,TO_BACK] flags=IN_TASK_WITH_EMBEDDED_ACTIVITY mustBeTask=false order=ANY topActivity=null launchCookie=null taskFragmentToken=android.os.BinderProxy@71546f0 windowingMode=undefined}]} RemoteTransition { remoteTransition = android.window.IRemoteTransition$Stub$Proxy@7c795ab, appThread = android.app.IApplicationThread$Stub$Proxy@cd70408, debugName = overlayBackTransition }}
02-19 22:59:21.679  4449  4467 V WindowManagerShell:  Checking filter Pair{{types=[] flags=0x0] notFlags=0x0 checks=[{atype=dream independent=true modes=[OPEN,TO_FRONT] flags=NONE mustBeTask=false order=ANY topActivity=null launchCookie=null windowingMode=undefined},{atype=home independent=true modes=[CLOSE,TO_BACK] flags=NONE mustBeTask=false order=ANY topActivity=null launchCookie=null windowingMode=undefined}]} RemoteTransition { remoteTransition = android.window.IRemoteTransition$Stub$Proxy@f757a1, appThread = android.app.IApplicationThread$Stub$Proxy@d898dc6, debugName = LauncherToDream }}
02-19 22:59:21.679   752   794 I ActivityTaskManager: Displayed viva.republica.toss.test/.MiniAppSchemeActivity for user 0: +541ms
02-19 22:59:21.680  4449  4467 V WindowManagerShell:  Checking filter Pair{{types=[] flags=0x0] notFlags=0x100 checks=[{atype=home independent=true modes=[OPEN,TO_FRONT] flags=NONE mustBeTask=false order=TOP topActivity=ComponentInfo{com.google.android.apps.nexuslauncher/com.google.android.apps.nexuslauncher.NexusLauncherActivity} launchCookie=null windowingMode=undefined},{atype=standard independent=true modes=[CLOSE,TO_BACK] flags=NONE mustBeTask=false order=ANY topActivity=null launchCookie=null windowingMode=undefined},{NOT atype=undefined independent=true modes=[] flags=NONE mustBeTask=true order=ANY topActivity=null launchCookie=null customAnim=true windowingMode=undefined}]} RemoteTransition { remoteTransition = android.window.IRemoteTransition$Stub$Proxy@9e7e187, appThread = android.app.IApplicationThread$Stub$Proxy@3dc58b4, debugName = QuickstepLaunchHome }}
02-19 22:59:21.680  4449  4467 V WindowManagerShell:  Delegate animation for (#1266) to null
02-19 22:59:21.680  4449  4467 V WindowManagerShell: start default transition animation, info = {id=1266 t=OPEN f=0x0 trk=0 r=[0@Point(0, 0)] c=[{m=OPEN f=TRANSLUCENT leash=Surface(name=Task=233)/@0x25e3c45 sb=Rect(0, 0 - 1080, 2400) eb=Rect(0, 0 - 1080, 2400) epz=Point(1080, 2400) d=0 taskParent=-1}]}
02-19 22:59:21.680   752   794 V WindowManager: Sent Transition (#1266) createdAt=02-19 22:59:21.146 via request=TransitionRequestInfo { type = OPEN, triggerTask = TaskInfo{userId=0 taskId=233 effectiveUid=10217 displayId=0 isRunning=true baseIntent=Intent { act=android.intent.action.VIEW dat=intoss://takealook/... flg=0x10000000 pkg=viva.republica.toss.test cmp=viva.republica.toss.test/.MiniAppSchemeActivity } baseActivity=ComponentInfo{viva.republica.toss.test/viva.republica.toss.test.MiniAppSchemeActivity} topActivity=ComponentInfo{viva.republica.toss.test/viva.republica.toss.test.MiniAppSchemeActivity} origActivity=null realActivity=ComponentInfo{viva.republica.toss.test/viva.republica.toss.test.MiniAppSchemeActivity} numActivities=1 lastActiveTime=121035017 supportsMultiWindow=true resizeMode=1 isResizeable=true minWidth=-1 minHeight=-1 defaultMinSize=220 token=WCT{RemoteToken{d2fec02 Task{8443533 #233 type=standard A=10217:viva.republica.toss.test}}} topActivityType=1 pictureInPictureParams=null shouldDockBigOverlays=false launchIntoPipHostTaskId=-1 lastParentTaskIdBeforePip=-1 displayCutoutSafeInsets=Rect(0, 0 - 0, 0) topActivityInfo=ActivityInfo{2dc4913 viva.republica.toss.test.MiniAppSchemeActivity} launchCookies=[] positionInParent=Point(0, 0) parentTaskId=-1 isFocused=false isVisible=false isVisibleRequested=false isTopActivityNoDisplay=false isSleeping=false locusId=null displayAreaFeatureId=1 isTopActivityTransparent=true isActivityStackTransparent=true lastNonFullscreenBounds=Rect(284, 660 - 796, 1740) capturedLink=null capturedLinkTimestamp=0 requestedVisibleTypes=-9 topActivityRequestOpenInBrowserEducationTimestamp=0 appCompatTaskInfo=AppCompatTaskInfo { topActivityInSizeCompat=false eligibleForLetterboxEducation= false isLetterboxEducationEnabled= true isLetterboxDoubleTapEnabled= false eligibleForUserAspectRatioButton= false topActivityBoundsLetterboxed= false isFromLetterboxDoubleTap= false topActivityLetterboxVerticalPosition= -1 topActivityLetterboxHorizontalPosition= -1 topActivityLetterboxWidth=-1 topActivityLetterboxHeight=-1 topActivityAppBounds=Rect(0, 0 - 1080, 2400) isUserFullscreenOverrideEnabled=false isSystemFullscreenOverrideEnabled=false hasMinAspectRatioOverride=false topActivityLetterboxBounds=null cameraCompatTaskInfo=CameraCompatTaskInfo { freeformCameraCompatMode=inactive}} topActivityMainWindowFrame=null}, pipChange = null, remoteTransition = null, displayChange = null, flags = 0, debugId = 1266 }
02-19 22:59:21.680   752   794 V WindowManager:     startWCT=WindowContainerTransaction { changes= {} hops= [] errorCallbackToken=null taskFragmentOrganizer=null }
02-19 22:59:21.680   752   794 V WindowManager:     info={id=1266 t=OPEN f=0x0 trk=0 r=[0@Point(0, 0)] c=[
02-19 22:59:21.680   752   794 V WindowManager:         {WCT{RemoteToken{d2fec02 Task{8443533 #233 type=standard A=10217:viva.republica.toss.test}}} m=OPEN f=TRANSLUCENT leash=Surface(name=Task=233)/@0x5485c77 sb=Rect(0, 0 - 1080, 2400) eb=Rect(0, 0 - 1080, 2400) epz=Point(1080, 2400) d=0 taskParent=-1}
02-19 22:59:21.680   752   794 V WindowManager:     ]}
02-19 22:59:21.681  4449  4467 V WindowManagerShell: loadAnimation: anim=android.view.animation.AnimationSet@d775b66 animAttr=0x4 type=OPEN isEntrance=true
02-19 22:59:21.683 19301 19311 I FontLog : (REDACTED) Fetch %s end status %s
02-19 22:59:21.683  4449  4467 V WindowManagerShell:  animated by com.android.wm.shell.transition.DefaultTransitionHandler@f74d823
02-19 22:59:21.739   752  1246 V GrammaticalInflectionUtils: AttributionSource: android.content.AttributionSource@56784557 does not have READ_SYSTEM_GRAMMATICAL_GENDER permission.
02-19 22:59:21.740   752  1246 W OptProp : Cannot read opt property android.window.PROPERTY_COMPAT_ALLOW_USER_ASPECT_RATIO_OVERRIDE
02-19 22:59:21.741   752  1246 W OptProp : Cannot read opt property android.window.PROPERTY_COMPAT_ALLOW_USER_ASPECT_RATIO_FULLSCREEN_OVERRIDE
02-19 22:59:21.742   752  1246 W OptProp : Cannot read opt property android.window.PROPERTY_COMPAT_ALLOW_RESIZEABLE_ACTIVITY_OVERRIDES
02-19 22:59:21.744   752  1246 W OptProp : Cannot read opt property android.window.PROPERTY_COMPAT_ALLOW_MIN_ASPECT_RATIO_OVERRIDE
02-19 22:59:21.755 19301 19315 I FontLog : (REDACTED) Pulling font file for id = %d, cache size = %d
02-19 22:59:21.768   752  1246 W OptProp : Cannot read opt property android.window.PROPERTY_COMPAT_ALLOW_ORIENTATION_OVERRIDE
02-19 22:59:21.782   752  1246 I ActivityTaskManager: START u0 {act=android.intent.action.VIEW dat=intoss://takealook/... xflg=0x4 cmp=viva.republica.toss.test/im.toss.rn.granite.core.GraniteActivity (has extras)} with LAUNCH_MULTIPLE from uid 10217 (sr=135361698) (BAL_ALLOW_VISIBLE_WINDOW) result code=0
02-19 22:59:21.783  4449  4467 V WindowManagerShell: Transition requested (#1267): android.os.BinderProxy@957ef54 TransitionRequestInfo { type = OPEN, triggerTask = TaskInfo{userId=0 taskId=233 effectiveUid=10217 displayId=0 isRunning=true baseIntent=Intent { act=android.intent.action.VIEW dat=intoss://takealook/... flg=0x10000000 pkg=viva.republica.toss.test cmp=viva.republica.toss.test/.MiniAppSchemeActivity } baseActivity=ComponentInfo{viva.republica.toss.test/viva.republica.toss.test.MiniAppSchemeActivity} topActivity=ComponentInfo{viva.republica.toss.test/im.toss.rn.granite.core.GraniteActivity} origActivity=null realActivity=ComponentInfo{viva.republica.toss.test/viva.republica.toss.test.MiniAppSchemeActivity} numActivities=2 lastActiveTime=121035622 supportsMultiWindow=true resizeMode=1 isResizeable=true minWidth=-1 minHeight=-1 defaultMinSize=220 token=WCT{android.window.IWindowContainerToken$Stub$Proxy@454aefd} topActivityType=1 pictureInPictureParams=null shouldDockBigOverlays=false launchIntoPipHostTaskId=-1 lastParentTaskIdBeforePip=-1 displayCutoutSafeInsets=Rect(0, 0 - 0, 0) topActivityInfo=ActivityInfo{a0dc7f2 im.toss.rn.granite.core.GraniteActivity} launchCookies=[] positionInParent=Point(0, 0) parentTaskId=-1 isFocused=true isVisible=true isVisibleRequested=true isTopActivityNoDisplay=false isSleeping=false locusId=null displayAreaFeatureId=1 isTopActivityTransparent=false isActivityStackTransparent=false lastNonFullscreenBounds=Rect(284, 660 - 796, 1740) capturedLink=null capturedLinkTimestamp=0 requestedVisibleTypes=-9 topActivityRequestOpenInBrowserEducationTimestamp=0 appCompatTaskInfo=AppCompatTaskInfo { topActivityInSizeCompat=false eligibleForLetterboxEducation= false isLetterboxEducationEnabled= true isLetterboxDoubleTapEnabled= false eligibleForUserAspectRatioButton= false topActivityBoundsLetterboxed= false isFromLetterboxDoubleTap= false topActivityLetterboxVerticalPosition= -1 topActivityLetterboxHorizontalPosition= -1 topActivityLetterboxWidth=-1 topActivityLetterboxHeight=-1 topActivityAppBounds=Rect(0, 0 - 1080, 2400) isUserFullscreenOverrideEnabled=false isSystemFullscreenOverrideEnabled=false hasMinAspectRatioOverride=false topActivityLetterboxBounds=null cameraCompatTaskInfo=CameraCompatTaskInfo { freeformCameraCompatMode=inactive}} topActivityMainWindowFrame=null}, pipChange = null, remoteTransition = null, displayChange = null, flags = 0, debugId = 1267 }
