--------- beginning of main
02-19 18:19:14.910   752  1029 D InetDiagMessage: Destroyed 0 sockets, proto=IPPROTO_TCP, family=AF_INET6, states=14
02-19 18:19:14.910   752  1029 D InetDiagMessage: Destroyed live tcp sockets for uids={20205} in 3ms
02-19 18:19:15.086 14110 14110 I blica.toss.test: Using CollectorTypeCMC GC.
02-19 18:19:15.088 14110 14110 W blica.toss.test: Unexpected CPU variant for x86: x86_64.
02-19 18:19:15.088 14110 14110 W blica.toss.test: Known variants: atom, sandybridge, silvermont, goldmont, goldmont-plus, goldmont-without-sha-xsaves, tremont, kabylake, alderlake, default
02-19 18:19:15.091 14110 14110 E blica.toss.test: Not starting debugger since process cannot load the jdwp agent.
02-19 18:19:15.096 14110 14110 D nativeloader: Load libframework-connectivity-tiramisu-jni.so using APEX ns com_android_tethering for caller /apex/com.android.tethering/javalib/framework-connectivity-t.jar: ok
--------- beginning of system
02-19 18:19:15.424   752  1856 E TaskPersister: File error accessing recents directory (directory doesn't exist?).
02-19 18:19:15.480   752  1246 W ActivityManager: Slow operation: 89ms so far, now at attachApplicationLocked: before bindApplication
02-19 18:19:15.480   752  1246 W ActivityManager: Slow operation: 89ms so far, now at attachApplicationLocked: immediately before bindApplication
02-19 18:19:15.481   752  1246 W ActivityManager: Slow operation: 90ms so far, now at attachApplicationLocked: immediately after bindApplication
02-19 18:19:15.481   752  1246 W ActivityManager: Slow operation: 91ms so far, now at attachApplicationLocked: after updateLruProcessLocked
02-19 18:19:15.482   752  1095 D BackgroundInstallControlService: Package event received: 0
02-19 18:19:15.483   752  1246 W ActivityManager: Slow operation: 92ms so far, now at attachApplicationLocked: after updateOomAdjLocked
02-19 18:19:15.493 14110 14110 D ApplicationLoaders: Returning zygote-cached class loader: /system_ext/framework/androidx.window.extensions.jar
02-19 18:19:15.493 14110 14110 D ApplicationLoaders: Returning zygote-cached class loader: /system_ext/framework/androidx.window.sidecar.jar
02-19 18:19:15.877 14110 14110 D nativeloader: Configuring clns-9 for other apk /data/app/~~NUQj-rdXzuicW-16SIRtKA==/viva.republica.toss.test-Si406wFvb_sqEA2GTBV6RQ==/base.apk. target_sdk_version=35, uses_libraries=, library_path=/data/app/~~NUQj-rdXzuicW-16SIRtKA==/viva.republica.toss.test-Si406wFvb_sqEA2GTBV6RQ==/lib/x86_64:/data/app/~~NUQj-rdXzuicW-16SIRtKA==/viva.republica.toss.test-Si406wFvb_sqEA2GTBV6RQ==/base.apk!/lib/x86_64, permitted_path=/data:/mnt/expand:/data/user/0/viva.republica.toss.test
02-19 18:19:15.879 14110 14110 D CompatChangeReporter: Compat change id reported: 202956589; UID 10217; state: ENABLED
02-19 18:19:16.126 14110 14110 I blica.toss.test: AssetManager2(0x7d8fac428e58) locale list changing from [] to [en-US]
02-19 18:19:16.142 20068 13738 I AlarmManager: setExactAndAllowWhileIdle [name: GCM_HB_ALARM type: 2 triggerAtMillis: 106029989]
02-19 18:19:16.170 14110 14110 V GraphicsEnvironment: Currently set values for:
02-19 18:19:16.170 14110 14110 V GraphicsEnvironment:   angle_gl_driver_selection_pkgs=[]
02-19 18:19:16.170 14110 14110 V GraphicsEnvironment:   angle_gl_driver_selection_values=[]
02-19 18:19:16.170 14110 14110 V GraphicsEnvironment: viva.republica.toss.test is not listed in per-application setting
02-19 18:19:16.170 14110 14110 V GraphicsEnvironment: ANGLE allowlist from config: com.dreamgames.royalmatch com.dts.freefiremax com.dxx.firenow com.gramgames.mergedragons com.ludo.king com.mojang.minecraftpe com.my.defense com.nintendo.zaka com.os.airforce com.playrix.fishdomdd.gplay io.teslatech.callbreak jp.konami.prospia net.peakgames.toonblast
02-19 18:19:16.170 14110 14110 V GraphicsEnvironment: viva.republica.toss.test is not listed in ANGLE allowlist or settings, returning default
02-19 18:19:16.170 14110 14110 V GraphicsEnvironment: Neither updatable production driver nor prerelease driver is supported.
02-19 18:19:16.249   752   969 D ActivityManager: freezing 4656 com.google.android.adservices.api
02-19 18:19:16.250   752   969 D ActivityManager: freezing 3453 com.google.android.gms
02-19 18:19:16.420 14110 14110 D CompatChangeReporter: Compat change id reported: 279646685; UID 10217; state: ENABLED
02-19 18:19:16.428   752  1029 D InetDiagMessage: Destroyed 0 sockets, proto=IPPROTO_TCP, family=AF_INET, states=14
02-19 18:19:16.430   752  1029 D InetDiagMessage: Destroyed 0 sockets, proto=IPPROTO_TCP, family=AF_INET6, states=14
02-19 18:19:16.430   752  1029 D InetDiagMessage: Destroyed live tcp sockets for uids={10205} in 11ms
02-19 18:19:16.432 20068 14123 I AlarmManager: setExactAndAllowWhileIdle [name: GCM_HB_ALARM type: 2 triggerAtMillis: 106030279]
02-19 18:19:16.527 14110 14125 E ashmem  : Pinning is deprecated since Android Q. Please use trim or other methods.
02-19 18:19:16.548 14110 14110 D nativeloader: Load /data/app/~~NUQj-rdXzuicW-16SIRtKA==/viva.republica.toss.test-Si406wFvb_sqEA2GTBV6RQ==/lib/x86_64/libmmkv.so using class loader ns clns-9 (caller=/data/app/~~NUQj-rdXzuicW-16SIRtKA==/viva.republica.toss.test-Si406wFvb_sqEA2GTBV6RQ==/base.apk): ok
02-19 18:19:16.566   752   969 D ActivityManager: freezing 3794 com.android.vending
02-19 18:19:16.568   752   969 D ActivityManager: freezing 10620 com.android.vending:background
02-19 18:19:16.572 14110 14110 I blica.toss.test: AssetManager2(0x7d8fac426f18) locale list changing from [] to [en-US]
02-19 18:19:16.573 14110 14110 I WebViewFactory: Loading com.google.android.webview version 133.0.6943.137 (code 694313738)
02-19 18:19:16.576 14110 14110 I blica.toss.test: AssetManager2(0x7d8fac427878) locale list changing from [] to [en-US]
02-19 18:19:16.578 14110 14110 I blica.toss.test: AssetManager2(0x7d8fac4284f8) locale list changing from [] to [en-US]
02-19 18:19:16.579 14110 14110 V ResourcesManager: The following library key has been added: ResourcesKey{ mHash=a24a3099 mResDir=null mSplitDirs=[] mOverlayDirs=[] mLibDirs=[/data/app/~~86wu-kVgQoavtKNPNhKNpg==/com.google.android.webview-1KjOBROVBHjUvpUZHW2m2g==/WebViewGoogle.apk,/data/app/~~zfNTtjjfT5QjKD_7Ux4KKQ==/com.google.android.trichromelibrary_694313738-AgzLRnDhHPFXke_9IsnuqA==/TrichromeLibrary.apk] mDisplayId=0 mOverrideConfig=v36 mCompatInfo={420dpi always-compat} mLoaders=[]}
02-19 18:19:16.583 14110 14110 W blica.toss.test: Failed to find entry 'classes.dex': Entry not found
02-19 18:19:16.585 14110 14110 D nativeloader: Configuring clns-10 for other apk /data/app/~~zfNTtjjfT5QjKD_7Ux4KKQ==/com.google.android.trichromelibrary_694313738-AgzLRnDhHPFXke_9IsnuqA==/TrichromeLibrary.apk. target_sdk_version=34, uses_libraries=ALL, library_path=/data/app/~~86wu-kVgQoavtKNPNhKNpg==/com.google.android.webview-1KjOBROVBHjUvpUZHW2m2g==/lib/x86_64:/data/app/~~86wu-kVgQoavtKNPNhKNpg==/com.google.android.webview-1KjOBROVBHjUvpUZHW2m2g==/WebViewGoogle.apk!/lib/x86_64:/data/app/~~zfNTtjjfT5QjKD_7Ux4KKQ==/com.google.android.trichromelibrary_694313738-AgzLRnDhHPFXke_9IsnuqA==/TrichromeLibrary.apk!/lib/x86_64, permitted_path=/data:/mnt/expand
02-19 18:19:16.593 14110 14110 D ApplicationLoaders: Returning zygote-cached class loader: /system_ext/framework/androidx.window.extensions.jar
02-19 18:19:16.599 14110 14110 D nativeloader: Configuring clns-11 for other apk /data/app/~~86wu-kVgQoavtKNPNhKNpg==/com.google.android.webview-1KjOBROVBHjUvpUZHW2m2g==/WebViewGoogle.apk. target_sdk_version=34, uses_libraries=, library_path=/data/app/~~86wu-kVgQoavtKNPNhKNpg==/com.google.android.webview-1KjOBROVBHjUvpUZHW2m2g==/lib/x86_64:/data/app/~~86wu-kVgQoavtKNPNhKNpg==/com.google.android.webview-1KjOBROVBHjUvpUZHW2m2g==/WebViewGoogle.apk!/lib/x86_64:/data/app/~~zfNTtjjfT5QjKD_7Ux4KKQ==/com.google.android.trichromelibrary_694313738-AgzLRnDhHPFXke_9IsnuqA==/TrichromeLibrary.apk!/lib/x86_64, permitted_path=/data:/mnt/expand
02-19 18:19:17.176 14110 14125 D nativeloader: Configuring clns-12 for other apk . target_sdk_version=35, uses_libraries=ALL, library_path=/data/app/~~NUQj-rdXzuicW-16SIRtKA==/viva.republica.toss.test-Si406wFvb_sqEA2GTBV6RQ==/lib/x86_64:/data/app/~~NUQj-rdXzuicW-16SIRtKA==/viva.republica.toss.test-Si406wFvb_sqEA2GTBV6RQ==/base.apk!/lib/x86_64, permitted_path=/data:/mnt/expand
02-19 18:19:17.202 14110 14125 D nativeloader: Load /data/app/~~NUQj-rdXzuicW-16SIRtKA==/viva.republica.toss.test-Si406wFvb_sqEA2GTBV6RQ==/lib/x86_64/libdceb.so using isolated ns clns-12 (caller=/data/user/0/viva.republica.toss.test/Anonymous-DexFile@1467667017.jar): ok
02-19 18:19:17.206 14110 14110 I cr_WVCFactoryProvider: version=133.0.6943.137 (694313738) minSdkVersion=29 isBundle=false multiprocess=true packageId=2
02-19 18:19:17.221 14110 14110 D nativeloader: Load /data/app/~~zfNTtjjfT5QjKD_7Ux4KKQ==/com.google.android.trichromelibrary_694313738-AgzLRnDhHPFXke_9IsnuqA==/TrichromeLibrary.apk!/lib/x86_64/libmonochrome_64.so using class loader ns clns-11 (caller=/data/app/~~86wu-kVgQoavtKNPNhKNpg==/com.google.android.webview-1KjOBROVBHjUvpUZHW2m2g==/WebViewGoogle.apk): ok
02-19 18:19:17.223 14110 14110 D nativeloader: Load /system/lib64/libwebviewchromium_plat_support.so using class loader ns clns-11 (caller=/data/app/~~86wu-kVgQoavtKNPNhKNpg==/com.google.android.webview-1KjOBROVBHjUvpUZHW2m2g==/WebViewGoogle.apk): ok
02-19 18:19:17.227 14110 14130 E chromium: [0219/181917.226519:ERROR:variations_seed_loader.cc(39)] Seed missing signature.
02-19 18:19:17.227 14110 14130 I chromium: [0219/181917.227783:INFO:variations_seed_loader.cc(67)] Failed to open file for reading.: No such file or directory (2)
02-19 18:19:17.233 14110 14110 I cr_LibraryLoader: Successfully loaded native library
02-19 18:19:17.234 14110 14110 I cr_CachingUmaRecorder: Flushed 6 samples from 6 histograms, 0 samples were dropped.
02-19 18:19:17.236 14110 14110 I cr_CombinedPProvider: #registerProvider() provider:WV.C8@88ca54d isPolicyCacheEnabled:false policyProvidersSize:0
02-19 18:19:17.238 14110 14110 I cr_PolicyProvider: #setManagerAndSource() 0
02-19 18:19:17.267 14110 14110 I cr_CombinedPProvider: #linkNativeInternal() 1
02-19 18:19:17.268 14110 14110 I cr_AppResProvider: #getApplicationRestrictionsFromUserManager() Bundle[EMPTY_PARCEL]
02-19 18:19:17.268 14110 14110 I cr_PolicyProvider: #notifySettingsAvailable() 0
02-19 18:19:17.268 14110 14110 I cr_CombinedPProvider: #onSettingsAvailable() 0
02-19 18:19:17.268 14110 14110 I cr_CombinedPProvider: #flushPolicies()
02-19 18:19:17.274   752  1095 D BackgroundInstallControlService: Package event received: 0
02-19 18:19:17.275   752  2500 D ActivityManager: sync unfroze 3453 com.google.android.gms for 6
02-19 18:19:17.276   752  1095 D BackgroundInstallControlService: Package event received: 0
02-19 18:19:17.307 14110 14110 I blica.toss.test: AssetManager2(0x7d8fac425938) locale list changing from [] to [en-US]
02-19 18:19:17.313 14110 14110 I blica.toss.test: AssetManager2(0x7d8fac42ef38) locale list changing from [] to [en-US]
02-19 18:19:17.317 14110 14110 D DesktopModeFlags: Toggle override initialized to: OVERRIDE_UNSET
02-19 18:19:17.317 14110 14110 I DisplayManager: Implicitly registering for refresh rate
02-19 18:19:17.529   752  1246 V GrammaticalInflectionUtils: AttributionSource: android.content.AttributionSource@67075421 does not have READ_SYSTEM_GRAMMATICAL_GENDER permission.
02-19 18:19:17.530   752  1246 D CompatChangeReporter: Compat change id reported: 151861875; UID 10217; state: ENABLED
02-19 18:19:17.534  3453  3453 D BoundBrokerSvc: onBind: Intent { act=com.google.android.gms.safetynet.service.START xflg=0x4 pkg=com.google.android.gms }
02-19 18:19:17.534  3453  3453 D BoundBrokerSvc: Loading bound service for intent: Intent { act=com.google.android.gms.safetynet.service.START xflg=0x4 pkg=com.google.android.gms }
02-19 18:19:17.544  1263  1263 D Zygote  : Forked child process 14150
02-19 18:19:17.554 14150 14150 I ocessService0:0: Using CollectorTypeCMC GC.
02-19 18:19:17.556 14150 14150 W ocessService0:0: Unexpected CPU variant for x86: x86_64.
02-19 18:19:17.556 14150 14150 W ocessService0:0: Known variants: atom, sandybridge, silvermont, goldmont, goldmont-plus, goldmont-without-sha-xsaves, tremont, kabylake, alderlake, default
02-19 18:19:17.559 14150 14150 E ocessService0:0: Not starting debugger since process cannot load the jdwp agent.
02-19 18:19:17.630 14110 14137 E chromium: [ERROR:simple_file_enumerator.cc(58)] Could not get file info for /data/user/0/viva.republica.toss.test/cache/WebView/Default/HTTP Cache/Code Cache/js/19951ff337e2777b_0
02-19 18:19:17.630 14110 14137 E chromium: [ERROR:simple_file_enumerator.cc(58)] Could not get file info for /data/user/0/viva.republica.toss.test/cache/WebView/Default/HTTP Cache/Code Cache/js/9bd60eca040cfc85_0
02-19 18:19:17.630 14110 14137 E chromium: [ERROR:simple_file_enumerator.cc(58)] Could not get file info for /data/user/0/viva.republica.toss.test/cache/WebView/Default/HTTP Cache/Code Cache/js/d854047c6b747e1f_0
02-19 18:19:17.630 14110 14137 E chromium: [ERROR:simple_file_enumerator.cc(58)] Could not get file info for /data/user/0/viva.republica.toss.test/cache/WebView/Default/HTTP Cache/Code Cache/js/d6b748c837edb097_0
02-19 18:19:17.630 14110 14137 E chromium: [ERROR:simple_file_enumerator.cc(58)] Could not get file info for /data/user/0/viva.republica.toss.test/cache/WebView/Default/HTTP Cache/Code Cache/js/cadc77bd64030263_0
02-19 18:19:17.630 14110 14137 E chromium: [ERROR:simple_file_enumerator.cc(58)] Could not get file info for /data/user/0/viva.republica.toss.test/cache/WebView/Default/HTTP Cache/Code Cache/js/a449ecacb8183730_0
02-19 18:19:17.630 14110 14137 E chromium: [ERROR:simple_file_enumerator.cc(58)] Could not get file info for /data/user/0/viva.republica.toss.test/cache/WebView/Default/HTTP Cache/Code Cache/js/37cf9c9188db1cc2_0
02-19 18:19:17.630 14110 14137 E chromium: [ERROR:simple_file_enumerator.cc(58)] Could not get file info for /data/user/0/viva.republica.toss.test/cache/WebView/Default/HTTP Cache/Code Cache/js/99b928c9fd75a1b5_0
02-19 18:19:17.631 14110 14137 E chromium: [ERROR:simple_file_enumerator.cc(58)] Could not get file info for /data/user/0/viva.republica.toss.test/cache/WebView/Default/HTTP Cache/Code Cache/js/8320385d55e01141_0
02-19 18:19:17.631 14110 14137 E chromium: [ERROR:simple_file_enumerator.cc(58)] Could not get file info for /data/user/0/viva.republica.toss.test/cache/WebView/Default/HTTP Cache/Code Cache/js/9802d6aa68bcaef3_0
02-19 18:19:17.631 14110 14137 E chromium: [ERROR:simple_file_enumerator.cc(58)] Could not get file info for /data/user/0/viva.republica.toss.test/cache/WebView/Default/HTTP Cache/Code Cache/js/81b6eafe1ec503e5_0
02-19 18:19:17.631 14110 14137 E chromium: [ERROR:simple_file_enumerator.cc(58)] Could not get file info for /data/user/0/viva.republica.toss.test/cache/WebView/Default/HTTP Cache/Code Cache/js/dc05bab665e80e30_0
02-19 18:19:17.631 14110 14137 E chromium: [ERROR:simple_file_enumerator.cc(58)] Could not get file info for /data/user/0/viva.republica.toss.test/cache/WebView/Default/HTTP Cache/Code Cache/js/052a75b6ca1f9fd8_0
02-19 18:19:17.631 14110 14137 E chromium: [ERROR:simple_file_enumerator.cc(58)] Could not get file info for /data/user/0/viva.republica.toss.test/cache/WebView/Default/HTTP Cache/Code Cache/js/b5bb39f649a9cbbe_0
02-19 18:19:17.631 14110 14137 E chromium: [ERROR:simple_file_enumerator.cc(58)] Could not get file info for /data/user/0/viva.republica.toss.test/cache/WebView/Default/HTTP Cache/Code Cache/js/9f0160c9cb98325f_0
02-19 18:19:17.631 14110 14137 E chromium: [ERROR:simple_file_enumerator.cc(58)] Could not get file info for /data/user/0/viva.republica.toss.test/cache/WebView/Default/HTTP Cache/Code Cache/js/d8700d3287bd1db7_0
02-19 18:19:17.631 14110 14137 E chromium: [ERROR:simple_file_enumerator.cc(58)] Could not get file info for /data/user/0/viva.republica.toss.test/cache/WebView/Default/HTTP Cache/Code Cache/js/c644a7af5c510f47_0
02-19 18:19:17.631 14110 14137 E chromium: [ERROR:simple_file_enumerator.cc(58)] Could not get file info for /data/user/0/viva.republica.toss.test/cache/WebView/Default/HTTP Cache/Code Cache/js/78170cb4d0c50d9b_0
02-19 18:19:17.631 14110 14137 E chromium: [ERROR:simple_file_enumerator.cc(43)] readdir /data/user/0/viva.republica.toss.test/cache/WebView/Default/HTTP Cache/Code Cache/js: No such file or directory (2)
02-19 18:19:17.631 14110 14137 E chromium: [ERROR:simple_index_file.cc(613)] Could not reconstruct index from disk
02-19 18:19:17.649   752  1029 D InetDiagMessage: Destroyed 0 sockets, proto=IPPROTO_TCP, family=AF_INET, states=14
02-19 18:19:17.650   752  1029 D InetDiagMessage: Destroyed 0 sockets, proto=IPPROTO_TCP, family=AF_INET6, states=14
02-19 18:19:17.651 14150 14150 D nativeloader: Load libframework-connectivity-tiramisu-jni.so using APEX ns com_android_tethering for caller /apex/com.android.tethering/javalib/framework-connectivity-t.jar: ok
02-19 18:19:17.678   752   806 W ActivityManager: Slow operation: 127ms so far, now at startProcess: returned from zygote!
02-19 18:19:17.678   752  1029 D InetDiagMessage: Destroyed live tcp sockets for uids={10146} in 102ms
02-19 18:19:17.680   752  2500 W ActivityManager: Slow operation: 150ms so far, now at startProcess: done updating battery stats
02-19 18:19:17.680   752  2500 W ActivityManager: Slow operation: 150ms so far, now at startProcess: building log message
02-19 18:19:17.680   752  2500 I ActivityManager: Start proc 14150:com.google.android.webview:sandboxed_process0:org.chromium.content.app.SandboxedProcessService0:0/u0i39 for  {viva.republica.toss.test/org.chromium.content.app.SandboxedProcessService0:0}
02-19 18:19:17.680   752  2500 W ActivityManager: Slow operation: 150ms so far, now at startProcess: starting to update pids map
02-19 18:19:17.680   752  2500 I ActivityManager: ProcessObserver broadcast disabled
02-19 18:19:17.680   752  2500 W ActivityManager: Slow operation: 150ms so far, now at startProcess: done updating pids map
02-19 18:19:17.686 14150 14150 D CompatChangeReporter: Compat change id reported: 242716250; UID 99039; state: ENABLED
02-19 18:19:17.693 14150 14150 D ApplicationLoaders: Returning zygote-cached class loader: /system_ext/framework/androidx.window.extensions.jar
02-19 18:19:17.697 14150 14150 I ocessService0:0: AssetManager2(0x7d8fac42ba18) locale list changing from [] to [en-US]
02-19 18:19:17.701 14150 14150 I LoadedApk: No resource references to update in package com.google.android.trichromelibrary
02-19 18:19:17.702 14150 14150 I cr_WebViewApkApp: version=133.0.6943.137 (694313738) minSdkVersion=29 isBundle=false processName=com.google.android.webview:sandboxed_process0:org.chromium.content.app.SandboxedProcessService0:0
02-19 18:19:17.706   752  1095 D BackgroundInstallControlService: Package event received: 0
02-19 18:19:17.729   752  1095 D BackgroundInstallControlService: Package event received: 0
02-19 18:19:17.729   752  2500 D ActivityManager: sync unfroze 11873 com.google.android.webview:webview_service for 6
02-19 18:19:17.730   752  1095 D BackgroundInstallControlService: Package event received: 0
02-19 18:19:17.739   752  1095 D BackgroundInstallControlService: Package event received: 0
02-19 18:19:17.740   752  2505 D ActivityManager: sync unfroze 4656 com.google.android.adservices.api for 6
02-19 18:19:17.741   752  1095 D BackgroundInstallControlService: Package event received: 0
02-19 18:19:17.743 14150 14150 I cr_ChildProcessService: Creating new ChildProcessService pid=14150
02-19 18:19:17.753 14110 14168 D nativeloader: Load /data/app/~~NUQj-rdXzuicW-16SIRtKA==/viva.republica.toss.test-Si406wFvb_sqEA2GTBV6RQ==/lib/x86_64/libbugsnag-root-detection.so using class loader ns clns-9 (caller=/data/app/~~NUQj-rdXzuicW-16SIRtKA==/viva.republica.toss.test-Si406wFvb_sqEA2GTBV6RQ==/base.apk): ok
02-19 18:19:17.807   752  2500 D FileUtils: Rounded bytes from 2067259392 to 4000000000
02-19 18:19:17.842 14110 14166 D nativeloader: Load /data/app/~~NUQj-rdXzuicW-16SIRtKA==/viva.republica.toss.test-Si406wFvb_sqEA2GTBV6RQ==/lib/x86_64/libbugsnag-ndk.so using class loader ns clns-9 (caller=<unknown>): ok
02-19 18:19:17.861   752  2500 D FileUtils: Rounded bytes from 2067259392 to 4000000000
02-19 18:19:17.862 14110 14110 W BugsnagNDK: Initialization complete!
02-19 18:19:17.866 14110 14166 D nativeloader: Load /data/app/~~NUQj-rdXzuicW-16SIRtKA==/viva.republica.toss.test-Si406wFvb_sqEA2GTBV6RQ==/lib/x86_64/libbugsnag-plugin-android-anr.so using class loader ns clns-9 (caller=<unknown>): ok
02-19 18:19:17.875   752  2500 D ConnectivityService: requestNetwork for uid/pid:10217/14110 activeRequest: null callbackRequest: 599 [NetworkRequest [ REQUEST id=600, [ Capabilities: INTERNET&NOT_RESTRICTED&TRUSTED&NOT_VCN_MANAGED&NOT_BANDWIDTH_CONSTRAINED Uid: 10217 RequestorUid: 10217 RequestorPkg: viva.republica.toss.test UnderlyingNetworks: Null] ]] callback flags: 0 order: 2147483647 isUidTracked: false declaredMethods: AVAIL|UNAVAIL
02-19 18:19:17.875 14110 14110 W System.err: SLF4J: No SLF4J providers were found.
02-19 18:19:17.876 14110 14110 W System.err: SLF4J: Defaulting to no-operation (NOP) logger implementation
02-19 18:19:17.876 14110 14110 W System.err: SLF4J: See https://www.slf4j.org/codes.html#noProviders for further details.
02-19 18:19:17.877   752  1023 D OemPaidWifiNetworkFactory: got request NetworkRequest [ REQUEST id=600, [ Capabilities: INTERNET&NOT_RESTRICTED&TRUSTED&NOT_VCN_MANAGED&NOT_BANDWIDTH_CONSTRAINED Uid: 10217 RequestorUid: 10217 RequestorPkg: viva.republica.toss.test UnderlyingNetworks: Null] ]
02-19 18:19:17.877   752  1023 D MultiInternetWifiNetworkFactory: got request NetworkRequest [ REQUEST id=600, [ Capabilities: INTERNET&NOT_RESTRICTED&TRUSTED&NOT_VCN_MANAGED&NOT_BANDWIDTH_CONSTRAINED Uid: 10217 RequestorUid: 10217 RequestorPkg: viva.republica.toss.test UnderlyingNetworks: Null] ]
02-19 18:19:17.878   752  1023 D WifiNetworkFactory: got request NetworkRequest [ REQUEST id=600, [ Capabilities: INTERNET&NOT_RESTRICTED&TRUSTED&NOT_VCN_MANAGED&NOT_BANDWIDTH_CONSTRAINED Uid: 10217 RequestorUid: 10217 RequestorPkg: viva.republica.toss.test UnderlyingNetworks: Null] ]
02-19 18:19:17.878   752  1023 D UntrustedWifiNetworkFactory: got request NetworkRequest [ REQUEST id=600, [ Capabilities: INTERNET&NOT_RESTRICTED&TRUSTED&NOT_VCN_MANAGED&NOT_BANDWIDTH_CONSTRAINED Uid: 10217 RequestorUid: 10217 RequestorPkg: viva.republica.toss.test UnderlyingNetworks: Null] ]
02-19 18:19:17.878   752  1029 D ConnectivityService: NetReassign [600 : null → 108] [c 0] [a 1] [i 1]
02-19 18:19:17.885   752  1246 E TransitionController: Set visible without transition ActivityRecord{70692742 u0 viva.republica.toss.test/.MiniAppSchemeActivity t66} playing=true caller=com.android.server.wm.ActivityRecord.makeVisibleIfNeeded:5960 
02-19 18:19:17.890   752  1246 W OptProp : Cannot read opt property android.window.PROPERTY_COMPAT_ENABLE_FAKE_FOCUS
02-19 18:19:17.891   752  1246 D CompatChangeReporter: Compat change id reported: 324203798; UID 10217; state: ENABLED
02-19 18:19:17.897   752   797 W ProcessStats: Tracking association SourceState{34f503e viva.republica.toss.test/10217 BTop #20484} whose proc state 2 is better than process ProcessState{452e1c2 com.google.android.adservices.api/10205 pkg=com.google.android.adservices.api} proc state 14 (43 skipped)
02-19 18:19:17.901 14110 14110 I Choreographer: Skipped 87 frames!  The application may be doing too much work on its main thread.
02-19 18:19:17.902   752  1095 D BackgroundInstallControlService: Package event received: 0
02-19 18:19:17.904   752  1095 D BackgroundInstallControlService: Package event received: 0
02-19 18:19:17.969 14110 14182 I CameraManagerGlobal: Connecting to camera service
02-19 18:19:17.976   615 21625 I AttributionAndPermissionUtils: checkPermission (forDataDelivery 0 startDataDelivery 0): Permission hard denied for client attribution [uid 10217, pid 14110, packageName "<unknown>"]
02-19 18:19:17.990 14110 14110 I blica.toss.test: AssetManager2(0x7d8fac428818) locale list changing from [] to [en-US]
02-19 18:19:18.000 14110 14110 I blica.toss.test: AssetManager2(0x7d8fac4317d8) locale list changing from [] to [en-US]
02-19 18:19:18.153 14110 14110 I blica.toss.test: AssetManager2(0x7d8fac430e78) locale list changing from [] to [en-US]
02-19 18:19:18.280 14110 14110 D CompatChangeReporter: Compat change id reported: 309578419; UID 10217; state: ENABLED
02-19 18:19:18.682 14110 14110 D CompatChangeReporter: Compat change id reported: 352594277; UID 10217; state: ENABLED
02-19 18:19:18.690 14110 14110 D CompatChangeReporter: Compat change id reported: 349153669; UID 10217; state: ENABLED
02-19 18:19:18.698 14110 14110 W HWUI    : Unknown dataspace 0
02-19 18:19:18.720 14110 14184 I EGL_emulation: Opening libGLESv1_CM_emulation.so
02-19 18:19:18.722 14110 14184 I EGL_emulation: Opening libGLESv2_emulation.so
02-19 18:19:18.737 14110 14184 W HWUI    : Failed to choose config with EGL_SWAP_BEHAVIOR_PRESERVED, retrying without...
02-19 18:19:18.738 14110 14184 W HWUI    : Failed to initialize 101010-2 format, error = EGL_SUCCESS
02-19 18:19:18.839   752  1246 V GrammaticalInflectionUtils: AttributionSource: android.content.AttributionSource@56784557 does not have READ_SYSTEM_GRAMMATICAL_GENDER permission.
02-19 18:19:18.839  4656 15175 E adservices.measurement: AttributionFallbackJobService is disabled, skip scheduling
02-19 18:19:18.840   752  1246 W OptProp : Cannot read opt property android.window.PROPERTY_COMPAT_ALLOW_USER_ASPECT_RATIO_OVERRIDE
02-19 18:19:18.840   752  1246 W OptProp : Cannot read opt property android.window.PROPERTY_COMPAT_ALLOW_USER_ASPECT_RATIO_FULLSCREEN_OVERRIDE
02-19 18:19:18.840   752  1246 W OptProp : Cannot read opt property android.window.PROPERTY_COMPAT_ALLOW_RESIZEABLE_ACTIVITY_OVERRIDES
02-19 18:19:18.840   752  1246 W OptProp : Cannot read opt property android.window.PROPERTY_COMPAT_ALLOW_MIN_ASPECT_RATIO_OVERRIDE
02-19 18:19:18.845   752  1246 W OptProp : Cannot read opt property android.window.PROPERTY_COMPAT_ALLOW_ORIENTATION_OVERRIDE
02-19 18:19:18.850   531   590 I BpBinder: onLastStrongRef automatically unlinking death recipients: 
02-19 18:19:18.855   752  1246 I ActivityTaskManager: START u0 {act=android.intent.action.VIEW dat=intoss://takealook/... xflg=0x4 cmp=viva.republica.toss.test/im.toss.rn.granite.core.GraniteActivity (has extras)} with LAUNCH_MULTIPLE from uid 10217 (sr=70692742) (BAL_ALLOW_VISIBLE_WINDOW) result code=0
02-19 18:19:18.856  4449  4467 V WindowManagerShell: Transition requested (#636): android.os.BinderProxy@35042c4 TransitionRequestInfo { type = OPEN, triggerTask = TaskInfo{userId=0 taskId=66 effectiveUid=10217 displayId=0 isRunning=true baseIntent=Intent { act=android.intent.action.VIEW dat=intoss://takealook/... flg=0x10000000 pkg=viva.republica.toss.test cmp=viva.republica.toss.test/.MiniAppSchemeActivity } baseActivity=ComponentInfo{viva.republica.toss.test/viva.republica.toss.test.MiniAppSchemeActivity} topActivity=ComponentInfo{viva.republica.toss.test/im.toss.rn.granite.core.GraniteActivity} origActivity=null realActivity=ComponentInfo{viva.republica.toss.test/viva.republica.toss.test.MiniAppSchemeActivity} numActivities=2 lastActiveTime=104232698 supportsMultiWindow=true resizeMode=1 isResizeable=true minWidth=-1 minHeight=-1 defaultMinSize=220 token=WCT{android.window.IWindowContainerToken$Stub$Proxy@51c55ad} topActivityType=1 pictureInPictureParams=null shouldDockBigOverlays=false launchIntoPipHostTaskId=-1 lastParentTaskIdBeforePip=-1 displayCutoutSafeInsets=Rect(0, 0 - 0, 0) topActivityInfo=ActivityInfo{ff960e2 im.toss.rn.granite.core.GraniteActivity} launchCookies=[] positionInParent=Point(0, 0) parentTaskId=-1 isFocused=true isVisible=true isVisibleRequested=true isTopActivityNoDisplay=false isSleeping=false locusId=null displayAreaFeatureId=1 isTopActivityTransparent=false isActivityStackTransparent=false lastNonFullscreenBounds=Rect(284, 660 - 796, 1740) capturedLink=null capturedLinkTimestamp=0 requestedVisibleTypes=-9 topActivityRequestOpenInBrowserEducationTimestamp=0 appCompatTaskInfo=AppCompatTaskInfo { topActivityInSizeCompat=false eligibleForLetterboxEducation= false isLetterboxEducationEnabled= true isLetterboxDoubleTapEnabled= false eligibleForUserAspectRatioButton= false topActivityBoundsLetterboxed= false isFromLetterboxDoubleTap= false topActivityLetterboxVerticalPosition= -1 topActivityLetterboxHorizontalPosition= -1 topActivityLetterboxWidth=-1 topActivityLetterboxHeight=-1 topActivityAppBounds=Rect(0, 0 - 1080, 2400) isUserFullscreenOverrideEnabled=false isSystemFullscreenOverrideEnabled=false hasMinAspectRatioOverride=false topActivityLetterboxBounds=null cameraCompatTaskInfo=CameraCompatTaskInfo { freeformCameraCompatMode=inactive}} topActivityMainWindowFrame=null}, pipChange = null, remoteTransition = null, displayChange = null, flags = 0, debugId = 636 }
02-19 18:19:18.856  4449  4467 D ShellSplitScreen: logExit: no-op, mLoggerSessionId is null
02-19 18:19:18.861   752  2500 D CoreBackPreview: Window{aaf6a18 u0 viva.republica.toss.test/viva.republica.toss.test.MiniAppSchemeActivity}: Setting back callback OnBackInvokedCallbackInfo{mCallback=android.window.IOnBackInvokedCallback$Stub$Proxy@9dd6430, mPriority=0, mIsAnimationCallback=false, mOverrideBehavior=0}
02-19 18:19:18.944   752  1095 D BackgroundInstallControlService: Package event received: 0
02-19 18:19:18.946   752  1246 W OptProp : Cannot read opt property android.window.PROPERTY_COMPAT_ENABLE_FAKE_FOCUS
02-19 18:19:18.963   752   797 V WindowManager: Unknown focus tokens, dropping reportFocusChanged
02-19 18:19:18.967   752   797 W IPCThreadState: Sending oneway calls to frozen process.
02-19 18:19:18.967   752   797 W IPCThreadState: Sending oneway calls to frozen process.
02-19 18:19:18.968   752   797 W IPCThreadState: Sending oneway calls to frozen process.
02-19 18:19:18.968   752   797 W IPCThreadState: Sending oneway calls to frozen process.
02-19 18:19:18.968   752   797 W IPCThreadState: Sending oneway calls to frozen process.
02-19 18:19:18.968   752   797 W IPCThreadState: Sending oneway calls to frozen process.
02-19 18:19:18.968   752   797 W IPCThreadState: Sending oneway calls to frozen process.
02-19 18:19:18.968   752   797 W IPCThreadState: Sending oneway calls to frozen process.
02-19 18:19:18.968   752  1095 D BackgroundInstallControlService: Package event received: 0
02-19 18:19:18.968   752   797 W IPCThreadState: Sending oneway calls to frozen process.
02-19 18:19:18.968   752  1095 D BackgroundInstallControlService: Package event received: 0
02-19 18:19:18.968   752   797 W IPCThreadState: Sending oneway calls to frozen process.
02-19 18:19:18.981  4656 14208 W adservices: Skip logging because Cobalt logger is null
02-19 18:19:18.982  4656 14209 W adservices: Skip logging because Cobalt is disabled.
02-19 18:19:19.027  4656 15175 E adservices: Encryption key fetch job is disabled, skip scheduling.
02-19 18:19:19.198   752  2500 D CoreBackPreview: Window{f5793e1 u0 viva.republica.toss.test/im.toss.rn.granite.core.GraniteActivity}: Setting back callback OnBackInvokedCallbackInfo{mCallback=android.window.IOnBackInvokedCallback$Stub$Proxy@565f1f4, mPriority=0, mIsAnimationCallback=false, mOverrideBehavior=0}
02-19 18:19:19.200 14110 14110 W unknown:ReactRootView: Unable to update root layout specs for uninitialized ReactInstanceManager
02-19 18:19:19.275  4449 22842 V WindowManagerShell: onTransitionReady(transaction=3229815425651)
02-19 18:19:19.275  4449  4467 V WindowManagerShell: onTransitionReady (#636) android.os.BinderProxy@35042c4: {id=636 t=OPEN f=0x0 trk=0 r=[0@Point(0, 0)] c=[
02-19 18:19:19.275  4449  4467 V WindowManagerShell:         {m=OPEN f=FILLS_TASK leash=Surface(name=ActivityRecord{6659757 u0 viva.republica.toss.test/im.toss.rn.granite.core.GraniteActivity)/@0x97f4c73 sb=Rect(0, 0 - 0, 0) eb=Rect(0, 0 - 1080, 2400) epz=Point(1080, 2400) d=-1->0 r=-1->0:-1 bc=ffffffff component=viva.republica.toss.test/im.toss.rn.granite.core.GraniteActivity},
02-19 18:19:19.275  4449  4467 V WindowManagerShell:         {m=CLOSE f=TRANSLUCENT|FILLS_TASK|IS_OCCLUDED leash=Surface(name=ActivityRecord{70692742 u0 viva.republica.toss.test/.MiniAppSchemeActivity)/@0x870c730 sb=Rect(0, 0 - 1080, 2400) eb=Rect(0, 0 - 1080, 2400) epz=Point(1080, 2400) d=0 bc=ffffffff component=viva.republica.toss.test/.MiniAppSchemeActivity},
02-19 18:19:19.275  4449  4467 V WindowManagerShell:         {m=TO_BACK f=SHOW_WALLPAPER leash=Surface(name=Task=1)/@0x3d59fa9 sb=Rect(0, 0 - 1080, 2400) eb=Rect(0, 0 - 1080, 2400) epz=Point(1080, 2400) d=0 taskParent=-1},
02-19 18:19:19.275  4449  4467 V WindowManagerShell:         {m=TO_BACK f=IS_WALLPAPER leash=Surface(name=WallpaperWindowToken{35e0c0f showWhenLocked=false})/@0xe50a92e sb=Rect(0, 0 - 1080, 2400) eb=Rect(0, 0 - 1080, 2400) epz=Point(1080, 2400) d=0}
02-19 18:19:19.275  4449  4467 V WindowManagerShell:     ]}
02-19 18:19:19.276  4449  4467 V WindowManagerShell: Transition (#636) android.os.BinderProxy@35042c4@0 ready while (#633) android.os.BinderProxy@a0d93f6@0 is still animating. Notify the animating transition in case they can be merged
02-19 18:19:19.276 14110 14110 V SoLoader: Init System Loader delegate
02-19 18:19:19.276  4449  4467 V ShellRecents: [18949111] RecentsController.merge
02-19 18:19:19.276  4449  4467 V ShellRecents: [18949111] RecentsController.merge: empty pausing tasks
02-19 18:19:19.276  4449  4467 W RecentsTransitionHandler: Don't know how to merge this transition, foundRecentsClosing=true recentsTaskId=1
02-19 18:19:19.276  4449  4467 V ShellRecents: [18949111] RecentsController.cancel: toHome=false reason=didn't merge
02-19 18:19:19.276  4449  4467 V ShellRecents: [18949111] RecentsController.cancel: calling onAnimationCanceled 
02-19 18:19:19.276  4449  4467 V ShellRecents: [18949111] RecentsController.finishInner: toHome=false userLeave=false willFinishToHome=false state=0 hasPausingTasks=true reason=cancel
02-19 18:19:19.276  4449  4467 V ShellRecents:   returning to app
02-19 18:19:19.276  4449  4467 V ShellRecents: [18949111] RecentsController.finishInner: Completing finish
02-19 18:19:19.276  4449  4467 V ShellRecents: [18949111] RecentsController.cleanup
02-19 18:19:19.283  4449  4467 V WindowManagerShell: Transition animation finished (aborted=false), notifying core (#633) android.os.BinderProxy@a0d93f6@0
02-19 18:19:19.287  7804  7804 D RecentsView: cleanupRemoteTargets - mRemoteTargetHandles: [com.android.quickstep.RemoteTargetGluer$RemoteTargetHandle@7cd5474]
02-19 18:19:19.297   752   794 I ActivityTaskManager: Displayed viva.republica.toss.test/im.toss.rn.granite.core.GraniteActivity for user 0: +11s404ms
02-19 18:19:19.297   752   794 V WindowManager: Sent Transition (#636) createdAt=02-19 18:19:18.843 via request=TransitionRequestInfo { type = OPEN, triggerTask = TaskInfo{userId=0 taskId=66 effectiveUid=10217 displayId=0 isRunning=true baseIntent=Intent { act=android.intent.action.VIEW dat=intoss://takealook/... flg=0x10000000 pkg=viva.republica.toss.test cmp=viva.republica.toss.test/.MiniAppSchemeActivity } baseActivity=ComponentInfo{viva.republica.toss.test/viva.republica.toss.test.MiniAppSchemeActivity} topActivity=ComponentInfo{viva.republica.toss.test/im.toss.rn.granite.core.GraniteActivity} origActivity=null realActivity=ComponentInfo{viva.republica.toss.test/viva.republica.toss.test.MiniAppSchemeActivity} numActivities=2 lastActiveTime=104232698 supportsMultiWindow=true resizeMode=1 isResizeable=true minWidth=-1 minHeight=-1 defaultMinSize=220 token=WCT{RemoteToken{5171ea4 Task{c67c047 #66 type=standard A=10217:viva.republica.toss.test}}} topActivityType=1 pictureInPictureParams=null shouldDockBigOverlays=false launchIntoPipHostTaskId=-1 lastParentTaskIdBeforePip=-1 displayCutoutSafeInsets=Rect(0, 0 - 0, 0) topActivityInfo=ActivityInfo{2fd42d5 im.toss.rn.granite.core.GraniteActivity} launchCookies=[] positionInParent=Point(0, 0) parentTaskId=-1 isFocused=true isVisible=true isVisibleRequested=true isTopActivityNoDisplay=false isSleeping=false locusId=null displayAreaFeatureId=1 isTopActivityTransparent=false isActivityStackTransparent=false lastNonFullscreenBounds=Rect(284, 660 - 796, 1740) capturedLink=null capturedLinkTimestamp=0 requestedVisibleTypes=-9 topActivityRequestOpenInBrowserEducationTimestamp=0 appCompatTaskInfo=AppCompatTaskInfo { topActivityInSizeCompat=false eligibleForLetterboxEducation= false isLetterboxEducationEnabled= true isLetterboxDoubleTapEnabled= false eligibleForUserAspectRatioButton= false topActivityBoundsLetterboxed= false isFromLetterboxDoubleTap= false topActivityLetterboxVerticalPosition= -1 topActivityLetterboxHorizontalPosition= -1 topActivityLetterboxWidth=-1 topActivityLetterboxHeight=-1 topActivityAppBounds=Rect(0, 0 - 1080, 2400) isUserFullscreenOverrideEnabled=false isSystemFullscreenOverrideEnabled=false hasMinAspectRatioOverride=false topActivityLetterboxBounds=null cameraCompatTaskInfo=CameraCompatTaskInfo { freeformCameraCompatMode=inactive}} topActivityMainWindowFrame=null}, pipChange = null, remoteTransition = null, displayChange = null, flags = 0, debugId = 636 }
02-19 18:19:19.298   752   794 V WindowManager:     startWCT=WindowContainerTransaction { changes= {} hops= [] errorCallbackToken=null taskFragmentOrganizer=null }
02-19 18:19:19.298   752   794 V WindowManager:     info={id=636 t=OPEN f=0x0 trk=0 r=[0@Point(0, 0)] c=[
02-19 18:19:19.298   752   794 V WindowManager:         {m=OPEN f=FILLS_TASK leash=Surface(name=ActivityRecord{6659757 u0 viva.republica.toss.test/im.toss.rn.granite.core.GraniteActivity)/@0x1315ede sb=Rect(0, 0 - 0, 0) eb=Rect(0, 0 - 1080, 2400) epz=Point(1080, 2400) d=-1->0 r=-1->0:-1 bc=ffffffff component=viva.republica.toss.test/im.toss.rn.granite.core.GraniteActivity},
02-19 18:19:19.298   752   794 V WindowManager:         {m=CLOSE f=TRANSLUCENT|FILLS_TASK|IS_OCCLUDED leash=Surface(name=ActivityRecord{70692742 u0 viva.republica.toss.test/.MiniAppSchemeActivity)/@0x975de19 sb=Rect(0, 0 - 1080, 2400) eb=Rect(0, 0 - 1080, 2400) epz=Point(1080, 2400) d=0 bc=ffffffff component=viva.republica.toss.test/.MiniAppSchemeActivity},
02-19 18:19:19.298   752   794 V WindowManager:         {WCT{RemoteToken{5218fe8 Task{dd43522 #1 type=home}}} m=TO_BACK f=SHOW_WALLPAPER leash=Surface(name=Task=1)/@0x8ddbd2e sb=Rect(0, 0 - 1080, 2400) eb=Rect(0, 0 - 1080, 2400) epz=Point(1080, 2400) d=0 taskParent=-1},
02-19 18:19:19.298   752   794 V WindowManager:         {m=TO_BACK f=IS_WALLPAPER leash=Surface(name=WallpaperWindowToken{35e0c0f showWhenLocked=false})/@0x512f5be sb=Rect(0, 0 - 1080, 2400) eb=Rect(0, 0 - 1080, 2400) epz=Point(1080, 2400) d=0}
02-19 18:19:19.298   752   794 V WindowManager:     ]}
02-19 18:19:19.298   752   794 V WindowManager: Finish Transition (#633): created at 02-19 18:19:04.089 collect-started=0.16ms started=0.176ms ready=547.967ms sent=692.755ms commit=39.321ms finished=15207.005ms
02-19 18:19:19.299  7804  7804 D RecentsView: onRecentsAnimationComplete - mRecentsAnimationController: com.android.quickstep.RecentsAnimationController@3ce169b, mSideTaskLaunchCallback: null
02-19 18:19:19.304  7804  7804 W SplitSelectStateCtor: Missing session instanceIds
02-19 18:19:19.304  7804  7804 D StatsLog: LAUNCHER_SPLIT_SELECTION_EXIT_INTERRUPTED
02-19 18:19:19.372   752  2500 E IPCThreadState: Binder transaction failure. id: 2322706, BR_*: 29189, error: -22 (Invalid argument)
02-19 18:19:19.373   752  2500 W ActivityManager: pid 752 system sent binder code 7 with flags 1 to frozen apps and got error -32
02-19 18:19:19.374   752  2500 W WindowManager: Exception thrown during dispatchAppVisibility Window{5a59468 u0 viva.republica.toss.test/im.toss.rn.granite.core.GraniteActivity EXITING}
02-19 18:19:19.374   752  2500 W WindowManager: android.os.DeadObjectException
02-19 18:19:19.374   752  2500 W WindowManager: 	at android.os.BinderProxy.transactNative(Native Method)
02-19 18:19:19.374   752  2500 W WindowManager: 	at android.os.BinderProxy.transact(BinderProxy.java:592)
02-19 18:19:19.374   752  2500 W WindowManager: 	at android.view.IWindow$Stub$Proxy.dispatchAppVisibility(IWindow.java:557)
02-19 18:19:19.374   752  2500 W WindowManager: 	at com.android.server.wm.WindowState.sendAppVisibilityToClients(WindowState.java:3151)
02-19 18:19:19.374   752  2500 W WindowManager: 	at com.android.server.wm.WindowContainer.sendAppVisibilityToClients(WindowContainer.java:1311)
02-19 18:19:19.374   752  2500 W WindowManager: 	at com.android.server.wm.WindowToken.setClientVisible(WindowToken.java:389)
02-19 18:19:19.374   752  2500 W WindowManager: 	at com.android.server.wm.ActivityRecord.setClientVisible(ActivityRecord.java:6650)
02-19 18:19:19.374   752  2500 W WindowManager: 	at com.android.server.wm.ActivityRecord.commitVisibility(ActivityRecord.java:5561)
02-19 18:19:19.374   752  2500 W WindowManager: 	at com.android.server.wm.Transition.finishTransition(Transition.java:1391)
02-19 18:19:19.374   752  2500 W WindowManager: 	at com.android.server.wm.TransitionController.finishTransition(TransitionController.java:1029)
02-19 18:19:19.374   752  2500 W WindowManager: 	at com.android.server.wm.WindowOrganizerController.finishTransition(WindowOrganizerController.java:496)
02-19 18:19:19.374   752  2500 W WindowManager: 	at android.window.IWindowOrganizerController$Stub.onTransact(IWindowOrganizerController.java:261)
02-19 18:19:19.374   752  2500 W WindowManager: 	at com.android.server.wm.WindowOrganizerController.onTransact(WindowOrganizerController.java:223)
02-19 18:19:19.374   752  2500 W WindowManager: 	at android.os.Binder.execTransactInternal(Binder.java:1426)
02-19 18:19:19.374   752  2500 W WindowManager: 	at android.os.Binder.execTransact(Binder.java:1365)
02-19 18:19:19.374   752  2500 W Process : Unable to open /proc/13847/status
02-19 18:19:19.381  7804  7804 D VRI[NexusLauncherActivity]: visibilityChanged oldVisibility=true newVisibility=false
02-19 18:19:19.381   752   794 V WindowManager: Finish Transition (#634): created at 02-19 18:19:06.112 collect-started=0.043ms request-sent=0.132ms started=2.968ms ready=2.947ms sent=5.186ms commit=20.211ms finished=13267.829ms
02-19 18:19:19.382  7804  7804 D RecentsView: updateTaskStackListenerState: false
02-19 18:19:19.382  7804  7804 D NexusLauncherModelDelegate: notifySmartspaceEvent: SmartspaceTargetEvent{mSmartspaceTarget=null, mSmartspaceActionId='null', mEventType=7}
02-19 18:19:19.386   752  2500 I ImeTracker: system_server:fa7de70c: onRequestHide at ORIGIN_SERVER reason IME_REQUESTED_CHANGED_LISTENER fromUser false
02-19 18:19:19.395 20068 20076 I FontLog : (REDACTED) Received query %s, URI %s
02-19 18:19:19.395 20068 20076 I FontLog : (REDACTED) Query [%s] resolved to %s
02-19 18:19:19.396   752   794 V WindowManager: Finish Transition (#635): created at 02-19 18:19:07.859 collect-started=0.046ms request-sent=13.54ms started=20.135ms ready=-1.0422170614E8ms sent=7042.767ms commit=4411.734ms finished=11535.642ms
02-19 18:19:19.396  4449  4467 V WindowManagerShell: Playing animation for (#636) android.os.BinderProxy@35042c4@0
02-19 18:19:19.396  4449  4467 V ShellRecents: RecentsTransitionHandler.startAnimation: no controller found
02-19 18:19:19.396  4449  4467 V WindowManagerShell: Transition doesn't have explicit remote, search filters for match for {id=636 t=OPEN f=0x0 trk=0 r=[0@Point(0, 0)] c=[{m=OPEN f=FILLS_TASK leash=Surface(name=ActivityRecord{6659757 u0 viva.republica.toss.test/im.toss.rn.granite.core.GraniteActivity)/@0x97f4c73 sb=Rect(0, 0 - 0, 0) eb=Rect(0, 0 - 1080, 2400) epz=Point(1080, 2400) d=-1->0 r=-1->0:-1 bc=ffffffff component=viva.republica.toss.test/im.toss.rn.granite.core.GraniteActivity},{m=CLOSE f=TRANSLUCENT|FILLS_TASK|IS_OCCLUDED leash=Surface(name=ActivityRecord{70692742 u0 viva.republica.toss.test/.MiniAppSchemeActivity)/@0x870c730 sb=Rect(0, 0 - 1080, 2400) eb=Rect(0, 0 - 1080, 2400) epz=Point(1080, 2400) d=0 bc=ffffffff component=viva.republica.toss.test/.MiniAppSchemeActivity},{m=TO_BACK f=SHOW_WALLPAPER leash=Surface(name=Task=1)/@0x3d59fa9 sb=Rect(0, 0 - 1080, 2400) eb=Rect(0, 0 - 1080, 2400) epz=Point(1080, 2400) d=0 taskParent=-1},{m=TO_BACK f=IS_WALLPAPER leash=Surface(name=WallpaperWindowToken{35e0c0f showWhenLocked=false})/@0xe50a92e sb=Rect(0, 0 - 1080, 2400) eb=Rect(0, 0 - 1080, 2400) epz=Point(1080, 2400) d=0}]}
02-19 18:19:19.396 14110 14110 D VRI[MiniAppSchemeActivity]: visibilityChanged oldVisibility=true newVisibility=false
02-19 18:19:19.396  4449  4467 V WindowManagerShell:  Checking filter Pair{{types=[] flags=0x0] notFlags=0x0 checks=[{atype=undefined independent=true modes=[CLOSE,TO_BACK] flags=IN_TASK_WITH_EMBEDDED_ACTIVITY mustBeTask=false order=ANY topActivity=null launchCookie=null taskFragmentToken=android.os.BinderProxy@dcfd27d windowingMode=undefined}]} RemoteTransition { remoteTransition = android.window.IRemoteTransition$Stub$Proxy@d4ce572, appThread = android.app.IApplicationThread$Stub$Proxy@fd29dc3, debugName = overlayBackTransition }}
02-19 18:19:19.396  4449  4467 V WindowManagerShell:  Checking filter Pair{{types=[] flags=0x0] notFlags=0x0 checks=[{atype=dream independent=true modes=[OPEN,TO_FRONT] flags=NONE mustBeTask=false order=ANY topActivity=null launchCookie=null windowingMode=undefined},{atype=home independent=true modes=[CLOSE,TO_BACK] flags=NONE mustBeTask=false order=ANY topActivity=null launchCookie=null windowingMode=undefined}]} RemoteTransition { remoteTransition = android.window.IRemoteTransition$Stub$Proxy@90c640, appThread = android.app.IApplicationThread$Stub$Proxy@f8c1979, debugName = LauncherToDream }}
02-19 18:19:19.398  4449  4467 V WindowManagerShell:  Checking filter Pair{{types=[] flags=0x0] notFlags=0x100 checks=[{atype=home independent=true modes=[OPEN,TO_FRONT] flags=NONE mustBeTask=false order=TOP topActivity=ComponentInfo{com.google.android.apps.nexuslauncher/com.google.android.apps.nexuslauncher.NexusLauncherActivity} launchCookie=null windowingMode=undefined},{atype=standard independent=true modes=[CLOSE,TO_BACK] flags=NONE mustBeTask=false order=ANY topActivity=null launchCookie=null windowingMode=undefined},{NOT atype=undefined independent=true modes=[] flags=NONE mustBeTask=true order=ANY topActivity=null launchCookie=null customAnim=true windowingMode=undefined}]} RemoteTransition { remoteTransition = android.window.IRemoteTransition$Stub$Proxy@affe6be, appThread = android.app.IApplicationThread$Stub$Proxy@c37531f, debugName = QuickstepLaunchHome }}
02-19 18:19:19.399  4449  4467 V WindowManagerShell:  Checking filter Pair{{types=[] flags=0x0] notFlags=0x0 checks=[{atype=undefined independent=true modes=[CLOSE,TO_BACK] flags=IN_TASK_WITH_EMBEDDED_ACTIVITY mustBeTask=false order=ANY topActivity=null launchCookie=null taskFragmentToken=android.os.BinderProxy@dcfd27d windowingMode=undefined}]} RemoteTransition { remoteTransition = android.window.IRemoteTransition$Stub$Proxy@3517b6e, appThread = android.app.IApplicationThread$Stub$Proxy@261420f, debugName = overlayBackTransition }}
02-19 18:19:19.399  4449  4467 V WindowManagerShell:  Checking filter Pair{{types=[] flags=0x0] notFlags=0x0 checks=[{atype=dream independent=true modes=[OPEN,TO_FRONT] flags=NONE mustBeTask=false order=ANY topActivity=null launchCookie=null windowingMode=undefined},{atype=home independent=true modes=[CLOSE,TO_BACK] flags=NONE mustBeTask=false order=ANY topActivity=null launchCookie=null windowingMode=undefined}]} RemoteTransition { remoteTransition = android.window.IRemoteTransition$Stub$Proxy@c23e29c, appThread = android.app.IApplicationThread$Stub$Proxy@afb34a5, debugName = LauncherToDream }}
02-19 18:19:19.399  4449  4467 V WindowManagerShell:  Checking filter Pair{{types=[] flags=0x0] notFlags=0x100 checks=[{atype=home independent=true modes=[OPEN,TO_FRONT] flags=NONE mustBeTask=false order=TOP topActivity=ComponentInfo{com.google.android.apps.nexuslauncher/com.google.android.apps.nexuslauncher.NexusLauncherActivity} launchCookie=null windowingMode=undefined},{atype=standard independent=true modes=[CLOSE,TO_BACK] flags=NONE mustBeTask=false order=ANY topActivity=null launchCookie=null windowingMode=undefined},{NOT atype=undefined independent=true modes=[] flags=NONE mustBeTask=true order=ANY topActivity=null launchCookie=null customAnim=true windowingMode=undefined}]} RemoteTransition { remoteTransition = android.window.IRemoteTransition$Stub$Proxy@39de07a, appThread = android.app.IApplicationThread$Stub$Proxy@cf9f02b, debugName = QuickstepLaunchHome }}
02-19 18:19:19.399  4449  4467 V WindowManagerShell:  Delegate animation for (#636) to null
02-19 18:19:19.399  4449  4467 V WindowManagerShell: start default transition animation, info = {id=636 t=OPEN f=0x0 trk=0 r=[0@Point(0, 0)] c=[{m=OPEN f=FILLS_TASK leash=Surface(name=ActivityRecord{6659757 u0 viva.republica.toss.test/im.toss.rn.granite.core.GraniteActivity)/@0x97f4c73 sb=Rect(0, 0 - 0, 0) eb=Rect(0, 0 - 1080, 2400) epz=Point(1080, 2400) d=-1->0 r=-1->0:-1 bc=ffffffff component=viva.republica.toss.test/im.toss.rn.granite.core.GraniteActivity},{m=CLOSE f=TRANSLUCENT|FILLS_TASK|IS_OCCLUDED leash=Surface(name=ActivityRecord{70692742 u0 viva.republica.toss.test/.MiniAppSchemeActivity)/@0x870c730 sb=Rect(0, 0 - 1080, 2400) eb=Rect(0, 0 - 1080, 2400) epz=Point(1080, 2400) d=0 bc=ffffffff component=viva.republica.toss.test/.MiniAppSchemeActivity},{m=TO_BACK f=SHOW_WALLPAPER leash=Surface(name=Task=1)/@0x3d59fa9 sb=Rect(0, 0 - 1080, 2400) eb=Rect(0, 0 - 1080, 2400) epz=Point(1080, 2400) d=0 taskParent=-1},{m=TO_BACK f=IS_WALLPAPER leash=Surface(name=WallpaperWindowToken{35e0c0f showWhenLocked=false})/@0xe50a92e sb=Rect(0, 0 - 1080, 2400) eb=Rect(0, 0 - 1080, 2400) epz=Point(1080, 2400) d=0}]}
02-19 18:19:19.399  4449  4467 V WindowManagerShell: loadAnimation: anim=android.view.animation.AnimationSet@798b006 animAttr=0x13 type=OPEN isEntrance=false
