--------- beginning of main
02-19 10:33:59.641 24363 24363 W dumpsys : Thread Pool max thread count is 0. Cannot cache binder as linkToDeath cannot be implemented. serviceName: package
02-19 10:33:59.740 24353 24355 I artd    : GetBestInfo: odex next to the dex file (/data/app/~~O-UZzK0jUU9NLgS3MODOZA==/com.google.android.gms-YQ2L6GsYyKuvu9MvIBK1EQ==/oat/x86_64/base.odex) is kOatUpToDate with filter 'speed-profile' executable 'false'
02-19 10:33:59.743 24353 24355 I artd    : GetBestInfo: odex next to the dex file (/data/app/~~O-UZzK0jUU9NLgS3MODOZA==/com.google.android.gms-YQ2L6GsYyKuvu9MvIBK1EQ==/oat/x86_64/split_AdsDynamite_installtime.odex) is kOatUpToDate with filter 'speed' executable 'false'
02-19 10:33:59.745 24353 24355 I artd    : GetBestInfo: odex next to the dex file (/data/app/~~O-UZzK0jUU9NLgS3MODOZA==/com.google.android.gms-YQ2L6GsYyKuvu9MvIBK1EQ==/oat/x86_64/split_CronetDynamite_installtime.odex) is kOatUpToDate with filter 'speed' executable 'false'
02-19 10:33:59.748 24353 24355 I artd    : GetBestInfo: odex next to the dex file (/data/app/~~O-UZzK0jUU9NLgS3MODOZA==/com.google.android.gms-YQ2L6GsYyKuvu9MvIBK1EQ==/oat/x86_64/split_DynamiteLoader_installtime.odex) is kOatUpToDate with filter 'speed' executable 'false'
02-19 10:33:59.751 24353 24355 I artd    : GetBestInfo: odex next to the dex file (/data/app/~~O-UZzK0jUU9NLgS3MODOZA==/com.google.android.gms-YQ2L6GsYyKuvu9MvIBK1EQ==/oat/x86_64/split_DynamiteModulesA_installtime.odex) is kOatUpToDate with filter 'speed' executable 'false'
02-19 10:33:59.753 24353 24355 I artd    : GetBestInfo: odex next to the dex file (/data/app/~~O-UZzK0jUU9NLgS3MODOZA==/com.google.android.gms-YQ2L6GsYyKuvu9MvIBK1EQ==/oat/x86_64/split_DynamiteModulesC_installtime.odex) is kOatUpToDate with filter 'speed' executable 'false'
02-19 10:33:59.756 24353 24355 I artd    : GetBestInfo: odex next to the dex file (/data/app/~~O-UZzK0jUU9NLgS3MODOZA==/com.google.android.gms-YQ2L6GsYyKuvu9MvIBK1EQ==/oat/x86_64/split_GoogleCertificates_installtime.odex) is kOatUpToDate with filter 'speed' executable 'false'
02-19 10:33:59.758 24353 24355 I artd    : GetBestInfo: odex next to the dex file (/data/app/~~O-UZzK0jUU9NLgS3MODOZA==/com.google.android.gms-YQ2L6GsYyKuvu9MvIBK1EQ==/oat/x86_64/split_MapsDynamite_installtime.odex) is kOatUpToDate with filter 'speed' executable 'false'
02-19 10:33:59.761 24353 24355 I artd    : GetBestInfo: odex next to the dex file (/data/app/~~O-UZzK0jUU9NLgS3MODOZA==/com.google.android.gms-YQ2L6GsYyKuvu9MvIBK1EQ==/oat/x86_64/split_MeasurementDynamite_installtime.odex) is kOatUpToDate with filter 'speed' executable 'false'
02-19 10:33:59.763 24353 24355 I artd    : GetBestInfo: /data/app/~~O-UZzK0jUU9NLgS3MODOZA==/com.google.android.gms-YQ2L6GsYyKuvu9MvIBK1EQ==/split_maps_core_dynamite_ondemand.apk has no usable artifacts
02-19 10:33:59.765 24353 24355 I artd    : GetBestInfo: /data/user_de/0/com.google.android.gms/app_chimera/m/0000000c/dl-Appsearch.optional_250834100800.apk has no usable artifacts
02-19 10:33:59.766 24353 24355 I artd    : GetBestInfo: /data/user_de/0/com.google.android.gms/app_chimera/m/00000001/CronetDynamite.apk has no usable artifacts
02-19 10:33:59.766 24353 24355 I artd    : GetBestInfo: /data/user_de/0/com.google.android.gms/app_chimera/m/00000002/DynamiteLoader.apk has no usable artifacts
02-19 10:33:59.767 24353 24355 I artd    : GetBestInfo: /data/user_de/0/com.google.android.gms/app_chimera/m/00000005/GoogleCertificates.apk has no usable artifacts
02-19 10:33:59.768 24353 24355 I artd    : GetBestInfo: /data/user_de/0/com.google.android.gms/app_chimera/m/00000009/dl-TfliteDynamiteDynamite.integ_252130102100800.apk has no usable artifacts
02-19 10:33:59.771 24353 24355 I artd    : GetBestInfo: vdex next to the dex file (/data/user/0/com.google.android.gms/app_dg_cache/BF7C023AB90CCF01D1F467FC1CEBAF866511FF29/oat/x86_64/the.vdex) is kOatUpToDate with filter 'verify' executable 'false'
02-19 10:33:59.773 24353 24355 I artd    : GetBestInfo: /data/user_de/0/com.google.android.gms/app_chimera/m/00000010/dl-PlayCloudSearch.optional_250834100000.apk has no usable artifacts
02-19 10:33:59.775 24353 24355 I artd    : GetBestInfo: /data/user_de/0/com.google.android.gms/app_chimera/m/00000017/dl-PlayCloudSearch.optional_260438100000.apk has no usable artifacts
02-19 10:33:59.777 24353 24355 I artd    : GetBestInfo: /data/user_de/0/com.google.android.gms/app_chimera/m/00000015/dl-MlkitOcrCommon.optional_260438100800.apk has no usable artifacts
02-19 10:33:59.778 24353 24355 I artd    : GetBestInfo: /data/user_de/0/com.google.android.gms/app_chimera/m/00000013/dl-MlkitBarcodeUi.optional_260438100800.apk has no usable artifacts
02-19 10:33:59.781 24353 24355 I artd    : GetBestInfo: /data/user_de/0/com.google.android.gms/app_chimera/m/0000000f/dl-MlkitOcrCommon.optional_250834100800.apk has no usable artifacts
02-19 10:33:59.784 24353 24355 I artd    : GetBestInfo: /data/user_de/0/com.google.android.gms/app_chimera/m/0000000d/dl-VisionOcr.optional_250834100000.apk has no usable artifacts
02-19 10:33:59.787 24353 24355 I artd    : GetBestInfo: /data/user_de/0/com.google.android.gms/app_chimera/m/0000000a/dl-MlkitBarcodeUi.optional_250834100800.apk has no usable artifacts
02-19 10:33:59.789 24353 24355 I artd    : GetBestInfo: /data/user_de/0/com.google.android.gms/app_chimera/m/00000011/dl-VisionOcr.optional_260438100000.apk has no usable artifacts
02-19 10:33:59.792 24353 24355 I artd    : GetBestInfo: /data/user_de/0/com.google.android.gms/app_chimera/m/00000012/dl-Appsearch.optional_260438100800.apk has no usable artifacts
02-19 10:33:59.794 24353 24355 I artd    : GetBestInfo: vdex next to the dex file (/data/user/0/com.google.android.gms/app_dg_cache/94DF452EEF4B8E717545DCDEA6CC3C50A319A195/oat/x86_64/the.vdex) is kOatUpToDate with filter 'verify' executable 'false'
02-19 10:33:59.795 24353 24355 I artd    : GetBestInfo: /data/user_de/0/com.google.android.gms/app_chimera/m/00000007/MeasurementDynamite.apk has no usable artifacts
02-19 10:33:59.796 24353 24355 I artd    : GetBestInfo: /data/user_de/0/com.google.android.gms/app_chimera/m/00000018/dl-AdsFdrDynamite.integ_254380203100000.apk has no usable artifacts
--------- beginning of system
02-19 10:33:59.906   752   795 W ActivityTaskManager: callingPackage for (uid=-1, pid=0) has no WPC
02-19 10:33:59.906   752   795 W ActivityStartInterceptor: Starting home with component specified, uid=0
02-19 10:33:59.907   752   795 W OptProp : Cannot read opt property android.window.PROPERTY_COMPAT_ALLOW_USER_ASPECT_RATIO_OVERRIDE
02-19 10:33:59.907   752   795 W OptProp : Cannot read opt property android.window.PROPERTY_COMPAT_ALLOW_USER_ASPECT_RATIO_FULLSCREEN_OVERRIDE
02-19 10:33:59.907   752   795 W OptProp : Cannot read opt property android.window.PROPERTY_COMPAT_ALLOW_RESIZEABLE_ACTIVITY_OVERRIDES
02-19 10:33:59.908   752   795 W OptProp : Cannot read opt property android.window.PROPERTY_COMPAT_ALLOW_MIN_ASPECT_RATIO_OVERRIDE
02-19 10:33:59.908   752   795 V GrammaticalInflectionUtils: AttributionSource: android.content.AttributionSource@1abea79a does not have READ_SYSTEM_GRAMMATICAL_GENDER permission.
02-19 10:33:59.909  4449  4449 I vol.VolumeDialogImpl: mDialog.dismiss() reason: volume_controller from: com.android.systemui.volume.VolumeDialogImpl$7.onDismissRequested:3
02-19 10:33:59.912  4449 22842 D KeyguardService: setOccluded(false)
02-19 10:33:59.912  4449 22842 D KeyguardViewMediator: setOccluded(false)
02-19 10:33:59.913   752   795 I ActivityTaskManager: START u0 {act=android.intent.action.MAIN cat=[android.intent.category.HOME] flg=0x10000100 cmp=com.google.android.apps.nexuslauncher/.NexusLauncherActivity (has extras)} with LAUNCH_SINGLE_TASK from uid 0 (BAL_ALLOW_ALLOWLISTED_UID) result code=3
02-19 10:33:59.914  4449  4449 D KeyguardViewMediator: handleSetOccluded(false)
02-19 10:33:59.913  1341  1341 W SplitSelectStateCtor: Missing session instanceIds
02-19 10:33:59.916  4449  4467 D WindowManagerShell: onActivityRestartAttempt: topActivity=ComponentInfo{com.google.android.apps.nexuslauncher/com.google.android.apps.nexuslauncher.NexusLauncherActivity}, wasVisible=true
02-19 10:33:59.916  1341  1341 D StatsLog: LAUNCHER_SPLIT_SELECTION_EXIT_INTERRUPTED
02-19 10:33:59.916  4449  4449 D KeyguardViewMediator: KeyguardViewMediator queue processing message: SET_OCCLUDED
02-19 10:33:59.919  1341  1341 D TFOManager: playPanelCloseAnimation() duration=200 traceTag=LauncherOverlay-hide isHomeButtonTap=true
02-19 10:33:59.919  1341  1341 D TFOManager: Skipped creating panel close animation because -1 is invisible.
02-19 10:33:59.919  1341  1341 D OverviewCommandHelper: clearing pending commands: []
02-19 10:33:59.920  1341  1341 D StatsLog: LAUNCHER_ONRESUME
02-19 10:33:59.920   531   548 I BpBinder: onLastStrongRef automatically unlinking death recipients: 
02-19 10:33:59.924  1341  1407 D QuickstepModelDelegate: notifyAppTargetEvent action=1 launchLocation=workspace/0/[-1,-1]/[1,1]
02-19 10:33:59.928  1971  2198 I AiAiEcho: Predicting[0]:  [CONTEXT sampling_count=5 ]
02-19 10:33:59.928  1971  2198 I AiAiEcho: EchoTargets: 
02-19 10:33:59.928  1971  2198 I AiAiEcho: Filtered by AiAi flag check: 
02-19 10:33:59.928  1971  2198 I AiAiEcho: [CONTEXT ratelimit_period="10 SECONDS" ]
02-19 10:33:59.929  1971  2198 I AiAiEcho: #remoteViewsTwiddler: feature disabled.
02-19 10:33:59.930  1971  2198 I AiAiEcho: #postPredictionTargets: Sending updates to UISurface home with targets# 0 (types=[])
02-19 10:34:01.301   531   568 W EventThread: Faking VSYNC due to driver stall for thread app
02-19 10:34:01.305  1341  1341 I NotificationListener: Handling notification state refresh for com.google.android.adservices.api#0
02-19 10:34:01.305  1341  1341 I NotificationListener: Handling notification state refresh for android#0
02-19 10:34:01.307  1341  1341 I NotificationListener: Handling notification state refresh for com.android.systemui#0
02-19 10:34:01.307  1341  1341 D SsBaseTemplateCard: No text view can be set up
02-19 10:34:01.307  1341  1341 D SsBaseTemplateCard: Passed-in item info is null
02-19 10:34:01.307  1341  1341 D SsBaseTemplateCard: Passed-in item info is null
02-19 10:34:01.307  1341  1341 D SsBaseTemplateCard: Passed-in item info is null
02-19 10:34:01.307  1341  1341 I SsBaseTemplateCard: Secondary card pane is null
02-19 10:34:01.309   752   797 W IPCThreadState: Sending oneway calls to frozen process.
02-19 10:34:01.309   752   797 W IPCThreadState: Sending oneway calls to frozen process.
02-19 10:34:01.310   752   797 W IPCThreadState: Sending oneway calls to frozen process.
02-19 10:34:01.310   752   797 W IPCThreadState: Sending oneway calls to frozen process.
02-19 10:34:01.311   752   797 W IPCThreadState: Sending oneway calls to frozen process.
02-19 10:34:01.311   752   797 W IPCThreadState: Sending oneway calls to frozen process.
02-19 10:34:01.311   752   797 W IPCThreadState: Sending oneway calls to frozen process.
02-19 10:34:01.311   752   797 W IPCThreadState: Sending oneway calls to frozen process.
02-19 10:34:01.311   752   797 W IPCThreadState: Sending oneway calls to frozen process.
02-19 10:34:01.311   752   797 W IPCThreadState: Sending oneway calls to frozen process.
02-19 10:34:01.311   752   797 W IPCThreadState: Sending oneway calls to frozen process.
02-19 10:34:01.311   752   797 W IPCThreadState: Sending oneway calls to frozen process.
02-19 10:34:01.311   752   797 W IPCThreadState: Sending oneway calls to frozen process.
02-19 10:34:01.311   752   797 W IPCThreadState: Sending oneway calls to frozen process.
02-19 10:34:01.312   752   797 W IPCThreadState: Sending oneway calls to frozen process.
02-19 10:34:01.312   752   797 W IPCThreadState: Sending oneway calls to frozen process.
02-19 10:34:01.312   752   797 W IPCThreadState: Sending oneway calls to frozen process.
02-19 10:34:01.313   752   797 W ProcessStats: Tracking association SourceState{1b917ca system/1000 BFgs #11118} whose proc state 4 is better than process ProcessState{42c4ef0 com.google.android.ext.services/10208 pkg=com.google.android.ext.services} proc state 14 (9 skipped)
02-19 10:34:01.377   752  1631 W ActivityTaskManager: callingPackage for (uid=2000, pid=24374) has no WPC
02-19 10:34:01.384   752  1631 V GrammaticalInflectionUtils: AttributionSource: android.content.AttributionSource@56784557 does not have READ_SYSTEM_GRAMMATICAL_GENDER permission.
02-19 10:34:01.384   752  1631 W OptProp : Cannot read opt property android.window.PROPERTY_COMPAT_ALLOW_USER_ASPECT_RATIO_OVERRIDE
02-19 10:34:01.385   752  1631 W OptProp : Cannot read opt property android.window.PROPERTY_COMPAT_ALLOW_USER_ASPECT_RATIO_FULLSCREEN_OVERRIDE
02-19 10:34:01.385   752  1631 W OptProp : Cannot read opt property android.window.PROPERTY_COMPAT_ALLOW_RESIZEABLE_ACTIVITY_OVERRIDES
02-19 10:34:01.385   752  1631 W OptProp : Cannot read opt property android.window.PROPERTY_COMPAT_ALLOW_MIN_ASPECT_RATIO_OVERRIDE
02-19 10:34:01.392   531   549 I BpBinder: onLastStrongRef automatically unlinking death recipients: 
02-19 10:34:01.393   752  1631 I ActivityTaskManager: START u0 {act=android.intent.action.VIEW dat=intoss://takealook/... flg=0x10000000 xflg=0x4 cmp=viva.republica.toss.test/im.toss.rn.granite.core.GraniteActivity} with LAUNCH_MULTIPLE from uid 2000 (BAL_ALLOW_PERMISSION) result code=2
02-19 10:34:01.394  1341  1341 W SplitSelectStateCtor: Missing session instanceIds
02-19 10:34:01.394  1341  1341 D StatsLog: LAUNCHER_SPLIT_SELECTION_EXIT_INTERRUPTED
02-19 10:34:01.395  4449  4467 V WindowManagerShell: Transition requested (#104): android.os.BinderProxy@6dfd15 TransitionRequestInfo { type = OPEN, triggerTask = TaskInfo{userId=0 taskId=46 effectiveUid=10217 displayId=0 isRunning=true baseIntent=Intent { act=android.intent.action.VIEW dat=intoss://takealook/... flg=0x10000000 cmp=viva.republica.toss.test/im.toss.rn.granite.core.GraniteActivity } baseActivity=ComponentInfo{viva.republica.toss.test/im.toss.rn.granite.core.GraniteActivity} topActivity=ComponentInfo{viva.republica.toss.test/im.toss.rn.granite.core.GraniteActivity} origActivity=null realActivity=ComponentInfo{viva.republica.toss.test/im.toss.rn.granite.core.GraniteActivity} numActivities=1 lastActiveTime=76226763 supportsMultiWindow=true resizeMode=1 isResizeable=true minWidth=-1 minHeight=-1 defaultMinSize=220 token=WCT{android.window.IWindowContainerToken$Stub$Proxy@52f582a} topActivityType=1 pictureInPictureParams=null shouldDockBigOverlays=false launchIntoPipHostTaskId=-1 lastParentTaskIdBeforePip=-1 displayCutoutSafeInsets=Rect(0, 0 - 0, 0) topActivityInfo=ActivityInfo{c81861b im.toss.rn.granite.core.GraniteActivity} launchCookies=[] positionInParent=Point(0, 0) parentTaskId=-1 isFocused=false isVisible=false isVisibleRequested=false isTopActivityNoDisplay=false isSleeping=false locusId=null displayAreaFeatureId=1 isTopActivityTransparent=false isActivityStackTransparent=false lastNonFullscreenBounds=Rect(284, 660 - 796, 1740) capturedLink=null capturedLinkTimestamp=0 requestedVisibleTypes=-9 topActivityRequestOpenInBrowserEducationTimestamp=0 appCompatTaskInfo=AppCompatTaskInfo { topActivityInSizeCompat=false eligibleForLetterboxEducation= false isLetterboxEducationEnabled= true isLetterboxDoubleTapEnabled= false eligibleForUserAspectRatioButton= false topActivityBoundsLetterboxed= false isFromLetterboxDoubleTap= false topActivityLetterboxVerticalPosition= -1 topActivityLetterboxHorizontalPosition= -1 topActivityLetterboxWidth=-1 topActivityLetterboxHeight=-1 topActivityAppBounds=Rect(0, 0 - 1080, 2400) isUserFullscreenOverrideEnabled=false isSystemFullscreenOverrideEnabled=false hasMinAspectRatioOverride=false topActivityLetterboxBounds=null cameraCompatTaskInfo=CameraCompatTaskInfo { freeformCameraCompatMode=inactive}} topActivityMainWindowFrame=null}, pipChange = null, remoteTransition = null, displayChange = null, flags = 0, debugId = 104 }
02-19 10:34:01.395  4449  4467 D ShellSplitScreen: logExit: no-op, mLoggerSessionId is null
02-19 10:34:01.406   752  1095 D BackgroundInstallControlService: Package event received: 0
02-19 10:34:01.408 24035 24035 D ViewRootImpl: Skipping stats log for color mode
02-19 10:34:01.415  4449  4467 D WindowManagerShell: setLauncherKeepClearAreaHeight: visible=false, height=527
02-19 10:34:01.416  4449  4467 D WindowManagerShell: onActivityRestartAttempt: topActivity=ComponentInfo{viva.republica.toss.test/im.toss.rn.granite.core.GraniteActivity}, wasVisible=false
02-19 10:34:01.426   752  1095 D BackgroundInstallControlService: Package event received: 0
02-19 10:34:01.432   752  1095 D BackgroundInstallControlService: Package event received: 0
02-19 10:34:01.432  4449  4474 V SnapshotDrawerUtils: Drawing snapshot surface sizeMismatch=true
02-19 10:34:01.445   752  1095 D BackgroundInstallControlService: Package event received: 0
02-19 10:34:01.446   752  1095 D BackgroundInstallControlService: Package event received: 0
02-19 10:34:01.448   752   794 V WindowManager: Sent Transition (#104) createdAt=02-19 10:34:01.386 via request=TransitionRequestInfo { type = OPEN, triggerTask = TaskInfo{userId=0 taskId=46 effectiveUid=10217 displayId=0 isRunning=true baseIntent=Intent { act=android.intent.action.VIEW dat=intoss://takealook/... flg=0x10000000 cmp=viva.republica.toss.test/im.toss.rn.granite.core.GraniteActivity } baseActivity=ComponentInfo{viva.republica.toss.test/im.toss.rn.granite.core.GraniteActivity} topActivity=ComponentInfo{viva.republica.toss.test/im.toss.rn.granite.core.GraniteActivity} origActivity=null realActivity=ComponentInfo{viva.republica.toss.test/im.toss.rn.granite.core.GraniteActivity} numActivities=1 lastActiveTime=76226763 supportsMultiWindow=true resizeMode=1 isResizeable=true minWidth=-1 minHeight=-1 defaultMinSize=220 token=WCT{RemoteToken{a585dcd Task{7745c88 #46 type=standard A=10217:viva.republica.toss.test}}} topActivityType=1 pictureInPictureParams=null shouldDockBigOverlays=false launchIntoPipHostTaskId=-1 lastParentTaskIdBeforePip=-1 displayCutoutSafeInsets=Rect(0, 0 - 0, 0) topActivityInfo=ActivityInfo{dc29682 im.toss.rn.granite.core.GraniteActivity} launchCookies=[] positionInParent=Point(0, 0) parentTaskId=-1 isFocused=false isVisible=false isVisibleRequested=false isTopActivityNoDisplay=false isSleeping=false locusId=null displayAreaFeatureId=1 isTopActivityTransparent=false isActivityStackTransparent=false lastNonFullscreenBounds=Rect(284, 660 - 796, 1740) capturedLink=null capturedLinkTimestamp=0 requestedVisibleTypes=-9 topActivityRequestOpenInBrowserEducationTimestamp=0 appCompatTaskInfo=AppCompatTaskInfo { topActivityInSizeCompat=false eligibleForLetterboxEducation= false isLetterboxEducationEnabled= true isLetterboxDoubleTapEnabled= false eligibleForUserAspectRatioButton= false topActivityBoundsLetterboxed= false isFromLetterboxDoubleTap= false topActivityLetterboxVerticalPosition= -1 topActivityLetterboxHorizontalPosition= -1 topActivityLetterboxWidth=-1 topActivityLetterboxHeight=-1 topActivityAppBounds=Rect(0, 0 - 1080, 2400) isUserFullscreenOverrideEnabled=false isSystemFullscreenOverrideEnabled=false hasMinAspectRatioOverride=false topActivityLetterboxBounds=null cameraCompatTaskInfo=CameraCompatTaskInfo { freeformCameraCompatMode=inactive}} topActivityMainWindowFrame=null}, pipChange = null, remoteTransition = null, displayChange = null, flags = 0, debugId = 104 }
02-19 10:34:01.448   752   794 V WindowManager:     startWCT=WindowContainerTransaction { changes= {} hops= [] errorCallbackToken=null taskFragmentOrganizer=null }
02-19 10:34:01.448   752   794 V WindowManager:     info={id=104 t=OPEN f=0x0 trk=0 r=[0@Point(0, 0)] c=[
02-19 10:34:01.448   752   794 V WindowManager:         {WCT{RemoteToken{a585dcd Task{7745c88 #46 type=standard A=10217:viva.republica.toss.test}}} m=TO_FRONT f=MOVE_TO_TOP leash=Surface(name=Task=46)/@0xe2d6cf7 sb=Rect(0, 0 - 1080, 2400) eb=Rect(0, 0 - 1080, 2400) epz=Point(1080, 2400) d=0 taskParent=-1},
02-19 10:34:01.448   752   794 V WindowManager:         {WCT{RemoteToken{5218fe8 Task{dd43522 #1 type=home}}} m=TO_BACK f=SHOW_WALLPAPER leash=Surface(name=Task=1)/@0x8ddbd2e sb=Rect(0, 0 - 1080, 2400) eb=Rect(0, 0 - 1080, 2400) epz=Point(1080, 2400) d=0 taskParent=-1},
02-19 10:34:01.448   752   794 V WindowManager:         {m=TO_BACK f=IS_WALLPAPER leash=Surface(name=WallpaperWindowToken{35e0c0f showWhenLocked=false})/@0x512f5be sb=Rect(0, 0 - 1080, 2400) eb=Rect(0, 0 - 1080, 2400) epz=Point(1080, 2400) d=0}
02-19 10:34:01.448   752   794 V WindowManager:     ]}
02-19 10:34:01.449   752  1095 D BackgroundInstallControlService: Package event received: 0
02-19 10:34:01.454   531   531 I BpBinder: onLastStrongRef automatically unlinking death recipients: 
02-19 10:34:01.460  4449 22842 V WindowManagerShell: onTransitionReady(transaction=3229815409616)
02-19 10:34:01.461  4449  4467 V WindowManagerShell: onTransitionReady (#104) android.os.BinderProxy@6dfd15: {id=104 t=OPEN f=0x0 trk=0 r=[0@Point(0, 0)] c=[
02-19 10:34:01.461  4449  4467 V WindowManagerShell:         {m=TO_FRONT f=MOVE_TO_TOP leash=Surface(name=Task=46)/@0x842ccf6 sb=Rect(0, 0 - 1080, 2400) eb=Rect(0, 0 - 1080, 2400) epz=Point(1080, 2400) d=0 taskParent=-1},
02-19 10:34:01.461  4449  4467 V WindowManagerShell:         {m=TO_BACK f=SHOW_WALLPAPER leash=Surface(name=Task=1)/@0xb2868f7 sb=Rect(0, 0 - 1080, 2400) eb=Rect(0, 0 - 1080, 2400) epz=Point(1080, 2400) d=0 taskParent=-1},
02-19 10:34:01.461  4449  4467 V WindowManagerShell:         {m=TO_BACK f=IS_WALLPAPER leash=Surface(name=WallpaperWindowToken{35e0c0f showWhenLocked=false})/@0x63a2364 sb=Rect(0, 0 - 1080, 2400) eb=Rect(0, 0 - 1080, 2400) epz=Point(1080, 2400) d=0}
02-19 10:34:01.461  4449  4467 V WindowManagerShell:     ]}
02-19 10:34:01.461   615 21625 W IPCThreadState: Sending oneway calls to frozen process.
02-19 10:34:01.465  4449  4467 V WindowManagerShell: Playing animation for (#104) android.os.BinderProxy@6dfd15@0
02-19 10:34:01.465  4449  4467 V ShellRecents: RecentsTransitionHandler.startAnimation: no controller found
02-19 10:34:01.465  4449  4467 V WindowManagerShell: Transition doesn't have explicit remote, search filters for match for {id=104 t=OPEN f=0x0 trk=0 r=[0@Point(0, 0)] c=[{m=TO_FRONT f=MOVE_TO_TOP leash=Surface(name=Task=46)/@0x842ccf6 sb=Rect(0, 0 - 1080, 2400) eb=Rect(0, 0 - 1080, 2400) epz=Point(1080, 2400) d=0 taskParent=-1},{m=TO_BACK f=SHOW_WALLPAPER leash=Surface(name=Task=1)/@0xb2868f7 sb=Rect(0, 0 - 1080, 2400) eb=Rect(0, 0 - 1080, 2400) epz=Point(1080, 2400) d=0 taskParent=-1},{m=TO_BACK f=IS_WALLPAPER leash=Surface(name=WallpaperWindowToken{35e0c0f showWhenLocked=false})/@0x63a2364 sb=Rect(0, 0 - 1080, 2400) eb=Rect(0, 0 - 1080, 2400) epz=Point(1080, 2400) d=0}]}
02-19 10:34:01.465  4449  4467 V WindowManagerShell:  Checking filter Pair{{types=[] flags=0x0] notFlags=0x0 checks=[{atype=undefined independent=true modes=[CLOSE,TO_BACK] flags=IN_TASK_WITH_EMBEDDED_ACTIVITY mustBeTask=false order=ANY topActivity=null launchCookie=null taskFragmentToken=android.os.BinderProxy@188d51a windowingMode=undefined}]} RemoteTransition { remoteTransition = android.window.IRemoteTransition$Stub$Proxy@44cd84b, appThread = android.app.IApplicationThread$Stub$Proxy@3a12228, debugName = overlayBackTransition }}
02-19 10:34:01.466  4449  4467 V WindowManagerShell:  Checking filter Pair{{types=[] flags=0x0] notFlags=0x0 checks=[{atype=dream independent=true modes=[OPEN,TO_FRONT] flags=NONE mustBeTask=false order=ANY topActivity=null launchCookie=null windowingMode=undefined},{atype=home independent=true modes=[CLOSE,TO_BACK] flags=NONE mustBeTask=false order=ANY topActivity=null launchCookie=null windowingMode=undefined}]} RemoteTransition { remoteTransition = android.window.IRemoteTransition$Stub$Proxy@6f3eb41, appThread = android.app.IApplicationThread$Stub$Proxy@ccf28e6, debugName = LauncherToDream }}
02-19 10:34:01.466  4449  4467 V WindowManagerShell:  Checking filter Pair{{types=[] flags=0x0] notFlags=0x100 checks=[{atype=home independent=true modes=[OPEN,TO_FRONT] flags=NONE mustBeTask=false order=TOP topActivity=ComponentInfo{com.google.android.apps.nexuslauncher/com.google.android.apps.nexuslauncher.NexusLauncherActivity} launchCookie=null windowingMode=undefined},{atype=standard independent=true modes=[CLOSE,TO_BACK] flags=NONE mustBeTask=false order=ANY topActivity=null launchCookie=null windowingMode=undefined},{NOT atype=undefined independent=true modes=[] flags=NONE mustBeTask=true order=ANY topActivity=null launchCookie=null customAnim=true windowingMode=undefined}]} RemoteTransition { remoteTransition = android.window.IRemoteTransition$Stub$Proxy@a8eae27, appThread = android.app.IApplicationThread$Stub$Proxy@fa38d4, debugName = QuickstepLaunchHome }}
02-19 10:34:01.466  4449  4467 V WindowManagerShell:  Delegate animation for (#104) to null
02-19 10:34:01.466  4449  4467 V WindowManagerShell: start default transition animation, info = {id=104 t=OPEN f=0x0 trk=0 r=[0@Point(0, 0)] c=[{m=TO_FRONT f=MOVE_TO_TOP leash=Surface(name=Task=46)/@0x842ccf6 sb=Rect(0, 0 - 1080, 2400) eb=Rect(0, 0 - 1080, 2400) epz=Point(1080, 2400) d=0 taskParent=-1},{m=TO_BACK f=SHOW_WALLPAPER leash=Surface(name=Task=1)/@0xb2868f7 sb=Rect(0, 0 - 1080, 2400) eb=Rect(0, 0 - 1080, 2400) epz=Point(1080, 2400) d=0 taskParent=-1},{m=TO_BACK f=IS_WALLPAPER leash=Surface(name=WallpaperWindowToken{35e0c0f showWhenLocked=false})/@0x63a2364 sb=Rect(0, 0 - 1080, 2400) eb=Rect(0, 0 - 1080, 2400) epz=Point(1080, 2400) d=0}]}
02-19 10:34:01.466  4449  4467 V WindowManagerShell: loadAnimation: anim=android.view.animation.AnimationSet@846c282 animAttr=0x13 type=OPEN isEntrance=false
02-19 10:34:01.468  4449  4467 V WindowManagerShell: loadAnimation: anim=android.view.animation.AnimationSet@7f09d93 animAttr=0x12 type=OPEN isEntrance=true
02-19 10:34:01.470  4449  4467 V WindowManagerShell:  animated by com.android.wm.shell.transition.DefaultTransitionHandler@f74d823
02-19 10:34:01.549 24035 24378 W unknown:ReconnectingWebSocket: Couldn't connect to "ws://10.0.2.2:8081/message?device=sdk_gphone64_x86_64%20-%2016%20-%20API%2036&app=viva.republica.toss.test&clientid=BridgeDevSupportManager", will silently retry
02-19 10:34:01.558 24035 24120 W HWUI    : Failed to choose config with EGL_SWAP_BEHAVIOR_PRESERVED, retrying without...
02-19 10:34:01.572 24035 24120 W HWUI    : Failed to initialize 101010-2 format, error = EGL_SUCCESS
02-19 10:34:01.771  4449  4467 V WindowManagerShell: Transition animation finished (aborted=false), notifying core (#104) android.os.BinderProxy@6dfd15@0
02-19 10:34:01.776   752   794 V WindowManager: Finish Transition (#104): created at 02-19 10:34:01.386 collect-started=0.044ms request-sent=6.239ms started=25.136ms ready=57.579ms sent=60.033ms commit=65.047ms finished=388.65ms
02-19 10:34:01.785  1341  1341 D VRI[NexusLauncherActivity]: visibilityChanged oldVisibility=true newVisibility=false
02-19 10:34:01.788  1341  1341 D NexusLauncherModelDelegate: notifySmartspaceEvent: SmartspaceTargetEvent{mSmartspaceTarget=null, mSmartspaceActionId='null', mEventType=7}
02-19 10:34:01.790  4449  4467 V WindowManagerShell: Track 0 became idle
02-19 10:34:01.791  4449  4467 V WindowManagerShell: All active transition animations finished
02-19 10:34:01.964 24035 24035 I Choreographer: Skipped 31 frames!  The application may be doing too much work on its main thread.
02-19 10:34:02.070  1341  1341 D BaseDepthController: setSurface:
02-19 10:34:02.070  1341  1341 D BaseDepthController: 	mWaitingOnSurfaceValidity: false
02-19 10:34:02.070  1341  1341 D BaseDepthController: 	mBaseSurface: null
02-19 10:34:02.071  1341  1341 D BaseDepthController: mSurface is null and mCurrentBlur is: 0
02-19 10:34:02.073  1341  1356 W System  : A resource failed to call release. 
02-19 10:34:02.073  1341  1341 D StateManager: goToState - fromState: Normal, toState: Normal, partial trace:
02-19 10:34:02.073  1341  1341 D StateManager: 	at com.android.launcher3.statemanager.StateManager.moveToRestState(go/retraceme 72a59688580715d19f0e415c69e80376c2f062d1648c80db6730905005a27c20:4)
02-19 10:34:02.073  1341  1341 D StateManager: 	at com.android.launcher3.statemanager.StateManager.moveToRestState(go/retraceme 72a59688580715d19f0e415c69e80376c2f062d1648c80db6730905005a27c20:1)
02-19 10:34:02.073  1341  1341 D StateManager: 	at com.android.launcher3.statemanager.StatefulActivity.onStop(go/retraceme 72a59688580715d19f0e415c69e80376c2f062d1648c80db6730905005a27c20:34)
02-19 10:34:02.073  1341  1356 W System  : A resource failed to call release. 
02-19 10:34:02.073  1341  1356 W System  : A resource failed to call release. 
02-19 10:34:02.074  1341  1341 D StatsLog: LAUNCHER_ONSTOP
02-19 10:34:02.075  1341  1356 W System  : A resource failed to call release. 
02-19 10:34:02.075  1341  1356 W System  : A resource failed to call release. 
02-19 10:34:02.075  1341  1356 W System  : A resource failed to call release. 
02-19 10:34:02.075  1341  1356 W System  : A resource failed to call release. 
02-19 10:34:02.075  1341  1356 W System  : A resource failed to call release. 
02-19 10:34:02.075  1341  1341 D StatsLog: LAUNCHER_GOOGLE_SEARCH_RESTORE_LIST_SIZE_AFTER_ACTIVITY_RESTART
02-19 10:34:02.083   752   989 I ImeTracker: viva.republica.toss.test:e39a7b7e: onRequestHide at ORIGIN_SERVER reason HIDE_UNSPECIFIED_WINDOW fromUser false
02-19 10:34:02.084   752  1095 D BackgroundInstallControlService: Package event received: 0
02-19 10:34:02.086 24035 24035 D InsetsController: hide(ime(), fromIme=false)
02-19 10:34:02.087 24035 24035 I ImeTracker: viva.republica.toss.test:e39a7b7e: onCancelled at PHASE_CLIENT_ALREADY_HIDDEN
02-19 10:34:02.090  1563  1563 I GoogleInputMethodService: GoogleInputMethodService.onFinishInput():2043 
02-19 10:34:02.091  1563  1563 I Module  : DeviceLockedStatusModuleProvider$Module.updateDeviceLockedStatus():100 repeatCheckTimes = 0, locked = false
02-19 10:34:02.092  1563  1563 I GoogleInputMethodService: GoogleInputMethodService.onStartInput():1293 onStartInput(EditorInfo{EditorInfo{packageName=viva.republica.toss.test, inputType=0, inputTypeString=NULL, enableLearning=false, autoCorrection=false, autoComplete=false, imeOptions=0, privateImeOptions=null, actionName=UNSPECIFIED, actionLabel=null, initialSelStart=-1, initialSelEnd=-1, initialCapsMode=0, label=null, fieldId=0, fieldName=null, extras=null, hintText=null, hintLocales=[]}}, false)
02-19 10:34:02.092   752   780 I ImeTracker: system_server:9b2c95ef: onRequestHide at ORIGIN_SERVER reason IME_REQUESTED_CHANGED_LISTENER fromUser false
02-19 10:34:02.093  1563  1563 I Module  : DeviceLockedStatusModuleProvider$Module.updateDeviceLockedStatus():100 repeatCheckTimes = 1, locked = false
02-19 10:34:02.094  1563  1563 I EmojiCompatManager: EmojiCompatManager.getEmojiCompatIfLoaded():343 EmojiCompat.init() was never called.
02-19 10:34:02.094  1563  1563 I EmojiCompatManager: java.lang.IllegalStateException: EmojiCompat is not initialized. Please call EmojiCompat.init() first
02-19 10:34:02.094  1563  1563 I EmojiCompatManager: 	at asx.p(PG:6)
02-19 10:34:02.094  1563  1563 I EmojiCompatManager: 	at axb.b(PG:13)
02-19 10:34:02.094  1563  1563 I EmojiCompatManager: 	at jnr.b(PG:2)
02-19 10:34:02.094  1563  1563 I EmojiCompatManager: 	at jnr.c(PG:4)
02-19 10:34:02.094  1563  1563 I EmojiCompatManager: 	at jnr.f(PG:3)
02-19 10:34:02.094  1563  1563 I EmojiCompatManager: 	at jnx.c(PG:3)
02-19 10:34:02.094  1563  1563 I EmojiCompatManager: 	at kif.cz(PG:47)
02-19 10:34:02.094  1563  1563 I EmojiCompatManager: 	at lhl.run(PG:1025)
02-19 10:34:02.094  1563  1563 I EmojiCompatManager: 	at jaf.execute(PG:12)
02-19 10:34:02.094  1563  1563 I EmojiCompatManager: 	at nco.v(PG:13)
02-19 10:34:02.094  1563  1563 I EmojiCompatManager: 	at lhn.m(PG:96)
02-19 10:34:02.094  1563  1563 I EmojiCompatManager: 	at lhn.k(PG:25)
02-19 10:34:02.094  1563  1563 I EmojiCompatManager: 	at kgn.onStartInput(PG:250)
02-19 10:34:02.094  1563  1563 I EmojiCompatManager: 	at android.inputmethodservice.InputMethodService.doStartInput(InputMethodService.java:3521)
02-19 10:34:02.094  1563  1563 I EmojiCompatManager: 	at android.inputmethodservice.InputMethodService$InputMethodImpl.startInput(InputMethodService.java:879)
02-19 10:34:02.094  1563  1563 I EmojiCompatManager: 	at android.inputmethodservice.InputMethodService$InputMethodImpl.dispatchStartInput(InputMethodService.java:908)
02-19 10:34:02.094  1563  1563 I EmojiCompatManager: 	at android.inputmethodservice.IInputMethodWrapper.executeMessage(IInputMethodWrapper.java:201)
02-19 10:34:02.094  1563  1563 I EmojiCompatManager: 	at com.android.internal.os.HandlerCaller$MyHandler.handleMessage(HandlerCaller.java:44)
02-19 10:34:02.094  1563  1563 I EmojiCompatManager: 	at android.os.Handler.dispatchMessage(Handler.java:110)
02-19 10:34:02.094  1563  1563 I EmojiCompatManager: 	at android.os.Looper.loopOnce(Looper.java:248)
02-19 10:34:02.094  1563  1563 I EmojiCompatManager: 	at android.os.Looper.loop(Looper.java:338)
02-19 10:34:02.094  1563  1563 I EmojiCompatManager: 	at android.app.ActivityThread.main(ActivityThread.java:9067)
02-19 10:34:02.094  1563  1563 I EmojiCompatManager: 	at java.lang.reflect.Method.invoke(Native Method)
02-19 10:34:02.094  1563  1563 I EmojiCompatManager: 	at com.android.internal.os.RuntimeInit$MethodAndArgsCaller.run(RuntimeInit.java:593)
02-19 10:34:02.094  1563  1563 I EmojiCompatManager: 	at com.android.internal.os.ZygoteInit.main(ZygoteInit.java:932)
02-19 10:34:02.094   752   797 I ImeTracker: system_server:9b2c95ef: onCancelled at PHASE_SERVER_SHOULD_HIDE
02-19 10:34:02.095 24035 24179 D ReactNativeJS: '[Analytics]', '{\n  "log_type": "screen",\n  "log_name": "/::screen",\n  "params": {\n    "referrer": null,\n    "deployment_id": "local",\n    "deployment_timestamp": null\n  }\n}'
02-19 10:34:02.095   752  1631 W PackageConfigPersister: App-specific configuration not found for packageName: viva.republica.toss.test and userId: 0
02-19 10:34:12.503   531   569 W EventThread: Faking VSYNC due to driver stall for thread appSf
02-19 10:34:12.503   531   568 W EventThread: Faking VSYNC due to driver stall for thread app
02-19 10:34:12.516  1133  1133 I wpa_supplicant: wlan0: CTRL-EVENT-BEACON-LOSS 
02-19 10:34:12.526 24035 24044 I HWUI    : Davey! duration=10426ms; Flags=0, FrameTimelineVsyncId=988092, IntendedVsync=76315922554220, Vsync=76315922554220, InputEventId=0, HandleInputStart=76315928843684, AnimationStart=76315928845465, PerformTraversalsStart=76315930828067, DrawStart=76315931094983, FrameDeadline=76315939220886, FrameStartTime=76315928839305, FrameInterval=16666666, WorkloadTarget=16666666, SyncQueued=76315931759320, SyncStart=76315932312012, IssueDrawCommandsStart=76315932695888, SwapBuffers=76315938837634, FrameCompleted=76326350013506, DequeueBufferDuration=7490, QueueBufferDuration=255148, GpuCompleted=76326350013506, SwapBuffersCompleted=76315941813892, DisplayPresentTime=0, CommandSubmissionCompleted=76315938837634, 
02-19 10:34:12.582   752  1856 E TaskPersister: File error accessing recents directory (directory doesn't exist?).
02-19 10:34:12.609 24384 24384 W dumpsys : Thread Pool max thread count is 0. Cannot cache binder as linkToDeath cannot be implemented. serviceName: window
02-19 10:34:12.619   752  1631 I system_server: AssetManager2(0x7d8fac5075b8) locale list changing from [] to [en-US]
02-19 10:34:12.629   752  1631 I system_server: AssetManager2(0x7d8fac48fd38) locale list changing from [] to [en-US]
02-19 10:34:12.639   752  1631 I system_server: AssetManager2(0x7d8fac47a258) locale list changing from [] to [en-US]
02-19 10:34:12.642   752  1631 I system_server: AssetManager2(0x7d8fac488678) locale list changing from [] to [en-US]
02-19 10:34:12.645   752  1631 I system_server: AssetManager2(0x7d8fac501e38) locale list changing from [] to [en-US]
02-19 10:34:12.649   752  1631 I system_server: AssetManager2(0x7d8fac48af18) locale list changing from [] to [en-US]
02-19 10:34:13.232 24389 24389 W screencap: Thread Pool max thread count is 0. Cannot cache binder as linkToDeath cannot be implemented. serviceName: SurfaceFlingerAIDL
02-19 10:34:13.233 24389 24389 W BpBinder: Linking to death on android.gui.ISurfaceComposer but there are no threads (yet?) listening to incoming transactions. See ProcessState::startThreadPool and ProcessState::setThreadPoolMaxThreadCount. Generally you should setup the binder threadpool before other initialization steps.
02-19 10:34:13.233 24389 24389 W ProcessState: Extra binder thread started, but 0 threads requested. Do not use *startThreadPool when zero threads are requested.
02-19 10:34:13.299   531   549 E HwcComposer: getLuts failed Status(-8, EX_SERVICE_SPECIFIC): '8: '
02-19 10:34:13.299   531   549 E HWComposer: getLuts: getLuts failed for display 4619827259835644672: UNSUPPORTED (8)
02-19 10:34:15.074   531   568 W EventThread: Faking VSYNC due to driver stall for thread app
02-19 10:34:15.085 24035 24035 I Choreographer: Skipped 78 frames!  The application may be doing too much work on its main thread.
02-19 10:34:27.067   531   568 W EventThread: Faking VSYNC due to driver stall for thread app
02-19 10:34:27.076  1133  1133 I wpa_supplicant: wlan0: CTRL-EVENT-BEACON-LOSS 
02-19 10:34:27.079  1336  1556 D SatelliteController: iisInCarrierRoamingNbIotNtn: satellite is disabled
02-19 10:34:36.073   752   752 W Looper  : Slow delivery took 8964ms main app=system_server main=true group=FOREGROUND h=com.android.server.pm.SnapshotStatistics$1 c=null m=0
02-19 10:34:36.074   531   568 W EventThread: Faking VSYNC due to driver stall for thread app
02-19 10:34:36.077 24035 24035 I Choreographer: Skipped 422 frames!  The application may be doing too much work on its main thread.
02-19 10:34:36.080  4449  4449 I Choreographer: Skipped 422 frames!  The application may be doing too much work on its main thread.
02-19 10:34:36.092  1133  1133 I wpa_supplicant: wlan0: CTRL-EVENT-BEACON-LOSS 
02-19 10:34:36.092   752  1631 D WifiNl80211Manager: Scan result ready event
02-19 10:34:36.092   752  1631 D WifiNative: Scan result ready event
02-19 10:34:36.099 20068 20097 I WifiScanner: onFullResults
02-19 10:34:36.105   752  1023 I HalDevMgr: bestIfaceCreationProposal is null, requestIface=STA, existingIface=[name=wlan0 type=STA]
02-19 10:34:49.596   531   568 W EventThread: Faking VSYNC due to driver stall for thread app
02-19 10:34:49.600  1133  1133 I wpa_supplicant: wlan0: CTRL-EVENT-BEACON-LOSS 
02-19 10:34:49.603 24035 24035 I Choreographer: Skipped 808 frames!  The application may be doing too much work on its main thread.
02-19 10:34:49.616  4449 22842 I HWUI    : Davey! duration=7072ms; Flags=0, FrameTimelineVsyncId=988515, IntendedVsync=76342889219808, Vsync=76349922552860, InputEventId=0, HandleInputStart=76349927226916, AnimationStart=76349927227320, PerformTraversalsStart=76349927227563, DrawStart=76349927525446, FrameDeadline=76342905886474, FrameStartTime=76349926534226, FrameInterval=16666666, WorkloadTarget=16666666, SyncQueued=76349927627476, SyncStart=76349927875212, IssueDrawCommandsStart=76349927944197, SwapBuffers=76349949188523, FrameCompleted=76349962293975, DequeueBufferDuration=9263, QueueBufferDuration=2006747, GpuCompleted=76349962140002, SwapBuffersCompleted=76349962293975, DisplayPresentTime=0, CommandSubmissionCompleted=76349949188523, 
02-19 10:34:49.633 24394 24394 W dumpsys : Thread Pool max thread count is 0. Cannot cache binder as linkToDeath cannot be implemented. serviceName: package
02-19 10:34:49.734 24353 24355 I artd    : GetBestInfo: odex next to the dex file (/data/app/~~O-UZzK0jUU9NLgS3MODOZA==/com.google.android.gms-YQ2L6GsYyKuvu9MvIBK1EQ==/oat/x86_64/base.odex) is kOatUpToDate with filter 'speed-profile' executable 'false'
02-19 10:34:49.736 24353 24355 I artd    : GetBestInfo: odex next to the dex file (/data/app/~~O-UZzK0jUU9NLgS3MODOZA==/com.google.android.gms-YQ2L6GsYyKuvu9MvIBK1EQ==/oat/x86_64/split_AdsDynamite_installtime.odex) is kOatUpToDate with filter 'speed' executable 'false'
02-19 10:34:49.739 24353 24355 I artd    : GetBestInfo: odex next to the dex file (/data/app/~~O-UZzK0jUU9NLgS3MODOZA==/com.google.android.gms-YQ2L6GsYyKuvu9MvIBK1EQ==/oat/x86_64/split_CronetDynamite_installtime.odex) is kOatUpToDate with filter 'speed' executable 'false'
02-19 10:34:49.742 24353 24355 I artd    : GetBestInfo: odex next to the dex file (/data/app/~~O-UZzK0jUU9NLgS3MODOZA==/com.google.android.gms-YQ2L6GsYyKuvu9MvIBK1EQ==/oat/x86_64/split_DynamiteLoader_installtime.odex) is kOatUpToDate with filter 'speed' executable 'false'
02-19 10:34:49.744 24353 24355 I artd    : GetBestInfo: odex next to the dex file (/data/app/~~O-UZzK0jUU9NLgS3MODOZA==/com.google.android.gms-YQ2L6GsYyKuvu9MvIBK1EQ==/oat/x86_64/split_DynamiteModulesA_installtime.odex) is kOatUpToDate with filter 'speed' executable 'false'
02-19 10:34:49.748 24353 24355 I artd    : GetBestInfo: odex next to the dex file (/data/app/~~O-UZzK0jUU9NLgS3MODOZA==/com.google.android.gms-YQ2L6GsYyKuvu9MvIBK1EQ==/oat/x86_64/split_DynamiteModulesC_installtime.odex) is kOatUpToDate with filter 'speed' executable 'false'
02-19 10:34:49.750 24353 24355 I artd    : GetBestInfo: odex next to the dex file (/data/app/~~O-UZzK0jUU9NLgS3MODOZA==/com.google.android.gms-YQ2L6GsYyKuvu9MvIBK1EQ==/oat/x86_64/split_GoogleCertificates_installtime.odex) is kOatUpToDate with filter 'speed' executable 'false'
02-19 10:34:49.753 24353 24355 I artd    : GetBestInfo: odex next to the dex file (/data/app/~~O-UZzK0jUU9NLgS3MODOZA==/com.google.android.gms-YQ2L6GsYyKuvu9MvIBK1EQ==/oat/x86_64/split_MapsDynamite_installtime.odex) is kOatUpToDate with filter 'speed' executable 'false'
02-19 10:34:49.756 24353 24355 I artd    : GetBestInfo: odex next to the dex file (/data/app/~~O-UZzK0jUU9NLgS3MODOZA==/com.google.android.gms-YQ2L6GsYyKuvu9MvIBK1EQ==/oat/x86_64/split_MeasurementDynamite_installtime.odex) is kOatUpToDate with filter 'speed' executable 'false'
02-19 10:34:49.758 24353 24355 I artd    : GetBestInfo: /data/app/~~O-UZzK0jUU9NLgS3MODOZA==/com.google.android.gms-YQ2L6GsYyKuvu9MvIBK1EQ==/split_maps_core_dynamite_ondemand.apk has no usable artifacts
02-19 10:34:49.760 24353 24355 I artd    : GetBestInfo: /data/user_de/0/com.google.android.gms/app_chimera/m/0000000c/dl-Appsearch.optional_250834100800.apk has no usable artifacts
02-19 10:34:49.761 24353 24355 I artd    : GetBestInfo: /data/user_de/0/com.google.android.gms/app_chimera/m/00000001/CronetDynamite.apk has no usable artifacts
02-19 10:34:49.761 24353 24355 I artd    : GetBestInfo: /data/user_de/0/com.google.android.gms/app_chimera/m/00000002/DynamiteLoader.apk has no usable artifacts
02-19 10:34:49.762 24353 24355 I artd    : GetBestInfo: /data/user_de/0/com.google.android.gms/app_chimera/m/00000005/GoogleCertificates.apk has no usable artifacts
02-19 10:34:49.764 24353 24355 I artd    : GetBestInfo: /data/user_de/0/com.google.android.gms/app_chimera/m/00000009/dl-TfliteDynamiteDynamite.integ_252130102100800.apk has no usable artifacts
02-19 10:34:49.766 24353 24355 I artd    : GetBestInfo: vdex next to the dex file (/data/user/0/com.google.android.gms/app_dg_cache/BF7C023AB90CCF01D1F467FC1CEBAF866511FF29/oat/x86_64/the.vdex) is kOatUpToDate with filter 'verify' executable 'false'
02-19 10:34:49.768 24353 24355 I artd    : GetBestInfo: /data/user_de/0/com.google.android.gms/app_chimera/m/00000010/dl-PlayCloudSearch.optional_250834100000.apk has no usable artifacts
02-19 10:34:49.770 24353 24355 I artd    : GetBestInfo: /data/user_de/0/com.google.android.gms/app_chimera/m/00000017/dl-PlayCloudSearch.optional_260438100000.apk has no usable artifacts
02-19 10:34:49.772 24353 24355 I artd    : GetBestInfo: /data/user_de/0/com.google.android.gms/app_chimera/m/00000015/dl-MlkitOcrCommon.optional_260438100800.apk has no usable artifacts
02-19 10:34:49.775 24353 24355 I artd    : GetBestInfo: /data/user_de/0/com.google.android.gms/app_chimera/m/00000013/dl-MlkitBarcodeUi.optional_260438100800.apk has no usable artifacts
02-19 10:34:49.777 24353 24355 I artd    : GetBestInfo: /data/user_de/0/com.google.android.gms/app_chimera/m/0000000f/dl-MlkitOcrCommon.optional_250834100800.apk has no usable artifacts
02-19 10:34:49.779 24353 24355 I artd    : GetBestInfo: /data/user_de/0/com.google.android.gms/app_chimera/m/0000000d/dl-VisionOcr.optional_250834100000.apk has no usable artifacts
02-19 10:34:49.782 24353 24355 I artd    : GetBestInfo: /data/user_de/0/com.google.android.gms/app_chimera/m/0000000a/dl-MlkitBarcodeUi.optional_250834100800.apk has no usable artifacts
02-19 10:34:49.784 24353 24355 I artd    : GetBestInfo: /data/user_de/0/com.google.android.gms/app_chimera/m/00000011/dl-VisionOcr.optional_260438100000.apk has no usable artifacts
02-19 10:34:49.787 24353 24355 I artd    : GetBestInfo: /data/user_de/0/com.google.android.gms/app_chimera/m/00000012/dl-Appsearch.optional_260438100800.apk has no usable artifacts
02-19 10:34:49.789 24353 24355 I artd    : GetBestInfo: vdex next to the dex file (/data/user/0/com.google.android.gms/app_dg_cache/94DF452EEF4B8E717545DCDEA6CC3C50A319A195/oat/x86_64/the.vdex) is kOatUpToDate with filter 'verify' executable 'false'
02-19 10:34:49.790 24353 24355 I artd    : GetBestInfo: /data/user_de/0/com.google.android.gms/app_chimera/m/00000007/MeasurementDynamite.apk has no usable artifacts
02-19 10:34:49.792 24353 24355 I artd    : GetBestInfo: /data/user_de/0/com.google.android.gms/app_chimera/m/00000018/dl-AdsFdrDynamite.integ_254380203100000.apk has no usable artifacts
02-19 10:34:57.065   531   568 W EventThread: Faking VSYNC due to driver stall for thread app
02-19 10:34:57.068  1133  1133 I wpa_supplicant: wlan0: CTRL-EVENT-BEACON-LOSS 
02-19 10:34:57.069 24035 24381 W okhttp.OkHttpClient: A connection to http://localhost:8081/ was leaked. Did you forget to close a response body? To see where this was allocated, set the OkHttpClient logger level to FINE: Logger.getLogger(OkHttpClient.class.getName()).setLevel(Level.FINE);
02-19 10:34:57.070 24035 24035 I Choreographer: Skipped 434 frames!  The application may be doing too much work on its main thread.
02-19 10:34:57.080   752   752 W Looper  : Drained
02-19 10:34:57.084  1336  1556 D SatelliteController: iisInCarrierRoamingNbIotNtn: satellite is disabled
02-19 10:35:04.372   531   568 W EventThread: Faking VSYNC due to driver stall for thread app
02-19 10:35:04.373 24035 24035 I Choreographer: Skipped 435 frames!  The application may be doing too much work on its main thread.
02-19 10:35:04.375   752  1095 D BackgroundInstallControlService: Package event received: 0
02-19 10:35:04.376  1782  2440 I bbax    : (REDACTED) getHotwordActive::active query: %s, watch: %s, devices connected: %s
02-19 10:35:04.409 24399 24399 W dumpsys : Thread Pool max thread count is 0. Cannot cache binder as linkToDeath cannot be implemented. serviceName: window
02-19 10:35:04.707  1782  1794 W hbox:interactor: Reducing the number of considered missed Gc histogram windows from 958 to 100
02-19 10:35:04.968 24405 24405 W screencap: Thread Pool max thread count is 0. Cannot cache binder as linkToDeath cannot be implemented. serviceName: SurfaceFlingerAIDL
02-19 10:35:04.969 24405 24405 W BpBinder: Linking to death on android.gui.ISurfaceComposer but there are no threads (yet?) listening to incoming transactions. See ProcessState::startThreadPool and ProcessState::setThreadPoolMaxThreadCount. Generally you should setup the binder threadpool before other initialization steps.
02-19 10:35:04.969 24405 24405 W ProcessState: Extra binder thread started, but 0 threads requested. Do not use *startThreadPool when zero threads are requested.
02-19 10:35:04.974   531   602 E HwcComposer: getLuts failed Status(-8, EX_SERVICE_SPECIFIC): '8: '
02-19 10:35:04.974   531   602 E HWComposer: getLuts: getLuts failed for display 4619827259835644672: UNSUPPORTED (8)
