--------- beginning of system
02-19 14:11:05.505  4449  4467 D ShellSplitScreen: logExit: no-op, mLoggerSessionId is null
--------- beginning of main
02-19 14:11:05.512   617   617 W SplitSelectStateCtor: Missing session instanceIds
02-19 14:11:05.512   617   617 D StatsLog: LAUNCHER_SPLIT_SELECTION_EXIT_INTERRUPTED
02-19 14:11:05.515  4449  4467 D WindowManagerShell: setLauncherKeepClearAreaHeight: visible=false, height=527
02-19 14:11:05.531   752  1095 D BackgroundInstallControlService: Package event received: 0
02-19 14:11:05.532   752  2500 W OptProp : Cannot read opt property android.window.PROPERTY_COMPAT_ENABLE_FAKE_FOCUS
02-19 14:11:05.541   531   603 I BpBinder: onLastStrongRef automatically unlinking death recipients: 
02-19 14:11:05.555   531   531 I BpBinder: onLastStrongRef automatically unlinking death recipients: 
02-19 14:11:05.555   752  2503 D CoreBackPreview: Window{8c2a9aa u0 Splash Screen viva.republica.toss.test}: Setting back callback OnBackInvokedCallbackInfo{mCallback=android.window.IOnBackInvokedCallback$Stub$Proxy@5aed14d, mPriority=0, mIsAnimationCallback=false, mOverrideBehavior=0}
02-19 14:11:05.559  5621  5621 I blica.toss.test: AssetManager2(0x7d8fac4527f8) locale list changing from [] to [en-US]
02-19 14:11:05.564   752  1095 D BackgroundInstallControlService: Package event received: 0
02-19 14:11:05.564   752  1095 D BackgroundInstallControlService: Package event received: 0
02-19 14:11:05.565   752  1095 D BackgroundInstallControlService: Package event received: 0
02-19 14:11:05.565   752  1095 D BackgroundInstallControlService: Package event received: 0
02-19 14:11:05.565   752  1095 D BackgroundInstallControlService: Package event received: 0
02-19 14:11:05.565   752  1095 D BackgroundInstallControlService: Package event received: 0
02-19 14:11:05.565   752  1095 D BackgroundInstallControlService: Package event received: 0
02-19 14:11:05.565   752  1095 D BackgroundInstallControlService: Package event received: 0
02-19 14:11:05.700  4449  4532 V WindowManagerShell: onTransitionReady(transaction=3229815421682)
02-19 14:11:05.701  4449  4467 V WindowManagerShell: onTransitionReady (#498) android.os.BinderProxy@9fd26da: {id=498 t=OPEN f=0x0 trk=0 r=[0@Point(0, 0)] c=[
02-19 14:11:05.701  4449  4467 V WindowManagerShell:         {m=TO_FRONT f=MOVE_TO_TOP leash=Surface(name=Task=56)/@0x7d8147e sb=Rect(0, 0 - 1080, 2400) eb=Rect(0, 0 - 1080, 2400) epz=Point(1080, 2400) d=0 taskParent=-1},
02-19 14:11:05.701  4449  4467 V WindowManagerShell:         {m=TO_BACK f=SHOW_WALLPAPER leash=Surface(name=Task=1)/@0x4b34ddf sb=Rect(0, 0 - 1080, 2400) eb=Rect(0, 0 - 1080, 2400) epz=Point(1080, 2400) d=0 taskParent=-1},
02-19 14:11:05.701  4449  4467 V WindowManagerShell:         {m=TO_BACK f=IS_WALLPAPER leash=Surface(name=WallpaperWindowToken{35e0c0f showWhenLocked=false})/@0xb8c4a2c sb=Rect(0, 0 - 1080, 2400) eb=Rect(0, 0 - 1080, 2400) epz=Point(1080, 2400) d=0}
02-19 14:11:05.701  4449  4467 V WindowManagerShell:     ]}
02-19 14:11:05.703  4449  4467 V WindowManagerShell: Playing animation for (#498) android.os.BinderProxy@9fd26da@0
02-19 14:11:05.705  4449  4467 V ShellRecents: RecentsTransitionHandler.startAnimation: no controller found
02-19 14:11:05.705  4449  4467 V WindowManagerShell: Transition doesn't have explicit remote, search filters for match for {id=498 t=OPEN f=0x0 trk=0 r=[0@Point(0, 0)] c=[{m=TO_FRONT f=MOVE_TO_TOP leash=Surface(name=Task=56)/@0x7d8147e sb=Rect(0, 0 - 1080, 2400) eb=Rect(0, 0 - 1080, 2400) epz=Point(1080, 2400) d=0 taskParent=-1},{m=TO_BACK f=SHOW_WALLPAPER leash=Surface(name=Task=1)/@0x4b34ddf sb=Rect(0, 0 - 1080, 2400) eb=Rect(0, 0 - 1080, 2400) epz=Point(1080, 2400) d=0 taskParent=-1},{m=TO_BACK f=IS_WALLPAPER leash=Surface(name=WallpaperWindowToken{35e0c0f showWhenLocked=false})/@0xb8c4a2c sb=Rect(0, 0 - 1080, 2400) eb=Rect(0, 0 - 1080, 2400) epz=Point(1080, 2400) d=0}]}
02-19 14:11:05.705  4449  4467 V WindowManagerShell:  Checking filter Pair{{types=[] flags=0x0] notFlags=0x0 checks=[{atype=undefined independent=true modes=[CLOSE,TO_BACK] flags=IN_TASK_WITH_EMBEDDED_ACTIVITY mustBeTask=false order=ANY topActivity=null launchCookie=null taskFragmentToken=android.os.BinderProxy@268473d windowingMode=undefined}]} RemoteTransition { remoteTransition = android.window.IRemoteTransition$Stub$Proxy@2491b32, appThread = android.app.IApplicationThread$Stub$Proxy@a160083, debugName = overlayBackTransition }}
02-19 14:11:05.705  4449  4467 V WindowManagerShell:  Checking filter Pair{{types=[] flags=0x0] notFlags=0x0 checks=[{atype=dream independent=true modes=[OPEN,TO_FRONT] flags=NONE mustBeTask=false order=ANY topActivity=null launchCookie=null windowingMode=undefined},{atype=home independent=true modes=[CLOSE,TO_BACK] flags=NONE mustBeTask=false order=ANY topActivity=null launchCookie=null windowingMode=undefined}]} RemoteTransition { remoteTransition = android.window.IRemoteTransition$Stub$Proxy@7d85200, appThread = android.app.IApplicationThread$Stub$Proxy@c171a39, debugName = LauncherToDream }}
02-19 14:11:05.706  4449  4467 V WindowManagerShell:  Checking filter Pair{{types=[] flags=0x0] notFlags=0x100 checks=[{atype=home independent=true modes=[OPEN,TO_FRONT] flags=NONE mustBeTask=false order=TOP topActivity=ComponentInfo{com.google.android.apps.nexuslauncher/com.google.android.apps.nexuslauncher.NexusLauncherActivity} launchCookie=null windowingMode=undefined},{atype=standard independent=true modes=[CLOSE,TO_BACK] flags=NONE mustBeTask=false order=ANY topActivity=null launchCookie=null windowingMode=undefined},{NOT atype=undefined independent=true modes=[] flags=NONE mustBeTask=true order=ANY topActivity=null launchCookie=null customAnim=true windowingMode=undefined}]} RemoteTransition { remoteTransition = android.window.IRemoteTransition$Stub$Proxy@e9b87e, appThread = android.app.IApplicationThread$Stub$Proxy@92e21df, debugName = QuickstepLaunchHome }}
02-19 14:11:05.706   752   794 V WindowManager: Sent Transition (#498) createdAt=02-19 14:11:05.467 via request=TransitionRequestInfo { type = OPEN, triggerTask = TaskInfo{userId=0 taskId=56 effectiveUid=10217 displayId=0 isRunning=true baseIntent=Intent { act=android.intent.action.VIEW dat=intoss://takealook/... flg=0x10000000 pkg=viva.republica.toss.test cmp=viva.republica.toss.test/.MiniAppSchemeActivity } baseActivity=ComponentInfo{viva.republica.toss.test/im.toss.rn.granite.core.GraniteActivity} topActivity=ComponentInfo{viva.republica.toss.test/im.toss.rn.granite.core.GraniteActivity} origActivity=null realActivity=ComponentInfo{viva.republica.toss.test/viva.republica.toss.test.MiniAppSchemeActivity} numActivities=22 lastActiveTime=89337764 supportsMultiWindow=true resizeMode=1 isResizeable=true minWidth=-1 minHeight=-1 defaultMinSize=220 token=WCT{RemoteToken{29715c6 Task{fa7be33 #56 type=standard A=10217:viva.republica.toss.test}}} topActivityType=1 pictureInPictureParams=null shouldDockBigOverlays=false launchIntoPipHostTaskId=-1 lastParentTaskIdBeforePip=-1 displayCutoutSafeInsets=Rect(0, 0 - 0, 0) topActivityInfo=ActivityInfo{39d1e4e im.toss.rn.granite.core.GraniteActivity} launchCookies=[] positionInParent=Point(0, 0) parentTaskId=-1 isFocused=false isVisible=false isVisibleRequested=false isTopActivityNoDisplay=false isSleeping=false locusId=null displayAreaFeatureId=1 isTopActivityTransparent=false isActivityStackTransparent=false lastNonFullscreenBounds=Rect(284, 660 - 796, 1740) capturedLink=null capturedLinkTimestamp=0 requestedVisibleTypes=-9 topActivityRequestOpenInBrowserEducationTimestamp=0 appCompatTaskInfo=AppCompatTaskInfo { topActivityInSizeCompat=false eligibleForLetterboxEducation= false isLetterboxEducationEnabled= true isLetterboxDoubleTapEnabled= false eligibleForUserAspectRatioButton= false topActivityBoundsLetterboxed= false isFromLetterboxDoubleTap= false topActivityLetterboxVerticalPosition= -1 topActivityLetterboxHorizontalPosition= -1 topActivityLetterboxWidth=-1 topActivityLetterboxHeight=-1 topActivityAppBounds=Rect(0, 0 - 1080, 2400) isUserFullscreenOverrideEnabled=false isSystemFullscreenOverrideEnabled=false hasMinAspectRatioOverride=false topActivityLetterboxBounds=null cameraCompatTaskInfo=CameraCompatTaskInfo { freeformCameraCompatMode=inactive}} topActivityMainWindowFrame=null}, pipChange = null, remoteTransition = null, displayChange = null, flags = 0, debugId = 498 }
02-19 14:11:05.706  4449  4467 V WindowManagerShell:  Checking filter Pair{{types=[] flags=0x0] notFlags=0x0 checks=[{atype=undefined independent=true modes=[CLOSE,TO_BACK] flags=IN_TASK_WITH_EMBEDDED_ACTIVITY mustBeTask=false order=ANY topActivity=null launchCookie=null taskFragmentToken=android.os.BinderProxy@268473d windowingMode=undefined}]} RemoteTransition { remoteTransition = android.window.IRemoteTransition$Stub$Proxy@2767ac7, appThread = android.app.IApplicationThread$Stub$Proxy@2c518f4, debugName = overlayBackTransition }}
02-19 14:11:05.706   752   794 V WindowManager:     startWCT=WindowContainerTransaction { changes= {} hops= [] errorCallbackToken=null taskFragmentOrganizer=null }
02-19 14:11:05.706  4449  4467 V WindowManagerShell:  Checking filter Pair{{types=[] flags=0x0] notFlags=0x0 checks=[{atype=dream independent=true modes=[OPEN,TO_FRONT] flags=NONE mustBeTask=false order=ANY topActivity=null launchCookie=null windowingMode=undefined},{atype=home independent=true modes=[CLOSE,TO_BACK] flags=NONE mustBeTask=false order=ANY topActivity=null launchCookie=null windowingMode=undefined}]} RemoteTransition { remoteTransition = android.window.IRemoteTransition$Stub$Proxy@c3e281d, appThread = android.app.IApplicationThread$Stub$Proxy@a1e1a92, debugName = LauncherToDream }}
02-19 14:11:05.706  4449  4467 V WindowManagerShell:  Checking filter Pair{{types=[] flags=0x0] notFlags=0x100 checks=[{atype=home independent=true modes=[OPEN,TO_FRONT] flags=NONE mustBeTask=false order=TOP topActivity=ComponentInfo{com.google.android.apps.nexuslauncher/com.google.android.apps.nexuslauncher.NexusLauncherActivity} launchCookie=null windowingMode=undefined},{atype=standard independent=true modes=[CLOSE,TO_BACK] flags=NONE mustBeTask=false order=ANY topActivity=null launchCookie=null windowingMode=undefined},{NOT atype=undefined independent=true modes=[] flags=NONE mustBeTask=true order=ANY topActivity=null launchCookie=null customAnim=true windowingMode=undefined}]} RemoteTransition { remoteTransition = android.window.IRemoteTransition$Stub$Proxy@9d5fc63, appThread = android.app.IApplicationThread$Stub$Proxy@a94d060, debugName = QuickstepLaunchHome }}
02-19 14:11:05.706  4449  4467 V WindowManagerShell:  Delegate animation for (#498) to null
02-19 14:11:05.706   752   794 V WindowManager:     info={id=498 t=OPEN f=0x0 trk=0 r=[0@Point(0, 0)] c=[
02-19 14:11:05.706   752   794 V WindowManager:         {WCT{RemoteToken{29715c6 Task{fa7be33 #56 type=standard A=10217:viva.republica.toss.test}}} m=TO_FRONT f=MOVE_TO_TOP leash=Surface(name=Task=56)/@0xf76b753 sb=Rect(0, 0 - 1080, 2400) eb=Rect(0, 0 - 1080, 2400) epz=Point(1080, 2400) d=0 taskParent=-1},
02-19 14:11:05.706   752   794 V WindowManager:         {WCT{RemoteToken{5218fe8 Task{dd43522 #1 type=home}}} m=TO_BACK f=SHOW_WALLPAPER leash=Surface(name=Task=1)/@0x8ddbd2e sb=Rect(0, 0 - 1080, 2400) eb=Rect(0, 0 - 1080, 2400) epz=Point(1080, 2400) d=0 taskParent=-1},
02-19 14:11:05.706   752   794 V WindowManager:         {m=TO_BACK f=IS_WALLPAPER leash=Surface(name=WallpaperWindowToken{35e0c0f showWhenLocked=false})/@0x512f5be sb=Rect(0, 0 - 1080, 2400) eb=Rect(0, 0 - 1080, 2400) epz=Point(1080, 2400) d=0}
02-19 14:11:05.706   752   794 V WindowManager:     ]}
02-19 14:11:05.706  4449  4467 V WindowManagerShell: start default transition animation, info = {id=498 t=OPEN f=0x0 trk=0 r=[0@Point(0, 0)] c=[{m=TO_FRONT f=MOVE_TO_TOP leash=Surface(name=Task=56)/@0x7d8147e sb=Rect(0, 0 - 1080, 2400) eb=Rect(0, 0 - 1080, 2400) epz=Point(1080, 2400) d=0 taskParent=-1},{m=TO_BACK f=SHOW_WALLPAPER leash=Surface(name=Task=1)/@0x4b34ddf sb=Rect(0, 0 - 1080, 2400) eb=Rect(0, 0 - 1080, 2400) epz=Point(1080, 2400) d=0 taskParent=-1},{m=TO_BACK f=IS_WALLPAPER leash=Surface(name=WallpaperWindowToken{35e0c0f showWhenLocked=false})/@0xb8c4a2c sb=Rect(0, 0 - 1080, 2400) eb=Rect(0, 0 - 1080, 2400) epz=Point(1080, 2400) d=0}]}
02-19 14:11:05.707  4449  4467 V WindowManagerShell: loadAnimation: anim=android.view.animation.AnimationSet@cdcfa8a animAttr=0x13 type=OPEN isEntrance=false
02-19 14:11:05.714  4449  4467 V WindowManagerShell: loadAnimation: anim=android.view.animation.AnimationSet@f28e8fb animAttr=0x12 type=OPEN isEntrance=true
02-19 14:11:05.716  4449  4467 V WindowManagerShell:  animated by com.android.wm.shell.transition.DefaultTransitionHandler@f74d823
02-19 14:11:05.739  5621  5970 W okhttp.OkHttpClient: A connection to http://localhost:8081/ was leaked. Did you forget to close a response body? To see where this was allocated, set the OkHttpClient logger level to FINE: Logger.getLogger(OkHttpClient.class.getName()).setLevel(Level.FINE);
02-19 14:11:05.799  5621  5621 W unknown:ReactRootView: Unable to update root layout specs for uninitialized ReactInstanceManager
02-19 14:11:05.799   752  1852 D CoreBackPreview: Window{ce4707c u0 viva.republica.toss.test/im.toss.rn.granite.core.GraniteActivity}: Setting back callback OnBackInvokedCallbackInfo{mCallback=android.window.IOnBackInvokedCallback$Stub$Proxy@fb0d15a, mPriority=0, mIsAnimationCallback=false, mOverrideBehavior=0}
02-19 14:11:05.880   752   794 I ActivityTaskManager: Displayed viva.republica.toss.test/im.toss.rn.granite.core.GraniteActivity for user 0: +427ms
02-19 14:11:05.952  5621  6191 W unknown:ReconnectingWebSocket: Couldn't connect to "ws://10.0.2.2:8081/message?device=sdk_gphone64_x86_64%20-%2016%20-%20API%2036&app=viva.republica.toss.test&clientid=BridgeDevSupportManager", will silently retry
02-19 14:11:05.978   752   989 I ImeTracker: viva.republica.toss.test:5b3dbff6: onRequestHide at ORIGIN_SERVER reason HIDE_UNSPECIFIED_WINDOW fromUser false
02-19 14:11:05.986  1563  1563 I GoogleInputMethodService: GoogleInputMethodService.onFinishInput():2043 
02-19 14:11:05.986  5621  6195 W unknown:InspectorPackagerConnection: Couldn't connect to packager, will silently retry
02-19 14:11:05.987  5621  5621 D InsetsController: hide(ime(), fromIme=false)
02-19 14:11:05.987  5621  5621 I ImeTracker: viva.republica.toss.test:5b3dbff6: onCancelled at PHASE_CLIENT_ALREADY_HIDDEN
02-19 14:11:05.987  1563  1563 I Module  : DeviceLockedStatusModuleProvider$Module.updateDeviceLockedStatus():100 repeatCheckTimes = 0, locked = false
02-19 14:11:05.988  1563  1563 I GoogleInputMethodService: GoogleInputMethodService.onStartInput():1293 onStartInput(EditorInfo{EditorInfo{packageName=viva.republica.toss.test, inputType=0, inputTypeString=NULL, enableLearning=false, autoCorrection=false, autoComplete=false, imeOptions=0, privateImeOptions=null, actionName=UNSPECIFIED, actionLabel=null, initialSelStart=-1, initialSelEnd=-1, initialCapsMode=0, label=null, fieldId=0, fieldName=null, extras=null, hintText=null, hintLocales=[]}}, false)
02-19 14:11:05.988  1563  1563 I Module  : DeviceLockedStatusModuleProvider$Module.updateDeviceLockedStatus():100 repeatCheckTimes = 1, locked = false
02-19 14:11:05.989  1563  1563 I EmojiCompatManager: EmojiCompatManager.getEmojiCompatIfLoaded():343 EmojiCompat.init() was never called.
02-19 14:11:05.989  1563  1563 I EmojiCompatManager: java.lang.IllegalStateException: EmojiCompat is not initialized. Please call EmojiCompat.init() first
02-19 14:11:05.989  1563  1563 I EmojiCompatManager: 	at asx.p(PG:6)
02-19 14:11:05.989  1563  1563 I EmojiCompatManager: 	at axb.b(PG:13)
02-19 14:11:05.989  1563  1563 I EmojiCompatManager: 	at jnr.b(PG:2)
02-19 14:11:05.989  1563  1563 I EmojiCompatManager: 	at jnr.c(PG:4)
02-19 14:11:05.989  1563  1563 I EmojiCompatManager: 	at jnr.f(PG:3)
02-19 14:11:05.989  1563  1563 I EmojiCompatManager: 	at jnx.c(PG:3)
02-19 14:11:05.989  1563  1563 I EmojiCompatManager: 	at kif.cz(PG:47)
02-19 14:11:05.989  1563  1563 I EmojiCompatManager: 	at lhl.run(PG:1025)
02-19 14:11:05.989  1563  1563 I EmojiCompatManager: 	at jaf.execute(PG:12)
02-19 14:11:05.989  1563  1563 I EmojiCompatManager: 	at nco.v(PG:13)
02-19 14:11:05.989  1563  1563 I EmojiCompatManager: 	at lhn.m(PG:96)
02-19 14:11:05.989  1563  1563 I EmojiCompatManager: 	at lhn.k(PG:25)
02-19 14:11:05.989  1563  1563 I EmojiCompatManager: 	at kgn.onStartInput(PG:250)
02-19 14:11:05.989  1563  1563 I EmojiCompatManager: 	at android.inputmethodservice.InputMethodService.doStartInput(InputMethodService.java:3521)
02-19 14:11:05.989  1563  1563 I EmojiCompatManager: 	at android.inputmethodservice.InputMethodService$InputMethodImpl.startInput(InputMethodService.java:879)
02-19 14:11:05.989  1563  1563 I EmojiCompatManager: 	at android.inputmethodservice.InputMethodService$InputMethodImpl.dispatchStartInput(InputMethodService.java:908)
02-19 14:11:05.989  1563  1563 I EmojiCompatManager: 	at android.inputmethodservice.IInputMethodWrapper.executeMessage(IInputMethodWrapper.java:201)
02-19 14:11:05.989  1563  1563 I EmojiCompatManager: 	at com.android.internal.os.HandlerCaller$MyHandler.handleMessage(HandlerCaller.java:44)
02-19 14:11:05.989  1563  1563 I EmojiCompatManager: 	at android.os.Handler.dispatchMessage(Handler.java:110)
02-19 14:11:05.989  1563  1563 I EmojiCompatManager: 	at android.os.Looper.loopOnce(Looper.java:248)
02-19 14:11:05.989  1563  1563 I EmojiCompatManager: 	at android.os.Looper.loop(Looper.java:338)
02-19 14:11:05.989  1563  1563 I EmojiCompatManager: 	at android.app.ActivityThread.main(ActivityThread.java:9067)
02-19 14:11:05.989  1563  1563 I EmojiCompatManager: 	at java.lang.reflect.Method.invoke(Native Method)
02-19 14:11:05.989  1563  1563 I EmojiCompatManager: 	at com.android.internal.os.RuntimeInit$MethodAndArgsCaller.run(RuntimeInit.java:593)
02-19 14:11:05.989  1563  1563 I EmojiCompatManager: 	at com.android.internal.os.ZygoteInit.main(ZygoteInit.java:932)
02-19 14:11:05.989   752  2305 I ImeTracker: system_server:c4463b1: onRequestHide at ORIGIN_SERVER reason IME_REQUESTED_CHANGED_LISTENER fromUser false
02-19 14:11:05.990   752  1852 W PackageConfigPersister: App-specific configuration not found for packageName: viva.republica.toss.test and userId: 0
02-19 14:11:05.993   752   797 I ImeTracker: system_server:c4463b1: onCancelled at PHASE_SERVER_SHOULD_HIDE
02-19 14:11:06.016  4449  4467 V WindowManagerShell: Transition animation finished (aborted=false), notifying core (#498) android.os.BinderProxy@9fd26da@0
02-19 14:11:06.019   752   794 V WindowManager: Finish Transition (#498): created at 02-19 14:11:05.467 collect-started=0.157ms request-sent=21.329ms started=41.077ms ready=88.006ms sent=230.033ms commit=48.573ms finished=549.917ms
02-19 14:11:06.021   617   617 D VRI[NexusLauncherActivity]: visibilityChanged oldVisibility=true newVisibility=false
02-19 14:11:06.024  5621  5621 E unknown:ReactRootView: Unhandled SoftException
02-19 14:11:06.024  5621  5621 E unknown:ReactRootView: com.facebook.react.uimanager.IllegalViewOperationException: Trying to attach a ReactRootView with an explicit id already set to [2131362676]. React Native uses the id field to track react tags and will overwrite this field. If that is fine, explicitly overwrite the id field to View.NO_ID.
02-19 14:11:06.024  5621  5621 E unknown:ReactRootView: 	at com.facebook.react.ReactRootView.attachToReactInstanceManager(:799)
02-19 14:11:06.024  5621  5621 E unknown:ReactRootView: 	at com.facebook.react.ReactRootView.startReactApplication(:509)
02-19 14:11:06.024  5621  5621 E unknown:ReactRootView: 	at com.facebook.react.ReactRootView.startReactApplication(:469)
02-19 14:11:06.024  5621  5621 E unknown:ReactRootView: 	at im.toss.rn.granite.core.GraniteActivity.write(:486)
02-19 14:11:06.024  5621  5621 E unknown:ReactRootView: 	at im.toss.rn.granite.core.GraniteActivity.RemoteActionCompatParcelizer(:124)
02-19 14:11:06.024  5621  5621 E unknown:ReactRootView: 	at im.toss.rn.granite.core.GraniteActivity$RemoteActionCompatParcelizer.IconCompatParcelizer(:65353)
02-19 14:11:06.024  5621  5621 E unknown:ReactRootView: 	at o.sh.a_(:33)
02-19 14:11:06.024  5621  5621 E unknown:ReactRootView: 	at o.xP.run(:100)
02-19 14:11:06.024  5621  5621 E unknown:ReactRootView: 	at android.os.Handler.handleCallback(Handler.java:995)
02-19 14:11:06.024  5621  5621 E unknown:ReactRootView: 	at android.os.Handler.dispatchMessage(Handler.java:103)
02-19 14:11:06.024  5621  5621 E unknown:ReactRootView: 	at android.os.Looper.loopOnce(Looper.java:248)
02-19 14:11:06.024  5621  5621 E unknown:ReactRootView: 	at android.os.Looper.loop(Looper.java:338)
02-19 14:11:06.024  5621  5621 E unknown:ReactRootView: 	at android.app.ActivityThread.main(ActivityThread.java:9067)
02-19 14:11:06.024  5621  5621 E unknown:ReactRootView: 	at java.lang.reflect.Method.invoke(Native Method)
02-19 14:11:06.024  5621  5621 E unknown:ReactRootView: 	at com.android.internal.os.RuntimeInit$MethodAndArgsCaller.run(RuntimeInit.java:593)
02-19 14:11:06.024  5621  5621 E unknown:ReactRootView: 	at com.android.internal.os.ZygoteInit.main(ZygoteInit.java:932)
02-19 14:11:06.024  4449  4467 V WindowManagerShell: Track 0 became idle
02-19 14:11:06.025  4449  4467 V WindowManagerShell: All active transition animations finished
02-19 14:11:06.027   617   617 D NexusLauncherModelDelegate: notifySmartspaceEvent: SmartspaceTargetEvent{mSmartspaceTarget=null, mSmartspaceActionId='null', mEventType=7}
02-19 14:11:06.054   617   617 D BaseDepthController: setSurface:
02-19 14:11:06.054   617   617 D BaseDepthController: 	mWaitingOnSurfaceValidity: false
02-19 14:11:06.054   617   617 D BaseDepthController: 	mBaseSurface: null
02-19 14:11:06.055   617   617 D BaseDepthController: mSurface is null and mCurrentBlur is: 0
02-19 14:11:06.057   617   617 D StateManager: goToState - fromState: Normal, toState: Normal, partial trace:
02-19 14:11:06.057   617   617 D StateManager: 	at com.android.launcher3.statemanager.StateManager.moveToRestState(go/retraceme 72a59688580715d19f0e415c69e80376c2f062d1648c80db6730905005a27c20:4)
02-19 14:11:06.057   617   617 D StateManager: 	at com.android.launcher3.statemanager.StateManager.moveToRestState(go/retraceme 72a59688580715d19f0e415c69e80376c2f062d1648c80db6730905005a27c20:1)
02-19 14:11:06.057   617   617 D StateManager: 	at com.android.launcher3.statemanager.StatefulActivity.onStop(go/retraceme 72a59688580715d19f0e415c69e80376c2f062d1648c80db6730905005a27c20:34)
02-19 14:11:06.061   617   617 D StatsLog: LAUNCHER_ONSTOP
02-19 14:11:06.066   617   617 D StatsLog: LAUNCHER_GOOGLE_SEARCH_RESTORE_LIST_SIZE_AFTER_ACTIVITY_RESTART
02-19 14:11:06.155   752  2305 D CoreBackPreview: Window{1f5a7d6 u0 PopupWindow:2cb886b}: Setting back callback OnBackInvokedCallbackInfo{mCallback=android.window.IOnBackInvokedCallback$Stub$Proxy@472fa2d, mPriority=0, mIsAnimationCallback=false, mOverrideBehavior=0}
02-19 14:11:06.167   752  1095 D BackgroundInstallControlService: Package event received: 0
02-19 14:11:06.259  4449  4474 W WindowOnBackDispatcher: sendCancelIfRunning: isInProgress=false callback=android.view.ViewRootImpl$$ExternalSyntheticLambda13@f0428e7
02-19 14:11:06.270   752  1981 D CoreBackPreview: Window{8c2a9aa u0 Splash Screen viva.republica.toss.test EXITING}: Setting back callback null
02-19 14:11:07.965  5621  5621 W WindowOnBackDispatcher: sendCancelIfRunning: isInProgress=false callback=android.view.ViewRootImpl$$ExternalSyntheticLambda13@b184047
02-19 14:11:07.965   752  1981 D CoreBackPreview: Window{1f5a7d6 u0 PopupWindow:2cb886b}: Setting back callback null
02-19 14:11:07.981  5621  6199 W unknown:ReactContext: initializeMessageQueueThreads() is called.
02-19 14:11:07.982  5621  5621 W unknown:ReactNative: Packager connection already open, nooping.
02-19 14:11:07.989  5621  6202 W unknown:ReactContext: initializeMessageQueueThreads() is called.
02-19 14:11:07.989  5621  6202 W unknown:ReactNative: Fresco has already been initialized with a different config. The new Fresco configuration will be ignored!
02-19 14:11:08.384  6047  6049 I AidlLazyServiceRegistrar: Process has 0 (of 1 available) client(s) in use after notification artd has clients: 0
02-19 14:11:08.384  6047  6049 I AidlLazyServiceRegistrar: Trying to shut down the service. No clients in use for any service in process.
02-19 14:11:08.387  6047  6049 I AidlLazyServiceRegistrar: Unregistered all clients and exiting
02-19 14:11:08.416  6206  6206 W dumpsys : Thread Pool max thread count is 0. Cannot cache binder as linkToDeath cannot be implemented. serviceName: window
02-19 14:11:08.424   752  1981 I system_server: AssetManager2(0x7d8fac4d9758) locale list changing from [] to [en-US]
02-19 14:11:08.427   752  1981 I system_server: AssetManager2(0x7d8fac4ca6b8) locale list changing from [] to [en-US]
02-19 14:11:08.430   752  1981 I system_server: AssetManager2(0x7d8fac4e6ef8) locale list changing from [] to [en-US]
02-19 14:11:08.511   752  1981 I system_server: AssetManager2(0x7d8fac4c4f38) locale list changing from [] to [en-US]
02-19 14:11:08.513   752  1981 I system_server: AssetManager2(0x7d8fac4e9798) locale list changing from [] to [en-US]
02-19 14:11:08.516   752  1981 I system_server: AssetManager2(0x7d8fac4d55b8) locale list changing from [] to [en-US]
02-19 14:11:08.579   752  1856 E TaskPersister: File error accessing recents directory (directory doesn't exist?).
02-19 14:11:08.794   617  4263 D OverviewCommandHelper: command added: CommandInfo(type=TOGGLE, status=IDLE, createTime=89342641, animationCallbacks=null, displayId=0, isLastOfBatch=true)
02-19 14:11:08.795   617  4263 D OverviewCommandHelper: execute: CommandInfo(type=TOGGLE, status=IDLE, createTime=89342641, animationCallbacks=null, displayId=0, isLastOfBatch=true) - queue size: 1
02-19 14:11:08.796   617   617 D OverviewCommandHelper: executing command: CommandInfo(type=TOGGLE, status=PROCESSING, createTime=89342641, animationCallbacks=null, displayId=0, isLastOfBatch=true)
02-19 14:11:08.796   617   617 D OverviewCommandHelper: executeCommand: CommandInfo(type=TOGGLE, status=PROCESSING, createTime=89342641, animationCallbacks=null, displayId=0, isLastOfBatch=true) - visibleRecentsView: null
02-19 14:11:08.796   617   617 D OverviewCommandHelper: Querying TaskbarManager for TaskbarUIController for display: 0
02-19 14:11:08.797   617   617 D OverviewCommandHelper: TaskbarUIController for display 0 was found
02-19 14:11:08.805  4449  4449 I vol.VolumeDialogImpl: mDialog.dismiss() reason: volume_controller from: com.android.systemui.volume.VolumeDialogImpl$7.onDismissRequested:3
02-19 14:11:08.806   617   617 D ContextTracker: Registering callback: com.android.launcher3.LauncherInitListener@864756, reason=OverviewCommandHelper: command.type=TOGGLE
02-19 14:11:08.807   617   617 D RecentsView: onGestureAnimationStart - groupedTaskInfo: Desk ID= -1, Desk Display ID=-1, Tasks=[id=56 winMode=fullscreen visReq=true vis=true excluded=false baseIntent=viva.republica.toss.test/.MiniAppSchemeActivity], Type=FULLSCREEN, Minimized Task IDs=null
02-19 14:11:08.808   617   617 D RecentsView: showCurrentTask(onGestureAnimationStart) - groupedTaskInfo: Desk ID= -1, Desk Display ID=-1, Tasks=[id=56 winMode=fullscreen visReq=true vis=true excluded=false baseIntent=viva.republica.toss.test/.MiniAppSchemeActivity], Type=FULLSCREEN, Minimized Task IDs=null
02-19 14:11:08.808   617   617 D OverviewActionsView: updateForGroupedTask() called with: isGroupedTask = [false], canSaveAppPair = [false]
02-19 14:11:08.809   617   617 D OverviewActionsView: updateActionButtonsVisibility() called: showSingleTaskActions = [true], showGroupActions = [false]
02-19 14:11:08.810   617   617 D RecentsView: reloadIfNeeded - getTasks: 230
02-19 14:11:08.811   617   617 D RecentsView: onGestureAnimationStart - groupedTaskInfo: Desk ID= -1, Desk Display ID=-1, Tasks=[id=56 winMode=fullscreen visReq=true vis=true excluded=false baseIntent=viva.republica.toss.test/.MiniAppSchemeActivity], Type=FULLSCREEN, Minimized Task IDs=null
02-19 14:11:08.811   617   617 D RecentsView: showCurrentTask(onGestureAnimationStart) - groupedTaskInfo: Desk ID= -1, Desk Display ID=-1, Tasks=[id=56 winMode=fullscreen visReq=true vis=true excluded=false baseIntent=viva.republica.toss.test/.MiniAppSchemeActivity], Type=FULLSCREEN, Minimized Task IDs=null
02-19 14:11:08.812  4449  4467 V ShellRecents: RecentsTransitionHandler.startRecentsTransition
02-19 14:11:08.812   617   617 D OverviewActionsView: updateForGroupedTask() called with: isGroupedTask = [false], canSaveAppPair = [false]
02-19 14:11:08.812  4449  4467 V WindowManagerShell: Directly starting a new transition type=TO_FRONT wct=WindowContainerTransaction { changes= {} hops= [{pendingIntent: options=Bundle[{android.activity.splashScreenStyle=-1, android.activity.sourceInfo=Supplier{VAL_PARCELABLE@148+104}, android.pendingIntent.backgroundActivityAllowed=3, android:activity.animAbortListener=null, android.activity.transientLaunch=true}]}] errorCallbackToken=null taskFragmentOrganizer=null } handler=com.android.wm.shell.recents.RecentsTransitionHandler@bc47314
02-19 14:11:08.812   617   617 D OverviewActionsView: updateActionButtonsVisibility() called: showSingleTaskActions = [true], showGroupActions = [false]
02-19 14:11:08.813   617   617 D RecentsView: reloadIfNeeded - task list still valid: 230
02-19 14:11:08.813   617   617 D OverviewCommandHelper: switching via recents animation - onGestureStarted: CommandInfo(type=TOGGLE, status=PROCESSING, createTime=89342641, animationCallbacks=com.android.quickstep.RecentsAnimationCallbacks@74a0978, displayId=0, isLastOfBatch=true)
02-19 14:11:08.813   617   617 D OverviewCommandHelper: command executed: CommandInfo(type=TOGGLE, status=PROCESSING, createTime=89342641, animationCallbacks=com.android.quickstep.RecentsAnimationCallbacks@74a0978, displayId=0, isLastOfBatch=true) with result: false
02-19 14:11:08.813   617   617 D OverviewCommandHelper: waiting for command callback: CommandInfo(type=TOGGLE, status=PROCESSING, createTime=89342641, animationCallbacks=com.android.quickstep.RecentsAnimationCallbacks@74a0978, displayId=0, isLastOfBatch=true)
02-19 14:11:08.826  4449  4467 V ShellRecents: [217127482] RecentsController.setTransition: id=android.os.BinderProxy@a943d65
02-19 14:11:08.827  4449  4449 I vol.VolumeDialogImpl: mDialog.dismiss() reason: volume_controller from: com.android.systemui.volume.VolumeDialogImpl$7.onDismissRequested:3
02-19 14:11:08.827  4449  4449 D vol.VolumeDialogImpl: dismissH: skipping dismiss because isAnimatingDismiss is true and showingStateInconsistent is false
02-19 14:11:08.828   752  1095 D BackgroundInstallControlService: Package event received: 0
02-19 14:11:08.830   752  1095 D BackgroundInstallControlService: Package event received: 0
02-19 14:11:08.893   617   617 D RecentsView: applyLoadPlan - taskGroups: [type=SINGLE task=[id=12 windowingMode=0 user=0 lastActiveTime=89737] null, type=SINGLE task=[id=49 windowingMode=1 user=0 lastActiveTime=87698314] null, type=SINGLE task=[id=56 windowingMode=1 user=0 lastActiveTime=89339379] null]
02-19 14:11:08.898   617   617 D ViewRootImpl: Skipping stats log for color mode
02-19 14:11:08.898   531   590 I BpBinder: onLastStrongRef automatically unlinking death recipients: 
02-19 14:11:08.899   617   617 D StateManager: goToState - fromState: Normal, toState: Background, partial trace:
02-19 14:11:08.899   617   617 D StateManager: 	at com.android.quickstep.BaseActivityInterface$DefaultAnimationFactory.initBackgroundStateUI(go/retraceme 72a59688580715d19f0e415c69e80376c2f062d1648c80db6730905005a27c20:39)
02-19 14:11:08.899   617   617 D StateManager: 	at com.android.quickstep.LauncherActivityInterface.prepareRecentsUI(go/retraceme 72a59688580715d19f0e415c69e80376c2f062d1648c80db6730905005a27c20:9)
02-19 14:11:08.899   617   617 D StateManager: 	at com.android.quickstep.AbsSwipeUpHandler.lambda$onLauncherStart$7(go/retraceme 72a59688580715d19f0e415c69e80376c2f062d1648c80db6730905005a27c20:11)
02-19 14:11:08.899   617   617 D StateManager: onStateTransitionStart - state: Background
02-19 14:11:08.901   752  1095 D BackgroundInstallControlService: Package event received: 0
02-19 14:11:08.901   617   617 D BaseDepthController: mSurface is null and mCurrentBlur is: 0
02-19 14:11:08.902   617   617 D KeyboardInsetsHandler: setState, toState:Background StateManager(mLastStableState:Normal, mCurrentStableState:Normal, mState:Background, mRestState:Normal, isInTransition:false)
02-19 14:11:08.903   617   617 D StateManager: onStateTransitionEnd - state: Background
02-19 14:11:08.948  5621  5621 W unknown:ReactContext: initializeMessageQueueThreads() is called.
02-19 14:11:09.186   752  2500 W PackageConfigPersister: App-specific configuration not found for packageName: viva.republica.toss.test and userId: 0
02-19 14:11:09.247   531   531 I BpBinder: onLastStrongRef automatically unlinking death recipients: 
02-19 14:11:09.248   617   617 D RecentsView: updateTaskStackListenerState: true
02-19 14:11:09.248   617   617 D RecentsView: reloadIfNeeded - getTasks: 231
02-19 14:11:09.248   617   617 D NexusLauncherModelDelegate: notifySmartspaceEvent: SmartspaceTargetEvent{mSmartspaceTarget=null, mSmartspaceActionId='null', mEventType=6}
02-19 14:11:09.265   617   617 D BaseDepthController: setSurface:
02-19 14:11:09.265   617   617 D BaseDepthController: 	mWaitingOnSurfaceValidity: false
02-19 14:11:09.265   617   617 D BaseDepthController: 	mBaseSurface: Surface(name=com.google.android.apps.nexuslauncher/com.google.android.apps.nexuslauncher.NexusLauncherActivity)/@0x2710b18
02-19 14:11:09.280   531   531 I BpBinder: onLastStrongRef automatically unlinking death recipients: 
02-19 14:11:09.281   617   617 D ActivityAllAppsContainerView: rebindAdapters: force: false
02-19 14:11:09.281   617   617 D ActivityAllAppsContainerView: rebindAdapters: Not needed.
02-19 14:11:09.287   617   617 D RecentsView: applyLoadPlan - taskGroups: [type=SINGLE task=[id=12 windowingMode=0 user=0 lastActiveTime=89737] null, type=SINGLE task=[id=49 windowingMode=1 user=0 lastActiveTime=87698314] null, type=SINGLE task=[id=56 windowingMode=1 user=0 lastActiveTime=89339379] null]
02-19 14:11:09.293  4449  4511 V WindowManagerShell: onTransitionReady(transaction=3229815421730)
02-19 14:11:09.297  4449  4467 V WindowManagerShell: onTransitionReady (#499) android.os.BinderProxy@a943d65: {id=499 t=TO_FRONT f=0x80 trk=0 r=[0@Point(0, 0)] c=[
02-19 14:11:09.297  4449  4467 V WindowManagerShell:         {m=TO_FRONT f=SHOW_WALLPAPER|MOVE_TO_TOP leash=Surface(name=Task=1)/@0x7c6a006 sb=Rect(0, 0 - 1080, 2400) eb=Rect(0, 0 - 1080, 2400) epz=Point(1080, 2400) d=0 taskParent=-1},
02-19 14:11:09.297  4449  4467 V WindowManagerShell:         {m=TO_BACK f=NONE leash=Surface(name=Task=56)/@0xef826c7 sb=Rect(0, 0 - 1080, 2400) eb=Rect(0, 0 - 1080, 2400) epz=Point(1080, 2400) d=0 taskParent=-1},
02-19 14:11:09.297  4449  4467 V WindowManagerShell:         {m=TO_FRONT f=IS_WALLPAPER leash=Surface(name=WallpaperWindowToken{35e0c0f showWhenLocked=false})/@0x6354f4 sb=Rect(0, 0 - 1080, 2400) eb=Rect(0, 0 - 1080, 2400) epz=Point(1080, 2400) d=0}
02-19 14:11:09.297  4449  4467 V WindowManagerShell:     ]}
02-19 14:11:09.297  4449  4467 V WindowManagerShell: Playing animation for (#499) android.os.BinderProxy@a943d65@0
02-19 14:11:09.297  4449  4467 V WindowManagerShell:  try firstHandler com.android.wm.shell.recents.RecentsTransitionHandler@bc47314
02-19 14:11:09.297  4449  4467 V ShellRecents: [217127482] RecentsController.start
02-19 14:11:09.298  4449  4467 V ShellRecents:   not handling home taskId=1
02-19 14:11:09.298  6215  6215 W dumpsys : Thread Pool max thread count is 0. Cannot cache binder as linkToDeath cannot be implemented. serviceName: package
02-19 14:11:09.300  4449  4467 V ShellRecents:   adding pausing leaf taskId=56 at layer=8
02-19 14:11:09.301  4449  4467 V ShellRecents: Applying transaction=3229815421730
02-19 14:11:09.302  4449  4467 V ShellRecents: No matching remote found to takeover (#499)
02-19 14:11:09.303  4449  4467 V ShellSplitScreen: getSplitBoundsForTaskId: expected split bounds for taskId=56 but not found
02-19 14:11:09.303  4449  4467 V ShellRecents: [217127482] RecentsController.start: calling onAnimationStart with 2 apps
02-19 14:11:09.303   752   794 V WindowManager: Sent Transition (#499) createdAt=02-19 14:11:08.813
02-19 14:11:09.305   752   794 V WindowManager:     startWCT=WindowContainerTransaction { changes= {} hops= [{pendingIntent: options=Bundle[{android.activity.splashScreenStyle=-1, android.activity.sourceInfo=android.app.ActivityOptions$SourceInfo@f970bca, android.pendingIntent.backgroundActivityAllowed=3, android:activity.animAbortListener=null, android.activity.transientLaunch=true}]}] errorCallbackToken=null taskFragmentOrganizer=null }
02-19 14:11:09.305   752   794 V WindowManager:     info={id=499 t=TO_FRONT f=0x80 trk=0 r=[0@Point(0, 0)] c=[
02-19 14:11:09.305   752   794 V WindowManager:         {WCT{RemoteToken{5218fe8 Task{dd43522 #1 type=home}}} m=TO_FRONT f=SHOW_WALLPAPER|MOVE_TO_TOP leash=Surface(name=Task=1)/@0x8ddbd2e sb=Rect(0, 0 - 1080, 2400) eb=Rect(0, 0 - 1080, 2400) epz=Point(1080, 2400) d=0 taskParent=-1},
02-19 14:11:09.305   752   794 V WindowManager:         {WCT{RemoteToken{29715c6 Task{fa7be33 #56 type=standard A=10217:viva.republica.toss.test}}} m=TO_BACK f=NONE leash=Surface(name=Task=56)/@0xf76b753 sb=Rect(0, 0 - 1080, 2400) eb=Rect(0, 0 - 1080, 2400) epz=Point(1080, 2400) d=0 taskParent=-1},
02-19 14:11:09.305   752   794 V WindowManager:         {m=TO_FRONT f=IS_WALLPAPER leash=Surface(name=WallpaperWindowToken{35e0c0f showWhenLocked=false})/@0x512f5be sb=Rect(0, 0 - 1080, 2400) eb=Rect(0, 0 - 1080, 2400) epz=Point(1080, 2400) d=0}
02-19 14:11:09.305   752   794 V WindowManager:     ]}
02-19 14:11:09.306  4449  4467 V WindowManagerShell:  animated by firstHandler
02-19 14:11:09.331   617   617 D RemoteTargetGluer: appCount: 1 handleLength: 4
02-19 14:11:09.331   617   617 D RemoteTargetGluer: resizing handles
02-19 14:11:09.331   617   617 D RemoteTargetGluer: containsSplitTargets? false handleLength: 1 appsLength: 1
02-19 14:11:09.332   617   617 D RecentsView: setRecentsAnimationTargets - recentsAnimationController: com.android.quickstep.RecentsAnimationController@daf3d81, recentsAnimationTargets: com.android.quickstep.RecentsAnimationTargets@b20ae26
02-19 14:11:09.333   617   869 W HWUI    : Image decoding logging dropped!
02-19 14:11:09.334   617   617 D RemoteTargetGluer: appCount: 1 handleLength: 1
02-19 14:11:09.335   617   617 D RemoteTargetGluer: containsSplitTargets? false handleLength: 1 appsLength: 1
02-19 14:11:09.335   617   617 D OverviewCommandHelper: recents animation started: CommandInfo(type=TOGGLE, status=PROCESSING, createTime=89342641, animationCallbacks=com.android.quickstep.RecentsAnimationCallbacks@74a0978, displayId=0, isLastOfBatch=true)
02-19 14:11:09.335   617   617 D StatsLog: LAUNCHER_OVERVIEW_SHOW_OVERVIEW_FROM_3_BUTTON
02-19 14:11:09.335   617   617 D OverviewCommandHelper: recents animation started - onInitBackgroundStateUI: CommandInfo(type=TOGGLE, status=PROCESSING, createTime=89342641, animationCallbacks=com.android.quickstep.RecentsAnimationCallbacks@74a0978, displayId=0, isLastOfBatch=true)
02-19 14:11:09.340   617   617 D RecentsView: onPrepareGestureEndAnimation - endTarget: RECENTS
02-19 14:11:09.371  4449  4467 V ShellRecents: [217127482] RecentsController.setInputConsumerEnabled: set focus to recents
02-19 14:11:09.745   488  1424 I RanchuHwc: logCompositionFallbackIfChanged: layer 925 CompositionType fallback from 2 to 1
02-19 14:11:09.745   488  1424 I RanchuHwc: logCompositionFallbackIfChanged: layer 926 CompositionType fallback from 2 to 1
02-19 14:11:09.781   617   617 D StateManager: goToState - fromState: Background, toState: Overview, partial trace:
02-19 14:11:09.781   617   617 D StateManager: 	at com.android.quickstep.BaseActivityInterface$DefaultAnimationFactory.lambda$createContainerInterface$0(go/retraceme 72a59688580715d19f0e415c69e80376c2f062d1648c80db6730905005a27c20:28)
02-19 14:11:09.781   617   617 D StateManager: 	at com.android.quickstep.BaseActivityInterface$DefaultAnimationFactory.a(go/retraceme 72a59688580715d19f0e415c69e80376c2f062d1648c80db6730905005a27c20:1)
02-19 14:11:09.781   617   617 D StateManager: 	at com.android.quickstep.y.run(go/retraceme 72a59688580715d19f0e415c69e80376c2f062d1648c80db6730905005a27c20:5)
02-19 14:11:09.781   617   617 D StatsLog: LAUNCHER_ONRESUME
02-19 14:11:09.782   617   617 D StateManager: onStateTransitionStart - state: Overview
02-19 14:11:09.787  4449  4467 D WindowManagerShell: setLauncherKeepClearAreaHeight: visible=true, height=527
02-19 14:11:09.787   617   617 D KeyboardInsetsHandler: setState, toState:Overview StateManager(mLastStableState:Normal, mCurrentStableState:Background, mState:Overview, mRestState:Normal, isInTransition:false)
02-19 14:11:09.789   617   617 D StateManager: onStateTransitionEnd - state: Overview
02-19 14:11:09.795   617   617 I AiAiSuggestUi: Clearing suggestions.
02-19 14:11:09.796   617   617 I AiAiSuggestUi: Requesting to show indicators
02-19 14:11:09.796   617   617 I AiAiSuggestUi: Fetching contents, isPrimaryTask = true
02-19 14:11:09.798   752  1095 D BackgroundInstallControlService: Package event received: 0
02-19 14:11:09.798   617   617 D StatsLog: LAUNCHER_OVERVIEW_GESTURE
02-19 14:11:09.799   617   617 D OverviewCommandHelper: switching via recents animation - onTransitionComplete: CommandInfo(type=TOGGLE, status=PROCESSING, createTime=89342641, animationCallbacks=com.android.quickstep.RecentsAnimationCallbacks@74a0978, displayId=0, isLastOfBatch=true)
02-19 14:11:09.799   617   617 D OverviewCommandHelper: command executed: CommandInfo(type=TOGGLE, status=PROCESSING, createTime=89342641, animationCallbacks=com.android.quickstep.RecentsAnimationCallbacks@74a0978, displayId=0, isLastOfBatch=true) with result: true
02-19 14:11:09.799   617   617 D OverviewCommandHelper: command executed successfully! CommandInfo(type=TOGGLE, status=COMPLETED, createTime=89342641, animationCallbacks=com.android.quickstep.RecentsAnimationCallbacks@74a0978, displayId=0, isLastOfBatch=true)
02-19 14:11:09.799   617   617 D OverviewCommandHelper: no pending commands to be executed.
02-19 14:11:09.800   617   617 D ContextTracker: Unregistering callback: com.android.launcher3.LauncherInitListener@864756, reason=AbsSwipeUpHandler.invalidateHandler
02-19 14:11:09.805   617   617 D OverviewActionsView: updateForGroupedTask() called with: isGroupedTask = [false], canSaveAppPair = [false]
02-19 14:11:09.805   617   617 D OverviewActionsView: updateActionButtonsVisibility() called: showSingleTaskActions = [true], showGroupActions = [false]
02-19 14:11:09.808   617   617 D OverviewActionsView: updateForGroupedTask() called with: isGroupedTask = [false], canSaveAppPair = [false]
02-19 14:11:09.809   617   617 D OverviewActionsView: updateActionButtonsVisibility() called: showSingleTaskActions = [true], showGroupActions = [false]
02-19 14:11:09.809   617   617 D RecentsView: onGestureAnimationEnd - mEnableDrawingLiveTile: true
02-19 14:11:09.818  4449  4488 V ShellRecents: [217127482] RecentsController.detachNavigationBarFromApp
02-19 14:11:09.910   617   651 D QuickstepModelDelegate: notifyAppTargetEvent action=1 launchLocation=
02-19 14:11:09.918   488  1424 I RanchuHwc: logCompositionFallbackIfChanged: layer 927 CompositionType fallback from 2 to 1
02-19 14:11:09.918   617   617 I NotificationListener: Handling notification state refresh for com.google.android.adservices.api#0
02-19 14:11:09.918   617   617 I NotificationListener: Handling notification state refresh for android#0
02-19 14:11:09.918   617   617 I NotificationListener: Handling notification state refresh for com.android.systemui#0
02-19 14:11:09.959   617   626 I s.nexuslauncher: NativeAlloc concurrent mark compact GC freed 2055KB AllocSpace bytes, 12(624KB) LOS objects, 49% free, 6399KB/12MB, paused 1.451ms,3.589ms total 206.600ms
02-19 14:11:10.005   617  6097 I AiAiSuggestUi: Request suggestContentSelections complete, took: 209
02-19 14:11:10.012   617  6097 I AiAiSuggestUi: Fetched content back in callback
02-19 14:11:10.013   617   617 I AiAiSuggestUi: Display indicators
02-19 14:11:10.023   617   637 W System  : A resource failed to call release. 
02-19 14:11:10.026   617   637 W System  : A resource failed to call release. 
02-19 14:11:10.026   617   637 W System  : A resource failed to call release. 
02-19 14:11:10.026   617   637 W System  : A resource failed to call release. 
02-19 14:11:10.026   617   637 W System  : A resource failed to call release. 
02-19 14:11:10.026   617   637 W System  : A resource failed to call release. 
02-19 14:11:10.026   617   637 W System  : A resource failed to call release. 
02-19 14:11:10.040  1971  2198 I AiAiEcho: Predicting[0]:  [CONTEXT sampling_count=5 ]
02-19 14:11:10.040  1971  2198 I AiAiEcho: EchoTargets: 
02-19 14:11:10.040  1971  2198 I AiAiEcho: Filtered by AiAi flag check: 
02-19 14:11:10.040  1971  2198 I AiAiEcho: [CONTEXT ratelimit_period="10 SECONDS" ]
02-19 14:11:10.041  1971  2198 I AiAiEcho: #remoteViewsTwiddler: feature disabled.
02-19 14:11:10.042  1971  2198 I AiAiEcho: #postPredictionTargets: Sending updates to UISurface home with targets# 0 (types=[])
02-19 14:11:10.044   617   617 D SsBaseTemplateCard: No text view can be set up
02-19 14:11:10.047   617   617 D SsBaseTemplateCard: Passed-in item info is null
02-19 14:11:10.048   617   617 D SsBaseTemplateCard: Passed-in item info is null
02-19 14:11:10.048   617   617 D SsBaseTemplateCard: Passed-in item info is null
02-19 14:11:10.050   617   617 I SsBaseTemplateCard: Secondary card pane is null
02-19 14:11:10.280   752   795 W ActivityTaskManager: callingPackage for (uid=-1, pid=0) has no WPC
02-19 14:11:10.281   752   795 W ActivityStartInterceptor: Starting home with component specified, uid=0
02-19 14:11:10.283   752   795 W OptProp : Cannot read opt property android.window.PROPERTY_COMPAT_ALLOW_USER_ASPECT_RATIO_OVERRIDE
02-19 14:11:10.283   752   795 W OptProp : Cannot read opt property android.window.PROPERTY_COMPAT_ALLOW_USER_ASPECT_RATIO_FULLSCREEN_OVERRIDE
02-19 14:11:10.283   752   795 W OptProp : Cannot read opt property android.window.PROPERTY_COMPAT_ALLOW_RESIZEABLE_ACTIVITY_OVERRIDES
02-19 14:11:10.283   752   795 W OptProp : Cannot read opt property android.window.PROPERTY_COMPAT_ALLOW_MIN_ASPECT_RATIO_OVERRIDE
02-19 14:11:10.284   752   795 V GrammaticalInflectionUtils: AttributionSource: android.content.AttributionSource@1abea79a does not have READ_SYSTEM_GRAMMATICAL_GENDER permission.
02-19 14:11:10.286  4449  4449 I vol.VolumeDialogImpl: mDialog.dismiss() reason: volume_controller from: com.android.systemui.volume.VolumeDialogImpl$7.onDismissRequested:3
02-19 14:11:10.286  4449  4488 D KeyguardService: setOccluded(false)
02-19 14:11:10.286  4449  4488 D KeyguardViewMediator: setOccluded(false)
02-19 14:11:10.287  4449  4449 D KeyguardViewMediator: handleSetOccluded(false)
02-19 14:11:10.287   752   795 I ActivityTaskManager: START u0 {act=android.intent.action.MAIN cat=[android.intent.category.HOME] flg=0x10000100 cmp=com.google.android.apps.nexuslauncher/.NexusLauncherActivity (has extras)} with LAUNCH_SINGLE_TASK from uid 0 (BAL_ALLOW_ALLOWLISTED_UID) result code=3
02-19 14:11:10.287  4449  4449 D KeyguardViewMediator: KeyguardViewMediator queue processing message: SET_OCCLUDED
02-19 14:11:10.288  4449  4467 D WindowManagerShell: onActivityRestartAttempt: topActivity=ComponentInfo{com.google.android.apps.nexuslauncher/com.google.android.apps.nexuslauncher.NexusLauncherActivity}, wasVisible=true
02-19 14:11:10.288   617   617 W SplitSelectStateCtor: Missing session instanceIds
02-19 14:11:10.288   617   617 D StatsLog: LAUNCHER_SPLIT_SELECTION_EXIT_INTERRUPTED
02-19 14:11:10.289   617   617 D StateManager: goToState - fromState: Overview, toState: Normal, partial trace:
02-19 14:11:10.289   617   617 D StateManager: 	at com.android.launcher3.Launcher.onNewIntent(go/retraceme 72a59688580715d19f0e415c69e80376c2f062d1648c80db6730905005a27c20:116)
02-19 14:11:10.289   617   617 D StateManager: 	at com.android.launcher3.uioverrides.QuickstepLauncher.onNewIntent(go/retraceme 72a59688580715d19f0e415c69e80376c2f062d1648c80db6730905005a27c20:1)
02-19 14:11:10.289   617   617 D StateManager: 	at com.google.android.apps.nexuslauncher.NexusLauncherActivity.onNewIntent(go/retraceme 72a59688580715d19f0e415c69e80376c2f062d1648c80db6730905005a27c20:1)
02-19 14:11:10.302   617   617 I AiAiSuggestUi: Clearing suggestions.
02-19 14:11:10.302   617   617 I AiAiSuggestUi: Clearing suggestions.
02-19 14:11:10.302   617   617 I AiAiSuggestUi: Requesting to show indicators
02-19 14:11:10.302   617   617 I AiAiSuggestUi: Fetching contents, isPrimaryTask = true
02-19 14:11:10.304   617   617 D TFOManager: playPanelCloseAnimation() duration=200 traceTag=LauncherOverlay-hide isHomeButtonTap=true
02-19 14:11:10.305   617   617 D TFOManager: Skipped creating panel close animation because -1 is invisible.
02-19 14:11:10.305   617   617 D OverviewCommandHelper: clearing pending commands: []
02-19 14:11:10.306   531   602 I BpBinder: onLastStrongRef automatically unlinking death recipients: 
02-19 14:11:10.320   617   617 D StateManager: onStateTransitionStart - state: Normal
02-19 14:11:10.320   617   617 D RecentsView: updateTaskStackListenerState: false
02-19 14:11:10.323   617   617 D ActivityAllAppsContainerView: rebindAdapters: force: false
02-19 14:11:10.324   617   617 D ActivityAllAppsContainerView: rebindAdapters: Not needed.
02-19 14:11:10.324   617   617 D StatsLog: LAUNCHER_ONRESUME
