02-19 09:32:53.644  4449  4467 V WindowManagerShell:  Checking filter Pair{{types=[] flags=0x0] notFlags=0x100 checks=[{atype=home independent=true modes=[OPEN,TO_FRONT] flags=NONE mustBeTask=false order=TOP topActivity=ComponentInfo{com.google.android.apps.nexuslauncher/com.google.android.apps.nexuslauncher.NexusLauncherActivity} launchCookie=null windowingMode=undefined},{atype=standard independent=true modes=[CLOSE,TO_BACK] flags=NONE mustBeTask=false order=ANY topActivity=null launchCookie=null windowingMode=undefined},{NOT atype=undefined independent=true modes=[] flags=NONE mustBeTask=true order=ANY topActivity=null launchCookie=null customAnim=true windowingMode=undefined}]} RemoteTransition { remoteTransition = android.window.IRemoteTransition$Stub$Proxy@a8eae27, appThread = android.app.IApplicationThread$Stub$Proxy@fa38d4, debugName = QuickstepLaunchHome }}
02-19 09:32:53.644  4449  4467 D RemoteTransitionHandler: Found filterPair{{types=[] flags=0x0] notFlags=0x100 checks=[{atype=home independent=true modes=[OPEN,TO_FRONT] flags=NONE mustBeTask=false order=TOP topActivity=ComponentInfo{com.google.android.apps.nexuslauncher/com.google.android.apps.nexuslauncher.NexusLauncherActivity} launchCookie=null windowingMode=undefined},{atype=standard independent=true modes=[CLOSE,TO_BACK] flags=NONE mustBeTask=false order=ANY topActivity=null launchCookie=null windowingMode=undefined},{NOT atype=undefined independent=true modes=[] flags=NONE mustBeTask=true order=ANY topActivity=null launchCookie=null customAnim=true windowingMode=undefined}]} RemoteTransition { remoteTransition = android.window.IRemoteTransition$Stub$Proxy@a8eae27, appThread = android.app.IApplicationThread$Stub$Proxy@fa38d4, debugName = QuickstepLaunchHome }}
02-19 09:32:53.644  4449  4467 V WindowManagerShell:  Delegate animation for (#61) to RemoteTransition { remoteTransition = android.window.IRemoteTransition$Stub$Proxy@a8eae27, appThread = android.app.IApplicationThread$Stub$Proxy@fa38d4, debugName = QuickstepLaunchHome }
02-19 09:32:53.645  1971  2198 I AiAiEcho: Predicting[0]:  [CONTEXT sampling_count=5 ]
02-19 09:32:53.645  1971  2198 I AiAiEcho: EchoTargets: 
02-19 09:32:53.645  1971  2198 I AiAiEcho: Filtered by AiAi flag check: 
02-19 09:32:53.645  1971  2198 I AiAiEcho: [CONTEXT ratelimit_period="10 SECONDS" ]
02-19 09:32:53.645  1971  2198 I AiAiEcho: #remoteViewsTwiddler: feature disabled.
02-19 09:32:53.646  1971  2198 I AiAiEcho: #postPredictionTargets: Sending updates to UISurface home with targets# 0 (types=[])
02-19 09:32:53.720  1341  1341 D SsBaseTemplateCard: No text view can be set up
02-19 09:32:53.721  1341  1341 D SsBaseTemplateCard: Passed-in item info is null
02-19 09:32:53.722  1341  1341 D SsBaseTemplateCard: Passed-in item info is null
02-19 09:32:53.722  1341  1341 D SsBaseTemplateCard: Passed-in item info is null
02-19 09:32:53.722  1341  1341 I SsBaseTemplateCard: Secondary card pane is null
02-19 09:32:53.725   752   794 V WindowManager: Sent Transition (#61) createdAt=02-19 09:32:53.436 via request=TransitionRequestInfo { type = CLOSE, triggerTask = TaskInfo{userId=0 taskId=34 effectiveUid=10217 displayId=0 isRunning=false baseIntent=Intent { act=android.intent.action.VIEW dat=intoss://takealook/... flg=0x10000000 cmp=viva.republica.toss.test/im.toss.rn.granite.core.GraniteActivity } baseActivity=null topActivity=null origActivity=null realActivity=ComponentInfo{viva.republica.toss.test/im.toss.rn.granite.core.GraniteActivity} numActivities=0 lastActiveTime=72626395 supportsMultiWindow=true resizeMode=1 isResizeable=true minWidth=-1 minHeight=-1 defaultMinSize=220 token=WCT{RemoteToken{ba3c107 Task{26a1004 #34 type=standard A=10217:viva.republica.toss.test}}} topActivityType=1 pictureInPictureParams=null shouldDockBigOverlays=false launchIntoPipHostTaskId=-1 lastParentTaskIdBeforePip=-1 displayCutoutSafeInsets=Rect(0, 0 - 0, 0) topActivityInfo=null launchCookies=[] positionInParent=Point(0, 0) parentTaskId=-1 isFocused=false isVisible=true isVisibleRequested=true isTopActivityNoDisplay=false isSleeping=false locusId=null displayAreaFeatureId=1 isTopActivityTransparent=false isActivityStackTransparent=true lastNonFullscreenBounds=Rect(284, 660 - 796, 1740) capturedLink=null capturedLinkTimestamp=0 requestedVisibleTypes=-9 topActivityRequestOpenInBrowserEducationTimestamp=0 appCompatTaskInfo=AppCompatTaskInfo { topActivityInSizeCompat=false eligibleForLetterboxEducation= false isLetterboxEducationEnabled= false isLetterboxDoubleTapEnabled= false eligibleForUserAspectRatioButton= false topActivityBoundsLetterboxed= false isFromLetterboxDoubleTap= false topActivityLetterboxVerticalPosition= -1 topActivityLetterboxHorizontalPosition= -1 topActivityLetterboxWidth=-1 topActivityLetterboxHeight=-1 topActivityAppBounds=Rect(0, 0 - 0, 0) isUserFullscreenOverrideEnabled=false isSystemFullscreenOverrideEnabled=false hasMinAspectRatioOverride=false topActivityLetterboxBounds=null cameraCompatTaskInfo=CameraCompatTaskInfo { freeformCameraCompatMode=undefined}} topActivityMainWindowFrame=null}, pipChange = null, remoteTransition = null, displayChange = null, flags = 0, debugId = 61 }
02-19 09:32:53.725   752   794 V WindowManager:     startWCT=WindowContainerTransaction { changes= {} hops= [] errorCallbackToken=null taskFragmentOrganizer=null }
02-19 09:32:53.725   752   794 V WindowManager:     info={id=61 t=CLOSE f=0x0 trk=0 r=[0@Point(0, 0)] c=[
02-19 09:32:53.725   752   794 V WindowManager:         {WCT{RemoteToken{5218fe8 Task{dd43522 #1 type=home}}} m=TO_FRONT f=SHOW_WALLPAPER|MOVE_TO_TOP leash=Surface(name=Task=1)/@0x8ddbd2e sb=Rect(0, 0 - 1080, 2400) eb=Rect(0, 0 - 1080, 2400) epz=Point(1080, 2400) d=0 taskParent=-1},
02-19 09:32:53.725   752   794 V WindowManager:         {WCT{RemoteToken{ba3c107 Task{26a1004 #34 type=standard A=10217:viva.republica.toss.test}}} m=CLOSE f=NONE leash=Surface(name=Task=34)/@0xc4d4b21 sb=Rect(0, 0 - 1080, 2400) eb=Rect(0, 0 - 1080, 2400) epz=Point(1080, 2400) d=0 taskParent=-1},
02-19 09:32:53.725   752   794 V WindowManager:         {m=TO_FRONT f=IS_WALLPAPER leash=Surface(name=WallpaperWindowToken{35e0c0f showWhenLocked=false})/@0x512f5be sb=Rect(0, 0 - 1080, 2400) eb=Rect(0, 0 - 1080, 2400) epz=Point(1080, 2400) d=0}
02-19 09:32:53.725   752   794 V WindowManager:     ]}
02-19 09:32:53.726  1341  1341 D StateManager: createAtomicAnimation - fromState: Background, toState: Normal, partial trace:
02-19 09:32:53.726  1341  1341 D StateManager: 	at com.android.quickstep.util.ScalingWorkspaceRevealAnim.<init>(go/retraceme 72a59688580715d19f0e415c69e80376c2f062d1648c80db6730905005a27c20:39)
02-19 09:32:53.726  1341  1341 D StateManager: 	at com.android.launcher3.QuickstepTransitionManager.createWallpaperOpenAnimations(go/retraceme 72a59688580715d19f0e415c69e80376c2f062d1648c80db6730905005a27c20:168)
02-19 09:32:53.726  1341  1341 D StateManager: 	at com.android.launcher3.QuickstepTransitionManager$WallpaperOpenLauncherAnimationRunner.onAnimationStart(go/retraceme 72a59688580715d19f0e415c69e80376c2f062d1648c80db6730905005a27c20:17)
02-19 09:32:53.728  1341  1341 D b/311077782: LauncherAnimationRunner.setAnimation
02-19 09:32:53.731  4449  4467 V WindowManagerShell:  animated by com.android.wm.shell.transition.RemoteTransitionHandler@ef09705
02-19 09:32:53.731  1341  1407 W HWUI    : Image decoding logging dropped!
02-19 09:32:53.752  4449  4474 W WindowOnBackDispatcher: sendCancelIfRunning: isInProgress=false callback=android.view.ViewRootImpl$$ExternalSyntheticLambda13@94eebba
02-19 09:32:53.752   752  2305 D CoreBackPreview: Window{62a0c6e u0 Splash Screen viva.republica.toss.test EXITING}: Setting back callback null
02-19 09:32:53.764   615 21625 W IPCThreadState: Sending oneway calls to frozen process.
02-19 09:32:53.839   752   989 I ImeTracker: com.google.android.apps.nexuslauncher:fe6306a: onRequestHide at ORIGIN_SERVER reason HIDE_SAME_WINDOW_FOCUSED_WITHOUT_EDITOR fromUser false
02-19 09:32:54.080   531   531 E SurfaceFlinger: Out of order buffers detected for RequestedLayerState{com.google.android.apps.nexuslauncher/com.google.android.apps.nexuslauncher.NexusLauncherActivity#578 parentId=208} producedId=21 frameNumber=36 -> producedId=21 frameNumber=2
02-19 09:32:54.085   531   531 I BpBinder: onLastStrongRef automatically unlinking death recipients: 
02-19 09:32:54.086   488   488 I RanchuHwc: logCompositionFallbackIfChanged: layer 102 CompositionType fallback from 2 to 1
02-19 09:32:54.088  1563  1563 I GoogleInputMethodService: GoogleInputMethodService.onFinishInput():2043 
02-19 09:32:54.089  1563  1563 I Module  : DeviceLockedStatusModuleProvider$Module.updateDeviceLockedStatus():100 repeatCheckTimes = 0, locked = false
02-19 09:32:54.091  1563  1563 I GoogleInputMethodService: GoogleInputMethodService.onStartInput():1293 onStartInput(EditorInfo{EditorInfo{packageName=com.google.android.apps.nexuslauncher, inputType=0, inputTypeString=NULL, enableLearning=false, autoCorrection=false, autoComplete=false, imeOptions=0, privateImeOptions=null, actionName=UNSPECIFIED, actionLabel=null, initialSelStart=-1, initialSelEnd=-1, initialCapsMode=0, label=null, fieldId=0, fieldName=null, extras=null, hintText=null, hintLocales=[]}}, false)
02-19 09:32:54.092  1563  1563 I Module  : DeviceLockedStatusModuleProvider$Module.updateDeviceLockedStatus():100 repeatCheckTimes = 1, locked = false
02-19 09:32:54.094  1563  1563 I EmojiCompatManager: EmojiCompatManager.getEmojiCompatIfLoaded():343 EmojiCompat.init() was never called.
02-19 09:32:54.094  1563  1563 I EmojiCompatManager: java.lang.IllegalStateException: EmojiCompat is not initialized. Please call EmojiCompat.init() first
02-19 09:32:54.094  1563  1563 I EmojiCompatManager: 	at asx.p(PG:6)
02-19 09:32:54.094  1563  1563 I EmojiCompatManager: 	at axb.b(PG:13)
02-19 09:32:54.094  1563  1563 I EmojiCompatManager: 	at jnr.b(PG:2)
02-19 09:32:54.094  1563  1563 I EmojiCompatManager: 	at jnr.c(PG:4)
02-19 09:32:54.094  1563  1563 I EmojiCompatManager: 	at jnr.f(PG:3)
02-19 09:32:54.094  1563  1563 I EmojiCompatManager: 	at jnx.c(PG:3)
02-19 09:32:54.094  1563  1563 I EmojiCompatManager: 	at kif.cz(PG:47)
02-19 09:32:54.094  1563  1563 I EmojiCompatManager: 	at lhl.run(PG:1025)
02-19 09:32:54.094  1563  1563 I EmojiCompatManager: 	at jaf.execute(PG:12)
02-19 09:32:54.094  1563  1563 I EmojiCompatManager: 	at nco.v(PG:13)
02-19 09:32:54.094  1563  1563 I EmojiCompatManager: 	at lhn.m(PG:96)
02-19 09:32:54.094  1563  1563 I EmojiCompatManager: 	at lhn.k(PG:25)
02-19 09:32:54.094  1563  1563 I EmojiCompatManager: 	at kgn.onStartInput(PG:250)
02-19 09:32:54.094  1563  1563 I EmojiCompatManager: 	at android.inputmethodservice.InputMethodService.doStartInput(InputMethodService.java:3521)
02-19 09:32:54.094  1563  1563 I EmojiCompatManager: 	at android.inputmethodservice.InputMethodService$InputMethodImpl.startInput(InputMethodService.java:879)
02-19 09:32:54.094  1563  1563 I EmojiCompatManager: 	at android.inputmethodservice.InputMethodService$InputMethodImpl.dispatchStartInput(InputMethodService.java:908)
02-19 09:32:54.094  1563  1563 I EmojiCompatManager: 	at android.inputmethodservice.IInputMethodWrapper.executeMessage(IInputMethodWrapper.java:201)
02-19 09:32:54.094  1563  1563 I EmojiCompatManager: 	at com.android.internal.os.HandlerCaller$MyHandler.handleMessage(HandlerCaller.java:44)
02-19 09:32:54.094  1563  1563 I EmojiCompatManager: 	at android.os.Handler.dispatchMessage(Handler.java:110)
02-19 09:32:54.094  1563  1563 I EmojiCompatManager: 	at android.os.Looper.loopOnce(Looper.java:248)
02-19 09:32:54.094  1563  1563 I EmojiCompatManager: 	at android.os.Looper.loop(Looper.java:338)
02-19 09:32:54.094  1563  1563 I EmojiCompatManager: 	at android.app.ActivityThread.main(ActivityThread.java:9067)
02-19 09:32:54.094  1563  1563 I EmojiCompatManager: 	at java.lang.reflect.Method.invoke(Native Method)
02-19 09:32:54.094  1563  1563 I EmojiCompatManager: 	at com.android.internal.os.RuntimeInit$MethodAndArgsCaller.run(RuntimeInit.java:593)
02-19 09:32:54.094  1563  1563 I EmojiCompatManager: 	at com.android.internal.os.ZygoteInit.main(ZygoteInit.java:932)
02-19 09:32:54.095   752  2305 W PackageConfigPersister: App-specific configuration not found for packageName: com.google.android.apps.nexuslauncher and userId: 0
02-19 09:32:54.259  1341  1341 D InsetsController: hide(ime(), fromIme=false)
02-19 09:32:54.259  1341  1341 I ImeTracker: com.google.android.apps.nexuslauncher:fe6306a: onCancelled at PHASE_CLIENT_ALREADY_HIDDEN
02-19 09:32:54.262   531   531 E SurfaceFlinger: Out of order buffers detected for RequestedLayerState{com.google.android.apps.nexuslauncher/com.google.android.apps.nexuslauncher.NexusLauncherActivity#578 parentId=208} producedId=21 frameNumber=36 -> producedId=21 frameNumber=3
02-19 09:32:54.313   531   531 E SurfaceFlinger: Out of order buffers detected for RequestedLayerState{com.google.android.apps.nexuslauncher/com.google.android.apps.nexuslauncher.NexusLauncherActivity#578 parentId=208} producedId=21 frameNumber=36 -> producedId=21 frameNumber=4
02-19 09:32:54.443   531   531 E SurfaceFlinger: Out of order buffers detected for RequestedLayerState{com.google.android.apps.nexuslauncher/com.google.android.apps.nexuslauncher.NexusLauncherActivity#578 parentId=208} producedId=21 frameNumber=36 -> producedId=21 frameNumber=5
02-19 09:32:54.465   531   531 E SurfaceFlinger: Out of order buffers detected for RequestedLayerState{com.google.android.apps.nexuslauncher/com.google.android.apps.nexuslauncher.NexusLauncherActivity#578 parentId=208} producedId=21 frameNumber=36 -> producedId=21 frameNumber=6
02-19 09:32:54.556   531   531 E SurfaceFlinger: Out of order buffers detected for RequestedLayerState{com.google.android.apps.nexuslauncher/com.google.android.apps.nexuslauncher.NexusLauncherActivity#578 parentId=208} producedId=21 frameNumber=36 -> producedId=21 frameNumber=7
02-19 09:32:54.618   531   531 E SurfaceFlinger: Out of order buffers detected for RequestedLayerState{com.google.android.apps.nexuslauncher/com.google.android.apps.nexuslauncher.NexusLauncherActivity#578 parentId=208} producedId=21 frameNumber=36 -> producedId=21 frameNumber=8
02-19 09:32:54.696   531   531 E SurfaceFlinger: Out of order buffers detected for RequestedLayerState{com.google.android.apps.nexuslauncher/com.google.android.apps.nexuslauncher.NexusLauncherActivity#578 parentId=208} producedId=21 frameNumber=36 -> producedId=21 frameNumber=9
02-19 09:32:54.745   531   531 E SurfaceFlinger: Out of order buffers detected for RequestedLayerState{com.google.android.apps.nexuslauncher/com.google.android.apps.nexuslauncher.NexusLauncherActivity#578 parentId=208} producedId=21 frameNumber=36 -> producedId=21 frameNumber=10
02-19 09:32:54.747  1341  1341 D ScalingWorkspaceRevealAnim: alpha of workspace at the end of animation: 1.0
02-19 09:32:54.749  4449  4467 V WindowManagerShell: Transition animation finished (aborted=false), notifying core (#61) android.os.BinderProxy@897560d@0
02-19 09:32:54.754   752   794 V WindowManager: Finish Transition (#61): created at 02-19 09:32:53.436 collect-started=0.181ms request-sent=0.393ms started=13.671ms ready=193.107ms sent=200.804ms commit=79.232ms finished=1315.367ms
02-19 09:32:54.771  4449  4467 V WindowManagerShell: Track 0 became idle
02-19 09:32:54.771  4449  4467 V WindowManagerShell: All active transition animations finished
02-19 09:32:54.777   531   531 E SurfaceFlinger: Out of order buffers detected for RequestedLayerState{com.google.android.apps.nexuslauncher/com.google.android.apps.nexuslauncher.NexusLauncherActivity#578 parentId=208} producedId=21 frameNumber=36 -> producedId=21 frameNumber=11
02-19 09:32:54.787  1341  1341 D RecentsView: onTaskRemoved: 34, not handling task stack changes
02-19 09:32:54.788  1341  1341 D RecentsView: onTaskRemoved: 34, not handling task stack changes
02-19 09:32:54.855   531   531 E SurfaceFlinger: Out of order buffers detected for RequestedLayerState{com.google.android.apps.nexuslauncher/com.google.android.apps.nexuslauncher.NexusLauncherActivity#578 parentId=208} producedId=21 frameNumber=36 -> producedId=21 frameNumber=12
02-19 09:32:54.857   752  2468 W HWUI    : Failed to choose config with EGL_SWAP_BEHAVIOR_PRESERVED, retrying without...
02-19 09:32:54.857   752  2468 W HWUI    : Failed to initialize 101010-2 format, error = EGL_SUCCESS
02-19 09:32:55.068   531   531 E SurfaceFlinger: Out of order buffers detected for RequestedLayerState{com.google.android.apps.nexuslauncher/com.google.android.apps.nexuslauncher.NexusLauncherActivity#578 parentId=208} producedId=21 frameNumber=36 -> producedId=21 frameNumber=13
02-19 09:32:58.935   531   568 W EventThread: Faking VSYNC due to driver stall for thread app
02-19 09:32:58.935   531   531 E SurfaceFlinger: Out of order buffers detected for RequestedLayerState{com.google.android.apps.nexuslauncher/com.google.android.apps.nexuslauncher.NexusLauncherActivity#578 parentId=208} producedId=21 frameNumber=36 -> producedId=21 frameNumber=14
02-19 09:32:58.940  1782  2426 I bbax    : (REDACTED) getHotwordActive::active query: %s, watch: %s, devices connected: %s
02-19 09:32:58.956   752   752 W Looper  : Slow delivery took 1428ms main app=system_server main=true group=FOREGROUND h=android.app.ActivityThread$H c=com.android.server.powerstats.TimerTrigger$PeriodicTimer@3cf8487 m=0
02-19 09:32:58.959   531   531 E SurfaceFlinger: Out of order buffers detected for RequestedLayerState{com.google.android.apps.nexuslauncher/com.google.android.apps.nexuslauncher.NexusLauncherActivity#578 parentId=208} producedId=21 frameNumber=36 -> producedId=21 frameNumber=15
02-19 09:32:58.971  1341  1341 I Choreographer: Skipped 229 frames!  The application may be doing too much work on its main thread.
02-19 09:32:58.972  1341  1508 I HWUI    : Davey! duration=4116ms; Flags=0, FrameTimelineVsyncId=947333, IntendedVsync=72648639367578, Vsync=72648906034234, InputEventId=0, HandleInputStart=72648923102396, AnimationStart=72648923103720, PerformTraversalsStart=72648923904976, DrawStart=72648923973770, FrameDeadline=72649006034230, FrameStartTime=72648921046849, FrameInterval=16666666, WorkloadTarget=16666666, SyncQueued=72648924884673, SyncStart=72648980180681, IssueDrawCommandsStart=72648980350097, SwapBuffers=72648982490188, FrameCompleted=72652811327955, DequeueBufferDuration=3826356768, QueueBufferDuration=779336, GpuCompleted=72652805973468, SwapBuffersCompleted=72652811327955, DisplayPresentTime=0, CommandSubmissionCompleted=72648982490188, 
02-19 09:32:58.974   752  1029 D InetDiagMessage: Destroyed 0 sockets, proto=IPPROTO_TCP, family=AF_INET, states=14
02-19 09:32:58.983   752  1029 D InetDiagMessage: Destroyed 0 sockets, proto=IPPROTO_TCP, family=AF_INET6, states=14
02-19 09:32:58.983   752  1029 D InetDiagMessage: Destroyed live tcp sockets for uids={10205} in 10ms
02-19 09:32:58.984   752  1029 D InetDiagMessage: Destroyed 0 sockets, proto=IPPROTO_TCP, family=AF_INET, states=14
02-19 09:32:58.988   752  1029 D InetDiagMessage: Destroyed 0 sockets, proto=IPPROTO_TCP, family=AF_INET6, states=14
02-19 09:32:58.988   752  1029 D InetDiagMessage: Destroyed live tcp sockets for uids={20205} in 5ms
02-19 09:32:58.992   752  1856 E TaskPersister: File error accessing recents directory (directory doesn't exist?).
02-19 09:32:59.049   531   531 E SurfaceFlinger: Out of order buffers detected for RequestedLayerState{com.google.android.apps.nexuslauncher/com.google.android.apps.nexuslauncher.NexusLauncherActivity#578 parentId=208} producedId=21 frameNumber=36 -> producedId=21 frameNumber=16
02-19 09:32:59.084 22394 22394 W dumpsys : Thread Pool max thread count is 0. Cannot cache binder as linkToDeath cannot be implemented. serviceName: window
02-19 09:32:59.910 22399 22399 W screencap: Thread Pool max thread count is 0. Cannot cache binder as linkToDeath cannot be implemented. serviceName: SurfaceFlingerAIDL
02-19 09:32:59.911 22399 22399 W BpBinder: Linking to death on android.gui.ISurfaceComposer but there are no threads (yet?) listening to incoming transactions. See ProcessState::startThreadPool and ProcessState::setThreadPoolMaxThreadCount. Generally you should setup the binder threadpool before other initialization steps.
02-19 09:32:59.911 22399 22399 W ProcessState: Extra binder thread started, but 0 threads requested. Do not use *startThreadPool when zero threads are requested.
02-19 09:32:59.914   531   603 E HwcComposer: getLuts failed Status(-8, EX_SERVICE_SPECIFIC): '8: '
02-19 09:32:59.914   531   603 E HWComposer: getLuts: getLuts failed for display 4619827259835644672: UNSUPPORTED (8)
02-19 09:33:00.063   752   752 W Looper  : Drained
02-19 09:33:01.889   752  2305 D CoreBackPreview: Window{5e21e9 u0 NotificationShade}: Setting back callback OnBackInvokedCallbackInfo{mCallback=android.window.IOnBackInvokedCallback$Stub$Proxy@56f9675, mPriority=0, mIsAnimationCallback=false, mOverrideBehavior=0}
02-19 09:33:01.890   615 21625 W IPCThreadState: Sending oneway calls to frozen process.
02-19 09:33:03.526   531   568 W EventThread: Faking VSYNC due to driver stall for thread app
02-19 09:33:03.528   752   969 D ActivityManager: freezing 14715 com.google.android.gms
02-19 09:33:03.666   752   969 D ActivityManager: freezing 4656 com.google.android.adservices.api
02-19 09:33:03.669  4449  4449 D DeviceEntryIconViewBinder: Initializing device entry fgIconView
02-19 09:33:03.673   752  1029 D InetDiagMessage: Destroyed 0 sockets, proto=IPPROTO_TCP, family=AF_INET, states=14
02-19 09:33:03.677   752  1029 D InetDiagMessage: Destroyed 0 sockets, proto=IPPROTO_TCP, family=AF_INET6, states=14
02-19 09:33:03.677   752  1029 D InetDiagMessage: Destroyed live tcp sockets for uids={10205} in 7ms
02-19 09:33:03.698   752   933 D BiometricService: canAuthenticate: User=0, Caller=0, Authenticators=255
02-19 09:33:03.700   752   933 D BiometricService/PreAuthInfo: Package: com.android.systemui Sensor ID: 0 Modality: 2 User id: 0 Status: 7
02-19 09:33:03.700   752   933 D BiometricService/PreAuthInfo: getCanAuthenticateInternal Modality: 2 AuthenticatorStatus: 7
02-19 09:33:03.700   752   933 D AuthService: canAuthenticate, userId: 0, callingUserId: 0, authenticators: 255, result: 11
02-19 09:33:03.706  4449  4532 D RingtonePlayer: stopAsync()
02-19 09:33:03.706  4449  4532 D RingtonePlayer: stop
02-19 09:33:03.777   752   933 D SystemServerTiming: getUserSwitchability-0
02-19 09:33:03.777   752  2363 D SystemServerTiming: getUserSwitchability-0
02-19 09:33:03.777   752  2363 D SystemServerTiming: TM.isInCall
02-19 09:33:03.779   752  2363 D SystemServerTiming: hasUserRestriction-DISALLOW_USER_SWITCH
02-19 09:33:03.779   752  2363 D SystemServerTiming: getInt-ALLOW_USER_SWITCHING_WHEN_SYSTEM_USER_LOCKED
02-19 09:33:03.779   752  2363 D SystemServerTiming: isUserUnlocked-USER_SYSTEM
02-19 09:33:03.784   752   933 D SystemServerTiming: TM.isInCall
02-19 09:33:03.786   752   933 D SystemServerTiming: hasUserRestriction-DISALLOW_USER_SWITCH
02-19 09:33:03.786   752   933 D SystemServerTiming: getInt-ALLOW_USER_SWITCHING_WHEN_SYSTEM_USER_LOCKED
02-19 09:33:03.786   752   933 D SystemServerTiming: isUserUnlocked-USER_SYSTEM
02-19 09:33:03.811   531   531 E SurfaceFlinger: Out of order buffers detected for RequestedLayerState{com.google.android.apps.nexuslauncher/com.google.android.apps.nexuslauncher.NexusLauncherActivity#578 parentId=208} producedId=21 frameNumber=36 -> producedId=21 frameNumber=17
02-19 09:33:03.812   531   531 I BpBinder: onLastStrongRef automatically unlinking death recipients: 
02-19 09:33:03.825  4449  4479 D StatusBar##isHomeStatusBarAllowed: newValue: false
02-19 09:33:03.847   531   531 E SurfaceFlinger: Out of order buffers detected for RequestedLayerState{com.google.android.apps.nexuslauncher/com.google.android.apps.nexuslauncher.NexusLauncherActivity#578 parentId=208} producedId=21 frameNumber=36 -> producedId=21 frameNumber=18
02-19 09:33:03.883   531   531 E SurfaceFlinger: Out of order buffers detected for RequestedLayerState{com.google.android.apps.nexuslauncher/com.google.android.apps.nexuslauncher.NexusLauncherActivity#578 parentId=208} producedId=21 frameNumber=36 -> producedId=21 frameNumber=19
02-19 09:33:03.913   531   531 E SurfaceFlinger: Out of order buffers detected for RequestedLayerState{com.google.android.apps.nexuslauncher/com.google.android.apps.nexuslauncher.NexusLauncherActivity#578 parentId=208} producedId=21 frameNumber=36 -> producedId=21 frameNumber=20
02-19 09:33:03.949   531   531 E SurfaceFlinger: Out of order buffers detected for RequestedLayerState{com.google.android.apps.nexuslauncher/com.google.android.apps.nexuslauncher.NexusLauncherActivity#578 parentId=208} producedId=21 frameNumber=36 -> producedId=21 frameNumber=21
02-19 09:33:03.988  4449  4449 D DLObserver: add listener: com.android.systemui.dock.DockManagerExtensionsKt$retrieveIsDocked$1$callback$1@934691e
02-19 09:33:03.989  4449  4449 D DLObserver: add listener: com.android.systemui.dock.DockManagerExtensionsKt$retrieveIsDocked$1$callback$1@e8c15ff
02-19 09:33:04.064   531   531 E SurfaceFlinger: Out of order buffers detected for RequestedLayerState{com.google.android.apps.nexuslauncher/com.google.android.apps.nexuslauncher.NexusLauncherActivity#578 parentId=208} producedId=21 frameNumber=36 -> producedId=21 frameNumber=22
02-19 09:33:04.452  4449  4449 D DLObserver: add listener: com.android.systemui.dock.DockManagerExtensionsKt$retrieveIsDocked$1$callback$1@2c9decd
02-19 09:33:04.453  4449  4449 D BiometricsRepositoryImpl: currentUser authFlags changed, new value: AuthenticationFlags(userId=0, flag=0)
02-19 09:33:04.453  4449  4449 D DLObserver: onDockEvent mDockState = 0
02-19 09:33:04.454  4449  4449 D BiometricsRepositoryImpl: currentUser authFlags changed, new value: AuthenticationFlags(userId=0, flag=0)
02-19 09:33:04.454  4449  4449 D DLObserver: onDockEvent mDockState = 0
02-19 09:33:04.455  4449  4449 D DLObserver: add listener: com.android.systemui.dock.DockManagerExtensionsKt$retrieveIsDocked$1$callback$1@1648382
02-19 09:33:04.459  4449  4449 D DLObserver: add listener: com.android.systemui.dock.DockManagerExtensionsKt$retrieveIsDocked$1$callback$1@f4c33fc
02-19 09:33:04.460  4449  4449 D DLObserver: add listener: com.android.systemui.dock.DockManagerExtensionsKt$retrieveIsDocked$1$callback$1@c311a85
02-19 09:33:04.461  4449  4449 D BiometricsRepositoryImpl: currentUser authFlags changed, new value: AuthenticationFlags(userId=0, flag=0)
02-19 09:33:04.461  4449  4449 D DLObserver: onDockEvent mDockState = 0
02-19 09:33:04.464  4449  4449 D BiometricsRepositoryImpl: currentUser authFlags changed, new value: AuthenticationFlags(userId=0, flag=0)
02-19 09:33:04.465  4449  4449 D DLObserver: onDockEvent mDockState = 0
02-19 09:33:04.466  4449  4449 D BiometricsRepositoryImpl: currentUser authFlags changed, new value: AuthenticationFlags(userId=0, flag=0)
02-19 09:33:04.470  4449  4449 D BiometricsRepositoryImpl: currentUser authFlags changed, new value: AuthenticationFlags(userId=0, flag=0)
02-19 09:33:04.476  4449  4449 D DeviceEntryIconViewBinder: Updating device entry icon image state ForegroundIconViewModel(type=UNLOCK, useAodVariant=false, tint=-2432257, padding=48)
02-19 09:33:04.478  4449  4478 D ControlsListingControllerImpl: Subscribing callback, service count: 0
02-19 09:33:04.483  4449  4478 D ControlsListingControllerImpl: Subscribing callback, service count: 0
02-19 09:33:04.487  4449  4478 D ControlsListingControllerImpl: Subscribing callback, service count: 0
02-19 09:33:04.487  4449  4478 E QuickAccessWalletKeyguardQuickAffordanceConfig: Wallet card retrieval error, message: "null"
02-19 09:33:04.487  4449  4478 E QuickAccessWalletKeyguardQuickAffordanceConfig: Wallet card retrieval error, message: "null"
02-19 09:33:04.487  4449  4478 E QuickAccessWalletKeyguardQuickAffordanceConfig: Wallet card retrieval error, message: "null"
02-19 09:33:04.510  4449  4449 D DLObserver: onDockEvent mDockState = 0
02-19 09:33:04.510  4449  4449 D DLObserver: onDockEvent mDockState = 0
02-19 09:33:04.536  1341  2099 D SharedPreferencesImpl: Time required to fsync /data/user/0/com.google.android.apps.nexuslauncher/shared_prefs/com.android.launcher3.prefs.xml: [<1: 0, <2: 0, <4: 0, <8: 8, <16: 6, <32: 5, <64: 7, <128: 1, <256: 1, <512: 2, <1024: 0, <2048: 0, <4096: 0, <8192: 0, <16384: 0, >=16384: 0]
02-19 09:33:04.877 22408 22408 W screencap: Thread Pool max thread count is 0. Cannot cache binder as linkToDeath cannot be implemented. serviceName: SurfaceFlingerAIDL
02-19 09:33:04.878 22408 22408 W BpBinder: Linking to death on android.gui.ISurfaceComposer but there are no threads (yet?) listening to incoming transactions. See ProcessState::startThreadPool and ProcessState::setThreadPoolMaxThreadCount. Generally you should setup the binder threadpool before other initialization steps.
02-19 09:33:04.881 22408 22408 W ProcessState: Extra binder thread started, but 0 threads requested. Do not use *startThreadPool when zero threads are requested.
02-19 09:33:04.888   531   602 E HwcComposer: getLuts failed Status(-8, EX_SERVICE_SPECIFIC): '8: '
02-19 09:33:04.888   531   602 E HWComposer: getLuts: getLuts failed for display 4619827259835644672: UNSUPPORTED (8)
02-19 09:33:08.176   531   568 W EventThread: Faking VSYNC due to driver stall for thread app
02-19 09:33:08.309   752   989 I ImeTracker: com.google.android.apps.nexuslauncher:b47300c5: onRequestHide at ORIGIN_SERVER reason HIDE_SAME_WINDOW_FOCUSED_WITHOUT_EDITOR fromUser false
02-19 09:33:08.315  1563  1563 I GoogleInputMethodService: GoogleInputMethodService.onFinishInput():2043 
02-19 09:33:08.319  1563  1563 I Module  : DeviceLockedStatusModuleProvider$Module.updateDeviceLockedStatus():100 repeatCheckTimes = 0, locked = false
02-19 09:33:08.322  1563  1563 I GoogleInputMethodService: GoogleInputMethodService.onStartInput():1293 onStartInput(EditorInfo{EditorInfo{packageName=com.google.android.apps.nexuslauncher, inputType=0, inputTypeString=NULL, enableLearning=false, autoCorrection=false, autoComplete=false, imeOptions=0, privateImeOptions=null, actionName=UNSPECIFIED, actionLabel=null, initialSelStart=-1, initialSelEnd=-1, initialCapsMode=0, label=null, fieldId=0, fieldName=null, extras=null, hintText=null, hintLocales=[]}}, false)
02-19 09:33:08.325  1563  1563 I Module  : DeviceLockedStatusModuleProvider$Module.updateDeviceLockedStatus():100 repeatCheckTimes = 1, locked = false
02-19 09:33:08.326  1563  1563 I EmojiCompatManager: EmojiCompatManager.getEmojiCompatIfLoaded():343 EmojiCompat.init() was never called.
02-19 09:33:08.326  1563  1563 I EmojiCompatManager: java.lang.IllegalStateException: EmojiCompat is not initialized. Please call EmojiCompat.init() first
02-19 09:33:08.326  1563  1563 I EmojiCompatManager: 	at asx.p(PG:6)
02-19 09:33:08.326  1563  1563 I EmojiCompatManager: 	at axb.b(PG:13)
02-19 09:33:08.326  1563  1563 I EmojiCompatManager: 	at jnr.b(PG:2)
02-19 09:33:08.326  1563  1563 I EmojiCompatManager: 	at jnr.c(PG:4)
02-19 09:33:08.326  1563  1563 I EmojiCompatManager: 	at jnr.f(PG:3)
02-19 09:33:08.326  1563  1563 I EmojiCompatManager: 	at jnx.c(PG:3)
02-19 09:33:08.326  1563  1563 I EmojiCompatManager: 	at kif.cz(PG:47)
02-19 09:33:08.326  1563  1563 I EmojiCompatManager: 	at lhl.run(PG:1025)
02-19 09:33:08.326  1563  1563 I EmojiCompatManager: 	at jaf.execute(PG:12)
02-19 09:33:08.326  1563  1563 I EmojiCompatManager: 	at nco.v(PG:13)
02-19 09:33:08.326  1563  1563 I EmojiCompatManager: 	at lhn.m(PG:96)
02-19 09:33:08.326  1563  1563 I EmojiCompatManager: 	at lhn.k(PG:25)
02-19 09:33:08.326  1563  1563 I EmojiCompatManager: 	at kgn.onStartInput(PG:250)
02-19 09:33:08.326  1563  1563 I EmojiCompatManager: 	at android.inputmethodservice.InputMethodService.doStartInput(InputMethodService.java:3521)
02-19 09:33:08.326  1563  1563 I EmojiCompatManager: 	at android.inputmethodservice.InputMethodService$InputMethodImpl.startInput(InputMethodService.java:879)
02-19 09:33:08.326  1563  1563 I EmojiCompatManager: 	at android.inputmethodservice.InputMethodService$InputMethodImpl.dispatchStartInput(InputMethodService.java:908)
02-19 09:33:08.326  1563  1563 I EmojiCompatManager: 	at android.inputmethodservice.IInputMethodWrapper.executeMessage(IInputMethodWrapper.java:201)
02-19 09:33:08.326  1563  1563 I EmojiCompatManager: 	at com.android.internal.os.HandlerCaller$MyHandler.handleMessage(HandlerCaller.java:44)
02-19 09:33:08.326  1563  1563 I EmojiCompatManager: 	at android.os.Handler.dispatchMessage(Handler.java:110)
02-19 09:33:08.326  1563  1563 I EmojiCompatManager: 	at android.os.Looper.loopOnce(Looper.java:248)
02-19 09:33:08.326  1563  1563 I EmojiCompatManager: 	at android.os.Looper.loop(Looper.java:338)
02-19 09:33:08.326  1563  1563 I EmojiCompatManager: 	at android.app.ActivityThread.main(ActivityThread.java:9067)
02-19 09:33:08.326  1563  1563 I EmojiCompatManager: 	at java.lang.reflect.Method.invoke(Native Method)
02-19 09:33:08.326  1563  1563 I EmojiCompatManager: 	at com.android.internal.os.RuntimeInit$MethodAndArgsCaller.run(RuntimeInit.java:593)
02-19 09:33:08.326  1563  1563 I EmojiCompatManager: 	at com.android.internal.os.ZygoteInit.main(ZygoteInit.java:932)
02-19 09:33:08.328   752  2305 W PackageConfigPersister: App-specific configuration not found for packageName: com.google.android.apps.nexuslauncher and userId: 0
02-19 09:33:08.338   531   531 E SurfaceFlinger: Out of order buffers detected for RequestedLayerState{com.google.android.apps.nexuslauncher/com.google.android.apps.nexuslauncher.NexusLauncherActivity#578 parentId=208} producedId=21 frameNumber=36 -> producedId=21 frameNumber=23
02-19 09:33:08.366  1341  1341 D InsetsController: hide(ime(), fromIme=false)
02-19 09:33:08.366  1341  1341 I ImeTracker: com.google.android.apps.nexuslauncher:b47300c5: onCancelled at PHASE_CLIENT_ALREADY_HIDDEN
02-19 09:33:08.375   531   531 E SurfaceFlinger: Out of order buffers detected for RequestedLayerState{com.google.android.apps.nexuslauncher/com.google.android.apps.nexuslauncher.NexusLauncherActivity#578 parentId=208} producedId=21 frameNumber=36 -> producedId=21 frameNumber=24
02-19 09:33:08.390   531   531 E SurfaceFlinger: Out of order buffers detected for RequestedLayerState{com.google.android.apps.nexuslauncher/com.google.android.apps.nexuslauncher.NexusLauncherActivity#578 parentId=208} producedId=21 frameNumber=36 -> producedId=21 frameNumber=25
02-19 09:33:08.415   531   531 E SurfaceFlinger: Out of order buffers detected for RequestedLayerState{com.google.android.apps.nexuslauncher/com.google.android.apps.nexuslauncher.NexusLauncherActivity#578 parentId=208} producedId=21 frameNumber=36 -> producedId=21 frameNumber=26
02-19 09:33:08.430   531   531 E SurfaceFlinger: Out of order buffers detected for RequestedLayerState{com.google.android.apps.nexuslauncher/com.google.android.apps.nexuslauncher.NexusLauncherActivity#578 parentId=208} producedId=21 frameNumber=36 -> producedId=21 frameNumber=27
02-19 09:33:08.462   531   531 E SurfaceFlinger: Out of order buffers detected for RequestedLayerState{com.google.android.apps.nexuslauncher/com.google.android.apps.nexuslauncher.NexusLauncherActivity#578 parentId=208} producedId=21 frameNumber=36 -> producedId=21 frameNumber=28
02-19 09:33:08.663   531   531 I BpBinder: onLastStrongRef automatically unlinking death recipients: 
02-19 09:33:08.698  4449  4479 D StatusBar##isHomeStatusBarAllowed: newValue: true
02-19 09:33:08.748 22417 22417 W screencap: Thread Pool max thread count is 0. Cannot cache binder as linkToDeath cannot be implemented. serviceName: SurfaceFlingerAIDL
02-19 09:33:08.749 22417 22417 W BpBinder: Linking to death on android.gui.ISurfaceComposer but there are no threads (yet?) listening to incoming transactions. See ProcessState::startThreadPool and ProcessState::setThreadPoolMaxThreadCount. Generally you should setup the binder threadpool before other initialization steps.
02-19 09:33:08.750 22417 22417 W ProcessState: Extra binder thread started, but 0 threads requested. Do not use *startThreadPool when zero threads are requested.
02-19 09:33:08.757   531   602 E HwcComposer: getLuts failed Status(-8, EX_SERVICE_SPECIFIC): '8: '
02-19 09:33:08.757   531   602 E HWComposer: getLuts: getLuts failed for display 4619827259835644672: UNSUPPORTED (8)
02-19 09:33:08.791  4449  4449 W WindowOnBackDispatcher: sendCancelIfRunning: isInProgress=false callback=com.android.systemui.back.domain.interactor.BackActionInteractor$callback$2@2d10a83
02-19 09:33:08.800   752  2305 D CoreBackPreview: Window{5e21e9 u0 NotificationShade}: Setting back callback null
02-19 09:33:08.807   615 21625 W IPCThreadState: Sending oneway calls to frozen process.
02-19 09:33:08.887  4449  4478 D ControlsListingControllerImpl: Unsubscribing callback
02-19 09:33:08.889  4449  4449 D DLObserver: remove listener: com.android.systemui.dock.DockManagerExtensionsKt$retrieveIsDocked$1$callback$1@c311a85
02-19 09:33:08.891  4449  4449 D DLObserver: remove listener: com.android.systemui.dock.DockManagerExtensionsKt$retrieveIsDocked$1$callback$1@f4c33fc
02-19 09:33:08.893  4449  4478 D ControlsListingControllerImpl: Unsubscribing callback
02-19 09:33:08.899  4449  4449 D DLObserver: remove listener: com.android.systemui.dock.DockManagerExtensionsKt$retrieveIsDocked$1$callback$1@934691e
02-19 09:33:08.906  4449  4478 D ControlsListingControllerImpl: Unsubscribing callback
02-19 09:33:08.909  4449  4449 D DLObserver: remove listener: com.android.systemui.dock.DockManagerExtensionsKt$retrieveIsDocked$1$callback$1@2c9decd
02-19 09:33:08.916  4449  4449 D DLObserver: remove listener: com.android.systemui.dock.DockManagerExtensionsKt$retrieveIsDocked$1$callback$1@e8c15ff
02-19 09:33:08.927  4449  4449 D DLObserver: remove listener: com.android.systemui.dock.DockManagerExtensionsKt$retrieveIsDocked$1$callback$1@1648382
02-19 09:33:10.874 22420 22420 W dumpsys : Thread Pool max thread count is 0. Cannot cache binder as linkToDeath cannot be implemented. serviceName: window
