--------- beginning of main
02-19 22:46:35.708   752   797 W IPCThreadState: Sending oneway calls to frozen process.
02-19 22:46:35.709   752   797 W IPCThreadState: Sending oneway calls to frozen process.
02-19 22:46:35.709   752   797 W IPCThreadState: Sending oneway calls to frozen process.
02-19 22:46:35.711   752   797 W IPCThreadState: Sending oneway calls to frozen process.
02-19 22:46:35.715   752   797 W IPCThreadState: Sending oneway calls to frozen process.
02-19 22:46:35.720   752   797 W IPCThreadState: Sending oneway calls to frozen process.
02-19 22:46:35.720 19166 19190 D QuickstepModelDelegate: notifyAppTargetEvent action=1 launchLocation=workspace/0/[-1,-1]/[1,1]
--------- beginning of system
02-19 22:46:35.720   752   797 W ProcessStats: Tracking association SourceState{1b917ca system/1000 BFgs #29757} whose proc state 4 is better than process ProcessState{42c4ef0 com.google.android.ext.services/10208 pkg=com.google.android.ext.services} proc state 14 (9 skipped)
02-19 22:46:35.732   752  1095 D BackgroundInstallControlService: Package event received: 0
02-19 22:46:35.736   752  1095 D BackgroundInstallControlService: Package event received: 0
02-19 22:46:35.736   752   969 D ActivityManager: freezing 4656 com.google.android.adservices.api
02-19 22:46:35.742   458   458 I Zygote  : Process 11954 exited due to signal 9 (Killed)
02-19 22:46:35.748  1971  2198 I AiAiEcho: Predicting[0]:  [CONTEXT sampling_count=5 ]
02-19 22:46:35.749  1971  2198 I AiAiEcho: EchoTargets: 
02-19 22:46:35.749  1971  2198 I AiAiEcho: Filtered by AiAi flag check: 
02-19 22:46:35.749  1971  2198 I AiAiEcho: [CONTEXT ratelimit_period="10 SECONDS" ]
02-19 22:46:35.750   752   969 D ActivityManager: freezing 3453 com.google.android.gms
02-19 22:46:35.750  1971  2198 I AiAiEcho: #remoteViewsTwiddler: feature disabled.
02-19 22:46:35.756   752   969 D ActivityManager: freezing 19829 com.android.vending
02-19 22:46:35.766  1971  2198 I AiAiEcho: #postPredictionTargets: Sending updates to UISurface home with targets# 0 (types=[])
02-19 22:46:35.768 19166 19166 D SsBaseTemplateCard: No text view can be set up
02-19 22:46:35.768 19166 19166 D SsBaseTemplateCard: Passed-in item info is null
02-19 22:46:35.768 19166 19166 D SsBaseTemplateCard: Passed-in item info is null
02-19 22:46:35.768 19166 19166 D SsBaseTemplateCard: Passed-in item info is null
02-19 22:46:35.768 19166 19166 I SsBaseTemplateCard: Secondary card pane is null
02-19 22:46:35.778   752  1029 D InetDiagMessage: Destroyed 0 sockets, proto=IPPROTO_TCP, family=AF_INET, states=14
02-19 22:46:35.779   752  1029 D InetDiagMessage: Destroyed 0 sockets, proto=IPPROTO_TCP, family=AF_INET6, states=14
02-19 22:46:35.779   752  1029 D InetDiagMessage: Destroyed live tcp sockets for uids={10205} in 2ms
02-19 22:46:36.223   752  1029 D InetDiagMessage: Destroyed 0 sockets, proto=IPPROTO_TCP, family=AF_INET, states=14
02-19 22:46:36.225   752  1029 D InetDiagMessage: Destroyed 0 sockets, proto=IPPROTO_TCP, family=AF_INET6, states=14
02-19 22:46:36.225   752  1029 D InetDiagMessage: Destroyed live tcp sockets for uids={10146} in 3ms
02-19 22:46:38.143   531   568 W EventThread: Faking VSYNC due to driver stall for thread app
02-19 22:46:38.197 11964 11964 W dumpsys : Thread Pool max thread count is 0. Cannot cache binder as linkToDeath cannot be implemented. serviceName: window
02-19 22:46:38.472 20022 20022 I StylusModule: StylusModule.onUpdateToolType():801 Update tool type = 0
02-19 22:46:39.361   752  1856 E TaskPersister: File error accessing recents directory (directory doesn't exist?).
02-19 22:46:39.363  1336  1556 D SatelliteController: iisInCarrierRoamingNbIotNtn: satellite is disabled
02-19 22:46:39.942 19166 19175 D OverviewCommandHelper: command added: CommandInfo(type=TOGGLE, status=IDLE, createTime=120273789, animationCallbacks=null, displayId=0, isLastOfBatch=true)
02-19 22:46:39.942 19166 19175 D OverviewCommandHelper: execute: CommandInfo(type=TOGGLE, status=IDLE, createTime=120273789, animationCallbacks=null, displayId=0, isLastOfBatch=true) - queue size: 1
02-19 22:46:39.943 19166 19166 D OverviewCommandHelper: executing command: CommandInfo(type=TOGGLE, status=PROCESSING, createTime=120273789, animationCallbacks=null, displayId=0, isLastOfBatch=true)
02-19 22:46:39.943 19166 19166 D OverviewCommandHelper: executeCommand: CommandInfo(type=TOGGLE, status=PROCESSING, createTime=120273789, animationCallbacks=null, displayId=0, isLastOfBatch=true) - visibleRecentsView: null
02-19 22:46:39.943 19166 19166 D OverviewCommandHelper: Querying TaskbarManager for TaskbarUIController for display: 0
02-19 22:46:39.943 19166 19166 D OverviewCommandHelper: TaskbarUIController for display 0 was found
02-19 22:46:39.943 19166 19166 D TFOManager: playPanelCloseAnimation() duration=150 traceTag=LauncherOverlay-hide isHomeButtonTap=true
02-19 22:46:39.944 19166 19166 D TFOManager: Skipped creating panel close animation because -1 is invisible.
02-19 22:46:39.944 19166 19166 D StateManager: goToState - fromState: Normal, toState: Overview, partial trace:
02-19 22:46:39.944 19166 19166 D StateManager: 	at com.android.quickstep.LauncherActivityInterface.switchToRecentsIfVisible(go/retraceme 72a59688580715d19f0e415c69e80376c2f062d1648c80db6730905005a27c20:39)
02-19 22:46:39.944 19166 19166 D StateManager: 	at com.android.quickstep.OverviewCommandHelper.executeWhenRecentsIsNotVisible(go/retraceme 72a59688580715d19f0e415c69e80376c2f062d1648c80db6730905005a27c20:292)
02-19 22:46:39.944 19166 19166 D StateManager: 	at com.android.quickstep.OverviewCommandHelper.executeCommand(go/retraceme 72a59688580715d19f0e415c69e80376c2f062d1648c80db6730905005a27c20:49)
02-19 22:46:39.946 19166 19166 D OverviewCommandHelper: switching to Overview state - waiting: CommandInfo(type=TOGGLE, status=PROCESSING, createTime=120273789, animationCallbacks=null, displayId=0, isLastOfBatch=true)
02-19 22:46:39.946 19166 19166 D OverviewCommandHelper: command executed: CommandInfo(type=TOGGLE, status=PROCESSING, createTime=120273789, animationCallbacks=null, displayId=0, isLastOfBatch=true) with result: false
02-19 22:46:39.946 19166 19166 D OverviewCommandHelper: waiting for command callback: CommandInfo(type=TOGGLE, status=PROCESSING, createTime=120273789, animationCallbacks=null, displayId=0, isLastOfBatch=true)
02-19 22:46:39.954  4449  4449 I vol.VolumeDialogImpl: mDialog.dismiss() reason: volume_controller from: com.android.systemui.volume.VolumeDialogImpl$7.onDismissRequested:3
02-19 22:46:41.327   531   568 W EventThread: Faking VSYNC due to driver stall for thread app
02-19 22:46:41.340 19166 19166 D StateManager: onStateTransitionStart - state: Overview
02-19 22:46:41.341 19166 19166 D RecentsView: updateTaskStackListenerState: true
02-19 22:46:41.345 19166 19166 D RecentsView: reloadIfNeeded - getTasks: 1105
02-19 22:46:41.347 19166 19166 D OverviewCommandHelper: switching to Overview state - onAnimationStart: CommandInfo(type=TOGGLE, status=PROCESSING, createTime=120273789, animationCallbacks=null, displayId=0, isLastOfBatch=true)
02-19 22:46:41.347 19166 19166 D StatsLog: LAUNCHER_OVERVIEW_SHOW_OVERVIEW_FROM_3_BUTTON
02-19 22:46:41.372   752  1981 W ActivityTaskManager: getTaskSnapshot: taskId=218 not found
02-19 22:46:41.376   752  1095 D BackgroundInstallControlService: Package event received: 0
02-19 22:46:41.377   752  1981 W ActivityTaskManager: takeTaskSnapshot: taskId=218 not found or not visible
02-19 22:46:41.405 19166 19166 D RecentsView: applyLoadPlan - taskGroups: [type=SINGLE task=[id=12 windowingMode=0 user=0 lastActiveTime=89737] null, type=SINGLE task=[id=49 windowingMode=1 user=0 lastActiveTime=87698314] null]
02-19 22:46:41.421 19166 19166 D OverviewActionsView: updateForGroupedTask() called with: isGroupedTask = [false], canSaveAppPair = [false]
02-19 22:46:41.421 19166 19166 D OverviewActionsView: updateActionButtonsVisibility() called: showSingleTaskActions = [true], showGroupActions = [false]
02-19 22:46:41.484   531   531 I BpBinder: onLastStrongRef automatically unlinking death recipients: 
02-19 22:46:41.501   752   795 W ActivityTaskManager: callingPackage for (uid=-1, pid=0) has no WPC
02-19 22:46:41.502   752   795 W ActivityStartInterceptor: Starting home with component specified, uid=0
02-19 22:46:41.507   752   795 W OptProp : Cannot read opt property android.window.PROPERTY_COMPAT_ALLOW_USER_ASPECT_RATIO_OVERRIDE
02-19 22:46:41.508  4449  4449 I vol.VolumeDialogImpl: mDialog.dismiss() reason: volume_controller from: com.android.systemui.volume.VolumeDialogImpl$7.onDismissRequested:3
02-19 22:46:41.508  4449  4449 D vol.VolumeDialogImpl: dismissH: skipping dismiss because isAnimatingDismiss is true and showingStateInconsistent is false
02-19 22:46:41.509   752   795 W OptProp : Cannot read opt property android.window.PROPERTY_COMPAT_ALLOW_USER_ASPECT_RATIO_FULLSCREEN_OVERRIDE
02-19 22:46:41.510   752   795 W OptProp : Cannot read opt property android.window.PROPERTY_COMPAT_ALLOW_RESIZEABLE_ACTIVITY_OVERRIDES
02-19 22:46:41.511   752   795 W OptProp : Cannot read opt property android.window.PROPERTY_COMPAT_ALLOW_MIN_ASPECT_RATIO_OVERRIDE
02-19 22:46:41.512   752   795 V GrammaticalInflectionUtils: AttributionSource: android.content.AttributionSource@1abea79a does not have READ_SYSTEM_GRAMMATICAL_GENDER permission.
02-19 22:46:41.516  4449   614 D KeyguardService: setOccluded(false)
02-19 22:46:41.516  4449   614 D KeyguardViewMediator: setOccluded(false)
02-19 22:46:41.518   752   795 I ActivityTaskManager: START u0 {act=android.intent.action.MAIN cat=[android.intent.category.HOME] flg=0x10000100 cmp=com.google.android.apps.nexuslauncher/.NexusLauncherActivity (has extras)} with LAUNCH_SINGLE_TASK from uid 0 (BAL_ALLOW_ALLOWLISTED_UID) result code=3
02-19 22:46:41.519  4449  4449 D KeyguardViewMediator: handleSetOccluded(false)
02-19 22:46:41.520  4449  4449 D KeyguardViewMediator: KeyguardViewMediator queue processing message: SET_OCCLUDED
02-19 22:46:41.522  4449  4467 D WindowManagerShell: onActivityRestartAttempt: topActivity=ComponentInfo{com.google.android.apps.nexuslauncher/com.google.android.apps.nexuslauncher.NexusLauncherActivity}, wasVisible=true
02-19 22:46:41.583 19166 19166 W SplitSelectStateCtor: Missing session instanceIds
02-19 22:46:41.583 19166 19166 D StatsLog: LAUNCHER_SPLIT_SELECTION_EXIT_INTERRUPTED
02-19 22:46:41.585 19166 19166 D StateManager: goToState - fromState: Overview, toState: Normal, partial trace:
02-19 22:46:41.585 19166 19166 D StateManager: 	at com.android.launcher3.Launcher.onNewIntent(go/retraceme 72a59688580715d19f0e415c69e80376c2f062d1648c80db6730905005a27c20:116)
02-19 22:46:41.585 19166 19166 D StateManager: 	at com.android.launcher3.uioverrides.QuickstepLauncher.onNewIntent(go/retraceme 72a59688580715d19f0e415c69e80376c2f062d1648c80db6730905005a27c20:1)
02-19 22:46:41.585 19166 19166 D StateManager: 	at com.google.android.apps.nexuslauncher.NexusLauncherActivity.onNewIntent(go/retraceme 72a59688580715d19f0e415c69e80376c2f062d1648c80db6730905005a27c20:1)
02-19 22:46:41.585 19166 19166 D StateManager: cancelAnimation - with ongoing animation, partial trace:
02-19 22:46:41.585 19166 19166 D StateManager: 	at com.android.launcher3.statemanager.StateManager.goToState(go/retraceme 72a59688580715d19f0e415c69e80376c2f062d1648c80db6730905005a27c20:18)
02-19 22:46:41.585 19166 19166 D StateManager: 	at com.android.launcher3.statemanager.StateManager.goToState(go/retraceme 72a59688580715d19f0e415c69e80376c2f062d1648c80db6730905005a27c20:3)
02-19 22:46:41.585 19166 19166 D StateManager: 	at com.android.launcher3.Launcher.onNewIntent(go/retraceme 72a59688580715d19f0e415c69e80376c2f062d1648c80db6730905005a27c20:116)
02-19 22:46:41.586 19166 19166 D OverviewCommandHelper: switching to Overview state - onAnimationEnd: CommandInfo(type=TOGGLE, status=PROCESSING, createTime=120273789, animationCallbacks=null, displayId=0, isLastOfBatch=true)
02-19 22:46:41.587 19166 19166 D OverviewCommandHelper: command executed: CommandInfo(type=TOGGLE, status=PROCESSING, createTime=120273789, animationCallbacks=null, displayId=0, isLastOfBatch=true) with result: true
02-19 22:46:41.587 19166 19166 D OverviewCommandHelper: command executed successfully! CommandInfo(type=TOGGLE, status=COMPLETED, createTime=120273789, animationCallbacks=null, displayId=0, isLastOfBatch=true)
02-19 22:46:41.587 19166 19166 D OverviewCommandHelper: no pending commands to be executed.
02-19 22:46:41.588 19166 19166 D RecentsView: finishRecentsAnimation - mRecentsAnimationController: null
02-19 22:46:41.588 19166 19166 D RecentsView: cleanupRemoteTargets - mRemoteTargetHandles: null
02-19 22:46:41.591 19166 19166 D TFOManager: playPanelCloseAnimation() duration=200 traceTag=LauncherOverlay-hide isHomeButtonTap=true
02-19 22:46:41.591 19166 19166 D TFOManager: Skipped creating panel close animation because -1 is invisible.
02-19 22:46:41.591 19166 19166 D OverviewCommandHelper: clearing pending commands: []
02-19 22:46:41.596   531   602 I BpBinder: onLastStrongRef automatically unlinking death recipients: 
02-19 22:46:41.700 19166 19166 D StateManager: onStateTransitionStart - state: Normal
02-19 22:46:41.701 19166 19166 D RecentsView: updateTaskStackListenerState: false
02-19 22:46:41.704 19166 19166 D StatsLog: LAUNCHER_ONRESUME
02-19 22:46:41.710 19166 19166 D OverviewActionsView: updateForGroupedTask() called with: isGroupedTask = [false], canSaveAppPair = [false]
02-19 22:46:41.710 19166 19166 D OverviewActionsView: updateActionButtonsVisibility() called: showSingleTaskActions = [true], showGroupActions = [false]
02-19 22:46:41.729  1971  2198 I AiAiEcho: Predicting[0]:  [CONTEXT sampling_count=5 ]
02-19 22:46:41.730  1971  2198 I AiAiEcho: EchoTargets: 
02-19 22:46:41.730  1971  2198 I AiAiEcho: Filtered by AiAi flag check: 
02-19 22:46:41.730  1971  2198 I AiAiEcho: [CONTEXT ratelimit_period="10 SECONDS" ]
02-19 22:46:41.731  1971  2198 I AiAiEcho: #remoteViewsTwiddler: feature disabled.
02-19 22:46:41.740   752  1095 D BackgroundInstallControlService: Package event received: 0
02-19 22:46:41.753  1971  2198 I AiAiEcho: #postPredictionTargets: Sending updates to UISurface home with targets# 0 (types=[])
02-19 22:46:41.781 19166 19190 D QuickstepModelDelegate: notifyAppTargetEvent action=1 launchLocation=workspace/0/[-1,-1]/[1,1]
02-19 22:46:41.789 19166 19166 I NotificationListener: Handling notification state refresh for com.google.android.adservices.api#0
02-19 22:46:41.790 19166 19166 I NotificationListener: Handling notification state refresh for android#0
02-19 22:46:41.790 19166 19166 I NotificationListener: Handling notification state refresh for com.android.systemui#0
02-19 22:46:41.818 19166 19166 D SsBaseTemplateCard: No text view can be set up
02-19 22:46:41.822 19166 19166 D SsBaseTemplateCard: Passed-in item info is null
02-19 22:46:41.824 19166 19166 D SsBaseTemplateCard: Passed-in item info is null
02-19 22:46:41.824 19166 19166 D SsBaseTemplateCard: Passed-in item info is null
02-19 22:46:41.824 19166 19166 I SsBaseTemplateCard: Secondary card pane is null
02-19 22:46:41.974 19166 19166 D StateManager: onStateTransitionEnd - state: Normal
02-19 22:46:41.975 19166 19166 D RecentsView: reset - mEnableDrawingLiveTile: false, mRecentsAnimationController: null
02-19 22:46:41.976 19166 19166 D ActivityAllAppsContainerView: rebindAdapters: force: false
02-19 22:46:41.976 19166 19166 D ActivityAllAppsContainerView: rebindAdapters: Not needed.
02-19 22:46:42.029 19166 19166 D OverviewActionsView: updateForGroupedTask() called with: isGroupedTask = [false], canSaveAppPair = [false]
02-19 22:46:42.034 19166 19166 D OverviewActionsView: updateActionButtonsVisibility() called: showSingleTaskActions = [true], showGroupActions = [false]
02-19 22:46:42.062   752   797 W IPCThreadState: Sending oneway calls to frozen process.
02-19 22:46:42.064   752   797 W IPCThreadState: Sending oneway calls to frozen process.
02-19 22:46:42.065   752   797 W IPCThreadState: Sending oneway calls to frozen process.
02-19 22:46:42.066   752   797 W IPCThreadState: Sending oneway calls to frozen process.
02-19 22:46:42.067   752   797 W IPCThreadState: Sending oneway calls to frozen process.
02-19 22:46:42.067   752   797 W IPCThreadState: Sending oneway calls to frozen process.
02-19 22:46:42.936 19166 19176 I HWUI    : Davey! duration=744ms; Flags=0, FrameTimelineVsyncId=2407465, IntendedVsync=120276004129150, Vsync=120276020795816, InputEventId=0, HandleInputStart=120276033866917, AnimationStart=120276033958917, PerformTraversalsStart=120276034513917, DrawStart=120276034822917, FrameDeadline=120276070795814, FrameStartTime=120276033830917, FrameInterval=16666666, WorkloadTarget=16666666, SyncQueued=120276034919917, SyncStart=120276058216917, IssueDrawCommandsStart=120276058511917, SwapBuffers=120276059427917, FrameCompleted=120276771499917, DequeueBufferDuration=46585000, QueueBufferDuration=906000, GpuCompleted=120276771499917, SwapBuffersCompleted=120276109328917, DisplayPresentTime=0, CommandSubmissionCompleted=120276059427917, 
02-19 22:46:42.976 11982 11982 W dumpsys : Thread Pool max thread count is 0. Cannot cache binder as linkToDeath cannot be implemented. serviceName: window
02-19 22:46:43.197   752   775 I system_server: Background concurrent mark compact GC freed 24MB AllocSpace bytes, 64(1360KB) LOS objects, 41% free, 33MB/57MB, paused 2.816ms,3.336ms total 207.858ms
02-19 22:46:43.198   752   776 I BpBinder: onLastStrongRef automatically unlinking death recipients: 
02-19 22:46:43.204   752   777 W System  : A resource failed to call release. 
02-19 22:46:43.270   752  1456 W ActivityTaskManager: callingPackage for (uid=2000, pid=11987) has no WPC
02-19 22:46:43.274   752  1456 V GrammaticalInflectionUtils: AttributionSource: android.content.AttributionSource@56784557 does not have READ_SYSTEM_GRAMMATICAL_GENDER permission.
02-19 22:46:43.274   752  1456 W OptProp : Cannot read opt property android.window.PROPERTY_COMPAT_ALLOW_USER_ASPECT_RATIO_OVERRIDE
02-19 22:46:43.275   752  1456 W OptProp : Cannot read opt property android.window.PROPERTY_COMPAT_ALLOW_USER_ASPECT_RATIO_FULLSCREEN_OVERRIDE
02-19 22:46:43.275   752  1456 W OptProp : Cannot read opt property android.window.PROPERTY_COMPAT_ALLOW_RESIZEABLE_ACTIVITY_OVERRIDES
02-19 22:46:43.276   752  1456 W OptProp : Cannot read opt property android.window.PROPERTY_COMPAT_ALLOW_MIN_ASPECT_RATIO_OVERRIDE
02-19 22:46:43.283   752  1456 W OptProp : Cannot read opt property android.window.PROPERTY_COMPAT_ALLOW_ORIENTATION_OVERRIDE
02-19 22:46:43.288   531   548 I BpBinder: onLastStrongRef automatically unlinking death recipients: 
02-19 22:46:43.295   752  1233 D CompatChangeReporter: Compat change id reported: 309578419; UID 10217; state: ENABLED
02-19 22:46:43.296   752  1456 I ActivityTaskManager: START u0 {act=android.intent.action.VIEW dat=intoss://takealook/... flg=0x10000000 xflg=0x4 cmp=viva.republica.toss.test/im.toss.rn.granite.core.GraniteActivity} with LAUNCH_MULTIPLE from uid 2000 (BAL_ALLOW_PERMISSION) result code=0
02-19 22:46:43.299  4449  4467 V WindowManagerShell: Transition requested (#1232): android.os.BinderProxy@43eca5e TransitionRequestInfo { type = OPEN, triggerTask = TaskInfo{userId=0 taskId=221 effectiveUid=10217 displayId=0 isRunning=true baseIntent=Intent { act=android.intent.action.VIEW dat=intoss://takealook/... flg=0x10000000 cmp=viva.republica.toss.test/im.toss.rn.granite.core.GraniteActivity } baseActivity=ComponentInfo{viva.republica.toss.test/im.toss.rn.granite.core.GraniteActivity} topActivity=ComponentInfo{viva.republica.toss.test/im.toss.rn.granite.core.GraniteActivity} origActivity=null realActivity=ComponentInfo{viva.republica.toss.test/im.toss.rn.granite.core.GraniteActivity} numActivities=1 lastActiveTime=120277141 supportsMultiWindow=true resizeMode=1 isResizeable=true minWidth=-1 minHeight=-1 defaultMinSize=220 token=WCT{android.window.IWindowContainerToken$Stub$Proxy@318fe3f} topActivityType=1 pictureInPictureParams=null shouldDockBigOverlays=false launchIntoPipHostTaskId=-1 lastParentTaskIdBeforePip=-1 displayCutoutSafeInsets=Rect(0, 0 - 0, 0) topActivityInfo=ActivityInfo{2d5a30c im.toss.rn.granite.core.GraniteActivity} launchCookies=[] positionInParent=Point(0, 0) parentTaskId=-1 isFocused=false isVisible=false isVisibleRequested=false isTopActivityNoDisplay=false isSleeping=false locusId=null displayAreaFeatureId=1 isTopActivityTransparent=false isActivityStackTransparent=false lastNonFullscreenBounds=Rect(284, 660 - 796, 1740) capturedLink=null capturedLinkTimestamp=0 requestedVisibleTypes=-9 topActivityRequestOpenInBrowserEducationTimestamp=0 appCompatTaskInfo=AppCompatTaskInfo { topActivityInSizeCompat=false eligibleForLetterboxEducation= false isLetterboxEducationEnabled= true isLetterboxDoubleTapEnabled= false eligibleForUserAspectRatioButton= false topActivityBoundsLetterboxed= false isFromLetterboxDoubleTap= false topActivityLetterboxVerticalPosition= -1 topActivityLetterboxHorizontalPosition= -1 topActivityLetterboxWidth=-1 topActivityLetterboxHeight=-1 topActivityAppBounds=Rect(0, 0 - 1080, 2400) isUserFullscreenOverrideEnabled=false isSystemFullscreenOverrideEnabled=false hasMinAspectRatioOverride=false topActivityLetterboxBounds=null cameraCompatTaskInfo=CameraCompatTaskInfo { freeformCameraCompatMode=inactive}} topActivityMainWindowFrame=null}, pipChange = null, remoteTransition = null, displayChange = null, flags = 0, debugId = 1232 }
02-19 22:46:43.299  4449  4467 D ShellSplitScreen: logExit: no-op, mLoggerSessionId is null
02-19 22:46:43.302   752   797 V GrammaticalInflectionUtils: AttributionSource: android.content.AttributionSource@56784557 does not have READ_SYSTEM_GRAMMATICAL_GENDER permission.
02-19 22:46:43.303 19166 19166 W SplitSelectStateCtor: Missing session instanceIds
02-19 22:46:43.303 19166 19166 D StatsLog: LAUNCHER_SPLIT_SELECTION_EXIT_INTERRUPTED
02-19 22:46:43.309  4449  4475 W HWUI    : Image decoding logging dropped!
02-19 22:46:43.312   615  2506 W IPCThreadState: Sending oneway calls to frozen process.
02-19 22:46:43.315   752  1095 D BackgroundInstallControlService: Package event received: 0
02-19 22:46:43.329   458   458 D Zygote  : Forked child process 11990
02-19 22:46:43.332   752   806 I ActivityManager: Start proc 11990:viva.republica.toss.test/u0a217 for next-top-activity {viva.republica.toss.test/im.toss.rn.granite.core.GraniteActivity}
02-19 22:46:43.332   752   806 I ActivityManager: ProcessObserver broadcast disabled
02-19 22:46:43.332  4449  4467 D WindowManagerShell: setLauncherKeepClearAreaHeight: visible=false, height=527
02-19 22:46:43.667 11647 11649 I AidlLazyServiceRegistrar: Process has 0 (of 1 available) client(s) in use after notification artd has clients: 0
02-19 22:46:43.667 11647 11649 I AidlLazyServiceRegistrar: Trying to shut down the service. No clients in use for any service in process.
02-19 22:46:43.669   752  1981 D CoreBackPreview: Window{ccb1815 u0 Splash Screen viva.republica.toss.test}: Setting back callback OnBackInvokedCallbackInfo{mCallback=android.window.IOnBackInvokedCallback$Stub$Proxy@a8c9ab8, mPriority=0, mIsAnimationCallback=false, mOverrideBehavior=0}
02-19 22:46:43.671 11647 11649 I AidlLazyServiceRegistrar: Unregistered all clients and exiting
02-19 22:46:43.736   531   531 I BpBinder: onLastStrongRef automatically unlinking death recipients: 
02-19 22:46:43.736 11991 11991 W dumpsys : Thread Pool max thread count is 0. Cannot cache binder as linkToDeath cannot be implemented. serviceName: package
02-19 22:46:43.753   752   794 V WindowManager: Sent Transition (#1232) createdAt=02-19 22:46:43.276 via request=TransitionRequestInfo { type = OPEN, triggerTask = TaskInfo{userId=0 taskId=221 effectiveUid=10217 displayId=0 isRunning=true baseIntent=Intent { act=android.intent.action.VIEW dat=intoss://takealook/... flg=0x10000000 cmp=viva.republica.toss.test/im.toss.rn.granite.core.GraniteActivity } baseActivity=ComponentInfo{viva.republica.toss.test/im.toss.rn.granite.core.GraniteActivity} topActivity=ComponentInfo{viva.republica.toss.test/im.toss.rn.granite.core.GraniteActivity} origActivity=null realActivity=ComponentInfo{viva.republica.toss.test/im.toss.rn.granite.core.GraniteActivity} numActivities=1 lastActiveTime=120277141 supportsMultiWindow=true resizeMode=1 isResizeable=true minWidth=-1 minHeight=-1 defaultMinSize=220 token=WCT{RemoteToken{accaa64 Task{28db8a3 #221 type=standard A=10217:viva.republica.toss.test}}} topActivityType=1 pictureInPictureParams=null shouldDockBigOverlays=false launchIntoPipHostTaskId=-1 lastParentTaskIdBeforePip=-1 displayCutoutSafeInsets=Rect(0, 0 - 0, 0) topActivityInfo=ActivityInfo{26734cd im.toss.rn.granite.core.GraniteActivity} launchCookies=[] positionInParent=Point(0, 0) parentTaskId=-1 isFocused=false isVisible=false isVisibleRequested=false isTopActivityNoDisplay=false isSleeping=false locusId=null displayAreaFeatureId=1 isTopActivityTransparent=false isActivityStackTransparent=false lastNonFullscreenBounds=Rect(284, 660 - 796, 1740) capturedLink=null capturedLinkTimestamp=0 requestedVisibleTypes=-9 topActivityRequestOpenInBrowserEducationTimestamp=0 appCompatTaskInfo=AppCompatTaskInfo { topActivityInSizeCompat=false eligibleForLetterboxEducation= false isLetterboxEducationEnabled= true isLetterboxDoubleTapEnabled= false eligibleForUserAspectRatioButton= false topActivityBoundsLetterboxed= false isFromLetterboxDoubleTap= false topActivityLetterboxVerticalPosition= -1 topActivityLetterboxHorizontalPosition= -1 topActivityLetterboxWidth=-1 topActivityLetterboxHeight=-1 topActivityAppBounds=Rect(0, 0 - 1080, 2400) isUserFullscreenOverrideEnabled=false isSystemFullscreenOverrideEnabled=false hasMinAspectRatioOverride=false topActivityLetterboxBounds=null cameraCompatTaskInfo=CameraCompatTaskInfo { freeformCameraCompatMode=inactive}} topActivityMainWindowFrame=null}, pipChange = null, remoteTransition = null, displayChange = null, flags = 0, debugId = 1232 }
02-19 22:46:43.753   752   794 V WindowManager:     startWCT=WindowContainerTransaction { changes= {} hops= [] errorCallbackToken=null taskFragmentOrganizer=null }
02-19 22:46:43.753   752   794 V WindowManager:     info={id=1232 t=OPEN f=0x0 trk=0 r=[0@Point(0, 0)] c=[
02-19 22:46:43.753   752   794 V WindowManager:         {WCT{RemoteToken{accaa64 Task{28db8a3 #221 type=standard A=10217:viva.republica.toss.test}}} m=OPEN f=NONE leash=Surface(name=Task=221)/@0x50a3bf6 sb=Rect(0, 0 - 1080, 2400) eb=Rect(0, 0 - 1080, 2400) epz=Point(1080, 2400) d=0 taskParent=-1},
02-19 22:46:43.753   752   794 V WindowManager:         {WCT{RemoteToken{5218fe8 Task{dd43522 #1 type=home}}} m=TO_BACK f=SHOW_WALLPAPER leash=Surface(name=Task=1)/@0x8ddbd2e sb=Rect(0, 0 - 1080, 2400) eb=Rect(0, 0 - 1080, 2400) epz=Point(1080, 2400) d=0 taskParent=-1},
02-19 22:46:43.753   752   794 V WindowManager:         {m=TO_BACK f=IS_WALLPAPER leash=Surface(name=WallpaperWindowToken{35e0c0f showWhenLocked=false})/@0x512f5be sb=Rect(0, 0 - 1080, 2400) eb=Rect(0, 0 - 1080, 2400) epz=Point(1080, 2400) d=0}
02-19 22:46:43.753   752   794 V WindowManager:     ]}
02-19 22:46:43.773  4449  4536 V WindowManagerShell: onTransitionReady(transaction=3229815441804)
02-19 22:46:43.785 11990 11990 I blica.toss.test: Using CollectorTypeCMC GC.
02-19 22:46:43.786 11990 11990 W blica.toss.test: Unexpected CPU variant for x86: x86_64.
02-19 22:46:43.786 11990 11990 W blica.toss.test: Known variants: atom, sandybridge, silvermont, goldmont, goldmont-plus, goldmont-without-sha-xsaves, tremont, kabylake, alderlake, default
02-19 22:46:43.804 11990 11990 E blica.toss.test: Not starting debugger since process cannot load the jdwp agent.
02-19 22:46:43.808  4449  4467 V WindowManagerShell: onTransitionReady (#1232) android.os.BinderProxy@43eca5e: {id=1232 t=OPEN f=0x0 trk=0 r=[0@Point(0, 0)] c=[
02-19 22:46:43.808  4449  4467 V WindowManagerShell:         {m=OPEN f=NONE leash=Surface(name=Task=221)/@0xe22061a sb=Rect(0, 0 - 1080, 2400) eb=Rect(0, 0 - 1080, 2400) epz=Point(1080, 2400) d=0 taskParent=-1},
02-19 22:46:43.808  4449  4467 V WindowManagerShell:         {m=TO_BACK f=SHOW_WALLPAPER leash=Surface(name=Task=1)/@0x474b54b sb=Rect(0, 0 - 1080, 2400) eb=Rect(0, 0 - 1080, 2400) epz=Point(1080, 2400) d=0 taskParent=-1},
02-19 22:46:43.808  4449  4467 V WindowManagerShell:         {m=TO_BACK f=IS_WALLPAPER leash=Surface(name=WallpaperWindowToken{35e0c0f showWhenLocked=false})/@0x7f03b28 sb=Rect(0, 0 - 1080, 2400) eb=Rect(0, 0 - 1080, 2400) epz=Point(1080, 2400) d=0}
02-19 22:46:43.808  4449  4467 V WindowManagerShell:     ]}
02-19 22:46:43.826  4449  4467 V WindowManagerShell: Playing animation for (#1232) android.os.BinderProxy@43eca5e@0
02-19 22:46:43.829  4449  4467 V ShellRecents: RecentsTransitionHandler.startAnimation: no controller found
02-19 22:46:43.848  4449  4467 V WindowManagerShell: Transition doesn't have explicit remote, search filters for match for {id=1232 t=OPEN f=0x0 trk=0 r=[0@Point(0, 0)] c=[{m=OPEN f=NONE leash=Surface(name=Task=221)/@0xe22061a sb=Rect(0, 0 - 1080, 2400) eb=Rect(0, 0 - 1080, 2400) epz=Point(1080, 2400) d=0 taskParent=-1},{m=TO_BACK f=SHOW_WALLPAPER leash=Surface(name=Task=1)/@0x474b54b sb=Rect(0, 0 - 1080, 2400) eb=Rect(0, 0 - 1080, 2400) epz=Point(1080, 2400) d=0 taskParent=-1},{m=TO_BACK f=IS_WALLPAPER leash=Surface(name=WallpaperWindowToken{35e0c0f showWhenLocked=false})/@0x7f03b28 sb=Rect(0, 0 - 1080, 2400) eb=Rect(0, 0 - 1080, 2400) epz=Point(1080, 2400) d=0}]}
02-19 22:46:43.849  4449  4467 V WindowManagerShell:  Checking filter Pair{{types=[] flags=0x0] notFlags=0x0 checks=[{atype=undefined independent=true modes=[CLOSE,TO_BACK] flags=IN_TASK_WITH_EMBEDDED_ACTIVITY mustBeTask=false order=ANY topActivity=null launchCookie=null taskFragmentToken=android.os.BinderProxy@71546f0 windowingMode=undefined}]} RemoteTransition { remoteTransition = android.window.IRemoteTransition$Stub$Proxy@d4c8469, appThread = android.app.IApplicationThread$Stub$Proxy@c228eee, debugName = overlayBackTransition }}
02-19 22:46:43.849  4449  4467 V WindowManagerShell:  Checking filter Pair{{types=[] flags=0x0] notFlags=0x0 checks=[{atype=dream independent=true modes=[OPEN,TO_FRONT] flags=NONE mustBeTask=false order=ANY topActivity=null launchCookie=null windowingMode=undefined},{atype=home independent=true modes=[CLOSE,TO_BACK] flags=NONE mustBeTask=false order=ANY topActivity=null launchCookie=null windowingMode=undefined}]} RemoteTransition { remoteTransition = android.window.IRemoteTransition$Stub$Proxy@c578f8f, appThread = android.app.IApplicationThread$Stub$Proxy@69fe21c, debugName = LauncherToDream }}
02-19 22:46:43.849  4449  4467 V WindowManagerShell:  Checking filter Pair{{types=[] flags=0x0] notFlags=0x100 checks=[{atype=home independent=true modes=[OPEN,TO_FRONT] flags=NONE mustBeTask=false order=TOP topActivity=ComponentInfo{com.google.android.apps.nexuslauncher/com.google.android.apps.nexuslauncher.NexusLauncherActivity} launchCookie=null windowingMode=undefined},{atype=standard independent=true modes=[CLOSE,TO_BACK] flags=NONE mustBeTask=false order=ANY topActivity=null launchCookie=null windowingMode=undefined},{NOT atype=undefined independent=true modes=[] flags=NONE mustBeTask=true order=ANY topActivity=null launchCookie=null customAnim=true windowingMode=undefined}]} RemoteTransition { remoteTransition = android.window.IRemoteTransition$Stub$Proxy@69ffe25, appThread = android.app.IApplicationThread$Stub$Proxy@72cabfa, debugName = QuickstepLaunchHome }}
02-19 22:46:43.849  4449  4467 V WindowManagerShell:  Checking filter Pair{{types=[] flags=0x0] notFlags=0x0 checks=[{atype=undefined independent=true modes=[CLOSE,TO_BACK] flags=IN_TASK_WITH_EMBEDDED_ACTIVITY mustBeTask=false order=ANY topActivity=null launchCookie=null taskFragmentToken=android.os.BinderProxy@71546f0 windowingMode=undefined}]} RemoteTransition { remoteTransition = android.window.IRemoteTransition$Stub$Proxy@7c795ab, appThread = android.app.IApplicationThread$Stub$Proxy@cd70408, debugName = overlayBackTransition }}
02-19 22:46:43.850  4449  4467 V WindowManagerShell:  Checking filter Pair{{types=[] flags=0x0] notFlags=0x0 checks=[{atype=dream independent=true modes=[OPEN,TO_FRONT] flags=NONE mustBeTask=false order=ANY topActivity=null launchCookie=null windowingMode=undefined},{atype=home independent=true modes=[CLOSE,TO_BACK] flags=NONE mustBeTask=false order=ANY topActivity=null launchCookie=null windowingMode=undefined}]} RemoteTransition { remoteTransition = android.window.IRemoteTransition$Stub$Proxy@f757a1, appThread = android.app.IApplicationThread$Stub$Proxy@d898dc6, debugName = LauncherToDream }}
02-19 22:46:43.850  4449  4467 V WindowManagerShell:  Checking filter Pair{{types=[] flags=0x0] notFlags=0x100 checks=[{atype=home independent=true modes=[OPEN,TO_FRONT] flags=NONE mustBeTask=false order=TOP topActivity=ComponentInfo{com.google.android.apps.nexuslauncher/com.google.android.apps.nexuslauncher.NexusLauncherActivity} launchCookie=null windowingMode=undefined},{atype=standard independent=true modes=[CLOSE,TO_BACK] flags=NONE mustBeTask=false order=ANY topActivity=null launchCookie=null windowingMode=undefined},{NOT atype=undefined independent=true modes=[] flags=NONE mustBeTask=true order=ANY topActivity=null launchCookie=null customAnim=true windowingMode=undefined}]} RemoteTransition { remoteTransition = android.window.IRemoteTransition$Stub$Proxy@9e7e187, appThread = android.app.IApplicationThread$Stub$Proxy@3dc58b4, debugName = QuickstepLaunchHome }}
02-19 22:46:43.871  4449  4467 V WindowManagerShell:  Delegate animation for (#1232) to null
02-19 22:46:43.872  4449  4467 V WindowManagerShell: start default transition animation, info = {id=1232 t=OPEN f=0x0 trk=0 r=[0@Point(0, 0)] c=[{m=OPEN f=NONE leash=Surface(name=Task=221)/@0xe22061a sb=Rect(0, 0 - 1080, 2400) eb=Rect(0, 0 - 1080, 2400) epz=Point(1080, 2400) d=0 taskParent=-1},{m=TO_BACK f=SHOW_WALLPAPER leash=Surface(name=Task=1)/@0x474b54b sb=Rect(0, 0 - 1080, 2400) eb=Rect(0, 0 - 1080, 2400) epz=Point(1080, 2400) d=0 taskParent=-1},{m=TO_BACK f=IS_WALLPAPER leash=Surface(name=WallpaperWindowToken{35e0c0f showWhenLocked=false})/@0x7f03b28 sb=Rect(0, 0 - 1080, 2400) eb=Rect(0, 0 - 1080, 2400) epz=Point(1080, 2400) d=0}]}
02-19 22:46:43.881  4449  4467 V WindowManagerShell: loadAnimation: anim=android.view.animation.AnimationSet@d482c3 animAttr=0x13 type=OPEN isEntrance=false
02-19 22:46:43.889  4449  4467 V WindowManagerShell: loadAnimation: anim=android.view.animation.AnimationSet@682cfbe animAttr=0x12 type=OPEN isEntrance=true
02-19 22:46:43.904  4449  4467 V WindowManagerShell:  animated by com.android.wm.shell.transition.DefaultTransitionHandler@f74d823
02-19 22:46:43.936 11990 11990 D nativeloader: Load libframework-connectivity-tiramisu-jni.so using APEX ns com_android_tethering for caller /apex/com.android.tethering/javalib/framework-connectivity-t.jar: ok
02-19 22:46:44.039   752  1095 D BackgroundInstallControlService: Package event received: 0
02-19 22:46:44.059 11990 11990 D ApplicationLoaders: Returning zygote-cached class loader: /system_ext/framework/androidx.window.extensions.jar
02-19 22:46:44.059 11990 11990 D ApplicationLoaders: Returning zygote-cached class loader: /system_ext/framework/androidx.window.sidecar.jar
02-19 22:46:44.226 11990 11990 D nativeloader: Configuring clns-9 for other apk /data/app/~~NUQj-rdXzuicW-16SIRtKA==/viva.republica.toss.test-Si406wFvb_sqEA2GTBV6RQ==/base.apk. target_sdk_version=35, uses_libraries=, library_path=/data/app/~~NUQj-rdXzuicW-16SIRtKA==/viva.republica.toss.test-Si406wFvb_sqEA2GTBV6RQ==/lib/x86_64:/data/app/~~NUQj-rdXzuicW-16SIRtKA==/viva.republica.toss.test-Si406wFvb_sqEA2GTBV6RQ==/base.apk!/lib/x86_64, permitted_path=/data:/mnt/expand:/data/user/0/viva.republica.toss.test
02-19 22:46:44.230 11990 11990 D CompatChangeReporter: Compat change id reported: 202956589; UID 10217; state: ENABLED
02-19 22:46:44.261 11990 11990 I blica.toss.test: AssetManager2(0x7d8fac428e58) locale list changing from [] to [en-US]
02-19 22:46:44.283  4449  4467 V WindowManagerShell: Transition animation finished (aborted=false), notifying core (#1232) android.os.BinderProxy@43eca5e@0
02-19 22:46:44.289  4449  4467 V WindowManagerShell: Track 0 became idle
02-19 22:46:44.289  4449  4467 V WindowManagerShell: All active transition animations finished
02-19 22:46:44.289   752   794 V WindowManager: Finish Transition (#1232): created at 02-19 22:46:43.276 collect-started=0.086ms request-sent=18.953ms started=53.893ms ready=458.821ms sent=471.756ms commit=169.125ms finished=1008.484ms
02-19 22:46:44.291 11990 11990 V GraphicsEnvironment: Currently set values for:
02-19 22:46:44.292 11990 11990 V GraphicsEnvironment:   angle_gl_driver_selection_pkgs=[]
02-19 22:46:44.292 11990 11990 V GraphicsEnvironment:   angle_gl_driver_selection_values=[]
02-19 22:46:44.292 11990 11990 V GraphicsEnvironment: viva.republica.toss.test is not listed in per-application setting
02-19 22:46:44.292 11990 11990 V GraphicsEnvironment: ANGLE allowlist from config: com.dreamgames.royalmatch com.dts.freefiremax com.dxx.firenow com.gramgames.mergedragons com.ludo.king com.mojang.minecraftpe com.my.defense com.nintendo.zaka com.os.airforce com.playrix.fishdomdd.gplay io.teslatech.callbreak jp.konami.prospia net.peakgames.toonblast
02-19 22:46:44.292 11990 11990 V GraphicsEnvironment: viva.republica.toss.test is not listed in ANGLE allowlist or settings, returning default
02-19 22:46:44.292 11990 11990 V GraphicsEnvironment: Neither updatable production driver nor prerelease driver is supported.
02-19 22:46:44.299 19166 19166 D VRI[NexusLauncherActivity]: visibilityChanged oldVisibility=true newVisibility=false
02-19 22:46:44.317 19166 19166 D NexusLauncherModelDelegate: notifySmartspaceEvent: SmartspaceTargetEvent{mSmartspaceTarget=null, mSmartspaceActionId='null', mEventType=7}
02-19 22:46:44.346 11990 11990 D CompatChangeReporter: Compat change id reported: 279646685; UID 10217; state: ENABLED
02-19 22:46:44.466 11990 11990 D nativeloader: Load /data/app/~~NUQj-rdXzuicW-16SIRtKA==/viva.republica.toss.test-Si406wFvb_sqEA2GTBV6RQ==/lib/x86_64/libmmkv.so using class loader ns clns-9 (caller=/data/app/~~NUQj-rdXzuicW-16SIRtKA==/viva.republica.toss.test-Si406wFvb_sqEA2GTBV6RQ==/base.apk): ok
02-19 22:46:44.473 11990 12009 E ashmem  : Pinning is deprecated since Android Q. Please use trim or other methods.
02-19 22:46:44.496 11990 11990 I blica.toss.test: AssetManager2(0x7d8fac426f18) locale list changing from [] to [en-US]
02-19 22:46:44.496 11990 11990 I WebViewFactory: Loading com.google.android.webview version 133.0.6943.137 (code 694313738)
02-19 22:46:44.501 11990 11990 I blica.toss.test: AssetManager2(0x7d8fac427878) locale list changing from [] to [en-US]
02-19 22:46:44.503 11990 11990 I blica.toss.test: AssetManager2(0x7d8fac4284f8) locale list changing from [] to [en-US]
02-19 22:46:44.504 11990 11990 V ResourcesManager: The following library key has been added: ResourcesKey{ mHash=a24a3099 mResDir=null mSplitDirs=[] mOverlayDirs=[] mLibDirs=[/data/app/~~86wu-kVgQoavtKNPNhKNpg==/com.google.android.webview-1KjOBROVBHjUvpUZHW2m2g==/WebViewGoogle.apk,/data/app/~~zfNTtjjfT5QjKD_7Ux4KKQ==/com.google.android.trichromelibrary_694313738-AgzLRnDhHPFXke_9IsnuqA==/TrichromeLibrary.apk] mDisplayId=0 mOverrideConfig=v36 mCompatInfo={420dpi always-compat} mLoaders=[]}
02-19 22:46:44.513 11990 11990 W blica.toss.test: Failed to find entry 'classes.dex': Entry not found
02-19 22:46:44.514 11990 11990 D nativeloader: Configuring clns-10 for other apk /data/app/~~zfNTtjjfT5QjKD_7Ux4KKQ==/com.google.android.trichromelibrary_694313738-AgzLRnDhHPFXke_9IsnuqA==/TrichromeLibrary.apk. target_sdk_version=34, uses_libraries=ALL, library_path=/data/app/~~86wu-kVgQoavtKNPNhKNpg==/com.google.android.webview-1KjOBROVBHjUvpUZHW2m2g==/lib/x86_64:/data/app/~~86wu-kVgQoavtKNPNhKNpg==/com.google.android.webview-1KjOBROVBHjUvpUZHW2m2g==/WebViewGoogle.apk!/lib/x86_64:/data/app/~~zfNTtjjfT5QjKD_7Ux4KKQ==/com.google.android.trichromelibrary_694313738-AgzLRnDhHPFXke_9IsnuqA==/TrichromeLibrary.apk!/lib/x86_64, permitted_path=/data:/mnt/expand
02-19 22:46:44.516 11990 11990 D ApplicationLoaders: Returning zygote-cached class loader: /system_ext/framework/androidx.window.extensions.jar
02-19 22:46:44.533 11990 11990 D nativeloader: Configuring clns-11 for other apk /data/app/~~86wu-kVgQoavtKNPNhKNpg==/com.google.android.webview-1KjOBROVBHjUvpUZHW2m2g==/WebViewGoogle.apk. target_sdk_version=34, uses_libraries=, library_path=/data/app/~~86wu-kVgQoavtKNPNhKNpg==/com.google.android.webview-1KjOBROVBHjUvpUZHW2m2g==/lib/x86_64:/data/app/~~86wu-kVgQoavtKNPNhKNpg==/com.google.android.webview-1KjOBROVBHjUvpUZHW2m2g==/WebViewGoogle.apk!/lib/x86_64:/data/app/~~zfNTtjjfT5QjKD_7Ux4KKQ==/com.google.android.trichromelibrary_694313738-AgzLRnDhHPFXke_9IsnuqA==/TrichromeLibrary.apk!/lib/x86_64, permitted_path=/data:/mnt/expand
02-19 22:46:44.571 12008 12008 I artd    : Starting artd
02-19 22:46:44.573 12008 12008 I AidlLazyServiceRegistrar: Registering service artd
02-19 22:46:44.597 12008 12008 I AidlLazyServiceRegistrar: Process has 1 (of 1 available) client(s) in use after notification artd has clients: 1
02-19 22:46:44.657 12008 12010 I artd    : GetBestInfo: odex next to the dex file (/data/app/~~O-UZzK0jUU9NLgS3MODOZA==/com.google.android.gms-YQ2L6GsYyKuvu9MvIBK1EQ==/oat/x86_64/base.odex) is kOatUpToDate with filter 'speed-profile' executable 'false'
02-19 22:46:44.660 12008 12010 I artd    : GetBestInfo: odex next to the dex file (/data/app/~~O-UZzK0jUU9NLgS3MODOZA==/com.google.android.gms-YQ2L6GsYyKuvu9MvIBK1EQ==/oat/x86_64/split_AdsDynamite_installtime.odex) is kOatUpToDate with filter 'speed' executable 'false'
02-19 22:46:44.663 12008 12010 I artd    : GetBestInfo: odex next to the dex file (/data/app/~~O-UZzK0jUU9NLgS3MODOZA==/com.google.android.gms-YQ2L6GsYyKuvu9MvIBK1EQ==/oat/x86_64/split_CronetDynamite_installtime.odex) is kOatUpToDate with filter 'speed' executable 'false'
02-19 22:46:44.669 12008 12010 I artd    : GetBestInfo: odex next to the dex file (/data/app/~~O-UZzK0jUU9NLgS3MODOZA==/com.google.android.gms-YQ2L6GsYyKuvu9MvIBK1EQ==/oat/x86_64/split_DynamiteLoader_installtime.odex) is kOatUpToDate with filter 'speed' executable 'false'
02-19 22:46:44.672 12008 12010 I artd    : GetBestInfo: odex next to the dex file (/data/app/~~O-UZzK0jUU9NLgS3MODOZA==/com.google.android.gms-YQ2L6GsYyKuvu9MvIBK1EQ==/oat/x86_64/split_DynamiteModulesA_installtime.odex) is kOatUpToDate with filter 'speed' executable 'false'
02-19 22:46:44.675 12008 12010 I artd    : GetBestInfo: odex next to the dex file (/data/app/~~O-UZzK0jUU9NLgS3MODOZA==/com.google.android.gms-YQ2L6GsYyKuvu9MvIBK1EQ==/oat/x86_64/split_DynamiteModulesC_installtime.odex) is kOatUpToDate with filter 'speed' executable 'false'
02-19 22:46:44.678 12008 12010 I artd    : GetBestInfo: odex next to the dex file (/data/app/~~O-UZzK0jUU9NLgS3MODOZA==/com.google.android.gms-YQ2L6GsYyKuvu9MvIBK1EQ==/oat/x86_64/split_GoogleCertificates_installtime.odex) is kOatUpToDate with filter 'speed' executable 'false'
02-19 22:46:44.680 12008 12010 I artd    : GetBestInfo: odex next to the dex file (/data/app/~~O-UZzK0jUU9NLgS3MODOZA==/com.google.android.gms-YQ2L6GsYyKuvu9MvIBK1EQ==/oat/x86_64/split_MapsDynamite_installtime.odex) is kOatUpToDate with filter 'speed' executable 'false'
02-19 22:46:44.683 12008 12010 I artd    : GetBestInfo: odex next to the dex file (/data/app/~~O-UZzK0jUU9NLgS3MODOZA==/com.google.android.gms-YQ2L6GsYyKuvu9MvIBK1EQ==/oat/x86_64/split_MeasurementDynamite_installtime.odex) is kOatUpToDate with filter 'speed' executable 'false'
02-19 22:46:44.685 12008 12010 I artd    : GetBestInfo: /data/app/~~O-UZzK0jUU9NLgS3MODOZA==/com.google.android.gms-YQ2L6GsYyKuvu9MvIBK1EQ==/split_maps_core_dynamite_ondemand.apk has no usable artifacts
02-19 22:46:44.687 12008 12010 I artd    : GetBestInfo: /data/user_de/0/com.google.android.gms/app_chimera/m/0000000c/dl-Appsearch.optional_250834100800.apk has no usable artifacts
02-19 22:46:44.688 12008 12010 I artd    : GetBestInfo: /data/user_de/0/com.google.android.gms/app_chimera/m/00000001/CronetDynamite.apk has no usable artifacts
02-19 22:46:44.689 12008 12010 I artd    : GetBestInfo: /data/user_de/0/com.google.android.gms/app_chimera/m/00000002/DynamiteLoader.apk has no usable artifacts
02-19 22:46:44.689 12008 12010 I artd    : GetBestInfo: /data/user_de/0/com.google.android.gms/app_chimera/m/00000005/GoogleCertificates.apk has no usable artifacts
02-19 22:46:44.691 12008 12010 I artd    : GetBestInfo: /data/user_de/0/com.google.android.gms/app_chimera/m/00000009/dl-TfliteDynamiteDynamite.integ_252130102100800.apk has no usable artifacts
02-19 22:46:44.694 12008 12010 I artd    : GetBestInfo: vdex next to the dex file (/data/user/0/com.google.android.gms/app_dg_cache/BF7C023AB90CCF01D1F467FC1CEBAF866511FF29/oat/x86_64/the.vdex) is kOatUpToDate with filter 'verify' executable 'false'
02-19 22:46:44.698 12008 12010 I artd    : GetBestInfo: /data/user_de/0/com.google.android.gms/app_chimera/m/00000010/dl-PlayCloudSearch.optional_250834100000.apk has no usable artifacts
02-19 22:46:44.700 12008 12010 I artd    : GetBestInfo: /data/user_de/0/com.google.android.gms/app_chimera/m/00000017/dl-PlayCloudSearch.optional_260438100000.apk has no usable artifacts
02-19 22:46:44.702 12008 12010 I artd    : GetBestInfo: /data/user_de/0/com.google.android.gms/app_chimera/m/00000015/dl-MlkitOcrCommon.optional_260438100800.apk has no usable artifacts
02-19 22:46:44.705 12008 12010 I artd    : GetBestInfo: /data/user_de/0/com.google.android.gms/app_chimera/m/00000013/dl-MlkitBarcodeUi.optional_260438100800.apk has no usable artifacts
02-19 22:46:44.707 12008 12010 I artd    : GetBestInfo: /data/user_de/0/com.google.android.gms/app_chimera/m/0000000f/dl-MlkitOcrCommon.optional_250834100800.apk has no usable artifacts
02-19 22:46:44.709 12008 12010 I artd    : GetBestInfo: /data/user_de/0/com.google.android.gms/app_chimera/m/0000000d/dl-VisionOcr.optional_250834100000.apk has no usable artifacts
02-19 22:46:44.712 12008 12010 I artd    : GetBestInfo: /data/user_de/0/com.google.android.gms/app_chimera/m/0000000a/dl-MlkitBarcodeUi.optional_250834100800.apk has no usable artifacts
02-19 22:46:44.715 12008 12010 I artd    : GetBestInfo: /data/user_de/0/com.google.android.gms/app_chimera/m/00000011/dl-VisionOcr.optional_260438100000.apk has no usable artifacts
02-19 22:46:44.718 12008 12010 I artd    : GetBestInfo: /data/user_de/0/com.google.android.gms/app_chimera/m/00000012/dl-Appsearch.optional_260438100800.apk has no usable artifacts
02-19 22:46:44.720 12008 12010 I artd    : GetBestInfo: vdex next to the dex file (/data/user/0/com.google.android.gms/app_dg_cache/94DF452EEF4B8E717545DCDEA6CC3C50A319A195/oat/x86_64/the.vdex) is kOatUpToDate with filter 'verify' executable 'false'
02-19 22:46:44.722 12008 12010 I artd    : GetBestInfo: /data/user_de/0/com.google.android.gms/app_chimera/m/00000007/MeasurementDynamite.apk has no usable artifacts
02-19 22:46:44.723 12008 12010 I artd    : GetBestInfo: /data/user_de/0/com.google.android.gms/app_chimera/m/00000018/dl-AdsFdrDynamite.integ_254380203100000.apk has no usable artifacts
02-19 22:46:44.766 11990 12009 D nativeloader: Configuring clns-12 for other apk . target_sdk_version=35, uses_libraries=ALL, library_path=/data/app/~~NUQj-rdXzuicW-16SIRtKA==/viva.republica.toss.test-Si406wFvb_sqEA2GTBV6RQ==/lib/x86_64:/data/app/~~NUQj-rdXzuicW-16SIRtKA==/viva.republica.toss.test-Si406wFvb_sqEA2GTBV6RQ==/base.apk!/lib/x86_64, permitted_path=/data:/mnt/expand
02-19 22:46:45.021 11990 12009 D nativeloader: Load /data/app/~~NUQj-rdXzuicW-16SIRtKA==/viva.republica.toss.test-Si406wFvb_sqEA2GTBV6RQ==/lib/x86_64/libdceb.so using isolated ns clns-12 (caller=/data/user/0/viva.republica.toss.test/Anonymous-DexFile@1467667017.jar): ok
02-19 22:46:45.028 11990 11990 I cr_WVCFactoryProvider: version=133.0.6943.137 (694313738) minSdkVersion=29 isBundle=false multiprocess=true packageId=2
02-19 22:46:45.050 11990 11990 D nativeloader: Load /data/app/~~zfNTtjjfT5QjKD_7Ux4KKQ==/com.google.android.trichromelibrary_694313738-AgzLRnDhHPFXke_9IsnuqA==/TrichromeLibrary.apk!/lib/x86_64/libmonochrome_64.so using class loader ns clns-11 (caller=/data/app/~~86wu-kVgQoavtKNPNhKNpg==/com.google.android.webview-1KjOBROVBHjUvpUZHW2m2g==/WebViewGoogle.apk): ok
02-19 22:46:45.052 11990 11990 D nativeloader: Load /system/lib64/libwebviewchromium_plat_support.so using class loader ns clns-11 (caller=/data/app/~~86wu-kVgQoavtKNPNhKNpg==/com.google.android.webview-1KjOBROVBHjUvpUZHW2m2g==/WebViewGoogle.apk): ok
02-19 22:46:45.063 11990 11990 I cr_LibraryLoader: Successfully loaded native library
02-19 22:46:45.064 11990 11990 I cr_CachingUmaRecorder: Flushed 6 samples from 6 histograms, 0 samples were dropped.
02-19 22:46:45.107 11990 11990 E cr_VariationsSeedLoader: Failed loading variations seed. Variations disabled.
02-19 22:46:45.110 11990 11990 I cr_CombinedPProvider: #registerProvider() provider:WV.C8@88ca54d isPolicyCacheEnabled:false policyProvidersSize:0
02-19 22:46:45.113 11990 11990 I cr_PolicyProvider: #setManagerAndSource() 0
02-19 22:46:45.129   752  2377 V GrammaticalInflectionUtils: AttributionSource: android.content.AttributionSource@ff7199e does not have READ_SYSTEM_GRAMMATICAL_GENDER permission.
02-19 22:46:45.143  1263  1263 D Zygote  : Forked child process 12021
02-19 22:46:45.153 12021 12021 I ocessService0:0: Using CollectorTypeCMC GC.
02-19 22:46:45.157 12021 12021 W ocessService0:0: Unexpected CPU variant for x86: x86_64.
02-19 22:46:45.157 12021 12021 W ocessService0:0: Known variants: atom, sandybridge, silvermont, goldmont, goldmont-plus, goldmont-without-sha-xsaves, tremont, kabylake, alderlake, default
02-19 22:46:45.164 12021 12021 E ocessService0:0: Not starting debugger since process cannot load the jdwp agent.
