02-19 13:20:20.374   752   797 W IPCThreadState: Sending oneway calls to frozen process.
02-19 13:20:20.376  4449  4467 V WindowManagerShell:  animated by com.android.wm.shell.transition.DefaultTransitionHandler@f74d823
02-19 13:20:20.382   752   797 W IPCThreadState: Sending oneway calls to frozen process.
02-19 13:20:20.382   752   797 W IPCThreadState: Sending oneway calls to frozen process.
02-19 13:20:20.383   752   797 W IPCThreadState: Sending oneway calls to frozen process.
02-19 13:20:20.383   752   797 W IPCThreadState: Sending oneway calls to frozen process.
02-19 13:20:20.383   752   797 W IPCThreadState: Sending oneway calls to frozen process.
02-19 13:20:20.383   752   797 W IPCThreadState: Sending oneway calls to frozen process.
02-19 13:20:20.383   752   797 W IPCThreadState: Sending oneway calls to frozen process.
02-19 13:20:20.383   752   797 W IPCThreadState: Sending oneway calls to frozen process.
02-19 13:20:20.383   752   797 W ProcessStats: Tracking association SourceState{1b917ca system/1000 BFgs #15431} whose proc state 4 is better than process ProcessState{42c4ef0 com.google.android.ext.services/10208 pkg=com.google.android.ext.services} proc state 14 (3 skipped)
02-19 13:20:20.384   752  1095 D BackgroundInstallControlService: Package event received: 0
02-19 13:20:20.384   752  1095 D BackgroundInstallControlService: Package event received: 0
02-19 13:20:20.471 32388  1780 W okhttp.OkHttpClient: A connection to http://localhost:8081/ was leaked. Did you forget to close a response body? To see where this was allocated, set the OkHttpClient logger level to FINE: Logger.getLogger(OkHttpClient.class.getName()).setLevel(Level.FINE);
02-19 13:20:20.528 32388 32388 W unknown:ReactRootView: Unable to update root layout specs for uninitialized ReactInstanceManager
02-19 13:20:20.529   752   780 D CoreBackPreview: Window{724467d u0 viva.republica.toss.test/im.toss.rn.granite.core.GraniteActivity}: Setting back callback OnBackInvokedCallbackInfo{mCallback=android.window.IOnBackInvokedCallback$Stub$Proxy@93e31c3, mPriority=0, mIsAnimationCallback=false, mOverrideBehavior=0}
02-19 13:20:20.701  4449  4467 V WindowManagerShell: Transition animation finished (aborted=false), notifying core (#388) android.os.BinderProxy@abbb257@1
02-19 13:20:20.726   752   794 V WindowManager: Finish Transition (#388): created at 02-19 13:20:06.404 collect-started=0.136ms request-sent=8.411ms started=13.241ms ready=13886.313ms sent=13950.301ms commit=35.762ms finished=14318.878ms
02-19 13:20:20.728   617   617 D VRI[NexusLauncherActivity]: visibilityChanged oldVisibility=true newVisibility=false
02-19 13:20:20.742  4449  4467 V WindowManagerShell: Track 1 became idle
02-19 13:20:20.747   617   617 D NexusLauncherModelDelegate: notifySmartspaceEvent: SmartspaceTargetEvent{mSmartspaceTarget=null, mSmartspaceActionId='null', mEventType=7}
02-19 13:20:20.748  4449  4467 V WindowManagerShell: All active transition animations finished
02-19 13:20:20.818   752   794 I ActivityTaskManager: Displayed viva.republica.toss.test/im.toss.rn.granite.core.GraniteActivity for user 0: +14s422ms
02-19 13:20:20.867   752  1856 E TaskPersister: File error accessing recents directory (directory doesn't exist?).
02-19 13:20:20.878 32388  1833 W unknown:ReconnectingWebSocket: Couldn't connect to "ws://10.0.2.2:8081/message?device=sdk_gphone64_x86_64%20-%2016%20-%20API%2036&app=viva.republica.toss.test&clientid=BridgeDevSupportManager", will silently retry
02-19 13:20:21.055   752   989 I ImeTracker: viva.republica.toss.test:752de591: onRequestHide at ORIGIN_SERVER reason HIDE_UNSPECIFIED_WINDOW fromUser false
02-19 13:20:21.068  1563  1563 I GoogleInputMethodService: GoogleInputMethodService.onFinishInput():2043 
02-19 13:20:21.072   752  1509 I ImeTracker: system_server:c10aabc: onRequestHide at ORIGIN_SERVER reason IME_REQUESTED_CHANGED_LISTENER fromUser false
02-19 13:20:21.073  1563  1563 I Module  : DeviceLockedStatusModuleProvider$Module.updateDeviceLockedStatus():100 repeatCheckTimes = 0, locked = false
02-19 13:20:21.074  1563  1563 I GoogleInputMethodService: GoogleInputMethodService.onStartInput():1293 onStartInput(EditorInfo{EditorInfo{packageName=viva.republica.toss.test, inputType=0, inputTypeString=NULL, enableLearning=false, autoCorrection=false, autoComplete=false, imeOptions=0, privateImeOptions=null, actionName=UNSPECIFIED, actionLabel=null, initialSelStart=-1, initialSelEnd=-1, initialCapsMode=0, label=null, fieldId=0, fieldName=null, extras=null, hintText=null, hintLocales=[]}}, false)
02-19 13:20:21.076   617   617 D BaseDepthController: setSurface:
02-19 13:20:21.076   617   617 D BaseDepthController: 	mWaitingOnSurfaceValidity: false
02-19 13:20:21.076   617   617 D BaseDepthController: 	mBaseSurface: null
02-19 13:20:21.077   617   617 D BaseDepthController: mSurface is null and mCurrentBlur is: 0
02-19 13:20:21.085   752   797 I ImeTracker: system_server:c10aabc: onCancelled at PHASE_SERVER_SHOULD_HIDE
02-19 13:20:21.088   617   617 D StateManager: goToState - fromState: Normal, toState: Normal, partial trace:
02-19 13:20:21.088   617   617 D StateManager: 	at com.android.launcher3.statemanager.StateManager.moveToRestState(go/retraceme 72a59688580715d19f0e415c69e80376c2f062d1648c80db6730905005a27c20:4)
02-19 13:20:21.088   617   617 D StateManager: 	at com.android.launcher3.statemanager.StateManager.moveToRestState(go/retraceme 72a59688580715d19f0e415c69e80376c2f062d1648c80db6730905005a27c20:1)
02-19 13:20:21.088   617   617 D StateManager: 	at com.android.launcher3.statemanager.StatefulActivity.onStop(go/retraceme 72a59688580715d19f0e415c69e80376c2f062d1648c80db6730905005a27c20:34)
02-19 13:20:21.089   617   617 D StatsLog: LAUNCHER_ONSTOP
02-19 13:20:21.094  1563  1563 I Module  : DeviceLockedStatusModuleProvider$Module.updateDeviceLockedStatus():100 repeatCheckTimes = 1, locked = false
02-19 13:20:21.094   617   617 D StatsLog: LAUNCHER_GOOGLE_SEARCH_RESTORE_LIST_SIZE_AFTER_ACTIVITY_RESTART
02-19 13:20:21.110   752  1095 D BackgroundInstallControlService: Package event received: 0
02-19 13:20:21.109  1563  1563 I EmojiCompatManager: EmojiCompatManager.getEmojiCompatIfLoaded():343 EmojiCompat.init() was never called.
02-19 13:20:21.109  1563  1563 I EmojiCompatManager: java.lang.IllegalStateException: EmojiCompat is not initialized. Please call EmojiCompat.init() first
02-19 13:20:21.109  1563  1563 I EmojiCompatManager: 	at asx.p(PG:6)
02-19 13:20:21.109  1563  1563 I EmojiCompatManager: 	at axb.b(PG:13)
02-19 13:20:21.109  1563  1563 I EmojiCompatManager: 	at jnr.b(PG:2)
02-19 13:20:21.109  1563  1563 I EmojiCompatManager: 	at jnr.c(PG:4)
02-19 13:20:21.109  1563  1563 I EmojiCompatManager: 	at jnr.f(PG:3)
02-19 13:20:21.109  1563  1563 I EmojiCompatManager: 	at jnx.c(PG:3)
02-19 13:20:21.109  1563  1563 I EmojiCompatManager: 	at kif.cz(PG:47)
02-19 13:20:21.109  1563  1563 I EmojiCompatManager: 	at lhl.run(PG:1025)
02-19 13:20:21.109  1563  1563 I EmojiCompatManager: 	at jaf.execute(PG:12)
02-19 13:20:21.109  1563  1563 I EmojiCompatManager: 	at nco.v(PG:13)
02-19 13:20:21.109  1563  1563 I EmojiCompatManager: 	at lhn.m(PG:96)
02-19 13:20:21.109  1563  1563 I EmojiCompatManager: 	at lhn.k(PG:25)
02-19 13:20:21.109  1563  1563 I EmojiCompatManager: 	at kgn.onStartInput(PG:250)
02-19 13:20:21.109  1563  1563 I EmojiCompatManager: 	at android.inputmethodservice.InputMethodService.doStartInput(InputMethodService.java:3521)
02-19 13:20:21.109  1563  1563 I EmojiCompatManager: 	at android.inputmethodservice.InputMethodService$InputMethodImpl.startInput(InputMethodService.java:879)
02-19 13:20:21.109  1563  1563 I EmojiCompatManager: 	at android.inputmethodservice.InputMethodService$InputMethodImpl.dispatchStartInput(InputMethodService.java:908)
02-19 13:20:21.109  1563  1563 I EmojiCompatManager: 	at android.inputmethodservice.IInputMethodWrapper.executeMessage(IInputMethodWrapper.java:201)
02-19 13:20:21.109  1563  1563 I EmojiCompatManager: 	at com.android.internal.os.HandlerCaller$MyHandler.handleMessage(HandlerCaller.java:44)
02-19 13:20:21.109  1563  1563 I EmojiCompatManager: 	at android.os.Handler.dispatchMessage(Handler.java:110)
02-19 13:20:21.109  1563  1563 I EmojiCompatManager: 	at android.os.Looper.loopOnce(Looper.java:248)
02-19 13:20:21.109  1563  1563 I EmojiCompatManager: 	at android.os.Looper.loop(Looper.java:338)
02-19 13:20:21.109  1563  1563 I EmojiCompatManager: 	at android.app.ActivityThread.main(ActivityThread.java:9067)
02-19 13:20:21.109  1563  1563 I EmojiCompatManager: 	at java.lang.reflect.Method.invoke(Native Method)
02-19 13:20:21.109  1563  1563 I EmojiCompatManager: 	at com.android.internal.os.RuntimeInit$MethodAndArgsCaller.run(RuntimeInit.java:593)
02-19 13:20:21.109  1563  1563 I EmojiCompatManager: 	at com.android.internal.os.ZygoteInit.main(ZygoteInit.java:932)
02-19 13:20:21.112  1563  1563 W NotificationCenter: NotificationCenter$NotificationQueue.notifyPendingNotificationsOnExecutor():877 Heavy notify work detected on UI thread: [kig->khg, kig->khc, kig->ilu, kig->ilu, kig->ilu, kig->ilu, kig->ilu, kig->ilu, kig->gkl, kig->ilu, kig->ilu, kig->fef, kig->fro, kig->lux, kig->ilu, kig->imt, kig->ilu, kig->ilu, kig->ijm, kig->ilu, kig->ilu, kig->fcb, kig->jnx] takes 38ms
02-19 13:20:21.118   752  2505 W PackageConfigPersister: App-specific configuration not found for packageName: viva.republica.toss.test and userId: 0
02-19 13:20:21.129 32388  1843 W unknown:InspectorPackagerConnection: Couldn't connect to packager, will silently retry
02-19 13:20:21.131 32388 32388 D InsetsController: hide(ime(), fromIme=false)
02-19 13:20:21.131 32388 32388 I ImeTracker: viva.republica.toss.test:752de591: onCancelled at PHASE_CLIENT_ALREADY_HIDDEN
02-19 13:20:21.222  4449  4474 W WindowOnBackDispatcher: sendCancelIfRunning: isInProgress=false callback=android.view.ViewRootImpl$$ExternalSyntheticLambda13@c438db0
02-19 13:20:21.224   752  1509 D CoreBackPreview: Window{716400d u0 Splash Screen viva.republica.toss.test EXITING}: Setting back callback null
02-19 13:20:21.258   752  1095 D BackgroundInstallControlService: Package event received: 0
02-19 13:20:21.261 32388 32388 E unknown:ReactRootView: Unhandled SoftException
02-19 13:20:21.261 32388 32388 E unknown:ReactRootView: com.facebook.react.uimanager.IllegalViewOperationException: Trying to attach a ReactRootView with an explicit id already set to [2131362676]. React Native uses the id field to track react tags and will overwrite this field. If that is fine, explicitly overwrite the id field to View.NO_ID.
02-19 13:20:21.261 32388 32388 E unknown:ReactRootView: 	at com.facebook.react.ReactRootView.attachToReactInstanceManager(:799)
02-19 13:20:21.261 32388 32388 E unknown:ReactRootView: 	at com.facebook.react.ReactRootView.startReactApplication(:509)
02-19 13:20:21.261 32388 32388 E unknown:ReactRootView: 	at com.facebook.react.ReactRootView.startReactApplication(:469)
02-19 13:20:21.261 32388 32388 E unknown:ReactRootView: 	at im.toss.rn.granite.core.GraniteActivity.write(:486)
02-19 13:20:21.261 32388 32388 E unknown:ReactRootView: 	at im.toss.rn.granite.core.GraniteActivity.RemoteActionCompatParcelizer(:124)
02-19 13:20:21.261 32388 32388 E unknown:ReactRootView: 	at im.toss.rn.granite.core.GraniteActivity$RemoteActionCompatParcelizer.IconCompatParcelizer(:65353)
02-19 13:20:21.261 32388 32388 E unknown:ReactRootView: 	at o.sh.a_(:33)
02-19 13:20:21.261 32388 32388 E unknown:ReactRootView: 	at o.xP.run(:100)
02-19 13:20:21.261 32388 32388 E unknown:ReactRootView: 	at android.os.Handler.handleCallback(Handler.java:995)
02-19 13:20:21.261 32388 32388 E unknown:ReactRootView: 	at android.os.Handler.dispatchMessage(Handler.java:103)
02-19 13:20:21.261 32388 32388 E unknown:ReactRootView: 	at android.os.Looper.loopOnce(Looper.java:248)
02-19 13:20:21.261 32388 32388 E unknown:ReactRootView: 	at android.os.Looper.loop(Looper.java:338)
02-19 13:20:21.261 32388 32388 E unknown:ReactRootView: 	at android.app.ActivityThread.main(ActivityThread.java:9067)
02-19 13:20:21.261 32388 32388 E unknown:ReactRootView: 	at java.lang.reflect.Method.invoke(Native Method)
02-19 13:20:21.261 32388 32388 E unknown:ReactRootView: 	at com.android.internal.os.RuntimeInit$MethodAndArgsCaller.run(RuntimeInit.java:593)
02-19 13:20:21.261 32388 32388 E unknown:ReactRootView: 	at com.android.internal.os.ZygoteInit.main(ZygoteInit.java:932)
02-19 13:20:21.370   752  1233 D CoreBackPreview: Window{647402a u0 PopupWindow:2e0f820}: Setting back callback OnBackInvokedCallbackInfo{mCallback=android.window.IOnBackInvokedCallback$Stub$Proxy@242abb8, mPriority=0, mIsAnimationCallback=false, mOverrideBehavior=0}
02-19 13:20:22.551 32388 32388 W WindowOnBackDispatcher: sendCancelIfRunning: isInProgress=false callback=android.view.ViewRootImpl$$ExternalSyntheticLambda13@deb167f
02-19 13:20:22.552   752   780 D CoreBackPreview: Window{647402a u0 PopupWindow:2e0f820}: Setting back callback null
02-19 13:20:22.775 32388  1850 W unknown:ReactContext: initializeMessageQueueThreads() is called.
02-19 13:20:22.777 32388 32388 W unknown:ReactNative: Packager connection already open, nooping.
02-19 13:20:22.788 32388  1854 W unknown:ReactContext: initializeMessageQueueThreads() is called.
02-19 13:20:22.790 32388  1854 W unknown:ReactNative: Fresco has already been initialized with a different config. The new Fresco configuration will be ignored!
02-19 13:20:23.663  1862  1862 W dumpsys : Thread Pool max thread count is 0. Cannot cache binder as linkToDeath cannot be implemented. serviceName: window
02-19 13:20:23.736   752  2502 I system_server: AssetManager2(0x7d8fac516338) locale list changing from [] to [en-US]
02-19 13:20:23.739   752  2502 I system_server: AssetManager2(0x7d8fac4d71d8) locale list changing from [] to [en-US]
02-19 13:20:23.742   752  2502 I system_server: AssetManager2(0x7d8fac4d9118) locale list changing from [] to [en-US]
02-19 13:20:23.745   752  2502 I system_server: AssetManager2(0x7d8fac4d5f18) locale list changing from [] to [en-US]
02-19 13:20:23.748   752  2502 I system_server: AssetManager2(0x7d8fac4c7af8) locale list changing from [] to [en-US]
02-19 13:20:23.753   752  2502 I system_server: AssetManager2(0x7d8fac4c93f8) locale list changing from [] to [en-US]
02-19 13:20:23.815 32388 32388 W unknown:ReactContext: initializeMessageQueueThreads() is called.
02-19 13:20:23.991   752  2502 W PackageConfigPersister: App-specific configuration not found for packageName: viva.republica.toss.test and userId: 0
02-19 13:20:24.514  1563  1563 I StylusModule: StylusModule.onUpdateToolType():801 Update tool type = 0
02-19 13:20:25.903   531   568 W EventThread: Faking VSYNC due to driver stall for thread app
02-19 13:20:26.031  1563  1563 I StylusModule: StylusModule.onUpdateToolType():801 Update tool type = 0
02-19 13:20:26.860 32388  1853 I ReactNativeJS: Running "shared" with {"initialProps":{"initialColorPreference":"light","loadingStartTs":1771474821253,"initialFontScale":"100"},"rootTag":251}
02-19 13:20:27.028   531   568 W EventThread: Faking VSYNC due to driver stall for thread app
02-19 13:20:27.087 32388 32393 I blica.toss.test: NativeAlloc concurrent mark compact GC freed 6505KB AllocSpace bytes, 7(204KB) LOS objects, 49% free, 24MB/48MB, paused 1.632ms,3.692ms total 229.855ms
02-19 13:20:27.129 32388 32395 W System  : A resource failed to call close. 
02-19 13:20:27.307  4449  4467 V WindowManagerShell: Transition requested (#389): android.os.BinderProxy@e0d15b TransitionRequestInfo { type = CLOSE, triggerTask = null, pipChange = null, remoteTransition = null, displayChange = null, flags = 0, debugId = 389 }
02-19 13:20:27.313   531   548 I BpBinder: onLastStrongRef automatically unlinking death recipients: 
02-19 13:20:27.315   752   780 W ActivityTaskManager: Duplicate finish request for r=ActivityRecord{2815953 u0 viva.republica.toss.test/im.toss.rn.granite.core.GraniteActivity t56 f}}
02-19 13:20:27.324   752  1095 D BackgroundInstallControlService: Package event received: 0
02-19 13:20:27.326   752  1095 D BackgroundInstallControlService: Package event received: 0
02-19 13:20:27.326   752  1095 D BackgroundInstallControlService: Package event received: 0
02-19 13:20:27.407   531   531 I BpBinder: onLastStrongRef automatically unlinking death recipients: 
02-19 13:20:27.412 32388 32388 D ViewRootImpl: Skipping stats log for color mode
02-19 13:20:27.436 32388  1891 W unknown:ReconnectingWebSocket: Couldn't connect to "ws://10.0.2.2:8081/message?device=sdk_gphone64_x86_64%20-%2016%20-%20API%2036&app=viva.republica.toss.test&clientid=BridgeDevSupportManager", will silently retry
02-19 13:20:27.491   537   537 W adbd    : timeout expired while flushing socket, closing
02-19 13:20:27.503  1894  1894 W dumpsys : Thread Pool max thread count is 0. Cannot cache binder as linkToDeath cannot be implemented. serviceName: window
02-19 13:20:27.507   752   794 V WindowManager: Sent Transition (#389) createdAt=02-19 13:20:27.306 via request=TransitionRequestInfo { type = CLOSE, triggerTask = null, pipChange = null, remoteTransition = null, displayChange = null, flags = 0, debugId = 389 }
02-19 13:20:27.507   752   794 V WindowManager:     startWCT=WindowContainerTransaction { changes= {} hops= [] errorCallbackToken=null taskFragmentOrganizer=null }
02-19 13:20:27.507   752   794 V WindowManager:     info={id=389 t=CLOSE f=0x0 trk=0 r=[0@Point(0, 0)] c=[
02-19 13:20:27.507   752   794 V WindowManager:         {m=CLOSE f=FILLS_TASK leash=Surface(name=ActivityRecord{2815953 u0 viva.republica.toss.test/im.toss.rn.granite.core.GraniteActivity)/@0xf8acf5c sb=Rect(0, 0 - 1080, 2400) eb=Rect(0, 0 - 1080, 2400) epz=Point(1080, 2400) d=0 bc=ffffffff component=viva.republica.toss.test/im.toss.rn.granite.core.GraniteActivity opt={t=FROM_STYLE mUserId=0}},
02-19 13:20:27.507   752   794 V WindowManager:         {m=TO_FRONT f=FILLS_TASK leash=Surface(name=ActivityRecord{43696918 u0 viva.republica.toss.test/im.toss.rn.granite.core.GraniteActivity)/@0xe815469 sb=Rect(0, 0 - 1080, 2400) eb=Rect(0, 0 - 1080, 2400) epz=Point(1080, 2400) d=0 bc=ffffffff component=viva.republica.toss.test/im.toss.rn.granite.core.GraniteActivity opt={t=FROM_STYLE mUserId=0}}
02-19 13:20:27.507   752   794 V WindowManager:     ]}
02-19 13:20:27.511  4449 22136 V WindowManagerShell: onTransitionReady(transaction=3229815418149)
02-19 13:20:27.511  4449  4467 V WindowManagerShell: onTransitionReady (#389) android.os.BinderProxy@e0d15b: {id=389 t=CLOSE f=0x0 trk=0 r=[0@Point(0, 0)] c=[
02-19 13:20:27.511  4449  4467 V WindowManagerShell:         {m=CLOSE f=FILLS_TASK leash=Surface(name=ActivityRecord{2815953 u0 viva.republica.toss.test/im.toss.rn.granite.core.GraniteActivity)/@0x6e50df8 sb=Rect(0, 0 - 1080, 2400) eb=Rect(0, 0 - 1080, 2400) epz=Point(1080, 2400) d=0 bc=ffffffff component=viva.republica.toss.test/im.toss.rn.granite.core.GraniteActivity opt={t=FROM_STYLE mUserId=0}},
02-19 13:20:27.511  4449  4467 V WindowManagerShell:         {m=TO_FRONT f=FILLS_TASK leash=Surface(name=ActivityRecord{43696918 u0 viva.republica.toss.test/im.toss.rn.granite.core.GraniteActivity)/@0xf98b2d1 sb=Rect(0, 0 - 1080, 2400) eb=Rect(0, 0 - 1080, 2400) epz=Point(1080, 2400) d=0 bc=ffffffff component=viva.republica.toss.test/im.toss.rn.granite.core.GraniteActivity opt={t=FROM_STYLE mUserId=0}}
02-19 13:20:27.511  4449  4467 V WindowManagerShell:     ]}
02-19 13:20:27.511  4449  4467 V WindowManagerShell: Playing animation for (#389) android.os.BinderProxy@e0d15b@0
02-19 13:20:27.512  4449  4467 V ShellRecents: RecentsTransitionHandler.startAnimation: no controller found
02-19 13:20:27.512  4449  4467 V WindowManagerShell: Transition doesn't have explicit remote, search filters for match for {id=389 t=CLOSE f=0x0 trk=0 r=[0@Point(0, 0)] c=[{m=CLOSE f=FILLS_TASK leash=Surface(name=ActivityRecord{2815953 u0 viva.republica.toss.test/im.toss.rn.granite.core.GraniteActivity)/@0x6e50df8 sb=Rect(0, 0 - 1080, 2400) eb=Rect(0, 0 - 1080, 2400) epz=Point(1080, 2400) d=0 bc=ffffffff component=viva.republica.toss.test/im.toss.rn.granite.core.GraniteActivity opt={t=FROM_STYLE mUserId=0}},{m=TO_FRONT f=FILLS_TASK leash=Surface(name=ActivityRecord{43696918 u0 viva.republica.toss.test/im.toss.rn.granite.core.GraniteActivity)/@0xf98b2d1 sb=Rect(0, 0 - 1080, 2400) eb=Rect(0, 0 - 1080, 2400) epz=Point(1080, 2400) d=0 bc=ffffffff component=viva.republica.toss.test/im.toss.rn.granite.core.GraniteActivity opt={t=FROM_STYLE mUserId=0}}]}
02-19 13:20:27.512  4449  4467 V WindowManagerShell:  Checking filter Pair{{types=[] flags=0x0] notFlags=0x0 checks=[{atype=undefined independent=true modes=[CLOSE,TO_BACK] flags=IN_TASK_WITH_EMBEDDED_ACTIVITY mustBeTask=false order=ANY topActivity=null launchCookie=null taskFragmentToken=android.os.BinderProxy@268473d windowingMode=undefined}]} RemoteTransition { remoteTransition = android.window.IRemoteTransition$Stub$Proxy@2491b32, appThread = android.app.IApplicationThread$Stub$Proxy@a160083, debugName = overlayBackTransition }}
02-19 13:20:27.512  4449  4467 V WindowManagerShell:  Checking filter Pair{{types=[] flags=0x0] notFlags=0x0 checks=[{atype=dream independent=true modes=[OPEN,TO_FRONT] flags=NONE mustBeTask=false order=ANY topActivity=null launchCookie=null windowingMode=undefined},{atype=home independent=true modes=[CLOSE,TO_BACK] flags=NONE mustBeTask=false order=ANY topActivity=null launchCookie=null windowingMode=undefined}]} RemoteTransition { remoteTransition = android.window.IRemoteTransition$Stub$Proxy@7d85200, appThread = android.app.IApplicationThread$Stub$Proxy@c171a39, debugName = LauncherToDream }}
02-19 13:20:27.514  4449  4467 V WindowManagerShell:  Checking filter Pair{{types=[] flags=0x0] notFlags=0x100 checks=[{atype=home independent=true modes=[OPEN,TO_FRONT] flags=NONE mustBeTask=false order=TOP topActivity=ComponentInfo{com.google.android.apps.nexuslauncher/com.google.android.apps.nexuslauncher.NexusLauncherActivity} launchCookie=null windowingMode=undefined},{atype=standard independent=true modes=[CLOSE,TO_BACK] flags=NONE mustBeTask=false order=ANY topActivity=null launchCookie=null windowingMode=undefined},{NOT atype=undefined independent=true modes=[] flags=NONE mustBeTask=true order=ANY topActivity=null launchCookie=null customAnim=true windowingMode=undefined}]} RemoteTransition { remoteTransition = android.window.IRemoteTransition$Stub$Proxy@e9b87e, appThread = android.app.IApplicationThread$Stub$Proxy@92e21df, debugName = QuickstepLaunchHome }}
02-19 13:20:27.514  4449  4467 V WindowManagerShell:  Checking filter Pair{{types=[] flags=0x0] notFlags=0x0 checks=[{atype=undefined independent=true modes=[CLOSE,TO_BACK] flags=IN_TASK_WITH_EMBEDDED_ACTIVITY mustBeTask=false order=ANY topActivity=null launchCookie=null taskFragmentToken=android.os.BinderProxy@268473d windowingMode=undefined}]} RemoteTransition { remoteTransition = android.window.IRemoteTransition$Stub$Proxy@2767ac7, appThread = android.app.IApplicationThread$Stub$Proxy@2c518f4, debugName = overlayBackTransition }}
02-19 13:20:27.515  4449  4467 V WindowManagerShell:  Checking filter Pair{{types=[] flags=0x0] notFlags=0x0 checks=[{atype=dream independent=true modes=[OPEN,TO_FRONT] flags=NONE mustBeTask=false order=ANY topActivity=null launchCookie=null windowingMode=undefined},{atype=home independent=true modes=[CLOSE,TO_BACK] flags=NONE mustBeTask=false order=ANY topActivity=null launchCookie=null windowingMode=undefined}]} RemoteTransition { remoteTransition = android.window.IRemoteTransition$Stub$Proxy@c3e281d, appThread = android.app.IApplicationThread$Stub$Proxy@a1e1a92, debugName = LauncherToDream }}
02-19 13:20:27.518  4449  4467 V WindowManagerShell:  Checking filter Pair{{types=[] flags=0x0] notFlags=0x100 checks=[{atype=home independent=true modes=[OPEN,TO_FRONT] flags=NONE mustBeTask=false order=TOP topActivity=ComponentInfo{com.google.android.apps.nexuslauncher/com.google.android.apps.nexuslauncher.NexusLauncherActivity} launchCookie=null windowingMode=undefined},{atype=standard independent=true modes=[CLOSE,TO_BACK] flags=NONE mustBeTask=false order=ANY topActivity=null launchCookie=null windowingMode=undefined},{NOT atype=undefined independent=true modes=[] flags=NONE mustBeTask=true order=ANY topActivity=null launchCookie=null customAnim=true windowingMode=undefined}]} RemoteTransition { remoteTransition = android.window.IRemoteTransition$Stub$Proxy@9d5fc63, appThread = android.app.IApplicationThread$Stub$Proxy@a94d060, debugName = QuickstepLaunchHome }}
02-19 13:20:27.518  4449  4467 V WindowManagerShell:  Delegate animation for (#389) to null
02-19 13:20:27.519  4449  4467 V WindowManagerShell: start default transition animation, info = {id=389 t=CLOSE f=0x0 trk=0 r=[0@Point(0, 0)] c=[{m=CLOSE f=FILLS_TASK leash=Surface(name=ActivityRecord{2815953 u0 viva.republica.toss.test/im.toss.rn.granite.core.GraniteActivity)/@0x6e50df8 sb=Rect(0, 0 - 1080, 2400) eb=Rect(0, 0 - 1080, 2400) epz=Point(1080, 2400) d=0 bc=ffffffff component=viva.republica.toss.test/im.toss.rn.granite.core.GraniteActivity opt={t=FROM_STYLE mUserId=0}},{m=TO_FRONT f=FILLS_TASK leash=Surface(name=ActivityRecord{43696918 u0 viva.republica.toss.test/im.toss.rn.granite.core.GraniteActivity)/@0xf98b2d1 sb=Rect(0, 0 - 1080, 2400) eb=Rect(0, 0 - 1080, 2400) epz=Point(1080, 2400) d=0 bc=ffffffff component=viva.republica.toss.test/im.toss.rn.granite.core.GraniteActivity opt={t=FROM_STYLE mUserId=0}}]}
02-19 13:20:27.559  4449  4467 V WindowManagerShell: loadAnimation: anim=android.view.animation.AnimationSet@7c8fac2 animAttr=0x6 type=CLOSE isEntrance=true
02-19 13:20:27.560  4449  4467 V WindowManagerShell: loadAnimation: anim=android.view.animation.AnimationSet@ee7a410 animAttr=0x7 type=CLOSE isEntrance=false
02-19 13:20:27.563  4449  4467 V WindowManagerShell:  animated by com.android.wm.shell.transition.DefaultTransitionHandler@f74d823
02-19 13:20:27.746 32388  1731 D ReactNativeJS: '[Analytics]', '{\n  "log_type": "screen",\n  "log_name": "/::screen",\n  "params": {\n    "referrer": null,\n    "deployment_id": "local",\n    "deployment_timestamp": null\n  }\n}'
02-19 13:20:27.904   752   989 I ImeTracker: viva.republica.toss.test:eede56e6: onRequestHide at ORIGIN_SERVER reason HIDE_UNSPECIFIED_WINDOW fromUser false
02-19 13:20:27.912  1563  1563 I GoogleInputMethodService: GoogleInputMethodService.onFinishInput():2043 
02-19 13:20:27.914   752  1509 I ImeTracker: system_server:4c16ec6e: onRequestHide at ORIGIN_SERVER reason IME_REQUESTED_CHANGED_LISTENER fromUser false
02-19 13:20:27.914   752   797 I ImeTracker: system_server:4c16ec6e: onCancelled at PHASE_SERVER_SHOULD_HIDE
02-19 13:20:27.915 32388 32388 D InsetsController: hide(ime(), fromIme=false)
02-19 13:20:27.915 32388 32388 I ImeTracker: viva.republica.toss.test:eede56e6: onCancelled at PHASE_CLIENT_ALREADY_HIDDEN
02-19 13:20:27.917  1563  1563 I Module  : DeviceLockedStatusModuleProvider$Module.updateDeviceLockedStatus():100 repeatCheckTimes = 0, locked = false
02-19 13:20:27.921  1563  1563 I GoogleInputMethodService: GoogleInputMethodService.onStartInput():1293 onStartInput(EditorInfo{EditorInfo{packageName=viva.republica.toss.test, inputType=0, inputTypeString=NULL, enableLearning=false, autoCorrection=false, autoComplete=false, imeOptions=0, privateImeOptions=null, actionName=UNSPECIFIED, actionLabel=null, initialSelStart=-1, initialSelEnd=-1, initialCapsMode=0, label=null, fieldId=0, fieldName=null, extras=null, hintText=null, hintLocales=[]}}, false)
02-19 13:20:27.924  1563  1563 I Module  : DeviceLockedStatusModuleProvider$Module.updateDeviceLockedStatus():100 repeatCheckTimes = 1, locked = false
02-19 13:20:27.926  1563  1563 I EmojiCompatManager: EmojiCompatManager.getEmojiCompatIfLoaded():343 EmojiCompat.init() was never called.
02-19 13:20:27.926  1563  1563 I EmojiCompatManager: java.lang.IllegalStateException: EmojiCompat is not initialized. Please call EmojiCompat.init() first
02-19 13:20:27.926  1563  1563 I EmojiCompatManager: 	at asx.p(PG:6)
02-19 13:20:27.926  1563  1563 I EmojiCompatManager: 	at axb.b(PG:13)
02-19 13:20:27.926  1563  1563 I EmojiCompatManager: 	at jnr.b(PG:2)
02-19 13:20:27.926  1563  1563 I EmojiCompatManager: 	at jnr.c(PG:4)
02-19 13:20:27.926  1563  1563 I EmojiCompatManager: 	at jnr.f(PG:3)
02-19 13:20:27.926  1563  1563 I EmojiCompatManager: 	at jnx.c(PG:3)
02-19 13:20:27.926  1563  1563 I EmojiCompatManager: 	at kif.cz(PG:47)
02-19 13:20:27.926  1563  1563 I EmojiCompatManager: 	at lhl.run(PG:1025)
02-19 13:20:27.926  1563  1563 I EmojiCompatManager: 	at jaf.execute(PG:12)
02-19 13:20:27.926  1563  1563 I EmojiCompatManager: 	at nco.v(PG:13)
02-19 13:20:27.926  1563  1563 I EmojiCompatManager: 	at lhn.m(PG:96)
02-19 13:20:27.926  1563  1563 I EmojiCompatManager: 	at lhn.k(PG:25)
02-19 13:20:27.926  1563  1563 I EmojiCompatManager: 	at kgn.onStartInput(PG:250)
02-19 13:20:27.926  1563  1563 I EmojiCompatManager: 	at android.inputmethodservice.InputMethodService.doStartInput(InputMethodService.java:3521)
02-19 13:20:27.926  1563  1563 I EmojiCompatManager: 	at android.inputmethodservice.InputMethodService$InputMethodImpl.startInput(InputMethodService.java:879)
02-19 13:20:27.926  1563  1563 I EmojiCompatManager: 	at android.inputmethodservice.InputMethodService$InputMethodImpl.dispatchStartInput(InputMethodService.java:908)
02-19 13:20:27.926  1563  1563 I EmojiCompatManager: 	at android.inputmethodservice.IInputMethodWrapper.executeMessage(IInputMethodWrapper.java:201)
02-19 13:20:27.926  1563  1563 I EmojiCompatManager: 	at com.android.internal.os.HandlerCaller$MyHandler.handleMessage(HandlerCaller.java:44)
02-19 13:20:27.926  1563  1563 I EmojiCompatManager: 	at android.os.Handler.dispatchMessage(Handler.java:110)
02-19 13:20:27.926  1563  1563 I EmojiCompatManager: 	at android.os.Looper.loopOnce(Looper.java:248)
02-19 13:20:27.926  1563  1563 I EmojiCompatManager: 	at android.os.Looper.loop(Looper.java:338)
02-19 13:20:27.926  1563  1563 I EmojiCompatManager: 	at android.app.ActivityThread.main(ActivityThread.java:9067)
02-19 13:20:27.926  1563  1563 I EmojiCompatManager: 	at java.lang.reflect.Method.invoke(Native Method)
02-19 13:20:27.926  1563  1563 I EmojiCompatManager: 	at com.android.internal.os.RuntimeInit$MethodAndArgsCaller.run(RuntimeInit.java:593)
02-19 13:20:27.926  1563  1563 I EmojiCompatManager: 	at com.android.internal.os.ZygoteInit.main(ZygoteInit.java:932)
02-19 13:20:27.927   752   780 W PackageConfigPersister: App-specific configuration not found for packageName: viva.republica.toss.test and userId: 0
02-19 13:20:28.084  4449  4467 V WindowManagerShell: Transition animation finished (aborted=false), notifying core (#389) android.os.BinderProxy@e0d15b@0
02-19 13:20:28.088   752   794 V WindowManager: Finish Transition (#389): created at 02-19 13:20:27.306 collect-started=0.042ms request-sent=0.096ms started=9.069ms ready=21.201ms sent=200.175ms commit=81.078ms finished=779.549ms
02-19 13:20:28.094  4449  4467 V WindowManagerShell: Track 0 became idle
02-19 13:20:28.094  4449  4467 V WindowManagerShell: All active transition animations finished
02-19 13:20:28.100 32388 32388 D VRI[GraniteActivity]: visibilityChanged oldVisibility=true newVisibility=false
02-19 13:20:28.133 32388  1853 D ReactNativeJS: '[Analytics]', '{\n  "log_type": "screen",\n  "log_name": "/::screen",\n  "params": {\n    "referrer": null,\n    "deployment_id": "local",\n    "deployment_timestamp": null\n  }\n}'
02-19 13:20:28.175   537   537 W adbd    : timeout expired while flushing socket, closing
02-19 13:20:28.337 32388 32388 E unknown:ReactNative: Tried to remove non-existent frame callback
02-19 13:20:28.338 32388 32388 I Ads     : Destroyed all ad preloaders for ad format: REWARDED
02-19 13:20:28.338 32388 32388 I Ads     : Destroyed all ad preloaders for ad format: INTERSTITIAL
02-19 13:20:28.353   752   780 W ActivityTaskManager: callingPackage for (uid=2000, pid=1900) has no WPC
02-19 13:20:28.354   752   780 V GrammaticalInflectionUtils: AttributionSource: android.content.AttributionSource@56784557 does not have READ_SYSTEM_GRAMMATICAL_GENDER permission.
02-19 13:20:28.355   752   780 W OptProp : Cannot read opt property android.window.PROPERTY_COMPAT_ALLOW_USER_ASPECT_RATIO_OVERRIDE
02-19 13:20:28.355   752   780 W OptProp : Cannot read opt property android.window.PROPERTY_COMPAT_ALLOW_USER_ASPECT_RATIO_FULLSCREEN_OVERRIDE
02-19 13:20:28.355   752   780 W OptProp : Cannot read opt property android.window.PROPERTY_COMPAT_ALLOW_RESIZEABLE_ACTIVITY_OVERRIDES
02-19 13:20:28.355   752   780 W OptProp : Cannot read opt property android.window.PROPERTY_COMPAT_ALLOW_MIN_ASPECT_RATIO_OVERRIDE
02-19 13:20:28.358   531   602 I BpBinder: onLastStrongRef automatically unlinking death recipients: 
02-19 13:20:28.358  4449 21898 D KeyguardService: setOccluded(false)
02-19 13:20:28.358  4449 21898 D KeyguardViewMediator: setOccluded(false)
02-19 13:20:28.358   752   780 I ActivityTaskManager: START u0 {act=android.intent.action.VIEW dat=intoss://takealook/... flg=0x10000000 xflg=0x4 pkg=viva.republica.toss.test cmp=viva.republica.toss.test/.MiniAppSchemeActivity} with LAUNCH_MULTIPLE from uid 2000 (BAL_ALLOW_PERMISSION) result code=3
02-19 13:20:28.358  4449  4449 D KeyguardViewMediator: handleSetOccluded(false)
02-19 13:20:28.361  4449  4467 D WindowManagerShell: onActivityRestartAttempt: topActivity=ComponentInfo{viva.republica.toss.test/im.toss.rn.granite.core.GraniteActivity}, wasVisible=true
02-19 13:20:28.557 32388 32388 W WindowOnBackDispatcher: sendCancelIfRunning: isInProgress=false callback=android.view.ViewRootImpl$$ExternalSyntheticLambda13@c96ef42
02-19 13:20:28.557   752   780 D CoreBackPreview: Window{724467d u0 viva.republica.toss.test/im.toss.rn.granite.core.GraniteActivity}: Setting back callback null
02-19 13:20:28.559 32388 32388 D ViewRootImpl: Skipping stats log for color mode
02-19 13:20:28.617   752  1095 D BackgroundInstallControlService: Package event received: 0
02-19 13:20:28.621 32388 32388 E unknown:ReactInstanceManager: destroyRootView called
02-19 13:20:28.621 32388 32388 E unknown:ReactInstanceManager: destroyRootView called, unmountReactApplication
02-19 13:20:28.873  4449  4449 D KeyguardViewMediator: KeyguardViewMediator queue processing message: SET_OCCLUDED
02-19 13:20:29.198 32388 32388 W unknown:ViewManagerPropertyUpdater: Could not find generated setter for class com.facebook.react.views.view.ReactViewManager
02-19 13:20:29.244 32388 32388 W unknown:ViewManagerPropertyUpdater: Could not find generated setter for class com.facebook.react.views.text.ReactTextViewManager
02-19 13:20:29.270 32388 32388 W unknown:ViewManagerPropertyUpdater: Could not find generated setter for class com.reactnativecommunity.webview.RNCWebViewManager
02-19 13:20:29.282   752  1095 D BackgroundInstallControlService: Package event received: 0
02-19 13:20:29.283   752  1233 D ActivityManager: sync unfroze 30659 com.google.android.gms for 6
02-19 13:20:29.284   752  1095 D BackgroundInstallControlService: Package event received: 0
02-19 13:20:29.301 30659 30659 D BoundBrokerSvc: onBind: Intent { act=com.google.android.gms.safebrowsing.SafeBrowsingService.START dat=chimera-action:/... xflg=0x4 cmp=com.google.android.gms/.chimera.GmsBoundBrokerService }
02-19 13:20:29.302 30659 30659 D BoundBrokerSvc: Loading bound service for intent: Intent { act=com.google.android.gms.safebrowsing.SafeBrowsingService.START dat=chimera-action:/... xflg=0x4 cmp=com.google.android.gms/.chimera.GmsBoundBrokerService }
02-19 13:20:29.444 32388 32388 E unknown:com.facebook.react.uimanager.UIManagerHelper: Unhandled SoftException
02-19 13:20:29.444 32388 32388 E unknown:com.facebook.react.uimanager.UIManagerHelper: com.facebook.react.bridge.ReactNoCrashSoftException: Cannot get UIManager because the context doesn't contain an active CatalystInstance.
02-19 13:20:29.444 32388 32388 E unknown:com.facebook.react.uimanager.UIManagerHelper: 	at com.facebook.react.uimanager.UIManagerHelper.getUIManager(:77)
02-19 13:20:29.444 32388 32388 E unknown:com.facebook.react.uimanager.UIManagerHelper: 	at com.facebook.react.uimanager.UIManagerHelper.getEventDispatcher(:128)
02-19 13:20:29.444 32388 32388 E unknown:com.facebook.react.uimanager.UIManagerHelper: 	at com.facebook.react.uimanager.UIManagerHelper.getEventDispatcherForReactTag(:106)
02-19 13:20:29.444 32388 32388 E unknown:com.facebook.react.uimanager.UIManagerHelper: 	at o.dotWithNormal.onProgressChanged(:138)
02-19 13:20:29.444 32388 32388 E unknown:com.facebook.react.uimanager.UIManagerHelper: 	at WV.OZ.d(chromium-TrichromeWebViewGoogle6432.aab-stable-694313738:19)
02-19 13:20:29.444 32388 32388 E unknown:com.facebook.react.uimanager.UIManagerHelper: 	at WV.m7.handleMessage(chromium-TrichromeWebViewGoogle6432.aab-stable-694313738:242)
02-19 13:20:29.444 32388 32388 E unknown:com.facebook.react.uimanager.UIManagerHelper: 	at android.os.Handler.dispatchMessage(Handler.java:110)
02-19 13:20:29.444 32388 32388 E unknown:com.facebook.react.uimanager.UIManagerHelper: 	at android.os.Looper.loopOnce(Looper.java:248)
02-19 13:20:29.444 32388 32388 E unknown:com.facebook.react.uimanager.UIManagerHelper: 	at android.os.Looper.loop(Looper.java:338)
02-19 13:20:29.444 32388 32388 E unknown:com.facebook.react.uimanager.UIManagerHelper: 	at android.app.ActivityThread.main(ActivityThread.java:9067)
02-19 13:20:29.444 32388 32388 E unknown:com.facebook.react.uimanager.UIManagerHelper: 	at java.lang.reflect.Method.invoke(Native Method)
02-19 13:20:29.444 32388 32388 E unknown:com.facebook.react.uimanager.UIManagerHelper: 	at com.android.internal.os.RuntimeInit$MethodAndArgsCaller.run(RuntimeInit.java:593)
02-19 13:20:29.444 32388 32388 E unknown:com.facebook.react.uimanager.UIManagerHelper: 	at com.android.internal.os.ZygoteInit.main(ZygoteInit.java:932)
02-19 13:20:29.445 32388 32388 E unknown:com.facebook.react.uimanager.UIManagerHelper: Unhandled SoftException
02-19 13:20:29.445 32388 32388 E unknown:com.facebook.react.uimanager.UIManagerHelper: com.facebook.react.bridge.ReactNoCrashSoftException: Cannot get UIManager because the context doesn't contain an active CatalystInstance.
02-19 13:20:29.445 32388 32388 E unknown:com.facebook.react.uimanager.UIManagerHelper: 	at com.facebook.react.uimanager.UIManagerHelper.getUIManager(:77)
02-19 13:20:29.445 32388 32388 E unknown:com.facebook.react.uimanager.UIManagerHelper: 	at com.facebook.react.uimanager.UIManagerHelper.getUIManager(:47)
02-19 13:20:29.445 32388 32388 E unknown:com.facebook.react.uimanager.UIManagerHelper: 	at com.facebook.react.animated.NativeAnimatedNodesManager.handleEvent(:573)
02-19 13:20:29.445 32388 32388 E unknown:com.facebook.react.uimanager.UIManagerHelper: 	at com.facebook.react.animated.NativeAnimatedNodesManager.onEventDispatch(:551)
02-19 13:20:29.445 32388 32388 E unknown:com.facebook.react.uimanager.UIManagerHelper: 	at com.facebook.react.uimanager.events.EventDispatcherImpl.dispatchEvent(:116)
02-19 13:20:29.445 32388 32388 E unknown:com.facebook.react.uimanager.UIManagerHelper: 	at o.dotWithNormal.onProgressChanged(:138)
02-19 13:20:29.445 32388 32388 E unknown:com.facebook.react.uimanager.UIManagerHelper: 	at WV.OZ.d(chromium-TrichromeWebViewGoogle6432.aab-stable-694313738:19)
02-19 13:20:29.445 32388 32388 E unknown:com.facebook.react.uimanager.UIManagerHelper: 	at WV.m7.handleMessage(chromium-TrichromeWebViewGoogle6432.aab-stable-694313738:242)
02-19 13:20:29.445 32388 32388 E unknown:com.facebook.react.uimanager.UIManagerHelper: 	at android.os.Handler.dispatchMessage(Handler.java:110)
02-19 13:20:29.445 32388 32388 E unknown:com.facebook.react.uimanager.UIManagerHelper: 	at android.os.Looper.loopOnce(Looper.java:248)
02-19 13:20:29.445 32388 32388 E unknown:com.facebook.react.uimanager.UIManagerHelper: 	at android.os.Looper.loop(Looper.java:338)
02-19 13:20:29.445 32388 32388 E unknown:com.facebook.react.uimanager.UIManagerHelper: 	at android.app.ActivityThread.main(ActivityThread.java:9067)
02-19 13:20:29.445 32388 32388 E unknown:com.facebook.react.uimanager.UIManagerHelper: 	at java.lang.reflect.Method.invoke(Native Method)
02-19 13:20:29.445 32388 32388 E unknown:com.facebook.react.uimanager.UIManagerHelper: 	at com.android.internal.os.RuntimeInit$MethodAndArgsCaller.run(RuntimeInit.java:593)
02-19 13:20:29.445 32388 32388 E unknown:com.facebook.react.uimanager.UIManagerHelper: 	at com.android.internal.os.ZygoteInit.main(ZygoteInit.java:932)
02-19 13:20:29.446 32388 32388 W unknown:ReactNative: Tried to enqueue runnable on already finished thread: 'js... dropping Runnable.
02-19 13:20:29.587  1908  1908 W dumpsys : Thread Pool max thread count is 0. Cannot cache binder as linkToDeath cannot be implemented. serviceName: package
02-19 13:20:30.249  1772  1775 I artd    : GetBestInfo: odex next to the dex file (/data/app/~~O-UZzK0jUU9NLgS3MODOZA==/com.google.android.gms-YQ2L6GsYyKuvu9MvIBK1EQ==/oat/x86_64/base.odex) is kOatUpToDate with filter 'speed-profile' executable 'false'
02-19 13:20:30.351 32388 32388 E unknown:com.facebook.react.uimanager.UIManagerHelper: Unhandled SoftException
02-19 13:20:30.351 32388 32388 E unknown:com.facebook.react.uimanager.UIManagerHelper: com.facebook.react.bridge.ReactNoCrashSoftException: Cannot get UIManager because the context doesn't contain an active CatalystInstance.
02-19 13:20:30.351 32388 32388 E unknown:com.facebook.react.uimanager.UIManagerHelper: 	at com.facebook.react.uimanager.UIManagerHelper.getUIManager(:77)
02-19 13:20:30.351 32388 32388 E unknown:com.facebook.react.uimanager.UIManagerHelper: 	at com.facebook.react.uimanager.UIManagerHelper.getEventDispatcher(:128)
02-19 13:20:30.351 32388 32388 E unknown:com.facebook.react.uimanager.UIManagerHelper: 	at com.facebook.react.uimanager.UIManagerHelper.getEventDispatcherForReactTag(:106)
02-19 13:20:30.351 32388 32388 E unknown:com.facebook.react.uimanager.UIManagerHelper: 	at com.reactnativecommunity.webview.RNCWebView.buF_(:461)
02-19 13:20:30.351 32388 32388 E unknown:com.facebook.react.uimanager.UIManagerHelper: 	at o.setLocation.doUpdateVisitedHistory(:77)
02-19 13:20:30.351 32388 32388 E unknown:com.facebook.react.uimanager.UIManagerHelper: 	at WV.m7.handleMessage(chromium-TrichromeWebViewGoogle6432.aab-stable-694313738:204)
02-19 13:20:30.351 32388 32388 E unknown:com.facebook.react.uimanager.UIManagerHelper: 	at android.os.Handler.dispatchMessage(Handler.java:110)
02-19 13:20:30.351 32388 32388 E unknown:com.facebook.react.uimanager.UIManagerHelper: 	at android.os.Looper.loopOnce(Looper.java:248)
02-19 13:20:30.351 32388 32388 E unknown:com.facebook.react.uimanager.UIManagerHelper: 	at android.os.Looper.loop(Looper.java:338)
02-19 13:20:30.351 32388 32388 E unknown:com.facebook.react.uimanager.UIManagerHelper: 	at android.app.ActivityThread.main(ActivityThread.java:9067)
02-19 13:20:30.351 32388 32388 E unknown:com.facebook.react.uimanager.UIManagerHelper: 	at java.lang.reflect.Method.invoke(Native Method)
02-19 13:20:30.351 32388 32388 E unknown:com.facebook.react.uimanager.UIManagerHelper: 	at com.android.internal.os.RuntimeInit$MethodAndArgsCaller.run(RuntimeInit.java:593)
02-19 13:20:30.351 32388 32388 E unknown:com.facebook.react.uimanager.UIManagerHelper: 	at com.android.internal.os.ZygoteInit.main(ZygoteInit.java:932)
02-19 13:20:30.352 32388 32388 E unknown:com.facebook.react.uimanager.UIManagerHelper: Unhandled SoftException
02-19 13:20:30.352 32388 32388 E unknown:com.facebook.react.uimanager.UIManagerHelper: com.facebook.react.bridge.ReactNoCrashSoftException: Cannot get UIManager because the context doesn't contain an active CatalystInstance.
02-19 13:20:30.352 32388 32388 E unknown:com.facebook.react.uimanager.UIManagerHelper: 	at com.facebook.react.uimanager.UIManagerHelper.getUIManager(:77)
02-19 13:20:30.352 32388 32388 E unknown:com.facebook.react.uimanager.UIManagerHelper: 	at com.facebook.react.uimanager.UIManagerHelper.getUIManager(:47)
02-19 13:20:30.352 32388 32388 E unknown:com.facebook.react.uimanager.UIManagerHelper: 	at com.facebook.react.animated.NativeAnimatedNodesManager.handleEvent(:573)
02-19 13:20:30.352 32388 32388 E unknown:com.facebook.react.uimanager.UIManagerHelper: 	at com.facebook.react.animated.NativeAnimatedNodesManager.onEventDispatch(:551)
02-19 13:20:30.352 32388 32388 E unknown:com.facebook.react.uimanager.UIManagerHelper: 	at com.facebook.react.uimanager.events.EventDispatcherImpl.dispatchEvent(:116)
02-19 13:20:30.352 32388 32388 E unknown:com.facebook.react.uimanager.UIManagerHelper: 	at com.reactnativecommunity.webview.RNCWebView.buF_(:461)
02-19 13:20:30.352 32388 32388 E unknown:com.facebook.react.uimanager.UIManagerHelper: 	at o.setLocation.doUpdateVisitedHistory(:77)
02-19 13:20:30.352 32388 32388 E unknown:com.facebook.react.uimanager.UIManagerHelper: 	at WV.m7.handleMessage(chromium-TrichromeWebViewGoogle6432.aab-stable-694313738:204)
02-19 13:20:30.352 32388 32388 E unknown:com.facebook.react.uimanager.UIManagerHelper: 	at android.os.Handler.dispatchMessage(Handler.java:110)
02-19 13:20:30.352 32388 32388 E unknown:com.facebook.react.uimanager.UIManagerHelper: 	at android.os.Looper.loopOnce(Looper.java:248)
02-19 13:20:30.352 32388 32388 E unknown:com.facebook.react.uimanager.UIManagerHelper: 	at android.os.Looper.loop(Looper.java:338)
02-19 13:20:30.352 32388 32388 E unknown:com.facebook.react.uimanager.UIManagerHelper: 	at android.app.ActivityThread.main(ActivityThread.java:9067)
02-19 13:20:30.352 32388 32388 E unknown:com.facebook.react.uimanager.UIManagerHelper: 	at java.lang.reflect.Method.invoke(Native Method)
02-19 13:20:30.352 32388 32388 E unknown:com.facebook.react.uimanager.UIManagerHelper: 	at com.android.internal.os.RuntimeInit$MethodAndArgsCaller.run(RuntimeInit.java:593)
02-19 13:20:30.352 32388 32388 E unknown:com.facebook.react.uimanager.UIManagerHelper: 	at com.android.internal.os.ZygoteInit.main(ZygoteInit.java:932)
02-19 13:20:30.354 32388 32388 E unknown:com.facebook.react.uimanager.UIManagerHelper: Unhandled SoftException
02-19 13:20:30.354 32388 32388 E unknown:com.facebook.react.uimanager.UIManagerHelper: com.facebook.react.bridge.ReactNoCrashSoftException: Cannot get UIManager because the context doesn't contain an active CatalystInstance.
02-19 13:20:30.354 32388 32388 E unknown:com.facebook.react.uimanager.UIManagerHelper: 	at com.facebook.react.uimanager.UIManagerHelper.getUIManager(:77)
02-19 13:20:30.354 32388 32388 E unknown:com.facebook.react.uimanager.UIManagerHelper: 	at com.facebook.react.uimanager.UIManagerHelper.getEventDispatcher(:128)
02-19 13:20:30.354 32388 32388 E unknown:com.facebook.react.uimanager.UIManagerHelper: 	at com.facebook.react.uimanager.UIManagerHelper.getEventDispatcherForReactTag(:106)
02-19 13:20:30.354 32388 32388 E unknown:com.facebook.react.uimanager.UIManagerHelper: 	at o.dotWithNormal.onProgressChanged(:138)
02-19 13:20:30.354 32388 32388 E unknown:com.facebook.react.uimanager.UIManagerHelper: 	at WV.OZ.d(chromium-TrichromeWebViewGoogle6432.aab-stable-694313738:19)
02-19 13:20:30.354 32388 32388 E unknown:com.facebook.react.uimanager.UIManagerHelper: 	at WV.m7.handleMessage(chromium-TrichromeWebViewGoogle6432.aab-stable-694313738:242)
02-19 13:20:30.354 32388 32388 E unknown:com.facebook.react.uimanager.UIManagerHelper: 	at android.os.Handler.dispatchMessage(Handler.java:110)
02-19 13:20:30.354 32388 32388 E unknown:com.facebook.react.uimanager.UIManagerHelper: 	at android.os.Looper.loopOnce(Looper.java:248)
02-19 13:20:30.354 32388 32388 E unknown:com.facebook.react.uimanager.UIManagerHelper: 	at android.os.Looper.loop(Looper.java:338)
02-19 13:20:30.354 32388 32388 E unknown:com.facebook.react.uimanager.UIManagerHelper: 	at android.app.ActivityThread.main(ActivityThread.java:9067)
02-19 13:20:30.354 32388 32388 E unknown:com.facebook.react.uimanager.UIManagerHelper: 	at java.lang.reflect.Method.invoke(Native Method)
02-19 13:20:30.354 32388 32388 E unknown:com.facebook.react.uimanager.UIManagerHelper: 	at com.android.internal.os.RuntimeInit$MethodAndArgsCaller.run(RuntimeInit.java:593)
02-19 13:20:30.354 32388 32388 E unknown:com.facebook.react.uimanager.UIManagerHelper: 	at com.android.internal.os.ZygoteInit.main(ZygoteInit.java:932)
02-19 13:20:30.355 32388 32388 E unknown:com.facebook.react.uimanager.UIManagerHelper: Unhandled SoftException
02-19 13:20:30.355 32388 32388 E unknown:com.facebook.react.uimanager.UIManagerHelper: com.facebook.react.bridge.ReactNoCrashSoftException: Cannot get UIManager because the context doesn't contain an active CatalystInstance.
02-19 13:20:30.355 32388 32388 E unknown:com.facebook.react.uimanager.UIManagerHelper: 	at com.facebook.react.uimanager.UIManagerHelper.getUIManager(:77)
02-19 13:20:30.355 32388 32388 E unknown:com.facebook.react.uimanager.UIManagerHelper: 	at com.facebook.react.uimanager.UIManagerHelper.getUIManager(:47)
02-19 13:20:30.355 32388 32388 E unknown:com.facebook.react.uimanager.UIManagerHelper: 	at com.facebook.react.animated.NativeAnimatedNodesManager.handleEvent(:573)
02-19 13:20:30.355 32388 32388 E unknown:com.facebook.react.uimanager.UIManagerHelper: 	at com.facebook.react.animated.NativeAnimatedNodesManager.onEventDispatch(:551)
02-19 13:20:30.355 32388 32388 E unknown:com.facebook.react.uimanager.UIManagerHelper: 	at com.facebook.react.uimanager.events.EventDispatcherImpl.dispatchEvent(:116)
02-19 13:20:30.355 32388 32388 E unknown:com.facebook.react.uimanager.UIManagerHelper: 	at o.dotWithNormal.onProgressChanged(:138)
02-19 13:20:30.355 32388 32388 E unknown:com.facebook.react.uimanager.UIManagerHelper: 	at WV.OZ.d(chromium-TrichromeWebViewGoogle6432.aab-stable-694313738:19)
02-19 13:20:30.355 32388 32388 E unknown:com.facebook.react.uimanager.UIManagerHelper: 	at WV.m7.handleMessage(chromium-TrichromeWebViewGoogle6432.aab-stable-694313738:242)
