--------- beginning of system
02-19 19:33:42.264   752   779 D CoreBackPreview: Window{9110845 u0 viva.republica.toss.test/im.toss.rn.granite.core.GraniteActivity}: Setting back callback OnBackInvokedCallbackInfo{mCallback=android.window.IOnBackInvokedCallback$Stub$Proxy@bd2aca8, mPriority=0, mIsAnimationCallback=false, mOverrideBehavior=0}
--------- beginning of main
02-19 19:33:42.264 19316 19316 W unknown:ReactRootView: Unable to update root layout specs for uninitialized ReactInstanceManager
02-19 19:33:42.348 19316 20314 W okhttp.OkHttpClient: A connection to http://localhost:8081/ was leaked. Did you forget to close a response body? To see where this was allocated, set the OkHttpClient logger level to FINE: Logger.getLogger(OkHttpClient.class.getName()).setLevel(Level.FINE);
02-19 19:33:42.417 19316 19316 D VRI[MiniAppSchemeActivity]: visibilityChanged oldVisibility=true newVisibility=false
02-19 19:33:42.427   752   794 I ActivityTaskManager: Displayed viva.republica.toss.test/im.toss.rn.granite.core.GraniteActivity for user 0: +2s428ms
02-19 19:33:42.429 19316 19316 W WindowOnBackDispatcher: sendCancelIfRunning: isInProgress=false callback=android.view.ViewRootImpl$$ExternalSyntheticLambda13@c62000
02-19 19:33:42.430   752  1454 D CoreBackPreview: Window{edeb2cf u0 viva.republica.toss.test/viva.republica.toss.test.MiniAppSchemeActivity}: Setting back callback null
02-19 19:33:42.433 19316 19316 D ViewRootImpl: Skipping stats log for color mode
02-19 19:33:42.523   752  1095 D BackgroundInstallControlService: Package event received: 0
02-19 19:33:42.656 19316 19316 I Choreographer: Skipped 34 frames!  The application may be doing too much work on its main thread.
02-19 19:33:42.840 19316 21059 W unknown:ReconnectingWebSocket: Couldn't connect to "ws://10.0.2.2:8081/message?device=sdk_gphone64_x86_64%20-%2016%20-%20API%2036&app=viva.republica.toss.test&clientid=BridgeDevSupportManager", will silently retry
02-19 19:33:42.841   752   989 I ImeTracker: viva.republica.toss.test:b96e6ea7: onRequestHide at ORIGIN_SERVER reason HIDE_UNSPECIFIED_WINDOW fromUser false
02-19 19:33:42.867 20022 20022 I GoogleInputMethodService: GoogleInputMethodService.onFinishInput():2043 
02-19 19:33:42.868 19316 21061 W unknown:InspectorPackagerConnection: Couldn't connect to packager, will silently retry
02-19 19:33:42.869 20022 20022 I Module  : DeviceLockedStatusModuleProvider$Module.updateDeviceLockedStatus():100 repeatCheckTimes = 0, locked = false
02-19 19:33:42.870   752  1454 I ImeTracker: system_server:2f153ba4: onRequestHide at ORIGIN_SERVER reason IME_REQUESTED_CHANGED_LISTENER fromUser false
02-19 19:33:42.874   752  1095 D BackgroundInstallControlService: Package event received: 0
02-19 19:33:42.875 19316 19316 D InsetsController: hide(ime(), fromIme=false)
02-19 19:33:42.875 19316 19316 I ImeTracker: viva.republica.toss.test:b96e6ea7: onCancelled at PHASE_CLIENT_ALREADY_HIDDEN
02-19 19:33:42.879   752   797 I ImeTracker: system_server:2f153ba4: onCancelled at PHASE_SERVER_SHOULD_HIDE
02-19 19:33:42.885 20022 20022 I GoogleInputMethodService: GoogleInputMethodService.onStartInput():1293 onStartInput(EditorInfo{EditorInfo{packageName=viva.republica.toss.test, inputType=0, inputTypeString=NULL, enableLearning=false, autoCorrection=false, autoComplete=false, imeOptions=0, privateImeOptions=null, actionName=UNSPECIFIED, actionLabel=null, initialSelStart=-1, initialSelEnd=-1, initialCapsMode=0, label=null, fieldId=0, fieldName=null, extras=null, hintText=null, hintLocales=[]}}, false)
02-19 19:33:42.887 20022 20022 I EmojiCompatManager: EmojiCompatManager.getEmojiCompatIfLoaded():343 EmojiCompat.init() was never called.
02-19 19:33:42.887 20022 20022 I EmojiCompatManager: java.lang.IllegalStateException: EmojiCompat is not initialized. Please call EmojiCompat.init() first
02-19 19:33:42.887 20022 20022 I EmojiCompatManager: 	at asx.p(PG:6)
02-19 19:33:42.887 20022 20022 I EmojiCompatManager: 	at axb.b(PG:13)
02-19 19:33:42.887 20022 20022 I EmojiCompatManager: 	at jnr.b(PG:2)
02-19 19:33:42.887 20022 20022 I EmojiCompatManager: 	at jnr.c(PG:4)
02-19 19:33:42.887 20022 20022 I EmojiCompatManager: 	at jnr.f(PG:3)
02-19 19:33:42.887 20022 20022 I EmojiCompatManager: 	at jnx.c(PG:3)
02-19 19:33:42.887 20022 20022 I EmojiCompatManager: 	at kif.cz(PG:47)
02-19 19:33:42.887 20022 20022 I EmojiCompatManager: 	at lhl.run(PG:1025)
02-19 19:33:42.887 20022 20022 I EmojiCompatManager: 	at jaf.execute(PG:12)
02-19 19:33:42.887 20022 20022 I EmojiCompatManager: 	at nco.v(PG:13)
02-19 19:33:42.887 20022 20022 I EmojiCompatManager: 	at lhn.m(PG:96)
02-19 19:33:42.887 20022 20022 I EmojiCompatManager: 	at lhn.k(PG:25)
02-19 19:33:42.887 20022 20022 I EmojiCompatManager: 	at kgn.onStartInput(PG:250)
02-19 19:33:42.887 20022 20022 I EmojiCompatManager: 	at android.inputmethodservice.InputMethodService.doStartInput(InputMethodService.java:3521)
02-19 19:33:42.887 20022 20022 I EmojiCompatManager: 	at android.inputmethodservice.InputMethodService$InputMethodImpl.startInput(InputMethodService.java:879)
02-19 19:33:42.887 20022 20022 I EmojiCompatManager: 	at android.inputmethodservice.InputMethodService$InputMethodImpl.dispatchStartInput(InputMethodService.java:908)
02-19 19:33:42.887 20022 20022 I EmojiCompatManager: 	at android.inputmethodservice.IInputMethodWrapper.executeMessage(IInputMethodWrapper.java:201)
02-19 19:33:42.887 20022 20022 I EmojiCompatManager: 	at com.android.internal.os.HandlerCaller$MyHandler.handleMessage(HandlerCaller.java:44)
02-19 19:33:42.887 20022 20022 I EmojiCompatManager: 	at android.os.Handler.dispatchMessage(Handler.java:110)
02-19 19:33:42.887 20022 20022 I EmojiCompatManager: 	at android.os.Looper.loopOnce(Looper.java:248)
02-19 19:33:42.887 20022 20022 I EmojiCompatManager: 	at android.os.Looper.loop(Looper.java:338)
02-19 19:33:42.887 20022 20022 I EmojiCompatManager: 	at android.app.ActivityThread.main(ActivityThread.java:9067)
02-19 19:33:42.887 20022 20022 I EmojiCompatManager: 	at java.lang.reflect.Method.invoke(Native Method)
02-19 19:33:42.887 20022 20022 I EmojiCompatManager: 	at com.android.internal.os.RuntimeInit$MethodAndArgsCaller.run(RuntimeInit.java:593)
02-19 19:33:42.887 20022 20022 I EmojiCompatManager: 	at com.android.internal.os.ZygoteInit.main(ZygoteInit.java:932)
02-19 19:33:42.889 20022 20022 I Module  : DeviceLockedStatusModuleProvider$Module.updateDeviceLockedStatus():100 repeatCheckTimes = 1, locked = false
02-19 19:33:42.905   752  2502 W PackageConfigPersister: App-specific configuration not found for packageName: viva.republica.toss.test and userId: 0
02-19 19:33:43.049 19316 19316 E unknown:ReactRootView: Unhandled SoftException
02-19 19:33:43.049 19316 19316 E unknown:ReactRootView: com.facebook.react.uimanager.IllegalViewOperationException: Trying to attach a ReactRootView with an explicit id already set to [2131362676]. React Native uses the id field to track react tags and will overwrite this field. If that is fine, explicitly overwrite the id field to View.NO_ID.
02-19 19:33:43.049 19316 19316 E unknown:ReactRootView: 	at com.facebook.react.ReactRootView.attachToReactInstanceManager(:799)
02-19 19:33:43.049 19316 19316 E unknown:ReactRootView: 	at com.facebook.react.ReactRootView.startReactApplication(:509)
02-19 19:33:43.049 19316 19316 E unknown:ReactRootView: 	at com.facebook.react.ReactRootView.startReactApplication(:469)
02-19 19:33:43.049 19316 19316 E unknown:ReactRootView: 	at im.toss.rn.granite.core.GraniteActivity.write(:486)
02-19 19:33:43.049 19316 19316 E unknown:ReactRootView: 	at im.toss.rn.granite.core.GraniteActivity.RemoteActionCompatParcelizer(:124)
02-19 19:33:43.049 19316 19316 E unknown:ReactRootView: 	at im.toss.rn.granite.core.GraniteActivity$RemoteActionCompatParcelizer.IconCompatParcelizer(:65353)
02-19 19:33:43.049 19316 19316 E unknown:ReactRootView: 	at o.sh.a_(:33)
02-19 19:33:43.049 19316 19316 E unknown:ReactRootView: 	at o.xP.run(:100)
02-19 19:33:43.049 19316 19316 E unknown:ReactRootView: 	at android.os.Handler.handleCallback(Handler.java:995)
02-19 19:33:43.049 19316 19316 E unknown:ReactRootView: 	at android.os.Handler.dispatchMessage(Handler.java:103)
02-19 19:33:43.049 19316 19316 E unknown:ReactRootView: 	at android.os.Looper.loopOnce(Looper.java:248)
02-19 19:33:43.049 19316 19316 E unknown:ReactRootView: 	at android.os.Looper.loop(Looper.java:338)
02-19 19:33:43.049 19316 19316 E unknown:ReactRootView: 	at android.app.ActivityThread.main(ActivityThread.java:9067)
02-19 19:33:43.049 19316 19316 E unknown:ReactRootView: 	at java.lang.reflect.Method.invoke(Native Method)
02-19 19:33:43.049 19316 19316 E unknown:ReactRootView: 	at com.android.internal.os.RuntimeInit$MethodAndArgsCaller.run(RuntimeInit.java:593)
02-19 19:33:43.049 19316 19316 E unknown:ReactRootView: 	at com.android.internal.os.ZygoteInit.main(ZygoteInit.java:932)
02-19 19:33:43.120   752  2502 D CoreBackPreview: Window{39b6da2 u0 PopupWindow:613cacc}: Setting back callback OnBackInvokedCallbackInfo{mCallback=android.window.IOnBackInvokedCallback$Stub$Proxy@31381f0, mPriority=0, mIsAnimationCallback=false, mOverrideBehavior=0}
02-19 19:33:43.541   752  1856 E TaskPersister: File error accessing recents directory (directory doesn't exist?).
02-19 19:33:44.991 21067 21067 W dumpsys : Thread Pool max thread count is 0. Cannot cache binder as linkToDeath cannot be implemented. serviceName: window
02-19 19:33:46.009 19316 19316 W WindowOnBackDispatcher: sendCancelIfRunning: isInProgress=false callback=android.view.ViewRootImpl$$ExternalSyntheticLambda13@818c7b8
02-19 19:33:46.017   752  2377 I system_server: AssetManager2(0x7d8fac4eebf8) locale list changing from [] to [en-US]
02-19 19:33:46.028   752  2377 I system_server: AssetManager2(0x7d8fac4475d8) locale list changing from [] to [en-US]
02-19 19:33:46.042   752  2377 I system_server: AssetManager2(0x7d8fac43d358) locale list changing from [] to [en-US]
02-19 19:33:46.133   752  2377 I system_server: AssetManager2(0x7d8fac4dd5d8) locale list changing from [] to [en-US]
02-19 19:33:46.140   752  2377 I system_server: AssetManager2(0x7d8fac4d7e58) locale list changing from [] to [en-US]
02-19 19:33:46.148   752  2377 I system_server: AssetManager2(0x7d8fac435c98) locale list changing from [] to [en-US]
02-19 19:33:46.236   752  2502 D CoreBackPreview: Window{39b6da2 u0 PopupWindow:613cacc}: Setting back callback null
02-19 19:33:46.269 19316 21070 W unknown:ReactContext: initializeMessageQueueThreads() is called.
02-19 19:33:46.286 19316 19316 W unknown:ReactNative: Packager connection already open, nooping.
02-19 19:33:46.294 19316 21073 W unknown:ReactContext: initializeMessageQueueThreads() is called.
02-19 19:33:46.298 19316 21073 W unknown:ReactNative: Fresco has already been initialized with a different config. The new Fresco configuration will be ignored!
02-19 19:33:47.126 19316 19316 I Choreographer: Skipped 42 frames!  The application may be doing too much work on its main thread.
02-19 19:33:47.473 19166 19176 D OverviewCommandHelper: command added: CommandInfo(type=TOGGLE, status=IDLE, createTime=108701320, animationCallbacks=null, displayId=0, isLastOfBatch=true)
02-19 19:33:47.474 19166 19176 D OverviewCommandHelper: execute: CommandInfo(type=TOGGLE, status=IDLE, createTime=108701320, animationCallbacks=null, displayId=0, isLastOfBatch=true) - queue size: 1
02-19 19:33:47.474 19166 19166 D OverviewCommandHelper: executing command: CommandInfo(type=TOGGLE, status=PROCESSING, createTime=108701320, animationCallbacks=null, displayId=0, isLastOfBatch=true)
02-19 19:33:47.475 19166 19166 D OverviewCommandHelper: executeCommand: CommandInfo(type=TOGGLE, status=PROCESSING, createTime=108701320, animationCallbacks=null, displayId=0, isLastOfBatch=true) - visibleRecentsView: null
02-19 19:33:47.475 19166 19166 D OverviewCommandHelper: Querying TaskbarManager for TaskbarUIController for display: 0
02-19 19:33:47.476 19166 19166 D OverviewCommandHelper: TaskbarUIController for display 0 was found
02-19 19:33:47.498 19166 19166 D ContextTracker: Registering callback: com.android.launcher3.LauncherInitListener@1354045, reason=OverviewCommandHelper: command.type=TOGGLE
02-19 19:33:47.499  4449  4449 I vol.VolumeDialogImpl: mDialog.dismiss() reason: volume_controller from: com.android.systemui.volume.VolumeDialogImpl$7.onDismissRequested:3
02-19 19:33:47.499 19166 19166 D RecentsView: onGestureAnimationStart - groupedTaskInfo: Desk ID= -1, Desk Display ID=-1, Tasks=[id=78 winMode=fullscreen visReq=true vis=true excluded=false baseIntent=viva.republica.toss.test/im.toss.rn.granite.core.GraniteActivity], Type=FULLSCREEN, Minimized Task IDs=null
02-19 19:33:47.502 19166 19166 D RecentsView: showCurrentTask(onGestureAnimationStart) - groupedTaskInfo: Desk ID= -1, Desk Display ID=-1, Tasks=[id=78 winMode=fullscreen visReq=true vis=true excluded=false baseIntent=viva.republica.toss.test/im.toss.rn.granite.core.GraniteActivity], Type=FULLSCREEN, Minimized Task IDs=null
02-19 19:33:47.503 19166 19166 D OverviewActionsView: updateForGroupedTask() called with: isGroupedTask = [false], canSaveAppPair = [false]
02-19 19:33:47.503 19166 19166 D OverviewActionsView: updateActionButtonsVisibility() called: showSingleTaskActions = [true], showGroupActions = [false]
02-19 19:33:47.504 19166 19166 D RecentsView: reloadIfNeeded - getTasks: 67
02-19 19:33:47.506 19166 19166 D RecentsView: onGestureAnimationStart - groupedTaskInfo: Desk ID= -1, Desk Display ID=-1, Tasks=[id=78 winMode=fullscreen visReq=true vis=true excluded=false baseIntent=viva.republica.toss.test/im.toss.rn.granite.core.GraniteActivity], Type=FULLSCREEN, Minimized Task IDs=null
02-19 19:33:47.506 19166 19166 D RecentsView: showCurrentTask(onGestureAnimationStart) - groupedTaskInfo: Desk ID= -1, Desk Display ID=-1, Tasks=[id=78 winMode=fullscreen visReq=true vis=true excluded=false baseIntent=viva.republica.toss.test/im.toss.rn.granite.core.GraniteActivity], Type=FULLSCREEN, Minimized Task IDs=null
02-19 19:33:47.507 19166 19166 D OverviewActionsView: updateForGroupedTask() called with: isGroupedTask = [false], canSaveAppPair = [false]
02-19 19:33:47.507 19166 19166 D OverviewActionsView: updateActionButtonsVisibility() called: showSingleTaskActions = [true], showGroupActions = [false]
02-19 19:33:47.508 19166 19166 D RecentsView: reloadIfNeeded - task list still valid: 67
02-19 19:33:47.508 19166 19166 D OverviewCommandHelper: switching via recents animation - onGestureStarted: CommandInfo(type=TOGGLE, status=PROCESSING, createTime=108701320, animationCallbacks=com.android.quickstep.RecentsAnimationCallbacks@fd2be8f, displayId=0, isLastOfBatch=true)
02-19 19:33:47.509 19166 19166 D OverviewCommandHelper: command executed: CommandInfo(type=TOGGLE, status=PROCESSING, createTime=108701320, animationCallbacks=com.android.quickstep.RecentsAnimationCallbacks@fd2be8f, displayId=0, isLastOfBatch=true) with result: false
02-19 19:33:47.509 19166 19166 D OverviewCommandHelper: waiting for command callback: CommandInfo(type=TOGGLE, status=PROCESSING, createTime=108701320, animationCallbacks=com.android.quickstep.RecentsAnimationCallbacks@fd2be8f, displayId=0, isLastOfBatch=true)
02-19 19:33:47.520  4449  4467 V ShellRecents: RecentsTransitionHandler.startRecentsTransition
02-19 19:33:47.520  4449  4467 V WindowManagerShell: Directly starting a new transition type=TO_FRONT wct=WindowContainerTransaction { changes= {} hops= [{pendingIntent: options=Bundle[{android.activity.splashScreenStyle=-1, android.activity.sourceInfo=Supplier{VAL_PARCELABLE@148+104}, android.pendingIntent.backgroundActivityAllowed=3, android:activity.animAbortListener=null, android.activity.transientLaunch=true}]}] errorCallbackToken=null taskFragmentOrganizer=null } handler=com.android.wm.shell.recents.RecentsTransitionHandler@bc47314
02-19 19:33:47.531  4449  4467 V ShellRecents: [96954721] RecentsController.setTransition: id=android.os.BinderProxy@6f944c8
02-19 19:33:47.543   752  1095 D BackgroundInstallControlService: Package event received: 0
02-19 19:33:47.543   752  1095 D BackgroundInstallControlService: Package event received: 0
02-19 19:33:47.547  4449  4449 I vol.VolumeDialogImpl: mDialog.dismiss() reason: volume_controller from: com.android.systemui.volume.VolumeDialogImpl$7.onDismissRequested:3
02-19 19:33:47.547  4449  4449 D vol.VolumeDialogImpl: dismissH: skipping dismiss because isAnimatingDismiss is true and showingStateInconsistent is false
02-19 19:33:47.993  4449  4449 I Choreographer: Skipped 30 frames!  The application may be doing too much work on its main thread.
02-19 19:33:47.997 19166 19166 D RecentsView: applyLoadPlan - taskGroups: [type=SINGLE task=[id=12 windowingMode=0 user=0 lastActiveTime=89737] null, type=SINGLE task=[id=49 windowingMode=1 user=0 lastActiveTime=87698314] null, type=SINGLE task=[id=78 windowingMode=1 user=0 lastActiveTime=108695509] null]
02-19 19:33:48.007 19166 19166 D ViewRootImpl: Skipping stats log for color mode
02-19 19:33:48.010 19166 19166 D StateManager: goToState - fromState: Normal, toState: Background, partial trace:
02-19 19:33:48.010 19166 19166 D StateManager: 	at com.android.quickstep.BaseActivityInterface$DefaultAnimationFactory.initBackgroundStateUI(go/retraceme 72a59688580715d19f0e415c69e80376c2f062d1648c80db6730905005a27c20:39)
02-19 19:33:48.010 19166 19166 D StateManager: 	at com.android.quickstep.LauncherActivityInterface.prepareRecentsUI(go/retraceme 72a59688580715d19f0e415c69e80376c2f062d1648c80db6730905005a27c20:9)
02-19 19:33:48.010 19166 19166 D StateManager: 	at com.android.quickstep.AbsSwipeUpHandler.lambda$onLauncherStart$7(go/retraceme 72a59688580715d19f0e415c69e80376c2f062d1648c80db6730905005a27c20:11)
02-19 19:33:48.011 19166 19166 D StateManager: onStateTransitionStart - state: Background
02-19 19:33:48.012 19316 19316 I Choreographer: Skipped 31 frames!  The application may be doing too much work on its main thread.
02-19 19:33:48.016   752  1095 D BackgroundInstallControlService: Package event received: 0
02-19 19:33:48.020 19166 19166 D BaseDepthController: mSurface is null and mCurrentBlur is: 0
02-19 19:33:48.021 19166 19166 D KeyboardInsetsHandler: setState, toState:Background StateManager(mLastStableState:Normal, mCurrentStableState:Normal, mState:Background, mRestState:Normal, isInTransition:false)
02-19 19:33:48.034 19166 19166 D StateManager: onStateTransitionEnd - state: Background
02-19 19:33:48.046   531   549 I BpBinder: onLastStrongRef automatically unlinking death recipients: 
02-19 19:33:48.052   531   531 I BpBinder: onLastStrongRef automatically unlinking death recipients: 
02-19 19:33:48.050 19166 19166 D RecentsView: updateTaskStackListenerState: true
02-19 19:33:48.070 19166 19166 D RecentsView: reloadIfNeeded - getTasks: 68
02-19 19:33:48.070 19166 19166 D NexusLauncherModelDelegate: notifySmartspaceEvent: SmartspaceTargetEvent{mSmartspaceTarget=null, mSmartspaceActionId='null', mEventType=6}
02-19 19:33:48.091 19316 19316 W unknown:ReactContext: initializeMessageQueueThreads() is called.
02-19 19:33:48.098 19166 19166 D BaseDepthController: setSurface:
02-19 19:33:48.098 19166 19166 D BaseDepthController: 	mWaitingOnSurfaceValidity: false
02-19 19:33:48.098 19166 19166 D BaseDepthController: 	mBaseSurface: Surface(name=com.google.android.apps.nexuslauncher/com.google.android.apps.nexuslauncher.NexusLauncherActivity)/@0x2cb53f
02-19 19:33:48.157 19166 19166 D ActivityAllAppsContainerView: rebindAdapters: force: false
02-19 19:33:48.157 19166 19166 D ActivityAllAppsContainerView: rebindAdapters: Not needed.
02-19 19:33:48.161   531   602 I BpBinder: onLastStrongRef automatically unlinking death recipients: 
02-19 19:33:48.172 19166 19166 D RecentsView: applyLoadPlan - taskGroups: [type=SINGLE task=[id=12 windowingMode=0 user=0 lastActiveTime=89737] null, type=SINGLE task=[id=49 windowingMode=1 user=0 lastActiveTime=87698314] null, type=SINGLE task=[id=78 windowingMode=1 user=0 lastActiveTime=108695509] null]
02-19 19:33:48.216   752   969 D ActivityManager: freezing 21001 com.google.android.permissioncontroller
02-19 19:33:48.225  4449 22842 V WindowManagerShell: onTransitionReady(transaction=3229815429978)
02-19 19:33:48.226  4449  4467 V WindowManagerShell: onTransitionReady (#794) android.os.BinderProxy@6f944c8: {id=794 t=TO_FRONT f=0x80 trk=0 r=[0@Point(0, 0)] c=[
02-19 19:33:48.226  4449  4467 V WindowManagerShell:         {m=TO_FRONT f=SHOW_WALLPAPER|MOVE_TO_TOP leash=Surface(name=Task=1)/@0xc303a9d sb=Rect(0, 0 - 1080, 2400) eb=Rect(0, 0 - 1080, 2400) epz=Point(1080, 2400) d=0 taskParent=-1},
02-19 19:33:48.226  4449  4467 V WindowManagerShell:         {m=TO_BACK f=NONE leash=Surface(name=Task=78)/@0x4d2fb12 sb=Rect(0, 0 - 1080, 2400) eb=Rect(0, 0 - 1080, 2400) epz=Point(1080, 2400) d=0 taskParent=-1},
02-19 19:33:48.226  4449  4467 V WindowManagerShell:         {m=TO_FRONT f=IS_WALLPAPER leash=Surface(name=WallpaperWindowToken{35e0c0f showWhenLocked=false})/@0x84092e3 sb=Rect(0, 0 - 1080, 2400) eb=Rect(0, 0 - 1080, 2400) epz=Point(1080, 2400) d=0}
02-19 19:33:48.226  4449  4467 V WindowManagerShell:     ]}
02-19 19:33:48.227  4449  4467 V WindowManagerShell: Playing animation for (#794) android.os.BinderProxy@6f944c8@0
02-19 19:33:48.228  4449  4467 V WindowManagerShell:  try firstHandler com.android.wm.shell.recents.RecentsTransitionHandler@bc47314
02-19 19:33:48.228  4449  4467 V ShellRecents: [96954721] RecentsController.start
02-19 19:33:48.232  4449  4467 V ShellRecents:   not handling home taskId=1
02-19 19:33:48.259  4449  4467 V ShellRecents:   adding pausing leaf taskId=78 at layer=8
02-19 19:33:48.262  4449  4467 V ShellRecents: Applying transaction=3229815429978
02-19 19:33:48.276  4449  4467 V ShellRecents: No matching remote found to takeover (#794)
02-19 19:33:48.276  4449  4467 V ShellSplitScreen: getSplitBoundsForTaskId: expected split bounds for taskId=78 but not found
02-19 19:33:48.276  4449  4467 V ShellRecents: [96954721] RecentsController.start: calling onAnimationStart with 2 apps
02-19 19:33:48.291 19166 19166 D OverviewCommandHelper: recents animation started: CommandInfo(type=TOGGLE, status=PROCESSING, createTime=108701320, animationCallbacks=com.android.quickstep.RecentsAnimationCallbacks@fd2be8f, displayId=0, isLastOfBatch=true)
02-19 19:33:48.291 19166 19166 D StatsLog: LAUNCHER_OVERVIEW_SHOW_OVERVIEW_FROM_3_BUTTON
02-19 19:33:48.291  4449  4467 V WindowManagerShell:  animated by firstHandler
02-19 19:33:48.292 19166 19166 D OverviewCommandHelper: recents animation started - onInitBackgroundStateUI: CommandInfo(type=TOGGLE, status=PROCESSING, createTime=108701320, animationCallbacks=com.android.quickstep.RecentsAnimationCallbacks@fd2be8f, displayId=0, isLastOfBatch=true)
02-19 19:33:48.294 19166 19166 D RemoteTargetGluer: appCount: 1 handleLength: 4
02-19 19:33:48.294 19166 19166 D RemoteTargetGluer: resizing handles
02-19 19:33:48.294 19166 19166 D RemoteTargetGluer: containsSplitTargets? false handleLength: 1 appsLength: 1
02-19 19:33:48.295 19166 19166 D RecentsView: setRecentsAnimationTargets - recentsAnimationController: com.android.quickstep.RecentsAnimationController@ca12d3f, recentsAnimationTargets: com.android.quickstep.RecentsAnimationTargets@a23a60c
02-19 19:33:48.295 19166 19166 D RemoteTargetGluer: appCount: 1 handleLength: 1
02-19 19:33:48.295 19166 19166 D RemoteTargetGluer: containsSplitTargets? false handleLength: 1 appsLength: 1
02-19 19:33:48.298 19166 19166 D RecentsView: onPrepareGestureEndAnimation - endTarget: RECENTS
02-19 19:33:48.376 19166 20297 W HWUI    : Image decoding logging dropped!
02-19 19:33:48.387   752   794 W Looper  : Slow dispatch took 158ms android.fg app=system_server main=false group=FOREGROUND h=android.os.Handler c=com.android.server.wm.ActivityMetricsLogger$$ExternalSyntheticLambda0@f82a7fe m=0
02-19 19:33:48.387   752   794 V WindowManager: Sent Transition (#794) createdAt=02-19 19:33:47.521
02-19 19:33:48.388   752   794 V WindowManager:     startWCT=WindowContainerTransaction { changes= {} hops= [{pendingIntent: options=Bundle[{android.activity.splashScreenStyle=-1, android.activity.sourceInfo=android.app.ActivityOptions$SourceInfo@6451b5f, android.pendingIntent.backgroundActivityAllowed=3, android:activity.animAbortListener=null, android.activity.transientLaunch=true}]}] errorCallbackToken=null taskFragmentOrganizer=null }
02-19 19:33:48.388   752   794 V WindowManager:     info={id=794 t=TO_FRONT f=0x80 trk=0 r=[0@Point(0, 0)] c=[
02-19 19:33:48.388   752   794 V WindowManager:         {WCT{RemoteToken{5218fe8 Task{dd43522 #1 type=home}}} m=TO_FRONT f=SHOW_WALLPAPER|MOVE_TO_TOP leash=Surface(name=Task=1)/@0x8ddbd2e sb=Rect(0, 0 - 1080, 2400) eb=Rect(0, 0 - 1080, 2400) epz=Point(1080, 2400) d=0 taskParent=-1},
02-19 19:33:48.388   752   794 V WindowManager:         {WCT{RemoteToken{58f5d87 Task{11d79c0 #78 type=standard A=10217:viva.republica.toss.test}}} m=TO_BACK f=NONE leash=Surface(name=Task=78)/@0x6af51ab sb=Rect(0, 0 - 1080, 2400) eb=Rect(0, 0 - 1080, 2400) epz=Point(1080, 2400) d=0 taskParent=-1},
02-19 19:33:48.388   752   794 V WindowManager:         {m=TO_FRONT f=IS_WALLPAPER leash=Surface(name=WallpaperWindowToken{35e0c0f showWhenLocked=false})/@0x512f5be sb=Rect(0, 0 - 1080, 2400) eb=Rect(0, 0 - 1080, 2400) epz=Point(1080, 2400) d=0}
02-19 19:33:48.388   752   794 V WindowManager:     ]}
02-19 19:33:48.398   752   797 W IPCThreadState: Sending oneway calls to frozen process.
02-19 19:33:48.414  4449  4467 V ShellRecents: [96954721] RecentsController.setInputConsumerEnabled: set focus to recents
02-19 19:33:48.549   752  1454 W PackageConfigPersister: App-specific configuration not found for packageName: viva.republica.toss.test and userId: 0
02-19 19:33:48.661   752  1029 D InetDiagMessage: Destroyed 0 sockets, proto=IPPROTO_TCP, family=AF_INET, states=14
02-19 19:33:48.662   752  1029 D InetDiagMessage: Destroyed 0 sockets, proto=IPPROTO_TCP, family=AF_INET6, states=14
02-19 19:33:48.663   752  1029 D InetDiagMessage: Destroyed live tcp sockets for uids={10192} in 3ms
02-19 19:33:48.767   488   488 I RanchuHwc: logCompositionFallbackIfChanged: layer 1411 CompositionType fallback from 2 to 1
02-19 19:33:48.767   488   488 I RanchuHwc: logCompositionFallbackIfChanged: layer 1412 CompositionType fallback from 2 to 1
02-19 19:33:48.780 19166 19166 D StateManager: goToState - fromState: Background, toState: Overview, partial trace:
02-19 19:33:48.780 19166 19166 D StateManager: 	at com.android.quickstep.BaseActivityInterface$DefaultAnimationFactory.lambda$createContainerInterface$0(go/retraceme 72a59688580715d19f0e415c69e80376c2f062d1648c80db6730905005a27c20:28)
02-19 19:33:48.780 19166 19166 D StateManager: 	at com.android.quickstep.BaseActivityInterface$DefaultAnimationFactory.a(go/retraceme 72a59688580715d19f0e415c69e80376c2f062d1648c80db6730905005a27c20:1)
02-19 19:33:48.780 19166 19166 D StateManager: 	at com.android.quickstep.y.run(go/retraceme 72a59688580715d19f0e415c69e80376c2f062d1648c80db6730905005a27c20:5)
02-19 19:33:48.790  4449  4467 D WindowManagerShell: setLauncherKeepClearAreaHeight: visible=true, height=527
02-19 19:33:48.793 19166 19166 D StatsLog: LAUNCHER_ONRESUME
02-19 19:33:48.794 19166 19166 D StateManager: onStateTransitionStart - state: Overview
02-19 19:33:48.797   752  1095 D BackgroundInstallControlService: Package event received: 0
02-19 19:33:48.799 19166 19166 D KeyboardInsetsHandler: setState, toState:Overview StateManager(mLastStableState:Normal, mCurrentStableState:Background, mState:Overview, mRestState:Normal, isInTransition:false)
02-19 19:33:48.800 19166 19166 D StateManager: onStateTransitionEnd - state: Overview
02-19 19:33:48.808 19166 19166 I AiAiSuggestUi: Clearing suggestions.
02-19 19:33:48.809 19166 19166 I AiAiSuggestUi: Requesting to show indicators
02-19 19:33:48.809 19166 19166 I AiAiSuggestUi: Fetching contents, isPrimaryTask = true
02-19 19:33:48.812 19166 19166 D StatsLog: LAUNCHER_OVERVIEW_GESTURE
02-19 19:33:48.813 19166 19166 D OverviewCommandHelper: switching via recents animation - onTransitionComplete: CommandInfo(type=TOGGLE, status=PROCESSING, createTime=108701320, animationCallbacks=com.android.quickstep.RecentsAnimationCallbacks@fd2be8f, displayId=0, isLastOfBatch=true)
02-19 19:33:48.813 19166 19166 D OverviewCommandHelper: command executed: CommandInfo(type=TOGGLE, status=PROCESSING, createTime=108701320, animationCallbacks=com.android.quickstep.RecentsAnimationCallbacks@fd2be8f, displayId=0, isLastOfBatch=true) with result: true
02-19 19:33:48.813 19166 19166 D OverviewCommandHelper: command executed successfully! CommandInfo(type=TOGGLE, status=COMPLETED, createTime=108701320, animationCallbacks=com.android.quickstep.RecentsAnimationCallbacks@fd2be8f, displayId=0, isLastOfBatch=true)
02-19 19:33:48.813 19166 19166 D OverviewCommandHelper: no pending commands to be executed.
02-19 19:33:48.814 19166 19166 D ContextTracker: Unregistering callback: com.android.launcher3.LauncherInitListener@1354045, reason=AbsSwipeUpHandler.invalidateHandler
02-19 19:33:48.816 19166 19166 D OverviewActionsView: updateForGroupedTask() called with: isGroupedTask = [false], canSaveAppPair = [false]
02-19 19:33:48.817 19166 19166 D OverviewActionsView: updateActionButtonsVisibility() called: showSingleTaskActions = [true], showGroupActions = [false]
02-19 19:33:48.818 19166 19166 D OverviewActionsView: updateForGroupedTask() called with: isGroupedTask = [false], canSaveAppPair = [false]
02-19 19:33:48.818 19166 19166 D OverviewActionsView: updateActionButtonsVisibility() called: showSingleTaskActions = [true], showGroupActions = [false]
02-19 19:33:48.819 19166 19166 D RecentsView: onGestureAnimationEnd - mEnableDrawingLiveTile: true
02-19 19:33:48.945  4449 21898 V ShellRecents: [96954721] RecentsController.detachNavigationBarFromApp
02-19 19:33:48.951 19166 19166 I NotificationListener: Handling notification state refresh for com.google.android.adservices.api#0
02-19 19:33:48.951 19166 19166 I NotificationListener: Handling notification state refresh for android#0
02-19 19:33:48.951 19166 19166 I NotificationListener: Handling notification state refresh for com.android.systemui#0
02-19 19:33:48.956 19166 19190 D QuickstepModelDelegate: notifyAppTargetEvent action=1 launchLocation=
02-19 19:33:49.049  1971  2198 I AiAiEcho: Predicting[0]:  [CONTEXT sampling_count=5 ]
02-19 19:33:49.050  1971  2198 I AiAiEcho: EchoTargets: 
02-19 19:33:49.050  1971  2198 I AiAiEcho: Filtered by AiAi flag check: 
02-19 19:33:49.050  1971  2198 I AiAiEcho: [CONTEXT ratelimit_period="10 SECONDS" ]
02-19 19:33:49.051  1971  2198 I AiAiEcho: #remoteViewsTwiddler: feature disabled.
02-19 19:33:49.054  1971  2198 I AiAiEcho: #postPredictionTargets: Sending updates to UISurface home with targets# 0 (types=[])
02-19 19:33:49.123 19166 20392 I AiAiSuggestUi: Request suggestContentSelections complete, took: 297
02-19 19:33:49.123 19166 20392 I AiAiSuggestUi: Fetched content back in callback
02-19 19:33:49.135 19166 19166 D SsBaseTemplateCard: No text view can be set up
02-19 19:33:49.135 19166 19166 D SsBaseTemplateCard: Passed-in item info is null
02-19 19:33:49.135 19166 19166 D SsBaseTemplateCard: Passed-in item info is null
02-19 19:33:49.136 19166 19166 D SsBaseTemplateCard: Passed-in item info is null
02-19 19:33:49.136 19166 19166 I SsBaseTemplateCard: Secondary card pane is null
02-19 19:33:49.156   488   488 I RanchuHwc: logCompositionFallbackIfChanged: layer 1413 CompositionType fallback from 2 to 1
02-19 19:33:49.194 19166 19166 I AiAiSuggestUi: Display indicators
02-19 19:33:49.371   537   537 W adbd    : timeout expired while flushing socket, closing
02-19 19:33:49.461 19166 19166 D TaskView: launchAsLiveTile - composeRecentsLaunchAnimator: [78]
02-19 19:33:49.485 19166 19170 I s.nexuslauncher: NativeAlloc concurrent mark compact GC freed 1639KB AllocSpace bytes, 6(312KB) LOS objects, 49% free, 5560KB/10MB, paused 13.613ms,12.912ms total 615.262ms
02-19 19:33:49.523 19166 19172 W System  : A resource failed to call release. 
02-19 19:33:49.523 19166 19172 W System  : A resource failed to call release. 
02-19 19:33:49.525 19166 19172 W System  : A resource failed to call release. 
02-19 19:33:50.414 19166 19166 I Choreographer: Skipped 41 frames!  The application may be doing too much work on its main thread.
02-19 19:33:50.418 19166 19166 D RecentsView: finishRecentsAnimation - mRecentsAnimationController: com.android.quickstep.RecentsAnimationController@ca12d3f
02-19 19:33:50.418 19166 19166 D RecentsView: cleanupRemoteTargets - mRemoteTargetHandles: [com.android.quickstep.RemoteTargetGluer$RemoteTargetHandle@8f438a0]
02-19 19:33:50.423  4449  4467 V ShellRecents: [96954721] RecentsController.finishInner: toHome=false userLeave=false willFinishToHome=false state=0 hasPausingTasks=true reason=requested
02-19 19:33:50.424  4449  4467 V ShellRecents:   returning to app
02-19 19:33:50.428   537   537 W adbd    : timeout expired while flushing socket, closing
02-19 19:33:50.448  4449  4467 V ShellRecents: [96954721] RecentsController.finishInner: Completing finish
02-19 19:33:50.450 19316 19316 I Choreographer: Skipped 41 frames!  The application may be doing too much work on its main thread.
02-19 19:33:50.457  4449  4467 V ShellRecents: [96954721] RecentsController.cleanup
02-19 19:33:50.460  4449  4467 V WindowManagerShell: Transition animation finished (aborted=false), notifying core (#794) android.os.BinderProxy@6f944c8@0
02-19 19:33:50.468 19166 19175 I HWUI    : Davey! duration=722ms; Flags=0, FrameTimelineVsyncId=2034379, IntendedVsync=108703554592048, Vsync=108703571258714, InputEventId=0, HandleInputStart=108703575506917, AnimationStart=108703575645917, PerformTraversalsStart=108703582120917, DrawStart=108703582565917, FrameDeadline=108703604592046, FrameStartTime=108703575468917, FrameInterval=16666666, WorkloadTarget=16666666, SyncQueued=108703582943917, SyncStart=108703583253917, IssueDrawCommandsStart=108703583855917, SwapBuffers=108703587251917, FrameCompleted=108704277451917, DequeueBufferDuration=6321000, QueueBufferDuration=2489000, GpuCompleted=108704277451917, SwapBuffersCompleted=108703598149917, DisplayPresentTime=0, CommandSubmissionCompleted=108703587251917, 
02-19 19:33:50.475 19166 19166 I Choreographer: Skipped 42 frames!  The application may be doing too much work on its main thread.
02-19 19:33:50.479 19166 19166 D RecentsView: cleanupRemoteTargets - mRemoteTargetHandles: null
02-19 19:33:50.485   752   794 V WindowManager: Finish Transition (#794): created at 02-19 19:33:47.521 collect-started=0.266ms started=0.395ms ready=537.134ms sent=700.08ms commit=118.776ms finished=2963.399ms
02-19 19:33:50.495  4449  4467 V WindowManagerShell: Track 0 became idle
02-19 19:33:50.495  4449  4467 V WindowManagerShell: All active transition animations finished
02-19 19:33:50.496  4449  4467 V ShellRecents: [96954721] RecentsController.finishInner: calling finish callback
02-19 19:33:50.532 19166 19166 W SplitSelectStateCtor: Missing session instanceIds
02-19 19:33:50.532 19166 19166 D StatsLog: LAUNCHER_SPLIT_SELECTION_EXIT_INTERRUPTED
02-19 19:33:50.533   752   797 W IPCThreadState: Sending oneway calls to frozen process.
02-19 19:33:50.535  4449  4467 D WindowManagerShell: setLauncherKeepClearAreaHeight: visible=false, height=527
02-19 19:33:50.535   752   797 W IPCThreadState: Sending oneway calls to frozen process.
02-19 19:33:50.536   752   797 W IPCThreadState: Sending oneway calls to frozen process.
02-19 19:33:50.536   752   797 W IPCThreadState: Sending oneway calls to frozen process.
02-19 19:33:50.537   752   797 W IPCThreadState: Sending oneway calls to frozen process.
02-19 19:33:50.539   752   797 W IPCThreadState: Sending oneway calls to frozen process.
02-19 19:33:50.540   752   797 W IPCThreadState: Sending oneway calls to frozen process.
02-19 19:33:50.540   752   797 W IPCThreadState: Sending oneway calls to frozen process.
02-19 19:33:50.541   752   797 W ProcessStats: Tracking association SourceState{1b917ca system/1000 BFgs #22917} whose proc state 4 is better than process ProcessState{42c4ef0 com.google.android.ext.services/10208 pkg=com.google.android.ext.services} proc state 14 (21 skipped)
02-19 19:33:50.547 19166 19166 D VRI[NexusLauncherActivity]: visibilityChanged oldVisibility=true newVisibility=false
02-19 19:33:50.560 19166 19166 D RecentsView: onRecentsAnimationComplete - mRecentsAnimationController: com.android.quickstep.RecentsAnimationController@ca12d3f, mSideTaskLaunchCallback: null
02-19 19:33:50.564 19166 19166 D RecentsView: updateTaskStackListenerState: false
02-19 19:33:50.566 19166 19166 D NexusLauncherModelDelegate: notifySmartspaceEvent: SmartspaceTargetEvent{mSmartspaceTarget=null, mSmartspaceActionId='null', mEventType=7}
02-19 19:33:50.591   752   989 I ImeTracker: viva.republica.toss.test:89d46935: onRequestHide at ORIGIN_SERVER reason HIDE_SAME_WINDOW_FOCUSED_WITHOUT_EDITOR fromUser false
02-19 19:33:50.593 19316 19316 D InsetsController: hide(ime(), fromIme=false)
02-19 19:33:50.593 19316 19316 I ImeTracker: viva.republica.toss.test:89d46935: onCancelled at PHASE_CLIENT_ALREADY_HIDDEN
02-19 19:33:50.596   752   797 V WindowManager: Unknown focus tokens, dropping reportFocusChanged
02-19 19:33:50.598 19166 19166 D StateManager: goToState - fromState: Overview, toState: Normal, partial trace:
02-19 19:33:50.598 19166 19166 D StateManager: 	at com.android.launcher3.statemanager.StateManager.moveToRestState(go/retraceme 72a59688580715d19f0e415c69e80376c2f062d1648c80db6730905005a27c20:4)
02-19 19:33:50.598 19166 19166 D StateManager: 	at com.android.launcher3.statemanager.StateManager.moveToRestState(go/retraceme 72a59688580715d19f0e415c69e80376c2f062d1648c80db6730905005a27c20:1)
02-19 19:33:50.598 19166 19166 D StateManager: 	at com.android.quickstep.TaskViewUtils$9.lambda$onAnimationSuccess$0(go/retraceme 72a59688580715d19f0e415c69e80376c2f062d1648c80db6730905005a27c20:1)
02-19 19:33:50.598 19166 19166 D RecentsView: finishRecentsAnimation - mRecentsAnimationController: null
02-19 19:33:50.599 19166 19166 D RecentsView: cleanupRemoteTargets - mRemoteTargetHandles: null
02-19 19:33:50.611   752  1095 D BackgroundInstallControlService: Package event received: 0
02-19 19:33:50.616 20022 20022 I GoogleInputMethodService: GoogleInputMethodService.onFinishInput():2043 
02-19 19:33:50.628 19166 19166 D BaseDepthController: setSurface:
02-19 19:33:50.628 19166 19166 D BaseDepthController: 	mWaitingOnSurfaceValidity: false
02-19 19:33:50.628 19166 19166 D BaseDepthController: 	mBaseSurface: null
02-19 19:33:50.628 19166 19166 D BaseDepthController: mSurface is null and mCurrentBlur is: 23
02-19 19:33:50.629 19166 19166 D StateManager: goToState - fromState: Overview, toState: Normal, partial trace:
02-19 19:33:50.629 19166 19166 D StateManager: 	at com.android.launcher3.statemanager.StateManager.moveToRestState(go/retraceme 72a59688580715d19f0e415c69e80376c2f062d1648c80db6730905005a27c20:4)
02-19 19:33:50.629 19166 19166 D StateManager: 	at com.android.launcher3.statemanager.StateManager.moveToRestState(go/retraceme 72a59688580715d19f0e415c69e80376c2f062d1648c80db6730905005a27c20:1)
02-19 19:33:50.629 19166 19166 D StateManager: 	at com.android.launcher3.statemanager.StatefulActivity.onStop(go/retraceme 72a59688580715d19f0e415c69e80376c2f062d1648c80db6730905005a27c20:34)
02-19 19:33:50.630 19166 19166 D StateManager: cancelAnimation - with ongoing animation, partial trace:
02-19 19:33:50.630 19166 19166 D StateManager: 	at com.android.launcher3.statemanager.StateManager.goToState(go/retraceme 72a59688580715d19f0e415c69e80376c2f062d1648c80db6730905005a27c20:18)
02-19 19:33:50.630 19166 19166 D StateManager: 	at com.android.launcher3.statemanager.StateManager.goToState(go/retraceme 72a59688580715d19f0e415c69e80376c2f062d1648c80db6730905005a27c20:3)
02-19 19:33:50.630 19166 19166 D StateManager: 	at com.android.launcher3.statemanager.StateManager.moveToRestState(go/retraceme 72a59688580715d19f0e415c69e80376c2f062d1648c80db6730905005a27c20:4)
02-19 19:33:50.631 19166 19166 D RecentsView: reset - mEnableDrawingLiveTile: true, mRecentsAnimationController: null
02-19 19:33:50.631 19166 19166 D StateManager: onStateTransitionStart - state: Normal
02-19 19:33:50.646 19166 19166 D BaseDepthController: mSurface is null and mCurrentBlur is: 23
02-19 19:33:50.648 19166 19166 D KeyboardInsetsHandler: setState, toState:Normal StateManager(mLastStableState:Normal, mCurrentStableState:Overview, mState:Normal, mRestState:Normal, isInTransition:false)
02-19 19:33:50.649 19166 19166 D StateManager: onStateTransitionEnd - state: Normal
02-19 19:33:50.650 19166 19166 D RecentsView: reset - mEnableDrawingLiveTile: false, mRecentsAnimationController: null
02-19 19:33:50.650 19166 19166 I AiAiSuggestUi: Clearing suggestions.
02-19 19:33:50.651 19166 19166 I AiAiSuggestUi: Clearing suggestions.
02-19 19:33:50.651 19166 19166 D ActivityAllAppsContainerView: rebindAdapters: force: false
02-19 19:33:50.651 19166 19166 D ActivityAllAppsContainerView: rebindAdapters: Not needed.
02-19 19:33:50.663   752  1095 D BackgroundInstallControlService: Package event received: 0
02-19 19:33:50.671 20022 20022 I Module  : DeviceLockedStatusModuleProvider$Module.updateDeviceLockedStatus():100 repeatCheckTimes = 0, locked = false
02-19 19:33:50.671 20022 20022 W NotificationCenter: NotificationCenter$NotificationQueue.notifyPendingNotificationsOnExecutor():877 Heavy notify work detected on UI thread: [kig->ilu, kig->ijm, kig->gkl, kig->ilu, kig->jnx, kig->khc, kig->ilu, kig->fro, kig->fef, kig->ilu, kig->ilu, kig->fcb, kig->ilu, kig->khg, kig->imt, kig->ilu, kig->ilu, kig->ilu, kig->ilu, kig->ilu, kig->lux, kig->ilu, kig->ilu] takes 54ms
02-19 19:33:50.672 19166 19166 D StatsLog: LAUNCHER_ONSTOP
02-19 19:33:50.674 20022 20022 I GoogleInputMethodService: GoogleInputMethodService.onStartInput():1293 onStartInput(EditorInfo{EditorInfo{packageName=viva.republica.toss.test, inputType=0, inputTypeString=NULL, enableLearning=false, autoCorrection=false, autoComplete=false, imeOptions=0, privateImeOptions=null, actionName=UNSPECIFIED, actionLabel=null, initialSelStart=-1, initialSelEnd=-1, initialCapsMode=0, label=null, fieldId=0, fieldName=null, extras=null, hintText=null, hintLocales=[]}}, false)
02-19 19:33:50.674 19166 19166 D StatsLog: LAUNCHER_GOOGLE_SEARCH_RESTORE_LIST_SIZE_AFTER_ACTIVITY_RESTART
02-19 19:33:50.675 20022 20022 I EmojiCompatManager: EmojiCompatManager.getEmojiCompatIfLoaded():343 EmojiCompat.init() was never called.
02-19 19:33:50.675 20022 20022 I EmojiCompatManager: java.lang.IllegalStateException: EmojiCompat is not initialized. Please call EmojiCompat.init() first
02-19 19:33:50.675 20022 20022 I EmojiCompatManager: 	at asx.p(PG:6)
02-19 19:33:50.675 20022 20022 I EmojiCompatManager: 	at axb.b(PG:13)
02-19 19:33:50.675 20022 20022 I EmojiCompatManager: 	at jnr.b(PG:2)
02-19 19:33:50.675 20022 20022 I EmojiCompatManager: 	at jnr.c(PG:4)
02-19 19:33:50.675 20022 20022 I EmojiCompatManager: 	at jnr.f(PG:3)
02-19 19:33:50.675 20022 20022 I EmojiCompatManager: 	at jnx.c(PG:3)
02-19 19:33:50.675 20022 20022 I EmojiCompatManager: 	at kif.cz(PG:47)
02-19 19:33:50.675 20022 20022 I EmojiCompatManager: 	at lhl.run(PG:1025)
02-19 19:33:50.675 20022 20022 I EmojiCompatManager: 	at jaf.execute(PG:12)
02-19 19:33:50.675 20022 20022 I EmojiCompatManager: 	at nco.v(PG:13)
02-19 19:33:50.675 20022 20022 I EmojiCompatManager: 	at lhn.m(PG:96)
02-19 19:33:50.675 20022 20022 I EmojiCompatManager: 	at lhn.k(PG:25)
02-19 19:33:50.675 20022 20022 I EmojiCompatManager: 	at kgn.onStartInput(PG:250)
02-19 19:33:50.675 20022 20022 I EmojiCompatManager: 	at android.inputmethodservice.InputMethodService.doStartInput(InputMethodService.java:3521)
02-19 19:33:50.675 20022 20022 I EmojiCompatManager: 	at android.inputmethodservice.InputMethodService$InputMethodImpl.startInput(InputMethodService.java:879)
02-19 19:33:50.675 20022 20022 I EmojiCompatManager: 	at android.inputmethodservice.InputMethodService$InputMethodImpl.dispatchStartInput(InputMethodService.java:908)
02-19 19:33:50.675 20022 20022 I EmojiCompatManager: 	at android.inputmethodservice.IInputMethodWrapper.executeMessage(IInputMethodWrapper.java:201)
02-19 19:33:50.675 20022 20022 I EmojiCompatManager: 	at com.android.internal.os.HandlerCaller$MyHandler.handleMessage(HandlerCaller.java:44)
02-19 19:33:50.675 20022 20022 I EmojiCompatManager: 	at android.os.Handler.dispatchMessage(Handler.java:110)
02-19 19:33:50.675 20022 20022 I EmojiCompatManager: 	at android.os.Looper.loopOnce(Looper.java:248)
02-19 19:33:50.675 20022 20022 I EmojiCompatManager: 	at android.os.Looper.loop(Looper.java:338)
02-19 19:33:50.675 20022 20022 I EmojiCompatManager: 	at android.app.ActivityThread.main(ActivityThread.java:9067)
02-19 19:33:50.675 20022 20022 I EmojiCompatManager: 	at java.lang.reflect.Method.invoke(Native Method)
02-19 19:33:50.675 20022 20022 I EmojiCompatManager: 	at com.android.internal.os.RuntimeInit$MethodAndArgsCaller.run(RuntimeInit.java:593)
02-19 19:33:50.675 20022 20022 I EmojiCompatManager: 	at com.android.internal.os.ZygoteInit.main(ZygoteInit.java:932)
02-19 19:33:50.679 20022 20022 I Module  : DeviceLockedStatusModuleProvider$Module.updateDeviceLockedStatus():100 repeatCheckTimes = 1, locked = false
02-19 19:33:50.681   752  2377 W PackageConfigPersister: App-specific configuration not found for packageName: viva.republica.toss.test and userId: 0
02-19 19:33:50.786 19166 19166 D OverviewActionsView: updateForGroupedTask() called with: isGroupedTask = [false], canSaveAppPair = [false]
02-19 19:33:50.786 19166 19166 D OverviewActionsView: updateActionButtonsVisibility() called: showSingleTaskActions = [true], showGroupActions = [false]
02-19 19:33:50.786 19166 19166 D OverviewActionsView: updateForGroupedTask() called with: isGroupedTask = [false], canSaveAppPair = [false]
02-19 19:33:50.787 19166 19166 D OverviewActionsView: updateActionButtonsVisibility() called: showSingleTaskActions = [true], showGroupActions = [false]
02-19 19:33:50.789   752  1095 D BackgroundInstallControlService: Package event received: 0
02-19 19:33:51.513   752  2377 W HWUI    : Image decoding logging dropped!
02-19 19:33:51.555   752  4596 W HWUI    : Failed to choose config with EGL_SWAP_BEHAVIOR_PRESERVED, retrying without...
02-19 19:33:51.570   752  4596 W HWUI    : Failed to initialize 101010-2 format, error = EGL_SUCCESS
02-19 19:33:51.572   752   795 W ActivityTaskManager: callingPackage for (uid=-1, pid=0) has no WPC
02-19 19:33:51.573   752   795 W ActivityStartInterceptor: Starting home with component specified, uid=0
02-19 19:33:51.579   752   795 W OptProp : Cannot read opt property android.window.PROPERTY_COMPAT_ALLOW_USER_ASPECT_RATIO_OVERRIDE
02-19 19:33:51.581   752   795 W OptProp : Cannot read opt property android.window.PROPERTY_COMPAT_ALLOW_USER_ASPECT_RATIO_FULLSCREEN_OVERRIDE
02-19 19:33:51.581   752   795 W OptProp : Cannot read opt property android.window.PROPERTY_COMPAT_ALLOW_RESIZEABLE_ACTIVITY_OVERRIDES
02-19 19:33:51.582   752   795 W OptProp : Cannot read opt property android.window.PROPERTY_COMPAT_ALLOW_MIN_ASPECT_RATIO_OVERRIDE
02-19 19:33:51.583   752   795 V GrammaticalInflectionUtils: AttributionSource: android.content.AttributionSource@1abea79a does not have READ_SYSTEM_GRAMMATICAL_GENDER permission.
02-19 19:33:51.592  4449  4449 I vol.VolumeDialogImpl: mDialog.dismiss() reason: volume_controller from: com.android.systemui.volume.VolumeDialogImpl$7.onDismissRequested:3
