02-19 12:24:45.457  4449  4467 V WindowManagerShell:         {m=TO_FRONT f=IS_WALLPAPER leash=Surface(name=WallpaperWindowToken{35e0c0f showWhenLocked=false})/@0xe2deba6 sb=Rect(0, 0 - 1080, 2400) eb=Rect(0, 0 - 1080, 2400) epz=Point(1080, 2400) d=0}
02-19 12:24:45.457  4449  4467 V WindowManagerShell:     ]}
02-19 12:24:45.457  4449  4467 V WindowManagerShell: Playing animation for (#293) android.os.BinderProxy@dabd185@0
02-19 12:24:45.458  4449  4467 V ShellRecents: RecentsTransitionHandler.startAnimation: no controller found
02-19 12:24:45.459  4449  4467 V WindowManagerShell: Transition doesn't have explicit remote, search filters for match for {id=293 t=OPEN f=0x0 trk=0 r=[0@Point(0, 0)] c=[{m=TO_FRONT f=SHOW_WALLPAPER|MOVE_TO_TOP leash=Surface(name=Task=1)/@0xd4df6e8 sb=Rect(0, 0 - 1080, 2400) eb=Rect(0, 0 - 1080, 2400) epz=Point(1080, 2400) d=0 taskParent=-1},{m=TO_BACK f=NONE leash=Surface(name=Task=49)/@0xadd0101 sb=Rect(0, 0 - 1080, 2400) eb=Rect(0, 0 - 1080, 2400) epz=Point(1080, 2400) d=0 taskParent=-1},{m=TO_FRONT f=IS_WALLPAPER leash=Surface(name=WallpaperWindowToken{35e0c0f showWhenLocked=false})/@0xe2deba6 sb=Rect(0, 0 - 1080, 2400) eb=Rect(0, 0 - 1080, 2400) epz=Point(1080, 2400) d=0}]}
02-19 12:24:45.459  4449  4467 V WindowManagerShell:  Checking filter Pair{{types=[] flags=0x0] notFlags=0x0 checks=[{atype=undefined independent=true modes=[CLOSE,TO_BACK] flags=IN_TASK_WITH_EMBEDDED_ACTIVITY mustBeTask=false order=ANY topActivity=null launchCookie=null taskFragmentToken=android.os.BinderProxy@188d51a windowingMode=undefined}]} RemoteTransition { remoteTransition = android.window.IRemoteTransition$Stub$Proxy@44cd84b, appThread = android.app.IApplicationThread$Stub$Proxy@3a12228, debugName = overlayBackTransition }}
02-19 12:24:45.459  4449  4467 V WindowManagerShell:  Checking filter Pair{{types=[] flags=0x0] notFlags=0x0 checks=[{atype=dream independent=true modes=[OPEN,TO_FRONT] flags=NONE mustBeTask=false order=ANY topActivity=null launchCookie=null windowingMode=undefined},{atype=home independent=true modes=[CLOSE,TO_BACK] flags=NONE mustBeTask=false order=ANY topActivity=null launchCookie=null windowingMode=undefined}]} RemoteTransition { remoteTransition = android.window.IRemoteTransition$Stub$Proxy@6f3eb41, appThread = android.app.IApplicationThread$Stub$Proxy@ccf28e6, debugName = LauncherToDream }}
02-19 12:24:45.460  4449  4467 V WindowManagerShell:  Checking filter Pair{{types=[] flags=0x0] notFlags=0x100 checks=[{atype=home independent=true modes=[OPEN,TO_FRONT] flags=NONE mustBeTask=false order=TOP topActivity=ComponentInfo{com.google.android.apps.nexuslauncher/com.google.android.apps.nexuslauncher.NexusLauncherActivity} launchCookie=null windowingMode=undefined},{atype=standard independent=true modes=[CLOSE,TO_BACK] flags=NONE mustBeTask=false order=ANY topActivity=null launchCookie=null windowingMode=undefined},{NOT atype=undefined independent=true modes=[] flags=NONE mustBeTask=true order=ANY topActivity=null launchCookie=null customAnim=true windowingMode=undefined}]} RemoteTransition { remoteTransition = android.window.IRemoteTransition$Stub$Proxy@a8eae27, appThread = android.app.IApplicationThread$Stub$Proxy@fa38d4, debugName = QuickstepLaunchHome }}
02-19 12:24:45.460  4449  4467 D RemoteTransitionHandler: Found filterPair{{types=[] flags=0x0] notFlags=0x100 checks=[{atype=home independent=true modes=[OPEN,TO_FRONT] flags=NONE mustBeTask=false order=TOP topActivity=ComponentInfo{com.google.android.apps.nexuslauncher/com.google.android.apps.nexuslauncher.NexusLauncherActivity} launchCookie=null windowingMode=undefined},{atype=standard independent=true modes=[CLOSE,TO_BACK] flags=NONE mustBeTask=false order=ANY topActivity=null launchCookie=null windowingMode=undefined},{NOT atype=undefined independent=true modes=[] flags=NONE mustBeTask=true order=ANY topActivity=null launchCookie=null customAnim=true windowingMode=undefined}]} RemoteTransition { remoteTransition = android.window.IRemoteTransition$Stub$Proxy@a8eae27, appThread = android.app.IApplicationThread$Stub$Proxy@fa38d4, debugName = QuickstepLaunchHome }}
02-19 12:24:45.460  4449  4467 V WindowManagerShell:  Delegate animation for (#293) to RemoteTransition { remoteTransition = android.window.IRemoteTransition$Stub$Proxy@a8eae27, appThread = android.app.IApplicationThread$Stub$Proxy@fa38d4, debugName = QuickstepLaunchHome }
02-19 12:24:45.465   752   794 V WindowManager: Sent Transition (#293) createdAt=02-19 12:24:44.999 via request=TransitionRequestInfo { type = OPEN, triggerTask = TaskInfo{userId=0 taskId=5 effectiveUid=10182 displayId=0 isRunning=true baseIntent=Intent { act=android.intent.action.MAIN cat=[android.intent.category.HOME] flg=0x10000100 cmp=com.google.android.apps.nexuslauncher/.NexusLauncherActivity } baseActivity=ComponentInfo{com.google.android.apps.nexuslauncher/com.google.android.apps.nexuslauncher.NexusLauncherActivity} topActivity=ComponentInfo{com.google.android.apps.nexuslauncher/com.google.android.apps.nexuslauncher.NexusLauncherActivity} origActivity=null realActivity=ComponentInfo{com.google.android.apps.nexuslauncher/com.google.android.apps.nexuslauncher.NexusLauncherActivity} numActivities=1 lastActiveTime=82958851 supportsMultiWindow=true resizeMode=2 isResizeable=true minWidth=-1 minHeight=-1 defaultMinSize=220 token=WCT{RemoteToken{50a2c5f Task{b605570 #5 type=home I=com.google.android.apps.nexuslauncher/.NexusLauncherActivity}}} topActivityType=2 pictureInPictureParams=null shouldDockBigOverlays=false launchIntoPipHostTaskId=-1 lastParentTaskIdBeforePip=-1 displayCutoutSafeInsets=Rect(0, 0 - 0, 0) topActivityInfo=ActivityInfo{f5406ac com.google.android.apps.nexuslauncher.NexusLauncherActivity} launchCookies=[] positionInParent=Point(0, 0) parentTaskId=-1 isFocused=true isVisible=false isVisibleRequested=true isTopActivityNoDisplay=false isSleeping=false locusId=LocusId[17_chars] displayAreaFeatureId=1 isTopActivityTransparent=false isActivityStackTransparent=false lastNonFullscreenBounds=Rect(284, 660 - 796, 1740) capturedLink=null capturedLinkTimestamp=0 requestedVisibleTypes=-9 topActivityRequestOpenInBrowserEducationTimestamp=0 appCompatTaskInfo=AppCompatTaskInfo { topActivityInSizeCompat=false eligibleForLetterboxEducation= false isLetterboxEducationEnabled= true isLetterboxDoubleTapEnabled= false eligibleForUserAspectRatioButton= false topActivityBoundsLetterboxed= false isFromLetterboxDoubleTap= false topActivityLetterboxVerticalPosition= -1 topActivityLetterboxHorizontalPosition= -1 topActivityLetterboxWidth=-1 topActivityLetterboxHeight=-1 topActivityAppBounds=Rect(0, 0 - 1080, 2400) isUserFullscreenOverrideEnabled=false isSystemFullscreenOverrideEnabled=false hasMinAspectRatioOverride=false topActivityLetterboxBounds=null cameraCompatTaskInfo=CameraCompatTaskInfo { freeformCameraCompatMode=inactive}} topActivityMainWindowFrame=null}, pipChange = null, remoteTransition = null, displayChange = null, flags = 0, debugId = 293 }
02-19 12:24:45.465   752   794 V WindowManager:     startWCT=WindowContainerTransaction { changes= {} hops= [] errorCallbackToken=null taskFragmentOrganizer=null }
02-19 12:24:45.466   752   794 V WindowManager:     info={id=293 t=OPEN f=0x0 trk=0 r=[0@Point(0, 0)] c=[
02-19 12:24:45.466   752   794 V WindowManager:         {WCT{RemoteToken{5218fe8 Task{dd43522 #1 type=home}}} m=TO_FRONT f=SHOW_WALLPAPER|MOVE_TO_TOP leash=Surface(name=Task=1)/@0x8ddbd2e sb=Rect(0, 0 - 1080, 2400) eb=Rect(0, 0 - 1080, 2400) epz=Point(1080, 2400) d=0 taskParent=-1},
02-19 12:24:45.466   752   794 V WindowManager:         {WCT{RemoteToken{9407972 Task{2ea9236 #49 type=standard A=1000:com.android.settings.root}}} m=TO_BACK f=NONE leash=Surface(name=Task=49)/@0x49d695c sb=Rect(0, 0 - 1080, 2400) eb=Rect(0, 0 - 1080, 2400) epz=Point(1080, 2400) d=0 taskParent=-1},
02-19 12:24:45.466   752   794 V WindowManager:         {m=TO_FRONT f=IS_WALLPAPER leash=Surface(name=WallpaperWindowToken{35e0c0f showWhenLocked=false})/@0x512f5be sb=Rect(0, 0 - 1080, 2400) eb=Rect(0, 0 - 1080, 2400) epz=Point(1080, 2400) d=0}
02-19 12:24:45.466   752   794 V WindowManager:     ]}
02-19 12:24:45.487  4449  4467 V WindowManagerShell:  animated by com.android.wm.shell.transition.RemoteTransitionHandler@ef09705
02-19 12:24:45.500   752   815 E BluetoothPowerStatsCollector: Cannot acquire BluetoothActivityEnergyInfo
02-19 12:24:45.500   752   815 E BluetoothPowerStatsCollector: java.util.concurrent.ExecutionException: java.lang.RuntimeException: error: 9
02-19 12:24:45.500   752   815 E BluetoothPowerStatsCollector: 	at java.util.concurrent.CompletableFuture.reportGet(CompletableFuture.java:372)
02-19 12:24:45.500   752   815 E BluetoothPowerStatsCollector: 	at java.util.concurrent.CompletableFuture.get(CompletableFuture.java:2072)
02-19 12:24:45.500   752   815 E BluetoothPowerStatsCollector: 	at com.android.server.power.stats.BluetoothPowerStatsCollector.collectBluetoothActivityInfo(BluetoothPowerStatsCollector.java:192)
02-19 12:24:45.500   752   815 E BluetoothPowerStatsCollector: 	at com.android.server.power.stats.BluetoothPowerStatsCollector.collectStats(BluetoothPowerStatsCollector.java:155)
02-19 12:24:45.500   752   815 E BluetoothPowerStatsCollector: 	at com.android.server.power.stats.PowerStatsCollector.collectAndDeliverStats(PowerStatsCollector.java:176)
02-19 12:24:45.500   752   815 E BluetoothPowerStatsCollector: 	at com.android.server.power.stats.PowerStatsCollector$$ExternalSyntheticLambda0.run(R8$$SyntheticClass:0)
02-19 12:24:45.500   752   815 E BluetoothPowerStatsCollector: 	at android.os.Handler.handleCallback(Handler.java:995)
02-19 12:24:45.500   752   815 E BluetoothPowerStatsCollector: 	at android.os.Handler.dispatchMessage(Handler.java:103)
02-19 12:24:45.500   752   815 E BluetoothPowerStatsCollector: 	at android.os.Looper.loopOnce(Looper.java:248)
02-19 12:24:45.500   752   815 E BluetoothPowerStatsCollector: 	at android.os.Looper.loop(Looper.java:338)
02-19 12:24:45.500   752   815 E BluetoothPowerStatsCollector: 	at android.os.HandlerThread.run(HandlerThread.java:85)
02-19 12:24:45.500   752   815 E BluetoothPowerStatsCollector: Caused by: java.lang.RuntimeException: error: 9
02-19 12:24:45.500   752   815 E BluetoothPowerStatsCollector: 	at com.android.server.power.stats.BluetoothPowerStatsCollector$1.onBluetoothActivityEnergyInfoError(BluetoothPowerStatsCollector.java:181)
02-19 12:24:45.500   752   815 E BluetoothPowerStatsCollector: 	at android.bluetooth.BluetoothAdapter$OnBluetoothActivityEnergyInfoProxy.lambda$onError$2(BluetoothAdapter.java:1059)
02-19 12:24:45.500   752   815 E BluetoothPowerStatsCollector: 	at android.bluetooth.BluetoothAdapter$OnBluetoothActivityEnergyInfoProxy$$ExternalSyntheticLambda0.run(D8$$SyntheticClass:0)
02-19 12:24:45.500   752   815 E BluetoothPowerStatsCollector: 	at android.bluetooth.BluetoothUtils.lambda$executeFromBinder$0(BluetoothUtils.java:343)
02-19 12:24:45.500   752   815 E BluetoothPowerStatsCollector: 	at android.bluetooth.BluetoothUtils$$ExternalSyntheticLambda1.run(D8$$SyntheticClass:0)
02-19 12:24:45.500   752   815 E BluetoothPowerStatsCollector: 	at com.android.server.SystemServerInitThreadPool$$ExternalSyntheticLambda0.execute(R8$$SyntheticClass:0)
02-19 12:24:45.500   752   815 E BluetoothPowerStatsCollector: 	at android.bluetooth.BluetoothUtils.executeFromBinder(BluetoothUtils.java:343)
02-19 12:24:45.500   752   815 E BluetoothPowerStatsCollector: 	at android.bluetooth.BluetoothAdapter$OnBluetoothActivityEnergyInfoProxy.onError(BluetoothAdapter.java:1058)
02-19 12:24:45.500   752   815 E BluetoothPowerStatsCollector: 	at android.bluetooth.BluetoothAdapter.requestControllerActivityEnergyInfo(BluetoothAdapter.java:2694)
02-19 12:24:45.500   752   815 E BluetoothPowerStatsCollector: 	at com.android.server.power.stats.BatteryStatsImpl$BluetoothStatsRetrieverImpl.requestControllerActivityEnergyInfo(BatteryStatsImpl.java:485)
02-19 12:24:45.500   752   815 E BluetoothPowerStatsCollector: 	at com.android.server.power.stats.BluetoothPowerStatsCollector.collectBluetoothActivityInfo(BluetoothPowerStatsCollector.java:170)
02-19 12:24:45.500   752   815 E BluetoothPowerStatsCollector: 	... 8 more
02-19 12:24:45.503  1341  1341 D StateManager: createAtomicAnimation - fromState: Background, toState: Normal, partial trace:
02-19 12:24:45.503  1341  1341 D StateManager: 	at com.android.quickstep.util.WorkspaceRevealAnim.prepareToAnimate(go/retraceme 72a59688580715d19f0e415c69e80376c2f062d1648c80db6730905005a27c20:22)
02-19 12:24:45.503  1341  1341 D StateManager: 	at com.android.quickstep.util.WorkspaceRevealAnim.<init>(go/retraceme 72a59688580715d19f0e415c69e80376c2f062d1648c80db6730905005a27c20:11)
02-19 12:24:45.503  1341  1341 D StateManager: 	at com.android.launcher3.QuickstepTransitionManager.createWallpaperOpenAnimations(go/retraceme 72a59688580715d19f0e415c69e80376c2f062d1648c80db6730905005a27c20:339)
02-19 12:24:45.503   752   797 W ActivityTaskManager: Activity top resumed state loss timeout for ActivityRecord{58357975 u0 com.android.settings/.homepage.SettingsHomepageActivity t49}
02-19 12:24:45.505  1341  1341 D b/311077782: LauncherAnimationRunner.setAnimation
02-19 12:24:45.537   752  1631 D TelephonyManager: requestModemActivityInfo: Sending result to app: ModemActivityInfo{ mTimestamp=82959382 mSleepTimeMs=8988 mIdleTimeMs=2996 mActivityStatsTechSpecificInfo=[{mRat=UNKNOWN,mFrequencyRange=UNKNOWN,mTxTimeMs[]=[214, 642, 1284, 1712, 1926],mRxTimeMs=1926}]}
02-19 12:24:45.723   752   989 I ImeTracker: com.google.android.apps.nexuslauncher:5d1014b7: onRequestHide at ORIGIN_SERVER reason HIDE_UNSPECIFIED_WINDOW fromUser false
02-19 12:24:45.740  1563  1563 I GoogleInputMethodService: GoogleInputMethodService.onFinishInput():2043 
02-19 12:24:45.754  1563  1563 I Module  : DeviceLockedStatusModuleProvider$Module.updateDeviceLockedStatus():100 repeatCheckTimes = 0, locked = false
02-19 12:24:45.755  1563  1563 I GoogleInputMethodService: GoogleInputMethodService.onStartInput():1293 onStartInput(EditorInfo{EditorInfo{packageName=com.google.android.apps.nexuslauncher, inputType=0, inputTypeString=NULL, enableLearning=false, autoCorrection=false, autoComplete=false, imeOptions=0, privateImeOptions=null, actionName=UNSPECIFIED, actionLabel=null, initialSelStart=-1, initialSelEnd=-1, initialCapsMode=0, label=null, fieldId=0, fieldName=null, extras=null, hintText=null, hintLocales=[]}}, false)
02-19 12:24:45.761   752  1631 I ImeTracker: system_server:dcf1b57c: onRequestHide at ORIGIN_SERVER reason IME_REQUESTED_CHANGED_LISTENER fromUser false
02-19 12:24:45.763   752   797 I ImeTracker: system_server:dcf1b57c: onCancelled at PHASE_SERVER_SHOULD_HIDE
02-19 12:24:45.763  1563  1563 I Module  : DeviceLockedStatusModuleProvider$Module.updateDeviceLockedStatus():100 repeatCheckTimes = 1, locked = false
02-19 12:24:45.764  1563  1563 I EmojiCompatManager: EmojiCompatManager.getEmojiCompatIfLoaded():343 EmojiCompat.init() was never called.
02-19 12:24:45.764  1563  1563 I EmojiCompatManager: java.lang.IllegalStateException: EmojiCompat is not initialized. Please call EmojiCompat.init() first
02-19 12:24:45.764  1563  1563 I EmojiCompatManager: 	at asx.p(PG:6)
02-19 12:24:45.764  1563  1563 I EmojiCompatManager: 	at axb.b(PG:13)
02-19 12:24:45.764  1563  1563 I EmojiCompatManager: 	at jnr.b(PG:2)
02-19 12:24:45.764  1563  1563 I EmojiCompatManager: 	at jnr.c(PG:4)
02-19 12:24:45.764  1563  1563 I EmojiCompatManager: 	at jnr.f(PG:3)
02-19 12:24:45.764  1563  1563 I EmojiCompatManager: 	at jnx.c(PG:3)
02-19 12:24:45.764  1563  1563 I EmojiCompatManager: 	at kif.cz(PG:47)
02-19 12:24:45.764  1563  1563 I EmojiCompatManager: 	at lhl.run(PG:1025)
02-19 12:24:45.764  1563  1563 I EmojiCompatManager: 	at jaf.execute(PG:12)
02-19 12:24:45.764  1563  1563 I EmojiCompatManager: 	at nco.v(PG:13)
02-19 12:24:45.764  1563  1563 I EmojiCompatManager: 	at lhn.m(PG:96)
02-19 12:24:45.764  1563  1563 I EmojiCompatManager: 	at lhn.k(PG:25)
02-19 12:24:45.764  1563  1563 I EmojiCompatManager: 	at kgn.onStartInput(PG:250)
02-19 12:24:45.764  1563  1563 I EmojiCompatManager: 	at android.inputmethodservice.InputMethodService.doStartInput(InputMethodService.java:3521)
02-19 12:24:45.764  1563  1563 I EmojiCompatManager: 	at android.inputmethodservice.InputMethodService$InputMethodImpl.startInput(InputMethodService.java:879)
02-19 12:24:45.764  1563  1563 I EmojiCompatManager: 	at android.inputmethodservice.InputMethodService$InputMethodImpl.dispatchStartInput(InputMethodService.java:908)
02-19 12:24:45.764  1563  1563 I EmojiCompatManager: 	at android.inputmethodservice.IInputMethodWrapper.executeMessage(IInputMethodWrapper.java:201)
02-19 12:24:45.764  1563  1563 I EmojiCompatManager: 	at com.android.internal.os.HandlerCaller$MyHandler.handleMessage(HandlerCaller.java:44)
02-19 12:24:45.764  1563  1563 I EmojiCompatManager: 	at android.os.Handler.dispatchMessage(Handler.java:110)
02-19 12:24:45.764  1563  1563 I EmojiCompatManager: 	at android.os.Looper.loopOnce(Looper.java:248)
02-19 12:24:45.764  1563  1563 I EmojiCompatManager: 	at android.os.Looper.loop(Looper.java:338)
02-19 12:24:45.764  1563  1563 I EmojiCompatManager: 	at android.app.ActivityThread.main(ActivityThread.java:9067)
02-19 12:24:45.764  1563  1563 I EmojiCompatManager: 	at java.lang.reflect.Method.invoke(Native Method)
02-19 12:24:45.764  1563  1563 I EmojiCompatManager: 	at com.android.internal.os.RuntimeInit$MethodAndArgsCaller.run(RuntimeInit.java:593)
02-19 12:24:45.764  1563  1563 I EmojiCompatManager: 	at com.android.internal.os.ZygoteInit.main(ZygoteInit.java:932)
02-19 12:24:45.766   752  1940 W PackageConfigPersister: App-specific configuration not found for packageName: com.google.android.apps.nexuslauncher and userId: 0
02-19 12:24:45.784  1341  1341 D InsetsController: hide(ime(), fromIme=false)
02-19 12:24:45.785  1341  1341 I ImeTracker: com.google.android.apps.nexuslauncher:5d1014b7: onCancelled at PHASE_CLIENT_ALREADY_HIDDEN
02-19 12:24:45.844  1341  1341 D WorkspaceRevealAnim: onAnimationEnd: workspace alpha = 1.0
02-19 12:24:45.850  4449  4467 V WindowManagerShell: Transition animation finished (aborted=false), notifying core (#293) android.os.BinderProxy@dabd185@0
02-19 12:24:45.854   752   794 V WindowManager: Finish Transition (#293): created at 02-19 12:24:44.999 collect-started=0.053ms request-sent=7.264ms started=10.417ms ready=12.838ms sent=446.133ms commit=73.279ms finished=853.313ms
02-19 12:24:45.855  4449  4467 V WindowManagerShell: Track 0 became idle
02-19 12:24:45.855  4449  4467 V WindowManagerShell: All active transition animations finished
02-19 12:24:45.990 29028 29028 D CategoryMixin: Skip categories update
02-19 12:24:46.214 29028 29028 W HWUI    : Unknown dataspace 0
02-19 12:24:46.389   752   775 W system_server: Suspending all threads took: 166.618ms
02-19 12:24:46.438   752  1852 I system_server: IncrementDisableThreadFlip blocked for 14.904ms
02-19 12:24:46.598   752   775 I system_server: NativeAlloc concurrent mark compact GC freed 14MB AllocSpace bytes, 21(760KB) LOS objects, 42% free, 32MB/56MB, paused 172.208ms,11.607ms total 706.521ms
02-19 12:24:46.606   752   777 W System  : A resource failed to call release. 
02-19 12:24:46.609   752  2503 W ActivityTaskManager: callingPackage for (uid=2000, pid=29070) has no WPC
02-19 12:24:46.610   752  2503 V GrammaticalInflectionUtils: AttributionSource: android.content.AttributionSource@56784557 does not have READ_SYSTEM_GRAMMATICAL_GENDER permission.
02-19 12:24:46.611   752  2503 W OptProp : Cannot read opt property android.window.PROPERTY_COMPAT_ALLOW_USER_ASPECT_RATIO_OVERRIDE
02-19 12:24:46.611   752  2503 W OptProp : Cannot read opt property android.window.PROPERTY_COMPAT_ALLOW_USER_ASPECT_RATIO_FULLSCREEN_OVERRIDE
02-19 12:24:46.611   752  2503 W OptProp : Cannot read opt property android.window.PROPERTY_COMPAT_ALLOW_RESIZEABLE_ACTIVITY_OVERRIDES
02-19 12:24:46.612   752  2503 W OptProp : Cannot read opt property android.window.PROPERTY_COMPAT_ALLOW_MIN_ASPECT_RATIO_OVERRIDE
02-19 12:24:46.615   752  2503 W OptProp : Cannot read opt property android.window.PROPERTY_COMPAT_ALLOW_ORIENTATION_OVERRIDE
02-19 12:24:46.624   531   602 I BpBinder: onLastStrongRef automatically unlinking death recipients: 
02-19 12:24:46.630   752  2503 I ActivityTaskManager: START u0 {act=android.intent.action.VIEW dat=intoss://takealook/... flg=0x10000000 xflg=0x4 cmp=viva.republica.toss.test/im.toss.rn.granite.core.GraniteActivity} with LAUNCH_MULTIPLE from uid 2000 (BAL_ALLOW_PERMISSION) result code=0
02-19 12:24:46.633  4449  4467 V WindowManagerShell: Transition requested (#294): android.os.BinderProxy@29a5edf TransitionRequestInfo { type = OPEN, triggerTask = TaskInfo{userId=0 taskId=48 effectiveUid=10217 displayId=0 isRunning=true baseIntent=Intent { act=android.intent.action.VIEW dat=intoss://takealook/... flg=0x10000000 pkg=viva.republica.toss.test cmp=viva.republica.toss.test/.MiniAppSchemeActivity } baseActivity=ComponentInfo{viva.republica.toss.test/im.toss.rn.granite.core.GraniteActivity} topActivity=ComponentInfo{viva.republica.toss.test/im.toss.rn.granite.core.GraniteActivity} origActivity=null realActivity=ComponentInfo{viva.republica.toss.test/viva.republica.toss.test.MiniAppSchemeActivity} numActivities=3 lastActiveTime=82955563 supportsMultiWindow=true resizeMode=1 isResizeable=true minWidth=-1 minHeight=-1 defaultMinSize=220 token=WCT{android.window.IWindowContainerToken$Stub$Proxy@41c872c} topActivityType=1 pictureInPictureParams=null shouldDockBigOverlays=false launchIntoPipHostTaskId=-1 lastParentTaskIdBeforePip=-1 displayCutoutSafeInsets=Rect(0, 0 - 0, 0) topActivityInfo=ActivityInfo{95d25f5 im.toss.rn.granite.core.GraniteActivity} launchCookies=[] positionInParent=Point(0, 0) parentTaskId=-1 isFocused=false isVisible=false isVisibleRequested=false isTopActivityNoDisplay=false isSleeping=false locusId=null displayAreaFeatureId=1 isTopActivityTransparent=false isActivityStackTransparent=false lastNonFullscreenBounds=Rect(284, 660 - 796, 1740) capturedLink=null capturedLinkTimestamp=0 requestedVisibleTypes=-9 topActivityRequestOpenInBrowserEducationTimestamp=0 appCompatTaskInfo=AppCompatTaskInfo { topActivityInSizeCompat=false eligibleForLetterboxEducation= false isLetterboxEducationEnabled= true isLetterboxDoubleTapEnabled= false eligibleForUserAspectRatioButton= false topActivityBoundsLetterboxed= false isFromLetterboxDoubleTap= false topActivityLetterboxVerticalPosition= -1 topActivityLetterboxHorizontalPosition= -1 topActivityLetterboxWidth=-1 topActivityLetterboxHeight=-1 topActivityAppBounds=Rect(0, 0 - 1080, 2400) isUserFullscreenOverrideEnabled=false isSystemFullscreenOverrideEnabled=false hasMinAspectRatioOverride=false topActivityLetterboxBounds=null cameraCompatTaskInfo=CameraCompatTaskInfo { freeformCameraCompatMode=inactive}} topActivityMainWindowFrame=null}, pipChange = null, remoteTransition = null, displayChange = null, flags = 0, debugId = 294 }
02-19 12:24:46.634  4449  4467 D ShellSplitScreen: logExit: no-op, mLoggerSessionId is null
02-19 12:24:46.654  1341  1341 W SplitSelectStateCtor: Missing session instanceIds
02-19 12:24:46.654  1341  1341 D StatsLog: LAUNCHER_SPLIT_SELECTION_EXIT_INTERRUPTED
02-19 12:24:46.658  4449  4467 D WindowManagerShell: setLauncherKeepClearAreaHeight: visible=false, height=527
02-19 12:24:46.662   752  1940 W OptProp : Cannot read opt property android.window.PROPERTY_COMPAT_ENABLE_FAKE_FOCUS
02-19 12:24:46.665   752  1095 D BackgroundInstallControlService: Package event received: 0
02-19 12:24:46.673   531   531 I BpBinder: onLastStrongRef automatically unlinking death recipients: 
02-19 12:24:46.689 28285 28285 I blica.toss.test: AssetManager2(0x7d8fac4d4c58) locale list changing from [] to [en-US]
02-19 12:24:46.690   752  1095 D BackgroundInstallControlService: Package event received: 0
02-19 12:24:46.693   752  1095 D BackgroundInstallControlService: Package event received: 0
02-19 12:24:46.693   752  1095 D BackgroundInstallControlService: Package event received: 0
02-19 12:24:46.698   752  1095 D BackgroundInstallControlService: Package event received: 0
02-19 12:24:46.698   752  1095 D BackgroundInstallControlService: Package event received: 0
02-19 12:24:46.724   752  1631 D CoreBackPreview: Window{2720a34 u0 Splash Screen viva.republica.toss.test}: Setting back callback OnBackInvokedCallbackInfo{mCallback=android.window.IOnBackInvokedCallback$Stub$Proxy@83f95a0, mPriority=0, mIsAnimationCallback=false, mOverrideBehavior=0}
02-19 12:24:46.729   615 17673 W IPCThreadState: Sending oneway calls to frozen process.
02-19 12:24:46.814   752   794 V WindowManager: Sent Transition (#294) createdAt=02-19 12:24:46.612 via request=TransitionRequestInfo { type = OPEN, triggerTask = TaskInfo{userId=0 taskId=48 effectiveUid=10217 displayId=0 isRunning=true baseIntent=Intent { act=android.intent.action.VIEW dat=intoss://takealook/... flg=0x10000000 pkg=viva.republica.toss.test cmp=viva.republica.toss.test/.MiniAppSchemeActivity } baseActivity=ComponentInfo{viva.republica.toss.test/im.toss.rn.granite.core.GraniteActivity} topActivity=ComponentInfo{viva.republica.toss.test/im.toss.rn.granite.core.GraniteActivity} origActivity=null realActivity=ComponentInfo{viva.republica.toss.test/viva.republica.toss.test.MiniAppSchemeActivity} numActivities=3 lastActiveTime=82955563 supportsMultiWindow=true resizeMode=1 isResizeable=true minWidth=-1 minHeight=-1 defaultMinSize=220 token=WCT{RemoteToken{1dba69d Task{1507662 #48 type=standard A=10217:viva.republica.toss.test}}} topActivityType=1 pictureInPictureParams=null shouldDockBigOverlays=false launchIntoPipHostTaskId=-1 lastParentTaskIdBeforePip=-1 displayCutoutSafeInsets=Rect(0, 0 - 0, 0) topActivityInfo=ActivityInfo{cfa71ff im.toss.rn.granite.core.GraniteActivity} launchCookies=[] positionInParent=Point(0, 0) parentTaskId=-1 isFocused=false isVisible=false isVisibleRequested=false isTopActivityNoDisplay=false isSleeping=false locusId=null displayAreaFeatureId=1 isTopActivityTransparent=false isActivityStackTransparent=false lastNonFullscreenBounds=Rect(284, 660 - 796, 1740) capturedLink=null capturedLinkTimestamp=0 requestedVisibleTypes=-9 topActivityRequestOpenInBrowserEducationTimestamp=0 appCompatTaskInfo=AppCompatTaskInfo { topActivityInSizeCompat=false eligibleForLetterboxEducation= false isLetterboxEducationEnabled= true isLetterboxDoubleTapEnabled= false eligibleForUserAspectRatioButton= false topActivityBoundsLetterboxed= false isFromLetterboxDoubleTap= false topActivityLetterboxVerticalPosition= -1 topActivityLetterboxHorizontalPosition= -1 topActivityLetterboxWidth=-1 topActivityLetterboxHeight=-1 topActivityAppBounds=Rect(0, 0 - 1080, 2400) isUserFullscreenOverrideEnabled=false isSystemFullscreenOverrideEnabled=false hasMinAspectRatioOverride=false topActivityLetterboxBounds=null cameraCompatTaskInfo=CameraCompatTaskInfo { freeformCameraCompatMode=inactive}} topActivityMainWindowFrame=null}, pipChange = null, remoteTransition = null, displayChange = null, flags = 0, debugId = 294 }
02-19 12:24:46.814   752   794 V WindowManager:     startWCT=WindowContainerTransaction { changes= {} hops= [] errorCallbackToken=null taskFragmentOrganizer=null }
02-19 12:24:46.814   752   794 V WindowManager:     info={id=294 t=OPEN f=0x0 trk=0 r=[0@Point(0, 0)] c=[
02-19 12:24:46.814   752   794 V WindowManager:         {WCT{RemoteToken{1dba69d Task{1507662 #48 type=standard A=10217:viva.republica.toss.test}}} m=TO_FRONT f=MOVE_TO_TOP leash=Surface(name=Task=48)/@0x1541561 sb=Rect(0, 0 - 1080, 2400) eb=Rect(0, 0 - 1080, 2400) epz=Point(1080, 2400) d=0 taskParent=-1},
02-19 12:24:46.814   752   794 V WindowManager:         {WCT{RemoteToken{5218fe8 Task{dd43522 #1 type=home}}} m=TO_BACK f=SHOW_WALLPAPER leash=Surface(name=Task=1)/@0x8ddbd2e sb=Rect(0, 0 - 1080, 2400) eb=Rect(0, 0 - 1080, 2400) epz=Point(1080, 2400) d=0 taskParent=-1},
02-19 12:24:46.814   752   794 V WindowManager:         {m=TO_BACK f=IS_WALLPAPER leash=Surface(name=WallpaperWindowToken{35e0c0f showWhenLocked=false})/@0x512f5be sb=Rect(0, 0 - 1080, 2400) eb=Rect(0, 0 - 1080, 2400) epz=Point(1080, 2400) d=0}
02-19 12:24:46.814   752   794 V WindowManager:     ]}
02-19 12:24:46.815  4449  4531 V WindowManagerShell: onTransitionReady(transaction=3229815414810)
02-19 12:24:46.831  4449  4467 V WindowManagerShell: onTransitionReady (#294) android.os.BinderProxy@29a5edf: {id=294 t=OPEN f=0x0 trk=0 r=[0@Point(0, 0)] c=[
02-19 12:24:46.831  4449  4467 V WindowManagerShell:         {m=TO_FRONT f=MOVE_TO_TOP leash=Surface(name=Task=48)/@0x96fbd73 sb=Rect(0, 0 - 1080, 2400) eb=Rect(0, 0 - 1080, 2400) epz=Point(1080, 2400) d=0 taskParent=-1},
02-19 12:24:46.831  4449  4467 V WindowManagerShell:         {m=TO_BACK f=SHOW_WALLPAPER leash=Surface(name=Task=1)/@0xa3ee430 sb=Rect(0, 0 - 1080, 2400) eb=Rect(0, 0 - 1080, 2400) epz=Point(1080, 2400) d=0 taskParent=-1},
02-19 12:24:46.831  4449  4467 V WindowManagerShell:         {m=TO_BACK f=IS_WALLPAPER leash=Surface(name=WallpaperWindowToken{35e0c0f showWhenLocked=false})/@0x36df8a9 sb=Rect(0, 0 - 1080, 2400) eb=Rect(0, 0 - 1080, 2400) epz=Point(1080, 2400) d=0}
02-19 12:24:46.831  4449  4467 V WindowManagerShell:     ]}
02-19 12:24:46.832  4449  4467 V WindowManagerShell: Playing animation for (#294) android.os.BinderProxy@29a5edf@0
02-19 12:24:46.832  4449  4467 V ShellRecents: RecentsTransitionHandler.startAnimation: no controller found
02-19 12:24:46.832  4449  4467 V WindowManagerShell: Transition doesn't have explicit remote, search filters for match for {id=294 t=OPEN f=0x0 trk=0 r=[0@Point(0, 0)] c=[{m=TO_FRONT f=MOVE_TO_TOP leash=Surface(name=Task=48)/@0x96fbd73 sb=Rect(0, 0 - 1080, 2400) eb=Rect(0, 0 - 1080, 2400) epz=Point(1080, 2400) d=0 taskParent=-1},{m=TO_BACK f=SHOW_WALLPAPER leash=Surface(name=Task=1)/@0xa3ee430 sb=Rect(0, 0 - 1080, 2400) eb=Rect(0, 0 - 1080, 2400) epz=Point(1080, 2400) d=0 taskParent=-1},{m=TO_BACK f=IS_WALLPAPER leash=Surface(name=WallpaperWindowToken{35e0c0f showWhenLocked=false})/@0x36df8a9 sb=Rect(0, 0 - 1080, 2400) eb=Rect(0, 0 - 1080, 2400) epz=Point(1080, 2400) d=0}]}
02-19 12:24:46.832  4449  4467 V WindowManagerShell:  Checking filter Pair{{types=[] flags=0x0] notFlags=0x0 checks=[{atype=undefined independent=true modes=[CLOSE,TO_BACK] flags=IN_TASK_WITH_EMBEDDED_ACTIVITY mustBeTask=false order=ANY topActivity=null launchCookie=null taskFragmentToken=android.os.BinderProxy@188d51a windowingMode=undefined}]} RemoteTransition { remoteTransition = android.window.IRemoteTransition$Stub$Proxy@44cd84b, appThread = android.app.IApplicationThread$Stub$Proxy@3a12228, debugName = overlayBackTransition }}
02-19 12:24:46.847  4449  4467 V WindowManagerShell:  Checking filter Pair{{types=[] flags=0x0] notFlags=0x0 checks=[{atype=dream independent=true modes=[OPEN,TO_FRONT] flags=NONE mustBeTask=false order=ANY topActivity=null launchCookie=null windowingMode=undefined},{atype=home independent=true modes=[CLOSE,TO_BACK] flags=NONE mustBeTask=false order=ANY topActivity=null launchCookie=null windowingMode=undefined}]} RemoteTransition { remoteTransition = android.window.IRemoteTransition$Stub$Proxy@6f3eb41, appThread = android.app.IApplicationThread$Stub$Proxy@ccf28e6, debugName = LauncherToDream }}
02-19 12:24:46.847  4449  4467 V WindowManagerShell:  Checking filter Pair{{types=[] flags=0x0] notFlags=0x100 checks=[{atype=home independent=true modes=[OPEN,TO_FRONT] flags=NONE mustBeTask=false order=TOP topActivity=ComponentInfo{com.google.android.apps.nexuslauncher/com.google.android.apps.nexuslauncher.NexusLauncherActivity} launchCookie=null windowingMode=undefined},{atype=standard independent=true modes=[CLOSE,TO_BACK] flags=NONE mustBeTask=false order=ANY topActivity=null launchCookie=null windowingMode=undefined},{NOT atype=undefined independent=true modes=[] flags=NONE mustBeTask=true order=ANY topActivity=null launchCookie=null customAnim=true windowingMode=undefined}]} RemoteTransition { remoteTransition = android.window.IRemoteTransition$Stub$Proxy@a8eae27, appThread = android.app.IApplicationThread$Stub$Proxy@fa38d4, debugName = QuickstepLaunchHome }}
02-19 12:24:46.848  4449  4467 V WindowManagerShell:  Delegate animation for (#294) to null
02-19 12:24:46.848  4449  4467 V WindowManagerShell: start default transition animation, info = {id=294 t=OPEN f=0x0 trk=0 r=[0@Point(0, 0)] c=[{m=TO_FRONT f=MOVE_TO_TOP leash=Surface(name=Task=48)/@0x96fbd73 sb=Rect(0, 0 - 1080, 2400) eb=Rect(0, 0 - 1080, 2400) epz=Point(1080, 2400) d=0 taskParent=-1},{m=TO_BACK f=SHOW_WALLPAPER leash=Surface(name=Task=1)/@0xa3ee430 sb=Rect(0, 0 - 1080, 2400) eb=Rect(0, 0 - 1080, 2400) epz=Point(1080, 2400) d=0 taskParent=-1},{m=TO_BACK f=IS_WALLPAPER leash=Surface(name=WallpaperWindowToken{35e0c0f showWhenLocked=false})/@0x36df8a9 sb=Rect(0, 0 - 1080, 2400) eb=Rect(0, 0 - 1080, 2400) epz=Point(1080, 2400) d=0}]}
02-19 12:24:46.849  4449  4467 V WindowManagerShell: loadAnimation: anim=android.view.animation.AnimationSet@7ebdcf animAttr=0x13 type=OPEN isEntrance=false
02-19 12:24:46.851  4449  4467 V WindowManagerShell: loadAnimation: anim=android.view.animation.AnimationSet@e6135c animAttr=0x12 type=OPEN isEntrance=true
02-19 12:24:46.856 29028 29028 I ndroid.settings: AssetManager2(0x7d8fac4330d8) locale list changing from [] to [en-US]
02-19 12:24:46.873 29028 29055 D BatteryInfo: time for getStats: 1ms
02-19 12:24:46.875 29028 29028 D BatteryBroadcastRcvr: updateBatteryStatus: action=android.intent.action.BATTERY_CHANGED
02-19 12:24:46.876 29028 29028 D BatteryBroadcastRcvr: Battery changed: level: 100%| status: Charged| chargingStatus: 0| health: 2
02-19 12:24:46.897  4449  4467 V WindowManagerShell:  animated by com.android.wm.shell.transition.DefaultTransitionHandler@f74d823
02-19 12:24:46.928 29028 29055 D BatteryInfo: time for regular BatteryInfo: 55ms
02-19 12:24:46.931 29028 29055 D BatteryInfo: chargingPolicy = 0, pluggedStatus = 0, batteryStatus = 4
02-19 12:24:46.932 29028 29055 D BatteryInfo: time for getBatteryInfo: 3ms
02-19 12:24:46.935 29028 29047 D ContextualSuggestFrag: Start loading suggestions
02-19 12:24:46.974   752  1095 D BackgroundInstallControlService: Package event received: 0
02-19 12:24:47.001 22778 22788 W MetricsFeatureProvider: Invalid suggestion ids!!! ids is null or empty. Please check. 
02-19 12:24:47.004   752  1631 D ActivityManager: sync unfroze 1665 com.google.android.permissioncontroller for 6
02-19 12:24:47.015 29028 29047 D ContextualSuggestFrag: Loaded suggests: 0
02-19 12:24:47.065 28285 28955 W okhttp.OkHttpClient: A connection to http://localhost:8081/ was leaked. Did you forget to close a response body? To see where this was allocated, set the OkHttpClient logger level to FINE: Logger.getLogger(OkHttpClient.class.getName()).setLevel(Level.FINE);
02-19 12:24:47.071 29028 29028 D DashboardFragment: unregister observer: @8a0b07e, uri: content://com.google.android.apps.wellbeing.api/digitalWellbeingSummary
02-19 12:24:47.087 29028 29028 D DashboardFragment: unregister observer: @fc378f5, uri: content://com.google.android.gms.settings.persistent/getGoogleSettingsTitle
02-19 12:24:47.090 29028 29028 D DashboardFragment: unregister observer: @793568a, uri: content://com.google.android.gms.settings.persistent/getGoogleSettingsSummary
02-19 12:24:47.103 29028 29028 I Choreographer: Skipped 40 frames!  The application may be doing too much work on its main thread.
02-19 12:24:47.106   752  1631 D CoreBackPreview: Window{1b492b3 u0 com.android.settings/com.android.settings.homepage.SettingsHomepageActivity}: Setting back callback OnBackInvokedCallbackInfo{mCallback=android.window.IOnBackInvokedCallback$Stub$Proxy@15249f6, mPriority=-1, mIsAnimationCallback=false, mOverrideBehavior=0}
02-19 12:24:47.157 29028 29028 D TopLvBatteryPrefControl: getBatteryInfo: com.android.settings.fuelgauge.BatteryInfo@1c2a380
02-19 12:24:47.158 29028 29028 D TopLvBatteryPrefControl: getDashboardLabel: null batteryStatusUpdate=true
02-19 12:24:47.197 29028 29028 D BatteryInfo: time for callback: 40ms
02-19 12:24:47.197 29028 29028 D ContextualSuggestFrag: Remove suggestion
02-19 12:24:47.197 29028 29028 D ContextualSuggestFrag: Total loading time: 263 ms
02-19 12:24:47.198 29028 29028 I SettingsHomepageActivity: showHomepageWithSuggestion: false
02-19 12:24:47.205  4449  4467 V WindowManagerShell: Transition animation finished (aborted=false), notifying core (#294) android.os.BinderProxy@29a5edf@0
02-19 12:24:47.223   752   794 V WindowManager: Finish Transition (#294): created at 02-19 12:24:46.612 collect-started=0.114ms request-sent=17.18ms started=33.58ms ready=60.037ms sent=196.173ms commit=73.371ms finished=609.323ms
02-19 12:24:47.233 28285 28285 W unknown:ReactRootView: Unable to update root layout specs for uninitialized ReactInstanceManager
02-19 12:24:47.242   752  1095 D BackgroundInstallControlService: Package event received: 0
02-19 12:24:47.246  1341  1341 D VRI[NexusLauncherActivity]: visibilityChanged oldVisibility=true newVisibility=false
02-19 12:24:47.251  1341  1341 D NexusLauncherModelDelegate: notifySmartspaceEvent: SmartspaceTargetEvent{mSmartspaceTarget=null, mSmartspaceActionId='null', mEventType=7}
02-19 12:24:47.269  4449  4467 V WindowManagerShell: Track 0 became idle
02-19 12:24:47.269  4449  4467 V WindowManagerShell: All active transition animations finished
02-19 12:24:47.272   752  1940 D CoreBackPreview: Window{863e15 u0 viva.republica.toss.test/im.toss.rn.granite.core.GraniteActivity}: Setting back callback OnBackInvokedCallbackInfo{mCallback=android.window.IOnBackInvokedCallback$Stub$Proxy@53196c9, mPriority=0, mIsAnimationCallback=false, mOverrideBehavior=0}
02-19 12:24:47.379  1341  1341 D BaseDepthController: setSurface:
02-19 12:24:47.379  1341  1341 D BaseDepthController: 	mWaitingOnSurfaceValidity: false
02-19 12:24:47.379  1341  1341 D BaseDepthController: 	mBaseSurface: null
02-19 12:24:47.381  1341  1341 D BaseDepthController: mSurface is null and mCurrentBlur is: 0
02-19 12:24:47.389  1341  1341 D StateManager: goToState - fromState: Normal, toState: Normal, partial trace:
02-19 12:24:47.389  1341  1341 D StateManager: 	at com.android.launcher3.statemanager.StateManager.moveToRestState(go/retraceme 72a59688580715d19f0e415c69e80376c2f062d1648c80db6730905005a27c20:4)
02-19 12:24:47.389  1341  1341 D StateManager: 	at com.android.launcher3.statemanager.StateManager.moveToRestState(go/retraceme 72a59688580715d19f0e415c69e80376c2f062d1648c80db6730905005a27c20:1)
02-19 12:24:47.389  1341  1341 D StateManager: 	at com.android.launcher3.statemanager.StatefulActivity.onStop(go/retraceme 72a59688580715d19f0e415c69e80376c2f062d1648c80db6730905005a27c20:34)
02-19 12:24:47.401  1341  1341 D StatsLog: LAUNCHER_ONSTOP
02-19 12:24:47.419  1341  1341 D StatsLog: LAUNCHER_GOOGLE_SEARCH_RESTORE_LIST_SIZE_AFTER_ACTIVITY_RESTART
02-19 12:24:47.461   752   794 I ActivityTaskManager: Displayed viva.republica.toss.test/im.toss.rn.granite.core.GraniteActivity for user 0: +835ms
02-19 12:24:47.480   752  1095 D BackgroundInstallControlService: Package event received: 0
02-19 12:24:47.592   752   989 I ImeTracker: viva.republica.toss.test:882fdb33: onRequestHide at ORIGIN_SERVER reason HIDE_UNSPECIFIED_WINDOW fromUser false
02-19 12:24:47.600   752  1789 W ParceledListSlice: Element #66 is 146520 bytes.
02-19 12:24:47.613 28285 28285 D InsetsController: hide(ime(), fromIme=false)
02-19 12:24:47.613 28285 28285 I ImeTracker: viva.republica.toss.test:882fdb33: onCancelled at PHASE_CLIENT_ALREADY_HIDDEN
02-19 12:24:47.631  1563  1563 I GoogleInputMethodService: GoogleInputMethodService.onFinishInput():2043 
02-19 12:24:47.635  1563  1563 I Module  : DeviceLockedStatusModuleProvider$Module.updateDeviceLockedStatus():100 repeatCheckTimes = 0, locked = false
02-19 12:24:47.635  1563  1563 I GoogleInputMethodService: GoogleInputMethodService.onStartInput():1293 onStartInput(EditorInfo{EditorInfo{packageName=viva.republica.toss.test, inputType=0, inputTypeString=NULL, enableLearning=false, autoCorrection=false, autoComplete=false, imeOptions=0, privateImeOptions=null, actionName=UNSPECIFIED, actionLabel=null, initialSelStart=-1, initialSelEnd=-1, initialCapsMode=0, label=null, fieldId=0, fieldName=null, extras=null, hintText=null, hintLocales=[]}}, false)
02-19 12:24:47.636  1563  1563 I Module  : DeviceLockedStatusModuleProvider$Module.updateDeviceLockedStatus():100 repeatCheckTimes = 1, locked = false
02-19 12:24:47.637  1563  1563 I EmojiCompatManager: EmojiCompatManager.getEmojiCompatIfLoaded():343 EmojiCompat.init() was never called.
02-19 12:24:47.637  1563  1563 I EmojiCompatManager: java.lang.IllegalStateException: EmojiCompat is not initialized. Please call EmojiCompat.init() first
02-19 12:24:47.637  1563  1563 I EmojiCompatManager: 	at asx.p(PG:6)
02-19 12:24:47.637  1563  1563 I EmojiCompatManager: 	at axb.b(PG:13)
02-19 12:24:47.637  1563  1563 I EmojiCompatManager: 	at jnr.b(PG:2)
02-19 12:24:47.637  1563  1563 I EmojiCompatManager: 	at jnr.c(PG:4)
02-19 12:24:47.637  1563  1563 I EmojiCompatManager: 	at jnr.f(PG:3)
02-19 12:24:47.637  1563  1563 I EmojiCompatManager: 	at jnx.c(PG:3)
02-19 12:24:47.637  1563  1563 I EmojiCompatManager: 	at kif.cz(PG:47)
02-19 12:24:47.637  1563  1563 I EmojiCompatManager: 	at lhl.run(PG:1025)
02-19 12:24:47.637  1563  1563 I EmojiCompatManager: 	at jaf.execute(PG:12)
02-19 12:24:47.637  1563  1563 I EmojiCompatManager: 	at nco.v(PG:13)
02-19 12:24:47.637  1563  1563 I EmojiCompatManager: 	at lhn.m(PG:96)
02-19 12:24:47.637  1563  1563 I EmojiCompatManager: 	at lhn.k(PG:25)
02-19 12:24:47.637  1563  1563 I EmojiCompatManager: 	at kgn.onStartInput(PG:250)
02-19 12:24:47.637  1563  1563 I EmojiCompatManager: 	at android.inputmethodservice.InputMethodService.doStartInput(InputMethodService.java:3521)
02-19 12:24:47.637  1563  1563 I EmojiCompatManager: 	at android.inputmethodservice.InputMethodService$InputMethodImpl.startInput(InputMethodService.java:879)
02-19 12:24:47.637  1563  1563 I EmojiCompatManager: 	at android.inputmethodservice.InputMethodService$InputMethodImpl.dispatchStartInput(InputMethodService.java:908)
02-19 12:24:47.637  1563  1563 I EmojiCompatManager: 	at android.inputmethodservice.IInputMethodWrapper.executeMessage(IInputMethodWrapper.java:201)
02-19 12:24:47.637  1563  1563 I EmojiCompatManager: 	at com.android.internal.os.HandlerCaller$MyHandler.handleMessage(HandlerCaller.java:44)
02-19 12:24:47.637  1563  1563 I EmojiCompatManager: 	at android.os.Handler.dispatchMessage(Handler.java:110)
02-19 12:24:47.637  1563  1563 I EmojiCompatManager: 	at android.os.Looper.loopOnce(Looper.java:248)
02-19 12:24:47.637  1563  1563 I EmojiCompatManager: 	at android.os.Looper.loop(Looper.java:338)
02-19 12:24:47.637  1563  1563 I EmojiCompatManager: 	at android.app.ActivityThread.main(ActivityThread.java:9067)
02-19 12:24:47.637  1563  1563 I EmojiCompatManager: 	at java.lang.reflect.Method.invoke(Native Method)
02-19 12:24:47.637  1563  1563 I EmojiCompatManager: 	at com.android.internal.os.RuntimeInit$MethodAndArgsCaller.run(RuntimeInit.java:593)
02-19 12:24:47.637  1563  1563 I EmojiCompatManager: 	at com.android.internal.os.ZygoteInit.main(ZygoteInit.java:932)
02-19 12:24:47.638   752  1789 W ParceledListSlice: Overly large reply size: 190848
02-19 12:24:47.641   752  1852 W PackageConfigPersister: App-specific configuration not found for packageName: viva.republica.toss.test and userId: 0
02-19 12:24:47.642   752  1940 I ImeTracker: system_server:f9a899d4: onRequestHide at ORIGIN_SERVER reason IME_REQUESTED_CHANGED_LISTENER fromUser false
02-19 12:24:47.672 28285 29085 W unknown:ReconnectingWebSocket: Couldn't connect to "ws://10.0.2.2:8081/message?device=sdk_gphone64_x86_64%20-%2016%20-%20API%2036&app=viva.republica.toss.test&clientid=BridgeDevSupportManager", will silently retry
02-19 12:24:47.678   752  1233 W ParceledListSlice: Element #140 is 70492 bytes.
02-19 12:24:47.688   615 17673 W IPCThreadState: Sending oneway calls to frozen process.
02-19 12:24:47.706   752  1233 W ParceledListSlice: Overly large reply size: 115564
02-19 12:24:47.725 28285 29087 W unknown:InspectorPackagerConnection: Couldn't connect to packager, will silently retry
02-19 12:24:47.728   752   797 I ImeTracker: system_server:f9a899d4: onCancelled at PHASE_SERVER_SHOULD_HIDE
02-19 12:24:47.739   752  1789 W ParceledListSlice: Element #193 is 24752 bytes.
02-19 12:24:47.741   752  1233 W ParceledListSlice: Element #223 is 31228 bytes.
02-19 12:24:47.781   752  1233 W ParceledListSlice: Element #233 is 16864 bytes.
02-19 12:24:47.791 28285 28285 E unknown:ReactRootView: Unhandled SoftException
02-19 12:24:47.791 28285 28285 E unknown:ReactRootView: com.facebook.react.uimanager.IllegalViewOperationException: Trying to attach a ReactRootView with an explicit id already set to [2131362676]. React Native uses the id field to track react tags and will overwrite this field. If that is fine, explicitly overwrite the id field to View.NO_ID.
02-19 12:24:47.791 28285 28285 E unknown:ReactRootView: 	at com.facebook.react.ReactRootView.attachToReactInstanceManager(:799)
02-19 12:24:47.791 28285 28285 E unknown:ReactRootView: 	at com.facebook.react.ReactRootView.startReactApplication(:509)
02-19 12:24:47.791 28285 28285 E unknown:ReactRootView: 	at com.facebook.react.ReactRootView.startReactApplication(:469)
02-19 12:24:47.791 28285 28285 E unknown:ReactRootView: 	at im.toss.rn.granite.core.GraniteActivity.write(:486)
02-19 12:24:47.791 28285 28285 E unknown:ReactRootView: 	at im.toss.rn.granite.core.GraniteActivity.RemoteActionCompatParcelizer(:124)
02-19 12:24:47.791 28285 28285 E unknown:ReactRootView: 	at im.toss.rn.granite.core.GraniteActivity$RemoteActionCompatParcelizer.IconCompatParcelizer(:65353)
02-19 12:24:47.791 28285 28285 E unknown:ReactRootView: 	at o.sh.a_(:33)
02-19 12:24:47.791 28285 28285 E unknown:ReactRootView: 	at o.xP.run(:100)
02-19 12:24:47.791 28285 28285 E unknown:ReactRootView: 	at android.os.Handler.handleCallback(Handler.java:995)
02-19 12:24:47.791 28285 28285 E unknown:ReactRootView: 	at android.os.Handler.dispatchMessage(Handler.java:103)
02-19 12:24:47.791 28285 28285 E unknown:ReactRootView: 	at android.os.Looper.loopOnce(Looper.java:248)
02-19 12:24:47.791 28285 28285 E unknown:ReactRootView: 	at android.os.Looper.loop(Looper.java:338)
02-19 12:24:47.791 28285 28285 E unknown:ReactRootView: 	at android.app.ActivityThread.main(ActivityThread.java:9067)
02-19 12:24:47.791 28285 28285 E unknown:ReactRootView: 	at java.lang.reflect.Method.invoke(Native Method)
02-19 12:24:47.791 28285 28285 E unknown:ReactRootView: 	at com.android.internal.os.RuntimeInit$MethodAndArgsCaller.run(RuntimeInit.java:593)
02-19 12:24:47.791 28285 28285 E unknown:ReactRootView: 	at com.android.internal.os.ZygoteInit.main(ZygoteInit.java:932)
02-19 12:24:47.820  4449  4474 W WindowOnBackDispatcher: sendCancelIfRunning: isInProgress=false callback=android.view.ViewRootImpl$$ExternalSyntheticLambda13@660ea18
02-19 12:24:47.841   752  1631 D CoreBackPreview: Window{2720a34 u0 Splash Screen viva.republica.toss.test EXITING}: Setting back callback null
02-19 12:24:47.867   752  1509 D StorageStatsService: getFreeBytes: 4027285504
02-19 12:24:47.871   752  1233 D CoreBackPreview: Window{35a56d7 u0 PopupWindow:72fd32a}: Setting back callback OnBackInvokedCallbackInfo{mCallback=android.window.IOnBackInvokedCallback$Stub$Proxy@e350aad, mPriority=0, mIsAnimationCallback=false, mOverrideBehavior=0}
02-19 12:24:47.916 28285 29010 I ReactNativeJS: Running "shared" with {"initialProps":{"initialColorPreference":"light","loadingStartTs":1771471477754,"initialFontScale":"100"},"rootTag":51}
02-19 12:24:48.531 28285 29010 I ReactNativeJNI: Memory warning (pressure level: TRIM_MEMORY_UI_HIDDEN) received by JS VM, ignoring because it's non-severe
02-19 12:24:49.152 28285 29010 D ReactNativeJS: '[Analytics]', '{\n  "log_type": "screen",\n  "log_name": "/::screen",\n  "params": {\n    "referrer": null,\n    "deployment_id": "local",\n    "deployment_timestamp": null\n  }\n}'
02-19 12:24:49.481 28285 29010 E ReactNativeJS: '    :', [Error: SERVICE_NAME is missing]
02-19 12:24:49.788   752  1095 D BackgroundInstallControlService: Package event received: 0
02-19 12:24:49.809   752  1233 D ActivityManager: sync unfroze 14715 com.google.android.gms for 6
02-19 12:24:49.812   752  1095 D BackgroundInstallControlService: Package event received: 0
02-19 12:24:49.829 14715 14715 D BoundBrokerSvc: onBind: Intent { act=com.google.android.gms.safebrowsing.SafeBrowsingService.START dat=chimera-action:/... xflg=0x4 cmp=com.google.android.gms/.chimera.GmsBoundBrokerService }
02-19 12:24:49.829 14715 14715 D BoundBrokerSvc: Loading bound service for intent: Intent { act=com.google.android.gms.safebrowsing.SafeBrowsingService.START dat=chimera-action:/... xflg=0x4 cmp=com.google.android.gms/.chimera.GmsBoundBrokerService }
02-19 12:24:49.967 14715 14715 D BoundBrokerSvc: onUnbind: Intent { act=com.google.android.gms.common.BIND_SHARED_PREFS xflg=0x4 pkg=com.google.android.gms }
02-19 12:24:50.144   752  1856 E TaskPersister: File error accessing recents directory (directory doesn't exist?).
02-19 12:24:50.225 28285 28289 I blica.toss.test: NativeAlloc concurrent mark compact GC freed 3673KB AllocSpace bytes, 4(80KB) LOS objects, 49% free, 19MB/39MB, paused 7.635ms,139.123ms total 435.037ms
02-19 12:24:50.237 29101 29101 W dumpsys : Thread Pool max thread count is 0. Cannot cache binder as linkToDeath cannot be implemented. serviceName: window
02-19 12:24:50.253   752  1852 I system_server: AssetManager2(0x7d8fac44f5f8) locale list changing from [] to [en-US]
02-19 12:24:50.264   752  1852 I system_server: AssetManager2(0x7d8fac43a478) locale list changing from [] to [en-US]
02-19 12:24:50.269   752  1852 I system_server: AssetManager2(0x7d8fac4f0b38) locale list changing from [] to [en-US]
