--------- beginning of main
02-19 18:51:31.658   531   568 W EventThread: Faking VSYNC due to driver stall for thread app
02-19 18:51:31.660 16566 16566 I Choreographer: Skipped 101 frames!  The application may be doing too much work on its main thread.
02-19 18:51:31.664  1336  1556 D SatelliteController: iisInCarrierRoamingNbIotNtn: satellite is disabled
02-19 18:51:46.441   531   568 W EventThread: Faking VSYNC due to driver stall for thread app
02-19 18:51:46.443 27008 27008 I wpa_supplicant: wlan0: CTRL-EVENT-BEACON-LOSS 
--------- beginning of system
02-19 18:51:46.692   752   795 W ActivityTaskManager: callingPackage for (uid=-1, pid=0) has no WPC
02-19 18:51:46.693   752   795 W ActivityStartInterceptor: Starting home with component specified, uid=0
02-19 18:51:46.693   752   795 W OptProp : Cannot read opt property android.window.PROPERTY_COMPAT_ALLOW_USER_ASPECT_RATIO_OVERRIDE
02-19 18:51:46.694   752   795 W OptProp : Cannot read opt property android.window.PROPERTY_COMPAT_ALLOW_USER_ASPECT_RATIO_FULLSCREEN_OVERRIDE
02-19 18:51:46.695   752   795 W OptProp : Cannot read opt property android.window.PROPERTY_COMPAT_ALLOW_RESIZEABLE_ACTIVITY_OVERRIDES
02-19 18:51:46.695   752   795 W OptProp : Cannot read opt property android.window.PROPERTY_COMPAT_ALLOW_MIN_ASPECT_RATIO_OVERRIDE
02-19 18:51:46.695   752   795 V GrammaticalInflectionUtils: AttributionSource: android.content.AttributionSource@1abea79a does not have READ_SYSTEM_GRAMMATICAL_GENDER permission.
02-19 18:51:46.696  4449  4449 I vol.VolumeDialogImpl: mDialog.dismiss() reason: volume_controller from: com.android.systemui.volume.VolumeDialogImpl$7.onDismissRequested:3
02-19 18:51:46.697  4449 22136 D KeyguardService: setOccluded(false)
02-19 18:51:46.698  4449 22136 D KeyguardViewMediator: setOccluded(false)
02-19 18:51:46.698  4449  4449 D KeyguardViewMediator: handleSetOccluded(false)
02-19 18:51:46.698  4449  4449 D KeyguardViewMediator: KeyguardViewMediator queue processing message: SET_OCCLUDED
02-19 18:51:46.698   752   795 I ActivityTaskManager: START u0 {act=android.intent.action.MAIN cat=[android.intent.category.HOME] flg=0x10000100 cmp=com.google.android.apps.nexuslauncher/.NexusLauncherActivity (has extras)} with LAUNCH_SINGLE_TASK from uid 0 (BAL_ALLOW_ALLOWLISTED_UID) result code=3
02-19 18:51:46.699  7804  7804 W SplitSelectStateCtor: Missing session instanceIds
02-19 18:51:46.699  7804  7804 D StatsLog: LAUNCHER_SPLIT_SELECTION_EXIT_INTERRUPTED
02-19 18:51:46.699  4449  4467 D WindowManagerShell: onActivityRestartAttempt: topActivity=ComponentInfo{com.google.android.apps.nexuslauncher/com.google.android.apps.nexuslauncher.NexusLauncherActivity}, wasVisible=true
02-19 18:51:46.700  7804  7804 D StateManager: goToState - fromState: Overview, toState: Normal, partial trace:
02-19 18:51:46.700  7804  7804 D StateManager: 	at com.android.launcher3.Launcher.onNewIntent(go/retraceme 72a59688580715d19f0e415c69e80376c2f062d1648c80db6730905005a27c20:116)
02-19 18:51:46.700  7804  7804 D StateManager: 	at com.android.launcher3.uioverrides.QuickstepLauncher.onNewIntent(go/retraceme 72a59688580715d19f0e415c69e80376c2f062d1648c80db6730905005a27c20:1)
02-19 18:51:46.700  7804  7804 D StateManager: 	at com.google.android.apps.nexuslauncher.NexusLauncherActivity.onNewIntent(go/retraceme 72a59688580715d19f0e415c69e80376c2f062d1648c80db6730905005a27c20:1)
02-19 18:51:46.716  7804  7804 I AiAiSuggestUi: Clearing suggestions.
02-19 18:51:46.716  7804  7804 I AiAiSuggestUi: Clearing suggestions.
02-19 18:51:46.716  7804  7804 I AiAiSuggestUi: Requesting to show indicators
02-19 18:51:46.716  7804  7804 I AiAiSuggestUi: Fetching contents, isPrimaryTask = true
02-19 18:51:46.718  7804  7804 D TFOManager: playPanelCloseAnimation() duration=200 traceTag=LauncherOverlay-hide isHomeButtonTap=true
02-19 18:51:46.718  7804  7804 D TFOManager: Skipped creating panel close animation because -1 is invisible.
02-19 18:51:46.718  7804  7804 D OverviewCommandHelper: clearing pending commands: []
02-19 18:51:46.722   531   549 I BpBinder: onLastStrongRef automatically unlinking death recipients: 
02-19 18:51:46.722  7804  7804 D StatsLog: LAUNCHER_ONRESUME
02-19 18:51:46.726  7804  7823 D QuickstepModelDelegate: notifyAppTargetEvent action=1 launchLocation=
02-19 18:51:46.734  1971  2198 I AiAiEcho: Predicting[0]:  [CONTEXT sampling_count=5 ]
02-19 18:51:46.734  1971  2198 I AiAiEcho: EchoTargets: 
02-19 18:51:46.734  1971  2198 I AiAiEcho: Filtered by AiAi flag check: 
02-19 18:51:46.734  1971  2198 I AiAiEcho: [CONTEXT ratelimit_period="10 SECONDS" ]
02-19 18:51:46.734  1971  2198 I AiAiEcho: #remoteViewsTwiddler: feature disabled.
02-19 18:51:46.735  1971  2198 I AiAiEcho: #postPredictionTargets: Sending updates to UISurface home with targets# 0 (types=[])
02-19 18:51:46.785  7804  7924 I AiAiSuggestUi: Request suggestContentSelections complete, took: 68
02-19 18:51:46.785  7804  7924 I AiAiSuggestUi: Fetched content back in callback
02-19 18:51:46.861  4449  4458 W System  : A resource failed to call release. 
02-19 18:51:46.861  4449  4458 W System  : A resource failed to call release. 
02-19 18:51:46.861  4449  4458 W System  : A resource failed to call release. 
02-19 18:51:48.113   531   568 W EventThread: Faking VSYNC due to driver stall for thread app
02-19 18:51:48.113  7804  7804 I Choreographer: Skipped 74 frames!  The application may be doing too much work on its main thread.
02-19 18:51:48.114  4449  4449 I Choreographer: Skipped 74 frames!  The application may be doing too much work on its main thread.
02-19 18:51:48.115 16566 16566 I Choreographer: Skipped 74 frames!  The application may be doing too much work on its main thread.
02-19 18:51:48.162  7804  7804 D StateManager: onStateTransitionStart - state: Normal
02-19 18:51:48.162  7804  7804 D RecentsView: updateTaskStackListenerState: false
02-19 18:51:48.164  7804  7804 D ActivityAllAppsContainerView: rebindAdapters: force: false
02-19 18:51:48.164  7804  7804 D ActivityAllAppsContainerView: rebindAdapters: Not needed.
02-19 18:51:48.165   752  2377 W ActivityTaskManager: callingPackage for (uid=2000, pid=17038) has no WPC
02-19 18:51:48.166   752  1095 D BackgroundInstallControlService: Package event received: 0
02-19 18:51:48.166   752  2377 V GrammaticalInflectionUtils: AttributionSource: android.content.AttributionSource@56784557 does not have READ_SYSTEM_GRAMMATICAL_GENDER permission.
02-19 18:51:48.167   752  2377 W OptProp : Cannot read opt property android.window.PROPERTY_COMPAT_ALLOW_USER_ASPECT_RATIO_OVERRIDE
02-19 18:51:48.167   752  2377 W OptProp : Cannot read opt property android.window.PROPERTY_COMPAT_ALLOW_USER_ASPECT_RATIO_FULLSCREEN_OVERRIDE
02-19 18:51:48.167   752  2377 W OptProp : Cannot read opt property android.window.PROPERTY_COMPAT_ALLOW_RESIZEABLE_ACTIVITY_OVERRIDES
02-19 18:51:48.167   752  2377 W OptProp : Cannot read opt property android.window.PROPERTY_COMPAT_ALLOW_MIN_ASPECT_RATIO_OVERRIDE
02-19 18:51:48.168  7804  7804 I NotificationListener: Handling notification state refresh for com.google.android.adservices.api#0
02-19 18:51:48.168  7804  7804 I NotificationListener: Handling notification state refresh for android#0
02-19 18:51:48.168  7804  7804 I NotificationListener: Handling notification state refresh for com.android.systemui#0
02-19 18:51:48.169   752  2377 W OptProp : Cannot read opt property android.window.PROPERTY_COMPAT_ALLOW_ORIENTATION_OVERRIDE
02-19 18:51:48.169  7804  7804 D SsBaseTemplateCard: No text view can be set up
02-19 18:51:48.169  7804  7804 D SsBaseTemplateCard: Passed-in item info is null
02-19 18:51:48.169  7804  7804 D SsBaseTemplateCard: Passed-in item info is null
02-19 18:51:48.169  7804  7804 D SsBaseTemplateCard: Passed-in item info is null
02-19 18:51:48.169  7804  7804 I SsBaseTemplateCard: Secondary card pane is null
02-19 18:51:48.169  7804  7804 I AiAiSuggestUi: Display indicators
02-19 18:51:48.171  7804  7804 D OverviewActionsView: updateForGroupedTask() called with: isGroupedTask = [false], canSaveAppPair = [false]
02-19 18:51:48.172  7804  7804 D OverviewActionsView: updateActionButtonsVisibility() called: showSingleTaskActions = [true], showGroupActions = [false]
02-19 18:51:48.178  4449  4467 V WindowManagerShell: Transition requested (#693): android.os.BinderProxy@d5c2ca4 TransitionRequestInfo { type = OPEN, triggerTask = TaskInfo{userId=0 taskId=78 effectiveUid=10217 displayId=0 isRunning=true baseIntent=Intent { act=android.intent.action.VIEW dat=intoss://takealook/... flg=0x10000000 cmp=viva.republica.toss.test/im.toss.rn.granite.core.GraniteActivity } baseActivity=ComponentInfo{viva.republica.toss.test/im.toss.rn.granite.core.GraniteActivity} topActivity=ComponentInfo{viva.republica.toss.test/viva.republica.toss.test.MiniAppSchemeActivity} origActivity=null realActivity=ComponentInfo{viva.republica.toss.test/im.toss.rn.granite.core.GraniteActivity} numActivities=4 lastActiveTime=106182019 supportsMultiWindow=true resizeMode=1 isResizeable=true minWidth=-1 minHeight=-1 defaultMinSize=220 token=WCT{android.window.IWindowContainerToken$Stub$Proxy@b12a0d} topActivityType=1 pictureInPictureParams=null shouldDockBigOverlays=false launchIntoPipHostTaskId=-1 lastParentTaskIdBeforePip=-1 displayCutoutSafeInsets=Rect(0, 0 - 0, 0) topActivityInfo=ActivityInfo{94d0dc2 viva.republica.toss.test.MiniAppSchemeActivity} launchCookies=[] positionInParent=Point(0, 0) parentTaskId=-1 isFocused=false isVisible=true isVisibleRequested=true isTopActivityNoDisplay=false isSleeping=false locusId=null displayAreaFeatureId=1 isTopActivityTransparent=true isActivityStackTransparent=false lastNonFullscreenBounds=Rect(284, 660 - 796, 1740) capturedLink=null capturedLinkTimestamp=0 requestedVisibleTypes=-9 topActivityRequestOpenInBrowserEducationTimestamp=0 appCompatTaskInfo=AppCompatTaskInfo { topActivityInSizeCompat=false eligibleForLetterboxEducation= false isLetterboxEducationEnabled= true isLetterboxDoubleTapEnabled= false eligibleForUserAspectRatioButton= false topActivityBoundsLetterboxed= false isFromLetterboxDoubleTap= false topActivityLetterboxVerticalPosition= -1 topActivityLetterboxHorizontalPosition= -1 topActivityLetterboxWidth=-1 topActivityLetterboxHeight=-1 topActivityAppBounds=Rect(0, 0 - 1080, 2400) isUserFullscreenOverrideEnabled=false isSystemFullscreenOverrideEnabled=false hasMinAspectRatioOverride=false topActivityLetterboxBounds=null cameraCompatTaskInfo=CameraCompatTaskInfo { freeformCameraCompatMode=inactive}} topActivityMainWindowFrame=null}, pipChange = null, remoteTransition = null, displayChange = null, flags = 65536, debugId = 693 }
02-19 18:51:48.178  4449  4467 D ShellSplitScreen: logExit: no-op, mLoggerSessionId is null
02-19 18:51:48.183   752  2377 I ActivityTaskManager: START u0 {act=android.intent.action.VIEW dat=intoss://takealook/... flg=0x10000000 xflg=0x4 pkg=viva.republica.toss.test cmp=viva.republica.toss.test/.MiniAppSchemeActivity} with LAUNCH_MULTIPLE from uid 2000 (BAL_ALLOW_PERMISSION) result code=0
02-19 18:51:48.187   752  1095 D BackgroundInstallControlService: Package event received: 0
02-19 18:51:48.188   752  2375 W OptProp : Cannot read opt property android.window.PROPERTY_COMPAT_ENABLE_FAKE_FOCUS
02-19 18:51:48.190   752  1095 D BackgroundInstallControlService: Package event received: 0
02-19 18:51:48.190   752  1095 D BackgroundInstallControlService: Package event received: 0
02-19 18:51:48.196 16566 16566 I blica.toss.test: AssetManager2(0x7d8fac504098) locale list changing from [] to [en-US]
02-19 18:51:48.199  4449  4474 V SnapshotDrawerUtils: Drawing snapshot surface sizeMismatch=true
02-19 18:51:48.207  4449 22842 V WindowManagerShell: onTransitionReady(transaction=3229815427144)
02-19 18:51:48.209   752   794 V WindowManager: Sent Transition (#693) createdAt=02-19 18:51:48.168 via request=TransitionRequestInfo { type = OPEN, triggerTask = TaskInfo{userId=0 taskId=78 effectiveUid=10217 displayId=0 isRunning=true baseIntent=Intent { act=android.intent.action.VIEW dat=intoss://takealook/... flg=0x10000000 cmp=viva.republica.toss.test/im.toss.rn.granite.core.GraniteActivity } baseActivity=ComponentInfo{viva.republica.toss.test/im.toss.rn.granite.core.GraniteActivity} topActivity=ComponentInfo{viva.republica.toss.test/viva.republica.toss.test.MiniAppSchemeActivity} origActivity=null realActivity=ComponentInfo{viva.republica.toss.test/im.toss.rn.granite.core.GraniteActivity} numActivities=4 lastActiveTime=106182019 supportsMultiWindow=true resizeMode=1 isResizeable=true minWidth=-1 minHeight=-1 defaultMinSize=220 token=WCT{RemoteToken{58f5d87 Task{11d79c0 #78 type=standard A=10217:viva.republica.toss.test}}} topActivityType=1 pictureInPictureParams=null shouldDockBigOverlays=false launchIntoPipHostTaskId=-1 lastParentTaskIdBeforePip=-1 displayCutoutSafeInsets=Rect(0, 0 - 0, 0) topActivityInfo=ActivityInfo{70fb7eb viva.republica.toss.test.MiniAppSchemeActivity} launchCookies=[] positionInParent=Point(0, 0) parentTaskId=-1 isFocused=false isVisible=true isVisibleRequested=true isTopActivityNoDisplay=false isSleeping=false locusId=null displayAreaFeatureId=1 isTopActivityTransparent=true isActivityStackTransparent=false lastNonFullscreenBounds=Rect(284, 660 - 796, 1740) capturedLink=null capturedLinkTimestamp=0 requestedVisibleTypes=-9 topActivityRequestOpenInBrowserEducationTimestamp=0 appCompatTaskInfo=AppCompatTaskInfo { topActivityInSizeCompat=false eligibleForLetterboxEducation= false isLetterboxEducationEnabled= true isLetterboxDoubleTapEnabled= false eligibleForUserAspectRatioButton= false topActivityBoundsLetterboxed= false isFromLetterboxDoubleTap= false topActivityLetterboxVerticalPosition= -1 topActivityLetterboxHorizontalPosition= -1 topActivityLetterboxWidth=-1 topActivityLetterboxHeight=-1 topActivityAppBounds=Rect(0, 0 - 1080, 2400) isUserFullscreenOverrideEnabled=false isSystemFullscreenOverrideEnabled=false hasMinAspectRatioOverride=false topActivityLetterboxBounds=null cameraCompatTaskInfo=CameraCompatTaskInfo { freeformCameraCompatMode=inactive}} topActivityMainWindowFrame=null}, pipChange = null, remoteTransition = null, displayChange = null, flags = 65536, debugId = 693 }
02-19 18:51:48.209  4449  4467 V WindowManagerShell: onTransitionReady (#693) android.os.BinderProxy@d5c2ca4: {id=693 t=OPEN f=0x10000 trk=3 r=[0@Point(0, 0)] c=[
02-19 18:51:48.209  4449  4467 V WindowManagerShell:         {m=OPEN f=TRANSLUCENT|FILLS_TASK|IS_BEHIND_STARTING_WINDOW leash=Surface(name=ActivityRecord{11668851 u0 viva.republica.toss.test/.MiniAppSchemeActivity)/@0x8535a09 sb=Rect(0, 0 - 0, 0) eb=Rect(0, 0 - 1080, 2400) epz=Point(1080, 2400) d=-1->0 r=-1->0:-1 bc=ffffffff component=viva.republica.toss.test/.MiniAppSchemeActivity}
02-19 18:51:48.209  4449  4467 V WindowManagerShell:     ]}
02-19 18:51:48.210  4449  4467 V WindowManagerShell: Playing animation for (#693) android.os.BinderProxy@d5c2ca4@3
02-19 18:51:48.210   752   794 V WindowManager:     startWCT=WindowContainerTransaction { changes= {} hops= [] errorCallbackToken=null taskFragmentOrganizer=null }
02-19 18:51:48.210  4449  4467 V ShellRecents: RecentsTransitionHandler.startAnimation: no controller found
02-19 18:51:48.210   752   794 V WindowManager:     info={id=693 t=OPEN f=0x10000 trk=3 r=[0@Point(0, 0)] c=[
02-19 18:51:48.210   752   794 V WindowManager:         {m=OPEN f=TRANSLUCENT|FILLS_TASK|IS_BEHIND_STARTING_WINDOW leash=Surface(name=ActivityRecord{11668851 u0 viva.republica.toss.test/.MiniAppSchemeActivity)/@0x9b44665 sb=Rect(0, 0 - 0, 0) eb=Rect(0, 0 - 1080, 2400) epz=Point(1080, 2400) d=-1->0 r=-1->0:-1 bc=ffffffff component=viva.republica.toss.test/.MiniAppSchemeActivity}
02-19 18:51:48.210   752   794 V WindowManager:     ]}
02-19 18:51:48.210  4449  4467 V WindowManagerShell: Transition doesn't have explicit remote, search filters for match for {id=693 t=OPEN f=0x10000 trk=3 r=[0@Point(0, 0)] c=[{m=OPEN f=TRANSLUCENT|FILLS_TASK|IS_BEHIND_STARTING_WINDOW leash=Surface(name=ActivityRecord{11668851 u0 viva.republica.toss.test/.MiniAppSchemeActivity)/@0x8535a09 sb=Rect(0, 0 - 0, 0) eb=Rect(0, 0 - 1080, 2400) epz=Point(1080, 2400) d=-1->0 r=-1->0:-1 bc=ffffffff component=viva.republica.toss.test/.MiniAppSchemeActivity}]}
02-19 18:51:48.210  4449  4467 V WindowManagerShell:  Checking filter Pair{{types=[] flags=0x0] notFlags=0x0 checks=[{atype=undefined independent=true modes=[CLOSE,TO_BACK] flags=IN_TASK_WITH_EMBEDDED_ACTIVITY mustBeTask=false order=ANY topActivity=null launchCookie=null taskFragmentToken=android.os.BinderProxy@dcfd27d windowingMode=undefined}]} RemoteTransition { remoteTransition = android.window.IRemoteTransition$Stub$Proxy@d4ce572, appThread = android.app.IApplicationThread$Stub$Proxy@fd29dc3, debugName = overlayBackTransition }}
02-19 18:51:48.211  4449  4467 V WindowManagerShell:  Checking filter Pair{{types=[] flags=0x0] notFlags=0x0 checks=[{atype=dream independent=true modes=[OPEN,TO_FRONT] flags=NONE mustBeTask=false order=ANY topActivity=null launchCookie=null windowingMode=undefined},{atype=home independent=true modes=[CLOSE,TO_BACK] flags=NONE mustBeTask=false order=ANY topActivity=null launchCookie=null windowingMode=undefined}]} RemoteTransition { remoteTransition = android.window.IRemoteTransition$Stub$Proxy@90c640, appThread = android.app.IApplicationThread$Stub$Proxy@f8c1979, debugName = LauncherToDream }}
02-19 18:51:48.212  4449  4467 V WindowManagerShell:  Checking filter Pair{{types=[] flags=0x0] notFlags=0x100 checks=[{atype=home independent=true modes=[OPEN,TO_FRONT] flags=NONE mustBeTask=false order=TOP topActivity=ComponentInfo{com.google.android.apps.nexuslauncher/com.google.android.apps.nexuslauncher.NexusLauncherActivity} launchCookie=null windowingMode=undefined},{atype=standard independent=true modes=[CLOSE,TO_BACK] flags=NONE mustBeTask=false order=ANY topActivity=null launchCookie=null windowingMode=undefined},{NOT atype=undefined independent=true modes=[] flags=NONE mustBeTask=true order=ANY topActivity=null launchCookie=null customAnim=true windowingMode=undefined}]} RemoteTransition { remoteTransition = android.window.IRemoteTransition$Stub$Proxy@affe6be, appThread = android.app.IApplicationThread$Stub$Proxy@c37531f, debugName = QuickstepLaunchHome }}
02-19 18:51:48.212  4449  4467 V WindowManagerShell:  Checking filter Pair{{types=[] flags=0x0] notFlags=0x0 checks=[{atype=undefined independent=true modes=[CLOSE,TO_BACK] flags=IN_TASK_WITH_EMBEDDED_ACTIVITY mustBeTask=false order=ANY topActivity=null launchCookie=null taskFragmentToken=android.os.BinderProxy@dcfd27d windowingMode=undefined}]} RemoteTransition { remoteTransition = android.window.IRemoteTransition$Stub$Proxy@3517b6e, appThread = android.app.IApplicationThread$Stub$Proxy@261420f, debugName = overlayBackTransition }}
02-19 18:51:48.212  4449  4467 V WindowManagerShell:  Checking filter Pair{{types=[] flags=0x0] notFlags=0x0 checks=[{atype=dream independent=true modes=[OPEN,TO_FRONT] flags=NONE mustBeTask=false order=ANY topActivity=null launchCookie=null windowingMode=undefined},{atype=home independent=true modes=[CLOSE,TO_BACK] flags=NONE mustBeTask=false order=ANY topActivity=null launchCookie=null windowingMode=undefined}]} RemoteTransition { remoteTransition = android.window.IRemoteTransition$Stub$Proxy@c23e29c, appThread = android.app.IApplicationThread$Stub$Proxy@afb34a5, debugName = LauncherToDream }}
02-19 18:51:48.212  7804  7924 I HWUI    : Davey! duration=1292ms; Flags=0, FrameTimelineVsyncId=1878868, IntendedVsync=106180721361994, Vsync=106181954695204, InputEventId=0, HandleInputStart=106181960976100, AnimationStart=106181960976953, PerformTraversalsStart=106181961379614, DrawStart=106181962050655, FrameDeadline=106180738028660, FrameStartTime=106181960254442, FrameInterval=16666665, WorkloadTarget=16666666, SyncQueued=106181963886492, SyncStart=106181963919101, IssueDrawCommandsStart=106181964348874, SwapBuffers=106181997376563, FrameCompleted=106182014154109, DequeueBufferDuration=7501, QueueBufferDuration=391617, GpuCompleted=106182014154109, SwapBuffersCompleted=106182006833658, DisplayPresentTime=0, CommandSubmissionCompleted=106181997376563, 
02-19 18:51:48.213  4449  4467 V WindowManagerShell:  Checking filter Pair{{types=[] flags=0x0] notFlags=0x100 checks=[{atype=home independent=true modes=[OPEN,TO_FRONT] flags=NONE mustBeTask=false order=TOP topActivity=ComponentInfo{com.google.android.apps.nexuslauncher/com.google.android.apps.nexuslauncher.NexusLauncherActivity} launchCookie=null windowingMode=undefined},{atype=standard independent=true modes=[CLOSE,TO_BACK] flags=NONE mustBeTask=false order=ANY topActivity=null launchCookie=null windowingMode=undefined},{NOT atype=undefined independent=true modes=[] flags=NONE mustBeTask=true order=ANY topActivity=null launchCookie=null customAnim=true windowingMode=undefined}]} RemoteTransition { remoteTransition = android.window.IRemoteTransition$Stub$Proxy@39de07a, appThread = android.app.IApplicationThread$Stub$Proxy@cf9f02b, debugName = QuickstepLaunchHome }}
02-19 18:51:48.213  4449  4467 V WindowManagerShell:  Delegate animation for (#693) to null
02-19 18:51:48.214  4449  4467 V WindowManagerShell: start default transition animation, info = {id=693 t=OPEN f=0x10000 trk=3 r=[0@Point(0, 0)] c=[{m=OPEN f=TRANSLUCENT|FILLS_TASK|IS_BEHIND_STARTING_WINDOW leash=Surface(name=ActivityRecord{11668851 u0 viva.republica.toss.test/.MiniAppSchemeActivity)/@0x8535a09 sb=Rect(0, 0 - 0, 0) eb=Rect(0, 0 - 1080, 2400) epz=Point(1080, 2400) d=-1->0 r=-1->0:-1 bc=ffffffff component=viva.republica.toss.test/.MiniAppSchemeActivity}]}
02-19 18:51:48.214  4449  4467 V WindowManagerShell: loadAnimation: anim=null animAttr=0x4 type=OPEN isEntrance=true
02-19 18:51:48.215  4449  4467 V WindowManagerShell: Transition animation finished (aborted=false), notifying core (#693) android.os.BinderProxy@d5c2ca4@3
02-19 18:51:48.218   752   794 V WindowManager: Finish Transition (#693): created at 02-19 18:51:48.168 collect-started=0.033ms request-sent=8.354ms started=24.667ms ready=24.656ms sent=38.74ms finished=48.85ms
02-19 18:51:48.220  4449  4467 V WindowManagerShell: Track 3 became idle
02-19 18:51:48.220  4449  4467 V WindowManagerShell:  animated by com.android.wm.shell.transition.DefaultTransitionHandler@f74d823
02-19 18:51:48.220  4449  4467 V WindowManagerShell: Track 3 became idle
02-19 18:51:48.575  7804  7804 D StateManager: onStateTransitionEnd - state: Normal
02-19 18:51:48.579   531   548 I BpBinder: onLastStrongRef automatically unlinking death recipients: 
02-19 18:51:48.579  7804  7804 D RecentsView: reset - mEnableDrawingLiveTile: true, mRecentsAnimationController: com.android.quickstep.RecentsAnimationController@7c846c
02-19 18:51:48.579  7804  7804 D RecentsView: finishRecentsAnimation - mRecentsAnimationController: com.android.quickstep.RecentsAnimationController@7c846c
02-19 18:51:48.579  7804  7804 D RecentsView: cleanupRemoteTargets - mRemoteTargetHandles: [com.android.quickstep.RemoteTargetGluer$RemoteTargetHandle@100c192]
02-19 18:51:48.580  7804  7804 I AiAiSuggestUi: Clearing suggestions.
02-19 18:51:48.580  7804  7804 I AiAiSuggestUi: Clearing suggestions.
02-19 18:51:48.582  7804  7804 D ActivityAllAppsContainerView: rebindAdapters: force: false
02-19 18:51:48.582  7804  7804 D ActivityAllAppsContainerView: rebindAdapters: Not needed.
02-19 18:51:48.584  4449  4467 V ShellRecents: [185541312] RecentsController.finishInner: toHome=true userLeave=true willFinishToHome=true state=0 hasPausingTasks=true reason=requested
02-19 18:51:48.584  4449  4467 V ShellRecents:   normal finish
02-19 18:51:48.584  4449  4467 V ShellRecents: [185541312] RecentsController.finishInner: Completing finish
02-19 18:51:48.584  4449  4467 V ShellRecents: [185541312] RecentsController.cleanup
02-19 18:51:48.585  4449  4467 V WindowManagerShell: Transition animation finished (aborted=false), notifying core (#689) android.os.BinderProxy@b169c43@0
02-19 18:51:48.587   752   794 V WindowManager: Finish Transition (#689): created at 02-19 18:50:06.500 collect-started=0.1ms started=0.114ms ready=1402.425ms sent=1811.394ms commit=15.08ms finished=102087.024ms
02-19 18:51:48.589  7804  7804 D RecentsView: finishRecentsAnimation - mRecentsAnimationController: com.android.quickstep.RecentsAnimationController@7c846c
02-19 18:51:48.590  7804  7804 D RecentsView: cleanupRemoteTargets - mRemoteTargetHandles: null
02-19 18:51:48.592  7804  7804 D RecentsView: cleanupRemoteTargets - mRemoteTargetHandles: null
02-19 18:51:48.592  4449  4467 V WindowManagerShell: Track 0 became idle
02-19 18:51:48.592  4449  4467 V WindowManagerShell: All active transition animations finished
02-19 18:51:48.592  4449  4467 V ShellRecents: [185541312] RecentsController.finishInner: calling finish callback
02-19 18:51:48.599  7804  7804 D OverviewActionsView: updateForGroupedTask() called with: isGroupedTask = [false], canSaveAppPair = [false]
02-19 18:51:48.599  7804  7804 D OverviewActionsView: updateActionButtonsVisibility() called: showSingleTaskActions = [true], showGroupActions = [false]
02-19 18:51:48.602   752   797 W IPCThreadState: Sending oneway calls to frozen process.
02-19 18:51:48.602   752   797 W IPCThreadState: Sending oneway calls to frozen process.
02-19 18:51:48.602   752   797 W IPCThreadState: Sending oneway calls to frozen process.
02-19 18:51:48.602   752   797 W IPCThreadState: Sending oneway calls to frozen process.
02-19 18:51:48.602   752   797 W IPCThreadState: Sending oneway calls to frozen process.
02-19 18:51:48.602   752   797 W IPCThreadState: Sending oneway calls to frozen process.
02-19 18:51:48.602   752   797 W IPCThreadState: Sending oneway calls to frozen process.
02-19 18:51:48.603   752   797 W IPCThreadState: Sending oneway calls to frozen process.
02-19 18:51:48.603   752   797 W IPCThreadState: Sending oneway calls to frozen process.
02-19 18:51:48.604   752   797 W ProcessStats: Tracking association SourceState{1b917ca system/1000 BFgs #21323} whose proc state 4 is better than process ProcessState{42c4ef0 com.google.android.ext.services/10208 pkg=com.google.android.ext.services} proc state 14 (1 skipped)
02-19 18:51:48.610   752  2502 D CoreBackPreview: Window{42fe7c7 u0 viva.republica.toss.test/viva.republica.toss.test.MiniAppSchemeActivity}: Setting back callback OnBackInvokedCallbackInfo{mCallback=android.window.IOnBackInvokedCallback$Stub$Proxy@6dddd1d, mPriority=0, mIsAnimationCallback=false, mOverrideBehavior=0}
02-19 18:51:48.613  7804  7804 D RecentsView: onRecentsAnimationComplete - mRecentsAnimationController: com.android.quickstep.RecentsAnimationController@7c846c, mSideTaskLaunchCallback: null
02-19 18:51:48.614  7804  7804 D RecentsView: onRecentsAnimationComplete - mRecentsAnimationController: null, mSideTaskLaunchCallback: null
02-19 18:51:48.619   752  1095 D BackgroundInstallControlService: Package event received: 0
02-19 18:51:48.631 16566 16700 I ReactNativeJNI: Memory warning (pressure level: TRIM_MEMORY_UI_HIDDEN) received by JS VM, ignoring because it's non-severe
02-19 18:51:48.633   752   797 V WindowManager: Unknown focus tokens, dropping reportFocusChanged
02-19 18:51:48.637 16566 16992 I ReactNativeJNI: Memory warning (pressure level: TRIM_MEMORY_UI_HIDDEN) received by JS VM, ignoring because it's non-severe
02-19 18:51:48.712 16566 16566 D VRI[GraniteActivity]: visibilityChanged oldVisibility=true newVisibility=false
02-19 18:51:48.751   752   989 I ImeTracker: com.google.android.apps.nexuslauncher:389ec9fd: onRequestHide at ORIGIN_SERVER reason HIDE_UNSPECIFIED_WINDOW fromUser false
02-19 18:51:48.751 16566 16883 I ReactNativeJNI: Memory warning (pressure level: TRIM_MEMORY_UI_HIDDEN) received by JS VM, ignoring because it's non-severe
02-19 18:51:48.755  7804  7804 D InsetsController: hide(ime(), fromIme=false)
02-19 18:51:48.755  7804  7804 I ImeTracker: com.google.android.apps.nexuslauncher:389ec9fd: onCancelled at PHASE_CLIENT_ALREADY_HIDDEN
02-19 18:51:48.799 16566 16566 W WindowOnBackDispatcher: sendCancelIfRunning: isInProgress=false callback=android.view.ViewRootImpl$$ExternalSyntheticLambda13@e2968a2
02-19 18:51:48.801   752  2377 D CoreBackPreview: Window{a16ce71 u0 viva.republica.toss.test/viva.republica.toss.test.MiniAppSchemeActivity}: Setting back callback null
02-19 18:51:48.802 16566 16566 D ViewRootImpl: Skipping stats log for color mode
02-19 18:51:48.812  7804  7808 I s.nexuslauncher: NativeAlloc concurrent mark compact GC freed 922KB AllocSpace bytes, 0(0B) LOS objects, 49% free, 5513KB/10MB, paused 1.340ms,1.182ms total 210.154ms
02-19 18:51:48.820  7804  7810 W System  : A resource failed to call release. 
02-19 18:51:48.820  7804  7810 W System  : A resource failed to call release. 
02-19 18:51:48.820  7804  7810 W System  : A resource failed to call release. 
02-19 18:51:48.820  7804  7810 W System  : A resource failed to call release. 
02-19 18:51:48.835  1563  1563 I GoogleInputMethodService: GoogleInputMethodService.onFinishInput():2043 
02-19 18:51:48.862  1563  1563 I Module  : DeviceLockedStatusModuleProvider$Module.updateDeviceLockedStatus():100 repeatCheckTimes = 0, locked = false
02-19 18:51:48.862  1563  1563 W NotificationCenter: NotificationCenter$NotificationQueue.notifyPendingNotificationsOnExecutor():877 Heavy notify work detected on UI thread: [kig->khg, kig->khc, kig->ilu, kig->ilu, kig->ilu, kig->ilu, kig->ilu, kig->ilu, kig->gkl, kig->ilu, kig->ilu, kig->fef, kig->fro, kig->lux, kig->ilu, kig->imt, kig->ilu, kig->ilu, kig->ijm, kig->ilu, kig->ilu, kig->fcb, kig->jnx] takes 27ms
02-19 18:51:48.863  1563  1563 I GoogleInputMethodService: GoogleInputMethodService.onStartInput():1293 onStartInput(EditorInfo{EditorInfo{packageName=com.google.android.apps.nexuslauncher, inputType=0, inputTypeString=NULL, enableLearning=false, autoCorrection=false, autoComplete=false, imeOptions=0, privateImeOptions=null, actionName=UNSPECIFIED, actionLabel=null, initialSelStart=-1, initialSelEnd=-1, initialCapsMode=0, label=null, fieldId=0, fieldName=null, extras=null, hintText=null, hintLocales=[]}}, false)
02-19 18:51:48.865  1563  1563 I Module  : DeviceLockedStatusModuleProvider$Module.updateDeviceLockedStatus():100 repeatCheckTimes = 1, locked = false
02-19 18:51:48.866  1563  1563 I EmojiCompatManager: EmojiCompatManager.getEmojiCompatIfLoaded():343 EmojiCompat.init() was never called.
02-19 18:51:48.866  1563  1563 I EmojiCompatManager: java.lang.IllegalStateException: EmojiCompat is not initialized. Please call EmojiCompat.init() first
02-19 18:51:48.866  1563  1563 I EmojiCompatManager: 	at asx.p(PG:6)
02-19 18:51:48.866  1563  1563 I EmojiCompatManager: 	at axb.b(PG:13)
02-19 18:51:48.866  1563  1563 I EmojiCompatManager: 	at jnr.b(PG:2)
02-19 18:51:48.866  1563  1563 I EmojiCompatManager: 	at jnr.c(PG:4)
02-19 18:51:48.866  1563  1563 I EmojiCompatManager: 	at jnr.f(PG:3)
02-19 18:51:48.866  1563  1563 I EmojiCompatManager: 	at jnx.c(PG:3)
02-19 18:51:48.866  1563  1563 I EmojiCompatManager: 	at kif.cz(PG:47)
02-19 18:51:48.866  1563  1563 I EmojiCompatManager: 	at lhl.run(PG:1025)
02-19 18:51:48.866  1563  1563 I EmojiCompatManager: 	at jaf.execute(PG:12)
02-19 18:51:48.866  1563  1563 I EmojiCompatManager: 	at nco.v(PG:13)
02-19 18:51:48.866  1563  1563 I EmojiCompatManager: 	at lhn.m(PG:96)
02-19 18:51:48.866  1563  1563 I EmojiCompatManager: 	at lhn.k(PG:25)
02-19 18:51:48.866  1563  1563 I EmojiCompatManager: 	at kgn.onStartInput(PG:250)
02-19 18:51:48.866  1563  1563 I EmojiCompatManager: 	at android.inputmethodservice.InputMethodService.doStartInput(InputMethodService.java:3521)
02-19 18:51:48.866  1563  1563 I EmojiCompatManager: 	at android.inputmethodservice.InputMethodService$InputMethodImpl.startInput(InputMethodService.java:879)
02-19 18:51:48.866  1563  1563 I EmojiCompatManager: 	at android.inputmethodservice.InputMethodService$InputMethodImpl.dispatchStartInput(InputMethodService.java:908)
02-19 18:51:48.866  1563  1563 I EmojiCompatManager: 	at android.inputmethodservice.IInputMethodWrapper.executeMessage(IInputMethodWrapper.java:201)
02-19 18:51:48.866  1563  1563 I EmojiCompatManager: 	at com.android.internal.os.HandlerCaller$MyHandler.handleMessage(HandlerCaller.java:44)
02-19 18:51:48.866  1563  1563 I EmojiCompatManager: 	at android.os.Handler.dispatchMessage(Handler.java:110)
02-19 18:51:48.866  1563  1563 I EmojiCompatManager: 	at android.os.Looper.loopOnce(Looper.java:248)
02-19 18:51:48.866  1563  1563 I EmojiCompatManager: 	at android.os.Looper.loop(Looper.java:338)
02-19 18:51:48.866  1563  1563 I EmojiCompatManager: 	at android.app.ActivityThread.main(ActivityThread.java:9067)
02-19 18:51:48.866  1563  1563 I EmojiCompatManager: 	at java.lang.reflect.Method.invoke(Native Method)
02-19 18:51:48.866  1563  1563 I EmojiCompatManager: 	at com.android.internal.os.RuntimeInit$MethodAndArgsCaller.run(RuntimeInit.java:593)
02-19 18:51:48.866  1563  1563 I EmojiCompatManager: 	at com.android.internal.os.ZygoteInit.main(ZygoteInit.java:932)
02-19 18:51:48.867   752  2305 I ImeTracker: system_server:29678134: onRequestHide at ORIGIN_SERVER reason IME_REQUESTED_CHANGED_LISTENER fromUser false
02-19 18:51:48.868   752   797 I ImeTracker: system_server:29678134: onCancelled at PHASE_SERVER_SHOULD_HIDE
02-19 18:51:48.870   752  2375 W PackageConfigPersister: App-specific configuration not found for packageName: com.google.android.apps.nexuslauncher and userId: 0
02-19 18:51:48.871   752  1095 D BackgroundInstallControlService: Package event received: 0
02-19 18:51:49.048 16566 16566 W WindowOnBackDispatcher: sendCancelIfRunning: isInProgress=false callback=android.view.ViewRootImpl$$ExternalSyntheticLambda13@e7d104a
02-19 18:51:49.049   752  2375 D CoreBackPreview: Window{42fe7c7 u0 viva.republica.toss.test/viva.republica.toss.test.MiniAppSchemeActivity}: Setting back callback null
02-19 18:51:49.053 16566 16566 D ViewRootImpl: Skipping stats log for color mode
02-19 18:51:49.076   752  1095 D BackgroundInstallControlService: Package event received: 0
02-19 18:51:49.158   752  1095 D BackgroundInstallControlService: Package event received: 0
02-19 18:51:49.170   752  1095 D BackgroundInstallControlService: Package event received: 0
02-19 18:51:49.182   752  2377 W WindowManager: Failed looking up window session=Session{bcd6833 4449:u0a10187} callers=com.android.server.wm.WindowManagerService.removeClientToken:2135 com.android.server.wm.Session.remove:270 android.view.IWindowSession$Stub.onTransact:696 
02-19 18:51:51.245 17049 17049 W dumpsys : Thread Pool max thread count is 0. Cannot cache binder as linkToDeath cannot be implemented. serviceName: window
02-19 18:51:51.605   752  2305 I system_server: AssetManager2(0x7d8fac4ed618) locale list changing from [] to [en-US]
02-19 18:51:51.970   752  2305 I system_server: AssetManager2(0x7d8fac4dd5d8) locale list changing from [] to [en-US]
02-19 18:51:52.304   752  2305 I system_server: AssetManager2(0x7d8fac4524d8) locale list changing from [] to [en-US]
02-19 18:51:52.484   752  2305 I system_server: AssetManager2(0x7d8fac44c718) locale list changing from [] to [en-US]
02-19 18:51:52.600   752  2305 I system_server: AssetManager2(0x7d8fac4cdbd8) locale list changing from [] to [en-US]
02-19 18:51:52.611   752  2305 I system_server: AssetManager2(0x7d8fac44ae18) locale list changing from [] to [en-US]
02-19 18:51:52.678   752  1856 E TaskPersister: File error accessing recents directory (directory doesn't exist?).
02-19 18:51:52.912  7804  7947 D OverviewCommandHelper: command added: CommandInfo(type=TOGGLE, status=IDLE, createTime=106186758, animationCallbacks=null, displayId=0, isLastOfBatch=true)
02-19 18:51:52.912  7804  7947 D OverviewCommandHelper: execute: CommandInfo(type=TOGGLE, status=IDLE, createTime=106186758, animationCallbacks=null, displayId=0, isLastOfBatch=true) - queue size: 1
02-19 18:51:52.912  7804  7804 D OverviewCommandHelper: executing command: CommandInfo(type=TOGGLE, status=PROCESSING, createTime=106186758, animationCallbacks=null, displayId=0, isLastOfBatch=true)
02-19 18:51:52.912  7804  7804 D OverviewCommandHelper: executeCommand: CommandInfo(type=TOGGLE, status=PROCESSING, createTime=106186758, animationCallbacks=null, displayId=0, isLastOfBatch=true) - visibleRecentsView: null
02-19 18:51:52.913  7804  7804 D OverviewCommandHelper: Querying TaskbarManager for TaskbarUIController for display: 0
02-19 18:51:52.913  7804  7804 D OverviewCommandHelper: TaskbarUIController for display 0 was found
02-19 18:51:52.913  7804  7804 D TFOManager: playPanelCloseAnimation() duration=150 traceTag=LauncherOverlay-hide isHomeButtonTap=true
02-19 18:51:52.913  7804  7804 D TFOManager: Skipped creating panel close animation because -1 is invisible.
02-19 18:51:52.914  7804  7804 D StateManager: goToState - fromState: Normal, toState: Overview, partial trace:
02-19 18:51:52.914  7804  7804 D StateManager: 	at com.android.quickstep.LauncherActivityInterface.switchToRecentsIfVisible(go/retraceme 72a59688580715d19f0e415c69e80376c2f062d1648c80db6730905005a27c20:39)
02-19 18:51:52.914  7804  7804 D StateManager: 	at com.android.quickstep.OverviewCommandHelper.executeWhenRecentsIsNotVisible(go/retraceme 72a59688580715d19f0e415c69e80376c2f062d1648c80db6730905005a27c20:292)
02-19 18:51:52.914  7804  7804 D StateManager: 	at com.android.quickstep.OverviewCommandHelper.executeCommand(go/retraceme 72a59688580715d19f0e415c69e80376c2f062d1648c80db6730905005a27c20:49)
02-19 18:51:52.917  7804  7804 D OverviewCommandHelper: switching to Overview state - waiting: CommandInfo(type=TOGGLE, status=PROCESSING, createTime=106186758, animationCallbacks=null, displayId=0, isLastOfBatch=true)
02-19 18:51:52.917  7804  7804 D OverviewCommandHelper: command executed: CommandInfo(type=TOGGLE, status=PROCESSING, createTime=106186758, animationCallbacks=null, displayId=0, isLastOfBatch=true) with result: false
02-19 18:51:52.917  7804  7804 D OverviewCommandHelper: waiting for command callback: CommandInfo(type=TOGGLE, status=PROCESSING, createTime=106186758, animationCallbacks=null, displayId=0, isLastOfBatch=true)
02-19 18:51:52.917  4449  4449 I vol.VolumeDialogImpl: mDialog.dismiss() reason: volume_controller from: com.android.systemui.volume.VolumeDialogImpl$7.onDismissRequested:3
02-19 18:51:54.381   531   568 W EventThread: Faking VSYNC due to driver stall for thread app
02-19 18:51:54.385  7804  7804 I Choreographer: Skipped 87 frames!  The application may be doing too much work on its main thread.
02-19 18:51:54.385  4449  4449 I Choreographer: Skipped 87 frames!  The application may be doing too much work on its main thread.
02-19 18:51:54.386   752  1029 D InetDiagMessage: Destroyed 0 sockets, proto=IPPROTO_TCP, family=AF_INET, states=14
02-19 18:51:54.398  7804  7804 D StateManager: onStateTransitionStart - state: Overview
02-19 18:51:54.398  7804  7804 D RecentsView: updateTaskStackListenerState: true
02-19 18:51:54.398  7804  7804 D RecentsView: reloadIfNeeded - getTasks: 291
02-19 18:51:54.400  7804  7804 D OverviewCommandHelper: switching to Overview state - onAnimationStart: CommandInfo(type=TOGGLE, status=PROCESSING, createTime=106186758, animationCallbacks=null, displayId=0, isLastOfBatch=true)
02-19 18:51:54.401  7804  7804 D StatsLog: LAUNCHER_OVERVIEW_SHOW_OVERVIEW_FROM_3_BUTTON
02-19 18:51:54.407   752  1029 D InetDiagMessage: Destroyed 8 sockets, proto=IPPROTO_TCP, family=AF_INET6, states=14
02-19 18:51:54.407   752  1029 D InetDiagMessage: Destroyed live tcp sockets for uids={10217} in 21ms
02-19 18:51:54.408   752  1029 D InetDiagMessage: Destroyed 0 sockets, proto=IPPROTO_TCP, family=AF_INET, states=14
02-19 18:51:54.409   752  1029 D InetDiagMessage: Destroyed 0 sockets, proto=IPPROTO_TCP, family=AF_INET6, states=14
02-19 18:51:54.409   752  1029 D InetDiagMessage: Destroyed live tcp sockets for uids={20217} in 1ms
02-19 18:51:54.418  7804  7840 I HWUI    : Davey! duration=1485ms; Flags=0, FrameTimelineVsyncId=1879318, IntendedVsync=106186771359386, Vsync=106188221359328, InputEventId=0, HandleInputStart=106188232395056, AnimationStart=106188232396178, PerformTraversalsStart=106188232396395, DrawStart=106188232457761, FrameDeadline=106186788026052, FrameStartTime=106188231692463, FrameInterval=16666666, WorkloadTarget=16666666, SyncQueued=106188232650172, SyncStart=106188233052923, IssueDrawCommandsStart=106188233299826, SwapBuffers=106188235295910, FrameCompleted=106188257314802, DequeueBufferDuration=9678, QueueBufferDuration=721314, GpuCompleted=106188257314802, SwapBuffersCompleted=106188238642353, DisplayPresentTime=0, CommandSubmissionCompleted=106188235295910, 
02-19 18:51:54.419   752  1029 D InetDiagMessage: Destroyed 0 sockets, proto=IPPROTO_TCP, family=AF_INET, states=14
02-19 18:51:54.423   752  1029 D InetDiagMessage: Destroyed 0 sockets, proto=IPPROTO_TCP, family=AF_INET6, states=14
02-19 18:51:54.424   752  1029 D InetDiagMessage: Destroyed live tcp sockets for uids={10205} in 14ms
02-19 18:51:54.426   752  1029 D InetDiagMessage: Destroyed 0 sockets, proto=IPPROTO_TCP, family=AF_INET, states=14
02-19 18:51:54.427   752  1029 D InetDiagMessage: Destroyed 0 sockets, proto=IPPROTO_TCP, family=AF_INET6, states=14
02-19 18:51:54.427   752  1029 D InetDiagMessage: Destroyed live tcp sockets for uids={20205} in 3ms
02-19 18:51:54.436   752  1095 D BackgroundInstallControlService: Package event received: 0
02-19 18:51:54.451 17057 17057 W dumpsys : Thread Pool max thread count is 0. Cannot cache binder as linkToDeath cannot be implemented. serviceName: window
02-19 18:51:54.581  7804  7804 D RecentsView: applyLoadPlan - taskGroups: [type=SINGLE task=[id=12 windowingMode=0 user=0 lastActiveTime=89737] null, type=SINGLE task=[id=49 windowingMode=1 user=0 lastActiveTime=87698314] null, type=SINGLE task=[id=78 windowingMode=1 user=0 lastActiveTime=106182435] null]
02-19 18:51:54.655  7804  7934 I s.nexuslauncher: AssetManager2(0x7d8fac43f5b8) locale list changing from [] to [en-US]
02-19 18:51:54.695   531   531 I BpBinder: onLastStrongRef automatically unlinking death recipients: 
02-19 18:51:54.806  7804  7804 D StateManager: onStateTransitionEnd - state: Overview
02-19 18:51:54.809  7804  7804 I AiAiSuggestUi: Clearing suggestions.
02-19 18:51:54.809  7804  7804 I AiAiSuggestUi: Requesting to show indicators
02-19 18:51:54.811  7804  7804 I AiAiSuggestUi: Fetching contents, isPrimaryTask = false
02-19 18:51:54.811  7804  7804 D OverviewCommandHelper: switching to Overview state - onAnimationEnd: CommandInfo(type=TOGGLE, status=PROCESSING, createTime=106186758, animationCallbacks=null, displayId=0, isLastOfBatch=true)
02-19 18:51:54.813  7804  7804 D OverviewCommandHelper: command executed: CommandInfo(type=TOGGLE, status=PROCESSING, createTime=106186758, animationCallbacks=null, displayId=0, isLastOfBatch=true) with result: true
02-19 18:51:54.814  7804  7804 D OverviewCommandHelper: command executed successfully! CommandInfo(type=TOGGLE, status=COMPLETED, createTime=106186758, animationCallbacks=null, displayId=0, isLastOfBatch=true)
02-19 18:51:54.814  7804  7804 D OverviewCommandHelper: no pending commands to be executed.
02-19 18:51:54.822  7804  7934 W HWUI    : Image decoding logging dropped!
02-19 18:51:55.028   752  1509 W ActivityTaskManager: callingPackage for (uid=2000, pid=17062) has no WPC
02-19 18:51:55.033   752  1509 V GrammaticalInflectionUtils: AttributionSource: android.content.AttributionSource@56784557 does not have READ_SYSTEM_GRAMMATICAL_GENDER permission.
02-19 18:51:55.036   752  1509 W OptProp : Cannot read opt property android.window.PROPERTY_COMPAT_ALLOW_USER_ASPECT_RATIO_OVERRIDE
02-19 18:51:55.038   752  1509 W OptProp : Cannot read opt property android.window.PROPERTY_COMPAT_ALLOW_USER_ASPECT_RATIO_FULLSCREEN_OVERRIDE
02-19 18:51:55.038   752  1509 W OptProp : Cannot read opt property android.window.PROPERTY_COMPAT_ALLOW_RESIZEABLE_ACTIVITY_OVERRIDES
02-19 18:51:55.039   752  1509 W OptProp : Cannot read opt property android.window.PROPERTY_COMPAT_ALLOW_MIN_ASPECT_RATIO_OVERRIDE
02-19 18:51:55.061  4449  4467 V WindowManagerShell: Transition requested (#694): android.os.BinderProxy@80f427 TransitionRequestInfo { type = OPEN, triggerTask = TaskInfo{userId=0 taskId=78 effectiveUid=10217 displayId=0 isRunning=true baseIntent=Intent { act=android.intent.action.VIEW dat=intoss://takealook/... flg=0x10000000 cmp=viva.republica.toss.test/im.toss.rn.granite.core.GraniteActivity } baseActivity=ComponentInfo{viva.republica.toss.test/im.toss.rn.granite.core.GraniteActivity} topActivity=ComponentInfo{viva.republica.toss.test/im.toss.rn.granite.core.GraniteActivity} origActivity=null realActivity=ComponentInfo{viva.republica.toss.test/im.toss.rn.granite.core.GraniteActivity} numActivities=3 lastActiveTime=106182435 supportsMultiWindow=true resizeMode=1 isResizeable=true minWidth=-1 minHeight=-1 defaultMinSize=220 token=WCT{android.window.IWindowContainerToken$Stub$Proxy@e7606d4} topActivityType=1 pictureInPictureParams=null shouldDockBigOverlays=false launchIntoPipHostTaskId=-1 lastParentTaskIdBeforePip=-1 displayCutoutSafeInsets=Rect(0, 0 - 0, 0) topActivityInfo=ActivityInfo{a4db07d im.toss.rn.granite.core.GraniteActivity} launchCookies=[] positionInParent=Point(0, 0) parentTaskId=-1 isFocused=false isVisible=false isVisibleRequested=false isTopActivityNoDisplay=false isSleeping=false locusId=null displayAreaFeatureId=1 isTopActivityTransparent=false isActivityStackTransparent=false lastNonFullscreenBounds=Rect(284, 660 - 796, 1740) capturedLink=null capturedLinkTimestamp=0 requestedVisibleTypes=-9 topActivityRequestOpenInBrowserEducationTimestamp=0 appCompatTaskInfo=AppCompatTaskInfo { topActivityInSizeCompat=false eligibleForLetterboxEducation= false isLetterboxEducationEnabled= true isLetterboxDoubleTapEnabled= false eligibleForUserAspectRatioButton= false topActivityBoundsLetterboxed= false isFromLetterboxDoubleTap= false topActivityLetterboxVerticalPosition= -1 topActivityLetterboxHorizontalPosition= -1 topActivityLetterboxWidth=-1 topActivityLetterboxHeight=-1 topActivityAppBounds=Rect(0, 0 - 1080, 2400) isUserFullscreenOverrideEnabled=false isSystemFullscreenOverrideEnabled=false hasMinAspectRatioOverride=false topActivityLetterboxBounds=null cameraCompatTaskInfo=CameraCompatTaskInfo { freeformCameraCompatMode=inactive}} topActivityMainWindowFrame=null}, pipChange = null, remoteTransition = null, displayChange = null, flags = 0, debugId = 694 }
02-19 18:51:55.061   752  1509 I ActivityTaskManager: START u0 {act=android.intent.action.VIEW dat=intoss://takealook/... flg=0x10000000 xflg=0x4 cmp=viva.republica.toss.test/im.toss.rn.granite.core.GraniteActivity} with LAUNCH_MULTIPLE from uid 2000 (BAL_ALLOW_PERMISSION) result code=2
02-19 18:51:55.062  4449  4467 D ShellSplitScreen: logExit: no-op, mLoggerSessionId is null
02-19 18:51:55.066  7804  7804 W SplitSelectStateCtor: Missing session instanceIds
02-19 18:51:55.066  7804  7804 D StatsLog: LAUNCHER_SPLIT_SELECTION_EXIT_INTERRUPTED
02-19 18:51:55.067   531   590 I BpBinder: onLastStrongRef automatically unlinking death recipients: 
02-19 18:51:55.074  4449  4467 D WindowManagerShell: setLauncherKeepClearAreaHeight: visible=false, height=527
02-19 18:51:55.074  4449  4467 D WindowManagerShell: onActivityRestartAttempt: topActivity=ComponentInfo{viva.republica.toss.test/im.toss.rn.granite.core.GraniteActivity}, wasVisible=false
02-19 18:51:55.083  7804 11785 I AiAiSuggestUi: Request suggestContentSelections complete, took: 272
02-19 18:51:55.083  7804 11785 I AiAiSuggestUi: Fetched content back in callback
02-19 18:51:55.084   752  1095 D BackgroundInstallControlService: Package event received: 0
02-19 18:51:55.084   752  1095 D BackgroundInstallControlService: Package event received: 0
02-19 18:51:55.084   752  1095 D BackgroundInstallControlService: Package event received: 0
02-19 18:51:55.094   752  1095 D BackgroundInstallControlService: Package event received: 0
02-19 18:51:55.095   752  1095 D BackgroundInstallControlService: Package event received: 0
02-19 18:51:55.095   752  1095 D BackgroundInstallControlService: Package event received: 0
02-19 18:51:55.095   752  1095 D BackgroundInstallControlService: Package event received: 0
02-19 18:51:55.095   752  1095 D BackgroundInstallControlService: Package event received: 0
02-19 18:51:55.099  7804  7804 I AiAiSuggestUi: Display indicators
02-19 18:51:55.104  4449  4474 V SnapshotDrawerUtils: Drawing snapshot surface sizeMismatch=true
02-19 18:51:55.112   531   531 I BpBinder: onLastStrongRef automatically unlinking death recipients: 
02-19 18:51:55.135  4449 22136 V WindowManagerShell: onTransitionReady(transaction=3229815427175)
02-19 18:51:55.135  4449  4467 V WindowManagerShell: onTransitionReady (#694) android.os.BinderProxy@80f427: {id=694 t=OPEN f=0x0 trk=0 r=[0@Point(0, 0)] c=[
02-19 18:51:55.135  4449  4467 V WindowManagerShell:         {m=TO_FRONT f=MOVE_TO_TOP leash=Surface(name=Task=78)/@0xa96bc40 sb=Rect(0, 0 - 1080, 2400) eb=Rect(0, 0 - 1080, 2400) epz=Point(1080, 2400) d=0 taskParent=-1},
02-19 18:51:55.135  4449  4467 V WindowManagerShell:         {m=TO_BACK f=SHOW_WALLPAPER leash=Surface(name=Task=1)/@0x909d779 sb=Rect(0, 0 - 1080, 2400) eb=Rect(0, 0 - 1080, 2400) epz=Point(1080, 2400) d=0 taskParent=-1},
02-19 18:51:55.135  4449  4467 V WindowManagerShell:         {m=TO_BACK f=IS_WALLPAPER leash=Surface(name=WallpaperWindowToken{35e0c0f showWhenLocked=false})/@0x96dccbe sb=Rect(0, 0 - 1080, 2400) eb=Rect(0, 0 - 1080, 2400) epz=Point(1080, 2400) d=0}
02-19 18:51:55.135  4449  4467 V WindowManagerShell:     ]}
