02-19 18:51:55.137   752   794 V WindowManager: Sent Transition (#694) createdAt=02-19 18:51:55.040 via request=TransitionRequestInfo { type = OPEN, triggerTask = TaskInfo{userId=0 taskId=78 effectiveUid=10217 displayId=0 isRunning=true baseIntent=Intent { act=android.intent.action.VIEW dat=intoss://takealook/... flg=0x10000000 cmp=viva.republica.toss.test/im.toss.rn.granite.core.GraniteActivity } baseActivity=ComponentInfo{viva.republica.toss.test/im.toss.rn.granite.core.GraniteActivity} topActivity=ComponentInfo{viva.republica.toss.test/im.toss.rn.granite.core.GraniteActivity} origActivity=null realActivity=ComponentInfo{viva.republica.toss.test/im.toss.rn.granite.core.GraniteActivity} numActivities=3 lastActiveTime=106182435 supportsMultiWindow=true resizeMode=1 isResizeable=true minWidth=-1 minHeight=-1 defaultMinSize=220 token=WCT{RemoteToken{58f5d87 Task{11d79c0 #78 type=standard A=10217:viva.republica.toss.test}}} topActivityType=1 pictureInPictureParams=null shouldDockBigOverlays=false launchIntoPipHostTaskId=-1 lastParentTaskIdBeforePip=-1 displayCutoutSafeInsets=Rect(0, 0 - 0, 0) topActivityInfo=ActivityInfo{b1a393a im.toss.rn.granite.core.GraniteActivity} launchCookies=[] positionInParent=Point(0, 0) parentTaskId=-1 isFocused=false isVisible=false isVisibleRequested=false isTopActivityNoDisplay=false isSleeping=false locusId=null displayAreaFeatureId=1 isTopActivityTransparent=false isActivityStackTransparent=false lastNonFullscreenBounds=Rect(284, 660 - 796, 1740) capturedLink=null capturedLinkTimestamp=0 requestedVisibleTypes=-9 topActivityRequestOpenInBrowserEducationTimestamp=0 appCompatTaskInfo=AppCompatTaskInfo { topActivityInSizeCompat=false eligibleForLetterboxEducation= false isLetterboxEducationEnabled= true isLetterboxDoubleTapEnabled= false eligibleForUserAspectRatioButton= false topActivityBoundsLetterboxed= false isFromLetterboxDoubleTap= false topActivityLetterboxVerticalPosition= -1 topActivityLetterboxHorizontalPosition= -1 topActivityLetterboxWidth=-1 topActivityLetterboxHeight=-1 topActivityAppBounds=Rect(0, 0 - 1080, 2400) isUserFullscreenOverrideEnabled=false isSystemFullscreenOverrideEnabled=false hasMinAspectRatioOverride=false topActivityLetterboxBounds=null cameraCompatTaskInfo=CameraCompatTaskInfo { freeformCameraCompatMode=inactive}} topActivityMainWindowFrame=null}, pipChange = null, remoteTransition = null, displayChange = null, flags = 0, debugId = 694 }
02-19 18:51:55.137  4449  4467 V WindowManagerShell: Playing animation for (#694) android.os.BinderProxy@80f427@0
02-19 18:51:55.137  4449  4467 V ShellRecents: RecentsTransitionHandler.startAnimation: no controller found
02-19 18:51:55.137   752   794 V WindowManager:     startWCT=WindowContainerTransaction { changes= {} hops= [] errorCallbackToken=null taskFragmentOrganizer=null }
02-19 18:51:55.138   752   794 V WindowManager:     info={id=694 t=OPEN f=0x0 trk=0 r=[0@Point(0, 0)] c=[
02-19 18:51:55.138   752   794 V WindowManager:         {WCT{RemoteToken{58f5d87 Task{11d79c0 #78 type=standard A=10217:viva.republica.toss.test}}} m=TO_FRONT f=MOVE_TO_TOP leash=Surface(name=Task=78)/@0x6af51ab sb=Rect(0, 0 - 1080, 2400) eb=Rect(0, 0 - 1080, 2400) epz=Point(1080, 2400) d=0 taskParent=-1},
02-19 18:51:55.138   752   794 V WindowManager:         {WCT{RemoteToken{5218fe8 Task{dd43522 #1 type=home}}} m=TO_BACK f=SHOW_WALLPAPER leash=Surface(name=Task=1)/@0x8ddbd2e sb=Rect(0, 0 - 1080, 2400) eb=Rect(0, 0 - 1080, 2400) epz=Point(1080, 2400) d=0 taskParent=-1},
02-19 18:51:55.138   752   794 V WindowManager:         {m=TO_BACK f=IS_WALLPAPER leash=Surface(name=WallpaperWindowToken{35e0c0f showWhenLocked=false})/@0x512f5be sb=Rect(0, 0 - 1080, 2400) eb=Rect(0, 0 - 1080, 2400) epz=Point(1080, 2400) d=0}
02-19 18:51:55.138   752   794 V WindowManager:     ]}
02-19 18:51:55.138  4449  4467 V WindowManagerShell: Transition doesn't have explicit remote, search filters for match for {id=694 t=OPEN f=0x0 trk=0 r=[0@Point(0, 0)] c=[{m=TO_FRONT f=MOVE_TO_TOP leash=Surface(name=Task=78)/@0xa96bc40 sb=Rect(0, 0 - 1080, 2400) eb=Rect(0, 0 - 1080, 2400) epz=Point(1080, 2400) d=0 taskParent=-1},{m=TO_BACK f=SHOW_WALLPAPER leash=Surface(name=Task=1)/@0x909d779 sb=Rect(0, 0 - 1080, 2400) eb=Rect(0, 0 - 1080, 2400) epz=Point(1080, 2400) d=0 taskParent=-1},{m=TO_BACK f=IS_WALLPAPER leash=Surface(name=WallpaperWindowToken{35e0c0f showWhenLocked=false})/@0x96dccbe sb=Rect(0, 0 - 1080, 2400) eb=Rect(0, 0 - 1080, 2400) epz=Point(1080, 2400) d=0}]}
02-19 18:51:55.138  4449  4467 V WindowManagerShell:  Checking filter Pair{{types=[] flags=0x0] notFlags=0x0 checks=[{atype=undefined independent=true modes=[CLOSE,TO_BACK] flags=IN_TASK_WITH_EMBEDDED_ACTIVITY mustBeTask=false order=ANY topActivity=null launchCookie=null taskFragmentToken=android.os.BinderProxy@dcfd27d windowingMode=undefined}]} RemoteTransition { remoteTransition = android.window.IRemoteTransition$Stub$Proxy@d4ce572, appThread = android.app.IApplicationThread$Stub$Proxy@fd29dc3, debugName = overlayBackTransition }}
02-19 18:51:55.139  4449  4467 V WindowManagerShell:  Checking filter Pair{{types=[] flags=0x0] notFlags=0x0 checks=[{atype=dream independent=true modes=[OPEN,TO_FRONT] flags=NONE mustBeTask=false order=ANY topActivity=null launchCookie=null windowingMode=undefined},{atype=home independent=true modes=[CLOSE,TO_BACK] flags=NONE mustBeTask=false order=ANY topActivity=null launchCookie=null windowingMode=undefined}]} RemoteTransition { remoteTransition = android.window.IRemoteTransition$Stub$Proxy@90c640, appThread = android.app.IApplicationThread$Stub$Proxy@f8c1979, debugName = LauncherToDream }}
02-19 18:51:55.139  4449  4467 V WindowManagerShell:  Checking filter Pair{{types=[] flags=0x0] notFlags=0x100 checks=[{atype=home independent=true modes=[OPEN,TO_FRONT] flags=NONE mustBeTask=false order=TOP topActivity=ComponentInfo{com.google.android.apps.nexuslauncher/com.google.android.apps.nexuslauncher.NexusLauncherActivity} launchCookie=null windowingMode=undefined},{atype=standard independent=true modes=[CLOSE,TO_BACK] flags=NONE mustBeTask=false order=ANY topActivity=null launchCookie=null windowingMode=undefined},{NOT atype=undefined independent=true modes=[] flags=NONE mustBeTask=true order=ANY topActivity=null launchCookie=null customAnim=true windowingMode=undefined}]} RemoteTransition { remoteTransition = android.window.IRemoteTransition$Stub$Proxy@affe6be, appThread = android.app.IApplicationThread$Stub$Proxy@c37531f, debugName = QuickstepLaunchHome }}
02-19 18:51:55.139  4449  4467 V WindowManagerShell:  Checking filter Pair{{types=[] flags=0x0] notFlags=0x0 checks=[{atype=undefined independent=true modes=[CLOSE,TO_BACK] flags=IN_TASK_WITH_EMBEDDED_ACTIVITY mustBeTask=false order=ANY topActivity=null launchCookie=null taskFragmentToken=android.os.BinderProxy@dcfd27d windowingMode=undefined}]} RemoteTransition { remoteTransition = android.window.IRemoteTransition$Stub$Proxy@3517b6e, appThread = android.app.IApplicationThread$Stub$Proxy@261420f, debugName = overlayBackTransition }}
02-19 18:51:55.139  4449  4467 V WindowManagerShell:  Checking filter Pair{{types=[] flags=0x0] notFlags=0x0 checks=[{atype=dream independent=true modes=[OPEN,TO_FRONT] flags=NONE mustBeTask=false order=ANY topActivity=null launchCookie=null windowingMode=undefined},{atype=home independent=true modes=[CLOSE,TO_BACK] flags=NONE mustBeTask=false order=ANY topActivity=null launchCookie=null windowingMode=undefined}]} RemoteTransition { remoteTransition = android.window.IRemoteTransition$Stub$Proxy@c23e29c, appThread = android.app.IApplicationThread$Stub$Proxy@afb34a5, debugName = LauncherToDream }}
02-19 18:51:55.139  4449  4467 V WindowManagerShell:  Checking filter Pair{{types=[] flags=0x0] notFlags=0x100 checks=[{atype=home independent=true modes=[OPEN,TO_FRONT] flags=NONE mustBeTask=false order=TOP topActivity=ComponentInfo{com.google.android.apps.nexuslauncher/com.google.android.apps.nexuslauncher.NexusLauncherActivity} launchCookie=null windowingMode=undefined},{atype=standard independent=true modes=[CLOSE,TO_BACK] flags=NONE mustBeTask=false order=ANY topActivity=null launchCookie=null windowingMode=undefined},{NOT atype=undefined independent=true modes=[] flags=NONE mustBeTask=true order=ANY topActivity=null launchCookie=null customAnim=true windowingMode=undefined}]} RemoteTransition { remoteTransition = android.window.IRemoteTransition$Stub$Proxy@39de07a, appThread = android.app.IApplicationThread$Stub$Proxy@cf9f02b, debugName = QuickstepLaunchHome }}
02-19 18:51:55.139  4449  4467 V WindowManagerShell:  Delegate animation for (#694) to null
02-19 18:51:55.139  4449  4467 V WindowManagerShell: start default transition animation, info = {id=694 t=OPEN f=0x0 trk=0 r=[0@Point(0, 0)] c=[{m=TO_FRONT f=MOVE_TO_TOP leash=Surface(name=Task=78)/@0xa96bc40 sb=Rect(0, 0 - 1080, 2400) eb=Rect(0, 0 - 1080, 2400) epz=Point(1080, 2400) d=0 taskParent=-1},{m=TO_BACK f=SHOW_WALLPAPER leash=Surface(name=Task=1)/@0x909d779 sb=Rect(0, 0 - 1080, 2400) eb=Rect(0, 0 - 1080, 2400) epz=Point(1080, 2400) d=0 taskParent=-1},{m=TO_BACK f=IS_WALLPAPER leash=Surface(name=WallpaperWindowToken{35e0c0f showWhenLocked=false})/@0x96dccbe sb=Rect(0, 0 - 1080, 2400) eb=Rect(0, 0 - 1080, 2400) epz=Point(1080, 2400) d=0}]}
02-19 18:51:55.197 16566 17065 W unknown:ReconnectingWebSocket: Couldn't connect to "ws://10.0.2.2:8081/message?device=sdk_gphone64_x86_64%20-%2016%20-%20API%2036&app=viva.republica.toss.test&clientid=BridgeDevSupportManager", will silently retry
02-19 18:51:55.207  4449  4467 V WindowManagerShell: loadAnimation: anim=android.view.animation.AnimationSet@cc77235 animAttr=0x13 type=OPEN isEntrance=false
02-19 18:51:55.211  4449  4467 V WindowManagerShell: loadAnimation: anim=android.view.animation.AnimationSet@bc7d358 animAttr=0x12 type=OPEN isEntrance=true
02-19 18:51:55.215  4449  4467 V WindowManagerShell:  animated by com.android.wm.shell.transition.DefaultTransitionHandler@f74d823
02-19 18:51:55.614 16566 16992 D ReactNativeJS: '[Analytics]', '{\n  "log_type": "screen",\n  "log_name": "/::screen",\n  "params": {\n    "referrer": null,\n    "deployment_id": "local",\n    "deployment_timestamp": null\n  }\n}'
02-19 18:51:55.618  4449  4467 V WindowManagerShell: Transition animation finished (aborted=false), notifying core (#694) android.os.BinderProxy@80f427@0
02-19 18:51:55.620   752   794 V WindowManager: Finish Transition (#694): created at 02-19 18:51:55.040 collect-started=0.076ms request-sent=18.176ms started=22.93ms ready=66.019ms sent=92.109ms commit=168.949ms finished=578.593ms
02-19 18:51:55.636  4449  4467 V WindowManagerShell: Track 0 became idle
02-19 18:51:55.637  7804  7804 D VRI[NexusLauncherActivity]: visibilityChanged oldVisibility=true newVisibility=false
02-19 18:51:55.638  4449  4467 V WindowManagerShell: All active transition animations finished
02-19 18:51:55.649  7804  7804 D RecentsView: updateTaskStackListenerState: false
02-19 18:51:55.650  7804  7804 D NexusLauncherModelDelegate: notifySmartspaceEvent: SmartspaceTargetEvent{mSmartspaceTarget=null, mSmartspaceActionId='null', mEventType=7}
02-19 18:51:55.715  7804  7804 D BaseDepthController: setSurface:
02-19 18:51:55.715  7804  7804 D BaseDepthController: 	mWaitingOnSurfaceValidity: false
02-19 18:51:55.715  7804  7804 D BaseDepthController: 	mBaseSurface: null
02-19 18:51:55.716  7804  7804 D BaseDepthController: mSurface is null and mCurrentBlur is: 23
02-19 18:51:55.718  7804  7804 D StateManager: goToState - fromState: Overview, toState: Normal, partial trace:
02-19 18:51:55.718  7804  7804 D StateManager: 	at com.android.launcher3.statemanager.StateManager.moveToRestState(go/retraceme 72a59688580715d19f0e415c69e80376c2f062d1648c80db6730905005a27c20:4)
02-19 18:51:55.718  7804  7804 D StateManager: 	at com.android.launcher3.statemanager.StateManager.moveToRestState(go/retraceme 72a59688580715d19f0e415c69e80376c2f062d1648c80db6730905005a27c20:1)
02-19 18:51:55.718  7804  7804 D StateManager: 	at com.android.launcher3.statemanager.StatefulActivity.onStop(go/retraceme 72a59688580715d19f0e415c69e80376c2f062d1648c80db6730905005a27c20:34)
02-19 18:51:55.719  7804  7804 D StateManager: onStateTransitionStart - state: Normal
02-19 18:51:55.727  7804  7804 D BaseDepthController: mSurface is null and mCurrentBlur is: 23
02-19 18:51:55.730   752   989 I ImeTracker: viva.republica.toss.test:98864ad0: onRequestHide at ORIGIN_SERVER reason HIDE_UNSPECIFIED_WINDOW fromUser false
02-19 18:51:55.730   752  1095 D BackgroundInstallControlService: Package event received: 0
02-19 18:51:55.730  7804  7804 D KeyboardInsetsHandler: setState, toState:Normal StateManager(mLastStableState:Normal, mCurrentStableState:Overview, mState:Normal, mRestState:null, isInTransition:false)
02-19 18:51:55.731  7804  7804 D StateManager: onStateTransitionEnd - state: Normal
02-19 18:51:55.732  7804  7804 D RecentsView: reset - mEnableDrawingLiveTile: false, mRecentsAnimationController: null
02-19 18:51:55.733  7804  7804 I AiAiSuggestUi: Clearing suggestions.
02-19 18:51:55.734  7804  7804 I AiAiSuggestUi: Clearing suggestions.
02-19 18:51:55.736  1563  1563 I GoogleInputMethodService: GoogleInputMethodService.onFinishInput():2043 
02-19 18:51:55.736  7804  7804 D ActivityAllAppsContainerView: rebindAdapters: force: false
02-19 18:51:55.736  7804  7804 D ActivityAllAppsContainerView: rebindAdapters: Not needed.
02-19 18:51:55.737  1563  1563 I Module  : DeviceLockedStatusModuleProvider$Module.updateDeviceLockedStatus():100 repeatCheckTimes = 0, locked = false
02-19 18:51:55.738  1563  1563 I GoogleInputMethodService: GoogleInputMethodService.onStartInput():1293 onStartInput(EditorInfo{EditorInfo{packageName=viva.republica.toss.test, inputType=0, inputTypeString=NULL, enableLearning=false, autoCorrection=false, autoComplete=false, imeOptions=0, privateImeOptions=null, actionName=UNSPECIFIED, actionLabel=null, initialSelStart=-1, initialSelEnd=-1, initialCapsMode=0, label=null, fieldId=0, fieldName=null, extras=null, hintText=null, hintLocales=[]}}, false)
02-19 18:51:55.747  1563  1563 I Module  : DeviceLockedStatusModuleProvider$Module.updateDeviceLockedStatus():100 repeatCheckTimes = 1, locked = false
02-19 18:51:55.752  1563  1563 I EmojiCompatManager: EmojiCompatManager.getEmojiCompatIfLoaded():343 EmojiCompat.init() was never called.
02-19 18:51:55.752  1563  1563 I EmojiCompatManager: java.lang.IllegalStateException: EmojiCompat is not initialized. Please call EmojiCompat.init() first
02-19 18:51:55.752  1563  1563 I EmojiCompatManager: 	at asx.p(PG:6)
02-19 18:51:55.752  1563  1563 I EmojiCompatManager: 	at axb.b(PG:13)
02-19 18:51:55.752  1563  1563 I EmojiCompatManager: 	at jnr.b(PG:2)
02-19 18:51:55.752  1563  1563 I EmojiCompatManager: 	at jnr.c(PG:4)
02-19 18:51:55.752  1563  1563 I EmojiCompatManager: 	at jnr.f(PG:3)
02-19 18:51:55.752  1563  1563 I EmojiCompatManager: 	at jnx.c(PG:3)
02-19 18:51:55.752  1563  1563 I EmojiCompatManager: 	at kif.cz(PG:47)
02-19 18:51:55.752  1563  1563 I EmojiCompatManager: 	at lhl.run(PG:1025)
02-19 18:51:55.752  1563  1563 I EmojiCompatManager: 	at jaf.execute(PG:12)
02-19 18:51:55.752  1563  1563 I EmojiCompatManager: 	at nco.v(PG:13)
02-19 18:51:55.752  1563  1563 I EmojiCompatManager: 	at lhn.m(PG:96)
02-19 18:51:55.752  1563  1563 I EmojiCompatManager: 	at lhn.k(PG:25)
02-19 18:51:55.752  1563  1563 I EmojiCompatManager: 	at kgn.onStartInput(PG:250)
02-19 18:51:55.752  1563  1563 I EmojiCompatManager: 	at android.inputmethodservice.InputMethodService.doStartInput(InputMethodService.java:3521)
02-19 18:51:55.752  1563  1563 I EmojiCompatManager: 	at android.inputmethodservice.InputMethodService$InputMethodImpl.startInput(InputMethodService.java:879)
02-19 18:51:55.752  1563  1563 I EmojiCompatManager: 	at android.inputmethodservice.InputMethodService$InputMethodImpl.dispatchStartInput(InputMethodService.java:908)
02-19 18:51:55.752  1563  1563 I EmojiCompatManager: 	at android.inputmethodservice.IInputMethodWrapper.executeMessage(IInputMethodWrapper.java:201)
02-19 18:51:55.752  1563  1563 I EmojiCompatManager: 	at com.android.internal.os.HandlerCaller$MyHandler.handleMessage(HandlerCaller.java:44)
02-19 18:51:55.752  1563  1563 I EmojiCompatManager: 	at android.os.Handler.dispatchMessage(Handler.java:110)
02-19 18:51:55.752  1563  1563 I EmojiCompatManager: 	at android.os.Looper.loopOnce(Looper.java:248)
02-19 18:51:55.752  1563  1563 I EmojiCompatManager: 	at android.os.Looper.loop(Looper.java:338)
02-19 18:51:55.752  1563  1563 I EmojiCompatManager: 	at android.app.ActivityThread.main(ActivityThread.java:9067)
02-19 18:51:55.752  1563  1563 I EmojiCompatManager: 	at java.lang.reflect.Method.invoke(Native Method)
02-19 18:51:55.752  1563  1563 I EmojiCompatManager: 	at com.android.internal.os.RuntimeInit$MethodAndArgsCaller.run(RuntimeInit.java:593)
02-19 18:51:55.752  1563  1563 I EmojiCompatManager: 	at com.android.internal.os.ZygoteInit.main(ZygoteInit.java:932)
02-19 18:51:55.752   752  2417 I ImeTracker: system_server:297cb5cd: onRequestHide at ORIGIN_SERVER reason IME_REQUESTED_CHANGED_LISTENER fromUser false
02-19 18:51:55.753   752  1509 W PackageConfigPersister: App-specific configuration not found for packageName: viva.republica.toss.test and userId: 0
02-19 18:51:55.754   752   797 I ImeTracker: system_server:297cb5cd: onCancelled at PHASE_SERVER_SHOULD_HIDE
02-19 18:51:55.756 16566 16566 D InsetsController: hide(ime(), fromIme=false)
02-19 18:51:55.757 16566 16566 I ImeTracker: viva.republica.toss.test:98864ad0: onCancelled at PHASE_CLIENT_ALREADY_HIDDEN
02-19 18:51:55.759  7804  7804 D StatsLog: LAUNCHER_ONSTOP
02-19 18:51:55.760  7804  7804 D StatsLog: LAUNCHER_GOOGLE_SEARCH_RESTORE_LIST_SIZE_AFTER_ACTIVITY_RESTART
02-19 18:51:55.788  7804  7804 D OverviewActionsView: updateForGroupedTask() called with: isGroupedTask = [false], canSaveAppPair = [false]
02-19 18:51:55.789  7804  7804 D OverviewActionsView: updateActionButtonsVisibility() called: showSingleTaskActions = [true], showGroupActions = [false]
02-19 18:51:55.793   752  1095 D BackgroundInstallControlService: Package event received: 0
02-19 18:51:57.725   531   568 W EventThread: Faking VSYNC due to driver stall for thread app
02-19 18:51:57.800 17067 17067 W dumpsys : Thread Pool max thread count is 0. Cannot cache binder as linkToDeath cannot be implemented. serviceName: window
02-19 18:51:58.077   752  1856 E TaskPersister: File error accessing recents directory (directory doesn't exist?).
02-19 18:51:58.361  1782  2426 I bbax    : (REDACTED) getHotwordActive::active query: %s, watch: %s, devices connected: %s
02-19 18:51:59.231 17072 17072 W screencap: Thread Pool max thread count is 0. Cannot cache binder as linkToDeath cannot be implemented. serviceName: SurfaceFlingerAIDL
02-19 18:51:59.232 17072 17072 W BpBinder: Linking to death on android.gui.ISurfaceComposer but there are no threads (yet?) listening to incoming transactions. See ProcessState::startThreadPool and ProcessState::setThreadPoolMaxThreadCount. Generally you should setup the binder threadpool before other initialization steps.
02-19 18:51:59.232 17072 17072 W ProcessState: Extra binder thread started, but 0 threads requested. Do not use *startThreadPool when zero threads are requested.
02-19 18:51:59.235   531   590 E HwcComposer: getLuts failed Status(-8, EX_SERVICE_SPECIFIC): '8: '
02-19 18:51:59.235   531   590 E HWComposer: getLuts: getLuts failed for display 4619827259835644672: UNSUPPORTED (8)
02-19 18:51:59.743   752  2377 D WifiNl80211Manager: Scan result ready event
02-19 18:51:59.743   752  2377 D WifiNative: Scan result ready event
02-19 18:51:59.745 20068 30652 I WifiScanner: onFullResults
02-19 18:51:59.746 20068 30652 I WifiScanner: onFullResults
02-19 18:51:59.753   752  1023 I HalDevMgr: bestIfaceCreationProposal is null, requestIface=STA, existingIface=[name=wlan0 type=STA]
