--------- beginning of main
02-19 18:41:16.532   752   752 W AnrMainProcessD: type=1400 audit(0.0:380): avc:  denied  { read } for  name="transactions" dev="binder" ino=1048587 scontext=u:r:system_server:s0 tcontext=u:object_r:binderfs_logs_transactions:s0 tclass=file permissive=0
--------- beginning of system
02-19 18:41:16.567   752  2503 D CompatChangeReporter: Compat change id reported: 311208629; UID 10217; state: ENABLED
02-19 18:41:16.571 16315 16315 D CompatChangeReporter: Compat change id reported: 242716250; UID 99046; state: ENABLED
02-19 18:41:16.570 16306 16306 I artd    : Starting artd
02-19 18:41:16.571   752 16339 W ActivityManager: Dumping Java threads failed, initiating native stack dump.
02-19 18:41:16.572   752 16339 E system_server: Could not open /dev/binderfs/binder_logs/transactions. Likely a permissions issue. errno: 2
02-19 18:41:16.572   752 16339 E android.os.Debug: Failed to get binder state info for pid: 16253 status: -2: No such file or directory
02-19 18:41:16.572   752 16339 E system_server: libdebuggerd_client: failed to get process tids
02-19 18:41:16.572   752 16339 I system_server: libdebuggerd_client: started dumping process 16253
02-19 18:41:16.572 16306 16306 I AidlLazyServiceRegistrar: Registering service artd
02-19 18:41:16.573   283   283 I tombstoned: registered intercept for pid 16253 and type kDebuggerdNativeBacktrace
02-19 18:41:16.573   752 16339 E system_server: libdebuggerd_client: failed to send signal to pid 16253: No such process
02-19 18:41:16.573   283   283 I tombstoned: intercept for pid 16253 and type kDebuggerdNativeBacktrace terminated: due to input
02-19 18:41:16.568   752   752 W AnrMainProcessD: type=1400 audit(0.0:381): avc:  denied  { read } for  name="transactions" dev="binder" ino=1048587 scontext=u:r:system_server:s0 tcontext=u:object_r:binderfs_logs_transactions:s0 tclass=file permissive=0
02-19 18:41:16.589   752 16339 W ActivityManager: Native stack dump failed!
02-19 18:41:16.590   752  2502 V GrammaticalInflectionUtils: AttributionSource: android.content.AttributionSource@74ae1919 does not have READ_SYSTEM_GRAMMATICAL_GENDER permission.
02-19 18:41:16.596 16306 16306 I AidlLazyServiceRegistrar: Process has 1 (of 1 available) client(s) in use after notification artd has clients: 1
02-19 18:41:16.630 16315 16315 D ApplicationLoaders: Returning zygote-cached class loader: /system_ext/framework/androidx.window.extensions.jar
02-19 18:41:16.638 16315 16315 I ocessService0:0: AssetManager2(0x7d8fac42ba18) locale list changing from [] to [en-US]
02-19 18:41:16.673 16315 16315 I LoadedApk: No resource references to update in package com.google.android.trichromelibrary
02-19 18:41:16.685 16315 16315 I cr_WebViewApkApp: version=133.0.6943.137 (694313738) minSdkVersion=29 isBundle=false processName=com.google.android.webview:sandboxed_process0:org.chromium.content.app.SandboxedProcessService0:0
02-19 18:41:16.699   752  1984 D ActivityManager: sync unfroze 4656 com.google.android.adservices.api for 6
02-19 18:41:16.699  1263  1263 D Zygote  : Forked child process 16350
02-19 18:41:16.700   752  1095 D BackgroundInstallControlService: Package event received: 0
02-19 18:41:16.702   752  1095 D BackgroundInstallControlService: Package event received: 0
02-19 18:41:16.710   752   806 W ActivityManager: Slow operation: 119ms so far, now at startProcess: returned from zygote!
02-19 18:41:16.722   752  2502 I ActivityManager: Killing 16315:com.google.android.webview:sandboxed_process0:org.chromium.content.app.SandboxedProcessService0:0/u0a217i46 (adj 905): isolated not needed
02-19 18:41:16.741 16350 16350 I ocessService1:0: Using CollectorTypeCMC GC.
02-19 18:41:16.750 16350 16350 W ocessService1:0: Unexpected CPU variant for x86: x86_64.
02-19 18:41:16.750 16350 16350 W ocessService1:0: Known variants: atom, sandybridge, silvermont, goldmont, goldmont-plus, goldmont-without-sha-xsaves, tremont, kabylake, alderlake, default
02-19 18:41:16.755   752  2502 W ActivityManager: Slow operation: 63ms so far, now at finishAttachApplicationInner: after updateOomAdjLocked
02-19 18:41:16.757 16350 16350 E ocessService1:0: Not starting debugger since process cannot load the jdwp agent.
02-19 18:41:16.759 16306 16343 I artd    : GetBestInfo: odex next to the dex file (/data/app/~~O-UZzK0jUU9NLgS3MODOZA==/com.google.android.gms-YQ2L6GsYyKuvu9MvIBK1EQ==/oat/x86_64/base.odex) is kOatUpToDate with filter 'speed-profile' executable 'false'
02-19 18:41:16.764  4656 15178 E adservices.measurement: AttributionFallbackJobService is disabled, skip scheduling
02-19 18:41:16.764   752  2419 D ActivityManager: sync unfroze 11873 com.google.android.webview:webview_service for 6
02-19 18:41:16.766   752   806 W ActivityManager: Slow operation: 176ms so far, now at startProcess: done updating battery stats
02-19 18:41:16.767   752   806 W ActivityManager: Slow operation: 176ms so far, now at startProcess: building log message
02-19 18:41:16.767   752   806 I ActivityManager: Start proc 16350:com.google.android.webview:sandboxed_process1:org.chromium.content.app.SandboxedProcessService1:0/u0i47 for  {viva.republica.toss.test/org.chromium.content.app.SandboxedProcessService1:0}
02-19 18:41:16.767   752   806 W ActivityManager: Slow operation: 176ms so far, now at startProcess: starting to update pids map
02-19 18:41:16.767   752   806 I ActivityManager: ProcessObserver broadcast disabled
02-19 18:41:16.767   752   806 W ActivityManager: Slow operation: 177ms so far, now at startProcess: done updating pids map
02-19 18:41:16.768   752   752 W Looper  : Drained
02-19 18:41:16.769   752  1095 D BackgroundInstallControlService: Package event received: 0
02-19 18:41:16.769   752  1095 D BackgroundInstallControlService: Package event received: 0
02-19 18:41:16.770 16306 16343 I artd    : GetBestInfo: odex next to the dex file (/data/app/~~O-UZzK0jUU9NLgS3MODOZA==/com.google.android.gms-YQ2L6GsYyKuvu9MvIBK1EQ==/oat/x86_64/split_AdsDynamite_installtime.odex) is kOatUpToDate with filter 'speed' executable 'false'
02-19 18:41:16.773 16350 16350 D nativeloader: Load libframework-connectivity-tiramisu-jni.so using APEX ns com_android_tethering for caller /apex/com.android.tethering/javalib/framework-connectivity-t.jar: ok
02-19 18:41:16.777   752  2503 W ProcessStats: Tracking association SourceState{34f503e viva.republica.toss.test/10217 BTop #21108} whose proc state 2 is better than process ProcessState{452e1c2 com.google.android.adservices.api/10205 pkg=com.google.android.adservices.api} proc state 15 (7 skipped)
02-19 18:41:16.777 16306 16343 I artd    : GetBestInfo: odex next to the dex file (/data/app/~~O-UZzK0jUU9NLgS3MODOZA==/com.google.android.gms-YQ2L6GsYyKuvu9MvIBK1EQ==/oat/x86_64/split_CronetDynamite_installtime.odex) is kOatUpToDate with filter 'speed' executable 'false'
02-19 18:41:16.782 16306 16343 I artd    : GetBestInfo: odex next to the dex file (/data/app/~~O-UZzK0jUU9NLgS3MODOZA==/com.google.android.gms-YQ2L6GsYyKuvu9MvIBK1EQ==/oat/x86_64/split_DynamiteLoader_installtime.odex) is kOatUpToDate with filter 'speed' executable 'false'
02-19 18:41:16.782   752   807 I libprocessgroup: Removed cgroup /sys/fs/cgroup/apps/uid_99046/pid_16315
02-19 18:41:16.785 16306 16343 I artd    : GetBestInfo: odex next to the dex file (/data/app/~~O-UZzK0jUU9NLgS3MODOZA==/com.google.android.gms-YQ2L6GsYyKuvu9MvIBK1EQ==/oat/x86_64/split_DynamiteModulesA_installtime.odex) is kOatUpToDate with filter 'speed' executable 'false'
02-19 18:41:16.788  1263  1263 I Zygote  : Process 16315 exited due to signal 9 (Killed)
02-19 18:41:16.789 16306 16343 I artd    : GetBestInfo: odex next to the dex file (/data/app/~~O-UZzK0jUU9NLgS3MODOZA==/com.google.android.gms-YQ2L6GsYyKuvu9MvIBK1EQ==/oat/x86_64/split_DynamiteModulesC_installtime.odex) is kOatUpToDate with filter 'speed' executable 'false'
02-19 18:41:16.792 16306 16343 I artd    : GetBestInfo: odex next to the dex file (/data/app/~~O-UZzK0jUU9NLgS3MODOZA==/com.google.android.gms-YQ2L6GsYyKuvu9MvIBK1EQ==/oat/x86_64/split_GoogleCertificates_installtime.odex) is kOatUpToDate with filter 'speed' executable 'false'
02-19 18:41:16.797 16306 16343 I artd    : GetBestInfo: odex next to the dex file (/data/app/~~O-UZzK0jUU9NLgS3MODOZA==/com.google.android.gms-YQ2L6GsYyKuvu9MvIBK1EQ==/oat/x86_64/split_MapsDynamite_installtime.odex) is kOatUpToDate with filter 'speed' executable 'false'
02-19 18:41:16.797  4656 15178 E adservices: Encryption key fetch job is disabled, skip scheduling.
02-19 18:41:16.799  4656 16362 W adservices: Skip logging because Cobalt is disabled.
02-19 18:41:16.800 16306 16343 I artd    : GetBestInfo: odex next to the dex file (/data/app/~~O-UZzK0jUU9NLgS3MODOZA==/com.google.android.gms-YQ2L6GsYyKuvu9MvIBK1EQ==/oat/x86_64/split_MeasurementDynamite_installtime.odex) is kOatUpToDate with filter 'speed' executable 'false'
02-19 18:41:16.802 16306 16343 I artd    : GetBestInfo: /data/app/~~O-UZzK0jUU9NLgS3MODOZA==/com.google.android.gms-YQ2L6GsYyKuvu9MvIBK1EQ==/split_maps_core_dynamite_ondemand.apk has no usable artifacts
02-19 18:41:16.803  4656 16361 W adservices: Skip logging because Cobalt logger is null
02-19 18:41:16.804 16350 16350 D CompatChangeReporter: Compat change id reported: 242716250; UID 99047; state: ENABLED
02-19 18:41:16.805 16306 16343 I artd    : GetBestInfo: /data/user_de/0/com.google.android.gms/app_chimera/m/0000000c/dl-Appsearch.optional_250834100800.apk has no usable artifacts
02-19 18:41:16.806 16306 16343 I artd    : GetBestInfo: /data/user_de/0/com.google.android.gms/app_chimera/m/00000001/CronetDynamite.apk has no usable artifacts
02-19 18:41:16.806 16306 16343 I artd    : GetBestInfo: /data/user_de/0/com.google.android.gms/app_chimera/m/00000002/DynamiteLoader.apk has no usable artifacts
02-19 18:41:16.807 16306 16343 I artd    : GetBestInfo: /data/user_de/0/com.google.android.gms/app_chimera/m/00000005/GoogleCertificates.apk has no usable artifacts
02-19 18:41:16.811 16306 16343 I artd    : GetBestInfo: /data/user_de/0/com.google.android.gms/app_chimera/m/00000009/dl-TfliteDynamiteDynamite.integ_252130102100800.apk has no usable artifacts
02-19 18:41:16.812 16287 16366 D nativeloader: Load /data/app/~~NUQj-rdXzuicW-16SIRtKA==/viva.republica.toss.test-Si406wFvb_sqEA2GTBV6RQ==/lib/x86_64/libbugsnag-root-detection.so using class loader ns clns-9 (caller=/data/app/~~NUQj-rdXzuicW-16SIRtKA==/viva.republica.toss.test-Si406wFvb_sqEA2GTBV6RQ==/base.apk): ok
02-19 18:41:16.815 16306 16343 I artd    : GetBestInfo: vdex next to the dex file (/data/user/0/com.google.android.gms/app_dg_cache/BF7C023AB90CCF01D1F467FC1CEBAF866511FF29/oat/x86_64/the.vdex) is kOatUpToDate with filter 'verify' executable 'false'
02-19 18:41:16.815  4449  4467 V WindowManagerShell: Transition animation finished (aborted=false), notifying core (#674) android.os.BinderProxy@dbc4293@0
02-19 18:41:16.818 16306 16343 I artd    : GetBestInfo: /data/user_de/0/com.google.android.gms/app_chimera/m/00000010/dl-PlayCloudSearch.optional_250834100000.apk has no usable artifacts
02-19 18:41:16.820   752   794 V WindowManager: Finish Transition (#674): created at 02-19 18:41:01.416 collect-started=0.065ms request-sent=12.664ms started=15.372ms ready=-1.05535262616E8ms sent=15059.053ms commit=53.736ms finished=15403.106ms
02-19 18:41:16.822 16306 16343 I artd    : GetBestInfo: /data/user_de/0/com.google.android.gms/app_chimera/m/00000017/dl-PlayCloudSearch.optional_260438100000.apk has no usable artifacts
02-19 18:41:16.825 16306 16343 I artd    : GetBestInfo: /data/user_de/0/com.google.android.gms/app_chimera/m/00000015/dl-MlkitOcrCommon.optional_260438100800.apk has no usable artifacts
02-19 18:41:16.827  4449  4467 V WindowManagerShell: Track 0 became idle
02-19 18:41:16.827  4449  4467 V WindowManagerShell: All active transition animations finished
02-19 18:41:16.829 16350 16350 D ApplicationLoaders: Returning zygote-cached class loader: /system_ext/framework/androidx.window.extensions.jar
02-19 18:41:16.829 16306 16343 I artd    : GetBestInfo: /data/user_de/0/com.google.android.gms/app_chimera/m/00000013/dl-MlkitBarcodeUi.optional_260438100800.apk has no usable artifacts
02-19 18:41:16.831 16350 16350 I ocessService1:0: AssetManager2(0x7d8fac42ba18) locale list changing from [] to [en-US]
02-19 18:41:16.832 16306 16343 I artd    : GetBestInfo: /data/user_de/0/com.google.android.gms/app_chimera/m/0000000f/dl-MlkitOcrCommon.optional_250834100800.apk has no usable artifacts
02-19 18:41:16.834 16306 16343 I artd    : GetBestInfo: /data/user_de/0/com.google.android.gms/app_chimera/m/0000000d/dl-VisionOcr.optional_250834100000.apk has no usable artifacts
02-19 18:41:16.834 16350 16350 I LoadedApk: No resource references to update in package com.google.android.trichromelibrary
02-19 18:41:16.836 16350 16350 I cr_WebViewApkApp: version=133.0.6943.137 (694313738) minSdkVersion=29 isBundle=false processName=com.google.android.webview:sandboxed_process1:org.chromium.content.app.SandboxedProcessService1:0
02-19 18:41:16.837 16306 16343 I artd    : GetBestInfo: /data/user_de/0/com.google.android.gms/app_chimera/m/0000000a/dl-MlkitBarcodeUi.optional_250834100800.apk has no usable artifacts
02-19 18:41:16.839 16306 16343 I artd    : GetBestInfo: /data/user_de/0/com.google.android.gms/app_chimera/m/00000011/dl-VisionOcr.optional_260438100000.apk has no usable artifacts
02-19 18:41:16.839   752  1095 D BackgroundInstallControlService: Package event received: 0
02-19 18:41:16.841 16306 16306 I artd    : GetBestInfo: /data/user_de/0/com.google.android.gms/app_chimera/m/00000012/dl-Appsearch.optional_260438100800.apk has no usable artifacts
02-19 18:41:16.842 16350 16350 I cr_ChildProcessService: Creating new ChildProcessService pid=16350
02-19 18:41:16.844 16306 16343 I artd    : GetBestInfo: vdex next to the dex file (/data/user/0/com.google.android.gms/app_dg_cache/94DF452EEF4B8E717545DCDEA6CC3C50A319A195/oat/x86_64/the.vdex) is kOatUpToDate with filter 'verify' executable 'false'
02-19 18:41:16.846 16306 16343 I artd    : GetBestInfo: /data/user_de/0/com.google.android.gms/app_chimera/m/00000007/MeasurementDynamite.apk has no usable artifacts
02-19 18:41:16.850 16306 16343 I artd    : GetBestInfo: /data/user_de/0/com.google.android.gms/app_chimera/m/00000018/dl-AdsFdrDynamite.integ_254380203100000.apk has no usable artifacts
02-19 18:41:16.855   752  2500 W FastPrintWriter: Write failure
02-19 18:41:16.855   752  2500 W FastPrintWriter: java.io.IOException: write failed: EPIPE (Broken pipe)
02-19 18:41:16.855   752  2500 W FastPrintWriter: 	at libcore.io.IoBridge.write(IoBridge.java:651)
02-19 18:41:16.855   752  2500 W FastPrintWriter: 	at java.io.FileOutputStream.write(FileOutputStream.java:436)
02-19 18:41:16.855   752  2500 W FastPrintWriter: 	at com.android.internal.util.FastPrintWriter.flushBytesLocked(FastPrintWriter.java:355)
02-19 18:41:16.855   752  2500 W FastPrintWriter: 	at com.android.internal.util.FastPrintWriter.flushLocked(FastPrintWriter.java:378)
02-19 18:41:16.855   752  2500 W FastPrintWriter: 	at com.android.internal.util.FastPrintWriter.appendLocked(FastPrintWriter.java:343)
02-19 18:41:16.855   752  2500 W FastPrintWriter: 	at com.android.internal.util.FastPrintWriter.write(FastPrintWriter.java:601)
02-19 18:41:16.855   752  2500 W FastPrintWriter: 	at java.io.PrintWriter.write(PrintWriter.java:507)
02-19 18:41:16.855   752  2500 W FastPrintWriter: 	at android.util.IndentingPrintWriter.write(IndentingPrintWriter.java:239)
02-19 18:41:16.855   752  2500 W FastPrintWriter: 	at java.io.PrintWriter.write(PrintWriter.java:507)
02-19 18:41:16.855   752  2500 W FastPrintWriter: 	at com.android.server.art.IndentingPrintWriter.write(IndentingPrintWriter.java:114)
02-19 18:41:16.855   752  2500 W FastPrintWriter: 	at com.android.server.art.IndentingPrintWriter.write(IndentingPrintWriter.java:89)
02-19 18:41:16.855   752  2500 W FastPrintWriter: 	at java.io.PrintWriter.write(PrintWriter.java:559)
02-19 18:41:16.855   752  2500 W FastPrintWriter: 	at java.io.PrintWriter.append(PrintWriter.java:1089)
02-19 18:41:16.855   752  2500 W FastPrintWriter: 	at java.io.PrintWriter.append(PrintWriter.java:61)
02-19 18:41:16.855   752  2500 W FastPrintWriter: 	at java.util.Formatter$FormatSpecifier.appendJustified(Formatter.java:3253)
02-19 18:41:16.855   752  2500 W FastPrintWriter: 	at java.util.Formatter$FormatSpecifier.print(Formatter.java:3243)
02-19 18:41:16.855   752  2500 W FastPrintWriter: 	at java.util.Formatter$FormatSpecifier.printString(Formatter.java:3216)
02-19 18:41:16.855   752  2500 W FastPrintWriter: 	at java.util.Formatter$FormatSpecifier.print(Formatter.java:3093)
02-19 18:41:16.855   752  2500 W FastPrintWriter: 	at java.util.Formatter.format(Formatter.java:2704)
02-19 18:41:16.855   752  2500 W FastPrintWriter: 	at java.io.PrintWriter.format(PrintWriter.java:992)
02-19 18:41:16.855   752  2500 W FastPrintWriter: 	at java.io.PrintWriter.printf(PrintWriter.java:889)
02-19 18:41:16.855   752  2500 W FastPrintWriter: 	at com.android.server.art.DumpHelper.dumpPrimaryDex(DumpHelper.java:146)
02-19 18:41:16.855   752  2500 W FastPrintWriter: 	at com.android.server.art.DumpHelper.dumpPackage(DumpHelper.java:127)
02-19 18:41:16.855   752  2500 W FastPrintWriter: 	at com.android.server.art.ArtManagerLocal.dumpPackage(ArtManagerLocal.java:1030)
02-19 18:41:16.855   752  2500 W FastPrintWriter: 	at com.android.server.pm.DexOptHelper.dumpDexoptState(DexOptHelper.java:522)
02-19 18:41:16.855   752  2500 W FastPrintWriter: 	at com.android.server.pm.ComputerEngine.dump(ComputerEngine.java:3132)
02-19 18:41:16.855   752  2500 W FastPrintWriter: 	at com.android.server.pm.DumpHelper.doDump(DumpHelper.java:529)
02-19 18:41:16.855   752  2500 W FastPrintWriter: 	at com.android.server.pm.PackageManagerService$IPackageManagerImpl.dump(PackageManagerService.java:6720)
02-19 18:41:16.855   752  2500 W FastPrintWriter: 	at android.os.Binder.doDump(Binder.java:1072)
02-19 18:41:16.855   752  2500 W FastPrintWriter: 	at android.os.Binder.dump(Binder.java:1062)
02-19 18:41:16.855   752  2500 W FastPrintWriter: 	at android.os.Binder.onTransact(Binder.java:932)
02-19 18:41:16.855   752  2500 W FastPrintWriter: 	at android.content.pm.IPackageManager$Stub.onTransact(IPackageManager.java:4729)
02-19 18:41:16.855   752  2500 W FastPrintWriter: 	at com.android.server.pm.PackageManagerService$IPackageManagerImpl.onTransact(PackageManagerService.java:6668)
02-19 18:41:16.855   752  2500 W FastPrintWriter: 	at android.os.Binder.execTransactInternal(Binder.java:1426)
02-19 18:41:16.855   752  2500 W FastPrintWriter: 	at android.os.Binder.execTransact(Binder.java:1365)
02-19 18:41:16.855   752  2500 W FastPrintWriter: Caused by: android.system.ErrnoException: write failed: EPIPE (Broken pipe)
02-19 18:41:16.855   752  2500 W FastPrintWriter: 	at libcore.io.Linux.writeBytes(Native Method)
02-19 18:41:16.855   752  2500 W FastPrintWriter: 	at libcore.io.Linux.write(Linux.java:336)
02-19 18:41:16.855   752  2500 W FastPrintWriter: 	at libcore.io.ForwardingOs.write(ForwardingOs.java:948)
02-19 18:41:16.855   752  2500 W FastPrintWriter: 	at libcore.io.BlockGuardOs.write(BlockGuardOs.java:448)
02-19 18:41:16.855   752  2500 W FastPrintWriter: 	at libcore.io.IoBridge.write(IoBridge.java:646)
02-19 18:41:16.855   752  2500 W FastPrintWriter: 	... 34 more
02-19 18:41:16.878  3453  3508 I gle.android.gms: Explicit concurrent mark compact GC freed 1428KB AllocSpace bytes, 0(0B) LOS objects, 24% free, 9116KB/11MB, paused 830us,4.082ms total 333.478ms
02-19 18:41:16.891   752  2500 D FileUtils: Rounded bytes from 2067259392 to 4000000000
02-19 18:41:16.934 16287 16364 D nativeloader: Load /data/app/~~NUQj-rdXzuicW-16SIRtKA==/viva.republica.toss.test-Si406wFvb_sqEA2GTBV6RQ==/lib/x86_64/libbugsnag-ndk.so using class loader ns clns-9 (caller=<unknown>): ok
02-19 18:41:16.952   752  2500 D FileUtils: Rounded bytes from 2067259392 to 4000000000
02-19 18:41:16.952 16287 16287 W BugsnagNDK: Initialization complete!
02-19 18:41:16.957 16287 16364 D nativeloader: Load /data/app/~~NUQj-rdXzuicW-16SIRtKA==/viva.republica.toss.test-Si406wFvb_sqEA2GTBV6RQ==/lib/x86_64/libbugsnag-plugin-android-anr.so using class loader ns clns-9 (caller=<unknown>): ok
02-19 18:41:17.008   752  2500 D ConnectivityService: requestNetwork for uid/pid:10217/16287 activeRequest: null callbackRequest: 648 [NetworkRequest [ REQUEST id=649, [ Capabilities: INTERNET&NOT_RESTRICTED&TRUSTED&NOT_VCN_MANAGED&NOT_BANDWIDTH_CONSTRAINED Uid: 10217 RequestorUid: 10217 RequestorPkg: viva.republica.toss.test UnderlyingNetworks: Null] ]] callback flags: 0 order: 2147483647 isUidTracked: false declaredMethods: AVAIL|UNAVAIL
02-19 18:41:17.008 16287 16287 W System.err: SLF4J: No SLF4J providers were found.
02-19 18:41:17.008 16287 16287 W System.err: SLF4J: Defaulting to no-operation (NOP) logger implementation
02-19 18:41:17.008 16287 16287 W System.err: SLF4J: See https://www.slf4j.org/codes.html#noProviders for further details.
02-19 18:41:17.011   752  1023 D OemPaidWifiNetworkFactory: got request NetworkRequest [ REQUEST id=649, [ Capabilities: INTERNET&NOT_RESTRICTED&TRUSTED&NOT_VCN_MANAGED&NOT_BANDWIDTH_CONSTRAINED Uid: 10217 RequestorUid: 10217 RequestorPkg: viva.republica.toss.test UnderlyingNetworks: Null] ]
02-19 18:41:17.011   752  1023 D MultiInternetWifiNetworkFactory: got request NetworkRequest [ REQUEST id=649, [ Capabilities: INTERNET&NOT_RESTRICTED&TRUSTED&NOT_VCN_MANAGED&NOT_BANDWIDTH_CONSTRAINED Uid: 10217 RequestorUid: 10217 RequestorPkg: viva.republica.toss.test UnderlyingNetworks: Null] ]
02-19 18:41:17.011   752  1029 D ConnectivityService: NetReassign [649 : null → 108] [c 0] [a 2] [i 1]
02-19 18:41:17.012   752  1023 D WifiNetworkFactory: got request NetworkRequest [ REQUEST id=649, [ Capabilities: INTERNET&NOT_RESTRICTED&TRUSTED&NOT_VCN_MANAGED&NOT_BANDWIDTH_CONSTRAINED Uid: 10217 RequestorUid: 10217 RequestorPkg: viva.republica.toss.test UnderlyingNetworks: Null] ]
02-19 18:41:17.012   752  1023 D UntrustedWifiNetworkFactory: got request NetworkRequest [ REQUEST id=649, [ Capabilities: INTERNET&NOT_RESTRICTED&TRUSTED&NOT_VCN_MANAGED&NOT_BANDWIDTH_CONSTRAINED Uid: 10217 RequestorUid: 10217 RequestorPkg: viva.republica.toss.test UnderlyingNetworks: Null] ]
02-19 18:41:17.019   752  1852 W OptProp : Cannot read opt property android.window.PROPERTY_COMPAT_ENABLE_FAKE_FOCUS
02-19 18:41:17.019   752  1852 D CompatChangeReporter: Compat change id reported: 324203798; UID 10217; state: ENABLED
02-19 18:41:17.024   752  1095 D BackgroundInstallControlService: Package event received: 0
02-19 18:41:17.024   752  1095 D BackgroundInstallControlService: Package event received: 0
02-19 18:41:17.030 16287 16287 I Choreographer: Skipped 34 frames!  The application may be doing too much work on its main thread.
02-19 18:41:17.036 16287 16383 I CameraManagerGlobal: Connecting to camera service
02-19 18:41:17.045   615   715 I AttributionAndPermissionUtils: checkPermission (forDataDelivery 0 startDataDelivery 0): Permission hard denied for client attribution [uid 10217, pid 16287, packageName "<unknown>"]
02-19 18:41:17.046 16287 16287 I blica.toss.test: AssetManager2(0x7d8fac42d318) locale list changing from [] to [en-US]
02-19 18:41:17.063 16287 16287 I blica.toss.test: AssetManager2(0x7d8fac42f578) locale list changing from [] to [en-US]
02-19 18:41:17.207 16287 16294 I blica.toss.test: Background concurrent mark compact GC freed 5280KB AllocSpace bytes, 35(1000KB) LOS objects, 49% free, 7358KB/14MB, paused 4.269ms,66.734ms total 190.087ms
02-19 18:41:17.240 16287 16385 I EGL_emulation: Opening libGLESv1_CM_emulation.so
02-19 18:41:17.242 16287 16287 I blica.toss.test: AssetManager2(0x7d8fac42dc78) locale list changing from [] to [en-US]
02-19 18:41:17.243 16287 16385 I EGL_emulation: Opening libGLESv2_emulation.so
02-19 18:41:17.708 16287 16287 D CompatChangeReporter: Compat change id reported: 309578419; UID 10217; state: ENABLED
02-19 18:41:17.734 16287 16385 W HWUI    : Failed to choose config with EGL_SWAP_BEHAVIOR_PRESERVED, retrying without...
02-19 18:41:17.735 16287 16385 W HWUI    : Failed to initialize 101010-2 format, error = EGL_SUCCESS
02-19 18:41:17.785 16287 16287 D CompatChangeReporter: Compat change id reported: 352594277; UID 10217; state: ENABLED
02-19 18:41:17.793 16287 16287 D CompatChangeReporter: Compat change id reported: 349153669; UID 10217; state: ENABLED
02-19 18:41:17.796 16287 16287 W HWUI    : Unknown dataspace 0
02-19 18:41:17.822   752  2500 D CoreBackPreview: Window{6196e53 u0 viva.republica.toss.test/viva.republica.toss.test.MiniAppSchemeActivity}: Setting back callback OnBackInvokedCallbackInfo{mCallback=android.window.IOnBackInvokedCallback$Stub$Proxy@72e4489, mPriority=0, mIsAnimationCallback=false, mOverrideBehavior=0}
02-19 18:41:17.875   752   797 W IPCThreadState: Sending oneway calls to frozen process.
02-19 18:41:17.875   752   797 W IPCThreadState: Sending oneway calls to frozen process.
02-19 18:41:17.877   752   797 W IPCThreadState: Sending oneway calls to frozen process.
02-19 18:41:17.879   752   797 W IPCThreadState: Sending oneway calls to frozen process.
02-19 18:41:17.880   752   797 W IPCThreadState: Sending oneway calls to frozen process.
02-19 18:41:17.880   752   797 W IPCThreadState: Sending oneway calls to frozen process.
02-19 18:41:17.880   752   797 W IPCThreadState: Sending oneway calls to frozen process.
02-19 18:41:17.880   752   797 W IPCThreadState: Sending oneway calls to frozen process.
02-19 18:41:17.880   752   797 W IPCThreadState: Sending oneway calls to frozen process.
02-19 18:41:17.880   752   797 W IPCThreadState: Sending oneway calls to frozen process.
02-19 18:41:17.887   752   794 I ActivityTaskManager: Displayed viva.republica.toss.test/.MiniAppSchemeActivity for user 0: +16s440ms
02-19 18:41:17.901   752   989 I ImeTracker: viva.republica.toss.test:e2ee5e27: onRequestHide at ORIGIN_SERVER reason HIDE_UNSPECIFIED_WINDOW fromUser false
02-19 18:41:17.902 16287 16287 D InsetsController: hide(ime(), fromIme=false)
02-19 18:41:17.902 16287 16287 I ImeTracker: viva.republica.toss.test:e2ee5e27: onCancelled at PHASE_CLIENT_ALREADY_HIDDEN
02-19 18:41:17.904  1563  1563 I GoogleInputMethodService: GoogleInputMethodService.onFinishInput():2043 
02-19 18:41:17.905   752  1852 I ImeTracker: system_server:bb8eb6c5: onRequestHide at ORIGIN_SERVER reason IME_REQUESTED_CHANGED_LISTENER fromUser false
02-19 18:41:17.905  1563  1563 I Module  : DeviceLockedStatusModuleProvider$Module.updateDeviceLockedStatus():100 repeatCheckTimes = 0, locked = false
02-19 18:41:17.905  1563  1563 I GoogleInputMethodService: GoogleInputMethodService.onStartInput():1293 onStartInput(EditorInfo{EditorInfo{packageName=viva.republica.toss.test, inputType=0, inputTypeString=NULL, enableLearning=false, autoCorrection=false, autoComplete=false, imeOptions=0, privateImeOptions=null, actionName=UNSPECIFIED, actionLabel=null, initialSelStart=-1, initialSelEnd=-1, initialCapsMode=0, label=null, fieldId=0, fieldName=null, extras=null, hintText=null, hintLocales=[]}}, false)
02-19 18:41:17.906   752   797 I ImeTracker: system_server:bb8eb6c5: onCancelled at PHASE_SERVER_SHOULD_HIDE
02-19 18:41:17.906  1563  1563 I Module  : DeviceLockedStatusModuleProvider$Module.updateDeviceLockedStatus():100 repeatCheckTimes = 1, locked = false
02-19 18:41:17.907  1563  1563 I EmojiCompatManager: EmojiCompatManager.getEmojiCompatIfLoaded():343 EmojiCompat.init() was never called.
02-19 18:41:17.907  1563  1563 I EmojiCompatManager: java.lang.IllegalStateException: EmojiCompat is not initialized. Please call EmojiCompat.init() first
02-19 18:41:17.907  1563  1563 I EmojiCompatManager: 	at asx.p(PG:6)
02-19 18:41:17.907  1563  1563 I EmojiCompatManager: 	at axb.b(PG:13)
02-19 18:41:17.907  1563  1563 I EmojiCompatManager: 	at jnr.b(PG:2)
02-19 18:41:17.907  1563  1563 I EmojiCompatManager: 	at jnr.c(PG:4)
02-19 18:41:17.907  1563  1563 I EmojiCompatManager: 	at jnr.f(PG:3)
02-19 18:41:17.907  1563  1563 I EmojiCompatManager: 	at jnx.c(PG:3)
02-19 18:41:17.907  1563  1563 I EmojiCompatManager: 	at kif.cz(PG:47)
02-19 18:41:17.907  1563  1563 I EmojiCompatManager: 	at lhl.run(PG:1025)
02-19 18:41:17.907  1563  1563 I EmojiCompatManager: 	at jaf.execute(PG:12)
02-19 18:41:17.907  1563  1563 I EmojiCompatManager: 	at nco.v(PG:13)
02-19 18:41:17.907  1563  1563 I EmojiCompatManager: 	at lhn.m(PG:96)
02-19 18:41:17.907  1563  1563 I EmojiCompatManager: 	at lhn.k(PG:25)
02-19 18:41:17.907  1563  1563 I EmojiCompatManager: 	at kgn.onStartInput(PG:250)
02-19 18:41:17.907  1563  1563 I EmojiCompatManager: 	at android.inputmethodservice.InputMethodService.doStartInput(InputMethodService.java:3521)
02-19 18:41:17.907  1563  1563 I EmojiCompatManager: 	at android.inputmethodservice.InputMethodService$InputMethodImpl.startInput(InputMethodService.java:879)
02-19 18:41:17.907  1563  1563 I EmojiCompatManager: 	at android.inputmethodservice.InputMethodService$InputMethodImpl.dispatchStartInput(InputMethodService.java:908)
02-19 18:41:17.907  1563  1563 I EmojiCompatManager: 	at android.inputmethodservice.IInputMethodWrapper.executeMessage(IInputMethodWrapper.java:201)
02-19 18:41:17.907  1563  1563 I EmojiCompatManager: 	at com.android.internal.os.HandlerCaller$MyHandler.handleMessage(HandlerCaller.java:44)
02-19 18:41:17.907  1563  1563 I EmojiCompatManager: 	at android.os.Handler.dispatchMessage(Handler.java:110)
02-19 18:41:17.907  1563  1563 I EmojiCompatManager: 	at android.os.Looper.loopOnce(Looper.java:248)
02-19 18:41:17.907  1563  1563 I EmojiCompatManager: 	at android.os.Looper.loop(Looper.java:338)
02-19 18:41:17.907  1563  1563 I EmojiCompatManager: 	at android.app.ActivityThread.main(ActivityThread.java:9067)
02-19 18:41:17.907  1563  1563 I EmojiCompatManager: 	at java.lang.reflect.Method.invoke(Native Method)
02-19 18:41:17.907  1563  1563 I EmojiCompatManager: 	at com.android.internal.os.RuntimeInit$MethodAndArgsCaller.run(RuntimeInit.java:593)
02-19 18:41:17.907  1563  1563 I EmojiCompatManager: 	at com.android.internal.os.ZygoteInit.main(ZygoteInit.java:932)
02-19 18:41:17.907   752  1852 W PackageConfigPersister: App-specific configuration not found for packageName: viva.republica.toss.test and userId: 0
02-19 18:41:18.057   752  1852 V GrammaticalInflectionUtils: AttributionSource: android.content.AttributionSource@56784557 does not have READ_SYSTEM_GRAMMATICAL_GENDER permission.
02-19 18:41:18.058   752  1852 W OptProp : Cannot read opt property android.window.PROPERTY_COMPAT_ALLOW_USER_ASPECT_RATIO_OVERRIDE
02-19 18:41:18.058   752  1852 W OptProp : Cannot read opt property android.window.PROPERTY_COMPAT_ALLOW_USER_ASPECT_RATIO_FULLSCREEN_OVERRIDE
02-19 18:41:18.058   752  1852 W OptProp : Cannot read opt property android.window.PROPERTY_COMPAT_ALLOW_RESIZEABLE_ACTIVITY_OVERRIDES
02-19 18:41:18.059   752  1852 W OptProp : Cannot read opt property android.window.PROPERTY_COMPAT_ALLOW_MIN_ASPECT_RATIO_OVERRIDE
02-19 18:41:18.061   752  1852 W OptProp : Cannot read opt property android.window.PROPERTY_COMPAT_ALLOW_ORIENTATION_OVERRIDE
02-19 18:41:18.067   531   602 I BpBinder: onLastStrongRef automatically unlinking death recipients: 
02-19 18:41:18.069   752  1852 I ActivityTaskManager: START u0 {act=android.intent.action.VIEW dat=intoss://takealook/... xflg=0x4 cmp=viva.republica.toss.test/im.toss.rn.granite.core.GraniteActivity (has extras)} with LAUNCH_MULTIPLE from uid 10217 (sr=256255765) (BAL_ALLOW_VISIBLE_WINDOW) result code=0
02-19 18:41:18.070  4449  4467 V WindowManagerShell: Transition requested (#675): android.os.BinderProxy@647710b TransitionRequestInfo { type = OPEN, triggerTask = TaskInfo{userId=0 taskId=77 effectiveUid=10217 displayId=0 isRunning=true baseIntent=Intent { act=android.intent.action.VIEW dat=intoss://takealook/... flg=0x10000000 pkg=viva.republica.toss.test cmp=viva.republica.toss.test/.MiniAppSchemeActivity } baseActivity=ComponentInfo{viva.republica.toss.test/viva.republica.toss.test.MiniAppSchemeActivity} topActivity=ComponentInfo{viva.republica.toss.test/im.toss.rn.granite.core.GraniteActivity} origActivity=null realActivity=ComponentInfo{viva.republica.toss.test/viva.republica.toss.test.MiniAppSchemeActivity} numActivities=2 lastActiveTime=105551911 supportsMultiWindow=true resizeMode=1 isResizeable=true minWidth=-1 minHeight=-1 defaultMinSize=220 token=WCT{android.window.IWindowContainerToken$Stub$Proxy@a5eabe8} topActivityType=1 pictureInPictureParams=null shouldDockBigOverlays=false launchIntoPipHostTaskId=-1 lastParentTaskIdBeforePip=-1 displayCutoutSafeInsets=Rect(0, 0 - 0, 0) topActivityInfo=ActivityInfo{201201 im.toss.rn.granite.core.GraniteActivity} launchCookies=[] positionInParent=Point(0, 0) parentTaskId=-1 isFocused=true isVisible=true isVisibleRequested=true isTopActivityNoDisplay=false isSleeping=false locusId=null displayAreaFeatureId=1 isTopActivityTransparent=false isActivityStackTransparent=false lastNonFullscreenBounds=Rect(284, 660 - 796, 1740) capturedLink=null capturedLinkTimestamp=0 requestedVisibleTypes=-9 topActivityRequestOpenInBrowserEducationTimestamp=0 appCompatTaskInfo=AppCompatTaskInfo { topActivityInSizeCompat=false eligibleForLetterboxEducation= false isLetterboxEducationEnabled= true isLetterboxDoubleTapEnabled= false eligibleForUserAspectRatioButton= false topActivityBoundsLetterboxed= false isFromLetterboxDoubleTap= false topActivityLetterboxVerticalPosition= -1 topActivityLetterboxHorizontalPosition= -1 topActivityLetterboxWidth=-1 topActivityLetterboxHeight=-1 topActivityAppBounds=Rect(0, 0 - 1080, 2400) isUserFullscreenOverrideEnabled=false isSystemFullscreenOverrideEnabled=false hasMinAspectRatioOverride=false topActivityLetterboxBounds=null cameraCompatTaskInfo=CameraCompatTaskInfo { freeformCameraCompatMode=inactive}} topActivityMainWindowFrame=null}, pipChange = null, remoteTransition = null, displayChange = null, flags = 0, debugId = 675 }
02-19 18:41:18.071  4449  4467 D ShellSplitScreen: logExit: no-op, mLoggerSessionId is null
02-19 18:41:18.078   752  1095 D BackgroundInstallControlService: Package event received: 0
02-19 18:41:18.079   752  2503 W OptProp : Cannot read opt property android.window.PROPERTY_COMPAT_ENABLE_FAKE_FOCUS
02-19 18:41:18.090   752  1095 D BackgroundInstallControlService: Package event received: 0
02-19 18:41:18.090   752  1095 D BackgroundInstallControlService: Package event received: 0
02-19 18:41:18.091 16287 16287 I blica.toss.test: AssetManager2(0x7d8fac432778) locale list changing from [] to [en-US]
02-19 18:41:18.177   531   531 I BpBinder: onLastStrongRef automatically unlinking death recipients: 
02-19 18:41:18.368   752  2505 D CoreBackPreview: Window{55a0f9f u0 viva.republica.toss.test/im.toss.rn.granite.core.GraniteActivity}: Setting back callback OnBackInvokedCallbackInfo{mCallback=android.window.IOnBackInvokedCallback$Stub$Proxy@3ccf74a, mPriority=0, mIsAnimationCallback=false, mOverrideBehavior=0}
02-19 18:41:18.370 16287 16287 W unknown:ReactRootView: Unable to update root layout specs for uninitialized ReactInstanceManager
02-19 18:41:18.410 16287 16287 V SoLoader: Init System Loader delegate
02-19 18:41:18.415  4449 22842 V WindowManagerShell: onTransitionReady(transaction=3229815426694)
02-19 18:41:18.416  4449  4467 V WindowManagerShell: onTransitionReady (#675) android.os.BinderProxy@647710b: {id=675 t=OPEN f=0x0 trk=0 r=[0@Point(0, 0)] c=[
02-19 18:41:18.416  4449  4467 V WindowManagerShell:         {m=OPEN f=FILLS_TASK leash=Surface(name=ActivityRecord{151845825 u0 viva.republica.toss.test/im.toss.rn.granite.core.GraniteActivity)/@0xea28a6 sb=Rect(0, 0 - 0, 0) eb=Rect(0, 0 - 1080, 2400) epz=Point(1080, 2400) d=-1->0 r=-1->0:-1 bc=ffffffff component=viva.republica.toss.test/im.toss.rn.granite.core.GraniteActivity},
02-19 18:41:18.416  4449  4467 V WindowManagerShell:         {m=CLOSE f=TRANSLUCENT|FILLS_TASK leash=Surface(name=ActivityRecord{256255765 u0 viva.republica.toss.test/.MiniAppSchemeActivity)/@0x27a12e7 sb=Rect(0, 0 - 1080, 2400) eb=Rect(0, 0 - 1080, 2400) epz=Point(1080, 2400) d=0 bc=ffffffff component=viva.republica.toss.test/.MiniAppSchemeActivity},
02-19 18:41:18.416  4449  4467 V WindowManagerShell:         {m=TO_BACK f=SHOW_WALLPAPER leash=Surface(name=Task=1)/@0x5669e94 sb=Rect(0, 0 - 1080, 2400) eb=Rect(0, 0 - 1080, 2400) epz=Point(1080, 2400) d=0 taskParent=-1},
02-19 18:41:18.416  4449  4467 V WindowManagerShell:         {m=TO_BACK f=IS_WALLPAPER leash=Surface(name=WallpaperWindowToken{35e0c0f showWhenLocked=false})/@0xb7acd3d sb=Rect(0, 0 - 1080, 2400) eb=Rect(0, 0 - 1080, 2400) epz=Point(1080, 2400) d=0}
02-19 18:41:18.416  4449  4467 V WindowManagerShell:     ]}
02-19 18:41:18.416   752   794 I ActivityTaskManager: Displayed viva.republica.toss.test/im.toss.rn.granite.core.GraniteActivity for user 0: +357ms
02-19 18:41:18.416  4449  4467 V WindowManagerShell: Playing animation for (#675) android.os.BinderProxy@647710b@0
02-19 18:41:18.416  4449  4467 V ShellRecents: RecentsTransitionHandler.startAnimation: no controller found
02-19 18:41:18.417  4449  4467 V WindowManagerShell: Transition doesn't have explicit remote, search filters for match for {id=675 t=OPEN f=0x0 trk=0 r=[0@Point(0, 0)] c=[{m=OPEN f=FILLS_TASK leash=Surface(name=ActivityRecord{151845825 u0 viva.republica.toss.test/im.toss.rn.granite.core.GraniteActivity)/@0xea28a6 sb=Rect(0, 0 - 0, 0) eb=Rect(0, 0 - 1080, 2400) epz=Point(1080, 2400) d=-1->0 r=-1->0:-1 bc=ffffffff component=viva.republica.toss.test/im.toss.rn.granite.core.GraniteActivity},{m=CLOSE f=TRANSLUCENT|FILLS_TASK leash=Surface(name=ActivityRecord{256255765 u0 viva.republica.toss.test/.MiniAppSchemeActivity)/@0x27a12e7 sb=Rect(0, 0 - 1080, 2400) eb=Rect(0, 0 - 1080, 2400) epz=Point(1080, 2400) d=0 bc=ffffffff component=viva.republica.toss.test/.MiniAppSchemeActivity},{m=TO_BACK f=SHOW_WALLPAPER leash=Surface(name=Task=1)/@0x5669e94 sb=Rect(0, 0 - 1080, 2400) eb=Rect(0, 0 - 1080, 2400) epz=Point(1080, 2400) d=0 taskParent=-1},{m=TO_BACK f=IS_WALLPAPER leash=Surface(name=WallpaperWindowToken{35e0c0f showWhenLocked=false})/@0xb7acd3d sb=Rect(0, 0 - 1080, 2400) eb=Rect(0, 0 - 1080, 2400) epz=Point(1080, 2400) d=0}]}
02-19 18:41:18.419   752   794 V WindowManager: Sent Transition (#675) createdAt=02-19 18:41:18.060 via request=TransitionRequestInfo { type = OPEN, triggerTask = TaskInfo{userId=0 taskId=77 effectiveUid=10217 displayId=0 isRunning=true baseIntent=Intent { act=android.intent.action.VIEW dat=intoss://takealook/... flg=0x10000000 pkg=viva.republica.toss.test cmp=viva.republica.toss.test/.MiniAppSchemeActivity } baseActivity=ComponentInfo{viva.republica.toss.test/viva.republica.toss.test.MiniAppSchemeActivity} topActivity=ComponentInfo{viva.republica.toss.test/im.toss.rn.granite.core.GraniteActivity} origActivity=null realActivity=ComponentInfo{viva.republica.toss.test/viva.republica.toss.test.MiniAppSchemeActivity} numActivities=2 lastActiveTime=105551911 supportsMultiWindow=true resizeMode=1 isResizeable=true minWidth=-1 minHeight=-1 defaultMinSize=220 token=WCT{RemoteToken{ba20c2 Task{53a2a #77 type=standard A=10217:viva.republica.toss.test}}} topActivityType=1 pictureInPictureParams=null shouldDockBigOverlays=false launchIntoPipHostTaskId=-1 lastParentTaskIdBeforePip=-1 displayCutoutSafeInsets=Rect(0, 0 - 0, 0) topActivityInfo=ActivityInfo{6d525a2 im.toss.rn.granite.core.GraniteActivity} launchCookies=[] positionInParent=Point(0, 0) parentTaskId=-1 isFocused=true isVisible=true isVisibleRequested=true isTopActivityNoDisplay=false isSleeping=false locusId=null displayAreaFeatureId=1 isTopActivityTransparent=false isActivityStackTransparent=false lastNonFullscreenBounds=Rect(284, 660 - 796, 1740) capturedLink=null capturedLinkTimestamp=0 requestedVisibleTypes=-9 topActivityRequestOpenInBrowserEducationTimestamp=0 appCompatTaskInfo=AppCompatTaskInfo { topActivityInSizeCompat=false eligibleForLetterboxEducation= false isLetterboxEducationEnabled= true isLetterboxDoubleTapEnabled= false eligibleForUserAspectRatioButton= false topActivityBoundsLetterboxed= false isFromLetterboxDoubleTap= false topActivityLetterboxVerticalPosition= -1 topActivityLetterboxHorizontalPosition= -1 topActivityLetterboxWidth=-1 topActivityLetterboxHeight=-1 topActivityAppBounds=Rect(0, 0 - 1080, 2400) isUserFullscreenOverrideEnabled=false isSystemFullscreenOverrideEnabled=false hasMinAspectRatioOverride=false topActivityLetterboxBounds=null cameraCompatTaskInfo=CameraCompatTaskInfo { freeformCameraCompatMode=inactive}} topActivityMainWindowFrame=null}, pipChange = null, remoteTransition = null, displayChange = null, flags = 0, debugId = 675 }
02-19 18:41:18.419   752   794 V WindowManager:     startWCT=WindowContainerTransaction { changes= {} hops= [] errorCallbackToken=null taskFragmentOrganizer=null }
02-19 18:41:18.419   752   794 V WindowManager:     info={id=675 t=OPEN f=0x0 trk=0 r=[0@Point(0, 0)] c=[
02-19 18:41:18.419   752   794 V WindowManager:         {m=OPEN f=FILLS_TASK leash=Surface(name=ActivityRecord{151845825 u0 viva.republica.toss.test/im.toss.rn.granite.core.GraniteActivity)/@0xe1dc984 sb=Rect(0, 0 - 0, 0) eb=Rect(0, 0 - 1080, 2400) epz=Point(1080, 2400) d=-1->0 r=-1->0:-1 bc=ffffffff component=viva.republica.toss.test/im.toss.rn.granite.core.GraniteActivity},
02-19 18:41:18.419   752   794 V WindowManager:         {m=CLOSE f=TRANSLUCENT|FILLS_TASK leash=Surface(name=ActivityRecord{256255765 u0 viva.republica.toss.test/.MiniAppSchemeActivity)/@0xe985397 sb=Rect(0, 0 - 1080, 2400) eb=Rect(0, 0 - 1080, 2400) epz=Point(1080, 2400) d=0 bc=ffffffff component=viva.republica.toss.test/.MiniAppSchemeActivity},
02-19 18:41:18.419   752   794 V WindowManager:         {WCT{RemoteToken{5218fe8 Task{dd43522 #1 type=home}}} m=TO_BACK f=SHOW_WALLPAPER leash=Surface(name=Task=1)/@0x8ddbd2e sb=Rect(0, 0 - 1080, 2400) eb=Rect(0, 0 - 1080, 2400) epz=Point(1080, 2400) d=0 taskParent=-1},
02-19 18:41:18.419   752   794 V WindowManager:         {m=TO_BACK f=IS_WALLPAPER leash=Surface(name=WallpaperWindowToken{35e0c0f showWhenLocked=false})/@0x512f5be sb=Rect(0, 0 - 1080, 2400) eb=Rect(0, 0 - 1080, 2400) epz=Point(1080, 2400) d=0}
02-19 18:41:18.419   752   794 V WindowManager:     ]}
02-19 18:41:18.423  4449  4467 V WindowManagerShell:  Checking filter Pair{{types=[] flags=0x0] notFlags=0x0 checks=[{atype=undefined independent=true modes=[CLOSE,TO_BACK] flags=IN_TASK_WITH_EMBEDDED_ACTIVITY mustBeTask=false order=ANY topActivity=null launchCookie=null taskFragmentToken=android.os.BinderProxy@dcfd27d windowingMode=undefined}]} RemoteTransition { remoteTransition = android.window.IRemoteTransition$Stub$Proxy@d4ce572, appThread = android.app.IApplicationThread$Stub$Proxy@fd29dc3, debugName = overlayBackTransition }}
02-19 18:41:18.423  4449  4467 V WindowManagerShell:  Checking filter Pair{{types=[] flags=0x0] notFlags=0x0 checks=[{atype=dream independent=true modes=[OPEN,TO_FRONT] flags=NONE mustBeTask=false order=ANY topActivity=null launchCookie=null windowingMode=undefined},{atype=home independent=true modes=[CLOSE,TO_BACK] flags=NONE mustBeTask=false order=ANY topActivity=null launchCookie=null windowingMode=undefined}]} RemoteTransition { remoteTransition = android.window.IRemoteTransition$Stub$Proxy@90c640, appThread = android.app.IApplicationThread$Stub$Proxy@f8c1979, debugName = LauncherToDream }}
02-19 18:41:18.423  4449  4467 V WindowManagerShell:  Checking filter Pair{{types=[] flags=0x0] notFlags=0x100 checks=[{atype=home independent=true modes=[OPEN,TO_FRONT] flags=NONE mustBeTask=false order=TOP topActivity=ComponentInfo{com.google.android.apps.nexuslauncher/com.google.android.apps.nexuslauncher.NexusLauncherActivity} launchCookie=null windowingMode=undefined},{atype=standard independent=true modes=[CLOSE,TO_BACK] flags=NONE mustBeTask=false order=ANY topActivity=null launchCookie=null windowingMode=undefined},{NOT atype=undefined independent=true modes=[] flags=NONE mustBeTask=true order=ANY topActivity=null launchCookie=null customAnim=true windowingMode=undefined}]} RemoteTransition { remoteTransition = android.window.IRemoteTransition$Stub$Proxy@affe6be, appThread = android.app.IApplicationThread$Stub$Proxy@c37531f, debugName = QuickstepLaunchHome }}
02-19 18:41:18.424  4449  4467 V WindowManagerShell:  Checking filter Pair{{types=[] flags=0x0] notFlags=0x0 checks=[{atype=undefined independent=true modes=[CLOSE,TO_BACK] flags=IN_TASK_WITH_EMBEDDED_ACTIVITY mustBeTask=false order=ANY topActivity=null launchCookie=null taskFragmentToken=android.os.BinderProxy@dcfd27d windowingMode=undefined}]} RemoteTransition { remoteTransition = android.window.IRemoteTransition$Stub$Proxy@3517b6e, appThread = android.app.IApplicationThread$Stub$Proxy@261420f, debugName = overlayBackTransition }}
02-19 18:41:18.424  4449  4467 V WindowManagerShell:  Checking filter Pair{{types=[] flags=0x0] notFlags=0x0 checks=[{atype=dream independent=true modes=[OPEN,TO_FRONT] flags=NONE mustBeTask=false order=ANY topActivity=null launchCookie=null windowingMode=undefined},{atype=home independent=true modes=[CLOSE,TO_BACK] flags=NONE mustBeTask=false order=ANY topActivity=null launchCookie=null windowingMode=undefined}]} RemoteTransition { remoteTransition = android.window.IRemoteTransition$Stub$Proxy@c23e29c, appThread = android.app.IApplicationThread$Stub$Proxy@afb34a5, debugName = LauncherToDream }}
02-19 18:41:18.424  4449  4467 V WindowManagerShell:  Checking filter Pair{{types=[] flags=0x0] notFlags=0x100 checks=[{atype=home independent=true modes=[OPEN,TO_FRONT] flags=NONE mustBeTask=false order=TOP topActivity=ComponentInfo{com.google.android.apps.nexuslauncher/com.google.android.apps.nexuslauncher.NexusLauncherActivity} launchCookie=null windowingMode=undefined},{atype=standard independent=true modes=[CLOSE,TO_BACK] flags=NONE mustBeTask=false order=ANY topActivity=null launchCookie=null windowingMode=undefined},{NOT atype=undefined independent=true modes=[] flags=NONE mustBeTask=true order=ANY topActivity=null launchCookie=null customAnim=true windowingMode=undefined}]} RemoteTransition { remoteTransition = android.window.IRemoteTransition$Stub$Proxy@39de07a, appThread = android.app.IApplicationThread$Stub$Proxy@cf9f02b, debugName = QuickstepLaunchHome }}
02-19 18:41:18.424  4449  4467 V WindowManagerShell:  Delegate animation for (#675) to null
02-19 18:41:18.425  4449  4467 V WindowManagerShell: start default transition animation, info = {id=675 t=OPEN f=0x0 trk=0 r=[0@Point(0, 0)] c=[{m=OPEN f=FILLS_TASK leash=Surface(name=ActivityRecord{151845825 u0 viva.republica.toss.test/im.toss.rn.granite.core.GraniteActivity)/@0xea28a6 sb=Rect(0, 0 - 0, 0) eb=Rect(0, 0 - 1080, 2400) epz=Point(1080, 2400) d=-1->0 r=-1->0:-1 bc=ffffffff component=viva.republica.toss.test/im.toss.rn.granite.core.GraniteActivity},{m=CLOSE f=TRANSLUCENT|FILLS_TASK leash=Surface(name=ActivityRecord{256255765 u0 viva.republica.toss.test/.MiniAppSchemeActivity)/@0x27a12e7 sb=Rect(0, 0 - 1080, 2400) eb=Rect(0, 0 - 1080, 2400) epz=Point(1080, 2400) d=0 bc=ffffffff component=viva.republica.toss.test/.MiniAppSchemeActivity},{m=TO_BACK f=SHOW_WALLPAPER leash=Surface(name=Task=1)/@0x5669e94 sb=Rect(0, 0 - 1080, 2400) eb=Rect(0, 0 - 1080, 2400) epz=Point(1080, 2400) d=0 taskParent=-1},{m=TO_BACK f=IS_WALLPAPER leash=Surface(name=WallpaperWindowToken{35e0c0f showWhenLocked=false})/@0xb7acd3d sb=Rect(0, 0 - 1080, 2400) eb=Rect(0, 0 - 1080, 2400) epz=Point(1080, 2400) d=0}]}
02-19 18:41:18.426  4449  4467 V WindowManagerShell: loadAnimation: anim=android.view.animation.AnimationSet@34af683 animAttr=0x13 type=OPEN isEntrance=false
02-19 18:41:18.428  4449  4467 V WindowManagerShell: loadAnimation: anim=android.view.animation.AnimationSet@a591000 animAttr=0x13 type=OPEN isEntrance=false
02-19 18:41:18.431  4449  4467 V WindowManagerShell: loadAnimation: anim=android.view.animation.AnimationSet@fbc77df animAttr=0x12 type=OPEN isEntrance=true
02-19 18:41:18.434  4449  4467 V WindowManagerShell:  animated by com.android.wm.shell.transition.DefaultTransitionHandler@f74d823
02-19 18:41:18.484 20068 20077 I FontLog : (REDACTED) Received query %s, URI %s
02-19 18:41:18.484 20068 20077 I FontLog : (REDACTED) Query [%s] resolved to %s
02-19 18:41:18.490 20068 20077 I FontLog : (REDACTED) Fetch %s end status %s
02-19 18:41:18.506 20068 20076 I FontLog : (REDACTED) Pulling font file for id = %d, cache size = %d
02-19 18:41:18.511   752   989 I ImeTracker: viva.republica.toss.test:c4715ac2: onRequestHide at ORIGIN_SERVER reason HIDE_UNSPECIFIED_WINDOW fromUser false
02-19 18:41:18.513 16287 16287 D InsetsController: hide(ime(), fromIme=false)
02-19 18:41:18.514 16287 16287 I ImeTracker: viva.republica.toss.test:c4715ac2: onCancelled at PHASE_CLIENT_ALREADY_HIDDEN
02-19 18:41:18.523 20068 20076 I FontLog : (REDACTED) Pulling font file for id = %d, cache size = %d
02-19 18:41:18.531  1563  1563 I GoogleInputMethodService: GoogleInputMethodService.onFinishInput():2043 
02-19 18:41:18.537  1563  1563 I Module  : DeviceLockedStatusModuleProvider$Module.updateDeviceLockedStatus():100 repeatCheckTimes = 0, locked = false
02-19 18:41:18.541  1563  1563 I GoogleInputMethodService: GoogleInputMethodService.onStartInput():1293 onStartInput(EditorInfo{EditorInfo{packageName=viva.republica.toss.test, inputType=0, inputTypeString=NULL, enableLearning=false, autoCorrection=false, autoComplete=false, imeOptions=0, privateImeOptions=null, actionName=UNSPECIFIED, actionLabel=null, initialSelStart=-1, initialSelEnd=-1, initialCapsMode=0, label=null, fieldId=0, fieldName=null, extras=null, hintText=null, hintLocales=[]}}, false)
02-19 18:41:18.545   752  2503 I ImeTracker: system_server:743e5a5b: onRequestHide at ORIGIN_SERVER reason IME_REQUESTED_CHANGED_LISTENER fromUser false
02-19 18:41:18.548  1563  1563 I Module  : DeviceLockedStatusModuleProvider$Module.updateDeviceLockedStatus():100 repeatCheckTimes = 1, locked = false
