02-19 18:01:38.172 12352 12474 D nativeloader: Load /data/app/~~NUQj-rdXzuicW-16SIRtKA==/viva.republica.toss.test-Si406wFvb_sqEA2GTBV6RQ==/lib/x86_64/libreact_render_graphics.so using class loader ns clns-9 (caller=<unknown>): ok
02-19 18:01:38.173 12352 12474 D nativeloader: Load /data/app/~~NUQj-rdXzuicW-16SIRtKA==/viva.republica.toss.test-Si406wFvb_sqEA2GTBV6RQ==/lib/x86_64/libreact_render_debug.so using class loader ns clns-9 (caller=<unknown>): ok
02-19 18:01:38.175 12352 12474 D nativeloader: Load /data/app/~~NUQj-rdXzuicW-16SIRtKA==/viva.republica.toss.test-Si406wFvb_sqEA2GTBV6RQ==/lib/x86_64/libreact_render_core.so using class loader ns clns-9 (caller=<unknown>): ok
02-19 18:01:38.176 12352 12474 D nativeloader: Load /data/app/~~NUQj-rdXzuicW-16SIRtKA==/viva.republica.toss.test-Si406wFvb_sqEA2GTBV6RQ==/lib/x86_64/libreact_render_runtimescheduler.so using class loader ns clns-9 (caller=<unknown>): ok
02-19 18:01:38.178 12352 12474 D nativeloader: Load /data/app/~~NUQj-rdXzuicW-16SIRtKA==/viva.republica.toss.test-Si406wFvb_sqEA2GTBV6RQ==/lib/x86_64/liblogger.so using class loader ns clns-9 (caller=<unknown>): ok
02-19 18:01:38.179 12352 12474 D nativeloader: Load /data/app/~~NUQj-rdXzuicW-16SIRtKA==/viva.republica.toss.test-Si406wFvb_sqEA2GTBV6RQ==/lib/x86_64/libreactperfloggerjni.so using class loader ns clns-9 (caller=<unknown>): ok
02-19 18:01:38.183 12352 12474 D nativeloader: Load /data/app/~~NUQj-rdXzuicW-16SIRtKA==/viva.republica.toss.test-Si406wFvb_sqEA2GTBV6RQ==/lib/x86_64/libjsinspector.so using class loader ns clns-9 (caller=<unknown>): ok
02-19 18:01:38.189 12352 12474 D nativeloader: Load /data/app/~~NUQj-rdXzuicW-16SIRtKA==/viva.republica.toss.test-Si406wFvb_sqEA2GTBV6RQ==/lib/x86_64/libreactnativejni.so using class loader ns clns-9 (caller=<unknown>): ok
02-19 18:01:38.196 12352 12474 D nativeloader: Load /data/app/~~NUQj-rdXzuicW-16SIRtKA==/viva.republica.toss.test-Si406wFvb_sqEA2GTBV6RQ==/lib/x86_64/libhermes_executor.so using class loader ns clns-9 (caller=<unknown>): ok
02-19 18:01:38.238 12352 12474 D ApplicationLoaders: Returning zygote-cached class loader: /system/framework/org.apache.http.legacy.jar
02-19 18:01:38.238 12352 12474 D ApplicationLoaders: Returning zygote-cached class loader: /system/framework/com.android.location.provider.jar
02-19 18:01:38.238 12352 12474 D ApplicationLoaders: Returning zygote-cached class loader: /system/framework/com.android.media.remotedisplay.jar
02-19 18:01:38.238 12352 12474 D ApplicationLoaders: Returning zygote-cached class loader: /system_ext/framework/androidx.window.extensions.jar
02-19 18:01:38.238 12352 12474 D ApplicationLoaders: Returning zygote-cached class loader: /system_ext/framework/androidx.window.sidecar.jar
02-19 18:01:38.341 12352 12474 D nativeloader: Configuring clns-13 for other apk /data/app/~~O-UZzK0jUU9NLgS3MODOZA==/com.google.android.gms-YQ2L6GsYyKuvu9MvIBK1EQ==/base.apk. target_sdk_version=36, uses_libraries=, library_path=/data/app/~~O-UZzK0jUU9NLgS3MODOZA==/com.google.android.gms-YQ2L6GsYyKuvu9MvIBK1EQ==/lib/x86_64:/data/app/~~O-UZzK0jUU9NLgS3MODOZA==/com.google.android.gms-YQ2L6GsYyKuvu9MvIBK1EQ==/base.apk!/lib/x86_64, permitted_path=/data:/mnt/expand:/data/user/0/com.google.android.gms
02-19 18:01:38.393 12352 12474 I blica.toss.test: AssetManager2(0x7d8fac4378b8) locale list changing from [] to [en-US]
02-19 18:01:38.443 12352 12474 W System  : ClassLoader referenced unknown path: 
02-19 18:01:38.443 12352 12474 D nativeloader: Configuring clns-14 for other apk . target_sdk_version=36, uses_libraries=, library_path=/data/app/~~O-UZzK0jUU9NLgS3MODOZA==/com.google.android.gms-YQ2L6GsYyKuvu9MvIBK1EQ==/lib/x86_64:/data/app/~~O-UZzK0jUU9NLgS3MODOZA==/com.google.android.gms-YQ2L6GsYyKuvu9MvIBK1EQ==/base.apk!/lib/x86_64, permitted_path=/data:/mnt/expand:/data/user/0/com.google.android.gms
02-19 18:01:38.446 12352 12474 W DynamiteModule: Failed to load module via V2: java.lang.NoSuchFieldException: No field sClassLoader in class Lcom/google/android/gms/dynamite/DynamiteModule$DynamiteLoaderClassLoader; (declaration of 'com.google.android.gms.dynamite.DynamiteModule$DynamiteLoaderClassLoader' appears in /data/app/~~NUQj-rdXzuicW-16SIRtKA==/viva.republica.toss.test-Si406wFvb_sqEA2GTBV6RQ==/base.apk!classes2.dex)
02-19 18:01:38.450 12352 12474 I DynamiteModule: Considering local module com.google.android.gms.ads.dynamite:0 and remote module com.google.android.gms.ads.dynamite:254380203
02-19 18:01:38.450 12352 12474 I DynamiteModule: Selected remote version of com.google.android.gms.ads.dynamite, version >= 254380203
02-19 18:01:38.460 12352 12474 D CompatChangeReporter: Compat change id reported: 312399441; UID 10217; state: ENABLED
02-19 18:01:38.542 12352 12474 I blica.toss.test: AssetManager2(0x7d8fac4349d8) locale list changing from [] to [en-US]
02-19 18:01:38.543 12352 12474 I blica.toss.test: AssetManager2(0x7d8fac43f5b8) locale list changing from [] to [en-US]
02-19 18:01:38.550 12352 12474 D DynamitePackage: Instantiated singleton DynamitePackage.
02-19 18:01:38.550 12352 12474 D DynamitePackage: Instantiating com.google.android.gms.ads.ChimeraMobileAdsSettingManagerCreatorImpl
02-19 18:01:38.619   752   780 D ConnectivityService: requestNetwork for uid/pid:10217/12352 activeRequest: null callbackRequest: 562 [NetworkRequest [ REQUEST id=563, [ Capabilities: INTERNET&NOT_RESTRICTED&TRUSTED&NOT_VCN_MANAGED&NOT_BANDWIDTH_CONSTRAINED Uid: 10217 RequestorUid: 10217 RequestorPkg: viva.republica.toss.test UnderlyingNetworks: Null] ]] callback flags: 0 order: 2147483647 isUidTracked: false declaredMethods: AVAIL|LOST
02-19 18:01:38.624   752  1023 D OemPaidWifiNetworkFactory: got request NetworkRequest [ REQUEST id=563, [ Capabilities: INTERNET&NOT_RESTRICTED&TRUSTED&NOT_VCN_MANAGED&NOT_BANDWIDTH_CONSTRAINED Uid: 10217 RequestorUid: 10217 RequestorPkg: viva.republica.toss.test UnderlyingNetworks: Null] ]
02-19 18:01:38.625   752  1023 D MultiInternetWifiNetworkFactory: got request NetworkRequest [ REQUEST id=563, [ Capabilities: INTERNET&NOT_RESTRICTED&TRUSTED&NOT_VCN_MANAGED&NOT_BANDWIDTH_CONSTRAINED Uid: 10217 RequestorUid: 10217 RequestorPkg: viva.republica.toss.test UnderlyingNetworks: Null] ]
02-19 18:01:38.625   752  1023 D WifiNetworkFactory: got request NetworkRequest [ REQUEST id=563, [ Capabilities: INTERNET&NOT_RESTRICTED&TRUSTED&NOT_VCN_MANAGED&NOT_BANDWIDTH_CONSTRAINED Uid: 10217 RequestorUid: 10217 RequestorPkg: viva.republica.toss.test UnderlyingNetworks: Null] ]
02-19 18:01:38.625   752  1023 D UntrustedWifiNetworkFactory: got request NetworkRequest [ REQUEST id=563, [ Capabilities: INTERNET&NOT_RESTRICTED&TRUSTED&NOT_VCN_MANAGED&NOT_BANDWIDTH_CONSTRAINED Uid: 10217 RequestorUid: 10217 RequestorPkg: viva.republica.toss.test UnderlyingNetworks: Null] ]
02-19 18:01:38.626   752  1029 D ConnectivityService: NetReassign [563 : null → 108] [c 1] [a 2] [i 3]
02-19 18:01:38.661 12352 12474 D DynamitePackage: Instantiating com.google.android.gms.ads.ChimeraAdPreloaderCreatorImpl
02-19 18:01:38.705   752  1095 D BackgroundInstallControlService: Package event received: 0
02-19 18:01:38.708  3453  3453 D BoundBrokerSvc: onBind: Intent { act=com.google.android.gms.appset.service.START dat=chimera-action:/... xflg=0x4 cmp=com.google.android.gms/.chimera.GmsApiService }
02-19 18:01:38.708  3453  3453 D BoundBrokerSvc: Loading bound service for intent: Intent { act=com.google.android.gms.appset.service.START dat=chimera-action:/... xflg=0x4 cmp=com.google.android.gms/.chimera.GmsApiService }
02-19 18:01:38.733   752  1848 D ConnectivityService: requestNetwork for uid/pid:10217/12352 activeRequest: null callbackRequest: 564 [NetworkRequest [ REQUEST id=565, [ Capabilities: INTERNET&NOT_RESTRICTED&TRUSTED&NOT_VCN_MANAGED&NOT_BANDWIDTH_CONSTRAINED Uid: 10217 RequestorUid: 10217 RequestorPkg: viva.republica.toss.test UnderlyingNetworks: Null] ]] callback flags: 0 order: 2147483647 isUidTracked: false declaredMethods: AVAIL|LOST|NC|LP
02-19 18:01:38.739 12352 12474 W unknown:ReactContext: initializeMessageQueueThreads() is called.
02-19 18:01:38.740   752  1023 D OemPaidWifiNetworkFactory: got request NetworkRequest [ REQUEST id=565, [ Capabilities: INTERNET&NOT_RESTRICTED&TRUSTED&NOT_VCN_MANAGED&NOT_BANDWIDTH_CONSTRAINED Uid: 10217 RequestorUid: 10217 RequestorPkg: viva.republica.toss.test UnderlyingNetworks: Null] ]
02-19 18:01:38.741   752  1023 D MultiInternetWifiNetworkFactory: got request NetworkRequest [ REQUEST id=565, [ Capabilities: INTERNET&NOT_RESTRICTED&TRUSTED&NOT_VCN_MANAGED&NOT_BANDWIDTH_CONSTRAINED Uid: 10217 RequestorUid: 10217 RequestorPkg: viva.republica.toss.test UnderlyingNetworks: Null] ]
02-19 18:01:38.742   752  1023 D WifiNetworkFactory: got request NetworkRequest [ REQUEST id=565, [ Capabilities: INTERNET&NOT_RESTRICTED&TRUSTED&NOT_VCN_MANAGED&NOT_BANDWIDTH_CONSTRAINED Uid: 10217 RequestorUid: 10217 RequestorPkg: viva.republica.toss.test UnderlyingNetworks: Null] ]
02-19 18:01:38.742   752  1023 D UntrustedWifiNetworkFactory: got request NetworkRequest [ REQUEST id=565, [ Capabilities: INTERNET&NOT_RESTRICTED&TRUSTED&NOT_VCN_MANAGED&NOT_BANDWIDTH_CONSTRAINED Uid: 10217 RequestorUid: 10217 RequestorPkg: viva.republica.toss.test UnderlyingNetworks: Null] ]
02-19 18:01:38.742   752  1029 D ConnectivityService: NetReassign [565 : null → 108] [c 0] [a 3] [i 2]
02-19 18:01:38.745   752  1029 D ConnectivityService: NetReassign [no changes] [c 1] [a 1] [i 1]
02-19 18:01:38.769 12352 12496 W unknown:ViewManagerPropertyUpdater: Could not find generated setter for class com.facebook.react.views.traceupdateoverlay.TraceUpdateOverlayManager
02-19 18:01:38.772 12352 12496 W unknown:ViewManagerPropertyUpdater: Could not find generated setter for class com.facebook.react.uimanager.LayoutShadowNode
02-19 18:01:38.773 12352 12496 W unknown:ViewManagerPropertyUpdater: Could not find generated setter for class com.facebook.react.views.drawer.ReactDrawerLayoutManager
02-19 18:01:38.774 12352 12496 W unknown:ViewManagerPropertyUpdater: Could not find generated setter for class com.facebook.react.views.scroll.ReactHorizontalScrollViewManager
02-19 18:01:38.776 12352 12496 W unknown:ViewManagerPropertyUpdater: Could not find generated setter for class com.facebook.react.views.scroll.ReactHorizontalScrollContainerViewManager
02-19 18:01:38.777 12352 12496 W unknown:ViewManagerPropertyUpdater: Could not find generated setter for class com.facebook.react.views.progressbar.ReactProgressBarViewManager
02-19 18:01:38.778 12352 12496 W unknown:ViewManagerPropertyUpdater: Could not find generated setter for class com.facebook.react.views.progressbar.ProgressBarShadowNode
02-19 18:01:38.779 12352 12496 W unknown:ViewManagerPropertyUpdater: Could not find generated setter for class com.facebook.react.views.scroll.ReactScrollViewManager
02-19 18:01:38.781 12352 12496 W unknown:ViewManagerPropertyUpdater: Could not find generated setter for class com.facebook.react.views.switchview.ReactSwitchManager
02-19 18:01:38.781 12352 12352 W unknown:ReactNative: Packager connection already open, nooping.
02-19 18:01:38.782 12352 12496 W unknown:ViewManagerPropertyUpdater: Could not find generated setter for class com.facebook.react.views.switchview.ReactSwitchManager$ReactSwitchShadowNode
02-19 18:01:38.783 12352 12496 W unknown:ViewManagerPropertyUpdater: Could not find generated setter for class com.facebook.react.views.swiperefresh.SwipeRefreshLayoutManager
02-19 18:01:38.786 12352 12496 W unknown:ViewManagerPropertyUpdater: Could not find generated setter for class com.facebook.react.views.text.frescosupport.FrescoBasedReactTextInlineImageViewManager
02-19 18:01:38.786 12352 12496 W unknown:ViewManagerPropertyUpdater: Could not find generated setter for class com.facebook.react.views.text.frescosupport.FrescoBasedReactTextInlineImageShadowNode
02-19 18:01:38.787 12352 12496 W unknown:ViewManagerPropertyUpdater: Could not find generated setter for class com.facebook.react.views.image.ReactImageManager
02-19 18:01:38.791 12352 12496 W unknown:ViewManagerPropertyUpdater: Could not find generated setter for class com.facebook.react.views.modal.ReactModalHostManager
02-19 18:01:38.791 12352 12398 W cr_media: BLUETOOTH_CONNECT permission is missing.
02-19 18:01:38.792 12352 12398 W cr_media: getBluetoothAdapter() requires BLUETOOTH permission
02-19 18:01:38.792 12352 12398 W cr_media: registerBluetoothIntentsIfNeeded: Requires BLUETOOTH permission
02-19 18:01:38.794 12352 12496 W unknown:ViewManagerPropertyUpdater: Could not find generated setter for class com.facebook.react.views.modal.ModalHostShadowNode
02-19 18:01:38.794 12352 12496 W unknown:ViewManagerPropertyUpdater: Could not find generated setter for class com.facebook.react.views.text.ReactRawTextManager
02-19 18:01:38.795 12352 12496 W unknown:ViewManagerPropertyUpdater: Could not find generated setter for class com.facebook.react.views.text.ReactRawTextShadowNode
02-19 18:01:38.796 12352 12496 W unknown:ViewManagerPropertyUpdater: Could not find generated setter for class com.facebook.react.views.textinput.ReactTextInputManager
02-19 18:01:38.798 12352 12496 W unknown:ViewManagerPropertyUpdater: Could not find generated setter for class com.facebook.react.views.textinput.ReactTextInputShadowNode
02-19 18:01:38.799 12352 12496 W unknown:ViewManagerPropertyUpdater: Could not find generated setter for class com.facebook.react.views.text.ReactTextViewManager
02-19 18:01:38.801 12352 12496 W unknown:ViewManagerPropertyUpdater: Could not find generated setter for class com.facebook.react.views.text.ReactTextShadowNode
02-19 18:01:38.806 12382 12408 I cr_LibraryLoader: Successfully loaded native library
02-19 18:01:38.806 12352 12496 W unknown:ViewManagerPropertyUpdater: Could not find generated setter for class com.facebook.react.views.view.ReactViewManager
02-19 18:01:38.809 12352 12496 W unknown:ViewManagerPropertyUpdater: Could not find generated setter for class com.facebook.react.views.text.ReactVirtualTextViewManager
02-19 18:01:38.809 12352 12496 W unknown:ViewManagerPropertyUpdater: Could not find generated setter for class com.facebook.react.views.text.ReactVirtualTextShadowNode
02-19 18:01:38.810 12352 12496 W unknown:ViewManagerPropertyUpdater: Could not find generated setter for class com.facebook.react.views.unimplementedview.ReactUnimplementedViewManager
02-19 18:01:38.810 12382 12408 I cr_CachingUmaRecorder: Flushed 2 samples from 2 histograms, 0 samples were dropped.
02-19 18:01:38.814 12352 12500 W libc    : Access denied finding property "vendor.mesa.log"
02-19 18:01:38.814 12352 12500 W libc    : Access denied finding property "vendor.mesa.log.file"
02-19 18:01:38.814 12352 12500 E MESA    : Failed to open rendernode: No such file or directory
02-19 18:01:38.820 12352 12496 W unknown:ViewManagerPropertyUpdater: Could not find generated setter for class com.shopify.reactnative.flash_list.AutoLayoutViewManager
02-19 18:01:38.820 12382 12408 W SystemServiceRegistry: No service published for: uimode
02-19 18:01:38.829 12352 12496 W unknown:ViewManagerPropertyUpdater: Could not find generated setter for class com.shopify.reactnative.flash_list.CellContainerManager
02-19 18:01:38.832 12352 12496 W unknown:ViewManagerPropertyUpdater: Could not find generated setter for class com.airbnb.android.react.lottie.LottieAnimationViewManager
02-19 18:01:38.833 12352 12496 W unknown:ViewManagerPropertyUpdater: Could not find generated setter for class com.swmansion.gesturehandler.react.RNGestureHandlerRootViewManager
02-19 18:01:38.834 12352 12496 W unknown:ViewManagerPropertyUpdater: Could not find generated setter for class com.swmansion.gesturehandler.react.RNGestureHandlerButtonViewManager
02-19 18:01:38.835 12352 12496 W unknown:ViewManagerPropertyUpdater: Could not find generated setter for class io.invertase.googlemobileads.ReactNativeGoogleMobileAdsBannerAdViewManager
02-19 18:01:38.835 12352 12496 W unknown:ViewManagerPropertyUpdater: Could not find generated setter for class com.reactnativepagerview.PagerViewViewManager
02-19 18:01:38.836 12352 12496 W unknown:ViewManagerPropertyUpdater: Could not find generated setter for class com.th3rdwave.safeareacontext.SafeAreaProviderManager
02-19 18:01:38.837 12352 12496 W unknown:ViewManagerPropertyUpdater: Could not find generated setter for class com.th3rdwave.safeareacontext.SafeAreaViewManager
02-19 18:01:38.837 12352 12496 W unknown:ViewManagerPropertyUpdater: Could not find generated setter for class o.eglCreatePlatformPixmapSurface
02-19 18:01:38.837 12352 12496 W unknown:ViewManagerPropertyUpdater: Could not find generated setter for class com.swmansion.rnscreens.ScreenContainerViewManager
02-19 18:01:38.838 12352 12496 W unknown:ViewManagerPropertyUpdater: Could not find generated setter for class com.swmansion.rnscreens.ScreenViewManager
02-19 18:01:38.839 12352 12496 W unknown:ViewManagerPropertyUpdater: Could not find generated setter for class com.swmansion.rnscreens.ScreenStackViewManager
02-19 18:01:38.840 12352 12496 W unknown:ViewManagerPropertyUpdater: Could not find generated setter for class com.swmansion.rnscreens.ScreenStackHeaderConfigViewManager
02-19 18:01:38.841 12352 12496 W unknown:ViewManagerPropertyUpdater: Could not find generated setter for class com.swmansion.rnscreens.ScreenStackHeaderSubviewManager
02-19 18:01:38.841 12352 12496 W unknown:ViewManagerPropertyUpdater: Could not find generated setter for class com.swmansion.rnscreens.SearchBarManager
02-19 18:01:38.842 12352 12496 W unknown:ViewManagerPropertyUpdater: Could not find generated setter for class com.horcrux.svg.RenderableViewManager$DefsViewManager
02-19 18:01:38.843 12352 12496 W unknown:ViewManagerPropertyUpdater: Could not find generated setter for class com.horcrux.svg.VirtualViewManager$RemoteActionCompatParcelizer
02-19 18:01:38.843 12352 12496 W unknown:ViewManagerPropertyUpdater: Could not find generated setter for class com.horcrux.svg.RenderableViewManager$MarkerManager
02-19 18:01:38.846 12352 12496 W unknown:ViewManagerPropertyUpdater: Could not find generated setter for class com.horcrux.svg.RenderableViewManager$ForeignObjectManager
02-19 18:01:38.847 12352 12496 W unknown:ViewManagerPropertyUpdater: Could not find generated setter for class com.horcrux.svg.RenderableViewManager$EllipseViewManager
02-19 18:01:38.857 12352 12500 D vulkan  : searching for layers in '/data/app/~~NUQj-rdXzuicW-16SIRtKA==/viva.republica.toss.test-Si406wFvb_sqEA2GTBV6RQ==/lib/x86_64'
02-19 18:01:38.858 12382 12408 W chromium: [WARNING:runtime_features.cc(560)] Fenced frames cannot be enabled in this configuration. Use --enable-features=FencedFrames instead.
02-19 18:01:38.859 12382 12408 W chromium: [WARNING:runtime_features.cc(585)] Topics cannot be enabled in this configuration. Use --enable-features=BrowsingTopics in addition.
02-19 18:01:38.860 12382 12408 W chromium: [WARNING:runtime_features.cc(606)] SharedStorage cannot be enabled in this configuration. Use --enable-features=SharedStorageAPI in addition.
02-19 18:01:38.861 12352 12500 D vulkan  : searching for layers in '/data/app/~~NUQj-rdXzuicW-16SIRtKA==/viva.republica.toss.test-Si406wFvb_sqEA2GTBV6RQ==/base.apk!/lib/x86_64'
02-19 18:01:38.886  3453  3453 D BoundBrokerSvc: onBind: Intent { act=com.google.android.gms.safebrowsing.SafeBrowsingService.START dat=chimera-action:/... xflg=0x4 cmp=com.google.android.gms/.chimera.GmsBoundBrokerService }
02-19 18:01:38.889  3453  3453 D BoundBrokerSvc: Loading bound service for intent: Intent { act=com.google.android.gms.safebrowsing.SafeBrowsingService.START dat=chimera-action:/... xflg=0x4 cmp=com.google.android.gms/.chimera.GmsBoundBrokerService }
02-19 18:01:38.892 12352 12496 W unknown:ViewManagerPropertyUpdater: Could not find generated setter for class com.horcrux.svg.RenderableViewManager$LineViewManager
02-19 18:01:38.896 12352 12496 W unknown:ViewManagerPropertyUpdater: Could not find generated setter for class com.horcrux.svg.RenderableViewManager$LinearGradientManager
02-19 18:01:38.898   752  1095 D BackgroundInstallControlService: Package event received: 0
02-19 18:01:38.906 12352 12496 W unknown:ViewManagerPropertyUpdater: Could not find generated setter for class com.horcrux.svg.RenderableViewManager$GroupViewManager
02-19 18:01:38.908 12352 12496 W unknown:ViewManagerPropertyUpdater: Could not find generated setter for class com.horcrux.svg.RenderableViewManager$TextViewManager
02-19 18:01:38.911 12352 12496 W unknown:ViewManagerPropertyUpdater: Could not find generated setter for class com.horcrux.svg.RenderableViewManager$ImageViewManager
02-19 18:01:38.913 12352 12496 W unknown:ViewManagerPropertyUpdater: Could not find generated setter for class com.horcrux.svg.RenderableViewManager$ClipPathViewManager
02-19 18:01:38.915 12352 12496 W unknown:ViewManagerPropertyUpdater: Could not find generated setter for class com.horcrux.svg.RenderableViewManager$RadialGradientManager
02-19 18:01:38.918 12352 12496 W unknown:ViewManagerPropertyUpdater: Could not find generated setter for class com.horcrux.svg.RenderableViewManager$MaskManager
02-19 18:01:38.931 12352 12496 W unknown:ViewManagerPropertyUpdater: Could not find generated setter for class com.horcrux.svg.RenderableViewManager$SymbolManager
02-19 18:01:38.940   752  1848 D ActivityManager: sync unfroze 3794 com.android.vending for 6
02-19 18:01:38.943   752  1095 D BackgroundInstallControlService: Package event received: 0
02-19 18:01:38.952 12352 12496 W unknown:ViewManagerPropertyUpdater: Could not find generated setter for class com.horcrux.svg.RenderableViewManager$PatternManager
02-19 18:01:38.952 12511 12511 W dumpsys : Thread Pool max thread count is 0. Cannot cache binder as linkToDeath cannot be implemented. serviceName: window
02-19 18:01:38.957  3794  3794 I Finsky  : [2] Memory trim requested to level 40
02-19 18:01:38.959  3794  3794 I Finsky  : [2] Flushing in-memory image cache
02-19 18:01:38.959   752  1848 D ActivityManager: sync unfroze 10620 com.android.vending:background for 6
02-19 18:01:38.963 10620 10620 I Finsky:background: [2] Memory trim requested to level 40
02-19 18:01:38.964  3794  3794 I Finsky  : [2] Memory trim requested to level 40
02-19 18:01:38.964  3794  3794 I Finsky  : [2] Flushing in-memory image cache
02-19 18:01:38.976 12352 12496 W unknown:ViewManagerPropertyUpdater: Could not find generated setter for class com.horcrux.svg.RenderableViewManager$RectViewManager
02-19 18:01:38.983 10620 10620 I Finsky:background: [2] Memory trim requested to level 40
02-19 18:01:38.989 20068 20154 I FontLog : (REDACTED) Received query %s, URI %s
02-19 18:01:38.990 20068 20154 I FontLog : (REDACTED) Query [%s] resolved to %s
02-19 18:01:38.994 20068 20154 I FontLog : (REDACTED) Font PFD returned from cache for %s
02-19 18:01:38.996 20068 20154 I FontLog : (REDACTED) Fetch %s end status %s
02-19 18:01:38.996 12352 12496 W unknown:ViewManagerPropertyUpdater: Could not find generated setter for class com.horcrux.svg.RenderableViewManager$TextPathViewManager
02-19 18:01:38.997 10620 10653 I Finsky:background: [65] Current account updated in PVS
02-19 18:01:38.998 10620 10653 I Finsky:background: [65] Current account updated in PVS
02-19 18:01:39.003  3794  3876 I Finsky  : [70] Current account updated in PVS
02-19 18:01:39.004  3794  3876 I Finsky  : [70] Current account updated in PVS
02-19 18:01:39.006 20068 20076 I FontLog : (REDACTED) Pulling font file for id = %d, cache size = %d
02-19 18:01:39.012 12352 12496 W unknown:ViewManagerPropertyUpdater: Could not find generated setter for class com.horcrux.svg.SvgViewManager
02-19 18:01:39.016 12352 12496 W unknown:ViewManagerPropertyUpdater: Could not find generated setter for class com.horcrux.svg.RenderableViewManager$PathViewManager
02-19 18:01:39.018 12352 12496 W unknown:ViewManagerPropertyUpdater: Could not find generated setter for class com.horcrux.svg.RenderableViewManager$UseViewManager
02-19 18:01:39.021 12352 12496 W unknown:ViewManagerPropertyUpdater: Could not find generated setter for class com.horcrux.svg.RenderableViewManager$CircleViewManager
02-19 18:01:39.023 20068 20076 I FontLog : (REDACTED) Received query %s, URI %s
02-19 18:01:39.023 20068 20076 I FontLog : (REDACTED) Query [%s] resolved to %s
02-19 18:01:39.023 12352 12496 W unknown:ViewManagerPropertyUpdater: Could not find generated setter for class com.horcrux.svg.RenderableViewManager$TSpanViewManager
02-19 18:01:39.026 12352 12496 W unknown:ViewManagerPropertyUpdater: Could not find generated setter for class com.brentvatne.exoplayer.ReactExoplayerViewManager
02-19 18:01:39.029 12352 12496 W unknown:ViewManagerPropertyUpdater: Could not find generated setter for class com.reactnativecommunity.webview.RNCWebViewManager
02-19 18:01:39.033 12352 12496 W unknown:ViewManagerPropertyUpdater: Could not find generated setter for class im.toss.rn.granite.core.module.image.FastImageViewManager
02-19 18:01:39.039 12352 12496 W unknown:ReactContext: initializeMessageQueueThreads() is called.
02-19 18:01:39.061 20068 20076 I FontLog : (REDACTED) Fetch %s end status %s
02-19 18:01:39.066 20068 20076 I FontLog : (REDACTED) Pulling font file for id = %d, cache size = %d
02-19 18:01:39.070 20068 20076 I FontLog : (REDACTED) Received query %s, URI %s
02-19 18:01:39.070 20068 20076 I FontLog : (REDACTED) Query [%s] resolved to %s
02-19 18:01:39.072 20068 20076 I FontLog : (REDACTED) Font PFD returned from cache for %s
02-19 18:01:39.072 20068 20076 I FontLog : (REDACTED) Fetch %s end status %s
02-19 18:01:39.075 20068 20076 I FontLog : (REDACTED) Pulling font file for id = %d, cache size = %d
02-19 18:01:39.078 20068 20076 I FontLog : (REDACTED) Received query %s, URI %s
02-19 18:01:39.078 20068 20076 I FontLog : (REDACTED) Query [%s] resolved to %s
02-19 18:01:39.080 20068 20076 I FontLog : (REDACTED) Font PFD returned from cache for %s
02-19 18:01:39.080 20068 20076 I FontLog : (REDACTED) Fetch %s end status %s
02-19 18:01:39.085 20068 20076 I FontLog : (REDACTED) Pulling font file for id = %d, cache size = %d
02-19 18:01:39.089 20068 20076 I FontLog : (REDACTED) Received query %s, URI %s
02-19 18:01:39.089 20068 20076 I FontLog : (REDACTED) Query [%s] resolved to %s
02-19 18:01:39.091 20068 20076 I FontLog : (REDACTED) Font PFD returned from cache for %s
02-19 18:01:39.091 20068 20076 I FontLog : (REDACTED) Fetch %s end status %s
02-19 18:01:39.093 20068 20154 I FontLog : (REDACTED) Pulling font file for id = %d, cache size = %d
02-19 18:01:39.133 12352 12495 D nativeloader: Load /data/data/viva.republica.toss.test/libtcj.so using class loader ns clns-9 (caller=<unknown>): ok
02-19 18:01:39.128 12352 12352 W mqt_js  : type=1400 audit(0.0:285): avc:  granted  { execute } for  path="/data/data/viva.republica.toss.test/libtcj.so" dev="dm-55" ino=363374 scontext=u:r:untrusted_app:s0:c217,c256,c512,c768 tcontext=u:object_r:app_data_file:s0:c217,c256,c512,c768 tclass=file app=viva.republica.toss.test
02-19 18:01:39.169  3794  3876 I Finsky  : [70] Current account updated in PVS
02-19 18:01:39.171  3794  3876 I Finsky  : [70] Current account updated in PVS
02-19 18:01:39.171  3794  3880 I Finsky  : [72] Current account updated in PVS
02-19 18:01:39.359 12352 12500 W libc    : Access denied finding property "vendor.mesa.vk.trace.per.submit"
02-19 18:01:39.360 12352 12500 W libc    : Access denied finding property "vendor.mesa.gallium.print.optio"
02-19 18:01:39.360 12352 12500 W libc    : Access denied finding property "vendor.mesa.vk.trace.frame"
02-19 18:01:39.366 12352 12500 W libc    : Access denied finding property "vendor.mesa.vk.wsi.headless.swa"
02-19 18:01:39.430 12352 12500 W chromium: [WARNING:viz_main_impl.cc(85)] VizNullHypothesis is disabled (not a warning)
02-19 18:01:39.729 12523 12523 W screencap: Thread Pool max thread count is 0. Cannot cache binder as linkToDeath cannot be implemented. serviceName: SurfaceFlingerAIDL
02-19 18:01:39.729 12523 12523 W BpBinder: Linking to death on android.gui.ISurfaceComposer but there are no threads (yet?) listening to incoming transactions. See ProcessState::startThreadPool and ProcessState::setThreadPoolMaxThreadCount. Generally you should setup the binder threadpool before other initialization steps.
02-19 18:01:39.729 12523 12523 W ProcessState: Extra binder thread started, but 0 threads requested. Do not use *startThreadPool when zero threads are requested.
02-19 18:01:39.732   531   603 E HwcComposer: getLuts failed Status(-8, EX_SERVICE_SPECIFIC): '8: '
02-19 18:01:39.732   531   603 E HWComposer: getLuts: getLuts failed for display 4619827259835644672: UNSUPPORTED (8)
02-19 18:01:39.825 12352 12352 I Ads     : JS: The jsLoaded GMSG has been sent (https://googleads.g.doubleclick.net/mads/static/sdk/native/sdk-core-v40.html:1025)
02-19 18:01:40.049 12352 12495 D nativeloader: Load /data/app/~~NUQj-rdXzuicW-16SIRtKA==/viva.republica.toss.test-Si406wFvb_sqEA2GTBV6RQ==/lib/x86_64/libreactnativeblob.so using class loader ns clns-9 (caller=<unknown>): ok
02-19 18:01:40.091 12352 12359 I blica.toss.test: Compiler allocated 4717KB to compile void com.facebook.soloader.nativeloader.SystemDelegate.read(java.lang.String)
02-19 18:01:40.099 12352 12352 W unknown:ReactContext: initializeMessageQueueThreads() is called.
02-19 18:01:40.243   752  1246 W PackageConfigPersister: App-specific configuration not found for packageName: viva.republica.toss.test and userId: 0
