--------- beginning of main
02-19 18:55:01.027   531   568 W EventThread: Faking VSYNC due to driver stall for thread app
02-19 18:55:01.031 27008 27008 I wpa_supplicant: wlan0: CTRL-EVENT-BEACON-LOSS 
02-19 18:55:01.042  1782  2118 I bbax    : (REDACTED) getHotwordActive::active query: %s, watch: %s, devices connected: %s
--------- beginning of system
02-19 18:55:01.068   752   752 W Looper  : Drained
02-19 18:55:01.446   752   795 W ActivityTaskManager: callingPackage for (uid=-1, pid=0) has no WPC
02-19 18:55:01.447   752   795 W ActivityStartInterceptor: Starting home with component specified, uid=0
02-19 18:55:01.448   752   795 W OptProp : Cannot read opt property android.window.PROPERTY_COMPAT_ALLOW_USER_ASPECT_RATIO_OVERRIDE
02-19 18:55:01.450   752   795 W OptProp : Cannot read opt property android.window.PROPERTY_COMPAT_ALLOW_USER_ASPECT_RATIO_FULLSCREEN_OVERRIDE
02-19 18:55:01.450   752   795 W OptProp : Cannot read opt property android.window.PROPERTY_COMPAT_ALLOW_RESIZEABLE_ACTIVITY_OVERRIDES
02-19 18:55:01.450   752   795 W OptProp : Cannot read opt property android.window.PROPERTY_COMPAT_ALLOW_MIN_ASPECT_RATIO_OVERRIDE
02-19 18:55:01.450   752   795 V GrammaticalInflectionUtils: AttributionSource: android.content.AttributionSource@1abea79a does not have READ_SYSTEM_GRAMMATICAL_GENDER permission.
02-19 18:55:01.458  4449  4467 V WindowManagerShell: Transition requested (#698): android.os.BinderProxy@35840b4 TransitionRequestInfo { type = OPEN, triggerTask = TaskInfo{userId=0 taskId=5 effectiveUid=10182 displayId=0 isRunning=true baseIntent=Intent { act=android.intent.action.MAIN cat=[android.intent.category.HOME] flg=0x10000100 cmp=com.google.android.apps.nexuslauncher/.NexusLauncherActivity } baseActivity=ComponentInfo{com.google.android.apps.nexuslauncher/com.google.android.apps.nexuslauncher.NexusLauncherActivity} topActivity=ComponentInfo{com.google.android.apps.nexuslauncher/com.google.android.apps.nexuslauncher.NexusLauncherActivity} origActivity=null realActivity=ComponentInfo{com.google.android.apps.nexuslauncher/com.google.android.apps.nexuslauncher.NexusLauncherActivity} numActivities=1 lastActiveTime=106375302 supportsMultiWindow=true resizeMode=2 isResizeable=true minWidth=-1 minHeight=-1 defaultMinSize=220 token=WCT{android.window.IWindowContainerToken$Stub$Proxy@f8294dd} topActivityType=2 pictureInPictureParams=null shouldDockBigOverlays=false launchIntoPipHostTaskId=-1 lastParentTaskIdBeforePip=-1 displayCutoutSafeInsets=Rect(0, 0 - 0, 0) topActivityInfo=ActivityInfo{3e2e852 com.google.android.apps.nexuslauncher.NexusLauncherActivity} launchCookies=[] positionInParent=Point(0, 0) parentTaskId=-1 isFocused=true isVisible=false isVisibleRequested=true isTopActivityNoDisplay=false isSleeping=false locusId=LocusId[17_chars] displayAreaFeatureId=1 isTopActivityTransparent=false isActivityStackTransparent=false lastNonFullscreenBounds=Rect(284, 660 - 796, 1740) capturedLink=null capturedLinkTimestamp=0 requestedVisibleTypes=-9 topActivityRequestOpenInBrowserEducationTimestamp=0 appCompatTaskInfo=AppCompatTaskInfo { topActivityInSizeCompat=false eligibleForLetterboxEducation= false isLetterboxEducationEnabled= true isLetterboxDoubleTapEnabled= false eligibleForUserAspectRatioButton= false topActivityBoundsLetterboxed= false isFromLetterboxDoubleTap= false topActivityLetterboxVerticalPosition= -1 topActivityLetterboxHorizontalPosition= -1 topActivityLetterboxWidth=-1 topActivityLetterboxHeight=-1 topActivityAppBounds=Rect(0, 0 - 1080, 2400) isUserFullscreenOverrideEnabled=false isSystemFullscreenOverrideEnabled=false hasMinAspectRatioOverride=false topActivityLetterboxBounds=null cameraCompatTaskInfo=CameraCompatTaskInfo { freeformCameraCompatMode=inactive}} topActivityMainWindowFrame=null}, pipChange = null, remoteTransition = null, displayChange = null, flags = 0, debugId = 698 }
02-19 18:55:01.458  4449  4467 D ShellSplitScreen: logExit: no-op, mLoggerSessionId is null
02-19 18:55:01.459   752   795 I ActivityTaskManager: START u0 {act=android.intent.action.MAIN cat=[android.intent.category.HOME] flg=0x10000100 cmp=com.google.android.apps.nexuslauncher/.NexusLauncherActivity (has extras)} with LAUNCH_SINGLE_TASK from uid 0 (BAL_ALLOW_ALLOWLISTED_UID) result code=2
02-19 18:55:01.459  7804  7804 D TFOManager: playPanelCloseAnimation() duration=200 traceTag=LauncherOverlay-hide isHomeButtonTap=true
02-19 18:55:01.459  7804  7804 D TFOManager: Skipped creating panel close animation because -1 is invisible.
02-19 18:55:01.460  7804  7804 D OverviewCommandHelper: clearing pending commands: []
02-19 18:55:01.460  7804  7804 D StatsLog: LAUNCHER_ONRESUME
02-19 18:55:01.462   752  1095 D BackgroundInstallControlService: Package event received: 0
02-19 18:55:01.464   752  1095 D BackgroundInstallControlService: Package event received: 0
02-19 18:55:01.464   752  1095 D BackgroundInstallControlService: Package event received: 0
02-19 18:55:01.468  4449  4467 D WindowManagerShell: onActivityRestartAttempt: topActivity=ComponentInfo{com.google.android.apps.nexuslauncher/com.google.android.apps.nexuslauncher.NexusLauncherActivity}, wasVisible=false
02-19 18:55:01.471  7804  7823 D QuickstepModelDelegate: notifyAppTargetEvent action=1 launchLocation=workspace/0/[-1,-1]/[1,1]
02-19 18:55:01.475  1971  2198 I AiAiEcho: Predicting[0]:  [CONTEXT sampling_count=5 ]
02-19 18:55:01.475  1971  2198 I AiAiEcho: EchoTargets: 
02-19 18:55:01.475  1971  2198 I AiAiEcho: Filtered by AiAi flag check: 
02-19 18:55:01.475  1971  2198 I AiAiEcho: [CONTEXT ratelimit_period="10 SECONDS" ]
02-19 18:55:01.475  1971  2198 I AiAiEcho: #remoteViewsTwiddler: feature disabled.
02-19 18:55:01.476  1971  2198 I AiAiEcho: #postPredictionTargets: Sending updates to UISurface home with targets# 0 (types=[])
02-19 18:55:01.497   531   531 I BpBinder: onLastStrongRef automatically unlinking death recipients: 
02-19 18:55:01.498  7804  7804 D NexusLauncherModelDelegate: notifySmartspaceEvent: SmartspaceTargetEvent{mSmartspaceTarget=null, mSmartspaceActionId='null', mEventType=6}
02-19 18:55:01.499  4449  4449 I vol.VolumeDialogImpl: mDialog.dismiss() reason: volume_controller from: com.android.systemui.volume.VolumeDialogImpl$7.onDismissRequested:3
02-19 18:55:01.503  7804  7804 D BaseDepthController: setSurface:
02-19 18:55:01.503  7804  7804 D BaseDepthController: 	mWaitingOnSurfaceValidity: false
02-19 18:55:01.503  7804  7804 D BaseDepthController: 	mBaseSurface: Surface(name=com.google.android.apps.nexuslauncher/com.google.android.apps.nexuslauncher.NexusLauncherActivity)/@0x6e8fc4f
02-19 18:55:01.530  4449  4467 D WindowManagerShell: setLauncherKeepClearAreaHeight: visible=true, height=527
02-19 18:55:01.550   752   797 W IPCThreadState: Sending oneway calls to frozen process.
02-19 18:55:01.550   752   797 W IPCThreadState: Sending oneway calls to frozen process.
02-19 18:55:01.550   752   797 W IPCThreadState: Sending oneway calls to frozen process.
02-19 18:55:01.550   752   797 W IPCThreadState: Sending oneway calls to frozen process.
02-19 18:55:01.550   752   797 W IPCThreadState: Sending oneway calls to frozen process.
02-19 18:55:01.550   752   797 W IPCThreadState: Sending oneway calls to frozen process.
02-19 18:55:01.550   752   797 W IPCThreadState: Sending oneway calls to frozen process.
02-19 18:55:01.550   752   797 W IPCThreadState: Sending oneway calls to frozen process.
02-19 18:55:01.550   752   797 W IPCThreadState: Sending oneway calls to frozen process.
02-19 18:55:01.552   752   797 W ProcessStats: Tracking association SourceState{1b917ca system/1000 BFgs #21365} whose proc state 4 is better than process ProcessState{42c4ef0 com.google.android.ext.services/10208 pkg=com.google.android.ext.services} proc state 14 (11 skipped)
02-19 18:55:01.752  7804  7804 D ActivityAllAppsContainerView: rebindAdapters: force: false
02-19 18:55:01.752  7804  7804 D ActivityAllAppsContainerView: rebindAdapters: Not needed.
02-19 18:55:01.755  7804  7804 I NotificationListener: Handling notification state refresh for com.google.android.adservices.api#0
02-19 18:55:01.755  7804  7804 I NotificationListener: Handling notification state refresh for android#0
02-19 18:55:01.755  7804  7804 I NotificationListener: Handling notification state refresh for com.android.systemui#0
02-19 18:55:01.757  7804  7804 D SsBaseTemplateCard: No text view can be set up
02-19 18:55:01.759  7804  7804 D SsBaseTemplateCard: Passed-in item info is null
02-19 18:55:01.759  7804  7804 D SsBaseTemplateCard: Passed-in item info is null
02-19 18:55:01.759  7804  7804 D SsBaseTemplateCard: Passed-in item info is null
02-19 18:55:01.759  7804  7804 I SsBaseTemplateCard: Secondary card pane is null
02-19 18:55:01.763   531   590 I BpBinder: onLastStrongRef automatically unlinking death recipients: 
02-19 18:55:01.780  4449   613 V WindowManagerShell: onTransitionReady(transaction=3229815427280)
02-19 18:55:01.782  4449  4467 V WindowManagerShell: onTransitionReady (#698) android.os.BinderProxy@35840b4: {id=698 t=OPEN f=0x0 trk=0 r=[0@Point(0, 0)] c=[
02-19 18:55:01.782  4449  4467 V WindowManagerShell:         {m=TO_FRONT f=SHOW_WALLPAPER|MOVE_TO_TOP leash=Surface(name=Task=1)/@0x626dcfe sb=Rect(0, 0 - 1080, 2400) eb=Rect(0, 0 - 1080, 2400) epz=Point(1080, 2400) d=0 taskParent=-1},
02-19 18:55:01.782  4449  4467 V WindowManagerShell:         {m=TO_BACK f=NONE leash=Surface(name=Task=78)/@0x55ac5f sb=Rect(0, 0 - 1080, 2400) eb=Rect(0, 0 - 1080, 2400) epz=Point(1080, 2400) d=0 taskParent=-1},
02-19 18:55:01.782  4449  4467 V WindowManagerShell:         {m=TO_FRONT f=IS_WALLPAPER leash=Surface(name=WallpaperWindowToken{35e0c0f showWhenLocked=false})/@0xf7986ac sb=Rect(0, 0 - 1080, 2400) eb=Rect(0, 0 - 1080, 2400) epz=Point(1080, 2400) d=0}
02-19 18:55:01.782  4449  4467 V WindowManagerShell:     ]}
02-19 18:55:01.783  4449  4467 V WindowManagerShell: Playing animation for (#698) android.os.BinderProxy@35840b4@0
02-19 18:55:01.783  4449  4467 V ShellRecents: RecentsTransitionHandler.startAnimation: no controller found
02-19 18:55:01.784  4449  4467 V WindowManagerShell: Transition doesn't have explicit remote, search filters for match for {id=698 t=OPEN f=0x0 trk=0 r=[0@Point(0, 0)] c=[{m=TO_FRONT f=SHOW_WALLPAPER|MOVE_TO_TOP leash=Surface(name=Task=1)/@0x626dcfe sb=Rect(0, 0 - 1080, 2400) eb=Rect(0, 0 - 1080, 2400) epz=Point(1080, 2400) d=0 taskParent=-1},{m=TO_BACK f=NONE leash=Surface(name=Task=78)/@0x55ac5f sb=Rect(0, 0 - 1080, 2400) eb=Rect(0, 0 - 1080, 2400) epz=Point(1080, 2400) d=0 taskParent=-1},{m=TO_FRONT f=IS_WALLPAPER leash=Surface(name=WallpaperWindowToken{35e0c0f showWhenLocked=false})/@0xf7986ac sb=Rect(0, 0 - 1080, 2400) eb=Rect(0, 0 - 1080, 2400) epz=Point(1080, 2400) d=0}]}
02-19 18:55:01.785  4449  4467 V WindowManagerShell:  Checking filter Pair{{types=[] flags=0x0] notFlags=0x0 checks=[{atype=undefined independent=true modes=[CLOSE,TO_BACK] flags=IN_TASK_WITH_EMBEDDED_ACTIVITY mustBeTask=false order=ANY topActivity=null launchCookie=null taskFragmentToken=android.os.BinderProxy@dcfd27d windowingMode=undefined}]} RemoteTransition { remoteTransition = android.window.IRemoteTransition$Stub$Proxy@d4ce572, appThread = android.app.IApplicationThread$Stub$Proxy@fd29dc3, debugName = overlayBackTransition }}
02-19 18:55:01.787  4449  4467 V WindowManagerShell:  Checking filter Pair{{types=[] flags=0x0] notFlags=0x0 checks=[{atype=dream independent=true modes=[OPEN,TO_FRONT] flags=NONE mustBeTask=false order=ANY topActivity=null launchCookie=null windowingMode=undefined},{atype=home independent=true modes=[CLOSE,TO_BACK] flags=NONE mustBeTask=false order=ANY topActivity=null launchCookie=null windowingMode=undefined}]} RemoteTransition { remoteTransition = android.window.IRemoteTransition$Stub$Proxy@90c640, appThread = android.app.IApplicationThread$Stub$Proxy@f8c1979, debugName = LauncherToDream }}
02-19 18:55:01.789  4449  4467 V WindowManagerShell:  Checking filter Pair{{types=[] flags=0x0] notFlags=0x100 checks=[{atype=home independent=true modes=[OPEN,TO_FRONT] flags=NONE mustBeTask=false order=TOP topActivity=ComponentInfo{com.google.android.apps.nexuslauncher/com.google.android.apps.nexuslauncher.NexusLauncherActivity} launchCookie=null windowingMode=undefined},{atype=standard independent=true modes=[CLOSE,TO_BACK] flags=NONE mustBeTask=false order=ANY topActivity=null launchCookie=null windowingMode=undefined},{NOT atype=undefined independent=true modes=[] flags=NONE mustBeTask=true order=ANY topActivity=null launchCookie=null customAnim=true windowingMode=undefined}]} RemoteTransition { remoteTransition = android.window.IRemoteTransition$Stub$Proxy@affe6be, appThread = android.app.IApplicationThread$Stub$Proxy@c37531f, debugName = QuickstepLaunchHome }}
02-19 18:55:01.789  4449  4467 D RemoteTransitionHandler: Found filterPair{{types=[] flags=0x0] notFlags=0x100 checks=[{atype=home independent=true modes=[OPEN,TO_FRONT] flags=NONE mustBeTask=false order=TOP topActivity=ComponentInfo{com.google.android.apps.nexuslauncher/com.google.android.apps.nexuslauncher.NexusLauncherActivity} launchCookie=null windowingMode=undefined},{atype=standard independent=true modes=[CLOSE,TO_BACK] flags=NONE mustBeTask=false order=ANY topActivity=null launchCookie=null windowingMode=undefined},{NOT atype=undefined independent=true modes=[] flags=NONE mustBeTask=true order=ANY topActivity=null launchCookie=null customAnim=true windowingMode=undefined}]} RemoteTransition { remoteTransition = android.window.IRemoteTransition$Stub$Proxy@affe6be, appThread = android.app.IApplicationThread$Stub$Proxy@c37531f, debugName = QuickstepLaunchHome }}
02-19 18:55:01.790  4449  4467 V WindowManagerShell:  Delegate animation for (#698) to RemoteTransition { remoteTransition = android.window.IRemoteTransition$Stub$Proxy@affe6be, appThread = android.app.IApplicationThread$Stub$Proxy@c37531f, debugName = QuickstepLaunchHome }
02-19 18:55:01.812   752   794 V WindowManager: Sent Transition (#698) createdAt=02-19 18:55:01.451 via request=TransitionRequestInfo { type = OPEN, triggerTask = TaskInfo{userId=0 taskId=5 effectiveUid=10182 displayId=0 isRunning=true baseIntent=Intent { act=android.intent.action.MAIN cat=[android.intent.category.HOME] flg=0x10000100 cmp=com.google.android.apps.nexuslauncher/.NexusLauncherActivity } baseActivity=ComponentInfo{com.google.android.apps.nexuslauncher/com.google.android.apps.nexuslauncher.NexusLauncherActivity} topActivity=ComponentInfo{com.google.android.apps.nexuslauncher/com.google.android.apps.nexuslauncher.NexusLauncherActivity} origActivity=null realActivity=ComponentInfo{com.google.android.apps.nexuslauncher/com.google.android.apps.nexuslauncher.NexusLauncherActivity} numActivities=1 lastActiveTime=106375302 supportsMultiWindow=true resizeMode=2 isResizeable=true minWidth=-1 minHeight=-1 defaultMinSize=220 token=WCT{RemoteToken{50a2c5f Task{b605570 #5 type=home I=com.google.android.apps.nexuslauncher/.NexusLauncherActivity}}} topActivityType=2 pictureInPictureParams=null shouldDockBigOverlays=false launchIntoPipHostTaskId=-1 lastParentTaskIdBeforePip=-1 displayCutoutSafeInsets=Rect(0, 0 - 0, 0) topActivityInfo=ActivityInfo{f5406ac com.google.android.apps.nexuslauncher.NexusLauncherActivity} launchCookies=[] positionInParent=Point(0, 0) parentTaskId=-1 isFocused=true isVisible=false isVisibleRequested=true isTopActivityNoDisplay=false isSleeping=false locusId=LocusId[17_chars] displayAreaFeatureId=1 isTopActivityTransparent=false isActivityStackTransparent=false lastNonFullscreenBounds=Rect(284, 660 - 796, 1740) capturedLink=null capturedLinkTimestamp=0 requestedVisibleTypes=-9 topActivityRequestOpenInBrowserEducationTimestamp=0 appCompatTaskInfo=AppCompatTaskInfo { topActivityInSizeCompat=false eligibleForLetterboxEducation= false isLetterboxEducationEnabled= true isLetterboxDoubleTapEnabled= false eligibleForUserAspectRatioButton= false topActivityBoundsLetterboxed= false isFromLetterboxDoubleTap= false topActivityLetterboxVerticalPosition= -1 topActivityLetterboxHorizontalPosition= -1 topActivityLetterboxWidth=-1 topActivityLetterboxHeight=-1 topActivityAppBounds=Rect(0, 0 - 1080, 2400) isUserFullscreenOverrideEnabled=false isSystemFullscreenOverrideEnabled=false hasMinAspectRatioOverride=false topActivityLetterboxBounds=null cameraCompatTaskInfo=CameraCompatTaskInfo { freeformCameraCompatMode=inactive}} topActivityMainWindowFrame=null}, pipChange = null, remoteTransition = null, displayChange = null, flags = 0, debugId = 698 }
02-19 18:55:01.813   752   794 V WindowManager:     startWCT=WindowContainerTransaction { changes= {} hops= [] errorCallbackToken=null taskFragmentOrganizer=null }
02-19 18:55:01.813   752   794 V WindowManager:     info={id=698 t=OPEN f=0x0 trk=0 r=[0@Point(0, 0)] c=[
02-19 18:55:01.813   752   794 V WindowManager:         {WCT{RemoteToken{5218fe8 Task{dd43522 #1 type=home}}} m=TO_FRONT f=SHOW_WALLPAPER|MOVE_TO_TOP leash=Surface(name=Task=1)/@0x8ddbd2e sb=Rect(0, 0 - 1080, 2400) eb=Rect(0, 0 - 1080, 2400) epz=Point(1080, 2400) d=0 taskParent=-1},
02-19 18:55:01.813   752   794 V WindowManager:         {WCT{RemoteToken{58f5d87 Task{11d79c0 #78 type=standard A=10217:viva.republica.toss.test}}} m=TO_BACK f=NONE leash=Surface(name=Task=78)/@0x6af51ab sb=Rect(0, 0 - 1080, 2400) eb=Rect(0, 0 - 1080, 2400) epz=Point(1080, 2400) d=0 taskParent=-1},
02-19 18:55:01.813   752   794 V WindowManager:         {m=TO_FRONT f=IS_WALLPAPER leash=Surface(name=WallpaperWindowToken{35e0c0f showWhenLocked=false})/@0x512f5be sb=Rect(0, 0 - 1080, 2400) eb=Rect(0, 0 - 1080, 2400) epz=Point(1080, 2400) d=0}
02-19 18:55:01.813   752   794 V WindowManager:     ]}
02-19 18:55:01.825  7804  7804 D StateManager: createAtomicAnimation - fromState: Background, toState: Normal, partial trace:
02-19 18:55:01.825  7804  7804 D StateManager: 	at com.android.quickstep.util.ScalingWorkspaceRevealAnim.<init>(go/retraceme 72a59688580715d19f0e415c69e80376c2f062d1648c80db6730905005a27c20:39)
02-19 18:55:01.825  7804  7804 D StateManager: 	at com.android.launcher3.QuickstepTransitionManager.createWallpaperOpenAnimations(go/retraceme 72a59688580715d19f0e415c69e80376c2f062d1648c80db6730905005a27c20:168)
02-19 18:55:01.825  7804  7804 D StateManager: 	at com.android.launcher3.QuickstepTransitionManager$WallpaperOpenLauncherAnimationRunner.onAnimationStart(go/retraceme 72a59688580715d19f0e415c69e80376c2f062d1648c80db6730905005a27c20:17)
02-19 18:55:01.825  4449  4467 V WindowManagerShell:  animated by com.android.wm.shell.transition.RemoteTransitionHandler@ef09705
02-19 18:55:01.828  7804  7804 D b/311077782: LauncherAnimationRunner.setAnimation
02-19 18:55:01.846  7804  7823 W HWUI    : Image decoding logging dropped!
02-19 18:55:01.939   531   531 I BpBinder: onLastStrongRef automatically unlinking death recipients: 
02-19 18:55:01.971  7804  7808 I s.nexuslauncher: NativeAlloc concurrent mark compact GC freed 1270KB AllocSpace bytes, 4(208KB) LOS objects, 49% free, 5557KB/10MB, paused 1.121ms,1.429ms total 117.482ms
02-19 18:55:02.003   752   989 I ImeTracker: com.google.android.apps.nexuslauncher:7f204dad: onRequestHide at ORIGIN_SERVER reason HIDE_UNSPECIFIED_WINDOW fromUser false
02-19 18:55:02.036  1563  1563 I GoogleInputMethodService: GoogleInputMethodService.onFinishInput():2043 
02-19 18:55:02.038   752  2503 I ImeTracker: system_server:a50e1cfe: onRequestHide at ORIGIN_SERVER reason IME_REQUESTED_CHANGED_LISTENER fromUser false
02-19 18:55:02.044   752   797 I ImeTracker: system_server:a50e1cfe: onCancelled at PHASE_SERVER_SHOULD_HIDE
02-19 18:55:02.044  1563  1563 I Module  : DeviceLockedStatusModuleProvider$Module.updateDeviceLockedStatus():100 repeatCheckTimes = 0, locked = false
02-19 18:55:02.045  1563  1563 I GoogleInputMethodService: GoogleInputMethodService.onStartInput():1293 onStartInput(EditorInfo{EditorInfo{packageName=com.google.android.apps.nexuslauncher, inputType=0, inputTypeString=NULL, enableLearning=false, autoCorrection=false, autoComplete=false, imeOptions=0, privateImeOptions=null, actionName=UNSPECIFIED, actionLabel=null, initialSelStart=-1, initialSelEnd=-1, initialCapsMode=0, label=null, fieldId=0, fieldName=null, extras=null, hintText=null, hintLocales=[]}}, false)
02-19 18:55:02.047  1563  1563 I Module  : DeviceLockedStatusModuleProvider$Module.updateDeviceLockedStatus():100 repeatCheckTimes = 1, locked = false
02-19 18:55:02.047  1563  1563 I EmojiCompatManager: EmojiCompatManager.getEmojiCompatIfLoaded():343 EmojiCompat.init() was never called.
02-19 18:55:02.047  1563  1563 I EmojiCompatManager: java.lang.IllegalStateException: EmojiCompat is not initialized. Please call EmojiCompat.init() first
02-19 18:55:02.047  1563  1563 I EmojiCompatManager: 	at asx.p(PG:6)
02-19 18:55:02.047  1563  1563 I EmojiCompatManager: 	at axb.b(PG:13)
02-19 18:55:02.047  1563  1563 I EmojiCompatManager: 	at jnr.b(PG:2)
02-19 18:55:02.047  1563  1563 I EmojiCompatManager: 	at jnr.c(PG:4)
02-19 18:55:02.047  1563  1563 I EmojiCompatManager: 	at jnr.f(PG:3)
02-19 18:55:02.047  1563  1563 I EmojiCompatManager: 	at jnx.c(PG:3)
02-19 18:55:02.047  1563  1563 I EmojiCompatManager: 	at kif.cz(PG:47)
02-19 18:55:02.047  1563  1563 I EmojiCompatManager: 	at lhl.run(PG:1025)
02-19 18:55:02.047  1563  1563 I EmojiCompatManager: 	at jaf.execute(PG:12)
02-19 18:55:02.047  1563  1563 I EmojiCompatManager: 	at nco.v(PG:13)
02-19 18:55:02.047  1563  1563 I EmojiCompatManager: 	at lhn.m(PG:96)
02-19 18:55:02.047  1563  1563 I EmojiCompatManager: 	at lhn.k(PG:25)
02-19 18:55:02.047  1563  1563 I EmojiCompatManager: 	at kgn.onStartInput(PG:250)
02-19 18:55:02.047  1563  1563 I EmojiCompatManager: 	at android.inputmethodservice.InputMethodService.doStartInput(InputMethodService.java:3521)
02-19 18:55:02.047  1563  1563 I EmojiCompatManager: 	at android.inputmethodservice.InputMethodService$InputMethodImpl.startInput(InputMethodService.java:879)
02-19 18:55:02.047  1563  1563 I EmojiCompatManager: 	at android.inputmethodservice.InputMethodService$InputMethodImpl.dispatchStartInput(InputMethodService.java:908)
02-19 18:55:02.047  1563  1563 I EmojiCompatManager: 	at android.inputmethodservice.IInputMethodWrapper.executeMessage(IInputMethodWrapper.java:201)
02-19 18:55:02.047  1563  1563 I EmojiCompatManager: 	at com.android.internal.os.HandlerCaller$MyHandler.handleMessage(HandlerCaller.java:44)
02-19 18:55:02.047  1563  1563 I EmojiCompatManager: 	at android.os.Handler.dispatchMessage(Handler.java:110)
02-19 18:55:02.047  1563  1563 I EmojiCompatManager: 	at android.os.Looper.loopOnce(Looper.java:248)
02-19 18:55:02.047  1563  1563 I EmojiCompatManager: 	at android.os.Looper.loop(Looper.java:338)
02-19 18:55:02.047  1563  1563 I EmojiCompatManager: 	at android.app.ActivityThread.main(ActivityThread.java:9067)
02-19 18:55:02.047  1563  1563 I EmojiCompatManager: 	at java.lang.reflect.Method.invoke(Native Method)
02-19 18:55:02.047  1563  1563 I EmojiCompatManager: 	at com.android.internal.os.RuntimeInit$MethodAndArgsCaller.run(RuntimeInit.java:593)
02-19 18:55:02.047  1563  1563 I EmojiCompatManager: 	at com.android.internal.os.ZygoteInit.main(ZygoteInit.java:932)
02-19 18:55:02.048   752  2417 W PackageConfigPersister: App-specific configuration not found for packageName: com.google.android.apps.nexuslauncher and userId: 0
02-19 18:55:02.060  7804  7804 D InsetsController: hide(ime(), fromIme=false)
02-19 18:55:02.062  7804  7804 I ImeTracker: com.google.android.apps.nexuslauncher:7f204dad: onCancelled at PHASE_CLIENT_ALREADY_HIDDEN
02-19 18:55:02.833   752   798 I Choreographer: Skipped 40 frames!  The application may be doing too much work on its main thread.
02-19 18:55:02.868  4449 22136 I HWUI    : Davey! duration=733ms; Flags=0, FrameTimelineVsyncId=1884026, IntendedVsync=106375854685156, Vsync=106375854685156, InputEventId=0, HandleInputStart=106375865482278, AnimationStart=106375865483954, PerformTraversalsStart=106375865484820, DrawStart=106375865551086, FrameDeadline=106375988018484, FrameStartTime=106375865476647, FrameInterval=16666666, WorkloadTarget=16666666, SyncQueued=106375865848804, SyncStart=106375953782873, IssueDrawCommandsStart=106375954284182, SwapBuffers=106375955505338, FrameCompleted=106376676286777, DequeueBufferDuration=28548973, QueueBufferDuration=977015, GpuCompleted=106376676286777, SwapBuffersCompleted=106375986838625, DisplayPresentTime=0, CommandSubmissionCompleted=106375955505338, 
02-19 18:55:02.871  7804  7804 I Choreographer: Skipped 43 frames!  The application may be doing too much work on its main thread.
02-19 18:55:02.873  7804  7804 D ScalingWorkspaceRevealAnim: alpha of workspace at the end of animation: 1.0
02-19 18:55:02.880  4449  4467 V WindowManagerShell: Transition animation finished (aborted=false), notifying core (#698) android.os.BinderProxy@35840b4@0
02-19 18:55:02.886   752   794 V WindowManager: Finish Transition (#698): created at 02-19 18:55:01.451 collect-started=0.037ms request-sent=6.236ms started=8.552ms ready=312.124ms sent=321.475ms commit=60.025ms finished=1432.912ms
02-19 18:55:02.890 16566 16566 D VRI[GraniteActivity]: visibilityChanged oldVisibility=true newVisibility=false
02-19 18:55:02.904  4449  4467 V WindowManagerShell: Track 0 became idle
02-19 18:55:02.905  4449  4467 V WindowManagerShell: All active transition animations finished
02-19 18:55:02.993  7804  7840 I HWUI    : Davey! duration=813ms; Flags=0, FrameTimelineVsyncId=1884111, IntendedVsync=106375988018484, Vsync=106376704685122, InputEventId=0, HandleInputStart=106376718797749, AnimationStart=106376718799343, PerformTraversalsStart=106376726886960, DrawStart=106376727395825, FrameDeadline=106376771351786, FrameStartTime=106376717957376, FrameInterval=16666666, WorkloadTarget=16666666, SyncQueued=106376728626176, SyncStart=106376734566884, IssueDrawCommandsStart=106376737141162, SwapBuffers=106376757199210, FrameCompleted=106376807334143, DequeueBufferDuration=24226469, QueueBufferDuration=539144, GpuCompleted=106376807334143, SwapBuffersCompleted=106376786814968, DisplayPresentTime=0, CommandSubmissionCompleted=106376757199210, 
02-19 18:55:03.015 16566 16700 I ReactNativeJNI: Memory warning (pressure level: TRIM_MEMORY_UI_HIDDEN) received by JS VM, ignoring because it's non-severe
02-19 18:55:03.033 16566 17150 I ReactNativeJNI: Memory warning (pressure level: TRIM_MEMORY_UI_HIDDEN) received by JS VM, ignoring because it's non-severe
02-19 18:55:03.034 16566 16883 I ReactNativeJNI: Memory warning (pressure level: TRIM_MEMORY_UI_HIDDEN) received by JS VM, ignoring because it's non-severe
02-19 18:55:03.035 16566 16992 I ReactNativeJNI: Memory warning (pressure level: TRIM_MEMORY_UI_HIDDEN) received by JS VM, ignoring because it's non-severe
02-19 18:55:03.094   752  2503 W ActivityTaskManager: callingPackage for (uid=2000, pid=17192) has no WPC
02-19 18:55:03.095   752  2503 V GrammaticalInflectionUtils: AttributionSource: android.content.AttributionSource@56784557 does not have READ_SYSTEM_GRAMMATICAL_GENDER permission.
02-19 18:55:03.095   752  2503 W OptProp : Cannot read opt property android.window.PROPERTY_COMPAT_ALLOW_USER_ASPECT_RATIO_OVERRIDE
02-19 18:55:03.095   752  2503 W OptProp : Cannot read opt property android.window.PROPERTY_COMPAT_ALLOW_USER_ASPECT_RATIO_FULLSCREEN_OVERRIDE
02-19 18:55:03.095   752  2503 W OptProp : Cannot read opt property android.window.PROPERTY_COMPAT_ALLOW_RESIZEABLE_ACTIVITY_OVERRIDES
02-19 18:55:03.096   752  2503 W OptProp : Cannot read opt property android.window.PROPERTY_COMPAT_ALLOW_MIN_ASPECT_RATIO_OVERRIDE
02-19 18:55:03.239   752  2503 I ActivityTaskManager: START u0 {act=android.intent.action.VIEW dat=intoss://takealook/... flg=0x10000000 xflg=0x4 cmp=viva.republica.toss.test/im.toss.rn.granite.core.GraniteActivity} with LAUNCH_MULTIPLE from uid 2000 (BAL_ALLOW_PERMISSION) result code=2
02-19 18:55:03.242  4449  4467 V WindowManagerShell: Transition requested (#699): android.os.BinderProxy@f62982d TransitionRequestInfo { type = OPEN, triggerTask = TaskInfo{userId=0 taskId=78 effectiveUid=10217 displayId=0 isRunning=true baseIntent=Intent { act=android.intent.action.VIEW dat=intoss://takealook/... flg=0x10000000 cmp=viva.republica.toss.test/im.toss.rn.granite.core.GraniteActivity } baseActivity=ComponentInfo{viva.republica.toss.test/im.toss.rn.granite.core.GraniteActivity} topActivity=ComponentInfo{viva.republica.toss.test/im.toss.rn.granite.core.GraniteActivity} origActivity=null realActivity=ComponentInfo{viva.republica.toss.test/im.toss.rn.granite.core.GraniteActivity} numActivities=4 lastActiveTime=106375300 supportsMultiWindow=true resizeMode=1 isResizeable=true minWidth=-1 minHeight=-1 defaultMinSize=220 token=WCT{android.window.IWindowContainerToken$Stub$Proxy@726b162} topActivityType=1 pictureInPictureParams=null shouldDockBigOverlays=false launchIntoPipHostTaskId=-1 lastParentTaskIdBeforePip=-1 displayCutoutSafeInsets=Rect(0, 0 - 0, 0) topActivityInfo=ActivityInfo{95192f3 im.toss.rn.granite.core.GraniteActivity} launchCookies=[] positionInParent=Point(0, 0) parentTaskId=-1 isFocused=false isVisible=false isVisibleRequested=false isTopActivityNoDisplay=false isSleeping=false locusId=null displayAreaFeatureId=1 isTopActivityTransparent=false isActivityStackTransparent=false lastNonFullscreenBounds=Rect(284, 660 - 796, 1740) capturedLink=null capturedLinkTimestamp=0 requestedVisibleTypes=-9 topActivityRequestOpenInBrowserEducationTimestamp=0 appCompatTaskInfo=AppCompatTaskInfo { topActivityInSizeCompat=false eligibleForLetterboxEducation= false isLetterboxEducationEnabled= true isLetterboxDoubleTapEnabled= false eligibleForUserAspectRatioButton= false topActivityBoundsLetterboxed= false isFromLetterboxDoubleTap= false topActivityLetterboxVerticalPosition= -1 topActivityLetterboxHorizontalPosition= -1 topActivityLetterboxWidth=-1 topActivityLetterboxHeight=-1 topActivityAppBounds=Rect(0, 0 - 1080, 2400) isUserFullscreenOverrideEnabled=false isSystemFullscreenOverrideEnabled=false hasMinAspectRatioOverride=false topActivityLetterboxBounds=null cameraCompatTaskInfo=CameraCompatTaskInfo { freeformCameraCompatMode=inactive}} topActivityMainWindowFrame=null}, pipChange = null, remoteTransition = null, displayChange = null, flags = 0, debugId = 699 }
02-19 18:55:03.242  4449  4467 D ShellSplitScreen: logExit: no-op, mLoggerSessionId is null
02-19 18:55:03.251   752  2417 W WindowManager: Attempted to add starting window to token but already cleaned
02-19 18:55:03.253  4449  4474 W ShellStartingWindow: Failed to add snapshot starting window res=-5
02-19 18:55:03.267  7804  7804 W SplitSelectStateCtor: Missing session instanceIds
02-19 18:55:03.268  7804  7804 D StatsLog: LAUNCHER_SPLIT_SELECTION_EXIT_INTERRUPTED
02-19 18:55:03.271   531   603 I BpBinder: onLastStrongRef automatically unlinking death recipients: 
02-19 18:55:03.278   531   531 I BpBinder: onLastStrongRef automatically unlinking death recipients: 
02-19 18:55:03.300   752  1095 D BackgroundInstallControlService: Package event received: 0
02-19 18:55:03.300   752  1095 D BackgroundInstallControlService: Package event received: 0
02-19 18:55:03.300  4449  4467 D WindowManagerShell: onActivityRestartAttempt: topActivity=ComponentInfo{viva.republica.toss.test/im.toss.rn.granite.core.GraniteActivity}, wasVisible=false
02-19 18:55:03.301  4449  4467 D WindowManagerShell: setLauncherKeepClearAreaHeight: visible=false, height=527
02-19 18:55:03.305   752  1095 D BackgroundInstallControlService: Package event received: 0
02-19 18:55:03.306   752  1095 D BackgroundInstallControlService: Package event received: 0
02-19 18:55:03.306   752  1095 D BackgroundInstallControlService: Package event received: 0
02-19 18:55:03.306   752  1095 D BackgroundInstallControlService: Package event received: 0
02-19 18:55:03.306   752  1095 D BackgroundInstallControlService: Package event received: 0
02-19 18:55:03.306   752  1095 D BackgroundInstallControlService: Package event received: 0
02-19 18:55:03.306   752  1095 D BackgroundInstallControlService: Package event received: 0
02-19 18:55:03.321 16566 16566 D ViewRootImpl: Skipping stats log for color mode
02-19 18:55:03.384 16566 17199 W unknown:ReconnectingWebSocket: Couldn't connect to "ws://10.0.2.2:8081/message?device=sdk_gphone64_x86_64%20-%2016%20-%20API%2036&app=viva.republica.toss.test&clientid=BridgeDevSupportManager", will silently retry
02-19 18:55:03.452  4449  4582 V WindowManagerShell: onTransitionReady(transaction=3229815427306)
02-19 18:55:03.461  4449  4467 V WindowManagerShell: onTransitionReady (#699) android.os.BinderProxy@f62982d: {id=699 t=OPEN f=0x0 trk=0 r=[0@Point(0, 0)] c=[
02-19 18:55:03.461  4449  4467 V WindowManagerShell:         {m=TO_FRONT f=MOVE_TO_TOP leash=Surface(name=Task=78)/@0xd73cbb0 sb=Rect(0, 0 - 1080, 2400) eb=Rect(0, 0 - 1080, 2400) epz=Point(1080, 2400) d=0 taskParent=-1},
02-19 18:55:03.461  4449  4467 V WindowManagerShell:         {m=TO_BACK f=SHOW_WALLPAPER leash=Surface(name=Task=1)/@0xc7d8a29 sb=Rect(0, 0 - 1080, 2400) eb=Rect(0, 0 - 1080, 2400) epz=Point(1080, 2400) d=0 taskParent=-1},
02-19 18:55:03.461  4449  4467 V WindowManagerShell:         {m=TO_BACK f=IS_WALLPAPER leash=Surface(name=WallpaperWindowToken{35e0c0f showWhenLocked=false})/@0x64281ae sb=Rect(0, 0 - 1080, 2400) eb=Rect(0, 0 - 1080, 2400) epz=Point(1080, 2400) d=0}
02-19 18:55:03.461  4449  4467 V WindowManagerShell:     ]}
02-19 18:55:03.466  4449  4467 V WindowManagerShell: Playing animation for (#699) android.os.BinderProxy@f62982d@0
02-19 18:55:03.467  4449  4467 V ShellRecents: RecentsTransitionHandler.startAnimation: no controller found
02-19 18:55:03.467  4449  4467 V WindowManagerShell: Transition doesn't have explicit remote, search filters for match for {id=699 t=OPEN f=0x0 trk=0 r=[0@Point(0, 0)] c=[{m=TO_FRONT f=MOVE_TO_TOP leash=Surface(name=Task=78)/@0xd73cbb0 sb=Rect(0, 0 - 1080, 2400) eb=Rect(0, 0 - 1080, 2400) epz=Point(1080, 2400) d=0 taskParent=-1},{m=TO_BACK f=SHOW_WALLPAPER leash=Surface(name=Task=1)/@0xc7d8a29 sb=Rect(0, 0 - 1080, 2400) eb=Rect(0, 0 - 1080, 2400) epz=Point(1080, 2400) d=0 taskParent=-1},{m=TO_BACK f=IS_WALLPAPER leash=Surface(name=WallpaperWindowToken{35e0c0f showWhenLocked=false})/@0x64281ae sb=Rect(0, 0 - 1080, 2400) eb=Rect(0, 0 - 1080, 2400) epz=Point(1080, 2400) d=0}]}
02-19 18:55:03.467  4449  4467 V WindowManagerShell:  Checking filter Pair{{types=[] flags=0x0] notFlags=0x0 checks=[{atype=undefined independent=true modes=[CLOSE,TO_BACK] flags=IN_TASK_WITH_EMBEDDED_ACTIVITY mustBeTask=false order=ANY topActivity=null launchCookie=null taskFragmentToken=android.os.BinderProxy@dcfd27d windowingMode=undefined}]} RemoteTransition { remoteTransition = android.window.IRemoteTransition$Stub$Proxy@d4ce572, appThread = android.app.IApplicationThread$Stub$Proxy@fd29dc3, debugName = overlayBackTransition }}
02-19 18:55:03.467  4449  4467 V WindowManagerShell:  Checking filter Pair{{types=[] flags=0x0] notFlags=0x0 checks=[{atype=dream independent=true modes=[OPEN,TO_FRONT] flags=NONE mustBeTask=false order=ANY topActivity=null launchCookie=null windowingMode=undefined},{atype=home independent=true modes=[CLOSE,TO_BACK] flags=NONE mustBeTask=false order=ANY topActivity=null launchCookie=null windowingMode=undefined}]} RemoteTransition { remoteTransition = android.window.IRemoteTransition$Stub$Proxy@90c640, appThread = android.app.IApplicationThread$Stub$Proxy@f8c1979, debugName = LauncherToDream }}
02-19 18:55:03.468  4449  4467 V WindowManagerShell:  Checking filter Pair{{types=[] flags=0x0] notFlags=0x100 checks=[{atype=home independent=true modes=[OPEN,TO_FRONT] flags=NONE mustBeTask=false order=TOP topActivity=ComponentInfo{com.google.android.apps.nexuslauncher/com.google.android.apps.nexuslauncher.NexusLauncherActivity} launchCookie=null windowingMode=undefined},{atype=standard independent=true modes=[CLOSE,TO_BACK] flags=NONE mustBeTask=false order=ANY topActivity=null launchCookie=null windowingMode=undefined},{NOT atype=undefined independent=true modes=[] flags=NONE mustBeTask=true order=ANY topActivity=null launchCookie=null customAnim=true windowingMode=undefined}]} RemoteTransition { remoteTransition = android.window.IRemoteTransition$Stub$Proxy@affe6be, appThread = android.app.IApplicationThread$Stub$Proxy@c37531f, debugName = QuickstepLaunchHome }}
02-19 18:55:03.468  4449  4467 V WindowManagerShell:  Checking filter Pair{{types=[] flags=0x0] notFlags=0x0 checks=[{atype=undefined independent=true modes=[CLOSE,TO_BACK] flags=IN_TASK_WITH_EMBEDDED_ACTIVITY mustBeTask=false order=ANY topActivity=null launchCookie=null taskFragmentToken=android.os.BinderProxy@dcfd27d windowingMode=undefined}]} RemoteTransition { remoteTransition = android.window.IRemoteTransition$Stub$Proxy@3517b6e, appThread = android.app.IApplicationThread$Stub$Proxy@261420f, debugName = overlayBackTransition }}
02-19 18:55:03.468  4449  4467 V WindowManagerShell:  Checking filter Pair{{types=[] flags=0x0] notFlags=0x0 checks=[{atype=dream independent=true modes=[OPEN,TO_FRONT] flags=NONE mustBeTask=false order=ANY topActivity=null launchCookie=null windowingMode=undefined},{atype=home independent=true modes=[CLOSE,TO_BACK] flags=NONE mustBeTask=false order=ANY topActivity=null launchCookie=null windowingMode=undefined}]} RemoteTransition { remoteTransition = android.window.IRemoteTransition$Stub$Proxy@c23e29c, appThread = android.app.IApplicationThread$Stub$Proxy@afb34a5, debugName = LauncherToDream }}
02-19 18:55:03.468  4449  4467 V WindowManagerShell:  Checking filter Pair{{types=[] flags=0x0] notFlags=0x100 checks=[{atype=home independent=true modes=[OPEN,TO_FRONT] flags=NONE mustBeTask=false order=TOP topActivity=ComponentInfo{com.google.android.apps.nexuslauncher/com.google.android.apps.nexuslauncher.NexusLauncherActivity} launchCookie=null windowingMode=undefined},{atype=standard independent=true modes=[CLOSE,TO_BACK] flags=NONE mustBeTask=false order=ANY topActivity=null launchCookie=null windowingMode=undefined},{NOT atype=undefined independent=true modes=[] flags=NONE mustBeTask=true order=ANY topActivity=null launchCookie=null customAnim=true windowingMode=undefined}]} RemoteTransition { remoteTransition = android.window.IRemoteTransition$Stub$Proxy@39de07a, appThread = android.app.IApplicationThread$Stub$Proxy@cf9f02b, debugName = QuickstepLaunchHome }}
02-19 18:55:03.468  4449  4467 V WindowManagerShell:  Delegate animation for (#699) to null
02-19 18:55:03.469  4449  4467 V WindowManagerShell: start default transition animation, info = {id=699 t=OPEN f=0x0 trk=0 r=[0@Point(0, 0)] c=[{m=TO_FRONT f=MOVE_TO_TOP leash=Surface(name=Task=78)/@0xd73cbb0 sb=Rect(0, 0 - 1080, 2400) eb=Rect(0, 0 - 1080, 2400) epz=Point(1080, 2400) d=0 taskParent=-1},{m=TO_BACK f=SHOW_WALLPAPER leash=Surface(name=Task=1)/@0xc7d8a29 sb=Rect(0, 0 - 1080, 2400) eb=Rect(0, 0 - 1080, 2400) epz=Point(1080, 2400) d=0 taskParent=-1},{m=TO_BACK f=IS_WALLPAPER leash=Surface(name=WallpaperWindowToken{35e0c0f showWhenLocked=false})/@0x64281ae sb=Rect(0, 0 - 1080, 2400) eb=Rect(0, 0 - 1080, 2400) epz=Point(1080, 2400) d=0}]}
02-19 18:55:03.470  4449  4467 V WindowManagerShell: loadAnimation: anim=android.view.animation.AnimationSet@d3b9fe5 animAttr=0x13 type=OPEN isEntrance=false
02-19 18:55:03.487  4449  4467 V WindowManagerShell: loadAnimation: anim=android.view.animation.AnimationSet@e6960c8 animAttr=0x12 type=OPEN isEntrance=true
02-19 18:55:03.488   752   794 V WindowManager: Sent Transition (#699) createdAt=02-19 18:55:03.096 via request=TransitionRequestInfo { type = OPEN, triggerTask = TaskInfo{userId=0 taskId=78 effectiveUid=10217 displayId=0 isRunning=true baseIntent=Intent { act=android.intent.action.VIEW dat=intoss://takealook/... flg=0x10000000 cmp=viva.republica.toss.test/im.toss.rn.granite.core.GraniteActivity } baseActivity=ComponentInfo{viva.republica.toss.test/im.toss.rn.granite.core.GraniteActivity} topActivity=ComponentInfo{viva.republica.toss.test/im.toss.rn.granite.core.GraniteActivity} origActivity=null realActivity=ComponentInfo{viva.republica.toss.test/im.toss.rn.granite.core.GraniteActivity} numActivities=4 lastActiveTime=106375300 supportsMultiWindow=true resizeMode=1 isResizeable=true minWidth=-1 minHeight=-1 defaultMinSize=220 token=WCT{RemoteToken{58f5d87 Task{11d79c0 #78 type=standard A=10217:viva.republica.toss.test}}} topActivityType=1 pictureInPictureParams=null shouldDockBigOverlays=false launchIntoPipHostTaskId=-1 lastParentTaskIdBeforePip=-1 displayCutoutSafeInsets=Rect(0, 0 - 0, 0) topActivityInfo=ActivityInfo{9ee002d im.toss.rn.granite.core.GraniteActivity} launchCookies=[] positionInParent=Point(0, 0) parentTaskId=-1 isFocused=false isVisible=false isVisibleRequested=false isTopActivityNoDisplay=false isSleeping=false locusId=null displayAreaFeatureId=1 isTopActivityTransparent=false isActivityStackTransparent=false lastNonFullscreenBounds=Rect(284, 660 - 796, 1740) capturedLink=null capturedLinkTimestamp=0 requestedVisibleTypes=-9 topActivityRequestOpenInBrowserEducationTimestamp=0 appCompatTaskInfo=AppCompatTaskInfo { topActivityInSizeCompat=false eligibleForLetterboxEducation= false isLetterboxEducationEnabled= true isLetterboxDoubleTapEnabled= false eligibleForUserAspectRatioButton= false topActivityBoundsLetterboxed= false isFromLetterboxDoubleTap= false topActivityLetterboxVerticalPosition= -1 topActivityLetterboxHorizontalPosition= -1 topActivityLetterboxWidth=-1 topActivityLetterboxHeight=-1 topActivityAppBounds=Rect(0, 0 - 1080, 2400) isUserFullscreenOverrideEnabled=false isSystemFullscreenOverrideEnabled=false hasMinAspectRatioOverride=false topActivityLetterboxBounds=null cameraCompatTaskInfo=CameraCompatTaskInfo { freeformCameraCompatMode=inactive}} topActivityMainWindowFrame=null}, pipChange = null, remoteTransition = null, displayChange = null, flags = 0, debugId = 699 }
02-19 18:55:03.488   752   794 V WindowManager:     startWCT=WindowContainerTransaction { changes= {} hops= [] errorCallbackToken=null taskFragmentOrganizer=null }
02-19 18:55:03.490   752   794 V WindowManager:     info={id=699 t=OPEN f=0x0 trk=0 r=[0@Point(0, 0)] c=[
02-19 18:55:03.490   752   794 V WindowManager:         {WCT{RemoteToken{58f5d87 Task{11d79c0 #78 type=standard A=10217:viva.republica.toss.test}}} m=TO_FRONT f=MOVE_TO_TOP leash=Surface(name=Task=78)/@0x6af51ab sb=Rect(0, 0 - 1080, 2400) eb=Rect(0, 0 - 1080, 2400) epz=Point(1080, 2400) d=0 taskParent=-1},
02-19 18:55:03.490   752   794 V WindowManager:         {WCT{RemoteToken{5218fe8 Task{dd43522 #1 type=home}}} m=TO_BACK f=SHOW_WALLPAPER leash=Surface(name=Task=1)/@0x8ddbd2e sb=Rect(0, 0 - 1080, 2400) eb=Rect(0, 0 - 1080, 2400) epz=Point(1080, 2400) d=0 taskParent=-1},
02-19 18:55:03.490   752   794 V WindowManager:         {m=TO_BACK f=IS_WALLPAPER leash=Surface(name=WallpaperWindowToken{35e0c0f showWhenLocked=false})/@0x512f5be sb=Rect(0, 0 - 1080, 2400) eb=Rect(0, 0 - 1080, 2400) epz=Point(1080, 2400) d=0}
02-19 18:55:03.490   752   794 V WindowManager:     ]}
02-19 18:55:03.490  4449  4467 V WindowManagerShell:  animated by com.android.wm.shell.transition.DefaultTransitionHandler@f74d823
02-19 18:55:03.578   752   989 I ImeTracker: viva.republica.toss.test:fab5b9ef: onRequestHide at ORIGIN_SERVER reason HIDE_UNSPECIFIED_WINDOW fromUser false
02-19 18:55:03.579 16566 16566 D InsetsController: hide(ime(), fromIme=false)
02-19 18:55:03.580 16566 16566 I ImeTracker: viva.republica.toss.test:fab5b9ef: onCancelled at PHASE_CLIENT_ALREADY_HIDDEN
02-19 18:55:03.587  1563  1563 I GoogleInputMethodService: GoogleInputMethodService.onFinishInput():2043 
02-19 18:55:03.589   752  2502 I ImeTracker: system_server:dc9b9f2c: onRequestHide at ORIGIN_SERVER reason IME_REQUESTED_CHANGED_LISTENER fromUser false
02-19 18:55:03.593  1563  1563 I Module  : DeviceLockedStatusModuleProvider$Module.updateDeviceLockedStatus():100 repeatCheckTimes = 0, locked = false
02-19 18:55:03.596  1563  1563 I GoogleInputMethodService: GoogleInputMethodService.onStartInput():1293 onStartInput(EditorInfo{EditorInfo{packageName=viva.republica.toss.test, inputType=0, inputTypeString=NULL, enableLearning=false, autoCorrection=false, autoComplete=false, imeOptions=0, privateImeOptions=null, actionName=UNSPECIFIED, actionLabel=null, initialSelStart=-1, initialSelEnd=-1, initialCapsMode=0, label=null, fieldId=0, fieldName=null, extras=null, hintText=null, hintLocales=[]}}, false)
02-19 18:55:03.600  1563  1563 I Module  : DeviceLockedStatusModuleProvider$Module.updateDeviceLockedStatus():100 repeatCheckTimes = 1, locked = false
02-19 18:55:03.601   752   797 I ImeTracker: system_server:dc9b9f2c: onCancelled at PHASE_SERVER_SHOULD_HIDE
02-19 18:55:03.605  1563  1563 I EmojiCompatManager: EmojiCompatManager.getEmojiCompatIfLoaded():343 EmojiCompat.init() was never called.
02-19 18:55:03.605  1563  1563 I EmojiCompatManager: java.lang.IllegalStateException: EmojiCompat is not initialized. Please call EmojiCompat.init() first
02-19 18:55:03.605  1563  1563 I EmojiCompatManager: 	at asx.p(PG:6)
02-19 18:55:03.605  1563  1563 I EmojiCompatManager: 	at axb.b(PG:13)
02-19 18:55:03.605  1563  1563 I EmojiCompatManager: 	at jnr.b(PG:2)
02-19 18:55:03.605  1563  1563 I EmojiCompatManager: 	at jnr.c(PG:4)
02-19 18:55:03.605  1563  1563 I EmojiCompatManager: 	at jnr.f(PG:3)
02-19 18:55:03.605  1563  1563 I EmojiCompatManager: 	at jnx.c(PG:3)
02-19 18:55:03.605  1563  1563 I EmojiCompatManager: 	at kif.cz(PG:47)
02-19 18:55:03.605  1563  1563 I EmojiCompatManager: 	at lhl.run(PG:1025)
02-19 18:55:03.605  1563  1563 I EmojiCompatManager: 	at jaf.execute(PG:12)
02-19 18:55:03.605  1563  1563 I EmojiCompatManager: 	at nco.v(PG:13)
02-19 18:55:03.605  1563  1563 I EmojiCompatManager: 	at lhn.m(PG:96)
02-19 18:55:03.605  1563  1563 I EmojiCompatManager: 	at lhn.k(PG:25)
02-19 18:55:03.605  1563  1563 I EmojiCompatManager: 	at kgn.onStartInput(PG:250)
02-19 18:55:03.605  1563  1563 I EmojiCompatManager: 	at android.inputmethodservice.InputMethodService.doStartInput(InputMethodService.java:3521)
02-19 18:55:03.605  1563  1563 I EmojiCompatManager: 	at android.inputmethodservice.InputMethodService$InputMethodImpl.startInput(InputMethodService.java:879)
02-19 18:55:03.605  1563  1563 I EmojiCompatManager: 	at android.inputmethodservice.InputMethodService$InputMethodImpl.dispatchStartInput(InputMethodService.java:908)
02-19 18:55:03.605  1563  1563 I EmojiCompatManager: 	at android.inputmethodservice.IInputMethodWrapper.executeMessage(IInputMethodWrapper.java:201)
02-19 18:55:03.605  1563  1563 I EmojiCompatManager: 	at com.android.internal.os.HandlerCaller$MyHandler.handleMessage(HandlerCaller.java:44)
02-19 18:55:03.605  1563  1563 I EmojiCompatManager: 	at android.os.Handler.dispatchMessage(Handler.java:110)
02-19 18:55:03.605  1563  1563 I EmojiCompatManager: 	at android.os.Looper.loopOnce(Looper.java:248)
02-19 18:55:03.605  1563  1563 I EmojiCompatManager: 	at android.os.Looper.loop(Looper.java:338)
02-19 18:55:03.605  1563  1563 I EmojiCompatManager: 	at android.app.ActivityThread.main(ActivityThread.java:9067)
02-19 18:55:03.605  1563  1563 I EmojiCompatManager: 	at java.lang.reflect.Method.invoke(Native Method)
02-19 18:55:03.605  1563  1563 I EmojiCompatManager: 	at com.android.internal.os.RuntimeInit$MethodAndArgsCaller.run(RuntimeInit.java:593)
02-19 18:55:03.605  1563  1563 I EmojiCompatManager: 	at com.android.internal.os.ZygoteInit.main(ZygoteInit.java:932)
02-19 18:55:03.606   752  2305 W PackageConfigPersister: App-specific configuration not found for packageName: viva.republica.toss.test and userId: 0
02-19 18:55:03.714 16566 17150 D ReactNativeJS: '[Analytics]', '{\n  "log_type": "screen",\n  "log_name": "/::screen",\n  "params": {\n    "referrer": null,\n    "deployment_id": "local",\n    "deployment_timestamp": null\n  }\n}'
02-19 18:55:03.786  4449  4467 V WindowManagerShell: Transition animation finished (aborted=false), notifying core (#699) android.os.BinderProxy@f62982d@0
02-19 18:55:03.790   752   794 V WindowManager: Finish Transition (#699): created at 02-19 18:55:03.096 collect-started=0.037ms request-sent=142.669ms started=163.594ms ready=242.933ms sent=352.705ms commit=50.512ms finished=692.468ms
02-19 18:55:03.796  4449  4467 V WindowManagerShell: Track 0 became idle
02-19 18:55:03.797  4449  4467 V WindowManagerShell: All active transition animations finished
02-19 18:55:03.799  7804  7804 D VRI[NexusLauncherActivity]: visibilityChanged oldVisibility=true newVisibility=false
02-19 18:55:03.800  7804  7804 D NexusLauncherModelDelegate: notifySmartspaceEvent: SmartspaceTargetEvent{mSmartspaceTarget=null, mSmartspaceActionId='null', mEventType=7}
02-19 18:55:03.813  7804  7804 D BaseDepthController: setSurface:
02-19 18:55:03.813  7804  7804 D BaseDepthController: 	mWaitingOnSurfaceValidity: false
02-19 18:55:03.813  7804  7804 D BaseDepthController: 	mBaseSurface: null
02-19 18:55:03.813  7804  7804 D BaseDepthController: mSurface is null and mCurrentBlur is: 0
02-19 18:55:03.817  7804  7804 D StateManager: goToState - fromState: Normal, toState: Normal, partial trace:
02-19 18:55:03.817  7804  7804 D StateManager: 	at com.android.launcher3.statemanager.StateManager.moveToRestState(go/retraceme 72a59688580715d19f0e415c69e80376c2f062d1648c80db6730905005a27c20:4)
02-19 18:55:03.817  7804  7804 D StateManager: 	at com.android.launcher3.statemanager.StateManager.moveToRestState(go/retraceme 72a59688580715d19f0e415c69e80376c2f062d1648c80db6730905005a27c20:1)
02-19 18:55:03.817  7804  7804 D StateManager: 	at com.android.launcher3.statemanager.StatefulActivity.onStop(go/retraceme 72a59688580715d19f0e415c69e80376c2f062d1648c80db6730905005a27c20:34)
02-19 18:55:03.818  7804  7804 D StatsLog: LAUNCHER_ONSTOP
02-19 18:55:03.828  7804  7804 D StatsLog: LAUNCHER_GOOGLE_SEARCH_RESTORE_LIST_SIZE_AFTER_ACTIVITY_RESTART
02-19 18:55:03.871   752  1095 D BackgroundInstallControlService: Package event received: 0
