02-19 12:18:13.653  4449  4467 V WindowManagerShell:  Checking filter Pair{{types=[] flags=0x0] notFlags=0x0 checks=[{atype=dream independent=true modes=[OPEN,TO_FRONT] flags=NONE mustBeTask=false order=ANY topActivity=null launchCookie=null windowingMode=undefined},{atype=home independent=true modes=[CLOSE,TO_BACK] flags=NONE mustBeTask=false order=ANY topActivity=null launchCookie=null windowingMode=undefined}]} RemoteTransition { remoteTransition = android.window.IRemoteTransition$Stub$Proxy@6f3eb41, appThread = android.app.IApplicationThread$Stub$Proxy@ccf28e6, debugName = LauncherToDream }}
02-19 12:18:13.653  4449  4467 V WindowManagerShell:  Checking filter Pair{{types=[] flags=0x0] notFlags=0x100 checks=[{atype=home independent=true modes=[OPEN,TO_FRONT] flags=NONE mustBeTask=false order=TOP topActivity=ComponentInfo{com.google.android.apps.nexuslauncher/com.google.android.apps.nexuslauncher.NexusLauncherActivity} launchCookie=null windowingMode=undefined},{atype=standard independent=true modes=[CLOSE,TO_BACK] flags=NONE mustBeTask=false order=ANY topActivity=null launchCookie=null windowingMode=undefined},{NOT atype=undefined independent=true modes=[] flags=NONE mustBeTask=true order=ANY topActivity=null launchCookie=null customAnim=true windowingMode=undefined}]} RemoteTransition { remoteTransition = android.window.IRemoteTransition$Stub$Proxy@a8eae27, appThread = android.app.IApplicationThread$Stub$Proxy@fa38d4, debugName = QuickstepLaunchHome }}
02-19 12:18:13.653  4449  4467 V WindowManagerShell:  Delegate animation for (#278) to null
02-19 12:18:13.653  4449  4467 V WindowManagerShell: start default transition animation, info = {id=278 t=OPEN f=0x0 trk=0 r=[0@Point(0, 0)] c=[{m=TO_FRONT f=MOVE_TO_TOP leash=Surface(name=Task=48)/@0x43c1027 sb=Rect(0, 0 - 1080, 2400) eb=Rect(0, 0 - 1080, 2400) epz=Point(1080, 2400) d=0 taskParent=-1},{m=TO_BACK f=SHOW_WALLPAPER leash=Surface(name=Task=1)/@0xfa8f2d4 sb=Rect(0, 0 - 1080, 2400) eb=Rect(0, 0 - 1080, 2400) epz=Point(1080, 2400) d=0 taskParent=-1},{m=TO_BACK f=IS_WALLPAPER leash=Surface(name=WallpaperWindowToken{35e0c0f showWhenLocked=false})/@0x8e42c7d sb=Rect(0, 0 - 1080, 2400) eb=Rect(0, 0 - 1080, 2400) epz=Point(1080, 2400) d=0}]}
02-19 12:18:13.658  4449  4467 V WindowManagerShell: loadAnimation: anim=android.view.animation.AnimationSet@d4f87c3 animAttr=0x13 type=OPEN isEntrance=false
02-19 12:18:13.660 28285 28610 W unknown:ReconnectingWebSocket: Couldn't connect to "ws://10.0.2.2:8081/message?device=sdk_gphone64_x86_64%20-%2016%20-%20API%2036&app=viva.republica.toss.test&clientid=BridgeDevSupportManager", will silently retry
02-19 12:18:13.650   752   794 V WindowManager:     startWCT=WindowContainerTransaction { changes= {} hops= [] errorCallbackToken=null taskFragmentOrganizer=null }
02-19 12:18:13.681   752   794 V WindowManager:     info={id=278 t=OPEN f=0x0 trk=0 r=[0@Point(0, 0)] c=[
02-19 12:18:13.681   752   794 V WindowManager:         {WCT{RemoteToken{1dba69d Task{1507662 #48 type=standard A=10217:viva.republica.toss.test}}} m=TO_FRONT f=MOVE_TO_TOP leash=Surface(name=Task=48)/@0x1541561 sb=Rect(0, 0 - 1080, 2400) eb=Rect(0, 0 - 1080, 2400) epz=Point(1080, 2400) d=0 taskParent=-1},
02-19 12:18:13.681   752   794 V WindowManager:         {WCT{RemoteToken{5218fe8 Task{dd43522 #1 type=home}}} m=TO_BACK f=SHOW_WALLPAPER leash=Surface(name=Task=1)/@0x8ddbd2e sb=Rect(0, 0 - 1080, 2400) eb=Rect(0, 0 - 1080, 2400) epz=Point(1080, 2400) d=0 taskParent=-1},
02-19 12:18:13.681   752   794 V WindowManager:         {m=TO_BACK f=IS_WALLPAPER leash=Surface(name=WallpaperWindowToken{35e0c0f showWhenLocked=false})/@0x512f5be sb=Rect(0, 0 - 1080, 2400) eb=Rect(0, 0 - 1080, 2400) epz=Point(1080, 2400) d=0}
02-19 12:18:13.681   752   794 V WindowManager:     ]}
02-19 12:18:13.697  4449  4467 V WindowManagerShell: loadAnimation: anim=android.view.animation.AnimationSet@a0c6840 animAttr=0x12 type=OPEN isEntrance=true
02-19 12:18:13.700 28599 28599 I Monkey  : ## Network stats: elapsed time=83ms (0ms mobile, 0ms wifi, 83ms not connected)
02-19 12:18:13.702  4449  4467 V WindowManagerShell:  animated by com.android.wm.shell.transition.DefaultTransitionHandler@f74d823
02-19 12:18:13.704  4449  4449 W DSRotLockSettingsMngr: Setting is ignored, but no fallback was specified.
02-19 12:18:13.725 28599 28599 I app_process: System.exit called, status: 0
02-19 12:18:13.725 28599 28599 I AndroidRuntime: VM exiting with result code 0.
02-19 12:18:13.875   752   984 I EventHub: Removing device Monkey touch due to epoll hang-up event.
02-19 12:18:13.875   752   984 I EventHub: Removed device: path=/dev/input/event14 name=Monkey touch id=24 fd=495 classes=TOUCH | TOUCH_MT
02-19 12:18:13.910   752  1456 W HWUI    : Image decoding logging dropped!
02-19 12:18:13.921   752  4596 W HWUI    : Failed to choose config with EGL_SWAP_BEHAVIOR_PRESERVED, retrying without...
02-19 12:18:13.921   752  4596 W HWUI    : Failed to initialize 101010-2 format, error = EGL_SUCCESS
02-19 12:18:13.953   752   984 I InputReader: Device removed: id=24, eventHubId=24, name='Monkey touch', descriptor='e1fe28b90f915c7d1febbd52c1ef84b3c4cbed9f', sources=TOUCHSCREEN
02-19 12:18:14.002  4449  4467 V WindowManagerShell: Transition animation finished (aborted=false), notifying core (#278) android.os.BinderProxy@47fdf1a@0
02-19 12:18:14.004   752   794 V WindowManager: Finish Transition (#278): created at 02-19 12:18:13.553 collect-started=0.188ms request-sent=7.481ms started=17.22ms ready=62.207ms sent=71.523ms commit=89.64ms finished=450.238ms
02-19 12:18:14.005  1341  1341 D VRI[NexusLauncherActivity]: visibilityChanged oldVisibility=true newVisibility=false
02-19 12:18:14.012  4449  4467 V WindowManagerShell: Track 0 became idle
02-19 12:18:14.013  4449  4467 V WindowManagerShell: All active transition animations finished
02-19 12:18:14.020   752   984 E WindowManager: Display reconfigured outside of a transition: Display{#0 state=ON size=1080x2400 ROTATION_0}
02-19 12:18:14.025  4449  4449 D NavigationModeController: getCurrentUserContext: contextUser=0 currentUser=0
02-19 12:18:14.025   752   984 I EventHub: Removing device '/dev/input/event14' due to inotify event
02-19 12:18:14.030  1341  1341 D NexusLauncherModelDelegate: notifySmartspaceEvent: SmartspaceTargetEvent{mSmartspaceTarget=null, mSmartspaceActionId='null', mEventType=7}
02-19 12:18:14.039   752   797 W PermissionService: getPermissionFlags: Unknown user -1
02-19 12:18:14.040   752   797 W PermissionService: getPermissionFlags: Unknown user -1
02-19 12:18:14.043   752   989 I ImeTracker: viva.republica.toss.test:170e8577: onRequestHide at ORIGIN_SERVER reason HIDE_UNSPECIFIED_WINDOW fromUser false
02-19 12:18:14.050  1563  1563 I GoogleInputMethodService: GoogleInputMethodService.onFinishInput():2043 
02-19 12:18:14.052   752  2377 I ImeTracker: system_server:5e6de301: onRequestHide at ORIGIN_SERVER reason IME_REQUESTED_CHANGED_LISTENER fromUser false
02-19 12:18:14.053  1563  1563 I Module  : DeviceLockedStatusModuleProvider$Module.updateDeviceLockedStatus():100 repeatCheckTimes = 0, locked = false
02-19 12:18:14.054  1563  1563 I GoogleInputMethodService: GoogleInputMethodService.onStartInput():1293 onStartInput(EditorInfo{EditorInfo{packageName=viva.republica.toss.test, inputType=0, inputTypeString=NULL, enableLearning=false, autoCorrection=false, autoComplete=false, imeOptions=0, privateImeOptions=null, actionName=UNSPECIFIED, actionLabel=null, initialSelStart=-1, initialSelEnd=-1, initialCapsMode=0, label=null, fieldId=0, fieldName=null, extras=null, hintText=null, hintLocales=[]}}, false)
02-19 12:18:14.055  1341  1341 D BaseDepthController: setSurface:
02-19 12:18:14.055  1341  1341 D BaseDepthController: 	mWaitingOnSurfaceValidity: false
02-19 12:18:14.055  1341  1341 D BaseDepthController: 	mBaseSurface: null
02-19 12:18:14.059  1563  1563 I Module  : DeviceLockedStatusModuleProvider$Module.updateDeviceLockedStatus():100 repeatCheckTimes = 1, locked = false
02-19 12:18:14.060  1563  1563 I EmojiCompatManager: EmojiCompatManager.getEmojiCompatIfLoaded():343 EmojiCompat.init() was never called.
02-19 12:18:14.060  1563  1563 I EmojiCompatManager: java.lang.IllegalStateException: EmojiCompat is not initialized. Please call EmojiCompat.init() first
02-19 12:18:14.060  1563  1563 I EmojiCompatManager: 	at asx.p(PG:6)
02-19 12:18:14.060  1563  1563 I EmojiCompatManager: 	at axb.b(PG:13)
02-19 12:18:14.060  1563  1563 I EmojiCompatManager: 	at jnr.b(PG:2)
02-19 12:18:14.060  1563  1563 I EmojiCompatManager: 	at jnr.c(PG:4)
02-19 12:18:14.060  1563  1563 I EmojiCompatManager: 	at jnr.f(PG:3)
02-19 12:18:14.060  1563  1563 I EmojiCompatManager: 	at jnx.c(PG:3)
02-19 12:18:14.060  1563  1563 I EmojiCompatManager: 	at kif.cz(PG:47)
02-19 12:18:14.060  1563  1563 I EmojiCompatManager: 	at lhl.run(PG:1025)
02-19 12:18:14.060  1563  1563 I EmojiCompatManager: 	at jaf.execute(PG:12)
02-19 12:18:14.060  1563  1563 I EmojiCompatManager: 	at nco.v(PG:13)
02-19 12:18:14.060  1563  1563 I EmojiCompatManager: 	at lhn.m(PG:96)
02-19 12:18:14.060  1563  1563 I EmojiCompatManager: 	at lhn.k(PG:25)
02-19 12:18:14.060  1563  1563 I EmojiCompatManager: 	at kgn.onStartInput(PG:250)
02-19 12:18:14.060  1563  1563 I EmojiCompatManager: 	at android.inputmethodservice.InputMethodService.doStartInput(InputMethodService.java:3521)
02-19 12:18:14.060  1563  1563 I EmojiCompatManager: 	at android.inputmethodservice.InputMethodService$InputMethodImpl.startInput(InputMethodService.java:879)
02-19 12:18:14.060  1563  1563 I EmojiCompatManager: 	at android.inputmethodservice.InputMethodService$InputMethodImpl.dispatchStartInput(InputMethodService.java:908)
02-19 12:18:14.060  1563  1563 I EmojiCompatManager: 	at android.inputmethodservice.IInputMethodWrapper.executeMessage(IInputMethodWrapper.java:201)
02-19 12:18:14.060  1563  1563 I EmojiCompatManager: 	at com.android.internal.os.HandlerCaller$MyHandler.handleMessage(HandlerCaller.java:44)
02-19 12:18:14.060  1563  1563 I EmojiCompatManager: 	at android.os.Handler.dispatchMessage(Handler.java:110)
02-19 12:18:14.060  1563  1563 I EmojiCompatManager: 	at android.os.Looper.loopOnce(Looper.java:248)
02-19 12:18:14.060  1563  1563 I EmojiCompatManager: 	at android.os.Looper.loop(Looper.java:338)
02-19 12:18:14.060  1563  1563 I EmojiCompatManager: 	at android.app.ActivityThread.main(ActivityThread.java:9067)
02-19 12:18:14.060  1563  1563 I EmojiCompatManager: 	at java.lang.reflect.Method.invoke(Native Method)
02-19 12:18:14.060  1563  1563 I EmojiCompatManager: 	at com.android.internal.os.RuntimeInit$MethodAndArgsCaller.run(RuntimeInit.java:593)
02-19 12:18:14.060  1563  1563 I EmojiCompatManager: 	at com.android.internal.os.ZygoteInit.main(ZygoteInit.java:932)
02-19 12:18:14.061   752  1981 W PackageConfigPersister: App-specific configuration not found for packageName: viva.republica.toss.test and userId: 0
02-19 12:18:14.061 28285 28285 D InsetsController: hide(ime(), fromIme=false)
02-19 12:18:14.062 28285 28285 I ImeTracker: viva.republica.toss.test:170e8577: onCancelled at PHASE_CLIENT_ALREADY_HIDDEN
02-19 12:18:14.062  1341  1341 D BaseDepthController: mSurface is null and mCurrentBlur is: 0
02-19 12:18:14.062   752   797 I ImeTracker: system_server:5e6de301: onCancelled at PHASE_SERVER_SHOULD_HIDE
02-19 12:18:14.066  1341  1341 D StateManager: goToState - fromState: Normal, toState: Normal, partial trace:
02-19 12:18:14.066  1341  1341 D StateManager: 	at com.android.launcher3.statemanager.StateManager.moveToRestState(go/retraceme 72a59688580715d19f0e415c69e80376c2f062d1648c80db6730905005a27c20:4)
02-19 12:18:14.066  1341  1341 D StateManager: 	at com.android.launcher3.statemanager.StateManager.moveToRestState(go/retraceme 72a59688580715d19f0e415c69e80376c2f062d1648c80db6730905005a27c20:1)
02-19 12:18:14.066  1341  1341 D StateManager: 	at com.android.launcher3.statemanager.StatefulActivity.onStop(go/retraceme 72a59688580715d19f0e415c69e80376c2f062d1648c80db6730905005a27c20:34)
02-19 12:18:14.067  1341  1341 D StatsLog: LAUNCHER_ONSTOP
02-19 12:18:14.071  1341  1341 D StatsLog: LAUNCHER_GOOGLE_SEARCH_RESTORE_LIST_SIZE_AFTER_ACTIVITY_RESTART
02-19 12:18:14.080 28285 28436 D ReactNativeJS: '[Analytics]', '{\n  "log_type": "screen",\n  "log_name": "/::screen",\n  "params": {\n    "referrer": null,\n    "deployment_id": "local",\n    "deployment_timestamp": null\n  }\n}'
02-19 12:18:14.107  1341  1341 D TouchInteractionService: disposeEventHandlers: Reason: Initializing input monitor due to: onTrackpadConnected() instance=252030532
02-19 12:18:14.108  1341  1341 D InputMonitorCompat: Input event receiver for monitor (swipe-up-disp0) disposed
02-19 12:18:14.108  1341  1341 D InputMonitorCompat: Input monitor (swipe-up-disp0) disposed
02-19 12:18:14.111  1341  1341 D InputMonitorCompat: Input monitor (swipe-up-disp0) created
02-19 12:18:14.111  1341  1341 D InputMonitorCompat: Input event receiver for monitor (swipe-up-disp0) created
02-19 12:18:14.118   752  1095 D BackgroundInstallControlService: Package event received: 0
02-19 12:18:14.251  1341  1341 I NotificationListener: received notification removed event - android#UserHandle{-1},category=-1
02-19 12:18:14.251  1971  2386 W AiAiEcho: LyftNotificationParser Ridesharing ETA not enabled
02-19 12:18:14.251  1971  2386 I AiAiEcho: SmartspaceNotificationPredictor no parser can handle this notification or notification is invalid
02-19 12:18:17.450   531   568 W EventThread: Faking VSYNC due to driver stall for thread app
02-19 12:18:17.450  4449  4449 I Choreographer: Skipped 191 frames!  The application may be doing too much work on its main thread.
02-19 12:18:17.456 28285 28285 I Choreographer: Skipped 191 frames!  The application may be doing too much work on its main thread.
02-19 12:18:17.459   752  1029 D InetDiagMessage: Destroyed 0 sockets, proto=IPPROTO_TCP, family=AF_INET, states=14
02-19 12:18:17.464   752  1029 D InetDiagMessage: Destroyed 0 sockets, proto=IPPROTO_TCP, family=AF_INET6, states=14
02-19 12:18:17.464   752  1029 D InetDiagMessage: Destroyed live tcp sockets for uids={10144} in 6ms
02-19 12:18:17.466   752  1029 D InetDiagMessage: Destroyed 0 sockets, proto=IPPROTO_TCP, family=AF_INET, states=14
02-19 12:18:17.469   752  1029 D InetDiagMessage: Destroyed 0 sockets, proto=IPPROTO_TCP, family=AF_INET6, states=14
02-19 12:18:17.470   752  1029 D InetDiagMessage: Destroyed live tcp sockets for uids={20144} in 5ms
02-19 12:18:17.491  4449 20936 W HWUI    : Failed to choose config with EGL_SWAP_BEHAVIOR_PRESERVED, retrying without...
02-19 12:18:17.492  4449 20936 W HWUI    : Failed to initialize 101010-2 format, error = EGL_SUCCESS
02-19 12:18:17.506 28614 28614 W dumpsys : Thread Pool max thread count is 0. Cannot cache binder as linkToDeath cannot be implemented. serviceName: window
02-19 12:18:17.662 14715 14715 D BoundBrokerSvc: onUnbind: Intent { act=com.google.android.gms.appset.service.START dat=chimera-action:/... xflg=0x4 cmp=com.google.android.gms/.chimera.GmsApiService }
02-19 12:18:17.751  3092  3092 I Finsky:background: [2] Memory trim requested to level 40
02-19 12:18:17.762  3092  3175 I Finsky:background: [48] Current account updated in PVS
02-19 12:18:17.756 14001 14001 I Finsky  : [2] Memory trim requested to level 40
02-19 12:18:17.771 14001 14001 I Finsky  : [2] Flushing in-memory image cache
02-19 12:18:17.775 14001 14038 I Finsky  : [56] Current account updated in PVS
02-19 12:18:17.783  3092  3092 I Finsky:background: [2] Memory trim requested to level 40
02-19 12:18:17.785 14001 14001 I Finsky  : [2] Memory trim requested to level 40
02-19 12:18:17.785 14001 14001 I Finsky  : [2] Flushing in-memory image cache
02-19 12:18:17.787  3092  3150 I Finsky:background: [44] Current account updated in PVS
02-19 12:18:17.789 14001 14039 I Finsky  : [57] Current account updated in PVS
02-19 12:18:17.789  4449  4512 W HWUI    : Image decoding logging dropped!
02-19 12:18:17.804  4449  4512 W HWUI    : Image decoding logging dropped!
02-19 12:18:18.008 28619 28619 W screencap: Thread Pool max thread count is 0. Cannot cache binder as linkToDeath cannot be implemented. serviceName: SurfaceFlingerAIDL
02-19 12:18:18.008 28619 28619 W BpBinder: Linking to death on android.gui.ISurfaceComposer but there are no threads (yet?) listening to incoming transactions. See ProcessState::startThreadPool and ProcessState::setThreadPoolMaxThreadCount. Generally you should setup the binder threadpool before other initialization steps.
02-19 12:18:18.009 28619 28619 W ProcessState: Extra binder thread started, but 0 threads requested. Do not use *startThreadPool when zero threads are requested.
02-19 12:18:18.011   531   602 E HwcComposer: getLuts failed Status(-8, EX_SERVICE_SPECIFIC): '8: '
02-19 12:18:18.011   531   602 E HWComposer: getLuts: getLuts failed for display 4619827259835644672: UNSUPPORTED (8)
02-19 12:18:18.021   752  1856 E TaskPersister: File error accessing recents directory (directory doesn't exist?).
