--------- beginning of main
02-19 22:11:45.921   752  1029 D InetDiagMessage: Destroyed 0 sockets, proto=IPPROTO_TCP, family=AF_INET, states=14
02-19 22:11:45.925   752  1029 D InetDiagMessage: Destroyed 0 sockets, proto=IPPROTO_TCP, family=AF_INET6, states=14
02-19 22:11:45.926   752  1029 D InetDiagMessage: Destroyed live tcp sockets for uids={10168} in 7ms
02-19 22:11:45.929   615  2506 E IPCThreadState: Binder transaction failure. id: 3141101, BR_*: 29189, error: -3 (No such process)
02-19 22:11:45.935   752  1029 D InetDiagMessage: Destroyed 0 sockets, proto=IPPROTO_TCP, family=AF_INET, states=14
02-19 22:11:45.938   752  1029 D InetDiagMessage: Destroyed 0 sockets, proto=IPPROTO_TCP, family=AF_INET6, states=14
02-19 22:11:45.938   752  1029 D InetDiagMessage: Destroyed live tcp sockets for uids={20168} in 11ms
02-19 22:11:45.961   752  1233 I ImeTracker: viva.republica.toss.test:3b84de20: onRequestHide at ORIGIN_SERVER reason HIDE_REMOVE_CLIENT fromUser false
02-19 22:11:45.961   752  1029 D ConnectivityService: releasing NetworkRequest [ REQUEST id=1142, [ Capabilities: INTERNET&NOT_RESTRICTED&TRUSTED&NOT_VCN_MANAGED&NOT_BANDWIDTH_CONSTRAINED Uid: 10217 RequestorUid: 10217 RequestorPkg: viva.republica.toss.test UnderlyingNetworks: Null] ] (release request)
02-19 22:11:45.961   752  1233 I ImeTracker: viva.republica.toss.test:3b84de20: onCancelled at PHASE_SERVER_SHOULD_HIDE
02-19 22:11:45.965   458   458 I Zygote  : Process 7232 exited due to signal 9 (Killed)
--------- beginning of system
02-19 22:11:45.970   752  1454 I WindowManager: WIN DEATH: Window{f1bdcfd u0 PopupWindow:85a70c7}
02-19 22:11:45.970   752  1454 I WindowManager: WIN DEATH: Window{7097085 u0 viva.republica.toss.test/im.toss.rn.granite.core.GraniteActivity}
02-19 22:11:45.971   752   795 W Looper  : Drained
02-19 22:11:45.984   752  1790 D CompatChangeReporter: Compat change id reported: 311208629; UID 10217; state: ENABLED
02-19 22:11:45.985  7255  7255 I cr_ChildProcessService: Destroying ChildProcessService pid=7255
02-19 22:11:45.991  4449 30775 V WindowManagerShell: onTransitionReady(transaction=3229815439309)
02-19 22:11:45.992  4449  4467 V WindowManagerShell: onTransitionReady (#1144) android.os.BinderProxy@317fa53: {id=1144 t=OPEN f=0x0 trk=0 r=[0@Point(0, 0)] c=[
02-19 22:11:45.992  4449  4467 V WindowManagerShell:         {m=TO_FRONT f=SHOW_WALLPAPER|MOVE_TO_TOP leash=Surface(name=Task=1)/@0xd54188e sb=Rect(0, 0 - 1080, 2400) eb=Rect(0, 0 - 1080, 2400) epz=Point(1080, 2400) d=0 taskParent=-1},
02-19 22:11:45.992  4449  4467 V WindowManagerShell:         {m=TO_BACK f=NONE leash=Surface(name=Task=190)/@0x81de8af sb=Rect(0, 0 - 1080, 2400) eb=Rect(0, 0 - 1080, 2400) epz=Point(1080, 2400) d=0 taskParent=-1},
02-19 22:11:45.992  4449  4467 V WindowManagerShell:         {m=TO_FRONT f=IS_WALLPAPER leash=Surface(name=WallpaperWindowToken{35e0c0f showWhenLocked=false})/@0x7fb94bc sb=Rect(0, 0 - 1080, 2400) eb=Rect(0, 0 - 1080, 2400) epz=Point(1080, 2400) d=0}
02-19 22:11:45.992  4449  4467 V WindowManagerShell:     ]}
02-19 22:11:45.992  4449  4467 V WindowManagerShell: Playing animation for (#1144) android.os.BinderProxy@317fa53@0
02-19 22:11:45.992  4449  4467 V ShellRecents: RecentsTransitionHandler.startAnimation: no controller found
02-19 22:11:45.992  4449  4467 V WindowManagerShell: Transition doesn't have explicit remote, search filters for match for {id=1144 t=OPEN f=0x0 trk=0 r=[0@Point(0, 0)] c=[{m=TO_FRONT f=SHOW_WALLPAPER|MOVE_TO_TOP leash=Surface(name=Task=1)/@0xd54188e sb=Rect(0, 0 - 1080, 2400) eb=Rect(0, 0 - 1080, 2400) epz=Point(1080, 2400) d=0 taskParent=-1},{m=TO_BACK f=NONE leash=Surface(name=Task=190)/@0x81de8af sb=Rect(0, 0 - 1080, 2400) eb=Rect(0, 0 - 1080, 2400) epz=Point(1080, 2400) d=0 taskParent=-1},{m=TO_FRONT f=IS_WALLPAPER leash=Surface(name=WallpaperWindowToken{35e0c0f showWhenLocked=false})/@0x7fb94bc sb=Rect(0, 0 - 1080, 2400) eb=Rect(0, 0 - 1080, 2400) epz=Point(1080, 2400) d=0}]}
02-19 22:11:45.993  4449  4467 V WindowManagerShell:  Checking filter Pair{{types=[] flags=0x0] notFlags=0x0 checks=[{atype=undefined independent=true modes=[CLOSE,TO_BACK] flags=IN_TASK_WITH_EMBEDDED_ACTIVITY mustBeTask=false order=ANY topActivity=null launchCookie=null taskFragmentToken=android.os.BinderProxy@71546f0 windowingMode=undefined}]} RemoteTransition { remoteTransition = android.window.IRemoteTransition$Stub$Proxy@d4c8469, appThread = android.app.IApplicationThread$Stub$Proxy@c228eee, debugName = overlayBackTransition }}
02-19 22:11:45.993  4449  4467 V WindowManagerShell:  Checking filter Pair{{types=[] flags=0x0] notFlags=0x0 checks=[{atype=dream independent=true modes=[OPEN,TO_FRONT] flags=NONE mustBeTask=false order=ANY topActivity=null launchCookie=null windowingMode=undefined},{atype=home independent=true modes=[CLOSE,TO_BACK] flags=NONE mustBeTask=false order=ANY topActivity=null launchCookie=null windowingMode=undefined}]} RemoteTransition { remoteTransition = android.window.IRemoteTransition$Stub$Proxy@c578f8f, appThread = android.app.IApplicationThread$Stub$Proxy@69fe21c, debugName = LauncherToDream }}
02-19 22:11:45.993  4449  4467 V WindowManagerShell:  Checking filter Pair{{types=[] flags=0x0] notFlags=0x100 checks=[{atype=home independent=true modes=[OPEN,TO_FRONT] flags=NONE mustBeTask=false order=TOP topActivity=ComponentInfo{com.google.android.apps.nexuslauncher/com.google.android.apps.nexuslauncher.NexusLauncherActivity} launchCookie=null windowingMode=undefined},{atype=standard independent=true modes=[CLOSE,TO_BACK] flags=NONE mustBeTask=false order=ANY topActivity=null launchCookie=null windowingMode=undefined},{NOT atype=undefined independent=true modes=[] flags=NONE mustBeTask=true order=ANY topActivity=null launchCookie=null customAnim=true windowingMode=undefined}]} RemoteTransition { remoteTransition = android.window.IRemoteTransition$Stub$Proxy@69ffe25, appThread = android.app.IApplicationThread$Stub$Proxy@72cabfa, debugName = QuickstepLaunchHome }}
02-19 22:11:45.993  4449  4467 D RemoteTransitionHandler: Found filterPair{{types=[] flags=0x0] notFlags=0x100 checks=[{atype=home independent=true modes=[OPEN,TO_FRONT] flags=NONE mustBeTask=false order=TOP topActivity=ComponentInfo{com.google.android.apps.nexuslauncher/com.google.android.apps.nexuslauncher.NexusLauncherActivity} launchCookie=null windowingMode=undefined},{atype=standard independent=true modes=[CLOSE,TO_BACK] flags=NONE mustBeTask=false order=ANY topActivity=null launchCookie=null windowingMode=undefined},{NOT atype=undefined independent=true modes=[] flags=NONE mustBeTask=true order=ANY topActivity=null launchCookie=null customAnim=true windowingMode=undefined}]} RemoteTransition { remoteTransition = android.window.IRemoteTransition$Stub$Proxy@69ffe25, appThread = android.app.IApplicationThread$Stub$Proxy@72cabfa, debugName = QuickstepLaunchHome }}
02-19 22:11:45.993  4449  4467 V WindowManagerShell:  Delegate animation for (#1144) to RemoteTransition { remoteTransition = android.window.IRemoteTransition$Stub$Proxy@69ffe25, appThread = android.app.IApplicationThread$Stub$Proxy@72cabfa, debugName = QuickstepLaunchHome }
02-19 22:11:46.014  7255  7255 I ocessService0:0: System.exit called, status: 0
02-19 22:11:46.014  7255  7255 I AndroidRuntime: VM exiting with result code 0, cleanup skipped.
02-19 22:11:46.018   615  2506 E CameraService: notifyMonitoredUids: Failed to trigger permission callback for 10217:7232: -129
02-19 22:11:46.018   615  2506 E CameraService: handleBinderStatus: Muting similar errors from listener 10217:7232
02-19 22:11:46.031 19166 19166 D StateManager: createAtomicAnimation - fromState: Background, toState: Normal, partial trace:
02-19 22:11:46.031 19166 19166 D StateManager: 	at com.android.quickstep.util.ScalingWorkspaceRevealAnim.<init>(go/retraceme 72a59688580715d19f0e415c69e80376c2f062d1648c80db6730905005a27c20:39)
02-19 22:11:46.031 19166 19166 D StateManager: 	at com.android.launcher3.QuickstepTransitionManager.createWallpaperOpenAnimations(go/retraceme 72a59688580715d19f0e415c69e80376c2f062d1648c80db6730905005a27c20:168)
02-19 22:11:46.031 19166 19166 D StateManager: 	at com.android.launcher3.QuickstepTransitionManager$WallpaperOpenLauncherAnimationRunner.onAnimationStart(go/retraceme 72a59688580715d19f0e415c69e80376c2f062d1648c80db6730905005a27c20:17)
02-19 22:11:46.032 19166 19166 D b/311077782: LauncherAnimationRunner.setAnimation
02-19 22:11:46.043   752  1095 D BackgroundInstallControlService: Package event received: 0
02-19 22:11:46.044   752  1029 D InetDiagMessage: Destroyed 0 sockets, proto=IPPROTO_TCP, family=AF_INET, states=14
02-19 22:11:46.045  1263  1263 I Zygote  : Process 7255 exited cleanly (0)
02-19 22:11:46.047   752  1029 D InetDiagMessage: Destroyed 0 sockets, proto=IPPROTO_TCP, family=AF_INET6, states=14
02-19 22:11:46.047   752  1029 D InetDiagMessage: Destroyed live tcp sockets for uids={10217} in 10ms
02-19 22:11:46.047   752   807 I libprocessgroup: Removed cgroup /sys/fs/cgroup/apps/uid_10217/pid_7232
02-19 22:11:46.049   752  1029 D InetDiagMessage: Destroyed 0 sockets, proto=IPPROTO_TCP, family=AF_INET, states=14
02-19 22:11:46.064   752  1029 D InetDiagMessage: Destroyed 0 sockets, proto=IPPROTO_TCP, family=AF_INET6, states=14
02-19 22:11:46.067   752  1029 D InetDiagMessage: Destroyed live tcp sockets for uids={20217} in 20ms
02-19 22:11:46.081   531   531 I BpBinder: onLastStrongRef automatically unlinking death recipients: 
02-19 22:11:46.087   752   794 V WindowManager: Sent Transition (#1144) createdAt=02-19 22:11:45.549 via request=TransitionRequestInfo { type = OPEN, triggerTask = TaskInfo{userId=0 taskId=5 effectiveUid=10182 displayId=0 isRunning=true baseIntent=Intent { act=android.intent.action.MAIN cat=[android.intent.category.HOME] flg=0x10000100 cmp=com.google.android.apps.nexuslauncher/.NexusLauncherActivity } baseActivity=ComponentInfo{com.google.android.apps.nexuslauncher/com.google.android.apps.nexuslauncher.NexusLauncherActivity} topActivity=ComponentInfo{com.google.android.apps.nexuslauncher/com.google.android.apps.nexuslauncher.NexusLauncherActivity} origActivity=null realActivity=ComponentInfo{com.google.android.apps.nexuslauncher/com.google.android.apps.nexuslauncher.NexusLauncherActivity} numActivities=1 lastActiveTime=118179416 supportsMultiWindow=true resizeMode=2 isResizeable=true minWidth=-1 minHeight=-1 defaultMinSize=220 token=WCT{RemoteToken{50a2c5f Task{b605570 #5 type=home I=com.google.android.apps.nexuslauncher/.NexusLauncherActivity}}} topActivityType=2 pictureInPictureParams=null shouldDockBigOverlays=false launchIntoPipHostTaskId=-1 lastParentTaskIdBeforePip=-1 displayCutoutSafeInsets=Rect(0, 0 - 0, 0) topActivityInfo=ActivityInfo{f5406ac com.google.android.apps.nexuslauncher.NexusLauncherActivity} launchCookies=[] positionInParent=Point(0, 0) parentTaskId=-1 isFocused=true isVisible=false isVisibleRequested=true isTopActivityNoDisplay=false isSleeping=false locusId=LocusId[17_chars] displayAreaFeatureId=1 isTopActivityTransparent=false isActivityStackTransparent=false lastNonFullscreenBounds=Rect(284, 660 - 796, 1740) capturedLink=null capturedLinkTimestamp=0 requestedVisibleTypes=-9 topActivityRequestOpenInBrowserEducationTimestamp=0 appCompatTaskInfo=AppCompatTaskInfo { topActivityInSizeCompat=false eligibleForLetterboxEducation= false isLetterboxEducationEnabled= true isLetterboxDoubleTapEnabled= false eligibleForUserAspectRatioButton= false topActivityBoundsLetterboxed= false isFromLetterboxDoubleTap= false topActivityLetterboxVerticalPosition= -1 topActivityLetterboxHorizontalPosition= -1 topActivityLetterboxWidth=-1 topActivityLetterboxHeight=-1 topActivityAppBounds=Rect(0, 0 - 1080, 2400) isUserFullscreenOverrideEnabled=false isSystemFullscreenOverrideEnabled=false hasMinAspectRatioOverride=false topActivityLetterboxBounds=null cameraCompatTaskInfo=CameraCompatTaskInfo { freeformCameraCompatMode=inactive}} topActivityMainWindowFrame=null}, pipChange = null, remoteTransition = null, displayChange = null, flags = 0, debugId = 1144 }
02-19 22:11:46.087   752   794 V WindowManager:     startWCT=WindowContainerTransaction { changes= {} hops= [] errorCallbackToken=null taskFragmentOrganizer=null }
02-19 22:11:46.088   752   794 V WindowManager:     info={id=1144 t=OPEN f=0x0 trk=0 r=[0@Point(0, 0)] c=[
02-19 22:11:46.088   752   794 V WindowManager:         {WCT{RemoteToken{5218fe8 Task{dd43522 #1 type=home}}} m=TO_FRONT f=SHOW_WALLPAPER|MOVE_TO_TOP leash=Surface(name=Task=1)/@0x8ddbd2e sb=Rect(0, 0 - 1080, 2400) eb=Rect(0, 0 - 1080, 2400) epz=Point(1080, 2400) d=0 taskParent=-1},
02-19 22:11:46.088   752   794 V WindowManager:         {WCT{RemoteToken{a923477 Task{cabb847 #190 type=standard A=10217:viva.republica.toss.test}}} m=TO_BACK f=NONE leash=Surface(name=Task=190)/@0xdd5511 sb=Rect(0, 0 - 1080, 2400) eb=Rect(0, 0 - 1080, 2400) epz=Point(1080, 2400) d=0 taskParent=-1},
02-19 22:11:46.088   752   794 V WindowManager:         {m=TO_FRONT f=IS_WALLPAPER leash=Surface(name=WallpaperWindowToken{35e0c0f showWhenLocked=false})/@0x512f5be sb=Rect(0, 0 - 1080, 2400) eb=Rect(0, 0 - 1080, 2400) epz=Point(1080, 2400) d=0}
02-19 22:11:46.088   752   794 V WindowManager:     ]}
02-19 22:11:46.095 19166 19190 W HWUI    : Image decoding logging dropped!
02-19 22:11:46.104   752   797 W ActivityManager: setHasOverlayUi called on unknown pid: 7232
02-19 22:11:46.104  4449  4467 V WindowManagerShell:  animated by com.android.wm.shell.transition.RemoteTransitionHandler@ef09705
02-19 22:11:46.108   752   797 I ActivityManager: Killing 7255:com.google.android.webview:sandboxed_process0:org.chromium.content.app.SandboxedProcessService0:0/u0a217i116 (adj 0): isolated not needed
02-19 22:11:46.139   752  1095 D BackgroundInstallControlService: Package event received: 0
02-19 22:11:46.202   752   807 I libprocessgroup: Removed cgroup /sys/fs/cgroup/apps/uid_99116/pid_7255
02-19 22:11:46.274   752   989 I ImeTracker: com.google.android.apps.nexuslauncher:e9871055: onRequestHide at ORIGIN_SERVER reason HIDE_UNSPECIFIED_WINDOW fromUser false
02-19 22:11:46.293 20022 20022 I GoogleInputMethodService: GoogleInputMethodService.onFinishInput():2043 
02-19 22:11:46.310 20022 20022 I Module  : DeviceLockedStatusModuleProvider$Module.updateDeviceLockedStatus():100 repeatCheckTimes = 0, locked = false
02-19 22:11:46.324   752  1246 I ImeTracker: system_server:d62c06f2: onRequestHide at ORIGIN_SERVER reason IME_REQUESTED_CHANGED_LISTENER fromUser false
02-19 22:11:46.355   752   797 I ImeTracker: system_server:d62c06f2: onCancelled at PHASE_SERVER_SHOULD_HIDE
02-19 22:11:46.357 20022 20022 I GoogleInputMethodService: GoogleInputMethodService.onStartInput():1293 onStartInput(EditorInfo{EditorInfo{packageName=com.google.android.apps.nexuslauncher, inputType=0, inputTypeString=NULL, enableLearning=false, autoCorrection=false, autoComplete=false, imeOptions=0, privateImeOptions=null, actionName=UNSPECIFIED, actionLabel=null, initialSelStart=-1, initialSelEnd=-1, initialCapsMode=0, label=null, fieldId=0, fieldName=null, extras=null, hintText=null, hintLocales=[]}}, false)
02-19 22:11:46.367 20022 20022 I EmojiCompatManager: EmojiCompatManager.getEmojiCompatIfLoaded():343 EmojiCompat.init() was never called.
02-19 22:11:46.367 20022 20022 I EmojiCompatManager: java.lang.IllegalStateException: EmojiCompat is not initialized. Please call EmojiCompat.init() first
02-19 22:11:46.367 20022 20022 I EmojiCompatManager: 	at asx.p(PG:6)
02-19 22:11:46.367 20022 20022 I EmojiCompatManager: 	at axb.b(PG:13)
02-19 22:11:46.367 20022 20022 I EmojiCompatManager: 	at jnr.b(PG:2)
02-19 22:11:46.367 20022 20022 I EmojiCompatManager: 	at jnr.c(PG:4)
02-19 22:11:46.367 20022 20022 I EmojiCompatManager: 	at jnr.f(PG:3)
02-19 22:11:46.367 20022 20022 I EmojiCompatManager: 	at jnx.c(PG:3)
02-19 22:11:46.367 20022 20022 I EmojiCompatManager: 	at kif.cz(PG:47)
02-19 22:11:46.367 20022 20022 I EmojiCompatManager: 	at lhl.run(PG:1025)
02-19 22:11:46.367 20022 20022 I EmojiCompatManager: 	at jaf.execute(PG:12)
02-19 22:11:46.367 20022 20022 I EmojiCompatManager: 	at nco.v(PG:13)
02-19 22:11:46.367 20022 20022 I EmojiCompatManager: 	at lhn.m(PG:96)
02-19 22:11:46.367 20022 20022 I EmojiCompatManager: 	at lhn.k(PG:25)
02-19 22:11:46.367 20022 20022 I EmojiCompatManager: 	at kgn.onStartInput(PG:250)
02-19 22:11:46.367 20022 20022 I EmojiCompatManager: 	at android.inputmethodservice.InputMethodService.doStartInput(InputMethodService.java:3521)
02-19 22:11:46.367 20022 20022 I EmojiCompatManager: 	at android.inputmethodservice.InputMethodService$InputMethodImpl.startInput(InputMethodService.java:879)
02-19 22:11:46.367 20022 20022 I EmojiCompatManager: 	at android.inputmethodservice.InputMethodService$InputMethodImpl.dispatchStartInput(InputMethodService.java:908)
02-19 22:11:46.367 20022 20022 I EmojiCompatManager: 	at android.inputmethodservice.IInputMethodWrapper.executeMessage(IInputMethodWrapper.java:201)
02-19 22:11:46.367 20022 20022 I EmojiCompatManager: 	at com.android.internal.os.HandlerCaller$MyHandler.handleMessage(HandlerCaller.java:44)
02-19 22:11:46.367 20022 20022 I EmojiCompatManager: 	at android.os.Handler.dispatchMessage(Handler.java:110)
02-19 22:11:46.367 20022 20022 I EmojiCompatManager: 	at android.os.Looper.loopOnce(Looper.java:248)
02-19 22:11:46.367 20022 20022 I EmojiCompatManager: 	at android.os.Looper.loop(Looper.java:338)
02-19 22:11:46.367 20022 20022 I EmojiCompatManager: 	at android.app.ActivityThread.main(ActivityThread.java:9067)
02-19 22:11:46.367 20022 20022 I EmojiCompatManager: 	at java.lang.reflect.Method.invoke(Native Method)
02-19 22:11:46.367 20022 20022 I EmojiCompatManager: 	at com.android.internal.os.RuntimeInit$MethodAndArgsCaller.run(RuntimeInit.java:593)
02-19 22:11:46.367 20022 20022 I EmojiCompatManager: 	at com.android.internal.os.ZygoteInit.main(ZygoteInit.java:932)
02-19 22:11:46.375 19166 19166 D InsetsController: hide(ime(), fromIme=false)
02-19 22:11:46.375 19166 19166 I ImeTracker: com.google.android.apps.nexuslauncher:e9871055: onCancelled at PHASE_CLIENT_ALREADY_HIDDEN
02-19 22:11:46.379 20022 20022 I Module  : DeviceLockedStatusModuleProvider$Module.updateDeviceLockedStatus():100 repeatCheckTimes = 1, locked = false
02-19 22:11:46.401   752  2363 W PackageConfigPersister: App-specific configuration not found for packageName: com.google.android.apps.nexuslauncher and userId: 0
02-19 22:11:46.993   752   795 W Looper  : Slow delivery took 272ms android.ui app=system_server main=false group=TOP_APP h=android.view.Choreographer$FrameHandler c=null m=2
02-19 22:11:47.039  7388  7388 W dumpsys : Thread Pool max thread count is 0. Cannot cache binder as linkToDeath cannot be implemented. serviceName: window
02-19 22:11:47.072 19166 19166 D ScalingWorkspaceRevealAnim: alpha of workspace at the end of animation: 1.0
02-19 22:11:47.077  4449  4467 V WindowManagerShell: Transition animation finished (aborted=false), notifying core (#1144) android.os.BinderProxy@317fa53@0
02-19 22:11:47.196   752  1246 E IPCThreadState: Binder transaction failure. id: 3141704, BR_*: 29189, error: -22 (Invalid argument)
02-19 22:11:47.200   752  1246 W ActivityManager: pid 752 system sent binder code 7 with flags 1 to frozen apps and got error -32
02-19 22:11:47.201   752  1246 W WindowManager: Exception thrown during dispatchAppVisibility Window{f1bdcfd u0 PopupWindow:85a70c7 EXITING}
02-19 22:11:47.201   752  1246 W WindowManager: android.os.DeadObjectException
02-19 22:11:47.201   752  1246 W WindowManager: 	at android.os.BinderProxy.transactNative(Native Method)
02-19 22:11:47.201   752  1246 W WindowManager: 	at android.os.BinderProxy.transact(BinderProxy.java:592)
02-19 22:11:47.201   752  1246 W WindowManager: 	at android.view.IWindow$Stub$Proxy.dispatchAppVisibility(IWindow.java:557)
02-19 22:11:47.201   752  1246 W WindowManager: 	at com.android.server.wm.WindowState.sendAppVisibilityToClients(WindowState.java:3151)
02-19 22:11:47.201   752  1246 W WindowManager: 	at com.android.server.wm.WindowContainer.sendAppVisibilityToClients(WindowContainer.java:1311)
02-19 22:11:47.201   752  1246 W WindowManager: 	at com.android.server.wm.WindowState.sendAppVisibilityToClients(WindowState.java:3138)
02-19 22:11:47.201   752  1246 W WindowManager: 	at com.android.server.wm.WindowContainer.sendAppVisibilityToClients(WindowContainer.java:1311)
02-19 22:11:47.201   752  1246 W WindowManager: 	at com.android.server.wm.WindowToken.setClientVisible(WindowToken.java:389)
02-19 22:11:47.201   752  1246 W WindowManager: 	at com.android.server.wm.ActivityRecord.setClientVisible(ActivityRecord.java:6650)
02-19 22:11:47.201   752  1246 W WindowManager: 	at com.android.server.wm.ActivityRecord.commitVisibility(ActivityRecord.java:5561)
02-19 22:11:47.201   752  1246 W WindowManager: 	at com.android.server.wm.Transition.finishTransition(Transition.java:1391)
02-19 22:11:47.201   752  1246 W WindowManager: 	at com.android.server.wm.TransitionController.finishTransition(TransitionController.java:1029)
02-19 22:11:47.201   752  1246 W WindowManager: 	at com.android.server.wm.WindowOrganizerController.finishTransition(WindowOrganizerController.java:496)
02-19 22:11:47.201   752  1246 W WindowManager: 	at android.window.IWindowOrganizerController$Stub.onTransact(IWindowOrganizerController.java:261)
02-19 22:11:47.201   752  1246 W WindowManager: 	at com.android.server.wm.WindowOrganizerController.onTransact(WindowOrganizerController.java:223)
02-19 22:11:47.201   752  1246 W WindowManager: 	at android.os.Binder.execTransactInternal(Binder.java:1426)
02-19 22:11:47.201   752  1246 W WindowManager: 	at android.os.Binder.execTransact(Binder.java:1365)
02-19 22:11:47.201   752  1246 W Process : Unable to open /proc/7232/status
02-19 22:11:47.204   752   794 V WindowManager: Finish Transition (#1144): created at 02-19 22:11:45.549 collect-started=0.092ms request-sent=28.255ms started=37.449ms ready=438.007ms sent=440.15ms commit=27.281ms finished=1637.706ms
02-19 22:11:47.208   752  1246 E IPCThreadState: Binder transaction failure. id: 3141708, BR_*: 29189, error: -22 (Invalid argument)
02-19 22:11:47.208   752  1246 W ActivityManager: pid 752 system sent binder code 7 with flags 1 to frozen apps and got error -32
02-19 22:11:47.209   752  1246 D ActivityManager: Too many transaction errors, throttling freezer binder callback.
02-19 22:11:47.209   752  1246 W WindowManager: Exception thrown during dispatchAppVisibility Window{7097085 u0 viva.republica.toss.test/im.toss.rn.granite.core.GraniteActivity EXITING}
02-19 22:11:47.209   752  1246 W WindowManager: android.os.DeadObjectException
02-19 22:11:47.209   752  1246 W WindowManager: 	at android.os.BinderProxy.transactNative(Native Method)
02-19 22:11:47.209   752  1246 W WindowManager: 	at android.os.BinderProxy.transact(BinderProxy.java:592)
02-19 22:11:47.209   752  1246 W WindowManager: 	at android.view.IWindow$Stub$Proxy.dispatchAppVisibility(IWindow.java:557)
02-19 22:11:47.209   752  1246 W WindowManager: 	at com.android.server.wm.WindowState.sendAppVisibilityToClients(WindowState.java:3151)
02-19 22:11:47.209   752  1246 W WindowManager: 	at com.android.server.wm.WindowContainer.sendAppVisibilityToClients(WindowContainer.java:1311)
02-19 22:11:47.209   752  1246 W WindowManager: 	at com.android.server.wm.WindowToken.setClientVisible(WindowToken.java:389)
02-19 22:11:47.209   752  1246 W WindowManager: 	at com.android.server.wm.ActivityRecord.setClientVisible(ActivityRecord.java:6650)
02-19 22:11:47.209   752  1246 W WindowManager: 	at com.android.server.wm.ActivityRecord.commitVisibility(ActivityRecord.java:5561)
02-19 22:11:47.209   752  1246 W WindowManager: 	at com.android.server.wm.Transition.finishTransition(Transition.java:1391)
02-19 22:11:47.209   752  1246 W WindowManager: 	at com.android.server.wm.TransitionController.finishTransition(TransitionController.java:1029)
02-19 22:11:47.209   752  1246 W WindowManager: 	at com.android.server.wm.WindowOrganizerController.finishTransition(WindowOrganizerController.java:496)
02-19 22:11:47.209   752  1246 W WindowManager: 	at android.window.IWindowOrganizerController$Stub.onTransact(IWindowOrganizerController.java:261)
02-19 22:11:47.209   752  1246 W WindowManager: 	at com.android.server.wm.WindowOrganizerController.onTransact(WindowOrganizerController.java:223)
02-19 22:11:47.209   752  1246 W WindowManager: 	at android.os.Binder.execTransactInternal(Binder.java:1426)
02-19 22:11:47.209   752  1246 W WindowManager: 	at android.os.Binder.execTransact(Binder.java:1365)
02-19 22:11:47.210   752  1246 W Process : Unable to open /proc/7232/status
02-19 22:11:47.213   752   795 W Looper  : Drained
02-19 22:11:47.228  4449  4467 V WindowManagerShell: Track 0 became idle
02-19 22:11:47.229  4449  4467 V WindowManagerShell: All active transition animations finished
02-19 22:11:47.251   531   531 E BpTransactionCompletedListener: Failed to transact (-32)
02-19 22:11:47.251   531   531 E BpTransactionCompletedListener: Failed to transact (-32)
02-19 22:11:47.265 19166 19166 D RecentsView: onTaskRemoved: 190, not handling task stack changes
02-19 22:11:47.265 19166 19166 D RecentsView: onTaskRemoved: 190, not handling task stack changes
02-19 22:11:47.474   752  2363 W ActivityTaskManager: callingPackage for (uid=2000, pid=7393) has no WPC
02-19 22:11:47.488   752  2363 V GrammaticalInflectionUtils: AttributionSource: android.content.AttributionSource@56784557 does not have READ_SYSTEM_GRAMMATICAL_GENDER permission.
02-19 22:11:47.489   752  2363 W OptProp : Cannot read opt property android.window.PROPERTY_COMPAT_ALLOW_USER_ASPECT_RATIO_OVERRIDE
02-19 22:11:47.490   752  2363 W OptProp : Cannot read opt property android.window.PROPERTY_COMPAT_ALLOW_USER_ASPECT_RATIO_FULLSCREEN_OVERRIDE
02-19 22:11:47.491   752  2363 W OptProp : Cannot read opt property android.window.PROPERTY_COMPAT_ALLOW_RESIZEABLE_ACTIVITY_OVERRIDES
02-19 22:11:47.491   752  2363 W OptProp : Cannot read opt property android.window.PROPERTY_COMPAT_ALLOW_MIN_ASPECT_RATIO_OVERRIDE
02-19 22:11:47.517   752  2363 W OptProp : Cannot read opt property android.window.PROPERTY_COMPAT_ALLOW_ORIENTATION_OVERRIDE
02-19 22:11:47.519   531   603 I BpBinder: onLastStrongRef automatically unlinking death recipients: 
02-19 22:11:47.537   752  2363 I ActivityTaskManager: START u0 {act=android.intent.action.VIEW dat=intoss://takealook/... flg=0x10000000 xflg=0x4 cmp=viva.republica.toss.test/im.toss.rn.granite.core.GraniteActivity} with LAUNCH_MULTIPLE from uid 2000 (BAL_ALLOW_PERMISSION) result code=0
02-19 22:11:47.538  4449  4467 V WindowManagerShell: Transition requested (#1145): android.os.BinderProxy@8703efd TransitionRequestInfo { type = OPEN, triggerTask = TaskInfo{userId=0 taskId=191 effectiveUid=10217 displayId=0 isRunning=true baseIntent=Intent { act=android.intent.action.VIEW dat=intoss://takealook/... flg=0x10000000 cmp=viva.republica.toss.test/im.toss.rn.granite.core.GraniteActivity } baseActivity=ComponentInfo{viva.republica.toss.test/im.toss.rn.granite.core.GraniteActivity} topActivity=ComponentInfo{viva.republica.toss.test/im.toss.rn.granite.core.GraniteActivity} origActivity=null realActivity=ComponentInfo{viva.republica.toss.test/im.toss.rn.granite.core.GraniteActivity} numActivities=1 lastActiveTime=118181381 supportsMultiWindow=true resizeMode=1 isResizeable=true minWidth=-1 minHeight=-1 defaultMinSize=220 token=WCT{android.window.IWindowContainerToken$Stub$Proxy@faa17f2} topActivityType=1 pictureInPictureParams=null shouldDockBigOverlays=false launchIntoPipHostTaskId=-1 lastParentTaskIdBeforePip=-1 displayCutoutSafeInsets=Rect(0, 0 - 0, 0) topActivityInfo=ActivityInfo{5e41e43 im.toss.rn.granite.core.GraniteActivity} launchCookies=[] positionInParent=Point(0, 0) parentTaskId=-1 isFocused=false isVisible=false isVisibleRequested=false isTopActivityNoDisplay=false isSleeping=false locusId=null displayAreaFeatureId=1 isTopActivityTransparent=false isActivityStackTransparent=false lastNonFullscreenBounds=Rect(284, 660 - 796, 1740) capturedLink=null capturedLinkTimestamp=0 requestedVisibleTypes=-9 topActivityRequestOpenInBrowserEducationTimestamp=0 appCompatTaskInfo=AppCompatTaskInfo { topActivityInSizeCompat=false eligibleForLetterboxEducation= false isLetterboxEducationEnabled= true isLetterboxDoubleTapEnabled= false eligibleForUserAspectRatioButton= false topActivityBoundsLetterboxed= false isFromLetterboxDoubleTap= false topActivityLetterboxVerticalPosition= -1 topActivityLetterboxHorizontalPosition= -1 topActivityLetterboxWidth=-1 topActivityLetterboxHeight=-1 topActivityAppBounds=Rect(0, 0 - 1080, 2400) isUserFullscreenOverrideEnabled=false isSystemFullscreenOverrideEnabled=false hasMinAspectRatioOverride=false topActivityLetterboxBounds=null cameraCompatTaskInfo=CameraCompatTaskInfo { freeformCameraCompatMode=inactive}} topActivityMainWindowFrame=null}, pipChange = null, remoteTransition = null, displayChange = null, flags = 0, debugId = 1145 }
02-19 22:11:47.538  4449  4467 D ShellSplitScreen: logExit: no-op, mLoggerSessionId is null
02-19 22:11:47.542 19166 19166 W SplitSelectStateCtor: Missing session instanceIds
02-19 22:11:47.542 19166 19166 D StatsLog: LAUNCHER_SPLIT_SELECTION_EXIT_INTERRUPTED
02-19 22:11:47.546   752  1233 D CompatChangeReporter: Compat change id reported: 309578419; UID 10217; state: ENABLED
02-19 22:11:47.551  4449  4467 D WindowManagerShell: setLauncherKeepClearAreaHeight: visible=false, height=527
02-19 22:11:47.558  4449  4475 W HWUI    : Image decoding logging dropped!
02-19 22:11:47.581   752   797 V GrammaticalInflectionUtils: AttributionSource: android.content.AttributionSource@56784557 does not have READ_SYSTEM_GRAMMATICAL_GENDER permission.
02-19 22:11:47.592   752  1095 D BackgroundInstallControlService: Package event received: 0
02-19 22:11:47.597   458   458 D Zygote  : Forked child process 7396
02-19 22:11:47.599   752   806 I ActivityManager: Start proc 7396:viva.republica.toss.test/u0a217 for next-top-activity {viva.republica.toss.test/im.toss.rn.granite.core.GraniteActivity}
02-19 22:11:47.600   615 21625 W IPCThreadState: Sending oneway calls to frozen process.
02-19 22:11:47.602   752   806 I ActivityManager: ProcessObserver broadcast disabled
02-19 22:11:47.607   752   797 W IPCThreadState: Sending oneway calls to frozen process.
02-19 22:11:47.610   752   797 W ProcessStats: Tracking association SourceState{1b917ca system/1000 BFgs #28442} whose proc state 4 is better than process ProcessState{42c4ef0 com.google.android.ext.services/10208 pkg=com.google.android.ext.services} proc state 14 (14 skipped)
02-19 22:11:47.633   752   775 I system_server: Background concurrent mark compact GC freed 22MB AllocSpace bytes, 48(1516KB) LOS objects, 41% free, 34MB/58MB, paused 6.861ms,19.412ms total 489.280ms
02-19 22:11:47.636   752   776 I BpBinder: onLastStrongRef automatically unlinking death recipients: 
02-19 22:11:47.659   752   777 W System  : A resource failed to call release. 
02-19 22:11:56.457   531   569 W EventThread: Faking VSYNC due to driver stall for thread appSf
02-19 22:11:56.460   531   568 W EventThread: Faking VSYNC due to driver stall for thread app
02-19 22:11:56.463   531   531 I BpBinder: onLastStrongRef automatically unlinking death recipients: 
02-19 22:11:56.464   752   797 W BLASTSyncEngine: Sync group 1145 timeout
02-19 22:11:56.465   752   797 I BLASTSyncEngine: Unfinished container: Task{8efa779 #191 type=standard A=10217:viva.republica.toss.test}
02-19 22:11:56.480  7020  7034 I AidlLazyServiceRegistrar: Process has 0 (of 1 available) client(s) in use after notification artd has clients: 0
02-19 22:11:56.480  7020  7034 I AidlLazyServiceRegistrar: Trying to shut down the service. No clients in use for any service in process.
02-19 22:11:56.493   752   797 I BLASTSyncEngine:   Window{f734109 u0 InputMethod} NO_SURFACE
02-19 22:11:56.497  7020  7034 I AidlLazyServiceRegistrar: Unregistered all clients and exiting
02-19 22:11:56.498 27008 27008 I wpa_supplicant: wlan0: CTRL-EVENT-BEACON-LOSS 
02-19 22:11:56.507   752   797 I BLASTSyncEngine:   Window{c1f203b u0 Splash Screen viva.republica.toss.test} NO_SURFACE
02-19 22:11:56.507   752   969 D ActivityManager: freezing 19378 com.google.android.webview:webview_service
02-19 22:11:56.508   752  1029 D InetDiagMessage: Destroyed 0 sockets, proto=IPPROTO_TCP, family=AF_INET, states=14
02-19 22:11:56.508   752   797 I BLASTSyncEngine: Unfinished container: ActivityRecord{103926848 u0 viva.republica.toss.test/im.toss.rn.granite.core.GraniteActivity t191}
02-19 22:11:56.508   752   797 I BLASTSyncEngine:   Window{f734109 u0 InputMethod} NO_SURFACE
02-19 22:11:56.509   752   797 I BLASTSyncEngine:   Window{c1f203b u0 Splash Screen viva.republica.toss.test} NO_SURFACE
02-19 22:11:56.516   752   794 V WindowManager: Sent Transition (#1145) createdAt=02-19 22:11:47.494 via request=TransitionRequestInfo { type = OPEN, triggerTask = TaskInfo{userId=0 taskId=191 effectiveUid=10217 displayId=0 isRunning=true baseIntent=Intent { act=android.intent.action.VIEW dat=intoss://takealook/... flg=0x10000000 cmp=viva.republica.toss.test/im.toss.rn.granite.core.GraniteActivity } baseActivity=ComponentInfo{viva.republica.toss.test/im.toss.rn.granite.core.GraniteActivity} topActivity=ComponentInfo{viva.republica.toss.test/im.toss.rn.granite.core.GraniteActivity} origActivity=null realActivity=ComponentInfo{viva.republica.toss.test/im.toss.rn.granite.core.GraniteActivity} numActivities=1 lastActiveTime=118181381 supportsMultiWindow=true resizeMode=1 isResizeable=true minWidth=-1 minHeight=-1 defaultMinSize=220 token=WCT{RemoteToken{7f32522 Task{8efa779 #191 type=standard A=10217:viva.republica.toss.test}}} topActivityType=1 pictureInPictureParams=null shouldDockBigOverlays=false launchIntoPipHostTaskId=-1 lastParentTaskIdBeforePip=-1 displayCutoutSafeInsets=Rect(0, 0 - 0, 0) topActivityInfo=ActivityInfo{2235bb3 im.toss.rn.granite.core.GraniteActivity} launchCookies=[] positionInParent=Point(0, 0) parentTaskId=-1 isFocused=false isVisible=false isVisibleRequested=false isTopActivityNoDisplay=false isSleeping=false locusId=null displayAreaFeatureId=1 isTopActivityTransparent=false isActivityStackTransparent=false lastNonFullscreenBounds=Rect(284, 660 - 796, 1740) capturedLink=null capturedLinkTimestamp=0 requestedVisibleTypes=-9 topActivityRequestOpenInBrowserEducationTimestamp=0 appCompatTaskInfo=AppCompatTaskInfo { topActivityInSizeCompat=false eligibleForLetterboxEducation= false isLetterboxEducationEnabled= true isLetterboxDoubleTapEnabled= false eligibleForUserAspectRatioButton= false topActivityBoundsLetterboxed= false isFromLetterboxDoubleTap= false topActivityLetterboxVerticalPosition= -1 topActivityLetterboxHorizontalPosition= -1 topActivityLetterboxWidth=-1 topActivityLetterboxHeight=-1 topActivityAppBounds=Rect(0, 0 - 1080, 2400) isUserFullscreenOverrideEnabled=false isSystemFullscreenOverrideEnabled=false hasMinAspectRatioOverride=false topActivityLetterboxBounds=null cameraCompatTaskInfo=CameraCompatTaskInfo { freeformCameraCompatMode=inactive}} topActivityMainWindowFrame=null}, pipChange = null, remoteTransition = null, displayChange = null, flags = 0, debugId = 1145 }
02-19 22:11:56.516   752   794 V WindowManager:     startWCT=WindowContainerTransaction { changes= {} hops= [] errorCallbackToken=null taskFragmentOrganizer=null }
02-19 22:11:56.517  4449 21898 V WindowManagerShell: onTransitionReady(transaction=3229815439328)
02-19 22:11:56.517   752   794 V WindowManager:     info={id=1145 t=OPEN f=0x0 trk=0 r=[0@Point(0, 0)] c=[
02-19 22:11:56.517   752   794 V WindowManager:         {WCT{RemoteToken{7f32522 Task{8efa779 #191 type=standard A=10217:viva.republica.toss.test}}} m=OPEN f=NONE leash=Surface(name=Task=191)/@0x40dd04 sb=Rect(0, 0 - 1080, 2400) eb=Rect(0, 0 - 1080, 2400) epz=Point(1080, 2400) d=0 taskParent=-1},
02-19 22:11:56.517   752   794 V WindowManager:         {WCT{RemoteToken{5218fe8 Task{dd43522 #1 type=home}}} m=TO_BACK f=SHOW_WALLPAPER leash=Surface(name=Task=1)/@0x8ddbd2e sb=Rect(0, 0 - 1080, 2400) eb=Rect(0, 0 - 1080, 2400) epz=Point(1080, 2400) d=0 taskParent=-1},
02-19 22:11:56.517   752   794 V WindowManager:         {m=TO_BACK f=IS_WALLPAPER leash=Surface(name=WallpaperWindowToken{35e0c0f showWhenLocked=false})/@0x512f5be sb=Rect(0, 0 - 1080, 2400) eb=Rect(0, 0 - 1080, 2400) epz=Point(1080, 2400) d=0}
02-19 22:11:56.517   752   794 V WindowManager:     ]}
02-19 22:11:56.518  4449  4467 V WindowManagerShell: onTransitionReady (#1145) android.os.BinderProxy@8703efd: {id=1145 t=OPEN f=0x0 trk=0 r=[0@Point(0, 0)] c=[
02-19 22:11:56.518  4449  4467 V WindowManagerShell:         {m=OPEN f=NONE leash=Surface(name=Task=191)/@0x1a3a584 sb=Rect(0, 0 - 1080, 2400) eb=Rect(0, 0 - 1080, 2400) epz=Point(1080, 2400) d=0 taskParent=-1},
02-19 22:11:56.518  4449  4467 V WindowManagerShell:         {m=TO_BACK f=SHOW_WALLPAPER leash=Surface(name=Task=1)/@0x733e16d sb=Rect(0, 0 - 1080, 2400) eb=Rect(0, 0 - 1080, 2400) epz=Point(1080, 2400) d=0 taskParent=-1},
02-19 22:11:56.518  4449  4467 V WindowManagerShell:         {m=TO_BACK f=IS_WALLPAPER leash=Surface(name=WallpaperWindowToken{35e0c0f showWhenLocked=false})/@0x71461a2 sb=Rect(0, 0 - 1080, 2400) eb=Rect(0, 0 - 1080, 2400) epz=Point(1080, 2400) d=0}
02-19 22:11:56.518  4449  4467 V WindowManagerShell:     ]}
02-19 22:11:56.518   752  1029 D InetDiagMessage: Destroyed 0 sockets, proto=IPPROTO_TCP, family=AF_INET6, states=14
02-19 22:11:56.518   752  1029 D InetDiagMessage: Destroyed live tcp sockets for uids={10205} in 18ms
02-19 22:11:56.518  4449  4467 V WindowManagerShell: Playing animation for (#1145) android.os.BinderProxy@8703efd@0
02-19 22:11:56.519  4449  4467 V ShellRecents: RecentsTransitionHandler.startAnimation: no controller found
02-19 22:11:56.519  4449  4467 V WindowManagerShell: Transition doesn't have explicit remote, search filters for match for {id=1145 t=OPEN f=0x0 trk=0 r=[0@Point(0, 0)] c=[{m=OPEN f=NONE leash=Surface(name=Task=191)/@0x1a3a584 sb=Rect(0, 0 - 1080, 2400) eb=Rect(0, 0 - 1080, 2400) epz=Point(1080, 2400) d=0 taskParent=-1},{m=TO_BACK f=SHOW_WALLPAPER leash=Surface(name=Task=1)/@0x733e16d sb=Rect(0, 0 - 1080, 2400) eb=Rect(0, 0 - 1080, 2400) epz=Point(1080, 2400) d=0 taskParent=-1},{m=TO_BACK f=IS_WALLPAPER leash=Surface(name=WallpaperWindowToken{35e0c0f showWhenLocked=false})/@0x71461a2 sb=Rect(0, 0 - 1080, 2400) eb=Rect(0, 0 - 1080, 2400) epz=Point(1080, 2400) d=0}]}
02-19 22:11:56.519  4449  4467 V WindowManagerShell:  Checking filter Pair{{types=[] flags=0x0] notFlags=0x0 checks=[{atype=undefined independent=true modes=[CLOSE,TO_BACK] flags=IN_TASK_WITH_EMBEDDED_ACTIVITY mustBeTask=false order=ANY topActivity=null launchCookie=null taskFragmentToken=android.os.BinderProxy@71546f0 windowingMode=undefined}]} RemoteTransition { remoteTransition = android.window.IRemoteTransition$Stub$Proxy@d4c8469, appThread = android.app.IApplicationThread$Stub$Proxy@c228eee, debugName = overlayBackTransition }}
02-19 22:11:56.519  4449  4467 V WindowManagerShell:  Checking filter Pair{{types=[] flags=0x0] notFlags=0x0 checks=[{atype=dream independent=true modes=[OPEN,TO_FRONT] flags=NONE mustBeTask=false order=ANY topActivity=null launchCookie=null windowingMode=undefined},{atype=home independent=true modes=[CLOSE,TO_BACK] flags=NONE mustBeTask=false order=ANY topActivity=null launchCookie=null windowingMode=undefined}]} RemoteTransition { remoteTransition = android.window.IRemoteTransition$Stub$Proxy@c578f8f, appThread = android.app.IApplicationThread$Stub$Proxy@69fe21c, debugName = LauncherToDream }}
02-19 22:11:56.520  4449  4467 V WindowManagerShell:  Checking filter Pair{{types=[] flags=0x0] notFlags=0x100 checks=[{atype=home independent=true modes=[OPEN,TO_FRONT] flags=NONE mustBeTask=false order=TOP topActivity=ComponentInfo{com.google.android.apps.nexuslauncher/com.google.android.apps.nexuslauncher.NexusLauncherActivity} launchCookie=null windowingMode=undefined},{atype=standard independent=true modes=[CLOSE,TO_BACK] flags=NONE mustBeTask=false order=ANY topActivity=null launchCookie=null windowingMode=undefined},{NOT atype=undefined independent=true modes=[] flags=NONE mustBeTask=true order=ANY topActivity=null launchCookie=null customAnim=true windowingMode=undefined}]} RemoteTransition { remoteTransition = android.window.IRemoteTransition$Stub$Proxy@69ffe25, appThread = android.app.IApplicationThread$Stub$Proxy@72cabfa, debugName = QuickstepLaunchHome }}
02-19 22:11:56.520  4449  4467 V WindowManagerShell:  Checking filter Pair{{types=[] flags=0x0] notFlags=0x0 checks=[{atype=undefined independent=true modes=[CLOSE,TO_BACK] flags=IN_TASK_WITH_EMBEDDED_ACTIVITY mustBeTask=false order=ANY topActivity=null launchCookie=null taskFragmentToken=android.os.BinderProxy@71546f0 windowingMode=undefined}]} RemoteTransition { remoteTransition = android.window.IRemoteTransition$Stub$Proxy@7c795ab, appThread = android.app.IApplicationThread$Stub$Proxy@cd70408, debugName = overlayBackTransition }}
02-19 22:11:56.520  4449  4467 V WindowManagerShell:  Checking filter Pair{{types=[] flags=0x0] notFlags=0x0 checks=[{atype=dream independent=true modes=[OPEN,TO_FRONT] flags=NONE mustBeTask=false order=ANY topActivity=null launchCookie=null windowingMode=undefined},{atype=home independent=true modes=[CLOSE,TO_BACK] flags=NONE mustBeTask=false order=ANY topActivity=null launchCookie=null windowingMode=undefined}]} RemoteTransition { remoteTransition = android.window.IRemoteTransition$Stub$Proxy@f757a1, appThread = android.app.IApplicationThread$Stub$Proxy@d898dc6, debugName = LauncherToDream }}
02-19 22:11:56.520  4449  4467 V WindowManagerShell:  Checking filter Pair{{types=[] flags=0x0] notFlags=0x100 checks=[{atype=home independent=true modes=[OPEN,TO_FRONT] flags=NONE mustBeTask=false order=TOP topActivity=ComponentInfo{com.google.android.apps.nexuslauncher/com.google.android.apps.nexuslauncher.NexusLauncherActivity} launchCookie=null windowingMode=undefined},{atype=standard independent=true modes=[CLOSE,TO_BACK] flags=NONE mustBeTask=false order=ANY topActivity=null launchCookie=null windowingMode=undefined},{NOT atype=undefined independent=true modes=[] flags=NONE mustBeTask=true order=ANY topActivity=null launchCookie=null customAnim=true windowingMode=undefined}]} RemoteTransition { remoteTransition = android.window.IRemoteTransition$Stub$Proxy@9e7e187, appThread = android.app.IApplicationThread$Stub$Proxy@3dc58b4, debugName = QuickstepLaunchHome }}
02-19 22:11:56.520  4449  4467 V WindowManagerShell:  Delegate animation for (#1145) to null
02-19 22:11:56.525  4449  4467 V WindowManagerShell: start default transition animation, info = {id=1145 t=OPEN f=0x0 trk=0 r=[0@Point(0, 0)] c=[{m=OPEN f=NONE leash=Surface(name=Task=191)/@0x1a3a584 sb=Rect(0, 0 - 1080, 2400) eb=Rect(0, 0 - 1080, 2400) epz=Point(1080, 2400) d=0 taskParent=-1},{m=TO_BACK f=SHOW_WALLPAPER leash=Surface(name=Task=1)/@0x733e16d sb=Rect(0, 0 - 1080, 2400) eb=Rect(0, 0 - 1080, 2400) epz=Point(1080, 2400) d=0 taskParent=-1},{m=TO_BACK f=IS_WALLPAPER leash=Surface(name=WallpaperWindowToken{35e0c0f showWhenLocked=false})/@0x71461a2 sb=Rect(0, 0 - 1080, 2400) eb=Rect(0, 0 - 1080, 2400) epz=Point(1080, 2400) d=0}]}
02-19 22:11:56.526  4449  4467 V WindowManagerShell: loadAnimation: anim=android.view.animation.AnimationSet@a7795f0 animAttr=0x13 type=OPEN isEntrance=false
02-19 22:11:56.526   752  1029 D InetDiagMessage: Destroyed 0 sockets, proto=IPPROTO_TCP, family=AF_INET, states=14
02-19 22:11:56.526  4449  4467 V WindowManagerShell: loadAnimation: anim=android.view.animation.AnimationSet@c3a2769 animAttr=0x12 type=OPEN isEntrance=true
02-19 22:11:56.529   752  1029 D InetDiagMessage: Destroyed 0 sockets, proto=IPPROTO_TCP, family=AF_INET6, states=14
02-19 22:11:56.529   752  1029 D InetDiagMessage: Destroyed live tcp sockets for uids={20205} in 10ms
02-19 22:11:56.529  4449  4467 V WindowManagerShell:  animated by com.android.wm.shell.transition.DefaultTransitionHandler@f74d823
02-19 22:11:56.545   752  2500 D CoreBackPreview: Window{c1f203b u0 Splash Screen viva.republica.toss.test}: Setting back callback OnBackInvokedCallbackInfo{mCallback=android.window.IOnBackInvokedCallback$Stub$Proxy@6cc60e9, mPriority=0, mIsAnimationCallback=false, mOverrideBehavior=0}
02-19 22:11:56.557  7396  7396 I blica.toss.test: Using CollectorTypeCMC GC.
02-19 22:11:56.562  7396  7396 W blica.toss.test: Unexpected CPU variant for x86: x86_64.
02-19 22:11:56.562  7396  7396 W blica.toss.test: Known variants: atom, sandybridge, silvermont, goldmont, goldmont-plus, goldmont-without-sha-xsaves, tremont, kabylake, alderlake, default
02-19 22:11:56.569  7396  7396 E blica.toss.test: Not starting debugger since process cannot load the jdwp agent.
02-19 22:11:56.574   752   969 D ActivityManager: freezing 3453 com.google.android.gms
02-19 22:11:56.586  7396  7396 D nativeloader: Load libframework-connectivity-tiramisu-jni.so using APEX ns com_android_tethering for caller /apex/com.android.tethering/javalib/framework-connectivity-t.jar: ok
02-19 22:11:56.609   752  1029 D InetDiagMessage: Destroyed 0 sockets, proto=IPPROTO_TCP, family=AF_INET, states=14
02-19 22:11:56.613   752  1029 D InetDiagMessage: Destroyed 0 sockets, proto=IPPROTO_TCP, family=AF_INET6, states=14
02-19 22:11:56.614   752  1029 D InetDiagMessage: Destroyed live tcp sockets for uids={10168} in 10ms
02-19 22:11:56.641   752  1095 D BackgroundInstallControlService: Package event received: 0
02-19 22:11:56.720  7396  7396 D ApplicationLoaders: Returning zygote-cached class loader: /system_ext/framework/androidx.window.extensions.jar
02-19 22:11:56.720  7396  7396 D ApplicationLoaders: Returning zygote-cached class loader: /system_ext/framework/androidx.window.sidecar.jar
02-19 22:11:56.745  7396  7396 D nativeloader: Configuring clns-9 for other apk /data/app/~~NUQj-rdXzuicW-16SIRtKA==/viva.republica.toss.test-Si406wFvb_sqEA2GTBV6RQ==/base.apk. target_sdk_version=35, uses_libraries=, library_path=/data/app/~~NUQj-rdXzuicW-16SIRtKA==/viva.republica.toss.test-Si406wFvb_sqEA2GTBV6RQ==/lib/x86_64:/data/app/~~NUQj-rdXzuicW-16SIRtKA==/viva.republica.toss.test-Si406wFvb_sqEA2GTBV6RQ==/base.apk!/lib/x86_64, permitted_path=/data:/mnt/expand:/data/user/0/viva.republica.toss.test
02-19 22:11:56.752  7396  7396 D CompatChangeReporter: Compat change id reported: 202956589; UID 10217; state: ENABLED
02-19 22:11:56.758  7396  7396 I blica.toss.test: AssetManager2(0x7d8fac428e58) locale list changing from [] to [en-US]
02-19 22:11:56.777  7396  7396 V GraphicsEnvironment: Currently set values for:
02-19 22:11:56.781  7396  7396 V GraphicsEnvironment:   angle_gl_driver_selection_pkgs=[]
02-19 22:11:56.781  7396  7396 V GraphicsEnvironment:   angle_gl_driver_selection_values=[]
02-19 22:11:56.781  7396  7396 V GraphicsEnvironment: viva.republica.toss.test is not listed in per-application setting
02-19 22:11:56.782  7396  7396 V GraphicsEnvironment: ANGLE allowlist from config: com.dreamgames.royalmatch com.dts.freefiremax com.dxx.firenow com.gramgames.mergedragons com.ludo.king com.mojang.minecraftpe com.my.defense com.nintendo.zaka com.os.airforce com.playrix.fishdomdd.gplay io.teslatech.callbreak jp.konami.prospia net.peakgames.toonblast
02-19 22:11:56.782  7396  7396 V GraphicsEnvironment: viva.republica.toss.test is not listed in ANGLE allowlist or settings, returning default
02-19 22:11:56.782  7396  7396 V GraphicsEnvironment: Neither updatable production driver nor prerelease driver is supported.
02-19 22:11:56.796  7396  7396 D CompatChangeReporter: Compat change id reported: 279646685; UID 10217; state: ENABLED
02-19 22:11:56.821  7396  7396 D nativeloader: Load /data/app/~~NUQj-rdXzuicW-16SIRtKA==/viva.republica.toss.test-Si406wFvb_sqEA2GTBV6RQ==/lib/x86_64/libmmkv.so using class loader ns clns-9 (caller=/data/app/~~NUQj-rdXzuicW-16SIRtKA==/viva.republica.toss.test-Si406wFvb_sqEA2GTBV6RQ==/base.apk): ok
02-19 22:11:56.825  7396  7410 E ashmem  : Pinning is deprecated since Android Q. Please use trim or other methods.
02-19 22:11:56.859  7396  7410 D nativeloader: Configuring clns-10 for other apk . target_sdk_version=35, uses_libraries=ALL, library_path=/data/app/~~NUQj-rdXzuicW-16SIRtKA==/viva.republica.toss.test-Si406wFvb_sqEA2GTBV6RQ==/lib/x86_64:/data/app/~~NUQj-rdXzuicW-16SIRtKA==/viva.republica.toss.test-Si406wFvb_sqEA2GTBV6RQ==/base.apk!/lib/x86_64, permitted_path=/data:/mnt/expand
02-19 22:11:56.860  7396  7410 D nativeloader: Load /data/app/~~NUQj-rdXzuicW-16SIRtKA==/viva.republica.toss.test-Si406wFvb_sqEA2GTBV6RQ==/lib/x86_64/libdceb.so using isolated ns clns-10 (caller=/data/user/0/viva.republica.toss.test/Anonymous-DexFile@1467667017.jar): ok
02-19 22:11:56.869  7396  7396 I blica.toss.test: AssetManager2(0x7d8fac4284f8) locale list changing from [] to [en-US]
02-19 22:11:56.870  7396  7396 I WebViewFactory: Loading com.google.android.webview version 133.0.6943.137 (code 694313738)
02-19 22:11:56.871  7396  7396 I blica.toss.test: AssetManager2(0x7d8fac425938) locale list changing from [] to [en-US]
02-19 22:11:56.871  7396  7396 I blica.toss.test: AssetManager2(0x7d8fac42ef38) locale list changing from [] to [en-US]
02-19 22:11:56.872  7396  7396 V ResourcesManager: The following library key has been added: ResourcesKey{ mHash=a24a3099 mResDir=null mSplitDirs=[] mOverlayDirs=[] mLibDirs=[/data/app/~~86wu-kVgQoavtKNPNhKNpg==/com.google.android.webview-1KjOBROVBHjUvpUZHW2m2g==/WebViewGoogle.apk,/data/app/~~zfNTtjjfT5QjKD_7Ux4KKQ==/com.google.android.trichromelibrary_694313738-AgzLRnDhHPFXke_9IsnuqA==/TrichromeLibrary.apk] mDisplayId=0 mOverrideConfig=v36 mCompatInfo={420dpi always-compat} mLoaders=[]}
02-19 22:11:56.874  7396  7396 W blica.toss.test: Failed to find entry 'classes.dex': Entry not found
