--------- beginning of main
02-19 22:48:39.855 19166 19166 D StateManager: createAtomicAnimation - fromState: Background, toState: Normal, partial trace:
02-19 22:48:39.855 19166 19166 D StateManager: 	at com.android.quickstep.util.ScalingWorkspaceRevealAnim.<init>(go/retraceme 72a59688580715d19f0e415c69e80376c2f062d1648c80db6730905005a27c20:39)
02-19 22:48:39.855 19166 19166 D StateManager: 	at com.android.launcher3.QuickstepTransitionManager.createWallpaperOpenAnimations(go/retraceme 72a59688580715d19f0e415c69e80376c2f062d1648c80db6730905005a27c20:168)
02-19 22:48:39.855 19166 19166 D StateManager: 	at com.android.launcher3.QuickstepTransitionManager$WallpaperOpenLauncherAnimationRunner.onAnimationStart(go/retraceme 72a59688580715d19f0e415c69e80376c2f062d1648c80db6730905005a27c20:17)
02-19 22:48:39.856 20022 20022 I Module  : DeviceLockedStatusModuleProvider$Module.updateDeviceLockedStatus():100 repeatCheckTimes = 1, locked = false
02-19 22:48:39.858 19166 19166 D b/311077782: LauncherAnimationRunner.setAnimation
02-19 22:48:39.863  1971  2198 I AiAiEcho: Predicting[0]:  [CONTEXT sampling_count=5 ]
02-19 22:48:39.863  1971  2198 I AiAiEcho: EchoTargets: 
02-19 22:48:39.863  1971  2198 I AiAiEcho: Filtered by AiAi flag check: 
02-19 22:48:39.863  1971  2198 I AiAiEcho: [CONTEXT ratelimit_period="10 SECONDS" ]
02-19 22:48:39.864  1971  2198 I AiAiEcho: #remoteViewsTwiddler: feature disabled.
--------- beginning of system
02-19 22:48:39.865  4449  4467 V WindowManagerShell:  animated by com.android.wm.shell.transition.RemoteTransitionHandler@ef09705
02-19 22:48:39.865  1971  2198 I AiAiEcho: #postPredictionTargets: Sending updates to UISurface home with targets# 0 (types=[])
02-19 22:48:39.871   752  2363 W PackageConfigPersister: App-specific configuration not found for packageName: com.google.android.apps.nexuslauncher and userId: 0
02-19 22:48:39.896 19166 19190 W HWUI    : Image decoding logging dropped!
02-19 22:48:39.937   531   531 I BpBinder: onLastStrongRef automatically unlinking death recipients: 
02-19 22:48:39.937   752   775 W system_server: Suspending all threads took: 6.594ms
02-19 22:48:39.945 19166 19166 D SsBaseTemplateCard: No text view can be set up
02-19 22:48:39.946 19166 19166 D SsBaseTemplateCard: Passed-in item info is null
02-19 22:48:39.946 19166 19166 D SsBaseTemplateCard: Passed-in item info is null
02-19 22:48:39.946 19166 19166 D SsBaseTemplateCard: Passed-in item info is null
02-19 22:48:39.947 19166 19166 I SsBaseTemplateCard: Secondary card pane is null
02-19 22:48:39.951   752   989 I ImeTracker: com.google.android.apps.nexuslauncher:42080dc9: onRequestHide at ORIGIN_SERVER reason HIDE_SAME_WINDOW_FOCUSED_WITHOUT_EDITOR fromUser false
02-19 22:48:39.957 20022 20022 I GoogleInputMethodService: GoogleInputMethodService.onFinishInput():2043 
02-19 22:48:39.964 20022 20022 I Module  : DeviceLockedStatusModuleProvider$Module.updateDeviceLockedStatus():100 repeatCheckTimes = 0, locked = false
02-19 22:48:39.969   488   519 I RanchuHwc: logCompositionFallbackIfChanged: layer 2055 CompositionType fallback from 2 to 1
02-19 22:48:39.973   615  2506 W IPCThreadState: Sending oneway calls to frozen process.
02-19 22:48:39.975 20022 20022 I GoogleInputMethodService: GoogleInputMethodService.onStartInput():1293 onStartInput(EditorInfo{EditorInfo{packageName=com.google.android.apps.nexuslauncher, inputType=0, inputTypeString=NULL, enableLearning=false, autoCorrection=false, autoComplete=false, imeOptions=0, privateImeOptions=null, actionName=UNSPECIFIED, actionLabel=null, initialSelStart=-1, initialSelEnd=-1, initialCapsMode=0, label=null, fieldId=0, fieldName=null, extras=null, hintText=null, hintLocales=[]}}, false)
02-19 22:48:39.978 20022 20022 I EmojiCompatManager: EmojiCompatManager.getEmojiCompatIfLoaded():343 EmojiCompat.init() was never called.
02-19 22:48:39.978 20022 20022 I EmojiCompatManager: java.lang.IllegalStateException: EmojiCompat is not initialized. Please call EmojiCompat.init() first
02-19 22:48:39.978 20022 20022 I EmojiCompatManager: 	at asx.p(PG:6)
02-19 22:48:39.978 20022 20022 I EmojiCompatManager: 	at axb.b(PG:13)
02-19 22:48:39.978 20022 20022 I EmojiCompatManager: 	at jnr.b(PG:2)
02-19 22:48:39.978 20022 20022 I EmojiCompatManager: 	at jnr.c(PG:4)
02-19 22:48:39.978 20022 20022 I EmojiCompatManager: 	at jnr.f(PG:3)
02-19 22:48:39.978 20022 20022 I EmojiCompatManager: 	at jnx.c(PG:3)
02-19 22:48:39.978 20022 20022 I EmojiCompatManager: 	at kif.cz(PG:47)
02-19 22:48:39.978 20022 20022 I EmojiCompatManager: 	at lhl.run(PG:1025)
02-19 22:48:39.978 20022 20022 I EmojiCompatManager: 	at jaf.execute(PG:12)
02-19 22:48:39.978 20022 20022 I EmojiCompatManager: 	at nco.v(PG:13)
02-19 22:48:39.978 20022 20022 I EmojiCompatManager: 	at lhn.m(PG:96)
02-19 22:48:39.978 20022 20022 I EmojiCompatManager: 	at lhn.k(PG:25)
02-19 22:48:39.978 20022 20022 I EmojiCompatManager: 	at kgn.onStartInput(PG:250)
02-19 22:48:39.978 20022 20022 I EmojiCompatManager: 	at android.inputmethodservice.InputMethodService.doStartInput(InputMethodService.java:3521)
02-19 22:48:39.978 20022 20022 I EmojiCompatManager: 	at android.inputmethodservice.InputMethodService$InputMethodImpl.startInput(InputMethodService.java:879)
02-19 22:48:39.978 20022 20022 I EmojiCompatManager: 	at android.inputmethodservice.InputMethodService$InputMethodImpl.dispatchStartInput(InputMethodService.java:908)
02-19 22:48:39.978 20022 20022 I EmojiCompatManager: 	at android.inputmethodservice.IInputMethodWrapper.executeMessage(IInputMethodWrapper.java:201)
02-19 22:48:39.978 20022 20022 I EmojiCompatManager: 	at com.android.internal.os.HandlerCaller$MyHandler.handleMessage(HandlerCaller.java:44)
02-19 22:48:39.978 20022 20022 I EmojiCompatManager: 	at android.os.Handler.dispatchMessage(Handler.java:110)
02-19 22:48:39.978 20022 20022 I EmojiCompatManager: 	at android.os.Looper.loopOnce(Looper.java:248)
02-19 22:48:39.978 20022 20022 I EmojiCompatManager: 	at android.os.Looper.loop(Looper.java:338)
02-19 22:48:39.978 20022 20022 I EmojiCompatManager: 	at android.app.ActivityThread.main(ActivityThread.java:9067)
02-19 22:48:39.978 20022 20022 I EmojiCompatManager: 	at java.lang.reflect.Method.invoke(Native Method)
02-19 22:48:39.978 20022 20022 I EmojiCompatManager: 	at com.android.internal.os.RuntimeInit$MethodAndArgsCaller.run(RuntimeInit.java:593)
02-19 22:48:39.978 20022 20022 I EmojiCompatManager: 	at com.android.internal.os.ZygoteInit.main(ZygoteInit.java:932)
02-19 22:48:39.980 20022 20022 I Module  : DeviceLockedStatusModuleProvider$Module.updateDeviceLockedStatus():100 repeatCheckTimes = 1, locked = false
02-19 22:48:39.988   752  2363 W PackageConfigPersister: App-specific configuration not found for packageName: com.google.android.apps.nexuslauncher and userId: 0
02-19 22:48:39.996 19166 19166 D InsetsController: hide(ime(), fromIme=false)
02-19 22:48:39.997 19166 19166 I ImeTracker: com.google.android.apps.nexuslauncher:42080dc9: onCancelled at PHASE_CLIENT_ALREADY_HIDDEN
02-19 22:48:40.036  4449  4474 W WindowOnBackDispatcher: sendCancelIfRunning: isInProgress=false callback=android.view.ViewRootImpl$$ExternalSyntheticLambda13@e0f5397
02-19 22:48:40.037   752  1789 D CoreBackPreview: Window{dbd3ed7 u0 Splash Screen viva.republica.toss.test EXITING}: Setting back callback null
02-19 22:48:40.166 20022 20022 W NotificationCenter: NotificationCenter$NotificationQueue.notifyPendingNotificationsOnExecutor():877 Heavy notify work detected on UI thread: [kig->jjs] takes 185ms
02-19 22:48:40.324   752   775 I system_server: Background concurrent mark compact GC freed 22MB AllocSpace bytes, 47(976KB) LOS objects, 41% free, 34MB/58MB, paused 17.215ms,7.463ms total 902.321ms
02-19 22:48:40.334   752   776 I BpBinder: onLastStrongRef automatically unlinking death recipients: 
02-19 22:48:40.342   752   777 W System  : A resource failed to call release. 
02-19 22:48:40.361   752   797 W IPCThreadState: Sending oneway calls to frozen process.
02-19 22:48:40.362   752   797 W IPCThreadState: Sending oneway calls to frozen process.
02-19 22:48:40.363   752   797 W IPCThreadState: Sending oneway calls to frozen process.
02-19 22:48:40.364   752   797 W IPCThreadState: Sending oneway calls to frozen process.
02-19 22:48:40.364   752   797 W IPCThreadState: Sending oneway calls to frozen process.
02-19 22:48:40.365   752   797 W IPCThreadState: Sending oneway calls to frozen process.
02-19 22:48:40.366   752   797 W IPCThreadState: Sending oneway calls to frozen process.
02-19 22:48:40.368   752   797 W IPCThreadState: Sending oneway calls to frozen process.
02-19 22:48:40.369   752   797 W IPCThreadState: Sending oneway calls to frozen process.
02-19 22:48:40.373   752   797 W IPCThreadState: Sending oneway calls to frozen process.
02-19 22:48:40.375   752   797 W IPCThreadState: Sending oneway calls to frozen process.
02-19 22:48:40.376   752   797 W IPCThreadState: Sending oneway calls to frozen process.
02-19 22:48:40.377   752   797 W IPCThreadState: Sending oneway calls to frozen process.
02-19 22:48:40.379   752   797 W IPCThreadState: Sending oneway calls to frozen process.
02-19 22:48:40.382   752   797 W IPCThreadState: Sending oneway calls to frozen process.
02-19 22:48:40.384   752   797 W IPCThreadState: Sending oneway calls to frozen process.
02-19 22:48:40.385   752   797 W IPCThreadState: Sending oneway calls to frozen process.
02-19 22:48:40.387   752   797 W ProcessStats: Tracking association SourceState{1b917ca system/1000 BFgs #29830} whose proc state 4 is better than process ProcessState{42c4ef0 com.google.android.ext.services/10208 pkg=com.google.android.ext.services} proc state 14 (10 skipped)
02-19 22:48:40.464   752  1856 E TaskPersister: File error accessing recents directory (directory doesn't exist?).
02-19 22:48:41.495 19166 19649 I HWUI    : Davey! duration=1070ms; Flags=0, FrameTimelineVsyncId=2410497, IntendedVsync=120394254124420, Vsync=120394287457752, InputEventId=0, HandleInputStart=120394300129917, AnimationStart=120394300253917, PerformTraversalsStart=120394303935917, DrawStart=120394305171917, FrameDeadline=120394320791084, FrameStartTime=120394299955917, FrameInterval=16666666, WorkloadTarget=16666666, SyncQueued=120394305337917, SyncStart=120394308673917, IssueDrawCommandsStart=120394310400917, SwapBuffers=120394311827917, FrameCompleted=120395328090917, DequeueBufferDuration=12151000, QueueBufferDuration=1941000, GpuCompleted=120395328090917, SwapBuffersCompleted=120394327991917, DisplayPresentTime=0, CommandSubmissionCompleted=120394311827917, 
02-19 22:48:41.507 19166 19166 I Choreographer: Skipped 60 frames!  The application may be doing too much work on its main thread.
02-19 22:48:41.510 19166 19166 D ScalingWorkspaceRevealAnim: alpha of workspace at the end of animation: 1.0
02-19 22:48:41.515  4449  4467 V WindowManagerShell: Transition animation finished (aborted=false), notifying core (#1235) android.os.BinderProxy@3fc356d@1
02-19 22:48:41.526   752   794 V WindowManager: Finish Transition (#1235): created at 02-19 22:48:39.478 collect-started=0.193ms request-sent=0.323ms started=92.509ms ready=280.371ms sent=286.594ms commit=117.694ms finished=2040.649ms
02-19 22:48:41.526 19166 19176 I HWUI    : Davey! duration=1088ms; Flags=0, FrameTimelineVsyncId=2410497, IntendedVsync=120394254124420, Vsync=120394287457752, InputEventId=0, HandleInputStart=120394300129917, AnimationStart=120394300253917, PerformTraversalsStart=120394303935917, DrawStart=120394310846917, FrameDeadline=120394354124416, FrameStartTime=120394299955917, FrameInterval=16666666, WorkloadTarget=16666666, SyncQueued=120394310945917, SyncStart=120394330378917, IssueDrawCommandsStart=120394330729917, SwapBuffers=120394331481917, FrameCompleted=120395362289917, DequeueBufferDuration=1008469000, QueueBufferDuration=426000, GpuCompleted=120395362289917, SwapBuffersCompleted=120395342351917, DisplayPresentTime=0, CommandSubmissionCompleted=120394331481917, 
02-19 22:48:41.533  4449  4467 V WindowManagerShell: Track 1 became idle
02-19 22:48:41.533  4449  4467 V WindowManagerShell: All active transition animations finished
02-19 22:48:41.576 19166 19176 I HWUI    : Davey! duration=1064ms; Flags=0, FrameTimelineVsyncId=2410514, IntendedVsync=120394337457750, Vsync=120395337457710, InputEventId=0, HandleInputStart=120395355406917, AnimationStart=120395355452917, PerformTraversalsStart=120395364181917, DrawStart=120395364615917, FrameDeadline=120395387457708, FrameStartTime=120395353531917, FrameInterval=16666666, WorkloadTarget=16666666, SyncQueued=120395365809917, SyncStart=120395366468917, IssueDrawCommandsStart=120395370698917, SwapBuffers=120395380911917, FrameCompleted=120395402726917, DequeueBufferDuration=387000, QueueBufferDuration=1003000, GpuCompleted=120395402726917, SwapBuffersCompleted=120395383573917, DisplayPresentTime=0, CommandSubmissionCompleted=120395380911917, 
02-19 22:48:41.584 19166 19166 D RecentsView: onTaskRemoved: 222, not handling task stack changes
02-19 22:48:41.586 19166 19166 D RecentsView: onTaskRemoved: 222, not handling task stack changes
02-19 22:48:42.079 12235 12235 W dumpsys : Thread Pool max thread count is 0. Cannot cache binder as linkToDeath cannot be implemented. serviceName: window
02-19 22:48:42.088   752  1789 I system_server: AssetManager2(0x7d8fac48b878) locale list changing from [] to [en-US]
02-19 22:48:42.091   752  1789 I system_server: AssetManager2(0x7d8fac4aa638) locale list changing from [] to [en-US]
02-19 22:48:42.093   752  1789 I system_server: AssetManager2(0x7d8fac4a7438) locale list changing from [] to [en-US]
02-19 22:48:42.094   752  1789 I system_server: AssetManager2(0x7d8fac42fbb8) locale list changing from [] to [en-US]
02-19 22:48:42.096   752  1789 I system_server: AssetManager2(0x7d8fac487098) locale list changing from [] to [en-US]
02-19 22:48:42.098   752  1789 I system_server: AssetManager2(0x7d8fac5046d8) locale list changing from [] to [en-US]
02-19 22:48:42.376 20022 20022 I StylusModule: StylusModule.onUpdateToolType():801 Update tool type = 0
02-19 22:48:43.783 12008 12010 I AidlLazyServiceRegistrar: Process has 0 (of 1 available) client(s) in use after notification artd has clients: 0
02-19 22:48:43.783 12008 12010 I AidlLazyServiceRegistrar: Trying to shut down the service. No clients in use for any service in process.
02-19 22:48:43.794 12008 12010 I AidlLazyServiceRegistrar: Unregistered all clients and exiting
02-19 22:48:43.847 19166 19176 D OverviewCommandHelper: command added: CommandInfo(type=TOGGLE, status=IDLE, createTime=120397693, animationCallbacks=null, displayId=0, isLastOfBatch=true)
02-19 22:48:43.847 19166 19176 D OverviewCommandHelper: execute: CommandInfo(type=TOGGLE, status=IDLE, createTime=120397693, animationCallbacks=null, displayId=0, isLastOfBatch=true) - queue size: 1
02-19 22:48:43.849 19166 19166 D OverviewCommandHelper: executing command: CommandInfo(type=TOGGLE, status=PROCESSING, createTime=120397693, animationCallbacks=null, displayId=0, isLastOfBatch=true)
02-19 22:48:43.849 19166 19166 D OverviewCommandHelper: executeCommand: CommandInfo(type=TOGGLE, status=PROCESSING, createTime=120397693, animationCallbacks=null, displayId=0, isLastOfBatch=true) - visibleRecentsView: null
02-19 22:48:43.850 19166 19166 D OverviewCommandHelper: Querying TaskbarManager for TaskbarUIController for display: 0
02-19 22:48:43.850 19166 19166 D OverviewCommandHelper: TaskbarUIController for display 0 was found
02-19 22:48:43.850 19166 19166 D TFOManager: playPanelCloseAnimation() duration=150 traceTag=LauncherOverlay-hide isHomeButtonTap=true
02-19 22:48:43.850 19166 19166 D TFOManager: Skipped creating panel close animation because -1 is invisible.
02-19 22:48:43.851 19166 19166 D StateManager: goToState - fromState: Normal, toState: Overview, partial trace:
02-19 22:48:43.851 19166 19166 D StateManager: 	at com.android.quickstep.LauncherActivityInterface.switchToRecentsIfVisible(go/retraceme 72a59688580715d19f0e415c69e80376c2f062d1648c80db6730905005a27c20:39)
02-19 22:48:43.851 19166 19166 D StateManager: 	at com.android.quickstep.OverviewCommandHelper.executeWhenRecentsIsNotVisible(go/retraceme 72a59688580715d19f0e415c69e80376c2f062d1648c80db6730905005a27c20:292)
02-19 22:48:43.851 19166 19166 D StateManager: 	at com.android.quickstep.OverviewCommandHelper.executeCommand(go/retraceme 72a59688580715d19f0e415c69e80376c2f062d1648c80db6730905005a27c20:49)
02-19 22:48:43.854 19166 19166 D OverviewCommandHelper: switching to Overview state - waiting: CommandInfo(type=TOGGLE, status=PROCESSING, createTime=120397693, animationCallbacks=null, displayId=0, isLastOfBatch=true)
02-19 22:48:43.854 19166 19166 D OverviewCommandHelper: command executed: CommandInfo(type=TOGGLE, status=PROCESSING, createTime=120397693, animationCallbacks=null, displayId=0, isLastOfBatch=true) with result: false
02-19 22:48:43.854 19166 19166 D OverviewCommandHelper: waiting for command callback: CommandInfo(type=TOGGLE, status=PROCESSING, createTime=120397693, animationCallbacks=null, displayId=0, isLastOfBatch=true)
02-19 22:48:43.863  4449  4449 I vol.VolumeDialogImpl: mDialog.dismiss() reason: volume_controller from: com.android.systemui.volume.VolumeDialogImpl$7.onDismissRequested:3
02-19 22:48:43.865 19166 19166 D StateManager: onStateTransitionStart - state: Overview
02-19 22:48:43.865 19166 19166 D RecentsView: updateTaskStackListenerState: true
02-19 22:48:43.865 19166 19166 D RecentsView: reloadIfNeeded - getTasks: 1115
02-19 22:48:43.866 19166 19166 D OverviewCommandHelper: switching to Overview state - onAnimationStart: CommandInfo(type=TOGGLE, status=PROCESSING, createTime=120397693, animationCallbacks=null, displayId=0, isLastOfBatch=true)
02-19 22:48:43.867 19166 19166 D StatsLog: LAUNCHER_OVERVIEW_SHOW_OVERVIEW_FROM_3_BUTTON
02-19 22:48:43.877   752  1095 D BackgroundInstallControlService: Package event received: 0
02-19 22:48:45.264   531   568 W EventThread: Faking VSYNC due to driver stall for thread app
02-19 22:48:45.268 19166 19166 I Choreographer: Skipped 83 frames!  The application may be doing too much work on its main thread.
02-19 22:48:45.271  4449  4449 I Choreographer: Skipped 83 frames!  The application may be doing too much work on its main thread.
02-19 22:48:45.277 19166 19649 I HWUI    : Davey! duration=1409ms; Flags=0, FrameTimelineVsyncId=2410640, IntendedVsync=120397704124282, Vsync=120397704124282, InputEventId=-52943137, HandleInputStart=120397707445917, AnimationStart=120397707490917, PerformTraversalsStart=120397707692917, DrawStart=120397707857917, FrameDeadline=120397720790948, FrameStartTime=120397707419917, FrameInterval=16666666, WorkloadTarget=16666666, SyncQueued=120397708269917, SyncStart=120397709602917, IssueDrawCommandsStart=120397709902917, SwapBuffers=120397711851917, FrameCompleted=120399114739917, DequeueBufferDuration=87000, QueueBufferDuration=696000, GpuCompleted=120399114739917, SwapBuffersCompleted=120397714345917, DisplayPresentTime=0, CommandSubmissionCompleted=120397711851917, 
02-19 22:48:45.294   752  1856 E TaskPersister: File error accessing recents directory (directory doesn't exist?).
02-19 22:48:45.296 19166 19166 D RecentsView: applyLoadPlan - taskGroups: [type=SINGLE task=[id=12 windowingMode=0 user=0 lastActiveTime=89737] null, type=SINGLE task=[id=49 windowingMode=1 user=0 lastActiveTime=87698314] null, type=SINGLE task=[id=222 windowingMode=1 user=0 lastActiveTime=120378132] null]
02-19 22:48:45.300   752  2363 W ActivityTaskManager: takeTaskSnapshot: taskId=222 not found or not visible
02-19 22:48:45.304 19166 19166 D OverviewActionsView: updateForGroupedTask() called with: isGroupedTask = [false], canSaveAppPair = [false]
02-19 22:48:45.304 19166 19166 D OverviewActionsView: updateActionButtonsVisibility() called: showSingleTaskActions = [true], showGroupActions = [false]
02-19 22:48:45.306 19166 20297 W HWUI    : Image decoding logging dropped!
02-19 22:48:45.326 19166 19176 I HWUI    : Davey! duration=1439ms; Flags=0, FrameTimelineVsyncId=2410655, IntendedVsync=120397720790948, Vsync=120399104124226, InputEventId=0, HandleInputStart=120399117172917, AnimationStart=120399117204917, PerformTraversalsStart=120399121161917, DrawStart=120399121410917, FrameDeadline=120399137457558, FrameStartTime=120399115139917, FrameInterval=16666666, WorkloadTarget=16666666, SyncQueued=120399123956917, SyncStart=120399124305917, IssueDrawCommandsStart=120399124919917, SwapBuffers=120399133587917, FrameCompleted=120399160223917, DequeueBufferDuration=1729000, QueueBufferDuration=932000, GpuCompleted=120399160223917, SwapBuffersCompleted=120399140816917, DisplayPresentTime=0, CommandSubmissionCompleted=120399133587917, 
02-19 22:48:45.363   752   795 W ActivityTaskManager: callingPackage for (uid=-1, pid=0) has no WPC
02-19 22:48:45.364   752   795 W ActivityStartInterceptor: Starting home with component specified, uid=0
02-19 22:48:45.367   752   795 W OptProp : Cannot read opt property android.window.PROPERTY_COMPAT_ALLOW_USER_ASPECT_RATIO_OVERRIDE
02-19 22:48:45.372  4449  4449 I vol.VolumeDialogImpl: mDialog.dismiss() reason: volume_controller from: com.android.systemui.volume.VolumeDialogImpl$7.onDismissRequested:3
02-19 22:48:45.372  4449  4449 D vol.VolumeDialogImpl: dismissH: skipping dismiss because isAnimatingDismiss is true and showingStateInconsistent is false
02-19 22:48:45.374   752   795 W OptProp : Cannot read opt property android.window.PROPERTY_COMPAT_ALLOW_USER_ASPECT_RATIO_FULLSCREEN_OVERRIDE
02-19 22:48:45.375   752   795 W OptProp : Cannot read opt property android.window.PROPERTY_COMPAT_ALLOW_RESIZEABLE_ACTIVITY_OVERRIDES
02-19 22:48:45.375   752   795 W OptProp : Cannot read opt property android.window.PROPERTY_COMPAT_ALLOW_MIN_ASPECT_RATIO_OVERRIDE
02-19 22:48:45.376   752   795 V GrammaticalInflectionUtils: AttributionSource: android.content.AttributionSource@1abea79a does not have READ_SYSTEM_GRAMMATICAL_GENDER permission.
02-19 22:48:45.381  4449  4536 D KeyguardService: setOccluded(false)
02-19 22:48:45.381   752   795 I ActivityTaskManager: START u0 {act=android.intent.action.MAIN cat=[android.intent.category.HOME] flg=0x10000100 cmp=com.google.android.apps.nexuslauncher/.NexusLauncherActivity (has extras)} with LAUNCH_SINGLE_TASK from uid 0 (BAL_ALLOW_ALLOWLISTED_UID) result code=3
02-19 22:48:45.381  4449  4536 D KeyguardViewMediator: setOccluded(false)
02-19 22:48:45.381  4449  4449 D KeyguardViewMediator: handleSetOccluded(false)
02-19 22:48:45.382  4449  4449 D KeyguardViewMediator: KeyguardViewMediator queue processing message: SET_OCCLUDED
02-19 22:48:45.385  4449  4467 D WindowManagerShell: onActivityRestartAttempt: topActivity=ComponentInfo{com.google.android.apps.nexuslauncher/com.google.android.apps.nexuslauncher.NexusLauncherActivity}, wasVisible=true
02-19 22:48:45.420   531   531 I BpBinder: onLastStrongRef automatically unlinking death recipients: 
02-19 22:48:45.475 19166 19166 W SplitSelectStateCtor: Missing session instanceIds
02-19 22:48:45.476 19166 19166 D StatsLog: LAUNCHER_SPLIT_SELECTION_EXIT_INTERRUPTED
02-19 22:48:45.479 19166 19166 D StateManager: goToState - fromState: Overview, toState: Normal, partial trace:
02-19 22:48:45.479 19166 19166 D StateManager: 	at com.android.launcher3.Launcher.onNewIntent(go/retraceme 72a59688580715d19f0e415c69e80376c2f062d1648c80db6730905005a27c20:116)
02-19 22:48:45.479 19166 19166 D StateManager: 	at com.android.launcher3.uioverrides.QuickstepLauncher.onNewIntent(go/retraceme 72a59688580715d19f0e415c69e80376c2f062d1648c80db6730905005a27c20:1)
02-19 22:48:45.479 19166 19166 D StateManager: 	at com.google.android.apps.nexuslauncher.NexusLauncherActivity.onNewIntent(go/retraceme 72a59688580715d19f0e415c69e80376c2f062d1648c80db6730905005a27c20:1)
02-19 22:48:45.484 19166 19166 D StateManager: cancelAnimation - with ongoing animation, partial trace:
02-19 22:48:45.484 19166 19166 D StateManager: 	at com.android.launcher3.statemanager.StateManager.goToState(go/retraceme 72a59688580715d19f0e415c69e80376c2f062d1648c80db6730905005a27c20:18)
02-19 22:48:45.484 19166 19166 D StateManager: 	at com.android.launcher3.statemanager.StateManager.goToState(go/retraceme 72a59688580715d19f0e415c69e80376c2f062d1648c80db6730905005a27c20:3)
02-19 22:48:45.484 19166 19166 D StateManager: 	at com.android.launcher3.Launcher.onNewIntent(go/retraceme 72a59688580715d19f0e415c69e80376c2f062d1648c80db6730905005a27c20:116)
02-19 22:48:45.486 19166 19166 D OverviewCommandHelper: switching to Overview state - onAnimationEnd: CommandInfo(type=TOGGLE, status=PROCESSING, createTime=120397693, animationCallbacks=null, displayId=0, isLastOfBatch=true)
02-19 22:48:45.487 19166 19166 D OverviewCommandHelper: command executed: CommandInfo(type=TOGGLE, status=PROCESSING, createTime=120397693, animationCallbacks=null, displayId=0, isLastOfBatch=true) with result: true
02-19 22:48:45.487 19166 19166 D OverviewCommandHelper: command executed successfully! CommandInfo(type=TOGGLE, status=COMPLETED, createTime=120397693, animationCallbacks=null, displayId=0, isLastOfBatch=true)
02-19 22:48:45.488 19166 19166 D OverviewCommandHelper: no pending commands to be executed.
02-19 22:48:45.488 19166 19166 D RecentsView: finishRecentsAnimation - mRecentsAnimationController: null
02-19 22:48:45.488 19166 19166 D RecentsView: cleanupRemoteTargets - mRemoteTargetHandles: null
02-19 22:48:45.491 19166 19166 D TFOManager: playPanelCloseAnimation() duration=200 traceTag=LauncherOverlay-hide isHomeButtonTap=true
02-19 22:48:45.491 19166 19166 D TFOManager: Skipped creating panel close animation because -1 is invisible.
02-19 22:48:45.491 19166 19166 D OverviewCommandHelper: clearing pending commands: []
02-19 22:48:45.493   531   590 I BpBinder: onLastStrongRef automatically unlinking death recipients: 
02-19 22:48:45.507 19166 19166 D StateManager: onStateTransitionStart - state: Normal
02-19 22:48:45.508 19166 19166 D RecentsView: updateTaskStackListenerState: false
02-19 22:48:45.511 19166 19166 D StatsLog: LAUNCHER_ONRESUME
02-19 22:48:45.536 19166 19166 D OverviewActionsView: updateForGroupedTask() called with: isGroupedTask = [false], canSaveAppPair = [false]
02-19 22:48:45.536 19166 19166 D OverviewActionsView: updateActionButtonsVisibility() called: showSingleTaskActions = [true], showGroupActions = [false]
02-19 22:48:45.559 19166 19190 D QuickstepModelDelegate: notifyAppTargetEvent action=1 launchLocation=workspace/0/[-1,-1]/[1,1]
02-19 22:48:45.561   752  1095 D BackgroundInstallControlService: Package event received: 0
02-19 22:48:45.572 19166 19166 I NotificationListener: Handling notification state refresh for com.google.android.adservices.api#0
02-19 22:48:45.573 19166 19166 I NotificationListener: Handling notification state refresh for android#0
02-19 22:48:45.573 19166 19166 I NotificationListener: Handling notification state refresh for com.android.systemui#0
02-19 22:48:45.606  1971  2198 I AiAiEcho: Predicting[0]:  [CONTEXT sampling_count=5 ]
02-19 22:48:45.607  1971  2198 I AiAiEcho: EchoTargets: 
02-19 22:48:45.607  1971  2198 I AiAiEcho: Filtered by AiAi flag check: 
02-19 22:48:45.607  1971  2198 I AiAiEcho: [CONTEXT ratelimit_period="10 SECONDS" ]
02-19 22:48:45.608  1971  2198 I AiAiEcho: #remoteViewsTwiddler: feature disabled.
02-19 22:48:45.613  1971  2198 I AiAiEcho: #postPredictionTargets: Sending updates to UISurface home with targets# 0 (types=[])
02-19 22:48:45.674 19166 19166 D SsBaseTemplateCard: No text view can be set up
02-19 22:48:45.674 19166 19166 D SsBaseTemplateCard: Passed-in item info is null
02-19 22:48:45.675 19166 19166 D SsBaseTemplateCard: Passed-in item info is null
02-19 22:48:45.675 19166 19166 D SsBaseTemplateCard: Passed-in item info is null
02-19 22:48:45.675 19166 19166 I SsBaseTemplateCard: Secondary card pane is null
02-19 22:48:45.677 19166 19166 W FrameTracker: Missed App frame:UNKNOWN: 3, 2410794, 90217031, CUJ=J<RECENTS_SCROLLING>
02-19 22:48:45.677 19166 19166 W FrameTracker: Missed SF frame:UNKNOWN: 3, 2410794, 90217031, CUJ=J<RECENTS_SCROLLING>
02-19 22:48:45.791 19166 19166 D StateManager: onStateTransitionEnd - state: Normal
02-19 22:48:45.792 19166 19166 D RecentsView: reset - mEnableDrawingLiveTile: false, mRecentsAnimationController: null
02-19 22:48:45.793 19166 19166 D ActivityAllAppsContainerView: rebindAdapters: force: false
02-19 22:48:45.793 19166 19166 D ActivityAllAppsContainerView: rebindAdapters: Not needed.
02-19 22:48:45.832 19166 19166 D OverviewActionsView: updateForGroupedTask() called with: isGroupedTask = [false], canSaveAppPair = [false]
02-19 22:48:45.832 19166 19166 D OverviewActionsView: updateActionButtonsVisibility() called: showSingleTaskActions = [true], showGroupActions = [false]
02-19 22:48:46.838 19166 19166 I Choreographer: Skipped 56 frames!  The application may be doing too much work on its main thread.
02-19 22:48:46.850 19166 19649 I HWUI    : Davey! duration=988ms; Flags=0, FrameTimelineVsyncId=2411051, IntendedVsync=120399670790870, Vsync=120399670790870, InputEventId=0, HandleInputStart=120399679888917, AnimationStart=120399679946917, PerformTraversalsStart=120399680530917, DrawStart=120399680993917, FrameDeadline=120399704124202, FrameStartTime=120399679830917, FrameInterval=16666666, WorkloadTarget=16666666, SyncQueued=120399681032917, SyncStart=120399706640917, IssueDrawCommandsStart=120399709308917, SwapBuffers=120399711352917, FrameCompleted=120400684796917, DequeueBufferDuration=46000, QueueBufferDuration=597000, GpuCompleted=120400684796917, SwapBuffersCompleted=120399723280917, DisplayPresentTime=0, CommandSubmissionCompleted=120399711352917, 
02-19 22:48:46.920 12253 12253 W dumpsys : Thread Pool max thread count is 0. Cannot cache binder as linkToDeath cannot be implemented. serviceName: window
02-19 22:48:47.216   752  2505 W ActivityTaskManager: callingPackage for (uid=2000, pid=12258) has no WPC
02-19 22:48:47.220   752  2505 D CompatChangeReporter: Compat change id reported: 151861875; UID 10217; state: ENABLED
02-19 22:48:47.220   752  2505 V GrammaticalInflectionUtils: AttributionSource: android.content.AttributionSource@56784557 does not have READ_SYSTEM_GRAMMATICAL_GENDER permission.
02-19 22:48:47.221   752  2505 W OptProp : Cannot read opt property android.window.PROPERTY_COMPAT_ALLOW_USER_ASPECT_RATIO_OVERRIDE
02-19 22:48:47.221   752  2505 W OptProp : Cannot read opt property android.window.PROPERTY_COMPAT_ALLOW_USER_ASPECT_RATIO_FULLSCREEN_OVERRIDE
02-19 22:48:47.222   752  2505 W OptProp : Cannot read opt property android.window.PROPERTY_COMPAT_ALLOW_RESIZEABLE_ACTIVITY_OVERRIDES
02-19 22:48:47.222   752  2505 W OptProp : Cannot read opt property android.window.PROPERTY_COMPAT_ALLOW_MIN_ASPECT_RATIO_OVERRIDE
02-19 22:48:47.227   752  2505 W OptProp : Cannot read opt property android.window.PROPERTY_COMPAT_ALLOW_ORIENTATION_OVERRIDE
02-19 22:48:47.229   531   548 I BpBinder: onLastStrongRef automatically unlinking death recipients: 
02-19 22:48:47.235   752  1509 D CompatChangeReporter: Compat change id reported: 309578419; UID 10217; state: ENABLED
02-19 22:48:47.235   752  2505 I ActivityTaskManager: START u0 {act=android.intent.action.VIEW dat=intoss://takealook/... flg=0x10000000 xflg=0x4 cmp=viva.republica.toss.test/im.toss.rn.granite.core.GraniteActivity} with LAUNCH_MULTIPLE from uid 2000 (BAL_ALLOW_PERMISSION) result code=0
02-19 22:48:47.236  4449  4467 V WindowManagerShell: Transition requested (#1237): android.os.BinderProxy@87f4211 TransitionRequestInfo { type = OPEN, triggerTask = TaskInfo{userId=0 taskId=223 effectiveUid=10217 displayId=0 isRunning=true baseIntent=Intent { act=android.intent.action.VIEW dat=intoss://takealook/... flg=0x10000000 cmp=viva.republica.toss.test/im.toss.rn.granite.core.GraniteActivity } baseActivity=ComponentInfo{viva.republica.toss.test/im.toss.rn.granite.core.GraniteActivity} topActivity=ComponentInfo{viva.republica.toss.test/im.toss.rn.granite.core.GraniteActivity} origActivity=null realActivity=ComponentInfo{viva.republica.toss.test/im.toss.rn.granite.core.GraniteActivity} numActivities=1 lastActiveTime=120401081 supportsMultiWindow=true resizeMode=1 isResizeable=true minWidth=-1 minHeight=-1 defaultMinSize=220 token=WCT{android.window.IWindowContainerToken$Stub$Proxy@e767f76} topActivityType=1 pictureInPictureParams=null shouldDockBigOverlays=false launchIntoPipHostTaskId=-1 lastParentTaskIdBeforePip=-1 displayCutoutSafeInsets=Rect(0, 0 - 0, 0) topActivityInfo=ActivityInfo{e8e6977 im.toss.rn.granite.core.GraniteActivity} launchCookies=[] positionInParent=Point(0, 0) parentTaskId=-1 isFocused=false isVisible=false isVisibleRequested=false isTopActivityNoDisplay=false isSleeping=false locusId=null displayAreaFeatureId=1 isTopActivityTransparent=false isActivityStackTransparent=false lastNonFullscreenBounds=Rect(284, 660 - 796, 1740) capturedLink=null capturedLinkTimestamp=0 requestedVisibleTypes=-9 topActivityRequestOpenInBrowserEducationTimestamp=0 appCompatTaskInfo=AppCompatTaskInfo { topActivityInSizeCompat=false eligibleForLetterboxEducation= false isLetterboxEducationEnabled= true isLetterboxDoubleTapEnabled= false eligibleForUserAspectRatioButton= false topActivityBoundsLetterboxed= false isFromLetterboxDoubleTap= false topActivityLetterboxVerticalPosition= -1 topActivityLetterboxHorizontalPosition= -1 topActivityLetterboxWidth=-1 topActivityLetterboxHeight=-1 topActivityAppBounds=Rect(0, 0 - 1080, 2400) isUserFullscreenOverrideEnabled=false isSystemFullscreenOverrideEnabled=false hasMinAspectRatioOverride=false topActivityLetterboxBounds=null cameraCompatTaskInfo=CameraCompatTaskInfo { freeformCameraCompatMode=inactive}} topActivityMainWindowFrame=null}, pipChange = null, remoteTransition = null, displayChange = null, flags = 0, debugId = 1237 }
02-19 22:48:47.236  4449  4467 D ShellSplitScreen: logExit: no-op, mLoggerSessionId is null
02-19 22:48:47.238 19166 19166 W SplitSelectStateCtor: Missing session instanceIds
02-19 22:48:47.238 19166 19166 D StatsLog: LAUNCHER_SPLIT_SELECTION_EXIT_INTERRUPTED
02-19 22:48:47.238  4449  4475 W HWUI    : Image decoding logging dropped!
02-19 22:48:47.241  4449  4467 D WindowManagerShell: setLauncherKeepClearAreaHeight: visible=false, height=527
02-19 22:48:47.246   752   797 V GrammaticalInflectionUtils: AttributionSource: android.content.AttributionSource@56784557 does not have READ_SYSTEM_GRAMMATICAL_GENDER permission.
02-19 22:48:47.251   615  2506 W IPCThreadState: Sending oneway calls to frozen process.
02-19 22:48:47.259   752  1095 D BackgroundInstallControlService: Package event received: 0
02-19 22:48:47.262   458   458 D Zygote  : Forked child process 12261
02-19 22:48:47.263   752   806 I ActivityManager: Start proc 12261:viva.republica.toss.test/u0a217 for next-top-activity {viva.republica.toss.test/im.toss.rn.granite.core.GraniteActivity}
02-19 22:48:47.264   752   806 I ActivityManager: ProcessObserver broadcast disabled
02-19 22:48:48.620   531   569 W EventThread: Faking VSYNC due to driver stall for thread appSf
02-19 22:48:48.621   531   568 W EventThread: Faking VSYNC due to driver stall for thread app
02-19 22:48:48.625   531   531 I BpBinder: onLastStrongRef automatically unlinking death recipients: 
02-19 22:48:48.643   752  1509 D CoreBackPreview: Window{f2b10ba u0 Splash Screen viva.republica.toss.test}: Setting back callback OnBackInvokedCallbackInfo{mCallback=android.window.IOnBackInvokedCallback$Stub$Proxy@b919361, mPriority=0, mIsAnimationCallback=false, mOverrideBehavior=0}
02-19 22:48:48.655  4449  4478 I QuickAccessWalletTile: QAW service is unavailable, recreating the wallet client.
02-19 22:48:48.675  4449  4478 D ControlsListingControllerImpl: Subscribing callback, service count: 0
02-19 22:48:48.685 12261 12261 I blica.toss.test: Using CollectorTypeCMC GC.
02-19 22:48:48.688 12261 12261 W blica.toss.test: Unexpected CPU variant for x86: x86_64.
02-19 22:48:48.688 12261 12261 W blica.toss.test: Known variants: atom, sandybridge, silvermont, goldmont, goldmont-plus, goldmont-without-sha-xsaves, tremont, kabylake, alderlake, default
02-19 22:48:48.693 12261 12261 E blica.toss.test: Not starting debugger since process cannot load the jdwp agent.
02-19 22:48:48.699 12261 12261 D nativeloader: Load libframework-connectivity-tiramisu-jni.so using APEX ns com_android_tethering for caller /apex/com.android.tethering/javalib/framework-connectivity-t.jar: ok
02-19 22:48:48.704 12262 12262 W dumpsys : Thread Pool max thread count is 0. Cannot cache binder as linkToDeath cannot be implemented. serviceName: package
02-19 22:48:48.768   752   794 V WindowManager: Sent Transition (#1237) createdAt=02-19 22:48:47.223 via request=TransitionRequestInfo { type = OPEN, triggerTask = TaskInfo{userId=0 taskId=223 effectiveUid=10217 displayId=0 isRunning=true baseIntent=Intent { act=android.intent.action.VIEW dat=intoss://takealook/... flg=0x10000000 cmp=viva.republica.toss.test/im.toss.rn.granite.core.GraniteActivity } baseActivity=ComponentInfo{viva.republica.toss.test/im.toss.rn.granite.core.GraniteActivity} topActivity=ComponentInfo{viva.republica.toss.test/im.toss.rn.granite.core.GraniteActivity} origActivity=null realActivity=ComponentInfo{viva.republica.toss.test/im.toss.rn.granite.core.GraniteActivity} numActivities=1 lastActiveTime=120401081 supportsMultiWindow=true resizeMode=1 isResizeable=true minWidth=-1 minHeight=-1 defaultMinSize=220 token=WCT{RemoteToken{37bf43f Task{3d381b0 #223 type=standard A=10217:viva.republica.toss.test}}} topActivityType=1 pictureInPictureParams=null shouldDockBigOverlays=false launchIntoPipHostTaskId=-1 lastParentTaskIdBeforePip=-1 displayCutoutSafeInsets=Rect(0, 0 - 0, 0) topActivityInfo=ActivityInfo{7ec610c im.toss.rn.granite.core.GraniteActivity} launchCookies=[] positionInParent=Point(0, 0) parentTaskId=-1 isFocused=false isVisible=false isVisibleRequested=false isTopActivityNoDisplay=false isSleeping=false locusId=null displayAreaFeatureId=1 isTopActivityTransparent=false isActivityStackTransparent=false lastNonFullscreenBounds=Rect(284, 660 - 796, 1740) capturedLink=null capturedLinkTimestamp=0 requestedVisibleTypes=-9 topActivityRequestOpenInBrowserEducationTimestamp=0 appCompatTaskInfo=AppCompatTaskInfo { topActivityInSizeCompat=false eligibleForLetterboxEducation= false isLetterboxEducationEnabled= true isLetterboxDoubleTapEnabled= false eligibleForUserAspectRatioButton= false topActivityBoundsLetterboxed= false isFromLetterboxDoubleTap= false topActivityLetterboxVerticalPosition= -1 topActivityLetterboxHorizontalPosition= -1 topActivityLetterboxWidth=-1 topActivityLetterboxHeight=-1 topActivityAppBounds=Rect(0, 0 - 1080, 2400) isUserFullscreenOverrideEnabled=false isSystemFullscreenOverrideEnabled=false hasMinAspectRatioOverride=false topActivityLetterboxBounds=null cameraCompatTaskInfo=CameraCompatTaskInfo { freeformCameraCompatMode=inactive}} topActivityMainWindowFrame=null}, pipChange = null, remoteTransition = null, displayChange = null, flags = 0, debugId = 1237 }
02-19 22:48:48.768   752   794 V WindowManager:     startWCT=WindowContainerTransaction { changes= {} hops= [] errorCallbackToken=null taskFragmentOrganizer=null }
02-19 22:48:48.769   752   794 V WindowManager:     info={id=1237 t=OPEN f=0x0 trk=0 r=[0@Point(0, 0)] c=[
02-19 22:48:48.769   752   794 V WindowManager:         {WCT{RemoteToken{37bf43f Task{3d381b0 #223 type=standard A=10217:viva.republica.toss.test}}} m=OPEN f=NONE leash=Surface(name=Task=223)/@0x4004d99 sb=Rect(0, 0 - 1080, 2400) eb=Rect(0, 0 - 1080, 2400) epz=Point(1080, 2400) d=0 taskParent=-1},
02-19 22:48:48.769   752   794 V WindowManager:         {WCT{RemoteToken{5218fe8 Task{dd43522 #1 type=home}}} m=TO_BACK f=SHOW_WALLPAPER leash=Surface(name=Task=1)/@0x8ddbd2e sb=Rect(0, 0 - 1080, 2400) eb=Rect(0, 0 - 1080, 2400) epz=Point(1080, 2400) d=0 taskParent=-1},
02-19 22:48:48.769   752   794 V WindowManager:         {m=TO_BACK f=IS_WALLPAPER leash=Surface(name=WallpaperWindowToken{35e0c0f showWhenLocked=false})/@0x512f5be sb=Rect(0, 0 - 1080, 2400) eb=Rect(0, 0 - 1080, 2400) epz=Point(1080, 2400) d=0}
02-19 22:48:48.769   752   794 V WindowManager:     ]}
02-19 22:48:48.787  4449 22842 V WindowManagerShell: onTransitionReady(transaction=3229815441925)
02-19 22:48:48.798  4449  4467 V WindowManagerShell: onTransitionReady (#1237) android.os.BinderProxy@87f4211: {id=1237 t=OPEN f=0x0 trk=0 r=[0@Point(0, 0)] c=[
02-19 22:48:48.798  4449  4467 V WindowManagerShell:         {m=OPEN f=NONE leash=Surface(name=Task=223)/@0x1a59a44 sb=Rect(0, 0 - 1080, 2400) eb=Rect(0, 0 - 1080, 2400) epz=Point(1080, 2400) d=0 taskParent=-1},
02-19 22:48:48.798  4449  4467 V WindowManagerShell:         {m=TO_BACK f=SHOW_WALLPAPER leash=Surface(name=Task=1)/@0xf8416b0 sb=Rect(0, 0 - 1080, 2400) eb=Rect(0, 0 - 1080, 2400) epz=Point(1080, 2400) d=0 taskParent=-1},
02-19 22:48:48.798  4449  4467 V WindowManagerShell:         {m=TO_BACK f=IS_WALLPAPER leash=Surface(name=WallpaperWindowToken{35e0c0f showWhenLocked=false})/@0x6477929 sb=Rect(0, 0 - 1080, 2400) eb=Rect(0, 0 - 1080, 2400) epz=Point(1080, 2400) d=0}
02-19 22:48:48.798  4449  4467 V WindowManagerShell:     ]}
02-19 22:48:48.808  4449  4467 V WindowManagerShell: Playing animation for (#1237) android.os.BinderProxy@87f4211@0
02-19 22:48:48.809  4449  4467 V ShellRecents: RecentsTransitionHandler.startAnimation: no controller found
02-19 22:48:48.810  4449  4467 V WindowManagerShell: Transition doesn't have explicit remote, search filters for match for {id=1237 t=OPEN f=0x0 trk=0 r=[0@Point(0, 0)] c=[{m=OPEN f=NONE leash=Surface(name=Task=223)/@0x1a59a44 sb=Rect(0, 0 - 1080, 2400) eb=Rect(0, 0 - 1080, 2400) epz=Point(1080, 2400) d=0 taskParent=-1},{m=TO_BACK f=SHOW_WALLPAPER leash=Surface(name=Task=1)/@0xf8416b0 sb=Rect(0, 0 - 1080, 2400) eb=Rect(0, 0 - 1080, 2400) epz=Point(1080, 2400) d=0 taskParent=-1},{m=TO_BACK f=IS_WALLPAPER leash=Surface(name=WallpaperWindowToken{35e0c0f showWhenLocked=false})/@0x6477929 sb=Rect(0, 0 - 1080, 2400) eb=Rect(0, 0 - 1080, 2400) epz=Point(1080, 2400) d=0}]}
02-19 22:48:48.811  4449  4467 V WindowManagerShell:  Checking filter Pair{{types=[] flags=0x0] notFlags=0x0 checks=[{atype=undefined independent=true modes=[CLOSE,TO_BACK] flags=IN_TASK_WITH_EMBEDDED_ACTIVITY mustBeTask=false order=ANY topActivity=null launchCookie=null taskFragmentToken=android.os.BinderProxy@71546f0 windowingMode=undefined}]} RemoteTransition { remoteTransition = android.window.IRemoteTransition$Stub$Proxy@d4c8469, appThread = android.app.IApplicationThread$Stub$Proxy@c228eee, debugName = overlayBackTransition }}
02-19 22:48:48.811  4449  4467 V WindowManagerShell:  Checking filter Pair{{types=[] flags=0x0] notFlags=0x0 checks=[{atype=dream independent=true modes=[OPEN,TO_FRONT] flags=NONE mustBeTask=false order=ANY topActivity=null launchCookie=null windowingMode=undefined},{atype=home independent=true modes=[CLOSE,TO_BACK] flags=NONE mustBeTask=false order=ANY topActivity=null launchCookie=null windowingMode=undefined}]} RemoteTransition { remoteTransition = android.window.IRemoteTransition$Stub$Proxy@c578f8f, appThread = android.app.IApplicationThread$Stub$Proxy@69fe21c, debugName = LauncherToDream }}
02-19 22:48:48.811  4449  4467 V WindowManagerShell:  Checking filter Pair{{types=[] flags=0x0] notFlags=0x100 checks=[{atype=home independent=true modes=[OPEN,TO_FRONT] flags=NONE mustBeTask=false order=TOP topActivity=ComponentInfo{com.google.android.apps.nexuslauncher/com.google.android.apps.nexuslauncher.NexusLauncherActivity} launchCookie=null windowingMode=undefined},{atype=standard independent=true modes=[CLOSE,TO_BACK] flags=NONE mustBeTask=false order=ANY topActivity=null launchCookie=null windowingMode=undefined},{NOT atype=undefined independent=true modes=[] flags=NONE mustBeTask=true order=ANY topActivity=null launchCookie=null customAnim=true windowingMode=undefined}]} RemoteTransition { remoteTransition = android.window.IRemoteTransition$Stub$Proxy@69ffe25, appThread = android.app.IApplicationThread$Stub$Proxy@72cabfa, debugName = QuickstepLaunchHome }}
02-19 22:48:48.812  4449  4467 V WindowManagerShell:  Checking filter Pair{{types=[] flags=0x0] notFlags=0x0 checks=[{atype=undefined independent=true modes=[CLOSE,TO_BACK] flags=IN_TASK_WITH_EMBEDDED_ACTIVITY mustBeTask=false order=ANY topActivity=null launchCookie=null taskFragmentToken=android.os.BinderProxy@71546f0 windowingMode=undefined}]} RemoteTransition { remoteTransition = android.window.IRemoteTransition$Stub$Proxy@7c795ab, appThread = android.app.IApplicationThread$Stub$Proxy@cd70408, debugName = overlayBackTransition }}
02-19 22:48:48.812   752  1789 W ActivityManager: Slow operation: 72ms so far, now at attachApplicationLocked: immediately after bindApplication
02-19 22:48:48.813  4449  4467 V WindowManagerShell:  Checking filter Pair{{types=[] flags=0x0] notFlags=0x0 checks=[{atype=dream independent=true modes=[OPEN,TO_FRONT] flags=NONE mustBeTask=false order=ANY topActivity=null launchCookie=null windowingMode=undefined},{atype=home independent=true modes=[CLOSE,TO_BACK] flags=NONE mustBeTask=false order=ANY topActivity=null launchCookie=null windowingMode=undefined}]} RemoteTransition { remoteTransition = android.window.IRemoteTransition$Stub$Proxy@f757a1, appThread = android.app.IApplicationThread$Stub$Proxy@d898dc6, debugName = LauncherToDream }}
02-19 22:48:48.813  4449  4467 V WindowManagerShell:  Checking filter Pair{{types=[] flags=0x0] notFlags=0x100 checks=[{atype=home independent=true modes=[OPEN,TO_FRONT] flags=NONE mustBeTask=false order=TOP topActivity=ComponentInfo{com.google.android.apps.nexuslauncher/com.google.android.apps.nexuslauncher.NexusLauncherActivity} launchCookie=null windowingMode=undefined},{atype=standard independent=true modes=[CLOSE,TO_BACK] flags=NONE mustBeTask=false order=ANY topActivity=null launchCookie=null windowingMode=undefined},{NOT atype=undefined independent=true modes=[] flags=NONE mustBeTask=true order=ANY topActivity=null launchCookie=null customAnim=true windowingMode=undefined}]} RemoteTransition { remoteTransition = android.window.IRemoteTransition$Stub$Proxy@9e7e187, appThread = android.app.IApplicationThread$Stub$Proxy@3dc58b4, debugName = QuickstepLaunchHome }}
02-19 22:48:48.814  4449  4467 V WindowManagerShell:  Delegate animation for (#1237) to null
02-19 22:48:48.814   752  1789 W ActivityManager: Slow operation: 74ms so far, now at attachApplicationLocked: after updateLruProcessLocked
02-19 22:48:48.814  4449  4467 V WindowManagerShell: start default transition animation, info = {id=1237 t=OPEN f=0x0 trk=0 r=[0@Point(0, 0)] c=[{m=OPEN f=NONE leash=Surface(name=Task=223)/@0x1a59a44 sb=Rect(0, 0 - 1080, 2400) eb=Rect(0, 0 - 1080, 2400) epz=Point(1080, 2400) d=0 taskParent=-1},{m=TO_BACK f=SHOW_WALLPAPER leash=Surface(name=Task=1)/@0xf8416b0 sb=Rect(0, 0 - 1080, 2400) eb=Rect(0, 0 - 1080, 2400) epz=Point(1080, 2400) d=0 taskParent=-1},{m=TO_BACK f=IS_WALLPAPER leash=Surface(name=WallpaperWindowToken{35e0c0f showWhenLocked=false})/@0x6477929 sb=Rect(0, 0 - 1080, 2400) eb=Rect(0, 0 - 1080, 2400) epz=Point(1080, 2400) d=0}]}
02-19 22:48:48.814  4449  4467 V WindowManagerShell: loadAnimation: anim=android.view.animation.AnimationSet@20ce46b animAttr=0x13 type=OPEN isEntrance=false
02-19 22:48:48.814  4449  4467 V WindowManagerShell: loadAnimation: anim=android.view.animation.AnimationSet@2d80bc8 animAttr=0x12 type=OPEN isEntrance=true
02-19 22:48:48.817  4449  4467 V WindowManagerShell:  animated by com.android.wm.shell.transition.DefaultTransitionHandler@f74d823
02-19 22:48:48.832   752  1095 D BackgroundInstallControlService: Package event received: 0
02-19 22:48:48.839   752  1789 W ActivityManager: Slow operation: 101ms so far, now at attachApplicationLocked: after updateOomAdjLocked
02-19 22:48:48.951 12261 12261 D ApplicationLoaders: Returning zygote-cached class loader: /system_ext/framework/androidx.window.extensions.jar
02-19 22:48:48.951 12261 12261 D ApplicationLoaders: Returning zygote-cached class loader: /system_ext/framework/androidx.window.sidecar.jar
02-19 22:48:48.975   752   795 W Looper  : Slow dispatch took 108ms android.ui app=system_server main=false group=TOP_APP h=com.android.server.am.ActivityManagerService$UiHandler c=com.android.server.am.UidObserverController$$ExternalSyntheticLambda0@6a2cd6d m=0
02-19 22:48:49.008 12261 12261 D nativeloader: Configuring clns-9 for other apk /data/app/~~NUQj-rdXzuicW-16SIRtKA==/viva.republica.toss.test-Si406wFvb_sqEA2GTBV6RQ==/base.apk. target_sdk_version=35, uses_libraries=, library_path=/data/app/~~NUQj-rdXzuicW-16SIRtKA==/viva.republica.toss.test-Si406wFvb_sqEA2GTBV6RQ==/lib/x86_64:/data/app/~~NUQj-rdXzuicW-16SIRtKA==/viva.republica.toss.test-Si406wFvb_sqEA2GTBV6RQ==/base.apk!/lib/x86_64, permitted_path=/data:/mnt/expand:/data/user/0/viva.republica.toss.test
02-19 22:48:49.013 12261 12261 D CompatChangeReporter: Compat change id reported: 202956589; UID 10217; state: ENABLED
02-19 22:48:49.017 12261 12261 I blica.toss.test: AssetManager2(0x7d8fac428e58) locale list changing from [] to [en-US]
02-19 22:48:49.024  4449  4478 D ControlsListingControllerImpl: Unsubscribing callback
02-19 22:48:49.040 12261 12261 V GraphicsEnvironment: Currently set values for:
02-19 22:48:49.041 12261 12261 V GraphicsEnvironment:   angle_gl_driver_selection_pkgs=[]
02-19 22:48:49.041 12261 12261 V GraphicsEnvironment:   angle_gl_driver_selection_values=[]
02-19 22:48:49.041 12261 12261 V GraphicsEnvironment: viva.republica.toss.test is not listed in per-application setting
02-19 22:48:49.042 12261 12261 V GraphicsEnvironment: ANGLE allowlist from config: com.dreamgames.royalmatch com.dts.freefiremax com.dxx.firenow com.gramgames.mergedragons com.ludo.king com.mojang.minecraftpe com.my.defense com.nintendo.zaka com.os.airforce com.playrix.fishdomdd.gplay io.teslatech.callbreak jp.konami.prospia net.peakgames.toonblast
