--------- beginning of main
02-19 21:15:17.925 19301 19456 I WifiScanner: onFullResults
02-19 21:15:17.927 19301 19456 I WifiScanner: onFullResults
02-19 21:15:17.928  4449  4449 I vol.VolumeDialogImpl: mDialog.dismiss() reason: volume_controller from: com.android.systemui.volume.VolumeDialogImpl$7.onDismissRequested:3
02-19 21:15:17.929  4449  4462 D KeyguardService: setOccluded(false)
02-19 21:15:17.929  4449  4462 D KeyguardViewMediator: setOccluded(false)
02-19 21:15:17.929  4449  4449 D KeyguardViewMediator: handleSetOccluded(false)
02-19 21:15:17.930  4449  4449 D KeyguardViewMediator: KeyguardViewMediator queue processing message: SET_OCCLUDED
--------- beginning of system
02-19 21:15:17.930   752   795 I ActivityTaskManager: START u0 {act=android.intent.action.MAIN cat=[android.intent.category.HOME] flg=0x10000100 cmp=com.google.android.apps.nexuslauncher/.NexusLauncherActivity (has extras)} with LAUNCH_SINGLE_TASK from uid 0 (BAL_ALLOW_ALLOWLISTED_UID) result code=3
02-19 21:15:17.931 19166 19166 W SplitSelectStateCtor: Missing session instanceIds
02-19 21:15:17.931 19166 19166 D StatsLog: LAUNCHER_SPLIT_SELECTION_EXIT_INTERRUPTED
02-19 21:15:17.932  4449  4467 D WindowManagerShell: onActivityRestartAttempt: topActivity=ComponentInfo{com.google.android.apps.nexuslauncher/com.google.android.apps.nexuslauncher.NexusLauncherActivity}, wasVisible=true
02-19 21:15:17.932 19166 19166 D StateManager: goToState - fromState: Overview, toState: Normal, partial trace:
02-19 21:15:17.932 19166 19166 D StateManager: 	at com.android.launcher3.Launcher.onNewIntent(go/retraceme 72a59688580715d19f0e415c69e80376c2f062d1648c80db6730905005a27c20:116)
02-19 21:15:17.932 19166 19166 D StateManager: 	at com.android.launcher3.uioverrides.QuickstepLauncher.onNewIntent(go/retraceme 72a59688580715d19f0e415c69e80376c2f062d1648c80db6730905005a27c20:1)
02-19 21:15:17.932 19166 19166 D StateManager: 	at com.google.android.apps.nexuslauncher.NexusLauncherActivity.onNewIntent(go/retraceme 72a59688580715d19f0e415c69e80376c2f062d1648c80db6730905005a27c20:1)
02-19 21:15:17.932 19166 19166 D RecentsView: finishRecentsAnimation - mRecentsAnimationController: null
02-19 21:15:17.932 19166 19166 D RecentsView: cleanupRemoteTargets - mRemoteTargetHandles: null
02-19 21:15:17.933 19166 19166 D TFOManager: playPanelCloseAnimation() duration=200 traceTag=LauncherOverlay-hide isHomeButtonTap=true
02-19 21:15:17.933 19166 19166 D TFOManager: Skipped creating panel close animation because -1 is invisible.
02-19 21:15:17.934 19166 19166 D OverviewCommandHelper: clearing pending commands: []
02-19 21:15:17.935 19166 19166 D StatsLog: LAUNCHER_ONRESUME
02-19 21:15:17.935   531   549 I BpBinder: onLastStrongRef automatically unlinking death recipients: 
02-19 21:15:17.966   752  1023 I HalDevMgr: bestIfaceCreationProposal is null, requestIface=STA, existingIface=[name=wlan0 type=STA]
02-19 21:15:17.966 19166 19190 D QuickstepModelDelegate: notifyAppTargetEvent action=1 launchLocation=
02-19 21:15:17.974  1971  2198 I AiAiEcho: Predicting[0]:  [CONTEXT sampling_count=5 ]
02-19 21:15:17.974  1971  2198 I AiAiEcho: EchoTargets: 
02-19 21:15:17.974  1971  2198 I AiAiEcho: Filtered by AiAi flag check: 
02-19 21:15:17.974  1971  2198 I AiAiEcho: [CONTEXT ratelimit_period="10 SECONDS" ]
02-19 21:15:17.974  1971  2198 I AiAiEcho: #remoteViewsTwiddler: feature disabled.
02-19 21:15:17.975  1971  2198 I AiAiEcho: #postPredictionTargets: Sending updates to UISurface home with targets# 0 (types=[])
02-19 21:15:19.308   531   568 W EventThread: Faking VSYNC due to driver stall for thread app
02-19 21:15:19.329 19166 19166 D StateManager: onStateTransitionStart - state: Normal
02-19 21:15:19.329 19166 19166 D RecentsView: updateTaskStackListenerState: false
02-19 21:15:19.332 19166 19166 I NotificationListener: Handling notification state refresh for com.google.android.adservices.api#0
02-19 21:15:19.332 19166 19166 I NotificationListener: Handling notification state refresh for android#0
02-19 21:15:19.332 19166 19166 I NotificationListener: Handling notification state refresh for com.android.systemui#0
02-19 21:15:19.333 19166 19166 D SsBaseTemplateCard: No text view can be set up
02-19 21:15:19.333 19166 19166 D SsBaseTemplateCard: Passed-in item info is null
02-19 21:15:19.333 19166 19166 D SsBaseTemplateCard: Passed-in item info is null
02-19 21:15:19.333 19166 19166 D SsBaseTemplateCard: Passed-in item info is null
02-19 21:15:19.333 19166 19166 I SsBaseTemplateCard: Secondary card pane is null
02-19 21:15:19.334   752  1095 D BackgroundInstallControlService: Package event received: 0
02-19 21:15:19.362   752  1456 I ActivityManager: Force stopping viva.republica.toss.test appid=10217 user=0: from pid 32016
02-19 21:15:19.364   752  1456 W IPCThreadState: Sending oneway calls to frozen process.
02-19 21:15:19.365   752  1456 W IPCThreadState: Sending oneway calls to frozen process.
02-19 21:15:19.366   752  1095 D BackgroundInstallControlService: Package event received: 0
02-19 21:15:19.366   752  1456 W IPCThreadState: Sending oneway calls to frozen process.
02-19 21:15:19.367   752  1456 W IPCThreadState: Sending oneway calls to frozen process.
02-19 21:15:19.368   752  1456 W IPCThreadState: Sending oneway calls to frozen process.
02-19 21:15:19.368   752  1456 W IPCThreadState: Sending oneway calls to frozen process.
02-19 21:15:19.368   752  1456 W IPCThreadState: Sending oneway calls to frozen process.
02-19 21:15:19.369   752  1456 W IPCThreadState: Sending oneway calls to frozen process.
02-19 21:15:19.369   752  1456 W IPCThreadState: Sending oneway calls to frozen process.
02-19 21:15:19.370   752  1456 W IPCThreadState: Sending oneway calls to frozen process.
02-19 21:15:19.370   752  1456 W IPCThreadState: Sending oneway calls to frozen process.
02-19 21:15:19.370   752  1456 W IPCThreadState: Sending oneway calls to frozen process.
02-19 21:15:19.370   752  1456 W IPCThreadState: Sending oneway calls to frozen process.
02-19 21:15:19.371   752  1456 W IPCThreadState: Sending oneway calls to frozen process.
02-19 21:15:19.371   752  1456 W IPCThreadState: Sending oneway calls to frozen process.
02-19 21:15:19.372   752  1456 W IPCThreadState: Sending oneway calls to frozen process.
02-19 21:15:19.372   752  1456 W IPCThreadState: Sending oneway calls to frozen process.
02-19 21:15:19.413   752  1095 D BackgroundInstallControlService: Package event received: 0
02-19 21:15:19.413   752  1095 D BackgroundInstallControlService: Package event received: 0
02-19 21:15:19.415   752  1095 D BackgroundInstallControlService: Package event received: 0
02-19 21:15:19.415   752  1095 D BackgroundInstallControlService: Package event received: 0
02-19 21:15:19.415   752  1095 D BackgroundInstallControlService: Package event received: 0
02-19 21:15:19.415   752  1095 D BackgroundInstallControlService: Package event received: 0
02-19 21:15:19.415   752  1095 D BackgroundInstallControlService: Package event received: 0
02-19 21:15:19.415   752  1456 W ProcessStats: Tracking association SourceState{1b917ca system/1000 BFgs #26449} whose proc state 4 is better than process ProcessState{42c4ef0 com.google.android.ext.services/10208 pkg=com.google.android.ext.services} proc state 14 (1 skipped)
02-19 21:15:19.416   752  1095 D BackgroundInstallControlService: Package event received: 0
02-19 21:15:19.416   752  1095 D BackgroundInstallControlService: Package event received: 0
02-19 21:15:19.416   752  1095 D BackgroundInstallControlService: Package event received: 0
02-19 21:15:19.416   752  1095 D BackgroundInstallControlService: Package event received: 0
02-19 21:15:19.416   752  1456 I AppsFilter: interaction: PackageSetting{d389813 com.android.microdroid.empty_payload/10204} -> PackageSetting{48adbbc viva.republica.toss.test/10217} BLOCKED
02-19 21:15:19.417   752  1456 I AppsFilter: interaction: PackageSetting{120ba50 com.android.adbkeyboard/10219} -> PackageSetting{48adbbc viva.republica.toss.test/10217} BLOCKED
02-19 21:15:19.425   752   990 I system_server: AssetManager2(0x7d8fac46a538) locale list changing from [] to [en-US]
02-19 21:15:19.428   752   990 I system_server: AssetManager2(0x7d8fac433d58) locale list changing from [] to [en-US]
02-19 21:15:19.430  1336  1336 D CarrierSvcBindHelper: onHandleForceStop: [viva.republica.toss.test]
02-19 21:15:19.432  1336  1336 D CarrierSvcBindHelper: No carrier app for: 0
02-19 21:15:19.438   752   990 I system_server: AssetManager2(0x7d8fac437bd8) locale list changing from [] to [en-US]
02-19 21:15:19.438   752   990 I system_server: AssetManager2(0x7d8fac42fbb8) locale list changing from [] to [en-US]
02-19 21:15:19.459 19166 19166 D OverviewActionsView: updateForGroupedTask() called with: isGroupedTask = [false], canSaveAppPair = [false]
02-19 21:15:19.460 19166 19166 D OverviewActionsView: updateActionButtonsVisibility() called: showSingleTaskActions = [true], showGroupActions = [false]
02-19 21:15:19.727 19166 19166 D StateManager: onStateTransitionEnd - state: Normal
02-19 21:15:19.727 19166 19166 D RecentsView: reset - mEnableDrawingLiveTile: false, mRecentsAnimationController: null
02-19 21:15:19.728 19166 19166 I AiAiSuggestUi: Clearing suggestions.
02-19 21:15:19.728 19166 19166 I AiAiSuggestUi: Clearing suggestions.
02-19 21:15:19.731 19166 19166 D ActivityAllAppsContainerView: rebindAdapters: force: false
02-19 21:15:19.733 19166 19166 D ActivityAllAppsContainerView: rebindAdapters: Not needed.
02-19 21:15:19.761 19166 19166 D OverviewActionsView: updateForGroupedTask() called with: isGroupedTask = [false], canSaveAppPair = [false]
02-19 21:15:19.762 19166 19166 D OverviewActionsView: updateActionButtonsVisibility() called: showSingleTaskActions = [true], showGroupActions = [false]
02-19 21:15:20.860 19166 19166 I Choreographer: Skipped 51 frames!  The application may be doing too much work on its main thread.
02-19 21:15:21.105   752  1456 W ActivityTaskManager: callingPackage for (uid=2000, pid=32023) has no WPC
02-19 21:15:21.107   752  1456 V GrammaticalInflectionUtils: AttributionSource: android.content.AttributionSource@56784557 does not have READ_SYSTEM_GRAMMATICAL_GENDER permission.
02-19 21:15:21.108   752  1456 W OptProp : Cannot read opt property android.window.PROPERTY_COMPAT_ALLOW_USER_ASPECT_RATIO_OVERRIDE
02-19 21:15:21.108   752  1456 W OptProp : Cannot read opt property android.window.PROPERTY_COMPAT_ALLOW_USER_ASPECT_RATIO_FULLSCREEN_OVERRIDE
02-19 21:15:21.108   752  1456 W OptProp : Cannot read opt property android.window.PROPERTY_COMPAT_ALLOW_RESIZEABLE_ACTIVITY_OVERRIDES
02-19 21:15:21.109   752  1456 W OptProp : Cannot read opt property android.window.PROPERTY_COMPAT_ALLOW_MIN_ASPECT_RATIO_OVERRIDE
02-19 21:15:21.116   752  1456 W OptProp : Cannot read opt property android.window.PROPERTY_COMPAT_ALLOW_ORIENTATION_OVERRIDE
02-19 21:15:21.119   531   549 I BpBinder: onLastStrongRef automatically unlinking death recipients: 
02-19 21:15:21.128  4449  4467 V WindowManagerShell: Transition requested (#1006): android.os.BinderProxy@25e1fa5 TransitionRequestInfo { type = OPEN, triggerTask = TaskInfo{userId=0 taskId=143 effectiveUid=10217 displayId=0 isRunning=true baseIntent=Intent { act=android.intent.action.VIEW dat=intoss://takealook/... flg=0x10000000 cmp=viva.republica.toss.test/im.toss.rn.granite.core.GraniteActivity } baseActivity=ComponentInfo{viva.republica.toss.test/im.toss.rn.granite.core.GraniteActivity} topActivity=ComponentInfo{viva.republica.toss.test/im.toss.rn.granite.core.GraniteActivity} origActivity=null realActivity=ComponentInfo{viva.republica.toss.test/im.toss.rn.granite.core.GraniteActivity} numActivities=1 lastActiveTime=114794972 supportsMultiWindow=true resizeMode=1 isResizeable=true minWidth=-1 minHeight=-1 defaultMinSize=220 token=WCT{android.window.IWindowContainerToken$Stub$Proxy@e55ef7a} topActivityType=1 pictureInPictureParams=null shouldDockBigOverlays=false launchIntoPipHostTaskId=-1 lastParentTaskIdBeforePip=-1 displayCutoutSafeInsets=Rect(0, 0 - 0, 0) topActivityInfo=ActivityInfo{bea532b im.toss.rn.granite.core.GraniteActivity} launchCookies=[] positionInParent=Point(0, 0) parentTaskId=-1 isFocused=false isVisible=false isVisibleRequested=false isTopActivityNoDisplay=false isSleeping=false locusId=null displayAreaFeatureId=1 isTopActivityTransparent=false isActivityStackTransparent=false lastNonFullscreenBounds=Rect(284, 660 - 796, 1740) capturedLink=null capturedLinkTimestamp=0 requestedVisibleTypes=-9 topActivityRequestOpenInBrowserEducationTimestamp=0 appCompatTaskInfo=AppCompatTaskInfo { topActivityInSizeCompat=false eligibleForLetterboxEducation= false isLetterboxEducationEnabled= true isLetterboxDoubleTapEnabled= false eligibleForUserAspectRatioButton= false topActivityBoundsLetterboxed= false isFromLetterboxDoubleTap= false topActivityLetterboxVerticalPosition= -1 topActivityLetterboxHorizontalPosition= -1 topActivityLetterboxWidth=-1 topActivityLetterboxHeight=-1 topActivityAppBounds=Rect(0, 0 - 1080, 2400) isUserFullscreenOverrideEnabled=false isSystemFullscreenOverrideEnabled=false hasMinAspectRatioOverride=false topActivityLetterboxBounds=null cameraCompatTaskInfo=CameraCompatTaskInfo { freeformCameraCompatMode=inactive}} topActivityMainWindowFrame=null}, pipChange = null, remoteTransition = null, displayChange = null, flags = 0, debugId = 1006 }
02-19 21:15:21.130  4449  4467 D ShellSplitScreen: logExit: no-op, mLoggerSessionId is null
02-19 21:15:21.134  4449  4475 W HWUI    : Image decoding logging dropped!
02-19 21:15:21.141   752  1456 I ActivityTaskManager: START u0 {act=android.intent.action.VIEW dat=intoss://takealook/... flg=0x10000000 xflg=0x4 cmp=viva.republica.toss.test/im.toss.rn.granite.core.GraniteActivity} with LAUNCH_MULTIPLE from uid 2000 (BAL_ALLOW_PERMISSION) result code=0
02-19 21:15:21.152 19166 19166 W SplitSelectStateCtor: Missing session instanceIds
02-19 21:15:21.152 19166 19166 D StatsLog: LAUNCHER_SPLIT_SELECTION_EXIT_INTERRUPTED
02-19 21:15:21.153   752   797 V GrammaticalInflectionUtils: AttributionSource: android.content.AttributionSource@56784557 does not have READ_SYSTEM_GRAMMATICAL_GENDER permission.
02-19 21:15:21.154  4449  4467 D WindowManagerShell: setLauncherKeepClearAreaHeight: visible=false, height=527
02-19 21:15:21.155   752  2503 I AppsFilter: interaction: PackageSetting{d389813 com.android.microdroid.empty_payload/10204} -> PackageSetting{256d3ab viva.republica.toss.test/10217} BLOCKED
02-19 21:15:21.155   752  2503 I AppsFilter: interaction: PackageSetting{120ba50 com.android.adbkeyboard/10219} -> PackageSetting{256d3ab viva.republica.toss.test/10217} BLOCKED
02-19 21:15:21.161   752  1095 D BackgroundInstallControlService: Package event received: 0
02-19 21:15:21.190   458   458 D Zygote  : Forked child process 32026
02-19 21:15:21.193   752   806 I ActivityManager: Start proc 32026:viva.republica.toss.test/u0a217 for next-top-activity {viva.republica.toss.test/im.toss.rn.granite.core.GraniteActivity}
02-19 21:15:21.194   752   806 I ActivityManager: ProcessObserver broadcast disabled
02-19 21:15:35.598   531   568 W EventThread: Faking VSYNC due to driver stall for thread app
02-19 21:15:35.600   531   569 W EventThread: Faking VSYNC due to driver stall for thread appSf
02-19 21:15:35.602   531   531 I BpBinder: onLastStrongRef automatically unlinking death recipients: 
02-19 21:15:35.629 27008 27008 I wpa_supplicant: wlan0: CTRL-EVENT-BEACON-LOSS 
02-19 21:15:35.630   752   797 W BLASTSyncEngine: Sync group 1006 timeout
02-19 21:15:35.636   752   805 W ActivityManager: Process ProcessRecord{d9a21fa 32026:viva.republica.toss.test/u0a217} failed to attach
02-19 21:15:35.640 19336 19579 I bbax    : (REDACTED) getHotwordActive::active query: %s, watch: %s, devices connected: %s
02-19 21:15:35.659   752   797 I BLASTSyncEngine: Unfinished container: Task{407ecf0 #143 type=standard A=10217:viva.republica.toss.test}
02-19 21:15:35.659  1336  1556 D SatelliteController: iisInCarrierRoamingNbIotNtn: satellite is disabled
02-19 21:15:35.660   752   797 I BLASTSyncEngine:   Window{f734109 u0 InputMethod} NO_SURFACE
02-19 21:15:35.662   752   797 I BLASTSyncEngine:   Window{716e81c u0 Splash Screen viva.republica.toss.test} DRAW_PENDING
02-19 21:15:35.662   752   797 I BLASTSyncEngine: Unfinished container: ActivityRecord{59273523 u0 viva.republica.toss.test/im.toss.rn.granite.core.GraniteActivity t143}
02-19 21:15:35.663   752   797 I BLASTSyncEngine:   Window{f734109 u0 InputMethod} NO_SURFACE
02-19 21:15:35.663   752   797 I BLASTSyncEngine:   Window{716e81c u0 Splash Screen viva.republica.toss.test} DRAW_PENDING
02-19 21:15:35.670 32026 32026 I blica.toss.test: Using CollectorTypeCMC GC.
02-19 21:15:35.672 32026 32026 W blica.toss.test: Unexpected CPU variant for x86: x86_64.
02-19 21:15:35.672 32026 32026 W blica.toss.test: Known variants: atom, sandybridge, silvermont, goldmont, goldmont-plus, goldmont-without-sha-xsaves, tremont, kabylake, alderlake, default
02-19 21:15:35.673   752   794 V WindowManager: Sent Transition (#1006) createdAt=02-19 21:15:21.109 via request=TransitionRequestInfo { type = OPEN, triggerTask = TaskInfo{userId=0 taskId=143 effectiveUid=10217 displayId=0 isRunning=true baseIntent=Intent { act=android.intent.action.VIEW dat=intoss://takealook/... flg=0x10000000 cmp=viva.republica.toss.test/im.toss.rn.granite.core.GraniteActivity } baseActivity=ComponentInfo{viva.republica.toss.test/im.toss.rn.granite.core.GraniteActivity} topActivity=ComponentInfo{viva.republica.toss.test/im.toss.rn.granite.core.GraniteActivity} origActivity=null realActivity=ComponentInfo{viva.republica.toss.test/im.toss.rn.granite.core.GraniteActivity} numActivities=1 lastActiveTime=114794972 supportsMultiWindow=true resizeMode=1 isResizeable=true minWidth=-1 minHeight=-1 defaultMinSize=220 token=WCT{RemoteToken{dd8754d Task{407ecf0 #143 type=standard A=10217:viva.republica.toss.test}}} topActivityType=1 pictureInPictureParams=null shouldDockBigOverlays=false launchIntoPipHostTaskId=-1 lastParentTaskIdBeforePip=-1 displayCutoutSafeInsets=Rect(0, 0 - 0, 0) topActivityInfo=ActivityInfo{f759802 im.toss.rn.granite.core.GraniteActivity} launchCookies=[] positionInParent=Point(0, 0) parentTaskId=-1 isFocused=false isVisible=false isVisibleRequested=false isTopActivityNoDisplay=false isSleeping=false locusId=null displayAreaFeatureId=1 isTopActivityTransparent=false isActivityStackTransparent=false lastNonFullscreenBounds=Rect(284, 660 - 796, 1740) capturedLink=null capturedLinkTimestamp=0 requestedVisibleTypes=-9 topActivityRequestOpenInBrowserEducationTimestamp=0 appCompatTaskInfo=AppCompatTaskInfo { topActivityInSizeCompat=false eligibleForLetterboxEducation= false isLetterboxEducationEnabled= true isLetterboxDoubleTapEnabled= false eligibleForUserAspectRatioButton= false topActivityBoundsLetterboxed= false isFromLetterboxDoubleTap= false topActivityLetterboxVerticalPosition= -1 topActivityLetterboxHorizontalPosition= -1 topActivityLetterboxWidth=-1 topActivityLetterboxHeight=-1 topActivityAppBounds=Rect(0, 0 - 1080, 2400) isUserFullscreenOverrideEnabled=false isSystemFullscreenOverrideEnabled=false hasMinAspectRatioOverride=false topActivityLetterboxBounds=null cameraCompatTaskInfo=CameraCompatTaskInfo { freeformCameraCompatMode=inactive}} topActivityMainWindowFrame=null}, pipChange = null, remoteTransition = null, displayChange = null, flags = 0, debugId = 1006 }
02-19 21:15:35.674   752   794 V WindowManager:     startWCT=WindowContainerTransaction { changes= {} hops= [] errorCallbackToken=null taskFragmentOrganizer=null }
02-19 21:15:35.674  4449  4582 V WindowManagerShell: onTransitionReady(transaction=3229815435675)
02-19 21:15:35.675   752   794 V WindowManager:     info={id=1006 t=OPEN f=0x0 trk=0 r=[0@Point(0, 0)] c=[
02-19 21:15:35.675   752   794 V WindowManager:         {WCT{RemoteToken{dd8754d Task{407ecf0 #143 type=standard A=10217:viva.republica.toss.test}}} m=OPEN f=NONE leash=Surface(name=Task=143)/@0xd6ed877 sb=Rect(0, 0 - 1080, 2400) eb=Rect(0, 0 - 1080, 2400) epz=Point(1080, 2400) d=0 taskParent=-1},
02-19 21:15:35.675   752   794 V WindowManager:         {WCT{RemoteToken{5218fe8 Task{dd43522 #1 type=home}}} m=TO_BACK f=SHOW_WALLPAPER leash=Surface(name=Task=1)/@0x8ddbd2e sb=Rect(0, 0 - 1080, 2400) eb=Rect(0, 0 - 1080, 2400) epz=Point(1080, 2400) d=0 taskParent=-1},
02-19 21:15:35.675   752   794 V WindowManager:         {m=TO_BACK f=IS_WALLPAPER leash=Surface(name=WallpaperWindowToken{35e0c0f showWhenLocked=false})/@0x512f5be sb=Rect(0, 0 - 1080, 2400) eb=Rect(0, 0 - 1080, 2400) epz=Point(1080, 2400) d=0}
02-19 21:15:35.675   752   794 V WindowManager:     ]}
02-19 21:15:35.675 32026 32026 E blica.toss.test: Not starting debugger since process cannot load the jdwp agent.
02-19 21:15:35.675  4449  4467 V WindowManagerShell: onTransitionReady (#1006) android.os.BinderProxy@25e1fa5: {id=1006 t=OPEN f=0x0 trk=0 r=[0@Point(0, 0)] c=[
02-19 21:15:35.675  4449  4467 V WindowManagerShell:         {m=OPEN f=NONE leash=Surface(name=Task=143)/@0x78ea1cc sb=Rect(0, 0 - 1080, 2400) eb=Rect(0, 0 - 1080, 2400) epz=Point(1080, 2400) d=0 taskParent=-1},
02-19 21:15:35.675  4449  4467 V WindowManagerShell:         {m=TO_BACK f=SHOW_WALLPAPER leash=Surface(name=Task=1)/@0xccf3c15 sb=Rect(0, 0 - 1080, 2400) eb=Rect(0, 0 - 1080, 2400) epz=Point(1080, 2400) d=0 taskParent=-1},
02-19 21:15:35.675  4449  4467 V WindowManagerShell:         {m=TO_BACK f=IS_WALLPAPER leash=Surface(name=WallpaperWindowToken{35e0c0f showWhenLocked=false})/@0x5c92b2a sb=Rect(0, 0 - 1080, 2400) eb=Rect(0, 0 - 1080, 2400) epz=Point(1080, 2400) d=0}
02-19 21:15:35.675  4449  4467 V WindowManagerShell:     ]}
02-19 21:15:35.676  4449  4467 V WindowManagerShell: Playing animation for (#1006) android.os.BinderProxy@25e1fa5@0
02-19 21:15:35.676  4449  4467 V ShellRecents: RecentsTransitionHandler.startAnimation: no controller found
02-19 21:15:35.679 32026 32026 D nativeloader: Load libframework-connectivity-tiramisu-jni.so using APEX ns com_android_tethering for caller /apex/com.android.tethering/javalib/framework-connectivity-t.jar: ok
02-19 21:15:35.680   752   805 W ActivityTaskManager: ProcessRecord{d9a21fa 32026:viva.republica.toss.test/u0a217} is removed with pending start ActivityRecord{59273523 u0 viva.republica.toss.test/im.toss.rn.granite.core.GraniteActivity t143}
02-19 21:15:35.681  4449  4467 V WindowManagerShell: Transition doesn't have explicit remote, search filters for match for {id=1006 t=OPEN f=0x0 trk=0 r=[0@Point(0, 0)] c=[{m=OPEN f=NONE leash=Surface(name=Task=143)/@0x78ea1cc sb=Rect(0, 0 - 1080, 2400) eb=Rect(0, 0 - 1080, 2400) epz=Point(1080, 2400) d=0 taskParent=-1},{m=TO_BACK f=SHOW_WALLPAPER leash=Surface(name=Task=1)/@0xccf3c15 sb=Rect(0, 0 - 1080, 2400) eb=Rect(0, 0 - 1080, 2400) epz=Point(1080, 2400) d=0 taskParent=-1},{m=TO_BACK f=IS_WALLPAPER leash=Surface(name=WallpaperWindowToken{35e0c0f showWhenLocked=false})/@0x5c92b2a sb=Rect(0, 0 - 1080, 2400) eb=Rect(0, 0 - 1080, 2400) epz=Point(1080, 2400) d=0}]}
02-19 21:15:35.693  4449  4467 V WindowManagerShell:  Checking filter Pair{{types=[] flags=0x0] notFlags=0x0 checks=[{atype=undefined independent=true modes=[CLOSE,TO_BACK] flags=IN_TASK_WITH_EMBEDDED_ACTIVITY mustBeTask=false order=ANY topActivity=null launchCookie=null taskFragmentToken=android.os.BinderProxy@71546f0 windowingMode=undefined}]} RemoteTransition { remoteTransition = android.window.IRemoteTransition$Stub$Proxy@d4c8469, appThread = android.app.IApplicationThread$Stub$Proxy@c228eee, debugName = overlayBackTransition }}
02-19 21:15:35.693  4449  4467 V WindowManagerShell:  Checking filter Pair{{types=[] flags=0x0] notFlags=0x0 checks=[{atype=dream independent=true modes=[OPEN,TO_FRONT] flags=NONE mustBeTask=false order=ANY topActivity=null launchCookie=null windowingMode=undefined},{atype=home independent=true modes=[CLOSE,TO_BACK] flags=NONE mustBeTask=false order=ANY topActivity=null launchCookie=null windowingMode=undefined}]} RemoteTransition { remoteTransition = android.window.IRemoteTransition$Stub$Proxy@c578f8f, appThread = android.app.IApplicationThread$Stub$Proxy@69fe21c, debugName = LauncherToDream }}
02-19 21:15:35.693  4449  4467 V WindowManagerShell:  Checking filter Pair{{types=[] flags=0x0] notFlags=0x100 checks=[{atype=home independent=true modes=[OPEN,TO_FRONT] flags=NONE mustBeTask=false order=TOP topActivity=ComponentInfo{com.google.android.apps.nexuslauncher/com.google.android.apps.nexuslauncher.NexusLauncherActivity} launchCookie=null windowingMode=undefined},{atype=standard independent=true modes=[CLOSE,TO_BACK] flags=NONE mustBeTask=false order=ANY topActivity=null launchCookie=null windowingMode=undefined},{NOT atype=undefined independent=true modes=[] flags=NONE mustBeTask=true order=ANY topActivity=null launchCookie=null customAnim=true windowingMode=undefined}]} RemoteTransition { remoteTransition = android.window.IRemoteTransition$Stub$Proxy@69ffe25, appThread = android.app.IApplicationThread$Stub$Proxy@72cabfa, debugName = QuickstepLaunchHome }}
02-19 21:15:35.693  4449  4467 V WindowManagerShell:  Checking filter Pair{{types=[] flags=0x0] notFlags=0x0 checks=[{atype=undefined independent=true modes=[CLOSE,TO_BACK] flags=IN_TASK_WITH_EMBEDDED_ACTIVITY mustBeTask=false order=ANY topActivity=null launchCookie=null taskFragmentToken=android.os.BinderProxy@71546f0 windowingMode=undefined}]} RemoteTransition { remoteTransition = android.window.IRemoteTransition$Stub$Proxy@7c795ab, appThread = android.app.IApplicationThread$Stub$Proxy@cd70408, debugName = overlayBackTransition }}
02-19 21:15:35.693  4449  4467 V WindowManagerShell:  Checking filter Pair{{types=[] flags=0x0] notFlags=0x0 checks=[{atype=dream independent=true modes=[OPEN,TO_FRONT] flags=NONE mustBeTask=false order=ANY topActivity=null launchCookie=null windowingMode=undefined},{atype=home independent=true modes=[CLOSE,TO_BACK] flags=NONE mustBeTask=false order=ANY topActivity=null launchCookie=null windowingMode=undefined}]} RemoteTransition { remoteTransition = android.window.IRemoteTransition$Stub$Proxy@f757a1, appThread = android.app.IApplicationThread$Stub$Proxy@d898dc6, debugName = LauncherToDream }}
02-19 21:15:35.694  4449  4467 V WindowManagerShell:  Checking filter Pair{{types=[] flags=0x0] notFlags=0x100 checks=[{atype=home independent=true modes=[OPEN,TO_FRONT] flags=NONE mustBeTask=false order=TOP topActivity=ComponentInfo{com.google.android.apps.nexuslauncher/com.google.android.apps.nexuslauncher.NexusLauncherActivity} launchCookie=null windowingMode=undefined},{atype=standard independent=true modes=[CLOSE,TO_BACK] flags=NONE mustBeTask=false order=ANY topActivity=null launchCookie=null windowingMode=undefined},{NOT atype=undefined independent=true modes=[] flags=NONE mustBeTask=true order=ANY topActivity=null launchCookie=null customAnim=true windowingMode=undefined}]} RemoteTransition { remoteTransition = android.window.IRemoteTransition$Stub$Proxy@9e7e187, appThread = android.app.IApplicationThread$Stub$Proxy@3dc58b4, debugName = QuickstepLaunchHome }}
02-19 21:15:35.694  4449  4467 V WindowManagerShell:  Delegate animation for (#1006) to null
02-19 21:15:35.695  4449  4467 V WindowManagerShell: start default transition animation, info = {id=1006 t=OPEN f=0x0 trk=0 r=[0@Point(0, 0)] c=[{m=OPEN f=NONE leash=Surface(name=Task=143)/@0x78ea1cc sb=Rect(0, 0 - 1080, 2400) eb=Rect(0, 0 - 1080, 2400) epz=Point(1080, 2400) d=0 taskParent=-1},{m=TO_BACK f=SHOW_WALLPAPER leash=Surface(name=Task=1)/@0xccf3c15 sb=Rect(0, 0 - 1080, 2400) eb=Rect(0, 0 - 1080, 2400) epz=Point(1080, 2400) d=0 taskParent=-1},{m=TO_BACK f=IS_WALLPAPER leash=Surface(name=WallpaperWindowToken{35e0c0f showWhenLocked=false})/@0x5c92b2a sb=Rect(0, 0 - 1080, 2400) eb=Rect(0, 0 - 1080, 2400) epz=Point(1080, 2400) d=0}]}
02-19 21:15:35.696  4449  4467 V WindowManagerShell: loadAnimation: anim=android.view.animation.AnimationSet@68d5e64 animAttr=0x13 type=OPEN isEntrance=false
02-19 21:15:35.697   752  2503 D CoreBackPreview: Window{716e81c u0 Splash Screen viva.republica.toss.test}: Setting back callback OnBackInvokedCallbackInfo{mCallback=android.window.IOnBackInvokedCallback$Stub$Proxy@dcca350, mPriority=0, mIsAnimationCallback=false, mOverrideBehavior=0}
02-19 21:15:35.697  4449  4467 V WindowManagerShell: loadAnimation: anim=android.view.animation.AnimationSet@11d5493 animAttr=0x12 type=OPEN isEntrance=true
02-19 21:15:35.704  4449  4467 V WindowManagerShell:  animated by com.android.wm.shell.transition.DefaultTransitionHandler@f74d823
02-19 21:15:35.706  4449  4467 V WindowManagerShell: Transition requested (#1007): android.os.BinderProxy@5f3fcd0 TransitionRequestInfo { type = CLOSE, triggerTask = TaskInfo{userId=0 taskId=143 effectiveUid=10217 displayId=0 isRunning=false baseIntent=Intent { act=android.intent.action.VIEW dat=intoss://takealook/... flg=0x10000000 cmp=viva.republica.toss.test/im.toss.rn.granite.core.GraniteActivity } baseActivity=null topActivity=null origActivity=null realActivity=ComponentInfo{viva.republica.toss.test/im.toss.rn.granite.core.GraniteActivity} numActivities=0 lastActiveTime=114794972 supportsMultiWindow=true resizeMode=1 isResizeable=true minWidth=-1 minHeight=-1 defaultMinSize=220 token=WCT{android.window.IWindowContainerToken$Stub$Proxy@8ca34c9} topActivityType=1 pictureInPictureParams=null shouldDockBigOverlays=false launchIntoPipHostTaskId=-1 lastParentTaskIdBeforePip=-1 displayCutoutSafeInsets=Rect(0, 0 - 0, 0) topActivityInfo=null launchCookies=[] positionInParent=Point(0, 0) parentTaskId=-1 isFocused=false isVisible=true isVisibleRequested=true isTopActivityNoDisplay=false isSleeping=false locusId=null displayAreaFeatureId=1 isTopActivityTransparent=false isActivityStackTransparent=true lastNonFullscreenBounds=Rect(284, 660 - 796, 1740) capturedLink=null capturedLinkTimestamp=0 requestedVisibleTypes=-9 topActivityRequestOpenInBrowserEducationTimestamp=0 appCompatTaskInfo=AppCompatTaskInfo { topActivityInSizeCompat=false eligibleForLetterboxEducation= false isLetterboxEducationEnabled= false isLetterboxDoubleTapEnabled= false eligibleForUserAspectRatioButton= false topActivityBoundsLetterboxed= false isFromLetterboxDoubleTap= false topActivityLetterboxVerticalPosition= -1 topActivityLetterboxHorizontalPosition= -1 topActivityLetterboxWidth=-1 topActivityLetterboxHeight=-1 topActivityAppBounds=Rect(0, 0 - 0, 0) isUserFullscreenOverrideEnabled=false isSystemFullscreenOverrideEnabled=false hasMinAspectRatioOverride=false topActivityLetterboxBounds=null cameraCompatTaskInfo=CameraCompatTaskInfo { freeformCameraCompatMode=undefined}} topActivityMainWindowFrame=null}, pipChange = null, remoteTransition = null, displayChange = null, flags = 0, debugId = 1007 }
02-19 21:15:35.745   752  1856 E TaskPersister: File error accessing recents directory (directory doesn't exist?).
02-19 21:15:35.750   752   797 W ActivityTaskManager: Launch timeout has expired, giving up wake lock!
02-19 21:15:35.756   752   805 I ActivityManager: Killing 32026:viva.republica.toss.test/u0a217 (adj -10000): start timeout
02-19 21:15:35.778 19166 19166 D StatsLog: LAUNCHER_ONRESUME
02-19 21:15:35.781   531   603 I BpBinder: onLastStrongRef automatically unlinking death recipients: 
02-19 21:15:35.782   752   933 W ActivityManager: No pending application record for pid 32026 (IApplicationThread android.app.IApplicationThread$Stub$Proxy@eb25f6f); dropping process
02-19 21:15:35.789  4449 22842 V WindowManagerShell: onTransitionReady(transaction=3229815435682)
02-19 21:15:35.789  4449  4467 D WindowManagerShell: setLauncherKeepClearAreaHeight: visible=true, height=527
02-19 21:15:35.789  4449  4467 V WindowManagerShell: onTransitionReady (#1007) android.os.BinderProxy@5f3fcd0: {id=1007 t=CLOSE f=0x0 trk=0 r=[0@Point(0, 0)] c=[
02-19 21:15:35.789  4449  4467 V WindowManagerShell:         {m=TO_FRONT f=SHOW_WALLPAPER|MOVE_TO_TOP leash=Surface(name=Task=1)/@0xa1ab2da sb=Rect(0, 0 - 1080, 2400) eb=Rect(0, 0 - 1080, 2400) epz=Point(1080, 2400) d=0 taskParent=-1},
02-19 21:15:35.789  4449  4467 V WindowManagerShell:         {m=CLOSE f=NONE leash=Surface(name=Task=143)/@0xe78c30b sb=Rect(0, 0 - 1080, 2400) eb=Rect(0, 0 - 1080, 2400) epz=Point(1080, 2400) d=0 taskParent=-1},
02-19 21:15:35.789  4449  4467 V WindowManagerShell:         {m=TO_FRONT f=IS_WALLPAPER leash=Surface(name=WallpaperWindowToken{35e0c0f showWhenLocked=false})/@0xa5a95e8 sb=Rect(0, 0 - 1080, 2400) eb=Rect(0, 0 - 1080, 2400) epz=Point(1080, 2400) d=0}
02-19 21:15:35.789  4449  4467 V WindowManagerShell:     ]}
02-19 21:15:35.790  4449  4467 V WindowManagerShell: Transition (#1007) android.os.BinderProxy@5f3fcd0@0 ready while (#1006) android.os.BinderProxy@25e1fa5@0 is still animating. Notify the animating transition in case they can be merged
02-19 21:15:35.792  4449  4467 V WindowManagerShell: Transition animation finished (aborted=false), notifying core (#1006) android.os.BinderProxy@25e1fa5@0
02-19 21:15:35.796   752   794 V WindowManager: Sent Transition (#1007) createdAt=02-19 21:15:35.680 via request=TransitionRequestInfo { type = CLOSE, triggerTask = TaskInfo{userId=0 taskId=143 effectiveUid=10217 displayId=0 isRunning=false baseIntent=Intent { act=android.intent.action.VIEW dat=intoss://takealook/... flg=0x10000000 cmp=viva.republica.toss.test/im.toss.rn.granite.core.GraniteActivity } baseActivity=null topActivity=null origActivity=null realActivity=ComponentInfo{viva.republica.toss.test/im.toss.rn.granite.core.GraniteActivity} numActivities=0 lastActiveTime=114794972 supportsMultiWindow=true resizeMode=1 isResizeable=true minWidth=-1 minHeight=-1 defaultMinSize=220 token=WCT{RemoteToken{dd8754d Task{407ecf0 #143 type=standard A=10217:viva.republica.toss.test}}} topActivityType=1 pictureInPictureParams=null shouldDockBigOverlays=false launchIntoPipHostTaskId=-1 lastParentTaskIdBeforePip=-1 displayCutoutSafeInsets=Rect(0, 0 - 0, 0) topActivityInfo=null launchCookies=[] positionInParent=Point(0, 0) parentTaskId=-1 isFocused=false isVisible=true isVisibleRequested=true isTopActivityNoDisplay=false isSleeping=false locusId=null displayAreaFeatureId=1 isTopActivityTransparent=false isActivityStackTransparent=true lastNonFullscreenBounds=Rect(284, 660 - 796, 1740) capturedLink=null capturedLinkTimestamp=0 requestedVisibleTypes=-9 topActivityRequestOpenInBrowserEducationTimestamp=0 appCompatTaskInfo=AppCompatTaskInfo { topActivityInSizeCompat=false eligibleForLetterboxEducation= false isLetterboxEducationEnabled= false isLetterboxDoubleTapEnabled= false eligibleForUserAspectRatioButton= false topActivityBoundsLetterboxed= false isFromLetterboxDoubleTap= false topActivityLetterboxVerticalPosition= -1 topActivityLetterboxHorizontalPosition= -1 topActivityLetterboxWidth=-1 topActivityLetterboxHeight=-1 topActivityAppBounds=Rect(0, 0 - 0, 0) isUserFullscreenOverrideEnabled=false isSystemFullscreenOverrideEnabled=false hasMinAspectRatioOverride=false topActivityLetterboxBounds=null cameraCompatTaskInfo=CameraCompatTaskInfo { freeformCameraCompatMode=undefined}} topActivityMainWindowFrame=null}, pipChange = null, remoteTransition = null, displayChange = null, flags = 0, debugId = 1007 }
02-19 21:15:35.796   752   794 V WindowManager:     startWCT=WindowContainerTransaction { changes= {} hops= [] errorCallbackToken=null taskFragmentOrganizer=null }
02-19 21:15:35.796   752   794 V WindowManager:     info={id=1007 t=CLOSE f=0x0 trk=0 r=[0@Point(0, 0)] c=[
02-19 21:15:35.796   752   794 V WindowManager:         {WCT{RemoteToken{5218fe8 Task{dd43522 #1 type=home}}} m=TO_FRONT f=SHOW_WALLPAPER|MOVE_TO_TOP leash=Surface(name=Task=1)/@0x8ddbd2e sb=Rect(0, 0 - 1080, 2400) eb=Rect(0, 0 - 1080, 2400) epz=Point(1080, 2400) d=0 taskParent=-1},
02-19 21:15:35.796   752   794 V WindowManager:         {WCT{RemoteToken{dd8754d Task{407ecf0 #143 type=standard A=10217:viva.republica.toss.test}}} m=CLOSE f=NONE leash=Surface(name=Task=143)/@0xd6ed877 sb=Rect(0, 0 - 1080, 2400) eb=Rect(0, 0 - 1080, 2400) epz=Point(1080, 2400) d=0 taskParent=-1},
02-19 21:15:35.796   752   794 V WindowManager:         {m=TO_FRONT f=IS_WALLPAPER leash=Surface(name=WallpaperWindowToken{35e0c0f showWhenLocked=false})/@0x512f5be sb=Rect(0, 0 - 1080, 2400) eb=Rect(0, 0 - 1080, 2400) epz=Point(1080, 2400) d=0}
02-19 21:15:35.796   752   794 V WindowManager:     ]}
02-19 21:15:35.796   458   458 I Zygote  : Process 32026 exited due to signal 9 (Killed)
02-19 21:15:35.800  1971  2198 I AiAiEcho: Predicting[0]:  [CONTEXT sampling_count=5 ]
02-19 21:15:35.800 19166 19190 D QuickstepModelDelegate: notifyAppTargetEvent action=1 launchLocation=workspace/0/[-1,-1]/[1,1]
02-19 21:15:35.800  1971  2198 I AiAiEcho: EchoTargets: 
02-19 21:15:35.800  1971  2198 I AiAiEcho: Filtered by AiAi flag check: 
02-19 21:15:35.800  1971  2198 I AiAiEcho: [CONTEXT ratelimit_period="10 SECONDS" ]
02-19 21:15:35.808   752   807 I libprocessgroup: Removed cgroup /sys/fs/cgroup/apps/uid_10217/pid_32026
02-19 21:15:35.812  1971  2198 I AiAiEcho: #remoteViewsTwiddler: feature disabled.
02-19 21:15:35.822   752  1095 D BackgroundInstallControlService: Package event received: 0
02-19 21:15:35.822  1971  2198 I AiAiEcho: #postPredictionTargets: Sending updates to UISurface home with targets# 0 (types=[])
02-19 21:15:35.823   752   794 V WindowManager: Finish Transition (#1006): created at 02-19 21:15:21.109 collect-started=0.213ms request-sent=17.19ms started=36.028ms ready=-1.14794956337E8ms sent=14562.77ms commit=41.823ms finished=14703.962ms
02-19 21:15:35.824   752  1095 D BackgroundInstallControlService: Package event received: 0
02-19 21:15:35.824   752   955 W UsageStatsService: Unexpected activity event reported! (viva.republica.toss.test/im.toss.rn.granite.core.GraniteActivity event : 23 instanceId : 53555817)
02-19 21:15:35.825  4449  4467 V WindowManagerShell: Playing animation for (#1007) android.os.BinderProxy@5f3fcd0@0
02-19 21:15:35.825  4449  4467 V ShellRecents: RecentsTransitionHandler.startAnimation: no controller found
02-19 21:15:35.825  4449  4467 V WindowManagerShell: Transition doesn't have explicit remote, search filters for match for {id=1007 t=CLOSE f=0x0 trk=0 r=[0@Point(0, 0)] c=[{m=TO_FRONT f=SHOW_WALLPAPER|MOVE_TO_TOP leash=Surface(name=Task=1)/@0xa1ab2da sb=Rect(0, 0 - 1080, 2400) eb=Rect(0, 0 - 1080, 2400) epz=Point(1080, 2400) d=0 taskParent=-1},{m=CLOSE f=NONE leash=Surface(name=Task=143)/@0xe78c30b sb=Rect(0, 0 - 1080, 2400) eb=Rect(0, 0 - 1080, 2400) epz=Point(1080, 2400) d=0 taskParent=-1},{m=TO_FRONT f=IS_WALLPAPER leash=Surface(name=WallpaperWindowToken{35e0c0f showWhenLocked=false})/@0xa5a95e8 sb=Rect(0, 0 - 1080, 2400) eb=Rect(0, 0 - 1080, 2400) epz=Point(1080, 2400) d=0}]}
02-19 21:15:35.825  4449  4467 V WindowManagerShell:  Checking filter Pair{{types=[] flags=0x0] notFlags=0x0 checks=[{atype=undefined independent=true modes=[CLOSE,TO_BACK] flags=IN_TASK_WITH_EMBEDDED_ACTIVITY mustBeTask=false order=ANY topActivity=null launchCookie=null taskFragmentToken=android.os.BinderProxy@71546f0 windowingMode=undefined}]} RemoteTransition { remoteTransition = android.window.IRemoteTransition$Stub$Proxy@d4c8469, appThread = android.app.IApplicationThread$Stub$Proxy@c228eee, debugName = overlayBackTransition }}
02-19 21:15:35.825  4449  4467 V WindowManagerShell:  Checking filter Pair{{types=[] flags=0x0] notFlags=0x0 checks=[{atype=dream independent=true modes=[OPEN,TO_FRONT] flags=NONE mustBeTask=false order=ANY topActivity=null launchCookie=null windowingMode=undefined},{atype=home independent=true modes=[CLOSE,TO_BACK] flags=NONE mustBeTask=false order=ANY topActivity=null launchCookie=null windowingMode=undefined}]} RemoteTransition { remoteTransition = android.window.IRemoteTransition$Stub$Proxy@c578f8f, appThread = android.app.IApplicationThread$Stub$Proxy@69fe21c, debugName = LauncherToDream }}
02-19 21:15:35.825  4449  4467 V WindowManagerShell:  Checking filter Pair{{types=[] flags=0x0] notFlags=0x100 checks=[{atype=home independent=true modes=[OPEN,TO_FRONT] flags=NONE mustBeTask=false order=TOP topActivity=ComponentInfo{com.google.android.apps.nexuslauncher/com.google.android.apps.nexuslauncher.NexusLauncherActivity} launchCookie=null windowingMode=undefined},{atype=standard independent=true modes=[CLOSE,TO_BACK] flags=NONE mustBeTask=false order=ANY topActivity=null launchCookie=null windowingMode=undefined},{NOT atype=undefined independent=true modes=[] flags=NONE mustBeTask=true order=ANY topActivity=null launchCookie=null customAnim=true windowingMode=undefined}]} RemoteTransition { remoteTransition = android.window.IRemoteTransition$Stub$Proxy@69ffe25, appThread = android.app.IApplicationThread$Stub$Proxy@72cabfa, debugName = QuickstepLaunchHome }}
02-19 21:15:35.826  4449  4467 D RemoteTransitionHandler: Found filterPair{{types=[] flags=0x0] notFlags=0x100 checks=[{atype=home independent=true modes=[OPEN,TO_FRONT] flags=NONE mustBeTask=false order=TOP topActivity=ComponentInfo{com.google.android.apps.nexuslauncher/com.google.android.apps.nexuslauncher.NexusLauncherActivity} launchCookie=null windowingMode=undefined},{atype=standard independent=true modes=[CLOSE,TO_BACK] flags=NONE mustBeTask=false order=ANY topActivity=null launchCookie=null windowingMode=undefined},{NOT atype=undefined independent=true modes=[] flags=NONE mustBeTask=true order=ANY topActivity=null launchCookie=null customAnim=true windowingMode=undefined}]} RemoteTransition { remoteTransition = android.window.IRemoteTransition$Stub$Proxy@69ffe25, appThread = android.app.IApplicationThread$Stub$Proxy@72cabfa, debugName = QuickstepLaunchHome }}
02-19 21:15:35.826  4449  4467 V WindowManagerShell:  Delegate animation for (#1007) to RemoteTransition { remoteTransition = android.window.IRemoteTransition$Stub$Proxy@69ffe25, appThread = android.app.IApplicationThread$Stub$Proxy@72cabfa, debugName = QuickstepLaunchHome }
02-19 21:15:35.851 19166 19166 I NotificationListener: Handling notification state refresh for com.google.android.adservices.api#0
02-19 21:15:35.853 19166 19166 I NotificationListener: Handling notification state refresh for android#0
02-19 21:15:35.853 19166 19166 I NotificationListener: Handling notification state refresh for com.android.systemui#0
02-19 21:15:35.871 19166 19166 D SsBaseTemplateCard: No text view can be set up
02-19 21:15:35.872 19166 19166 D SsBaseTemplateCard: Passed-in item info is null
02-19 21:15:35.872 19166 19166 D SsBaseTemplateCard: Passed-in item info is null
02-19 21:15:35.872 19166 19166 D SsBaseTemplateCard: Passed-in item info is null
02-19 21:15:35.872 19166 19166 I SsBaseTemplateCard: Secondary card pane is null
02-19 21:15:35.873  4449  4467 V WindowManagerShell:  animated by com.android.wm.shell.transition.RemoteTransitionHandler@ef09705
02-19 21:15:35.892 19166 19166 D StateManager: createAtomicAnimation - fromState: Background, toState: Normal, partial trace:
02-19 21:15:35.892 19166 19166 D StateManager: 	at com.android.quickstep.util.ScalingWorkspaceRevealAnim.<init>(go/retraceme 72a59688580715d19f0e415c69e80376c2f062d1648c80db6730905005a27c20:39)
02-19 21:15:35.892 19166 19166 D StateManager: 	at com.android.launcher3.QuickstepTransitionManager.createWallpaperOpenAnimations(go/retraceme 72a59688580715d19f0e415c69e80376c2f062d1648c80db6730905005a27c20:168)
02-19 21:15:35.892 19166 19166 D StateManager: 	at com.android.launcher3.QuickstepTransitionManager$WallpaperOpenLauncherAnimationRunner.onAnimationStart(go/retraceme 72a59688580715d19f0e415c69e80376c2f062d1648c80db6730905005a27c20:17)
02-19 21:15:35.895 19166 19166 D b/311077782: LauncherAnimationRunner.setAnimation
02-19 21:15:35.903 19166 19190 W HWUI    : Image decoding logging dropped!
02-19 21:15:35.937   752   989 I ImeTracker: com.google.android.apps.nexuslauncher:6e42e7e1: onRequestHide at ORIGIN_SERVER reason HIDE_SAME_WINDOW_FOCUSED_WITHOUT_EDITOR fromUser false
02-19 21:15:35.956   531   590 I BpBinder: onLastStrongRef automatically unlinking death recipients: 
02-19 21:15:35.956  4449  4474 W WindowOnBackDispatcher: sendCancelIfRunning: isInProgress=false callback=android.view.ViewRootImpl$$ExternalSyntheticLambda13@a547b1e
02-19 21:15:35.958   488   519 I RanchuHwc: logCompositionFallbackIfChanged: layer 1720 CompositionType fallback from 2 to 1
02-19 21:15:35.959   752   933 W WindowManager: Failed looking up window session=Session{bcd6833 4449:u0a10187} callers=com.android.server.wm.WindowManagerService.windowForClientLocked:6410 com.android.server.wm.Session.setOnBackInvokedCallbackInfo:1002 android.view.IWindowSession$Stub.onTransact:1156 
02-19 21:15:35.959   752   933 I WindowManager: setOnBackInvokedCallback(): No window state for package:com.android.systemui
02-19 21:15:35.965 20022 20022 I GoogleInputMethodService: GoogleInputMethodService.onFinishInput():2043 
02-19 21:15:35.967 20022 20022 I Module  : DeviceLockedStatusModuleProvider$Module.updateDeviceLockedStatus():100 repeatCheckTimes = 0, locked = false
02-19 21:15:35.994 20022 20022 I GoogleInputMethodService: GoogleInputMethodService.onStartInput():1293 onStartInput(EditorInfo{EditorInfo{packageName=com.google.android.apps.nexuslauncher, inputType=0, inputTypeString=NULL, enableLearning=false, autoCorrection=false, autoComplete=false, imeOptions=0, privateImeOptions=null, actionName=UNSPECIFIED, actionLabel=null, initialSelStart=-1, initialSelEnd=-1, initialCapsMode=0, label=null, fieldId=0, fieldName=null, extras=null, hintText=null, hintLocales=[]}}, false)
02-19 21:15:36.005 20022 20022 I EmojiCompatManager: EmojiCompatManager.getEmojiCompatIfLoaded():343 EmojiCompat.init() was never called.
02-19 21:15:36.005 20022 20022 I EmojiCompatManager: java.lang.IllegalStateException: EmojiCompat is not initialized. Please call EmojiCompat.init() first
02-19 21:15:36.005 20022 20022 I EmojiCompatManager: 	at asx.p(PG:6)
02-19 21:15:36.005 20022 20022 I EmojiCompatManager: 	at axb.b(PG:13)
02-19 21:15:36.005 20022 20022 I EmojiCompatManager: 	at jnr.b(PG:2)
02-19 21:15:36.005 20022 20022 I EmojiCompatManager: 	at jnr.c(PG:4)
02-19 21:15:36.005 20022 20022 I EmojiCompatManager: 	at jnr.f(PG:3)
02-19 21:15:36.005 20022 20022 I EmojiCompatManager: 	at jnx.c(PG:3)
02-19 21:15:36.005 20022 20022 I EmojiCompatManager: 	at kif.cz(PG:47)
02-19 21:15:36.005 20022 20022 I EmojiCompatManager: 	at lhl.run(PG:1025)
02-19 21:15:36.005 20022 20022 I EmojiCompatManager: 	at jaf.execute(PG:12)
02-19 21:15:36.005 20022 20022 I EmojiCompatManager: 	at nco.v(PG:13)
02-19 21:15:36.005 20022 20022 I EmojiCompatManager: 	at lhn.m(PG:96)
02-19 21:15:36.005 20022 20022 I EmojiCompatManager: 	at lhn.k(PG:25)
02-19 21:15:36.005 20022 20022 I EmojiCompatManager: 	at kgn.onStartInput(PG:250)
02-19 21:15:36.005 20022 20022 I EmojiCompatManager: 	at android.inputmethodservice.InputMethodService.doStartInput(InputMethodService.java:3521)
02-19 21:15:36.005 20022 20022 I EmojiCompatManager: 	at android.inputmethodservice.InputMethodService$InputMethodImpl.startInput(InputMethodService.java:879)
02-19 21:15:36.005 20022 20022 I EmojiCompatManager: 	at android.inputmethodservice.InputMethodService$InputMethodImpl.dispatchStartInput(InputMethodService.java:908)
02-19 21:15:36.005 20022 20022 I EmojiCompatManager: 	at android.inputmethodservice.IInputMethodWrapper.executeMessage(IInputMethodWrapper.java:201)
02-19 21:15:36.005 20022 20022 I EmojiCompatManager: 	at com.android.internal.os.HandlerCaller$MyHandler.handleMessage(HandlerCaller.java:44)
02-19 21:15:36.005 20022 20022 I EmojiCompatManager: 	at android.os.Handler.dispatchMessage(Handler.java:110)
02-19 21:15:36.005 20022 20022 I EmojiCompatManager: 	at android.os.Looper.loopOnce(Looper.java:248)
02-19 21:15:36.005 20022 20022 I EmojiCompatManager: 	at android.os.Looper.loop(Looper.java:338)
02-19 21:15:36.005 20022 20022 I EmojiCompatManager: 	at android.app.ActivityThread.main(ActivityThread.java:9067)
02-19 21:15:36.005 20022 20022 I EmojiCompatManager: 	at java.lang.reflect.Method.invoke(Native Method)
02-19 21:15:36.005 20022 20022 I EmojiCompatManager: 	at com.android.internal.os.RuntimeInit$MethodAndArgsCaller.run(RuntimeInit.java:593)
02-19 21:15:36.005 20022 20022 I EmojiCompatManager: 	at com.android.internal.os.ZygoteInit.main(ZygoteInit.java:932)
02-19 21:15:36.010 19166 19166 D InsetsController: hide(ime(), fromIme=false)
02-19 21:15:36.011 19166 19166 I ImeTracker: com.google.android.apps.nexuslauncher:6e42e7e1: onCancelled at PHASE_CLIENT_ALREADY_HIDDEN
02-19 21:15:36.039 20022 20022 I Module  : DeviceLockedStatusModuleProvider$Module.updateDeviceLockedStatus():100 repeatCheckTimes = 1, locked = false
02-19 21:15:36.039 20022 20022 W NotificationCenter: NotificationCenter$NotificationQueue.notifyPendingNotificationsOnExecutor():877 Heavy notify work detected on UI thread: [kig->ilu, kig->ijm, kig->gkl, kig->ilu, kig->jnx, kig->khc, kig->ilu, kig->fro, kig->fef, kig->ilu, kig->ilu, kig->fcb, kig->ilu, kig->khg, kig->imt, kig->ilu, kig->ilu, kig->ilu, kig->ilu, kig->ilu, kig->lux, kig->ilu, kig->ilu] takes 44ms
02-19 21:15:36.042   752  2419 W PackageConfigPersister: App-specific configuration not found for packageName: com.google.android.apps.nexuslauncher and userId: 0
02-19 21:15:36.137 19166 19170 I s.nexuslauncher: NativeAlloc concurrent mark compact GC freed 3346KB AllocSpace bytes, 20(1040KB) LOS objects, 49% free, 5784KB/11MB, paused 7.656ms,4.606ms total 214.918ms
02-19 21:15:36.196 19166 19172 W System  : A resource failed to call release. 
02-19 21:15:36.196 19166 19172 W System  : A resource failed to call release. 
02-19 21:15:36.197 19166 19172 W System  : A resource failed to call release. 
02-19 21:15:36.197 19166 19172 W System  : A resource failed to call release. 
02-19 21:15:36.199 19166 19172 W System  : A resource failed to call release. 
02-19 21:15:36.199 19166 19172 W System  : A resource failed to call release. 
02-19 21:15:36.208   752   797 W IPCThreadState: Sending oneway calls to frozen process.
