02-19 13:35:00.046   752   797 W ProcessStats: Tracking association SourceState{1b917ca system/1000 BFgs #15939} whose proc state 4 is better than process ProcessState{42c4ef0 com.google.android.ext.services/10208 pkg=com.google.android.ext.services} proc state 14 (12 skipped)
02-19 13:35:00.356  3065  3065 W dumpsys : Thread Pool max thread count is 0. Cannot cache binder as linkToDeath cannot be implemented. serviceName: window
02-19 13:35:00.517   752   752 W Looper  : Slow dispatch took 152ms main app=system_server main=true group=FOREGROUND h=com.android.server.alarm.AlarmManagerService$AlarmHandler c=null m=4
02-19 13:35:00.735   752   798 I Choreographer: Skipped 48 frames!  The application may be doing too much work on its main thread.
02-19 13:35:00.761  4449  4582 V WindowManagerShell: onTransitionReady(transaction=3229815419050)
02-19 13:35:00.999   752   794 V WindowManager: Sent Transition (#421) createdAt=02-19 13:34:58.038 via request=TransitionRequestInfo { type = TO_FRONT, triggerTask = TaskInfo{userId=0 taskId=56 effectiveUid=10217 displayId=0 isRunning=true baseIntent=Intent { act=android.intent.action.VIEW dat=intoss://takealook/... flg=0x10000000 pkg=viva.republica.toss.test cmp=viva.republica.toss.test/.MiniAppSchemeActivity } baseActivity=ComponentInfo{viva.republica.toss.test/im.toss.rn.granite.core.GraniteActivity} topActivity=ComponentInfo{viva.republica.toss.test/im.toss.rn.granite.core.GraniteActivity} origActivity=null realActivity=ComponentInfo{viva.republica.toss.test/viva.republica.toss.test.MiniAppSchemeActivity} numActivities=12 lastActiveTime=87148569 supportsMultiWindow=true resizeMode=1 isResizeable=true minWidth=-1 minHeight=-1 defaultMinSize=220 token=WCT{RemoteToken{29715c6 Task{fa7be33 #56 type=standard A=10217:viva.republica.toss.test}}} topActivityType=1 pictureInPictureParams=null shouldDockBigOverlays=false launchIntoPipHostTaskId=-1 lastParentTaskIdBeforePip=-1 displayCutoutSafeInsets=Rect(0, 0 - 0, 0) topActivityInfo=ActivityInfo{afa963c im.toss.rn.granite.core.GraniteActivity} launchCookies=[] positionInParent=Point(0, 0) parentTaskId=-1 isFocused=false isVisible=false isVisibleRequested=false isTopActivityNoDisplay=false isSleeping=false locusId=null displayAreaFeatureId=1 isTopActivityTransparent=false isActivityStackTransparent=false lastNonFullscreenBounds=Rect(284, 660 - 796, 1740) capturedLink=null capturedLinkTimestamp=0 requestedVisibleTypes=-9 topActivityRequestOpenInBrowserEducationTimestamp=0 appCompatTaskInfo=AppCompatTaskInfo { topActivityInSizeCompat=false eligibleForLetterboxEducation= false isLetterboxEducationEnabled= true isLetterboxDoubleTapEnabled= false eligibleForUserAspectRatioButton= false topActivityBoundsLetterboxed= false isFromLetterboxDoubleTap= false topActivityLetterboxVerticalPosition= -1 topActivityLetterboxHorizontalPosition= -1 topActivityLetterboxWidth=-1 topActivityLetterboxHeight=-1 topActivityAppBounds=Rect(0, 0 - 1080, 2400) isUserFullscreenOverrideEnabled=false isSystemFullscreenOverrideEnabled=false hasMinAspectRatioOverride=false topActivityLetterboxBounds=null cameraCompatTaskInfo=CameraCompatTaskInfo { freeformCameraCompatMode=inactive}} topActivityMainWindowFrame=null}, pipChange = null, remoteTransition = RemoteTransition { remoteTransition = android.window.IRemoteTransition$Stub$Proxy@4e06fc5, appThread = android.app.IApplicationThread$Stub$Proxy@cfbcd1a, debugName = QuickstepLaunch }, displayChange = null, flags = 0, debugId = 421 }
02-19 13:35:01.000   752   794 V WindowManager:     startWCT=WindowContainerTransaction { changes= {} hops= [] errorCallbackToken=null taskFragmentOrganizer=null }
02-19 13:35:01.012 30659 30663 W gle.android.gms: Suspending all threads took: 149.425ms
02-19 13:35:01.028   752   794 V WindowManager:     info={id=421 t=TO_FRONT f=0x0 trk=0 r=[0@Point(0, 0)] c=[
02-19 13:35:01.028   752   794 V WindowManager:         {WCT{RemoteToken{29715c6 Task{fa7be33 #56 type=standard A=10217:viva.republica.toss.test}}} m=TO_FRONT f=MOVE_TO_TOP leash=Surface(name=Task=56)/@0xf76b753 sb=Rect(0, 0 - 1080, 2400) eb=Rect(0, 0 - 1080, 2400) epz=Point(1080, 2400) d=0 taskParent=-1},
02-19 13:35:01.028   752   794 V WindowManager:         {WCT{RemoteToken{5218fe8 Task{dd43522 #1 type=home}}} m=TO_BACK f=SHOW_WALLPAPER leash=Surface(name=Task=1)/@0x8ddbd2e sb=Rect(0, 0 - 1080, 2400) eb=Rect(0, 0 - 1080, 2400) epz=Point(1080, 2400) d=0 taskParent=-1},
02-19 13:35:01.028   752   794 V WindowManager:         {m=TO_BACK f=IS_WALLPAPER leash=Surface(name=WallpaperWindowToken{35e0c0f showWhenLocked=false})/@0x512f5be sb=Rect(0, 0 - 1080, 2400) eb=Rect(0, 0 - 1080, 2400) epz=Point(1080, 2400) d=0}
02-19 13:35:01.028   752   794 V WindowManager:     ]}
02-19 13:35:01.028   752   794 W Looper  : Slow dispatch took 453ms android.fg app=system_server main=false group=FOREGROUND h=android.os.Handler c=com.android.server.wm.TransitionController$Logger@bd0704b m=0
02-19 13:35:01.032   752   795 W Looper  : Slow dispatch took 1369ms android.ui app=system_server main=false group=TOP_APP h=com.android.server.am.ActivityManagerService$UiHandler c=com.android.server.am.UidObserverController$$ExternalSyntheticLambda0@6a2cd6d m=0
02-19 13:35:01.055   752   795 W Looper  : Slow delivery took 1177ms android.ui app=system_server main=false group=TOP_APP h=com.android.server.am.ActivityManagerService$UiHandler c=com.android.server.am.UidObserverController$$ExternalSyntheticLambda0@6a2cd6d m=0
02-19 13:35:01.104   752   794 W Looper  : Slow delivery took 344ms android.fg app=system_server main=false group=FOREGROUND h=android.os.Handler c=com.android.server.location.injector.SystemAppForegroundHelper$$ExternalSyntheticLambda1@ef8da28 m=0
02-19 13:35:01.122 32388  3053 W unknown:InspectorPackagerConnection: Couldn't connect to packager, will silently retry
02-19 13:35:01.122 32388  3052 W unknown:ReconnectingWebSocket: Couldn't connect to "ws://10.0.2.2:8081/message?device=sdk_gphone64_x86_64%20-%2016%20-%20API%2036&app=viva.republica.toss.test&clientid=BridgeDevSupportManager", will silently retry
02-19 13:35:01.134  4449  4467 V WindowManagerShell: onTransitionReady (#421) android.os.BinderProxy@f2a4289: {id=421 t=TO_FRONT f=0x0 trk=0 r=[0@Point(0, 0)] c=[
02-19 13:35:01.134  4449  4467 V WindowManagerShell:         {m=TO_FRONT f=MOVE_TO_TOP leash=Surface(name=Task=56)/@0xf301566 sb=Rect(0, 0 - 1080, 2400) eb=Rect(0, 0 - 1080, 2400) epz=Point(1080, 2400) d=0 taskParent=-1},
02-19 13:35:01.134  4449  4467 V WindowManagerShell:         {m=TO_BACK f=SHOW_WALLPAPER leash=Surface(name=Task=1)/@0xe260a7 sb=Rect(0, 0 - 1080, 2400) eb=Rect(0, 0 - 1080, 2400) epz=Point(1080, 2400) d=0 taskParent=-1},
02-19 13:35:01.134  4449  4467 V WindowManagerShell:         {m=TO_BACK f=IS_WALLPAPER leash=Surface(name=WallpaperWindowToken{35e0c0f showWhenLocked=false})/@0x2003954 sb=Rect(0, 0 - 1080, 2400) eb=Rect(0, 0 - 1080, 2400) epz=Point(1080, 2400) d=0}
02-19 13:35:01.134  4449  4467 V WindowManagerShell:     ]}
02-19 13:35:01.263  4449  4467 V WindowManagerShell: Playing animation for (#421) android.os.BinderProxy@f2a4289@0
02-19 13:35:01.263  4449  4467 V WindowManagerShell:  try firstHandler com.android.wm.shell.transition.DefaultMixedHandler@1f88e5
02-19 13:35:01.272  4449  4467 V WindowManagerShell: Mixed transition for opening an intent with a remote transition and PIP or Desktop #421
02-19 13:35:01.273  4449  4467 V WindowManagerShell: tryAnimateOpenIntentWithRemoteAndPipOrDesktop
02-19 13:35:01.280   752   752 W Looper  : Slow dispatch took 146ms main app=system_server main=true group=FOREGROUND h=android.os.Handler c=android.hardware.camera2.CameraManager$CameraManagerGlobal$$ExternalSyntheticLambda0@879a0e6 m=0
02-19 13:35:01.280   752   795 W Looper  : Slow dispatch took 224ms android.ui app=system_server main=false group=TOP_APP h=com.android.server.wm.DisplayPolicy$PolicyHandler c=com.android.server.wm.DisplayPolicy$2$$ExternalSyntheticLambda0@2b3c627 m=0
02-19 13:35:01.286  4449  4467 V WindowManagerShell:  Delegate animation for (#421) to RemoteTransition { remoteTransition = android.window.IRemoteTransition$Stub$Proxy@5a6cebc, appThread = android.app.IApplicationThread$Stub$Proxy@c6b7e45, debugName = QuickstepLaunch }
02-19 13:35:01.315 32388 32599 I ReactNativeJNI: Memory warning (pressure level: TRIM_MEMORY_UI_HIDDEN) received by JS VM, ignoring because it's non-severe
02-19 13:35:01.316 32388  2554 I ReactNativeJNI: Memory warning (pressure level: TRIM_MEMORY_UI_HIDDEN) received by JS VM, ignoring because it's non-severe
02-19 13:35:01.318 32388  2648 I ReactNativeJNI: Memory warning (pressure level: TRIM_MEMORY_UI_HIDDEN) received by JS VM, ignoring because it's non-severe
02-19 13:35:01.320 32388  2806 I ReactNativeJNI: Memory warning (pressure level: TRIM_MEMORY_UI_HIDDEN) received by JS VM, ignoring because it's non-severe
02-19 13:35:01.320 32388  2041 I ReactNativeJNI: Memory warning (pressure level: TRIM_MEMORY_UI_HIDDEN) received by JS VM, ignoring because it's non-severe
02-19 13:35:01.320 32388   315 I ReactNativeJNI: Memory warning (pressure level: TRIM_MEMORY_UI_HIDDEN) received by JS VM, ignoring because it's non-severe
02-19 13:35:01.320 32388  1012 I ReactNativeJNI: Memory warning (pressure level: TRIM_MEMORY_UI_HIDDEN) received by JS VM, ignoring because it's non-severe
02-19 13:35:01.321 32388  2950 I ReactNativeJNI: Memory warning (pressure level: TRIM_MEMORY_UI_HIDDEN) received by JS VM, ignoring because it's non-severe
02-19 13:35:01.322 32388  1468 I ReactNativeJNI: Memory warning (pressure level: TRIM_MEMORY_UI_HIDDEN) received by JS VM, ignoring because it's non-severe
02-19 13:35:01.323 32388  1731 I ReactNativeJNI: Memory warning (pressure level: TRIM_MEMORY_UI_HIDDEN) received by JS VM, ignoring because it's non-severe
02-19 13:35:01.324 32388  2322 I ReactNativeJNI: Memory warning (pressure level: TRIM_MEMORY_UI_HIDDEN) received by JS VM, ignoring because it's non-severe
02-19 13:35:01.401   752   795 W Looper  : Slow dispatch took 119ms android.ui app=system_server main=false group=TOP_APP h=com.android.server.wm.DisplayPolicy$PolicyHandler c=com.android.server.wm.DisplayPolicy$$ExternalSyntheticLambda14@61570d4 m=0
02-19 13:35:01.462   752  1631 W AppOps  : Noting op not finished: uid 10148 pkg com.google.android.gms code 113 startTime of in progress event=1771455059663
02-19 13:35:01.683   752  1509 W AppOps  : Noting op not finished: uid 10148 pkg com.google.android.gms code 79 startTime of in progress event=1771473748663
02-19 13:35:01.779   617  3007 I HWUI    : Davey! duration=1061ms; Flags=0, FrameTimelineVsyncId=1413221, IntendedVsync=87174438786546, Vsync=87174572119874, InputEventId=0, HandleInputStart=87174595522020, AnimationStart=87174595523506, PerformTraversalsStart=87174595524190, DrawStart=87174635828541, FrameDeadline=87174455453212, FrameStartTime=87174583587069, FrameInterval=16666666, WorkloadTarget=16666666, SyncQueued=87175136209165, SyncStart=87175137262919, IssueDrawCommandsStart=87175249156873, SwapBuffers=87175332273800, FrameCompleted=87175501552237, DequeueBufferDuration=10910650, QueueBufferDuration=64267673, GpuCompleted=87175490399079, SwapBuffersCompleted=87175501552237, DisplayPresentTime=0, CommandSubmissionCompleted=87175332273800, 
02-19 13:35:01.784   752   795 W Looper  : Drained
02-19 13:35:02.451   617   617 D b/311077782: LauncherAnimationRunner.setAnimation
02-19 13:35:02.769   752  1509 W AppOps  : Noting op not finished: uid 10148 pkg com.google.android.gms code 113 startTime of in progress event=1771455059663
02-19 13:35:02.783   617   617 I Choreographer: Skipped 110 frames!  The application may be doing too much work on its main thread.
02-19 13:35:02.956 20068 20112 I ActivityScheduler: nextTriggerTime: 87411905, in 235133ms, detectorType: 39, FULL_TYPE alarmWindowMillis: 30000
02-19 13:35:03.483  4449  4467 V WindowManagerShell:  animated by firstHandler
02-19 13:35:03.748  4449  4449 I Choreographer: Skipped 104 frames!  The application may be doing too much work on its main thread.
02-19 13:35:04.628   488  1424 I RanchuHwc: logCompositionFallbackIfChanged: layer 764 CompositionType fallback from 2 to 1
02-19 13:35:05.589   752  1856 E TaskPersister: File error accessing recents directory (directory doesn't exist?).
02-19 13:35:05.721   617  3007 I HWUI    : Davey! duration=2579ms; Flags=0, FrameTimelineVsyncId=1413260, IntendedVsync=87174788786532, Vsync=87176622119792, InputEventId=0, HandleInputStart=87176784661591, AnimationStart=87176784663301, PerformTraversalsStart=87176787663525, DrawStart=87176829007930, FrameDeadline=87175522119836, FrameStartTime=87176629638994, FrameInterval=16666666, WorkloadTarget=16666666, SyncQueued=87176986471582, SyncStart=87177212632102, IssueDrawCommandsStart=87177213353691, SwapBuffers=87177544984751, FrameCompleted=87177594473306, DequeueBufferDuration=9372, QueueBufferDuration=4377952, GpuCompleted=87177594294936, SwapBuffersCompleted=87177594473306, DisplayPresentTime=0, CommandSubmissionCompleted=87177544984751, 
02-19 13:35:05.724  4449  4511 I HWUI    : Davey! duration=2050ms; Flags=0, FrameTimelineVsyncId=1413277, IntendedVsync=87175572119834, Vsync=87175822119824, InputEventId=0, HandleInputStart=87175841843465, AnimationStart=87175841845242, PerformTraversalsStart=87175850065301, DrawStart=87177488046240, FrameDeadline=87175588786500, FrameStartTime=87175830177323, FrameInterval=16666666, WorkloadTarget=16666666, SyncQueued=87177531398672, SyncStart=87177541919666, IssueDrawCommandsStart=87177542880876, SwapBuffers=87177625690542, FrameCompleted=87177632939598, DequeueBufferDuration=13780, QueueBufferDuration=1048448, GpuCompleted=87177632852443, SwapBuffersCompleted=87177632939598, DisplayPresentTime=0, CommandSubmissionCompleted=87177625690542, 
02-19 13:35:05.767  4449  4511 I HWUI    : Davey! duration=3719ms; Flags=0, FrameTimelineVsyncId=1413291, IntendedVsync=87175855453156, Vsync=87177588786420, InputEventId=0, HandleInputStart=87177603331932, AnimationStart=87177603332972, PerformTraversalsStart=87179421959471, DrawStart=87179422101952, FrameDeadline=87177655453084, FrameStartTime=87177595280383, FrameInterval=16666666, WorkloadTarget=16666666, SyncQueued=87179423713147, SyncStart=87179424419773, IssueDrawCommandsStart=87179425152193, SwapBuffers=87179447653379, FrameCompleted=87179576139657, DequeueBufferDuration=45434105, QueueBufferDuration=1650530, GpuCompleted=87179573711948, SwapBuffersCompleted=87179576139657, DisplayPresentTime=0, CommandSubmissionCompleted=87179447653379, 
02-19 13:35:05.943  1336  1556 D SatelliteController: iisInCarrierRoamingNbIotNtn: satellite is disabled
02-19 13:35:05.984   617   617 E OverviewCommandHelper: command cancelled: CommandInfo(type=TOGGLE, status=CANCELED, createTime=87171231, animationCallbacks=null, displayId=0, isLastOfBatch=true) - kotlinx.coroutines.TimeoutCancellationException: Timed out waiting for 5000 ms
02-19 13:35:06.058   617   617 D OverviewCommandHelper: no pending commands to be executed.
02-19 13:35:06.311   617   617 I Choreographer: Skipped 202 frames!  The application may be doing too much work on its main thread.
02-19 13:35:06.327  3085  3085 W dumpsys : Thread Pool max thread count is 0. Cannot cache binder as linkToDeath cannot be implemented. serviceName: package
02-19 13:35:07.378   617   617 D RecentsView: finishRecentsAnimation - mRecentsAnimationController: null
02-19 13:35:07.379   617   617 D RecentsView: cleanupRemoteTargets - mRemoteTargetHandles: null
02-19 13:35:07.548   752  1940 I ActivityTaskManager: Activity reported stop, but no longer stopping: ActivityRecord{110276205 u0 viva.republica.toss.test/im.toss.rn.granite.core.GraniteActivity t56} STOPPED
02-19 13:35:07.571   752  1940 I ActivityTaskManager: Activity reported stop, but no longer stopping: ActivityRecord{185272913 u0 viva.republica.toss.test/im.toss.rn.granite.core.GraniteActivity t56} STOPPED
02-19 13:35:07.575   752  1940 I ActivityTaskManager: Activity reported stop, but no longer stopping: ActivityRecord{36402468 u0 viva.republica.toss.test/im.toss.rn.granite.core.GraniteActivity t56} RESUMED
02-19 13:35:07.748 32388 32388 I Choreographer: Skipped 661 frames!  The application may be doing too much work on its main thread.
02-19 13:35:07.865  4449  4467 V WindowManagerShell: Transition animation finished (aborted=false), notifying core (#421) android.os.BinderProxy@f2a4289@0
02-19 13:35:08.051  4449  4467 V WindowManagerShell: Track 0 became idle
02-19 13:35:08.051  4449  4467 V WindowManagerShell: All active transition animations finished
02-19 13:35:08.075   752   779 W ActivityTaskManager: callingPackage for (uid=2000, pid=3087) has no WPC
02-19 13:35:08.253   752   794 V WindowManager: Finish Transition (#421): created at 02-19 13:34:58.038 collect-started=26.281ms request-sent=232.711ms started=1352.277ms ready=1353.863ms sent=2490.581ms commit=931.449ms finished=9899.979ms
02-19 13:35:08.254   752   794 W Looper  : Drained
02-19 13:35:08.279   752   794 W Looper  : Slow dispatch took 315ms android.fg app=system_server main=false group=FOREGROUND h=android.os.Handler c=com.android.server.wm.Transition$$ExternalSyntheticLambda5@4407db3 m=0
02-19 13:35:08.988   752   779 V GrammaticalInflectionUtils: AttributionSource: android.content.AttributionSource@56784557 does not have READ_SYSTEM_GRAMMATICAL_GENDER permission.
02-19 13:35:08.990   617  3007 I HWUI    : Davey! duration=5924ms; Flags=0, FrameTimelineVsyncId=1413305, IntendedVsync=87176788786452, Vsync=87180155452984, InputEventId=0, HandleInputStart=87180159926170, AnimationStart=87180159927310, PerformTraversalsStart=87181345529261, DrawStart=87181355286372, FrameDeadline=87177622119752, FrameStartTime=87180158474289, FrameInterval=16666666, WorkloadTarget=16666666, SyncQueued=87182158606867, SyncStart=87182171588861, IssueDrawCommandsStart=87182191665154, SwapBuffers=87182696115638, FrameCompleted=87182726523568, DequeueBufferDuration=39654, QueueBufferDuration=8602058, GpuCompleted=87182726523568, SwapBuffersCompleted=87182716064141, DisplayPresentTime=0, CommandSubmissionCompleted=87182696115638, 
02-19 13:35:09.062   752   779 W OptProp : Cannot read opt property android.window.PROPERTY_COMPAT_ALLOW_USER_ASPECT_RATIO_OVERRIDE
02-19 13:35:09.062   752   779 W OptProp : Cannot read opt property android.window.PROPERTY_COMPAT_ALLOW_USER_ASPECT_RATIO_FULLSCREEN_OVERRIDE
02-19 13:35:09.068   752   779 W OptProp : Cannot read opt property android.window.PROPERTY_COMPAT_ALLOW_RESIZEABLE_ACTIVITY_OVERRIDES
02-19 13:35:09.074   752   779 W OptProp : Cannot read opt property android.window.PROPERTY_COMPAT_ALLOW_MIN_ASPECT_RATIO_OVERRIDE
02-19 13:35:09.145   617   617 I Choreographer: Skipped 169 frames!  The application may be doing too much work on its main thread.
02-19 13:35:09.487   752   775 I system_server: Background concurrent mark compact GC freed 24MB AllocSpace bytes, 36(1188KB) LOS objects, 42% free, 32MB/56MB, paused 7.509ms,42.913ms total 2.039s
02-19 13:35:09.524  4449 22136 D KeyguardService: setOccluded(false)
02-19 13:35:09.525  4449 22136 D KeyguardViewMediator: setOccluded(false)
02-19 13:35:09.529  4449  4449 D KeyguardViewMediator: handleSetOccluded(false)
02-19 13:35:09.530  4449  4449 D KeyguardViewMediator: KeyguardViewMediator queue processing message: SET_OCCLUDED
02-19 13:35:09.534   752   776 I BpBinder: onLastStrongRef automatically unlinking death recipients: 
02-19 13:35:09.540   752   779 I ActivityTaskManager: START u0 {act=android.intent.action.VIEW dat=intoss://takealook/... flg=0x10000000 xflg=0x4 pkg=viva.republica.toss.test cmp=viva.republica.toss.test/.MiniAppSchemeActivity} with LAUNCH_MULTIPLE from uid 2000 (BAL_ALLOW_PERMISSION) result code=3
02-19 13:35:09.565   752   798 I Choreographer: Skipped 96 frames!  The application may be doing too much work on its main thread.
02-19 13:35:09.571   752   797 W ActivityTaskManager: Launch timeout has expired, giving up wake lock!
02-19 13:35:09.920   617   617 D StateManager: goToState - fromState: Overview, toState: Normal, partial trace:
02-19 13:35:09.920   617   617 D StateManager: 	at com.android.launcher3.statemanager.StateManager.moveToRestState(go/retraceme 72a59688580715d19f0e415c69e80376c2f062d1648c80db6730905005a27c20:4)
02-19 13:35:09.920   617   617 D StateManager: 	at com.android.launcher3.statemanager.StateManager.moveToRestState(go/retraceme 72a59688580715d19f0e415c69e80376c2f062d1648c80db6730905005a27c20:1)
02-19 13:35:09.920   617   617 D StateManager: 	at com.android.quickstep.TaskViewUtils$9.lambda$onAnimationSuccess$0(go/retraceme 72a59688580715d19f0e415c69e80376c2f062d1648c80db6730905005a27c20:1)
02-19 13:35:09.921   617   617 D RecentsView: finishRecentsAnimation - mRecentsAnimationController: null
02-19 13:35:09.921   617   617 D RecentsView: cleanupRemoteTargets - mRemoteTargetHandles: null
02-19 13:35:10.114   617   617 D OverviewCommandHelper: launching task callback: CommandInfo(type=TOGGLE, status=CANCELED, createTime=87171231, animationCallbacks=null, displayId=0, isLastOfBatch=true)
02-19 13:35:10.114   617   617 D OverviewCommandHelper: command executed: CommandInfo(type=TOGGLE, status=CANCELED, createTime=87171231, animationCallbacks=null, displayId=0, isLastOfBatch=true) with result: true
02-19 13:35:10.115   617   617 D VRI[NexusLauncherActivity]: visibilityChanged oldVisibility=true newVisibility=false
02-19 13:35:10.121   752   797 W IPCThreadState: Sending oneway calls to frozen process.
02-19 13:35:10.122   752   797 W IPCThreadState: Sending oneway calls to frozen process.
02-19 13:35:10.122   752   797 W IPCThreadState: Sending oneway calls to frozen process.
02-19 13:35:10.150   617   617 D RecentsView: updateTaskStackListenerState: false
02-19 13:35:10.150   617   617 D NexusLauncherModelDelegate: notifySmartspaceEvent: SmartspaceTargetEvent{mSmartspaceTarget=null, mSmartspaceActionId='null', mEventType=7}
02-19 13:35:10.154   531   549 I BpBinder: onLastStrongRef automatically unlinking death recipients: 
02-19 13:35:10.164  4449  4467 D WindowManagerShell: onActivityRestartAttempt: topActivity=ComponentInfo{viva.republica.toss.test/im.toss.rn.granite.core.GraniteActivity}, wasVisible=true
02-19 13:35:10.192   752   797 W ProcessStats: Tracking association SourceState{1b917ca system/1000 BFgs #15959} whose proc state 4 is better than process ProcessState{42c4ef0 com.google.android.ext.services/10208 pkg=com.google.android.ext.services} proc state 14 (7 skipped)
02-19 13:35:10.332   617   617 D StateManager: onStateTransitionStart - state: Normal
02-19 13:35:10.337   617   617 D BaseDepthController: setSurface:
02-19 13:35:10.337   617   617 D BaseDepthController: 	mWaitingOnSurfaceValidity: false
02-19 13:35:10.337   617   617 D BaseDepthController: 	mBaseSurface: null
02-19 13:35:10.337   617   617 D BaseDepthController: mSurface is null and mCurrentBlur is: 23
02-19 13:35:10.399   617   617 D StateManager: goToState - fromState: Normal, toState: Normal, partial trace:
02-19 13:35:10.399   617   617 D StateManager: 	at com.android.launcher3.statemanager.StateManager.moveToRestState(go/retraceme 72a59688580715d19f0e415c69e80376c2f062d1648c80db6730905005a27c20:4)
02-19 13:35:10.399   617   617 D StateManager: 	at com.android.launcher3.statemanager.StateManager.moveToRestState(go/retraceme 72a59688580715d19f0e415c69e80376c2f062d1648c80db6730905005a27c20:1)
02-19 13:35:10.399   617   617 D StateManager: 	at com.android.launcher3.statemanager.StatefulActivity.onStop(go/retraceme 72a59688580715d19f0e415c69e80376c2f062d1648c80db6730905005a27c20:34)
02-19 13:35:10.400   617   617 D StateManager: cancelAnimation - with ongoing animation, partial trace:
02-19 13:35:10.400   617   617 D StateManager: 	at com.android.launcher3.statemanager.StateManager.goToState(go/retraceme 72a59688580715d19f0e415c69e80376c2f062d1648c80db6730905005a27c20:18)
02-19 13:35:10.400   617   617 D StateManager: 	at com.android.launcher3.statemanager.StateManager.goToState(go/retraceme 72a59688580715d19f0e415c69e80376c2f062d1648c80db6730905005a27c20:3)
02-19 13:35:10.400   617   617 D StateManager: 	at com.android.launcher3.statemanager.StateManager.moveToRestState(go/retraceme 72a59688580715d19f0e415c69e80376c2f062d1648c80db6730905005a27c20:4)
02-19 13:35:10.402   617   617 D RecentsView: reset - mEnableDrawingLiveTile: false, mRecentsAnimationController: null
02-19 13:35:10.402   617   617 D StateManager: onStateTransitionStart - state: Normal
02-19 13:35:10.408   617   617 D BaseDepthController: mSurface is null and mCurrentBlur is: 23
02-19 13:35:10.410  2736  2739 I artd    : GetBestInfo: odex next to the dex file (/data/app/~~O-UZzK0jUU9NLgS3MODOZA==/com.google.android.gms-YQ2L6GsYyKuvu9MvIBK1EQ==/oat/x86_64/base.odex) is kOatUpToDate with filter 'speed-profile' executable 'false'
02-19 13:35:10.413   617   617 D KeyboardInsetsHandler: setState, toState:Normal StateManager(mLastStableState:Normal, mCurrentStableState:Overview, mState:Normal, mRestState:null, isInTransition:false)
02-19 13:35:10.419   752  1095 D BackgroundInstallControlService: Package event received: 0
02-19 13:35:10.651   617   617 D StateManager: onStateTransitionEnd - state: Normal
02-19 13:35:10.652   752  1095 D BackgroundInstallControlService: Package event received: 0
02-19 13:35:10.652   617   617 D RecentsView: reset - mEnableDrawingLiveTile: false, mRecentsAnimationController: null
02-19 13:35:10.652   617   617 I AiAiSuggestUi: Clearing suggestions.
02-19 13:35:10.652   617   617 I AiAiSuggestUi: Clearing suggestions.
02-19 13:35:10.653   617   617 D ActivityAllAppsContainerView: rebindAdapters: force: false
02-19 13:35:10.654   617   617 D ActivityAllAppsContainerView: rebindAdapters: Not needed.
02-19 13:35:10.706  2736  2739 I artd    : GetBestInfo: odex next to the dex file (/data/app/~~O-UZzK0jUU9NLgS3MODOZA==/com.google.android.gms-YQ2L6GsYyKuvu9MvIBK1EQ==/oat/x86_64/split_AdsDynamite_installtime.odex) is kOatUpToDate with filter 'speed' executable 'false'
02-19 13:35:10.724  2736  2739 I artd    : GetBestInfo: odex next to the dex file (/data/app/~~O-UZzK0jUU9NLgS3MODOZA==/com.google.android.gms-YQ2L6GsYyKuvu9MvIBK1EQ==/oat/x86_64/split_CronetDynamite_installtime.odex) is kOatUpToDate with filter 'speed' executable 'false'
02-19 13:35:10.729   752   795 W Looper  : Slow dispatch took 606ms android.ui app=system_server main=false group=TOP_APP h=com.android.server.am.ActivityManagerService$UiHandler c=com.android.server.am.UidObserverController$$ExternalSyntheticLambda0@6a2cd6d m=0
02-19 13:35:10.954   617   617 D StatsLog: LAUNCHER_ONSTOP
02-19 13:35:11.282  2736  2739 I artd    : GetBestInfo: odex next to the dex file (/data/app/~~O-UZzK0jUU9NLgS3MODOZA==/com.google.android.gms-YQ2L6GsYyKuvu9MvIBK1EQ==/oat/x86_64/split_DynamiteLoader_installtime.odex) is kOatUpToDate with filter 'speed' executable 'false'
02-19 13:35:11.289   617   617 D StatsLog: LAUNCHER_GOOGLE_SEARCH_RESTORE_LIST_SIZE_AFTER_ACTIVITY_RESTART
02-19 13:35:11.293   617   617 I Choreographer: Skipped 57 frames!  The application may be doing too much work on its main thread.
02-19 13:35:11.472   617   617 D OverviewActionsView: updateForGroupedTask() called with: isGroupedTask = [false], canSaveAppPair = [false]
02-19 13:35:11.472   617   617 D OverviewActionsView: updateActionButtonsVisibility() called: showSingleTaskActions = [true], showGroupActions = [false]
02-19 13:35:11.473   617   617 D OverviewActionsView: updateForGroupedTask() called with: isGroupedTask = [false], canSaveAppPair = [false]
02-19 13:35:11.473   617   617 D OverviewActionsView: updateActionButtonsVisibility() called: showSingleTaskActions = [true], showGroupActions = [false]
02-19 13:35:11.494  2736  2750 I artd    : GetBestInfo: odex next to the dex file (/data/app/~~O-UZzK0jUU9NLgS3MODOZA==/com.google.android.gms-YQ2L6GsYyKuvu9MvIBK1EQ==/oat/x86_64/split_DynamiteModulesA_installtime.odex) is kOatUpToDate with filter 'speed' executable 'false'
02-19 13:35:11.604   752  1940 W IPCThreadState: Sending oneway calls to frozen process.
02-19 13:35:11.604   752  1940 W IPCThreadState: Sending oneway calls to frozen process.
02-19 13:35:11.605   752  1095 D BackgroundInstallControlService: Package event received: 0
02-19 13:35:11.713  2736  2750 I artd    : GetBestInfo: odex next to the dex file (/data/app/~~O-UZzK0jUU9NLgS3MODOZA==/com.google.android.gms-YQ2L6GsYyKuvu9MvIBK1EQ==/oat/x86_64/split_DynamiteModulesC_installtime.odex) is kOatUpToDate with filter 'speed' executable 'false'
02-19 13:35:11.764  2736  2750 I artd    : GetBestInfo: odex next to the dex file (/data/app/~~O-UZzK0jUU9NLgS3MODOZA==/com.google.android.gms-YQ2L6GsYyKuvu9MvIBK1EQ==/oat/x86_64/split_GoogleCertificates_installtime.odex) is kOatUpToDate with filter 'speed' executable 'false'
02-19 13:35:11.788  2736  2750 I artd    : GetBestInfo: odex next to the dex file (/data/app/~~O-UZzK0jUU9NLgS3MODOZA==/com.google.android.gms-YQ2L6GsYyKuvu9MvIBK1EQ==/oat/x86_64/split_MapsDynamite_installtime.odex) is kOatUpToDate with filter 'speed' executable 'false'
02-19 13:35:11.807  2736  2750 I artd    : GetBestInfo: odex next to the dex file (/data/app/~~O-UZzK0jUU9NLgS3MODOZA==/com.google.android.gms-YQ2L6GsYyKuvu9MvIBK1EQ==/oat/x86_64/split_MeasurementDynamite_installtime.odex) is kOatUpToDate with filter 'speed' executable 'false'
02-19 13:35:11.814  2736  2750 I artd    : GetBestInfo: /data/app/~~O-UZzK0jUU9NLgS3MODOZA==/com.google.android.gms-YQ2L6GsYyKuvu9MvIBK1EQ==/split_maps_core_dynamite_ondemand.apk has no usable artifacts
02-19 13:35:11.899  2736  2750 I artd    : GetBestInfo: /data/user_de/0/com.google.android.gms/app_chimera/m/0000000c/dl-Appsearch.optional_250834100800.apk has no usable artifacts
02-19 13:35:11.909  2736  2750 I artd    : GetBestInfo: /data/user_de/0/com.google.android.gms/app_chimera/m/00000001/CronetDynamite.apk has no usable artifacts
02-19 13:35:11.910  2736  2750 I artd    : GetBestInfo: /data/user_de/0/com.google.android.gms/app_chimera/m/00000002/DynamiteLoader.apk has no usable artifacts
02-19 13:35:11.911  2736  2750 I artd    : GetBestInfo: /data/user_de/0/com.google.android.gms/app_chimera/m/00000005/GoogleCertificates.apk has no usable artifacts
02-19 13:35:11.930  2736  2750 I artd    : GetBestInfo: /data/user_de/0/com.google.android.gms/app_chimera/m/00000009/dl-TfliteDynamiteDynamite.integ_252130102100800.apk has no usable artifacts
02-19 13:35:11.974  2736  2750 I artd    : GetBestInfo: vdex next to the dex file (/data/user/0/com.google.android.gms/app_dg_cache/BF7C023AB90CCF01D1F467FC1CEBAF866511FF29/oat/x86_64/the.vdex) is kOatUpToDate with filter 'verify' executable 'false'
02-19 13:35:11.989  2736  2750 I artd    : GetBestInfo: /data/user_de/0/com.google.android.gms/app_chimera/m/00000010/dl-PlayCloudSearch.optional_250834100000.apk has no usable artifacts
02-19 13:35:12.010  2736  2739 I artd    : GetBestInfo: /data/user_de/0/com.google.android.gms/app_chimera/m/00000017/dl-PlayCloudSearch.optional_260438100000.apk has no usable artifacts
02-19 13:35:12.023  2736  2739 I artd    : GetBestInfo: /data/user_de/0/com.google.android.gms/app_chimera/m/00000015/dl-MlkitOcrCommon.optional_260438100800.apk has no usable artifacts
02-19 13:35:12.039  2736  2739 I artd    : GetBestInfo: /data/user_de/0/com.google.android.gms/app_chimera/m/00000013/dl-MlkitBarcodeUi.optional_260438100800.apk has no usable artifacts
02-19 13:35:12.054  2736  2739 I artd    : GetBestInfo: /data/user_de/0/com.google.android.gms/app_chimera/m/0000000f/dl-MlkitOcrCommon.optional_250834100800.apk has no usable artifacts
02-19 13:35:12.065  2736  2739 I artd    : GetBestInfo: /data/user_de/0/com.google.android.gms/app_chimera/m/0000000d/dl-VisionOcr.optional_250834100000.apk has no usable artifacts
02-19 13:35:12.080  2736  2739 I artd    : GetBestInfo: /data/user_de/0/com.google.android.gms/app_chimera/m/0000000a/dl-MlkitBarcodeUi.optional_250834100800.apk has no usable artifacts
02-19 13:35:12.301  2736  2739 I artd    : GetBestInfo: /data/user_de/0/com.google.android.gms/app_chimera/m/00000011/dl-VisionOcr.optional_260438100000.apk has no usable artifacts
02-19 13:35:12.506  2736  2739 I artd    : GetBestInfo: /data/user_de/0/com.google.android.gms/app_chimera/m/00000012/dl-Appsearch.optional_260438100800.apk has no usable artifacts
02-19 13:35:12.525  2736  2739 I artd    : GetBestInfo: vdex next to the dex file (/data/user/0/com.google.android.gms/app_dg_cache/94DF452EEF4B8E717545DCDEA6CC3C50A319A195/oat/x86_64/the.vdex) is kOatUpToDate with filter 'verify' executable 'false'
02-19 13:35:12.527 32388 32388 W HWUI    : Image decoding logging dropped!
02-19 13:35:12.548  2736  2750 I artd    : GetBestInfo: /data/user_de/0/com.google.android.gms/app_chimera/m/00000007/MeasurementDynamite.apk has no usable artifacts
02-19 13:35:12.559  2736  2750 I artd    : GetBestInfo: /data/user_de/0/com.google.android.gms/app_chimera/m/00000018/dl-AdsFdrDynamite.integ_254380203100000.apk has no usable artifacts
02-19 13:35:12.576 32388 32388 W HWUI    : Image decoding logging dropped!
02-19 13:35:12.594 32388 32388 W HWUI    : Image decoding logging dropped!
02-19 13:35:13.347  3092  3092 W dumpsys : Thread Pool max thread count is 0. Cannot cache binder as linkToDeath cannot be implemented. serviceName: window
02-19 13:35:13.913   752  1981 I system_server: AssetManager2(0x7d8fac529ed8) locale list changing from [] to [en-US]
02-19 13:35:14.081   752  1981 I system_server: AssetManager2(0x7d8fac526058) locale list changing from [] to [en-US]
02-19 13:35:14.151   752  1981 I system_server: AssetManager2(0x7d8fac525d38) locale list changing from [] to [en-US]
02-19 13:35:14.276   752  1981 I system_server: AssetManager2(0x7d8fac5282b8) locale list changing from [] to [en-US]
02-19 13:35:14.413   752  1981 I system_server: AssetManager2(0x7d8fac526698) locale list changing from [] to [en-US]
02-19 13:35:14.501   752  1981 I system_server: AssetManager2(0x7d8fac51ecb8) locale list changing from [] to [en-US]
02-19 13:35:16.746   752   795 W Looper  : Slow dispatch took 109ms android.ui app=system_server main=false group=TOP_APP h=com.android.server.wm.DisplayPolicy$PolicyHandler c=com.android.server.wm.DisplayPolicy$$ExternalSyntheticLambda14@9515868 m=0
02-19 13:35:17.243   752   969 D ActivityManager: freezing 30659 com.google.android.gms
02-19 13:35:19.161 32388 32388 W unknown:ReactNative: Packager connection already open, nooping.
02-19 13:35:23.279   617   617 E FrameTracker: force finish cuj, time out: J<RECENTS_SCROLLING>
02-19 13:35:23.961  1245  1255 W rkstack.process: Suspending all threads took: 115.190ms
02-19 13:35:23.981 32388 32388 I Choreographer: Skipped 634 frames!  The application may be doing too much work on its main thread.
02-19 13:35:25.239   752  1940 D CoreBackPreview: Window{67a115a u0 viva.republica.toss.test/im.toss.rn.granite.core.GraniteActivity}: Setting back callback OnBackInvokedCallbackInfo{mCallback=android.window.IOnBackInvokedCallback$Stub$Proxy@9028481, mPriority=0, mIsAnimationCallback=false, mOverrideBehavior=0}
02-19 13:35:27.539 32388 32398 I HWUI    : Davey! duration=13740ms; Flags=1, FrameTimelineVsyncId=1413597, IntendedVsync=87187255452700, Vsync=87197822118944, InputEventId=0, HandleInputStart=87197836153923, AnimationStart=87197836155452, PerformTraversalsStart=87197922481526, DrawStart=87200817690319, FrameDeadline=87187272119366, FrameStartTime=87197827760404, FrameInterval=16666666, WorkloadTarget=16666666, SyncQueued=87200934267720, SyncStart=87200935103861, IssueDrawCommandsStart=87200936055890, SwapBuffers=87200937654293, FrameCompleted=87200996868088, DequeueBufferDuration=10652, QueueBufferDuration=51024191, GpuCompleted=87200996740615, SwapBuffersCompleted=87200996868088, DisplayPresentTime=0, CommandSubmissionCompleted=87200937654293, 
02-19 13:35:27.776 32388 32388 W unknown:ReactRootView: Unable to update root layout specs for uninitialized ReactInstanceManager
02-19 13:35:28.582 32388 32398 I HWUI    : Davey! duration=15137ms; Flags=1, FrameTimelineVsyncId=1413597, IntendedVsync=87187255452700, Vsync=87197822118944, InputEventId=0, HandleInputStart=87197836153923, AnimationStart=87197836155452, PerformTraversalsStart=87197922481526, DrawStart=87202373586703, FrameDeadline=87187272119366, FrameStartTime=87197827760404, FrameInterval=16666666, WorkloadTarget=16666666, SyncQueued=87202379675618, SyncStart=87202381108305, IssueDrawCommandsStart=87202381228637, SwapBuffers=87202382207092, FrameCompleted=87202394184243, DequeueBufferDuration=8214, QueueBufferDuration=721617, GpuCompleted=87202394184243, SwapBuffersCompleted=87202387910694, DisplayPresentTime=0, CommandSubmissionCompleted=87202382207092, 
02-19 13:35:28.585 32388 32388 I Choreographer: Skipped 273 frames!  The application may be doing too much work on its main thread.
02-19 13:35:29.696 32388 32388 I Choreographer: Skipped 65 frames!  The application may be doing too much work on its main thread.
02-19 13:35:29.735 32388 32398 I HWUI    : Davey! duration=5653ms; Flags=0, FrameTimelineVsyncId=1413638, IntendedVsync=87197872118942, Vsync=87202422118760, InputEventId=0, HandleInputStart=87202438644849, AnimationStart=87202438646061, PerformTraversalsStart=87202440377691, DrawStart=87202465905034, FrameDeadline=87201022118816, FrameStartTime=87202431558780, FrameInterval=16666666, WorkloadTarget=16666666, SyncQueued=87202467506385, SyncStart=87202467978522, IssueDrawCommandsStart=87202468183581, SwapBuffers=87203498631583, FrameCompleted=87203526109304, DequeueBufferDuration=7621, QueueBufferDuration=472100, GpuCompleted=87203526109304, SwapBuffersCompleted=87203510526875, DisplayPresentTime=0, CommandSubmissionCompleted=87203498631583, 
02-19 13:35:29.937 32388 32398 I HWUI    : Davey! duration=1306ms; Flags=0, FrameTimelineVsyncId=1413777, IntendedVsync=87202455452092, Vsync=87203538785382, InputEventId=0, HandleInputStart=87203556768859, AnimationStart=87203556770259, PerformTraversalsStart=87203558337917, DrawStart=87203709002078, FrameDeadline=87203555452048, FrameStartTime=87203542893841, FrameInterval=16666666, WorkloadTarget=16666666, SyncQueued=87203710957673, SyncStart=87203711917171, IssueDrawCommandsStart=87203717699198, SwapBuffers=87203747258056, FrameCompleted=87203763141262, DequeueBufferDuration=7392, QueueBufferDuration=547346, GpuCompleted=87203763141262, SwapBuffersCompleted=87203751335739, DisplayPresentTime=0, CommandSubmissionCompleted=87203747258056, 
02-19 13:35:30.197   752   794 W Looper  : Slow dispatch took 2622ms android.fg app=system_server main=false group=FOREGROUND h=android.os.Handler c=com.android.server.wm.ActivityMetricsLogger$$ExternalSyntheticLambda0@664cc80 m=0
02-19 13:35:30.198   752   794 W Looper  : Slow delivery took 2625ms android.fg app=system_server main=false group=FOREGROUND h=android.os.Handler c=com.android.server.wm.ActivityMetricsLogger$$ExternalSyntheticLambda8@a3a42b9 m=0
02-19 13:35:30.209   752   989 I ImeTracker: viva.republica.toss.test:80c975cc: onRequestHide at ORIGIN_SERVER reason HIDE_UNSPECIFIED_WINDOW fromUser false
02-19 13:35:30.228  3099  3099 W screencap: Thread Pool max thread count is 0. Cannot cache binder as linkToDeath cannot be implemented. serviceName: SurfaceFlingerAIDL
02-19 13:35:30.231  3099  3099 W BpBinder: Linking to death on android.gui.ISurfaceComposer but there are no threads (yet?) listening to incoming transactions. See ProcessState::startThreadPool and ProcessState::setThreadPoolMaxThreadCount. Generally you should setup the binder threadpool before other initialization steps.
02-19 13:35:30.246  3099  3099 W ProcessState: Extra binder thread started, but 0 threads requested. Do not use *startThreadPool when zero threads are requested.
02-19 13:35:30.263 32388 32388 D InsetsController: hide(ime(), fromIme=false)
02-19 13:35:30.264 32388 32388 I ImeTracker: viva.republica.toss.test:80c975cc: onCancelled at PHASE_CLIENT_ALREADY_HIDDEN
02-19 13:35:30.290   531   602 E HwcComposer: getLuts failed Status(-8, EX_SERVICE_SPECIFIC): '8: '
02-19 13:35:30.298   531   602 E HWComposer: getLuts: getLuts failed for display 4619827259835644672: UNSUPPORTED (8)
02-19 13:35:30.399   752   797 W IPCThreadState: Sending oneway calls to frozen process.
02-19 13:35:30.407   752  1848 I ImeTracker: system_server:c7d92830: onRequestHide at ORIGIN_SERVER reason IME_REQUESTED_CHANGED_LISTENER fromUser false
02-19 13:35:30.410   752   797 W IPCThreadState: Sending oneway calls to frozen process.
02-19 13:35:30.411   752   797 W IPCThreadState: Sending oneway calls to frozen process.
02-19 13:35:30.411   752   797 W IPCThreadState: Sending oneway calls to frozen process.
02-19 13:35:30.411   752   797 W IPCThreadState: Sending oneway calls to frozen process.
02-19 13:35:30.414   752   797 W IPCThreadState: Sending oneway calls to frozen process.
02-19 13:35:30.426  1563  1563 I GoogleInputMethodService: GoogleInputMethodService.onFinishInput():2043 
02-19 13:35:30.431   752   797 W ProcessStats: Tracking association SourceState{1b917ca system/1000 BFgs #15962} whose proc state 4 is better than process ProcessState{42c4ef0 com.google.android.ext.services/10208 pkg=com.google.android.ext.services} proc state 14 (3 skipped)
02-19 13:35:30.439   752   797 I ImeTracker: system_server:c7d92830: onCancelled at PHASE_SERVER_SHOULD_HIDE
02-19 13:35:31.020  1563  1563 I Module  : DeviceLockedStatusModuleProvider$Module.updateDeviceLockedStatus():100 repeatCheckTimes = 0, locked = false
02-19 13:35:31.026  1563  1563 W NotificationCenter: NotificationCenter$NotificationQueue.notifyPendingNotificationsOnExecutor():877 Heavy notify work detected on UI thread: [kig->khg, kig->khc, kig->ilu, kig->ilu, kig->ilu, kig->ilu, kig->ilu, kig->ilu, kig->gkl, kig->ilu, kig->ilu, kig->fef, kig->fro, kig->lux, kig->ilu, kig->imt, kig->ilu, kig->ilu, kig->ijm, kig->ilu, kig->ilu, kig->fcb, kig->jnx] takes 413ms
02-19 13:35:31.060  1563  1563 I GoogleInputMethodService: GoogleInputMethodService.onStartInput():1293 onStartInput(EditorInfo{EditorInfo{packageName=viva.republica.toss.test, inputType=0, inputTypeString=NULL, enableLearning=false, autoCorrection=false, autoComplete=false, imeOptions=0, privateImeOptions=null, actionName=UNSPECIFIED, actionLabel=null, initialSelStart=-1, initialSelEnd=-1, initialCapsMode=0, label=null, fieldId=0, fieldName=null, extras=null, hintText=null, hintLocales=[]}}, false)
02-19 13:35:31.079  1563  1563 I Module  : DeviceLockedStatusModuleProvider$Module.updateDeviceLockedStatus():100 repeatCheckTimes = 1, locked = false
02-19 13:35:31.276  1563  1563 I EmojiCompatManager: EmojiCompatManager.getEmojiCompatIfLoaded():343 EmojiCompat.init() was never called.
02-19 13:35:31.276  1563  1563 I EmojiCompatManager: java.lang.IllegalStateException: EmojiCompat is not initialized. Please call EmojiCompat.init() first
02-19 13:35:31.276  1563  1563 I EmojiCompatManager: 	at asx.p(PG:6)
02-19 13:35:31.276  1563  1563 I EmojiCompatManager: 	at axb.b(PG:13)
02-19 13:35:31.276  1563  1563 I EmojiCompatManager: 	at jnr.b(PG:2)
02-19 13:35:31.276  1563  1563 I EmojiCompatManager: 	at jnr.c(PG:4)
02-19 13:35:31.276  1563  1563 I EmojiCompatManager: 	at jnr.f(PG:3)
02-19 13:35:31.276  1563  1563 I EmojiCompatManager: 	at jnx.c(PG:3)
02-19 13:35:31.276  1563  1563 I EmojiCompatManager: 	at kif.cz(PG:47)
02-19 13:35:31.276  1563  1563 I EmojiCompatManager: 	at lhl.run(PG:1025)
02-19 13:35:31.276  1563  1563 I EmojiCompatManager: 	at jaf.execute(PG:12)
02-19 13:35:31.276  1563  1563 I EmojiCompatManager: 	at nco.v(PG:13)
02-19 13:35:31.276  1563  1563 I EmojiCompatManager: 	at lhn.m(PG:96)
02-19 13:35:31.276  1563  1563 I EmojiCompatManager: 	at lhn.k(PG:25)
02-19 13:35:31.276  1563  1563 I EmojiCompatManager: 	at kgn.onStartInput(PG:250)
02-19 13:35:31.276  1563  1563 I EmojiCompatManager: 	at android.inputmethodservice.InputMethodService.doStartInput(InputMethodService.java:3521)
02-19 13:35:31.276  1563  1563 I EmojiCompatManager: 	at android.inputmethodservice.InputMethodService$InputMethodImpl.startInput(InputMethodService.java:879)
02-19 13:35:31.276  1563  1563 I EmojiCompatManager: 	at android.inputmethodservice.InputMethodService$InputMethodImpl.dispatchStartInput(InputMethodService.java:908)
02-19 13:35:31.276  1563  1563 I EmojiCompatManager: 	at android.inputmethodservice.IInputMethodWrapper.executeMessage(IInputMethodWrapper.java:201)
02-19 13:35:31.276  1563  1563 I EmojiCompatManager: 	at com.android.internal.os.HandlerCaller$MyHandler.handleMessage(HandlerCaller.java:44)
02-19 13:35:31.276  1563  1563 I EmojiCompatManager: 	at android.os.Handler.dispatchMessage(Handler.java:110)
02-19 13:35:31.276  1563  1563 I EmojiCompatManager: 	at android.os.Looper.loopOnce(Looper.java:248)
02-19 13:35:31.276  1563  1563 I EmojiCompatManager: 	at android.os.Looper.loop(Looper.java:338)
02-19 13:35:31.276  1563  1563 I EmojiCompatManager: 	at android.app.ActivityThread.main(ActivityThread.java:9067)
02-19 13:35:31.276  1563  1563 I EmojiCompatManager: 	at java.lang.reflect.Method.invoke(Native Method)
02-19 13:35:31.276  1563  1563 I EmojiCompatManager: 	at com.android.internal.os.RuntimeInit$MethodAndArgsCaller.run(RuntimeInit.java:593)
02-19 13:35:31.276  1563  1563 I EmojiCompatManager: 	at com.android.internal.os.ZygoteInit.main(ZygoteInit.java:932)
02-19 13:35:31.276  1563  1563 W NotificationCenter: NotificationCenter$NotificationQueue.notifyPendingNotificationsOnExecutor():877 Heavy notify work detected on UI thread: [kig->khg, kig->khc, kig->ilu, kig->ilu, kig->ilu, kig->ilu, kig->ilu, kig->ilu, kig->gkl, kig->ilu, kig->ilu, kig->fef, kig->fro, kig->lux, kig->ilu, kig->imt, kig->ilu, kig->ilu, kig->ijm, kig->ilu, kig->ilu, kig->fcb, kig->jnx] takes 200ms
02-19 13:35:31.297   752  1848 W PackageConfigPersister: App-specific configuration not found for packageName: viva.republica.toss.test and userId: 0
02-19 13:35:31.299  1563  1563 W NotificationCenter: NotificationCenter$NotificationQueue.notifyPendingNotificationsOnExecutor():877 Heavy notify work detected on UI thread: [kig->jjs] takes 23ms
