--------- beginning of system
02-19 13:34:32.285   752  1095 D BackgroundInstallControlService: Package event received: 0
--------- beginning of main
02-19 13:34:32.374 32388 32388 I Choreographer: Skipped 201 frames!  The application may be doing too much work on its main thread.
02-19 13:34:32.488   752   981 I InputDispatcher: 824fa8d viva.republica.toss.test/im.toss.rn.granite.core.GraniteActivity spent 3150ms processing FocusEvent(hasFocus=false)
02-19 13:34:32.523   752   752 W Looper  : Slow dispatch took 200ms main app=system_server main=true group=FOREGROUND h=android.os.Handler c=<recycled PooledLambda@4c96b2a> m=0
02-19 13:34:32.524   752   752 W Looper  : Slow delivery took 215ms main app=system_server main=true group=FOREGROUND h=android.os.Handler c=<recycled PooledLambda@6e39c2> m=0
02-19 13:34:32.524   752   752 W Looper  : Drained
02-19 13:34:32.540   752  1095 D BackgroundInstallControlService: Package event received: 0
02-19 13:34:32.542   752  1095 D BackgroundInstallControlService: Package event received: 0
02-19 13:34:32.618  1971  2198 I AiAiEcho: Predicting[0]:  [CONTEXT sampling_count=5 ]
02-19 13:34:32.620  1971  2198 I AiAiEcho: EchoTargets: 
02-19 13:34:32.620  1971  2198 I AiAiEcho: Filtered by AiAi flag check: 
02-19 13:34:32.620  1971  2198 I AiAiEcho: [CONTEXT ratelimit_period="10 SECONDS" ]
02-19 13:34:32.621  1971  2198 I AiAiEcho: #remoteViewsTwiddler: feature disabled.
02-19 13:34:32.628  1971  2198 I AiAiEcho: #postPredictionTargets: Sending updates to UISurface home with targets# 0 (types=[])
02-19 13:34:32.702  1971 22104 W Bitmap  : Called getWidth() on a recycle()'d bitmap! This is undefined behavior!
02-19 13:34:32.702  1971 22104 W Bitmap  : Called getHeight() on a recycle()'d bitmap! This is undefined behavior!
02-19 13:34:32.960  1971 22104 W Bitmap  : Called getDensity() on a recycle()'d bitmap! This is undefined behavior!
02-19 13:34:32.984   617   617 I NotificationListener: Handling notification state refresh for com.google.android.adservices.api#0
02-19 13:34:32.984   617   617 I NotificationListener: Handling notification state refresh for android#0
02-19 13:34:32.984   617   617 I NotificationListener: Handling notification state refresh for com.android.systemui#0
02-19 13:34:32.987   617   617 I Choreographer: Skipped 43 frames!  The application may be doing too much work on its main thread.
02-19 13:34:33.003   531   531 W SurfaceFlinger: Resetting transform for Snapshot{TraversalPath{.id = 3554}Surface(name=Task=1)/@0x616b1ad_transition-leash#3554 isVisible=0 {invalidTransform} changes=Hierarchy | Geometry | Z | Visibility | AffectsChildren | FrameRate | VisibleRegion layerStack=0 geomLayerBounds={-10800,-24000,24000,10800} geomLayerTransform={tx=540,ty=1200}} because it is invalid. transform={0.000000,0.000000,0.000000,0.000000}  requestedTransform={0.000000,0.000000,0.000000,0.000000}
02-19 13:34:33.068   617   639 I HWUI    : Davey! duration=932ms; Flags=0, FrameTimelineVsyncId=1412032, IntendedVsync=87145872121022, Vsync=87146072121014, InputEventId=0, HandleInputStart=87146075229973, AnimationStart=87146075231025, PerformTraversalsStart=87146103421083, DrawStart=87146458403028, FrameDeadline=87145938787686, FrameStartTime=87146072713814, FrameInterval=16666666, WorkloadTarget=16666666, SyncQueued=87146458610570, SyncStart=87146458661419, IssueDrawCommandsStart=87146459253254, SwapBuffers=87146498540178, FrameCompleted=87146804475400, DequeueBufferDuration=9137, QueueBufferDuration=4611328, GpuCompleted=87146803943346, SwapBuffersCompleted=87146804475400, DisplayPresentTime=0, CommandSubmissionCompleted=87146498540178, 
02-19 13:34:33.095   752  1856 E TaskPersister: File error accessing recents directory (directory doesn't exist?).
02-19 13:34:33.096   617   617 D StateManager: onStateTransitionEnd - state: Normal
02-19 13:34:33.244   617   617 D RecentsView: reset - mEnableDrawingLiveTile: true, mRecentsAnimationController: com.android.quickstep.RecentsAnimationController@e54bc15
02-19 13:34:33.244   617   617 D RecentsView: finishRecentsAnimation - mRecentsAnimationController: com.android.quickstep.RecentsAnimationController@e54bc15
02-19 13:34:33.244   617   617 D RecentsView: cleanupRemoteTargets - mRemoteTargetHandles: [com.android.quickstep.RemoteTargetGluer$RemoteTargetHandle@df281dd]
02-19 13:34:33.354   617   617 I AiAiSuggestUi: Clearing suggestions.
02-19 13:34:33.355   617   617 I AiAiSuggestUi: Clearing suggestions.
02-19 13:34:33.366   617   617 D ActivityAllAppsContainerView: rebindAdapters: force: false
02-19 13:34:33.370   617   617 D ActivityAllAppsContainerView: rebindAdapters: Not needed.
02-19 13:34:33.500   617   617 D RecentsView: finishRecentsAnimation - mRecentsAnimationController: com.android.quickstep.RecentsAnimationController@e54bc15
02-19 13:34:33.500   617   617 D RecentsView: cleanupRemoteTargets - mRemoteTargetHandles: null
02-19 13:34:33.509  4449  4467 V ShellRecents: [151935933] RecentsController.finishInner: toHome=true userLeave=true willFinishToHome=true state=1 hasPausingTasks=true reason=requested
02-19 13:34:33.510  4449  4467 V ShellRecents:   3p launching home
02-19 13:34:33.511  4449  4467 V ShellRecents: [151935933] RecentsController.finishInner: Completing finish
02-19 13:34:33.511  4449  4467 V ShellRecents: [151935933] RecentsController.cleanup
02-19 13:34:33.530  4449  4467 V WindowManagerShell: Transition animation finished (aborted=false), notifying core (#418) android.os.BinderProxy@eed5714@0
02-19 13:34:33.746   617   617 D SsBaseTemplateCard: No text view can be set up
02-19 13:34:33.747   617   617 D SsBaseTemplateCard: Passed-in item info is null
02-19 13:34:33.747   617   617 D SsBaseTemplateCard: Passed-in item info is null
02-19 13:34:33.748   617   617 D SsBaseTemplateCard: Passed-in item info is null
02-19 13:34:33.748   617   617 I SsBaseTemplateCard: Secondary card pane is null
02-19 13:34:33.760   617   617 I Choreographer: Skipped 46 frames!  The application may be doing too much work on its main thread.
02-19 13:34:33.903   617   617 D OverviewActionsView: updateForGroupedTask() called with: isGroupedTask = [false], canSaveAppPair = [false]
02-19 13:34:33.903   617   617 D OverviewActionsView: updateActionButtonsVisibility() called: showSingleTaskActions = [true], showGroupActions = [false]
02-19 13:34:33.905   617   617 D RecentsView: finishRecentsAnimation - mRecentsAnimationController: com.android.quickstep.RecentsAnimationController@e54bc15
02-19 13:34:33.906   617   617 D RecentsView: cleanupRemoteTargets - mRemoteTargetHandles: null
02-19 13:34:33.988   617   639 I HWUI    : Davey! duration=1309ms; Flags=0, FrameTimelineVsyncId=1412121, IntendedVsync=87146105454346, Vsync=87146822120984, InputEventId=0, HandleInputStart=87146834852198, AnimationStart=87146834853472, PerformTraversalsStart=87147351747455, DrawStart=87147378238628, FrameDeadline=87146822120984, FrameStartTime=87146833556234, FrameInterval=16666666, WorkloadTarget=16666666, SyncQueued=87147378591800, SyncStart=87147381422728, IssueDrawCommandsStart=87147382689093, SwapBuffers=87147401326979, FrameCompleted=87147417422075, DequeueBufferDuration=8473, QueueBufferDuration=424670, GpuCompleted=87147417422075, SwapBuffersCompleted=87147403662192, DisplayPresentTime=0, CommandSubmissionCompleted=87147401326979, 
02-19 13:34:34.011   617   641 I HWUI    : Davey! duration=992ms; Flags=0, FrameTimelineVsyncId=1412181, IntendedVsync=87146838787650, Vsync=87147605454286, InputEventId=0, HandleInputStart=87147609612918, AnimationStart=87147609614797, PerformTraversalsStart=87147632764788, DrawStart=87147632881161, FrameDeadline=87147438787626, FrameStartTime=87147606885264, FrameInterval=16666666, WorkloadTarget=16666666, SyncQueued=87147632979078, SyncStart=87147633087547, IssueDrawCommandsStart=87147633333585, SwapBuffers=87147640391879, FrameCompleted=87147831504680, DequeueBufferDuration=178090094, QueueBufferDuration=5761662, GpuCompleted=87147651931092, SwapBuffersCompleted=87147831504680, DisplayPresentTime=0, CommandSubmissionCompleted=87147640391879, 
02-19 13:34:34.200   752   795 W ActivityTaskManager: getAssistContextExtras failed: timeout retrieving from ActivityRecord{36402468 u0 viva.republica.toss.test/im.toss.rn.granite.core.GraniteActivity t56}
02-19 13:34:35.218   752   794 V WindowManager: Finish Transition (#418): created at 02-19 13:32:20.408 collect-started=10.104ms started=12.899ms ready=1611.369ms sent=1626.297ms commit=74.545ms finished=134096.656ms
02-19 13:34:35.218   752   794 W Looper  : Drained
02-19 13:34:35.220   752   794 W Looper  : Slow dispatch took 712ms android.fg app=system_server main=false group=FOREGROUND h=android.os.Handler c=com.android.server.wm.Transition$$ExternalSyntheticLambda5@8208e43 m=0
02-19 13:34:35.419  4449  4467 V WindowManagerShell: Track 0 became idle
02-19 13:34:35.419  4449  4467 V WindowManagerShell: All active transition animations finished
02-19 13:34:35.424   752   798 I Choreographer: Skipped 54 frames!  The application may be doing too much work on its main thread.
02-19 13:34:35.427  4449  4467 V ShellRecents: [151935933] RecentsController.finishInner: calling finish callback
02-19 13:34:35.427   752   794 W Looper  : Slow dispatch took 164ms android.fg app=system_server main=false group=FOREGROUND h=android.os.Handler c=<recycled PooledLambda@6e39c2> m=0
02-19 13:34:35.428   752   794 V WindowManager: Finish Transition (#420): created at 02-19 13:34:23.853 collect-started=19.355ms request-sent=1390.51ms started=2799.668ms ready=-8.7137700522E7ms sent=7451.252ms commit=499.93ms finished=11411.032ms
02-19 13:34:35.435   617   640 E AssistContentRequester: Received AssistData, but no AssistContent found
02-19 13:34:35.436   752   795 W Looper  : Slow dispatch took 1237ms android.ui app=system_server main=false group=TOP_APP h=com.android.server.wm.ActivityTaskManagerService$UiHandler c=com.android.server.wm.ActivityTaskManagerService$PendingAssistExtras@b30bdf9 m=0
02-19 13:34:35.560   752   795 W Looper  : Slow dispatch took 121ms android.ui app=system_server main=false group=TOP_APP h=com.android.server.wm.DisplayPolicy$PolicyHandler c=com.android.server.wm.DisplayPolicy$2$$ExternalSyntheticLambda3@f4fb4e4 m=0
02-19 13:34:35.560   752   795 W Looper  : Slow delivery took 299ms android.ui app=system_server main=false group=TOP_APP h=com.android.server.wm.DisplayPolicy$PolicyHandler c=com.android.server.wm.DisplayPolicy$2$$ExternalSyntheticLambda3@f4fb4e4 m=0
02-19 13:34:35.582   752   752 W Looper  : Slow dispatch took 1053ms main app=system_server main=true group=FOREGROUND h=com.android.server.utils.quota.CountQuotaTracker$CqtHandler c=android.app.AlarmManager$ListenerWrapper@6b3cb9f m=0
02-19 13:34:35.623   752   752 W Looper  : Slow delivery took 880ms main app=system_server main=true group=FOREGROUND h=com.android.server.utils.quota.CountQuotaTracker$CqtHandler c=null m=1
02-19 13:34:35.666   752  1095 D BackgroundInstallControlService: Package event received: 0
02-19 13:34:35.838   752   794 W Looper  : Slow dispatch took 210ms android.fg app=system_server main=false group=FOREGROUND h=android.os.Handler c=com.android.server.utils.quota.QuotaTracker$$ExternalSyntheticLambda1@e9254ec m=0
02-19 13:34:35.859   617   617 D RecentsView: onRecentsAnimationComplete - mRecentsAnimationController: com.android.quickstep.RecentsAnimationController@e54bc15, mSideTaskLaunchCallback: null
02-19 13:34:35.860   617   617 D RecentsView: onRecentsAnimationComplete - mRecentsAnimationController: null, mSideTaskLaunchCallback: null
02-19 13:34:35.861   617   617 D RecentsView: onRecentsAnimationComplete - mRecentsAnimationController: null, mSideTaskLaunchCallback: null
02-19 13:34:35.894   752   752 W Looper  : Drained
02-19 13:34:36.089   752   989 I ImeTracker: com.google.android.apps.nexuslauncher:b71b04cb: onRequestHide at ORIGIN_SERVER reason HIDE_UNSPECIFIED_WINDOW fromUser false
02-19 13:34:36.189   617   617 D InsetsController: hide(ime(), fromIme=false)
02-19 13:34:36.192 32388 32388 I blica.toss.test: AssetManager2(0x7d8fac699818) locale list changing from [] to [en-US]
02-19 13:34:36.209   617   617 I ImeTracker: com.google.android.apps.nexuslauncher:b71b04cb: onCancelled at PHASE_CLIENT_ALREADY_HIDDEN
02-19 13:34:36.213  1336  1556 D SatelliteController: iisInCarrierRoamingNbIotNtn: satellite is disabled
02-19 13:34:36.407   752   969 D ActivityManager: freezing 30659 com.google.android.gms
02-19 13:34:36.900   752   795 W Looper  : Drained
02-19 13:34:36.958   752   815 E BluetoothPowerStatsCollector: Cannot acquire BluetoothActivityEnergyInfo
02-19 13:34:36.958   752   815 E BluetoothPowerStatsCollector: java.util.concurrent.ExecutionException: java.lang.RuntimeException: error: 9
02-19 13:34:36.958   752   815 E BluetoothPowerStatsCollector: 	at java.util.concurrent.CompletableFuture.reportGet(CompletableFuture.java:372)
02-19 13:34:36.958   752   815 E BluetoothPowerStatsCollector: 	at java.util.concurrent.CompletableFuture.get(CompletableFuture.java:2072)
02-19 13:34:36.958   752   815 E BluetoothPowerStatsCollector: 	at com.android.server.power.stats.BluetoothPowerStatsCollector.collectBluetoothActivityInfo(BluetoothPowerStatsCollector.java:192)
02-19 13:34:36.958   752   815 E BluetoothPowerStatsCollector: 	at com.android.server.power.stats.BluetoothPowerStatsCollector.collectStats(BluetoothPowerStatsCollector.java:155)
02-19 13:34:36.958   752   815 E BluetoothPowerStatsCollector: 	at com.android.server.power.stats.PowerStatsCollector.collectAndDeliverStats(PowerStatsCollector.java:176)
02-19 13:34:36.958   752   815 E BluetoothPowerStatsCollector: 	at com.android.server.power.stats.PowerStatsCollector$$ExternalSyntheticLambda0.run(R8$$SyntheticClass:0)
02-19 13:34:36.958   752   815 E BluetoothPowerStatsCollector: 	at android.os.Handler.handleCallback(Handler.java:995)
02-19 13:34:36.958   752   815 E BluetoothPowerStatsCollector: 	at android.os.Handler.dispatchMessage(Handler.java:103)
02-19 13:34:36.958   752   815 E BluetoothPowerStatsCollector: 	at android.os.Looper.loopOnce(Looper.java:248)
02-19 13:34:36.958   752   815 E BluetoothPowerStatsCollector: 	at android.os.Looper.loop(Looper.java:338)
02-19 13:34:36.958   752   815 E BluetoothPowerStatsCollector: 	at android.os.HandlerThread.run(HandlerThread.java:85)
02-19 13:34:36.958   752   815 E BluetoothPowerStatsCollector: Caused by: java.lang.RuntimeException: error: 9
02-19 13:34:36.958   752   815 E BluetoothPowerStatsCollector: 	at com.android.server.power.stats.BluetoothPowerStatsCollector$1.onBluetoothActivityEnergyInfoError(BluetoothPowerStatsCollector.java:181)
02-19 13:34:36.958   752   815 E BluetoothPowerStatsCollector: 	at android.bluetooth.BluetoothAdapter$OnBluetoothActivityEnergyInfoProxy.lambda$onError$2(BluetoothAdapter.java:1059)
02-19 13:34:36.958   752   815 E BluetoothPowerStatsCollector: 	at android.bluetooth.BluetoothAdapter$OnBluetoothActivityEnergyInfoProxy$$ExternalSyntheticLambda0.run(D8$$SyntheticClass:0)
02-19 13:34:36.958   752   815 E BluetoothPowerStatsCollector: 	at android.bluetooth.BluetoothUtils.lambda$executeFromBinder$0(BluetoothUtils.java:343)
02-19 13:34:36.958   752   815 E BluetoothPowerStatsCollector: 	at android.bluetooth.BluetoothUtils$$ExternalSyntheticLambda1.run(D8$$SyntheticClass:0)
02-19 13:34:36.958   752   815 E BluetoothPowerStatsCollector: 	at com.android.server.SystemServerInitThreadPool$$ExternalSyntheticLambda0.execute(R8$$SyntheticClass:0)
02-19 13:34:36.958   752   815 E BluetoothPowerStatsCollector: 	at android.bluetooth.BluetoothUtils.executeFromBinder(BluetoothUtils.java:343)
02-19 13:34:36.958   752   815 E BluetoothPowerStatsCollector: 	at android.bluetooth.BluetoothAdapter$OnBluetoothActivityEnergyInfoProxy.onError(BluetoothAdapter.java:1058)
02-19 13:34:36.958   752   815 E BluetoothPowerStatsCollector: 	at android.bluetooth.BluetoothAdapter.requestControllerActivityEnergyInfo(BluetoothAdapter.java:2694)
02-19 13:34:36.958   752   815 E BluetoothPowerStatsCollector: 	at com.android.server.power.stats.BatteryStatsImpl$BluetoothStatsRetrieverImpl.requestControllerActivityEnergyInfo(BatteryStatsImpl.java:485)
02-19 13:34:36.958   752   815 E BluetoothPowerStatsCollector: 	at com.android.server.power.stats.BluetoothPowerStatsCollector.collectBluetoothActivityInfo(BluetoothPowerStatsCollector.java:170)
02-19 13:34:36.958   752   815 E BluetoothPowerStatsCollector: 	... 8 more
02-19 13:34:36.979  1563  1563 I GoogleInputMethodService: GoogleInputMethodService.onFinishInput():2043 
02-19 13:34:37.793   752  1940 I ImeTracker: system_server:c1895a96: onRequestHide at ORIGIN_SERVER reason IME_REQUESTED_CHANGED_LISTENER fromUser false
02-19 13:34:37.847  1563  1563 I Module  : DeviceLockedStatusModuleProvider$Module.updateDeviceLockedStatus():100 repeatCheckTimes = 0, locked = false
02-19 13:34:37.863  1563  1563 W NotificationCenter: NotificationCenter$NotificationQueue.notifyPendingNotificationsOnExecutor():877 Heavy notify work detected on UI thread: [kig->khg, kig->khc, kig->ilu, kig->ilu, kig->ilu, kig->ilu, kig->ilu, kig->ilu, kig->gkl, kig->ilu, kig->ilu, kig->fef, kig->fro, kig->lux, kig->ilu, kig->imt, kig->ilu, kig->ilu, kig->ijm, kig->ilu, kig->ilu, kig->fcb, kig->jnx] takes 727ms
02-19 13:34:37.932  1563  1563 I GoogleInputMethodService: GoogleInputMethodService.onStartInput():1293 onStartInput(EditorInfo{EditorInfo{packageName=com.google.android.apps.nexuslauncher, inputType=0, inputTypeString=NULL, enableLearning=false, autoCorrection=false, autoComplete=false, imeOptions=0, privateImeOptions=null, actionName=UNSPECIFIED, actionLabel=null, initialSelStart=-1, initialSelEnd=-1, initialCapsMode=0, label=null, fieldId=0, fieldName=null, extras=null, hintText=null, hintLocales=[]}}, false)
02-19 13:34:37.933 20068  3009 E WorkSourceUtil: Could not find package: com.google.android.gms.westworld
02-19 13:34:37.948   752   797 W IPCThreadState: Sending oneway calls to frozen process.
02-19 13:34:37.948   752   797 W IPCThreadState: Sending oneway calls to frozen process.
02-19 13:34:37.948   752   797 W IPCThreadState: Sending oneway calls to frozen process.
02-19 13:34:37.948   752   797 W IPCThreadState: Sending oneway calls to frozen process.
02-19 13:34:37.948   752   797 W IPCThreadState: Sending oneway calls to frozen process.
02-19 13:34:37.949   752   797 W IPCThreadState: Sending oneway calls to frozen process.
02-19 13:34:37.963  1563  1563 I Module  : DeviceLockedStatusModuleProvider$Module.updateDeviceLockedStatus():100 repeatCheckTimes = 1, locked = false
02-19 13:34:38.211   752   797 W ProcessStats: Tracking association SourceState{1b917ca system/1000 BFgs #15910} whose proc state 4 is better than process ProcessState{42c4ef0 com.google.android.ext.services/10208 pkg=com.google.android.ext.services} proc state 14 (5 skipped)
02-19 13:34:38.244   752  1940 D TelephonyManager: requestModemActivityInfo: Sending result to app: ModemActivityInfo{ mTimestamp=87151826 mSleepTimeMs=9408 mIdleTimeMs=3136 mActivityStatsTechSpecificInfo=[{mRat=UNKNOWN,mFrequencyRange=UNKNOWN,mTxTimeMs[]=[224, 672, 1344, 1792, 2016],mRxTimeMs=2016}]}
02-19 13:34:38.567  1563  1563 I EmojiCompatManager: EmojiCompatManager.getEmojiCompatIfLoaded():343 EmojiCompat.init() was never called.
02-19 13:34:38.567  1563  1563 I EmojiCompatManager: java.lang.IllegalStateException: EmojiCompat is not initialized. Please call EmojiCompat.init() first
02-19 13:34:38.567  1563  1563 I EmojiCompatManager: 	at asx.p(PG:6)
02-19 13:34:38.567  1563  1563 I EmojiCompatManager: 	at axb.b(PG:13)
02-19 13:34:38.567  1563  1563 I EmojiCompatManager: 	at jnr.b(PG:2)
02-19 13:34:38.567  1563  1563 I EmojiCompatManager: 	at jnr.c(PG:4)
02-19 13:34:38.567  1563  1563 I EmojiCompatManager: 	at jnr.f(PG:3)
02-19 13:34:38.567  1563  1563 I EmojiCompatManager: 	at jnx.c(PG:3)
02-19 13:34:38.567  1563  1563 I EmojiCompatManager: 	at kif.cz(PG:47)
02-19 13:34:38.567  1563  1563 I EmojiCompatManager: 	at lhl.run(PG:1025)
02-19 13:34:38.567  1563  1563 I EmojiCompatManager: 	at jaf.execute(PG:12)
02-19 13:34:38.567  1563  1563 I EmojiCompatManager: 	at nco.v(PG:13)
02-19 13:34:38.567  1563  1563 I EmojiCompatManager: 	at lhn.m(PG:96)
02-19 13:34:38.567  1563  1563 I EmojiCompatManager: 	at lhn.k(PG:25)
02-19 13:34:38.567  1563  1563 I EmojiCompatManager: 	at kgn.onStartInput(PG:250)
02-19 13:34:38.567  1563  1563 I EmojiCompatManager: 	at android.inputmethodservice.InputMethodService.doStartInput(InputMethodService.java:3521)
02-19 13:34:38.567  1563  1563 I EmojiCompatManager: 	at android.inputmethodservice.InputMethodService$InputMethodImpl.startInput(InputMethodService.java:879)
02-19 13:34:38.567  1563  1563 I EmojiCompatManager: 	at android.inputmethodservice.InputMethodService$InputMethodImpl.dispatchStartInput(InputMethodService.java:908)
02-19 13:34:38.567  1563  1563 I EmojiCompatManager: 	at android.inputmethodservice.IInputMethodWrapper.executeMessage(IInputMethodWrapper.java:201)
02-19 13:34:38.567  1563  1563 I EmojiCompatManager: 	at com.android.internal.os.HandlerCaller$MyHandler.handleMessage(HandlerCaller.java:44)
02-19 13:34:38.567  1563  1563 I EmojiCompatManager: 	at android.os.Handler.dispatchMessage(Handler.java:110)
02-19 13:34:38.567  1563  1563 I EmojiCompatManager: 	at android.os.Looper.loopOnce(Looper.java:248)
02-19 13:34:38.567  1563  1563 I EmojiCompatManager: 	at android.os.Looper.loop(Looper.java:338)
02-19 13:34:38.567  1563  1563 I EmojiCompatManager: 	at android.app.ActivityThread.main(ActivityThread.java:9067)
02-19 13:34:38.567  1563  1563 I EmojiCompatManager: 	at java.lang.reflect.Method.invoke(Native Method)
02-19 13:34:38.567  1563  1563 I EmojiCompatManager: 	at com.android.internal.os.RuntimeInit$MethodAndArgsCaller.run(RuntimeInit.java:593)
02-19 13:34:38.567  1563  1563 I EmojiCompatManager: 	at com.android.internal.os.ZygoteInit.main(ZygoteInit.java:932)
02-19 13:34:38.570  1563  1563 W NotificationCenter: NotificationCenter$NotificationQueue.notifyPendingNotificationsOnExecutor():877 Heavy notify work detected on UI thread: [kig->khg, kig->khc, kig->ilu, kig->ilu, kig->ilu, kig->ilu, kig->ilu, kig->ilu, kig->gkl, kig->ilu, kig->ilu, kig->fef, kig->fro, kig->lux, kig->ilu, kig->imt, kig->ilu, kig->ilu, kig->ijm, kig->ilu, kig->ilu, kig->fcb, kig->jnx] takes 613ms
02-19 13:34:38.965   752   797 I ImeTracker: system_server:c1895a96: onCancelled at PHASE_SERVER_SHOULD_HIDE
02-19 13:34:39.016   752  1631 W PackageConfigPersister: App-specific configuration not found for packageName: com.google.android.apps.nexuslauncher and userId: 0
02-19 13:34:39.016  1563  1563 W NotificationCenter: NotificationCenter$NotificationQueue.notifyPendingNotificationsOnExecutor():877 Heavy notify work detected on UI thread: [kig->jjs] takes 446ms
02-19 13:34:41.124   752   794 W Looper  : Slow dispatch took 2031ms android.fg app=system_server main=false group=FOREGROUND h=android.os.Handler c=com.android.server.location.injector.SystemAppForegroundHelper$$ExternalSyntheticLambda1@60504c6 m=0
02-19 13:34:41.143   752   795 W Looper  : Slow dispatch took 3190ms android.ui app=system_server main=false group=TOP_APP h=com.android.server.am.ActivityManagerService$UiHandler c=com.android.server.am.UidObserverController$$ExternalSyntheticLambda0@6a2cd6d m=0
02-19 13:34:41.157   752  1509 D ActivityManager: sync unfroze 30659 com.google.android.gms for 6
02-19 13:34:41.594   752   804 W ActivityManager: Rescheduling restart of crashed service com.android.settings/.SettingsDumpService in 9172663224ms for mem-pressure-event
02-19 13:34:41.634  4449  4511 I HWUI    : Davey! duration=2991ms; Flags=0, FrameTimelineVsyncId=1412466, IntendedVsync=87152038787442, Vsync=87152288787432, InputEventId=0, HandleInputStart=87152292056086, AnimationStart=87152292058048, PerformTraversalsStart=87152294191503, DrawStart=87152326283004, FrameDeadline=87152055454108, FrameStartTime=87152289618177, FrameInterval=16666666, WorkloadTarget=16666666, SyncQueued=87152411011065, SyncStart=87152413741257, IssueDrawCommandsStart=87152435134192, SwapBuffers=87152915834715, FrameCompleted=87155032596491, DequeueBufferDuration=222151, QueueBufferDuration=40520881, GpuCompleted=87155032192563, SwapBuffersCompleted=87155032596491, DisplayPresentTime=0, CommandSubmissionCompleted=87152915834715, 
02-19 13:34:41.640   752   795 W Looper  : Slow delivery took 3095ms android.ui app=system_server main=false group=TOP_APP h=com.android.server.am.ActivityManagerService$UiHandler c=com.android.server.am.UidObserverController$$ExternalSyntheticLambda0@6a2cd6d m=0
02-19 13:34:41.640   752   795 W Looper  : Slow dispatch took 334ms android.ui app=system_server main=false group=TOP_APP h=com.android.server.am.ActivityManagerService$UiHandler c=com.android.server.am.UidObserverController$$ExternalSyntheticLambda0@6a2cd6d m=0
02-19 13:34:41.656  4449  4511 I HWUI    : Davey! duration=969ms; Flags=0, FrameTimelineVsyncId=1412481, IntendedVsync=87152305454098, Vsync=87152472120758, InputEventId=0, HandleInputStart=87152479710422, AnimationStart=87152479711241, PerformTraversalsStart=87152484164959, DrawStart=87152484347288, FrameDeadline=87155055453988, FrameStartTime=87152479330445, FrameInterval=16666666, WorkloadTarget=16666666, SyncQueued=87152982044941, SyncStart=87155033600719, IssueDrawCommandsStart=87155033800987, SwapBuffers=87155037636954, FrameCompleted=87155326425381, DequeueBufferDuration=287081035, QueueBufferDuration=338087, GpuCompleted=87155319683356, SwapBuffersCompleted=87155326425381, DisplayPresentTime=0, CommandSubmissionCompleted=87155037636954, 
02-19 13:34:42.228 32388 32393 W blica.toss.test: Suspending all threads took: 130.720ms
02-19 13:34:42.447   752   795 W Looper  : Drained
02-19 13:34:42.481 20068 20068 D BoundBrokerSvc: onRebind: Intent { act=com.google.android.gms.common.telemetry.service.START dat=chimera-action:/... xflg=0x4 cmp=com.google.android.gms/.chimera.PersistentApiService }
02-19 13:34:42.539  3014  3014 W dumpsys : Thread Pool max thread count is 0. Cannot cache binder as linkToDeath cannot be implemented. serviceName: window
02-19 13:34:43.413 20068  2728 I NetworkScheduler.Stats: (REDACTED) Task %s/%s started execution. cause:%s exec_start_elapsed_seconds: %s
02-19 13:34:43.943 20068  2730 I NetworkScheduler.Stats: (REDACTED) Task %s/%s finished executing. cause:%s result: %s elapsed_millis: %s uptime_millis: %s exec_start_elapsed_seconds: %s
02-19 13:34:44.107   752  1848 I system_server: AssetManager2(0x7d8fac526ff8) locale list changing from [] to [en-US]
02-19 13:34:44.300   752  1848 I system_server: AssetManager2(0x7d8fac526698) locale list changing from [] to [en-US]
02-19 13:34:44.585   752  1848 I system_server: AssetManager2(0x7d8fac529578) locale list changing from [] to [en-US]
02-19 13:34:45.342   752  1848 I system_server: AssetManager2(0x7d8fac52a838) locale list changing from [] to [en-US]
02-19 13:34:45.439   752  1848 I system_server: AssetManager2(0x7d8fac52b198) locale list changing from [] to [en-US]
02-19 13:34:45.720   752  1848 I system_server: AssetManager2(0x7d8fac5253d8) locale list changing from [] to [en-US]
02-19 13:34:45.829 32388 32537 W okhttp.OkHttpClient: A connection to http://localhost:8081/ was leaked. Did you forget to close a response body? To see where this was allocated, set the OkHttpClient logger level to FINE: Logger.getLogger(OkHttpClient.class.getName()).setLevel(Level.FINE);
02-19 13:34:45.972 30659 30718 D nativeloader: Load /data/app/~~O-UZzK0jUU9NLgS3MODOZA==/com.google.android.gms-YQ2L6GsYyKuvu9MvIBK1EQ==/base.apk!/lib/x86_64/libleveldbjni.so using class loader ns clns-9 (caller=/data/app/~~O-UZzK0jUU9NLgS3MODOZA==/com.google.android.gms-YQ2L6GsYyKuvu9MvIBK1EQ==/base.apk): ok
02-19 13:34:47.412   752   797 W ActivityTaskManager: Activity stop timeout for ActivityRecord{110276205 u0 viva.republica.toss.test/im.toss.rn.granite.core.GraniteActivity t56}
02-19 13:34:47.412   752  1029 D InetDiagMessage: Destroyed 0 sockets, proto=IPPROTO_TCP, family=AF_INET, states=14
02-19 13:34:47.558   752  1029 D InetDiagMessage: Destroyed 12 sockets, proto=IPPROTO_TCP, family=AF_INET6, states=14
02-19 13:34:47.558   752  1029 D InetDiagMessage: Destroyed live tcp sockets for uids={10217} in 149ms
02-19 13:34:47.560   752  1029 D InetDiagMessage: Destroyed 0 sockets, proto=IPPROTO_TCP, family=AF_INET, states=14
02-19 13:34:47.561   752  1029 D InetDiagMessage: Destroyed 0 sockets, proto=IPPROTO_TCP, family=AF_INET6, states=14
02-19 13:34:47.561   752  1029 D InetDiagMessage: Destroyed live tcp sockets for uids={20217} in 2ms
02-19 13:34:47.747   752  1029 D InetDiagMessage: Destroyed 0 sockets, proto=IPPROTO_TCP, family=AF_INET, states=14
02-19 13:34:47.749   752  1029 D InetDiagMessage: Destroyed 0 sockets, proto=IPPROTO_TCP, family=AF_INET6, states=14
02-19 13:34:47.749   752  1029 D InetDiagMessage: Destroyed live tcp sockets for uids={10205} in 3ms
02-19 13:34:47.751   752  1029 D InetDiagMessage: Destroyed 0 sockets, proto=IPPROTO_TCP, family=AF_INET, states=14
02-19 13:34:47.753   752  1029 D InetDiagMessage: Destroyed 0 sockets, proto=IPPROTO_TCP, family=AF_INET6, states=14
02-19 13:34:47.753   752  1029 D InetDiagMessage: Destroyed live tcp sockets for uids={20205} in 4ms
02-19 13:34:47.758 32388 32393 W blica.toss.test: Suspending all threads took: 112.631ms
02-19 13:34:48.094 20068 20068 D BoundBrokerSvc: onUnbind: Intent { act=com.google.android.gms.common.telemetry.service.START dat=chimera-action:/... xflg=0x4 cmp=com.google.android.gms/.chimera.PersistentApiService }
02-19 13:34:52.595   752   797 W ActivityTaskManager: Activity stop timeout for ActivityRecord{185272913 u0 viva.republica.toss.test/im.toss.rn.granite.core.GraniteActivity t56}
02-19 13:34:52.599   752   797 W ActivityTaskManager: Activity stop timeout for ActivityRecord{36402468 u0 viva.republica.toss.test/im.toss.rn.granite.core.GraniteActivity t56}
02-19 13:34:52.658 30659  3038 I SQLiteConnection: Long db operation: /data/user/0/com.google.android.gms/databases/gservices.db
02-19 13:34:52.763   752  1095 D BackgroundInstallControlService: Package event received: 0
02-19 13:34:53.271   752  1095 D BackgroundInstallControlService: Package event received: 0
02-19 13:34:53.280   752  1095 D BackgroundInstallControlService: Package event received: 0
02-19 13:34:53.285   537   537 W adbd    : timeout expired while flushing socket, closing
02-19 13:34:53.412   752   752 W Looper  : Slow dispatch took 530ms main app=system_server main=true group=FOREGROUND h=android.os.Handler c=<recycled PooledLambda@c8c1a4f> m=0
02-19 13:34:53.415   752   752 W Looper  : Slow delivery took 644ms main app=system_server main=true group=FOREGROUND h=android.os.Handler c=<recycled PooledLambda@d012d25> m=0
02-19 13:34:53.416   752   752 W Looper  : Drained
02-19 13:34:53.915   752  1848 W InputDispatcher: Excessive delay in interceptKeyBeforeQueueing; took 69 ms
02-19 13:34:54.077   752   981 W InputDispatcher: Excessive delay in interceptKeyBeforeDispatching; took 117 ms
02-19 13:34:54.157   617   675 D OverviewCommandHelper: command added: CommandInfo(type=TOGGLE, status=IDLE, createTime=87167997, animationCallbacks=null, displayId=0, isLastOfBatch=true)
02-19 13:34:54.160   617   675 D OverviewCommandHelper: execute: CommandInfo(type=TOGGLE, status=IDLE, createTime=87167997, animationCallbacks=null, displayId=0, isLastOfBatch=true) - queue size: 1
02-19 13:34:54.220   617   617 D OverviewCommandHelper: executing command: CommandInfo(type=TOGGLE, status=PROCESSING, createTime=87167997, animationCallbacks=null, displayId=0, isLastOfBatch=true)
02-19 13:34:54.222   617   617 D OverviewCommandHelper: executeCommand: CommandInfo(type=TOGGLE, status=PROCESSING, createTime=87167997, animationCallbacks=null, displayId=0, isLastOfBatch=true) - visibleRecentsView: null
02-19 13:34:54.222   617   617 D OverviewCommandHelper: Querying TaskbarManager for TaskbarUIController for display: 0
02-19 13:34:54.223   617   617 D OverviewCommandHelper: TaskbarUIController for display 0 was found
02-19 13:34:54.223   617   617 D TFOManager: playPanelCloseAnimation() duration=150 traceTag=LauncherOverlay-hide isHomeButtonTap=true
02-19 13:34:54.224   617   617 D TFOManager: Skipped creating panel close animation because -1 is invisible.
02-19 13:34:54.393   617   617 D StateManager: goToState - fromState: Normal, toState: Overview, partial trace:
02-19 13:34:54.393   617   617 D StateManager: 	at com.android.quickstep.LauncherActivityInterface.switchToRecentsIfVisible(go/retraceme 72a59688580715d19f0e415c69e80376c2f062d1648c80db6730905005a27c20:39)
02-19 13:34:54.393   617   617 D StateManager: 	at com.android.quickstep.OverviewCommandHelper.executeWhenRecentsIsNotVisible(go/retraceme 72a59688580715d19f0e415c69e80376c2f062d1648c80db6730905005a27c20:292)
02-19 13:34:54.393   617   617 D StateManager: 	at com.android.quickstep.OverviewCommandHelper.executeCommand(go/retraceme 72a59688580715d19f0e415c69e80376c2f062d1648c80db6730905005a27c20:49)
02-19 13:34:54.445  4449  4474 W WindowOnBackDispatcher: sendCancelIfRunning: isInProgress=false callback=android.view.ViewRootImpl$$ExternalSyntheticLambda13@fd8952e
02-19 13:34:54.493   752  1509 D CoreBackPreview: Window{29ba089 u0 Splash Screen viva.republica.toss.test}: Setting back callback null
02-19 13:34:54.522   617   617 D OverviewCommandHelper: switching to Overview state - waiting: CommandInfo(type=TOGGLE, status=PROCESSING, createTime=87167997, animationCallbacks=null, displayId=0, isLastOfBatch=true)
02-19 13:34:54.522   617   617 D OverviewCommandHelper: command executed: CommandInfo(type=TOGGLE, status=PROCESSING, createTime=87167997, animationCallbacks=null, displayId=0, isLastOfBatch=true) with result: false
02-19 13:34:54.522   617   617 D OverviewCommandHelper: waiting for command callback: CommandInfo(type=TOGGLE, status=PROCESSING, createTime=87167997, animationCallbacks=null, displayId=0, isLastOfBatch=true)
02-19 13:34:54.697   617   617 D StateManager: onStateTransitionStart - state: Overview
02-19 13:34:54.700   617   617 D RecentsView: updateTaskStackListenerState: true
02-19 13:34:54.703   617   617 D RecentsView: reloadIfNeeded - getTasks: 93
02-19 13:34:54.710   752   794 W Looper  : Slow dispatch took 125ms android.fg app=system_server main=false group=FOREGROUND h=android.os.Handler c=android.app.LoadedApk$ReceiverDispatcher$Args$$ExternalSyntheticLambda0@22fe786 m=0
02-19 13:34:54.717   752   795 W Looper  : Slow dispatch took 139ms android.ui app=system_server main=false group=TOP_APP h=android.os.Handler c=android.app.LoadedApk$ReceiverDispatcher$Args$$ExternalSyntheticLambda0@e949847 m=0
02-19 13:34:54.733   752   752 W Looper  : Slow dispatch took 157ms main app=system_server main=true group=FOREGROUND h=android.app.ActivityThread$H c=android.app.LoadedApk$ReceiverDispatcher$Args$$ExternalSyntheticLambda0@994a874 m=0
02-19 13:34:54.757  4449  4449 I vol.VolumeDialogImpl: mDialog.dismiss() reason: volume_controller from: com.android.systemui.volume.VolumeDialogImpl$7.onDismissRequested:3
02-19 13:34:54.805   617   617 D OverviewCommandHelper: switching to Overview state - onAnimationStart: CommandInfo(type=TOGGLE, status=PROCESSING, createTime=87167997, animationCallbacks=null, displayId=0, isLastOfBatch=true)
02-19 13:34:54.911   617   617 D StatsLog: LAUNCHER_OVERVIEW_SHOW_OVERVIEW_FROM_3_BUTTON
02-19 13:34:54.955 32388 32388 D VRI[GraniteActivity]: visibilityChanged oldVisibility=true newVisibility=false
02-19 13:34:55.027   752  1095 D BackgroundInstallControlService: Package event received: 0
02-19 13:34:55.385   617   617 D RecentsView: applyLoadPlan - taskGroups: [type=SINGLE task=[id=12 windowingMode=0 user=0 lastActiveTime=89737] null, type=SINGLE task=[id=49 windowingMode=1 user=0 lastActiveTime=83987405] null, type=SINGLE task=[id=56 windowingMode=1 user=0 lastActiveTime=87148569] null]
02-19 13:34:55.534   617   675 I HWUI    : Davey! duration=835ms; Flags=0, FrameTimelineVsyncId=1412649, IntendedVsync=87168388786788, Vsync=87168755453440, InputEventId=0, HandleInputStart=87168760323541, AnimationStart=87168760324294, PerformTraversalsStart=87168830289766, DrawStart=87168830388263, FrameDeadline=87168572120114, FrameStartTime=87168759220417, FrameInterval=16666666, WorkloadTarget=16666666, SyncQueued=87169187128233, SyncStart=87169187325293, IssueDrawCommandsStart=87169188947429, SwapBuffers=87169203646495, FrameCompleted=87169224541329, DequeueBufferDuration=15127, QueueBufferDuration=653909, GpuCompleted=87169224541329, SwapBuffersCompleted=87169209307494, DisplayPresentTime=0, CommandSubmissionCompleted=87169203646495, 
02-19 13:34:55.580   617   617 I Choreographer: Skipped 35 frames!  The application may be doing too much work on its main thread.
02-19 13:34:55.750   617   617 D StateManager: onStateTransitionEnd - state: Overview
02-19 13:34:55.769   617   626 I s.nexuslauncher: NativeAlloc concurrent mark compact GC freed 1049KB AllocSpace bytes, 0(0B) LOS objects, 49% free, 6230KB/12MB, paused 28.902ms,9.883ms total 648.810ms
02-19 13:34:55.773   617   617 D OverviewCommandHelper: switching to Overview state - onAnimationEnd: CommandInfo(type=TOGGLE, status=PROCESSING, createTime=87167997, animationCallbacks=null, displayId=0, isLastOfBatch=true)
02-19 13:34:55.774   617   617 D OverviewCommandHelper: command executed: CommandInfo(type=TOGGLE, status=PROCESSING, createTime=87167997, animationCallbacks=null, displayId=0, isLastOfBatch=true) with result: true
02-19 13:34:55.774   617   617 D OverviewCommandHelper: command executed successfully! CommandInfo(type=TOGGLE, status=COMPLETED, createTime=87167997, animationCallbacks=null, displayId=0, isLastOfBatch=true)
02-19 13:34:55.774   617   617 D OverviewCommandHelper: no pending commands to be executed.
02-19 13:34:55.820   617   637 W System  : A resource failed to call release. 
02-19 13:34:55.829   617   637 W System  : A resource failed to call release. 
02-19 13:34:55.844   617   637 W System  : A resource failed to call release. 
02-19 13:34:55.844   617   637 W System  : A resource failed to call release. 
02-19 13:34:55.844   617   637 W System  : A resource failed to call release. 
02-19 13:34:55.845   617   637 W System  : A resource failed to call release. 
02-19 13:34:55.847   617   637 W System  : A resource failed to call release. 
02-19 13:34:55.847   617   637 W System  : A resource failed to call release. 
02-19 13:34:55.926   531   531 I BpBinder: onLastStrongRef automatically unlinking death recipients: 
02-19 13:34:55.994   617   675 I HWUI    : Davey! duration=902ms; Flags=0, FrameTimelineVsyncId=1412786, IntendedVsync=87168838786770, Vsync=87169422120080, InputEventId=0, HandleInputStart=87169430008476, AnimationStart=87169430009464, PerformTraversalsStart=87169629333681, DrawStart=87169710184277, FrameDeadline=87169255453420, FrameStartTime=87169427192349, FrameInterval=16666666, WorkloadTarget=16666666, SyncQueued=87169713191318, SyncStart=87169713911620, IssueDrawCommandsStart=87169714262074, SwapBuffers=87169730701988, FrameCompleted=87169741741970, DequeueBufferDuration=10674, QueueBufferDuration=3276450, GpuCompleted=87169741621175, SwapBuffersCompleted=87169741741970, DisplayPresentTime=0, CommandSubmissionCompleted=87169730701988, 
02-19 13:34:56.002   617   869 I s.nexuslauncher: AssetManager2(0x7d8fac43dcb8) locale list changing from [] to [en-US]
02-19 13:34:56.135   617   617 I AiAiSuggestUi: Clearing suggestions.
02-19 13:34:56.135   617   617 I AiAiSuggestUi: Requesting to show indicators
02-19 13:34:56.136   617   617 I AiAiSuggestUi: Fetching contents, isPrimaryTask = false
02-19 13:34:56.435   617   869 W HWUI    : Image decoding logging dropped!
02-19 13:34:56.587 32388 32388 I Choreographer: Skipped 188 frames!  The application may be doing too much work on its main thread.
02-19 13:34:56.706   617   876 I AiAiSuggestUi: Request suggestContentSelections complete, took: 562
02-19 13:34:56.732   617   876 E AiAiSuggestUi: Timeout while retrieving suggestContentSelections
02-19 13:34:56.732   617   876 E AiAiSuggestUi: java.util.concurrent.TimeoutException
02-19 13:34:56.732   617   876 E AiAiSuggestUi: 	at java.util.concurrent.CompletableFuture$Timeout.run(CompletableFuture.java:2908)
02-19 13:34:56.732   617   876 E AiAiSuggestUi: 	at java.util.concurrent.Executors$RunnableAdapter.call(Executors.java:524)
02-19 13:34:56.732   617   876 E AiAiSuggestUi: 	at java.util.concurrent.FutureTask.run(FutureTask.java:317)
02-19 13:34:56.732   617   876 E AiAiSuggestUi: 	at java.util.concurrent.ScheduledThreadPoolExecutor$ScheduledFutureTask.run(ScheduledThreadPoolExecutor.java:348)
02-19 13:34:56.732   617   876 E AiAiSuggestUi: 	at java.util.concurrent.ThreadPoolExecutor.runWorker(ThreadPoolExecutor.java:1156)
02-19 13:34:56.732   617   876 E AiAiSuggestUi: 	at java.util.concurrent.ThreadPoolExecutor$Worker.run(ThreadPoolExecutor.java:651)
02-19 13:34:56.732   617   876 E AiAiSuggestUi: 	at java.lang.Thread.run(Thread.java:1119)
02-19 13:34:56.732   617   876 I AiAiSuggestUi: Fetched content back in callback
02-19 13:34:56.749  1971  1992 W ogle.android.as: Suspending all threads took: 5.494ms
02-19 13:34:57.385   617   639 D OverviewCommandHelper: command added: CommandInfo(type=TOGGLE, status=IDLE, createTime=87171231, animationCallbacks=null, displayId=0, isLastOfBatch=true)
02-19 13:34:57.385   617   639 D OverviewCommandHelper: execute: CommandInfo(type=TOGGLE, status=IDLE, createTime=87171231, animationCallbacks=null, displayId=0, isLastOfBatch=true) - queue size: 1
02-19 13:34:57.385   617   617 D OverviewCommandHelper: executing command: CommandInfo(type=TOGGLE, status=PROCESSING, createTime=87171231, animationCallbacks=null, displayId=0, isLastOfBatch=true)
02-19 13:34:57.386   617   617 D OverviewCommandHelper: executeCommand: CommandInfo(type=TOGGLE, status=PROCESSING, createTime=87171231, animationCallbacks=null, displayId=0, isLastOfBatch=true) - visibleRecentsView: com.android.quickstep.views.LauncherRecentsView{e9db1c2 V.ED..... ........ 0,0-1080,2400 #7f0a02c1 app:id/overview_panel}
02-19 13:34:57.890   752   794 W Looper  : Slow dispatch took 133ms android.fg app=system_server main=false group=FOREGROUND h=android.os.Handler c=com.android.server.am.SameProcessApplicationThread$$ExternalSyntheticLambda1@ff3356a m=0
02-19 13:34:57.923   752  1509 W ActivityTaskManager: callingPackage for (uid=-1, pid=-1) has no WPC
02-19 13:34:58.081  4449  4449 I vol.VolumeDialogImpl: mDialog.dismiss() reason: volume_controller from: com.android.systemui.volume.VolumeDialogImpl$7.onDismissRequested:3
02-19 13:34:58.274   617   617 D TaskView: launchAsStaticTile - startActivityFromRecents: [56]
02-19 13:34:58.275   617   617 D OverviewCommandHelper: launching task - waiting for callback: CommandInfo(type=TOGGLE, status=PROCESSING, createTime=87171231, animationCallbacks=null, displayId=0, isLastOfBatch=true)
02-19 13:34:58.275   617   617 D OverviewCommandHelper: command executed: CommandInfo(type=TOGGLE, status=PROCESSING, createTime=87171231, animationCallbacks=null, displayId=0, isLastOfBatch=true) with result: false
02-19 13:34:58.275   617   617 D OverviewCommandHelper: waiting for command callback: CommandInfo(type=TOGGLE, status=PROCESSING, createTime=87171231, animationCallbacks=null, displayId=0, isLastOfBatch=true)
02-19 13:34:58.277   617   617 W SplitSelectStateCtor: Missing session instanceIds
02-19 13:34:58.278   617   617 D StatsLog: LAUNCHER_SPLIT_SELECTION_EXIT_INTERRUPTED
02-19 13:34:58.280  4449  4467 V WindowManagerShell: Transition requested (#421): android.os.BinderProxy@f2a4289 TransitionRequestInfo { type = TO_FRONT, triggerTask = TaskInfo{userId=0 taskId=56 effectiveUid=10217 displayId=0 isRunning=true baseIntent=Intent { act=android.intent.action.VIEW dat=intoss://takealook/... flg=0x10000000 pkg=viva.republica.toss.test cmp=viva.republica.toss.test/.MiniAppSchemeActivity } baseActivity=ComponentInfo{viva.republica.toss.test/im.toss.rn.granite.core.GraniteActivity} topActivity=ComponentInfo{viva.republica.toss.test/im.toss.rn.granite.core.GraniteActivity} origActivity=null realActivity=ComponentInfo{viva.republica.toss.test/viva.republica.toss.test.MiniAppSchemeActivity} numActivities=12 lastActiveTime=87148569 supportsMultiWindow=true resizeMode=1 isResizeable=true minWidth=-1 minHeight=-1 defaultMinSize=220 token=WCT{android.window.IWindowContainerToken$Stub$Proxy@43a428e} topActivityType=1 pictureInPictureParams=null shouldDockBigOverlays=false launchIntoPipHostTaskId=-1 lastParentTaskIdBeforePip=-1 displayCutoutSafeInsets=Rect(0, 0 - 0, 0) topActivityInfo=ActivityInfo{4e9caaf im.toss.rn.granite.core.GraniteActivity} launchCookies=[] positionInParent=Point(0, 0) parentTaskId=-1 isFocused=false isVisible=false isVisibleRequested=false isTopActivityNoDisplay=false isSleeping=false locusId=null displayAreaFeatureId=1 isTopActivityTransparent=false isActivityStackTransparent=false lastNonFullscreenBounds=Rect(284, 660 - 796, 1740) capturedLink=null capturedLinkTimestamp=0 requestedVisibleTypes=-9 topActivityRequestOpenInBrowserEducationTimestamp=0 appCompatTaskInfo=AppCompatTaskInfo { topActivityInSizeCompat=false eligibleForLetterboxEducation= false isLetterboxEducationEnabled= true isLetterboxDoubleTapEnabled= false eligibleForUserAspectRatioButton= false topActivityBoundsLetterboxed= false isFromLetterboxDoubleTap= false topActivityLetterboxVerticalPosition= -1 topActivityLetterboxHorizontalPosition= -1 topActivityLetterboxWidth=-1 topActivityLetterboxHeight=-1 topActivityAppBounds=Rect(0, 0 - 1080, 2400) isUserFullscreenOverrideEnabled=false isSystemFullscreenOverrideEnabled=false hasMinAspectRatioOverride=false topActivityLetterboxBounds=null cameraCompatTaskInfo=CameraCompatTaskInfo { freeformCameraCompatMode=inactive}} topActivityMainWindowFrame=null}, pipChange = null, remoteTransition = RemoteTransition { remoteTransition = android.window.IRemoteTransition$Stub$Proxy@5a6cebc, appThread = android.app.IApplicationThread$Stub$Proxy@c6b7e45, debugName = QuickstepLaunch }, displayChange = null, flags = 0, debugId = 421 }
02-19 13:34:58.295   531   549 I BpBinder: onLastStrongRef automatically unlinking death recipients: 
02-19 13:34:58.314   752   804 W ActivityManager: Rescheduling restart of crashed service com.android.settings/.SettingsDumpService in 9172646335ms for mem-pressure-event
02-19 13:34:58.317   752  1631 D CoreBackPreview: Window{8df1898 u0 viva.republica.toss.test/im.toss.rn.granite.core.GraniteActivity}: Setting back callback OnBackInvokedCallbackInfo{mCallback=android.window.IOnBackInvokedCallback$Stub$Proxy@9873e36, mPriority=0, mIsAnimationCallback=false, mOverrideBehavior=0}
02-19 13:34:58.353  4449  4467 D ShellSplitScreen: logExit: no-op, mLoggerSessionId is null
02-19 13:34:58.355  4449  4467 V WindowManagerShell: RemoteTransition directly requested for (#421) android.os.BinderProxy@f2a4289: RemoteTransition { remoteTransition = android.window.IRemoteTransition$Stub$Proxy@5a6cebc, appThread = android.app.IApplicationThread$Stub$Proxy@c6b7e45, debugName = QuickstepLaunch }
02-19 13:34:58.355  4449  4467 V WindowManagerShell: Transition (#421): request handled by DefaultMixedHandler
02-19 13:34:58.370   752  1095 D BackgroundInstallControlService: Package event received: 0
02-19 13:34:58.789   752   795 W ActivityTaskManager: getAssistContextExtras failed: timeout retrieving from ActivityRecord{36402468 u0 viva.republica.toss.test/im.toss.rn.granite.core.GraniteActivity t56}
02-19 13:34:59.261  1782  2426 I bbax    : (REDACTED) getHotwordActive::active query: %s, watch: %s, devices connected: %s
02-19 13:34:59.290   617   617 I Choreographer: Skipped 59 frames!  The application may be doing too much work on its main thread.
02-19 13:34:59.396  4449  4467 D WindowManagerShell: setLauncherKeepClearAreaHeight: visible=false, height=527
02-19 13:34:59.396  4449  4467 D WindowManagerShell: onActivityRestartAttempt: topActivity=ComponentInfo{viva.republica.toss.test/im.toss.rn.granite.core.GraniteActivity}, wasVisible=false
02-19 13:34:59.613  4449  4474 V SnapshotDrawerUtils: Drawing snapshot surface sizeMismatch=true
02-19 13:34:59.619   752  1095 D BackgroundInstallControlService: Package event received: 0
02-19 13:34:59.627   752   797 I ActivityManager: PendingStartActivityUids startActivity to updateOomAdj delay:1271ms, uid:10217
02-19 13:34:59.642   752  1095 D BackgroundInstallControlService: Package event received: 0
02-19 13:34:59.642   752  1095 D BackgroundInstallControlService: Package event received: 0
02-19 13:34:59.642   752  1095 D BackgroundInstallControlService: Package event received: 0
02-19 13:34:59.642   752  1095 D BackgroundInstallControlService: Package event received: 0
02-19 13:34:59.659   617   639 E AssistContentRequester: Received AssistData, but no AssistContent found
02-19 13:34:59.662   752   795 W Looper  : Slow dispatch took 873ms android.ui app=system_server main=false group=TOP_APP h=com.android.server.wm.ActivityTaskManagerService$UiHandler c=com.android.server.wm.ActivityTaskManagerService$PendingAssistExtras@98107c2 m=0
02-19 13:34:59.764   531   531 I BpBinder: onLastStrongRef automatically unlinking death recipients: 
02-19 13:34:59.968   752  1981 W AppOps  : Noting op not finished: uid 10148 pkg com.google.android.gms code 113 startTime of in progress event=1771455059663
02-19 13:34:59.995   752   797 W IPCThreadState: Sending oneway calls to frozen process.
02-19 13:34:59.996   752   797 W IPCThreadState: Sending oneway calls to frozen process.
02-19 13:34:59.997   752   797 W IPCThreadState: Sending oneway calls to frozen process.
02-19 13:34:59.997   752   797 W IPCThreadState: Sending oneway calls to frozen process.
02-19 13:34:59.997   752   797 W IPCThreadState: Sending oneway calls to frozen process.
