02-19 19:55:40.924 23036 23167 W DynamiteModule: Failed to load module via V2: java.lang.NoSuchFieldException: No field sClassLoader in class Lcom/google/android/gms/dynamite/DynamiteModule$DynamiteLoaderClassLoader; (declaration of 'com.google.android.gms.dynamite.DynamiteModule$DynamiteLoaderClassLoader' appears in /data/app/~~NUQj-rdXzuicW-16SIRtKA==/viva.republica.toss.test-Si406wFvb_sqEA2GTBV6RQ==/base.apk!classes2.dex)
02-19 19:55:40.945   752  2419 D CoreBackPreview: Window{46a050e u0 viva.republica.toss.test/viva.republica.toss.test.MiniAppSchemeActivity}: Setting back callback OnBackInvokedCallbackInfo{mCallback=android.window.IOnBackInvokedCallback$Stub$Proxy@6fdc928, mPriority=0, mIsAnimationCallback=false, mOverrideBehavior=0}
02-19 19:55:40.953 23036 23167 I DynamiteModule: Considering local module com.google.android.gms.ads.dynamite:0 and remote module com.google.android.gms.ads.dynamite:254380203
02-19 19:55:40.954 23036 23167 I DynamiteModule: Selected remote version of com.google.android.gms.ads.dynamite, version >= 254380203
02-19 19:55:41.011 23036 23167 D CompatChangeReporter: Compat change id reported: 312399441; UID 10217; state: ENABLED
02-19 19:55:41.080   752   794 I ActivityTaskManager: Displayed viva.republica.toss.test/.MiniAppSchemeActivity for user 0: +394ms
02-19 19:55:41.200  4449  4467 V WindowManagerShell: Transition animation finished (aborted=false), notifying core (#835) android.os.BinderProxy@256b56c@0
02-19 19:55:41.277 23036 23167 I blica.toss.test: AssetManager2(0x7d8fac4394d8) locale list changing from [] to [en-US]
02-19 19:55:41.282 23036 23167 I blica.toss.test: AssetManager2(0x7d8fac434398) locale list changing from [] to [en-US]
02-19 19:55:41.315   752   989 I ImeTracker: viva.republica.toss.test:e7b54c7e: onRequestHide at ORIGIN_SERVER reason HIDE_UNSPECIFIED_WINDOW fromUser false
02-19 19:55:41.403   752   794 V WindowManager: Finish Transition (#835): created at 02-19 19:55:40.677 collect-started=0.096ms request-sent=11.606ms started=17.71ms ready=36.189ms sent=38.757ms commit=134.994ms finished=707.251ms
02-19 19:55:41.410 23036 23167 D DynamitePackage: Instantiated singleton DynamitePackage.
02-19 19:55:41.412 23036 23167 D DynamitePackage: Instantiating com.google.android.gms.ads.ChimeraMobileAdsSettingManagerCreatorImpl
02-19 19:55:41.418   752  2503 V GrammaticalInflectionUtils: AttributionSource: android.content.AttributionSource@56784557 does not have READ_SYSTEM_GRAMMATICAL_GENDER permission.
02-19 19:55:41.419   752  2503 W OptProp : Cannot read opt property android.window.PROPERTY_COMPAT_ALLOW_USER_ASPECT_RATIO_OVERRIDE
02-19 19:55:41.420   752  2503 W OptProp : Cannot read opt property android.window.PROPERTY_COMPAT_ALLOW_USER_ASPECT_RATIO_FULLSCREEN_OVERRIDE
02-19 19:55:41.421   752  2503 W OptProp : Cannot read opt property android.window.PROPERTY_COMPAT_ALLOW_RESIZEABLE_ACTIVITY_OVERRIDES
02-19 19:55:41.422   752  2503 W OptProp : Cannot read opt property android.window.PROPERTY_COMPAT_ALLOW_MIN_ASPECT_RATIO_OVERRIDE
02-19 19:55:41.425 19166 19166 D VRI[NexusLauncherActivity]: visibilityChanged oldVisibility=true newVisibility=false
02-19 19:55:41.427   752  2503 W OptProp : Cannot read opt property android.window.PROPERTY_COMPAT_ALLOW_ORIENTATION_OVERRIDE
02-19 19:55:41.430  4449  4467 V WindowManagerShell: Track 0 became idle
02-19 19:55:41.430  4449  4467 V WindowManagerShell: All active transition animations finished
02-19 19:55:41.456   752  2503 I ActivityTaskManager: START u0 {act=android.intent.action.VIEW dat=intoss://takealook/... xflg=0x4 cmp=viva.republica.toss.test/im.toss.rn.granite.core.GraniteActivity (has extras)} with LAUNCH_MULTIPLE from uid 10217 (sr=15648091) (BAL_ALLOW_VISIBLE_WINDOW) result code=0
02-19 19:55:41.478 20022 20022 I GoogleInputMethodService: GoogleInputMethodService.onFinishInput():2043 
02-19 19:55:41.481 20022 20022 I Module  : DeviceLockedStatusModuleProvider$Module.updateDeviceLockedStatus():100 repeatCheckTimes = 0, locked = false
02-19 19:55:41.481  4449  4467 V WindowManagerShell: Transition requested (#836): android.os.BinderProxy@1ae926e TransitionRequestInfo { type = OPEN, triggerTask = TaskInfo{userId=0 taskId=88 effectiveUid=10217 displayId=0 isRunning=true baseIntent=Intent { act=android.intent.action.VIEW dat=intoss://takealook/... flg=0x10000000 cmp=viva.republica.toss.test/im.toss.rn.granite.core.GraniteActivity } baseActivity=ComponentInfo{viva.republica.toss.test/im.toss.rn.granite.core.GraniteActivity} topActivity=ComponentInfo{viva.republica.toss.test/im.toss.rn.granite.core.GraniteActivity} origActivity=null realActivity=ComponentInfo{viva.republica.toss.test/im.toss.rn.granite.core.GraniteActivity} numActivities=3 lastActiveTime=110015280 supportsMultiWindow=true resizeMode=1 isResizeable=true minWidth=-1 minHeight=-1 defaultMinSize=220 token=WCT{android.window.IWindowContainerToken$Stub$Proxy@7060d0f} topActivityType=1 pictureInPictureParams=null shouldDockBigOverlays=false launchIntoPipHostTaskId=-1 lastParentTaskIdBeforePip=-1 displayCutoutSafeInsets=Rect(0, 0 - 0, 0) topActivityInfo=ActivityInfo{e28519c im.toss.rn.granite.core.GraniteActivity} launchCookies=[] positionInParent=Point(0, 0) parentTaskId=-1 isFocused=true isVisible=true isVisibleRequested=true isTopActivityNoDisplay=false isSleeping=false locusId=null displayAreaFeatureId=1 isTopActivityTransparent=false isActivityStackTransparent=false lastNonFullscreenBounds=Rect(284, 660 - 796, 1740) capturedLink=null capturedLinkTimestamp=0 requestedVisibleTypes=-9 topActivityRequestOpenInBrowserEducationTimestamp=0 appCompatTaskInfo=AppCompatTaskInfo { topActivityInSizeCompat=false eligibleForLetterboxEducation= false isLetterboxEducationEnabled= true isLetterboxDoubleTapEnabled= false eligibleForUserAspectRatioButton= false topActivityBoundsLetterboxed= false isFromLetterboxDoubleTap= false topActivityLetterboxVerticalPosition= -1 topActivityLetterboxHorizontalPosition= -1 topActivityLetterboxWidth=-1 topActivityLetterboxHeight=-1 topActivityAppBounds=Rect(0, 0 - 1080, 2400) isUserFullscreenOverrideEnabled=false isSystemFullscreenOverrideEnabled=false hasMinAspectRatioOverride=false topActivityLetterboxBounds=null cameraCompatTaskInfo=CameraCompatTaskInfo { freeformCameraCompatMode=inactive}} topActivityMainWindowFrame=null}, pipChange = null, remoteTransition = null, displayChange = null, flags = 0, debugId = 836 }
02-19 19:55:41.481  4449  4467 D ShellSplitScreen: logExit: no-op, mLoggerSessionId is null
02-19 19:55:41.484 23036 23036 D InsetsController: hide(ime(), fromIme=false)
02-19 19:55:41.484 23036 23036 I ImeTracker: viva.republica.toss.test:e7b54c7e: onCancelled at PHASE_CLIENT_ALREADY_HIDDEN
02-19 19:55:41.485 20022 20022 I GoogleInputMethodService: GoogleInputMethodService.onStartInput():1293 onStartInput(EditorInfo{EditorInfo{packageName=viva.republica.toss.test, inputType=0, inputTypeString=NULL, enableLearning=false, autoCorrection=false, autoComplete=false, imeOptions=0, privateImeOptions=null, actionName=UNSPECIFIED, actionLabel=null, initialSelStart=-1, initialSelEnd=-1, initialCapsMode=0, label=null, fieldId=0, fieldName=null, extras=null, hintText=null, hintLocales=[]}}, false)
02-19 19:55:41.487 20022 20022 I EmojiCompatManager: EmojiCompatManager.getEmojiCompatIfLoaded():343 EmojiCompat.init() was never called.
02-19 19:55:41.487 20022 20022 I EmojiCompatManager: java.lang.IllegalStateException: EmojiCompat is not initialized. Please call EmojiCompat.init() first
02-19 19:55:41.487 20022 20022 I EmojiCompatManager: 	at asx.p(PG:6)
02-19 19:55:41.487 20022 20022 I EmojiCompatManager: 	at axb.b(PG:13)
02-19 19:55:41.487 20022 20022 I EmojiCompatManager: 	at jnr.b(PG:2)
02-19 19:55:41.487 20022 20022 I EmojiCompatManager: 	at jnr.c(PG:4)
02-19 19:55:41.487 20022 20022 I EmojiCompatManager: 	at jnr.f(PG:3)
02-19 19:55:41.487 20022 20022 I EmojiCompatManager: 	at jnx.c(PG:3)
02-19 19:55:41.487 20022 20022 I EmojiCompatManager: 	at kif.cz(PG:47)
02-19 19:55:41.487 20022 20022 I EmojiCompatManager: 	at lhl.run(PG:1025)
02-19 19:55:41.487 20022 20022 I EmojiCompatManager: 	at jaf.execute(PG:12)
02-19 19:55:41.487 20022 20022 I EmojiCompatManager: 	at nco.v(PG:13)
02-19 19:55:41.487 20022 20022 I EmojiCompatManager: 	at lhn.m(PG:96)
02-19 19:55:41.487 20022 20022 I EmojiCompatManager: 	at lhn.k(PG:25)
02-19 19:55:41.487 20022 20022 I EmojiCompatManager: 	at kgn.onStartInput(PG:250)
02-19 19:55:41.487 20022 20022 I EmojiCompatManager: 	at android.inputmethodservice.InputMethodService.doStartInput(InputMethodService.java:3521)
02-19 19:55:41.487 20022 20022 I EmojiCompatManager: 	at android.inputmethodservice.InputMethodService$InputMethodImpl.startInput(InputMethodService.java:879)
02-19 19:55:41.487 20022 20022 I EmojiCompatManager: 	at android.inputmethodservice.InputMethodService$InputMethodImpl.dispatchStartInput(InputMethodService.java:908)
02-19 19:55:41.487 20022 20022 I EmojiCompatManager: 	at android.inputmethodservice.IInputMethodWrapper.executeMessage(IInputMethodWrapper.java:201)
02-19 19:55:41.487 20022 20022 I EmojiCompatManager: 	at com.android.internal.os.HandlerCaller$MyHandler.handleMessage(HandlerCaller.java:44)
02-19 19:55:41.487 20022 20022 I EmojiCompatManager: 	at android.os.Handler.dispatchMessage(Handler.java:110)
02-19 19:55:41.487 20022 20022 I EmojiCompatManager: 	at android.os.Looper.loopOnce(Looper.java:248)
02-19 19:55:41.487 20022 20022 I EmojiCompatManager: 	at android.os.Looper.loop(Looper.java:338)
02-19 19:55:41.487 20022 20022 I EmojiCompatManager: 	at android.app.ActivityThread.main(ActivityThread.java:9067)
02-19 19:55:41.487 20022 20022 I EmojiCompatManager: 	at java.lang.reflect.Method.invoke(Native Method)
02-19 19:55:41.487 20022 20022 I EmojiCompatManager: 	at com.android.internal.os.RuntimeInit$MethodAndArgsCaller.run(RuntimeInit.java:593)
02-19 19:55:41.487 20022 20022 I EmojiCompatManager: 	at com.android.internal.os.ZygoteInit.main(ZygoteInit.java:932)
02-19 19:55:41.491   531   531 I BpBinder: onLastStrongRef automatically unlinking death recipients: 
02-19 19:55:41.525 20022 20022 I Module  : DeviceLockedStatusModuleProvider$Module.updateDeviceLockedStatus():100 repeatCheckTimes = 1, locked = false
02-19 19:55:41.526 20022 20022 W NotificationCenter: NotificationCenter$NotificationQueue.notifyPendingNotificationsOnExecutor():877 Heavy notify work detected on UI thread: [kig->ilu, kig->ijm, kig->gkl, kig->ilu, kig->jnx, kig->khc, kig->ilu, kig->fro, kig->fef, kig->ilu, kig->ilu, kig->fcb, kig->ilu, kig->khg, kig->imt, kig->ilu, kig->ilu, kig->ilu, kig->ilu, kig->ilu, kig->lux, kig->ilu, kig->ilu] takes 40ms
02-19 19:55:41.527   752   780 W PackageConfigPersister: App-specific configuration not found for packageName: viva.republica.toss.test and userId: 0
02-19 19:55:41.528 19166 19166 D BaseDepthController: setSurface:
02-19 19:55:41.528 19166 19166 D BaseDepthController: 	mWaitingOnSurfaceValidity: false
02-19 19:55:41.528 19166 19166 D BaseDepthController: 	mBaseSurface: null
02-19 19:55:41.529 19166 19166 D BaseDepthController: mSurface is null and mCurrentBlur is: 0
02-19 19:55:41.530 19166 19166 D StateManager: goToState - fromState: Normal, toState: Normal, partial trace:
02-19 19:55:41.530 19166 19166 D StateManager: 	at com.android.launcher3.statemanager.StateManager.moveToRestState(go/retraceme 72a59688580715d19f0e415c69e80376c2f062d1648c80db6730905005a27c20:4)
02-19 19:55:41.530 19166 19166 D StateManager: 	at com.android.launcher3.statemanager.StateManager.moveToRestState(go/retraceme 72a59688580715d19f0e415c69e80376c2f062d1648c80db6730905005a27c20:1)
02-19 19:55:41.530 19166 19166 D StateManager: 	at com.android.launcher3.statemanager.StatefulActivity.onStop(go/retraceme 72a59688580715d19f0e415c69e80376c2f062d1648c80db6730905005a27c20:34)
02-19 19:55:41.530 19166 19166 D StatsLog: LAUNCHER_ONSTOP
02-19 19:55:41.533 19166 19166 D StatsLog: LAUNCHER_GOOGLE_SEARCH_RESTORE_LIST_SIZE_AFTER_ACTIVITY_RESTART
02-19 19:55:41.533 19166 19166 D NexusLauncherModelDelegate: notifySmartspaceEvent: SmartspaceTargetEvent{mSmartspaceTarget=null, mSmartspaceActionId='null', mEventType=7}
02-19 19:55:41.538 19166 19166 D NexusLauncherModelDelegate: notifySmartspaceEvent: SmartspaceTargetEvent{mSmartspaceTarget=null, mSmartspaceActionId='null', mEventType=7}
02-19 19:55:41.741   752  2419 I ImeTracker: system_server:edaa3b2b: onRequestHide at ORIGIN_SERVER reason IME_REQUESTED_CHANGED_LISTENER fromUser false
02-19 19:55:41.742   752   797 I ImeTracker: system_server:edaa3b2b: onCancelled at PHASE_SERVER_SHOULD_HIDE
02-19 19:55:41.745   752  1095 D BackgroundInstallControlService: Package event received: 0
02-19 19:55:41.747   752   934 W OptProp : Cannot read opt property android.window.PROPERTY_COMPAT_ENABLE_FAKE_FOCUS
02-19 19:55:41.762   752  1095 D BackgroundInstallControlService: Package event received: 0
02-19 19:55:41.763   752  1095 D BackgroundInstallControlService: Package event received: 0
02-19 19:55:41.765   531   590 I BpBinder: onLastStrongRef automatically unlinking death recipients: 
02-19 19:55:41.777   752  1940 D ConnectivityService: requestNetwork for uid/pid:10217/23036 activeRequest: null callbackRequest: 764 [NetworkRequest [ REQUEST id=765, [ Capabilities: INTERNET&NOT_RESTRICTED&TRUSTED&NOT_VCN_MANAGED&NOT_BANDWIDTH_CONSTRAINED Uid: 10217 RequestorUid: 10217 RequestorPkg: viva.republica.toss.test UnderlyingNetworks: Null] ]] callback flags: 0 order: 2147483647 isUidTracked: false declaredMethods: AVAIL|LOST
02-19 19:55:41.780   752  1095 D BackgroundInstallControlService: Package event received: 0
02-19 19:55:41.781   752  1023 D OemPaidWifiNetworkFactory: got request NetworkRequest [ REQUEST id=765, [ Capabilities: INTERNET&NOT_RESTRICTED&TRUSTED&NOT_VCN_MANAGED&NOT_BANDWIDTH_CONSTRAINED Uid: 10217 RequestorUid: 10217 RequestorPkg: viva.republica.toss.test UnderlyingNetworks: Null] ]
02-19 19:55:41.786   752  1023 D MultiInternetWifiNetworkFactory: got request NetworkRequest [ REQUEST id=765, [ Capabilities: INTERNET&NOT_RESTRICTED&TRUSTED&NOT_VCN_MANAGED&NOT_BANDWIDTH_CONSTRAINED Uid: 10217 RequestorUid: 10217 RequestorPkg: viva.republica.toss.test UnderlyingNetworks: Null] ]
02-19 19:55:41.786   752  1023 D WifiNetworkFactory: got request NetworkRequest [ REQUEST id=765, [ Capabilities: INTERNET&NOT_RESTRICTED&TRUSTED&NOT_VCN_MANAGED&NOT_BANDWIDTH_CONSTRAINED Uid: 10217 RequestorUid: 10217 RequestorPkg: viva.republica.toss.test UnderlyingNetworks: Null] ]
02-19 19:55:41.787   752  1023 D UntrustedWifiNetworkFactory: got request NetworkRequest [ REQUEST id=765, [ Capabilities: INTERNET&NOT_RESTRICTED&TRUSTED&NOT_VCN_MANAGED&NOT_BANDWIDTH_CONSTRAINED Uid: 10217 RequestorUid: 10217 RequestorPkg: viva.republica.toss.test UnderlyingNetworks: Null] ]
02-19 19:55:41.788   752  1029 D ConnectivityService: NetReassign [765 : null  108] [c 0] [a 1] [i 8]
02-19 19:55:41.929 23036 23167 D DynamitePackage: Instantiating com.google.android.gms.ads.ChimeraAdPreloaderCreatorImpl
02-19 19:55:41.950   752  2503 D CoreBackPreview: Window{74cbb2b u0 viva.republica.toss.test/im.toss.rn.granite.core.GraniteActivity}: Setting back callback OnBackInvokedCallbackInfo{mCallback=android.window.IOnBackInvokedCallback$Stub$Proxy@db71146, mPriority=0, mIsAnimationCallback=false, mOverrideBehavior=0}
02-19 19:55:41.951 23036 23036 W unknown:ReactRootView: Unable to update root layout specs for uninitialized ReactInstanceManager
02-19 19:55:42.033 23036 23176 W okhttp.OkHttpClient: A connection to http://localhost:8081/ was leaked. Did you forget to close a response body? To see where this was allocated, set the OkHttpClient logger level to FINE: Logger.getLogger(OkHttpClient.class.getName()).setLevel(Level.FINE);
02-19 19:55:42.094 23036 23167 W unknown:ReactContext: initializeMessageQueueThreads() is called.
02-19 19:55:42.100  4449  4532 V WindowManagerShell: onTransitionReady(transaction=3229815431202)
02-19 19:55:42.104  4449  4467 V WindowManagerShell: onTransitionReady (#836) android.os.BinderProxy@1ae926e: {id=836 t=OPEN f=0x0 trk=0 r=[0@Point(0, 0)] c=[
02-19 19:55:42.104  4449  4467 V WindowManagerShell:         {m=OPEN f=FILLS_TASK leash=Surface(name=ActivityRecord{93754688 u0 viva.republica.toss.test/im.toss.rn.granite.core.GraniteActivity)/@0xab077a5 sb=Rect(0, 0 - 0, 0) eb=Rect(0, 0 - 1080, 2400) epz=Point(1080, 2400) d=-1->0 r=-1->0:-1 bc=ffffffff component=viva.republica.toss.test/im.toss.rn.granite.core.GraniteActivity opt={t=FROM_STYLE mUserId=0}},
02-19 19:55:42.104  4449  4467 V WindowManagerShell:         {m=CLOSE f=TRANSLUCENT|FILLS_TASK|IS_BEHIND_STARTING_WINDOW leash=Surface(name=ActivityRecord{15648091 u0 viva.republica.toss.test/.MiniAppSchemeActivity)/@0x35677a sb=Rect(0, 0 - 1080, 2400) eb=Rect(0, 0 - 1080, 2400) epz=Point(1080, 2400) d=0 bc=ffffffff component=viva.republica.toss.test/.MiniAppSchemeActivity opt={t=FROM_STYLE mUserId=0}},
02-19 19:55:42.104  4449  4467 V WindowManagerShell:         {m=TO_BACK f=FILLS_TASK|IS_BEHIND_STARTING_WINDOW leash=Surface(name=ActivityRecord{197418965 u0 viva.republica.toss.test/im.toss.rn.granite.core.GraniteActivity)/@0xea06b2b sb=Rect(0, 0 - 1080, 2400) eb=Rect(0, 0 - 1080, 2400) epz=Point(1080, 2400) d=0 bc=ffffffff component=viva.republica.toss.test/im.toss.rn.granite.core.GraniteActivity opt={t=FROM_STYLE mUserId=0}}
02-19 19:55:42.104  4449  4467 V WindowManagerShell:     ]}
02-19 19:55:42.105  4449  4467 V WindowManagerShell: Playing animation for (#836) android.os.BinderProxy@1ae926e@0
02-19 19:55:42.108   752   794 I ActivityTaskManager: Displayed viva.republica.toss.test/im.toss.rn.granite.core.GraniteActivity for user 0: +649ms
02-19 19:55:42.111   752   794 V WindowManager: Sent Transition (#836) createdAt=02-19 19:55:41.425 via request=TransitionRequestInfo { type = OPEN, triggerTask = TaskInfo{userId=0 taskId=88 effectiveUid=10217 displayId=0 isRunning=true baseIntent=Intent { act=android.intent.action.VIEW dat=intoss://takealook/... flg=0x10000000 cmp=viva.republica.toss.test/im.toss.rn.granite.core.GraniteActivity } baseActivity=ComponentInfo{viva.republica.toss.test/im.toss.rn.granite.core.GraniteActivity} topActivity=ComponentInfo{viva.republica.toss.test/im.toss.rn.granite.core.GraniteActivity} origActivity=null realActivity=ComponentInfo{viva.republica.toss.test/im.toss.rn.granite.core.GraniteActivity} numActivities=3 lastActiveTime=110015280 supportsMultiWindow=true resizeMode=1 isResizeable=true minWidth=-1 minHeight=-1 defaultMinSize=220 token=WCT{RemoteToken{edddafd Task{b8de3ea #88 type=standard A=10217:viva.republica.toss.test}}} topActivityType=1 pictureInPictureParams=null shouldDockBigOverlays=false launchIntoPipHostTaskId=-1 lastParentTaskIdBeforePip=-1 displayCutoutSafeInsets=Rect(0, 0 - 0, 0) topActivityInfo=ActivityInfo{b16c51b im.toss.rn.granite.core.GraniteActivity} launchCookies=[] positionInParent=Point(0, 0) parentTaskId=-1 isFocused=true isVisible=true isVisibleRequested=true isTopActivityNoDisplay=false isSleeping=false locusId=null displayAreaFeatureId=1 isTopActivityTransparent=false isActivityStackTransparent=false lastNonFullscreenBounds=Rect(284, 660 - 796, 1740) capturedLink=null capturedLinkTimestamp=0 requestedVisibleTypes=-9 topActivityRequestOpenInBrowserEducationTimestamp=0 appCompatTaskInfo=AppCompatTaskInfo { topActivityInSizeCompat=false eligibleForLetterboxEducation= false isLetterboxEducationEnabled= true isLetterboxDoubleTapEnabled= false eligibleForUserAspectRatioButton= false topActivityBoundsLetterboxed= false isFromLetterboxDoubleTap= false topActivityLetterboxVerticalPosition= -1 topActivityLetterboxHorizontalPosition= -1 topActivityLetterboxWidth=-1 topActivityLetterboxHeight=-1 topActivityAppBounds=Rect(0, 0 - 1080, 2400) isUserFullscreenOverrideEnabled=false isSystemFullscreenOverrideEnabled=false hasMinAspectRatioOverride=false topActivityLetterboxBounds=null cameraCompatTaskInfo=CameraCompatTaskInfo { freeformCameraCompatMode=inactive}} topActivityMainWindowFrame=null}, pipChange = null, remoteTransition = null, displayChange = null, flags = 0, debugId = 836 }
02-19 19:55:42.113   752   794 V WindowManager:     startWCT=WindowContainerTransaction { changes= {} hops= [] errorCallbackToken=null taskFragmentOrganizer=null }
02-19 19:55:42.113   752   794 V WindowManager:     info={id=836 t=OPEN f=0x0 trk=0 r=[0@Point(0, 0)] c=[
02-19 19:55:42.113   752   794 V WindowManager:         {m=OPEN f=FILLS_TASK leash=Surface(name=ActivityRecord{93754688 u0 viva.republica.toss.test/im.toss.rn.granite.core.GraniteActivity)/@0xe9b6415 sb=Rect(0, 0 - 0, 0) eb=Rect(0, 0 - 1080, 2400) epz=Point(1080, 2400) d=-1->0 r=-1->0:-1 bc=ffffffff component=viva.republica.toss.test/im.toss.rn.granite.core.GraniteActivity opt={t=FROM_STYLE mUserId=0}},
02-19 19:55:42.113   752   794 V WindowManager:         {m=CLOSE f=TRANSLUCENT|FILLS_TASK|IS_BEHIND_STARTING_WINDOW leash=Surface(name=ActivityRecord{15648091 u0 viva.republica.toss.test/.MiniAppSchemeActivity)/@0xdd269cc sb=Rect(0, 0 - 1080, 2400) eb=Rect(0, 0 - 1080, 2400) epz=Point(1080, 2400) d=0 bc=ffffffff component=viva.republica.toss.test/.MiniAppSchemeActivity opt={t=FROM_STYLE mUserId=0}},
02-19 19:55:42.113   752   794 V WindowManager:         {m=TO_BACK f=FILLS_TASK|IS_BEHIND_STARTING_WINDOW leash=Surface(name=ActivityRecord{197418965 u0 viva.republica.toss.test/im.toss.rn.granite.core.GraniteActivity)/@0x405a7ff sb=Rect(0, 0 - 1080, 2400) eb=Rect(0, 0 - 1080, 2400) epz=Point(1080, 2400) d=0 bc=ffffffff component=viva.republica.toss.test/im.toss.rn.granite.core.GraniteActivity opt={t=FROM_STYLE mUserId=0}}
02-19 19:55:42.113   752   794 V WindowManager:     ]}
02-19 19:55:42.115  4449  4467 V ShellRecents: RecentsTransitionHandler.startAnimation: no controller found
02-19 19:55:42.116  4449  4467 V WindowManagerShell: Transition doesn't have explicit remote, search filters for match for {id=836 t=OPEN f=0x0 trk=0 r=[0@Point(0, 0)] c=[{m=OPEN f=FILLS_TASK leash=Surface(name=ActivityRecord{93754688 u0 viva.republica.toss.test/im.toss.rn.granite.core.GraniteActivity)/@0xab077a5 sb=Rect(0, 0 - 0, 0) eb=Rect(0, 0 - 1080, 2400) epz=Point(1080, 2400) d=-1->0 r=-1->0:-1 bc=ffffffff component=viva.republica.toss.test/im.toss.rn.granite.core.GraniteActivity opt={t=FROM_STYLE mUserId=0}},{m=CLOSE f=TRANSLUCENT|FILLS_TASK|IS_BEHIND_STARTING_WINDOW leash=Surface(name=ActivityRecord{15648091 u0 viva.republica.toss.test/.MiniAppSchemeActivity)/@0x35677a sb=Rect(0, 0 - 1080, 2400) eb=Rect(0, 0 - 1080, 2400) epz=Point(1080, 2400) d=0 bc=ffffffff component=viva.republica.toss.test/.MiniAppSchemeActivity opt={t=FROM_STYLE mUserId=0}},{m=TO_BACK f=FILLS_TASK|IS_BEHIND_STARTING_WINDOW leash=Surface(name=ActivityRecord{197418965 u0 viva.republica.toss.test/im.toss.rn.granite.core.GraniteActivity)/@0xea06b2b sb=Rect(0, 0 - 1080, 2400) eb=Rect(0, 0 - 1080, 2400) epz=Point(1080, 2400) d=0 bc=ffffffff component=viva.republica.toss.test/im.toss.rn.granite.core.GraniteActivity opt={t=FROM_STYLE mUserId=0}}]}
02-19 19:55:42.116  4449  4467 V WindowManagerShell:  Checking filter Pair{{types=[] flags=0x0] notFlags=0x0 checks=[{atype=undefined independent=true modes=[CLOSE,TO_BACK] flags=IN_TASK_WITH_EMBEDDED_ACTIVITY mustBeTask=false order=ANY topActivity=null launchCookie=null taskFragmentToken=android.os.BinderProxy@71546f0 windowingMode=undefined}]} RemoteTransition { remoteTransition = android.window.IRemoteTransition$Stub$Proxy@d4c8469, appThread = android.app.IApplicationThread$Stub$Proxy@c228eee, debugName = overlayBackTransition }}
02-19 19:55:42.116  4449  4467 V WindowManagerShell:  Checking filter Pair{{types=[] flags=0x0] notFlags=0x0 checks=[{atype=dream independent=true modes=[OPEN,TO_FRONT] flags=NONE mustBeTask=false order=ANY topActivity=null launchCookie=null windowingMode=undefined},{atype=home independent=true modes=[CLOSE,TO_BACK] flags=NONE mustBeTask=false order=ANY topActivity=null launchCookie=null windowingMode=undefined}]} RemoteTransition { remoteTransition = android.window.IRemoteTransition$Stub$Proxy@c578f8f, appThread = android.app.IApplicationThread$Stub$Proxy@69fe21c, debugName = LauncherToDream }}
02-19 19:55:42.117 23036 23213 W unknown:InspectorPackagerConnection: Couldn't connect to packager, will silently retry
02-19 19:55:42.127  4449  4467 V WindowManagerShell:  Checking filter Pair{{types=[] flags=0x0] notFlags=0x100 checks=[{atype=home independent=true modes=[OPEN,TO_FRONT] flags=NONE mustBeTask=false order=TOP topActivity=ComponentInfo{com.google.android.apps.nexuslauncher/com.google.android.apps.nexuslauncher.NexusLauncherActivity} launchCookie=null windowingMode=undefined},{atype=standard independent=true modes=[CLOSE,TO_BACK] flags=NONE mustBeTask=false order=ANY topActivity=null launchCookie=null windowingMode=undefined},{NOT atype=undefined independent=true modes=[] flags=NONE mustBeTask=true order=ANY topActivity=null launchCookie=null customAnim=true windowingMode=undefined}]} RemoteTransition { remoteTransition = android.window.IRemoteTransition$Stub$Proxy@69ffe25, appThread = android.app.IApplicationThread$Stub$Proxy@72cabfa, debugName = QuickstepLaunchHome }}
02-19 19:55:42.127  4449  4467 V WindowManagerShell:  Checking filter Pair{{types=[] flags=0x0] notFlags=0x0 checks=[{atype=undefined independent=true modes=[CLOSE,TO_BACK] flags=IN_TASK_WITH_EMBEDDED_ACTIVITY mustBeTask=false order=ANY topActivity=null launchCookie=null taskFragmentToken=android.os.BinderProxy@71546f0 windowingMode=undefined}]} RemoteTransition { remoteTransition = android.window.IRemoteTransition$Stub$Proxy@7c795ab, appThread = android.app.IApplicationThread$Stub$Proxy@cd70408, debugName = overlayBackTransition }}
02-19 19:55:42.127  4449  4467 V WindowManagerShell:  Checking filter Pair{{types=[] flags=0x0] notFlags=0x0 checks=[{atype=dream independent=true modes=[OPEN,TO_FRONT] flags=NONE mustBeTask=false order=ANY topActivity=null launchCookie=null windowingMode=undefined},{atype=home independent=true modes=[CLOSE,TO_BACK] flags=NONE mustBeTask=false order=ANY topActivity=null launchCookie=null windowingMode=undefined}]} RemoteTransition { remoteTransition = android.window.IRemoteTransition$Stub$Proxy@f757a1, appThread = android.app.IApplicationThread$Stub$Proxy@d898dc6, debugName = LauncherToDream }}
02-19 19:55:42.128  4449  4467 V WindowManagerShell:  Checking filter Pair{{types=[] flags=0x0] notFlags=0x100 checks=[{atype=home independent=true modes=[OPEN,TO_FRONT] flags=NONE mustBeTask=false order=TOP topActivity=ComponentInfo{com.google.android.apps.nexuslauncher/com.google.android.apps.nexuslauncher.NexusLauncherActivity} launchCookie=null windowingMode=undefined},{atype=standard independent=true modes=[CLOSE,TO_BACK] flags=NONE mustBeTask=false order=ANY topActivity=null launchCookie=null windowingMode=undefined},{NOT atype=undefined independent=true modes=[] flags=NONE mustBeTask=true order=ANY topActivity=null launchCookie=null customAnim=true windowingMode=undefined}]} RemoteTransition { remoteTransition = android.window.IRemoteTransition$Stub$Proxy@9e7e187, appThread = android.app.IApplicationThread$Stub$Proxy@3dc58b4, debugName = QuickstepLaunchHome }}
02-19 19:55:42.128  4449  4467 V WindowManagerShell:  Delegate animation for (#836) to null
02-19 19:55:42.128  4449  4467 V WindowManagerShell: start default transition animation, info = {id=836 t=OPEN f=0x0 trk=0 r=[0@Point(0, 0)] c=[{m=OPEN f=FILLS_TASK leash=Surface(name=ActivityRecord{93754688 u0 viva.republica.toss.test/im.toss.rn.granite.core.GraniteActivity)/@0xab077a5 sb=Rect(0, 0 - 0, 0) eb=Rect(0, 0 - 1080, 2400) epz=Point(1080, 2400) d=-1->0 r=-1->0:-1 bc=ffffffff component=viva.republica.toss.test/im.toss.rn.granite.core.GraniteActivity opt={t=FROM_STYLE mUserId=0}},{m=CLOSE f=TRANSLUCENT|FILLS_TASK|IS_BEHIND_STARTING_WINDOW leash=Surface(name=ActivityRecord{15648091 u0 viva.republica.toss.test/.MiniAppSchemeActivity)/@0x35677a sb=Rect(0, 0 - 1080, 2400) eb=Rect(0, 0 - 1080, 2400) epz=Point(1080, 2400) d=0 bc=ffffffff component=viva.republica.toss.test/.MiniAppSchemeActivity opt={t=FROM_STYLE mUserId=0}},{m=TO_BACK f=FILLS_TASK|IS_BEHIND_STARTING_WINDOW leash=Surface(name=ActivityRecord{197418965 u0 viva.republica.toss.test/im.toss.rn.granite.core.GraniteActivity)/@0xea06b2b sb=Rect(0, 0 - 1080, 2400) eb=Rect(0, 0 - 1080, 2400) epz=Point(1080, 2400) d=0 bc=ffffffff component=viva.republica.toss.test/im.toss.rn.granite.core.GraniteActivity opt={t=FROM_STYLE mUserId=0}}]}
02-19 19:55:42.129  4449  4467 V WindowManagerShell: loadAnimation: anim=android.view.animation.AnimationSet@7133834 animAttr=0x5 type=OPEN isEntrance=false
02-19 19:55:42.130  4449  4467 V WindowManagerShell: loadAnimation: anim=android.view.animation.AnimationSet@a86f65d animAttr=0x5 type=OPEN isEntrance=false
02-19 19:55:42.186  4449  4467 V WindowManagerShell: loadAnimation: anim=android.view.animation.AnimationSet@c5a3a0 animAttr=0x4 type=OPEN isEntrance=true
02-19 19:55:42.199  4449  4467 V WindowManagerShell:  animated by com.android.wm.shell.transition.DefaultTransitionHandler@f74d823
02-19 19:55:42.221 23036 23217 W unknown:ReconnectingWebSocket: Couldn't connect to "ws://10.0.2.2:8081/message?device=sdk_gphone64_x86_64%20-%2016%20-%20API%2036&app=viva.republica.toss.test&clientid=BridgeDevSupportManager", will silently retry
02-19 19:55:42.222 23036 23204 W blica.toss.test: Verification of void m84.bet.s(m84.bfu, java.util.Set) took 106.336ms (2614.35 bytecodes/s) (0B arena alloc)
02-19 19:55:42.441   752  1940 D CompatChangeReporter: Compat change id reported: 297989574; UID 10217; state: ENABLED
02-19 19:55:42.444   752  1095 D BackgroundInstallControlService: Package event received: 0
02-19 19:55:42.449  3453  3453 D BoundBrokerSvc: onBind: Intent { act=com.google.android.gms.appset.service.START dat=chimera-action:/... xflg=0x4 cmp=com.google.android.gms/.chimera.GmsApiService }
02-19 19:55:42.449  3453  3453 D BoundBrokerSvc: Loading bound service for intent: Intent { act=com.google.android.gms.appset.service.START dat=chimera-action:/... xflg=0x4 cmp=com.google.android.gms/.chimera.GmsApiService }
02-19 19:55:42.489   752   934 D ActivityManager: sync unfroze 19829 com.android.vending for 6
02-19 19:55:42.592   752  2419 D ConnectivityService: requestNetwork for uid/pid:10217/23036 activeRequest: null callbackRequest: 766 [NetworkRequest [ REQUEST id=767, [ Capabilities: INTERNET&NOT_RESTRICTED&TRUSTED&NOT_VCN_MANAGED&NOT_BANDWIDTH_CONSTRAINED Uid: 10217 RequestorUid: 10217 RequestorPkg: viva.republica.toss.test UnderlyingNetworks: Null] ]] callback flags: 0 order: 2147483647 isUidTracked: false declaredMethods: AVAIL|LOST|NC|LP
02-19 19:55:42.687   752   795 W Looper  : Slow dispatch took 161ms android.ui app=system_server main=false group=TOP_APP h=com.android.server.am.ActivityManagerService$UiHandler c=com.android.server.am.UidObserverController$$ExternalSyntheticLambda0@6a2cd6d m=0
02-19 19:55:42.689   752  2419 D CompatChangeReporter: Compat change id reported: 319212206; UID 10217; state: ENABLED
02-19 19:55:42.691 23036 23208 W unknown:ViewManagerPropertyUpdater: Could not find generated setter for class com.facebook.react.views.traceupdateoverlay.TraceUpdateOverlayManager
02-19 19:55:42.691   752  1095 D BackgroundInstallControlService: Package event received: 0
02-19 19:55:42.692   752  1095 D BackgroundInstallControlService: Package event received: 0
02-19 19:55:42.714 23036 23208 W unknown:ViewManagerPropertyUpdater: Could not find generated setter for class com.facebook.react.uimanager.LayoutShadowNode
02-19 19:55:42.722   752  1029 D ConnectivityService: NetReassign [767 : null  108] [c 27] [a 81] [i 17]
02-19 19:55:42.729   752  1029 D ConnectivityService: NetReassign [no changes] [c 1] [a 1] [i 2]
02-19 19:55:42.731   752  1023 D OemPaidWifiNetworkFactory: got request NetworkRequest [ REQUEST id=767, [ Capabilities: INTERNET&NOT_RESTRICTED&TRUSTED&NOT_VCN_MANAGED&NOT_BANDWIDTH_CONSTRAINED Uid: 10217 RequestorUid: 10217 RequestorPkg: viva.republica.toss.test UnderlyingNetworks: Null] ]
02-19 19:55:42.733   752  1023 D MultiInternetWifiNetworkFactory: got request NetworkRequest [ REQUEST id=767, [ Capabilities: INTERNET&NOT_RESTRICTED&TRUSTED&NOT_VCN_MANAGED&NOT_BANDWIDTH_CONSTRAINED Uid: 10217 RequestorUid: 10217 RequestorPkg: viva.republica.toss.test UnderlyingNetworks: Null] ]
02-19 19:55:42.733   752  1023 D WifiNetworkFactory: got request NetworkRequest [ REQUEST id=767, [ Capabilities: INTERNET&NOT_RESTRICTED&TRUSTED&NOT_VCN_MANAGED&NOT_BANDWIDTH_CONSTRAINED Uid: 10217 RequestorUid: 10217 RequestorPkg: viva.republica.toss.test UnderlyingNetworks: Null] ]
02-19 19:55:42.734   752  1023 D UntrustedWifiNetworkFactory: got request NetworkRequest [ REQUEST id=767, [ Capabilities: INTERNET&NOT_RESTRICTED&TRUSTED&NOT_VCN_MANAGED&NOT_BANDWIDTH_CONSTRAINED Uid: 10217 RequestorUid: 10217 RequestorPkg: viva.republica.toss.test UnderlyingNetworks: Null] ]
02-19 19:55:42.757  4449  4467 V WindowManagerShell: Transition animation finished (aborted=false), notifying core (#836) android.os.BinderProxy@1ae926e@0
02-19 19:55:42.759 23036 23208 W unknown:ViewManagerPropertyUpdater: Could not find generated setter for class com.facebook.react.views.drawer.ReactDrawerLayoutManager
02-19 19:55:42.763 23036 23208 W unknown:ViewManagerPropertyUpdater: Could not find generated setter for class com.facebook.react.views.scroll.ReactHorizontalScrollViewManager
02-19 19:55:42.771 23036 23208 W unknown:ViewManagerPropertyUpdater: Could not find generated setter for class com.facebook.react.views.scroll.ReactHorizontalScrollContainerViewManager
02-19 19:55:42.772 23036 23207 D nativeloader: Load /data/data/viva.republica.toss.test/libtcj.so using class loader ns clns-9 (caller=<unknown>): ok
02-19 19:55:42.775 23036 23208 W unknown:ViewManagerPropertyUpdater: Could not find generated setter for class com.facebook.react.views.progressbar.ReactProgressBarViewManager
02-19 19:55:42.748 23036 23036 W mqt_js  : type=1400 audit(0.0:472): avc:  granted  { execute } for  path="/data/data/viva.republica.toss.test/libtcj.so" dev="dm-55" ino=363759 scontext=u:r:untrusted_app:s0:c217,c256,c512,c768 tcontext=u:object_r:app_data_file:s0:c217,c256,c512,c768 tclass=file app=viva.republica.toss.test
02-19 19:55:42.778 23036 23208 W unknown:ViewManagerPropertyUpdater: Could not find generated setter for class com.facebook.react.views.progressbar.ProgressBarShadowNode
02-19 19:55:42.804 19829 19829 I Finsky  : [2] Memory trim requested to level 40
02-19 19:55:42.809   752   794 V WindowManager: Finish Transition (#836): created at 02-19 19:55:41.425 collect-started=0.141ms request-sent=17.641ms started=58.388ms ready=325.196ms sent=671.915ms commit=159.058ms finished=1375.78ms
02-19 19:55:42.813  4449  4467 V WindowManagerShell: Track 0 became idle
02-19 19:55:42.813  4449  4467 V WindowManagerShell: All active transition animations finished
02-19 19:55:42.814 23036 23208 W unknown:ViewManagerPropertyUpdater: Could not find generated setter for class com.facebook.react.views.scroll.ReactScrollViewManager
02-19 19:55:42.814 19829 19829 I Finsky  : [2] Flushing in-memory image cache
02-19 19:55:42.817 23036 23208 W unknown:ViewManagerPropertyUpdater: Could not find generated setter for class com.facebook.react.views.switchview.ReactSwitchManager
02-19 19:55:42.820 23036 23208 W unknown:ViewManagerPropertyUpdater: Could not find generated setter for class com.facebook.react.views.switchview.ReactSwitchManager$ReactSwitchShadowNode
02-19 19:55:42.823 23036 23208 W unknown:ViewManagerPropertyUpdater: Could not find generated setter for class com.facebook.react.views.swiperefresh.SwipeRefreshLayoutManager
02-19 19:55:42.903   537   537 W adbd    : timeout expired while flushing socket, closing
02-19 19:55:42.923 23036 23208 W unknown:ViewManagerPropertyUpdater: Could not find generated setter for class com.facebook.react.views.text.frescosupport.FrescoBasedReactTextInlineImageViewManager
02-19 19:55:42.934 23036 23208 W unknown:ViewManagerPropertyUpdater: Could not find generated setter for class com.facebook.react.views.text.frescosupport.FrescoBasedReactTextInlineImageShadowNode
02-19 19:55:43.001 19829 19966 I Finsky  : [70] Current account updated in PVS
02-19 19:55:43.006 23036 23208 W unknown:ViewManagerPropertyUpdater: Could not find generated setter for class com.facebook.react.views.image.ReactImageManager
02-19 19:55:43.026 23036 23208 W unknown:ViewManagerPropertyUpdater: Could not find generated setter for class com.facebook.react.views.modal.ReactModalHostManager
02-19 19:55:43.033 23036 23208 W unknown:ViewManagerPropertyUpdater: Could not find generated setter for class com.facebook.react.views.modal.ModalHostShadowNode
02-19 19:55:43.039 23036 23208 W unknown:ViewManagerPropertyUpdater: Could not find generated setter for class com.facebook.react.views.text.ReactRawTextManager
02-19 19:55:43.040 23036 23208 W unknown:ViewManagerPropertyUpdater: Could not find generated setter for class com.facebook.react.views.text.ReactRawTextShadowNode
02-19 19:55:43.042 23036 23208 W unknown:ViewManagerPropertyUpdater: Could not find generated setter for class com.facebook.react.views.textinput.ReactTextInputManager
02-19 19:55:43.047 23036 23208 W unknown:ViewManagerPropertyUpdater: Could not find generated setter for class com.facebook.react.views.textinput.ReactTextInputShadowNode
02-19 19:55:43.056 23036 23208 W unknown:ViewManagerPropertyUpdater: Could not find generated setter for class com.facebook.react.views.text.ReactTextViewManager
02-19 19:55:43.064 23036 23208 W unknown:ViewManagerPropertyUpdater: Could not find generated setter for class com.facebook.react.views.text.ReactTextShadowNode
02-19 19:55:43.065 23036 23036 D VRI[MiniAppSchemeActivity]: visibilityChanged oldVisibility=true newVisibility=false
02-19 19:55:43.066 23036 23208 W unknown:ViewManagerPropertyUpdater: Could not find generated setter for class com.facebook.react.views.view.ReactViewManager
02-19 19:55:43.067 23036 23036 D VRI[GraniteActivity]: visibilityChanged oldVisibility=true newVisibility=false
02-19 19:55:43.070 23036 23208 W unknown:ViewManagerPropertyUpdater: Could not find generated setter for class com.facebook.react.views.text.ReactVirtualTextViewManager
02-19 19:55:43.071 23036 23208 W unknown:ViewManagerPropertyUpdater: Could not find generated setter for class com.facebook.react.views.text.ReactVirtualTextShadowNode
02-19 19:55:43.071 23036 23208 W unknown:ViewManagerPropertyUpdater: Could not find generated setter for class com.facebook.react.views.unimplementedview.ReactUnimplementedViewManager
02-19 19:55:43.073 23036 23208 W unknown:ViewManagerPropertyUpdater: Could not find generated setter for class com.shopify.reactnative.flash_list.AutoLayoutViewManager
02-19 19:55:43.075 23036 23208 W unknown:ViewManagerPropertyUpdater: Could not find generated setter for class com.shopify.reactnative.flash_list.CellContainerManager
02-19 19:55:43.076 23036 23036 W WindowOnBackDispatcher: sendCancelIfRunning: isInProgress=false callback=android.view.ViewRootImpl$$ExternalSyntheticLambda13@1f5213
02-19 19:55:43.077 23036 23208 W unknown:ViewManagerPropertyUpdater: Could not find generated setter for class com.airbnb.android.react.lottie.LottieAnimationViewManager
02-19 19:55:43.077   752  2419 D CoreBackPreview: Window{46a050e u0 viva.republica.toss.test/viva.republica.toss.test.MiniAppSchemeActivity}: Setting back callback null
02-19 19:55:43.081 23036 23036 D ViewRootImpl: Skipping stats log for color mode
02-19 19:55:43.081 23036 23208 W unknown:ViewManagerPropertyUpdater: Could not find generated setter for class com.swmansion.gesturehandler.react.RNGestureHandlerRootViewManager
02-19 19:55:43.084   752  2419 I ImeTracker: system_server:e118ab14: onRequestHide at ORIGIN_SERVER reason IME_REQUESTED_CHANGED_LISTENER fromUser false
02-19 19:55:43.090   752   797 I ImeTracker: system_server:e118ab14: onCancelled at PHASE_SERVER_SHOULD_HIDE
02-19 19:55:43.121 23036 23208 W unknown:ViewManagerPropertyUpdater: Could not find generated setter for class com.swmansion.gesturehandler.react.RNGestureHandlerButtonViewManager
02-19 19:55:43.123 23036 23208 W unknown:ViewManagerPropertyUpdater: Could not find generated setter for class io.invertase.googlemobileads.ReactNativeGoogleMobileAdsBannerAdViewManager
02-19 19:55:43.125 23036 23208 W unknown:ViewManagerPropertyUpdater: Could not find generated setter for class com.reactnativepagerview.PagerViewViewManager
02-19 19:55:43.128 23036 23208 W unknown:ViewManagerPropertyUpdater: Could not find generated setter for class com.th3rdwave.safeareacontext.SafeAreaProviderManager
02-19 19:55:43.130 23036 23208 W unknown:ViewManagerPropertyUpdater: Could not find generated setter for class com.th3rdwave.safeareacontext.SafeAreaViewManager
02-19 19:55:43.131 23036 23208 W unknown:ViewManagerPropertyUpdater: Could not find generated setter for class o.eglCreatePlatformPixmapSurface
02-19 19:55:43.136 23036 23208 W unknown:ViewManagerPropertyUpdater: Could not find generated setter for class com.swmansion.rnscreens.ScreenContainerViewManager
02-19 19:55:43.137 23036 23208 W unknown:ViewManagerPropertyUpdater: Could not find generated setter for class com.swmansion.rnscreens.ScreenViewManager
02-19 19:55:43.140 23036 23208 W unknown:ViewManagerPropertyUpdater: Could not find generated setter for class com.swmansion.rnscreens.ScreenStackViewManager
02-19 19:55:43.143 23036 23208 W unknown:ViewManagerPropertyUpdater: Could not find generated setter for class com.swmansion.rnscreens.ScreenStackHeaderConfigViewManager
02-19 19:55:43.143   752  1095 D BackgroundInstallControlService: Package event received: 0
02-19 19:55:43.146 23036 23208 W unknown:ViewManagerPropertyUpdater: Could not find generated setter for class com.swmansion.rnscreens.ScreenStackHeaderSubviewManager
02-19 19:55:43.149 23036 23208 W unknown:ViewManagerPropertyUpdater: Could not find generated setter for class com.swmansion.rnscreens.SearchBarManager
02-19 19:55:43.151 23036 23208 W unknown:ViewManagerPropertyUpdater: Could not find generated setter for class com.horcrux.svg.RenderableViewManager$DefsViewManager
02-19 19:55:43.155 23036 23208 W unknown:ViewManagerPropertyUpdater: Could not find generated setter for class com.horcrux.svg.VirtualViewManager$RemoteActionCompatParcelizer
02-19 19:55:43.156 23036 23208 W unknown:ViewManagerPropertyUpdater: Could not find generated setter for class com.horcrux.svg.RenderableViewManager$MarkerManager
02-19 19:55:43.163 23036 23208 W unknown:ViewManagerPropertyUpdater: Could not find generated setter for class com.horcrux.svg.RenderableViewManager$ForeignObjectManager
02-19 19:55:43.165 23036 23077 W cr_media: BLUETOOTH_CONNECT permission is missing.
02-19 19:55:43.168 23036 23208 W unknown:ViewManagerPropertyUpdater: Could not find generated setter for class com.horcrux.svg.RenderableViewManager$EllipseViewManager
02-19 19:55:43.171 23036 23077 W cr_media: getBluetoothAdapter() requires BLUETOOTH permission
02-19 19:55:43.172 23036 23077 W cr_media: registerBluetoothIntentsIfNeeded: Requires BLUETOOTH permission
02-19 19:55:43.184 23036 23208 W unknown:ViewManagerPropertyUpdater: Could not find generated setter for class com.horcrux.svg.RenderableViewManager$LineViewManager
02-19 19:55:43.193 23036 23208 W unknown:ViewManagerPropertyUpdater: Could not find generated setter for class com.horcrux.svg.RenderableViewManager$LinearGradientManager
02-19 19:55:43.218 23036 23208 W unknown:ViewManagerPropertyUpdater: Could not find generated setter for class com.horcrux.svg.RenderableViewManager$GroupViewManager
02-19 19:55:43.224 23036 23208 W unknown:ViewManagerPropertyUpdater: Could not find generated setter for class com.horcrux.svg.RenderableViewManager$TextViewManager
02-19 19:55:43.240 23036 23208 W unknown:ViewManagerPropertyUpdater: Could not find generated setter for class com.horcrux.svg.RenderableViewManager$ImageViewManager
02-19 19:55:43.247 23036 23208 W unknown:ViewManagerPropertyUpdater: Could not find generated setter for class com.horcrux.svg.RenderableViewManager$ClipPathViewManager
02-19 19:55:43.249 19829 19965 I Finsky  : [69] Current account updated in PVS
02-19 19:55:43.255 23036 23208 W unknown:ViewManagerPropertyUpdater: Could not find generated setter for class com.horcrux.svg.RenderableViewManager$RadialGradientManager
02-19 19:55:43.257 23036 23208 W unknown:ViewManagerPropertyUpdater: Could not find generated setter for class com.horcrux.svg.RenderableViewManager$MaskManager
02-19 19:55:43.261 23036 23208 W unknown:ViewManagerPropertyUpdater: Could not find generated setter for class com.horcrux.svg.RenderableViewManager$SymbolManager
02-19 19:55:43.264 23036 23222 W libc    : Access denied finding property "vendor.mesa.log"
02-19 19:55:43.264 23036 23208 W unknown:ViewManagerPropertyUpdater: Could not find generated setter for class com.horcrux.svg.RenderableViewManager$PatternManager
02-19 19:55:43.264 23036 23222 W libc    : Access denied finding property "vendor.mesa.log.file"
02-19 19:55:43.264 23036 23222 E MESA    : Failed to open rendernode: No such file or directory
02-19 19:55:43.267 23036 23208 W unknown:ViewManagerPropertyUpdater: Could not find generated setter for class com.horcrux.svg.RenderableViewManager$RectViewManager
02-19 19:55:43.269 23036 23208 W unknown:ViewManagerPropertyUpdater: Could not find generated setter for class com.horcrux.svg.RenderableViewManager$TextPathViewManager
02-19 19:55:43.271 23036 23208 W unknown:ViewManagerPropertyUpdater: Could not find generated setter for class com.horcrux.svg.SvgViewManager
02-19 19:55:43.274 23036 23208 W unknown:ViewManagerPropertyUpdater: Could not find generated setter for class com.horcrux.svg.RenderableViewManager$PathViewManager
02-19 19:55:43.276 23036 23208 W unknown:ViewManagerPropertyUpdater: Could not find generated setter for class com.horcrux.svg.RenderableViewManager$UseViewManager
02-19 19:55:43.279 23036 23208 W unknown:ViewManagerPropertyUpdater: Could not find generated setter for class com.horcrux.svg.RenderableViewManager$CircleViewManager
02-19 19:55:43.281 23036 23208 W unknown:ViewManagerPropertyUpdater: Could not find generated setter for class com.horcrux.svg.RenderableViewManager$TSpanViewManager
02-19 19:55:43.285 23036 23208 W unknown:ViewManagerPropertyUpdater: Could not find generated setter for class com.brentvatne.exoplayer.ReactExoplayerViewManager
02-19 19:55:43.290 23036 23208 W unknown:ViewManagerPropertyUpdater: Could not find generated setter for class com.reactnativecommunity.webview.RNCWebViewManager
02-19 19:55:43.293 23036 23208 W unknown:ViewManagerPropertyUpdater: Could not find generated setter for class im.toss.rn.granite.core.module.image.FastImageViewManager
02-19 19:55:43.301 23036 23208 W unknown:ReactContext: initializeMessageQueueThreads() is called.
02-19 19:55:43.302 23067 23091 I cr_LibraryLoader: Successfully loaded native library
02-19 19:55:43.316 19829 19970 I Finsky  : [71] Current account updated in PVS
02-19 19:55:43.317 19829 19970 I Finsky  : [71] Current account updated in PVS
02-19 19:55:43.320 23067 23091 I cr_CachingUmaRecorder: Flushed 2 samples from 2 histograms, 0 samples were dropped.
02-19 19:55:43.371 23067 23091 W SystemServiceRegistry: No service published for: uimode
02-19 19:55:43.372 23036 23222 D vulkan  : searching for layers in '/data/app/~~NUQj-rdXzuicW-16SIRtKA==/viva.republica.toss.test-Si406wFvb_sqEA2GTBV6RQ==/lib/x86_64'
02-19 19:55:43.373 23036 23222 D vulkan  : searching for layers in '/data/app/~~NUQj-rdXzuicW-16SIRtKA==/viva.republica.toss.test-Si406wFvb_sqEA2GTBV6RQ==/base.apk!/lib/x86_64'
02-19 19:55:43.392 23067 23091 W chromium: [WARNING:runtime_features.cc(560)] Fenced frames cannot be enabled in this configuration. Use --enable-features=FencedFrames instead.
02-19 19:55:43.392 23067 23091 W chromium: [WARNING:runtime_features.cc(585)] Topics cannot be enabled in this configuration. Use --enable-features=BrowsingTopics in addition.
02-19 19:55:43.392 23067 23091 W chromium: [WARNING:runtime_features.cc(606)] SharedStorage cannot be enabled in this configuration. Use --enable-features=SharedStorageAPI in addition.
02-19 19:55:43.402   752   989 I ImeTracker: viva.republica.toss.test:ef11571: onRequestHide at ORIGIN_SERVER reason HIDE_UNSPECIFIED_WINDOW fromUser false
02-19 19:55:43.408 20022 20022 I GoogleInputMethodService: GoogleInputMethodService.onFinishInput():2043 
02-19 19:55:43.409   752  1940 I ImeTracker: system_server:2385a3df: onRequestHide at ORIGIN_SERVER reason IME_REQUESTED_CHANGED_LISTENER fromUser false
02-19 19:55:43.413 20022 20022 I Module  : DeviceLockedStatusModuleProvider$Module.updateDeviceLockedStatus():100 repeatCheckTimes = 0, locked = false
02-19 19:55:43.417 20022 20022 I GoogleInputMethodService: GoogleInputMethodService.onStartInput():1293 onStartInput(EditorInfo{EditorInfo{packageName=viva.republica.toss.test, inputType=0, inputTypeString=NULL, enableLearning=false, autoCorrection=false, autoComplete=false, imeOptions=0, privateImeOptions=null, actionName=UNSPECIFIED, actionLabel=null, initialSelStart=-1, initialSelEnd=-1, initialCapsMode=0, label=null, fieldId=0, fieldName=null, extras=null, hintText=null, hintLocales=[]}}, false)
02-19 19:55:43.418 20022 20022 I EmojiCompatManager: EmojiCompatManager.getEmojiCompatIfLoaded():343 EmojiCompat.init() was never called.
02-19 19:55:43.418 20022 20022 I EmojiCompatManager: java.lang.IllegalStateException: EmojiCompat is not initialized. Please call EmojiCompat.init() first
02-19 19:55:43.418 20022 20022 I EmojiCompatManager: 	at asx.p(PG:6)
02-19 19:55:43.418 20022 20022 I EmojiCompatManager: 	at axb.b(PG:13)
02-19 19:55:43.418 20022 20022 I EmojiCompatManager: 	at jnr.b(PG:2)
02-19 19:55:43.418 20022 20022 I EmojiCompatManager: 	at jnr.c(PG:4)
02-19 19:55:43.418 20022 20022 I EmojiCompatManager: 	at jnr.f(PG:3)
