02-19 13:23:40.420  2088  2088 D nativeloader: Load libframework-connectivity-tiramisu-jni.so using APEX ns com_android_tethering for caller /apex/com.android.tethering/javalib/framework-connectivity-t.jar: ok
02-19 13:23:40.532   488  1424 I RanchuHwc: logCompositionFallbackIfChanged: layer 722 CompositionType fallback from 2 to 1
02-19 13:23:40.532   488  1424 I RanchuHwc: logCompositionFallbackIfChanged: layer 723 CompositionType fallback from 2 to 1
02-19 13:23:40.555   617   617 D StateManager: goToState - fromState: Background, toState: Overview, partial trace:
02-19 13:23:40.555   617   617 D StateManager: 	at com.android.quickstep.BaseActivityInterface$DefaultAnimationFactory.lambda$createContainerInterface$0(go/retraceme 72a59688580715d19f0e415c69e80376c2f062d1648c80db6730905005a27c20:28)
02-19 13:23:40.555   617   617 D StateManager: 	at com.android.quickstep.BaseActivityInterface$DefaultAnimationFactory.a(go/retraceme 72a59688580715d19f0e415c69e80376c2f062d1648c80db6730905005a27c20:1)
02-19 13:23:40.555   617   617 D StateManager: 	at com.android.quickstep.y.run(go/retraceme 72a59688580715d19f0e415c69e80376c2f062d1648c80db6730905005a27c20:5)
02-19 13:23:40.555   617   617 D StatsLog: LAUNCHER_ONRESUME
02-19 13:23:40.556   617   617 D StateManager: onStateTransitionStart - state: Overview
02-19 13:23:40.557   617   617 D KeyboardInsetsHandler: setState, toState:Overview StateManager(mLastStableState:Normal, mCurrentStableState:Background, mState:Overview, mRestState:Normal, isInTransition:false)
02-19 13:23:40.557   617   617 D StateManager: onStateTransitionEnd - state: Overview
02-19 13:23:40.559  4449  4467 D WindowManagerShell: setLauncherKeepClearAreaHeight: visible=true, height=527
02-19 13:23:40.560   617   617 I AiAiSuggestUi: Clearing suggestions.
02-19 13:23:40.560   617   617 I AiAiSuggestUi: Requesting to show indicators
02-19 13:23:40.560   752  1095 D BackgroundInstallControlService: Package event received: 0
02-19 13:23:40.560   617   617 I AiAiSuggestUi: Fetching contents, isPrimaryTask = true
02-19 13:23:40.562   617   617 D StatsLog: LAUNCHER_OVERVIEW_GESTURE
02-19 13:23:40.562   617   617 D OverviewCommandHelper: switching via recents animation - onTransitionComplete: CommandInfo(type=TOGGLE, status=PROCESSING, createTime=86493618, animationCallbacks=com.android.quickstep.RecentsAnimationCallbacks@ba516c1, displayId=0, isLastOfBatch=true)
02-19 13:23:40.563   617   617 D OverviewCommandHelper: command executed: CommandInfo(type=TOGGLE, status=PROCESSING, createTime=86493618, animationCallbacks=com.android.quickstep.RecentsAnimationCallbacks@ba516c1, displayId=0, isLastOfBatch=true) with result: true
02-19 13:23:40.563   617   617 D OverviewCommandHelper: command executed successfully! CommandInfo(type=TOGGLE, status=COMPLETED, createTime=86493618, animationCallbacks=com.android.quickstep.RecentsAnimationCallbacks@ba516c1, displayId=0, isLastOfBatch=true)
02-19 13:23:40.563   617   617 D OverviewCommandHelper: no pending commands to be executed.
02-19 13:23:40.563   617   617 D ContextTracker: Unregistering callback: com.android.launcher3.LauncherInitListener@bcf97c7, reason=AbsSwipeUpHandler.invalidateHandler
02-19 13:23:40.564   617   617 D OverviewActionsView: updateForGroupedTask() called with: isGroupedTask = [false], canSaveAppPair = [false]
02-19 13:23:40.564   617   617 D OverviewActionsView: updateActionButtonsVisibility() called: showSingleTaskActions = [true], showGroupActions = [false]
02-19 13:23:40.566   617   617 D OverviewActionsView: updateForGroupedTask() called with: isGroupedTask = [false], canSaveAppPair = [false]
02-19 13:23:40.566   617   617 D OverviewActionsView: updateActionButtonsVisibility() called: showSingleTaskActions = [true], showGroupActions = [false]
02-19 13:23:40.567   617   617 D RecentsView: onGestureAnimationEnd - mEnableDrawingLiveTile: true
02-19 13:23:40.568  4449  4463 V ShellRecents: [42272331] RecentsController.detachNavigationBarFromApp
02-19 13:23:40.571   617   869 W HWUI    : Image decoding logging dropped!
02-19 13:23:40.590   617   651 D QuickstepModelDelegate: notifyAppTargetEvent action=1 launchLocation=
02-19 13:23:40.595  1971  2198 I AiAiEcho: Predicting[0]:  [CONTEXT sampling_count=5 ]
02-19 13:23:40.595  1971  2198 I AiAiEcho: EchoTargets: 
02-19 13:23:40.595  1971  2198 I AiAiEcho: Filtered by AiAi flag check: 
02-19 13:23:40.595  1971  2198 I AiAiEcho: [CONTEXT ratelimit_period="10 SECONDS" ]
02-19 13:23:40.596  1971  2198 I AiAiEcho: #remoteViewsTwiddler: feature disabled.
02-19 13:23:40.597  1971  2198 I AiAiEcho: #postPredictionTargets: Sending updates to UISurface home with targets# 0 (types=[])
02-19 13:23:40.814   488  1424 I RanchuHwc: logCompositionFallbackIfChanged: layer 724 CompositionType fallback from 2 to 1
02-19 13:23:40.843   617   617 I NotificationListener: Handling notification state refresh for com.google.android.adservices.api#0
02-19 13:23:40.843   617   617 I NotificationListener: Handling notification state refresh for android#0
02-19 13:23:40.843   617   617 I NotificationListener: Handling notification state refresh for com.android.systemui#0
02-19 13:23:40.846   617   617 D SsBaseTemplateCard: No text view can be set up
02-19 13:23:40.846   617   617 D SsBaseTemplateCard: Passed-in item info is null
02-19 13:23:40.847   617   617 D SsBaseTemplateCard: Passed-in item info is null
02-19 13:23:40.848   617   617 D SsBaseTemplateCard: Passed-in item info is null
02-19 13:23:40.848   617   617 I SsBaseTemplateCard: Secondary card pane is null
02-19 13:23:40.885   617   626 I s.nexuslauncher: NativeAlloc concurrent mark compact GC freed 1534KB AllocSpace bytes, 0(0B) LOS objects, 49% free, 6317KB/12MB, paused 3.108ms,1.714ms total 334.559ms
02-19 13:23:40.890   617   637 W System  : A resource failed to call release. 
02-19 13:23:40.890   617   637 W System  : A resource failed to call release. 
02-19 13:23:40.890   617   637 W System  : A resource failed to call release. 
02-19 13:23:40.890   617   637 W System  : A resource failed to call release. 
02-19 13:23:40.890   617   637 W System  : A resource failed to call release. 
02-19 13:23:40.891   617   637 W System  : A resource failed to call release. 
02-19 13:23:40.891   617   637 W System  : A resource failed to call release. 
02-19 13:23:40.891   617   637 W System  : A resource failed to call release. 
02-19 13:23:40.891   617   637 W System  : A resource failed to call release. 
02-19 13:23:41.071   617   876 I AiAiSuggestUi: Request suggestContentSelections complete, took: 509
02-19 13:23:41.071   617   876 E AiAiSuggestUi: Timeout while retrieving suggestContentSelections
02-19 13:23:41.071   617   876 E AiAiSuggestUi: java.util.concurrent.TimeoutException
02-19 13:23:41.071   617   876 E AiAiSuggestUi: 	at java.util.concurrent.CompletableFuture$Timeout.run(CompletableFuture.java:2908)
02-19 13:23:41.071   617   876 E AiAiSuggestUi: 	at java.util.concurrent.Executors$RunnableAdapter.call(Executors.java:524)
02-19 13:23:41.071   617   876 E AiAiSuggestUi: 	at java.util.concurrent.FutureTask.run(FutureTask.java:317)
02-19 13:23:41.071   617   876 E AiAiSuggestUi: 	at java.util.concurrent.ScheduledThreadPoolExecutor$ScheduledFutureTask.run(ScheduledThreadPoolExecutor.java:348)
02-19 13:23:41.071   617   876 E AiAiSuggestUi: 	at java.util.concurrent.ThreadPoolExecutor.runWorker(ThreadPoolExecutor.java:1156)
02-19 13:23:41.071   617   876 E AiAiSuggestUi: 	at java.util.concurrent.ThreadPoolExecutor$Worker.run(ThreadPoolExecutor.java:651)
02-19 13:23:41.071   617   876 E AiAiSuggestUi: 	at java.lang.Thread.run(Thread.java:1119)
02-19 13:23:41.071   617   876 I AiAiSuggestUi: Fetched content back in callback
02-19 13:23:41.365  2144  2144 W dumpsys : Thread Pool max thread count is 0. Cannot cache binder as linkToDeath cannot be implemented. serviceName: window
02-19 13:23:41.813   752   780 W ActivityTaskManager: callingPackage for (uid=2000, pid=2149) has no WPC
02-19 13:23:41.818   752   780 V GrammaticalInflectionUtils: AttributionSource: android.content.AttributionSource@56784557 does not have READ_SYSTEM_GRAMMATICAL_GENDER permission.
02-19 13:23:41.818   752   780 W OptProp : Cannot read opt property android.window.PROPERTY_COMPAT_ALLOW_USER_ASPECT_RATIO_OVERRIDE
02-19 13:23:41.818   752   780 W OptProp : Cannot read opt property android.window.PROPERTY_COMPAT_ALLOW_USER_ASPECT_RATIO_FULLSCREEN_OVERRIDE
02-19 13:23:41.818   752   780 W OptProp : Cannot read opt property android.window.PROPERTY_COMPAT_ALLOW_RESIZEABLE_ACTIVITY_OVERRIDES
02-19 13:23:41.818   752   780 W OptProp : Cannot read opt property android.window.PROPERTY_COMPAT_ALLOW_MIN_ASPECT_RATIO_OVERRIDE
02-19 13:23:41.822   531   602 I BpBinder: onLastStrongRef automatically unlinking death recipients: 
02-19 13:23:41.841  4449  4467 V WindowManagerShell: Transition requested (#398): android.os.BinderProxy@4767b58 TransitionRequestInfo { type = OPEN, triggerTask = TaskInfo{userId=0 taskId=56 effectiveUid=10217 displayId=0 isRunning=true baseIntent=Intent { act=android.intent.action.VIEW dat=intoss://takealook/... flg=0x10000000 pkg=viva.republica.toss.test cmp=viva.republica.toss.test/.MiniAppSchemeActivity } baseActivity=ComponentInfo{viva.republica.toss.test/im.toss.rn.granite.core.GraniteActivity} topActivity=ComponentInfo{viva.republica.toss.test/im.toss.rn.granite.core.GraniteActivity} origActivity=null realActivity=ComponentInfo{viva.republica.toss.test/viva.republica.toss.test.MiniAppSchemeActivity} numActivities=6 lastActiveTime=86407858 supportsMultiWindow=true resizeMode=1 isResizeable=true minWidth=-1 minHeight=-1 defaultMinSize=220 token=WCT{android.window.IWindowContainerToken$Stub$Proxy@e1784b1} topActivityType=1 pictureInPictureParams=null shouldDockBigOverlays=false launchIntoPipHostTaskId=-1 lastParentTaskIdBeforePip=-1 displayCutoutSafeInsets=Rect(0, 0 - 0, 0) topActivityInfo=ActivityInfo{c579d96 im.toss.rn.granite.core.GraniteActivity} launchCookies=[] positionInParent=Point(0, 0) parentTaskId=-1 isFocused=true isVisible=true isVisibleRequested=true isTopActivityNoDisplay=false isSleeping=false locusId=null displayAreaFeatureId=1 isTopActivityTransparent=false isActivityStackTransparent=false lastNonFullscreenBounds=Rect(284, 660 - 796, 1740) capturedLink=null capturedLinkTimestamp=0 requestedVisibleTypes=-9 topActivityRequestOpenInBrowserEducationTimestamp=0 appCompatTaskInfo=AppCompatTaskInfo { topActivityInSizeCompat=false eligibleForLetterboxEducation= false isLetterboxEducationEnabled= true isLetterboxDoubleTapEnabled= false eligibleForUserAspectRatioButton= false topActivityBoundsLetterboxed= false isFromLetterboxDoubleTap= false topActivityLetterboxVerticalPosition= -1 topActivityLetterboxHorizontalPosition= -1 topActivityLetterboxWidth=-1 topActivityLetterboxHeight=-1 topActivityAppBounds=Rect(0, 0 - 1080, 2400) isUserFullscreenOverrideEnabled=false isSystemFullscreenOverrideEnabled=false hasMinAspectRatioOverride=false topActivityLetterboxBounds=null cameraCompatTaskInfo=CameraCompatTaskInfo { freeformCameraCompatMode=inactive}} topActivityMainWindowFrame=null}, pipChange = null, remoteTransition = null, displayChange = null, flags = 65536, debugId = 398 }
02-19 13:23:41.842  4449  4467 D ShellSplitScreen: logExit: no-op, mLoggerSessionId is null
02-19 13:23:41.844   752   780 I ActivityTaskManager: START u0 {act=android.intent.action.VIEW dat=intoss://takealook/... flg=0x10000000 xflg=0x4 pkg=viva.republica.toss.test cmp=viva.republica.toss.test/.MiniAppSchemeActivity} with LAUNCH_MULTIPLE from uid 2000 (BAL_ALLOW_PERMISSION) result code=3
02-19 13:23:41.867   752   794 V WindowManager: Sent Transition (#398) createdAt=02-19 13:23:41.819 via request=TransitionRequestInfo { type = OPEN, triggerTask = TaskInfo{userId=0 taskId=56 effectiveUid=10217 displayId=0 isRunning=true baseIntent=Intent { act=android.intent.action.VIEW dat=intoss://takealook/... flg=0x10000000 pkg=viva.republica.toss.test cmp=viva.republica.toss.test/.MiniAppSchemeActivity } baseActivity=ComponentInfo{viva.republica.toss.test/im.toss.rn.granite.core.GraniteActivity} topActivity=ComponentInfo{viva.republica.toss.test/im.toss.rn.granite.core.GraniteActivity} origActivity=null realActivity=ComponentInfo{viva.republica.toss.test/viva.republica.toss.test.MiniAppSchemeActivity} numActivities=6 lastActiveTime=86407858 supportsMultiWindow=true resizeMode=1 isResizeable=true minWidth=-1 minHeight=-1 defaultMinSize=220 token=WCT{RemoteToken{29715c6 Task{fa7be33 #56 type=standard A=10217:viva.republica.toss.test}}} topActivityType=1 pictureInPictureParams=null shouldDockBigOverlays=false launchIntoPipHostTaskId=-1 lastParentTaskIdBeforePip=-1 displayCutoutSafeInsets=Rect(0, 0 - 0, 0) topActivityInfo=ActivityInfo{299934d im.toss.rn.granite.core.GraniteActivity} launchCookies=[] positionInParent=Point(0, 0) parentTaskId=-1 isFocused=true isVisible=true isVisibleRequested=true isTopActivityNoDisplay=false isSleeping=false locusId=null displayAreaFeatureId=1 isTopActivityTransparent=false isActivityStackTransparent=false lastNonFullscreenBounds=Rect(284, 660 - 796, 1740) capturedLink=null capturedLinkTimestamp=0 requestedVisibleTypes=-9 topActivityRequestOpenInBrowserEducationTimestamp=0 appCompatTaskInfo=AppCompatTaskInfo { topActivityInSizeCompat=false eligibleForLetterboxEducation= false isLetterboxEducationEnabled= true isLetterboxDoubleTapEnabled= false eligibleForUserAspectRatioButton= false topActivityBoundsLetterboxed= false isFromLetterboxDoubleTap= false topActivityLetterboxVerticalPosition= -1 topActivityLetterboxHorizontalPosition= -1 topActivityLetterboxWidth=-1 topActivityLetterboxHeight=-1 topActivityAppBounds=Rect(0, 0 - 1080, 2400) isUserFullscreenOverrideEnabled=false isSystemFullscreenOverrideEnabled=false hasMinAspectRatioOverride=false topActivityLetterboxBounds=null cameraCompatTaskInfo=CameraCompatTaskInfo { freeformCameraCompatMode=inactive}} topActivityMainWindowFrame=null}, pipChange = null, remoteTransition = null, displayChange = null, flags = 65536, debugId = 398 }
02-19 13:23:41.867   752   794 V WindowManager:     startWCT=WindowContainerTransaction { changes= {} hops= [] errorCallbackToken=null taskFragmentOrganizer=null }
02-19 13:23:41.867   752   794 V WindowManager:     info={id=398 t=OPEN f=0x10000 trk=0 r=[0@Point(0, 0)] c=[
02-19 13:23:41.867   752   794 V WindowManager:         {WCT{RemoteToken{29715c6 Task{fa7be33 #56 type=standard A=10217:viva.republica.toss.test}}} m=CHANGE f=MOVE_TO_TOP leash=Surface(name=Task=56)/@0xf76b753 sb=Rect(0, 0 - 1080, 2400) eb=Rect(0, 0 - 1080, 2400) epz=Point(1080, 2400) d=0 taskParent=-1},
02-19 13:23:41.867   752   794 V WindowManager:         {WCT{RemoteToken{5218fe8 Task{dd43522 #1 type=home}}} m=TO_BACK f=SHOW_WALLPAPER leash=Surface(name=Task=1)/@0x8ddbd2e sb=Rect(0, 0 - 1080, 2400) eb=Rect(0, 0 - 1080, 2400) epz=Point(1080, 2400) d=0 taskParent=-1},
02-19 13:23:41.867   752   794 V WindowManager:         {m=TO_BACK f=IS_WALLPAPER leash=Surface(name=WallpaperWindowToken{35e0c0f showWhenLocked=false})/@0x512f5be sb=Rect(0, 0 - 1080, 2400) eb=Rect(0, 0 - 1080, 2400) epz=Point(1080, 2400) d=0}
02-19 13:23:41.867   752   794 V WindowManager:     ]}
02-19 13:23:41.878  4449  4511 V WindowManagerShell: onTransitionReady(transaction=3229815418361)
02-19 13:23:41.897  4449  4467 V WindowManagerShell: onTransitionReady (#398) android.os.BinderProxy@4767b58: {id=398 t=OPEN f=0x10000 trk=0 r=[0@Point(0, 0)] c=[
02-19 13:23:41.897  4449  4467 V WindowManagerShell:         {m=CHANGE f=MOVE_TO_TOP leash=Surface(name=Task=56)/@0xb55fd17 sb=Rect(0, 0 - 1080, 2400) eb=Rect(0, 0 - 1080, 2400) epz=Point(1080, 2400) d=0 taskParent=-1},
02-19 13:23:41.897  4449  4467 V WindowManagerShell:         {m=TO_BACK f=SHOW_WALLPAPER leash=Surface(name=Task=1)/@0xd83f504 sb=Rect(0, 0 - 1080, 2400) eb=Rect(0, 0 - 1080, 2400) epz=Point(1080, 2400) d=0 taskParent=-1},
02-19 13:23:41.897  4449  4467 V WindowManagerShell:         {m=TO_BACK f=IS_WALLPAPER leash=Surface(name=WallpaperWindowToken{35e0c0f showWhenLocked=false})/@0xaeebaed sb=Rect(0, 0 - 1080, 2400) eb=Rect(0, 0 - 1080, 2400) epz=Point(1080, 2400) d=0}
02-19 13:23:41.897  4449  4467 V WindowManagerShell:     ]}
02-19 13:23:41.897  4449  4467 V WindowManagerShell: Transition (#398) android.os.BinderProxy@4767b58@0 ready while (#397) android.os.BinderProxy@decfb1a@0 is still animating. Notify the animating transition in case they can be merged
02-19 13:23:41.897  4449  4467 V ShellRecents: [42272331] RecentsController.merge
02-19 13:23:41.898  4449  4467 V ShellRecents:   opening pausing leaf taskId=56
02-19 13:23:41.898  4449  4467 V ShellRecents: [42272331] RecentsController.merge: empty pausing tasks
02-19 13:23:41.898  4449  4467 V ShellRecents: [42272331] RecentsController.merge: consuming merge
02-19 13:23:41.925  4449  4467 V WindowManagerShell: Transition was merged: (#398) android.os.BinderProxy@4767b58@0 into (#397) android.os.BinderProxy@decfb1a@0
02-19 13:23:41.925  4449  4467 V ShellRecents: [42272331] RecentsController.merge: calling onTasksAppeared
02-19 13:23:41.927  4449  4467 D WindowManagerShell: onActivityRestartAttempt: topActivity=ComponentInfo{viva.republica.toss.test/im.toss.rn.granite.core.GraniteActivity}, wasVisible=true
02-19 13:23:42.100   752   989 I ImeTracker: viva.republica.toss.test:f7f57d28: onRequestHide at ORIGIN_SERVER reason HIDE_SAME_WINDOW_FOCUSED_WITHOUT_EDITOR fromUser false
02-19 13:23:42.114 32388 32388 D InsetsController: hide(ime(), fromIme=false)
02-19 13:23:42.114  1563  1563 I GoogleInputMethodService: GoogleInputMethodService.onFinishInput():2043 
02-19 13:23:42.114 32388 32388 I ImeTracker: viva.republica.toss.test:f7f57d28: onCancelled at PHASE_CLIENT_ALREADY_HIDDEN
02-19 13:23:42.118  1563  1563 I Module  : DeviceLockedStatusModuleProvider$Module.updateDeviceLockedStatus():100 repeatCheckTimes = 0, locked = false
02-19 13:23:42.120  1563  1563 I GoogleInputMethodService: GoogleInputMethodService.onStartInput():1293 onStartInput(EditorInfo{EditorInfo{packageName=viva.republica.toss.test, inputType=0, inputTypeString=NULL, enableLearning=false, autoCorrection=false, autoComplete=false, imeOptions=0, privateImeOptions=null, actionName=UNSPECIFIED, actionLabel=null, initialSelStart=-1, initialSelEnd=-1, initialCapsMode=0, label=null, fieldId=0, fieldName=null, extras=null, hintText=null, hintLocales=[]}}, false)
02-19 13:23:42.127  1563  1563 I Module  : DeviceLockedStatusModuleProvider$Module.updateDeviceLockedStatus():100 repeatCheckTimes = 1, locked = false
02-19 13:23:42.127  1563  1563 I EmojiCompatManager: EmojiCompatManager.getEmojiCompatIfLoaded():343 EmojiCompat.init() was never called.
02-19 13:23:42.127  1563  1563 I EmojiCompatManager: java.lang.IllegalStateException: EmojiCompat is not initialized. Please call EmojiCompat.init() first
02-19 13:23:42.127  1563  1563 I EmojiCompatManager: 	at asx.p(PG:6)
02-19 13:23:42.127  1563  1563 I EmojiCompatManager: 	at axb.b(PG:13)
02-19 13:23:42.127  1563  1563 I EmojiCompatManager: 	at jnr.b(PG:2)
02-19 13:23:42.127  1563  1563 I EmojiCompatManager: 	at jnr.c(PG:4)
02-19 13:23:42.127  1563  1563 I EmojiCompatManager: 	at jnr.f(PG:3)
02-19 13:23:42.127  1563  1563 I EmojiCompatManager: 	at jnx.c(PG:3)
02-19 13:23:42.127  1563  1563 I EmojiCompatManager: 	at kif.cz(PG:47)
02-19 13:23:42.127  1563  1563 I EmojiCompatManager: 	at lhl.run(PG:1025)
02-19 13:23:42.127  1563  1563 I EmojiCompatManager: 	at jaf.execute(PG:12)
02-19 13:23:42.127  1563  1563 I EmojiCompatManager: 	at nco.v(PG:13)
02-19 13:23:42.127  1563  1563 I EmojiCompatManager: 	at lhn.m(PG:96)
02-19 13:23:42.127  1563  1563 I EmojiCompatManager: 	at lhn.k(PG:25)
02-19 13:23:42.127  1563  1563 I EmojiCompatManager: 	at kgn.onStartInput(PG:250)
02-19 13:23:42.127  1563  1563 I EmojiCompatManager: 	at android.inputmethodservice.InputMethodService.doStartInput(InputMethodService.java:3521)
02-19 13:23:42.127  1563  1563 I EmojiCompatManager: 	at android.inputmethodservice.InputMethodService$InputMethodImpl.startInput(InputMethodService.java:879)
02-19 13:23:42.127  1563  1563 I EmojiCompatManager: 	at android.inputmethodservice.InputMethodService$InputMethodImpl.dispatchStartInput(InputMethodService.java:908)
02-19 13:23:42.127  1563  1563 I EmojiCompatManager: 	at android.inputmethodservice.IInputMethodWrapper.executeMessage(IInputMethodWrapper.java:201)
02-19 13:23:42.127  1563  1563 I EmojiCompatManager: 	at com.android.internal.os.HandlerCaller$MyHandler.handleMessage(HandlerCaller.java:44)
02-19 13:23:42.127  1563  1563 I EmojiCompatManager: 	at android.os.Handler.dispatchMessage(Handler.java:110)
02-19 13:23:42.127  1563  1563 I EmojiCompatManager: 	at android.os.Looper.loopOnce(Looper.java:248)
02-19 13:23:42.127  1563  1563 I EmojiCompatManager: 	at android.os.Looper.loop(Looper.java:338)
02-19 13:23:42.127  1563  1563 I EmojiCompatManager: 	at android.app.ActivityThread.main(ActivityThread.java:9067)
02-19 13:23:42.127  1563  1563 I EmojiCompatManager: 	at java.lang.reflect.Method.invoke(Native Method)
02-19 13:23:42.127  1563  1563 I EmojiCompatManager: 	at com.android.internal.os.RuntimeInit$MethodAndArgsCaller.run(RuntimeInit.java:593)
02-19 13:23:42.127  1563  1563 I EmojiCompatManager: 	at com.android.internal.os.ZygoteInit.main(ZygoteInit.java:932)
02-19 13:23:42.128   752  1984 W PackageConfigPersister: App-specific configuration not found for packageName: viva.republica.toss.test and userId: 0
02-19 13:23:42.503   617   617 D RecentsView: finishRecentsAnimation - mRecentsAnimationController: com.android.quickstep.RecentsAnimationController@6bb167
02-19 13:23:42.504   617   617 D RecentsView: cleanupRemoteTargets - mRemoteTargetHandles: [com.android.quickstep.RemoteTargetGluer$RemoteTargetHandle@f649d27]
02-19 13:23:42.510  4449  4467 V ShellRecents: [42272331] RecentsController.finishInner: toHome=false userLeave=false willFinishToHome=false state=0 hasPausingTasks=true reason=requested
02-19 13:23:42.510  4449  4467 V ShellRecents:   returning to app
02-19 13:23:42.510  4449  4467 V ShellRecents: [42272331] RecentsController.finishInner: Completing finish
02-19 13:23:42.510  4449  4467 V ShellRecents: [42272331] RecentsController.cleanup
02-19 13:23:42.510  4449  4467 V WindowManagerShell: Transition animation finished (aborted=false), notifying core (#397) android.os.BinderProxy@decfb1a@0
02-19 13:23:42.527   752   794 V WindowManager: Finish Transition (#397): created at 02-19 13:23:39.799 collect-started=0.171ms started=0.196ms ready=35.823ms sent=245.631ms commit=21.756ms finished=2721.536ms
02-19 13:23:42.559   617   617 D RecentsView: cleanupRemoteTargets - mRemoteTargetHandles: null
02-19 13:23:42.566   617   617 D VRI[NexusLauncherActivity]: visibilityChanged oldVisibility=true newVisibility=false
02-19 13:23:42.572 20068 32363 I NetworkScheduler.Stats: (REDACTED) Task %s/%s started execution. cause:%s exec_start_elapsed_seconds: %s
02-19 13:23:42.572 20068 32363 I NetworkScheduler.Stats: (REDACTED) Task %s/%s started execution. cause:%s exec_start_elapsed_seconds: %s
02-19 13:23:42.575   752   794 V WindowManager: Finish Transition (#398): created at 02-19 13:23:41.819 collect-started=0.196ms request-sent=21.637ms started=39.685ms ready=44.654ms sent=46.747ms commit=63.741ms finished=750.426ms
02-19 13:23:42.575   617   617 W SplitSelectStateCtor: Missing session instanceIds
02-19 13:23:42.575   617   617 D StatsLog: LAUNCHER_SPLIT_SELECTION_EXIT_INTERRUPTED
02-19 13:23:42.592  4449  4467 V WindowManagerShell: Track 0 became idle
02-19 13:23:42.595  4449  4467 V WindowManagerShell: All active transition animations finished
02-19 13:23:42.595  4449  4467 V ShellRecents: [42272331] RecentsController.finishInner: calling finish callback
02-19 13:23:42.595  4449  4467 D WindowManagerShell: setLauncherKeepClearAreaHeight: visible=false, height=527
02-19 13:23:42.596   617   617 D RecentsView: updateTaskStackListenerState: false
02-19 13:23:42.596   617   617 D NexusLauncherModelDelegate: notifySmartspaceEvent: SmartspaceTargetEvent{mSmartspaceTarget=null, mSmartspaceActionId='null', mEventType=7}
02-19 13:23:42.601   617   617 D RecentsView: onRecentsAnimationComplete - mRecentsAnimationController: com.android.quickstep.RecentsAnimationController@6bb167, mSideTaskLaunchCallback: null
02-19 13:23:42.602   617   617 D StateManager: goToState - fromState: Overview, toState: Normal, partial trace:
02-19 13:23:42.602   617   617 D StateManager: 	at com.android.launcher3.statemanager.StateManager.moveToRestState(go/retraceme 72a59688580715d19f0e415c69e80376c2f062d1648c80db6730905005a27c20:4)
02-19 13:23:42.602   617   617 D StateManager: 	at com.android.launcher3.statemanager.StateManager.moveToRestState(go/retraceme 72a59688580715d19f0e415c69e80376c2f062d1648c80db6730905005a27c20:1)
02-19 13:23:42.602   617   617 D StateManager: 	at com.android.quickstep.TaskViewUtils$9.lambda$onAnimationSuccess$0(go/retraceme 72a59688580715d19f0e415c69e80376c2f062d1648c80db6730905005a27c20:1)
02-19 13:23:42.603   617   617 D RecentsView: finishRecentsAnimation - mRecentsAnimationController: null
02-19 13:23:42.603   617   617 D RecentsView: cleanupRemoteTargets - mRemoteTargetHandles: null
02-19 13:23:42.616   617   617 D StateManager: onStateTransitionStart - state: Normal
02-19 13:23:42.623   752  1095 D BackgroundInstallControlService: Package event received: 0
02-19 13:23:42.658   617   617 D BaseDepthController: mSurface is not valid
02-19 13:23:42.715   617   617 D BaseDepthController: mSurface is not valid
02-19 13:23:42.720   752  1509 W ActivityManager: Slow operation: 155ms so far, now at attachApplicationLocked: immediately before bindApplication
02-19 13:23:42.738   752  1509 W ActivityManager: Slow operation: 173ms so far, now at attachApplicationLocked: immediately after bindApplication
02-19 13:23:42.738   752  1509 W ActivityManager: Slow operation: 174ms so far, now at attachApplicationLocked: after updateLruProcessLocked
02-19 13:23:42.739   752  1509 W ActivityManager: Slow operation: 175ms so far, now at attachApplicationLocked: after updateOomAdjLocked
02-19 13:23:42.746   617   617 D BaseDepthController: mSurface is not valid
02-19 13:23:42.760   617   617 D BaseDepthController: setSurface:
02-19 13:23:42.760   617   617 D BaseDepthController: 	mWaitingOnSurfaceValidity: true
02-19 13:23:42.760   617   617 D BaseDepthController: 	mBaseSurface: null
02-19 13:23:42.764   617   617 D BaseDepthController: mSurface is null and mCurrentBlur is: 23
02-19 13:23:42.766   617   617 D StateManager: goToState - fromState: Normal, toState: Normal, partial trace:
02-19 13:23:42.766   617   617 D StateManager: 	at com.android.launcher3.statemanager.StateManager.moveToRestState(go/retraceme 72a59688580715d19f0e415c69e80376c2f062d1648c80db6730905005a27c20:4)
02-19 13:23:42.766   617   617 D StateManager: 	at com.android.launcher3.statemanager.StateManager.moveToRestState(go/retraceme 72a59688580715d19f0e415c69e80376c2f062d1648c80db6730905005a27c20:1)
02-19 13:23:42.766   617   617 D StateManager: 	at com.android.launcher3.statemanager.StatefulActivity.onStop(go/retraceme 72a59688580715d19f0e415c69e80376c2f062d1648c80db6730905005a27c20:34)
02-19 13:23:42.768   617   617 D StateManager: cancelAnimation - with ongoing animation, partial trace:
02-19 13:23:42.768   617   617 D StateManager: 	at com.android.launcher3.statemanager.StateManager.goToState(go/retraceme 72a59688580715d19f0e415c69e80376c2f062d1648c80db6730905005a27c20:18)
02-19 13:23:42.768   617   617 D StateManager: 	at com.android.launcher3.statemanager.StateManager.goToState(go/retraceme 72a59688580715d19f0e415c69e80376c2f062d1648c80db6730905005a27c20:3)
02-19 13:23:42.768   617   617 D StateManager: 	at com.android.launcher3.statemanager.StateManager.moveToRestState(go/retraceme 72a59688580715d19f0e415c69e80376c2f062d1648c80db6730905005a27c20:4)
02-19 13:23:42.768   617   617 D RecentsView: reset - mEnableDrawingLiveTile: true, mRecentsAnimationController: null
02-19 13:23:42.769   617   617 D StateManager: onStateTransitionStart - state: Normal
02-19 13:23:42.771   617   617 D BaseDepthController: mSurface is null and mCurrentBlur is: 23
02-19 13:23:42.776   617   617 D KeyboardInsetsHandler: setState, toState:Normal StateManager(mLastStableState:Normal, mCurrentStableState:Overview, mState:Normal, mRestState:Normal, isInTransition:false)
02-19 13:23:42.790   617   617 D StateManager: onStateTransitionEnd - state: Normal
02-19 13:23:42.797   617   617 D RecentsView: reset - mEnableDrawingLiveTile: false, mRecentsAnimationController: null
02-19 13:23:42.799   617   617 I AiAiSuggestUi: Clearing suggestions.
02-19 13:23:42.799   617   617 I AiAiSuggestUi: Clearing suggestions.
02-19 13:23:42.801   617   617 D ActivityAllAppsContainerView: rebindAdapters: force: false
02-19 13:23:42.802   617   617 D ActivityAllAppsContainerView: rebindAdapters: Not needed.
02-19 13:23:42.808   752  1095 D BackgroundInstallControlService: Package event received: 0
02-19 13:23:42.809   752  1095 D BackgroundInstallControlService: Package event received: 0
02-19 13:23:42.813   617   617 D StatsLog: LAUNCHER_ONSTOP
02-19 13:23:42.815   617   617 D StatsLog: LAUNCHER_GOOGLE_SEARCH_RESTORE_LIST_SIZE_AFTER_ACTIVITY_RESTART
02-19 13:23:42.845   617   617 D OverviewActionsView: updateForGroupedTask() called with: isGroupedTask = [false], canSaveAppPair = [false]
02-19 13:23:42.845   617   617 D OverviewActionsView: updateActionButtonsVisibility() called: showSingleTaskActions = [true], showGroupActions = [false]
02-19 13:23:42.846   617   617 D OverviewActionsView: updateForGroupedTask() called with: isGroupedTask = [false], canSaveAppPair = [false]
02-19 13:23:42.846   617   617 D OverviewActionsView: updateActionButtonsVisibility() called: showSingleTaskActions = [true], showGroupActions = [false]
02-19 13:23:42.860   752  1095 D BackgroundInstallControlService: Package event received: 0
02-19 13:23:42.962 20068  1516 I NetworkScheduler.Stats: (REDACTED) Task %s/%s finished executing. cause:%s result: %s elapsed_millis: %s uptime_millis: %s exec_start_elapsed_seconds: %s
02-19 13:23:43.006  2087  2087 D nativeloader: Configuring clns-shared-9 for other apk /system/priv-app/CalendarProvider/CalendarProvider.apk. target_sdk_version=36, uses_libraries=, library_path=/system/priv-app/CalendarProvider/lib/x86_64:/system/lib64:/system_ext/lib64, permitted_path=/data:/mnt/expand:/data/user/0/com.android.providers.calendar:/system/priv-app/CalendarProvider:/system/lib64:/system_ext/lib64
02-19 13:23:43.006  2088  2088 D nativeloader: Configuring clns-shared-9 for other apk /system/priv-app/DownloadProvider/DownloadProvider.apk. target_sdk_version=36, uses_libraries=, library_path=/system/priv-app/DownloadProvider/lib/x86_64:/system/lib64:/system_ext/lib64, permitted_path=/data:/mnt/expand:/data/user/0/com.android.providers.downloads:/system/priv-app/DownloadProvider:/system/lib64:/system_ext/lib64
02-19 13:23:43.033 20068  1516 I NetworkScheduler.Stats: (REDACTED) Task %s/%s finished executing. cause:%s result: %s elapsed_millis: %s uptime_millis: %s exec_start_elapsed_seconds: %s
02-19 13:23:43.057  2088  2088 I d.process.media: AssetManager2(0x7d8fac428e58) locale list changing from [] to [en-US]
02-19 13:23:43.064  2087  2087 I viders.calendar: AssetManager2(0x7d8fac428e58) locale list changing from [] to [en-US]
02-19 13:23:43.288  2087  2087 V GraphicsEnvironment: Currently set values for:
02-19 13:23:43.288  2087  2087 V GraphicsEnvironment:   angle_gl_driver_selection_pkgs=[]
02-19 13:23:43.288  2087  2087 V GraphicsEnvironment:   angle_gl_driver_selection_values=[]
02-19 13:23:43.288  2087  2087 V GraphicsEnvironment: com.android.providers.calendar is not listed in per-application setting
02-19 13:23:43.288  2088  2088 V GraphicsEnvironment: Currently set values for:
02-19 13:23:43.290  2088  2088 V GraphicsEnvironment:   angle_gl_driver_selection_pkgs=[]
02-19 13:23:43.290  2088  2088 V GraphicsEnvironment:   angle_gl_driver_selection_values=[]
02-19 13:23:43.290  2088  2088 V GraphicsEnvironment: com.android.providers.downloads is not listed in per-application setting
02-19 13:23:43.297  2088  2088 V GraphicsEnvironment: ANGLE allowlist from config: com.dreamgames.royalmatch com.dts.freefiremax com.dxx.firenow com.gramgames.mergedragons com.ludo.king com.mojang.minecraftpe com.my.defense com.nintendo.zaka com.os.airforce com.playrix.fishdomdd.gplay io.teslatech.callbreak jp.konami.prospia net.peakgames.toonblast
02-19 13:23:43.297  2087  2087 V GraphicsEnvironment: ANGLE allowlist from config: com.dreamgames.royalmatch com.dts.freefiremax com.dxx.firenow com.gramgames.mergedragons com.ludo.king com.mojang.minecraftpe com.my.defense com.nintendo.zaka com.os.airforce com.playrix.fishdomdd.gplay io.teslatech.callbreak jp.konami.prospia net.peakgames.toonblast
02-19 13:23:43.297  2088  2088 V GraphicsEnvironment: com.android.providers.downloads is not listed in ANGLE allowlist or settings, returning default
02-19 13:23:43.297  2087  2087 V GraphicsEnvironment: com.android.providers.calendar is not listed in ANGLE allowlist or settings, returning default
02-19 13:23:43.297  2088  2088 V GraphicsEnvironment: Neither updatable production driver nor prerelease driver is supported.
02-19 13:23:43.306  2087  2087 V GraphicsEnvironment: Neither updatable production driver nor prerelease driver is supported.
02-19 13:23:43.341  2088  2088 I d.process.media: AssetManager2(0x7d8fac428818) locale list changing from [] to [en-US]
02-19 13:23:43.345  2087  2087 E ashmem  : Pinning is deprecated since Android Q. Please use trim or other methods.
02-19 13:23:43.357  2088  2088 D nativeloader: Configuring clns-shared-10 for other apk /system/priv-app/MtpService/MtpService.apk. target_sdk_version=36, uses_libraries=, library_path=/system/priv-app/MtpService/lib/x86_64:/system/lib64:/system_ext/lib64, permitted_path=/data:/mnt/expand:/data/user/0/com.android.mtp:/system/priv-app/MtpService:/system/lib64:/system_ext/lib64
02-19 13:23:43.419  2088  2088 E ashmem  : Pinning is deprecated since Android Q. Please use trim or other methods.
02-19 13:23:43.570  2087  2087 I CalendarProvider2: Created com.android.providers.calendar.CalendarAlarmManager@512dade(com.android.providers.calendar.CalendarProvider2@d6b04bf)
02-19 13:23:43.960  2088  2088 I d.process.media: AssetManager2(0x7d8fac4281d8) locale list changing from [] to [en-US]
02-19 13:23:43.980  2088  2088 D nativeloader: Configuring clns-shared-11 for other apk /system/priv-app/MediaProviderLegacy/MediaProviderLegacy.apk. target_sdk_version=36, uses_libraries=, library_path=/system/priv-app/MediaProviderLegacy/lib/x86_64:/system/lib64:/system_ext/lib64, permitted_path=/data:/mnt/expand:/data/user/0/com.android.providers.media:/system/priv-app/MediaProviderLegacy:/system/lib64:/system_ext/lib64
02-19 13:23:44.035   752  1095 D BackgroundInstallControlService: Package event received: 0
02-19 13:23:44.037   752  1095 D BackgroundInstallControlService: Package event received: 0
02-19 13:23:44.038   752  1095 D BackgroundInstallControlService: Package event received: 0
02-19 13:23:44.360   752   752 W Looper  : Slow dispatch took 6426ms main app=system_server main=true group=FOREGROUND h=android.app.ActivityThread$H c=android.app.LoadedApk$ReceiverDispatcher$Args$$ExternalSyntheticLambda0@a0e193 m=0
02-19 13:23:44.361   752   752 W Looper  : Slow delivery took 6359ms main app=system_server main=true group=FOREGROUND h=com.android.server.alarm.AlarmManagerService$AlarmHandler c=android.app.PendingIntent$FinishedDispatcher@3ed05d0 m=0
02-19 13:23:44.385  2171  2171 W dumpsys : Thread Pool max thread count is 0. Cannot cache binder as linkToDeath cannot be implemented. serviceName: window
02-19 13:23:44.390   752   752 W Looper  : Drained
02-19 13:23:44.836   752  1856 E TaskPersister: File error accessing recents directory (directory doesn't exist?).
02-19 13:23:45.794   752   796 I EntropyMixer: Updated seed file
02-19 13:23:45.801  2180  2180 W screencap: Thread Pool max thread count is 0. Cannot cache binder as linkToDeath cannot be implemented. serviceName: SurfaceFlingerAIDL
02-19 13:23:45.802  2180  2180 W BpBinder: Linking to death on android.gui.ISurfaceComposer but there are no threads (yet?) listening to incoming transactions. See ProcessState::startThreadPool and ProcessState::setThreadPoolMaxThreadCount. Generally you should setup the binder threadpool before other initialization steps.
02-19 13:23:45.803  2180  2180 W ProcessState: Extra binder thread started, but 0 threads requested. Do not use *startThreadPool when zero threads are requested.
02-19 13:23:45.810   531   549 E HwcComposer: getLuts failed Status(-8, EX_SERVICE_SPECIFIC): '8: '
02-19 13:23:45.810   531   549 E HWComposer: getLuts: getLuts failed for display 4619827259835644672: UNSUPPORTED (8)
