--------- beginning of system
02-19 13:23:34.556   752   752 W Looper  : Drained
02-19 13:23:34.562   752   795 W ActivityTaskManager: callingPackage for (uid=-1, pid=0) has no WPC
02-19 13:23:34.562   752   795 W ActivityStartInterceptor: Starting home with component specified, uid=0
02-19 13:23:34.563   752   795 W OptProp : Cannot read opt property android.window.PROPERTY_COMPAT_ALLOW_USER_ASPECT_RATIO_OVERRIDE
02-19 13:23:34.563   752   795 W OptProp : Cannot read opt property android.window.PROPERTY_COMPAT_ALLOW_USER_ASPECT_RATIO_FULLSCREEN_OVERRIDE
02-19 13:23:34.563   752   795 W OptProp : Cannot read opt property android.window.PROPERTY_COMPAT_ALLOW_RESIZEABLE_ACTIVITY_OVERRIDES
02-19 13:23:34.564   752   795 W OptProp : Cannot read opt property android.window.PROPERTY_COMPAT_ALLOW_MIN_ASPECT_RATIO_OVERRIDE
--------- beginning of main
02-19 13:23:34.566   752   795 V GrammaticalInflectionUtils: AttributionSource: android.content.AttributionSource@1abea79a does not have READ_SYSTEM_GRAMMATICAL_GENDER permission.
02-19 13:23:34.568  4449  4449 I vol.VolumeDialogImpl: mDialog.dismiss() reason: volume_controller from: com.android.systemui.volume.VolumeDialogImpl$7.onDismissRequested:3
02-19 13:23:34.573  4449 22136 D KeyguardService: setOccluded(false)
02-19 13:23:34.573  4449 22136 D KeyguardViewMediator: setOccluded(false)
02-19 13:23:34.573  4449  4449 D KeyguardViewMediator: handleSetOccluded(false)
02-19 13:23:34.573  4449  4449 D KeyguardViewMediator: KeyguardViewMediator queue processing message: SET_OCCLUDED
02-19 13:23:34.573   752   795 I ActivityTaskManager: START u0 {act=android.intent.action.MAIN cat=[android.intent.category.HOME] flg=0x10000100 cmp=com.google.android.apps.nexuslauncher/.NexusLauncherActivity (has extras)} with LAUNCH_SINGLE_TASK from uid 0 (BAL_ALLOW_ALLOWLISTED_UID) result code=3
02-19 13:23:34.574   617   617 W SplitSelectStateCtor: Missing session instanceIds
02-19 13:23:34.574   617   617 D StatsLog: LAUNCHER_SPLIT_SELECTION_EXIT_INTERRUPTED
02-19 13:23:34.575  4449  4467 D WindowManagerShell: onActivityRestartAttempt: topActivity=ComponentInfo{com.google.android.apps.nexuslauncher/com.google.android.apps.nexuslauncher.NexusLauncherActivity}, wasVisible=true
02-19 13:23:34.577   617   617 D StateManager: goToState - fromState: Overview, toState: Normal, partial trace:
02-19 13:23:34.577   617   617 D StateManager: 	at com.android.launcher3.Launcher.onNewIntent(go/retraceme 72a59688580715d19f0e415c69e80376c2f062d1648c80db6730905005a27c20:116)
02-19 13:23:34.577   617   617 D StateManager: 	at com.android.launcher3.uioverrides.QuickstepLauncher.onNewIntent(go/retraceme 72a59688580715d19f0e415c69e80376c2f062d1648c80db6730905005a27c20:1)
02-19 13:23:34.577   617   617 D StateManager: 	at com.google.android.apps.nexuslauncher.NexusLauncherActivity.onNewIntent(go/retraceme 72a59688580715d19f0e415c69e80376c2f062d1648c80db6730905005a27c20:1)
02-19 13:23:34.779   617   617 I AiAiSuggestUi: Clearing suggestions.
02-19 13:23:34.779   617   617 I AiAiSuggestUi: Clearing suggestions.
02-19 13:23:34.780   617   617 I AiAiSuggestUi: Requesting to show indicators
02-19 13:23:34.780   617   617 I AiAiSuggestUi: Fetching contents, isPrimaryTask = true
02-19 13:23:34.834   617   617 D TFOManager: playPanelCloseAnimation() duration=200 traceTag=LauncherOverlay-hide isHomeButtonTap=true
02-19 13:23:34.834   617   617 D TFOManager: Skipped creating panel close animation because -1 is invisible.
02-19 13:23:34.834   617   617 D OverviewCommandHelper: clearing pending commands: []
02-19 13:23:34.836   531   549 I BpBinder: onLastStrongRef automatically unlinking death recipients: 
02-19 13:23:34.836   617   617 D StatsLog: LAUNCHER_ONRESUME
02-19 13:23:34.839   617   651 D QuickstepModelDelegate: notifyAppTargetEvent action=1 launchLocation=
02-19 13:23:34.841  1971  2013 I ogle.android.as: Waiting for a blocking GC ProfileSaver
02-19 13:23:34.844  1971  2198 I AiAiEcho: Predicting[0]:  [CONTEXT sampling_count=5 ]
02-19 13:23:34.844  1971  2198 I AiAiEcho: EchoTargets: 
02-19 13:23:34.844  1971  2198 I AiAiEcho: Filtered by AiAi flag check: 
02-19 13:23:34.844  1971  2198 I AiAiEcho: [CONTEXT ratelimit_period="10 SECONDS" ]
02-19 13:23:34.845  1971  2198 I AiAiEcho: #remoteViewsTwiddler: feature disabled.
02-19 13:23:34.935  1971  2198 I AiAiEcho: #postPredictionTargets: Sending updates to UISurface home with targets# 0 (types=[])
02-19 13:23:34.961   617   641 I AiAiSuggestUi: Request suggestContentSelections complete, took: 181
02-19 13:23:34.961   617   641 I AiAiSuggestUi: Fetched content back in callback
02-19 13:23:34.984  1971  2013 I ogle.android.as: WaitForGcToComplete blocked ProfileSaver on NativeAlloc for 55.504ms
02-19 13:23:35.570  1336  1556 D SatelliteController: iisInCarrierRoamingNbIotNtn: satellite is disabled
02-19 13:23:35.628   531   568 W EventThread: Faking VSYNC due to driver stall for thread app
02-19 13:23:35.950   617   617 D StateManager: onStateTransitionStart - state: Normal
02-19 13:23:35.950   617   617 D RecentsView: updateTaskStackListenerState: false
02-19 13:23:35.953   617   617 D ActivityAllAppsContainerView: rebindAdapters: force: false
02-19 13:23:35.953   617   617 D ActivityAllAppsContainerView: rebindAdapters: Not needed.
02-19 13:23:35.954   617   617 I NotificationListener: Handling notification state refresh for com.google.android.adservices.api#0
02-19 13:23:35.954   617   617 I NotificationListener: Handling notification state refresh for android#0
02-19 13:23:35.954   617   617 I NotificationListener: Handling notification state refresh for com.android.systemui#0
02-19 13:23:35.955   617   617 D SsBaseTemplateCard: No text view can be set up
02-19 13:23:35.955   617   617 D SsBaseTemplateCard: Passed-in item info is null
02-19 13:23:35.955   617   617 D SsBaseTemplateCard: Passed-in item info is null
02-19 13:23:35.955   617   617 D SsBaseTemplateCard: Passed-in item info is null
02-19 13:23:35.955   617   617 I SsBaseTemplateCard: Secondary card pane is null
02-19 13:23:35.955   617   617 I AiAiSuggestUi: Display indicators
02-19 13:23:35.955   752  1095 D BackgroundInstallControlService: Package event received: 0
02-19 13:23:35.958   617   617 D OverviewActionsView: updateForGroupedTask() called with: isGroupedTask = [false], canSaveAppPair = [false]
02-19 13:23:35.958   617   617 D OverviewActionsView: updateActionButtonsVisibility() called: showSingleTaskActions = [true], showGroupActions = [false]
02-19 13:23:36.093   752  1509 W ActivityTaskManager: callingPackage for (uid=2000, pid=2082) has no WPC
02-19 13:23:36.094   752  1509 V GrammaticalInflectionUtils: AttributionSource: android.content.AttributionSource@56784557 does not have READ_SYSTEM_GRAMMATICAL_GENDER permission.
02-19 13:23:36.094   752  1509 W OptProp : Cannot read opt property android.window.PROPERTY_COMPAT_ALLOW_USER_ASPECT_RATIO_OVERRIDE
02-19 13:23:36.094   752  1509 W OptProp : Cannot read opt property android.window.PROPERTY_COMPAT_ALLOW_USER_ASPECT_RATIO_FULLSCREEN_OVERRIDE
02-19 13:23:36.094   752  1509 W OptProp : Cannot read opt property android.window.PROPERTY_COMPAT_ALLOW_RESIZEABLE_ACTIVITY_OVERRIDES
02-19 13:23:36.095   752  1509 W OptProp : Cannot read opt property android.window.PROPERTY_COMPAT_ALLOW_MIN_ASPECT_RATIO_OVERRIDE
02-19 13:23:36.104  4449  4467 V WindowManagerShell: Transition requested (#396): android.os.BinderProxy@b93505b TransitionRequestInfo { type = OPEN, triggerTask = TaskInfo{userId=0 taskId=56 effectiveUid=10217 displayId=0 isRunning=true baseIntent=Intent { act=android.intent.action.VIEW dat=intoss://takealook/... flg=0x10000000 pkg=viva.republica.toss.test cmp=viva.republica.toss.test/.MiniAppSchemeActivity } baseActivity=ComponentInfo{viva.republica.toss.test/im.toss.rn.granite.core.GraniteActivity} topActivity=ComponentInfo{viva.republica.toss.test/im.toss.rn.granite.core.GraniteActivity} origActivity=null realActivity=ComponentInfo{viva.republica.toss.test/viva.republica.toss.test.MiniAppSchemeActivity} numActivities=6 lastActiveTime=86407858 supportsMultiWindow=true resizeMode=1 isResizeable=true minWidth=-1 minHeight=-1 defaultMinSize=220 token=WCT{android.window.IWindowContainerToken$Stub$Proxy@19720f8} topActivityType=1 pictureInPictureParams=null shouldDockBigOverlays=false launchIntoPipHostTaskId=-1 lastParentTaskIdBeforePip=-1 displayCutoutSafeInsets=Rect(0, 0 - 0, 0) topActivityInfo=ActivityInfo{134c9d1 im.toss.rn.granite.core.GraniteActivity} launchCookies=[] positionInParent=Point(0, 0) parentTaskId=-1 isFocused=true isVisible=true isVisibleRequested=true isTopActivityNoDisplay=false isSleeping=false locusId=null displayAreaFeatureId=1 isTopActivityTransparent=false isActivityStackTransparent=false lastNonFullscreenBounds=Rect(284, 660 - 796, 1740) capturedLink=null capturedLinkTimestamp=0 requestedVisibleTypes=-9 topActivityRequestOpenInBrowserEducationTimestamp=0 appCompatTaskInfo=AppCompatTaskInfo { topActivityInSizeCompat=false eligibleForLetterboxEducation= false isLetterboxEducationEnabled= true isLetterboxDoubleTapEnabled= false eligibleForUserAspectRatioButton= false topActivityBoundsLetterboxed= false isFromLetterboxDoubleTap= false topActivityLetterboxVerticalPosition= -1 topActivityLetterboxHorizontalPosition= -1 topActivityLetterboxWidth=-1 topActivityLetterboxHeight=-1 topActivityAppBounds=Rect(0, 0 - 1080, 2400) isUserFullscreenOverrideEnabled=false isSystemFullscreenOverrideEnabled=false hasMinAspectRatioOverride=false topActivityLetterboxBounds=null cameraCompatTaskInfo=CameraCompatTaskInfo { freeformCameraCompatMode=inactive}} topActivityMainWindowFrame=null}, pipChange = null, remoteTransition = null, displayChange = null, flags = 65536, debugId = 396 }
02-19 13:23:36.104  4449  4467 D ShellSplitScreen: logExit: no-op, mLoggerSessionId is null
02-19 13:23:36.108   752  1509 I ActivityTaskManager: START u0 {act=android.intent.action.VIEW dat=intoss://takealook/... flg=0x10000000 xflg=0x4 pkg=viva.republica.toss.test cmp=viva.republica.toss.test/.MiniAppSchemeActivity} with LAUNCH_MULTIPLE from uid 2000 (BAL_ALLOW_PERMISSION) result code=3
02-19 13:23:36.115   752   797 W IPCThreadState: Sending oneway calls to frozen process.
02-19 13:23:36.339   752   797 W IPCThreadState: Sending oneway calls to frozen process.
02-19 13:23:36.339   752   797 W IPCThreadState: Sending oneway calls to frozen process.
02-19 13:23:36.339   752   797 W IPCThreadState: Sending oneway calls to frozen process.
02-19 13:23:36.340   752   797 W IPCThreadState: Sending oneway calls to frozen process.
02-19 13:23:36.341   752   797 W IPCThreadState: Sending oneway calls to frozen process.
02-19 13:23:36.341   752   797 W IPCThreadState: Sending oneway calls to frozen process.
02-19 13:23:36.341   752   797 W IPCThreadState: Sending oneway calls to frozen process.
02-19 13:23:36.341   752   797 W IPCThreadState: Sending oneway calls to frozen process.
02-19 13:23:36.342   752   797 W IPCThreadState: Sending oneway calls to frozen process.
02-19 13:23:36.342   752   797 W IPCThreadState: Sending oneway calls to frozen process.
02-19 13:23:36.342   752   797 W IPCThreadState: Sending oneway calls to frozen process.
02-19 13:23:36.343   752   797 W IPCThreadState: Sending oneway calls to frozen process.
02-19 13:23:36.344   752   797 W ProcessStats: Tracking association SourceState{1b917ca system/1000 BFgs #15490} whose proc state 4 is better than process ProcessState{42c4ef0 com.google.android.ext.services/10208 pkg=com.google.android.ext.services} proc state 14 (2 skipped)
02-19 13:23:36.355   617   617 D StateManager: onStateTransitionEnd - state: Normal
02-19 13:23:36.357  4449  4467 D WindowManagerShell: onActivityRestartAttempt: topActivity=ComponentInfo{viva.republica.toss.test/im.toss.rn.granite.core.GraniteActivity}, wasVisible=true
02-19 13:23:36.358   617   617 D RecentsView: reset - mEnableDrawingLiveTile: true, mRecentsAnimationController: com.android.quickstep.RecentsAnimationController@fcc3d29
02-19 13:23:36.358   617   617 D RecentsView: finishRecentsAnimation - mRecentsAnimationController: com.android.quickstep.RecentsAnimationController@fcc3d29
02-19 13:23:36.358   617   617 D RecentsView: cleanupRemoteTargets - mRemoteTargetHandles: [com.android.quickstep.RemoteTargetGluer$RemoteTargetHandle@6060101]
02-19 13:23:36.561  4449  4467 D WindowManagerShell: setLauncherKeepClearAreaHeight: visible=true, height=527
02-19 13:23:36.609   752   797 W ActivityTaskManager: Activity top resumed state loss timeout for ActivityRecord{32265495 u0 com.google.android.apps.nexuslauncher/.NexusLauncherActivity t5}
02-19 13:23:36.620   617   617 I AiAiSuggestUi: Clearing suggestions.
02-19 13:23:36.622   617   617 I AiAiSuggestUi: Clearing suggestions.
02-19 13:23:36.628   617   617 D ActivityAllAppsContainerView: rebindAdapters: force: false
02-19 13:23:36.628   752   989 I ImeTracker: viva.republica.toss.test:1c6c2d4f: onRequestHide at ORIGIN_SERVER reason HIDE_UNSPECIFIED_WINDOW fromUser false
02-19 13:23:36.628   617   617 D ActivityAllAppsContainerView: rebindAdapters: Not needed.
02-19 13:23:36.634 32388 32388 D InsetsController: hide(ime(), fromIme=false)
02-19 13:23:36.635 32388 32388 I ImeTracker: viva.republica.toss.test:1c6c2d4f: onCancelled at PHASE_CLIENT_ALREADY_HIDDEN
02-19 13:23:36.917   752  1509 I ImeTracker: system_server:17fc4392: onRequestHide at ORIGIN_SERVER reason IME_REQUESTED_CHANGED_LISTENER fromUser false
02-19 13:23:36.919   752  1095 D BackgroundInstallControlService: Package event received: 0
02-19 13:23:36.919   752  1095 D BackgroundInstallControlService: Package event received: 0
02-19 13:23:36.919   752  1095 D BackgroundInstallControlService: Package event received: 0
02-19 13:23:36.919   752  1095 D BackgroundInstallControlService: Package event received: 0
02-19 13:23:36.919   752  1095 D BackgroundInstallControlService: Package event received: 0
02-19 13:23:36.919   752  1095 D BackgroundInstallControlService: Package event received: 0
02-19 13:23:36.919   752  1095 D BackgroundInstallControlService: Package event received: 0
02-19 13:23:36.919   752  1095 D BackgroundInstallControlService: Package event received: 0
02-19 13:23:36.919   752  1095 D BackgroundInstallControlService: Package event received: 0
02-19 13:23:36.920   752  1095 D BackgroundInstallControlService: Package event received: 0
02-19 13:23:36.920  1563  1563 I GoogleInputMethodService: GoogleInputMethodService.onFinishInput():2043 
02-19 13:23:36.924   617   617 D RecentsView: cleanupRemoteTargets - mRemoteTargetHandles: null
02-19 13:23:36.925   752  1095 D BackgroundInstallControlService: Package event received: 0
02-19 13:23:36.925   752  1095 D BackgroundInstallControlService: Package event received: 0
02-19 13:23:36.925  1563  1563 I Module  : DeviceLockedStatusModuleProvider$Module.updateDeviceLockedStatus():100 repeatCheckTimes = 0, locked = false
02-19 13:23:36.926  1563  1563 I GoogleInputMethodService: GoogleInputMethodService.onStartInput():1293 onStartInput(EditorInfo{EditorInfo{packageName=viva.republica.toss.test, inputType=0, inputTypeString=NULL, enableLearning=false, autoCorrection=false, autoComplete=false, imeOptions=0, privateImeOptions=null, actionName=UNSPECIFIED, actionLabel=null, initialSelStart=-1, initialSelEnd=-1, initialCapsMode=0, label=null, fieldId=0, fieldName=null, extras=null, hintText=null, hintLocales=[]}}, false)
02-19 13:23:36.929   617   617 D OverviewActionsView: updateForGroupedTask() called with: isGroupedTask = [false], canSaveAppPair = [false]
02-19 13:23:36.929   617   617 D OverviewActionsView: updateActionButtonsVisibility() called: showSingleTaskActions = [true], showGroupActions = [false]
02-19 13:23:36.930  1563  1563 I Module  : DeviceLockedStatusModuleProvider$Module.updateDeviceLockedStatus():100 repeatCheckTimes = 1, locked = false
02-19 13:23:36.930   752   797 I ImeTracker: system_server:17fc4392: onCancelled at PHASE_SERVER_SHOULD_HIDE
02-19 13:23:36.933   617   617 D RecentsView: finishRecentsAnimation - mRecentsAnimationController: com.android.quickstep.RecentsAnimationController@fcc3d29
02-19 13:23:36.933   617   617 D RecentsView: cleanupRemoteTargets - mRemoteTargetHandles: null
02-19 13:23:36.934  1563  1563 I EmojiCompatManager: EmojiCompatManager.getEmojiCompatIfLoaded():343 EmojiCompat.init() was never called.
02-19 13:23:36.934  1563  1563 I EmojiCompatManager: java.lang.IllegalStateException: EmojiCompat is not initialized. Please call EmojiCompat.init() first
02-19 13:23:36.934  1563  1563 I EmojiCompatManager: 	at asx.p(PG:6)
02-19 13:23:36.934  1563  1563 I EmojiCompatManager: 	at axb.b(PG:13)
02-19 13:23:36.934  1563  1563 I EmojiCompatManager: 	at jnr.b(PG:2)
02-19 13:23:36.934  1563  1563 I EmojiCompatManager: 	at jnr.c(PG:4)
02-19 13:23:36.934  1563  1563 I EmojiCompatManager: 	at jnr.f(PG:3)
02-19 13:23:36.934  1563  1563 I EmojiCompatManager: 	at jnx.c(PG:3)
02-19 13:23:36.934  1563  1563 I EmojiCompatManager: 	at kif.cz(PG:47)
02-19 13:23:36.934  1563  1563 I EmojiCompatManager: 	at lhl.run(PG:1025)
02-19 13:23:36.934  1563  1563 I EmojiCompatManager: 	at jaf.execute(PG:12)
02-19 13:23:36.934  1563  1563 I EmojiCompatManager: 	at nco.v(PG:13)
02-19 13:23:36.934  1563  1563 I EmojiCompatManager: 	at lhn.m(PG:96)
02-19 13:23:36.934  1563  1563 I EmojiCompatManager: 	at lhn.k(PG:25)
02-19 13:23:36.934  1563  1563 I EmojiCompatManager: 	at kgn.onStartInput(PG:250)
02-19 13:23:36.934  1563  1563 I EmojiCompatManager: 	at android.inputmethodservice.InputMethodService.doStartInput(InputMethodService.java:3521)
02-19 13:23:36.934  1563  1563 I EmojiCompatManager: 	at android.inputmethodservice.InputMethodService$InputMethodImpl.startInput(InputMethodService.java:879)
02-19 13:23:36.934  1563  1563 I EmojiCompatManager: 	at android.inputmethodservice.InputMethodService$InputMethodImpl.dispatchStartInput(InputMethodService.java:908)
02-19 13:23:36.934  1563  1563 I EmojiCompatManager: 	at android.inputmethodservice.IInputMethodWrapper.executeMessage(IInputMethodWrapper.java:201)
02-19 13:23:36.934  1563  1563 I EmojiCompatManager: 	at com.android.internal.os.HandlerCaller$MyHandler.handleMessage(HandlerCaller.java:44)
02-19 13:23:36.934  1563  1563 I EmojiCompatManager: 	at android.os.Handler.dispatchMessage(Handler.java:110)
02-19 13:23:36.934  1563  1563 I EmojiCompatManager: 	at android.os.Looper.loopOnce(Looper.java:248)
02-19 13:23:36.934  1563  1563 I EmojiCompatManager: 	at android.os.Looper.loop(Looper.java:338)
02-19 13:23:36.934  1563  1563 I EmojiCompatManager: 	at android.app.ActivityThread.main(ActivityThread.java:9067)
02-19 13:23:36.934  1563  1563 I EmojiCompatManager: 	at java.lang.reflect.Method.invoke(Native Method)
02-19 13:23:36.934  1563  1563 I EmojiCompatManager: 	at com.android.internal.os.RuntimeInit$MethodAndArgsCaller.run(RuntimeInit.java:593)
02-19 13:23:36.934  1563  1563 I EmojiCompatManager: 	at com.android.internal.os.ZygoteInit.main(ZygoteInit.java:932)
02-19 13:23:36.938   752  2502 W PackageConfigPersister: App-specific configuration not found for packageName: viva.republica.toss.test and userId: 0
02-19 13:23:36.940   752   794 V WindowManager: Sent Transition (#396) createdAt=02-19 13:23:36.095 via request=TransitionRequestInfo { type = OPEN, triggerTask = TaskInfo{userId=0 taskId=56 effectiveUid=10217 displayId=0 isRunning=true baseIntent=Intent { act=android.intent.action.VIEW dat=intoss://takealook/... flg=0x10000000 pkg=viva.republica.toss.test cmp=viva.republica.toss.test/.MiniAppSchemeActivity } baseActivity=ComponentInfo{viva.republica.toss.test/im.toss.rn.granite.core.GraniteActivity} topActivity=ComponentInfo{viva.republica.toss.test/im.toss.rn.granite.core.GraniteActivity} origActivity=null realActivity=ComponentInfo{viva.republica.toss.test/viva.republica.toss.test.MiniAppSchemeActivity} numActivities=6 lastActiveTime=86407858 supportsMultiWindow=true resizeMode=1 isResizeable=true minWidth=-1 minHeight=-1 defaultMinSize=220 token=WCT{RemoteToken{29715c6 Task{fa7be33 #56 type=standard A=10217:viva.republica.toss.test}}} topActivityType=1 pictureInPictureParams=null shouldDockBigOverlays=false launchIntoPipHostTaskId=-1 lastParentTaskIdBeforePip=-1 displayCutoutSafeInsets=Rect(0, 0 - 0, 0) topActivityInfo=ActivityInfo{299934d im.toss.rn.granite.core.GraniteActivity} launchCookies=[] positionInParent=Point(0, 0) parentTaskId=-1 isFocused=true isVisible=true isVisibleRequested=true isTopActivityNoDisplay=false isSleeping=false locusId=null displayAreaFeatureId=1 isTopActivityTransparent=false isActivityStackTransparent=false lastNonFullscreenBounds=Rect(284, 660 - 796, 1740) capturedLink=null capturedLinkTimestamp=0 requestedVisibleTypes=-9 topActivityRequestOpenInBrowserEducationTimestamp=0 appCompatTaskInfo=AppCompatTaskInfo { topActivityInSizeCompat=false eligibleForLetterboxEducation= false isLetterboxEducationEnabled= true isLetterboxDoubleTapEnabled= false eligibleForUserAspectRatioButton= false topActivityBoundsLetterboxed= false isFromLetterboxDoubleTap= false topActivityLetterboxVerticalPosition= -1 topActivityLetterboxHorizontalPosition= -1 topActivityLetterboxWidth=-1 topActivityLetterboxHeight=-1 topActivityAppBounds=Rect(0, 0 - 1080, 2400) isUserFullscreenOverrideEnabled=false isSystemFullscreenOverrideEnabled=false hasMinAspectRatioOverride=false topActivityLetterboxBounds=null cameraCompatTaskInfo=CameraCompatTaskInfo { freeformCameraCompatMode=inactive}} topActivityMainWindowFrame=null}, pipChange = null, remoteTransition = null, displayChange = null, flags = 65536, debugId = 396 }
02-19 13:23:36.941   752   794 V WindowManager:     startWCT=WindowContainerTransaction { changes= {} hops= [] errorCallbackToken=null taskFragmentOrganizer=null }
02-19 13:23:36.941   752   794 V WindowManager:     info={id=396 t=OPEN f=0x10000 trk=0 r=[0@Point(0, 0)] c=[
02-19 13:23:36.941   752   794 V WindowManager:         {WCT{RemoteToken{29715c6 Task{fa7be33 #56 type=standard A=10217:viva.republica.toss.test}}} m=CHANGE f=MOVE_TO_TOP leash=Surface(name=Task=56)/@0xf76b753 sb=Rect(0, 0 - 1080, 2400) eb=Rect(0, 0 - 1080, 2400) epz=Point(1080, 2400) d=0 taskParent=-1},
02-19 13:23:36.941   752   794 V WindowManager:         {WCT{RemoteToken{5218fe8 Task{dd43522 #1 type=home}}} m=TO_BACK f=SHOW_WALLPAPER leash=Surface(name=Task=1)/@0x8ddbd2e sb=Rect(0, 0 - 1080, 2400) eb=Rect(0, 0 - 1080, 2400) epz=Point(1080, 2400) d=0 taskParent=-1},
02-19 13:23:36.941   752   794 V WindowManager:         {m=TO_BACK f=IS_WALLPAPER leash=Surface(name=WallpaperWindowToken{35e0c0f showWhenLocked=false})/@0x512f5be sb=Rect(0, 0 - 1080, 2400) eb=Rect(0, 0 - 1080, 2400) epz=Point(1080, 2400) d=0}
02-19 13:23:36.941   752   794 V WindowManager:     ]}
02-19 13:23:36.943  4449 22136 V WindowManagerShell: onTransitionReady(transaction=3229815418318)
02-19 13:23:36.950  4449  4467 V WindowManagerShell: onTransitionReady (#396) android.os.BinderProxy@b93505b: {id=396 t=OPEN f=0x10000 trk=0 r=[0@Point(0, 0)] c=[
02-19 13:23:36.950  4449  4467 V WindowManagerShell:         {m=CHANGE f=MOVE_TO_TOP leash=Surface(name=Task=56)/@0x19dcc36 sb=Rect(0, 0 - 1080, 2400) eb=Rect(0, 0 - 1080, 2400) epz=Point(1080, 2400) d=0 taskParent=-1},
02-19 13:23:36.950  4449  4467 V WindowManagerShell:         {m=TO_BACK f=SHOW_WALLPAPER leash=Surface(name=Task=1)/@0xc2c9737 sb=Rect(0, 0 - 1080, 2400) eb=Rect(0, 0 - 1080, 2400) epz=Point(1080, 2400) d=0 taskParent=-1},
02-19 13:23:36.950  4449  4467 V WindowManagerShell:         {m=TO_BACK f=IS_WALLPAPER leash=Surface(name=WallpaperWindowToken{35e0c0f showWhenLocked=false})/@0x9954a4 sb=Rect(0, 0 - 1080, 2400) eb=Rect(0, 0 - 1080, 2400) epz=Point(1080, 2400) d=0}
02-19 13:23:36.950  4449  4467 V WindowManagerShell:     ]}
02-19 13:23:36.953  4449  4467 V WindowManagerShell: Transition (#396) android.os.BinderProxy@b93505b@0 ready while (#393) android.os.BinderProxy@b0066b6@0 is still animating. Notify the animating transition in case they can be merged
02-19 13:23:36.953  4449  4467 V ShellRecents: [87777207] RecentsController.merge
02-19 13:23:36.953  4449  4467 V ShellRecents:   opening pausing leaf taskId=56
02-19 13:23:36.954  4449  4467 V ShellRecents: [87777207] RecentsController.merge: empty pausing tasks
02-19 13:23:36.954  4449  4467 V ShellRecents: [87777207] RecentsController.merge: consuming merge
02-19 13:23:36.955  4449  4467 V WindowManagerShell: Transition was merged: (#396) android.os.BinderProxy@b93505b@0 into (#393) android.os.BinderProxy@b0066b6@0
02-19 13:23:36.955  4449  4467 V ShellRecents: [87777207] RecentsController.merge: calling onTasksAppeared
02-19 13:23:36.976   531   590 I BpBinder: onLastStrongRef automatically unlinking death recipients: 
02-19 13:23:36.977  4449  4467 V ShellRecents: [87777207] RecentsController.finishInner: toHome=true userLeave=true willFinishToHome=true state=0 hasPausingTasks=true reason=requested
02-19 13:23:36.977  4449  4467 V ShellRecents:   normal finish
02-19 13:23:36.984  4449  4467 V ShellRecents: [87777207] RecentsController.finishInner: Completing finish
02-19 13:23:36.984  4449  4467 V ShellRecents: [87777207] RecentsController.cleanup
02-19 13:23:36.985  4449  4467 V WindowManagerShell: Transition animation finished (aborted=false), notifying core (#393) android.os.BinderProxy@b0066b6@0
02-19 13:23:36.989   752   794 V WindowManager: Finish Transition (#393): created at 02-19 13:22:12.088 collect-started=0.78ms started=2.56ms ready=231.393ms sent=246.603ms commit=89.068ms finished=84899.221ms
02-19 13:23:36.992   617   617 W SplitSelectStateCtor: Missing session instanceIds
02-19 13:23:36.993   617   617 D StatsLog: LAUNCHER_SPLIT_SELECTION_EXIT_INTERRUPTED
02-19 13:23:37.000   617   641 I HWUI    : Davey! duration=898ms; Flags=0, FrameTimelineVsyncId=1354229, IntendedVsync=86489888813928, Vsync=86490188813916, InputEventId=0, HandleInputStart=86490191261289, AnimationStart=86490191262672, PerformTraversalsStart=86490476230283, DrawStart=86490479519293, FrameDeadline=86490205480582, FrameStartTime=86490189995886, FrameInterval=16666666, WorkloadTarget=16666666, SyncQueued=86490480431121, SyncStart=86490480507267, IssueDrawCommandsStart=86490481289085, SwapBuffers=86490759103125, FrameCompleted=86490787441113, DequeueBufferDuration=8675, QueueBufferDuration=523199, GpuCompleted=86490787441113, SwapBuffersCompleted=86490771315016, DisplayPresentTime=0, CommandSubmissionCompleted=86490759103125, 
02-19 13:23:37.110   617   617 D VRI[NexusLauncherActivity]: visibilityChanged oldVisibility=true newVisibility=false
02-19 13:23:37.111   752  1095 D BackgroundInstallControlService: Package event received: 0
02-19 13:23:37.114   752   794 V WindowManager: Finish Transition (#396): created at 02-19 13:23:36.095 collect-started=0.021ms request-sent=8.19ms started=14.844ms ready=824.576ms sent=842.387ms commit=95.749ms finished=1019.028ms
02-19 13:23:37.117  4449  4467 V WindowManagerShell: Track 0 became idle
02-19 13:23:37.117  4449  4467 V WindowManagerShell: All active transition animations finished
02-19 13:23:37.117  4449  4467 V ShellRecents: [87777207] RecentsController.finishInner: calling finish callback
02-19 13:23:37.118  4449  4467 D WindowManagerShell: setLauncherKeepClearAreaHeight: visible=false, height=527
02-19 13:23:37.127   617   617 D NexusLauncherModelDelegate: notifySmartspaceEvent: SmartspaceTargetEvent{mSmartspaceTarget=null, mSmartspaceActionId='null', mEventType=7}
02-19 13:23:37.133   752  1095 D BackgroundInstallControlService: Package event received: 0
02-19 13:23:37.638   617   617 D RecentsView: onRecentsAnimationComplete - mRecentsAnimationController: com.android.quickstep.RecentsAnimationController@fcc3d29, mSideTaskLaunchCallback: null
02-19 13:23:37.638   617   617 D RecentsView: onRecentsAnimationComplete - mRecentsAnimationController: null, mSideTaskLaunchCallback: null
02-19 13:23:37.639   617   617 D BaseDepthController: setSurface:
02-19 13:23:37.639   617   617 D BaseDepthController: 	mWaitingOnSurfaceValidity: false
02-19 13:23:37.639   617   617 D BaseDepthController: 	mBaseSurface: null
02-19 13:23:37.640   617   617 D BaseDepthController: mSurface is null and mCurrentBlur is: 0
02-19 13:23:37.643   617   617 D StateManager: goToState - fromState: Normal, toState: Normal, partial trace:
02-19 13:23:37.643   617   617 D StateManager: 	at com.android.launcher3.statemanager.StateManager.moveToRestState(go/retraceme 72a59688580715d19f0e415c69e80376c2f062d1648c80db6730905005a27c20:4)
02-19 13:23:37.643   617   617 D StateManager: 	at com.android.launcher3.statemanager.StateManager.moveToRestState(go/retraceme 72a59688580715d19f0e415c69e80376c2f062d1648c80db6730905005a27c20:1)
02-19 13:23:37.643   617   617 D StateManager: 	at com.android.launcher3.statemanager.StatefulActivity.onStop(go/retraceme 72a59688580715d19f0e415c69e80376c2f062d1648c80db6730905005a27c20:34)
02-19 13:23:37.646   617   617 D StatsLog: LAUNCHER_ONSTOP
02-19 13:23:37.650   617   617 D StatsLog: LAUNCHER_GOOGLE_SEARCH_RESTORE_LIST_SIZE_AFTER_ACTIVITY_RESTART
02-19 13:23:37.653   617   617 I Choreographer: Skipped 30 frames!  The application may be doing too much work on its main thread.
02-19 13:23:37.664   752  1095 D BackgroundInstallControlService: Package event received: 0
02-19 13:23:37.848   752   975 E ActivityManager: Sending non-protected broadcast android.intent.action.UPDATE_CT_LOGS from system uid 1000 pkg android
02-19 13:23:37.848   752   975 E ActivityManager: java.lang.Throwable
02-19 13:23:37.848   752   975 E ActivityManager: 	at com.android.server.am.BroadcastController.checkBroadcastFromSystem(BroadcastController.java:2145)
02-19 13:23:37.848   752   975 E ActivityManager: 	at com.android.server.am.BroadcastController.broadcastIntentLockedTraced(BroadcastController.java:1646)
02-19 13:23:37.848   752   975 E ActivityManager: 	at com.android.server.am.BroadcastController.broadcastIntentLocked(BroadcastController.java:807)
02-19 13:23:37.848   752   975 E ActivityManager: 	at com.android.server.am.BroadcastController.broadcastIntentInPackage(BroadcastController.java:774)
02-19 13:23:37.848   752   975 E ActivityManager: 	at com.android.server.am.ActivityManagerService$LocalService.broadcastIntentInPackage(ActivityManagerService.java:17221)
02-19 13:23:37.848   752   975 E ActivityManager: 	at com.android.server.am.PendingIntentRecord.sendInner(PendingIntentRecord.java:674)
02-19 13:23:37.848   752   975 E ActivityManager: 	at com.android.server.am.PendingIntentRecord.sendWithResult(PendingIntentRecord.java:380)
02-19 13:23:37.848   752   975 E ActivityManager: 	at com.android.server.am.ActivityManagerService.sendIntentSender(ActivityManagerService.java:5618)
02-19 13:23:37.848   752   975 E ActivityManager: 	at android.app.PendingIntent.sendAndReturnResult(PendingIntent.java:1116)
02-19 13:23:37.848   752   975 E ActivityManager: 	at android.app.PendingIntent.send(PendingIntent.java:1082)
02-19 13:23:37.848   752   975 E ActivityManager: 	at com.android.server.alarm.AlarmManagerService$DeliveryTracker.deliverLocked(AlarmManagerService.java:5358)
02-19 13:23:37.848   752   975 E ActivityManager: 	at com.android.server.alarm.AlarmManagerService.deliverAlarmsLocked(AlarmManagerService.java:4322)
02-19 13:23:37.848   752   975 E ActivityManager: 	at com.android.server.alarm.AlarmManagerService$AlarmThread.run(AlarmManagerService.java:4598)
02-19 13:23:37.854   752   752 W Looper  : Slow dispatch took 140ms main app=system_server main=true group=FOREGROUND h=android.app.ActivityThread$H c=null m=114
02-19 13:23:37.874   752   805 V GrammaticalInflectionUtils: AttributionSource: android.content.AttributionSource@89b2bacf does not have READ_SYSTEM_GRAMMATICAL_GENDER permission.
02-19 13:23:37.882   752   752 D BackupManagerService: [UserID:0] Scheduling immediate backup pass
02-19 13:23:37.889   752   752 W BackupManagerService: [UserID:0] Backup pass but enabled=false setupComplete=true
02-19 13:23:37.946   752  1095 D BackgroundInstallControlService: Package event received: 0
02-19 13:23:37.947   752   752 V GrammaticalInflectionUtils: AttributionSource: android.content.AttributionSource@90861d4b does not have READ_SYSTEM_GRAMMATICAL_GENDER permission.
02-19 13:23:37.975   458   458 D Zygote  : Forked child process 2087
02-19 13:23:37.983   752   806 W ActivityManager: Slow operation: 102ms so far, now at startProcess: returned from zygote!
02-19 13:23:37.986   752   806 W ActivityManager: Slow operation: 106ms so far, now at startProcess: done updating battery stats
02-19 13:23:37.991   752   806 W ActivityManager: Slow operation: 110ms so far, now at startProcess: building log message
02-19 13:23:37.991   752   806 I ActivityManager: Start proc 2087:com.android.providers.calendar/u0a97 for broadcast {com.android.providers.calendar/com.android.providers.calendar.CalendarProviderBroadcastReceiver}
02-19 13:23:37.991   752   806 W ActivityManager: Slow operation: 111ms so far, now at startProcess: starting to update pids map
02-19 13:23:37.992   752   806 I ActivityManager: ProcessObserver broadcast disabled
02-19 13:23:37.993   752   806 W ActivityManager: Slow operation: 112ms so far, now at startProcess: done updating pids map
02-19 13:23:38.014   458   458 D Zygote  : Forked child process 2088
02-19 13:23:38.014   752   806 W ActivityManager: Slow operation: 67ms so far, now at startProcess: returned from zygote!
02-19 13:23:38.015   752   806 W ActivityManager: Slow operation: 67ms so far, now at startProcess: done updating battery stats
02-19 13:23:38.015   752   806 W ActivityManager: Slow operation: 67ms so far, now at startProcess: building log message
02-19 13:23:38.015   752   806 I ActivityManager: Start proc 2088:android.process.media/u0a101 for content provider {com.android.providers.downloads/com.android.providers.downloads.DownloadProvider}
02-19 13:23:38.015   752   806 W ActivityManager: Slow operation: 67ms so far, now at startProcess: starting to update pids map
02-19 13:23:38.015   752   806 I ActivityManager: ProcessObserver broadcast disabled
02-19 13:23:38.015   752   806 W ActivityManager: Slow operation: 68ms so far, now at startProcess: done updating pids map
02-19 13:23:38.601  2099  2099 W dumpsys : Thread Pool max thread count is 0. Cannot cache binder as linkToDeath cannot be implemented. serviceName: window
02-19 13:23:39.031   752  1509 I system_server: AssetManager2(0x7d8fac4928f8) locale list changing from [] to [en-US]
02-19 13:23:39.081   752  1509 I system_server: AssetManager2(0x7d8fac496db8) locale list changing from [] to [en-US]
02-19 13:23:39.090   752  1509 I system_server: AssetManager2(0x7d8fac493898) locale list changing from [] to [en-US]
02-19 13:23:39.248   752  1509 I system_server: AssetManager2(0x7d8fac49d7f8) locale list changing from [] to [en-US]
02-19 13:23:39.263   752  1509 I system_server: AssetManager2(0x7d8fac49e798) locale list changing from [] to [en-US]
02-19 13:23:39.284   752  1509 I system_server: AssetManager2(0x7d8fac49db18) locale list changing from [] to [en-US]
02-19 13:23:39.388   752  1856 E TaskPersister: File error accessing recents directory (directory doesn't exist?).
02-19 13:23:39.772   617   641 D OverviewCommandHelper: command added: CommandInfo(type=TOGGLE, status=IDLE, createTime=86493618, animationCallbacks=null, displayId=0, isLastOfBatch=true)
02-19 13:23:39.772   617   641 D OverviewCommandHelper: execute: CommandInfo(type=TOGGLE, status=IDLE, createTime=86493618, animationCallbacks=null, displayId=0, isLastOfBatch=true) - queue size: 1
02-19 13:23:39.772   617   617 D OverviewCommandHelper: executing command: CommandInfo(type=TOGGLE, status=PROCESSING, createTime=86493618, animationCallbacks=null, displayId=0, isLastOfBatch=true)
02-19 13:23:39.773   617   617 D OverviewCommandHelper: executeCommand: CommandInfo(type=TOGGLE, status=PROCESSING, createTime=86493618, animationCallbacks=null, displayId=0, isLastOfBatch=true) - visibleRecentsView: null
02-19 13:23:39.773   617   617 D OverviewCommandHelper: Querying TaskbarManager for TaskbarUIController for display: 0
02-19 13:23:39.773   617   617 D OverviewCommandHelper: TaskbarUIController for display 0 was found
02-19 13:23:39.786   617   617 D ContextTracker: Registering callback: com.android.launcher3.LauncherInitListener@bcf97c7, reason=OverviewCommandHelper: command.type=TOGGLE
02-19 13:23:39.788   617   617 D RecentsView: onGestureAnimationStart - groupedTaskInfo: Desk ID= -1, Desk Display ID=-1, Tasks=[id=56 winMode=fullscreen visReq=true vis=true excluded=false baseIntent=viva.republica.toss.test/.MiniAppSchemeActivity], Type=FULLSCREEN, Minimized Task IDs=null
02-19 13:23:39.788  2088  2088 I d.process.media: Using CollectorTypeCMC GC.
02-19 13:23:39.789  2087  2087 I viders.calendar: Using CollectorTypeCMC GC.
02-19 13:23:39.790   617   617 D RecentsView: showCurrentTask(onGestureAnimationStart) - groupedTaskInfo: Desk ID= -1, Desk Display ID=-1, Tasks=[id=56 winMode=fullscreen visReq=true vis=true excluded=false baseIntent=viva.republica.toss.test/.MiniAppSchemeActivity], Type=FULLSCREEN, Minimized Task IDs=null
02-19 13:23:39.791   617   617 D OverviewActionsView: updateForGroupedTask() called with: isGroupedTask = [false], canSaveAppPair = [false]
02-19 13:23:39.791  4449  4449 I vol.VolumeDialogImpl: mDialog.dismiss() reason: volume_controller from: com.android.systemui.volume.VolumeDialogImpl$7.onDismissRequested:3
02-19 13:23:39.791   617   617 D OverviewActionsView: updateActionButtonsVisibility() called: showSingleTaskActions = [true], showGroupActions = [false]
02-19 13:23:39.792   617   617 D RecentsView: reloadIfNeeded - getTasks: 48
02-19 13:23:39.796   617   617 D RecentsView: onGestureAnimationStart - groupedTaskInfo: Desk ID= -1, Desk Display ID=-1, Tasks=[id=56 winMode=fullscreen visReq=true vis=true excluded=false baseIntent=viva.republica.toss.test/.MiniAppSchemeActivity], Type=FULLSCREEN, Minimized Task IDs=null
02-19 13:23:39.796   617   617 D RecentsView: showCurrentTask(onGestureAnimationStart) - groupedTaskInfo: Desk ID= -1, Desk Display ID=-1, Tasks=[id=56 winMode=fullscreen visReq=true vis=true excluded=false baseIntent=viva.republica.toss.test/.MiniAppSchemeActivity], Type=FULLSCREEN, Minimized Task IDs=null
02-19 13:23:39.797   617   617 D OverviewActionsView: updateForGroupedTask() called with: isGroupedTask = [false], canSaveAppPair = [false]
02-19 13:23:39.797   617   617 D OverviewActionsView: updateActionButtonsVisibility() called: showSingleTaskActions = [true], showGroupActions = [false]
02-19 13:23:39.798   617   617 D RecentsView: reloadIfNeeded - task list still valid: 48
02-19 13:23:39.798  4449  4467 V ShellRecents: RecentsTransitionHandler.startRecentsTransition
02-19 13:23:39.799  4449  4467 V WindowManagerShell: Directly starting a new transition type=TO_FRONT wct=WindowContainerTransaction { changes= {} hops= [{pendingIntent: options=Bundle[{android.activity.splashScreenStyle=-1, android.activity.sourceInfo=Supplier{VAL_PARCELABLE@148+104}, android.pendingIntent.backgroundActivityAllowed=3, android:activity.animAbortListener=null, android.activity.transientLaunch=true}]}] errorCallbackToken=null taskFragmentOrganizer=null } handler=com.android.wm.shell.recents.RecentsTransitionHandler@bc47314
02-19 13:23:39.799   617   617 D OverviewCommandHelper: switching via recents animation - onGestureStarted: CommandInfo(type=TOGGLE, status=PROCESSING, createTime=86493618, animationCallbacks=com.android.quickstep.RecentsAnimationCallbacks@ba516c1, displayId=0, isLastOfBatch=true)
02-19 13:23:39.803   752   797 I ActivityManager: updateOomAdj start time is before than pendingPid added, don't delete it
02-19 13:23:39.807  2087  2087 W viders.calendar: Unexpected CPU variant for x86: x86_64.
02-19 13:23:39.807  2087  2087 W viders.calendar: Known variants: atom, sandybridge, silvermont, goldmont, goldmont-plus, goldmont-without-sha-xsaves, tremont, kabylake, alderlake, default
02-19 13:23:39.807  4449  4467 V ShellRecents: [42272331] RecentsController.setTransition: id=android.os.BinderProxy@decfb1a
02-19 13:23:39.808  2088  2088 W d.process.media: Unexpected CPU variant for x86: x86_64.
02-19 13:23:39.808  2088  2088 W d.process.media: Known variants: atom, sandybridge, silvermont, goldmont, goldmont-plus, goldmont-without-sha-xsaves, tremont, kabylake, alderlake, default
02-19 13:23:39.810   531   531 I BpBinder: onLastStrongRef automatically unlinking death recipients: 
02-19 13:23:39.812   617   617 D OverviewCommandHelper: command executed: CommandInfo(type=TOGGLE, status=PROCESSING, createTime=86493618, animationCallbacks=com.android.quickstep.RecentsAnimationCallbacks@ba516c1, displayId=0, isLastOfBatch=true) with result: false
02-19 13:23:39.812   617   617 D OverviewCommandHelper: waiting for command callback: CommandInfo(type=TOGGLE, status=PROCESSING, createTime=86493618, animationCallbacks=com.android.quickstep.RecentsAnimationCallbacks@ba516c1, displayId=0, isLastOfBatch=true)
02-19 13:23:39.813   617   617 D RecentsView: applyLoadPlan - taskGroups: [type=SINGLE task=[id=12 windowingMode=0 user=0 lastActiveTime=89737] null, type=SINGLE task=[id=49 windowingMode=1 user=0 lastActiveTime=83987405] null, type=SINGLE task=[id=56 windowingMode=1 user=0 lastActiveTime=86407858] null]
02-19 13:23:39.821   617   617 D ViewRootImpl: Skipping stats log for color mode
02-19 13:23:39.821  4449  4449 I vol.VolumeDialogImpl: mDialog.dismiss() reason: volume_controller from: com.android.systemui.volume.VolumeDialogImpl$7.onDismissRequested:3
02-19 13:23:39.821  4449  4449 D vol.VolumeDialogImpl: dismissH: skipping dismiss because isAnimatingDismiss is true and showingStateInconsistent is false
02-19 13:23:39.822   617   617 D StateManager: goToState - fromState: Normal, toState: Background, partial trace:
02-19 13:23:39.822   617   617 D StateManager: 	at com.android.quickstep.BaseActivityInterface$DefaultAnimationFactory.initBackgroundStateUI(go/retraceme 72a59688580715d19f0e415c69e80376c2f062d1648c80db6730905005a27c20:39)
02-19 13:23:39.822   617   617 D StateManager: 	at com.android.quickstep.LauncherActivityInterface.prepareRecentsUI(go/retraceme 72a59688580715d19f0e415c69e80376c2f062d1648c80db6730905005a27c20:9)
02-19 13:23:39.822   617   617 D StateManager: 	at com.android.quickstep.AbsSwipeUpHandler.lambda$onLauncherStart$7(go/retraceme 72a59688580715d19f0e415c69e80376c2f062d1648c80db6730905005a27c20:11)
02-19 13:23:39.822   617   617 D StateManager: onStateTransitionStart - state: Background
02-19 13:23:39.824   617   617 D BaseDepthController: mSurface is null and mCurrentBlur is: 0
02-19 13:23:39.827   617   617 D KeyboardInsetsHandler: setState, toState:Background StateManager(mLastStableState:Normal, mCurrentStableState:Normal, mState:Background, mRestState:Normal, isInTransition:false)
02-19 13:23:39.827   617   617 D StateManager: onStateTransitionEnd - state: Background
02-19 13:23:39.829   752  1095 D BackgroundInstallControlService: Package event received: 0
02-19 13:23:39.829   752  1095 D BackgroundInstallControlService: Package event received: 0
02-19 13:23:39.829   752  1095 D BackgroundInstallControlService: Package event received: 0
02-19 13:23:39.834   617   617 D RecentsView: updateTaskStackListenerState: true
02-19 13:23:39.834   617   617 D RecentsView: reloadIfNeeded - task list still valid: 48
02-19 13:23:39.834   617   617 D NexusLauncherModelDelegate: notifySmartspaceEvent: SmartspaceTargetEvent{mSmartspaceTarget=null, mSmartspaceActionId='null', mEventType=6}
02-19 13:23:40.006   617   617 D BaseDepthController: setSurface:
02-19 13:23:40.006   617   617 D BaseDepthController: 	mWaitingOnSurfaceValidity: false
02-19 13:23:40.006   617   617 D BaseDepthController: 	mBaseSurface: Surface(name=com.google.android.apps.nexuslauncher/com.google.android.apps.nexuslauncher.NexusLauncherActivity)/@0x2710b18
02-19 13:23:40.036   617   617 D ActivityAllAppsContainerView: rebindAdapters: force: false
02-19 13:23:40.037   531   602 I BpBinder: onLastStrongRef automatically unlinking death recipients: 
02-19 13:23:40.036   617   617 D ActivityAllAppsContainerView: rebindAdapters: Not needed.
02-19 13:23:40.044   531   531 I BpBinder: onLastStrongRef automatically unlinking death recipients: 
02-19 13:23:40.047  4449  4463 V WindowManagerShell: onTransitionReady(transaction=3229815418339)
02-19 13:23:40.047  4449  4467 V WindowManagerShell: onTransitionReady (#397) android.os.BinderProxy@decfb1a: {id=397 t=TO_FRONT f=0x80 trk=0 r=[0@Point(0, 0)] c=[
02-19 13:23:40.047  4449  4467 V WindowManagerShell:         {m=TO_FRONT f=SHOW_WALLPAPER|MOVE_TO_TOP leash=Surface(name=Task=1)/@0x24faee6 sb=Rect(0, 0 - 1080, 2400) eb=Rect(0, 0 - 1080, 2400) epz=Point(1080, 2400) d=0 taskParent=-1},
02-19 13:23:40.047  4449  4467 V WindowManagerShell:         {m=TO_BACK f=NONE leash=Surface(name=Task=56)/@0xf1bbc27 sb=Rect(0, 0 - 1080, 2400) eb=Rect(0, 0 - 1080, 2400) epz=Point(1080, 2400) d=0 taskParent=-1},
02-19 13:23:40.047  4449  4467 V WindowManagerShell:         {m=TO_FRONT f=IS_WALLPAPER leash=Surface(name=WallpaperWindowToken{35e0c0f showWhenLocked=false})/@0xf4d2ed4 sb=Rect(0, 0 - 1080, 2400) eb=Rect(0, 0 - 1080, 2400) epz=Point(1080, 2400) d=0}
02-19 13:23:40.047  4449  4467 V WindowManagerShell:     ]}
02-19 13:23:40.048  4449  4467 V WindowManagerShell: Playing animation for (#397) android.os.BinderProxy@decfb1a@0
02-19 13:23:40.048  4449  4467 V WindowManagerShell:  try firstHandler com.android.wm.shell.recents.RecentsTransitionHandler@bc47314
02-19 13:23:40.049  4449  4467 V ShellRecents: [42272331] RecentsController.start
02-19 13:23:40.055  4449  4467 V ShellRecents:   not handling home taskId=1
02-19 13:23:40.056  4449  4467 V ShellRecents:   adding pausing leaf taskId=56 at layer=8
02-19 13:23:40.057  4449  4467 V ShellRecents: Applying transaction=3229815418339
02-19 13:23:40.058  4449  4467 V ShellRecents: No matching remote found to takeover (#397)
02-19 13:23:40.058  4449  4467 V ShellSplitScreen: getSplitBoundsForTaskId: expected split bounds for taskId=56 but not found
02-19 13:23:40.058  4449  4467 V ShellRecents: [42272331] RecentsController.start: calling onAnimationStart with 2 apps
02-19 13:23:40.059  4449  4467 V WindowManagerShell:  animated by firstHandler
02-19 13:23:40.063   617   617 D RemoteTargetGluer: appCount: 1 handleLength: 4
02-19 13:23:40.087   617   617 D RemoteTargetGluer: resizing handles
02-19 13:23:40.088   617   617 D RemoteTargetGluer: containsSplitTargets? false handleLength: 1 appsLength: 1
02-19 13:23:40.088   617   617 D RecentsView: setRecentsAnimationTargets - recentsAnimationController: com.android.quickstep.RecentsAnimationController@6bb167, recentsAnimationTargets: com.android.quickstep.RecentsAnimationTargets@a921b14
02-19 13:23:40.089   617   617 D RemoteTargetGluer: appCount: 1 handleLength: 1
02-19 13:23:40.089   617   617 D RemoteTargetGluer: containsSplitTargets? false handleLength: 1 appsLength: 1
02-19 13:23:40.090   617   617 D OverviewCommandHelper: recents animation started: CommandInfo(type=TOGGLE, status=PROCESSING, createTime=86493618, animationCallbacks=com.android.quickstep.RecentsAnimationCallbacks@ba516c1, displayId=0, isLastOfBatch=true)
02-19 13:23:40.090   617   617 D StatsLog: LAUNCHER_OVERVIEW_SHOW_OVERVIEW_FROM_3_BUTTON
02-19 13:23:40.091   617   617 D OverviewCommandHelper: recents animation started - onInitBackgroundStateUI: CommandInfo(type=TOGGLE, status=PROCESSING, createTime=86493618, animationCallbacks=com.android.quickstep.RecentsAnimationCallbacks@ba516c1, displayId=0, isLastOfBatch=true)
02-19 13:23:40.096   617   617 D RecentsView: onPrepareGestureEndAnimation - endTarget: RECENTS
02-19 13:23:40.106   752   794 V WindowManager: Sent Transition (#397) createdAt=02-19 13:23:39.799
02-19 13:23:40.109   752   794 V WindowManager:     startWCT=WindowContainerTransaction { changes= {} hops= [{pendingIntent: options=Bundle[{android.activity.splashScreenStyle=-1, android.activity.sourceInfo=android.app.ActivityOptions$SourceInfo@484a5b, android.pendingIntent.backgroundActivityAllowed=3, android:activity.animAbortListener=null, android.activity.transientLaunch=true}]}] errorCallbackToken=null taskFragmentOrganizer=null }
02-19 13:23:40.109   752   794 V WindowManager:     info={id=397 t=TO_FRONT f=0x80 trk=0 r=[0@Point(0, 0)] c=[
02-19 13:23:40.109   752   794 V WindowManager:         {WCT{RemoteToken{5218fe8 Task{dd43522 #1 type=home}}} m=TO_FRONT f=SHOW_WALLPAPER|MOVE_TO_TOP leash=Surface(name=Task=1)/@0x8ddbd2e sb=Rect(0, 0 - 1080, 2400) eb=Rect(0, 0 - 1080, 2400) epz=Point(1080, 2400) d=0 taskParent=-1},
02-19 13:23:40.109   752   794 V WindowManager:         {WCT{RemoteToken{29715c6 Task{fa7be33 #56 type=standard A=10217:viva.republica.toss.test}}} m=TO_BACK f=NONE leash=Surface(name=Task=56)/@0xf76b753 sb=Rect(0, 0 - 1080, 2400) eb=Rect(0, 0 - 1080, 2400) epz=Point(1080, 2400) d=0 taskParent=-1},
02-19 13:23:40.109   752   794 V WindowManager:         {m=TO_FRONT f=IS_WALLPAPER leash=Surface(name=WallpaperWindowToken{35e0c0f showWhenLocked=false})/@0x512f5be sb=Rect(0, 0 - 1080, 2400) eb=Rect(0, 0 - 1080, 2400) epz=Point(1080, 2400) d=0}
02-19 13:23:40.109   752   794 V WindowManager:     ]}
02-19 13:23:40.154  4449  4467 V ShellRecents: [42272331] RecentsController.setInputConsumerEnabled: set focus to recents
02-19 13:23:40.189  2087  2087 E viders.calendar: Not starting debugger since process cannot load the jdwp agent.
02-19 13:23:40.189  2088  2088 E d.process.media: Not starting debugger since process cannot load the jdwp agent.
02-19 13:23:40.420  2087  2087 D nativeloader: Load libframework-connectivity-tiramisu-jni.so using APEX ns com_android_tethering for caller /apex/com.android.tethering/javalib/framework-connectivity-t.jar: ok
