--------- beginning of main
02-19 22:00:39.748   752  1029 D InetDiagMessage: Destroyed 0 sockets, proto=IPPROTO_TCP, family=AF_INET6, states=14
02-19 22:00:39.748   752  1029 D InetDiagMessage: Destroyed live tcp sockets for uids={10205} in 5ms
02-19 22:00:39.924   752   775 I system_server: Background concurrent mark compact GC freed 22MB AllocSpace bytes, 53(1096KB) LOS objects, 42% free, 33MB/57MB, paused 2.848ms,5.899ms total 320.857ms
02-19 22:00:39.926   752   776 I BpBinder: onLastStrongRef automatically unlinking death recipients: 
02-19 22:00:39.927   752   777 W System  : A resource failed to call release. 
02-19 22:00:40.077   752  1029 D InetDiagMessage: Destroyed 0 sockets, proto=IPPROTO_TCP, family=AF_INET, states=14
02-19 22:00:40.078   752  1029 D InetDiagMessage: Destroyed 0 sockets, proto=IPPROTO_TCP, family=AF_INET6, states=14
02-19 22:00:40.078   752  1029 D InetDiagMessage: Destroyed live tcp sockets for uids={10146} in 3ms
02-19 22:00:42.015   531   568 W EventThread: Faking VSYNC due to driver stall for thread app
02-19 22:00:42.020 19166 19166 I Choreographer: Skipped 135 frames!  The application may be doing too much work on its main thread.
02-19 22:00:42.053  5794  5794 W dumpsys : Thread Pool max thread count is 0. Cannot cache binder as linkToDeath cannot be implemented. serviceName: window
02-19 22:00:42.057   752  1848 I system_server: AssetManager2(0x7d8fac498078) locale list changing from [] to [en-US]
02-19 22:00:42.059   752  1848 I system_server: AssetManager2(0x7d8fac50c0b8) locale list changing from [] to [en-US]
02-19 22:00:42.061   752  1848 I system_server: AssetManager2(0x7d8fac4989d8) locale list changing from [] to [en-US]
02-19 22:00:42.063   752  1848 I system_server: AssetManager2(0x7d8fac51a1b8) locale list changing from [] to [en-US]
02-19 22:00:42.065   752  1848 I system_server: AssetManager2(0x7d8fac48d178) locale list changing from [] to [en-US]
02-19 22:00:42.068   752  1848 I system_server: AssetManager2(0x7d8fac490058) locale list changing from [] to [en-US]
02-19 22:00:42.388 20022 20022 I StylusModule: StylusModule.onUpdateToolType():801 Update tool type = 0
--------- beginning of system
02-19 22:00:43.786   752  1856 E TaskPersister: File error accessing recents directory (directory doesn't exist?).
02-19 22:00:43.793  5683  5700 I AidlLazyServiceRegistrar: Process has 0 (of 1 available) client(s) in use after notification artd has clients: 0
02-19 22:00:43.794  5683  5700 I AidlLazyServiceRegistrar: Trying to shut down the service. No clients in use for any service in process.
02-19 22:00:43.807  5683  5700 I AidlLazyServiceRegistrar: Unregistered all clients and exiting
02-19 22:00:43.867 19166 19200 D OverviewCommandHelper: command added: CommandInfo(type=TOGGLE, status=IDLE, createTime=117517714, animationCallbacks=null, displayId=0, isLastOfBatch=true)
02-19 22:00:43.868 19166 19200 D OverviewCommandHelper: execute: CommandInfo(type=TOGGLE, status=IDLE, createTime=117517714, animationCallbacks=null, displayId=0, isLastOfBatch=true) - queue size: 1
02-19 22:00:43.869 19166 19166 D OverviewCommandHelper: executing command: CommandInfo(type=TOGGLE, status=PROCESSING, createTime=117517714, animationCallbacks=null, displayId=0, isLastOfBatch=true)
02-19 22:00:43.869 19166 19166 D OverviewCommandHelper: executeCommand: CommandInfo(type=TOGGLE, status=PROCESSING, createTime=117517714, animationCallbacks=null, displayId=0, isLastOfBatch=true) - visibleRecentsView: null
02-19 22:00:43.870 19166 19166 D OverviewCommandHelper: Querying TaskbarManager for TaskbarUIController for display: 0
02-19 22:00:43.870 19166 19166 D OverviewCommandHelper: TaskbarUIController for display 0 was found
02-19 22:00:43.870 19166 19166 D TFOManager: playPanelCloseAnimation() duration=150 traceTag=LauncherOverlay-hide isHomeButtonTap=true
02-19 22:00:43.870 19166 19166 D TFOManager: Skipped creating panel close animation because -1 is invisible.
02-19 22:00:43.872 19166 19166 D StateManager: goToState - fromState: Normal, toState: Overview, partial trace:
02-19 22:00:43.872 19166 19166 D StateManager: 	at com.android.quickstep.LauncherActivityInterface.switchToRecentsIfVisible(go/retraceme 72a59688580715d19f0e415c69e80376c2f062d1648c80db6730905005a27c20:39)
02-19 22:00:43.872 19166 19166 D StateManager: 	at com.android.quickstep.OverviewCommandHelper.executeWhenRecentsIsNotVisible(go/retraceme 72a59688580715d19f0e415c69e80376c2f062d1648c80db6730905005a27c20:292)
02-19 22:00:43.872 19166 19166 D StateManager: 	at com.android.quickstep.OverviewCommandHelper.executeCommand(go/retraceme 72a59688580715d19f0e415c69e80376c2f062d1648c80db6730905005a27c20:49)
02-19 22:00:43.877 19166 19166 D OverviewCommandHelper: switching to Overview state - waiting: CommandInfo(type=TOGGLE, status=PROCESSING, createTime=117517714, animationCallbacks=null, displayId=0, isLastOfBatch=true)
02-19 22:00:43.881 19166 19166 D OverviewCommandHelper: command executed: CommandInfo(type=TOGGLE, status=PROCESSING, createTime=117517714, animationCallbacks=null, displayId=0, isLastOfBatch=true) with result: false
02-19 22:00:43.881 19166 19166 D OverviewCommandHelper: waiting for command callback: CommandInfo(type=TOGGLE, status=PROCESSING, createTime=117517714, animationCallbacks=null, displayId=0, isLastOfBatch=true)
02-19 22:00:43.887  4449  4449 I vol.VolumeDialogImpl: mDialog.dismiss() reason: volume_controller from: com.android.systemui.volume.VolumeDialogImpl$7.onDismissRequested:3
02-19 22:00:44.491  4449  4449 I Choreographer: Skipped 35 frames!  The application may be doing too much work on its main thread.
02-19 22:00:44.491 19166 19166 I Choreographer: Skipped 36 frames!  The application may be doing too much work on its main thread.
02-19 22:00:44.497 19166 19166 D StateManager: onStateTransitionStart - state: Overview
02-19 22:00:44.497 19166 19166 D RecentsView: updateTaskStackListenerState: true
02-19 22:00:44.498 19166 19166 D RecentsView: reloadIfNeeded - getTasks: 811
02-19 22:00:44.500 19166 19166 D OverviewCommandHelper: switching to Overview state - onAnimationStart: CommandInfo(type=TOGGLE, status=PROCESSING, createTime=117517714, animationCallbacks=null, displayId=0, isLastOfBatch=true)
02-19 22:00:44.501 19166 19166 D StatsLog: LAUNCHER_OVERVIEW_SHOW_OVERVIEW_FROM_3_BUTTON
02-19 22:00:44.517   752  1095 D BackgroundInstallControlService: Package event received: 0
02-19 22:00:44.549 19166 19166 D RecentsView: applyLoadPlan - taskGroups: [type=SINGLE task=[id=12 windowingMode=0 user=0 lastActiveTime=89737] null, type=SINGLE task=[id=49 windowingMode=1 user=0 lastActiveTime=87698314] null]
02-19 22:00:44.611   531   531 I BpBinder: onLastStrongRef automatically unlinking death recipients: 
02-19 22:00:44.924 19166 19166 D StateManager: onStateTransitionEnd - state: Overview
02-19 22:00:44.926 19166 19166 I AiAiSuggestUi: Clearing suggestions.
02-19 22:00:44.928 19166 19166 I AiAiSuggestUi: Requesting to show indicators
02-19 22:00:44.929 19166 19166 I AiAiSuggestUi: Fetching contents, isPrimaryTask = false
02-19 22:00:44.929 19166 19166 D OverviewCommandHelper: switching to Overview state - onAnimationEnd: CommandInfo(type=TOGGLE, status=PROCESSING, createTime=117517714, animationCallbacks=null, displayId=0, isLastOfBatch=true)
02-19 22:00:44.930 19166 19166 D OverviewCommandHelper: command executed: CommandInfo(type=TOGGLE, status=PROCESSING, createTime=117517714, animationCallbacks=null, displayId=0, isLastOfBatch=true) with result: true
02-19 22:00:44.930 19166 19166 D OverviewCommandHelper: command executed successfully! CommandInfo(type=TOGGLE, status=COMPLETED, createTime=117517714, animationCallbacks=null, displayId=0, isLastOfBatch=true)
02-19 22:00:44.930 19166 19166 D OverviewCommandHelper: no pending commands to be executed.
02-19 22:00:44.932   752  1940 E ActivityTaskManager: Could not find activity for task 49
02-19 22:00:45.001   752  2377 W HWUI    : Image decoding logging dropped!
02-19 22:00:45.011   752  4596 W HWUI    : Failed to choose config with EGL_SWAP_BEHAVIOR_PRESERVED, retrying without...
02-19 22:00:45.011   752  4596 W HWUI    : Failed to initialize 101010-2 format, error = EGL_SUCCESS
02-19 22:00:45.393   752   795 W ActivityTaskManager: callingPackage for (uid=-1, pid=0) has no WPC
02-19 22:00:45.393   752   795 W ActivityStartInterceptor: Starting home with component specified, uid=0
02-19 22:00:45.396   752   795 W OptProp : Cannot read opt property android.window.PROPERTY_COMPAT_ALLOW_USER_ASPECT_RATIO_OVERRIDE
02-19 22:00:45.396   752   795 W OptProp : Cannot read opt property android.window.PROPERTY_COMPAT_ALLOW_USER_ASPECT_RATIO_FULLSCREEN_OVERRIDE
02-19 22:00:45.396   752   795 W OptProp : Cannot read opt property android.window.PROPERTY_COMPAT_ALLOW_RESIZEABLE_ACTIVITY_OVERRIDES
02-19 22:00:45.396   752   795 W OptProp : Cannot read opt property android.window.PROPERTY_COMPAT_ALLOW_MIN_ASPECT_RATIO_OVERRIDE
02-19 22:00:45.397   752   795 V GrammaticalInflectionUtils: AttributionSource: android.content.AttributionSource@1abea79a does not have READ_SYSTEM_GRAMMATICAL_GENDER permission.
02-19 22:00:45.402  4449 21898 D KeyguardService: setOccluded(false)
02-19 22:00:45.402  4449 21898 D KeyguardViewMediator: setOccluded(false)
02-19 22:00:45.402   752   795 I ActivityTaskManager: START u0 {act=android.intent.action.MAIN cat=[android.intent.category.HOME] flg=0x10000100 cmp=com.google.android.apps.nexuslauncher/.NexusLauncherActivity (has extras)} with LAUNCH_SINGLE_TASK from uid 0 (BAL_ALLOW_ALLOWLISTED_UID) result code=3
02-19 22:00:45.403  4449  4449 D KeyguardViewMediator: handleSetOccluded(false)
02-19 22:00:45.403  4449  4449 D KeyguardViewMediator: KeyguardViewMediator queue processing message: SET_OCCLUDED
02-19 22:00:45.406 19166 19166 W SplitSelectStateCtor: Missing session instanceIds
02-19 22:00:45.406 19166 19166 D StatsLog: LAUNCHER_SPLIT_SELECTION_EXIT_INTERRUPTED
02-19 22:00:45.407 19166 19166 D StateManager: goToState - fromState: Overview, toState: Normal, partial trace:
02-19 22:00:45.407 19166 19166 D StateManager: 	at com.android.launcher3.Launcher.onNewIntent(go/retraceme 72a59688580715d19f0e415c69e80376c2f062d1648c80db6730905005a27c20:116)
02-19 22:00:45.407 19166 19166 D StateManager: 	at com.android.launcher3.uioverrides.QuickstepLauncher.onNewIntent(go/retraceme 72a59688580715d19f0e415c69e80376c2f062d1648c80db6730905005a27c20:1)
02-19 22:00:45.407 19166 19166 D StateManager: 	at com.google.android.apps.nexuslauncher.NexusLauncherActivity.onNewIntent(go/retraceme 72a59688580715d19f0e415c69e80376c2f062d1648c80db6730905005a27c20:1)
02-19 22:00:45.408 19166 19166 D RecentsView: finishRecentsAnimation - mRecentsAnimationController: null
02-19 22:00:45.408 19166 19166 D RecentsView: cleanupRemoteTargets - mRemoteTargetHandles: null
02-19 22:00:45.411 19166 19166 D TFOManager: playPanelCloseAnimation() duration=200 traceTag=LauncherOverlay-hide isHomeButtonTap=true
02-19 22:00:45.411 19166 19166 D TFOManager: Skipped creating panel close animation because -1 is invisible.
02-19 22:00:45.411 19166 19166 D OverviewCommandHelper: clearing pending commands: []
02-19 22:00:45.412 19166 19166 D StatsLog: LAUNCHER_ONRESUME
02-19 22:00:45.448 19166 19190 D QuickstepModelDelegate: notifyAppTargetEvent action=1 launchLocation=
02-19 22:00:45.451 19166 20299 I AiAiSuggestUi: Request suggestContentSelections complete, took: 521
02-19 22:00:45.473  4449  4449 I vol.VolumeDialogImpl: mDialog.dismiss() reason: volume_controller from: com.android.systemui.volume.VolumeDialogImpl$7.onDismissRequested:3
02-19 22:00:45.480  4449  4467 D WindowManagerShell: onActivityRestartAttempt: topActivity=ComponentInfo{com.google.android.apps.nexuslauncher/com.google.android.apps.nexuslauncher.NexusLauncherActivity}, wasVisible=true
02-19 22:00:45.500 19166 20299 E AiAiSuggestUi: Timeout while retrieving suggestContentSelections
02-19 22:00:45.500 19166 20299 E AiAiSuggestUi: java.util.concurrent.TimeoutException
02-19 22:00:45.500 19166 20299 E AiAiSuggestUi: 	at java.util.concurrent.CompletableFuture$Timeout.run(CompletableFuture.java:2908)
02-19 22:00:45.500 19166 20299 E AiAiSuggestUi: 	at java.util.concurrent.Executors$RunnableAdapter.call(Executors.java:524)
02-19 22:00:45.500 19166 20299 E AiAiSuggestUi: 	at java.util.concurrent.FutureTask.run(FutureTask.java:317)
02-19 22:00:45.500 19166 20299 E AiAiSuggestUi: 	at java.util.concurrent.ScheduledThreadPoolExecutor$ScheduledFutureTask.run(ScheduledThreadPoolExecutor.java:348)
02-19 22:00:45.500 19166 20299 E AiAiSuggestUi: 	at java.util.concurrent.ThreadPoolExecutor.runWorker(ThreadPoolExecutor.java:1156)
02-19 22:00:45.500 19166 20299 E AiAiSuggestUi: 	at java.util.concurrent.ThreadPoolExecutor$Worker.run(ThreadPoolExecutor.java:651)
02-19 22:00:45.500 19166 20299 E AiAiSuggestUi: 	at java.lang.Thread.run(Thread.java:1119)
02-19 22:00:45.500 19166 20299 I AiAiSuggestUi: Fetched content back in callback
02-19 22:00:45.528 19166 19166 D StateManager: onStateTransitionStart - state: Normal
02-19 22:00:45.534 19166 19166 D RecentsView: updateTaskStackListenerState: false
02-19 22:00:45.542 19166 19166 I NotificationListener: Handling notification state refresh for com.google.android.adservices.api#0
02-19 22:00:45.543 19166 19166 I NotificationListener: Handling notification state refresh for android#0
02-19 22:00:45.545 19166 19166 I NotificationListener: Handling notification state refresh for com.android.systemui#0
02-19 22:00:45.548 19166 19166 D OverviewActionsView: updateForGroupedTask() called with: isGroupedTask = [false], canSaveAppPair = [false]
02-19 22:00:45.548 19166 19166 D OverviewActionsView: updateActionButtonsVisibility() called: showSingleTaskActions = [true], showGroupActions = [false]
02-19 22:00:45.551   752  1095 D BackgroundInstallControlService: Package event received: 0
02-19 22:00:45.554  1971  2198 I AiAiEcho: Predicting[0]:  [CONTEXT sampling_count=5 ]
02-19 22:00:45.554  1971  2198 I AiAiEcho: EchoTargets: 
02-19 22:00:45.554  1971  2198 I AiAiEcho: Filtered by AiAi flag check: 
02-19 22:00:45.554  1971  2198 I AiAiEcho: [CONTEXT ratelimit_period="10 SECONDS" ]
02-19 22:00:45.554  1971  2198 I AiAiEcho: #remoteViewsTwiddler: feature disabled.
02-19 22:00:45.567   531   602 I BpBinder: onLastStrongRef automatically unlinking death recipients: 
02-19 22:00:45.576  1971  2198 I AiAiEcho: #postPredictionTargets: Sending updates to UISurface home with targets# 0 (types=[])
02-19 22:00:45.637  1971  1992 W ogle.android.as: Suspending all threads took: 16.644ms
02-19 22:00:45.650 19166 19166 D SsBaseTemplateCard: No text view can be set up
02-19 22:00:45.650 19166 19166 D SsBaseTemplateCard: Passed-in item info is null
02-19 22:00:45.650 19166 19166 D SsBaseTemplateCard: Passed-in item info is null
02-19 22:00:45.650 19166 19166 D SsBaseTemplateCard: Passed-in item info is null
02-19 22:00:45.650 19166 19166 I SsBaseTemplateCard: Secondary card pane is null
02-19 22:00:45.710  1971 22104 W AiAiScreenProcessor: tryGetAllInputSources timed out.
02-19 22:00:45.852 19166 19166 D StateManager: onStateTransitionEnd - state: Normal
02-19 22:00:45.852 19166 19166 D RecentsView: reset - mEnableDrawingLiveTile: false, mRecentsAnimationController: null
02-19 22:00:45.853 19166 19166 I AiAiSuggestUi: Clearing suggestions.
02-19 22:00:45.854 19166 19166 I AiAiSuggestUi: Clearing suggestions.
02-19 22:00:45.854 19166 19166 D ActivityAllAppsContainerView: rebindAdapters: force: false
02-19 22:00:45.854 19166 19166 D ActivityAllAppsContainerView: rebindAdapters: Not needed.
02-19 22:00:45.868 19166 19166 D OverviewActionsView: updateForGroupedTask() called with: isGroupedTask = [false], canSaveAppPair = [false]
02-19 22:00:45.868 19166 19166 D OverviewActionsView: updateActionButtonsVisibility() called: showSingleTaskActions = [true], showGroupActions = [false]
02-19 22:00:46.936   531   568 W EventThread: Faking VSYNC due to driver stall for thread app
02-19 22:00:46.979 19166 19200 I HWUI    : Davey! duration=1047ms; Flags=0, FrameTimelineVsyncId=2310073, IntendedVsync=117519754239400, Vsync=117519754239400, InputEventId=0, HandleInputStart=117519759379917, AnimationStart=117519759431917, PerformTraversalsStart=117519759978917, DrawStart=117519760297917, FrameDeadline=117519804239398, FrameStartTime=117519759334917, FrameInterval=16666666, WorkloadTarget=16666666, SyncQueued=117519760337917, SyncStart=117519765125917, IssueDrawCommandsStart=117519765281917, SwapBuffers=117519766118917, FrameCompleted=117520806667917, DequeueBufferDuration=1030890000, QueueBufferDuration=326000, GpuCompleted=117520806229917, SwapBuffersCompleted=117520806667917, DisplayPresentTime=0, CommandSubmissionCompleted=117519766118917, 
02-19 22:00:47.021  5812  5812 W dumpsys : Thread Pool max thread count is 0. Cannot cache binder as linkToDeath cannot be implemented. serviceName: window
02-19 22:00:47.313   752  2505 W ActivityTaskManager: callingPackage for (uid=2000, pid=5817) has no WPC
02-19 22:00:47.320   752  2505 D CompatChangeReporter: Compat change id reported: 151861875; UID 10217; state: ENABLED
02-19 22:00:47.321   752  2505 V GrammaticalInflectionUtils: AttributionSource: android.content.AttributionSource@56784557 does not have READ_SYSTEM_GRAMMATICAL_GENDER permission.
02-19 22:00:47.322   752  2505 W OptProp : Cannot read opt property android.window.PROPERTY_COMPAT_ALLOW_USER_ASPECT_RATIO_OVERRIDE
02-19 22:00:47.322   752  2505 W OptProp : Cannot read opt property android.window.PROPERTY_COMPAT_ALLOW_USER_ASPECT_RATIO_FULLSCREEN_OVERRIDE
02-19 22:00:47.323   752  2505 W OptProp : Cannot read opt property android.window.PROPERTY_COMPAT_ALLOW_RESIZEABLE_ACTIVITY_OVERRIDES
02-19 22:00:47.323   752  2505 W OptProp : Cannot read opt property android.window.PROPERTY_COMPAT_ALLOW_MIN_ASPECT_RATIO_OVERRIDE
02-19 22:00:47.332   752  2505 W OptProp : Cannot read opt property android.window.PROPERTY_COMPAT_ALLOW_ORIENTATION_OVERRIDE
02-19 22:00:47.335   531   602 I BpBinder: onLastStrongRef automatically unlinking death recipients: 
02-19 22:00:47.343   752  2505 I ActivityTaskManager: START u0 {act=android.intent.action.VIEW dat=intoss://takealook/... flg=0x10000000 xflg=0x4 pkg=viva.republica.toss.test cmp=viva.republica.toss.test/.MiniAppSchemeActivity} with LAUNCH_MULTIPLE from uid 2000 (BAL_ALLOW_PERMISSION) result code=0
02-19 22:00:47.344  4449  4467 V WindowManagerShell: Transition requested (#1116): android.os.BinderProxy@32c7e4d TransitionRequestInfo { type = OPEN, triggerTask = TaskInfo{userId=0 taskId=181 effectiveUid=10217 displayId=0 isRunning=true baseIntent=Intent { act=android.intent.action.VIEW dat=intoss://takealook/... flg=0x10000000 pkg=viva.republica.toss.test cmp=viva.republica.toss.test/.MiniAppSchemeActivity } baseActivity=ComponentInfo{viva.republica.toss.test/viva.republica.toss.test.MiniAppSchemeActivity} topActivity=ComponentInfo{viva.republica.toss.test/viva.republica.toss.test.MiniAppSchemeActivity} origActivity=null realActivity=ComponentInfo{viva.republica.toss.test/viva.republica.toss.test.MiniAppSchemeActivity} numActivities=1 lastActiveTime=117521188 supportsMultiWindow=true resizeMode=1 isResizeable=true minWidth=-1 minHeight=-1 defaultMinSize=220 token=WCT{android.window.IWindowContainerToken$Stub$Proxy@4fb6d02} topActivityType=1 pictureInPictureParams=null shouldDockBigOverlays=false launchIntoPipHostTaskId=-1 lastParentTaskIdBeforePip=-1 displayCutoutSafeInsets=Rect(0, 0 - 0, 0) topActivityInfo=ActivityInfo{bd03613 viva.republica.toss.test.MiniAppSchemeActivity} launchCookies=[] positionInParent=Point(0, 0) parentTaskId=-1 isFocused=false isVisible=false isVisibleRequested=false isTopActivityNoDisplay=false isSleeping=false locusId=null displayAreaFeatureId=1 isTopActivityTransparent=true isActivityStackTransparent=true lastNonFullscreenBounds=Rect(284, 660 - 796, 1740) capturedLink=null capturedLinkTimestamp=0 requestedVisibleTypes=-9 topActivityRequestOpenInBrowserEducationTimestamp=0 appCompatTaskInfo=AppCompatTaskInfo { topActivityInSizeCompat=false eligibleForLetterboxEducation= false isLetterboxEducationEnabled= true isLetterboxDoubleTapEnabled= false eligibleForUserAspectRatioButton= false topActivityBoundsLetterboxed= false isFromLetterboxDoubleTap= false topActivityLetterboxVerticalPosition= -1 topActivityLetterboxHorizontalPosition= -1 topActivityLetterboxWidth=-1 topActivityLetterboxHeight=-1 topActivityAppBounds=Rect(0, 0 - 1080, 2400) isUserFullscreenOverrideEnabled=false isSystemFullscreenOverrideEnabled=false hasMinAspectRatioOverride=false topActivityLetterboxBounds=null cameraCompatTaskInfo=CameraCompatTaskInfo { freeformCameraCompatMode=inactive}} topActivityMainWindowFrame=null}, pipChange = null, remoteTransition = null, displayChange = null, flags = 0, debugId = 1116 }
02-19 22:00:47.344  4449  4467 D ShellSplitScreen: logExit: no-op, mLoggerSessionId is null
02-19 22:00:47.346 19166 19166 W SplitSelectStateCtor: Missing session instanceIds
02-19 22:00:47.346 19166 19166 D StatsLog: LAUNCHER_SPLIT_SELECTION_EXIT_INTERRUPTED
02-19 22:00:47.347  4449  4467 D WindowManagerShell: setLauncherKeepClearAreaHeight: visible=false, height=527
02-19 22:00:47.359   752   797 V GrammaticalInflectionUtils: AttributionSource: android.content.AttributionSource@56784557 does not have READ_SYSTEM_GRAMMATICAL_GENDER permission.
02-19 22:00:47.372   752  1095 D BackgroundInstallControlService: Package event received: 0
02-19 22:00:47.374   458   458 D Zygote  : Forked child process 5820
02-19 22:00:47.375   752   806 I ActivityManager: Start proc 5820:viva.republica.toss.test/u0a217 for next-top-activity {viva.republica.toss.test/viva.republica.toss.test.MiniAppSchemeActivity}
02-19 22:00:47.376   752   806 I ActivityManager: ProcessObserver broadcast disabled
02-19 22:00:53.658   531   568 W EventThread: Faking VSYNC due to driver stall for thread app
02-19 22:00:53.659   531   569 W EventThread: Faking VSYNC due to driver stall for thread appSf
02-19 22:00:53.661   752   798 I Choreographer: Skipped 379 frames!  The application may be doing too much work on its main thread.
02-19 22:00:53.705   531   531 I BpBinder: onLastStrongRef automatically unlinking death recipients: 
02-19 22:00:53.726   752   797 W BLASTSyncEngine: Sync group 1116 timeout
02-19 22:00:53.726   752   797 I BLASTSyncEngine: Unfinished container: ActivityRecord{189134606 u0 viva.republica.toss.test/.MiniAppSchemeActivity t181}
02-19 22:00:53.726   752   797 I BLASTSyncEngine: Unfinished container: Task{e4a52f #181 type=standard A=10217:viva.republica.toss.test}
02-19 22:00:53.734  4449  4461 V WindowManagerShell: onTransitionReady(transaction=3229815438451)
02-19 22:00:53.734  4449  4467 V WindowManagerShell: onTransitionReady (#1116) android.os.BinderProxy@32c7e4d: {id=1116 t=OPEN f=0x0 trk=0 r=[0@Point(0, 0)] c=[
02-19 22:00:53.734  4449  4467 V WindowManagerShell:         {m=OPEN f=TRANSLUCENT leash=Surface(name=Task=181)/@0xdd30050 sb=Rect(0, 0 - 1080, 2400) eb=Rect(0, 0 - 1080, 2400) epz=Point(1080, 2400) d=0 taskParent=-1}
02-19 22:00:53.734  4449  4467 V WindowManagerShell:     ]}
02-19 22:00:53.735  4449  4467 V WindowManagerShell: Playing animation for (#1116) android.os.BinderProxy@32c7e4d@0
02-19 22:00:53.735  4449  4467 V ShellRecents: RecentsTransitionHandler.startAnimation: no controller found
02-19 22:00:53.736  4449  4467 V WindowManagerShell: Transition doesn't have explicit remote, search filters for match for {id=1116 t=OPEN f=0x0 trk=0 r=[0@Point(0, 0)] c=[{m=OPEN f=TRANSLUCENT leash=Surface(name=Task=181)/@0xdd30050 sb=Rect(0, 0 - 1080, 2400) eb=Rect(0, 0 - 1080, 2400) epz=Point(1080, 2400) d=0 taskParent=-1}]}
02-19 22:00:53.736  4449  4467 V WindowManagerShell:  Checking filter Pair{{types=[] flags=0x0] notFlags=0x0 checks=[{atype=undefined independent=true modes=[CLOSE,TO_BACK] flags=IN_TASK_WITH_EMBEDDED_ACTIVITY mustBeTask=false order=ANY topActivity=null launchCookie=null taskFragmentToken=android.os.BinderProxy@71546f0 windowingMode=undefined}]} RemoteTransition { remoteTransition = android.window.IRemoteTransition$Stub$Proxy@d4c8469, appThread = android.app.IApplicationThread$Stub$Proxy@c228eee, debugName = overlayBackTransition }}
02-19 22:00:53.737  4449  4467 V WindowManagerShell:  Checking filter Pair{{types=[] flags=0x0] notFlags=0x0 checks=[{atype=dream independent=true modes=[OPEN,TO_FRONT] flags=NONE mustBeTask=false order=ANY topActivity=null launchCookie=null windowingMode=undefined},{atype=home independent=true modes=[CLOSE,TO_BACK] flags=NONE mustBeTask=false order=ANY topActivity=null launchCookie=null windowingMode=undefined}]} RemoteTransition { remoteTransition = android.window.IRemoteTransition$Stub$Proxy@c578f8f, appThread = android.app.IApplicationThread$Stub$Proxy@69fe21c, debugName = LauncherToDream }}
02-19 22:00:53.737  4449  4467 V WindowManagerShell:  Checking filter Pair{{types=[] flags=0x0] notFlags=0x100 checks=[{atype=home independent=true modes=[OPEN,TO_FRONT] flags=NONE mustBeTask=false order=TOP topActivity=ComponentInfo{com.google.android.apps.nexuslauncher/com.google.android.apps.nexuslauncher.NexusLauncherActivity} launchCookie=null windowingMode=undefined},{atype=standard independent=true modes=[CLOSE,TO_BACK] flags=NONE mustBeTask=false order=ANY topActivity=null launchCookie=null windowingMode=undefined},{NOT atype=undefined independent=true modes=[] flags=NONE mustBeTask=true order=ANY topActivity=null launchCookie=null customAnim=true windowingMode=undefined}]} RemoteTransition { remoteTransition = android.window.IRemoteTransition$Stub$Proxy@69ffe25, appThread = android.app.IApplicationThread$Stub$Proxy@72cabfa, debugName = QuickstepLaunchHome }}
02-19 22:00:53.738  4449  4467 V WindowManagerShell:  Checking filter Pair{{types=[] flags=0x0] notFlags=0x0 checks=[{atype=undefined independent=true modes=[CLOSE,TO_BACK] flags=IN_TASK_WITH_EMBEDDED_ACTIVITY mustBeTask=false order=ANY topActivity=null launchCookie=null taskFragmentToken=android.os.BinderProxy@71546f0 windowingMode=undefined}]} RemoteTransition { remoteTransition = android.window.IRemoteTransition$Stub$Proxy@7c795ab, appThread = android.app.IApplicationThread$Stub$Proxy@cd70408, debugName = overlayBackTransition }}
02-19 22:00:53.738  4449  4467 V WindowManagerShell:  Checking filter Pair{{types=[] flags=0x0] notFlags=0x0 checks=[{atype=dream independent=true modes=[OPEN,TO_FRONT] flags=NONE mustBeTask=false order=ANY topActivity=null launchCookie=null windowingMode=undefined},{atype=home independent=true modes=[CLOSE,TO_BACK] flags=NONE mustBeTask=false order=ANY topActivity=null launchCookie=null windowingMode=undefined}]} RemoteTransition { remoteTransition = android.window.IRemoteTransition$Stub$Proxy@f757a1, appThread = android.app.IApplicationThread$Stub$Proxy@d898dc6, debugName = LauncherToDream }}
02-19 22:00:53.738  4449  4467 V WindowManagerShell:  Checking filter Pair{{types=[] flags=0x0] notFlags=0x100 checks=[{atype=home independent=true modes=[OPEN,TO_FRONT] flags=NONE mustBeTask=false order=TOP topActivity=ComponentInfo{com.google.android.apps.nexuslauncher/com.google.android.apps.nexuslauncher.NexusLauncherActivity} launchCookie=null windowingMode=undefined},{atype=standard independent=true modes=[CLOSE,TO_BACK] flags=NONE mustBeTask=false order=ANY topActivity=null launchCookie=null windowingMode=undefined},{NOT atype=undefined independent=true modes=[] flags=NONE mustBeTask=true order=ANY topActivity=null launchCookie=null customAnim=true windowingMode=undefined}]} RemoteTransition { remoteTransition = android.window.IRemoteTransition$Stub$Proxy@9e7e187, appThread = android.app.IApplicationThread$Stub$Proxy@3dc58b4, debugName = QuickstepLaunchHome }}
02-19 22:00:53.739  4449  4467 V WindowManagerShell:  Delegate animation for (#1116) to null
02-19 22:00:53.739  4449  4467 V WindowManagerShell: start default transition animation, info = {id=1116 t=OPEN f=0x0 trk=0 r=[0@Point(0, 0)] c=[{m=OPEN f=TRANSLUCENT leash=Surface(name=Task=181)/@0xdd30050 sb=Rect(0, 0 - 1080, 2400) eb=Rect(0, 0 - 1080, 2400) epz=Point(1080, 2400) d=0 taskParent=-1}]}
02-19 22:00:53.740  4449  4467 V WindowManagerShell: loadAnimation: anim=android.view.animation.AnimationSet@37574e animAttr=0x4 type=OPEN isEntrance=true
02-19 22:00:53.740  5820  5820 I blica.toss.test: Using CollectorTypeCMC GC.
02-19 22:00:53.743  5820  5820 W blica.toss.test: Unexpected CPU variant for x86: x86_64.
02-19 22:00:53.743  5820  5820 W blica.toss.test: Known variants: atom, sandybridge, silvermont, goldmont, goldmont-plus, goldmont-without-sha-xsaves, tremont, kabylake, alderlake, default
02-19 22:00:53.744  4449  4467 V WindowManagerShell:  animated by com.android.wm.shell.transition.DefaultTransitionHandler@f74d823
02-19 22:00:53.758  5820  5820 E blica.toss.test: Not starting debugger since process cannot load the jdwp agent.
02-19 22:00:53.771   752   794 V WindowManager: Sent Transition (#1116) createdAt=02-19 22:00:47.325 via request=TransitionRequestInfo { type = OPEN, triggerTask = TaskInfo{userId=0 taskId=181 effectiveUid=10217 displayId=0 isRunning=true baseIntent=Intent { act=android.intent.action.VIEW dat=intoss://takealook/... flg=0x10000000 pkg=viva.republica.toss.test cmp=viva.republica.toss.test/.MiniAppSchemeActivity } baseActivity=ComponentInfo{viva.republica.toss.test/viva.republica.toss.test.MiniAppSchemeActivity} topActivity=ComponentInfo{viva.republica.toss.test/viva.republica.toss.test.MiniAppSchemeActivity} origActivity=null realActivity=ComponentInfo{viva.republica.toss.test/viva.republica.toss.test.MiniAppSchemeActivity} numActivities=1 lastActiveTime=117521188 supportsMultiWindow=true resizeMode=1 isResizeable=true minWidth=-1 minHeight=-1 defaultMinSize=220 token=WCT{RemoteToken{10e0b27 Task{e4a52f #181 type=standard A=10217:viva.republica.toss.test}}} topActivityType=1 pictureInPictureParams=null shouldDockBigOverlays=false launchIntoPipHostTaskId=-1 lastParentTaskIdBeforePip=-1 displayCutoutSafeInsets=Rect(0, 0 - 0, 0) topActivityInfo=ActivityInfo{18ad1d4 viva.republica.toss.test.MiniAppSchemeActivity} launchCookies=[] positionInParent=Point(0, 0) parentTaskId=-1 isFocused=false isVisible=false isVisibleRequested=false isTopActivityNoDisplay=false isSleeping=false locusId=null displayAreaFeatureId=1 isTopActivityTransparent=true isActivityStackTransparent=true lastNonFullscreenBounds=Rect(284, 660 - 796, 1740) capturedLink=null capturedLinkTimestamp=0 requestedVisibleTypes=-9 topActivityRequestOpenInBrowserEducationTimestamp=0 appCompatTaskInfo=AppCompatTaskInfo { topActivityInSizeCompat=false eligibleForLetterboxEducation= false isLetterboxEducationEnabled= true isLetterboxDoubleTapEnabled= false eligibleForUserAspectRatioButton= false topActivityBoundsLetterboxed= false isFromLetterboxDoubleTap= false topActivityLetterboxVerticalPosition= -1 topActivityLetterboxHorizontalPosition= -1 topActivityLetterboxWidth=-1 topActivityLetterboxHeight=-1 topActivityAppBounds=Rect(0, 0 - 1080, 2400) isUserFullscreenOverrideEnabled=false isSystemFullscreenOverrideEnabled=false hasMinAspectRatioOverride=false topActivityLetterboxBounds=null cameraCompatTaskInfo=CameraCompatTaskInfo { freeformCameraCompatMode=inactive}} topActivityMainWindowFrame=null}, pipChange = null, remoteTransition = null, displayChange = null, flags = 0, debugId = 1116 }
02-19 22:00:53.772   752   794 V WindowManager:     startWCT=WindowContainerTransaction { changes= {} hops= [] errorCallbackToken=null taskFragmentOrganizer=null }
02-19 22:00:53.772   752   794 V WindowManager:     info={id=1116 t=OPEN f=0x0 trk=0 r=[0@Point(0, 0)] c=[
02-19 22:00:53.772   752   794 V WindowManager:         {WCT{RemoteToken{10e0b27 Task{e4a52f #181 type=standard A=10217:viva.republica.toss.test}}} m=OPEN f=TRANSLUCENT leash=Surface(name=Task=181)/@0xa2a2b28 sb=Rect(0, 0 - 1080, 2400) eb=Rect(0, 0 - 1080, 2400) epz=Point(1080, 2400) d=0 taskParent=-1}
02-19 22:00:53.772   752   794 V WindowManager:     ]}
02-19 22:00:53.792  5820  5820 D nativeloader: Load libframework-connectivity-tiramisu-jni.so using APEX ns com_android_tethering for caller /apex/com.android.tethering/javalib/framework-connectivity-t.jar: ok
02-19 22:00:53.793   752  1856 E TaskPersister: File error accessing recents directory (directory doesn't exist?).
02-19 22:00:53.819   752  1095 D BackgroundInstallControlService: Package event received: 0
02-19 22:00:53.819  5821  5821 W dumpsys : Thread Pool max thread count is 0. Cannot cache binder as linkToDeath cannot be implemented. serviceName: package
02-19 22:00:53.884  5820  5820 D ApplicationLoaders: Returning zygote-cached class loader: /system_ext/framework/androidx.window.extensions.jar
02-19 22:00:53.884  5820  5820 D ApplicationLoaders: Returning zygote-cached class loader: /system_ext/framework/androidx.window.sidecar.jar
02-19 22:00:53.916  5820  5820 D nativeloader: Configuring clns-9 for other apk /data/app/~~NUQj-rdXzuicW-16SIRtKA==/viva.republica.toss.test-Si406wFvb_sqEA2GTBV6RQ==/base.apk. target_sdk_version=35, uses_libraries=, library_path=/data/app/~~NUQj-rdXzuicW-16SIRtKA==/viva.republica.toss.test-Si406wFvb_sqEA2GTBV6RQ==/lib/x86_64:/data/app/~~NUQj-rdXzuicW-16SIRtKA==/viva.republica.toss.test-Si406wFvb_sqEA2GTBV6RQ==/base.apk!/lib/x86_64, permitted_path=/data:/mnt/expand:/data/user/0/viva.republica.toss.test
02-19 22:00:53.919  5820  5820 D CompatChangeReporter: Compat change id reported: 202956589; UID 10217; state: ENABLED
02-19 22:00:53.924  5820  5820 I blica.toss.test: AssetManager2(0x7d8fac428e58) locale list changing from [] to [en-US]
02-19 22:00:53.940  5820  5820 V GraphicsEnvironment: Currently set values for:
02-19 22:00:53.940  5820  5820 V GraphicsEnvironment:   angle_gl_driver_selection_pkgs=[]
02-19 22:00:53.940  5820  5820 V GraphicsEnvironment:   angle_gl_driver_selection_values=[]
02-19 22:00:53.940  5820  5820 V GraphicsEnvironment: viva.republica.toss.test is not listed in per-application setting
02-19 22:00:53.941  5820  5820 V GraphicsEnvironment: ANGLE allowlist from config: com.dreamgames.royalmatch com.dts.freefiremax com.dxx.firenow com.gramgames.mergedragons com.ludo.king com.mojang.minecraftpe com.my.defense com.nintendo.zaka com.os.airforce com.playrix.fishdomdd.gplay io.teslatech.callbreak jp.konami.prospia net.peakgames.toonblast
02-19 22:00:53.941  5820  5820 V GraphicsEnvironment: viva.republica.toss.test is not listed in ANGLE allowlist or settings, returning default
02-19 22:00:53.965  5820  5820 V GraphicsEnvironment: Neither updatable production driver nor prerelease driver is supported.
02-19 22:00:54.011  5820  5820 D CompatChangeReporter: Compat change id reported: 279646685; UID 10217; state: ENABLED
02-19 22:00:54.049  5820  5820 D nativeloader: Load /data/app/~~NUQj-rdXzuicW-16SIRtKA==/viva.republica.toss.test-Si406wFvb_sqEA2GTBV6RQ==/lib/x86_64/libmmkv.so using class loader ns clns-9 (caller=/data/app/~~NUQj-rdXzuicW-16SIRtKA==/viva.republica.toss.test-Si406wFvb_sqEA2GTBV6RQ==/base.apk): ok
02-19 22:00:54.063  5820  5820 I blica.toss.test: AssetManager2(0x7d8fac426f18) locale list changing from [] to [en-US]
02-19 22:00:54.063  5820  5820 I WebViewFactory: Loading com.google.android.webview version 133.0.6943.137 (code 694313738)
02-19 22:00:54.065  5820  5820 I blica.toss.test: AssetManager2(0x7d8fac427878) locale list changing from [] to [en-US]
02-19 22:00:54.085  5820  5820 I blica.toss.test: AssetManager2(0x7d8fac4284f8) locale list changing from [] to [en-US]
02-19 22:00:54.086  5820  5820 V ResourcesManager: The following library key has been added: ResourcesKey{ mHash=a24a3099 mResDir=null mSplitDirs=[] mOverlayDirs=[] mLibDirs=[/data/app/~~86wu-kVgQoavtKNPNhKNpg==/com.google.android.webview-1KjOBROVBHjUvpUZHW2m2g==/WebViewGoogle.apk,/data/app/~~zfNTtjjfT5QjKD_7Ux4KKQ==/com.google.android.trichromelibrary_694313738-AgzLRnDhHPFXke_9IsnuqA==/TrichromeLibrary.apk] mDisplayId=0 mOverrideConfig=v36 mCompatInfo={420dpi always-compat} mLoaders=[]}
02-19 22:00:54.091  5820  5820 W blica.toss.test: Failed to find entry 'classes.dex': Entry not found
02-19 22:00:54.092  5820  5820 D nativeloader: Configuring clns-10 for other apk /data/app/~~zfNTtjjfT5QjKD_7Ux4KKQ==/com.google.android.trichromelibrary_694313738-AgzLRnDhHPFXke_9IsnuqA==/TrichromeLibrary.apk. target_sdk_version=34, uses_libraries=ALL, library_path=/data/app/~~86wu-kVgQoavtKNPNhKNpg==/com.google.android.webview-1KjOBROVBHjUvpUZHW2m2g==/lib/x86_64:/data/app/~~86wu-kVgQoavtKNPNhKNpg==/com.google.android.webview-1KjOBROVBHjUvpUZHW2m2g==/WebViewGoogle.apk!/lib/x86_64:/data/app/~~zfNTtjjfT5QjKD_7Ux4KKQ==/com.google.android.trichromelibrary_694313738-AgzLRnDhHPFXke_9IsnuqA==/TrichromeLibrary.apk!/lib/x86_64, permitted_path=/data:/mnt/expand
02-19 22:00:54.101  5820  5820 D ApplicationLoaders: Returning zygote-cached class loader: /system_ext/framework/androidx.window.extensions.jar
02-19 22:00:54.102  4449  4467 V WindowManagerShell: Transition animation finished (aborted=false), notifying core (#1116) android.os.BinderProxy@32c7e4d@0
02-19 22:00:54.123  4449  4467 V WindowManagerShell: Track 0 became idle
02-19 22:00:54.123  4449  4467 V WindowManagerShell: All active transition animations finished
02-19 22:00:54.124   752   794 V WindowManager: Finish Transition (#1116): created at 02-19 22:00:47.325 collect-started=0.162ms request-sent=17.894ms started=20.491ms ready=-1.17521171606E8ms sent=6407.773ms commit=20.211ms finished=6791.223ms
02-19 22:00:54.129  5820  5820 D nativeloader: Configuring clns-11 for other apk /data/app/~~86wu-kVgQoavtKNPNhKNpg==/com.google.android.webview-1KjOBROVBHjUvpUZHW2m2g==/WebViewGoogle.apk. target_sdk_version=34, uses_libraries=, library_path=/data/app/~~86wu-kVgQoavtKNPNhKNpg==/com.google.android.webview-1KjOBROVBHjUvpUZHW2m2g==/lib/x86_64:/data/app/~~86wu-kVgQoavtKNPNhKNpg==/com.google.android.webview-1KjOBROVBHjUvpUZHW2m2g==/WebViewGoogle.apk!/lib/x86_64:/data/app/~~zfNTtjjfT5QjKD_7Ux4KKQ==/com.google.android.trichromelibrary_694313738-AgzLRnDhHPFXke_9IsnuqA==/TrichromeLibrary.apk!/lib/x86_64, permitted_path=/data:/mnt/expand
02-19 22:00:54.195   752   956 D ActivityManager: sync unfroze 4656 com.google.android.adservices.api for 6
02-19 22:00:54.196  5820  5820 I cr_WVCFactoryProvider: version=133.0.6943.137 (694313738) minSdkVersion=29 isBundle=false multiprocess=true packageId=2
02-19 22:00:54.229  5820  5836 E ashmem  : Pinning is deprecated since Android Q. Please use trim or other methods.
02-19 22:00:54.238  5820  5820 D nativeloader: Load /data/app/~~zfNTtjjfT5QjKD_7Ux4KKQ==/com.google.android.trichromelibrary_694313738-AgzLRnDhHPFXke_9IsnuqA==/TrichromeLibrary.apk!/lib/x86_64/libmonochrome_64.so using class loader ns clns-11 (caller=/data/app/~~86wu-kVgQoavtKNPNhKNpg==/com.google.android.webview-1KjOBROVBHjUvpUZHW2m2g==/WebViewGoogle.apk): ok
02-19 22:00:54.256  5820  5820 D nativeloader: Load /system/lib64/libwebviewchromium_plat_support.so using class loader ns clns-11 (caller=/data/app/~~86wu-kVgQoavtKNPNhKNpg==/com.google.android.webview-1KjOBROVBHjUvpUZHW2m2g==/WebViewGoogle.apk): ok
02-19 22:00:54.274  5820  5840 E chromium: [0219/220054.272098:ERROR:variations_seed_loader.cc(39)] Seed missing signature.
02-19 22:00:54.276  5820  5840 I chromium: [0219/220054.276007:INFO:variations_seed_loader.cc(67)] Failed to open file for reading.: No such file or directory (2)
02-19 22:00:54.283   752   956 W JobServiceContext: Sending onNetworkChanged for a job that isn't started. JobStatus{e7554dc #u0a205/7 com.google.android.adservices.api/com.android.adservices.service.measurement.reporting.AggregateReportingJobService u=0 s=10205 TIME=-1s847ms:+59m58s153ms NET BATNOTLOW PERIODIC PERSISTED READY}
02-19 22:00:54.298  5820  5820 I cr_LibraryLoader: Successfully loaded native library
02-19 22:00:54.301  5820  5820 I cr_CachingUmaRecorder: Flushed 6 samples from 6 histograms, 0 samples were dropped.
02-19 22:00:54.313  5820  5820 I cr_CombinedPProvider: #registerProvider() provider:WV.C8@8f65538 isPolicyCacheEnabled:false policyProvidersSize:0
02-19 22:00:54.326  5820  5820 I cr_PolicyProvider: #setManagerAndSource() 0
02-19 22:00:54.353   752  2377 V GrammaticalInflectionUtils: AttributionSource: android.content.AttributionSource@e1e440d9 does not have READ_SYSTEM_GRAMMATICAL_GENDER permission.
02-19 22:00:54.366  5820  5820 I cr_CombinedPProvider: #linkNativeInternal() 1
02-19 22:00:54.371  1263  1263 D Zygote  : Forked child process 5846
02-19 22:00:54.372  5820  5820 I cr_AppResProvider: #getApplicationRestrictionsFromUserManager() Bundle[EMPTY_PARCEL]
02-19 22:00:54.372  5820  5820 I cr_PolicyProvider: #notifySettingsAvailable() 0
02-19 22:00:54.373  5820  5820 I cr_CombinedPProvider: #onSettingsAvailable() 0
02-19 22:00:54.373  5820  5820 I cr_CombinedPProvider: #flushPolicies()
02-19 22:00:54.386  5846  5846 I ocessService0:0: Using CollectorTypeCMC GC.
02-19 22:00:54.389  5846  5846 W ocessService0:0: Unexpected CPU variant for x86: x86_64.
02-19 22:00:54.389  5846  5846 W ocessService0:0: Known variants: atom, sandybridge, silvermont, goldmont, goldmont-plus, goldmont-without-sha-xsaves, tremont, kabylake, alderlake, default
02-19 22:00:54.395  5846  5846 E ocessService0:0: Not starting debugger since process cannot load the jdwp agent.
02-19 22:00:54.401  5820  5836 D nativeloader: Configuring clns-12 for other apk . target_sdk_version=35, uses_libraries=ALL, library_path=/data/app/~~NUQj-rdXzuicW-16SIRtKA==/viva.republica.toss.test-Si406wFvb_sqEA2GTBV6RQ==/lib/x86_64:/data/app/~~NUQj-rdXzuicW-16SIRtKA==/viva.republica.toss.test-Si406wFvb_sqEA2GTBV6RQ==/base.apk!/lib/x86_64, permitted_path=/data:/mnt/expand
02-19 22:00:54.403  5846  5846 D nativeloader: Load libframework-connectivity-tiramisu-jni.so using APEX ns com_android_tethering for caller /apex/com.android.tethering/javalib/framework-connectivity-t.jar: ok
02-19 22:00:54.410  5820  5836 D nativeloader: Load /data/app/~~NUQj-rdXzuicW-16SIRtKA==/viva.republica.toss.test-Si406wFvb_sqEA2GTBV6RQ==/lib/x86_64/libdceb.so using isolated ns clns-12 (caller=/data/user/0/viva.republica.toss.test/Anonymous-DexFile@1467667017.jar): ok
02-19 22:00:54.457   752   806 W ActivityManager: Slow operation: 103ms so far, now at startProcess: returned from zygote!
02-19 22:00:54.484   752  2417 D ActivityManager: sync unfroze 3453 com.google.android.gms for 4
02-19 22:00:54.492  5845  5845 I artd    : Starting artd
02-19 22:00:54.494  5845  5845 I AidlLazyServiceRegistrar: Registering service artd
02-19 22:00:54.501  5820  5820 I blica.toss.test: AssetManager2(0x7d8fac42f578) locale list changing from [] to [en-US]
02-19 22:00:54.502   752  2417 D ActivityManager: sync unfroze 19829 com.android.vending for 4
02-19 22:00:54.505  5845  5845 I AidlLazyServiceRegistrar: Process has 1 (of 1 available) client(s) in use after notification artd has clients: 1
02-19 22:00:54.551 19829 19829 I Finsky  : [2] Memory trim requested to level 40
02-19 22:00:54.560   752  1095 D BackgroundInstallControlService: Package event received: 0
02-19 22:00:54.561   752  1095 D BackgroundInstallControlService: Package event received: 0
02-19 22:00:54.564  5820  5820 I blica.toss.test: AssetManager2(0x7d8fac431198) locale list changing from [] to [en-US]
02-19 22:00:54.571  5820  5820 D DesktopModeFlags: Toggle override initialized to: OVERRIDE_UNSET
02-19 22:00:54.575  5820  5820 I DisplayManager: Implicitly registering for refresh rate
02-19 22:00:54.578   752  1940 W ActivityManager: Slow operation: 224ms so far, now at startProcess: done updating battery stats
02-19 22:00:54.578   752  1940 W ActivityManager: Slow operation: 225ms so far, now at startProcess: building log message
02-19 22:00:54.578   752  1940 I ActivityManager: Start proc 5846:com.google.android.webview:sandboxed_process0:org.chromium.content.app.SandboxedProcessService0:0/u0i111 for  {viva.republica.toss.test/org.chromium.content.app.SandboxedProcessService0:0}
02-19 22:00:54.579   752  1940 W ActivityManager: Slow operation: 225ms so far, now at startProcess: starting to update pids map
02-19 22:00:54.579   752  1940 I ActivityManager: ProcessObserver broadcast disabled
02-19 22:00:54.579   752  1940 W ActivityManager: Slow operation: 226ms so far, now at startProcess: done updating pids map
02-19 22:00:54.593 19829 19829 I Finsky  : [2] Flushing in-memory image cache
02-19 22:00:54.608  5846  5846 D CompatChangeReporter: Compat change id reported: 242716250; UID 99111; state: ENABLED
02-19 22:00:54.622  5845  5865 I artd    : GetBestInfo: odex next to the dex file (/data/app/~~O-UZzK0jUU9NLgS3MODOZA==/com.google.android.gms-YQ2L6GsYyKuvu9MvIBK1EQ==/oat/x86_64/base.odex) is kOatUpToDate with filter 'speed-profile' executable 'false'
02-19 22:00:54.605   752  2377 W ProcessStats: Tracking association SourceState{21ac6aa system/1000 ImpBg #27969} whose proc state 6 is better than process ProcessState{452e1c2 com.google.android.adservices.api/10205 pkg=com.google.android.adservices.api} proc state 15 (3 skipped)
02-19 22:00:54.629  5845  5865 I artd    : GetBestInfo: odex next to the dex file (/data/app/~~O-UZzK0jUU9NLgS3MODOZA==/com.google.android.gms-YQ2L6GsYyKuvu9MvIBK1EQ==/oat/x86_64/split_AdsDynamite_installtime.odex) is kOatUpToDate with filter 'speed' executable 'false'
02-19 22:00:54.635  5845  5865 I artd    : GetBestInfo: odex next to the dex file (/data/app/~~O-UZzK0jUU9NLgS3MODOZA==/com.google.android.gms-YQ2L6GsYyKuvu9MvIBK1EQ==/oat/x86_64/split_CronetDynamite_installtime.odex) is kOatUpToDate with filter 'speed' executable 'false'
02-19 22:00:54.640  5845  5865 I artd    : GetBestInfo: odex next to the dex file (/data/app/~~O-UZzK0jUU9NLgS3MODOZA==/com.google.android.gms-YQ2L6GsYyKuvu9MvIBK1EQ==/oat/x86_64/split_DynamiteLoader_installtime.odex) is kOatUpToDate with filter 'speed' executable 'false'
02-19 22:00:54.646  5845  5865 I artd    : GetBestInfo: odex next to the dex file (/data/app/~~O-UZzK0jUU9NLgS3MODOZA==/com.google.android.gms-YQ2L6GsYyKuvu9MvIBK1EQ==/oat/x86_64/split_DynamiteModulesA_installtime.odex) is kOatUpToDate with filter 'speed' executable 'false'
02-19 22:00:54.648  5846  5846 D ApplicationLoaders: Returning zygote-cached class loader: /system_ext/framework/androidx.window.extensions.jar
02-19 22:00:54.652  5846  5846 I ocessService0:0: AssetManager2(0x7d8fac42ba18) locale list changing from [] to [en-US]
02-19 22:00:54.652  5845  5865 I artd    : GetBestInfo: odex next to the dex file (/data/app/~~O-UZzK0jUU9NLgS3MODOZA==/com.google.android.gms-YQ2L6GsYyKuvu9MvIBK1EQ==/oat/x86_64/split_DynamiteModulesC_installtime.odex) is kOatUpToDate with filter 'speed' executable 'false'
02-19 22:00:54.660  5845  5865 I artd    : GetBestInfo: odex next to the dex file (/data/app/~~O-UZzK0jUU9NLgS3MODOZA==/com.google.android.gms-YQ2L6GsYyKuvu9MvIBK1EQ==/oat/x86_64/split_GoogleCertificates_installtime.odex) is kOatUpToDate with filter 'speed' executable 'false'
02-19 22:00:54.667  5846  5846 I LoadedApk: No resource references to update in package com.google.android.trichromelibrary
02-19 22:00:54.667  5845  5865 I artd    : GetBestInfo: odex next to the dex file (/data/app/~~O-UZzK0jUU9NLgS3MODOZA==/com.google.android.gms-YQ2L6GsYyKuvu9MvIBK1EQ==/oat/x86_64/split_MapsDynamite_installtime.odex) is kOatUpToDate with filter 'speed' executable 'false'
02-19 22:00:54.675  5845  5865 I artd    : GetBestInfo: odex next to the dex file (/data/app/~~O-UZzK0jUU9NLgS3MODOZA==/com.google.android.gms-YQ2L6GsYyKuvu9MvIBK1EQ==/oat/x86_64/split_MeasurementDynamite_installtime.odex) is kOatUpToDate with filter 'speed' executable 'false'
02-19 22:00:54.681  5846  5846 I cr_WebViewApkApp: version=133.0.6943.137 (694313738) minSdkVersion=29 isBundle=false processName=com.google.android.webview:sandboxed_process0:org.chromium.content.app.SandboxedProcessService0:0
02-19 22:00:54.685  5845  5865 I artd    : GetBestInfo: /data/app/~~O-UZzK0jUU9NLgS3MODOZA==/com.google.android.gms-YQ2L6GsYyKuvu9MvIBK1EQ==/split_maps_core_dynamite_ondemand.apk has no usable artifacts
02-19 22:00:54.695  5845  5845 I artd    : GetBestInfo: /data/user_de/0/com.google.android.gms/app_chimera/m/0000000c/dl-Appsearch.optional_250834100800.apk has no usable artifacts
02-19 22:00:54.697  5845  5865 I artd    : GetBestInfo: /data/user_de/0/com.google.android.gms/app_chimera/m/00000001/CronetDynamite.apk has no usable artifacts
02-19 22:00:54.697  5845  5865 I artd    : GetBestInfo: /data/user_de/0/com.google.android.gms/app_chimera/m/00000002/DynamiteLoader.apk has no usable artifacts
02-19 22:00:54.699  5845  5845 I artd    : GetBestInfo: /data/user_de/0/com.google.android.gms/app_chimera/m/00000005/GoogleCertificates.apk has no usable artifacts
02-19 22:00:54.704   752  1095 D BackgroundInstallControlService: Package event received: 0
02-19 22:00:54.706  5845  5845 I artd    : GetBestInfo: /data/user_de/0/com.google.android.gms/app_chimera/m/00000009/dl-TfliteDynamiteDynamite.integ_252130102100800.apk has no usable artifacts
02-19 22:00:54.715  5845  5845 I artd    : GetBestInfo: vdex next to the dex file (/data/user/0/com.google.android.gms/app_dg_cache/BF7C023AB90CCF01D1F467FC1CEBAF866511FF29/oat/x86_64/the.vdex) is kOatUpToDate with filter 'verify' executable 'false'
02-19 22:00:54.724  5845  5865 I artd    : GetBestInfo: /data/user_de/0/com.google.android.gms/app_chimera/m/00000010/dl-PlayCloudSearch.optional_250834100000.apk has no usable artifacts
02-19 22:00:54.732  5845  5845 I artd    : GetBestInfo: /data/user_de/0/com.google.android.gms/app_chimera/m/00000017/dl-PlayCloudSearch.optional_260438100000.apk has no usable artifacts
02-19 22:00:54.746   752  2417 W ActivityManager: Slow operation: 58ms so far, now at finishAttachApplicationInner: after mServices.attachApplicationLocked
02-19 22:00:54.749  5845  5845 I artd    : GetBestInfo: /data/user_de/0/com.google.android.gms/app_chimera/m/00000015/dl-MlkitOcrCommon.optional_260438100800.apk has no usable artifacts
