--------- beginning of main
02-19 22:22:15.511 19166 19166 D TFOManager: playPanelCloseAnimation() duration=200 traceTag=LauncherOverlay-hide isHomeButtonTap=true
02-19 22:22:15.511 19166 19166 D TFOManager: Skipped creating panel close animation because -1 is invisible.
02-19 22:22:15.511 19166 19166 D OverviewCommandHelper: clearing pending commands: []
02-19 22:22:15.512 19166 19166 D StatsLog: LAUNCHER_ONRESUME
--------- beginning of system
02-19 22:22:15.512   752   795 I ActivityTaskManager: START u0 {act=android.intent.action.MAIN cat=[android.intent.category.HOME] flg=0x10000100 cmp=com.google.android.apps.nexuslauncher/.NexusLauncherActivity (has extras)} with LAUNCH_SINGLE_TASK from uid 0 (BAL_ALLOW_ALLOWLISTED_UID) result code=2
02-19 22:22:15.517  8619  8782 W unknown:ViewManagerPropertyUpdater: Could not find generated setter for class com.reactnativecommunity.webview.RNCWebViewManager
02-19 22:22:15.519   752  1095 D BackgroundInstallControlService: Package event received: 0
02-19 22:22:15.522  4449  4467 D WindowManagerShell: setLauncherKeepClearAreaHeight: visible=true, height=527
02-19 22:22:15.524   752  1095 D BackgroundInstallControlService: Package event received: 0
02-19 22:22:15.525   752   795 W ActivityTaskManager:   Force finishing activity viva.republica.toss.test/im.toss.rn.granite.core.GraniteActivity
02-19 22:22:15.526   531   531 I BpBinder: onLastStrongRef automatically unlinking death recipients: 
02-19 22:22:15.529  8619  8782 W unknown:ViewManagerPropertyUpdater: Could not find generated setter for class im.toss.rn.granite.core.module.image.FastImageViewManager
02-19 22:22:15.530   752   795 I ActivityManager: Killing 8619:viva.republica.toss.test/u0a217 (adj 0): user request after error
02-19 22:22:15.532   752  1095 D BackgroundInstallControlService: Package event received: 0
02-19 22:22:15.535   752   795 W WindowOnBackDispatcher: sendCancelIfRunning: isInProgress=false callback=android.app.Dialog$$ExternalSyntheticLambda2@d506878
02-19 22:22:15.536 19166 19166 D NexusLauncherModelDelegate: notifySmartspaceEvent: SmartspaceTargetEvent{mSmartspaceTarget=null, mSmartspaceActionId='null', mEventType=6}
02-19 22:22:15.538  1971  2198 I AiAiEcho: Predicting[0]:  [CONTEXT sampling_count=5 ]
02-19 22:22:15.538  1971  2198 I AiAiEcho: EchoTargets: 
02-19 22:22:15.538  1971  2198 I AiAiEcho: Filtered by AiAi flag check: 
02-19 22:22:15.538  1971  2198 I AiAiEcho: [CONTEXT ratelimit_period="10 SECONDS" ]
02-19 22:22:15.538  1971  2198 I AiAiEcho: #remoteViewsTwiddler: feature disabled.
02-19 22:22:15.539   752   795 D CoreBackPreview: Window{e04c5f4 u0 Application Not Responding: viva.republica.toss.test}: Setting back callback null
02-19 22:22:15.542  4449  4467 D WindowManagerShell: onActivityRestartAttempt: topActivity=ComponentInfo{com.google.android.apps.nexuslauncher/com.google.android.apps.nexuslauncher.NexusLauncherActivity}, wasVisible=false
02-19 22:22:15.544 19166 19166 D BaseDepthController: setSurface:
02-19 22:22:15.544 19166 19166 D BaseDepthController: 	mWaitingOnSurfaceValidity: false
02-19 22:22:15.544 19166 19166 D BaseDepthController: 	mBaseSurface: Surface(name=com.google.android.apps.nexuslauncher/com.google.android.apps.nexuslauncher.NexusLauncherActivity)/@0x2cb53f
02-19 22:22:15.546 19166 19190 D QuickstepModelDelegate: notifyAppTargetEvent action=1 launchLocation=workspace/0/[-1,-1]/[1,1]
02-19 22:22:15.546  1971  2198 I AiAiEcho: #postPredictionTargets: Sending updates to UISurface home with targets# 0 (types=[])
02-19 22:22:15.574  4449  4449 I vol.VolumeDialogImpl: mDialog.dismiss() reason: volume_controller from: com.android.systemui.volume.VolumeDialogImpl$7.onDismissRequested:3
02-19 22:22:15.574 19166 19166 D ActivityAllAppsContainerView: rebindAdapters: force: false
02-19 22:22:15.575 19166 19166 D ActivityAllAppsContainerView: rebindAdapters: Not needed.
02-19 22:22:15.578 19166 19166 I NotificationListener: Handling notification state refresh for com.google.android.adservices.api#0
02-19 22:22:15.578 19166 19166 I NotificationListener: Handling notification state refresh for android#0
02-19 22:22:15.578 19166 19166 I NotificationListener: Handling notification state refresh for com.android.systemui#0
02-19 22:22:15.582 19166 19166 D SsBaseTemplateCard: No text view can be set up
02-19 22:22:15.582 19166 19166 D SsBaseTemplateCard: Passed-in item info is null
02-19 22:22:15.582 19166 19166 D SsBaseTemplateCard: Passed-in item info is null
02-19 22:22:15.582 19166 19166 D SsBaseTemplateCard: Passed-in item info is null
02-19 22:22:15.582 19166 19166 I SsBaseTemplateCard: Secondary card pane is null
02-19 22:22:15.596   752   797 V WindowManager: Unknown focus tokens, dropping reportFocusChanged
02-19 22:22:15.654   531   603 I BpBinder: onLastStrongRef automatically unlinking death recipients: 
02-19 22:22:15.668   615 21625 W IPCThreadState: Sending oneway calls to frozen process.
02-19 22:22:15.713   615 21625 E IPCThreadState: Binder transaction failure. id: 3178426, BR_*: 29189, error: -3 (No such process)
02-19 22:22:15.713   615 21625 E CameraService: notifyMonitoredUids: Failed to trigger permission callback for 10217:8619: -129
02-19 22:22:15.713   615 21625 E CameraService: handleBinderStatus: Muting similar errors from listener 10217:8619
02-19 22:22:15.739   752  2505 I WindowManager: WIN DEATH: Window{4d6c8a2 u0 viva.republica.toss.test/im.toss.rn.granite.core.GraniteActivity}
02-19 22:22:15.741   752  1029 D ConnectivityService: releasing NetworkRequest [ REQUEST id=1176, [ Capabilities: INTERNET&NOT_RESTRICTED&TRUSTED&NOT_VCN_MANAGED&NOT_BANDWIDTH_CONSTRAINED Uid: 10217 RequestorUid: 10217 RequestorPkg: viva.republica.toss.test UnderlyingNetworks: Null] ] (release request)
02-19 22:22:15.742   752  1029 D ConnectivityService: releasing NetworkRequest [ REQUEST id=1178, [ Capabilities: INTERNET&NOT_RESTRICTED&TRUSTED&NOT_VCN_MANAGED&NOT_BANDWIDTH_CONSTRAINED Uid: 10217 RequestorUid: 10217 RequestorPkg: viva.republica.toss.test UnderlyingNetworks: Null] ] (release request)
02-19 22:22:15.745   458   458 I Zygote  : Process 8619 exited due to signal 9 (Killed)
02-19 22:22:15.748   752  1029 D ConnectivityService: releasing NetworkRequest [ REQUEST id=1174, [ Capabilities: INTERNET&NOT_RESTRICTED&TRUSTED&NOT_VCN_MANAGED&NOT_BANDWIDTH_CONSTRAINED Uid: 10217 RequestorUid: 10217 RequestorPkg: viva.republica.toss.test UnderlyingNetworks: Null] ] (release request)
02-19 22:22:15.751   752   807 I libprocessgroup: Removed cgroup /sys/fs/cgroup/apps/uid_10217/pid_8619
02-19 22:22:15.772   752  1095 D BackgroundInstallControlService: Package event received: 0
02-19 22:22:15.785   752  1454 D CompatChangeReporter: Compat change id reported: 311208629; UID 10217; state: ENABLED
02-19 22:22:15.786  8648  8648 I cr_ChildProcessService: Destroying ChildProcessService pid=8648
02-19 22:22:15.789  8648  8648 I ocessService0:0: System.exit called, status: 0
02-19 22:22:15.789  8648  8648 I AndroidRuntime: VM exiting with result code 0, cleanup skipped.
02-19 22:22:15.791   752  1454 I ActivityManager: Killing 8648:com.google.android.webview:sandboxed_process0:org.chromium.content.app.SandboxedProcessService0:0/u0a217i124 (adj 0): isolated not needed
02-19 22:22:15.803  3453  3453 D BoundBrokerSvc: onUnbind: Intent { act=com.google.android.gms.appset.service.START dat=chimera-action:/... xflg=0x4 cmp=com.google.android.gms/.chimera.GmsApiService }
02-19 22:22:15.806   752  1454 D CompatChangeReporter: Compat change id reported: 151861875; UID 10217; state: ENABLED
02-19 22:22:15.811  1263  1263 I Zygote  : Process 8648 exited cleanly (0)
02-19 22:22:15.818  4449   614 V WindowManagerShell: onTransitionReady(transaction=3229815440086)
02-19 22:22:15.819  4449  4467 V WindowManagerShell: onTransitionReady (#1165) android.os.BinderProxy@af32198: {id=1165 t=OPEN f=0x0 trk=0 r=[0@Point(0, 0)] c=[
02-19 22:22:15.819  4449  4467 V WindowManagerShell:         {m=TO_FRONT f=SHOW_WALLPAPER|MOVE_TO_TOP leash=Surface(name=Task=1)/@0x8f08bb0 sb=Rect(0, 0 - 1080, 2400) eb=Rect(0, 0 - 1080, 2400) epz=Point(1080, 2400) d=0 taskParent=-1},
02-19 22:22:15.819  4449  4467 V WindowManagerShell:         {m=TO_BACK f=NONE leash=Surface(name=Task=198)/@0x31b4a29 sb=Rect(0, 0 - 1080, 2400) eb=Rect(0, 0 - 1080, 2400) epz=Point(1080, 2400) d=0 taskParent=-1},
02-19 22:22:15.819  4449  4467 V WindowManagerShell:         {m=TO_FRONT f=IS_WALLPAPER leash=Surface(name=WallpaperWindowToken{35e0c0f showWhenLocked=false})/@0x7ed41ae sb=Rect(0, 0 - 1080, 2400) eb=Rect(0, 0 - 1080, 2400) epz=Point(1080, 2400) d=0}
02-19 22:22:15.819  4449  4467 V WindowManagerShell:     ]}
02-19 22:22:15.819  4449  4467 V WindowManagerShell: Playing animation for (#1165) android.os.BinderProxy@af32198@0
02-19 22:22:15.820  4449  4467 V ShellRecents: RecentsTransitionHandler.startAnimation: no controller found
02-19 22:22:15.825  4449  4467 V WindowManagerShell: Transition doesn't have explicit remote, search filters for match for {id=1165 t=OPEN f=0x0 trk=0 r=[0@Point(0, 0)] c=[{m=TO_FRONT f=SHOW_WALLPAPER|MOVE_TO_TOP leash=Surface(name=Task=1)/@0x8f08bb0 sb=Rect(0, 0 - 1080, 2400) eb=Rect(0, 0 - 1080, 2400) epz=Point(1080, 2400) d=0 taskParent=-1},{m=TO_BACK f=NONE leash=Surface(name=Task=198)/@0x31b4a29 sb=Rect(0, 0 - 1080, 2400) eb=Rect(0, 0 - 1080, 2400) epz=Point(1080, 2400) d=0 taskParent=-1},{m=TO_FRONT f=IS_WALLPAPER leash=Surface(name=WallpaperWindowToken{35e0c0f showWhenLocked=false})/@0x7ed41ae sb=Rect(0, 0 - 1080, 2400) eb=Rect(0, 0 - 1080, 2400) epz=Point(1080, 2400) d=0}]}
02-19 22:22:15.825  4449  4467 V WindowManagerShell:  Checking filter Pair{{types=[] flags=0x0] notFlags=0x0 checks=[{atype=undefined independent=true modes=[CLOSE,TO_BACK] flags=IN_TASK_WITH_EMBEDDED_ACTIVITY mustBeTask=false order=ANY topActivity=null launchCookie=null taskFragmentToken=android.os.BinderProxy@71546f0 windowingMode=undefined}]} RemoteTransition { remoteTransition = android.window.IRemoteTransition$Stub$Proxy@d4c8469, appThread = android.app.IApplicationThread$Stub$Proxy@c228eee, debugName = overlayBackTransition }}
02-19 22:22:15.826  4449  4467 V WindowManagerShell:  Checking filter Pair{{types=[] flags=0x0] notFlags=0x0 checks=[{atype=dream independent=true modes=[OPEN,TO_FRONT] flags=NONE mustBeTask=false order=ANY topActivity=null launchCookie=null windowingMode=undefined},{atype=home independent=true modes=[CLOSE,TO_BACK] flags=NONE mustBeTask=false order=ANY topActivity=null launchCookie=null windowingMode=undefined}]} RemoteTransition { remoteTransition = android.window.IRemoteTransition$Stub$Proxy@c578f8f, appThread = android.app.IApplicationThread$Stub$Proxy@69fe21c, debugName = LauncherToDream }}
02-19 22:22:15.826  4449  4467 V WindowManagerShell:  Checking filter Pair{{types=[] flags=0x0] notFlags=0x100 checks=[{atype=home independent=true modes=[OPEN,TO_FRONT] flags=NONE mustBeTask=false order=TOP topActivity=ComponentInfo{com.google.android.apps.nexuslauncher/com.google.android.apps.nexuslauncher.NexusLauncherActivity} launchCookie=null windowingMode=undefined},{atype=standard independent=true modes=[CLOSE,TO_BACK] flags=NONE mustBeTask=false order=ANY topActivity=null launchCookie=null windowingMode=undefined},{NOT atype=undefined independent=true modes=[] flags=NONE mustBeTask=true order=ANY topActivity=null launchCookie=null customAnim=true windowingMode=undefined}]} RemoteTransition { remoteTransition = android.window.IRemoteTransition$Stub$Proxy@69ffe25, appThread = android.app.IApplicationThread$Stub$Proxy@72cabfa, debugName = QuickstepLaunchHome }}
02-19 22:22:15.826  4449  4467 D RemoteTransitionHandler: Found filterPair{{types=[] flags=0x0] notFlags=0x100 checks=[{atype=home independent=true modes=[OPEN,TO_FRONT] flags=NONE mustBeTask=false order=TOP topActivity=ComponentInfo{com.google.android.apps.nexuslauncher/com.google.android.apps.nexuslauncher.NexusLauncherActivity} launchCookie=null windowingMode=undefined},{atype=standard independent=true modes=[CLOSE,TO_BACK] flags=NONE mustBeTask=false order=ANY topActivity=null launchCookie=null windowingMode=undefined},{NOT atype=undefined independent=true modes=[] flags=NONE mustBeTask=true order=ANY topActivity=null launchCookie=null customAnim=true windowingMode=undefined}]} RemoteTransition { remoteTransition = android.window.IRemoteTransition$Stub$Proxy@69ffe25, appThread = android.app.IApplicationThread$Stub$Proxy@72cabfa, debugName = QuickstepLaunchHome }}
02-19 22:22:15.827  4449  4467 V WindowManagerShell:  Delegate animation for (#1165) to RemoteTransition { remoteTransition = android.window.IRemoteTransition$Stub$Proxy@69ffe25, appThread = android.app.IApplicationThread$Stub$Proxy@72cabfa, debugName = QuickstepLaunchHome }
02-19 22:22:15.839   752  1029 D InetDiagMessage: Destroyed 0 sockets, proto=IPPROTO_TCP, family=AF_INET, states=14
02-19 22:22:15.849 19166 19166 D StateManager: createAtomicAnimation - fromState: Background, toState: Normal, partial trace:
02-19 22:22:15.849 19166 19166 D StateManager: 	at com.android.quickstep.util.ScalingWorkspaceRevealAnim.<init>(go/retraceme 72a59688580715d19f0e415c69e80376c2f062d1648c80db6730905005a27c20:39)
02-19 22:22:15.849 19166 19166 D StateManager: 	at com.android.launcher3.QuickstepTransitionManager.createWallpaperOpenAnimations(go/retraceme 72a59688580715d19f0e415c69e80376c2f062d1648c80db6730905005a27c20:168)
02-19 22:22:15.849 19166 19166 D StateManager: 	at com.android.launcher3.QuickstepTransitionManager$WallpaperOpenLauncherAnimationRunner.onAnimationStart(go/retraceme 72a59688580715d19f0e415c69e80376c2f062d1648c80db6730905005a27c20:17)
02-19 22:22:15.852   752   807 I libprocessgroup: Removed cgroup /sys/fs/cgroup/apps/uid_99124/pid_8648
02-19 22:22:15.852 19166 19190 I s.nexuslauncher: AssetManager2(0x7d8fac447f38) locale list changing from [] to [en-US]
02-19 22:22:15.852 19166 19166 D b/311077782: LauncherAnimationRunner.setAnimation
02-19 22:22:15.858  4449  4467 V WindowManagerShell:  animated by com.android.wm.shell.transition.RemoteTransitionHandler@ef09705
02-19 22:22:15.859   752   794 V WindowManager: Sent Transition (#1165) createdAt=02-19 22:22:15.499 via request=TransitionRequestInfo { type = OPEN, triggerTask = TaskInfo{userId=0 taskId=5 effectiveUid=10182 displayId=0 isRunning=true baseIntent=Intent { act=android.intent.action.MAIN cat=[android.intent.category.HOME] flg=0x10000100 cmp=com.google.android.apps.nexuslauncher/.NexusLauncherActivity } baseActivity=ComponentInfo{com.google.android.apps.nexuslauncher/com.google.android.apps.nexuslauncher.NexusLauncherActivity} topActivity=ComponentInfo{com.google.android.apps.nexuslauncher/com.google.android.apps.nexuslauncher.NexusLauncherActivity} origActivity=null realActivity=ComponentInfo{com.google.android.apps.nexuslauncher/com.google.android.apps.nexuslauncher.NexusLauncherActivity} numActivities=1 lastActiveTime=118809351 supportsMultiWindow=true resizeMode=2 isResizeable=true minWidth=-1 minHeight=-1 defaultMinSize=220 token=WCT{RemoteToken{50a2c5f Task{b605570 #5 type=home I=com.google.android.apps.nexuslauncher/.NexusLauncherActivity}}} topActivityType=2 pictureInPictureParams=null shouldDockBigOverlays=false launchIntoPipHostTaskId=-1 lastParentTaskIdBeforePip=-1 displayCutoutSafeInsets=Rect(0, 0 - 0, 0) topActivityInfo=ActivityInfo{f5406ac com.google.android.apps.nexuslauncher.NexusLauncherActivity} launchCookies=[] positionInParent=Point(0, 0) parentTaskId=-1 isFocused=true isVisible=false isVisibleRequested=true isTopActivityNoDisplay=false isSleeping=false locusId=LocusId[17_chars] displayAreaFeatureId=1 isTopActivityTransparent=false isActivityStackTransparent=false lastNonFullscreenBounds=Rect(284, 660 - 796, 1740) capturedLink=null capturedLinkTimestamp=0 requestedVisibleTypes=-9 topActivityRequestOpenInBrowserEducationTimestamp=0 appCompatTaskInfo=AppCompatTaskInfo { topActivityInSizeCompat=false eligibleForLetterboxEducation= false isLetterboxEducationEnabled= true isLetterboxDoubleTapEnabled= false eligibleForUserAspectRatioButton= false topActivityBoundsLetterboxed= false isFromLetterboxDoubleTap= false topActivityLetterboxVerticalPosition= -1 topActivityLetterboxHorizontalPosition= -1 topActivityLetterboxWidth=-1 topActivityLetterboxHeight=-1 topActivityAppBounds=Rect(0, 0 - 1080, 2400) isUserFullscreenOverrideEnabled=false isSystemFullscreenOverrideEnabled=false hasMinAspectRatioOverride=false topActivityLetterboxBounds=null cameraCompatTaskInfo=CameraCompatTaskInfo { freeformCameraCompatMode=inactive}} topActivityMainWindowFrame=null}, pipChange = null, remoteTransition = null, displayChange = null, flags = 0, debugId = 1165 }
02-19 22:22:15.859   752   794 V WindowManager:     startWCT=WindowContainerTransaction { changes= {} hops= [] errorCallbackToken=null taskFragmentOrganizer=null }
02-19 22:22:15.859   752   797 W ActivityManager: setHasOverlayUi called on unknown pid: 8619
02-19 22:22:15.860   752   794 V WindowManager:     info={id=1165 t=OPEN f=0x0 trk=0 r=[0@Point(0, 0)] c=[
02-19 22:22:15.860   752   794 V WindowManager:         {WCT{RemoteToken{5218fe8 Task{dd43522 #1 type=home}}} m=TO_FRONT f=SHOW_WALLPAPER|MOVE_TO_TOP leash=Surface(name=Task=1)/@0x8ddbd2e sb=Rect(0, 0 - 1080, 2400) eb=Rect(0, 0 - 1080, 2400) epz=Point(1080, 2400) d=0 taskParent=-1},
02-19 22:22:15.860   752   794 V WindowManager:         {WCT{RemoteToken{84f972e Task{d8704da #198 type=standard A=10217:viva.republica.toss.test}}} m=TO_BACK f=NONE leash=Surface(name=Task=198)/@0x5ee20c4 sb=Rect(0, 0 - 1080, 2400) eb=Rect(0, 0 - 1080, 2400) epz=Point(1080, 2400) d=0 taskParent=-1},
02-19 22:22:15.860   752   794 V WindowManager:         {m=TO_FRONT f=IS_WALLPAPER leash=Surface(name=WallpaperWindowToken{35e0c0f showWhenLocked=false})/@0x512f5be sb=Rect(0, 0 - 1080, 2400) eb=Rect(0, 0 - 1080, 2400) epz=Point(1080, 2400) d=0}
02-19 22:22:15.860   752   794 V WindowManager:     ]}
02-19 22:22:15.864   752  1095 D BackgroundInstallControlService: Package event received: 0
02-19 22:22:15.874 19829 19829 I Finsky  : [2] Memory trim requested to level 40
02-19 22:22:15.875 19829 19829 I Finsky  : [2] Flushing in-memory image cache
02-19 22:22:15.878 19829 19829 I Finsky  : [2] Current account updated in PVS
02-19 22:22:15.882   752  1029 D InetDiagMessage: Destroyed 0 sockets, proto=IPPROTO_TCP, family=AF_INET6, states=14
02-19 22:22:15.882   752  1029 D InetDiagMessage: Destroyed live tcp sockets for uids={10217} in 46ms
02-19 22:22:15.884   752  1029 D InetDiagMessage: Destroyed 0 sockets, proto=IPPROTO_TCP, family=AF_INET, states=14
02-19 22:22:15.886   752  1029 D InetDiagMessage: Destroyed 0 sockets, proto=IPPROTO_TCP, family=AF_INET6, states=14
02-19 22:22:15.886   752  1029 D InetDiagMessage: Destroyed live tcp sockets for uids={20217} in 4ms
02-19 22:22:15.924   531   531 I BpBinder: onLastStrongRef automatically unlinking death recipients: 
02-19 22:22:15.942 19166 19190 W HWUI    : Image decoding logging dropped!
02-19 22:22:16.000   752   797 W ActivityTaskManager: Activity top resumed state loss timeout for ActivityRecord{29011589 u0 viva.republica.toss.test/im.toss.rn.granite.core.GraniteActivity t198 f} isExiting}
02-19 22:22:16.036   752   989 I ImeTracker: com.google.android.apps.nexuslauncher:617c8c68: onRequestHide at ORIGIN_SERVER reason HIDE_SAME_WINDOW_FOCUSED_WITHOUT_EDITOR fromUser false
02-19 22:22:16.039 20022 20022 I GoogleInputMethodService: GoogleInputMethodService.onFinishInput():2043 
02-19 22:22:16.053 20022 20022 I Module  : DeviceLockedStatusModuleProvider$Module.updateDeviceLockedStatus():100 repeatCheckTimes = 0, locked = false
02-19 22:22:16.063 20022 20022 I GoogleInputMethodService: GoogleInputMethodService.onStartInput():1293 onStartInput(EditorInfo{EditorInfo{packageName=com.google.android.apps.nexuslauncher, inputType=0, inputTypeString=NULL, enableLearning=false, autoCorrection=false, autoComplete=false, imeOptions=0, privateImeOptions=null, actionName=UNSPECIFIED, actionLabel=null, initialSelStart=-1, initialSelEnd=-1, initialCapsMode=0, label=null, fieldId=0, fieldName=null, extras=null, hintText=null, hintLocales=[]}}, false)
02-19 22:22:16.071 20022 20022 I EmojiCompatManager: EmojiCompatManager.getEmojiCompatIfLoaded():343 EmojiCompat.init() was never called.
02-19 22:22:16.071 20022 20022 I EmojiCompatManager: java.lang.IllegalStateException: EmojiCompat is not initialized. Please call EmojiCompat.init() first
02-19 22:22:16.071 20022 20022 I EmojiCompatManager: 	at asx.p(PG:6)
02-19 22:22:16.071 20022 20022 I EmojiCompatManager: 	at axb.b(PG:13)
02-19 22:22:16.071 20022 20022 I EmojiCompatManager: 	at jnr.b(PG:2)
02-19 22:22:16.071 20022 20022 I EmojiCompatManager: 	at jnr.c(PG:4)
02-19 22:22:16.071 20022 20022 I EmojiCompatManager: 	at jnr.f(PG:3)
02-19 22:22:16.071 20022 20022 I EmojiCompatManager: 	at jnx.c(PG:3)
02-19 22:22:16.071 20022 20022 I EmojiCompatManager: 	at kif.cz(PG:47)
02-19 22:22:16.071 20022 20022 I EmojiCompatManager: 	at lhl.run(PG:1025)
02-19 22:22:16.071 20022 20022 I EmojiCompatManager: 	at jaf.execute(PG:12)
02-19 22:22:16.071 20022 20022 I EmojiCompatManager: 	at nco.v(PG:13)
02-19 22:22:16.071 20022 20022 I EmojiCompatManager: 	at lhn.m(PG:96)
02-19 22:22:16.071 20022 20022 I EmojiCompatManager: 	at lhn.k(PG:25)
02-19 22:22:16.071 20022 20022 I EmojiCompatManager: 	at kgn.onStartInput(PG:250)
02-19 22:22:16.071 20022 20022 I EmojiCompatManager: 	at android.inputmethodservice.InputMethodService.doStartInput(InputMethodService.java:3521)
02-19 22:22:16.071 20022 20022 I EmojiCompatManager: 	at android.inputmethodservice.InputMethodService$InputMethodImpl.startInput(InputMethodService.java:879)
02-19 22:22:16.071 20022 20022 I EmojiCompatManager: 	at android.inputmethodservice.InputMethodService$InputMethodImpl.dispatchStartInput(InputMethodService.java:908)
02-19 22:22:16.071 20022 20022 I EmojiCompatManager: 	at android.inputmethodservice.IInputMethodWrapper.executeMessage(IInputMethodWrapper.java:201)
02-19 22:22:16.071 20022 20022 I EmojiCompatManager: 	at com.android.internal.os.HandlerCaller$MyHandler.handleMessage(HandlerCaller.java:44)
02-19 22:22:16.071 20022 20022 I EmojiCompatManager: 	at android.os.Handler.dispatchMessage(Handler.java:110)
02-19 22:22:16.071 20022 20022 I EmojiCompatManager: 	at android.os.Looper.loopOnce(Looper.java:248)
02-19 22:22:16.071 20022 20022 I EmojiCompatManager: 	at android.os.Looper.loop(Looper.java:338)
02-19 22:22:16.071 20022 20022 I EmojiCompatManager: 	at android.app.ActivityThread.main(ActivityThread.java:9067)
02-19 22:22:16.071 20022 20022 I EmojiCompatManager: 	at java.lang.reflect.Method.invoke(Native Method)
02-19 22:22:16.071 20022 20022 I EmojiCompatManager: 	at com.android.internal.os.RuntimeInit$MethodAndArgsCaller.run(RuntimeInit.java:593)
02-19 22:22:16.071 20022 20022 I EmojiCompatManager: 	at com.android.internal.os.ZygoteInit.main(ZygoteInit.java:932)
02-19 22:22:16.081 20022 20022 I Module  : DeviceLockedStatusModuleProvider$Module.updateDeviceLockedStatus():100 repeatCheckTimes = 1, locked = false
02-19 22:22:16.084   752  2505 W PackageConfigPersister: App-specific configuration not found for packageName: com.google.android.apps.nexuslauncher and userId: 0
02-19 22:22:16.087 19166 19166 D InsetsController: hide(ime(), fromIme=false)
02-19 22:22:16.088 19166 19166 I ImeTracker: com.google.android.apps.nexuslauncher:617c8c68: onCancelled at PHASE_CLIENT_ALREADY_HIDDEN
02-19 22:22:16.905   752   795 W Looper  : Slow delivery took 315ms android.ui app=system_server main=false group=TOP_APP h=android.view.Choreographer$FrameHandler c=null m=2
02-19 22:22:16.925 19166 19166 I Choreographer: Skipped 36 frames!  The application may be doing too much work on its main thread.
02-19 22:22:16.930 19166 19166 D ScalingWorkspaceRevealAnim: alpha of workspace at the end of animation: 1.0
02-19 22:22:16.933  4449  4467 V WindowManagerShell: Transition animation finished (aborted=false), notifying core (#1165) android.os.BinderProxy@af32198@0
02-19 22:22:16.938   752   794 V WindowManager: Finish Transition (#1165): created at 02-19 22:22:15.499 collect-started=0.11ms request-sent=7.588ms started=13.065ms ready=308.384ms sent=316.251ms commit=56.142ms finished=1436.67ms
02-19 22:22:16.949   752  2417 E IPCThreadState: Binder transaction failure. id: 3178928, BR_*: 29189, error: -22 (Invalid argument)
02-19 22:22:16.950   752  2417 W ActivityManager: pid 752 system sent binder code 7 with flags 1 to frozen apps and got error -32
02-19 22:22:16.951   752  2417 W WindowManager: Exception thrown during dispatchAppVisibility Window{4d6c8a2 u0 viva.republica.toss.test/im.toss.rn.granite.core.GraniteActivity EXITING}
02-19 22:22:16.951   752  2417 W WindowManager: android.os.DeadObjectException
02-19 22:22:16.951   752  2417 W WindowManager: 	at android.os.BinderProxy.transactNative(Native Method)
02-19 22:22:16.951   752  2417 W WindowManager: 	at android.os.BinderProxy.transact(BinderProxy.java:592)
02-19 22:22:16.951   752  2417 W WindowManager: 	at android.view.IWindow$Stub$Proxy.dispatchAppVisibility(IWindow.java:557)
02-19 22:22:16.951   752  2417 W WindowManager: 	at com.android.server.wm.WindowState.sendAppVisibilityToClients(WindowState.java:3151)
02-19 22:22:16.951   752  2417 W WindowManager: 	at com.android.server.wm.WindowContainer.sendAppVisibilityToClients(WindowContainer.java:1311)
02-19 22:22:16.951   752  2417 W WindowManager: 	at com.android.server.wm.WindowToken.setClientVisible(WindowToken.java:389)
02-19 22:22:16.951   752  2417 W WindowManager: 	at com.android.server.wm.ActivityRecord.setClientVisible(ActivityRecord.java:6650)
02-19 22:22:16.951   752  2417 W WindowManager: 	at com.android.server.wm.ActivityRecord.commitVisibility(ActivityRecord.java:5561)
02-19 22:22:16.951   752  2417 W WindowManager: 	at com.android.server.wm.Transition.finishTransition(Transition.java:1391)
02-19 22:22:16.951   752  2417 W WindowManager: 	at com.android.server.wm.TransitionController.finishTransition(TransitionController.java:1029)
02-19 22:22:16.951   752  2417 W WindowManager: 	at com.android.server.wm.WindowOrganizerController.finishTransition(WindowOrganizerController.java:496)
02-19 22:22:16.951   752  2417 W WindowManager: 	at android.window.IWindowOrganizerController$Stub.onTransact(IWindowOrganizerController.java:261)
02-19 22:22:16.951   752  2417 W WindowManager: 	at com.android.server.wm.WindowOrganizerController.onTransact(WindowOrganizerController.java:223)
02-19 22:22:16.951   752  2417 W WindowManager: 	at android.os.Binder.execTransactInternal(Binder.java:1426)
02-19 22:22:16.951   752  2417 W WindowManager: 	at android.os.Binder.execTransact(Binder.java:1365)
02-19 22:22:16.951   752  2417 W Process : Unable to open /proc/8619/status
02-19 22:22:16.983  4449  4467 V WindowManagerShell: Track 0 became idle
02-19 22:22:16.984  4449  4467 V WindowManagerShell: All active transition animations finished
02-19 22:22:16.988   752   795 W Looper  : Drained
02-19 22:22:16.992  8799  8799 W dumpsys : Thread Pool max thread count is 0. Cannot cache binder as linkToDeath cannot be implemented. serviceName: window
02-19 22:22:17.019   531   531 E BpTransactionCompletedListener: Failed to transact (-32)
02-19 22:22:17.037 19166 19166 D RecentsView: onTaskRemoved: 198, not handling task stack changes
02-19 22:22:17.037 19166 19166 D RecentsView: onTaskRemoved: 198, not handling task stack changes
02-19 22:22:17.367   752  2505 W ActivityTaskManager: callingPackage for (uid=2000, pid=8804) has no WPC
02-19 22:22:17.374   752  2505 V GrammaticalInflectionUtils: AttributionSource: android.content.AttributionSource@56784557 does not have READ_SYSTEM_GRAMMATICAL_GENDER permission.
02-19 22:22:17.375   752  2505 W OptProp : Cannot read opt property android.window.PROPERTY_COMPAT_ALLOW_USER_ASPECT_RATIO_OVERRIDE
02-19 22:22:17.376   752  2505 W OptProp : Cannot read opt property android.window.PROPERTY_COMPAT_ALLOW_USER_ASPECT_RATIO_FULLSCREEN_OVERRIDE
02-19 22:22:17.377   752  2505 W OptProp : Cannot read opt property android.window.PROPERTY_COMPAT_ALLOW_RESIZEABLE_ACTIVITY_OVERRIDES
02-19 22:22:17.377   752  2505 W OptProp : Cannot read opt property android.window.PROPERTY_COMPAT_ALLOW_MIN_ASPECT_RATIO_OVERRIDE
02-19 22:22:17.389   752  2505 W OptProp : Cannot read opt property android.window.PROPERTY_COMPAT_ALLOW_ORIENTATION_OVERRIDE
02-19 22:22:17.390   531   548 I BpBinder: onLastStrongRef automatically unlinking death recipients: 
02-19 22:22:17.395   752  2505 I ActivityTaskManager: START u0 {act=android.intent.action.VIEW dat=intoss://takealook/... flg=0x10000000 xflg=0x4 pkg=viva.republica.toss.test cmp=viva.republica.toss.test/.MiniAppSchemeActivity} with LAUNCH_MULTIPLE from uid 2000 (BAL_ALLOW_PERMISSION) result code=0
02-19 22:22:17.396  4449  4467 V WindowManagerShell: Transition requested (#1166): android.os.BinderProxy@32c3547 TransitionRequestInfo { type = OPEN, triggerTask = TaskInfo{userId=0 taskId=199 effectiveUid=10217 displayId=0 isRunning=true baseIntent=Intent { act=android.intent.action.VIEW dat=intoss://takealook/... flg=0x10000000 pkg=viva.republica.toss.test cmp=viva.republica.toss.test/.MiniAppSchemeActivity } baseActivity=ComponentInfo{viva.republica.toss.test/viva.republica.toss.test.MiniAppSchemeActivity} topActivity=ComponentInfo{viva.republica.toss.test/viva.republica.toss.test.MiniAppSchemeActivity} origActivity=null realActivity=ComponentInfo{viva.republica.toss.test/viva.republica.toss.test.MiniAppSchemeActivity} numActivities=1 lastActiveTime=118811241 supportsMultiWindow=true resizeMode=1 isResizeable=true minWidth=-1 minHeight=-1 defaultMinSize=220 token=WCT{android.window.IWindowContainerToken$Stub$Proxy@df88174} topActivityType=1 pictureInPictureParams=null shouldDockBigOverlays=false launchIntoPipHostTaskId=-1 lastParentTaskIdBeforePip=-1 displayCutoutSafeInsets=Rect(0, 0 - 0, 0) topActivityInfo=ActivityInfo{df8a69d viva.republica.toss.test.MiniAppSchemeActivity} launchCookies=[] positionInParent=Point(0, 0) parentTaskId=-1 isFocused=false isVisible=false isVisibleRequested=false isTopActivityNoDisplay=false isSleeping=false locusId=null displayAreaFeatureId=1 isTopActivityTransparent=true isActivityStackTransparent=true lastNonFullscreenBounds=Rect(284, 660 - 796, 1740) capturedLink=null capturedLinkTimestamp=0 requestedVisibleTypes=-9 topActivityRequestOpenInBrowserEducationTimestamp=0 appCompatTaskInfo=AppCompatTaskInfo { topActivityInSizeCompat=false eligibleForLetterboxEducation= false isLetterboxEducationEnabled= true isLetterboxDoubleTapEnabled= false eligibleForUserAspectRatioButton= false topActivityBoundsLetterboxed= false isFromLetterboxDoubleTap= false topActivityLetterboxVerticalPosition= -1 topActivityLetterboxHorizontalPosition= -1 topActivityLetterboxWidth=-1 topActivityLetterboxHeight=-1 topActivityAppBounds=Rect(0, 0 - 1080, 2400) isUserFullscreenOverrideEnabled=false isSystemFullscreenOverrideEnabled=false hasMinAspectRatioOverride=false topActivityLetterboxBounds=null cameraCompatTaskInfo=CameraCompatTaskInfo { freeformCameraCompatMode=inactive}} topActivityMainWindowFrame=null}, pipChange = null, remoteTransition = null, displayChange = null, flags = 0, debugId = 1166 }
02-19 22:22:17.396  4449  4467 D ShellSplitScreen: logExit: no-op, mLoggerSessionId is null
02-19 22:22:17.400 19166 19166 W SplitSelectStateCtor: Missing session instanceIds
02-19 22:22:17.401 19166 19166 D StatsLog: LAUNCHER_SPLIT_SELECTION_EXIT_INTERRUPTED
02-19 22:22:17.402  4449  4467 D WindowManagerShell: setLauncherKeepClearAreaHeight: visible=false, height=527
02-19 22:22:17.404   752   797 V GrammaticalInflectionUtils: AttributionSource: android.content.AttributionSource@56784557 does not have READ_SYSTEM_GRAMMATICAL_GENDER permission.
02-19 22:22:17.413   752  1095 D BackgroundInstallControlService: Package event received: 0
02-19 22:22:17.425   458   458 D Zygote  : Forked child process 8807
02-19 22:22:17.428   752   806 I ActivityManager: Start proc 8807:viva.republica.toss.test/u0a217 for next-top-activity {viva.republica.toss.test/viva.republica.toss.test.MiniAppSchemeActivity}
02-19 22:22:17.428   752   806 I ActivityManager: ProcessObserver broadcast disabled
02-19 22:22:26.457   531   568 W EventThread: Faking VSYNC due to driver stall for thread app
02-19 22:22:26.456   531   569 W EventThread: Faking VSYNC due to driver stall for thread appSf
02-19 22:22:26.467   531   531 I BpBinder: onLastStrongRef automatically unlinking death recipients: 
02-19 22:22:26.473 19336 19579 I bbax    : (REDACTED) getHotwordActive::active query: %s, watch: %s, devices connected: %s
02-19 22:22:26.489   752   797 W BLASTSyncEngine: Sync group 1166 timeout
02-19 22:22:26.494   752   969 D ActivityManager: freezing 19378 com.google.android.webview:webview_service
02-19 22:22:26.500   752   752 W Looper  : Slow delivery took 7807ms main app=system_server main=true group=FOREGROUND h=com.android.server.pm.SnapshotStatistics$1 c=null m=0
02-19 22:22:26.508   752   969 D ActivityManager: freezing 3453 com.google.android.gms
02-19 22:22:26.515 27008 27008 I wpa_supplicant: wlan0: CTRL-EVENT-BEACON-LOSS 
02-19 22:22:26.517  8807  8807 I blica.toss.test: Using CollectorTypeCMC GC.
02-19 22:22:26.520  8807  8807 W blica.toss.test: Unexpected CPU variant for x86: x86_64.
02-19 22:22:26.520  8807  8807 W blica.toss.test: Known variants: atom, sandybridge, silvermont, goldmont, goldmont-plus, goldmont-without-sha-xsaves, tremont, kabylake, alderlake, default
02-19 22:22:26.526   752   969 D ActivityManager: freezing 19829 com.android.vending
02-19 22:22:26.527   752   797 I BLASTSyncEngine: Unfinished container: ActivityRecord{196728612 u0 viva.republica.toss.test/.MiniAppSchemeActivity t199}
02-19 22:22:26.528   752   797 I BLASTSyncEngine: Unfinished container: Task{785c28d #199 type=standard A=10217:viva.republica.toss.test}
02-19 22:22:26.531  8807  8807 E blica.toss.test: Not starting debugger since process cannot load the jdwp agent.
02-19 22:22:26.532   752   794 V WindowManager: Sent Transition (#1166) createdAt=02-19 22:22:17.378 via request=TransitionRequestInfo { type = OPEN, triggerTask = TaskInfo{userId=0 taskId=199 effectiveUid=10217 displayId=0 isRunning=true baseIntent=Intent { act=android.intent.action.VIEW dat=intoss://takealook/... flg=0x10000000 pkg=viva.republica.toss.test cmp=viva.republica.toss.test/.MiniAppSchemeActivity } baseActivity=ComponentInfo{viva.republica.toss.test/viva.republica.toss.test.MiniAppSchemeActivity} topActivity=ComponentInfo{viva.republica.toss.test/viva.republica.toss.test.MiniAppSchemeActivity} origActivity=null realActivity=ComponentInfo{viva.republica.toss.test/viva.republica.toss.test.MiniAppSchemeActivity} numActivities=1 lastActiveTime=118811241 supportsMultiWindow=true resizeMode=1 isResizeable=true minWidth=-1 minHeight=-1 defaultMinSize=220 token=WCT{RemoteToken{8db645 Task{785c28d #199 type=standard A=10217:viva.republica.toss.test}}} topActivityType=1 pictureInPictureParams=null shouldDockBigOverlays=false launchIntoPipHostTaskId=-1 lastParentTaskIdBeforePip=-1 displayCutoutSafeInsets=Rect(0, 0 - 0, 0) topActivityInfo=ActivityInfo{83dd19a viva.republica.toss.test.MiniAppSchemeActivity} launchCookies=[] positionInParent=Point(0, 0) parentTaskId=-1 isFocused=false isVisible=false isVisibleRequested=false isTopActivityNoDisplay=false isSleeping=false locusId=null displayAreaFeatureId=1 isTopActivityTransparent=true isActivityStackTransparent=true lastNonFullscreenBounds=Rect(284, 660 - 796, 1740) capturedLink=null capturedLinkTimestamp=0 requestedVisibleTypes=-9 topActivityRequestOpenInBrowserEducationTimestamp=0 appCompatTaskInfo=AppCompatTaskInfo { topActivityInSizeCompat=false eligibleForLetterboxEducation= false isLetterboxEducationEnabled= true isLetterboxDoubleTapEnabled= false eligibleForUserAspectRatioButton= false topActivityBoundsLetterboxed= false isFromLetterboxDoubleTap= false topActivityLetterboxVerticalPosition= -1 topActivityLetterboxHorizontalPosition= -1 topActivityLetterboxWidth=-1 topActivityLetterboxHeight=-1 topActivityAppBounds=Rect(0, 0 - 1080, 2400) isUserFullscreenOverrideEnabled=false isSystemFullscreenOverrideEnabled=false hasMinAspectRatioOverride=false topActivityLetterboxBounds=null cameraCompatTaskInfo=CameraCompatTaskInfo { freeformCameraCompatMode=inactive}} topActivityMainWindowFrame=null}, pipChange = null, remoteTransition = null, displayChange = null, flags = 0, debugId = 1166 }
02-19 22:22:26.532   752   794 V WindowManager:     startWCT=WindowContainerTransaction { changes= {} hops= [] errorCallbackToken=null taskFragmentOrganizer=null }
02-19 22:22:26.532   752   794 V WindowManager:     info={id=1166 t=OPEN f=0x0 trk=0 r=[0@Point(0, 0)] c=[
02-19 22:22:26.532   752   794 V WindowManager:         {WCT{RemoteToken{8db645 Task{785c28d #199 type=standard A=10217:viva.republica.toss.test}}} m=OPEN f=TRANSLUCENT leash=Surface(name=Task=199)/@0x8342af sb=Rect(0, 0 - 1080, 2400) eb=Rect(0, 0 - 1080, 2400) epz=Point(1080, 2400) d=0 taskParent=-1}
02-19 22:22:26.532   752   794 V WindowManager:     ]}
02-19 22:22:26.532  4449  4501 V WindowManagerShell: onTransitionReady(transaction=3229815440106)
02-19 22:22:26.533  4449  4467 V WindowManagerShell: onTransitionReady (#1166) android.os.BinderProxy@32c3547: {id=1166 t=OPEN f=0x0 trk=0 r=[0@Point(0, 0)] c=[
02-19 22:22:26.533  4449  4467 V WindowManagerShell:         {m=OPEN f=TRANSLUCENT leash=Surface(name=Task=199)/@0x10f712 sb=Rect(0, 0 - 1080, 2400) eb=Rect(0, 0 - 1080, 2400) epz=Point(1080, 2400) d=0 taskParent=-1}
02-19 22:22:26.533  4449  4467 V WindowManagerShell:     ]}
02-19 22:22:26.535  4449  4467 V WindowManagerShell: Playing animation for (#1166) android.os.BinderProxy@32c3547@0
02-19 22:22:26.535   752  1029 D InetDiagMessage: Destroyed 0 sockets, proto=IPPROTO_TCP, family=AF_INET, states=14
02-19 22:22:26.535  4449  4467 V ShellRecents: RecentsTransitionHandler.startAnimation: no controller found
02-19 22:22:26.536  4449  4467 V WindowManagerShell: Transition doesn't have explicit remote, search filters for match for {id=1166 t=OPEN f=0x0 trk=0 r=[0@Point(0, 0)] c=[{m=OPEN f=TRANSLUCENT leash=Surface(name=Task=199)/@0x10f712 sb=Rect(0, 0 - 1080, 2400) eb=Rect(0, 0 - 1080, 2400) epz=Point(1080, 2400) d=0 taskParent=-1}]}
02-19 22:22:26.536  4449  4467 V WindowManagerShell:  Checking filter Pair{{types=[] flags=0x0] notFlags=0x0 checks=[{atype=undefined independent=true modes=[CLOSE,TO_BACK] flags=IN_TASK_WITH_EMBEDDED_ACTIVITY mustBeTask=false order=ANY topActivity=null launchCookie=null taskFragmentToken=android.os.BinderProxy@71546f0 windowingMode=undefined}]} RemoteTransition { remoteTransition = android.window.IRemoteTransition$Stub$Proxy@d4c8469, appThread = android.app.IApplicationThread$Stub$Proxy@c228eee, debugName = overlayBackTransition }}
02-19 22:22:26.536  4449  4467 V WindowManagerShell:  Checking filter Pair{{types=[] flags=0x0] notFlags=0x0 checks=[{atype=dream independent=true modes=[OPEN,TO_FRONT] flags=NONE mustBeTask=false order=ANY topActivity=null launchCookie=null windowingMode=undefined},{atype=home independent=true modes=[CLOSE,TO_BACK] flags=NONE mustBeTask=false order=ANY topActivity=null launchCookie=null windowingMode=undefined}]} RemoteTransition { remoteTransition = android.window.IRemoteTransition$Stub$Proxy@c578f8f, appThread = android.app.IApplicationThread$Stub$Proxy@69fe21c, debugName = LauncherToDream }}
02-19 22:22:26.536  4449  4467 V WindowManagerShell:  Checking filter Pair{{types=[] flags=0x0] notFlags=0x100 checks=[{atype=home independent=true modes=[OPEN,TO_FRONT] flags=NONE mustBeTask=false order=TOP topActivity=ComponentInfo{com.google.android.apps.nexuslauncher/com.google.android.apps.nexuslauncher.NexusLauncherActivity} launchCookie=null windowingMode=undefined},{atype=standard independent=true modes=[CLOSE,TO_BACK] flags=NONE mustBeTask=false order=ANY topActivity=null launchCookie=null windowingMode=undefined},{NOT atype=undefined independent=true modes=[] flags=NONE mustBeTask=true order=ANY topActivity=null launchCookie=null customAnim=true windowingMode=undefined}]} RemoteTransition { remoteTransition = android.window.IRemoteTransition$Stub$Proxy@69ffe25, appThread = android.app.IApplicationThread$Stub$Proxy@72cabfa, debugName = QuickstepLaunchHome }}
02-19 22:22:26.536  4449  4467 V WindowManagerShell:  Checking filter Pair{{types=[] flags=0x0] notFlags=0x0 checks=[{atype=undefined independent=true modes=[CLOSE,TO_BACK] flags=IN_TASK_WITH_EMBEDDED_ACTIVITY mustBeTask=false order=ANY topActivity=null launchCookie=null taskFragmentToken=android.os.BinderProxy@71546f0 windowingMode=undefined}]} RemoteTransition { remoteTransition = android.window.IRemoteTransition$Stub$Proxy@7c795ab, appThread = android.app.IApplicationThread$Stub$Proxy@cd70408, debugName = overlayBackTransition }}
02-19 22:22:26.536  4449  4467 V WindowManagerShell:  Checking filter Pair{{types=[] flags=0x0] notFlags=0x0 checks=[{atype=dream independent=true modes=[OPEN,TO_FRONT] flags=NONE mustBeTask=false order=ANY topActivity=null launchCookie=null windowingMode=undefined},{atype=home independent=true modes=[CLOSE,TO_BACK] flags=NONE mustBeTask=false order=ANY topActivity=null launchCookie=null windowingMode=undefined}]} RemoteTransition { remoteTransition = android.window.IRemoteTransition$Stub$Proxy@f757a1, appThread = android.app.IApplicationThread$Stub$Proxy@d898dc6, debugName = LauncherToDream }}
02-19 22:22:26.537  4449  4467 V WindowManagerShell:  Checking filter Pair{{types=[] flags=0x0] notFlags=0x100 checks=[{atype=home independent=true modes=[OPEN,TO_FRONT] flags=NONE mustBeTask=false order=TOP topActivity=ComponentInfo{com.google.android.apps.nexuslauncher/com.google.android.apps.nexuslauncher.NexusLauncherActivity} launchCookie=null windowingMode=undefined},{atype=standard independent=true modes=[CLOSE,TO_BACK] flags=NONE mustBeTask=false order=ANY topActivity=null launchCookie=null windowingMode=undefined},{NOT atype=undefined independent=true modes=[] flags=NONE mustBeTask=true order=ANY topActivity=null launchCookie=null customAnim=true windowingMode=undefined}]} RemoteTransition { remoteTransition = android.window.IRemoteTransition$Stub$Proxy@9e7e187, appThread = android.app.IApplicationThread$Stub$Proxy@3dc58b4, debugName = QuickstepLaunchHome }}
02-19 22:22:26.537  4449  4467 V WindowManagerShell:  Delegate animation for (#1166) to null
02-19 22:22:26.537  4449  4467 V WindowManagerShell: start default transition animation, info = {id=1166 t=OPEN f=0x0 trk=0 r=[0@Point(0, 0)] c=[{m=OPEN f=TRANSLUCENT leash=Surface(name=Task=199)/@0x10f712 sb=Rect(0, 0 - 1080, 2400) eb=Rect(0, 0 - 1080, 2400) epz=Point(1080, 2400) d=0 taskParent=-1}]}
02-19 22:22:26.537   752  1029 D InetDiagMessage: Destroyed 0 sockets, proto=IPPROTO_TCP, family=AF_INET6, states=14
02-19 22:22:26.537   752  1029 D InetDiagMessage: Destroyed live tcp sockets for uids={10168} in 4ms
02-19 22:22:26.539   752   752 W Looper  : Drained
02-19 22:22:26.539  4449  4467 V WindowManagerShell: loadAnimation: anim=android.view.animation.AnimationSet@883725e animAttr=0x4 type=OPEN isEntrance=true
02-19 22:22:26.540  4449  4467 V WindowManagerShell:  animated by com.android.wm.shell.transition.DefaultTransitionHandler@f74d823
02-19 22:22:26.549  8807  8807 D nativeloader: Load libframework-connectivity-tiramisu-jni.so using APEX ns com_android_tethering for caller /apex/com.android.tethering/javalib/framework-connectivity-t.jar: ok
02-19 22:22:26.565   752  1095 D BackgroundInstallControlService: Package event received: 0
02-19 22:22:26.591  8807  8807 D ApplicationLoaders: Returning zygote-cached class loader: /system_ext/framework/androidx.window.extensions.jar
02-19 22:22:26.591  8807  8807 D ApplicationLoaders: Returning zygote-cached class loader: /system_ext/framework/androidx.window.sidecar.jar
02-19 22:22:26.602  8807  8807 D nativeloader: Configuring clns-9 for other apk /data/app/~~NUQj-rdXzuicW-16SIRtKA==/viva.republica.toss.test-Si406wFvb_sqEA2GTBV6RQ==/base.apk. target_sdk_version=35, uses_libraries=, library_path=/data/app/~~NUQj-rdXzuicW-16SIRtKA==/viva.republica.toss.test-Si406wFvb_sqEA2GTBV6RQ==/lib/x86_64:/data/app/~~NUQj-rdXzuicW-16SIRtKA==/viva.republica.toss.test-Si406wFvb_sqEA2GTBV6RQ==/base.apk!/lib/x86_64, permitted_path=/data:/mnt/expand:/data/user/0/viva.republica.toss.test
02-19 22:22:26.604  8807  8807 D CompatChangeReporter: Compat change id reported: 202956589; UID 10217; state: ENABLED
02-19 22:22:26.609  8807  8807 I blica.toss.test: AssetManager2(0x7d8fac428e58) locale list changing from [] to [en-US]
02-19 22:22:26.623  8807  8807 V GraphicsEnvironment: Currently set values for:
02-19 22:22:26.624  8807  8807 V GraphicsEnvironment:   angle_gl_driver_selection_pkgs=[]
02-19 22:22:26.624  8807  8807 V GraphicsEnvironment:   angle_gl_driver_selection_values=[]
02-19 22:22:26.624  8807  8807 V GraphicsEnvironment: viva.republica.toss.test is not listed in per-application setting
02-19 22:22:26.624  8807  8807 V GraphicsEnvironment: ANGLE allowlist from config: com.dreamgames.royalmatch com.dts.freefiremax com.dxx.firenow com.gramgames.mergedragons com.ludo.king com.mojang.minecraftpe com.my.defense com.nintendo.zaka com.os.airforce com.playrix.fishdomdd.gplay io.teslatech.callbreak jp.konami.prospia net.peakgames.toonblast
02-19 22:22:26.625  8807  8807 V GraphicsEnvironment: viva.republica.toss.test is not listed in ANGLE allowlist or settings, returning default
02-19 22:22:26.625  8807  8807 V GraphicsEnvironment: Neither updatable production driver nor prerelease driver is supported.
02-19 22:22:26.647  8807  8807 D CompatChangeReporter: Compat change id reported: 279646685; UID 10217; state: ENABLED
02-19 22:22:26.666  8807  8807 D nativeloader: Load /data/app/~~NUQj-rdXzuicW-16SIRtKA==/viva.republica.toss.test-Si406wFvb_sqEA2GTBV6RQ==/lib/x86_64/libmmkv.so using class loader ns clns-9 (caller=/data/app/~~NUQj-rdXzuicW-16SIRtKA==/viva.republica.toss.test-Si406wFvb_sqEA2GTBV6RQ==/base.apk): ok
02-19 22:22:26.672  8807  8819 E ashmem  : Pinning is deprecated since Android Q. Please use trim or other methods.
02-19 22:22:26.686  8807  8807 I blica.toss.test: AssetManager2(0x7d8fac426f18) locale list changing from [] to [en-US]
02-19 22:22:26.688  8807  8807 I WebViewFactory: Loading com.google.android.webview version 133.0.6943.137 (code 694313738)
02-19 22:22:26.694  8807  8807 I blica.toss.test: AssetManager2(0x7d8fac427878) locale list changing from [] to [en-US]
02-19 22:22:26.697  8807  8807 I blica.toss.test: AssetManager2(0x7d8fac4284f8) locale list changing from [] to [en-US]
02-19 22:22:26.700  8807  8807 V ResourcesManager: The following library key has been added: ResourcesKey{ mHash=a24a3099 mResDir=null mSplitDirs=[] mOverlayDirs=[] mLibDirs=[/data/app/~~86wu-kVgQoavtKNPNhKNpg==/com.google.android.webview-1KjOBROVBHjUvpUZHW2m2g==/WebViewGoogle.apk,/data/app/~~zfNTtjjfT5QjKD_7Ux4KKQ==/com.google.android.trichromelibrary_694313738-AgzLRnDhHPFXke_9IsnuqA==/TrichromeLibrary.apk] mDisplayId=0 mOverrideConfig=v36 mCompatInfo={420dpi always-compat} mLoaders=[]}
02-19 22:22:26.706  8807  8807 W blica.toss.test: Failed to find entry 'classes.dex': Entry not found
02-19 22:22:26.709  8807  8807 D nativeloader: Configuring clns-10 for other apk /data/app/~~zfNTtjjfT5QjKD_7Ux4KKQ==/com.google.android.trichromelibrary_694313738-AgzLRnDhHPFXke_9IsnuqA==/TrichromeLibrary.apk. target_sdk_version=34, uses_libraries=ALL, library_path=/data/app/~~86wu-kVgQoavtKNPNhKNpg==/com.google.android.webview-1KjOBROVBHjUvpUZHW2m2g==/lib/x86_64:/data/app/~~86wu-kVgQoavtKNPNhKNpg==/com.google.android.webview-1KjOBROVBHjUvpUZHW2m2g==/WebViewGoogle.apk!/lib/x86_64:/data/app/~~zfNTtjjfT5QjKD_7Ux4KKQ==/com.google.android.trichromelibrary_694313738-AgzLRnDhHPFXke_9IsnuqA==/TrichromeLibrary.apk!/lib/x86_64, permitted_path=/data:/mnt/expand
02-19 22:22:26.721  8807  8807 D ApplicationLoaders: Returning zygote-cached class loader: /system_ext/framework/androidx.window.extensions.jar
02-19 22:22:26.729   752  1029 D InetDiagMessage: Destroyed 0 sockets, proto=IPPROTO_TCP, family=AF_INET, states=14
02-19 22:22:26.731   752  1029 D InetDiagMessage: Destroyed 0 sockets, proto=IPPROTO_TCP, family=AF_INET6, states=14
02-19 22:22:26.731   752  1029 D InetDiagMessage: Destroyed live tcp sockets for uids={10146} in 4ms
02-19 22:22:26.736  8807  8807 D nativeloader: Configuring clns-11 for other apk /data/app/~~86wu-kVgQoavtKNPNhKNpg==/com.google.android.webview-1KjOBROVBHjUvpUZHW2m2g==/WebViewGoogle.apk. target_sdk_version=34, uses_libraries=, library_path=/data/app/~~86wu-kVgQoavtKNPNhKNpg==/com.google.android.webview-1KjOBROVBHjUvpUZHW2m2g==/lib/x86_64:/data/app/~~86wu-kVgQoavtKNPNhKNpg==/com.google.android.webview-1KjOBROVBHjUvpUZHW2m2g==/WebViewGoogle.apk!/lib/x86_64:/data/app/~~zfNTtjjfT5QjKD_7Ux4KKQ==/com.google.android.trichromelibrary_694313738-AgzLRnDhHPFXke_9IsnuqA==/TrichromeLibrary.apk!/lib/x86_64, permitted_path=/data:/mnt/expand
02-19 22:22:26.783  8807  8819 D nativeloader: Configuring clns-12 for other apk . target_sdk_version=35, uses_libraries=ALL, library_path=/data/app/~~NUQj-rdXzuicW-16SIRtKA==/viva.republica.toss.test-Si406wFvb_sqEA2GTBV6RQ==/lib/x86_64:/data/app/~~NUQj-rdXzuicW-16SIRtKA==/viva.republica.toss.test-Si406wFvb_sqEA2GTBV6RQ==/base.apk!/lib/x86_64, permitted_path=/data:/mnt/expand
02-19 22:22:26.802  8807  8819 D nativeloader: Load /data/app/~~NUQj-rdXzuicW-16SIRtKA==/viva.republica.toss.test-Si406wFvb_sqEA2GTBV6RQ==/lib/x86_64/libdceb.so using isolated ns clns-12 (caller=/data/user/0/viva.republica.toss.test/Anonymous-DexFile@1467667017.jar): ok
02-19 22:22:26.809  8807  8807 I cr_WVCFactoryProvider: version=133.0.6943.137 (694313738) minSdkVersion=29 isBundle=false multiprocess=true packageId=2
