02-19 11:51:06.911   752   795 W OptProp : Cannot read opt property android.window.PROPERTY_COMPAT_ALLOW_RESIZEABLE_ACTIVITY_OVERRIDES
02-19 11:51:06.912   752   795 W OptProp : Cannot read opt property android.window.PROPERTY_COMPAT_ALLOW_MIN_ASPECT_RATIO_OVERRIDE
02-19 11:51:06.913   752   795 V GrammaticalInflectionUtils: AttributionSource: android.content.AttributionSource@1abea79a does not have READ_SYSTEM_GRAMMATICAL_GENDER permission.
02-19 11:51:06.922  4449  4467 V WindowManagerShell: Transition requested (#223): android.os.BinderProxy@d2ee32b TransitionRequestInfo { type = OPEN, triggerTask = TaskInfo{userId=0 taskId=5 effectiveUid=10182 displayId=0 isRunning=true baseIntent=Intent { act=android.intent.action.MAIN cat=[android.intent.category.HOME] flg=0x10000100 cmp=com.google.android.apps.nexuslauncher/.NexusLauncherActivity } baseActivity=ComponentInfo{com.google.android.apps.nexuslauncher/com.google.android.apps.nexuslauncher.NexusLauncherActivity} topActivity=ComponentInfo{com.google.android.apps.nexuslauncher/com.google.android.apps.nexuslauncher.NexusLauncherActivity} origActivity=null realActivity=ComponentInfo{com.google.android.apps.nexuslauncher/com.google.android.apps.nexuslauncher.NexusLauncherActivity} numActivities=1 lastActiveTime=80940766 supportsMultiWindow=true resizeMode=2 isResizeable=true minWidth=-1 minHeight=-1 defaultMinSize=220 token=WCT{android.window.IWindowContainerToken$Stub$Proxy@4700388} topActivityType=2 pictureInPictureParams=null shouldDockBigOverlays=false launchIntoPipHostTaskId=-1 lastParentTaskIdBeforePip=-1 displayCutoutSafeInsets=Rect(0, 0 - 0, 0) topActivityInfo=ActivityInfo{7f52121 com.google.android.apps.nexuslauncher.NexusLauncherActivity} launchCookies=[] positionInParent=Point(0, 0) parentTaskId=-1 isFocused=true isVisible=false isVisibleRequested=true isTopActivityNoDisplay=false isSleeping=false locusId=LocusId[17_chars] displayAreaFeatureId=1 isTopActivityTransparent=false isActivityStackTransparent=false lastNonFullscreenBounds=Rect(284, 660 - 796, 1740) capturedLink=null capturedLinkTimestamp=0 requestedVisibleTypes=-9 topActivityRequestOpenInBrowserEducationTimestamp=0 appCompatTaskInfo=AppCompatTaskInfo { topActivityInSizeCompat=false eligibleForLetterboxEducation= false isLetterboxEducationEnabled= true isLetterboxDoubleTapEnabled= false eligibleForUserAspectRatioButton= false topActivityBoundsLetterboxed= false isFromLetterboxDoubleTap= false topActivityLetterboxVerticalPosition= -1 topActivityLetterboxHorizontalPosition= -1 topActivityLetterboxWidth=-1 topActivityLetterboxHeight=-1 topActivityAppBounds=Rect(0, 0 - 1080, 2400) isUserFullscreenOverrideEnabled=false isSystemFullscreenOverrideEnabled=false hasMinAspectRatioOverride=false topActivityLetterboxBounds=null cameraCompatTaskInfo=CameraCompatTaskInfo { freeformCameraCompatMode=inactive}} topActivityMainWindowFrame=null}, pipChange = null, remoteTransition = null, displayChange = null, flags = 0, debugId = 223 }
02-19 11:51:06.923  4449  4467 D ShellSplitScreen: logExit: no-op, mLoggerSessionId is null
02-19 11:51:06.924   752   795 I ActivityTaskManager: START u0 {act=android.intent.action.MAIN cat=[android.intent.category.HOME] flg=0x10000100 cmp=com.google.android.apps.nexuslauncher/.NexusLauncherActivity (has extras)} with LAUNCH_SINGLE_TASK from uid 0 (BAL_ALLOW_ALLOWLISTED_UID) result code=2
02-19 11:51:06.925  1341  1341 D TFOManager: playPanelCloseAnimation() duration=200 traceTag=LauncherOverlay-hide isHomeButtonTap=true
02-19 11:51:06.925  1341  1341 D TFOManager: Skipped creating panel close animation because -1 is invisible.
02-19 11:51:06.925  1341  1341 D OverviewCommandHelper: clearing pending commands: []
02-19 11:51:06.926  1341  1341 D StatsLog: LAUNCHER_ONRESUME
02-19 11:51:06.927   752  1095 D BackgroundInstallControlService: Package event received: 0
02-19 11:51:06.929  1341  1341 D NexusLauncherModelDelegate: notifySmartspaceEvent: SmartspaceTargetEvent{mSmartspaceTarget=null, mSmartspaceActionId='null', mEventType=6}
02-19 11:51:06.931 24035 24035 W WindowOnBackDispatcher: sendCancelIfRunning: isInProgress=false callback=android.view.ViewRootImpl$$ExternalSyntheticLambda13@63fad45
02-19 11:51:06.934   752  1095 D BackgroundInstallControlService: Package event received: 0
02-19 11:51:06.935  1341  1407 D QuickstepModelDelegate: notifyAppTargetEvent action=1 launchLocation=workspace/0/[-1,-1]/[1,1]
02-19 11:51:06.935  1971  2198 I AiAiEcho: Predicting[0]:  [CONTEXT sampling_count=5 ]
02-19 11:51:06.935  1971  2198 I AiAiEcho: EchoTargets: 
02-19 11:51:06.935  1971  2198 I AiAiEcho: Filtered by AiAi flag check: 
02-19 11:51:06.935  1971  2198 I AiAiEcho: [CONTEXT ratelimit_period="10 SECONDS" ]
02-19 11:51:06.935  1971  2198 I AiAiEcho: #remoteViewsTwiddler: feature disabled.
02-19 11:51:06.936   752   797 W IPCThreadState: Sending oneway calls to frozen process.
02-19 11:51:06.936   752   797 W IPCThreadState: Sending oneway calls to frozen process.
02-19 11:51:06.936   752   797 W IPCThreadState: Sending oneway calls to frozen process.
02-19 11:51:06.936   752   797 W IPCThreadState: Sending oneway calls to frozen process.
02-19 11:51:06.936  1971  2198 I AiAiEcho: #postPredictionTargets: Sending updates to UISurface home with targets# 0 (types=[])
02-19 11:51:06.936   752   797 W IPCThreadState: Sending oneway calls to frozen process.
02-19 11:51:06.936   752   797 W IPCThreadState: Sending oneway calls to frozen process.
02-19 11:51:06.936   752   797 W IPCThreadState: Sending oneway calls to frozen process.
02-19 11:51:06.936   752   797 W IPCThreadState: Sending oneway calls to frozen process.
02-19 11:51:06.941   752  2363 D CoreBackPreview: Window{e0e3c70 u0 PopupWindow:83a158e}: Setting back callback null
02-19 11:51:06.944  1341  1341 D BaseDepthController: setSurface:
02-19 11:51:06.944  1341  1341 D BaseDepthController: 	mWaitingOnSurfaceValidity: false
02-19 11:51:06.944  1341  1341 D BaseDepthController: 	mBaseSurface: Surface(name=com.google.android.apps.nexuslauncher/com.google.android.apps.nexuslauncher.NexusLauncherActivity)/@0x94d8eb8
02-19 11:51:06.946  4449  4467 D WindowManagerShell: setLauncherKeepClearAreaHeight: visible=true, height=527
02-19 11:51:06.953   531   531 I BpBinder: onLastStrongRef automatically unlinking death recipients: 
02-19 11:51:07.018   752   797 W IPCThreadState: Sending oneway calls to frozen process.
02-19 11:51:07.019   752   797 W IPCThreadState: Sending oneway calls to frozen process.
02-19 11:51:07.019   752   797 W IPCThreadState: Sending oneway calls to frozen process.
02-19 11:51:07.019   752   797 W IPCThreadState: Sending oneway calls to frozen process.
02-19 11:51:07.020   752   797 W IPCThreadState: Sending oneway calls to frozen process.
02-19 11:51:07.020   752   797 W IPCThreadState: Sending oneway calls to frozen process.
02-19 11:51:07.020   752   797 W IPCThreadState: Sending oneway calls to frozen process.
02-19 11:51:07.022   752   797 W ProcessStats: Tracking association SourceState{1b917ca system/1000 BFgs #12395} whose proc state 4 is better than process ProcessState{42c4ef0 com.google.android.ext.services/10208 pkg=com.google.android.ext.services} proc state 14 (25 skipped)
02-19 11:51:07.024  4449  4467 D WindowManagerShell: onActivityRestartAttempt: topActivity=ComponentInfo{com.google.android.apps.nexuslauncher/com.google.android.apps.nexuslauncher.NexusLauncherActivity}, wasVisible=false
02-19 11:51:07.025   752  1095 D BackgroundInstallControlService: Package event received: 0
02-19 11:51:07.026  1341  1341 D ActivityAllAppsContainerView: rebindAdapters: force: false
02-19 11:51:07.027  1341  1341 D ActivityAllAppsContainerView: rebindAdapters: Not needed.
02-19 11:51:07.027   531   590 I BpBinder: onLastStrongRef automatically unlinking death recipients: 
02-19 11:51:07.030  1341  1341 I NotificationListener: Handling notification state refresh for com.google.android.adservices.api#0
02-19 11:51:07.030  1341  1341 I NotificationListener: Handling notification state refresh for android#0
02-19 11:51:07.031  1341  1341 I NotificationListener: Handling notification state refresh for com.android.systemui#0
02-19 11:51:07.040  1341  1341 D SsBaseTemplateCard: No text view can be set up
02-19 11:51:07.040  1341  1341 D SsBaseTemplateCard: Passed-in item info is null
02-19 11:51:07.040  1341  1341 D SsBaseTemplateCard: Passed-in item info is null
02-19 11:51:07.040  1341  1341 D SsBaseTemplateCard: Passed-in item info is null
02-19 11:51:07.040  1341  1341 I SsBaseTemplateCard: Secondary card pane is null
02-19 11:51:07.057  4449  4501 V WindowManagerShell: onTransitionReady(transaction=3229815412682)
02-19 11:51:07.058  4449  4467 V WindowManagerShell: onTransitionReady (#223) android.os.BinderProxy@d2ee32b: {id=223 t=OPEN f=0x0 trk=0 r=[0@Point(0, 0)] c=[
02-19 11:51:07.058  4449  4467 V WindowManagerShell:         {m=TO_FRONT f=SHOW_WALLPAPER|MOVE_TO_TOP leash=Surface(name=Task=1)/@0x3fd5946 sb=Rect(0, 0 - 1080, 2400) eb=Rect(0, 0 - 1080, 2400) epz=Point(1080, 2400) d=0 taskParent=-1},
02-19 11:51:07.058  4449  4467 V WindowManagerShell:         {m=TO_BACK f=NONE leash=Surface(name=Task=46)/@0x6368707 sb=Rect(0, 0 - 1080, 2400) eb=Rect(0, 0 - 1080, 2400) epz=Point(1080, 2400) d=0 taskParent=-1},
02-19 11:51:07.058  4449  4467 V WindowManagerShell:         {m=TO_FRONT f=IS_WALLPAPER leash=Surface(name=WallpaperWindowToken{35e0c0f showWhenLocked=false})/@0x8c5d034 sb=Rect(0, 0 - 1080, 2400) eb=Rect(0, 0 - 1080, 2400) epz=Point(1080, 2400) d=0}
02-19 11:51:07.058  4449  4467 V WindowManagerShell:     ]}
02-19 11:51:07.058  4449  4467 V WindowManagerShell: Playing animation for (#223) android.os.BinderProxy@d2ee32b@0
02-19 11:51:07.059  4449  4467 V ShellRecents: RecentsTransitionHandler.startAnimation: no controller found
02-19 11:51:07.059  4449  4467 V WindowManagerShell: Transition doesn't have explicit remote, search filters for match for {id=223 t=OPEN f=0x0 trk=0 r=[0@Point(0, 0)] c=[{m=TO_FRONT f=SHOW_WALLPAPER|MOVE_TO_TOP leash=Surface(name=Task=1)/@0x3fd5946 sb=Rect(0, 0 - 1080, 2400) eb=Rect(0, 0 - 1080, 2400) epz=Point(1080, 2400) d=0 taskParent=-1},{m=TO_BACK f=NONE leash=Surface(name=Task=46)/@0x6368707 sb=Rect(0, 0 - 1080, 2400) eb=Rect(0, 0 - 1080, 2400) epz=Point(1080, 2400) d=0 taskParent=-1},{m=TO_FRONT f=IS_WALLPAPER leash=Surface(name=WallpaperWindowToken{35e0c0f showWhenLocked=false})/@0x8c5d034 sb=Rect(0, 0 - 1080, 2400) eb=Rect(0, 0 - 1080, 2400) epz=Point(1080, 2400) d=0}]}
02-19 11:51:07.059  4449  4467 V WindowManagerShell:  Checking filter Pair{{types=[] flags=0x0] notFlags=0x0 checks=[{atype=undefined independent=true modes=[CLOSE,TO_BACK] flags=IN_TASK_WITH_EMBEDDED_ACTIVITY mustBeTask=false order=ANY topActivity=null launchCookie=null taskFragmentToken=android.os.BinderProxy@188d51a windowingMode=undefined}]} RemoteTransition { remoteTransition = android.window.IRemoteTransition$Stub$Proxy@44cd84b, appThread = android.app.IApplicationThread$Stub$Proxy@3a12228, debugName = overlayBackTransition }}
02-19 11:51:07.059  4449  4467 V WindowManagerShell:  Checking filter Pair{{types=[] flags=0x0] notFlags=0x0 checks=[{atype=dream independent=true modes=[OPEN,TO_FRONT] flags=NONE mustBeTask=false order=ANY topActivity=null launchCookie=null windowingMode=undefined},{atype=home independent=true modes=[CLOSE,TO_BACK] flags=NONE mustBeTask=false order=ANY topActivity=null launchCookie=null windowingMode=undefined}]} RemoteTransition { remoteTransition = android.window.IRemoteTransition$Stub$Proxy@6f3eb41, appThread = android.app.IApplicationThread$Stub$Proxy@ccf28e6, debugName = LauncherToDream }}
02-19 11:51:07.060  4449  4467 V WindowManagerShell:  Checking filter Pair{{types=[] flags=0x0] notFlags=0x100 checks=[{atype=home independent=true modes=[OPEN,TO_FRONT] flags=NONE mustBeTask=false order=TOP topActivity=ComponentInfo{com.google.android.apps.nexuslauncher/com.google.android.apps.nexuslauncher.NexusLauncherActivity} launchCookie=null windowingMode=undefined},{atype=standard independent=true modes=[CLOSE,TO_BACK] flags=NONE mustBeTask=false order=ANY topActivity=null launchCookie=null windowingMode=undefined},{NOT atype=undefined independent=true modes=[] flags=NONE mustBeTask=true order=ANY topActivity=null launchCookie=null customAnim=true windowingMode=undefined}]} RemoteTransition { remoteTransition = android.window.IRemoteTransition$Stub$Proxy@a8eae27, appThread = android.app.IApplicationThread$Stub$Proxy@fa38d4, debugName = QuickstepLaunchHome }}
02-19 11:51:07.060  4449  4467 D RemoteTransitionHandler: Found filterPair{{types=[] flags=0x0] notFlags=0x100 checks=[{atype=home independent=true modes=[OPEN,TO_FRONT] flags=NONE mustBeTask=false order=TOP topActivity=ComponentInfo{com.google.android.apps.nexuslauncher/com.google.android.apps.nexuslauncher.NexusLauncherActivity} launchCookie=null windowingMode=undefined},{atype=standard independent=true modes=[CLOSE,TO_BACK] flags=NONE mustBeTask=false order=ANY topActivity=null launchCookie=null windowingMode=undefined},{NOT atype=undefined independent=true modes=[] flags=NONE mustBeTask=true order=ANY topActivity=null launchCookie=null customAnim=true windowingMode=undefined}]} RemoteTransition { remoteTransition = android.window.IRemoteTransition$Stub$Proxy@a8eae27, appThread = android.app.IApplicationThread$Stub$Proxy@fa38d4, debugName = QuickstepLaunchHome }}
02-19 11:51:07.060  4449  4467 V WindowManagerShell:  Delegate animation for (#223) to RemoteTransition { remoteTransition = android.window.IRemoteTransition$Stub$Proxy@a8eae27, appThread = android.app.IApplicationThread$Stub$Proxy@fa38d4, debugName = QuickstepLaunchHome }
02-19 11:51:07.071  1341  1341 D StateManager: createAtomicAnimation - fromState: Background, toState: Normal, partial trace:
02-19 11:51:07.071  1341  1341 D StateManager: 	at com.android.quickstep.util.ScalingWorkspaceRevealAnim.<init>(go/retraceme 72a59688580715d19f0e415c69e80376c2f062d1648c80db6730905005a27c20:39)
02-19 11:51:07.071  1341  1341 D StateManager: 	at com.android.launcher3.QuickstepTransitionManager.createWallpaperOpenAnimations(go/retraceme 72a59688580715d19f0e415c69e80376c2f062d1648c80db6730905005a27c20:168)
02-19 11:51:07.071  1341  1341 D StateManager: 	at com.android.launcher3.QuickstepTransitionManager$WallpaperOpenLauncherAnimationRunner.onAnimationStart(go/retraceme 72a59688580715d19f0e415c69e80376c2f062d1648c80db6730905005a27c20:17)
02-19 11:51:07.072  1341  1407 I s.nexuslauncher: AssetManager2(0x7d8fac4989d8) locale list changing from [] to [en-US]
02-19 11:51:07.072  1341  1341 D b/311077782: LauncherAnimationRunner.setAnimation
02-19 11:51:07.078   752   794 V WindowManager: Sent Transition (#223) createdAt=02-19 11:51:06.914 via request=TransitionRequestInfo { type = OPEN, triggerTask = TaskInfo{userId=0 taskId=5 effectiveUid=10182 displayId=0 isRunning=true baseIntent=Intent { act=android.intent.action.MAIN cat=[android.intent.category.HOME] flg=0x10000100 cmp=com.google.android.apps.nexuslauncher/.NexusLauncherActivity } baseActivity=ComponentInfo{com.google.android.apps.nexuslauncher/com.google.android.apps.nexuslauncher.NexusLauncherActivity} topActivity=ComponentInfo{com.google.android.apps.nexuslauncher/com.google.android.apps.nexuslauncher.NexusLauncherActivity} origActivity=null realActivity=ComponentInfo{com.google.android.apps.nexuslauncher/com.google.android.apps.nexuslauncher.NexusLauncherActivity} numActivities=1 lastActiveTime=80940766 supportsMultiWindow=true resizeMode=2 isResizeable=true minWidth=-1 minHeight=-1 defaultMinSize=220 token=WCT{RemoteToken{50a2c5f Task{b605570 #5 type=home I=com.google.android.apps.nexuslauncher/.NexusLauncherActivity}}} topActivityType=2 pictureInPictureParams=null shouldDockBigOverlays=false launchIntoPipHostTaskId=-1 lastParentTaskIdBeforePip=-1 displayCutoutSafeInsets=Rect(0, 0 - 0, 0) topActivityInfo=ActivityInfo{f5406ac com.google.android.apps.nexuslauncher.NexusLauncherActivity} launchCookies=[] positionInParent=Point(0, 0) parentTaskId=-1 isFocused=true isVisible=false isVisibleRequested=true isTopActivityNoDisplay=false isSleeping=false locusId=LocusId[17_chars] displayAreaFeatureId=1 isTopActivityTransparent=false isActivityStackTransparent=false lastNonFullscreenBounds=Rect(284, 660 - 796, 1740) capturedLink=null capturedLinkTimestamp=0 requestedVisibleTypes=-9 topActivityRequestOpenInBrowserEducationTimestamp=0 appCompatTaskInfo=AppCompatTaskInfo { topActivityInSizeCompat=false eligibleForLetterboxEducation= false isLetterboxEducationEnabled= true isLetterboxDoubleTapEnabled= false eligibleForUserAspectRatioButton= false topActivityBoundsLetterboxed= false isFromLetterboxDoubleTap= false topActivityLetterboxVerticalPosition= -1 topActivityLetterboxHorizontalPosition= -1 topActivityLetterboxWidth=-1 topActivityLetterboxHeight=-1 topActivityAppBounds=Rect(0, 0 - 1080, 2400) isUserFullscreenOverrideEnabled=false isSystemFullscreenOverrideEnabled=false hasMinAspectRatioOverride=false topActivityLetterboxBounds=null cameraCompatTaskInfo=CameraCompatTaskInfo { freeformCameraCompatMode=inactive}} topActivityMainWindowFrame=null}, pipChange = null, remoteTransition = null, displayChange = null, flags = 0, debugId = 223 }
02-19 11:51:07.078   752   794 V WindowManager:     startWCT=WindowContainerTransaction { changes= {} hops= [] errorCallbackToken=null taskFragmentOrganizer=null }
02-19 11:51:07.078   752   794 V WindowManager:     info={id=223 t=OPEN f=0x0 trk=0 r=[0@Point(0, 0)] c=[
02-19 11:51:07.078   752   794 V WindowManager:         {WCT{RemoteToken{5218fe8 Task{dd43522 #1 type=home}}} m=TO_FRONT f=SHOW_WALLPAPER|MOVE_TO_TOP leash=Surface(name=Task=1)/@0x8ddbd2e sb=Rect(0, 0 - 1080, 2400) eb=Rect(0, 0 - 1080, 2400) epz=Point(1080, 2400) d=0 taskParent=-1},
02-19 11:51:07.078   752   794 V WindowManager:         {WCT{RemoteToken{a585dcd Task{7745c88 #46 type=standard A=10217:viva.republica.toss.test}}} m=TO_BACK f=NONE leash=Surface(name=Task=46)/@0xe2d6cf7 sb=Rect(0, 0 - 1080, 2400) eb=Rect(0, 0 - 1080, 2400) epz=Point(1080, 2400) d=0 taskParent=-1},
02-19 11:51:07.078   752   794 V WindowManager:         {m=TO_FRONT f=IS_WALLPAPER leash=Surface(name=WallpaperWindowToken{35e0c0f showWhenLocked=false})/@0x512f5be sb=Rect(0, 0 - 1080, 2400) eb=Rect(0, 0 - 1080, 2400) epz=Point(1080, 2400) d=0}
02-19 11:51:07.078   752   794 V WindowManager:     ]}
02-19 11:51:07.078  1341  1407 W HWUI    : Image decoding logging dropped!
02-19 11:51:07.089  4449  4467 V WindowManagerShell:  animated by com.android.wm.shell.transition.RemoteTransitionHandler@ef09705
02-19 11:51:08.311   531   569 W EventThread: Faking VSYNC due to driver stall for thread appSf
02-19 11:51:08.311   531   568 W EventThread: Faking VSYNC due to driver stall for thread app
02-19 11:51:08.314 24035 24035 I Choreographer: Skipped 69 frames!  The application may be doing too much work on its main thread.
02-19 11:51:08.346   531   531 I BpBinder: onLastStrongRef automatically unlinking death recipients: 
02-19 11:51:08.354  4449  4449 I Choreographer: Skipped 72 frames!  The application may be doing too much work on its main thread.
02-19 11:51:08.366  1341  1427 I HWUI    : Davey! duration=1215ms; Flags=0, FrameTimelineVsyncId=1095964, IntendedVsync=80940955702552, Vsync=80940955702552, InputEventId=0, HandleInputStart=80940960982178, AnimationStart=80940960982909, PerformTraversalsStart=80940963217560, DrawStart=80940963270977, FrameDeadline=80941022369216, FrameStartTime=80940960980174, FrameInterval=16666666, WorkloadTarget=16666666, SyncQueued=80940963584170, SyncStart=80940984657001, IssueDrawCommandsStart=80940985464955, SwapBuffers=80940987513702, FrameCompleted=80942191998696, DequeueBufferDuration=1191364961, QueueBufferDuration=532617, GpuCompleted=80942191998696, SwapBuffersCompleted=80942184750953, DisplayPresentTime=0, CommandSubmissionCompleted=80940987513702, 
02-19 11:51:08.368   752   989 I ImeTracker: com.google.android.apps.nexuslauncher:4b8e10f3: onRequestHide at ORIGIN_SERVER reason HIDE_UNSPECIFIED_WINDOW fromUser false
02-19 11:51:08.368  1341  1341 I Choreographer: Skipped 73 frames!  The application may be doing too much work on its main thread.
02-19 11:51:08.384  1341  1341 D ScalingWorkspaceRevealAnim: alpha of workspace at the end of animation: 1.0
02-19 11:51:08.387   752  1246 I ImeTracker: system_server:edc03d09: onRequestHide at ORIGIN_SERVER reason IME_REQUESTED_CHANGED_LISTENER fromUser false
02-19 11:51:08.387  1563  1563 I GoogleInputMethodService: GoogleInputMethodService.onFinishInput():2043 
02-19 11:51:08.392  1563  1563 I Module  : DeviceLockedStatusModuleProvider$Module.updateDeviceLockedStatus():100 repeatCheckTimes = 0, locked = false
02-19 11:51:08.393  1563  1563 I GoogleInputMethodService: GoogleInputMethodService.onStartInput():1293 onStartInput(EditorInfo{EditorInfo{packageName=com.google.android.apps.nexuslauncher, inputType=0, inputTypeString=NULL, enableLearning=false, autoCorrection=false, autoComplete=false, imeOptions=0, privateImeOptions=null, actionName=UNSPECIFIED, actionLabel=null, initialSelStart=-1, initialSelEnd=-1, initialCapsMode=0, label=null, fieldId=0, fieldName=null, extras=null, hintText=null, hintLocales=[]}}, false)
02-19 11:51:08.394  1563  1563 I Module  : DeviceLockedStatusModuleProvider$Module.updateDeviceLockedStatus():100 repeatCheckTimes = 1, locked = false
02-19 11:51:08.397  4449  4467 V WindowManagerShell: Transition animation finished (aborted=false), notifying core (#223) android.os.BinderProxy@d2ee32b@0
02-19 11:51:08.401   752   797 I ImeTracker: system_server:edc03d09: onCancelled at PHASE_SERVER_SHOULD_HIDE
02-19 11:51:08.408   752   794 V WindowManager: Finish Transition (#223): created at 02-19 11:51:06.914 collect-started=0.04ms request-sent=7.839ms started=11.2ms ready=113.62ms sent=132.043ms commit=31.756ms finished=1492.38ms
02-19 11:51:08.416 24035 24035 D VRI[GraniteActivity]: visibilityChanged oldVisibility=true newVisibility=false
02-19 11:51:08.419  1341  1341 D InsetsController: hide(ime(), fromIme=false)
02-19 11:51:08.420  1341  1341 I ImeTracker: com.google.android.apps.nexuslauncher:4b8e10f3: onCancelled at PHASE_CLIENT_ALREADY_HIDDEN
02-19 11:51:08.424  4449  4467 V WindowManagerShell: Track 0 became idle
02-19 11:51:08.424  4449  4467 V WindowManagerShell: All active transition animations finished
02-19 11:51:08.465   615   715 W IPCThreadState: Sending oneway calls to frozen process.
02-19 11:51:08.467  1341  1427 I HWUI    : Davey! duration=1283ms; Flags=0, FrameTimelineVsyncId=1096029, IntendedVsync=80940989035884, Vsync=80942205702502, InputEventId=0, HandleInputStart=80942230531652, AnimationStart=80942230533042, PerformTraversalsStart=80942236127425, DrawStart=80942240499910, FrameDeadline=80942272369166, FrameStartTime=80942214629997, FrameInterval=16666666, WorkloadTarget=16666666, SyncQueued=80942242658814, SyncStart=80942244276161, IssueDrawCommandsStart=80942244579314, SwapBuffers=80942252627985, FrameCompleted=80942274006107, DequeueBufferDuration=8068504, QueueBufferDuration=620293, GpuCompleted=80942274006107, SwapBuffersCompleted=80942262699496, DisplayPresentTime=0, CommandSubmissionCompleted=80942252627985, 
02-19 11:51:08.490  4449  4461 I HWUI    : Davey! duration=1283ms; Flags=0, FrameTimelineVsyncId=1096036, IntendedVsync=80940989035884, Vsync=80942189035836, InputEventId=0, HandleInputStart=80942206294954, AnimationStart=80942206296264, PerformTraversalsStart=80942221389068, DrawStart=80942232970164, FrameDeadline=80942239035834, FrameStartTime=80942200975657, FrameInterval=16666666, WorkloadTarget=16666666, SyncQueued=80942233519104, SyncStart=80942234803685, IssueDrawCommandsStart=80942234939334, SwapBuffers=80942240028517, FrameCompleted=80942274046337, DequeueBufferDuration=15669095, QueueBufferDuration=487937, GpuCompleted=80942274046337, SwapBuffersCompleted=80942263968480, DisplayPresentTime=0, CommandSubmissionCompleted=80942240028517, 
02-19 11:51:08.492  1563  1563 I EmojiCompatManager: EmojiCompatManager.getEmojiCompatIfLoaded():343 EmojiCompat.init() was never called.
02-19 11:51:08.492  1563  1563 I EmojiCompatManager: java.lang.IllegalStateException: EmojiCompat is not initialized. Please call EmojiCompat.init() first
02-19 11:51:08.492  1563  1563 I EmojiCompatManager: 	at asx.p(PG:6)
02-19 11:51:08.492  1563  1563 I EmojiCompatManager: 	at axb.b(PG:13)
02-19 11:51:08.492  1563  1563 I EmojiCompatManager: 	at jnr.b(PG:2)
02-19 11:51:08.492  1563  1563 I EmojiCompatManager: 	at jnr.c(PG:4)
02-19 11:51:08.492  1563  1563 I EmojiCompatManager: 	at jnr.f(PG:3)
02-19 11:51:08.492  1563  1563 I EmojiCompatManager: 	at jnx.c(PG:3)
02-19 11:51:08.492  1563  1563 I EmojiCompatManager: 	at kif.cz(PG:47)
02-19 11:51:08.492  1563  1563 I EmojiCompatManager: 	at lhl.run(PG:1025)
02-19 11:51:08.492  1563  1563 I EmojiCompatManager: 	at jaf.execute(PG:12)
02-19 11:51:08.492  1563  1563 I EmojiCompatManager: 	at nco.v(PG:13)
02-19 11:51:08.492  1563  1563 I EmojiCompatManager: 	at lhn.m(PG:96)
02-19 11:51:08.492  1563  1563 I EmojiCompatManager: 	at lhn.k(PG:25)
02-19 11:51:08.492  1563  1563 I EmojiCompatManager: 	at kgn.onStartInput(PG:250)
02-19 11:51:08.492  1563  1563 I EmojiCompatManager: 	at android.inputmethodservice.InputMethodService.doStartInput(InputMethodService.java:3521)
02-19 11:51:08.492  1563  1563 I EmojiCompatManager: 	at android.inputmethodservice.InputMethodService$InputMethodImpl.startInput(InputMethodService.java:879)
02-19 11:51:08.492  1563  1563 I EmojiCompatManager: 	at android.inputmethodservice.InputMethodService$InputMethodImpl.dispatchStartInput(InputMethodService.java:908)
02-19 11:51:08.492  1563  1563 I EmojiCompatManager: 	at android.inputmethodservice.IInputMethodWrapper.executeMessage(IInputMethodWrapper.java:201)
02-19 11:51:08.492  1563  1563 I EmojiCompatManager: 	at com.android.internal.os.HandlerCaller$MyHandler.handleMessage(HandlerCaller.java:44)
02-19 11:51:08.492  1563  1563 I EmojiCompatManager: 	at android.os.Handler.dispatchMessage(Handler.java:110)
02-19 11:51:08.492  1563  1563 I EmojiCompatManager: 	at android.os.Looper.loopOnce(Looper.java:248)
02-19 11:51:08.492  1563  1563 I EmojiCompatManager: 	at android.os.Looper.loop(Looper.java:338)
02-19 11:51:08.492  1563  1563 I EmojiCompatManager: 	at android.app.ActivityThread.main(ActivityThread.java:9067)
02-19 11:51:08.492  1563  1563 I EmojiCompatManager: 	at java.lang.reflect.Method.invoke(Native Method)
02-19 11:51:08.492  1563  1563 I EmojiCompatManager: 	at com.android.internal.os.RuntimeInit$MethodAndArgsCaller.run(RuntimeInit.java:593)
02-19 11:51:08.492  1563  1563 I EmojiCompatManager: 	at com.android.internal.os.ZygoteInit.main(ZygoteInit.java:932)
02-19 11:51:08.492  1563  1563 W NotificationCenter: NotificationCenter$NotificationQueue.notifyPendingNotificationsOnExecutor():877 Heavy notify work detected on UI thread: [kig->khg, kig->khc, kig->ilu, kig->ilu, kig->ilu, kig->ilu, kig->ilu, kig->ilu, kig->gkl, kig->ilu, kig->ilu, kig->fef, kig->fro, kig->lux, kig->ilu, kig->imt, kig->ilu, kig->ilu, kig->ijm, kig->ilu, kig->ilu, kig->fcb, kig->jnx] takes 100ms
02-19 11:51:08.503   752  1246 W ActivityTaskManager: callingPackage for (uid=2000, pid=26905) has no WPC
02-19 11:51:08.507   752   779 W PackageConfigPersister: App-specific configuration not found for packageName: com.google.android.apps.nexuslauncher and userId: 0
02-19 11:51:08.515  1563  1563 W NotificationCenter: NotificationCenter$NotificationQueue.notifyPendingNotificationsOnExecutor():877 Heavy notify work detected on UI thread: [kig->jjs] takes 22ms
02-19 11:51:08.516   752  1246 V GrammaticalInflectionUtils: AttributionSource: android.content.AttributionSource@56784557 does not have READ_SYSTEM_GRAMMATICAL_GENDER permission.
02-19 11:51:08.520   752  1246 W OptProp : Cannot read opt property android.window.PROPERTY_COMPAT_ALLOW_USER_ASPECT_RATIO_OVERRIDE
02-19 11:51:08.520   752  1246 W OptProp : Cannot read opt property android.window.PROPERTY_COMPAT_ALLOW_USER_ASPECT_RATIO_FULLSCREEN_OVERRIDE
02-19 11:51:08.521   752  1246 W OptProp : Cannot read opt property android.window.PROPERTY_COMPAT_ALLOW_RESIZEABLE_ACTIVITY_OVERRIDES
02-19 11:51:08.521   752  1246 W OptProp : Cannot read opt property android.window.PROPERTY_COMPAT_ALLOW_MIN_ASPECT_RATIO_OVERRIDE
02-19 11:51:08.524 24035 24179 I ReactNativeJNI: Memory warning (pressure level: TRIM_MEMORY_UI_HIDDEN) received by JS VM, ignoring because it's non-severe
02-19 11:51:08.524 24035 26635 I ReactNativeJNI: Memory warning (pressure level: TRIM_MEMORY_UI_HIDDEN) received by JS VM, ignoring because it's non-severe
02-19 11:51:08.525 24035 26801 I ReactNativeJNI: Memory warning (pressure level: TRIM_MEMORY_UI_HIDDEN) received by JS VM, ignoring because it's non-severe
02-19 11:51:08.527 24035 26107 I ReactNativeJNI: Memory warning (pressure level: TRIM_MEMORY_UI_HIDDEN) received by JS VM, ignoring because it's non-severe
02-19 11:51:08.529 24035 26473 I ReactNativeJNI: Memory warning (pressure level: TRIM_MEMORY_UI_HIDDEN) received by JS VM, ignoring because it's non-severe
02-19 11:51:08.537   752  1246 I ActivityTaskManager: START u0 {act=android.intent.action.VIEW dat=intoss://takealook/... flg=0x10000000 xflg=0x4 cmp=viva.republica.toss.test/im.toss.rn.granite.core.GraniteActivity} with LAUNCH_MULTIPLE from uid 2000 (BAL_ALLOW_PERMISSION) result code=2
02-19 11:51:08.565  4449  4474 V SnapshotDrawerUtils: Drawing snapshot surface sizeMismatch=true
02-19 11:51:08.565  4449  4467 V WindowManagerShell: Transition requested (#224): android.os.BinderProxy@7614c15 TransitionRequestInfo { type = OPEN, triggerTask = TaskInfo{userId=0 taskId=46 effectiveUid=10217 displayId=0 isRunning=true baseIntent=Intent { act=android.intent.action.VIEW dat=intoss://takealook/... flg=0x10000000 cmp=viva.republica.toss.test/im.toss.rn.granite.core.GraniteActivity } baseActivity=ComponentInfo{viva.republica.toss.test/im.toss.rn.granite.core.GraniteActivity} topActivity=ComponentInfo{viva.republica.toss.test/im.toss.rn.granite.core.GraniteActivity} origActivity=null realActivity=ComponentInfo{viva.republica.toss.test/im.toss.rn.granite.core.GraniteActivity} numActivities=6 lastActiveTime=80940763 supportsMultiWindow=true resizeMode=1 isResizeable=true minWidth=-1 minHeight=-1 defaultMinSize=220 token=WCT{android.window.IWindowContainerToken$Stub$Proxy@1d2ed1b} topActivityType=1 pictureInPictureParams=null shouldDockBigOverlays=false launchIntoPipHostTaskId=-1 lastParentTaskIdBeforePip=-1 displayCutoutSafeInsets=Rect(0, 0 - 0, 0) topActivityInfo=ActivityInfo{8ef5eb8 im.toss.rn.granite.core.GraniteActivity} launchCookies=[] positionInParent=Point(0, 0) parentTaskId=-1 isFocused=false isVisible=false isVisibleRequested=false isTopActivityNoDisplay=false isSleeping=false locusId=null displayAreaFeatureId=1 isTopActivityTransparent=false isActivityStackTransparent=false lastNonFullscreenBounds=Rect(284, 660 - 796, 1740) capturedLink=null capturedLinkTimestamp=0 requestedVisibleTypes=-9 topActivityRequestOpenInBrowserEducationTimestamp=0 appCompatTaskInfo=AppCompatTaskInfo { topActivityInSizeCompat=false eligibleForLetterboxEducation= false isLetterboxEducationEnabled= true isLetterboxDoubleTapEnabled= false eligibleForUserAspectRatioButton= false topActivityBoundsLetterboxed= false isFromLetterboxDoubleTap= false topActivityLetterboxVerticalPosition= -1 topActivityLetterboxHorizontalPosition= -1 topActivityLetterboxWidth=-1 topActivityLetterboxHeight=-1 topActivityAppBounds=Rect(0, 0 - 1080, 2400) isUserFullscreenOverrideEnabled=false isSystemFullscreenOverrideEnabled=false hasMinAspectRatioOverride=false topActivityLetterboxBounds=null cameraCompatTaskInfo=CameraCompatTaskInfo { freeformCameraCompatMode=inactive}} topActivityMainWindowFrame=null}, pipChange = null, remoteTransition = null, displayChange = null, flags = 0, debugId = 224 }
02-19 11:51:08.565  4449  4467 D ShellSplitScreen: logExit: no-op, mLoggerSessionId is null
02-19 11:51:08.571  4449  4467 D WindowManagerShell: onActivityRestartAttempt: topActivity=ComponentInfo{viva.republica.toss.test/im.toss.rn.granite.core.GraniteActivity}, wasVisible=false
02-19 11:51:08.578   531   531 I BpBinder: onLastStrongRef automatically unlinking death recipients: 
02-19 11:51:08.584   531   590 I BpBinder: onLastStrongRef automatically unlinking death recipients: 
02-19 11:51:08.751  1341  1341 W SplitSelectStateCtor: Missing session instanceIds
02-19 11:51:08.751  1341  1341 D StatsLog: LAUNCHER_SPLIT_SELECTION_EXIT_INTERRUPTED
02-19 11:51:08.760  4449  4467 D WindowManagerShell: setLauncherKeepClearAreaHeight: visible=false, height=527
02-19 11:51:08.763   752  1095 D BackgroundInstallControlService: Package event received: 0
02-19 11:51:08.780   752  1095 D BackgroundInstallControlService: Package event received: 0
02-19 11:51:08.781   752  1095 D BackgroundInstallControlService: Package event received: 0
02-19 11:51:08.781   752  1095 D BackgroundInstallControlService: Package event received: 0
02-19 11:51:08.781   752  1095 D BackgroundInstallControlService: Package event received: 0
02-19 11:51:08.782   752  1095 D BackgroundInstallControlService: Package event received: 0
02-19 11:51:08.798   615   715 W IPCThreadState: Sending oneway calls to frozen process.
02-19 11:51:08.814 24035 24035 D ViewRootImpl: Skipping stats log for color mode
02-19 11:51:08.823  4449  4488 V WindowManagerShell: onTransitionReady(transaction=3229815412702)
02-19 11:51:08.825  4449  4467 V WindowManagerShell: onTransitionReady (#224) android.os.BinderProxy@7614c15: {id=224 t=OPEN f=0x0 trk=0 r=[0@Point(0, 0)] c=[
02-19 11:51:08.825  4449  4467 V WindowManagerShell:         {m=TO_FRONT f=MOVE_TO_TOP leash=Surface(name=Task=46)/@0xd749ff6 sb=Rect(0, 0 - 1080, 2400) eb=Rect(0, 0 - 1080, 2400) epz=Point(1080, 2400) d=0 taskParent=-1},
02-19 11:51:08.825  4449  4467 V WindowManagerShell:         {m=TO_BACK f=SHOW_WALLPAPER leash=Surface(name=Task=1)/@0x1a93ff7 sb=Rect(0, 0 - 1080, 2400) eb=Rect(0, 0 - 1080, 2400) epz=Point(1080, 2400) d=0 taskParent=-1},
02-19 11:51:08.825  4449  4467 V WindowManagerShell:         {m=TO_BACK f=IS_WALLPAPER leash=Surface(name=WallpaperWindowToken{35e0c0f showWhenLocked=false})/@0x697ae64 sb=Rect(0, 0 - 1080, 2400) eb=Rect(0, 0 - 1080, 2400) epz=Point(1080, 2400) d=0}
02-19 11:51:08.825  4449  4467 V WindowManagerShell:     ]}
02-19 11:51:08.836  4449  4467 V WindowManagerShell: Playing animation for (#224) android.os.BinderProxy@7614c15@0
02-19 11:51:08.836  4449  4467 V ShellRecents: RecentsTransitionHandler.startAnimation: no controller found
02-19 11:51:08.837  4449  4467 V WindowManagerShell: Transition doesn't have explicit remote, search filters for match for {id=224 t=OPEN f=0x0 trk=0 r=[0@Point(0, 0)] c=[{m=TO_FRONT f=MOVE_TO_TOP leash=Surface(name=Task=46)/@0xd749ff6 sb=Rect(0, 0 - 1080, 2400) eb=Rect(0, 0 - 1080, 2400) epz=Point(1080, 2400) d=0 taskParent=-1},{m=TO_BACK f=SHOW_WALLPAPER leash=Surface(name=Task=1)/@0x1a93ff7 sb=Rect(0, 0 - 1080, 2400) eb=Rect(0, 0 - 1080, 2400) epz=Point(1080, 2400) d=0 taskParent=-1},{m=TO_BACK f=IS_WALLPAPER leash=Surface(name=WallpaperWindowToken{35e0c0f showWhenLocked=false})/@0x697ae64 sb=Rect(0, 0 - 1080, 2400) eb=Rect(0, 0 - 1080, 2400) epz=Point(1080, 2400) d=0}]}
02-19 11:51:08.837  4449  4467 V WindowManagerShell:  Checking filter Pair{{types=[] flags=0x0] notFlags=0x0 checks=[{atype=undefined independent=true modes=[CLOSE,TO_BACK] flags=IN_TASK_WITH_EMBEDDED_ACTIVITY mustBeTask=false order=ANY topActivity=null launchCookie=null taskFragmentToken=android.os.BinderProxy@188d51a windowingMode=undefined}]} RemoteTransition { remoteTransition = android.window.IRemoteTransition$Stub$Proxy@44cd84b, appThread = android.app.IApplicationThread$Stub$Proxy@3a12228, debugName = overlayBackTransition }}
02-19 11:51:08.837  4449  4467 V WindowManagerShell:  Checking filter Pair{{types=[] flags=0x0] notFlags=0x0 checks=[{atype=dream independent=true modes=[OPEN,TO_FRONT] flags=NONE mustBeTask=false order=ANY topActivity=null launchCookie=null windowingMode=undefined},{atype=home independent=true modes=[CLOSE,TO_BACK] flags=NONE mustBeTask=false order=ANY topActivity=null launchCookie=null windowingMode=undefined}]} RemoteTransition { remoteTransition = android.window.IRemoteTransition$Stub$Proxy@6f3eb41, appThread = android.app.IApplicationThread$Stub$Proxy@ccf28e6, debugName = LauncherToDream }}
02-19 11:51:08.837  4449  4467 V WindowManagerShell:  Checking filter Pair{{types=[] flags=0x0] notFlags=0x100 checks=[{atype=home independent=true modes=[OPEN,TO_FRONT] flags=NONE mustBeTask=false order=TOP topActivity=ComponentInfo{com.google.android.apps.nexuslauncher/com.google.android.apps.nexuslauncher.NexusLauncherActivity} launchCookie=null windowingMode=undefined},{atype=standard independent=true modes=[CLOSE,TO_BACK] flags=NONE mustBeTask=false order=ANY topActivity=null launchCookie=null windowingMode=undefined},{NOT atype=undefined independent=true modes=[] flags=NONE mustBeTask=true order=ANY topActivity=null launchCookie=null customAnim=true windowingMode=undefined}]} RemoteTransition { remoteTransition = android.window.IRemoteTransition$Stub$Proxy@a8eae27, appThread = android.app.IApplicationThread$Stub$Proxy@fa38d4, debugName = QuickstepLaunchHome }}
02-19 11:51:08.837  4449  4467 V WindowManagerShell:  Delegate animation for (#224) to null
02-19 11:51:08.837  4449  4467 V WindowManagerShell: start default transition animation, info = {id=224 t=OPEN f=0x0 trk=0 r=[0@Point(0, 0)] c=[{m=TO_FRONT f=MOVE_TO_TOP leash=Surface(name=Task=46)/@0xd749ff6 sb=Rect(0, 0 - 1080, 2400) eb=Rect(0, 0 - 1080, 2400) epz=Point(1080, 2400) d=0 taskParent=-1},{m=TO_BACK f=SHOW_WALLPAPER leash=Surface(name=Task=1)/@0x1a93ff7 sb=Rect(0, 0 - 1080, 2400) eb=Rect(0, 0 - 1080, 2400) epz=Point(1080, 2400) d=0 taskParent=-1},{m=TO_BACK f=IS_WALLPAPER leash=Surface(name=WallpaperWindowToken{35e0c0f showWhenLocked=false})/@0x697ae64 sb=Rect(0, 0 - 1080, 2400) eb=Rect(0, 0 - 1080, 2400) epz=Point(1080, 2400) d=0}]}
02-19 11:51:08.837  4449  4467 V WindowManagerShell: loadAnimation: anim=android.view.animation.AnimationSet@a42c582 animAttr=0x13 type=OPEN isEntrance=false
02-19 11:51:08.837   752  1790 I ActivityTaskManager: Activity reported stop, but no longer stopping: ActivityRecord{11021917 u0 viva.republica.toss.test/im.toss.rn.granite.core.GraniteActivity t46} RESUMED
02-19 11:51:08.838  4449  4467 V WindowManagerShell: loadAnimation: anim=android.view.animation.AnimationSet@b27e493 animAttr=0x12 type=OPEN isEntrance=true
02-19 11:51:08.840   752   794 V WindowManager: Sent Transition (#224) createdAt=02-19 11:51:08.522 via request=TransitionRequestInfo { type = OPEN, triggerTask = TaskInfo{userId=0 taskId=46 effectiveUid=10217 displayId=0 isRunning=true baseIntent=Intent { act=android.intent.action.VIEW dat=intoss://takealook/... flg=0x10000000 cmp=viva.republica.toss.test/im.toss.rn.granite.core.GraniteActivity } baseActivity=ComponentInfo{viva.republica.toss.test/im.toss.rn.granite.core.GraniteActivity} topActivity=ComponentInfo{viva.republica.toss.test/im.toss.rn.granite.core.GraniteActivity} origActivity=null realActivity=ComponentInfo{viva.republica.toss.test/im.toss.rn.granite.core.GraniteActivity} numActivities=6 lastActiveTime=80940763 supportsMultiWindow=true resizeMode=1 isResizeable=true minWidth=-1 minHeight=-1 defaultMinSize=220 token=WCT{RemoteToken{a585dcd Task{7745c88 #46 type=standard A=10217:viva.republica.toss.test}}} topActivityType=1 pictureInPictureParams=null shouldDockBigOverlays=false launchIntoPipHostTaskId=-1 lastParentTaskIdBeforePip=-1 displayCutoutSafeInsets=Rect(0, 0 - 0, 0) topActivityInfo=ActivityInfo{de74582 im.toss.rn.granite.core.GraniteActivity} launchCookies=[] positionInParent=Point(0, 0) parentTaskId=-1 isFocused=false isVisible=false isVisibleRequested=false isTopActivityNoDisplay=false isSleeping=false locusId=null displayAreaFeatureId=1 isTopActivityTransparent=false isActivityStackTransparent=false lastNonFullscreenBounds=Rect(284, 660 - 796, 1740) capturedLink=null capturedLinkTimestamp=0 requestedVisibleTypes=-9 topActivityRequestOpenInBrowserEducationTimestamp=0 appCompatTaskInfo=AppCompatTaskInfo { topActivityInSizeCompat=false eligibleForLetterboxEducation= false isLetterboxEducationEnabled= true isLetterboxDoubleTapEnabled= false eligibleForUserAspectRatioButton= false topActivityBoundsLetterboxed= false isFromLetterboxDoubleTap= false topActivityLetterboxVerticalPosition= -1 topActivityLetterboxHorizontalPosition= -1 topActivityLetterboxWidth=-1 topActivityLetterboxHeight=-1 topActivityAppBounds=Rect(0, 0 - 1080, 2400) isUserFullscreenOverrideEnabled=false isSystemFullscreenOverrideEnabled=false hasMinAspectRatioOverride=false topActivityLetterboxBounds=null cameraCompatTaskInfo=CameraCompatTaskInfo { freeformCameraCompatMode=inactive}} topActivityMainWindowFrame=null}, pipChange = null, remoteTransition = null, displayChange = null, flags = 0, debugId = 224 }
02-19 11:51:08.840   752   794 V WindowManager:     startWCT=WindowContainerTransaction { changes= {} hops= [] errorCallbackToken=null taskFragmentOrganizer=null }
02-19 11:51:08.840   752   794 V WindowManager:     info={id=224 t=OPEN f=0x0 trk=0 r=[0@Point(0, 0)] c=[
02-19 11:51:08.840   752   794 V WindowManager:         {WCT{RemoteToken{a585dcd Task{7745c88 #46 type=standard A=10217:viva.republica.toss.test}}} m=TO_FRONT f=MOVE_TO_TOP leash=Surface(name=Task=46)/@0xe2d6cf7 sb=Rect(0, 0 - 1080, 2400) eb=Rect(0, 0 - 1080, 2400) epz=Point(1080, 2400) d=0 taskParent=-1},
02-19 11:51:08.840   752   794 V WindowManager:         {WCT{RemoteToken{5218fe8 Task{dd43522 #1 type=home}}} m=TO_BACK f=SHOW_WALLPAPER leash=Surface(name=Task=1)/@0x8ddbd2e sb=Rect(0, 0 - 1080, 2400) eb=Rect(0, 0 - 1080, 2400) epz=Point(1080, 2400) d=0 taskParent=-1},
02-19 11:51:08.840   752   794 V WindowManager:         {m=TO_BACK f=IS_WALLPAPER leash=Surface(name=WallpaperWindowToken{35e0c0f showWhenLocked=false})/@0x512f5be sb=Rect(0, 0 - 1080, 2400) eb=Rect(0, 0 - 1080, 2400) epz=Point(1080, 2400) d=0}
02-19 11:51:08.840   752   794 V WindowManager:     ]}
02-19 11:51:08.840  4449  4467 V WindowManagerShell:  animated by com.android.wm.shell.transition.DefaultTransitionHandler@f74d823
02-19 11:51:08.975 24035 24039 W blica.toss.test: Suspending all threads took: 23.050ms
02-19 11:51:08.984 24035 26908 W unknown:ReconnectingWebSocket: Couldn't connect to "ws://10.0.2.2:8081/message?device=sdk_gphone64_x86_64%20-%2016%20-%20API%2036&app=viva.republica.toss.test&clientid=BridgeDevSupportManager", will silently retry
02-19 11:51:09.113 24035 24157 E FrameEvents: addRelease: Did not find frame.
02-19 11:51:09.151   752  1790 D CoreBackPreview: Window{6c9bde u0 PopupWindow:29ace77}: Setting back callback OnBackInvokedCallbackInfo{mCallback=android.window.IOnBackInvokedCallback$Stub$Proxy@4a7908c, mPriority=0, mIsAnimationCallback=false, mOverrideBehavior=0}
02-19 11:51:09.166  4449  4467 V WindowManagerShell: Transition animation finished (aborted=false), notifying core (#224) android.os.BinderProxy@7614c15@0
02-19 11:51:09.196  4449  4467 V WindowManagerShell: Track 0 became idle
02-19 11:51:09.197  4449  4467 V WindowManagerShell: All active transition animations finished
02-19 11:51:09.202  1341  1341 D VRI[NexusLauncherActivity]: visibilityChanged oldVisibility=true newVisibility=false
02-19 11:51:09.221   752   989 I ImeTracker: viva.republica.toss.test:cf783cd3: onRequestHide at ORIGIN_SERVER reason HIDE_UNSPECIFIED_WINDOW fromUser false
02-19 11:51:09.225  1341  1341 D NexusLauncherModelDelegate: notifySmartspaceEvent: SmartspaceTargetEvent{mSmartspaceTarget=null, mSmartspaceActionId='null', mEventType=7}
02-19 11:51:09.225   752   794 W Looper  : Slow dispatch took 120ms android.fg app=system_server main=false group=FOREGROUND h=android.os.Handler c=com.android.server.wm.ActivityMetricsLogger$$ExternalSyntheticLambda0@64b6851 m=0
02-19 11:51:09.225   752   794 V WindowManager: Finish Transition (#224): created at 02-19 11:51:08.522 collect-started=0.073ms request-sent=12.687ms started=45.952ms ready=277.406ms sent=296.133ms commit=67.631ms finished=653.509ms
02-19 11:51:09.226 24035 24035 D InsetsController: hide(ime(), fromIme=false)
02-19 11:51:09.226 24035 24035 I ImeTracker: viva.republica.toss.test:cf783cd3: onCancelled at PHASE_CLIENT_ALREADY_HIDDEN
02-19 11:51:09.256 24035 24039 I blica.toss.test: CollectorTransition concurrent mark compact GC freed 7655KB AllocSpace bytes, 18(552KB) LOS objects, 49% free, 22MB/45MB, paused 29.324ms,34.447ms total 809.699ms
02-19 11:51:09.276  1563  1563 I GoogleInputMethodService: GoogleInputMethodService.onFinishInput():2043 
02-19 11:51:09.282  1563  1563 I Module  : DeviceLockedStatusModuleProvider$Module.updateDeviceLockedStatus():100 repeatCheckTimes = 0, locked = false
02-19 11:51:09.283  1563  1563 I GoogleInputMethodService: GoogleInputMethodService.onStartInput():1293 onStartInput(EditorInfo{EditorInfo{packageName=viva.republica.toss.test, inputType=0, inputTypeString=NULL, enableLearning=false, autoCorrection=false, autoComplete=false, imeOptions=0, privateImeOptions=null, actionName=UNSPECIFIED, actionLabel=null, initialSelStart=-1, initialSelEnd=-1, initialCapsMode=0, label=null, fieldId=0, fieldName=null, extras=null, hintText=null, hintLocales=[]}}, false)
02-19 11:51:09.285  1563  1563 I Module  : DeviceLockedStatusModuleProvider$Module.updateDeviceLockedStatus():100 repeatCheckTimes = 1, locked = false
02-19 11:51:09.287  1563  1563 I EmojiCompatManager: EmojiCompatManager.getEmojiCompatIfLoaded():343 EmojiCompat.init() was never called.
02-19 11:51:09.287  1563  1563 I EmojiCompatManager: java.lang.IllegalStateException: EmojiCompat is not initialized. Please call EmojiCompat.init() first
02-19 11:51:09.287  1563  1563 I EmojiCompatManager: 	at asx.p(PG:6)
02-19 11:51:09.287  1563  1563 I EmojiCompatManager: 	at axb.b(PG:13)
02-19 11:51:09.287  1563  1563 I EmojiCompatManager: 	at jnr.b(PG:2)
02-19 11:51:09.287  1563  1563 I EmojiCompatManager: 	at jnr.c(PG:4)
02-19 11:51:09.287  1563  1563 I EmojiCompatManager: 	at jnr.f(PG:3)
02-19 11:51:09.287  1563  1563 I EmojiCompatManager: 	at jnx.c(PG:3)
02-19 11:51:09.287  1563  1563 I EmojiCompatManager: 	at kif.cz(PG:47)
02-19 11:51:09.287  1563  1563 I EmojiCompatManager: 	at lhl.run(PG:1025)
02-19 11:51:09.287  1563  1563 I EmojiCompatManager: 	at jaf.execute(PG:12)
02-19 11:51:09.287  1563  1563 I EmojiCompatManager: 	at nco.v(PG:13)
02-19 11:51:09.287  1563  1563 I EmojiCompatManager: 	at lhn.m(PG:96)
02-19 11:51:09.287  1563  1563 I EmojiCompatManager: 	at lhn.k(PG:25)
02-19 11:51:09.287  1563  1563 I EmojiCompatManager: 	at kgn.onStartInput(PG:250)
02-19 11:51:09.287  1563  1563 I EmojiCompatManager: 	at android.inputmethodservice.InputMethodService.doStartInput(InputMethodService.java:3521)
02-19 11:51:09.287  1563  1563 I EmojiCompatManager: 	at android.inputmethodservice.InputMethodService$InputMethodImpl.startInput(InputMethodService.java:879)
02-19 11:51:09.287  1563  1563 I EmojiCompatManager: 	at android.inputmethodservice.InputMethodService$InputMethodImpl.dispatchStartInput(InputMethodService.java:908)
02-19 11:51:09.287  1563  1563 I EmojiCompatManager: 	at android.inputmethodservice.IInputMethodWrapper.executeMessage(IInputMethodWrapper.java:201)
02-19 11:51:09.287  1563  1563 I EmojiCompatManager: 	at com.android.internal.os.HandlerCaller$MyHandler.handleMessage(HandlerCaller.java:44)
02-19 11:51:09.287  1563  1563 I EmojiCompatManager: 	at android.os.Handler.dispatchMessage(Handler.java:110)
02-19 11:51:09.287  1563  1563 I EmojiCompatManager: 	at android.os.Looper.loopOnce(Looper.java:248)
02-19 11:51:09.287  1563  1563 I EmojiCompatManager: 	at android.os.Looper.loop(Looper.java:338)
02-19 11:51:09.287  1563  1563 I EmojiCompatManager: 	at android.app.ActivityThread.main(ActivityThread.java:9067)
02-19 11:51:09.287  1563  1563 I EmojiCompatManager: 	at java.lang.reflect.Method.invoke(Native Method)
02-19 11:51:09.287  1563  1563 I EmojiCompatManager: 	at com.android.internal.os.RuntimeInit$MethodAndArgsCaller.run(RuntimeInit.java:593)
02-19 11:51:09.287  1563  1563 I EmojiCompatManager: 	at com.android.internal.os.ZygoteInit.main(ZygoteInit.java:932)
02-19 11:51:09.288   752  2363 W PackageConfigPersister: App-specific configuration not found for packageName: viva.republica.toss.test and userId: 0
02-19 11:51:09.288   752   775 I system_server: NativeAlloc concurrent mark compact GC freed 18MB AllocSpace bytes, 23(524KB) LOS objects, 42% free, 32MB/56MB, paused 6.696ms,6.357ms total 710.732ms
02-19 11:51:09.289   752  1852 I ImeTracker: system_server:699ab90a: onRequestHide at ORIGIN_SERVER reason IME_REQUESTED_CHANGED_LISTENER fromUser false
02-19 11:51:09.290   752   797 I ImeTracker: system_server:699ab90a: onCancelled at PHASE_SERVER_SHOULD_HIDE
02-19 11:51:09.294   752   776 I BpBinder: onLastStrongRef automatically unlinking death recipients: 
02-19 11:51:09.302  1341  1341 D BaseDepthController: setSurface:
02-19 11:51:09.302  1341  1341 D BaseDepthController: 	mWaitingOnSurfaceValidity: false
02-19 11:51:09.302  1341  1341 D BaseDepthController: 	mBaseSurface: null
02-19 11:51:09.302  1341  1341 D BaseDepthController: mSurface is null and mCurrentBlur is: 0
02-19 11:51:09.304  1341  1341 D StateManager: goToState - fromState: Normal, toState: Normal, partial trace:
02-19 11:51:09.304  1341  1341 D StateManager: 	at com.android.launcher3.statemanager.StateManager.moveToRestState(go/retraceme 72a59688580715d19f0e415c69e80376c2f062d1648c80db6730905005a27c20:4)
02-19 11:51:09.304  1341  1341 D StateManager: 	at com.android.launcher3.statemanager.StateManager.moveToRestState(go/retraceme 72a59688580715d19f0e415c69e80376c2f062d1648c80db6730905005a27c20:1)
