02-19 12:29:10.091  1563  1563 I EmojiCompatManager: 	at jaf.execute(PG:12)
02-19 12:29:10.091  1563  1563 I EmojiCompatManager: 	at nco.v(PG:13)
02-19 12:29:10.091  1563  1563 I EmojiCompatManager: 	at lhn.m(PG:96)
02-19 12:29:10.091  1563  1563 I EmojiCompatManager: 	at lhn.k(PG:25)
02-19 12:29:10.091  1563  1563 I EmojiCompatManager: 	at kgn.onStartInput(PG:250)
02-19 12:29:10.091  1563  1563 I EmojiCompatManager: 	at android.inputmethodservice.InputMethodService.doStartInput(InputMethodService.java:3521)
02-19 12:29:10.091  1563  1563 I EmojiCompatManager: 	at android.inputmethodservice.InputMethodService$InputMethodImpl.startInput(InputMethodService.java:879)
02-19 12:29:10.091  1563  1563 I EmojiCompatManager: 	at android.inputmethodservice.InputMethodService$InputMethodImpl.dispatchStartInput(InputMethodService.java:908)
02-19 12:29:10.091  1563  1563 I EmojiCompatManager: 	at android.inputmethodservice.IInputMethodWrapper.executeMessage(IInputMethodWrapper.java:201)
02-19 12:29:10.091  1563  1563 I EmojiCompatManager: 	at com.android.internal.os.HandlerCaller$MyHandler.handleMessage(HandlerCaller.java:44)
02-19 12:29:10.091  1563  1563 I EmojiCompatManager: 	at android.os.Handler.dispatchMessage(Handler.java:110)
02-19 12:29:10.091  1563  1563 I EmojiCompatManager: 	at android.os.Looper.loopOnce(Looper.java:248)
02-19 12:29:10.091  1563  1563 I EmojiCompatManager: 	at android.os.Looper.loop(Looper.java:338)
02-19 12:29:10.091  1563  1563 I EmojiCompatManager: 	at android.app.ActivityThread.main(ActivityThread.java:9067)
02-19 12:29:10.091  1563  1563 I EmojiCompatManager: 	at java.lang.reflect.Method.invoke(Native Method)
02-19 12:29:10.091  1563  1563 I EmojiCompatManager: 	at com.android.internal.os.RuntimeInit$MethodAndArgsCaller.run(RuntimeInit.java:593)
02-19 12:29:10.091  1563  1563 I EmojiCompatManager: 	at com.android.internal.os.ZygoteInit.main(ZygoteInit.java:932)
02-19 12:29:10.092   752  2377 W PackageConfigPersister: App-specific configuration not found for packageName: viva.republica.toss.test and userId: 0
02-19 12:29:10.096   615   714 W IPCThreadState: Sending oneway calls to frozen process.
02-19 12:29:10.100   752   797 I ImeTracker: system_server:34e163c9: onCancelled at PHASE_SERVER_SHOULD_HIDE
02-19 12:29:10.117  4449  4467 V WindowManagerShell: Track 0 became idle
02-19 12:29:10.119 29234 29234 D VRI[GraniteActivity]: visibilityChanged oldVisibility=true newVisibility=false
02-19 12:29:10.120  4449  4467 V WindowManagerShell: All active transition animations finished
02-19 12:29:10.123   752   794 V WindowManager: Finish Transition (#299): created at 02-19 12:29:09.346 collect-started=0.083ms request-sent=0.134ms started=3.833ms ready=43.947ms sent=144.016ms commit=133.252ms finished=755.442ms
02-19 12:29:10.377 29234 29354 W System  : ClassLoader referenced unknown path: 
02-19 12:29:10.379 29234 29354 D nativeloader: Configuring clns-14 for other apk . target_sdk_version=36, uses_libraries=, library_path=/data/app/~~O-UZzK0jUU9NLgS3MODOZA==/com.google.android.gms-YQ2L6GsYyKuvu9MvIBK1EQ==/lib/x86_64:/data/app/~~O-UZzK0jUU9NLgS3MODOZA==/com.google.android.gms-YQ2L6GsYyKuvu9MvIBK1EQ==/base.apk!/lib/x86_64, permitted_path=/data:/mnt/expand:/data/user/0/com.google.android.gms
02-19 12:29:10.434 29234 29240 W blica.toss.test: Suspending all threads took: 9.698ms
02-19 12:29:10.533 29234 29354 W DynamiteModule: Failed to load module via V2: java.lang.NoSuchFieldException: No field sClassLoader in class Lcom/google/android/gms/dynamite/DynamiteModule$DynamiteLoaderClassLoader; (declaration of 'com.google.android.gms.dynamite.DynamiteModule$DynamiteLoaderClassLoader' appears in /data/app/~~NUQj-rdXzuicW-16SIRtKA==/viva.republica.toss.test-Si406wFvb_sqEA2GTBV6RQ==/base.apk!classes2.dex)
02-19 12:29:10.551 29234 29354 I DynamiteModule: Considering local module com.google.android.gms.ads.dynamite:0 and remote module com.google.android.gms.ads.dynamite:254380203
02-19 12:29:10.555 29234 29354 I DynamiteModule: Selected remote version of com.google.android.gms.ads.dynamite, version >= 254380203
02-19 12:29:10.572 29234 29240 I blica.toss.test: Background concurrent mark compact GC freed 7031KB AllocSpace bytes, 7(140KB) LOS objects, 49% free, 14MB/29MB, paused 11.836ms,45.638ms total 303.798ms
02-19 12:29:10.636 29234 29354 D CompatChangeReporter: Compat change id reported: 312399441; UID 10217; state: ENABLED
02-19 12:29:10.884 29234 29354 I blica.toss.test: AssetManager2(0x7d8fac438538) locale list changing from [] to [en-US]
02-19 12:29:10.893 29234 29354 I blica.toss.test: AssetManager2(0x7d8fac42ba18) locale list changing from [] to [en-US]
02-19 12:29:10.906 29234 29354 D DynamitePackage: Instantiated singleton DynamitePackage.
02-19 12:29:10.907 29234 29354 D DynamitePackage: Instantiating com.google.android.gms.ads.ChimeraMobileAdsSettingManagerCreatorImpl
02-19 12:29:11.142   752  2500 D ConnectivityService: requestNetwork for uid/pid:10217/29234 activeRequest: null callbackRequest: 416 [NetworkRequest [ REQUEST id=417, [ Capabilities: INTERNET&NOT_RESTRICTED&TRUSTED&NOT_VCN_MANAGED&NOT_BANDWIDTH_CONSTRAINED Uid: 10217 RequestorUid: 10217 RequestorPkg: viva.republica.toss.test UnderlyingNetworks: Null] ]] callback flags: 0 order: 2147483647 isUidTracked: false declaredMethods: AVAIL|LOST
02-19 12:29:11.156   752  1023 D OemPaidWifiNetworkFactory: got request NetworkRequest [ REQUEST id=417, [ Capabilities: INTERNET&NOT_RESTRICTED&TRUSTED&NOT_VCN_MANAGED&NOT_BANDWIDTH_CONSTRAINED Uid: 10217 RequestorUid: 10217 RequestorPkg: viva.republica.toss.test UnderlyingNetworks: Null] ]
02-19 12:29:11.159   752  1023 D MultiInternetWifiNetworkFactory: got request NetworkRequest [ REQUEST id=417, [ Capabilities: INTERNET&NOT_RESTRICTED&TRUSTED&NOT_VCN_MANAGED&NOT_BANDWIDTH_CONSTRAINED Uid: 10217 RequestorUid: 10217 RequestorPkg: viva.republica.toss.test UnderlyingNetworks: Null] ]
02-19 12:29:11.160   752  1023 D WifiNetworkFactory: got request NetworkRequest [ REQUEST id=417, [ Capabilities: INTERNET&NOT_RESTRICTED&TRUSTED&NOT_VCN_MANAGED&NOT_BANDWIDTH_CONSTRAINED Uid: 10217 RequestorUid: 10217 RequestorPkg: viva.republica.toss.test UnderlyingNetworks: Null] ]
02-19 12:29:11.160   752  1023 D UntrustedWifiNetworkFactory: got request NetworkRequest [ REQUEST id=417, [ Capabilities: INTERNET&NOT_RESTRICTED&TRUSTED&NOT_VCN_MANAGED&NOT_BANDWIDTH_CONSTRAINED Uid: 10217 RequestorUid: 10217 RequestorPkg: viva.republica.toss.test UnderlyingNetworks: Null] ]
02-19 12:29:11.163   752  1029 D ConnectivityService: NetReassign [417 : null → 107] [c 2] [a 5] [i 10]
02-19 12:29:11.240 29234 29354 D DynamitePackage: Instantiating com.google.android.gms.ads.ChimeraAdPreloaderCreatorImpl
02-19 12:29:11.257   752  1029 D InetDiagMessage: Destroyed 0 sockets, proto=IPPROTO_TCP, family=AF_INET, states=14
02-19 12:29:11.258   752  1029 D InetDiagMessage: Destroyed 0 sockets, proto=IPPROTO_TCP, family=AF_INET6, states=14
02-19 12:29:11.258   752  1029 D InetDiagMessage: Destroyed live tcp sockets for uids={10168} in 1ms
02-19 12:29:11.259   752  1029 D InetDiagMessage: Destroyed 0 sockets, proto=IPPROTO_TCP, family=AF_INET, states=14
02-19 12:29:11.261   752  1029 D InetDiagMessage: Destroyed 0 sockets, proto=IPPROTO_TCP, family=AF_INET6, states=14
02-19 12:29:11.262   752  1029 D InetDiagMessage: Destroyed live tcp sockets for uids={20168} in 4ms
02-19 12:29:11.278 29234 29234 I Ads     : Destroyed all ad preloaders for ad format: REWARDED
02-19 12:29:11.281 29234 29234 I Ads     : Destroyed all ad preloaders for ad format: INTERSTITIAL
02-19 12:29:11.287 29234 29234 W WindowOnBackDispatcher: sendCancelIfRunning: isInProgress=false callback=android.view.ViewRootImpl$$ExternalSyntheticLambda13@4507b38
02-19 12:29:11.288   752   780 D CoreBackPreview: Window{66fc672 u0 viva.republica.toss.test/im.toss.rn.granite.core.GraniteActivity}: Setting back callback null
02-19 12:29:11.293 29234 29234 D ViewRootImpl: Skipping stats log for color mode
02-19 12:29:11.312   752  1095 D BackgroundInstallControlService: Package event received: 0
02-19 12:29:11.318 29234 29234 I Choreographer: Skipped 65 frames!  The application may be doing too much work on its main thread.
02-19 12:29:11.467 29234 29354 W unknown:ReactContext: initializeMessageQueueThreads() is called.
02-19 12:29:11.546   752  1095 D BackgroundInstallControlService: Package event received: 0
02-19 12:29:11.549 14715 14715 D BoundBrokerSvc: onBind: Intent { act=com.google.android.gms.appset.service.START dat=chimera-action:/... xflg=0x4 cmp=com.google.android.gms/.chimera.GmsApiService }
02-19 12:29:11.550 14715 14715 D BoundBrokerSvc: Loading bound service for intent: Intent { act=com.google.android.gms.appset.service.START dat=chimera-action:/... xflg=0x4 cmp=com.google.android.gms/.chimera.GmsApiService }
02-19 12:29:11.588   752  1095 D BackgroundInstallControlService: Package event received: 0
02-19 12:29:11.593   752   780 D ActivityManager: sync unfroze 14001 com.android.vending for 6
02-19 12:29:11.598   752  1095 D BackgroundInstallControlService: Package event received: 0
02-19 12:29:11.605 14001 14001 I Finsky  : [2] Memory trim requested to level 40
02-19 12:29:11.607   752  2505 D ConnectivityService: requestNetwork for uid/pid:10217/29234 activeRequest: null callbackRequest: 418 [NetworkRequest [ REQUEST id=419, [ Capabilities: INTERNET&NOT_RESTRICTED&TRUSTED&NOT_VCN_MANAGED&NOT_BANDWIDTH_CONSTRAINED Uid: 10217 RequestorUid: 10217 RequestorPkg: viva.republica.toss.test UnderlyingNetworks: Null] ]] callback flags: 0 order: 2147483647 isUidTracked: false declaredMethods: AVAIL|LOST|NC|LP
02-19 12:29:11.622 14001 14025 I Finsky  : [46] Stats for Executor: BlockingExecutor uww@305e768[Running, pool size = 0, active threads = 0, queued tasks = 0, completed tasks = 59]
02-19 12:29:11.633 14001 14025 I Finsky  : [46] Stats for Executor: LightweightExecutor uww@8756781[Running, pool size = 3, active threads = 0, queued tasks = 0, completed tasks = 2334]
02-19 12:29:11.637   752  2505 D CompatChangeReporter: Compat change id reported: 319212206; UID 10217; state: ENABLED
02-19 12:29:11.640 14001 14025 I Finsky  : [46] Stats for Executor: bgExecutor uww@e4c9026[Running, pool size = 4, active threads = 0, queued tasks = 0, completed tasks = 237]
02-19 12:29:11.647 14001 14001 I Finsky  : [2] Flushing in-memory image cache
02-19 12:29:11.648   752   780 D ActivityManager: sync unfroze 3092 com.android.vending:background for 6
02-19 12:29:11.656  3092  3092 I Finsky:background: [2] Memory trim requested to level 40
02-19 12:29:11.662  3092  3146 I Finsky:background: [40] Stats for Executor: bgExecutor uww@ab2c291[Running, pool size = 4, active threads = 0, queued tasks = 0, completed tasks = 298]
02-19 12:29:11.662  3092  3146 I Finsky:background: [40] Stats for Executor: LightweightExecutor uww@28b35f6[Running, pool size = 3, active threads = 0, queued tasks = 0, completed tasks = 3156]
02-19 12:29:11.663  3092  3146 I Finsky:background: [40] Stats for Executor: BlockingExecutor uww@1fb1df7[Running, pool size = 0, active threads = 0, queued tasks = 0, completed tasks = 45]
02-19 12:29:11.657   752  1029 D ConnectivityService: NetReassign [419 : null → 107] [c 1] [a 35] [i 12]
02-19 12:29:11.696   752  1023 D OemPaidWifiNetworkFactory: got request NetworkRequest [ REQUEST id=419, [ Capabilities: INTERNET&NOT_RESTRICTED&TRUSTED&NOT_VCN_MANAGED&NOT_BANDWIDTH_CONSTRAINED Uid: 10217 RequestorUid: 10217 RequestorPkg: viva.republica.toss.test UnderlyingNetworks: Null] ]
02-19 12:29:11.696   752  1023 D MultiInternetWifiNetworkFactory: got request NetworkRequest [ REQUEST id=419, [ Capabilities: INTERNET&NOT_RESTRICTED&TRUSTED&NOT_VCN_MANAGED&NOT_BANDWIDTH_CONSTRAINED Uid: 10217 RequestorUid: 10217 RequestorPkg: viva.republica.toss.test UnderlyingNetworks: Null] ]
02-19 12:29:11.696   752  1023 D WifiNetworkFactory: got request NetworkRequest [ REQUEST id=419, [ Capabilities: INTERNET&NOT_RESTRICTED&TRUSTED&NOT_VCN_MANAGED&NOT_BANDWIDTH_CONSTRAINED Uid: 10217 RequestorUid: 10217 RequestorPkg: viva.republica.toss.test UnderlyingNetworks: Null] ]
02-19 12:29:11.696   752  1023 D UntrustedWifiNetworkFactory: got request NetworkRequest [ REQUEST id=419, [ Capabilities: INTERNET&NOT_RESTRICTED&TRUSTED&NOT_VCN_MANAGED&NOT_BANDWIDTH_CONSTRAINED Uid: 10217 RequestorUid: 10217 RequestorPkg: viva.republica.toss.test UnderlyingNetworks: Null] ]
02-19 12:29:11.703  3092  3092 I Finsky:background: [2] Memory trim requested to level 40
02-19 12:29:11.704  3092  3092 I Finsky:background: [2] Memory trim requested to level 40
02-19 12:29:11.704  3092  3092 I Finsky:background: [2] Memory trim requested to level 40
02-19 12:29:11.704  3092  3092 I Finsky:background: [2] Memory trim requested to level 40
02-19 12:29:11.704  3092  3092 I Finsky:background: [2] Memory trim requested to level 40
02-19 12:29:11.705  3092  3092 I Finsky:background: [2] Memory trim requested to level 40
02-19 12:29:11.706   752  1029 D ConnectivityService: NetReassign [no changes] [c 0] [a 8] [i 3]
02-19 12:29:11.896 29403 29403 W dumpsys : Thread Pool max thread count is 0. Cannot cache binder as linkToDeath cannot be implemented. serviceName: window
02-19 12:29:11.902   752  2505 I system_server: AssetManager2(0x7d8fac433a38) locale list changing from [] to [en-US]
02-19 12:29:11.904   752  2505 I system_server: AssetManager2(0x7d8fac50b438) locale list changing from [] to [en-US]
02-19 12:29:11.906   752  2505 I system_server: AssetManager2(0x7d8fac459eb8) locale list changing from [] to [en-US]
02-19 12:29:11.908   752  2505 I system_server: AssetManager2(0x7d8fac4e9798) locale list changing from [] to [en-US]
02-19 12:29:11.912   752  2505 I system_server: AssetManager2(0x7d8fac4e4c98) locale list changing from [] to [en-US]
02-19 12:29:11.917   752  2505 I system_server: AssetManager2(0x7d8fac46c478) locale list changing from [] to [en-US]
02-19 12:29:12.076 29234 29397 D nativeloader: Load /data/data/viva.republica.toss.test/libtcj.so using class loader ns clns-9 (caller=<unknown>): ok
02-19 12:29:12.090 29234 29234 W blica.toss.test: Verification of void com.google.android.gms.ads.internal.webview.r.onPageFinished(android.webkit.WebView, java.lang.String) took 202.514ms (553.05 bytecodes/s) (0B arena alloc)
02-19 12:29:12.068 29234 29234 W mqt_js  : type=1400 audit(0.0:187): avc:  granted  { execute } for  path="/data/data/viva.republica.toss.test/libtcj.so" dev="dm-55" ino=362344 scontext=u:r:untrusted_app:s0:c217,c256,c512,c768 tcontext=u:object_r:app_data_file:s0:c217,c256,c512,c768 tclass=file app=viva.republica.toss.test
02-19 12:29:12.149 14001 14034 I Finsky  : [52] Current account updated in PVS
02-19 12:29:12.150  3092  3153 I Finsky:background: [45] Current account updated in PVS
02-19 12:29:12.152 14001 14001 I Finsky  : [2] Memory trim requested to level 40
02-19 12:29:12.152 14001 14001 I Finsky  : [2] Flushing in-memory image cache
02-19 12:29:12.152 14001 14001 I Finsky  : [2] Memory trim requested to level 40
02-19 12:29:12.153 14001 14001 I Finsky  : [2] Flushing in-memory image cache
02-19 12:29:12.153 14001 14001 I Finsky  : [2] Memory trim requested to level 40
02-19 12:29:12.153 14001 14001 I Finsky  : [2] Flushing in-memory image cache
02-19 12:29:12.153 14001 14001 I Finsky  : [2] Memory trim requested to level 40
02-19 12:29:12.153 14001 14001 I Finsky  : [2] Flushing in-memory image cache
02-19 12:29:12.153 14001 14001 I Finsky  : [2] Memory trim requested to level 40
02-19 12:29:12.153 14001 14001 I Finsky  : [2] Flushing in-memory image cache
02-19 12:29:12.153 14001 14001 I Finsky  : [2] Memory trim requested to level 40
02-19 12:29:12.154 14001 14001 I Finsky  : [2] Flushing in-memory image cache
02-19 12:29:12.158 14001 14039 I Finsky  : [57] Current account updated in PVS
02-19 12:29:12.158  3092  3153 I Finsky:background: [45] Current account updated in PVS
02-19 12:29:12.159  3092  3147 I Finsky:background: [41] Current account updated in PVS
02-19 12:29:12.162 29234 29234 I Choreographer: Skipped 49 frames!  The application may be doing too much work on its main thread.
02-19 12:29:12.163 14001 14034 I Finsky  : [52] Current account updated in PVS
02-19 12:29:12.163 14001 14039 I Finsky  : [57] Current account updated in PVS
02-19 12:29:12.164 14001 14039 I Finsky  : [57] Current account updated in PVS
02-19 12:29:12.165 14001 14038 I Finsky  : [56] Current account updated in PVS
02-19 12:29:12.165  3092  3153 I Finsky:background: [45] Current account updated in PVS
02-19 12:29:12.166  3092  3147 I Finsky:background: [41] Current account updated in PVS
02-19 12:29:12.167 14001 14038 I Finsky  : [56] Current account updated in PVS
02-19 12:29:12.171  3092  3147 I Finsky:background: [41] Current account updated in PVS
02-19 12:29:12.172  3092  3150 I Finsky:background: [44] Current account updated in PVS
02-19 12:29:12.226 29234 29277 W cr_media: BLUETOOTH_CONNECT permission is missing.
02-19 12:29:12.226 29234 29277 W cr_media: getBluetoothAdapter() requires BLUETOOTH permission
02-19 12:29:12.227 29234 29277 W cr_media: registerBluetoothIntentsIfNeeded: Requires BLUETOOTH permission
02-19 12:29:12.248 29257 29268 I cr_LibraryLoader: Successfully loaded native library
02-19 12:29:12.249 29257 29268 I cr_CachingUmaRecorder: Flushed 2 samples from 2 histograms, 0 samples were dropped.
02-19 12:29:12.286 14715 14715 D BoundBrokerSvc: onBind: Intent { act=com.google.android.gms.safebrowsing.SafeBrowsingService.START dat=chimera-action:/... xflg=0x4 cmp=com.google.android.gms/.chimera.GmsBoundBrokerService }
02-19 12:29:12.288 14715 14715 D BoundBrokerSvc: Loading bound service for intent: Intent { act=com.google.android.gms.safebrowsing.SafeBrowsingService.START dat=chimera-action:/... xflg=0x4 cmp=com.google.android.gms/.chimera.GmsBoundBrokerService }
02-19 12:29:12.295 29257 29268 W SystemServiceRegistry: No service published for: uimode
02-19 12:29:12.320 29257 29268 W chromium: [WARNING:runtime_features.cc(560)] Fenced frames cannot be enabled in this configuration. Use --enable-features=FencedFrames instead.
02-19 12:29:12.324   752  1116 W ActivityTaskManager: callingPackage for (uid=2000, pid=29412) has no WPC
02-19 12:29:12.324 29257 29268 W chromium: [WARNING:runtime_features.cc(585)] Topics cannot be enabled in this configuration. Use --enable-features=BrowsingTopics in addition.
02-19 12:29:12.324 29257 29268 W chromium: [WARNING:runtime_features.cc(606)] SharedStorage cannot be enabled in this configuration. Use --enable-features=SharedStorageAPI in addition.
02-19 12:29:12.327   752  1116 V GrammaticalInflectionUtils: AttributionSource: android.content.AttributionSource@56784557 does not have READ_SYSTEM_GRAMMATICAL_GENDER permission.
02-19 12:29:12.327   752  1116 W OptProp : Cannot read opt property android.window.PROPERTY_COMPAT_ALLOW_USER_ASPECT_RATIO_OVERRIDE
02-19 12:29:12.327   752  1116 W OptProp : Cannot read opt property android.window.PROPERTY_COMPAT_ALLOW_USER_ASPECT_RATIO_FULLSCREEN_OVERRIDE
02-19 12:29:12.328   752  1116 W OptProp : Cannot read opt property android.window.PROPERTY_COMPAT_ALLOW_RESIZEABLE_ACTIVITY_OVERRIDES
02-19 12:29:12.328   752  1116 W OptProp : Cannot read opt property android.window.PROPERTY_COMPAT_ALLOW_MIN_ASPECT_RATIO_OVERRIDE
02-19 12:29:12.336   752  1116 I ActivityTaskManager: START u0 {act=android.intent.action.VIEW dat=intoss://takealook/... flg=0x10000000 xflg=0x4 pkg=viva.republica.toss.test cmp=viva.republica.toss.test/.MiniAppSchemeActivity} with LAUNCH_MULTIPLE from uid 2000 (BAL_ALLOW_PERMISSION) result code=3
02-19 12:29:12.341  4449  4467 D WindowManagerShell: onActivityRestartAttempt: topActivity=ComponentInfo{viva.republica.toss.test/im.toss.rn.granite.core.GraniteActivity}, wasVisible=true
02-19 12:29:12.342   531   603 I BpBinder: onLastStrongRef automatically unlinking death recipients: 
02-19 12:29:12.365 20068 20078 I FontLog : (REDACTED) Received query %s, URI %s
02-19 12:29:12.365 20068 20078 I FontLog : (REDACTED) Query [%s] resolved to %s
02-19 12:29:12.368 20068 20078 I FontLog : (REDACTED) Font PFD returned from cache for %s
02-19 12:29:12.368 20068 20078 I FontLog : (REDACTED) Fetch %s end status %s
02-19 12:29:12.372 20068 20078 I FontLog : (REDACTED) Pulling font file for id = %d, cache size = %d
02-19 12:29:12.377 20068 20078 I FontLog : (REDACTED) Received query %s, URI %s
02-19 12:29:12.377 20068 20078 I FontLog : (REDACTED) Query [%s] resolved to %s
02-19 12:29:12.380 20068 20078 I FontLog : (REDACTED) Fetch %s end status %s
02-19 12:29:12.382 20068 20155 I FontLog : (REDACTED) Pulling font file for id = %d, cache size = %d
02-19 12:29:12.390 20068 20155 I FontLog : (REDACTED) Received query %s, URI %s
02-19 12:29:12.390 20068 20155 I FontLog : (REDACTED) Query [%s] resolved to %s
02-19 12:29:12.393 20068 20155 I FontLog : (REDACTED) Font PFD returned from cache for %s
02-19 12:29:12.394 20068 20155 I FontLog : (REDACTED) Fetch %s end status %s
02-19 12:29:12.399 20068 20078 I FontLog : (REDACTED) Pulling font file for id = %d, cache size = %d
02-19 12:29:12.419 20068 20078 I FontLog : (REDACTED) Received query %s, URI %s
02-19 12:29:12.419 20068 20078 I FontLog : (REDACTED) Query [%s] resolved to %s
02-19 12:29:12.420 20068 20078 I FontLog : (REDACTED) Font PFD returned from cache for %s
02-19 12:29:12.420 20068 20078 I FontLog : (REDACTED) Fetch %s end status %s
02-19 12:29:12.422 20068 20155 I FontLog : (REDACTED) Pulling font file for id = %d, cache size = %d
02-19 12:29:12.426 20068 20155 I FontLog : (REDACTED) Received query %s, URI %s
02-19 12:29:12.426 20068 20155 I FontLog : (REDACTED) Query [%s] resolved to %s
02-19 12:29:12.428 20068 20155 I FontLog : (REDACTED) Font PFD returned from cache for %s
02-19 12:29:12.431 20068 20155 I FontLog : (REDACTED) Fetch %s end status %s
02-19 12:29:12.433 20068 20078 I FontLog : (REDACTED) Pulling font file for id = %d, cache size = %d
02-19 12:29:12.459  4449  4531 D KeyguardService: setOccluded(false)
02-19 12:29:12.463  4449  4531 D KeyguardViewMediator: setOccluded(false)
02-19 12:29:12.463  4449  4449 D KeyguardViewMediator: handleSetOccluded(false)
02-19 12:29:12.463  4449  4449 D KeyguardViewMediator: KeyguardViewMediator queue processing message: SET_OCCLUDED
02-19 12:29:12.495 14001 14034 I Finsky  : [52] Current account updated in PVS
02-19 12:29:12.509 29234 29234 W WindowOnBackDispatcher: sendCancelIfRunning: isInProgress=false callback=android.view.ViewRootImpl$$ExternalSyntheticLambda13@f0e7859
02-19 12:29:12.509   752   780 D CoreBackPreview: Window{518d82c u0 PopupWindow:385f4d2}: Setting back callback null
02-19 12:29:12.546 14001 14038 I Finsky  : [56] Current account updated in PVS
02-19 12:29:12.549 14001 14037 I Finsky  : [55] Current account updated in PVS
02-19 12:29:12.672 29234 29406 W libc    : Access denied finding property "vendor.mesa.log"
02-19 12:29:12.673 29234 29406 W libc    : Access denied finding property "vendor.mesa.log.file"
02-19 12:29:12.673 29234 29406 E MESA    : Failed to open rendernode: No such file or directory
02-19 12:29:12.686 29234 29422 W unknown:ReactContext: initializeMessageQueueThreads() is called.
02-19 12:29:12.725 29234 29234 W unknown:ReactNative: Packager connection already open, nooping.
02-19 12:29:12.745   752   780 D CompatChangeReporter: Compat change id reported: 297989574; UID 10217; state: ENABLED
02-19 12:29:12.804 29234 29426 W unknown:ViewManagerPropertyUpdater: Could not find generated setter for class com.facebook.react.views.traceupdateoverlay.TraceUpdateOverlayManager
02-19 12:29:12.835 29234 29406 D vulkan  : searching for layers in '/data/app/~~NUQj-rdXzuicW-16SIRtKA==/viva.republica.toss.test-Si406wFvb_sqEA2GTBV6RQ==/lib/x86_64'
02-19 12:29:12.837 29234 29406 D vulkan  : searching for layers in '/data/app/~~NUQj-rdXzuicW-16SIRtKA==/viva.republica.toss.test-Si406wFvb_sqEA2GTBV6RQ==/base.apk!/lib/x86_64'
02-19 12:29:12.846 29234 29426 W unknown:ViewManagerPropertyUpdater: Could not find generated setter for class com.facebook.react.uimanager.LayoutShadowNode
02-19 12:29:12.857 29234 29426 W unknown:ViewManagerPropertyUpdater: Could not find generated setter for class com.facebook.react.views.drawer.ReactDrawerLayoutManager
02-19 12:29:12.860 29234 29426 W unknown:ViewManagerPropertyUpdater: Could not find generated setter for class com.facebook.react.views.scroll.ReactHorizontalScrollViewManager
02-19 12:29:12.870 29234 29426 W unknown:ViewManagerPropertyUpdater: Could not find generated setter for class com.facebook.react.views.scroll.ReactHorizontalScrollContainerViewManager
02-19 12:29:12.876 29234 29426 W unknown:ViewManagerPropertyUpdater: Could not find generated setter for class com.facebook.react.views.progressbar.ReactProgressBarViewManager
02-19 12:29:12.883 29234 29426 W unknown:ViewManagerPropertyUpdater: Could not find generated setter for class com.facebook.react.views.progressbar.ProgressBarShadowNode
02-19 12:29:12.885 29234 29426 W unknown:ViewManagerPropertyUpdater: Could not find generated setter for class com.facebook.react.views.scroll.ReactScrollViewManager
02-19 12:29:12.889 29234 29426 W unknown:ViewManagerPropertyUpdater: Could not find generated setter for class com.facebook.react.views.switchview.ReactSwitchManager
02-19 12:29:12.900 29234 29426 W unknown:ViewManagerPropertyUpdater: Could not find generated setter for class com.facebook.react.views.switchview.ReactSwitchManager$ReactSwitchShadowNode
02-19 12:29:12.901 29234 29426 W unknown:ViewManagerPropertyUpdater: Could not find generated setter for class com.facebook.react.views.swiperefresh.SwipeRefreshLayoutManager
02-19 12:29:12.903 29234 29426 W unknown:ViewManagerPropertyUpdater: Could not find generated setter for class com.facebook.react.views.text.frescosupport.FrescoBasedReactTextInlineImageViewManager
02-19 12:29:12.903 29234 29426 W unknown:ViewManagerPropertyUpdater: Could not find generated setter for class com.facebook.react.views.text.frescosupport.FrescoBasedReactTextInlineImageShadowNode
02-19 12:29:12.905 29234 29426 W unknown:ViewManagerPropertyUpdater: Could not find generated setter for class com.facebook.react.views.image.ReactImageManager
02-19 12:29:12.908 29234 29426 W unknown:ViewManagerPropertyUpdater: Could not find generated setter for class com.facebook.react.views.modal.ReactModalHostManager
02-19 12:29:12.910 29234 29426 W unknown:ViewManagerPropertyUpdater: Could not find generated setter for class com.facebook.react.views.modal.ModalHostShadowNode
02-19 12:29:12.911 29234 29426 W unknown:ViewManagerPropertyUpdater: Could not find generated setter for class com.facebook.react.views.text.ReactRawTextManager
02-19 12:29:12.912 29234 29426 W unknown:ViewManagerPropertyUpdater: Could not find generated setter for class com.facebook.react.views.text.ReactRawTextShadowNode
02-19 12:29:12.913 29234 29426 W unknown:ViewManagerPropertyUpdater: Could not find generated setter for class com.facebook.react.views.textinput.ReactTextInputManager
02-19 12:29:12.917 29234 29426 W unknown:ViewManagerPropertyUpdater: Could not find generated setter for class com.facebook.react.views.textinput.ReactTextInputShadowNode
02-19 12:29:12.919 29234 29426 W unknown:ViewManagerPropertyUpdater: Could not find generated setter for class com.facebook.react.views.text.ReactTextViewManager
02-19 12:29:12.921 29234 29426 W unknown:ViewManagerPropertyUpdater: Could not find generated setter for class com.facebook.react.views.text.ReactTextShadowNode
02-19 12:29:12.921 29234 29426 W unknown:ViewManagerPropertyUpdater: Could not find generated setter for class com.facebook.react.views.view.ReactViewManager
02-19 12:29:12.923 29234 29426 W unknown:ViewManagerPropertyUpdater: Could not find generated setter for class com.facebook.react.views.text.ReactVirtualTextViewManager
02-19 12:29:12.924 29234 29426 W unknown:ViewManagerPropertyUpdater: Could not find generated setter for class com.facebook.react.views.text.ReactVirtualTextShadowNode
02-19 12:29:12.924 29234 29426 W unknown:ViewManagerPropertyUpdater: Could not find generated setter for class com.facebook.react.views.unimplementedview.ReactUnimplementedViewManager
02-19 12:29:12.927 29234 29426 W unknown:ViewManagerPropertyUpdater: Could not find generated setter for class com.shopify.reactnative.flash_list.AutoLayoutViewManager
02-19 12:29:12.930 29234 29426 W unknown:ViewManagerPropertyUpdater: Could not find generated setter for class com.shopify.reactnative.flash_list.CellContainerManager
02-19 12:29:12.932 29234 29426 W unknown:ViewManagerPropertyUpdater: Could not find generated setter for class com.airbnb.android.react.lottie.LottieAnimationViewManager
02-19 12:29:12.935 29234 29426 W unknown:ViewManagerPropertyUpdater: Could not find generated setter for class com.swmansion.gesturehandler.react.RNGestureHandlerRootViewManager
02-19 12:29:12.936 29234 29426 W unknown:ViewManagerPropertyUpdater: Could not find generated setter for class com.swmansion.gesturehandler.react.RNGestureHandlerButtonViewManager
02-19 12:29:12.937 29234 29426 W unknown:ViewManagerPropertyUpdater: Could not find generated setter for class io.invertase.googlemobileads.ReactNativeGoogleMobileAdsBannerAdViewManager
02-19 12:29:12.939 29234 29426 W unknown:ViewManagerPropertyUpdater: Could not find generated setter for class com.reactnativepagerview.PagerViewViewManager
02-19 12:29:12.942 29234 29426 W unknown:ViewManagerPropertyUpdater: Could not find generated setter for class com.th3rdwave.safeareacontext.SafeAreaProviderManager
02-19 12:29:12.943 29234 29426 W unknown:ViewManagerPropertyUpdater: Could not find generated setter for class com.th3rdwave.safeareacontext.SafeAreaViewManager
02-19 12:29:12.943 29234 29426 W unknown:ViewManagerPropertyUpdater: Could not find generated setter for class o.eglCreatePlatformPixmapSurface
02-19 12:29:12.944 29234 29426 W unknown:ViewManagerPropertyUpdater: Could not find generated setter for class com.swmansion.rnscreens.ScreenContainerViewManager
02-19 12:29:12.946 29234 29426 W unknown:ViewManagerPropertyUpdater: Could not find generated setter for class com.swmansion.rnscreens.ScreenViewManager
02-19 12:29:12.948 29234 29426 W unknown:ViewManagerPropertyUpdater: Could not find generated setter for class com.swmansion.rnscreens.ScreenStackViewManager
02-19 12:29:12.950 29234 29426 W unknown:ViewManagerPropertyUpdater: Could not find generated setter for class com.swmansion.rnscreens.ScreenStackHeaderConfigViewManager
02-19 12:29:12.951 29234 29426 W unknown:ViewManagerPropertyUpdater: Could not find generated setter for class com.swmansion.rnscreens.ScreenStackHeaderSubviewManager
02-19 12:29:12.952 29234 29426 W unknown:ViewManagerPropertyUpdater: Could not find generated setter for class com.swmansion.rnscreens.SearchBarManager
02-19 12:29:12.954 29234 29426 W unknown:ViewManagerPropertyUpdater: Could not find generated setter for class com.horcrux.svg.RenderableViewManager$DefsViewManager
02-19 12:29:12.956 29234 29426 W unknown:ViewManagerPropertyUpdater: Could not find generated setter for class com.horcrux.svg.VirtualViewManager$RemoteActionCompatParcelizer
02-19 12:29:12.956 29234 29426 W unknown:ViewManagerPropertyUpdater: Could not find generated setter for class com.horcrux.svg.RenderableViewManager$MarkerManager
02-19 12:29:12.961 29234 29426 W unknown:ViewManagerPropertyUpdater: Could not find generated setter for class com.horcrux.svg.RenderableViewManager$ForeignObjectManager
02-19 12:29:12.965 29234 29426 W unknown:ViewManagerPropertyUpdater: Could not find generated setter for class com.horcrux.svg.RenderableViewManager$EllipseViewManager
02-19 12:29:12.967 29234 29426 W unknown:ViewManagerPropertyUpdater: Could not find generated setter for class com.horcrux.svg.RenderableViewManager$LineViewManager
02-19 12:29:12.970 29234 29426 W unknown:ViewManagerPropertyUpdater: Could not find generated setter for class com.horcrux.svg.RenderableViewManager$LinearGradientManager
02-19 12:29:12.974 29234 29426 W unknown:ViewManagerPropertyUpdater: Could not find generated setter for class com.horcrux.svg.RenderableViewManager$GroupViewManager
02-19 12:29:12.976 29234 29426 W unknown:ViewManagerPropertyUpdater: Could not find generated setter for class com.horcrux.svg.RenderableViewManager$TextViewManager
02-19 12:29:12.979 29234 29426 W unknown:ViewManagerPropertyUpdater: Could not find generated setter for class com.horcrux.svg.RenderableViewManager$ImageViewManager
02-19 12:29:12.982 29234 29426 W unknown:ViewManagerPropertyUpdater: Could not find generated setter for class com.horcrux.svg.RenderableViewManager$ClipPathViewManager
02-19 12:29:12.984 29234 29426 W unknown:ViewManagerPropertyUpdater: Could not find generated setter for class com.horcrux.svg.RenderableViewManager$RadialGradientManager
02-19 12:29:12.986 29234 29426 W unknown:ViewManagerPropertyUpdater: Could not find generated setter for class com.horcrux.svg.RenderableViewManager$MaskManager
02-19 12:29:12.989 29234 29426 W unknown:ViewManagerPropertyUpdater: Could not find generated setter for class com.horcrux.svg.RenderableViewManager$SymbolManager
02-19 12:29:12.991 29234 29426 W unknown:ViewManagerPropertyUpdater: Could not find generated setter for class com.horcrux.svg.RenderableViewManager$PatternManager
02-19 12:29:12.993 29234 29426 W unknown:ViewManagerPropertyUpdater: Could not find generated setter for class com.horcrux.svg.RenderableViewManager$RectViewManager
02-19 12:29:12.995 29234 29426 W unknown:ViewManagerPropertyUpdater: Could not find generated setter for class com.horcrux.svg.RenderableViewManager$TextPathViewManager
02-19 12:29:12.997 29234 29426 W unknown:ViewManagerPropertyUpdater: Could not find generated setter for class com.horcrux.svg.SvgViewManager
02-19 12:29:12.998 29234 29426 W unknown:ViewManagerPropertyUpdater: Could not find generated setter for class com.horcrux.svg.RenderableViewManager$PathViewManager
02-19 12:29:13.000 29234 29426 W unknown:ViewManagerPropertyUpdater: Could not find generated setter for class com.horcrux.svg.RenderableViewManager$UseViewManager
02-19 12:29:13.001 29234 29426 W unknown:ViewManagerPropertyUpdater: Could not find generated setter for class com.horcrux.svg.RenderableViewManager$CircleViewManager
02-19 12:29:13.003 29234 29426 W unknown:ViewManagerPropertyUpdater: Could not find generated setter for class com.horcrux.svg.RenderableViewManager$TSpanViewManager
02-19 12:29:13.004 29234 29426 W unknown:ViewManagerPropertyUpdater: Could not find generated setter for class com.brentvatne.exoplayer.ReactExoplayerViewManager
02-19 12:29:13.020 29234 29426 W unknown:ViewManagerPropertyUpdater: Could not find generated setter for class com.reactnativecommunity.webview.RNCWebViewManager
02-19 12:29:13.049 29234 29426 W unknown:ViewManagerPropertyUpdater: Could not find generated setter for class im.toss.rn.granite.core.module.image.FastImageViewManager
02-19 12:29:13.069 29234 29426 W unknown:ReactContext: initializeMessageQueueThreads() is called.
02-19 12:29:13.087 29234 29406 W libc    : Access denied finding property "vendor.mesa.vk.trace.per.submit"
02-19 12:29:13.087 29234 29406 W libc    : Access denied finding property "vendor.mesa.gallium.print.optio"
02-19 12:29:13.088 29234 29406 W libc    : Access denied finding property "vendor.mesa.vk.trace.frame"
02-19 12:29:13.101 29234 29406 W libc    : Access denied finding property "vendor.mesa.vk.wsi.headless.swa"
02-19 12:29:13.108 29234 29426 W unknown:ReactNative: Fresco has already been initialized with a different config. The new Fresco configuration will be ignored!
02-19 12:29:13.178   537   537 W adbd    : timeout expired while flushing socket, closing
02-19 12:29:13.286 29234 29406 W chromium: [WARNING:viz_main_impl.cc(85)] VizNullHypothesis is disabled (not a warning)
02-19 12:29:13.332   537   537 W adbd    : timeout expired while flushing socket, closing
02-19 12:29:13.410 29234 29234 I Ads     : JS: The jsLoaded GMSG has been sent (https://googleads.g.doubleclick.net/mads/static/sdk/native/sdk-core-v40.html:1025)
02-19 12:29:13.641 29234 29397 D nativeloader: Load /data/app/~~NUQj-rdXzuicW-16SIRtKA==/viva.republica.toss.test-Si406wFvb_sqEA2GTBV6RQ==/lib/x86_64/libreactnativeblob.so using class loader ns clns-9 (caller=<unknown>): ok
02-19 12:29:13.702 29234 29234 E unknown:ReactNative: Unable to launch logbox because react was unable to create the root view
02-19 12:29:13.706 29234 29239 I blica.toss.test: Compiler allocated 4717KB to compile void com.facebook.soloader.nativeloader.SystemDelegate.read(java.lang.String)
02-19 12:29:14.024   752  2505 W PackageConfigPersister: App-specific configuration not found for packageName: viva.republica.toss.test and userId: 0
02-19 12:29:14.212 29234 29234 W unknown:ReactContext: initializeMessageQueueThreads() is called.
02-19 12:29:14.337   752  2505 W PackageConfigPersister: App-specific configuration not found for packageName: viva.republica.toss.test and userId: 0
02-19 12:29:14.344   752  1856 E TaskPersister: File error accessing recents directory (directory doesn't exist?).
02-19 12:29:14.400 29234 29240 I blica.toss.test: NativeAlloc concurrent mark compact GC freed 8631KB AllocSpace bytes, 12(344KB) LOS objects, 50% free, 18MB/36MB, paused 881us,3.152ms total 187.695ms
02-19 12:29:14.403 29234 29242 W System  : A resource failed to call ZipFile.close. 
02-19 12:29:14.851 29438 29438 W dumpsys : Thread Pool max thread count is 0. Cannot cache binder as linkToDeath cannot be implemented. serviceName: window
02-19 12:29:15.887 29443 29443 W screencap: Thread Pool max thread count is 0. Cannot cache binder as linkToDeath cannot be implemented. serviceName: SurfaceFlingerAIDL
02-19 12:29:15.888 29443 29443 W BpBinder: Linking to death on android.gui.ISurfaceComposer but there are no threads (yet?) listening to incoming transactions. See ProcessState::startThreadPool and ProcessState::setThreadPoolMaxThreadCount. Generally you should setup the binder threadpool before other initialization steps.
02-19 12:29:15.889 29443 29443 W ProcessState: Extra binder thread started, but 0 threads requested. Do not use *startThreadPool when zero threads are requested.
02-19 12:29:15.893   531   603 E HwcComposer: getLuts failed Status(-8, EX_SERVICE_SPECIFIC): '8: '
02-19 12:29:15.893   531   603 E HWComposer: getLuts: getLuts failed for display 4619827259835644672: UNSUPPORTED (8)
02-19 12:29:16.281   752   969 D ActivityManager: freezing 4606 com.google.android.webview:webview_service
02-19 12:29:16.283   752  1029 D InetDiagMessage: Destroyed 0 sockets, proto=IPPROTO_TCP, family=AF_INET, states=14
02-19 12:29:16.283   752  1029 D InetDiagMessage: Destroyed 0 sockets, proto=IPPROTO_TCP, family=AF_INET6, states=14
02-19 12:29:16.284   752  1029 D InetDiagMessage: Destroyed live tcp sockets for uids={10168} in 1ms
02-19 12:29:16.536   537   537 W adbd    : timeout expired while flushing socket, closing
02-19 12:29:16.578   537   537 W adbd    : timeout expired while flushing socket, closing
