02-19 12:05:26.568 27818 27820 I artd    : GetBestInfo: /data/user_de/0/com.google.android.gms/app_chimera/m/0000000a/dl-MlkitBarcodeUi.optional_250834100800.apk has no usable artifacts
02-19 12:05:26.578  4449  4512 W HWUI    : Image decoding logging dropped!
02-19 12:05:26.600 27818 27820 I artd    : GetBestInfo: /data/user_de/0/com.google.android.gms/app_chimera/m/00000011/dl-VisionOcr.optional_260438100000.apk has no usable artifacts
02-19 12:05:26.619  1341  1341 D BaseDepthController: setSurface:
02-19 12:05:26.619  1341  1341 D BaseDepthController: 	mWaitingOnSurfaceValidity: false
02-19 12:05:26.619  1341  1341 D BaseDepthController: 	mBaseSurface: null
02-19 12:05:26.619  1341  1341 D BaseDepthController: mSurface is null and mCurrentBlur is: 0
02-19 12:05:26.620 24035 24046 I HWUI    : Davey! duration=1504ms; Flags=1, FrameTimelineVsyncId=1135182, IntendedVsync=81798939001566, Vsync=81799872334862, InputEventId=0, HandleInputStart=81799881812408, AnimationStart=81799881813289, PerformTraversalsStart=81799901334536, DrawStart=81799959087973, FrameDeadline=81798955668232, FrameStartTime=81799881130017, FrameInterval=16666666, WorkloadTarget=16666666, SyncQueued=81800232260405, SyncStart=81800232949368, IssueDrawCommandsStart=81800233428797, SwapBuffers=81800430420575, FrameCompleted=81800443746188, DequeueBufferDuration=7751, QueueBufferDuration=657834, GpuCompleted=81800443746188, SwapBuffersCompleted=81800433929101, DisplayPresentTime=0, CommandSubmissionCompleted=81800430420575, 
02-19 12:05:26.625  1341  1341 D StateManager: goToState - fromState: Normal, toState: Normal, partial trace:
02-19 12:05:26.625  1341  1341 D StateManager: 	at com.android.launcher3.statemanager.StateManager.moveToRestState(go/retraceme 72a59688580715d19f0e415c69e80376c2f062d1648c80db6730905005a27c20:4)
02-19 12:05:26.625  1341  1341 D StateManager: 	at com.android.launcher3.statemanager.StateManager.moveToRestState(go/retraceme 72a59688580715d19f0e415c69e80376c2f062d1648c80db6730905005a27c20:1)
02-19 12:05:26.625  1341  1341 D StateManager: 	at com.android.launcher3.statemanager.StatefulActivity.onStop(go/retraceme 72a59688580715d19f0e415c69e80376c2f062d1648c80db6730905005a27c20:34)
02-19 12:05:26.626  1341  1341 D StatsLog: LAUNCHER_ONSTOP
02-19 12:05:26.626  4449  4512 W HWUI    : Image decoding logging dropped!
02-19 12:05:26.627 27818 27820 I artd    : GetBestInfo: /data/user_de/0/com.google.android.gms/app_chimera/m/00000012/dl-Appsearch.optional_260438100800.apk has no usable artifacts
02-19 12:05:26.630  1341  1341 D StatsLog: LAUNCHER_GOOGLE_SEARCH_RESTORE_LIST_SIZE_AFTER_ACTIVITY_RESTART
02-19 12:05:26.644 27818 27820 I artd    : GetBestInfo: vdex next to the dex file (/data/user/0/com.google.android.gms/app_dg_cache/94DF452EEF4B8E717545DCDEA6CC3C50A319A195/oat/x86_64/the.vdex) is kOatUpToDate with filter 'verify' executable 'false'
02-19 12:05:26.648   752  1095 D BackgroundInstallControlService: Package event received: 0
02-19 12:05:26.672 27818 27820 I artd    : GetBestInfo: /data/user_de/0/com.google.android.gms/app_chimera/m/00000007/MeasurementDynamite.apk has no usable artifacts
02-19 12:05:26.677 27818 27820 I artd    : GetBestInfo: /data/user_de/0/com.google.android.gms/app_chimera/m/00000018/dl-AdsFdrDynamite.integ_254380203100000.apk has no usable artifacts
02-19 12:05:26.714 24035 24035 I Choreographer: Skipped 39 frames!  The application may be doing too much work on its main thread.
02-19 12:05:26.857   752   989 I ImeTracker: viva.republica.toss.test:1696e381: onRequestHide at ORIGIN_SERVER reason HIDE_UNSPECIFIED_WINDOW fromUser false
02-19 12:05:26.868  1563  1563 I GoogleInputMethodService: GoogleInputMethodService.onFinishInput():2043 
02-19 12:05:26.869  1563  1563 I Module  : DeviceLockedStatusModuleProvider$Module.updateDeviceLockedStatus():100 repeatCheckTimes = 0, locked = false
02-19 12:05:26.872  1563  1563 I GoogleInputMethodService: GoogleInputMethodService.onStartInput():1293 onStartInput(EditorInfo{EditorInfo{packageName=viva.republica.toss.test, inputType=0, inputTypeString=NULL, enableLearning=false, autoCorrection=false, autoComplete=false, imeOptions=0, privateImeOptions=null, actionName=UNSPECIFIED, actionLabel=null, initialSelStart=-1, initialSelEnd=-1, initialCapsMode=0, label=null, fieldId=0, fieldName=null, extras=null, hintText=null, hintLocales=[]}}, false)
02-19 12:05:26.876   752  1935 I ImeTracker: system_server:b94b94a: onRequestHide at ORIGIN_SERVER reason IME_REQUESTED_CHANGED_LISTENER fromUser false
02-19 12:05:26.883  1563  1563 I Module  : DeviceLockedStatusModuleProvider$Module.updateDeviceLockedStatus():100 repeatCheckTimes = 1, locked = false
02-19 12:05:26.884 24035 24035 D InsetsController: hide(ime(), fromIme=false)
02-19 12:05:26.884 24035 24035 I ImeTracker: viva.republica.toss.test:1696e381: onCancelled at PHASE_CLIENT_ALREADY_HIDDEN
02-19 12:05:26.885  1563  1563 I EmojiCompatManager: EmojiCompatManager.getEmojiCompatIfLoaded():343 EmojiCompat.init() was never called.
02-19 12:05:26.885  1563  1563 I EmojiCompatManager: java.lang.IllegalStateException: EmojiCompat is not initialized. Please call EmojiCompat.init() first
02-19 12:05:26.885  1563  1563 I EmojiCompatManager: 	at asx.p(PG:6)
02-19 12:05:26.885  1563  1563 I EmojiCompatManager: 	at axb.b(PG:13)
02-19 12:05:26.885  1563  1563 I EmojiCompatManager: 	at jnr.b(PG:2)
02-19 12:05:26.885  1563  1563 I EmojiCompatManager: 	at jnr.c(PG:4)
02-19 12:05:26.885  1563  1563 I EmojiCompatManager: 	at jnr.f(PG:3)
02-19 12:05:26.885  1563  1563 I EmojiCompatManager: 	at jnx.c(PG:3)
02-19 12:05:26.885  1563  1563 I EmojiCompatManager: 	at kif.cz(PG:47)
02-19 12:05:26.885  1563  1563 I EmojiCompatManager: 	at lhl.run(PG:1025)
02-19 12:05:26.885  1563  1563 I EmojiCompatManager: 	at jaf.execute(PG:12)
02-19 12:05:26.885  1563  1563 I EmojiCompatManager: 	at nco.v(PG:13)
02-19 12:05:26.885  1563  1563 I EmojiCompatManager: 	at lhn.m(PG:96)
02-19 12:05:26.885  1563  1563 I EmojiCompatManager: 	at lhn.k(PG:25)
02-19 12:05:26.885  1563  1563 I EmojiCompatManager: 	at kgn.onStartInput(PG:250)
02-19 12:05:26.885  1563  1563 I EmojiCompatManager: 	at android.inputmethodservice.InputMethodService.doStartInput(InputMethodService.java:3521)
02-19 12:05:26.885  1563  1563 I EmojiCompatManager: 	at android.inputmethodservice.InputMethodService$InputMethodImpl.startInput(InputMethodService.java:879)
02-19 12:05:26.885  1563  1563 I EmojiCompatManager: 	at android.inputmethodservice.InputMethodService$InputMethodImpl.dispatchStartInput(InputMethodService.java:908)
02-19 12:05:26.885  1563  1563 I EmojiCompatManager: 	at android.inputmethodservice.IInputMethodWrapper.executeMessage(IInputMethodWrapper.java:201)
02-19 12:05:26.885  1563  1563 I EmojiCompatManager: 	at com.android.internal.os.HandlerCaller$MyHandler.handleMessage(HandlerCaller.java:44)
02-19 12:05:26.885  1563  1563 I EmojiCompatManager: 	at android.os.Handler.dispatchMessage(Handler.java:110)
02-19 12:05:26.885  1563  1563 I EmojiCompatManager: 	at android.os.Looper.loopOnce(Looper.java:248)
02-19 12:05:26.885  1563  1563 I EmojiCompatManager: 	at android.os.Looper.loop(Looper.java:338)
02-19 12:05:26.885  1563  1563 I EmojiCompatManager: 	at android.app.ActivityThread.main(ActivityThread.java:9067)
02-19 12:05:26.885  1563  1563 I EmojiCompatManager: 	at java.lang.reflect.Method.invoke(Native Method)
02-19 12:05:26.885  1563  1563 I EmojiCompatManager: 	at com.android.internal.os.RuntimeInit$MethodAndArgsCaller.run(RuntimeInit.java:593)
02-19 12:05:26.885  1563  1563 I EmojiCompatManager: 	at com.android.internal.os.ZygoteInit.main(ZygoteInit.java:932)
02-19 12:05:26.886   752   797 I ImeTracker: system_server:b94b94a: onCancelled at PHASE_SERVER_SHOULD_HIDE
02-19 12:05:26.887   752  1233 W PackageConfigPersister: App-specific configuration not found for packageName: viva.republica.toss.test and userId: 0
02-19 12:05:26.903 24035 24044 I HWUI    : Davey! duration=831ms; Flags=0, FrameTimelineVsyncId=1135616, IntendedVsync=81799905668194, Vsync=81800555668168, InputEventId=0, HandleInputStart=81800561163254, AnimationStart=81800561164196, PerformTraversalsStart=81800683483587, DrawStart=81800683626069, FrameDeadline=81800472334838, FrameStartTime=81800560796200, FrameInterval=16666666, WorkloadTarget=16666666, SyncQueued=81800685393454, SyncStart=81800685600821, IssueDrawCommandsStart=81800686001334, SwapBuffers=81800713567266, FrameCompleted=81800737631000, DequeueBufferDuration=9850, QueueBufferDuration=1493707, GpuCompleted=81800737631000, SwapBuffersCompleted=81800729864800, DisplayPresentTime=0, CommandSubmissionCompleted=81800713567266, 
02-19 12:05:26.921 24035 26801 D ReactNativeJS: '[Analytics]', '{\n  "log_type": "screen",\n  "log_name": "/::screen",\n  "params": {\n    "referrer": null,\n    "deployment_id": "local",\n    "deployment_timestamp": null\n  }\n}'
02-19 12:05:27.147   752   797 W ProcessStats: Tracking association SourceState{cf864d5 com.google.android.googlequicksearchbox:interactor/10149 BFgs #12891} whose proc state 4 is better than process ProcessState{4af89f7 com.google.android.googlequicksearchbox:search/10149 pkg=com.google.android.googlequicksearchbox} proc state 15 (46 skipped)
02-19 12:05:28.805 20068 20103 I NearbyPresence: (REDACTED) %s verified [==] new request %s equals to the old request
02-19 12:05:28.812 24035 24035 I Choreographer: Skipped 60 frames!  The application may be doing too much work on its main thread.
02-19 12:05:28.900 24035 24044 I HWUI    : Davey! duration=1095ms; Flags=0, FrameTimelineVsyncId=1136111, IntendedVsync=81801622334792, Vsync=81801622334792, InputEventId=0, HandleInputStart=81801623848575, AnimationStart=81801623849581, PerformTraversalsStart=81801624293498, DrawStart=81801624440912, FrameDeadline=81801672334790, FrameStartTime=81801623844857, FrameInterval=16666666, WorkloadTarget=16666666, SyncQueued=81801625485881, SyncStart=81801646845881, IssueDrawCommandsStart=81801647015451, SwapBuffers=81801649350449, FrameCompleted=81802739223424, DequeueBufferDuration=1006089275, QueueBufferDuration=466782, GpuCompleted=81802739223424, SwapBuffersCompleted=81802656615834, DisplayPresentTime=0, CommandSubmissionCompleted=81801649350449, 
02-19 12:05:28.906 20068 20103 I NearbyPresence: (REDACTED) %s verified [==] new request %s equals to the old request
02-19 12:05:28.917   752  1856 E TaskPersister: File error accessing recents directory (directory doesn't exist?).
02-19 12:05:28.967 27828 27828 W dumpsys : Thread Pool max thread count is 0. Cannot cache binder as linkToDeath cannot be implemented. serviceName: window
02-19 12:05:29.099 22516 22550 E fcqb    : (REDACTED) Trace %s timed out after %d ms. Complete trace: %s
02-19 12:05:29.099 22516 22550 E fcqb    : fcrl: 
02-19 12:05:29.099 22516 22550 E fcqb    : 	at tk_trace.Write DailyFacts(Started After:1)
02-19 12:05:29.099 22516 22550 E fcqb    : 	at tk_trace.Update DailyFacts(Started After:1)
02-19 12:05:29.099 22516 22550 E fcqb    : 	at tk_trace.Synclet: facts_daily_data_logging_sync 1(Started After:1)
02-19 12:05:29.099 22516 22550 E fcqb    : 	at tk_trace.NoAccountWorkerFactory startWork()(Started After:0)
02-19 12:05:29.099 22516 22550 E fcqb    : 	at tk_trace.com.google.apps.tiktok.sync.impl.workmanager.SyncPeriodicWorker startWork()(Started After:0)
02-19 12:05:29.099 22516 22550 E fcqb    : 	at tk_trace.com.google.apps.tiktok.sync.impl.workmanager.SyncPeriodicWorker startWork()(Started After:0)
02-19 12:05:29.099 22516 22550 E fcqb    : 	at tk_trace.WorkManager:TikTokListenableWorker startWork(Started After:0)
02-19 12:05:29.525   752  1935 I system_server: AssetManager2(0x7d8fac4e68b8) locale list changing from [] to [en-US]
02-19 12:05:29.567   752  1935 I system_server: AssetManager2(0x7d8fac44f5f8) locale list changing from [] to [en-US]
02-19 12:05:29.579   752  1935 I system_server: AssetManager2(0x7d8fac4e2a38) locale list changing from [] to [en-US]
02-19 12:05:29.607   752  1935 I system_server: AssetManager2(0x7d8fac50f2b8) locale list changing from [] to [en-US]
02-19 12:05:29.664   752  1935 I system_server: AssetManager2(0x7d8fac4a67b8) locale list changing from [] to [en-US]
02-19 12:05:29.745   752  1935 I system_server: AssetManager2(0x7d8fac4ea0f8) locale list changing from [] to [en-US]
02-19 12:05:30.433 27834 27834 W screencap: Thread Pool max thread count is 0. Cannot cache binder as linkToDeath cannot be implemented. serviceName: SurfaceFlingerAIDL
02-19 12:05:30.436 27834 27834 W BpBinder: Linking to death on android.gui.ISurfaceComposer but there are no threads (yet?) listening to incoming transactions. See ProcessState::startThreadPool and ProcessState::setThreadPoolMaxThreadCount. Generally you should setup the binder threadpool before other initialization steps.
02-19 12:05:30.474 27834 27834 W ProcessState: Extra binder thread started, but 0 threads requested. Do not use *startThreadPool when zero threads are requested.
02-19 12:05:30.538   531   603 E HwcComposer: getLuts failed Status(-8, EX_SERVICE_SPECIFIC): '8: '
02-19 12:05:30.538   531   603 E HWComposer: getLuts: getLuts failed for display 4619827259835644672: UNSUPPORTED (8)
02-19 12:05:30.802 14715 14715 D BoundBrokerSvc: onUnbind: Intent { act=com.google.android.gms.checkin.START xflg=0x4 pkg=com.google.android.gms }
02-19 12:05:30.802   752  1029 D InetDiagMessage: Destroyed 0 sockets, proto=IPPROTO_TCP, family=AF_INET, states=14
02-19 12:05:30.805   752  1029 D InetDiagMessage: Destroyed 0 sockets, proto=IPPROTO_TCP, family=AF_INET6, states=14
02-19 12:05:30.805   752  1029 D InetDiagMessage: Destroyed live tcp sockets for uids={10139} in 5ms
02-19 12:05:30.806   752  1029 D InetDiagMessage: Destroyed 0 sockets, proto=IPPROTO_TCP, family=AF_INET, states=14
02-19 12:05:30.807   752  1029 D InetDiagMessage: Destroyed 0 sockets, proto=IPPROTO_TCP, family=AF_INET6, states=14
02-19 12:05:30.807   752  1029 D InetDiagMessage: Destroyed live tcp sockets for uids={20139} in 2ms
