--------- beginning of main
02-19 10:40:12.069 24035 24035 I Choreographer: Skipped 310 frames!  The application may be doing too much work on its main thread.
02-19 10:40:12.099   752  1631 D WifiNl80211Manager: Scan result ready event
02-19 10:40:12.100   752  1631 D WifiNative: Scan result ready event
02-19 10:40:12.103 20068 20156 I WifiScanner: onFullResults
02-19 10:40:12.112   752  1023 I HalDevMgr: bestIfaceCreationProposal is null, requestIface=STA, existingIface=[name=wlan0 type=STA]
02-19 10:40:12.201 20068 23872 I .gms.persistent: Explicit concurrent mark compact GC freed 1048KB AllocSpace bytes, 0(0B) LOS objects, 24% free, 9599KB/12MB, paused 595us,4.003ms total 133.116ms
02-19 10:40:27.072   531   568 W EventThread: Faking VSYNC due to driver stall for thread app
02-19 10:40:27.075  1133  1133 I wpa_supplicant: wlan0: CTRL-EVENT-BEACON-LOSS 
02-19 10:40:27.077  1336  1556 D SatelliteController: iisInCarrierRoamingNbIotNtn: satellite is disabled
02-19 10:40:27.098  4449  4501 I HWUI    : Davey! duration=5227ms; Flags=0, FrameTimelineVsyncId=998735, IntendedVsync=76680739206294, Vsync=76685905872754, InputEventId=0, HandleInputStart=76685925762110, AnimationStart=76685925762846, PerformTraversalsStart=76685925763345, DrawStart=76685939293361, FrameDeadline=76680755872960, FrameStartTime=76685915675925, FrameInterval=16666666, WorkloadTarget=16666666, SyncQueued=76685939880081, SyncStart=76685939934411, IssueDrawCommandsStart=76685940109995, SwapBuffers=76685954958407, FrameCompleted=76685967052221, DequeueBufferDuration=10172, QueueBufferDuration=2056626, GpuCompleted=76685966837589, SwapBuffersCompleted=76685967052221, DisplayPresentTime=0, CommandSubmissionCompleted=76685954958407, 
--------- beginning of system
02-19 10:40:27.387   752   795 W ActivityTaskManager: callingPackage for (uid=-1, pid=0) has no WPC
02-19 10:40:27.388   752   795 W ActivityStartInterceptor: Starting home with component specified, uid=0
02-19 10:40:27.389   752   795 W OptProp : Cannot read opt property android.window.PROPERTY_COMPAT_ALLOW_USER_ASPECT_RATIO_OVERRIDE
02-19 10:40:27.389   752   795 W OptProp : Cannot read opt property android.window.PROPERTY_COMPAT_ALLOW_USER_ASPECT_RATIO_FULLSCREEN_OVERRIDE
02-19 10:40:27.389   752   795 W OptProp : Cannot read opt property android.window.PROPERTY_COMPAT_ALLOW_RESIZEABLE_ACTIVITY_OVERRIDES
02-19 10:40:27.389  4449  4449 I vol.VolumeDialogImpl: mDialog.dismiss() reason: volume_controller from: com.android.systemui.volume.VolumeDialogImpl$7.onDismissRequested:3
02-19 10:40:27.390   752   795 W OptProp : Cannot read opt property android.window.PROPERTY_COMPAT_ALLOW_MIN_ASPECT_RATIO_OVERRIDE
02-19 10:40:27.390   752   795 V GrammaticalInflectionUtils: AttributionSource: android.content.AttributionSource@1abea79a does not have READ_SYSTEM_GRAMMATICAL_GENDER permission.
02-19 10:40:27.399  4449  4467 V WindowManagerShell: Transition requested (#115): android.os.BinderProxy@ab8edf0 TransitionRequestInfo { type = OPEN, triggerTask = TaskInfo{userId=0 taskId=5 effectiveUid=10182 displayId=0 isRunning=true baseIntent=Intent { act=android.intent.action.MAIN cat=[android.intent.category.HOME] flg=0x10000100 cmp=com.google.android.apps.nexuslauncher/.NexusLauncherActivity } baseActivity=ComponentInfo{com.google.android.apps.nexuslauncher/com.google.android.apps.nexuslauncher.NexusLauncherActivity} topActivity=ComponentInfo{com.google.android.apps.nexuslauncher/com.google.android.apps.nexuslauncher.NexusLauncherActivity} origActivity=null realActivity=ComponentInfo{com.google.android.apps.nexuslauncher/com.google.android.apps.nexuslauncher.NexusLauncherActivity} numActivities=1 lastActiveTime=76701243 supportsMultiWindow=true resizeMode=2 isResizeable=true minWidth=-1 minHeight=-1 defaultMinSize=220 token=WCT{android.window.IWindowContainerToken$Stub$Proxy@dc9f69} topActivityType=2 pictureInPictureParams=null shouldDockBigOverlays=false launchIntoPipHostTaskId=-1 lastParentTaskIdBeforePip=-1 displayCutoutSafeInsets=Rect(0, 0 - 0, 0) topActivityInfo=ActivityInfo{ab80dee com.google.android.apps.nexuslauncher.NexusLauncherActivity} launchCookies=[] positionInParent=Point(0, 0) parentTaskId=-1 isFocused=true isVisible=false isVisibleRequested=true isTopActivityNoDisplay=false isSleeping=false locusId=LocusId[17_chars] displayAreaFeatureId=1 isTopActivityTransparent=false isActivityStackTransparent=false lastNonFullscreenBounds=Rect(284, 660 - 796, 1740) capturedLink=null capturedLinkTimestamp=0 requestedVisibleTypes=-9 topActivityRequestOpenInBrowserEducationTimestamp=0 appCompatTaskInfo=AppCompatTaskInfo { topActivityInSizeCompat=false eligibleForLetterboxEducation= false isLetterboxEducationEnabled= true isLetterboxDoubleTapEnabled= false eligibleForUserAspectRatioButton= false topActivityBoundsLetterboxed= false isFromLetterboxDoubleTap= false topActivityLetterboxVerticalPosition= -1 topActivityLetterboxHorizontalPosition= -1 topActivityLetterboxWidth=-1 topActivityLetterboxHeight=-1 topActivityAppBounds=Rect(0, 0 - 1080, 2400) isUserFullscreenOverrideEnabled=false isSystemFullscreenOverrideEnabled=false hasMinAspectRatioOverride=false topActivityLetterboxBounds=null cameraCompatTaskInfo=CameraCompatTaskInfo { freeformCameraCompatMode=inactive}} topActivityMainWindowFrame=null}, pipChange = null, remoteTransition = null, displayChange = null, flags = 0, debugId = 115 }
02-19 10:40:27.400  4449  4467 D ShellSplitScreen: logExit: no-op, mLoggerSessionId is null
02-19 10:40:27.400  1341  1341 D ViewRootImpl: Skipping stats log for color mode
02-19 10:40:27.401   752   795 I ActivityTaskManager: START u0 {act=android.intent.action.MAIN cat=[android.intent.category.HOME] flg=0x10000100 cmp=com.google.android.apps.nexuslauncher/.NexusLauncherActivity (has extras)} with LAUNCH_SINGLE_TASK from uid 0 (BAL_ALLOW_ALLOWLISTED_UID) result code=2
02-19 10:40:27.402  1341  1341 D TFOManager: playPanelCloseAnimation() duration=200 traceTag=LauncherOverlay-hide isHomeButtonTap=true
02-19 10:40:27.402  1341  1341 D TFOManager: Skipped creating panel close animation because -1 is invisible.
02-19 10:40:27.402  1341  1341 D OverviewCommandHelper: clearing pending commands: []
02-19 10:40:27.403  1341  1341 D StatsLog: LAUNCHER_ONRESUME
02-19 10:40:27.404  4449  4467 D WindowManagerShell: setLauncherKeepClearAreaHeight: visible=true, height=527
02-19 10:40:27.406   752  1095 D BackgroundInstallControlService: Package event received: 0
02-19 10:40:27.407   752  1095 D BackgroundInstallControlService: Package event received: 0
02-19 10:40:27.407   752  1095 D BackgroundInstallControlService: Package event received: 0
02-19 10:40:27.410   752   797 W IPCThreadState: Sending oneway calls to frozen process.
02-19 10:40:27.411   752   797 W IPCThreadState: Sending oneway calls to frozen process.
02-19 10:40:27.411   752   797 W IPCThreadState: Sending oneway calls to frozen process.
02-19 10:40:27.411   752   797 W IPCThreadState: Sending oneway calls to frozen process.
02-19 10:40:27.411   752   797 W IPCThreadState: Sending oneway calls to frozen process.
02-19 10:40:27.412   752   797 W IPCThreadState: Sending oneway calls to frozen process.
02-19 10:40:27.412   752   797 W IPCThreadState: Sending oneway calls to frozen process.
02-19 10:40:27.412   752   797 W IPCThreadState: Sending oneway calls to frozen process.
02-19 10:40:27.412   752   797 W IPCThreadState: Sending oneway calls to frozen process.
02-19 10:40:27.412   752   797 W IPCThreadState: Sending oneway calls to frozen process.
02-19 10:40:27.412   752   797 W IPCThreadState: Sending oneway calls to frozen process.
02-19 10:40:27.412   752   797 W IPCThreadState: Sending oneway calls to frozen process.
02-19 10:40:27.412   752   797 W IPCThreadState: Sending oneway calls to frozen process.
02-19 10:40:27.412   752   797 W IPCThreadState: Sending oneway calls to frozen process.
02-19 10:40:27.412   752   797 W IPCThreadState: Sending oneway calls to frozen process.
02-19 10:40:27.412   752   797 W IPCThreadState: Sending oneway calls to frozen process.
02-19 10:40:27.412   752   797 W IPCThreadState: Sending oneway calls to frozen process.
02-19 10:40:27.413   752   797 W ProcessStats: Tracking association SourceState{1b917ca system/1000 BFgs #11211} whose proc state 4 is better than process ProcessState{42c4ef0 com.google.android.ext.services/10208 pkg=com.google.android.ext.services} proc state 14 (13 skipped)
02-19 10:40:27.413   752  1095 D BackgroundInstallControlService: Package event received: 0
02-19 10:40:27.414   752  1095 D BackgroundInstallControlService: Package event received: 0
02-19 10:40:27.414   752  1095 D BackgroundInstallControlService: Package event received: 0
02-19 10:40:27.414   752  1095 D BackgroundInstallControlService: Package event received: 0
02-19 10:40:27.414   752  1095 D BackgroundInstallControlService: Package event received: 0
02-19 10:40:27.414   752  1095 D BackgroundInstallControlService: Package event received: 0
02-19 10:40:27.414   752  1095 D BackgroundInstallControlService: Package event received: 0
02-19 10:40:27.414   752  1095 D BackgroundInstallControlService: Package event received: 0
02-19 10:40:27.414   752  1095 D BackgroundInstallControlService: Package event received: 0
02-19 10:40:27.414   752  1095 D BackgroundInstallControlService: Package event received: 0
02-19 10:40:27.414   752  1095 D BackgroundInstallControlService: Package event received: 0
02-19 10:40:27.415   752  1095 D BackgroundInstallControlService: Package event received: 0
02-19 10:40:27.415   752  1095 D BackgroundInstallControlService: Package event received: 0
02-19 10:40:27.426  4449  4467 D WindowManagerShell: onActivityRestartAttempt: topActivity=ComponentInfo{com.google.android.apps.nexuslauncher/com.google.android.apps.nexuslauncher.NexusLauncherActivity}, wasVisible=false
02-19 10:40:27.427  1341  1407 D QuickstepModelDelegate: notifyAppTargetEvent action=1 launchLocation=workspace/0/[-1,-1]/[1,1]
02-19 10:40:27.429  1341  1341 D NexusLauncherModelDelegate: notifySmartspaceEvent: SmartspaceTargetEvent{mSmartspaceTarget=null, mSmartspaceActionId='null', mEventType=6}
02-19 10:40:27.432  1971  2198 I AiAiEcho: Predicting[0]:  [CONTEXT sampling_count=5 ]
02-19 10:40:27.433  1971  2198 I AiAiEcho: EchoTargets: 
02-19 10:40:27.433  1971  2198 I AiAiEcho: Filtered by AiAi flag check: 
02-19 10:40:27.433  1971  2198 I AiAiEcho: [CONTEXT ratelimit_period="10 SECONDS" ]
02-19 10:40:27.433  1971  2198 I AiAiEcho: #remoteViewsTwiddler: feature disabled.
02-19 10:40:27.434  1971  2198 I AiAiEcho: #postPredictionTargets: Sending updates to UISurface home with targets# 0 (types=[])
02-19 10:40:27.436  1341  1341 D BaseDepthController: setSurface:
02-19 10:40:27.436  1341  1341 D BaseDepthController: 	mWaitingOnSurfaceValidity: false
02-19 10:40:27.436  1341  1341 D BaseDepthController: 	mBaseSurface: Surface(name=com.google.android.apps.nexuslauncher/com.google.android.apps.nexuslauncher.NexusLauncherActivity)/@0x94d8eb8
02-19 10:40:27.461   531   531 I BpBinder: onLastStrongRef automatically unlinking death recipients: 
02-19 10:40:27.462  1341  1341 D ActivityAllAppsContainerView: rebindAdapters: force: false
02-19 10:40:27.462  1341  1341 D ActivityAllAppsContainerView: rebindAdapters: Not needed.
02-19 10:40:27.464   531   602 I BpBinder: onLastStrongRef automatically unlinking death recipients: 
02-19 10:40:27.464  1341  1341 I NotificationListener: Handling notification state refresh for com.google.android.adservices.api#0
02-19 10:40:27.464  1341  1341 I NotificationListener: Handling notification state refresh for android#0
02-19 10:40:27.464  1341  1341 I NotificationListener: Handling notification state refresh for com.android.systemui#0
02-19 10:40:27.465  1341  1341 D SsBaseTemplateCard: No text view can be set up
02-19 10:40:27.465  1341  1341 D SsBaseTemplateCard: Passed-in item info is null
02-19 10:40:27.465  1341  1341 D SsBaseTemplateCard: Passed-in item info is null
02-19 10:40:27.465  1341  1341 D SsBaseTemplateCard: Passed-in item info is null
02-19 10:40:27.465  1341  1341 I SsBaseTemplateCard: Secondary card pane is null
02-19 10:40:27.479  4449  4488 V WindowManagerShell: onTransitionReady(transaction=3229815409953)
02-19 10:40:27.480  4449  4467 V WindowManagerShell: onTransitionReady (#115) android.os.BinderProxy@ab8edf0: {id=115 t=OPEN f=0x0 trk=0 r=[0@Point(0, 0)] c=[
02-19 10:40:27.480  4449  4467 V WindowManagerShell:         {m=TO_FRONT f=SHOW_WALLPAPER|MOVE_TO_TOP leash=Surface(name=Task=1)/@0x8b0a28f sb=Rect(0, 0 - 1080, 2400) eb=Rect(0, 0 - 1080, 2400) epz=Point(1080, 2400) d=0 taskParent=-1},
02-19 10:40:27.480  4449  4467 V WindowManagerShell:         {m=TO_BACK f=NONE leash=Surface(name=Task=46)/@0xe56f91c sb=Rect(0, 0 - 1080, 2400) eb=Rect(0, 0 - 1080, 2400) epz=Point(1080, 2400) d=0 taskParent=-1},
02-19 10:40:27.480  4449  4467 V WindowManagerShell:         {m=TO_FRONT f=IS_WALLPAPER leash=Surface(name=WallpaperWindowToken{35e0c0f showWhenLocked=false})/@0x296c925 sb=Rect(0, 0 - 1080, 2400) eb=Rect(0, 0 - 1080, 2400) epz=Point(1080, 2400) d=0}
02-19 10:40:27.480  4449  4467 V WindowManagerShell:     ]}
02-19 10:40:27.481  4449  4467 V WindowManagerShell: Playing animation for (#115) android.os.BinderProxy@ab8edf0@0
02-19 10:40:27.481  4449  4467 V ShellRecents: RecentsTransitionHandler.startAnimation: no controller found
02-19 10:40:27.481  4449  4467 V WindowManagerShell: Transition doesn't have explicit remote, search filters for match for {id=115 t=OPEN f=0x0 trk=0 r=[0@Point(0, 0)] c=[{m=TO_FRONT f=SHOW_WALLPAPER|MOVE_TO_TOP leash=Surface(name=Task=1)/@0x8b0a28f sb=Rect(0, 0 - 1080, 2400) eb=Rect(0, 0 - 1080, 2400) epz=Point(1080, 2400) d=0 taskParent=-1},{m=TO_BACK f=NONE leash=Surface(name=Task=46)/@0xe56f91c sb=Rect(0, 0 - 1080, 2400) eb=Rect(0, 0 - 1080, 2400) epz=Point(1080, 2400) d=0 taskParent=-1},{m=TO_FRONT f=IS_WALLPAPER leash=Surface(name=WallpaperWindowToken{35e0c0f showWhenLocked=false})/@0x296c925 sb=Rect(0, 0 - 1080, 2400) eb=Rect(0, 0 - 1080, 2400) epz=Point(1080, 2400) d=0}]}
02-19 10:40:27.482  4449  4467 V WindowManagerShell:  Checking filter Pair{{types=[] flags=0x0] notFlags=0x0 checks=[{atype=undefined independent=true modes=[CLOSE,TO_BACK] flags=IN_TASK_WITH_EMBEDDED_ACTIVITY mustBeTask=false order=ANY topActivity=null launchCookie=null taskFragmentToken=android.os.BinderProxy@188d51a windowingMode=undefined}]} RemoteTransition { remoteTransition = android.window.IRemoteTransition$Stub$Proxy@44cd84b, appThread = android.app.IApplicationThread$Stub$Proxy@3a12228, debugName = overlayBackTransition }}
02-19 10:40:27.482  4449  4467 V WindowManagerShell:  Checking filter Pair{{types=[] flags=0x0] notFlags=0x0 checks=[{atype=dream independent=true modes=[OPEN,TO_FRONT] flags=NONE mustBeTask=false order=ANY topActivity=null launchCookie=null windowingMode=undefined},{atype=home independent=true modes=[CLOSE,TO_BACK] flags=NONE mustBeTask=false order=ANY topActivity=null launchCookie=null windowingMode=undefined}]} RemoteTransition { remoteTransition = android.window.IRemoteTransition$Stub$Proxy@6f3eb41, appThread = android.app.IApplicationThread$Stub$Proxy@ccf28e6, debugName = LauncherToDream }}
02-19 10:40:27.482  4449  4467 V WindowManagerShell:  Checking filter Pair{{types=[] flags=0x0] notFlags=0x100 checks=[{atype=home independent=true modes=[OPEN,TO_FRONT] flags=NONE mustBeTask=false order=TOP topActivity=ComponentInfo{com.google.android.apps.nexuslauncher/com.google.android.apps.nexuslauncher.NexusLauncherActivity} launchCookie=null windowingMode=undefined},{atype=standard independent=true modes=[CLOSE,TO_BACK] flags=NONE mustBeTask=false order=ANY topActivity=null launchCookie=null windowingMode=undefined},{NOT atype=undefined independent=true modes=[] flags=NONE mustBeTask=true order=ANY topActivity=null launchCookie=null customAnim=true windowingMode=undefined}]} RemoteTransition { remoteTransition = android.window.IRemoteTransition$Stub$Proxy@a8eae27, appThread = android.app.IApplicationThread$Stub$Proxy@fa38d4, debugName = QuickstepLaunchHome }}
02-19 10:40:27.482  4449  4467 D RemoteTransitionHandler: Found filterPair{{types=[] flags=0x0] notFlags=0x100 checks=[{atype=home independent=true modes=[OPEN,TO_FRONT] flags=NONE mustBeTask=false order=TOP topActivity=ComponentInfo{com.google.android.apps.nexuslauncher/com.google.android.apps.nexuslauncher.NexusLauncherActivity} launchCookie=null windowingMode=undefined},{atype=standard independent=true modes=[CLOSE,TO_BACK] flags=NONE mustBeTask=false order=ANY topActivity=null launchCookie=null windowingMode=undefined},{NOT atype=undefined independent=true modes=[] flags=NONE mustBeTask=true order=ANY topActivity=null launchCookie=null customAnim=true windowingMode=undefined}]} RemoteTransition { remoteTransition = android.window.IRemoteTransition$Stub$Proxy@a8eae27, appThread = android.app.IApplicationThread$Stub$Proxy@fa38d4, debugName = QuickstepLaunchHome }}
02-19 10:40:27.484  4449  4467 V WindowManagerShell:  Delegate animation for (#115) to RemoteTransition { remoteTransition = android.window.IRemoteTransition$Stub$Proxy@a8eae27, appThread = android.app.IApplicationThread$Stub$Proxy@fa38d4, debugName = QuickstepLaunchHome }
02-19 10:40:27.493  1341  1341 D StateManager: createAtomicAnimation - fromState: Background, toState: Normal, partial trace:
02-19 10:40:27.493  1341  1341 D StateManager: 	at com.android.quickstep.util.ScalingWorkspaceRevealAnim.<init>(go/retraceme 72a59688580715d19f0e415c69e80376c2f062d1648c80db6730905005a27c20:39)
02-19 10:40:27.493  1341  1341 D StateManager: 	at com.android.launcher3.QuickstepTransitionManager.createWallpaperOpenAnimations(go/retraceme 72a59688580715d19f0e415c69e80376c2f062d1648c80db6730905005a27c20:168)
02-19 10:40:27.493  1341  1341 D StateManager: 	at com.android.launcher3.QuickstepTransitionManager$WallpaperOpenLauncherAnimationRunner.onAnimationStart(go/retraceme 72a59688580715d19f0e415c69e80376c2f062d1648c80db6730905005a27c20:17)
02-19 10:40:27.495  1341  1341 D b/311077782: LauncherAnimationRunner.setAnimation
02-19 10:40:27.495   752   794 V WindowManager: Sent Transition (#115) createdAt=02-19 10:40:27.391 via request=TransitionRequestInfo { type = OPEN, triggerTask = TaskInfo{userId=0 taskId=5 effectiveUid=10182 displayId=0 isRunning=true baseIntent=Intent { act=android.intent.action.MAIN cat=[android.intent.category.HOME] flg=0x10000100 cmp=com.google.android.apps.nexuslauncher/.NexusLauncherActivity } baseActivity=ComponentInfo{com.google.android.apps.nexuslauncher/com.google.android.apps.nexuslauncher.NexusLauncherActivity} topActivity=ComponentInfo{com.google.android.apps.nexuslauncher/com.google.android.apps.nexuslauncher.NexusLauncherActivity} origActivity=null realActivity=ComponentInfo{com.google.android.apps.nexuslauncher/com.google.android.apps.nexuslauncher.NexusLauncherActivity} numActivities=1 lastActiveTime=76701243 supportsMultiWindow=true resizeMode=2 isResizeable=true minWidth=-1 minHeight=-1 defaultMinSize=220 token=WCT{RemoteToken{50a2c5f Task{b605570 #5 type=home I=com.google.android.apps.nexuslauncher/.NexusLauncherActivity}}} topActivityType=2 pictureInPictureParams=null shouldDockBigOverlays=false launchIntoPipHostTaskId=-1 lastParentTaskIdBeforePip=-1 displayCutoutSafeInsets=Rect(0, 0 - 0, 0) topActivityInfo=ActivityInfo{f5406ac com.google.android.apps.nexuslauncher.NexusLauncherActivity} launchCookies=[] positionInParent=Point(0, 0) parentTaskId=-1 isFocused=true isVisible=false isVisibleRequested=true isTopActivityNoDisplay=false isSleeping=false locusId=LocusId[17_chars] displayAreaFeatureId=1 isTopActivityTransparent=false isActivityStackTransparent=false lastNonFullscreenBounds=Rect(284, 660 - 796, 1740) capturedLink=null capturedLinkTimestamp=0 requestedVisibleTypes=-9 topActivityRequestOpenInBrowserEducationTimestamp=0 appCompatTaskInfo=AppCompatTaskInfo { topActivityInSizeCompat=false eligibleForLetterboxEducation= false isLetterboxEducationEnabled= true isLetterboxDoubleTapEnabled= false eligibleForUserAspectRatioButton= false topActivityBoundsLetterboxed= false isFromLetterboxDoubleTap= false topActivityLetterboxVerticalPosition= -1 topActivityLetterboxHorizontalPosition= -1 topActivityLetterboxWidth=-1 topActivityLetterboxHeight=-1 topActivityAppBounds=Rect(0, 0 - 1080, 2400) isUserFullscreenOverrideEnabled=false isSystemFullscreenOverrideEnabled=false hasMinAspectRatioOverride=false topActivityLetterboxBounds=null cameraCompatTaskInfo=CameraCompatTaskInfo { freeformCameraCompatMode=inactive}} topActivityMainWindowFrame=null}, pipChange = null, remoteTransition = null, displayChange = null, flags = 0, debugId = 115 }
02-19 10:40:27.495   752   794 V WindowManager:     startWCT=WindowContainerTransaction { changes= {} hops= [] errorCallbackToken=null taskFragmentOrganizer=null }
02-19 10:40:27.496   752   794 V WindowManager:     info={id=115 t=OPEN f=0x0 trk=0 r=[0@Point(0, 0)] c=[
02-19 10:40:27.496   752   794 V WindowManager:         {WCT{RemoteToken{5218fe8 Task{dd43522 #1 type=home}}} m=TO_FRONT f=SHOW_WALLPAPER|MOVE_TO_TOP leash=Surface(name=Task=1)/@0x8ddbd2e sb=Rect(0, 0 - 1080, 2400) eb=Rect(0, 0 - 1080, 2400) epz=Point(1080, 2400) d=0 taskParent=-1},
02-19 10:40:27.496   752   794 V WindowManager:         {WCT{RemoteToken{a585dcd Task{7745c88 #46 type=standard A=10217:viva.republica.toss.test}}} m=TO_BACK f=NONE leash=Surface(name=Task=46)/@0xe2d6cf7 sb=Rect(0, 0 - 1080, 2400) eb=Rect(0, 0 - 1080, 2400) epz=Point(1080, 2400) d=0 taskParent=-1},
02-19 10:40:27.496   752   794 V WindowManager:         {m=TO_FRONT f=IS_WALLPAPER leash=Surface(name=WallpaperWindowToken{35e0c0f showWhenLocked=false})/@0x512f5be sb=Rect(0, 0 - 1080, 2400) eb=Rect(0, 0 - 1080, 2400) epz=Point(1080, 2400) d=0}
02-19 10:40:27.496   752   794 V WindowManager:     ]}
02-19 10:40:27.497  1341  1407 I s.nexuslauncher: AssetManager2(0x7d8fac4847f8) locale list changing from [] to [en-US]
02-19 10:40:27.499  4449  4467 V WindowManagerShell:  animated by com.android.wm.shell.transition.RemoteTransitionHandler@ef09705
02-19 10:40:27.504  1341  1407 W HWUI    : Image decoding logging dropped!
02-19 10:40:28.815   531   569 W EventThread: Faking VSYNC due to driver stall for thread appSf
02-19 10:40:28.815   531   568 W EventThread: Faking VSYNC due to driver stall for thread app
02-19 10:40:28.872   531   531 I BpBinder: onLastStrongRef automatically unlinking death recipients: 
02-19 10:40:28.916   752   989 I ImeTracker: com.google.android.apps.nexuslauncher:8382fb3e: onRequestHide at ORIGIN_SERVER reason HIDE_UNSPECIFIED_WINDOW fromUser false
02-19 10:40:28.917  1341  1341 D InsetsController: hide(ime(), fromIme=false)
02-19 10:40:28.917  1341  1341 I ImeTracker: com.google.android.apps.nexuslauncher:8382fb3e: onCancelled at PHASE_CLIENT_ALREADY_HIDDEN
02-19 10:40:28.936  1563  1563 I GoogleInputMethodService: GoogleInputMethodService.onFinishInput():2043 
02-19 10:40:28.941   752  1987 I ImeTracker: system_server:585fe94b: onRequestHide at ORIGIN_SERVER reason IME_REQUESTED_CHANGED_LISTENER fromUser false
02-19 10:40:28.942   752   797 I ImeTracker: system_server:585fe94b: onCancelled at PHASE_SERVER_SHOULD_HIDE
02-19 10:40:28.948  1563  1563 I Module  : DeviceLockedStatusModuleProvider$Module.updateDeviceLockedStatus():100 repeatCheckTimes = 0, locked = false
02-19 10:40:28.949  1563  1563 I GoogleInputMethodService: GoogleInputMethodService.onStartInput():1293 onStartInput(EditorInfo{EditorInfo{packageName=com.google.android.apps.nexuslauncher, inputType=0, inputTypeString=NULL, enableLearning=false, autoCorrection=false, autoComplete=false, imeOptions=0, privateImeOptions=null, actionName=UNSPECIFIED, actionLabel=null, initialSelStart=-1, initialSelEnd=-1, initialCapsMode=0, label=null, fieldId=0, fieldName=null, extras=null, hintText=null, hintLocales=[]}}, false)
02-19 10:40:28.959  1563  1563 I Module  : DeviceLockedStatusModuleProvider$Module.updateDeviceLockedStatus():100 repeatCheckTimes = 1, locked = false
02-19 10:40:28.963  1563  1563 I EmojiCompatManager: EmojiCompatManager.getEmojiCompatIfLoaded():343 EmojiCompat.init() was never called.
02-19 10:40:28.963  1563  1563 I EmojiCompatManager: java.lang.IllegalStateException: EmojiCompat is not initialized. Please call EmojiCompat.init() first
02-19 10:40:28.963  1563  1563 I EmojiCompatManager: 	at asx.p(PG:6)
02-19 10:40:28.963  1563  1563 I EmojiCompatManager: 	at axb.b(PG:13)
02-19 10:40:28.963  1563  1563 I EmojiCompatManager: 	at jnr.b(PG:2)
02-19 10:40:28.963  1563  1563 I EmojiCompatManager: 	at jnr.c(PG:4)
02-19 10:40:28.963  1563  1563 I EmojiCompatManager: 	at jnr.f(PG:3)
02-19 10:40:28.963  1563  1563 I EmojiCompatManager: 	at jnx.c(PG:3)
02-19 10:40:28.963  1563  1563 I EmojiCompatManager: 	at kif.cz(PG:47)
02-19 10:40:28.963  1563  1563 I EmojiCompatManager: 	at lhl.run(PG:1025)
02-19 10:40:28.963  1563  1563 I EmojiCompatManager: 	at jaf.execute(PG:12)
02-19 10:40:28.963  1563  1563 I EmojiCompatManager: 	at nco.v(PG:13)
02-19 10:40:28.963  1563  1563 I EmojiCompatManager: 	at lhn.m(PG:96)
02-19 10:40:28.963  1563  1563 I EmojiCompatManager: 	at lhn.k(PG:25)
02-19 10:40:28.963  1563  1563 I EmojiCompatManager: 	at kgn.onStartInput(PG:250)
02-19 10:40:28.963  1563  1563 I EmojiCompatManager: 	at android.inputmethodservice.InputMethodService.doStartInput(InputMethodService.java:3521)
02-19 10:40:28.963  1563  1563 I EmojiCompatManager: 	at android.inputmethodservice.InputMethodService$InputMethodImpl.startInput(InputMethodService.java:879)
02-19 10:40:28.963  1563  1563 I EmojiCompatManager: 	at android.inputmethodservice.InputMethodService$InputMethodImpl.dispatchStartInput(InputMethodService.java:908)
02-19 10:40:28.963  1563  1563 I EmojiCompatManager: 	at android.inputmethodservice.IInputMethodWrapper.executeMessage(IInputMethodWrapper.java:201)
02-19 10:40:28.963  1563  1563 I EmojiCompatManager: 	at com.android.internal.os.HandlerCaller$MyHandler.handleMessage(HandlerCaller.java:44)
02-19 10:40:28.963  1563  1563 I EmojiCompatManager: 	at android.os.Handler.dispatchMessage(Handler.java:110)
02-19 10:40:28.963  1563  1563 I EmojiCompatManager: 	at android.os.Looper.loopOnce(Looper.java:248)
02-19 10:40:28.963  1563  1563 I EmojiCompatManager: 	at android.os.Looper.loop(Looper.java:338)
02-19 10:40:28.963  1563  1563 I EmojiCompatManager: 	at android.app.ActivityThread.main(ActivityThread.java:9067)
02-19 10:40:28.963  1563  1563 I EmojiCompatManager: 	at java.lang.reflect.Method.invoke(Native Method)
02-19 10:40:28.963  1563  1563 I EmojiCompatManager: 	at com.android.internal.os.RuntimeInit$MethodAndArgsCaller.run(RuntimeInit.java:593)
02-19 10:40:28.963  1563  1563 I EmojiCompatManager: 	at com.android.internal.os.ZygoteInit.main(ZygoteInit.java:932)
02-19 10:40:28.964   752  1981 W ActivityTaskManager: callingPackage for (uid=2000, pid=24700) has no WPC
02-19 10:40:28.964   752  1631 W PackageConfigPersister: App-specific configuration not found for packageName: com.google.android.apps.nexuslauncher and userId: 0
02-19 10:40:28.967   752  1981 V GrammaticalInflectionUtils: AttributionSource: android.content.AttributionSource@56784557 does not have READ_SYSTEM_GRAMMATICAL_GENDER permission.
02-19 10:40:28.968   752  1981 W OptProp : Cannot read opt property android.window.PROPERTY_COMPAT_ALLOW_USER_ASPECT_RATIO_OVERRIDE
02-19 10:40:28.969   752  1981 W OptProp : Cannot read opt property android.window.PROPERTY_COMPAT_ALLOW_USER_ASPECT_RATIO_FULLSCREEN_OVERRIDE
02-19 10:40:28.969   752  1981 W OptProp : Cannot read opt property android.window.PROPERTY_COMPAT_ALLOW_RESIZEABLE_ACTIVITY_OVERRIDES
02-19 10:40:28.973   752  1981 W OptProp : Cannot read opt property android.window.PROPERTY_COMPAT_ALLOW_MIN_ASPECT_RATIO_OVERRIDE
02-19 10:40:28.985   752  1981 I ActivityTaskManager: START u0 {act=android.intent.action.VIEW dat=intoss://takealook/... flg=0x10000000 xflg=0x4 cmp=viva.republica.toss.test/im.toss.rn.granite.core.GraniteActivity} with LAUNCH_MULTIPLE from uid 2000 (BAL_ALLOW_PERMISSION) result code=2
02-19 10:40:28.985  4449  4467 V WindowManagerShell: Transition requested (#116): android.os.BinderProxy@bb5f7dd TransitionRequestInfo { type = OPEN, triggerTask = TaskInfo{userId=0 taskId=46 effectiveUid=10217 displayId=0 isRunning=true baseIntent=Intent { act=android.intent.action.VIEW dat=intoss://takealook/... flg=0x10000000 cmp=viva.republica.toss.test/im.toss.rn.granite.core.GraniteActivity } baseActivity=ComponentInfo{viva.republica.toss.test/im.toss.rn.granite.core.GraniteActivity} topActivity=ComponentInfo{viva.republica.toss.test/im.toss.rn.granite.core.GraniteActivity} origActivity=null realActivity=ComponentInfo{viva.republica.toss.test/im.toss.rn.granite.core.GraniteActivity} numActivities=1 lastActiveTime=76701240 supportsMultiWindow=true resizeMode=1 isResizeable=true minWidth=-1 minHeight=-1 defaultMinSize=220 token=WCT{android.window.IWindowContainerToken$Stub$Proxy@fee0f52} topActivityType=1 pictureInPictureParams=null shouldDockBigOverlays=false launchIntoPipHostTaskId=-1 lastParentTaskIdBeforePip=-1 displayCutoutSafeInsets=Rect(0, 0 - 0, 0) topActivityInfo=ActivityInfo{c73b223 im.toss.rn.granite.core.GraniteActivity} launchCookies=[] positionInParent=Point(0, 0) parentTaskId=-1 isFocused=false isVisible=true isVisibleRequested=false isTopActivityNoDisplay=false isSleeping=false locusId=null displayAreaFeatureId=1 isTopActivityTransparent=false isActivityStackTransparent=false lastNonFullscreenBounds=Rect(284, 660 - 796, 1740) capturedLink=null capturedLinkTimestamp=0 requestedVisibleTypes=-9 topActivityRequestOpenInBrowserEducationTimestamp=0 appCompatTaskInfo=AppCompatTaskInfo { topActivityInSizeCompat=false eligibleForLetterboxEducation= false isLetterboxEducationEnabled= true isLetterboxDoubleTapEnabled= false eligibleForUserAspectRatioButton= false topActivityBoundsLetterboxed= false isFromLetterboxDoubleTap= false topActivityLetterboxVerticalPosition= -1 topActivityLetterboxHorizontalPosition= -1 topActivityLetterboxWidth=-1 topActivityLetterboxHeight=-1 topActivityAppBounds=Rect(0, 0 - 1080, 2400) isUserFullscreenOverrideEnabled=false isSystemFullscreenOverrideEnabled=false hasMinAspectRatioOverride=false topActivityLetterboxBounds=null cameraCompatTaskInfo=CameraCompatTaskInfo { freeformCameraCompatMode=inactive}} topActivityMainWindowFrame=null}, pipChange = null, remoteTransition = null, displayChange = null, flags = 0, debugId = 116 }
02-19 10:40:28.989  4449  4467 D ShellSplitScreen: logExit: no-op, mLoggerSessionId is null
02-19 10:40:29.003  4449  4467 D WindowManagerShell: onActivityRestartAttempt: topActivity=ComponentInfo{viva.republica.toss.test/im.toss.rn.granite.core.GraniteActivity}, wasVisible=true
02-19 10:40:29.149  1341  1341 W SplitSelectStateCtor: Missing session instanceIds
02-19 10:40:29.149  1341  1341 D StatsLog: LAUNCHER_SPLIT_SELECTION_EXIT_INTERRUPTED
02-19 10:40:29.165  4449  4467 D WindowManagerShell: setLauncherKeepClearAreaHeight: visible=false, height=527
02-19 10:40:29.240   752  1095 D BackgroundInstallControlService: Package event received: 0
02-19 10:40:29.259   752  1095 D BackgroundInstallControlService: Package event received: 0
02-19 10:40:29.260   752  1095 D BackgroundInstallControlService: Package event received: 0
02-19 10:40:29.283   752   794 V WindowManager: Sent Transition (#116) createdAt=02-19 10:40:28.974 via request=TransitionRequestInfo { type = OPEN, triggerTask = TaskInfo{userId=0 taskId=46 effectiveUid=10217 displayId=0 isRunning=true baseIntent=Intent { act=android.intent.action.VIEW dat=intoss://takealook/... flg=0x10000000 cmp=viva.republica.toss.test/im.toss.rn.granite.core.GraniteActivity } baseActivity=ComponentInfo{viva.republica.toss.test/im.toss.rn.granite.core.GraniteActivity} topActivity=ComponentInfo{viva.republica.toss.test/im.toss.rn.granite.core.GraniteActivity} origActivity=null realActivity=ComponentInfo{viva.republica.toss.test/im.toss.rn.granite.core.GraniteActivity} numActivities=1 lastActiveTime=76701240 supportsMultiWindow=true resizeMode=1 isResizeable=true minWidth=-1 minHeight=-1 defaultMinSize=220 token=WCT{RemoteToken{a585dcd Task{7745c88 #46 type=standard A=10217:viva.republica.toss.test}}} topActivityType=1 pictureInPictureParams=null shouldDockBigOverlays=false launchIntoPipHostTaskId=-1 lastParentTaskIdBeforePip=-1 displayCutoutSafeInsets=Rect(0, 0 - 0, 0) topActivityInfo=ActivityInfo{dc29682 im.toss.rn.granite.core.GraniteActivity} launchCookies=[] positionInParent=Point(0, 0) parentTaskId=-1 isFocused=false isVisible=true isVisibleRequested=false isTopActivityNoDisplay=false isSleeping=false locusId=null displayAreaFeatureId=1 isTopActivityTransparent=false isActivityStackTransparent=false lastNonFullscreenBounds=Rect(284, 660 - 796, 1740) capturedLink=null capturedLinkTimestamp=0 requestedVisibleTypes=-9 topActivityRequestOpenInBrowserEducationTimestamp=0 appCompatTaskInfo=AppCompatTaskInfo { topActivityInSizeCompat=false eligibleForLetterboxEducation= false isLetterboxEducationEnabled= true isLetterboxDoubleTapEnabled= false eligibleForUserAspectRatioButton= false topActivityBoundsLetterboxed= false isFromLetterboxDoubleTap= false topActivityLetterboxVerticalPosition= -1 topActivityLetterboxHorizontalPosition= -1 topActivityLetterboxWidth=-1 topActivityLetterboxHeight=-1 topActivityAppBounds=Rect(0, 0 - 1080, 2400) isUserFullscreenOverrideEnabled=false isSystemFullscreenOverrideEnabled=false hasMinAspectRatioOverride=false topActivityLetterboxBounds=null cameraCompatTaskInfo=CameraCompatTaskInfo { freeformCameraCompatMode=inactive}} topActivityMainWindowFrame=null}, pipChange = null, remoteTransition = null, displayChange = null, flags = 0, debugId = 116 }
02-19 10:40:29.284  4449  4488 V WindowManagerShell: onTransitionReady(transaction=3229815409968)
02-19 10:40:29.284   752   794 V WindowManager:     startWCT=WindowContainerTransaction { changes= {} hops= [] errorCallbackToken=null taskFragmentOrganizer=null }
02-19 10:40:29.285   752   794 V WindowManager:     info={id=116 t=OPEN f=0x0 trk=0 r=[0@Point(0, 0)] c=[
02-19 10:40:29.285   752   794 V WindowManager:         {WCT{RemoteToken{a585dcd Task{7745c88 #46 type=standard A=10217:viva.republica.toss.test}}} m=TO_FRONT f=MOVE_TO_TOP leash=Surface(name=Task=46)/@0xe2d6cf7 sb=Rect(0, 0 - 1080, 2400) eb=Rect(0, 0 - 1080, 2400) epz=Point(1080, 2400) d=0 taskParent=-1},
02-19 10:40:29.285   752   794 V WindowManager:         {WCT{RemoteToken{5218fe8 Task{dd43522 #1 type=home}}} m=TO_BACK f=SHOW_WALLPAPER leash=Surface(name=Task=1)/@0x8ddbd2e sb=Rect(0, 0 - 1080, 2400) eb=Rect(0, 0 - 1080, 2400) epz=Point(1080, 2400) d=0 taskParent=-1},
02-19 10:40:29.285   752   794 V WindowManager:         {m=TO_BACK f=IS_WALLPAPER leash=Surface(name=WallpaperWindowToken{35e0c0f showWhenLocked=false})/@0x512f5be sb=Rect(0, 0 - 1080, 2400) eb=Rect(0, 0 - 1080, 2400) epz=Point(1080, 2400) d=0}
02-19 10:40:29.285   752   794 V WindowManager:     ]}
02-19 10:40:29.286  4449  4467 V WindowManagerShell: onTransitionReady (#116) android.os.BinderProxy@bb5f7dd: {id=116 t=OPEN f=0x0 trk=0 r=[0@Point(0, 0)] c=[
02-19 10:40:29.286  4449  4467 V WindowManagerShell:         {m=TO_FRONT f=MOVE_TO_TOP leash=Surface(name=Task=46)/@0x79bb320 sb=Rect(0, 0 - 1080, 2400) eb=Rect(0, 0 - 1080, 2400) epz=Point(1080, 2400) d=0 taskParent=-1},
02-19 10:40:29.286  4449  4467 V WindowManagerShell:         {m=TO_BACK f=SHOW_WALLPAPER leash=Surface(name=Task=1)/@0x89f34d9 sb=Rect(0, 0 - 1080, 2400) eb=Rect(0, 0 - 1080, 2400) epz=Point(1080, 2400) d=0 taskParent=-1},
02-19 10:40:29.286  4449  4467 V WindowManagerShell:         {m=TO_BACK f=IS_WALLPAPER leash=Surface(name=WallpaperWindowToken{35e0c0f showWhenLocked=false})/@0x6b9ce9e sb=Rect(0, 0 - 1080, 2400) eb=Rect(0, 0 - 1080, 2400) epz=Point(1080, 2400) d=0}
02-19 10:40:29.286  4449  4467 V WindowManagerShell:     ]}
02-19 10:40:29.287  4449  4467 V WindowManagerShell: Transition (#116) android.os.BinderProxy@bb5f7dd@0 ready while (#115) android.os.BinderProxy@ab8edf0@0 is still animating. Notify the animating transition in case they can be merged
02-19 10:40:29.289  4449  4467 V WindowManagerShell:    Merge into remote: RemoteTransition { remoteTransition = android.window.IRemoteTransition$Stub$Proxy@a8eae27, appThread = android.app.IApplicationThread$Stub$Proxy@fa38d4, debugName = QuickstepLaunchHome }
02-19 10:40:29.320  4449  4467 V WindowManagerShell: Transition animation finished (aborted=false), notifying core (#115) android.os.BinderProxy@ab8edf0@0
02-19 10:40:29.334   531   548 I BpBinder: onLastStrongRef automatically unlinking death recipients: 
02-19 10:40:29.361 24035 24703 W unknown:ReconnectingWebSocket: Couldn't connect to "ws://10.0.2.2:8081/message?device=sdk_gphone64_x86_64%20-%2016%20-%20API%2036&app=viva.republica.toss.test&clientid=BridgeDevSupportManager", will silently retry
02-19 10:40:29.381   752   794 V WindowManager: Finish Transition (#115): created at 02-19 10:40:27.391 collect-started=0.035ms request-sent=7.786ms started=12.335ms ready=83.909ms sent=86.556ms commit=1343.065ms finished=1989.151ms
02-19 10:40:29.384  4449  4467 V WindowManagerShell: Playing animation for (#116) android.os.BinderProxy@bb5f7dd@0
02-19 10:40:29.384  4449  4467 V ShellRecents: RecentsTransitionHandler.startAnimation: no controller found
02-19 10:40:29.384  4449  4467 V WindowManagerShell: Transition doesn't have explicit remote, search filters for match for {id=116 t=OPEN f=0x0 trk=0 r=[0@Point(0, 0)] c=[{m=TO_FRONT f=MOVE_TO_TOP leash=Surface(name=Task=46)/@0x79bb320 sb=Rect(0, 0 - 1080, 2400) eb=Rect(0, 0 - 1080, 2400) epz=Point(1080, 2400) d=0 taskParent=-1},{m=TO_BACK f=SHOW_WALLPAPER leash=Surface(name=Task=1)/@0x89f34d9 sb=Rect(0, 0 - 1080, 2400) eb=Rect(0, 0 - 1080, 2400) epz=Point(1080, 2400) d=0 taskParent=-1},{m=TO_BACK f=IS_WALLPAPER leash=Surface(name=WallpaperWindowToken{35e0c0f showWhenLocked=false})/@0x6b9ce9e sb=Rect(0, 0 - 1080, 2400) eb=Rect(0, 0 - 1080, 2400) epz=Point(1080, 2400) d=0}]}
02-19 10:40:29.385  4449  4467 V WindowManagerShell:  Checking filter Pair{{types=[] flags=0x0] notFlags=0x0 checks=[{atype=undefined independent=true modes=[CLOSE,TO_BACK] flags=IN_TASK_WITH_EMBEDDED_ACTIVITY mustBeTask=false order=ANY topActivity=null launchCookie=null taskFragmentToken=android.os.BinderProxy@188d51a windowingMode=undefined}]} RemoteTransition { remoteTransition = android.window.IRemoteTransition$Stub$Proxy@44cd84b, appThread = android.app.IApplicationThread$Stub$Proxy@3a12228, debugName = overlayBackTransition }}
02-19 10:40:29.385  4449  4467 V WindowManagerShell:  Checking filter Pair{{types=[] flags=0x0] notFlags=0x0 checks=[{atype=dream independent=true modes=[OPEN,TO_FRONT] flags=NONE mustBeTask=false order=ANY topActivity=null launchCookie=null windowingMode=undefined},{atype=home independent=true modes=[CLOSE,TO_BACK] flags=NONE mustBeTask=false order=ANY topActivity=null launchCookie=null windowingMode=undefined}]} RemoteTransition { remoteTransition = android.window.IRemoteTransition$Stub$Proxy@6f3eb41, appThread = android.app.IApplicationThread$Stub$Proxy@ccf28e6, debugName = LauncherToDream }}
02-19 10:40:29.385  4449  4467 V WindowManagerShell:  Checking filter Pair{{types=[] flags=0x0] notFlags=0x100 checks=[{atype=home independent=true modes=[OPEN,TO_FRONT] flags=NONE mustBeTask=false order=TOP topActivity=ComponentInfo{com.google.android.apps.nexuslauncher/com.google.android.apps.nexuslauncher.NexusLauncherActivity} launchCookie=null windowingMode=undefined},{atype=standard independent=true modes=[CLOSE,TO_BACK] flags=NONE mustBeTask=false order=ANY topActivity=null launchCookie=null windowingMode=undefined},{NOT atype=undefined independent=true modes=[] flags=NONE mustBeTask=true order=ANY topActivity=null launchCookie=null customAnim=true windowingMode=undefined}]} RemoteTransition { remoteTransition = android.window.IRemoteTransition$Stub$Proxy@a8eae27, appThread = android.app.IApplicationThread$Stub$Proxy@fa38d4, debugName = QuickstepLaunchHome }}
02-19 10:40:29.385  4449  4467 V WindowManagerShell:  Delegate animation for (#116) to null
02-19 10:40:29.385  4449  4467 V WindowManagerShell: start default transition animation, info = {id=116 t=OPEN f=0x0 trk=0 r=[0@Point(0, 0)] c=[{m=TO_FRONT f=MOVE_TO_TOP leash=Surface(name=Task=46)/@0x79bb320 sb=Rect(0, 0 - 1080, 2400) eb=Rect(0, 0 - 1080, 2400) epz=Point(1080, 2400) d=0 taskParent=-1},{m=TO_BACK f=SHOW_WALLPAPER leash=Surface(name=Task=1)/@0x89f34d9 sb=Rect(0, 0 - 1080, 2400) eb=Rect(0, 0 - 1080, 2400) epz=Point(1080, 2400) d=0 taskParent=-1},{m=TO_BACK f=IS_WALLPAPER leash=Surface(name=WallpaperWindowToken{35e0c0f showWhenLocked=false})/@0x6b9ce9e sb=Rect(0, 0 - 1080, 2400) eb=Rect(0, 0 - 1080, 2400) epz=Point(1080, 2400) d=0}]}
02-19 10:40:29.445  4449  4467 V WindowManagerShell: loadAnimation: anim=android.view.animation.AnimationSet@1f036aa animAttr=0x13 type=OPEN isEntrance=false
02-19 10:40:29.484  4449  4467 V WindowManagerShell: loadAnimation: anim=android.view.animation.AnimationSet@6731376 animAttr=0x12 type=OPEN isEntrance=true
02-19 10:40:29.487  4449  4467 V WindowManagerShell:  animated by com.android.wm.shell.transition.DefaultTransitionHandler@f74d823
02-19 10:40:29.559   752   989 I ImeTracker: viva.republica.toss.test:1031bcb1: onRequestHide at ORIGIN_SERVER reason HIDE_UNSPECIFIED_WINDOW fromUser false
02-19 10:40:29.561 24035 24035 D InsetsController: hide(ime(), fromIme=false)
02-19 10:40:29.561 24035 24035 I ImeTracker: viva.republica.toss.test:1031bcb1: onCancelled at PHASE_CLIENT_ALREADY_HIDDEN
02-19 10:40:29.563  1563  1563 I GoogleInputMethodService: GoogleInputMethodService.onFinishInput():2043 
02-19 10:40:29.565  1563  1563 I Module  : DeviceLockedStatusModuleProvider$Module.updateDeviceLockedStatus():100 repeatCheckTimes = 0, locked = false
02-19 10:40:29.566  1563  1563 I GoogleInputMethodService: GoogleInputMethodService.onStartInput():1293 onStartInput(EditorInfo{EditorInfo{packageName=viva.republica.toss.test, inputType=0, inputTypeString=NULL, enableLearning=false, autoCorrection=false, autoComplete=false, imeOptions=0, privateImeOptions=null, actionName=UNSPECIFIED, actionLabel=null, initialSelStart=-1, initialSelEnd=-1, initialCapsMode=0, label=null, fieldId=0, fieldName=null, extras=null, hintText=null, hintLocales=[]}}, false)
02-19 10:40:29.566   752  1631 I ImeTracker: system_server:b20cd0f6: onRequestHide at ORIGIN_SERVER reason IME_REQUESTED_CHANGED_LISTENER fromUser false
02-19 10:40:29.568  1563  1563 I Module  : DeviceLockedStatusModuleProvider$Module.updateDeviceLockedStatus():100 repeatCheckTimes = 1, locked = false
02-19 10:40:29.568   752   797 I ImeTracker: system_server:b20cd0f6: onCancelled at PHASE_SERVER_SHOULD_HIDE
02-19 10:40:29.569  1563  1563 I EmojiCompatManager: EmojiCompatManager.getEmojiCompatIfLoaded():343 EmojiCompat.init() was never called.
02-19 10:40:29.569  1563  1563 I EmojiCompatManager: java.lang.IllegalStateException: EmojiCompat is not initialized. Please call EmojiCompat.init() first
02-19 10:40:29.569  1563  1563 I EmojiCompatManager: 	at asx.p(PG:6)
02-19 10:40:29.569  1563  1563 I EmojiCompatManager: 	at axb.b(PG:13)
02-19 10:40:29.569  1563  1563 I EmojiCompatManager: 	at jnr.b(PG:2)
02-19 10:40:29.569  1563  1563 I EmojiCompatManager: 	at jnr.c(PG:4)
02-19 10:40:29.569  1563  1563 I EmojiCompatManager: 	at jnr.f(PG:3)
02-19 10:40:29.569  1563  1563 I EmojiCompatManager: 	at jnx.c(PG:3)
02-19 10:40:29.569  1563  1563 I EmojiCompatManager: 	at kif.cz(PG:47)
02-19 10:40:29.569  1563  1563 I EmojiCompatManager: 	at lhl.run(PG:1025)
02-19 10:40:29.569  1563  1563 I EmojiCompatManager: 	at jaf.execute(PG:12)
02-19 10:40:29.569  1563  1563 I EmojiCompatManager: 	at nco.v(PG:13)
02-19 10:40:29.569  1563  1563 I EmojiCompatManager: 	at lhn.m(PG:96)
02-19 10:40:29.569  1563  1563 I EmojiCompatManager: 	at lhn.k(PG:25)
02-19 10:40:29.569  1563  1563 I EmojiCompatManager: 	at kgn.onStartInput(PG:250)
02-19 10:40:29.569  1563  1563 I EmojiCompatManager: 	at android.inputmethodservice.InputMethodService.doStartInput(InputMethodService.java:3521)
02-19 10:40:29.569  1563  1563 I EmojiCompatManager: 	at android.inputmethodservice.InputMethodService$InputMethodImpl.startInput(InputMethodService.java:879)
02-19 10:40:29.569  1563  1563 I EmojiCompatManager: 	at android.inputmethodservice.InputMethodService$InputMethodImpl.dispatchStartInput(InputMethodService.java:908)
02-19 10:40:29.569  1563  1563 I EmojiCompatManager: 	at android.inputmethodservice.IInputMethodWrapper.executeMessage(IInputMethodWrapper.java:201)
02-19 10:40:29.569  1563  1563 I EmojiCompatManager: 	at com.android.internal.os.HandlerCaller$MyHandler.handleMessage(HandlerCaller.java:44)
02-19 10:40:29.569  1563  1563 I EmojiCompatManager: 	at android.os.Handler.dispatchMessage(Handler.java:110)
02-19 10:40:29.569  1563  1563 I EmojiCompatManager: 	at android.os.Looper.loopOnce(Looper.java:248)
02-19 10:40:29.569  1563  1563 I EmojiCompatManager: 	at android.os.Looper.loop(Looper.java:338)
02-19 10:40:29.569  1563  1563 I EmojiCompatManager: 	at android.app.ActivityThread.main(ActivityThread.java:9067)
02-19 10:40:29.569  1563  1563 I EmojiCompatManager: 	at java.lang.reflect.Method.invoke(Native Method)
02-19 10:40:29.569  1563  1563 I EmojiCompatManager: 	at com.android.internal.os.RuntimeInit$MethodAndArgsCaller.run(RuntimeInit.java:593)
02-19 10:40:29.569  1563  1563 I EmojiCompatManager: 	at com.android.internal.os.ZygoteInit.main(ZygoteInit.java:932)
02-19 10:40:29.569   752  1987 W PackageConfigPersister: App-specific configuration not found for packageName: viva.republica.toss.test and userId: 0
02-19 10:40:32.739   531   568 W EventThread: Faking VSYNC due to driver stall for thread app
02-19 10:40:32.739   531   569 W EventThread: Faking VSYNC due to driver stall for thread appSf
02-19 10:40:32.740  4449  4472 I Choreographer: Skipped 190 frames!  The application may be doing too much work on its main thread.
02-19 10:40:32.742 24035 24035 I Choreographer: Skipped 190 frames!  The application may be doing too much work on its main thread.
02-19 10:40:32.757  1341  1341 I Choreographer: Skipped 192 frames!  The application may be doing too much work on its main thread.
02-19 10:40:32.759  4449  4467 V WindowManagerShell: Transition animation finished (aborted=false), notifying core (#116) android.os.BinderProxy@bb5f7dd@0
02-19 10:40:32.815   752   794 V WindowManager: Finish Transition (#116): created at 02-19 10:40:28.974 collect-started=0.093ms request-sent=8.634ms started=17.79ms ready=303.536ms sent=306.128ms commit=237.84ms finished=3813.509ms
02-19 10:40:32.822  4449  4467 V WindowManagerShell: Track 0 became idle
02-19 10:40:32.822  4449  4467 V WindowManagerShell: All active transition animations finished
02-19 10:40:32.839  1341  4448 I HWUI    : Davey! duration=3231ms; Flags=0, FrameTimelineVsyncId=999280, IntendedVsync=76703339205390, Vsync=76703339205390, InputEventId=0, HandleInputStart=76703345926549, AnimationStart=76703345927451, PerformTraversalsStart=76703347075635, DrawStart=76703347354736, FrameDeadline=76703422538720, FrameStartTime=76703345924284, FrameInterval=16666666, WorkloadTarget=16666666, SyncQueued=76703347714829, SyncStart=76703389246715, IssueDrawCommandsStart=76703389498617, SwapBuffers=76703394280650, FrameCompleted=76706612686243, DequeueBufferDuration=3190551004, QueueBufferDuration=1849787, GpuCompleted=76706612686243, SwapBuffersCompleted=76706593155721, DisplayPresentTime=0, CommandSubmissionCompleted=76703394280650, 
02-19 10:40:32.859  1341  1341 D ScalingWorkspaceRevealAnim: alpha of workspace at the end of animation: 1.0
02-19 10:40:32.944  1341  1341 D VRI[NexusLauncherActivity]: visibilityChanged oldVisibility=true newVisibility=false
02-19 10:40:32.946  1341  1341 D NexusLauncherModelDelegate: notifySmartspaceEvent: SmartspaceTargetEvent{mSmartspaceTarget=null, mSmartspaceActionId='null', mEventType=7}
02-19 10:40:32.965   752  1856 E TaskPersister: File error accessing recents directory (directory doesn't exist?).
02-19 10:40:32.978 24704 24704 W dumpsys : Thread Pool max thread count is 0. Cannot cache binder as linkToDeath cannot be implemented. serviceName: window
02-19 10:40:32.981  1341  1341 D BaseDepthController: setSurface:
02-19 10:40:32.981  1341  1341 D BaseDepthController: 	mWaitingOnSurfaceValidity: false
02-19 10:40:32.981  1341  1341 D BaseDepthController: 	mBaseSurface: null
02-19 10:40:32.982  1341  1341 D BaseDepthController: mSurface is null and mCurrentBlur is: 0
02-19 10:40:32.991  1341  1341 D StateManager: goToState - fromState: Normal, toState: Normal, partial trace:
02-19 10:40:32.991  1341  1341 D StateManager: 	at com.android.launcher3.statemanager.StateManager.moveToRestState(go/retraceme 72a59688580715d19f0e415c69e80376c2f062d1648c80db6730905005a27c20:4)
02-19 10:40:32.991  1341  1341 D StateManager: 	at com.android.launcher3.statemanager.StateManager.moveToRestState(go/retraceme 72a59688580715d19f0e415c69e80376c2f062d1648c80db6730905005a27c20:1)
02-19 10:40:32.991  1341  1341 D StateManager: 	at com.android.launcher3.statemanager.StatefulActivity.onStop(go/retraceme 72a59688580715d19f0e415c69e80376c2f062d1648c80db6730905005a27c20:34)
02-19 10:40:32.991  1341  1341 D StatsLog: LAUNCHER_ONSTOP
02-19 10:40:32.993   752  2417 I system_server: AssetManager2(0x7d8fac5075b8) locale list changing from [] to [en-US]
02-19 10:40:32.993  1341  1341 D StatsLog: LAUNCHER_GOOGLE_SEARCH_RESTORE_LIST_SIZE_AFTER_ACTIVITY_RESTART
02-19 10:40:32.997   752  2417 I system_server: AssetManager2(0x7d8fac514d58) locale list changing from [] to [en-US]
02-19 10:40:33.001   752  2417 I system_server: AssetManager2(0x7d8fac488cb8) locale list changing from [] to [en-US]
02-19 10:40:33.004   752  2417 I system_server: AssetManager2(0x7d8fac517c38) locale list changing from [] to [en-US]
