--------- beginning of main
02-19 19:13:06.494  7804  7804 D StateManager: createAtomicAnimation - fromState: Background, toState: Normal, partial trace:
02-19 19:13:06.494  7804  7804 D StateManager: 	at com.android.quickstep.util.ScalingWorkspaceRevealAnim.<init>(go/retraceme 72a59688580715d19f0e415c69e80376c2f062d1648c80db6730905005a27c20:39)
02-19 19:13:06.494  7804  7804 D StateManager: 	at com.android.launcher3.QuickstepTransitionManager.createWallpaperOpenAnimations(go/retraceme 72a59688580715d19f0e415c69e80376c2f062d1648c80db6730905005a27c20:168)
02-19 19:13:06.494  7804  7804 D StateManager: 	at com.android.launcher3.QuickstepTransitionManager$WallpaperOpenLauncherAnimationRunner.onAnimationStart(go/retraceme 72a59688580715d19f0e415c69e80376c2f062d1648c80db6730905005a27c20:17)
02-19 19:13:06.497  7804  7804 D b/311077782: LauncherAnimationRunner.setAnimation
--------- beginning of system
02-19 19:13:06.530   752   794 W Looper  : Slow dispatch took 628ms android.fg app=system_server main=false group=FOREGROUND h=android.os.Handler c=com.android.server.wm.ActivityMetricsLogger$$ExternalSyntheticLambda0@565c7d0 m=0
02-19 19:13:06.540  7804  7804 I Choreographer: Skipped 32 frames!  The application may be doing too much work on its main thread.
02-19 19:13:06.550   752   794 V WindowManager: Sent Transition (#746) createdAt=02-19 19:13:04.979 via request=TransitionRequestInfo { type = OPEN, triggerTask = TaskInfo{userId=0 taskId=5 effectiveUid=10182 displayId=0 isRunning=true baseIntent=Intent { act=android.intent.action.MAIN cat=[android.intent.category.HOME] flg=0x10000100 cmp=com.google.android.apps.nexuslauncher/.NexusLauncherActivity } baseActivity=ComponentInfo{com.google.android.apps.nexuslauncher/com.google.android.apps.nexuslauncher.NexusLauncherActivity} topActivity=ComponentInfo{com.google.android.apps.nexuslauncher/com.google.android.apps.nexuslauncher.NexusLauncherActivity} origActivity=null realActivity=ComponentInfo{com.google.android.apps.nexuslauncher/com.google.android.apps.nexuslauncher.NexusLauncherActivity} numActivities=1 lastActiveTime=107458911 supportsMultiWindow=true resizeMode=2 isResizeable=true minWidth=-1 minHeight=-1 defaultMinSize=220 token=WCT{RemoteToken{50a2c5f Task{b605570 #5 type=home I=com.google.android.apps.nexuslauncher/.NexusLauncherActivity}}} topActivityType=2 pictureInPictureParams=null shouldDockBigOverlays=false launchIntoPipHostTaskId=-1 lastParentTaskIdBeforePip=-1 displayCutoutSafeInsets=Rect(0, 0 - 0, 0) topActivityInfo=ActivityInfo{f5406ac com.google.android.apps.nexuslauncher.NexusLauncherActivity} launchCookies=[] positionInParent=Point(0, 0) parentTaskId=-1 isFocused=true isVisible=false isVisibleRequested=true isTopActivityNoDisplay=false isSleeping=false locusId=LocusId[17_chars] displayAreaFeatureId=1 isTopActivityTransparent=false isActivityStackTransparent=false lastNonFullscreenBounds=Rect(284, 660 - 796, 1740) capturedLink=null capturedLinkTimestamp=0 requestedVisibleTypes=-9 topActivityRequestOpenInBrowserEducationTimestamp=0 appCompatTaskInfo=AppCompatTaskInfo { topActivityInSizeCompat=false eligibleForLetterboxEducation= false isLetterboxEducationEnabled= true isLetterboxDoubleTapEnabled= false eligibleForUserAspectRatioButton= false topActivityBoundsLetterboxed= false isFromLetterboxDoubleTap= false topActivityLetterboxVerticalPosition= -1 topActivityLetterboxHorizontalPosition= -1 topActivityLetterboxWidth=-1 topActivityLetterboxHeight=-1 topActivityAppBounds=Rect(0, 0 - 1080, 2400) isUserFullscreenOverrideEnabled=false isSystemFullscreenOverrideEnabled=false hasMinAspectRatioOverride=false topActivityLetterboxBounds=null cameraCompatTaskInfo=CameraCompatTaskInfo { freeformCameraCompatMode=inactive}} topActivityMainWindowFrame=null}, pipChange = null, remoteTransition = null, displayChange = null, flags = 0, debugId = 746 }
02-19 19:13:06.555   752   794 V WindowManager:     startWCT=WindowContainerTransaction { changes= {} hops= [] errorCallbackToken=null taskFragmentOrganizer=null }
02-19 19:13:06.556   752   794 V WindowManager:     info={id=746 t=OPEN f=0x0 trk=0 r=[0@Point(0, 0)] c=[
02-19 19:13:06.556   752   794 V WindowManager:         {WCT{RemoteToken{5218fe8 Task{dd43522 #1 type=home}}} m=TO_FRONT f=SHOW_WALLPAPER|MOVE_TO_TOP leash=Surface(name=Task=1)/@0x8ddbd2e sb=Rect(0, 0 - 1080, 2400) eb=Rect(0, 0 - 1080, 2400) epz=Point(1080, 2400) d=0 taskParent=-1},
02-19 19:13:06.556   752   794 V WindowManager:         {WCT{RemoteToken{58f5d87 Task{11d79c0 #78 type=standard A=10217:viva.republica.toss.test}}} m=TO_BACK f=NONE leash=Surface(name=Task=78)/@0x6af51ab sb=Rect(0, 0 - 1080, 2400) eb=Rect(0, 0 - 1080, 2400) epz=Point(1080, 2400) d=0 taskParent=-1},
02-19 19:13:06.556   752   794 V WindowManager:         {m=TO_FRONT f=IS_WALLPAPER leash=Surface(name=WallpaperWindowToken{35e0c0f showWhenLocked=false})/@0x512f5be sb=Rect(0, 0 - 1080, 2400) eb=Rect(0, 0 - 1080, 2400) epz=Point(1080, 2400) d=0}
02-19 19:13:06.556   752   794 V WindowManager:     ]}
02-19 19:13:06.556   752   794 W Looper  : Slow delivery took 550ms android.fg app=system_server main=false group=FOREGROUND h=android.os.Handler c=com.android.server.wm.TransitionController$Logger@a17a3c9 m=0
02-19 19:13:06.570  7804  7823 W HWUI    : Image decoding logging dropped!
02-19 19:13:06.677   531   531 I BpBinder: onLastStrongRef automatically unlinking death recipients: 
02-19 19:13:06.680  7804  7823 D QuickstepModelDelegate: notifyAppTargetEvent action=1 launchLocation=workspace/0/[-1,-1]/[1,1]
02-19 19:13:06.855   752   752 W Looper  : Slow dispatch took 182ms main app=system_server main=true group=FOREGROUND h=android.os.Handler c=<recycled PooledLambda@a562329> m=0
02-19 19:13:06.935  7804  7804 I NotificationListener: Handling notification state refresh for com.google.android.adservices.api#0
02-19 19:13:06.935  7804  7804 I NotificationListener: Handling notification state refresh for android#0
02-19 19:13:06.935  7804  7804 I NotificationListener: Handling notification state refresh for com.android.systemui#0
02-19 19:13:07.049   752  1935 W InputDispatcher: Excessive delay in interceptKeyBeforeQueueing; took 99 ms
02-19 19:13:07.065  7804  7813 D OverviewCommandHelper: command added: CommandInfo(type=TOGGLE, status=IDLE, createTime=107460912, animationCallbacks=null, displayId=0, isLastOfBatch=true)
02-19 19:13:07.065  7804  7813 D OverviewCommandHelper: execute: CommandInfo(type=TOGGLE, status=IDLE, createTime=107460912, animationCallbacks=null, displayId=0, isLastOfBatch=true) - queue size: 1
02-19 19:13:07.154 16566 16566 I Choreographer: Skipped 3088 frames!  The application may be doing too much work on its main thread.
02-19 19:13:07.154  7804  7804 D SsBaseTemplateCard: No text view can be set up
02-19 19:13:07.155  7804  7804 D SsBaseTemplateCard: Passed-in item info is null
02-19 19:13:07.155  7804  7804 D SsBaseTemplateCard: Passed-in item info is null
02-19 19:13:07.155  7804  7804 D SsBaseTemplateCard: Passed-in item info is null
02-19 19:13:07.155  7804  7804 I SsBaseTemplateCard: Secondary card pane is null
02-19 19:13:07.168   752   794 W Looper  : Drained
02-19 19:13:07.186  7804  7804 D OverviewCommandHelper: executing command: CommandInfo(type=TOGGLE, status=PROCESSING, createTime=107460912, animationCallbacks=null, displayId=0, isLastOfBatch=true)
02-19 19:13:07.186  7804  7804 D OverviewCommandHelper: executeCommand: CommandInfo(type=TOGGLE, status=PROCESSING, createTime=107460912, animationCallbacks=null, displayId=0, isLastOfBatch=true) - visibleRecentsView: null
02-19 19:13:07.186  7804  7804 D OverviewCommandHelper: Querying TaskbarManager for TaskbarUIController for display: 0
02-19 19:13:07.187  7804  7804 D OverviewCommandHelper: TaskbarUIController for display 0 was found
02-19 19:13:07.187  7804  7804 D TFOManager: playPanelCloseAnimation() duration=150 traceTag=LauncherOverlay-hide isHomeButtonTap=true
02-19 19:13:07.187  7804  7804 D TFOManager: Skipped creating panel close animation because -1 is invisible.
02-19 19:13:07.188  7804  7804 D StateManager: goToState - fromState: Normal, toState: Overview, partial trace:
02-19 19:13:07.188  7804  7804 D StateManager: 	at com.android.quickstep.LauncherActivityInterface.switchToRecentsIfVisible(go/retraceme 72a59688580715d19f0e415c69e80376c2f062d1648c80db6730905005a27c20:39)
02-19 19:13:07.188  7804  7804 D StateManager: 	at com.android.quickstep.OverviewCommandHelper.executeWhenRecentsIsNotVisible(go/retraceme 72a59688580715d19f0e415c69e80376c2f062d1648c80db6730905005a27c20:292)
02-19 19:13:07.188  7804  7804 D StateManager: 	at com.android.quickstep.OverviewCommandHelper.executeCommand(go/retraceme 72a59688580715d19f0e415c69e80376c2f062d1648c80db6730905005a27c20:49)
02-19 19:13:07.189  7804  7804 D StateManager: cancelAnimation - with ongoing animation, partial trace:
02-19 19:13:07.189  7804  7804 D StateManager: 	at com.android.launcher3.statemanager.StateManager.goToState(go/retraceme 72a59688580715d19f0e415c69e80376c2f062d1648c80db6730905005a27c20:18)
02-19 19:13:07.189  7804  7804 D StateManager: 	at com.android.launcher3.statemanager.StateManager.goToState(go/retraceme 72a59688580715d19f0e415c69e80376c2f062d1648c80db6730905005a27c20:4)
02-19 19:13:07.189  7804  7804 D StateManager: 	at com.android.quickstep.LauncherActivityInterface.switchToRecentsIfVisible(go/retraceme 72a59688580715d19f0e415c69e80376c2f062d1648c80db6730905005a27c20:39)
02-19 19:13:07.189  7804  7804 D ScalingWorkspaceRevealAnim: onAnimationCancel
02-19 19:13:07.190  7804  7804 D ScalingWorkspaceRevealAnim: alpha of workspace at the end of animation: 1.0
02-19 19:13:07.192   752   989 I ImeTracker: com.google.android.apps.nexuslauncher:3721f8d4: onRequestHide at ORIGIN_SERVER reason HIDE_UNSPECIFIED_WINDOW fromUser false
02-19 19:13:07.195  4449  4467 V WindowManagerShell: Transition animation finished (aborted=false), notifying core (#746) android.os.BinderProxy@6b49153@0
02-19 19:13:07.198  7804  7804 D OverviewCommandHelper: switching to Overview state - waiting: CommandInfo(type=TOGGLE, status=PROCESSING, createTime=107460912, animationCallbacks=null, displayId=0, isLastOfBatch=true)
02-19 19:13:07.198  7804  7804 D OverviewCommandHelper: command executed: CommandInfo(type=TOGGLE, status=PROCESSING, createTime=107460912, animationCallbacks=null, displayId=0, isLastOfBatch=true) with result: false
02-19 19:13:07.198  7804  7804 D OverviewCommandHelper: waiting for command callback: CommandInfo(type=TOGGLE, status=PROCESSING, createTime=107460912, animationCallbacks=null, displayId=0, isLastOfBatch=true)
02-19 19:13:07.204   752   794 V WindowManager: Finish Transition (#746): created at 02-19 19:13:04.979 collect-started=6.029ms request-sent=108.12ms started=159.955ms ready=894.166ms sent=917.79ms commit=131.47ms finished=2217.699ms
02-19 19:13:07.206  7804  7804 D InsetsController: hide(ime(), fromIme=false)
02-19 19:13:07.207  7804  7804 I ImeTracker: com.google.android.apps.nexuslauncher:3721f8d4: onCancelled at PHASE_CLIENT_ALREADY_HIDDEN
02-19 19:13:07.211  7804  7804 D StateManager: onStateTransitionStart - state: Overview
02-19 19:13:07.212  7804  7804 D RecentsView: updateTaskStackListenerState: true
02-19 19:13:07.212  7804  7804 D RecentsView: reloadIfNeeded - getTasks: 387
02-19 19:13:07.213  4449  4467 V WindowManagerShell: Track 0 became idle
02-19 19:13:07.213  4449  4467 V WindowManagerShell: All active transition animations finished
02-19 19:13:07.217  7804  7804 D OverviewCommandHelper: switching to Overview state - onAnimationStart: CommandInfo(type=TOGGLE, status=PROCESSING, createTime=107460912, animationCallbacks=null, displayId=0, isLastOfBatch=true)
02-19 19:13:07.221  7804  7804 D StatsLog: LAUNCHER_OVERVIEW_SHOW_OVERVIEW_FROM_3_BUTTON
02-19 19:13:07.231  4449  4449 I vol.VolumeDialogImpl: mDialog.dismiss() reason: volume_controller from: com.android.systemui.volume.VolumeDialogImpl$7.onDismissRequested:3
02-19 19:13:07.260   752  1095 D BackgroundInstallControlService: Package event received: 0
02-19 19:13:07.278   752   989 V GrammaticalInflectionUtils: AttributionSource: android.content.AttributionSource@f37f3151 does not have READ_SYSTEM_GRAMMATICAL_GENDER permission.
02-19 19:13:07.279   752   989 D CompatChangeReporter: Compat change id reported: 151861875; UID 10159; state: ENABLED
02-19 19:13:07.364   752  1095 D BackgroundInstallControlService: Package event received: 0
02-19 19:13:07.424   458   458 D Zygote  : Forked child process 18390
02-19 19:13:07.438   752   806 W ActivityManager: Slow operation: 157ms so far, now at startProcess: returned from zygote!
02-19 19:13:07.439   752   806 W ActivityManager: Slow operation: 159ms so far, now at startProcess: done updating battery stats
02-19 19:13:07.466   752   806 W ActivityManager: Slow operation: 185ms so far, now at startProcess: building log message
02-19 19:13:07.466   752   806 I ActivityManager: Start proc 18390:com.google.android.inputmethod.latin/u0a159 for service {com.google.android.inputmethod.latin/com.android.inputmethod.latin.LatinIME}
02-19 19:13:07.466   752   806 W ActivityManager: Slow operation: 185ms so far, now at startProcess: starting to update pids map
02-19 19:13:07.474   752   795 W Looper  : Slow dispatch took 120ms android.ui app=system_server main=false group=TOP_APP h=com.android.server.am.ActivityManagerService$UiHandler c=com.android.server.am.UidObserverController$$ExternalSyntheticLambda0@6a2cd6d m=0
02-19 19:13:07.474   752   806 I ActivityManager: ProcessObserver broadcast disabled
02-19 19:13:07.474   752   806 W ActivityManager: Slow operation: 193ms so far, now at startProcess: done updating pids map
02-19 19:13:07.638   531   531 I BpBinder: onLastStrongRef automatically unlinking death recipients: 
02-19 19:13:07.909 16566 18038 I ReactNativeJS: '[webViewDebugLog]', { log_name: 'AppsInTossWebViewProcessDidTerminate',
02-19 19:13:07.909 16566 18038 I ReactNativeJS:   log_type: 'debug',
02-19 19:13:07.909 16566 18038 I ReactNativeJS:   params: { app_name: 'takealook', deployment_id: 'local' } }
02-19 19:13:07.917 16566 17803 I ReactNativeJS: '[webViewDebugLog]', { log_name: 'AppsInTossWebViewProcessDidTerminate',
02-19 19:13:07.917 16566 17803 I ReactNativeJS:   log_type: 'debug',
02-19 19:13:07.917 16566 17803 I ReactNativeJS:   params: { app_name: 'takealook', deployment_id: 'local' } }
02-19 19:13:07.919 16566 17150 I ReactNativeJS: '[webViewDebugLog]', { log_name: 'AppsInTossWebViewProcessDidTerminate',
02-19 19:13:07.919 16566 17150 I ReactNativeJS:   log_type: 'debug',
02-19 19:13:07.919 16566 17150 I ReactNativeJS:   params: { app_name: 'takealook', deployment_id: 'local' } }
02-19 19:13:07.919 16566 17667 I ReactNativeJS: '[webViewDebugLog]', { log_name: 'AppsInTossWebViewProcessDidTerminate',
02-19 19:13:07.919 16566 17667 I ReactNativeJS:   log_type: 'debug',
02-19 19:13:07.919 16566 17667 I ReactNativeJS:   params: { app_name: 'takealook', deployment_id: 'local' } }
02-19 19:13:07.920 16566 16883 I ReactNativeJS: '[webViewDebugLog]', { log_name: 'AppsInTossWebViewProcessDidTerminate',
02-19 19:13:07.920 16566 16883 I ReactNativeJS:   log_type: 'debug',
02-19 19:13:07.920 16566 16883 I ReactNativeJS:   params: { app_name: 'takealook', deployment_id: 'local' } }
02-19 19:13:07.921 16566 17876 I ReactNativeJS: '[webViewDebugLog]', { log_name: 'AppsInTossWebViewProcessDidTerminate',
02-19 19:13:07.921 16566 17876 I ReactNativeJS:   log_type: 'debug',
02-19 19:13:07.921 16566 17876 I ReactNativeJS:   params: { app_name: 'takealook', deployment_id: 'local' } }
02-19 19:13:07.928  7804  7804 D RecentsView: applyLoadPlan - taskGroups: [type=SINGLE task=[id=12 windowingMode=0 user=0 lastActiveTime=89737] null, type=SINGLE task=[id=49 windowingMode=1 user=0 lastActiveTime=87698314] null, type=SINGLE task=[id=78 windowingMode=1 user=0 lastActiveTime=107458893] null]
02-19 19:13:07.942 16566 16992 I ReactNativeJS: '[webViewDebugLog]', { log_name: 'AppsInTossWebViewProcessDidTerminate',
02-19 19:13:07.942 16566 16992 I ReactNativeJS:   log_type: 'debug',
02-19 19:13:07.942 16566 16992 I ReactNativeJS:   params: { app_name: 'takealook', deployment_id: 'local' } }
02-19 19:13:07.966 16566 17408 I ReactNativeJS: '[webViewDebugLog]', { log_name: 'AppsInTossWebViewProcessDidTerminate',
02-19 19:13:07.966 16566 17408 I ReactNativeJS:   log_type: 'debug',
02-19 19:13:07.966 16566 17408 I ReactNativeJS:   params: { app_name: 'takealook', deployment_id: 'local' } }
02-19 19:13:07.989 18390 18390 I putmethod.latin: Using CollectorTypeCMC GC.
02-19 19:13:08.036  7804  7804 I Choreographer: Skipped 42 frames!  The application may be doing too much work on its main thread.
02-19 19:13:08.099  7804  7804 D StateManager: onStateTransitionEnd - state: Overview
02-19 19:13:08.104  7804  7804 D OverviewCommandHelper: switching to Overview state - onAnimationEnd: CommandInfo(type=TOGGLE, status=PROCESSING, createTime=107460912, animationCallbacks=null, displayId=0, isLastOfBatch=true)
02-19 19:13:08.104  7804  7804 D OverviewCommandHelper: command executed: CommandInfo(type=TOGGLE, status=PROCESSING, createTime=107460912, animationCallbacks=null, displayId=0, isLastOfBatch=true) with result: true
02-19 19:13:08.104  7804  7804 D OverviewCommandHelper: command executed successfully! CommandInfo(type=TOGGLE, status=COMPLETED, createTime=107460912, animationCallbacks=null, displayId=0, isLastOfBatch=true)
02-19 19:13:08.104  7804  7804 D OverviewCommandHelper: no pending commands to be executed.
02-19 19:13:08.110 18390 18390 W putmethod.latin: Unexpected CPU variant for x86: x86_64.
02-19 19:13:08.110 18390 18390 W putmethod.latin: Known variants: atom, sandybridge, silvermont, goldmont, goldmont-plus, goldmont-without-sha-xsaves, tremont, kabylake, alderlake, default
02-19 19:13:08.199 16566 16700 I ReactNativeJS: '[webViewDebugLog]', { log_name: 'AppsInTossWebViewProcessDidTerminate',
02-19 19:13:08.199 16566 16700 I ReactNativeJS:   log_type: 'debug',
02-19 19:13:08.199 16566 16700 I ReactNativeJS:   params: { app_name: 'takealook', deployment_id: 'local' } }
02-19 19:13:08.345  7804  7813 I HWUI    : Davey! duration=981ms; Flags=0, FrameTimelineVsyncId=1955174, IntendedVsync=107461171308410, Vsync=107461871308382, InputEventId=0, HandleInputStart=107461944209216, AnimationStart=107461944236373, PerformTraversalsStart=107461951610316, DrawStart=107461955564139, FrameDeadline=107461504641730, FrameStartTime=107461882733393, FrameInterval=16666666, WorkloadTarget=16666666, SyncQueued=107462052169959, SyncStart=107462052562435, IssueDrawCommandsStart=107462053359196, SwapBuffers=107462062942513, FrameCompleted=107462153307312, DequeueBufferDuration=7992, QueueBufferDuration=1508290, GpuCompleted=107462153071140, SwapBuffersCompleted=107462153307312, DisplayPresentTime=0, CommandSubmissionCompleted=107462062942513, 
02-19 19:13:08.367 16566 17585 I ReactNativeJS: '[webViewDebugLog]', { log_name: 'AppsInTossWebViewProcessDidTerminate',
02-19 19:13:08.367 16566 17585 I ReactNativeJS:   log_type: 'debug',
02-19 19:13:08.367 16566 17585 I ReactNativeJS:   params: { app_name: 'takealook', deployment_id: 'local' } }
02-19 19:13:08.387  7804  7804 I AiAiSuggestUi: Clearing suggestions.
02-19 19:13:08.387  7804  7804 I AiAiSuggestUi: Requesting to show indicators
02-19 19:13:08.387  7804  7804 I AiAiSuggestUi: Fetching contents, isPrimaryTask = false
02-19 19:13:08.474 16566 17237 I ReactNativeJS: '[webViewDebugLog]', { log_name: 'AppsInTossWebViewProcessDidTerminate',
02-19 19:13:08.474 16566 17237 I ReactNativeJS:   log_type: 'debug',
02-19 19:13:08.474 16566 17237 I ReactNativeJS:   params: { app_name: 'takealook', deployment_id: 'local' } }
02-19 19:13:08.478  7804  7934 W HWUI    : Image decoding logging dropped!
02-19 19:13:08.518 16566 18226 I ReactNativeJS: '[webViewDebugLog]', { log_name: 'AppsInTossWebViewProcessDidTerminate',
02-19 19:13:08.518 16566 18226 I ReactNativeJS:   log_type: 'debug',
02-19 19:13:08.518 16566 18226 I ReactNativeJS:   params: { app_name: 'takealook', deployment_id: 'local' } }
02-19 19:13:08.670 16566 16797 I HWUI    : Davey! duration=52860ms; Flags=0, FrameTimelineVsyncId=1954385, IntendedVsync=107409521310476, Vsync=107460987975084, InputEventId=0, HandleInputStart=107461001645866, AnimationStart=107461001647113, PerformTraversalsStart=107461485138619, DrawStart=107461771484830, FrameDeadline=107445837975690, FrameStartTime=107461000601825, FrameInterval=16666666, WorkloadTarget=16666666, SyncQueued=107462332475182, SyncStart=107462402351836, IssueDrawCommandsStart=107462404290466, SwapBuffers=107462414364283, FrameCompleted=107462451905212, DequeueBufferDuration=7454, QueueBufferDuration=841291, GpuCompleted=107462451905212, SwapBuffersCompleted=107462428981607, DisplayPresentTime=0, CommandSubmissionCompleted=107462414364283, 
02-19 19:13:08.689   537   558 I adbd    : jdwp connection from 18390
02-19 19:13:08.863 18390 18390 D nativeloader: Load libframework-connectivity-tiramisu-jni.so using APEX ns com_android_tethering for caller /apex/com.android.tethering/javalib/framework-connectivity-t.jar: ok
02-19 19:13:08.905 16566 17876 I ReactNativeJNI: Memory warning (pressure level: TRIM_MEMORY_UI_HIDDEN) received by JS VM, ignoring because it's non-severe
02-19 19:13:08.910  7804  7938 I AiAiSuggestUi: Request suggestContentSelections complete, took: 517
02-19 19:13:08.912 16566 17150 I ReactNativeJNI: Memory warning (pressure level: TRIM_MEMORY_UI_HIDDEN) received by JS VM, ignoring because it's non-severe
02-19 19:13:08.932  7804  7938 E AiAiSuggestUi: Timeout while retrieving suggestContentSelections
02-19 19:13:08.932  7804  7938 E AiAiSuggestUi: java.util.concurrent.TimeoutException
02-19 19:13:08.932  7804  7938 E AiAiSuggestUi: 	at java.util.concurrent.CompletableFuture$Timeout.run(CompletableFuture.java:2908)
02-19 19:13:08.932  7804  7938 E AiAiSuggestUi: 	at java.util.concurrent.Executors$RunnableAdapter.call(Executors.java:524)
02-19 19:13:08.932  7804  7938 E AiAiSuggestUi: 	at java.util.concurrent.FutureTask.run(FutureTask.java:317)
02-19 19:13:08.932  7804  7938 E AiAiSuggestUi: 	at java.util.concurrent.ScheduledThreadPoolExecutor$ScheduledFutureTask.run(ScheduledThreadPoolExecutor.java:348)
02-19 19:13:08.932  7804  7938 E AiAiSuggestUi: 	at java.util.concurrent.ThreadPoolExecutor.runWorker(ThreadPoolExecutor.java:1156)
02-19 19:13:08.932  7804  7938 E AiAiSuggestUi: 	at java.util.concurrent.ThreadPoolExecutor$Worker.run(ThreadPoolExecutor.java:651)
02-19 19:13:08.932  7804  7938 E AiAiSuggestUi: 	at java.lang.Thread.run(Thread.java:1119)
02-19 19:13:08.932  7804  7938 I AiAiSuggestUi: Fetched content back in callback
02-19 19:13:09.050   752   795 W Looper  : Slow dispatch took 100ms android.ui app=system_server main=false group=TOP_APP h=com.android.server.policy.PhoneWindowManager$PolicyHandler c=null m=20
02-19 19:13:09.214  7804  7804 D StateManager: goToState - fromState: Overview, toState: Normal, partial trace:
02-19 19:13:09.214  7804  7804 D StateManager: 	at com.android.launcher3.LauncherState.onBackInvoked(go/retraceme 72a59688580715d19f0e415c69e80376c2f062d1648c80db6730905005a27c20:24)
02-19 19:13:09.214  7804  7804 D StateManager: 	at com.android.launcher3.uioverrides.states.OverviewState.onBackInvoked(go/retraceme 72a59688580715d19f0e415c69e80376c2f062d1648c80db6730905005a27c20:31)
02-19 19:13:09.214  7804  7804 D StateManager: 	at com.android.launcher3.Launcher.onStateBack(go/retraceme 72a59688580715d19f0e415c69e80376c2f062d1648c80db6730905005a27c20:9)
02-19 19:13:09.214  7804  7804 D RecentsView: finishRecentsAnimation - mRecentsAnimationController: null
02-19 19:13:09.214  7804  7804 D RecentsView: cleanupRemoteTargets - mRemoteTargetHandles: null
02-19 19:13:09.334 16566 16700 I ReactNativeJNI: Memory warning (pressure level: TRIM_MEMORY_UI_HIDDEN) received by JS VM, ignoring because it's non-severe
02-19 19:13:09.336  7804  7804 D StateManager: onStateTransitionStart - state: Normal
02-19 19:13:09.336  7804  7804 D RecentsView: updateTaskStackListenerState: false
02-19 19:13:09.408  7804  7804 D OverviewActionsView: updateForGroupedTask() called with: isGroupedTask = [false], canSaveAppPair = [false]
02-19 19:13:09.408  7804  7804 D OverviewActionsView: updateActionButtonsVisibility() called: showSingleTaskActions = [true], showGroupActions = [false]
02-19 19:13:09.456 16566 18038 I ReactNativeJNI: Memory warning (pressure level: TRIM_MEMORY_UI_HIDDEN) received by JS VM, ignoring because it's non-severe
02-19 19:13:09.488   752  1095 D BackgroundInstallControlService: Package event received: 0
02-19 19:13:09.795  7804  7804 D StateManager: onStateTransitionEnd - state: Normal
02-19 19:13:09.795  7804  7804 D RecentsView: reset - mEnableDrawingLiveTile: false, mRecentsAnimationController: null
02-19 19:13:09.795  7804  7804 I AiAiSuggestUi: Clearing suggestions.
02-19 19:13:09.795  7804  7804 I AiAiSuggestUi: Clearing suggestions.
02-19 19:13:09.796  7804  7804 D ActivityAllAppsContainerView: rebindAdapters: force: false
02-19 19:13:09.796  7804  7804 D ActivityAllAppsContainerView: rebindAdapters: Not needed.
02-19 19:13:09.891  7804  7804 D OverviewActionsView: updateForGroupedTask() called with: isGroupedTask = [false], canSaveAppPair = [false]
02-19 19:13:09.891  7804  7804 D OverviewActionsView: updateActionButtonsVisibility() called: showSingleTaskActions = [true], showGroupActions = [false]
02-19 19:13:10.162   752  1116 W ActivityManager: Slow operation: 382ms so far, now at attachApplicationLocked: immediately after bindApplication
02-19 19:13:10.163   752  1116 W ActivityManager: Slow operation: 383ms so far, now at attachApplicationLocked: after updateLruProcessLocked
02-19 19:13:10.164   752  1116 W ActivityManager: Slow operation: 384ms so far, now at attachApplicationLocked: after updateOomAdjLocked
02-19 19:13:10.210 16566 17408 I ReactNativeJNI: Memory warning (pressure level: TRIM_MEMORY_UI_HIDDEN) received by JS VM, ignoring because it's non-severe
02-19 19:13:10.363 16566 16992 I ReactNativeJNI: Memory warning (pressure level: TRIM_MEMORY_UI_HIDDEN) received by JS VM, ignoring because it's non-severe
02-19 19:13:10.435   752   795 W ActivityTaskManager: getAssistContextExtras failed: timeout retrieving from ActivityRecord{266820693 u0 viva.republica.toss.test/im.toss.rn.granite.core.GraniteActivity t78}
02-19 19:13:10.522  7804  7939 E AssistContentRequester: Received AssistData, but no AssistContent found
02-19 19:13:10.780 16566 16883 I ReactNativeJNI: Memory warning (pressure level: TRIM_MEMORY_UI_HIDDEN) received by JS VM, ignoring because it's non-severe
02-19 19:13:10.793 16566 17803 I ReactNativeJNI: Memory warning (pressure level: TRIM_MEMORY_UI_HIDDEN) received by JS VM, ignoring because it's non-severe
02-19 19:13:10.806 16566 17667 I ReactNativeJNI: Memory warning (pressure level: TRIM_MEMORY_UI_HIDDEN) received by JS VM, ignoring because it's non-severe
02-19 19:13:10.854  1971 22104 W AiAiScreenProcessor: tryGetAllInputSources timed out.
02-19 19:13:10.883 16566 17237 I ReactNativeJNI: Memory warning (pressure level: TRIM_MEMORY_UI_HIDDEN) received by JS VM, ignoring because it's non-severe
02-19 19:13:10.955 18416 18416 W dumpsys : Thread Pool max thread count is 0. Cannot cache binder as linkToDeath cannot be implemented. serviceName: window
02-19 19:13:11.028   752   805 I ActivityManager: Test idle passed
02-19 19:13:11.100 16566 16571 W blica.toss.test: Suspending all threads took: 205.316ms
02-19 19:13:11.160 16566 18226 I ReactNativeJNI: Memory warning (pressure level: TRIM_MEMORY_UI_HIDDEN) received by JS VM, ignoring because it's non-severe
02-19 19:13:11.191 16566 17585 I ReactNativeJNI: Memory warning (pressure level: TRIM_MEMORY_UI_HIDDEN) received by JS VM, ignoring because it's non-severe
02-19 19:13:11.208 18390 18390 D ApplicationLoaders: Returning zygote-cached class loader: /system_ext/framework/androidx.window.extensions.jar
02-19 19:13:11.208 18390 18390 D ApplicationLoaders: Returning zygote-cached class loader: /system_ext/framework/androidx.window.sidecar.jar
02-19 19:13:11.554 16566 16566 W TransactionExecutor: Skip pre-destroyed transaction item:
02-19 19:13:11.554 16566 16566 W TransactionExecutor: LaunchActivityItem{activityToken=android.os.BinderProxy@dcf62c0,intent=Intent { act=android.intent.action.VIEW dat=intoss://takealook/... flg=0x10400000 xflg=0x4 pkg=viva.republica.toss.test cmp=viva.republica.toss.test/.MiniAppSchemeActivity },ident=133183063,info=ActivityInfo{69b1eb5 viva.republica.toss.test.MiniAppSchemeActivity},curConfig={1.0 310mcc260mnc [en_US] ldltr sw411dp w411dp h914dp 420dpi nrml long port finger qwerty/v/v dpad/v winConfig={ mBounds=Rect(0, 0 - 1080, 2400) mAppBounds=Rect(0, 0 - 1080, 2400) mMaxBounds=Rect(0, 0 - 1080, 2400) mDisplayRotation=ROTATION_0 mWindowingMode=fullscreen mActivityType=undefined mAlwaysOnTop=undefined mRotation=ROTATION_0} s.9 fontWeightAdjustment=0},overrideConfig={1.0 310mcc260mnc [en_US] ldltr sw411dp w411dp h914dp 420dpi nrml long port finger qwerty/v/v dpad/v winConfig={ mBounds=Rect(0, 0 - 1080, 2400) mAppBounds=Rect(0, 0 - 1080, 2400) mMaxBounds=Rect(0, 0 - 1080, 2400) mDisplayRotation=ROTATION_0 mWindowingMode=fullscreen mActivityType=standard mAlwaysOnTop=undefined mRotation=ROTATION_0} s.2 fontWeightAdjustment=0},deviceId=0,referrer=com.android.shell,procState=2,state=null,persistentState=null,pendingResults=null,pendingNewIntents=null,sceneTransitionInfo=null,profilerInfo=null,assistToken=android.os.BinderProxy@865694a,shareableActivityToken=android.os.BinderProxy@27e90bb,activityWindowInfo=ActivityWindowInfo{isEmbedded=false, taskBounds=Rect(0, 0 - 1080, 2400), taskFragmentBounds=Rect(0, 0 - 1080, 2400)}}
02-19 19:13:11.554 16566 16566 W TransactionExecutor: Skip pre-destroyed transaction item:
02-19 19:13:11.554 16566 16566 W TransactionExecutor: TopResumedActivityChangeItem{mActivityToken=android.os.BinderProxy@dcf62c0,onTop=true}
02-19 19:13:11.637 18390 18390 D nativeloader: InitLlndkLibrariesProduct: libEGL.so:libGLESv1_CM.so:libGLESv2.so:libGLESv3.so:libRS.so:libandroid_net.so:libapexsupport.so:libavf.so:libbinder_ndk.so:libc.so:libcgrouprc.so:libclang_rt.asan-x86_64-android.so:libcom.android.tethering.connectivity_native.so:libdl.so:libft2.so:liblog.so:libm.so:libmediandk.so:libnativewindow.so:libneuralnetworks.so:libselinux.so:libsync.so:libvendorsupport.so:libvndksupport.so:libvulkan.so
02-19 19:13:11.674 18390 18390 D nativeloader: Configuring product-clns-9 for unbundled product apk /product/app/LatinIMEGooglePrebuilt/LatinIMEGooglePrebuilt.apk. target_sdk_version=35, uses_libraries=, library_path=/product/app/LatinIMEGooglePrebuilt/lib/x86_64:/product/app/LatinIMEGooglePrebuilt/LatinIMEGooglePrebuilt.apk!/lib/x86_64:/product/lib64:/system/product/lib64, permitted_path=/data:/mnt/expand:/data/user/0/com.google.android.inputmethod.latin:/product/lib64:/system/product/lib64
02-19 19:13:11.675 18390 18390 D nativeloader: InitVndkspLibrariesProduct: VNDK is deprecated with product
02-19 19:13:11.763   752  1631 W ActivityTaskManager: callingPackage for (uid=2000, pid=18423) has no WPC
02-19 19:13:11.769   752  1631 V GrammaticalInflectionUtils: AttributionSource: android.content.AttributionSource@56784557 does not have READ_SYSTEM_GRAMMATICAL_GENDER permission.
02-19 19:13:11.774   752  1631 W OptProp : Cannot read opt property android.window.PROPERTY_COMPAT_ALLOW_USER_ASPECT_RATIO_OVERRIDE
02-19 19:13:11.775   752  1631 W OptProp : Cannot read opt property android.window.PROPERTY_COMPAT_ALLOW_USER_ASPECT_RATIO_FULLSCREEN_OVERRIDE
02-19 19:13:11.776   752  1631 W OptProp : Cannot read opt property android.window.PROPERTY_COMPAT_ALLOW_RESIZEABLE_ACTIVITY_OVERRIDES
02-19 19:13:11.776   752  1631 W OptProp : Cannot read opt property android.window.PROPERTY_COMPAT_ALLOW_MIN_ASPECT_RATIO_OVERRIDE
02-19 19:13:11.804   531   549 I BpBinder: onLastStrongRef automatically unlinking death recipients: 
02-19 19:13:11.821   752  1631 I ActivityTaskManager: START u0 {act=android.intent.action.VIEW dat=intoss://takealook/... flg=0x10000000 xflg=0x4 cmp=viva.republica.toss.test/im.toss.rn.granite.core.GraniteActivity} with LAUNCH_MULTIPLE from uid 2000 (BAL_ALLOW_PERMISSION) result code=2
02-19 19:13:11.835  4449  4467 V WindowManagerShell: Transition requested (#747): android.os.BinderProxy@fe85fec TransitionRequestInfo { type = OPEN, triggerTask = TaskInfo{userId=0 taskId=78 effectiveUid=10217 displayId=0 isRunning=true baseIntent=Intent { act=android.intent.action.VIEW dat=intoss://takealook/... flg=0x10000000 cmp=viva.republica.toss.test/im.toss.rn.granite.core.GraniteActivity } baseActivity=ComponentInfo{viva.republica.toss.test/im.toss.rn.granite.core.GraniteActivity} topActivity=ComponentInfo{viva.republica.toss.test/im.toss.rn.granite.core.GraniteActivity} origActivity=null realActivity=ComponentInfo{viva.republica.toss.test/im.toss.rn.granite.core.GraniteActivity} numActivities=12 lastActiveTime=107458893 supportsMultiWindow=true resizeMode=1 isResizeable=true minWidth=-1 minHeight=-1 defaultMinSize=220 token=WCT{android.window.IWindowContainerToken$Stub$Proxy@fb2efb5} topActivityType=1 pictureInPictureParams=null shouldDockBigOverlays=false launchIntoPipHostTaskId=-1 lastParentTaskIdBeforePip=-1 displayCutoutSafeInsets=Rect(0, 0 - 0, 0) topActivityInfo=ActivityInfo{f37664a im.toss.rn.granite.core.GraniteActivity} launchCookies=[] positionInParent=Point(0, 0) parentTaskId=-1 isFocused=false isVisible=false isVisibleRequested=false isTopActivityNoDisplay=false isSleeping=false locusId=null displayAreaFeatureId=1 isTopActivityTransparent=false isActivityStackTransparent=false lastNonFullscreenBounds=Rect(284, 660 - 796, 1740) capturedLink=null capturedLinkTimestamp=0 requestedVisibleTypes=-9 topActivityRequestOpenInBrowserEducationTimestamp=0 appCompatTaskInfo=AppCompatTaskInfo { topActivityInSizeCompat=false eligibleForLetterboxEducation= false isLetterboxEducationEnabled= true isLetterboxDoubleTapEnabled= false eligibleForUserAspectRatioButton= false topActivityBoundsLetterboxed= false isFromLetterboxDoubleTap= false topActivityLetterboxVerticalPosition= -1 topActivityLetterboxHorizontalPosition= -1 topActivityLetterboxWidth=-1 topActivityLetterboxHeight=-1 topActivityAppBounds=Rect(0, 0 - 1080, 2400) isUserFullscreenOverrideEnabled=false isSystemFullscreenOverrideEnabled=false hasMinAspectRatioOverride=false topActivityLetterboxBounds=null cameraCompatTaskInfo=CameraCompatTaskInfo { freeformCameraCompatMode=inactive}} topActivityMainWindowFrame=null}, pipChange = null, remoteTransition = null, displayChange = null, flags = 0, debugId = 747 }
02-19 19:13:11.894  4449  4467 D ShellSplitScreen: logExit: no-op, mLoggerSessionId is null
02-19 19:13:11.895  4449  4467 D WindowManagerShell: onActivityRestartAttempt: topActivity=ComponentInfo{viva.republica.toss.test/im.toss.rn.granite.core.GraniteActivity}, wasVisible=false
02-19 19:13:11.898  4449  4467 D WindowManagerShell: setLauncherKeepClearAreaHeight: visible=false, height=527
02-19 19:13:11.898  7804  7804 W SplitSelectStateCtor: Missing session instanceIds
02-19 19:13:11.898  7804  7804 D StatsLog: LAUNCHER_SPLIT_SELECTION_EXIT_INTERRUPTED
02-19 19:13:11.924   752  1095 D BackgroundInstallControlService: Package event received: 0
02-19 19:13:11.927   531   531 I BpBinder: onLastStrongRef automatically unlinking death recipients: 
02-19 19:13:12.051   752  1095 D BackgroundInstallControlService: Package event received: 0
02-19 19:13:12.051   752  1095 D BackgroundInstallControlService: Package event received: 0
02-19 19:13:12.052   752  1095 D BackgroundInstallControlService: Package event received: 0
02-19 19:13:12.052   752  1095 D BackgroundInstallControlService: Package event received: 0
02-19 19:13:12.052   752  1095 D BackgroundInstallControlService: Package event received: 0
02-19 19:13:12.052   752  1095 D BackgroundInstallControlService: Package event received: 0
02-19 19:13:12.081  4449  4474 V SnapshotDrawerUtils: Drawing snapshot surface sizeMismatch=true
02-19 19:13:12.089   752   752 W Looper  : Slow dispatch took 140ms main app=system_server main=true group=FOREGROUND h=android.os.Handler c=<recycled PooledLambda@c8c2795> m=0
02-19 19:13:12.093 18390 18390 D CompatChangeReporter: Compat change id reported: 202956589; UID 10159; state: ENABLED
02-19 19:13:12.108  4449 22842 V WindowManagerShell: onTransitionReady(transaction=3229815428632)
02-19 19:13:12.109  4449  4467 V WindowManagerShell: onTransitionReady (#747) android.os.BinderProxy@fe85fec: {id=747 t=OPEN f=0x0 trk=0 r=[0@Point(0, 0)] c=[
02-19 19:13:12.109  4449  4467 V WindowManagerShell:         {m=TO_FRONT f=MOVE_TO_TOP leash=Surface(name=Task=78)/@0xa6fd231 sb=Rect(0, 0 - 1080, 2400) eb=Rect(0, 0 - 1080, 2400) epz=Point(1080, 2400) d=0 taskParent=-1},
02-19 19:13:12.109  4449  4467 V WindowManagerShell:         {m=TO_BACK f=SHOW_WALLPAPER leash=Surface(name=Task=1)/@0x68d9d16 sb=Rect(0, 0 - 1080, 2400) eb=Rect(0, 0 - 1080, 2400) epz=Point(1080, 2400) d=0 taskParent=-1},
02-19 19:13:12.109  4449  4467 V WindowManagerShell:         {m=TO_BACK f=IS_WALLPAPER leash=Surface(name=WallpaperWindowToken{35e0c0f showWhenLocked=false})/@0x52cc697 sb=Rect(0, 0 - 1080, 2400) eb=Rect(0, 0 - 1080, 2400) epz=Point(1080, 2400) d=0}
02-19 19:13:12.109  4449  4467 V WindowManagerShell:     ]}
02-19 19:13:12.111  4449  4467 V WindowManagerShell: Playing animation for (#747) android.os.BinderProxy@fe85fec@0
02-19 19:13:12.111  4449  4467 V ShellRecents: RecentsTransitionHandler.startAnimation: no controller found
02-19 19:13:12.111  4449  4467 V WindowManagerShell: Transition doesn't have explicit remote, search filters for match for {id=747 t=OPEN f=0x0 trk=0 r=[0@Point(0, 0)] c=[{m=TO_FRONT f=MOVE_TO_TOP leash=Surface(name=Task=78)/@0xa6fd231 sb=Rect(0, 0 - 1080, 2400) eb=Rect(0, 0 - 1080, 2400) epz=Point(1080, 2400) d=0 taskParent=-1},{m=TO_BACK f=SHOW_WALLPAPER leash=Surface(name=Task=1)/@0x68d9d16 sb=Rect(0, 0 - 1080, 2400) eb=Rect(0, 0 - 1080, 2400) epz=Point(1080, 2400) d=0 taskParent=-1},{m=TO_BACK f=IS_WALLPAPER leash=Surface(name=WallpaperWindowToken{35e0c0f showWhenLocked=false})/@0x52cc697 sb=Rect(0, 0 - 1080, 2400) eb=Rect(0, 0 - 1080, 2400) epz=Point(1080, 2400) d=0}]}
02-19 19:13:12.112  4449  4467 V WindowManagerShell:  Checking filter Pair{{types=[] flags=0x0] notFlags=0x0 checks=[{atype=undefined independent=true modes=[CLOSE,TO_BACK] flags=IN_TASK_WITH_EMBEDDED_ACTIVITY mustBeTask=false order=ANY topActivity=null launchCookie=null taskFragmentToken=android.os.BinderProxy@dcfd27d windowingMode=undefined}]} RemoteTransition { remoteTransition = android.window.IRemoteTransition$Stub$Proxy@d4ce572, appThread = android.app.IApplicationThread$Stub$Proxy@fd29dc3, debugName = overlayBackTransition }}
02-19 19:13:12.112  4449  4467 V WindowManagerShell:  Checking filter Pair{{types=[] flags=0x0] notFlags=0x0 checks=[{atype=dream independent=true modes=[OPEN,TO_FRONT] flags=NONE mustBeTask=false order=ANY topActivity=null launchCookie=null windowingMode=undefined},{atype=home independent=true modes=[CLOSE,TO_BACK] flags=NONE mustBeTask=false order=ANY topActivity=null launchCookie=null windowingMode=undefined}]} RemoteTransition { remoteTransition = android.window.IRemoteTransition$Stub$Proxy@90c640, appThread = android.app.IApplicationThread$Stub$Proxy@f8c1979, debugName = LauncherToDream }}
02-19 19:13:12.112  4449  4467 V WindowManagerShell:  Checking filter Pair{{types=[] flags=0x0] notFlags=0x100 checks=[{atype=home independent=true modes=[OPEN,TO_FRONT] flags=NONE mustBeTask=false order=TOP topActivity=ComponentInfo{com.google.android.apps.nexuslauncher/com.google.android.apps.nexuslauncher.NexusLauncherActivity} launchCookie=null windowingMode=undefined},{atype=standard independent=true modes=[CLOSE,TO_BACK] flags=NONE mustBeTask=false order=ANY topActivity=null launchCookie=null windowingMode=undefined},{NOT atype=undefined independent=true modes=[] flags=NONE mustBeTask=true order=ANY topActivity=null launchCookie=null customAnim=true windowingMode=undefined}]} RemoteTransition { remoteTransition = android.window.IRemoteTransition$Stub$Proxy@affe6be, appThread = android.app.IApplicationThread$Stub$Proxy@c37531f, debugName = QuickstepLaunchHome }}
02-19 19:13:12.112  4449  4467 V WindowManagerShell:  Checking filter Pair{{types=[] flags=0x0] notFlags=0x0 checks=[{atype=undefined independent=true modes=[CLOSE,TO_BACK] flags=IN_TASK_WITH_EMBEDDED_ACTIVITY mustBeTask=false order=ANY topActivity=null launchCookie=null taskFragmentToken=android.os.BinderProxy@dcfd27d windowingMode=undefined}]} RemoteTransition { remoteTransition = android.window.IRemoteTransition$Stub$Proxy@3517b6e, appThread = android.app.IApplicationThread$Stub$Proxy@261420f, debugName = overlayBackTransition }}
02-19 19:13:12.113  4449  4467 V WindowManagerShell:  Checking filter Pair{{types=[] flags=0x0] notFlags=0x0 checks=[{atype=dream independent=true modes=[OPEN,TO_FRONT] flags=NONE mustBeTask=false order=ANY topActivity=null launchCookie=null windowingMode=undefined},{atype=home independent=true modes=[CLOSE,TO_BACK] flags=NONE mustBeTask=false order=ANY topActivity=null launchCookie=null windowingMode=undefined}]} RemoteTransition { remoteTransition = android.window.IRemoteTransition$Stub$Proxy@c23e29c, appThread = android.app.IApplicationThread$Stub$Proxy@afb34a5, debugName = LauncherToDream }}
02-19 19:13:12.113  4449  4467 V WindowManagerShell:  Checking filter Pair{{types=[] flags=0x0] notFlags=0x100 checks=[{atype=home independent=true modes=[OPEN,TO_FRONT] flags=NONE mustBeTask=false order=TOP topActivity=ComponentInfo{com.google.android.apps.nexuslauncher/com.google.android.apps.nexuslauncher.NexusLauncherActivity} launchCookie=null windowingMode=undefined},{atype=standard independent=true modes=[CLOSE,TO_BACK] flags=NONE mustBeTask=false order=ANY topActivity=null launchCookie=null windowingMode=undefined},{NOT atype=undefined independent=true modes=[] flags=NONE mustBeTask=true order=ANY topActivity=null launchCookie=null customAnim=true windowingMode=undefined}]} RemoteTransition { remoteTransition = android.window.IRemoteTransition$Stub$Proxy@39de07a, appThread = android.app.IApplicationThread$Stub$Proxy@cf9f02b, debugName = QuickstepLaunchHome }}
02-19 19:13:12.113  4449  4467 V WindowManagerShell:  Delegate animation for (#747) to null
02-19 19:13:12.113  4449  4467 V WindowManagerShell: start default transition animation, info = {id=747 t=OPEN f=0x0 trk=0 r=[0@Point(0, 0)] c=[{m=TO_FRONT f=MOVE_TO_TOP leash=Surface(name=Task=78)/@0xa6fd231 sb=Rect(0, 0 - 1080, 2400) eb=Rect(0, 0 - 1080, 2400) epz=Point(1080, 2400) d=0 taskParent=-1},{m=TO_BACK f=SHOW_WALLPAPER leash=Surface(name=Task=1)/@0x68d9d16 sb=Rect(0, 0 - 1080, 2400) eb=Rect(0, 0 - 1080, 2400) epz=Point(1080, 2400) d=0 taskParent=-1},{m=TO_BACK f=IS_WALLPAPER leash=Surface(name=WallpaperWindowToken{35e0c0f showWhenLocked=false})/@0x52cc697 sb=Rect(0, 0 - 1080, 2400) eb=Rect(0, 0 - 1080, 2400) epz=Point(1080, 2400) d=0}]}
02-19 19:13:12.146   752   794 V WindowManager: Sent Transition (#747) createdAt=02-19 19:13:11.778 via request=TransitionRequestInfo { type = OPEN, triggerTask = TaskInfo{userId=0 taskId=78 effectiveUid=10217 displayId=0 isRunning=true baseIntent=Intent { act=android.intent.action.VIEW dat=intoss://takealook/... flg=0x10000000 cmp=viva.republica.toss.test/im.toss.rn.granite.core.GraniteActivity } baseActivity=ComponentInfo{viva.republica.toss.test/im.toss.rn.granite.core.GraniteActivity} topActivity=ComponentInfo{viva.republica.toss.test/im.toss.rn.granite.core.GraniteActivity} origActivity=null realActivity=ComponentInfo{viva.republica.toss.test/im.toss.rn.granite.core.GraniteActivity} numActivities=12 lastActiveTime=107458893 supportsMultiWindow=true resizeMode=1 isResizeable=true minWidth=-1 minHeight=-1 defaultMinSize=220 token=WCT{RemoteToken{58f5d87 Task{11d79c0 #78 type=standard A=10217:viva.republica.toss.test}}} topActivityType=1 pictureInPictureParams=null shouldDockBigOverlays=false launchIntoPipHostTaskId=-1 lastParentTaskIdBeforePip=-1 displayCutoutSafeInsets=Rect(0, 0 - 0, 0) topActivityInfo=ActivityInfo{a023f40 im.toss.rn.granite.core.GraniteActivity} launchCookies=[] positionInParent=Point(0, 0) parentTaskId=-1 isFocused=false isVisible=false isVisibleRequested=false isTopActivityNoDisplay=false isSleeping=false locusId=null displayAreaFeatureId=1 isTopActivityTransparent=false isActivityStackTransparent=false lastNonFullscreenBounds=Rect(284, 660 - 796, 1740) capturedLink=null capturedLinkTimestamp=0 requestedVisibleTypes=-9 topActivityRequestOpenInBrowserEducationTimestamp=0 appCompatTaskInfo=AppCompatTaskInfo { topActivityInSizeCompat=false eligibleForLetterboxEducation= false isLetterboxEducationEnabled= true isLetterboxDoubleTapEnabled= false eligibleForUserAspectRatioButton= false topActivityBoundsLetterboxed= false isFromLetterboxDoubleTap= false topActivityLetterboxVerticalPosition= -1 topActivityLetterboxHorizontalPosition= -1 topActivityLetterboxWidth=-1 topActivityLetterboxHeight=-1 topActivityAppBounds=Rect(0, 0 - 1080, 2400) isUserFullscreenOverrideEnabled=false isSystemFullscreenOverrideEnabled=false hasMinAspectRatioOverride=false topActivityLetterboxBounds=null cameraCompatTaskInfo=CameraCompatTaskInfo { freeformCameraCompatMode=inactive}} topActivityMainWindowFrame=null}, pipChange = null, remoteTransition = null, displayChange = null, flags = 0, debugId = 747 }
02-19 19:13:12.146   752   794 V WindowManager:     startWCT=WindowContainerTransaction { changes= {} hops= [] errorCallbackToken=null taskFragmentOrganizer=null }
02-19 19:13:12.147   752   794 V WindowManager:     info={id=747 t=OPEN f=0x0 trk=0 r=[0@Point(0, 0)] c=[
02-19 19:13:12.147   752   794 V WindowManager:         {WCT{RemoteToken{58f5d87 Task{11d79c0 #78 type=standard A=10217:viva.republica.toss.test}}} m=TO_FRONT f=MOVE_TO_TOP leash=Surface(name=Task=78)/@0x6af51ab sb=Rect(0, 0 - 1080, 2400) eb=Rect(0, 0 - 1080, 2400) epz=Point(1080, 2400) d=0 taskParent=-1},
02-19 19:13:12.147   752   794 V WindowManager:         {WCT{RemoteToken{5218fe8 Task{dd43522 #1 type=home}}} m=TO_BACK f=SHOW_WALLPAPER leash=Surface(name=Task=1)/@0x8ddbd2e sb=Rect(0, 0 - 1080, 2400) eb=Rect(0, 0 - 1080, 2400) epz=Point(1080, 2400) d=0 taskParent=-1},
02-19 19:13:12.147   752   794 V WindowManager:         {m=TO_BACK f=IS_WALLPAPER leash=Surface(name=WallpaperWindowToken{35e0c0f showWhenLocked=false})/@0x512f5be sb=Rect(0, 0 - 1080, 2400) eb=Rect(0, 0 - 1080, 2400) epz=Point(1080, 2400) d=0}
02-19 19:13:12.147   752   794 V WindowManager:     ]}
02-19 19:13:12.262  4449  4467 V WindowManagerShell: loadAnimation: anim=android.view.animation.AnimationSet@93e74a2 animAttr=0x13 type=OPEN isEntrance=false
02-19 19:13:12.420  4449  4467 V WindowManagerShell: loadAnimation: anim=android.view.animation.AnimationSet@ed9669 animAttr=0x12 type=OPEN isEntrance=true
02-19 19:13:12.488  4449  4467 V WindowManagerShell:  animated by com.android.wm.shell.transition.DefaultTransitionHandler@f74d823
02-19 19:13:12.682   752  1116 V GrammaticalInflectionUtils: AttributionSource: android.content.AttributionSource@7817ca57 does not have READ_SYSTEM_GRAMMATICAL_GENDER permission.
02-19 19:13:12.703 18390 18390 I putmethod.latin: AssetManager2(0x7d8fac427b98) locale list changing from [] to [en-US]
02-19 19:13:12.731  1263  1263 D Zygote  : Forked child process 18427
02-19 19:13:12.747 18427 18427 I ocessService0:1: Using CollectorTypeCMC GC.
02-19 19:13:12.749 18427 18427 W ocessService0:1: Unexpected CPU variant for x86: x86_64.
02-19 19:13:12.749 18427 18427 W ocessService0:1: Known variants: atom, sandybridge, silvermont, goldmont, goldmont-plus, goldmont-without-sha-xsaves, tremont, kabylake, alderlake, default
02-19 19:13:12.765 18427 18427 E ocessService0:1: Not starting debugger since process cannot load the jdwp agent.
02-19 19:13:12.770   752   806 W ActivityManager: Slow operation: 82ms so far, now at startProcess: returned from zygote!
02-19 19:13:12.772 18427 18427 D nativeloader: Load libframework-connectivity-tiramisu-jni.so using APEX ns com_android_tethering for caller /apex/com.android.tethering/javalib/framework-connectivity-t.jar: ok
02-19 19:13:12.798   752   806 W ActivityManager: Slow operation: 109ms so far, now at startProcess: done updating battery stats
02-19 19:13:12.799   752   806 W ActivityManager: Slow operation: 110ms so far, now at startProcess: building log message
02-19 19:13:12.799   752   806 I ActivityManager: Start proc 18427:com.google.android.webview:sandboxed_process0:org.chromium.content.app.SandboxedProcessService0:1/u0i49 for  {viva.republica.toss.test/org.chromium.content.app.SandboxedProcessService0:1}
02-19 19:13:12.799   752   806 W ActivityManager: Slow operation: 111ms so far, now at startProcess: starting to update pids map
02-19 19:13:12.800  4449  4467 V WindowManagerShell: Transition animation finished (aborted=false), notifying core (#747) android.os.BinderProxy@fe85fec@0
02-19 19:13:12.801   752   806 I ActivityManager: ProcessObserver broadcast disabled
02-19 19:13:12.801   752   806 W ActivityManager: Slow operation: 113ms so far, now at startProcess: done updating pids map
02-19 19:13:12.804   752   794 V WindowManager: Finish Transition (#747): created at 02-19 19:13:11.778 collect-started=0.146ms request-sent=42.31ms started=116.221ms ready=307.233ms sent=311.087ms commit=418.494ms finished=1024.919ms
02-19 19:13:12.805  7804  7804 D VRI[NexusLauncherActivity]: visibilityChanged oldVisibility=true newVisibility=false
02-19 19:13:12.813  7804  7804 D NexusLauncherModelDelegate: notifySmartspaceEvent: SmartspaceTargetEvent{mSmartspaceTarget=null, mSmartspaceActionId='null', mEventType=7}
02-19 19:13:12.820  4449  4467 V WindowManagerShell: Track 0 became idle
