--------- beginning of system
02-19 14:19:27.411  4449  4467 V WindowManagerShell: Track 1 became idle
02-19 14:19:27.411  4449  4467 V WindowManagerShell: All active transition animations finished
--------- beginning of main
02-19 14:19:27.411   617   617 D VRI[NexusLauncherActivity]: visibilityChanged oldVisibility=true newVisibility=false
02-19 14:19:27.412   617   617 D NexusLauncherModelDelegate: notifySmartspaceEvent: SmartspaceTargetEvent{mSmartspaceTarget=null, mSmartspaceActionId='null', mEventType=7}
02-19 14:19:27.444   617   617 D BaseDepthController: setSurface:
02-19 14:19:27.444   617   617 D BaseDepthController: 	mWaitingOnSurfaceValidity: false
02-19 14:19:27.444   617   617 D BaseDepthController: 	mBaseSurface: null
02-19 14:19:27.445   617   617 D BaseDepthController: mSurface is null and mCurrentBlur is: 0
02-19 14:19:27.542   752   794 W Looper  : Slow dispatch took 125ms android.fg app=system_server main=false group=FOREGROUND h=android.os.Handler c=com.android.server.location.injector.SystemAppForegroundHelper$$ExternalSyntheticLambda1@87db635 m=0
02-19 14:19:27.868   752   989 I ImeTracker: viva.republica.toss.test:cbc7b184: onRequestHide at ORIGIN_SERVER reason HIDE_UNSPECIFIED_WINDOW fromUser false
02-19 14:19:27.870  5621  5621 I Choreographer: Skipped 43 frames!  The application may be doing too much work on its main thread.
02-19 14:19:27.873  1563  1563 I GoogleInputMethodService: GoogleInputMethodService.onFinishInput():2043 
02-19 14:19:27.875  1563  1563 I Module  : DeviceLockedStatusModuleProvider$Module.updateDeviceLockedStatus():100 repeatCheckTimes = 0, locked = false
02-19 14:19:27.875   752  1984 I ImeTracker: system_server:7e481f0: onRequestHide at ORIGIN_SERVER reason IME_REQUESTED_CHANGED_LISTENER fromUser false
02-19 14:19:27.876  1563  1563 I GoogleInputMethodService: GoogleInputMethodService.onStartInput():1293 onStartInput(EditorInfo{EditorInfo{packageName=viva.republica.toss.test, inputType=0, inputTypeString=NULL, enableLearning=false, autoCorrection=false, autoComplete=false, imeOptions=0, privateImeOptions=null, actionName=UNSPECIFIED, actionLabel=null, initialSelStart=-1, initialSelEnd=-1, initialCapsMode=0, label=null, fieldId=0, fieldName=null, extras=null, hintText=null, hintLocales=[]}}, false)
02-19 14:19:27.876   752   797 I ImeTracker: system_server:7e481f0: onCancelled at PHASE_SERVER_SHOULD_HIDE
02-19 14:19:27.877  1563  1563 I Module  : DeviceLockedStatusModuleProvider$Module.updateDeviceLockedStatus():100 repeatCheckTimes = 1, locked = false
02-19 14:19:27.878  1563  1563 I EmojiCompatManager: EmojiCompatManager.getEmojiCompatIfLoaded():343 EmojiCompat.init() was never called.
02-19 14:19:27.878  1563  1563 I EmojiCompatManager: java.lang.IllegalStateException: EmojiCompat is not initialized. Please call EmojiCompat.init() first
02-19 14:19:27.878  1563  1563 I EmojiCompatManager: 	at asx.p(PG:6)
02-19 14:19:27.878  1563  1563 I EmojiCompatManager: 	at axb.b(PG:13)
02-19 14:19:27.878  1563  1563 I EmojiCompatManager: 	at jnr.b(PG:2)
02-19 14:19:27.878  1563  1563 I EmojiCompatManager: 	at jnr.c(PG:4)
02-19 14:19:27.878  1563  1563 I EmojiCompatManager: 	at jnr.f(PG:3)
02-19 14:19:27.878  1563  1563 I EmojiCompatManager: 	at jnx.c(PG:3)
02-19 14:19:27.878  1563  1563 I EmojiCompatManager: 	at kif.cz(PG:47)
02-19 14:19:27.878  1563  1563 I EmojiCompatManager: 	at lhl.run(PG:1025)
02-19 14:19:27.878  1563  1563 I EmojiCompatManager: 	at jaf.execute(PG:12)
02-19 14:19:27.878  1563  1563 I EmojiCompatManager: 	at nco.v(PG:13)
02-19 14:19:27.878  1563  1563 I EmojiCompatManager: 	at lhn.m(PG:96)
02-19 14:19:27.878  1563  1563 I EmojiCompatManager: 	at lhn.k(PG:25)
02-19 14:19:27.878  1563  1563 I EmojiCompatManager: 	at kgn.onStartInput(PG:250)
02-19 14:19:27.878  1563  1563 I EmojiCompatManager: 	at android.inputmethodservice.InputMethodService.doStartInput(InputMethodService.java:3521)
02-19 14:19:27.878  1563  1563 I EmojiCompatManager: 	at android.inputmethodservice.InputMethodService$InputMethodImpl.startInput(InputMethodService.java:879)
02-19 14:19:27.878  1563  1563 I EmojiCompatManager: 	at android.inputmethodservice.InputMethodService$InputMethodImpl.dispatchStartInput(InputMethodService.java:908)
02-19 14:19:27.878  1563  1563 I EmojiCompatManager: 	at android.inputmethodservice.IInputMethodWrapper.executeMessage(IInputMethodWrapper.java:201)
02-19 14:19:27.878  1563  1563 I EmojiCompatManager: 	at com.android.internal.os.HandlerCaller$MyHandler.handleMessage(HandlerCaller.java:44)
02-19 14:19:27.878  1563  1563 I EmojiCompatManager: 	at android.os.Handler.dispatchMessage(Handler.java:110)
02-19 14:19:27.878  1563  1563 I EmojiCompatManager: 	at android.os.Looper.loopOnce(Looper.java:248)
02-19 14:19:27.878  1563  1563 I EmojiCompatManager: 	at android.os.Looper.loop(Looper.java:338)
02-19 14:19:27.878  1563  1563 I EmojiCompatManager: 	at android.app.ActivityThread.main(ActivityThread.java:9067)
02-19 14:19:27.878  1563  1563 I EmojiCompatManager: 	at java.lang.reflect.Method.invoke(Native Method)
02-19 14:19:27.878  1563  1563 I EmojiCompatManager: 	at com.android.internal.os.RuntimeInit$MethodAndArgsCaller.run(RuntimeInit.java:593)
02-19 14:19:27.878  1563  1563 I EmojiCompatManager: 	at com.android.internal.os.ZygoteInit.main(ZygoteInit.java:932)
02-19 14:19:27.879   752  1984 W PackageConfigPersister: App-specific configuration not found for packageName: viva.republica.toss.test and userId: 0
02-19 14:19:27.993   617   617 D StateManager: goToState - fromState: Normal, toState: Normal, partial trace:
02-19 14:19:27.993   617   617 D StateManager: 	at com.android.launcher3.statemanager.StateManager.moveToRestState(go/retraceme 72a59688580715d19f0e415c69e80376c2f062d1648c80db6730905005a27c20:4)
02-19 14:19:27.993   617   617 D StateManager: 	at com.android.launcher3.statemanager.StateManager.moveToRestState(go/retraceme 72a59688580715d19f0e415c69e80376c2f062d1648c80db6730905005a27c20:1)
02-19 14:19:27.993   617   617 D StateManager: 	at com.android.launcher3.statemanager.StatefulActivity.onStop(go/retraceme 72a59688580715d19f0e415c69e80376c2f062d1648c80db6730905005a27c20:34)
02-19 14:19:28.007  5621  5621 D InsetsController: hide(ime(), fromIme=false)
02-19 14:19:28.008  5621  5621 I ImeTracker: viva.republica.toss.test:cbc7b184: onCancelled at PHASE_CLIENT_ALREADY_HIDDEN
02-19 14:19:28.020   617   617 D StatsLog: LAUNCHER_ONSTOP
02-19 14:19:28.032   617   617 D StatsLog: LAUNCHER_GOOGLE_SEARCH_RESTORE_LIST_SIZE_AFTER_ACTIVITY_RESTART
02-19 14:19:28.032   617   617 I Choreographer: Skipped 36 frames!  The application may be doing too much work on its main thread.
02-19 14:19:28.104   617   637 W System  : A resource failed to call release. 
02-19 14:19:28.104   617   637 W System  : A resource failed to call release. 
02-19 14:19:28.104   617   637 W System  : A resource failed to call release. 
02-19 14:19:28.104   617   637 W System  : A resource failed to call release. 
02-19 14:19:28.104   617   637 W System  : A resource failed to call release. 
02-19 14:19:28.105   752  1095 D BackgroundInstallControlService: Package event received: 0
02-19 14:19:28.106   617   637 W System  : A resource failed to call release. 
02-19 14:19:28.106   617   637 W System  : A resource failed to call release. 
02-19 14:19:28.106   617   637 W System  : A resource failed to call release. 
02-19 14:19:28.106   617   637 W System  : A resource failed to call release. 
02-19 14:19:28.106   617   637 W System  : A resource failed to call release. 
02-19 14:19:28.113  5621  6882 W unknown:ReconnectingWebSocket: Couldn't connect to "ws://10.0.2.2:8081/message?device=sdk_gphone64_x86_64%20-%2016%20-%20API%2036&app=viva.republica.toss.test&clientid=BridgeDevSupportManager", will silently retry
02-19 14:19:28.221   531   531 E SurfaceFlinger: Out of order buffers detected for RequestedLayerState{viva.republica.toss.test/im.toss.rn.granite.core.GraniteActivity#4445 parentId=4444} producedId=31 frameNumber=23 -> producedId=31 frameNumber=5
02-19 14:19:28.228  5621  5939 I HWUI    : Davey! duration=989ms; Flags=0, FrameTimelineVsyncId=1568020, IntendedVsync=89840988679884, Vsync=89841705346522, InputEventId=0, HandleInputStart=89841717603415, AnimationStart=89841717604751, PerformTraversalsStart=89841832965631, DrawStart=89841833191747, FrameDeadline=89841055346548, FrameStartTime=89841717244993, FrameInterval=16666666, WorkloadTarget=16666666, SyncQueued=89841834077498, SyncStart=89841834870174, IssueDrawCommandsStart=89841835025949, SwapBuffers=89841972191517, FrameCompleted=89841978796377, DequeueBufferDuration=8014, QueueBufferDuration=1296064, GpuCompleted=89841978492153, SwapBuffersCompleted=89841978796377, DisplayPresentTime=17592186048512, CommandSubmissionCompleted=89841972191517, 
02-19 14:19:29.284   531   568 W EventThread: Faking VSYNC due to driver stall for thread app
02-19 14:19:29.286  5621  5621 I Choreographer: Skipped 62 frames!  The application may be doing too much work on its main thread.
02-19 14:19:29.344   531   531 E SurfaceFlinger: Out of order buffers detected for RequestedLayerState{viva.republica.toss.test/im.toss.rn.granite.core.GraniteActivity#4445 parentId=4444} producedId=31 frameNumber=23 -> producedId=31 frameNumber=6
02-19 14:19:29.378   531   531 E SurfaceFlinger: Out of order buffers detected for RequestedLayerState{viva.republica.toss.test/im.toss.rn.granite.core.GraniteActivity#4445 parentId=4444} producedId=31 frameNumber=23 -> producedId=31 frameNumber=7
02-19 14:19:29.401   531   531 E SurfaceFlinger: Out of order buffers detected for RequestedLayerState{viva.republica.toss.test/im.toss.rn.granite.core.GraniteActivity#4445 parentId=4444} producedId=31 frameNumber=23 -> producedId=31 frameNumber=8
02-19 14:19:29.435   531   531 E SurfaceFlinger: Out of order buffers detected for RequestedLayerState{viva.republica.toss.test/im.toss.rn.granite.core.GraniteActivity#4445 parentId=4444} producedId=31 frameNumber=23 -> producedId=31 frameNumber=9
02-19 14:19:29.462   531   531 E SurfaceFlinger: Out of order buffers detected for RequestedLayerState{viva.republica.toss.test/im.toss.rn.granite.core.GraniteActivity#4445 parentId=4444} producedId=31 frameNumber=23 -> producedId=31 frameNumber=10
02-19 14:19:29.494   531   531 E SurfaceFlinger: Out of order buffers detected for RequestedLayerState{viva.republica.toss.test/im.toss.rn.granite.core.GraniteActivity#4445 parentId=4444} producedId=31 frameNumber=23 -> producedId=31 frameNumber=11
02-19 14:19:29.527   531   531 E SurfaceFlinger: Out of order buffers detected for RequestedLayerState{viva.republica.toss.test/im.toss.rn.granite.core.GraniteActivity#4445 parentId=4444} producedId=31 frameNumber=23 -> producedId=31 frameNumber=12
02-19 14:19:29.551   531   531 E SurfaceFlinger: Out of order buffers detected for RequestedLayerState{viva.republica.toss.test/im.toss.rn.granite.core.GraniteActivity#4445 parentId=4444} producedId=31 frameNumber=23 -> producedId=31 frameNumber=13
02-19 14:19:29.566   531   531 E SurfaceFlinger: Out of order buffers detected for RequestedLayerState{viva.republica.toss.test/im.toss.rn.granite.core.GraniteActivity#4445 parentId=4444} producedId=31 frameNumber=23 -> producedId=31 frameNumber=14
02-19 14:19:29.581  6883  6883 W dumpsys : Thread Pool max thread count is 0. Cannot cache binder as linkToDeath cannot be implemented. serviceName: package
02-19 14:19:29.593   531   531 E SurfaceFlinger: Out of order buffers detected for RequestedLayerState{viva.republica.toss.test/im.toss.rn.granite.core.GraniteActivity#4445 parentId=4444} producedId=31 frameNumber=23 -> producedId=31 frameNumber=15
02-19 14:19:29.627   531   531 E SurfaceFlinger: Out of order buffers detected for RequestedLayerState{viva.republica.toss.test/im.toss.rn.granite.core.GraniteActivity#4445 parentId=4444} producedId=31 frameNumber=23 -> producedId=31 frameNumber=16
02-19 14:19:29.648   752  1856 E TaskPersister: File error accessing recents directory (directory doesn't exist?).
02-19 14:19:29.664  6886  6886 W dumpsys : Thread Pool max thread count is 0. Cannot cache binder as linkToDeath cannot be implemented. serviceName: window
02-19 14:19:29.781  6613  6857 I artd    : GetBestInfo: odex next to the dex file (/data/app/~~O-UZzK0jUU9NLgS3MODOZA==/com.google.android.gms-YQ2L6GsYyKuvu9MvIBK1EQ==/oat/x86_64/base.odex) is kOatUpToDate with filter 'speed-profile' executable 'false'
02-19 14:19:29.798  6613  6857 I artd    : GetBestInfo: odex next to the dex file (/data/app/~~O-UZzK0jUU9NLgS3MODOZA==/com.google.android.gms-YQ2L6GsYyKuvu9MvIBK1EQ==/oat/x86_64/split_AdsDynamite_installtime.odex) is kOatUpToDate with filter 'speed' executable 'false'
02-19 14:19:29.805  6613  6857 I artd    : GetBestInfo: odex next to the dex file (/data/app/~~O-UZzK0jUU9NLgS3MODOZA==/com.google.android.gms-YQ2L6GsYyKuvu9MvIBK1EQ==/oat/x86_64/split_CronetDynamite_installtime.odex) is kOatUpToDate with filter 'speed' executable 'false'
02-19 14:19:29.810  6613  6857 I artd    : GetBestInfo: odex next to the dex file (/data/app/~~O-UZzK0jUU9NLgS3MODOZA==/com.google.android.gms-YQ2L6GsYyKuvu9MvIBK1EQ==/oat/x86_64/split_DynamiteLoader_installtime.odex) is kOatUpToDate with filter 'speed' executable 'false'
02-19 14:19:29.816  6613  6857 I artd    : GetBestInfo: odex next to the dex file (/data/app/~~O-UZzK0jUU9NLgS3MODOZA==/com.google.android.gms-YQ2L6GsYyKuvu9MvIBK1EQ==/oat/x86_64/split_DynamiteModulesA_installtime.odex) is kOatUpToDate with filter 'speed' executable 'false'
02-19 14:19:29.823  6613  6857 I artd    : GetBestInfo: odex next to the dex file (/data/app/~~O-UZzK0jUU9NLgS3MODOZA==/com.google.android.gms-YQ2L6GsYyKuvu9MvIBK1EQ==/oat/x86_64/split_DynamiteModulesC_installtime.odex) is kOatUpToDate with filter 'speed' executable 'false'
02-19 14:19:29.830  6613  6857 I artd    : GetBestInfo: odex next to the dex file (/data/app/~~O-UZzK0jUU9NLgS3MODOZA==/com.google.android.gms-YQ2L6GsYyKuvu9MvIBK1EQ==/oat/x86_64/split_GoogleCertificates_installtime.odex) is kOatUpToDate with filter 'speed' executable 'false'
02-19 14:19:29.835  6613  6857 I artd    : GetBestInfo: odex next to the dex file (/data/app/~~O-UZzK0jUU9NLgS3MODOZA==/com.google.android.gms-YQ2L6GsYyKuvu9MvIBK1EQ==/oat/x86_64/split_MapsDynamite_installtime.odex) is kOatUpToDate with filter 'speed' executable 'false'
02-19 14:19:29.842  6613  6857 I artd    : GetBestInfo: odex next to the dex file (/data/app/~~O-UZzK0jUU9NLgS3MODOZA==/com.google.android.gms-YQ2L6GsYyKuvu9MvIBK1EQ==/oat/x86_64/split_MeasurementDynamite_installtime.odex) is kOatUpToDate with filter 'speed' executable 'false'
02-19 14:19:29.845  6613  6857 I artd    : GetBestInfo: /data/app/~~O-UZzK0jUU9NLgS3MODOZA==/com.google.android.gms-YQ2L6GsYyKuvu9MvIBK1EQ==/split_maps_core_dynamite_ondemand.apk has no usable artifacts
02-19 14:19:29.852  6613  6857 I artd    : GetBestInfo: /data/user_de/0/com.google.android.gms/app_chimera/m/0000000c/dl-Appsearch.optional_250834100800.apk has no usable artifacts
02-19 14:19:29.854  6613  6857 I artd    : GetBestInfo: /data/user_de/0/com.google.android.gms/app_chimera/m/00000001/CronetDynamite.apk has no usable artifacts
02-19 14:19:29.855  6613  6857 I artd    : GetBestInfo: /data/user_de/0/com.google.android.gms/app_chimera/m/00000002/DynamiteLoader.apk has no usable artifacts
02-19 14:19:29.856  6613  6857 I artd    : GetBestInfo: /data/user_de/0/com.google.android.gms/app_chimera/m/00000005/GoogleCertificates.apk has no usable artifacts
02-19 14:19:29.861  6613  6857 I artd    : GetBestInfo: /data/user_de/0/com.google.android.gms/app_chimera/m/00000009/dl-TfliteDynamiteDynamite.integ_252130102100800.apk has no usable artifacts
02-19 14:19:29.866  6613  6857 I artd    : GetBestInfo: vdex next to the dex file (/data/user/0/com.google.android.gms/app_dg_cache/BF7C023AB90CCF01D1F467FC1CEBAF866511FF29/oat/x86_64/the.vdex) is kOatUpToDate with filter 'verify' executable 'false'
02-19 14:19:29.869  6613  6857 I artd    : GetBestInfo: /data/user_de/0/com.google.android.gms/app_chimera/m/00000010/dl-PlayCloudSearch.optional_250834100000.apk has no usable artifacts
02-19 14:19:29.876  6613  6857 I artd    : GetBestInfo: /data/user_de/0/com.google.android.gms/app_chimera/m/00000017/dl-PlayCloudSearch.optional_260438100000.apk has no usable artifacts
02-19 14:19:29.880  6613  6621 I artd    : GetBestInfo: /data/user_de/0/com.google.android.gms/app_chimera/m/00000015/dl-MlkitOcrCommon.optional_260438100800.apk has no usable artifacts
02-19 14:19:29.886  6613  6621 I artd    : GetBestInfo: /data/user_de/0/com.google.android.gms/app_chimera/m/00000013/dl-MlkitBarcodeUi.optional_260438100800.apk has no usable artifacts
02-19 14:19:29.889  6613  6621 I artd    : GetBestInfo: /data/user_de/0/com.google.android.gms/app_chimera/m/0000000f/dl-MlkitOcrCommon.optional_250834100800.apk has no usable artifacts
02-19 14:19:29.895  6613  6857 I artd    : GetBestInfo: /data/user_de/0/com.google.android.gms/app_chimera/m/0000000d/dl-VisionOcr.optional_250834100000.apk has no usable artifacts
02-19 14:19:29.902  6613  6857 I artd    : GetBestInfo: /data/user_de/0/com.google.android.gms/app_chimera/m/0000000a/dl-MlkitBarcodeUi.optional_250834100800.apk has no usable artifacts
02-19 14:19:29.908  6613  6857 I artd    : GetBestInfo: /data/user_de/0/com.google.android.gms/app_chimera/m/00000011/dl-VisionOcr.optional_260438100000.apk has no usable artifacts
02-19 14:19:29.913  6613  6857 I artd    : GetBestInfo: /data/user_de/0/com.google.android.gms/app_chimera/m/00000012/dl-Appsearch.optional_260438100800.apk has no usable artifacts
02-19 14:19:29.921  6613  6857 I artd    : GetBestInfo: vdex next to the dex file (/data/user/0/com.google.android.gms/app_dg_cache/94DF452EEF4B8E717545DCDEA6CC3C50A319A195/oat/x86_64/the.vdex) is kOatUpToDate with filter 'verify' executable 'false'
02-19 14:19:29.925  6613  6857 I artd    : GetBestInfo: /data/user_de/0/com.google.android.gms/app_chimera/m/00000007/MeasurementDynamite.apk has no usable artifacts
02-19 14:19:29.929  6613  6857 I artd    : GetBestInfo: /data/user_de/0/com.google.android.gms/app_chimera/m/00000018/dl-AdsFdrDynamite.integ_254380203100000.apk has no usable artifacts
02-19 14:19:29.968   752  1984 I system_server: AssetManager2(0x7d8fac435fb8) locale list changing from [] to [en-US]
02-19 14:19:30.161   752  1984 I system_server: AssetManager2(0x7d8fac5221d8) locale list changing from [] to [en-US]
02-19 14:19:30.232   752  1984 I system_server: AssetManager2(0x7d8fac445698) locale list changing from [] to [en-US]
02-19 14:19:30.449   752  1984 I system_server: AssetManager2(0x7d8fac4e6ef8) locale list changing from [] to [en-US]
02-19 14:19:30.501   752  1984 I system_server: AssetManager2(0x7d8fac46f678) locale list changing from [] to [en-US]
02-19 14:19:30.591   752  1984 I system_server: AssetManager2(0x7d8fac4d6b98) locale list changing from [] to [en-US]
02-19 14:19:31.003   617   640 D OverviewCommandHelper: command added: CommandInfo(type=TOGGLE, status=IDLE, createTime=89844849, animationCallbacks=null, displayId=0, isLastOfBatch=true)
02-19 14:19:31.003   617   640 D OverviewCommandHelper: execute: CommandInfo(type=TOGGLE, status=IDLE, createTime=89844849, animationCallbacks=null, displayId=0, isLastOfBatch=true) - queue size: 1
02-19 14:19:31.004   617   617 D OverviewCommandHelper: executing command: CommandInfo(type=TOGGLE, status=PROCESSING, createTime=89844849, animationCallbacks=null, displayId=0, isLastOfBatch=true)
02-19 14:19:31.004   617   617 D OverviewCommandHelper: executeCommand: CommandInfo(type=TOGGLE, status=PROCESSING, createTime=89844849, animationCallbacks=null, displayId=0, isLastOfBatch=true) - visibleRecentsView: null
02-19 14:19:31.004   617   617 D OverviewCommandHelper: Querying TaskbarManager for TaskbarUIController for display: 0
02-19 14:19:31.004   617   617 D OverviewCommandHelper: TaskbarUIController for display 0 was found
02-19 14:19:31.080  4449  4449 I vol.VolumeDialogImpl: mDialog.dismiss() reason: volume_controller from: com.android.systemui.volume.VolumeDialogImpl$7.onDismissRequested:3
02-19 14:19:31.097   617   617 D ContextTracker: Registering callback: com.android.launcher3.LauncherInitListener@a686ab1, reason=OverviewCommandHelper: command.type=TOGGLE
02-19 14:19:31.097   617   617 D RecentsView: onGestureAnimationStart - groupedTaskInfo: Desk ID= -1, Desk Display ID=-1, Tasks=[id=56 winMode=fullscreen visReq=true vis=true excluded=false baseIntent=viva.republica.toss.test/.MiniAppSchemeActivity], Type=FULLSCREEN, Minimized Task IDs=null
02-19 14:19:31.098   617   617 D RecentsView: showCurrentTask(onGestureAnimationStart) - groupedTaskInfo: Desk ID= -1, Desk Display ID=-1, Tasks=[id=56 winMode=fullscreen visReq=true vis=true excluded=false baseIntent=viva.republica.toss.test/.MiniAppSchemeActivity], Type=FULLSCREEN, Minimized Task IDs=null
02-19 14:19:31.101   617   617 D OverviewActionsView: updateForGroupedTask() called with: isGroupedTask = [false], canSaveAppPair = [false]
02-19 14:19:31.101   617   617 D OverviewActionsView: updateActionButtonsVisibility() called: showSingleTaskActions = [true], showGroupActions = [false]
02-19 14:19:31.106   617   617 D RecentsView: reloadIfNeeded - getTasks: 273
02-19 14:19:31.108   617   617 D RecentsView: onGestureAnimationStart - groupedTaskInfo: Desk ID= -1, Desk Display ID=-1, Tasks=[id=56 winMode=fullscreen visReq=true vis=true excluded=false baseIntent=viva.republica.toss.test/.MiniAppSchemeActivity], Type=FULLSCREEN, Minimized Task IDs=null
02-19 14:19:31.108  4449  4467 V ShellRecents: RecentsTransitionHandler.startRecentsTransition
02-19 14:19:31.108   617   617 D RecentsView: showCurrentTask(onGestureAnimationStart) - groupedTaskInfo: Desk ID= -1, Desk Display ID=-1, Tasks=[id=56 winMode=fullscreen visReq=true vis=true excluded=false baseIntent=viva.republica.toss.test/.MiniAppSchemeActivity], Type=FULLSCREEN, Minimized Task IDs=null
02-19 14:19:31.108   617   617 D OverviewActionsView: updateForGroupedTask() called with: isGroupedTask = [false], canSaveAppPair = [false]
02-19 14:19:31.108   617   617 D OverviewActionsView: updateActionButtonsVisibility() called: showSingleTaskActions = [true], showGroupActions = [false]
02-19 14:19:31.108  4449  4467 V WindowManagerShell: Directly starting a new transition type=TO_FRONT wct=WindowContainerTransaction { changes= {} hops= [{pendingIntent: options=Bundle[{android.activity.splashScreenStyle=-1, android.activity.sourceInfo=Supplier{VAL_PARCELABLE@148+104}, android.pendingIntent.backgroundActivityAllowed=3, android:activity.animAbortListener=null, android.activity.transientLaunch=true}]}] errorCallbackToken=null taskFragmentOrganizer=null } handler=com.android.wm.shell.recents.RecentsTransitionHandler@bc47314
02-19 14:19:31.109   617   617 D RecentsView: reloadIfNeeded - task list still valid: 273
02-19 14:19:31.110   617   617 D OverviewCommandHelper: switching via recents animation - onGestureStarted: CommandInfo(type=TOGGLE, status=PROCESSING, createTime=89844849, animationCallbacks=com.android.quickstep.RecentsAnimationCallbacks@e2461b, displayId=0, isLastOfBatch=true)
02-19 14:19:31.110   617   617 D OverviewCommandHelper: command executed: CommandInfo(type=TOGGLE, status=PROCESSING, createTime=89844849, animationCallbacks=com.android.quickstep.RecentsAnimationCallbacks@e2461b, displayId=0, isLastOfBatch=true) with result: false
02-19 14:19:31.110   617   617 D OverviewCommandHelper: waiting for command callback: CommandInfo(type=TOGGLE, status=PROCESSING, createTime=89844849, animationCallbacks=com.android.quickstep.RecentsAnimationCallbacks@e2461b, displayId=0, isLastOfBatch=true)
02-19 14:19:31.110   617   617 D RecentsView: applyLoadPlan - taskGroups: [type=SINGLE task=[id=12 windowingMode=0 user=0 lastActiveTime=89737] null, type=SINGLE task=[id=49 windowingMode=1 user=0 lastActiveTime=87698314] null, type=SINGLE task=[id=56 windowingMode=1 user=0 lastActiveTime=89840311] null]
02-19 14:19:31.122  4449  4449 I vol.VolumeDialogImpl: mDialog.dismiss() reason: volume_controller from: com.android.systemui.volume.VolumeDialogImpl$7.onDismissRequested:3
02-19 14:19:31.122  4449  4449 D vol.VolumeDialogImpl: dismissH: skipping dismiss because isAnimatingDismiss is true and showingStateInconsistent is false
02-19 14:19:31.122  4449  4467 V ShellRecents: [22344293] RecentsController.setTransition: id=android.os.BinderProxy@e7aff5c
02-19 14:19:31.126   752  1095 D BackgroundInstallControlService: Package event received: 0
02-19 14:19:31.126   752  1095 D BackgroundInstallControlService: Package event received: 0
02-19 14:19:32.397   531   568 W EventThread: Faking VSYNC due to driver stall for thread app
02-19 14:19:32.398   531   569 W EventThread: Faking VSYNC due to driver stall for thread appSf
02-19 14:19:32.402   531   531 I BpBinder: onLastStrongRef automatically unlinking death recipients: 
02-19 14:19:32.411   617   617 D ViewRootImpl: Skipping stats log for color mode
02-19 14:19:32.411   752   798 I Choreographer: Skipped 77 frames!  The application may be doing too much work on its main thread.
02-19 14:19:32.444   617   617 D StateManager: goToState - fromState: Normal, toState: Background, partial trace:
02-19 14:19:32.444   617   617 D StateManager: 	at com.android.quickstep.BaseActivityInterface$DefaultAnimationFactory.initBackgroundStateUI(go/retraceme 72a59688580715d19f0e415c69e80376c2f062d1648c80db6730905005a27c20:39)
02-19 14:19:32.444   617   617 D StateManager: 	at com.android.quickstep.LauncherActivityInterface.prepareRecentsUI(go/retraceme 72a59688580715d19f0e415c69e80376c2f062d1648c80db6730905005a27c20:9)
02-19 14:19:32.444   617   617 D StateManager: 	at com.android.quickstep.AbsSwipeUpHandler.lambda$onLauncherStart$7(go/retraceme 72a59688580715d19f0e415c69e80376c2f062d1648c80db6730905005a27c20:11)
02-19 14:19:32.445   617   617 D StateManager: onStateTransitionStart - state: Background
02-19 14:19:32.450   752  1095 D BackgroundInstallControlService: Package event received: 0
02-19 14:19:32.456   617   617 D BaseDepthController: mSurface is null and mCurrentBlur is: 0
02-19 14:19:32.457   617   617 D KeyboardInsetsHandler: setState, toState:Background StateManager(mLastStableState:Normal, mCurrentStableState:Normal, mState:Background, mRestState:Normal, isInTransition:false)
02-19 14:19:32.458   617   617 D StateManager: onStateTransitionEnd - state: Background
02-19 14:19:32.468   617   617 D RecentsView: updateTaskStackListenerState: true
02-19 14:19:32.468   617   617 D RecentsView: reloadIfNeeded - getTasks: 274
02-19 14:19:32.469   617   617 D NexusLauncherModelDelegate: notifySmartspaceEvent: SmartspaceTargetEvent{mSmartspaceTarget=null, mSmartspaceActionId='null', mEventType=6}
02-19 14:19:32.469   531   548 I BpBinder: onLastStrongRef automatically unlinking death recipients: 
02-19 14:19:32.535   617   617 D BaseDepthController: setSurface:
02-19 14:19:32.535   617   617 D BaseDepthController: 	mWaitingOnSurfaceValidity: false
02-19 14:19:32.535   617   617 D BaseDepthController: 	mBaseSurface: Surface(name=com.google.android.apps.nexuslauncher/com.google.android.apps.nexuslauncher.NexusLauncherActivity)/@0x2710b18
02-19 14:19:32.552   617   617 D ActivityAllAppsContainerView: rebindAdapters: force: false
02-19 14:19:32.552   617   617 D ActivityAllAppsContainerView: rebindAdapters: Not needed.
02-19 14:19:32.555   617   617 D RecentsView: applyLoadPlan - taskGroups: [type=SINGLE task=[id=12 windowingMode=0 user=0 lastActiveTime=89737] null, type=SINGLE task=[id=49 windowingMode=1 user=0 lastActiveTime=87698314] null, type=SINGLE task=[id=56 windowingMode=1 user=0 lastActiveTime=89840311] null]
02-19 14:19:32.562  4449 22842 V WindowManagerShell: onTransitionReady(transaction=3229815422445)
02-19 14:19:32.562  4449  4467 V WindowManagerShell: onTransitionReady (#524) android.os.BinderProxy@e7aff5c: {id=524 t=TO_FRONT f=0x80 trk=0 r=[0@Point(0, 0)] c=[
02-19 14:19:32.562  4449  4467 V WindowManagerShell:         {m=TO_FRONT f=SHOW_WALLPAPER|MOVE_TO_TOP leash=Surface(name=Task=1)/@0x2242b3a sb=Rect(0, 0 - 1080, 2400) eb=Rect(0, 0 - 1080, 2400) epz=Point(1080, 2400) d=0 taskParent=-1},
02-19 14:19:32.562  4449  4467 V WindowManagerShell:         {m=TO_BACK f=NONE leash=Surface(name=Task=56)/@0x76e43eb sb=Rect(0, 0 - 1080, 2400) eb=Rect(0, 0 - 1080, 2400) epz=Point(1080, 2400) d=0 taskParent=-1},
02-19 14:19:32.562  4449  4467 V WindowManagerShell:         {m=TO_FRONT f=IS_WALLPAPER leash=Surface(name=WallpaperWindowToken{35e0c0f showWhenLocked=false})/@0x566b548 sb=Rect(0, 0 - 1080, 2400) eb=Rect(0, 0 - 1080, 2400) epz=Point(1080, 2400) d=0}
02-19 14:19:32.562  4449  4467 V WindowManagerShell:     ]}
02-19 14:19:32.566   531   531 I BpBinder: onLastStrongRef automatically unlinking death recipients: 
02-19 14:19:32.567   752   794 V WindowManager: Sent Transition (#524) createdAt=02-19 14:19:31.110
02-19 14:19:32.567   752   794 V WindowManager:     startWCT=WindowContainerTransaction { changes= {} hops= [{pendingIntent: options=Bundle[{android.activity.splashScreenStyle=-1, android.activity.sourceInfo=android.app.ActivityOptions$SourceInfo@cee91f1, android.pendingIntent.backgroundActivityAllowed=3, android:activity.animAbortListener=null, android.activity.transientLaunch=true}]}] errorCallbackToken=null taskFragmentOrganizer=null }
02-19 14:19:32.568   752   794 V WindowManager:     info={id=524 t=TO_FRONT f=0x80 trk=0 r=[0@Point(0, 0)] c=[
02-19 14:19:32.568   752   794 V WindowManager:         {WCT{RemoteToken{5218fe8 Task{dd43522 #1 type=home}}} m=TO_FRONT f=SHOW_WALLPAPER|MOVE_TO_TOP leash=Surface(name=Task=1)/@0x8ddbd2e sb=Rect(0, 0 - 1080, 2400) eb=Rect(0, 0 - 1080, 2400) epz=Point(1080, 2400) d=0 taskParent=-1},
02-19 14:19:32.568   752   794 V WindowManager:         {WCT{RemoteToken{29715c6 Task{fa7be33 #56 type=standard A=10217:viva.republica.toss.test}}} m=TO_BACK f=NONE leash=Surface(name=Task=56)/@0xf76b753 sb=Rect(0, 0 - 1080, 2400) eb=Rect(0, 0 - 1080, 2400) epz=Point(1080, 2400) d=0 taskParent=-1},
02-19 14:19:32.568   752   794 V WindowManager:         {m=TO_FRONT f=IS_WALLPAPER leash=Surface(name=WallpaperWindowToken{35e0c0f showWhenLocked=false})/@0x512f5be sb=Rect(0, 0 - 1080, 2400) eb=Rect(0, 0 - 1080, 2400) epz=Point(1080, 2400) d=0}
02-19 14:19:32.568   752   794 V WindowManager:     ]}
02-19 14:19:32.572  4449  4467 V WindowManagerShell: Playing animation for (#524) android.os.BinderProxy@e7aff5c@0
02-19 14:19:32.573  4449  4467 V WindowManagerShell:  try firstHandler com.android.wm.shell.recents.RecentsTransitionHandler@bc47314
02-19 14:19:32.573  4449  4467 V ShellRecents: [22344293] RecentsController.start
02-19 14:19:32.779  4449  4467 V ShellRecents:   not handling home taskId=1
02-19 14:19:32.781  4449  4467 V ShellRecents:   adding pausing leaf taskId=56 at layer=8
02-19 14:19:32.782  4449  4467 V ShellRecents: Applying transaction=3229815422445
02-19 14:19:32.783  4449  4467 V ShellRecents: No matching remote found to takeover (#524)
02-19 14:19:32.783  4449  4467 V ShellSplitScreen: getSplitBoundsForTaskId: expected split bounds for taskId=56 but not found
02-19 14:19:32.783  4449  4467 V ShellRecents: [22344293] RecentsController.start: calling onAnimationStart with 2 apps
02-19 14:19:32.785  4449  4467 V WindowManagerShell:  animated by firstHandler
02-19 14:19:32.785  4449  4467 V WindowManagerShell: Transition requested (#525): android.os.BinderProxy@468091d TransitionRequestInfo { type = TO_FRONT, triggerTask = null, pipChange = null, remoteTransition = null, displayChange = null, flags = 0, debugId = 525 }
02-19 14:19:32.786   617   617 D RemoteTargetGluer: appCount: 1 handleLength: 4
02-19 14:19:32.786   617   617 D RemoteTargetGluer: resizing handles
02-19 14:19:32.786   617   617 D RemoteTargetGluer: containsSplitTargets? false handleLength: 1 appsLength: 1
02-19 14:19:32.786   617   617 D RecentsView: setRecentsAnimationTargets - recentsAnimationController: com.android.quickstep.RecentsAnimationController@c054f45, recentsAnimationTargets: com.android.quickstep.RecentsAnimationTargets@c7f69a
02-19 14:19:32.788   617   617 D RemoteTargetGluer: appCount: 1 handleLength: 1
02-19 14:19:32.788   617   617 D RemoteTargetGluer: containsSplitTargets? false handleLength: 1 appsLength: 1
02-19 14:19:33.057   617   617 D OverviewCommandHelper: recents animation started: CommandInfo(type=TOGGLE, status=PROCESSING, createTime=89844849, animationCallbacks=com.android.quickstep.RecentsAnimationCallbacks@e2461b, displayId=0, isLastOfBatch=true)
02-19 14:19:33.057   617   617 D StatsLog: LAUNCHER_OVERVIEW_SHOW_OVERVIEW_FROM_3_BUTTON
02-19 14:19:33.058   617   617 D OverviewCommandHelper: recents animation started - onInitBackgroundStateUI: CommandInfo(type=TOGGLE, status=PROCESSING, createTime=89844849, animationCallbacks=com.android.quickstep.RecentsAnimationCallbacks@e2461b, displayId=0, isLastOfBatch=true)
02-19 14:19:33.065   617   869 I s.nexuslauncher: AssetManager2(0x7d8fac442ad8) locale list changing from [] to [en-US]
02-19 14:19:33.073  4449  4511 V WindowManagerShell: onTransitionReady(transaction=3229815422452)
02-19 14:19:33.074   752   794 V WindowManager: Sent Transition (#525) createdAt=02-19 14:19:32.566 via request=TransitionRequestInfo { type = TO_FRONT, triggerTask = null, pipChange = null, remoteTransition = null, displayChange = null, flags = 0, debugId = 525 }
02-19 14:19:33.074   752   794 V WindowManager:     startWCT=WindowContainerTransaction { changes= {} hops= [] errorCallbackToken=null taskFragmentOrganizer=null }
02-19 14:19:33.074   752   794 V WindowManager:     info={id=525 t=TO_FRONT f=0x0 trk=0 r=[0@Point(0, 0)] c=[
02-19 14:19:33.074   752   794 V WindowManager:         {WCT{RemoteToken{29715c6 Task{fa7be33 #56 type=standard A=10217:viva.republica.toss.test}}} m=CHANGE f=MOVE_TO_TOP leash=Surface(name=Task=56)/@0xf76b753 sb=Rect(0, 0 - 1080, 2400) eb=Rect(0, 0 - 1080, 2400) epz=Point(1080, 2400) d=0 taskParent=-1},
02-19 14:19:33.074   752   794 V WindowManager:         {WCT{RemoteToken{5218fe8 Task{dd43522 #1 type=home}}} m=TO_BACK f=SHOW_WALLPAPER leash=Surface(name=Task=1)/@0x8ddbd2e sb=Rect(0, 0 - 1080, 2400) eb=Rect(0, 0 - 1080, 2400) epz=Point(1080, 2400) d=0 taskParent=-1},
02-19 14:19:33.074   752   794 V WindowManager:         {m=TO_BACK f=IS_WALLPAPER leash=Surface(name=WallpaperWindowToken{35e0c0f showWhenLocked=false})/@0x512f5be sb=Rect(0, 0 - 1080, 2400) eb=Rect(0, 0 - 1080, 2400) epz=Point(1080, 2400) d=0}
02-19 14:19:33.074   752   794 V WindowManager:     ]}
02-19 14:19:33.078  4449  4467 V WindowManagerShell: onTransitionReady (#525) android.os.BinderProxy@468091d: {id=525 t=TO_FRONT f=0x0 trk=0 r=[0@Point(0, 0)] c=[
02-19 14:19:33.078  4449  4467 V WindowManagerShell:         {m=CHANGE f=MOVE_TO_TOP leash=Surface(name=Task=56)/@0xc80e792 sb=Rect(0, 0 - 1080, 2400) eb=Rect(0, 0 - 1080, 2400) epz=Point(1080, 2400) d=0 taskParent=-1},
02-19 14:19:33.078  4449  4467 V WindowManagerShell:         {m=TO_BACK f=SHOW_WALLPAPER leash=Surface(name=Task=1)/@0x65d4563 sb=Rect(0, 0 - 1080, 2400) eb=Rect(0, 0 - 1080, 2400) epz=Point(1080, 2400) d=0 taskParent=-1},
02-19 14:19:33.078  4449  4467 V WindowManagerShell:         {m=TO_BACK f=IS_WALLPAPER leash=Surface(name=WallpaperWindowToken{35e0c0f showWhenLocked=false})/@0xe6ce560 sb=Rect(0, 0 - 1080, 2400) eb=Rect(0, 0 - 1080, 2400) epz=Point(1080, 2400) d=0}
02-19 14:19:33.078  4449  4467 V WindowManagerShell:     ]}
02-19 14:19:33.079  4449  4467 V WindowManagerShell: Transition (#525) android.os.BinderProxy@468091d@0 ready while (#524) android.os.BinderProxy@e7aff5c@0 is still animating. Notify the animating transition in case they can be merged
02-19 14:19:33.079  4449  4467 V ShellRecents: [22344293] RecentsController.merge
02-19 14:19:33.085  4449  4467 V ShellRecents:   opening pausing leaf taskId=56
02-19 14:19:33.085  4449  4467 V ShellRecents: [22344293] RecentsController.merge: empty pausing tasks
02-19 14:19:33.086  4449  4467 V ShellRecents: [22344293] RecentsController.merge: consuming merge
02-19 14:19:33.090  4449  4467 V WindowManagerShell: Transition was merged: (#525) android.os.BinderProxy@468091d@0 into (#524) android.os.BinderProxy@e7aff5c@0
02-19 14:19:33.091  4449  4467 V ShellRecents: [22344293] RecentsController.merge: calling onTasksAppeared
02-19 14:19:33.092   617   617 D RecentsView: onPrepareGestureEndAnimation - endTarget: RECENTS
02-19 14:19:33.131   617   617 D StateManager: cancelAnimation - with ongoing animation, partial trace:
02-19 14:19:33.131   617   617 D StateManager: 	at com.android.launcher3.statemanager.StateManager.setCurrentAnimation(go/retraceme 72a59688580715d19f0e415c69e80376c2f062d1648c80db6730905005a27c20:15)
02-19 14:19:33.131   617   617 D StateManager: 	at com.android.quickstep.TaskViewUtils.composeRecentsLaunchAnimator(go/retraceme 72a59688580715d19f0e415c69e80376c2f062d1648c80db6730905005a27c20:129)
02-19 14:19:33.131   617   617 D StateManager: 	at com.android.quickstep.views.RecentsView.launchSideTaskInLiveTileMode(go/retraceme 72a59688580715d19f0e415c69e80376c2f062d1648c80db6730905005a27c20:35)
02-19 14:19:33.134  4449  4467 V ShellRecents: [22344293] RecentsController.finishInner: toHome=false userLeave=false willFinishToHome=false state=0 hasPausingTasks=true reason=requested
02-19 14:19:33.135  4449  4467 V ShellRecents:   returning to app
02-19 14:19:33.136  1563  1563 I StylusModule: StylusModule.onUpdateToolType():801 Update tool type = 0
02-19 14:19:33.137   617   617 D KeyboardInsetsHandler: setState, toState:Background StateManager(mLastStableState:Normal, mCurrentStableState:Background, mState:Background, mRestState:Normal, isInTransition:false)
02-19 14:19:33.138   617   617 D StateManager: onStateTransitionEnd - state: Background
02-19 14:19:33.139  4449  4467 V ShellRecents: [22344293] RecentsController.finishInner: Completing finish
02-19 14:19:33.139  4449  4467 V ShellRecents: [22344293] RecentsController.cleanup
02-19 14:19:33.140  4449  4467 V WindowManagerShell: Transition animation finished (aborted=false), notifying core (#524) android.os.BinderProxy@e7aff5c@0
02-19 14:19:33.152   752   794 V WindowManager: Finish Transition (#524): created at 02-19 14:19:31.110 collect-started=0.102ms started=0.136ms ready=1361.058ms sent=1448.508ms commit=256.281ms finished=2040.522ms
02-19 14:19:33.153   617   869 W HWUI    : Image decoding logging dropped!
02-19 14:19:33.172   752   794 V WindowManager: Finish Transition (#525): created at 02-19 14:19:32.566 collect-started=0.028ms request-sent=1.436ms started=492.474ms ready=492.444ms sent=503.444ms commit=28.093ms finished=605.312ms
02-19 14:19:33.174  4449  4467 V WindowManagerShell: Track 0 became idle
02-19 14:19:33.174  4449  4467 V WindowManagerShell: All active transition animations finished
02-19 14:19:33.174  4449  4467 V ShellRecents: [22344293] RecentsController.finishInner: calling finish callback
02-19 14:19:33.180  4449  4467 V ShellRecents: RecentsController.setInputConsumerEnabled: skip, cb?=false enabled?=true
02-19 14:19:33.205   617   617 D RecentsView: setRecentsAnimationTargets - recentsAnimationController: null, recentsAnimationTargets: null
02-19 14:19:33.233   617   617 W SplitSelectStateCtor: Missing session instanceIds
02-19 14:19:33.233   617   617 D StatsLog: LAUNCHER_SPLIT_SELECTION_EXIT_INTERRUPTED
02-19 14:19:33.239   617   617 D VRI[NexusLauncherActivity]: visibilityChanged oldVisibility=true newVisibility=false
02-19 14:19:33.239   752  1095 D BackgroundInstallControlService: Package event received: 0
02-19 14:19:33.403   617   617 D StateManager: goToState - fromState: Background, toState: Overview, partial trace:
02-19 14:19:33.403   617   617 D StateManager: 	at com.android.quickstep.BaseActivityInterface$DefaultAnimationFactory.lambda$createContainerInterface$0(go/retraceme 72a59688580715d19f0e415c69e80376c2f062d1648c80db6730905005a27c20:28)
02-19 14:19:33.403   617   617 D StateManager: 	at com.android.quickstep.BaseActivityInterface$DefaultAnimationFactory.a(go/retraceme 72a59688580715d19f0e415c69e80376c2f062d1648c80db6730905005a27c20:1)
02-19 14:19:33.403   617   617 D StateManager: 	at com.android.quickstep.y.run(go/retraceme 72a59688580715d19f0e415c69e80376c2f062d1648c80db6730905005a27c20:5)
02-19 14:19:33.405   617   617 D StateManager: cancelAnimation - with ongoing animation, partial trace:
02-19 14:19:33.405   617   617 D StateManager: 	at com.android.launcher3.statemanager.StateManager.goToState(go/retraceme 72a59688580715d19f0e415c69e80376c2f062d1648c80db6730905005a27c20:18)
02-19 14:19:33.405   617   617 D StateManager: 	at com.android.launcher3.statemanager.StateManager.goToState(go/retraceme 72a59688580715d19f0e415c69e80376c2f062d1648c80db6730905005a27c20:3)
02-19 14:19:33.405   617   617 D StateManager: 	at com.android.quickstep.BaseActivityInterface$DefaultAnimationFactory.lambda$createContainerInterface$0(go/retraceme 72a59688580715d19f0e415c69e80376c2f062d1648c80db6730905005a27c20:28)
02-19 14:19:33.405   617   617 D StateManager: onStateTransitionStart - state: Overview
02-19 14:19:33.407   617   617 D KeyboardInsetsHandler: setState, toState:Overview StateManager(mLastStableState:Normal, mCurrentStableState:Background, mState:Overview, mRestState:Normal, isInTransition:false)
02-19 14:19:33.407   617   617 D StateManager: onStateTransitionEnd - state: Overview
02-19 14:19:33.408   752  1095 D BackgroundInstallControlService: Package event received: 0
02-19 14:19:33.409   617   617 D OverviewActionsView: updateForGroupedTask() called with: isGroupedTask = [false], canSaveAppPair = [false]
02-19 14:19:33.410   617   617 D OverviewActionsView: updateActionButtonsVisibility() called: showSingleTaskActions = [true], showGroupActions = [false]
02-19 14:19:33.410   617   617 D OverviewActionsView: updateForGroupedTask() called with: isGroupedTask = [false], canSaveAppPair = [false]
02-19 14:19:33.410   617   617 D OverviewActionsView: updateActionButtonsVisibility() called: showSingleTaskActions = [true], showGroupActions = [false]
02-19 14:19:33.410   617   617 D RecentsView: onGestureAnimationEnd - mEnableDrawingLiveTile: true
02-19 14:19:33.412   617   617 D StateManager: goToState - fromState: Overview, toState: Overview, partial trace:
02-19 14:19:33.412   617   617 D StateManager: 	at com.android.quickstep.BaseActivityInterface.onTransitionCancelled(go/retraceme 72a59688580715d19f0e415c69e80376c2f062d1648c80db6730905005a27c20:57)
02-19 14:19:33.412   617   617 D StateManager: 	at com.android.quickstep.AbsSwipeUpHandler.resetStateForAnimationCancel(go/retraceme 72a59688580715d19f0e415c69e80376c2f062d1648c80db6730905005a27c20:22)
02-19 14:19:33.412   617   617 D StateManager: 	at com.android.quickstep.AbsSwipeUpHandler.W(go/retraceme 72a59688580715d19f0e415c69e80376c2f062d1648c80db6730905005a27c20:1)
02-19 14:19:33.412   617   617 D OverviewCommandHelper: switching via recents animation - onTransitionComplete: CommandInfo(type=TOGGLE, status=PROCESSING, createTime=89844849, animationCallbacks=com.android.quickstep.RecentsAnimationCallbacks@e2461b, displayId=0, isLastOfBatch=true)
02-19 14:19:33.412   617   617 D OverviewCommandHelper: command executed: CommandInfo(type=TOGGLE, status=PROCESSING, createTime=89844849, animationCallbacks=com.android.quickstep.RecentsAnimationCallbacks@e2461b, displayId=0, isLastOfBatch=true) with result: true
02-19 14:19:33.413   617   617 D OverviewCommandHelper: command executed successfully! CommandInfo(type=TOGGLE, status=COMPLETED, createTime=89844849, animationCallbacks=com.android.quickstep.RecentsAnimationCallbacks@e2461b, displayId=0, isLastOfBatch=true)
02-19 14:19:33.413   617   617 D OverviewCommandHelper: no pending commands to be executed.
02-19 14:19:33.413   617   617 D ContextTracker: Unregistering callback: com.android.launcher3.LauncherInitListener@a686ab1, reason=AbsSwipeUpHandler.invalidateHandler
02-19 14:19:33.415   617   617 D RecentsView: updateTaskStackListenerState: false
02-19 14:19:33.416   617   617 D NexusLauncherModelDelegate: notifySmartspaceEvent: SmartspaceTargetEvent{mSmartspaceTarget=null, mSmartspaceActionId='null', mEventType=7}
02-19 14:19:33.446   617   617 D BaseDepthController: setSurface:
02-19 14:19:33.446   617   617 D BaseDepthController: 	mWaitingOnSurfaceValidity: false
02-19 14:19:33.446   617   617 D BaseDepthController: 	mBaseSurface: null
02-19 14:19:33.446   617   617 D BaseDepthController: mSurface is null and mCurrentBlur is: 23
02-19 14:19:33.447   617   617 D StateManager: goToState - fromState: Overview, toState: Normal, partial trace:
02-19 14:19:33.447   617   617 D StateManager: 	at com.android.launcher3.statemanager.StateManager.moveToRestState(go/retraceme 72a59688580715d19f0e415c69e80376c2f062d1648c80db6730905005a27c20:4)
02-19 14:19:33.447   617   617 D StateManager: 	at com.android.launcher3.statemanager.StateManager.moveToRestState(go/retraceme 72a59688580715d19f0e415c69e80376c2f062d1648c80db6730905005a27c20:1)
02-19 14:19:33.447   617   617 D StateManager: 	at com.android.launcher3.statemanager.StatefulActivity.onStop(go/retraceme 72a59688580715d19f0e415c69e80376c2f062d1648c80db6730905005a27c20:34)
02-19 14:19:33.447   617   617 D StateManager: onStateTransitionStart - state: Normal
02-19 14:19:33.449   617   617 D BaseDepthController: mSurface is null and mCurrentBlur is: 23
02-19 14:19:33.451   752  1095 D BackgroundInstallControlService: Package event received: 0
02-19 14:19:33.451   617   617 D KeyboardInsetsHandler: setState, toState:Normal StateManager(mLastStableState:Normal, mCurrentStableState:Overview, mState:Normal, mRestState:Normal, isInTransition:false)
02-19 14:19:33.452   617   617 D StateManager: onStateTransitionEnd - state: Normal
02-19 14:19:33.462   617   617 D RecentsView: reset - mEnableDrawingLiveTile: true, mRecentsAnimationController: null
02-19 14:19:33.463   617   617 D ActivityAllAppsContainerView: rebindAdapters: force: false
02-19 14:19:33.463   617   617 D ActivityAllAppsContainerView: rebindAdapters: Not needed.
02-19 14:19:33.471   617   617 D StatsLog: LAUNCHER_ONSTOP
02-19 14:19:33.474   617   617 D StatsLog: LAUNCHER_GOOGLE_SEARCH_RESTORE_LIST_SIZE_AFTER_ACTIVITY_RESTART
02-19 14:19:33.547   617   617 D OverviewActionsView: updateForGroupedTask() called with: isGroupedTask = [false], canSaveAppPair = [false]
02-19 14:19:33.547   617   617 D OverviewActionsView: updateActionButtonsVisibility() called: showSingleTaskActions = [true], showGroupActions = [false]
02-19 14:19:33.549   752  1095 D BackgroundInstallControlService: Package event received: 0
02-19 14:19:33.572   617   637 W System  : A resource failed to call release. 
02-19 14:19:33.572   617   637 W System  : A resource failed to call release. 
02-19 14:19:33.572   617   637 W System  : A resource failed to call release. 
02-19 14:19:33.572   617   637 W System  : A resource failed to call release. 
02-19 14:19:33.572   617   637 W System  : A resource failed to call release. 
02-19 14:19:33.573   617   637 W System  : A resource failed to call release. 
02-19 14:19:33.573   617   637 W System  : A resource failed to call release. 
02-19 14:19:33.573   617   637 W System  : A resource failed to call release. 
02-19 14:19:34.950   531   568 W EventThread: Faking VSYNC due to driver stall for thread app
02-19 14:19:34.952  5621  5621 I Choreographer: Skipped 64 frames!  The application may be doing too much work on its main thread.
02-19 14:19:35.014   752   795 W ActivityTaskManager: callingPackage for (uid=-1, pid=0) has no WPC
02-19 14:19:35.014   752   795 W ActivityStartInterceptor: Starting home with component specified, uid=0
02-19 14:19:35.015   752   795 W OptProp : Cannot read opt property android.window.PROPERTY_COMPAT_ALLOW_USER_ASPECT_RATIO_OVERRIDE
02-19 14:19:35.015   752   795 W OptProp : Cannot read opt property android.window.PROPERTY_COMPAT_ALLOW_USER_ASPECT_RATIO_FULLSCREEN_OVERRIDE
02-19 14:19:35.017   752   795 W OptProp : Cannot read opt property android.window.PROPERTY_COMPAT_ALLOW_RESIZEABLE_ACTIVITY_OVERRIDES
02-19 14:19:35.017   752   795 W OptProp : Cannot read opt property android.window.PROPERTY_COMPAT_ALLOW_MIN_ASPECT_RATIO_OVERRIDE
02-19 14:19:35.018   752   795 V GrammaticalInflectionUtils: AttributionSource: android.content.AttributionSource@1abea79a does not have READ_SYSTEM_GRAMMATICAL_GENDER permission.
02-19 14:19:35.020  4449  4449 I vol.VolumeDialogImpl: mDialog.dismiss() reason: volume_controller from: com.android.systemui.volume.VolumeDialogImpl$7.onDismissRequested:3
