02-19 11:32:28.315 22757 22757 I SettingsHomepageActivity: showHomepageWithSuggestion: false
02-19 11:32:28.321   752  1095 D BackgroundInstallControlService: Package event received: 0
02-19 11:32:28.331  4449  4467 V WindowManagerShell: Track 0 became idle
02-19 11:32:28.331  4449  4467 V WindowManagerShell: All active transition animations finished
02-19 11:32:28.331  4449  4467 V ShellRecents: [152763210] RecentsController.finishInner: calling finish callback
02-19 11:32:28.344   752   989 I ImeTracker: com.android.settings:cfdad1e6: onRequestHide at ORIGIN_SERVER reason HIDE_UNSPECIFIED_WINDOW fromUser false
02-19 11:32:28.355 20068 20156 I CachedField: (REDACTED) %s: %s
02-19 11:32:28.359  1341  1341 D BaseDepthController: setSurface:
02-19 11:32:28.359  1341  1341 D BaseDepthController: 	mWaitingOnSurfaceValidity: false
02-19 11:32:28.359  1341  1341 D BaseDepthController: 	mBaseSurface: null
02-19 11:32:28.360  1341  1341 D BaseDepthController: mSurface is null and mCurrentBlur is: 0
02-19 11:32:28.360  1341  1341 D StateManager: goToState - fromState: Overview, toState: Normal, partial trace:
02-19 11:32:28.360  1341  1341 D StateManager: 	at com.android.launcher3.statemanager.StateManager.moveToRestState(go/retraceme 72a59688580715d19f0e415c69e80376c2f062d1648c80db6730905005a27c20:4)
02-19 11:32:28.360  1341  1341 D StateManager: 	at com.android.launcher3.statemanager.StateManager.moveToRestState(go/retraceme 72a59688580715d19f0e415c69e80376c2f062d1648c80db6730905005a27c20:1)
02-19 11:32:28.360  1341  1341 D StateManager: 	at com.android.launcher3.statemanager.StatefulActivity.onStop(go/retraceme 72a59688580715d19f0e415c69e80376c2f062d1648c80db6730905005a27c20:34)
02-19 11:32:28.361  1341  1341 D StateManager: onStateTransitionStart - state: Normal
02-19 11:32:28.361  1341  1341 D RecentsView: updateTaskStackListenerState: false
02-19 11:32:28.384   615  2506 W IPCThreadState: Sending oneway calls to frozen process.
02-19 11:32:28.392  1341  1341 D BaseDepthController: mSurface is null and mCurrentBlur is: 0
02-19 11:32:28.392  1341  1341 D BaseDepthController: mSurface is null and mCurrentBlur is: 0
02-19 11:32:28.410   752   794 V WindowManager: Finish Transition (#183): created at 02-19 11:32:25.424 collect-started=0.021ms request-sent=52.944ms started=58.241ms ready=2232.531ms sent=2248.416ms commit=41.891ms finished=2834.468ms
02-19 11:32:28.413 20068 20103 I CachedField: (REDACTED) %s: %s
02-19 11:32:28.414 20068 20155 I CachedField: (REDACTED) %s: %s
02-19 11:32:28.431  1563  1563 I GoogleInputMethodService: GoogleInputMethodService.onFinishInput():2043 
02-19 11:32:28.432  1563  1563 I Module  : DeviceLockedStatusModuleProvider$Module.updateDeviceLockedStatus():100 repeatCheckTimes = 0, locked = false
02-19 11:32:28.433  1563  1563 I GoogleInputMethodService: GoogleInputMethodService.onStartInput():1293 onStartInput(EditorInfo{EditorInfo{packageName=com.android.settings, inputType=0, inputTypeString=NULL, enableLearning=false, autoCorrection=false, autoComplete=false, imeOptions=0, privateImeOptions=null, actionName=UNSPECIFIED, actionLabel=null, initialSelStart=-1, initialSelEnd=-1, initialCapsMode=0, label=null, fieldId=0, fieldName=null, extras=null, hintText=null, hintLocales=[]}}, false)
02-19 11:32:28.434  1563  1563 I Module  : DeviceLockedStatusModuleProvider$Module.updateDeviceLockedStatus():100 repeatCheckTimes = 1, locked = false
02-19 11:32:28.435  1563  1563 I EmojiCompatManager: EmojiCompatManager.getEmojiCompatIfLoaded():343 EmojiCompat.init() was never called.
02-19 11:32:28.435  1563  1563 I EmojiCompatManager: java.lang.IllegalStateException: EmojiCompat is not initialized. Please call EmojiCompat.init() first
02-19 11:32:28.435  1563  1563 I EmojiCompatManager: 	at asx.p(PG:6)
02-19 11:32:28.435  1563  1563 I EmojiCompatManager: 	at axb.b(PG:13)
02-19 11:32:28.435  1563  1563 I EmojiCompatManager: 	at jnr.b(PG:2)
02-19 11:32:28.435  1563  1563 I EmojiCompatManager: 	at jnr.c(PG:4)
02-19 11:32:28.435  1563  1563 I EmojiCompatManager: 	at jnr.f(PG:3)
02-19 11:32:28.435  1563  1563 I EmojiCompatManager: 	at jnx.c(PG:3)
02-19 11:32:28.435  1563  1563 I EmojiCompatManager: 	at kif.cz(PG:47)
02-19 11:32:28.435  1563  1563 I EmojiCompatManager: 	at lhl.run(PG:1025)
02-19 11:32:28.435  1563  1563 I EmojiCompatManager: 	at jaf.execute(PG:12)
02-19 11:32:28.435  1563  1563 I EmojiCompatManager: 	at nco.v(PG:13)
02-19 11:32:28.435  1563  1563 I EmojiCompatManager: 	at lhn.m(PG:96)
02-19 11:32:28.435  1563  1563 I EmojiCompatManager: 	at lhn.k(PG:25)
02-19 11:32:28.435  1563  1563 I EmojiCompatManager: 	at kgn.onStartInput(PG:250)
02-19 11:32:28.435  1563  1563 I EmojiCompatManager: 	at android.inputmethodservice.InputMethodService.doStartInput(InputMethodService.java:3521)
02-19 11:32:28.435  1563  1563 I EmojiCompatManager: 	at android.inputmethodservice.InputMethodService$InputMethodImpl.startInput(InputMethodService.java:879)
02-19 11:32:28.435  1563  1563 I EmojiCompatManager: 	at android.inputmethodservice.InputMethodService$InputMethodImpl.dispatchStartInput(InputMethodService.java:908)
02-19 11:32:28.435  1563  1563 I EmojiCompatManager: 	at android.inputmethodservice.IInputMethodWrapper.executeMessage(IInputMethodWrapper.java:201)
02-19 11:32:28.435  1563  1563 I EmojiCompatManager: 	at com.android.internal.os.HandlerCaller$MyHandler.handleMessage(HandlerCaller.java:44)
02-19 11:32:28.435  1563  1563 I EmojiCompatManager: 	at android.os.Handler.dispatchMessage(Handler.java:110)
02-19 11:32:28.435  1563  1563 I EmojiCompatManager: 	at android.os.Looper.loopOnce(Looper.java:248)
02-19 11:32:28.435  1563  1563 I EmojiCompatManager: 	at android.os.Looper.loop(Looper.java:338)
02-19 11:32:28.435  1563  1563 I EmojiCompatManager: 	at android.app.ActivityThread.main(ActivityThread.java:9067)
02-19 11:32:28.435  1563  1563 I EmojiCompatManager: 	at java.lang.reflect.Method.invoke(Native Method)
02-19 11:32:28.435  1563  1563 I EmojiCompatManager: 	at com.android.internal.os.RuntimeInit$MethodAndArgsCaller.run(RuntimeInit.java:593)
02-19 11:32:28.435  1563  1563 I EmojiCompatManager: 	at com.android.internal.os.ZygoteInit.main(ZygoteInit.java:932)
02-19 11:32:28.435   752  1246 W PackageConfigPersister: App-specific configuration not found for packageName: com.android.settings and userId: 0
02-19 11:32:28.472   752  1454 I ImeTracker: system_server:e407d05e: onRequestHide at ORIGIN_SERVER reason IME_REQUESTED_CHANGED_LISTENER fromUser false
02-19 11:32:28.483  1341  1341 D KeyboardInsetsHandler: setState, toState:Normal StateManager(mLastStableState:Normal, mCurrentStableState:Overview, mState:Normal, mRestState:Normal, isInTransition:false)
02-19 11:32:28.484  1341  1341 D StateManager: onStateTransitionEnd - state: Normal
02-19 11:32:28.489  1341  1341 D RecentsView: reset - mEnableDrawingLiveTile: true, mRecentsAnimationController: com.android.quickstep.RecentsAnimationController@b10ec63
02-19 11:32:28.489  1341  1341 D RecentsView: finishRecentsAnimation - mRecentsAnimationController: com.android.quickstep.RecentsAnimationController@b10ec63
02-19 11:32:28.490  1341  1341 D RecentsView: cleanupRemoteTargets - mRemoteTargetHandles: null
02-19 11:32:28.490  1341  1341 I AiAiSuggestUi: Clearing suggestions.
02-19 11:32:28.490   752   797 I ImeTracker: system_server:e407d05e: onCancelled at PHASE_SERVER_SHOULD_HIDE
02-19 11:32:28.491  1341  1341 I AiAiSuggestUi: Clearing suggestions.
02-19 11:32:28.492  1341  1341 D ActivityAllAppsContainerView: rebindAdapters: force: false
02-19 11:32:28.492  1341  1341 D ActivityAllAppsContainerView: rebindAdapters: Not needed.
02-19 11:32:28.498  1341  1341 D StatsLog: LAUNCHER_ONSTOP
02-19 11:32:28.501  1341  1341 D StatsLog: LAUNCHER_GOOGLE_SEARCH_RESTORE_LIST_SIZE_AFTER_ACTIVITY_RESTART
02-19 11:32:28.503  1341  1341 D NexusLauncherModelDelegate: notifySmartspaceEvent: SmartspaceTargetEvent{mSmartspaceTarget=null, mSmartspaceActionId='null', mEventType=7}
02-19 11:32:28.507  1341  1341 D NexusLauncherModelDelegate: notifySmartspaceEvent: SmartspaceTargetEvent{mSmartspaceTarget=null, mSmartspaceActionId='null', mEventType=7}
02-19 11:32:28.526   752  1095 D BackgroundInstallControlService: Package event received: 0
02-19 11:32:28.555 22757 22757 I ndroid.settings: AssetManager2(0x7d8fac4411d8) locale list changing from [] to [en-US]
02-19 11:32:28.573 22757 22757 D InsetsController: hide(ime(), fromIme=false)
02-19 11:32:28.574 22757 22757 I ImeTracker: com.android.settings:cfdad1e6: onCancelled at PHASE_CLIENT_ALREADY_HIDDEN
02-19 11:32:28.615 22757 22801 D BatteryInfo: time for getStats: 0ms
02-19 11:32:28.622 22757 22801 D BatteryInfo: time for regular BatteryInfo: 7ms
02-19 11:32:28.622 22757 22801 D BatteryInfo: chargingPolicy = 0, pluggedStatus = 0, batteryStatus = 4
02-19 11:32:28.624  1341  1341 D RecentsView: onRecentsAnimationComplete - mRecentsAnimationController: com.android.quickstep.RecentsAnimationController@b10ec63, mSideTaskLaunchCallback: com.android.launcher3.util.RunnableList@665ea6b
02-19 11:32:28.624 22757 22801 D BatteryInfo: time for getBatteryInfo: 2ms
02-19 11:32:28.624  1341  1341 D OverviewCommandHelper: launching task callback: CommandInfo(type=TOGGLE, status=PROCESSING, createTime=79819019, animationCallbacks=null, displayId=0, isLastOfBatch=true)
02-19 11:32:28.624  1341  1341 D OverviewCommandHelper: command executed: CommandInfo(type=TOGGLE, status=PROCESSING, createTime=79819019, animationCallbacks=null, displayId=0, isLastOfBatch=true) with result: true
02-19 11:32:28.624 24035 24179 I ReactNativeJNI: Memory warning (pressure level: TRIM_MEMORY_UI_HIDDEN) received by JS VM, ignoring because it's non-severe
02-19 11:32:28.624  1341  1341 D OverviewCommandHelper: command executed successfully! CommandInfo(type=TOGGLE, status=COMPLETED, createTime=79819019, animationCallbacks=null, displayId=0, isLastOfBatch=true)
02-19 11:32:28.624  1341  1341 D OverviewCommandHelper: no pending commands to be executed.
02-19 11:32:28.624  1341  1341 D RecentsView: onRecentsAnimationComplete - mRecentsAnimationController: null, mSideTaskLaunchCallback: null
02-19 11:32:28.627  1341  1341 D OverviewActionsView: updateForGroupedTask() called with: isGroupedTask = [false], canSaveAppPair = [false]
02-19 11:32:28.627  1341  1341 D OverviewActionsView: updateActionButtonsVisibility() called: showSingleTaskActions = [true], showGroupActions = [false]
02-19 11:32:28.672 20068 20103 I CachedField: (REDACTED) %s: %s
02-19 11:32:28.679  1341  1341 D StateManager: goToState - fromState: Normal, toState: Normal, partial trace:
02-19 11:32:28.679  1341  1341 D StateManager: 	at com.android.launcher3.statemanager.StateManager.moveToRestState(go/retraceme 72a59688580715d19f0e415c69e80376c2f062d1648c80db6730905005a27c20:4)
02-19 11:32:28.679  1341  1341 D StateManager: 	at com.android.launcher3.statemanager.StateManager.moveToRestState(go/retraceme 72a59688580715d19f0e415c69e80376c2f062d1648c80db6730905005a27c20:1)
02-19 11:32:28.679  1341  1341 D StateManager: 	at com.android.quickstep.TaskViewUtils$9.lambda$onAnimationSuccess$0(go/retraceme 72a59688580715d19f0e415c69e80376c2f062d1648c80db6730905005a27c20:1)
02-19 11:32:28.680   752  1095 D BackgroundInstallControlService: Package event received: 0
02-19 11:32:28.685  1341  1341 D KeyboardInsetsHandler: setState, toState:Normal StateManager(mLastStableState:Normal, mCurrentStableState:Normal, mState:Normal, mRestState:null, isInTransition:false)
02-19 11:32:28.805   752  1856 E TaskPersister: File error accessing recents directory (directory doesn't exist?).
02-19 11:32:28.821 22757 22757 D TopLvBatteryPrefControl: getBatteryInfo: com.android.settings.fuelgauge.BatteryInfo@80dd71
02-19 11:32:28.822 22757 22757 D TopLvBatteryPrefControl: getDashboardLabel: null batteryStatusUpdate=true
02-19 11:32:28.830 22757 22757 D BatteryInfo: time for callback: 9ms
02-19 11:32:28.851  4449  4458 W System  : A resource failed to call release. 
02-19 11:32:28.851  4449  4458 W System  : A resource failed to call release. 
02-19 11:32:28.851  4449  4458 W System  : A resource failed to call release. 
02-19 11:32:28.851  4449  4458 W System  : A resource failed to call release. 
02-19 11:32:28.851  4449  4458 W System  : A resource failed to call release. 
02-19 11:32:28.851  4449  4458 W System  : A resource failed to call release. 
02-19 11:32:28.869   752  1790 W ParceledListSlice: Element #66 is 146520 bytes.
02-19 11:32:28.869   752  1790 W ParceledListSlice: Overly large reply size: 190848
02-19 11:32:28.885   752  1790 W ActivityTaskManager: callingPackage for (uid=2000, pid=26009) has no WPC
02-19 11:32:28.886   752  1790 V GrammaticalInflectionUtils: AttributionSource: android.content.AttributionSource@56784557 does not have READ_SYSTEM_GRAMMATICAL_GENDER permission.
02-19 11:32:28.886   752  1790 W OptProp : Cannot read opt property android.window.PROPERTY_COMPAT_ALLOW_USER_ASPECT_RATIO_OVERRIDE
02-19 11:32:28.886   752  1790 W OptProp : Cannot read opt property android.window.PROPERTY_COMPAT_ALLOW_USER_ASPECT_RATIO_FULLSCREEN_OVERRIDE
02-19 11:32:28.886   752  1790 W OptProp : Cannot read opt property android.window.PROPERTY_COMPAT_ALLOW_RESIZEABLE_ACTIVITY_OVERRIDES
02-19 11:32:28.886   752  1790 W OptProp : Cannot read opt property android.window.PROPERTY_COMPAT_ALLOW_MIN_ASPECT_RATIO_OVERRIDE
02-19 11:32:28.894   752  1790 I ActivityTaskManager: START u0 {act=android.intent.action.VIEW dat=intoss://takealook/... flg=0x10000000 xflg=0x4 cmp=viva.republica.toss.test/im.toss.rn.granite.core.GraniteActivity} with LAUNCH_MULTIPLE from uid 2000 (BAL_ALLOW_PERMISSION) result code=2
02-19 11:32:28.896   752   779 W ParceledListSlice: Element #140 is 70492 bytes.
02-19 11:32:28.896   752   779 W ParceledListSlice: Overly large reply size: 115564
02-19 11:32:28.897  4449  4467 V WindowManagerShell: Transition requested (#184): android.os.BinderProxy@5d7cb4e TransitionRequestInfo { type = OPEN, triggerTask = TaskInfo{userId=0 taskId=46 effectiveUid=10217 displayId=0 isRunning=true baseIntent=Intent { act=android.intent.action.VIEW dat=intoss://takealook/... flg=0x10000000 cmp=viva.republica.toss.test/im.toss.rn.granite.core.GraniteActivity } baseActivity=ComponentInfo{viva.republica.toss.test/im.toss.rn.granite.core.GraniteActivity} topActivity=ComponentInfo{viva.republica.toss.test/im.toss.rn.granite.core.GraniteActivity} origActivity=null realActivity=ComponentInfo{viva.republica.toss.test/im.toss.rn.granite.core.GraniteActivity} numActivities=1 lastActiveTime=79819272 supportsMultiWindow=true resizeMode=1 isResizeable=true minWidth=-1 minHeight=-1 defaultMinSize=220 token=WCT{android.window.IWindowContainerToken$Stub$Proxy@927846f} topActivityType=1 pictureInPictureParams=null shouldDockBigOverlays=false launchIntoPipHostTaskId=-1 lastParentTaskIdBeforePip=-1 displayCutoutSafeInsets=Rect(0, 0 - 0, 0) topActivityInfo=ActivityInfo{d07657c im.toss.rn.granite.core.GraniteActivity} launchCookies=[] positionInParent=Point(0, 0) parentTaskId=-1 isFocused=false isVisible=false isVisibleRequested=false isTopActivityNoDisplay=false isSleeping=false locusId=null displayAreaFeatureId=1 isTopActivityTransparent=false isActivityStackTransparent=false lastNonFullscreenBounds=Rect(284, 660 - 796, 1740) capturedLink=null capturedLinkTimestamp=0 requestedVisibleTypes=-9 topActivityRequestOpenInBrowserEducationTimestamp=0 appCompatTaskInfo=AppCompatTaskInfo { topActivityInSizeCompat=false eligibleForLetterboxEducation= false isLetterboxEducationEnabled= true isLetterboxDoubleTapEnabled= false eligibleForUserAspectRatioButton= false topActivityBoundsLetterboxed= false isFromLetterboxDoubleTap= false topActivityLetterboxVerticalPosition= -1 topActivityLetterboxHorizontalPosition= -1 topActivityLetterboxWidth=-1 topActivityLetterboxHeight=-1 topActivityAppBounds=Rect(0, 0 - 1080, 2400) isUserFullscreenOverrideEnabled=false isSystemFullscreenOverrideEnabled=false hasMinAspectRatioOverride=false topActivityLetterboxBounds=null cameraCompatTaskInfo=CameraCompatTaskInfo { freeformCameraCompatMode=inactive}} topActivityMainWindowFrame=null}, pipChange = null, remoteTransition = null, displayChange = null, flags = 0, debugId = 184 }
02-19 11:32:28.898  4449  4467 D ShellSplitScreen: logExit: no-op, mLoggerSessionId is null
02-19 11:32:28.907  4449  4474 V SnapshotDrawerUtils: Drawing snapshot surface sizeMismatch=true
02-19 11:32:28.908   752  1935 W ParceledListSlice: Element #193 is 24752 bytes.
02-19 11:32:28.910  4449  4467 D WindowManagerShell: onActivityRestartAttempt: topActivity=ComponentInfo{viva.republica.toss.test/im.toss.rn.granite.core.GraniteActivity}, wasVisible=false
02-19 11:32:28.910   752  1935 W ParceledListSlice: Element #223 is 31228 bytes.
02-19 11:32:28.911   752  1935 W ParceledListSlice: Element #233 is 16864 bytes.
02-19 11:32:28.915   531   531 I BpBinder: onLastStrongRef automatically unlinking death recipients: 
02-19 11:32:28.922   531   590 I BpBinder: onLastStrongRef automatically unlinking death recipients: 
02-19 11:32:28.937  1563  1578 W putmethod.latin: Reducing the number of considered missed Gc histogram windows from 114 to 100
02-19 11:32:29.032   752  1095 D BackgroundInstallControlService: Package event received: 0
02-19 11:32:29.032   752  1095 D BackgroundInstallControlService: Package event received: 0
02-19 11:32:29.039   752  1095 D BackgroundInstallControlService: Package event received: 0
02-19 11:32:29.040   752  1095 D BackgroundInstallControlService: Package event received: 0
02-19 11:32:29.041 24035 24035 D ViewRootImpl: Skipping stats log for color mode
02-19 11:32:29.045   752  1095 D BackgroundInstallControlService: Package event received: 0
02-19 11:32:29.058   615  2506 W IPCThreadState: Sending oneway calls to frozen process.
02-19 11:32:29.060   752  1095 D BackgroundInstallControlService: Package event received: 0
02-19 11:32:29.060   752  1095 D BackgroundInstallControlService: Package event received: 0
02-19 11:32:29.101  4449  4461 V WindowManagerShell: onTransitionReady(transaction=3229815411563)
02-19 11:32:29.101  4449  4467 V WindowManagerShell: onTransitionReady (#184) android.os.BinderProxy@5d7cb4e: {id=184 t=OPEN f=0x0 trk=0 r=[0@Point(0, 0)] c=[
02-19 11:32:29.101  4449  4467 V WindowManagerShell:         {m=TO_FRONT f=MOVE_TO_TOP leash=Surface(name=Task=46)/@0x951f88b sb=Rect(0, 0 - 1080, 2400) eb=Rect(0, 0 - 1080, 2400) epz=Point(1080, 2400) d=0 taskParent=-1},
02-19 11:32:29.101  4449  4467 V WindowManagerShell:         {m=TO_BACK f=NONE leash=Surface(name=Task=32)/@0x8235d68 sb=Rect(0, 0 - 1080, 2400) eb=Rect(0, 0 - 1080, 2400) epz=Point(1080, 2400) d=0 taskParent=-1}
02-19 11:32:29.101  4449  4467 V WindowManagerShell:     ]}
02-19 11:32:29.103  4449  4467 V WindowManagerShell: Playing animation for (#184) android.os.BinderProxy@5d7cb4e@0
02-19 11:32:29.103  4449  4467 V ShellRecents: RecentsTransitionHandler.startAnimation: no controller found
02-19 11:32:29.103  4449  4467 V WindowManagerShell: Transition doesn't have explicit remote, search filters for match for {id=184 t=OPEN f=0x0 trk=0 r=[0@Point(0, 0)] c=[{m=TO_FRONT f=MOVE_TO_TOP leash=Surface(name=Task=46)/@0x951f88b sb=Rect(0, 0 - 1080, 2400) eb=Rect(0, 0 - 1080, 2400) epz=Point(1080, 2400) d=0 taskParent=-1},{m=TO_BACK f=NONE leash=Surface(name=Task=32)/@0x8235d68 sb=Rect(0, 0 - 1080, 2400) eb=Rect(0, 0 - 1080, 2400) epz=Point(1080, 2400) d=0 taskParent=-1}]}
02-19 11:32:29.103  4449  4467 V WindowManagerShell:  Checking filter Pair{{types=[] flags=0x0] notFlags=0x0 checks=[{atype=undefined independent=true modes=[CLOSE,TO_BACK] flags=IN_TASK_WITH_EMBEDDED_ACTIVITY mustBeTask=false order=ANY topActivity=null launchCookie=null taskFragmentToken=android.os.BinderProxy@188d51a windowingMode=undefined}]} RemoteTransition { remoteTransition = android.window.IRemoteTransition$Stub$Proxy@44cd84b, appThread = android.app.IApplicationThread$Stub$Proxy@3a12228, debugName = overlayBackTransition }}
02-19 11:32:29.103  4449  4467 V WindowManagerShell:  Checking filter Pair{{types=[] flags=0x0] notFlags=0x0 checks=[{atype=dream independent=true modes=[OPEN,TO_FRONT] flags=NONE mustBeTask=false order=ANY topActivity=null launchCookie=null windowingMode=undefined},{atype=home independent=true modes=[CLOSE,TO_BACK] flags=NONE mustBeTask=false order=ANY topActivity=null launchCookie=null windowingMode=undefined}]} RemoteTransition { remoteTransition = android.window.IRemoteTransition$Stub$Proxy@6f3eb41, appThread = android.app.IApplicationThread$Stub$Proxy@ccf28e6, debugName = LauncherToDream }}
02-19 11:32:29.103  4449  4467 V WindowManagerShell:  Checking filter Pair{{types=[] flags=0x0] notFlags=0x100 checks=[{atype=home independent=true modes=[OPEN,TO_FRONT] flags=NONE mustBeTask=false order=TOP topActivity=ComponentInfo{com.google.android.apps.nexuslauncher/com.google.android.apps.nexuslauncher.NexusLauncherActivity} launchCookie=null windowingMode=undefined},{atype=standard independent=true modes=[CLOSE,TO_BACK] flags=NONE mustBeTask=false order=ANY topActivity=null launchCookie=null windowingMode=undefined},{NOT atype=undefined independent=true modes=[] flags=NONE mustBeTask=true order=ANY topActivity=null launchCookie=null customAnim=true windowingMode=undefined}]} RemoteTransition { remoteTransition = android.window.IRemoteTransition$Stub$Proxy@a8eae27, appThread = android.app.IApplicationThread$Stub$Proxy@fa38d4, debugName = QuickstepLaunchHome }}
02-19 11:32:29.103  4449  4467 V WindowManagerShell:  Delegate animation for (#184) to null
02-19 11:32:29.103  4449  4467 V WindowManagerShell: start default transition animation, info = {id=184 t=OPEN f=0x0 trk=0 r=[0@Point(0, 0)] c=[{m=TO_FRONT f=MOVE_TO_TOP leash=Surface(name=Task=46)/@0x951f88b sb=Rect(0, 0 - 1080, 2400) eb=Rect(0, 0 - 1080, 2400) epz=Point(1080, 2400) d=0 taskParent=-1},{m=TO_BACK f=NONE leash=Surface(name=Task=32)/@0x8235d68 sb=Rect(0, 0 - 1080, 2400) eb=Rect(0, 0 - 1080, 2400) epz=Point(1080, 2400) d=0 taskParent=-1}]}
02-19 11:32:29.112   752   794 V WindowManager: Sent Transition (#184) createdAt=02-19 11:32:28.886 via request=TransitionRequestInfo { type = OPEN, triggerTask = TaskInfo{userId=0 taskId=46 effectiveUid=10217 displayId=0 isRunning=true baseIntent=Intent { act=android.intent.action.VIEW dat=intoss://takealook/... flg=0x10000000 cmp=viva.republica.toss.test/im.toss.rn.granite.core.GraniteActivity } baseActivity=ComponentInfo{viva.republica.toss.test/im.toss.rn.granite.core.GraniteActivity} topActivity=ComponentInfo{viva.republica.toss.test/im.toss.rn.granite.core.GraniteActivity} origActivity=null realActivity=ComponentInfo{viva.republica.toss.test/im.toss.rn.granite.core.GraniteActivity} numActivities=1 lastActiveTime=79819272 supportsMultiWindow=true resizeMode=1 isResizeable=true minWidth=-1 minHeight=-1 defaultMinSize=220 token=WCT{RemoteToken{a585dcd Task{7745c88 #46 type=standard A=10217:viva.republica.toss.test}}} topActivityType=1 pictureInPictureParams=null shouldDockBigOverlays=false launchIntoPipHostTaskId=-1 lastParentTaskIdBeforePip=-1 displayCutoutSafeInsets=Rect(0, 0 - 0, 0) topActivityInfo=ActivityInfo{dc29682 im.toss.rn.granite.core.GraniteActivity} launchCookies=[] positionInParent=Point(0, 0) parentTaskId=-1 isFocused=false isVisible=false isVisibleRequested=false isTopActivityNoDisplay=false isSleeping=false locusId=null displayAreaFeatureId=1 isTopActivityTransparent=false isActivityStackTransparent=false lastNonFullscreenBounds=Rect(284, 660 - 796, 1740) capturedLink=null capturedLinkTimestamp=0 requestedVisibleTypes=-9 topActivityRequestOpenInBrowserEducationTimestamp=0 appCompatTaskInfo=AppCompatTaskInfo { topActivityInSizeCompat=false eligibleForLetterboxEducation= false isLetterboxEducationEnabled= true isLetterboxDoubleTapEnabled= false eligibleForUserAspectRatioButton= false topActivityBoundsLetterboxed= false isFromLetterboxDoubleTap= false topActivityLetterboxVerticalPosition= -1 topActivityLetterboxHorizontalPosition= -1 topActivityLetterboxWidth=-1 topActivityLetterboxHeight=-1 topActivityAppBounds=Rect(0, 0 - 1080, 2400) isUserFullscreenOverrideEnabled=false isSystemFullscreenOverrideEnabled=false hasMinAspectRatioOverride=false topActivityLetterboxBounds=null cameraCompatTaskInfo=CameraCompatTaskInfo { freeformCameraCompatMode=inactive}} topActivityMainWindowFrame=null}, pipChange = null, remoteTransition = null, displayChange = null, flags = 0, debugId = 184 }
02-19 11:32:29.112   752   794 V WindowManager:     startWCT=WindowContainerTransaction { changes= {} hops= [] errorCallbackToken=null taskFragmentOrganizer=null }
02-19 11:32:29.112   752   794 V WindowManager:     info={id=184 t=OPEN f=0x0 trk=0 r=[0@Point(0, 0)] c=[
02-19 11:32:29.112   752   794 V WindowManager:         {WCT{RemoteToken{a585dcd Task{7745c88 #46 type=standard A=10217:viva.republica.toss.test}}} m=TO_FRONT f=MOVE_TO_TOP leash=Surface(name=Task=46)/@0xe2d6cf7 sb=Rect(0, 0 - 1080, 2400) eb=Rect(0, 0 - 1080, 2400) epz=Point(1080, 2400) d=0 taskParent=-1},
02-19 11:32:29.112   752   794 V WindowManager:         {WCT{RemoteToken{e1d59e7 Task{66d6fb8 #32 type=standard A=1000:com.android.settings.root}}} m=TO_BACK f=NONE leash=Surface(name=Task=32)/@0xf5aeeec sb=Rect(0, 0 - 1080, 2400) eb=Rect(0, 0 - 1080, 2400) epz=Point(1080, 2400) d=0 taskParent=-1}
02-19 11:32:29.112   752   794 V WindowManager:     ]}
02-19 11:32:29.110  4449  4467 V WindowManagerShell: loadAnimation: anim=android.view.animation.AnimationSet@c84e814 animAttr=0x9 type=OPEN isEntrance=false
02-19 11:32:29.118  4449  4467 I ndroid.systemui: AssetManager2(0x7d8fac47ddb8) locale list changing from [] to [en-US]
02-19 11:32:29.141 24035 26012 W unknown:ReconnectingWebSocket: Couldn't connect to "ws://10.0.2.2:8081/message?device=sdk_gphone64_x86_64%20-%2016%20-%20API%2036&app=viva.republica.toss.test&clientid=BridgeDevSupportManager", will silently retry
02-19 11:32:29.205  4449  4467 I ndroid.systemui: AssetManager2(0x7d8fac47e0d8) locale list changing from [] to [en-US]
02-19 11:32:29.236 24035 24179 D ReactNativeJS: '[Analytics]', '{\n  "log_type": "screen",\n  "log_name": "/::screen",\n  "params": {\n    "referrer": null,\n    "deployment_id": "local",\n    "deployment_timestamp": null\n  }\n}'
02-19 11:32:29.274  1341  1356 W System  : A resource failed to call release. 
02-19 11:32:29.274  1341  1356 W System  : A resource failed to call release. 
02-19 11:32:29.274  1341  1356 W System  : A resource failed to call release. 
02-19 11:32:29.274  1341  1356 W System  : A resource failed to call release. 
02-19 11:32:29.274  1341  1356 W System  : A resource failed to call release. 
02-19 11:32:29.274  1341  1356 W System  : A resource failed to call release. 
02-19 11:32:29.274  1341  1356 W System  : A resource failed to call release. 
02-19 11:32:29.274  1341  1356 W System  : A resource failed to call release. 
02-19 11:32:29.274  1341  1356 W System  : A resource failed to call release. 
02-19 11:32:29.339  4449  4467 V WindowManagerShell: loadAnimation: anim=android.view.animation.AnimationSet@7161a7b animAttr=0x8 type=OPEN isEntrance=true
02-19 11:32:29.340  4449  4467 V WindowManagerShell:  animated by com.android.wm.shell.transition.DefaultTransitionHandler@f74d823
02-19 11:32:29.671   752   989 I ImeTracker: viva.republica.toss.test:1e29b379: onRequestHide at ORIGIN_SERVER reason HIDE_UNSPECIFIED_WINDOW fromUser false
02-19 11:32:29.672 24035 24035 D InsetsController: hide(ime(), fromIme=false)
02-19 11:32:29.673 24035 24035 I ImeTracker: viva.republica.toss.test:1e29b379: onCancelled at PHASE_CLIENT_ALREADY_HIDDEN
02-19 11:32:29.676  1563  1563 I GoogleInputMethodService: GoogleInputMethodService.onFinishInput():2043 
02-19 11:32:29.683  1563  1563 I Module  : DeviceLockedStatusModuleProvider$Module.updateDeviceLockedStatus():100 repeatCheckTimes = 0, locked = false
02-19 11:32:29.685  1563  1563 I GoogleInputMethodService: GoogleInputMethodService.onStartInput():1293 onStartInput(EditorInfo{EditorInfo{packageName=viva.republica.toss.test, inputType=0, inputTypeString=NULL, enableLearning=false, autoCorrection=false, autoComplete=false, imeOptions=0, privateImeOptions=null, actionName=UNSPECIFIED, actionLabel=null, initialSelStart=-1, initialSelEnd=-1, initialCapsMode=0, label=null, fieldId=0, fieldName=null, extras=null, hintText=null, hintLocales=[]}}, false)
02-19 11:32:29.686  1563  1563 I Module  : DeviceLockedStatusModuleProvider$Module.updateDeviceLockedStatus():100 repeatCheckTimes = 1, locked = false
02-19 11:32:29.688  1563  1563 I EmojiCompatManager: EmojiCompatManager.getEmojiCompatIfLoaded():343 EmojiCompat.init() was never called.
02-19 11:32:29.688  1563  1563 I EmojiCompatManager: java.lang.IllegalStateException: EmojiCompat is not initialized. Please call EmojiCompat.init() first
02-19 11:32:29.688  1563  1563 I EmojiCompatManager: 	at asx.p(PG:6)
02-19 11:32:29.688  1563  1563 I EmojiCompatManager: 	at axb.b(PG:13)
02-19 11:32:29.688  1563  1563 I EmojiCompatManager: 	at jnr.b(PG:2)
02-19 11:32:29.688  1563  1563 I EmojiCompatManager: 	at jnr.c(PG:4)
02-19 11:32:29.688  1563  1563 I EmojiCompatManager: 	at jnr.f(PG:3)
02-19 11:32:29.688  1563  1563 I EmojiCompatManager: 	at jnx.c(PG:3)
02-19 11:32:29.688  1563  1563 I EmojiCompatManager: 	at kif.cz(PG:47)
02-19 11:32:29.688  1563  1563 I EmojiCompatManager: 	at lhl.run(PG:1025)
02-19 11:32:29.688  1563  1563 I EmojiCompatManager: 	at jaf.execute(PG:12)
02-19 11:32:29.688  1563  1563 I EmojiCompatManager: 	at nco.v(PG:13)
02-19 11:32:29.688  1563  1563 I EmojiCompatManager: 	at lhn.m(PG:96)
02-19 11:32:29.688  1563  1563 I EmojiCompatManager: 	at lhn.k(PG:25)
02-19 11:32:29.688  1563  1563 I EmojiCompatManager: 	at kgn.onStartInput(PG:250)
02-19 11:32:29.688  1563  1563 I EmojiCompatManager: 	at android.inputmethodservice.InputMethodService.doStartInput(InputMethodService.java:3521)
02-19 11:32:29.688  1563  1563 I EmojiCompatManager: 	at android.inputmethodservice.InputMethodService$InputMethodImpl.startInput(InputMethodService.java:879)
02-19 11:32:29.688  1563  1563 I EmojiCompatManager: 	at android.inputmethodservice.InputMethodService$InputMethodImpl.dispatchStartInput(InputMethodService.java:908)
02-19 11:32:29.688  1563  1563 I EmojiCompatManager: 	at android.inputmethodservice.IInputMethodWrapper.executeMessage(IInputMethodWrapper.java:201)
02-19 11:32:29.688  1563  1563 I EmojiCompatManager: 	at com.android.internal.os.HandlerCaller$MyHandler.handleMessage(HandlerCaller.java:44)
02-19 11:32:29.688  1563  1563 I EmojiCompatManager: 	at android.os.Handler.dispatchMessage(Handler.java:110)
02-19 11:32:29.688  1563  1563 I EmojiCompatManager: 	at android.os.Looper.loopOnce(Looper.java:248)
02-19 11:32:29.688  1563  1563 I EmojiCompatManager: 	at android.os.Looper.loop(Looper.java:338)
02-19 11:32:29.688  1563  1563 I EmojiCompatManager: 	at android.app.ActivityThread.main(ActivityThread.java:9067)
02-19 11:32:29.688  1563  1563 I EmojiCompatManager: 	at java.lang.reflect.Method.invoke(Native Method)
02-19 11:32:29.688  1563  1563 I EmojiCompatManager: 	at com.android.internal.os.RuntimeInit$MethodAndArgsCaller.run(RuntimeInit.java:593)
02-19 11:32:29.688  1563  1563 I EmojiCompatManager: 	at com.android.internal.os.ZygoteInit.main(ZygoteInit.java:932)
02-19 11:32:29.689   752  1233 W PackageConfigPersister: App-specific configuration not found for packageName: viva.republica.toss.test and userId: 0
02-19 11:32:29.691   752   935 I ImeTracker: system_server:b6b69cc6: onRequestHide at ORIGIN_SERVER reason IME_REQUESTED_CHANGED_LISTENER fromUser false
02-19 11:32:29.692   752   797 I ImeTracker: system_server:b6b69cc6: onCancelled at PHASE_SERVER_SHOULD_HIDE
02-19 11:32:29.782   752   797 W IPCThreadState: Sending oneway calls to frozen process.
02-19 11:32:29.783   752   797 W IPCThreadState: Sending oneway calls to frozen process.
02-19 11:32:29.785   752   797 W IPCThreadState: Sending oneway calls to frozen process.
02-19 11:32:29.788   752   797 W IPCThreadState: Sending oneway calls to frozen process.
02-19 11:32:29.789   752   797 W IPCThreadState: Sending oneway calls to frozen process.
02-19 11:32:29.789   752   797 W IPCThreadState: Sending oneway calls to frozen process.
02-19 11:32:29.789   752   797 W IPCThreadState: Sending oneway calls to frozen process.
02-19 11:32:29.789   752   797 W IPCThreadState: Sending oneway calls to frozen process.
02-19 11:32:29.790   752   797 W IPCThreadState: Sending oneway calls to frozen process.
02-19 11:32:29.790   752   797 W IPCThreadState: Sending oneway calls to frozen process.
02-19 11:32:29.790   752   797 W IPCThreadState: Sending oneway calls to frozen process.
02-19 11:32:29.790   752   797 W IPCThreadState: Sending oneway calls to frozen process.
02-19 11:32:29.791   752   797 W IPCThreadState: Sending oneway calls to frozen process.
02-19 11:32:29.792   752   797 W ProcessStats: Tracking association SourceState{228dbce com.android.settings/1000 BTop #11874} whose proc state 2 is better than process ProcessState{cf3716c com.google.android.settings.intelligence/10144 pkg=com.google.android.settings.intelligence} proc state 14 (46 skipped)
02-19 11:32:29.850  4449  4467 V WindowManagerShell: Transition animation finished (aborted=false), notifying core (#184) android.os.BinderProxy@5d7cb4e@0
02-19 11:32:29.858   752   794 V WindowManager: Finish Transition (#184): created at 02-19 11:32:28.886 collect-started=0.026ms request-sent=2.677ms started=11.987ms ready=152.278ms sent=212.979ms commit=273.922ms finished=967.117ms
02-19 11:32:29.872  4449  4467 V WindowManagerShell: Track 0 became idle
02-19 11:32:29.873  4449  4467 V WindowManagerShell: All active transition animations finished
02-19 11:32:29.877 22757 22757 D VRI[SettingsHomepageActivity]: visibilityChanged oldVisibility=true newVisibility=false
02-19 11:32:29.930 22757 22757 D DashboardFragment: unregister observer: @8ffc442, uri: content://com.google.android.gms.settings.persistent/getGoogleSettingsTitle
02-19 11:32:29.931 22757 22757 D DashboardFragment: unregister observer: @fbedc53, uri: content://com.google.android.gms.settings.persistent/getGoogleSettingsSummary
02-19 11:32:29.932 22757 22757 D DashboardFragment: unregister observer: @e115f24, uri: content://com.google.android.apps.wellbeing.api/digitalWellbeingSummary
02-19 11:32:32.037   531   569 W EventThread: Faking VSYNC due to driver stall for thread appSf
02-19 11:32:32.038   531   568 W EventThread: Faking VSYNC due to driver stall for thread app
02-19 11:32:32.047 22757 22757 I Choreographer: Skipped 128 frames!  The application may be doing too much work on its main thread.
02-19 11:32:32.049 24035 24035 I Choreographer: Skipped 128 frames!  The application may be doing too much work on its main thread.
02-19 11:32:32.079   752  1095 D BackgroundInstallControlService: Package event received: 0
02-19 11:32:32.096   752  1856 E TaskPersister: File error accessing recents directory (directory doesn't exist?).
02-19 11:32:32.139 26014 26014 W dumpsys : Thread Pool max thread count is 0. Cannot cache binder as linkToDeath cannot be implemented. serviceName: window
02-19 11:32:32.675   752  1790 D WifiNl80211Manager: Scan result ready event
02-19 11:32:32.675   752  1790 D WifiNative: Scan result ready event
02-19 11:32:32.678 20068 20155 I WifiScanner: onFullResults
02-19 11:32:32.687   752  1023 I HalDevMgr: bestIfaceCreationProposal is null, requestIface=STA, existingIface=[name=wlan0 type=STA]
02-19 11:32:32.898 26019 26019 W screencap: Thread Pool max thread count is 0. Cannot cache binder as linkToDeath cannot be implemented. serviceName: SurfaceFlingerAIDL
02-19 11:32:32.899 26019 26019 W BpBinder: Linking to death on android.gui.ISurfaceComposer but there are no threads (yet?) listening to incoming transactions. See ProcessState::startThreadPool and ProcessState::setThreadPoolMaxThreadCount. Generally you should setup the binder threadpool before other initialization steps.
02-19 11:32:32.900 26019 26019 W ProcessState: Extra binder thread started, but 0 threads requested. Do not use *startThreadPool when zero threads are requested.
02-19 11:32:32.905   531   603 E HwcComposer: getLuts failed Status(-8, EX_SERVICE_SPECIFIC): '8: '
02-19 11:32:32.906   531   603 E HWComposer: getLuts: getLuts failed for display 4619827259835644672: UNSUPPORTED (8)
